Consecration
	Intellect
		Heal: 0,17934341067033308
		Damage: 5,358846709338878
-------------------
Truth Prevails
	Intellect
		Heal: 8,909382655505537
	Mastery
		Heal: 19,580908967350407
-------------------
Greater Judgment
	Intellect
		Heal: 5,235539835388977
-------------------
Judgment
	Intellect
		Heal: 0,2868715435732152
		Damage: 8,68947400621763
	Crit
		Heal: 80,60071904375226
		Damage: 4,940275838918457
-------------------
Judgment of Light
	Intellect
		Heal: 2,691281163039922
	Mastery
		Heal: 4,398445021724115
-------------------
Seal of the Crusader
	Intellect
		Heal: 1,6624308061718733
-------------------
Holy Shock
	Intellect
		Heal: 16,141260392982236
		Damage: 6,113023404301153
	Mastery
		Heal: 31,6711511031298
-------------------
Crusader Strike
	Intellect
		Heal: 0,24219333732490164
		Damage: 7,0178752905703385
	Crit
		Heal: 74,81676818889633
		Damage: 5,759742759931281
-------------------
Hammer and Anvil
	Intellect
		Heal: 79,2501562677645
-------------------
Golden Path
	Intellect
		Heal: 2,3388734235024344
	Mastery
		Heal: 4,5014454097986
-------------------
Sacred Weapon
	Intellect
		Heal: 27,077218728735364
		Damage: 2,5492212818587086
	Mastery
		Heal: 59,408889726953696
-------------------
Pillar of Lights
	Intellect
		Heal: 19,602538409514246
	Mastery
		Heal: 43,722967713193675
-------------------
Avenging Crusader
	Intellect
		Heal: 40,71049921273265
	Mastery
		Heal: 79,34831179806858
-------------------
Word of Glory
	Intellect
		Heal: 37,577655052634164
	Mastery
		Heal: 78,28335170500905
-------------------
Sacred Word
	Intellect
		Heal: 1,6734357069244579
	Mastery
		Heal: 3,569423936194888
-------------------
Light of Dawn
	Intellect
		Heal: 35,05514319003521
	Mastery
		Heal: 71,72296076117843
-------------------
Saved by the Light
	Intellect
		Heal: 9,100031573539995
-------------------
Radiant Aura
	Intellect
		Heal: 1,4021845627131737
	Mastery
		Heal: 3,2319790313008236
-------------------
Shield of the Righteous
	Intellect
		Heal: 0,028625513667618445
		Damage: 0,8277204655614709
-------------------
Shining Righteousness
	Intellect
		Heal: 0,024370559121104328
		Damage: 0,670885918376587
-------------------
Forge's Reckoning
	Intellect
		Damage: 1,5236476716896397
-------------------
Holy Ritual
	Intellect
		Heal: 1,1426333066830643
	Mastery
		Heal: 2,6115480893769067
-------------------
Holy Prism
	Intellect
		Heal: 22,191854829439603
		Damage: 3,2618008612891485
	Mastery
		Heal: 31,26163923005105
-------------------
Lesser Weapon
	Intellect
		Heal: 4,740919340727478
		Damage: 4,590041321921747
	Mastery
		Heal: 9,859940073643223
-------------------
Light's Judgment
	Intellect
		Heal: 0,03044183775199862
		Damage: 0,7551689656768618
-------------------
Lay on Hands
	Stamina
		Heal: 0,401365963131766
-------------------
