----------------------
00:15,011

Intellect
	 Rating: 140463
	 Multiplicative Factor: 14,73%
Stamina
	 Rating: 824728
	 Multiplicative Factor: 11,3%
Crit
	 Rating: 28363
	 Multiplicative Factor: 0%
	 DR Bracket: 2
	 Base: 9%
	 Effective Percent: 48,41%
	 Crit Inc Heal: 2
	 Crit Inc Damage: 2
Haste
	 Rating: 11475
	 Multiplicative Factor: 0%
	 DR Bracket: 0
	 Base: 1%
	 Effective Percent: 18,56%
Vers
	 Rating: 18578
	 Multiplicative Factor: 0%
	 DR Bracket: 0
	 Base: 3%
	 Effective Percent: 26,82%
Leech
	 Rating: 5953
	 Multiplicative Factor: 0%
	 DR Bracket: 0
	 Base: 0%
	 Effective Percent: 5,84%
Avoidance
	 Rating: 0
	 Multiplicative Factor: 0%
	 DR Bracket: 0
	 Base: 0%
	 Effective Percent: 0%
Mastery
	 Rating: 2642
	 Multiplicative Factor: 0%
	 DR Bracket: 0
	 Base: 21%
	 Effective Percent: 26,66%
----------------------
00:17,579

Intellect
	 Rating: 140463
	 Multiplicative Factor: 14,73%
Stamina
	 Rating: 824728
	 Multiplicative Factor: 11,3%
Crit
	 Rating: 28363
	 Multiplicative Factor: 0%
	 DR Bracket: 2
	 Base: 9%
	 Effective Percent: 48,41%
	 Crit Inc Heal: 2
	 Crit Inc Damage: 2
Haste
	 Rating: 11475
	 Multiplicative Factor: 0%
	 DR Bracket: 0
	 Base: 2%
	 Effective Percent: 19,73%
Vers
	 Rating: 18578
	 Multiplicative Factor: 0%
	 DR Bracket: 0
	 Base: 3%
	 Effective Percent: 26,82%
Leech
	 Rating: 5953
	 Multiplicative Factor: 0%
	 DR Bracket: 0
	 Base: 0%
	 Effective Percent: 5,84%
Avoidance
	 Rating: 0
	 Multiplicative Factor: 0%
	 DR Bracket: 0
	 Base: 0%
	 Effective Percent: 0%
Mastery
	 Rating: 2642
	 Multiplicative Factor: 0%
	 DR Bracket: 0
	 Base: 21%
	 Effective Percent: 26,66%
----------------------
00:26,314

Intellect
	 Rating: 140463
	 Multiplicative Factor: 14,73%
Stamina
	 Rating: 824728
	 Multiplicative Factor: 11,3%
Crit
	 Rating: 28363
	 Multiplicative Factor: 0%
	 DR Bracket: 2
	 Base: 9%
	 Effective Percent: 48,41%
	 Crit Inc Heal: 2
	 Crit Inc Damage: 2
Haste
	 Rating: 11475
	 Multiplicative Factor: 0%
	 DR Bracket: 0
	 Base: 3%
	 Effective Percent: 20,91%
Vers
	 Rating: 18578
	 Multiplicative Factor: 0%
	 DR Bracket: 0
	 Base: 3%
	 Effective Percent: 26,82%
Leech
	 Rating: 5953
	 Multiplicative Factor: 0%
	 DR Bracket: 0
	 Base: 0%
	 Effective Percent: 5,84%
Avoidance
	 Rating: 0
	 Multiplicative Factor: 0%
	 DR Bracket: 0
	 Base: 0%
	 Effective Percent: 0%
Mastery
	 Rating: 2642
	 Multiplicative Factor: 0%
	 DR Bracket: 0
	 Base: 21%
	 Effective Percent: 26,66%
----------------------
00:28,807

Intellect
	 Rating: 140463
	 Multiplicative Factor: 14,73%
Stamina
	 Rating: 824728
	 Multiplicative Factor: 11,3%
Crit
	 Rating: 28363
	 Multiplicative Factor: 0%
	 DR Bracket: 2
	 Base: 9%
	 Effective Percent: 48,41%
	 Crit Inc Heal: 2
	 Crit Inc Damage: 2
Haste
	 Rating: 11475
	 Multiplicative Factor: 0%
	 DR Bracket: 0
	 Base: 4%
	 Effective Percent: 22,08%
Vers
	 Rating: 18578
	 Multiplicative Factor: 0%
	 DR Bracket: 0
	 Base: 3%
	 Effective Percent: 26,82%
Leech
	 Rating: 5953
	 Multiplicative Factor: 0%
	 DR Bracket: 0
	 Base: 0%
	 Effective Percent: 5,84%
Avoidance
	 Rating: 0
	 Multiplicative Factor: 0%
	 DR Bracket: 0
	 Base: 0%
	 Effective Percent: 0%
Mastery
	 Rating: 2642
	 Multiplicative Factor: 0%
	 DR Bracket: 0
	 Base: 21%
	 Effective Percent: 26,66%
----------------------
00:30,022

Intellect
	 Rating: 140463
	 Multiplicative Factor: 14,73%
Stamina
	 Rating: 824728
	 Multiplicative Factor: 11,3%
Crit
	 Rating: 28363
	 Multiplicative Factor: 0%
	 DR Bracket: 2
	 Base: 9%
	 Effective Percent: 48,41%
	 Crit Inc Heal: 2
	 Crit Inc Damage: 2
Haste
	 Rating: 11475
	 Multiplicative Factor: 0%
	 DR Bracket: 0
	 Base: 5%
	 Effective Percent: 23,26%
Vers
	 Rating: 18578
	 Multiplicative Factor: 0%
	 DR Bracket: 0
	 Base: 3%
	 Effective Percent: 26,82%
Leech
	 Rating: 5953
	 Multiplicative Factor: 0%
	 DR Bracket: 0
	 Base: 0%
	 Effective Percent: 5,84%
Avoidance
	 Rating: 0
	 Multiplicative Factor: 0%
	 DR Bracket: 0
	 Base: 0%
	 Effective Percent: 0%
Mastery
	 Rating: 2642
	 Multiplicative Factor: 0%
	 DR Bracket: 0
	 Base: 21%
	 Effective Percent: 26,66%
----------------------
00:51,241

Intellect
	 Rating: 140463
	 Multiplicative Factor: 14,73%
Stamina
	 Rating: 824728
	 Multiplicative Factor: 11,3%
Crit
	 Rating: 28363
	 Multiplicative Factor: 0%
	 DR Bracket: 2
	 Base: 9%
	 Effective Percent: 48,41%
	 Crit Inc Heal: 2
	 Crit Inc Damage: 2
Haste
	 Rating: 11475
	 Multiplicative Factor: 0%
	 DR Bracket: 0
	 Base: 5%
	 Effective Percent: 23,26%
Vers
	 Rating: 18578
	 Multiplicative Factor: 0%
	 DR Bracket: 0
	 Base: 3%
	 Effective Percent: 26,82%
Leech
	 Rating: 5953
	 Multiplicative Factor: 0%
	 DR Bracket: 0
	 Base: 0%
	 Effective Percent: 5,84%
Avoidance
	 Rating: 0
	 Multiplicative Factor: 0%
	 DR Bracket: 0
	 Base: 0%
	 Effective Percent: 0%
Mastery
	 Rating: 2642
	 Multiplicative Factor: 0%
	 DR Bracket: 0
	 Base: 21%
	 Effective Percent: 26,66%
----------------------
01:11,716

Intellect
	 Rating: 140463
	 Multiplicative Factor: 14,73%
Stamina
	 Rating: 824728
	 Multiplicative Factor: 11,3%
Crit
	 Rating: 28363
	 Multiplicative Factor: 0%
	 DR Bracket: 2
	 Base: 9%
	 Effective Percent: 48,41%
	 Crit Inc Heal: 2
	 Crit Inc Damage: 2
Haste
	 Rating: 11475
	 Multiplicative Factor: 0%
	 DR Bracket: 0
	 Base: 0%
	 Effective Percent: 17,39%
Vers
	 Rating: 18578
	 Multiplicative Factor: 0%
	 DR Bracket: 0
	 Base: 3%
	 Effective Percent: 26,82%
Leech
	 Rating: 5953
	 Multiplicative Factor: 0%
	 DR Bracket: 0
	 Base: 0%
	 Effective Percent: 5,84%
Avoidance
	 Rating: 0
	 Multiplicative Factor: 0%
	 DR Bracket: 0
	 Base: 0%
	 Effective Percent: 0%
Mastery
	 Rating: 2642
	 Multiplicative Factor: 0%
	 DR Bracket: 0
	 Base: 21%
	 Effective Percent: 26,66%
----------------------
01:11,901

Intellect
	 Rating: 140463
	 Multiplicative Factor: 14,73%
Stamina
	 Rating: 824728
	 Multiplicative Factor: 11,3%
Crit
	 Rating: 28363
	 Multiplicative Factor: 0%
	 DR Bracket: 2
	 Base: 9%
	 Effective Percent: 48,41%
	 Crit Inc Heal: 2
	 Crit Inc Damage: 2
Haste
	 Rating: 11475
	 Multiplicative Factor: 0%
	 DR Bracket: 0
	 Base: 1%
	 Effective Percent: 18,56%
Vers
	 Rating: 18578
	 Multiplicative Factor: 0%
	 DR Bracket: 0
	 Base: 3%
	 Effective Percent: 26,82%
Leech
	 Rating: 5953
	 Multiplicative Factor: 0%
	 DR Bracket: 0
	 Base: 0%
	 Effective Percent: 5,84%
Avoidance
	 Rating: 0
	 Multiplicative Factor: 0%
	 DR Bracket: 0
	 Base: 0%
	 Effective Percent: 0%
Mastery
	 Rating: 2642
	 Multiplicative Factor: 0%
	 DR Bracket: 0
	 Base: 21%
	 Effective Percent: 26,66%
----------------------
01:14,598

Intellect
	 Rating: 140463
	 Multiplicative Factor: 14,73%
Stamina
	 Rating: 824728
	 Multiplicative Factor: 11,3%
Crit
	 Rating: 34214
	 Multiplicative Factor: 0%
	 DR Bracket: 2
	 Base: 9%
	 Effective Percent: 55,1%
	 Crit Inc Heal: 2
	 Crit Inc Damage: 2
Haste
	 Rating: 11475
	 Multiplicative Factor: 0%
	 DR Bracket: 0
	 Base: 1%
	 Effective Percent: 18,56%
Vers
	 Rating: 18578
	 Multiplicative Factor: 0%
	 DR Bracket: 0
	 Base: 3%
	 Effective Percent: 26,82%
Leech
	 Rating: 5953
	 Multiplicative Factor: 0%
	 DR Bracket: 0
	 Base: 0%
	 Effective Percent: 5,84%
Avoidance
	 Rating: 0
	 Multiplicative Factor: 0%
	 DR Bracket: 0
	 Base: 0%
	 Effective Percent: 0%
Mastery
	 Rating: 2642
	 Multiplicative Factor: 0%
	 DR Bracket: 0
	 Base: 21%
	 Effective Percent: 26,66%
----------------------
01:20,814

Intellect
	 Rating: 140463
	 Multiplicative Factor: 14,73%
Stamina
	 Rating: 824728
	 Multiplicative Factor: 11,3%
Crit
	 Rating: 34214
	 Multiplicative Factor: 0%
	 DR Bracket: 2
	 Base: 9%
	 Effective Percent: 55,1%
	 Crit Inc Heal: 2
	 Crit Inc Damage: 2
Haste
	 Rating: 11475
	 Multiplicative Factor: 0%
	 DR Bracket: 0
	 Base: 2%
	 Effective Percent: 19,73%
Vers
	 Rating: 18578
	 Multiplicative Factor: 0%
	 DR Bracket: 0
	 Base: 3%
	 Effective Percent: 26,82%
Leech
	 Rating: 5953
	 Multiplicative Factor: 0%
	 DR Bracket: 0
	 Base: 0%
	 Effective Percent: 5,84%
Avoidance
	 Rating: 0
	 Multiplicative Factor: 0%
	 DR Bracket: 0
	 Base: 0%
	 Effective Percent: 0%
Mastery
	 Rating: 2642
	 Multiplicative Factor: 0%
	 DR Bracket: 0
	 Base: 21%
	 Effective Percent: 26,66%
----------------------
01:24,576

Intellect
	 Rating: 140463
	 Multiplicative Factor: 14,73%
Stamina
	 Rating: 824728
	 Multiplicative Factor: 11,3%
Crit
	 Rating: 34214
	 Multiplicative Factor: 0%
	 DR Bracket: 2
	 Base: 9%
	 Effective Percent: 55,1%
	 Crit Inc Heal: 2
	 Crit Inc Damage: 2
Haste
	 Rating: 11475
	 Multiplicative Factor: 0%
	 DR Bracket: 0
	 Base: 3%
	 Effective Percent: 20,91%
Vers
	 Rating: 18578
	 Multiplicative Factor: 0%
	 DR Bracket: 0
	 Base: 3%
	 Effective Percent: 26,82%
Leech
	 Rating: 5953
	 Multiplicative Factor: 0%
	 DR Bracket: 0
	 Base: 0%
	 Effective Percent: 5,84%
Avoidance
	 Rating: 0
	 Multiplicative Factor: 0%
	 DR Bracket: 0
	 Base: 0%
	 Effective Percent: 0%
Mastery
	 Rating: 2642
	 Multiplicative Factor: 0%
	 DR Bracket: 0
	 Base: 21%
	 Effective Percent: 26,66%
----------------------
01:24,610

Intellect
	 Rating: 140463
	 Multiplicative Factor: 14,73%
Stamina
	 Rating: 824728
	 Multiplicative Factor: 11,3%
Crit
	 Rating: 28363
	 Multiplicative Factor: 0%
	 DR Bracket: 2
	 Base: 9%
	 Effective Percent: 48,41%
	 Crit Inc Heal: 2
	 Crit Inc Damage: 2
Haste
	 Rating: 11475
	 Multiplicative Factor: 0%
	 DR Bracket: 0
	 Base: 3%
	 Effective Percent: 20,91%
Vers
	 Rating: 18578
	 Multiplicative Factor: 0%
	 DR Bracket: 0
	 Base: 3%
	 Effective Percent: 26,82%
Leech
	 Rating: 5953
	 Multiplicative Factor: 0%
	 DR Bracket: 0
	 Base: 0%
	 Effective Percent: 5,84%
Avoidance
	 Rating: 0
	 Multiplicative Factor: 0%
	 DR Bracket: 0
	 Base: 0%
	 Effective Percent: 0%
Mastery
	 Rating: 2642
	 Multiplicative Factor: 0%
	 DR Bracket: 0
	 Base: 21%
	 Effective Percent: 26,66%
----------------------
01:28,304

Intellect
	 Rating: 140463
	 Multiplicative Factor: 14,73%
Stamina
	 Rating: 824728
	 Multiplicative Factor: 11,3%
Crit
	 Rating: 28363
	 Multiplicative Factor: 0%
	 DR Bracket: 2
	 Base: 9%
	 Effective Percent: 48,41%
	 Crit Inc Heal: 2
	 Crit Inc Damage: 2
Haste
	 Rating: 11475
	 Multiplicative Factor: 0%
	 DR Bracket: 0
	 Base: 4%
	 Effective Percent: 22,08%
Vers
	 Rating: 18578
	 Multiplicative Factor: 0%
	 DR Bracket: 0
	 Base: 3%
	 Effective Percent: 26,82%
Leech
	 Rating: 5953
	 Multiplicative Factor: 0%
	 DR Bracket: 0
	 Base: 0%
	 Effective Percent: 5,84%
Avoidance
	 Rating: 0
	 Multiplicative Factor: 0%
	 DR Bracket: 0
	 Base: 0%
	 Effective Percent: 0%
Mastery
	 Rating: 2642
	 Multiplicative Factor: 0%
	 DR Bracket: 0
	 Base: 21%
	 Effective Percent: 26,66%
----------------------
01:30,773

Intellect
	 Rating: 140463
	 Multiplicative Factor: 14,73%
Stamina
	 Rating: 824728
	 Multiplicative Factor: 11,3%
Crit
	 Rating: 28363
	 Multiplicative Factor: 0%
	 DR Bracket: 2
	 Base: 9%
	 Effective Percent: 48,41%
	 Crit Inc Heal: 2
	 Crit Inc Damage: 2
Haste
	 Rating: 11475
	 Multiplicative Factor: 0%
	 DR Bracket: 0
	 Base: 5%
	 Effective Percent: 23,26%
Vers
	 Rating: 18578
	 Multiplicative Factor: 0%
	 DR Bracket: 0
	 Base: 3%
	 Effective Percent: 26,82%
Leech
	 Rating: 5953
	 Multiplicative Factor: 0%
	 DR Bracket: 0
	 Base: 0%
	 Effective Percent: 5,84%
Avoidance
	 Rating: 0
	 Multiplicative Factor: 0%
	 DR Bracket: 0
	 Base: 0%
	 Effective Percent: 0%
Mastery
	 Rating: 2642
	 Multiplicative Factor: 0%
	 DR Bracket: 0
	 Base: 21%
	 Effective Percent: 26,66%
----------------------
02:05,464

Intellect
	 Rating: 140463
	 Multiplicative Factor: 14,73%
Stamina
	 Rating: 824728
	 Multiplicative Factor: 11,3%
Crit
	 Rating: 34214
	 Multiplicative Factor: 0%
	 DR Bracket: 2
	 Base: 9%
	 Effective Percent: 55,1%
	 Crit Inc Heal: 2
	 Crit Inc Damage: 2
Haste
	 Rating: 11475
	 Multiplicative Factor: 0%
	 DR Bracket: 0
	 Base: 5%
	 Effective Percent: 23,26%
Vers
	 Rating: 18578
	 Multiplicative Factor: 0%
	 DR Bracket: 0
	 Base: 3%
	 Effective Percent: 26,82%
Leech
	 Rating: 5953
	 Multiplicative Factor: 0%
	 DR Bracket: 0
	 Base: 0%
	 Effective Percent: 5,84%
Avoidance
	 Rating: 0
	 Multiplicative Factor: 0%
	 DR Bracket: 0
	 Base: 0%
	 Effective Percent: 0%
Mastery
	 Rating: 2642
	 Multiplicative Factor: 0%
	 DR Bracket: 0
	 Base: 21%
	 Effective Percent: 26,66%
----------------------
02:15,424

Intellect
	 Rating: 140463
	 Multiplicative Factor: 14,73%
Stamina
	 Rating: 824728
	 Multiplicative Factor: 11,3%
Crit
	 Rating: 28363
	 Multiplicative Factor: 0%
	 DR Bracket: 2
	 Base: 9%
	 Effective Percent: 48,41%
	 Crit Inc Heal: 2
	 Crit Inc Damage: 2
Haste
	 Rating: 11475
	 Multiplicative Factor: 0%
	 DR Bracket: 0
	 Base: 5%
	 Effective Percent: 23,26%
Vers
	 Rating: 18578
	 Multiplicative Factor: 0%
	 DR Bracket: 0
	 Base: 3%
	 Effective Percent: 26,82%
Leech
	 Rating: 5953
	 Multiplicative Factor: 0%
	 DR Bracket: 0
	 Base: 0%
	 Effective Percent: 5,84%
Avoidance
	 Rating: 0
	 Multiplicative Factor: 0%
	 DR Bracket: 0
	 Base: 0%
	 Effective Percent: 0%
Mastery
	 Rating: 2642
	 Multiplicative Factor: 0%
	 DR Bracket: 0
	 Base: 21%
	 Effective Percent: 26,66%
----------------------
02:23,940

Intellect
	 Rating: 140463
	 Multiplicative Factor: 14,73%
Stamina
	 Rating: 785455
	 Multiplicative Factor: 6%
Crit
	 Rating: 28363
	 Multiplicative Factor: 0%
	 DR Bracket: 2
	 Base: 9%
	 Effective Percent: 48,41%
	 Crit Inc Heal: 2
	 Crit Inc Damage: 2
Haste
	 Rating: 11475
	 Multiplicative Factor: 0%
	 DR Bracket: 0
	 Base: 5%
	 Effective Percent: 23,26%
Vers
	 Rating: 18578
	 Multiplicative Factor: 0%
	 DR Bracket: 0
	 Base: 3%
	 Effective Percent: 26,82%
Leech
	 Rating: 5953
	 Multiplicative Factor: 0%
	 DR Bracket: 0
	 Base: 0%
	 Effective Percent: 5,84%
Avoidance
	 Rating: 0
	 Multiplicative Factor: 0%
	 DR Bracket: 0
	 Base: 0%
	 Effective Percent: 0%
Mastery
	 Rating: 2642
	 Multiplicative Factor: 0%
	 DR Bracket: 0
	 Base: 21%
	 Effective Percent: 26,66%
----------------------
02:23,940

Intellect
	 Rating: 140463
	 Multiplicative Factor: 14,73%
Stamina
	 Rating: 824728
	 Multiplicative Factor: 11,3%
Crit
	 Rating: 28363
	 Multiplicative Factor: 0%
	 DR Bracket: 2
	 Base: 9%
	 Effective Percent: 48,41%
	 Crit Inc Heal: 2
	 Crit Inc Damage: 2
Haste
	 Rating: 11475
	 Multiplicative Factor: 0%
	 DR Bracket: 0
	 Base: 5%
	 Effective Percent: 23,26%
Vers
	 Rating: 18578
	 Multiplicative Factor: 0%
	 DR Bracket: 0
	 Base: 3%
	 Effective Percent: 26,82%
Leech
	 Rating: 5953
	 Multiplicative Factor: 0%
	 DR Bracket: 0
	 Base: 0%
	 Effective Percent: 5,84%
Avoidance
	 Rating: 0
	 Multiplicative Factor: 0%
	 DR Bracket: 0
	 Base: 0%
	 Effective Percent: 0%
Mastery
	 Rating: 2642
	 Multiplicative Factor: 0%
	 DR Bracket: 0
	 Base: 21%
	 Effective Percent: 26,66%
----------------------
02:45,240

Intellect
	 Rating: 140463
	 Multiplicative Factor: 14,73%
Stamina
	 Rating: 824728
	 Multiplicative Factor: 11,3%
Crit
	 Rating: 34214
	 Multiplicative Factor: 0%
	 DR Bracket: 2
	 Base: 9%
	 Effective Percent: 55,1%
	 Crit Inc Heal: 2
	 Crit Inc Damage: 2
Haste
	 Rating: 11475
	 Multiplicative Factor: 0%
	 DR Bracket: 0
	 Base: 5%
	 Effective Percent: 23,26%
Vers
	 Rating: 18578
	 Multiplicative Factor: 0%
	 DR Bracket: 0
	 Base: 3%
	 Effective Percent: 26,82%
Leech
	 Rating: 5953
	 Multiplicative Factor: 0%
	 DR Bracket: 0
	 Base: 0%
	 Effective Percent: 5,84%
Avoidance
	 Rating: 0
	 Multiplicative Factor: 0%
	 DR Bracket: 0
	 Base: 0%
	 Effective Percent: 0%
Mastery
	 Rating: 2642
	 Multiplicative Factor: 0%
	 DR Bracket: 0
	 Base: 21%
	 Effective Percent: 26,66%
----------------------
02:46,246

Intellect
	 Rating: 140463
	 Multiplicative Factor: 14,73%
Stamina
	 Rating: 824728
	 Multiplicative Factor: 11,3%
Crit
	 Rating: 40064
	 Multiplicative Factor: 0%
	 DR Bracket: 3
	 Base: 9%
	 Effective Percent: 61,06%
	 Crit Inc Heal: 2
	 Crit Inc Damage: 2
Haste
	 Rating: 11475
	 Multiplicative Factor: 0%
	 DR Bracket: 0
	 Base: 5%
	 Effective Percent: 23,26%
Vers
	 Rating: 18578
	 Multiplicative Factor: 0%
	 DR Bracket: 0
	 Base: 3%
	 Effective Percent: 26,82%
Leech
	 Rating: 5953
	 Multiplicative Factor: 0%
	 DR Bracket: 0
	 Base: 0%
	 Effective Percent: 5,84%
Avoidance
	 Rating: 0
	 Multiplicative Factor: 0%
	 DR Bracket: 0
	 Base: 0%
	 Effective Percent: 0%
Mastery
	 Rating: 2642
	 Multiplicative Factor: 0%
	 DR Bracket: 0
	 Base: 21%
	 Effective Percent: 26,66%
----------------------
02:55,235

Intellect
	 Rating: 140463
	 Multiplicative Factor: 14,73%
Stamina
	 Rating: 824728
	 Multiplicative Factor: 11,3%
Crit
	 Rating: 34214
	 Multiplicative Factor: 0%
	 DR Bracket: 2
	 Base: 9%
	 Effective Percent: 55,1%
	 Crit Inc Heal: 2
	 Crit Inc Damage: 2
Haste
	 Rating: 11475
	 Multiplicative Factor: 0%
	 DR Bracket: 0
	 Base: 5%
	 Effective Percent: 23,26%
Vers
	 Rating: 18578
	 Multiplicative Factor: 0%
	 DR Bracket: 0
	 Base: 3%
	 Effective Percent: 26,82%
Leech
	 Rating: 5953
	 Multiplicative Factor: 0%
	 DR Bracket: 0
	 Base: 0%
	 Effective Percent: 5,84%
Avoidance
	 Rating: 0
	 Multiplicative Factor: 0%
	 DR Bracket: 0
	 Base: 0%
	 Effective Percent: 0%
Mastery
	 Rating: 2642
	 Multiplicative Factor: 0%
	 DR Bracket: 0
	 Base: 21%
	 Effective Percent: 26,66%
----------------------
02:56,254

Intellect
	 Rating: 140463
	 Multiplicative Factor: 14,73%
Stamina
	 Rating: 824728
	 Multiplicative Factor: 11,3%
Crit
	 Rating: 28363
	 Multiplicative Factor: 0%
	 DR Bracket: 2
	 Base: 9%
	 Effective Percent: 48,41%
	 Crit Inc Heal: 2
	 Crit Inc Damage: 2
Haste
	 Rating: 11475
	 Multiplicative Factor: 0%
	 DR Bracket: 0
	 Base: 5%
	 Effective Percent: 23,26%
Vers
	 Rating: 18578
	 Multiplicative Factor: 0%
	 DR Bracket: 0
	 Base: 3%
	 Effective Percent: 26,82%
Leech
	 Rating: 5953
	 Multiplicative Factor: 0%
	 DR Bracket: 0
	 Base: 0%
	 Effective Percent: 5,84%
Avoidance
	 Rating: 0
	 Multiplicative Factor: 0%
	 DR Bracket: 0
	 Base: 0%
	 Effective Percent: 0%
Mastery
	 Rating: 2642
	 Multiplicative Factor: 0%
	 DR Bracket: 0
	 Base: 21%
	 Effective Percent: 26,66%
----------------------
03:01,019

Intellect
	 Rating: 140463
	 Multiplicative Factor: 14,73%
Stamina
	 Rating: 824728
	 Multiplicative Factor: 11,3%
Crit
	 Rating: 28363
	 Multiplicative Factor: 0%
	 DR Bracket: 2
	 Base: 9%
	 Effective Percent: 48,41%
	 Crit Inc Heal: 2
	 Crit Inc Damage: 2
Haste
	 Rating: 11475
	 Multiplicative Factor: 0%
	 DR Bracket: 0
	 Base: 0%
	 Effective Percent: 17,39%
Vers
	 Rating: 18578
	 Multiplicative Factor: 0%
	 DR Bracket: 0
	 Base: 3%
	 Effective Percent: 26,82%
Leech
	 Rating: 5953
	 Multiplicative Factor: 0%
	 DR Bracket: 0
	 Base: 0%
	 Effective Percent: 5,84%
Avoidance
	 Rating: 0
	 Multiplicative Factor: 0%
	 DR Bracket: 0
	 Base: 0%
	 Effective Percent: 0%
Mastery
	 Rating: 2642
	 Multiplicative Factor: 0%
	 DR Bracket: 0
	 Base: 21%
	 Effective Percent: 26,66%
----------------------
03:28,873

Intellect
	 Rating: 140463
	 Multiplicative Factor: 14,73%
Stamina
	 Rating: 824728
	 Multiplicative Factor: 11,3%
Crit
	 Rating: 28363
	 Multiplicative Factor: 0%
	 DR Bracket: 2
	 Base: 9%
	 Effective Percent: 48,41%
	 Crit Inc Heal: 2
	 Crit Inc Damage: 2
Haste
	 Rating: 11475
	 Multiplicative Factor: 0%
	 DR Bracket: 0
	 Base: 1%
	 Effective Percent: 18,56%
Vers
	 Rating: 18578
	 Multiplicative Factor: 0%
	 DR Bracket: 0
	 Base: 3%
	 Effective Percent: 26,82%
Leech
	 Rating: 5953
	 Multiplicative Factor: 0%
	 DR Bracket: 0
	 Base: 0%
	 Effective Percent: 5,84%
Avoidance
	 Rating: 0
	 Multiplicative Factor: 0%
	 DR Bracket: 0
	 Base: 0%
	 Effective Percent: 0%
Mastery
	 Rating: 2642
	 Multiplicative Factor: 0%
	 DR Bracket: 0
	 Base: 21%
	 Effective Percent: 26,66%
----------------------
03:33,952

Intellect
	 Rating: 140463
	 Multiplicative Factor: 14,73%
Stamina
	 Rating: 824728
	 Multiplicative Factor: 11,3%
Crit
	 Rating: 28363
	 Multiplicative Factor: 0%
	 DR Bracket: 2
	 Base: 9%
	 Effective Percent: 48,41%
	 Crit Inc Heal: 2
	 Crit Inc Damage: 2
Haste
	 Rating: 11475
	 Multiplicative Factor: 0%
	 DR Bracket: 0
	 Base: 2%
	 Effective Percent: 19,73%
Vers
	 Rating: 18578
	 Multiplicative Factor: 0%
	 DR Bracket: 0
	 Base: 3%
	 Effective Percent: 26,82%
Leech
	 Rating: 5953
	 Multiplicative Factor: 0%
	 DR Bracket: 0
	 Base: 0%
	 Effective Percent: 5,84%
Avoidance
	 Rating: 0
	 Multiplicative Factor: 0%
	 DR Bracket: 0
	 Base: 0%
	 Effective Percent: 0%
Mastery
	 Rating: 2642
	 Multiplicative Factor: 0%
	 DR Bracket: 0
	 Base: 21%
	 Effective Percent: 26,66%
----------------------
03:36,471

Intellect
	 Rating: 140463
	 Multiplicative Factor: 14,73%
Stamina
	 Rating: 824728
	 Multiplicative Factor: 11,3%
Crit
	 Rating: 28363
	 Multiplicative Factor: 0%
	 DR Bracket: 2
	 Base: 9%
	 Effective Percent: 48,41%
	 Crit Inc Heal: 2
	 Crit Inc Damage: 2
Haste
	 Rating: 11475
	 Multiplicative Factor: 0%
	 DR Bracket: 0
	 Base: 3%
	 Effective Percent: 20,91%
Vers
	 Rating: 18578
	 Multiplicative Factor: 0%
	 DR Bracket: 0
	 Base: 3%
	 Effective Percent: 26,82%
Leech
	 Rating: 5953
	 Multiplicative Factor: 0%
	 DR Bracket: 0
	 Base: 0%
	 Effective Percent: 5,84%
Avoidance
	 Rating: 0
	 Multiplicative Factor: 0%
	 DR Bracket: 0
	 Base: 0%
	 Effective Percent: 0%
Mastery
	 Rating: 2642
	 Multiplicative Factor: 0%
	 DR Bracket: 0
	 Base: 21%
	 Effective Percent: 26,66%
----------------------
03:39,255

Intellect
	 Rating: 140463
	 Multiplicative Factor: 14,73%
Stamina
	 Rating: 824728
	 Multiplicative Factor: 11,3%
Crit
	 Rating: 28363
	 Multiplicative Factor: 0%
	 DR Bracket: 2
	 Base: 9%
	 Effective Percent: 48,41%
	 Crit Inc Heal: 2
	 Crit Inc Damage: 2
Haste
	 Rating: 11475
	 Multiplicative Factor: 0%
	 DR Bracket: 0
	 Base: 4%
	 Effective Percent: 22,08%
Vers
	 Rating: 18578
	 Multiplicative Factor: 0%
	 DR Bracket: 0
	 Base: 3%
	 Effective Percent: 26,82%
Leech
	 Rating: 5953
	 Multiplicative Factor: 0%
	 DR Bracket: 0
	 Base: 0%
	 Effective Percent: 5,84%
Avoidance
	 Rating: 0
	 Multiplicative Factor: 0%
	 DR Bracket: 0
	 Base: 0%
	 Effective Percent: 0%
Mastery
	 Rating: 2642
	 Multiplicative Factor: 0%
	 DR Bracket: 0
	 Base: 21%
	 Effective Percent: 26,66%
----------------------
03:45,427

Intellect
	 Rating: 140463
	 Multiplicative Factor: 14,73%
Stamina
	 Rating: 824728
	 Multiplicative Factor: 11,3%
Crit
	 Rating: 28363
	 Multiplicative Factor: 0%
	 DR Bracket: 2
	 Base: 9%
	 Effective Percent: 48,41%
	 Crit Inc Heal: 2
	 Crit Inc Damage: 2
Haste
	 Rating: 11475
	 Multiplicative Factor: 0%
	 DR Bracket: 0
	 Base: 5%
	 Effective Percent: 23,26%
Vers
	 Rating: 18578
	 Multiplicative Factor: 0%
	 DR Bracket: 0
	 Base: 3%
	 Effective Percent: 26,82%
Leech
	 Rating: 5953
	 Multiplicative Factor: 0%
	 DR Bracket: 0
	 Base: 0%
	 Effective Percent: 5,84%
Avoidance
	 Rating: 0
	 Multiplicative Factor: 0%
	 DR Bracket: 0
	 Base: 0%
	 Effective Percent: 0%
Mastery
	 Rating: 2642
	 Multiplicative Factor: 0%
	 DR Bracket: 0
	 Base: 21%
	 Effective Percent: 26,66%
----------------------
03:59,665

Intellect
	 Rating: 140463
	 Multiplicative Factor: 14,73%
Stamina
	 Rating: 824728
	 Multiplicative Factor: 11,3%
Crit
	 Rating: 28363
	 Multiplicative Factor: 0%
	 DR Bracket: 2
	 Base: 9%
	 Effective Percent: 48,41%
	 Crit Inc Heal: 2
	 Crit Inc Damage: 2
Haste
	 Rating: 11475
	 Multiplicative Factor: 0%
	 DR Bracket: 0
	 Base: 35%
	 Effective Percent: 58,47%
Vers
	 Rating: 18578
	 Multiplicative Factor: 0%
	 DR Bracket: 0
	 Base: 3%
	 Effective Percent: 26,82%
Leech
	 Rating: 5953
	 Multiplicative Factor: 0%
	 DR Bracket: 0
	 Base: 0%
	 Effective Percent: 5,84%
Avoidance
	 Rating: 0
	 Multiplicative Factor: 0%
	 DR Bracket: 0
	 Base: 0%
	 Effective Percent: 0%
Mastery
	 Rating: 2642
	 Multiplicative Factor: 0%
	 DR Bracket: 0
	 Base: 21%
	 Effective Percent: 26,66%
----------------------
04:12,507

Intellect
	 Rating: 140463
	 Multiplicative Factor: 14,73%
Stamina
	 Rating: 824728
	 Multiplicative Factor: 11,3%
Crit
	 Rating: 28363
	 Multiplicative Factor: 0%
	 DR Bracket: 2
	 Base: 9%
	 Effective Percent: 48,41%
	 Crit Inc Heal: 2
	 Crit Inc Damage: 2
Haste
	 Rating: 11475
	 Multiplicative Factor: 0%
	 DR Bracket: 0
	 Base: 35%
	 Effective Percent: 58,47%
Vers
	 Rating: 18578
	 Multiplicative Factor: 0%
	 DR Bracket: 0
	 Base: 3%
	 Effective Percent: 26,82%
Leech
	 Rating: 5953
	 Multiplicative Factor: 0%
	 DR Bracket: 0
	 Base: 0%
	 Effective Percent: 5,84%
Avoidance
	 Rating: 0
	 Multiplicative Factor: 0%
	 DR Bracket: 0
	 Base: 0%
	 Effective Percent: 0%
Mastery
	 Rating: 2642
	 Multiplicative Factor: 0%
	 DR Bracket: 0
	 Base: 21%
	 Effective Percent: 26,66%
----------------------
04:12,821

Intellect
	 Rating: 140463
	 Multiplicative Factor: 14,73%
Stamina
	 Rating: 824728
	 Multiplicative Factor: 11,3%
Crit
	 Rating: 34214
	 Multiplicative Factor: 0%
	 DR Bracket: 2
	 Base: 9%
	 Effective Percent: 55,1%
	 Crit Inc Heal: 2
	 Crit Inc Damage: 2
Haste
	 Rating: 11475
	 Multiplicative Factor: 0%
	 DR Bracket: 0
	 Base: 35%
	 Effective Percent: 58,47%
Vers
	 Rating: 18578
	 Multiplicative Factor: 0%
	 DR Bracket: 0
	 Base: 3%
	 Effective Percent: 26,82%
Leech
	 Rating: 5953
	 Multiplicative Factor: 0%
	 DR Bracket: 0
	 Base: 0%
	 Effective Percent: 5,84%
Avoidance
	 Rating: 0
	 Multiplicative Factor: 0%
	 DR Bracket: 0
	 Base: 0%
	 Effective Percent: 0%
Mastery
	 Rating: 2642
	 Multiplicative Factor: 0%
	 DR Bracket: 0
	 Base: 21%
	 Effective Percent: 26,66%
----------------------
04:12,822

Intellect
	 Rating: 140463
	 Multiplicative Factor: 14,73%
Stamina
	 Rating: 824728
	 Multiplicative Factor: 11,3%
Crit
	 Rating: 40064
	 Multiplicative Factor: 0%
	 DR Bracket: 3
	 Base: 9%
	 Effective Percent: 61,06%
	 Crit Inc Heal: 2
	 Crit Inc Damage: 2
Haste
	 Rating: 11475
	 Multiplicative Factor: 0%
	 DR Bracket: 0
	 Base: 35%
	 Effective Percent: 58,47%
Vers
	 Rating: 18578
	 Multiplicative Factor: 0%
	 DR Bracket: 0
	 Base: 3%
	 Effective Percent: 26,82%
Leech
	 Rating: 5953
	 Multiplicative Factor: 0%
	 DR Bracket: 0
	 Base: 0%
	 Effective Percent: 5,84%
Avoidance
	 Rating: 0
	 Multiplicative Factor: 0%
	 DR Bracket: 0
	 Base: 0%
	 Effective Percent: 0%
Mastery
	 Rating: 2642
	 Multiplicative Factor: 0%
	 DR Bracket: 0
	 Base: 21%
	 Effective Percent: 26,66%
----------------------
04:22,822

Intellect
	 Rating: 140463
	 Multiplicative Factor: 14,73%
Stamina
	 Rating: 824728
	 Multiplicative Factor: 11,3%
Crit
	 Rating: 34214
	 Multiplicative Factor: 0%
	 DR Bracket: 2
	 Base: 9%
	 Effective Percent: 55,1%
	 Crit Inc Heal: 2
	 Crit Inc Damage: 2
Haste
	 Rating: 11475
	 Multiplicative Factor: 0%
	 DR Bracket: 0
	 Base: 35%
	 Effective Percent: 58,47%
Vers
	 Rating: 18578
	 Multiplicative Factor: 0%
	 DR Bracket: 0
	 Base: 3%
	 Effective Percent: 26,82%
Leech
	 Rating: 5953
	 Multiplicative Factor: 0%
	 DR Bracket: 0
	 Base: 0%
	 Effective Percent: 5,84%
Avoidance
	 Rating: 0
	 Multiplicative Factor: 0%
	 DR Bracket: 0
	 Base: 0%
	 Effective Percent: 0%
Mastery
	 Rating: 2642
	 Multiplicative Factor: 0%
	 DR Bracket: 0
	 Base: 21%
	 Effective Percent: 26,66%
----------------------
04:22,822

Intellect
	 Rating: 140463
	 Multiplicative Factor: 14,73%
Stamina
	 Rating: 824728
	 Multiplicative Factor: 11,3%
Crit
	 Rating: 28363
	 Multiplicative Factor: 0%
	 DR Bracket: 2
	 Base: 9%
	 Effective Percent: 48,41%
	 Crit Inc Heal: 2
	 Crit Inc Damage: 2
Haste
	 Rating: 11475
	 Multiplicative Factor: 0%
	 DR Bracket: 0
	 Base: 35%
	 Effective Percent: 58,47%
Vers
	 Rating: 18578
	 Multiplicative Factor: 0%
	 DR Bracket: 0
	 Base: 3%
	 Effective Percent: 26,82%
Leech
	 Rating: 5953
	 Multiplicative Factor: 0%
	 DR Bracket: 0
	 Base: 0%
	 Effective Percent: 5,84%
Avoidance
	 Rating: 0
	 Multiplicative Factor: 0%
	 DR Bracket: 0
	 Base: 0%
	 Effective Percent: 0%
Mastery
	 Rating: 2642
	 Multiplicative Factor: 0%
	 DR Bracket: 0
	 Base: 21%
	 Effective Percent: 26,66%
----------------------
04:27,627

Intellect
	 Rating: 140463
	 Multiplicative Factor: 14,73%
Stamina
	 Rating: 824728
	 Multiplicative Factor: 11,3%
Crit
	 Rating: 28363
	 Multiplicative Factor: 0%
	 DR Bracket: 2
	 Base: 9%
	 Effective Percent: 48,41%
	 Crit Inc Heal: 2
	 Crit Inc Damage: 2
Haste
	 Rating: 11475
	 Multiplicative Factor: 0%
	 DR Bracket: 0
	 Base: 30%
	 Effective Percent: 52,6%
Vers
	 Rating: 18578
	 Multiplicative Factor: 0%
	 DR Bracket: 0
	 Base: 3%
	 Effective Percent: 26,82%
Leech
	 Rating: 5953
	 Multiplicative Factor: 0%
	 DR Bracket: 0
	 Base: 0%
	 Effective Percent: 5,84%
Avoidance
	 Rating: 0
	 Multiplicative Factor: 0%
	 DR Bracket: 0
	 Base: 0%
	 Effective Percent: 0%
Mastery
	 Rating: 2642
	 Multiplicative Factor: 0%
	 DR Bracket: 0
	 Base: 21%
	 Effective Percent: 26,66%
----------------------
04:32,397

Intellect
	 Rating: 140463
	 Multiplicative Factor: 14,73%
Stamina
	 Rating: 824728
	 Multiplicative Factor: 11,3%
Crit
	 Rating: 28363
	 Multiplicative Factor: 0%
	 DR Bracket: 2
	 Base: 9%
	 Effective Percent: 48,41%
	 Crit Inc Heal: 2
	 Crit Inc Damage: 2
Haste
	 Rating: 11475
	 Multiplicative Factor: 0%
	 DR Bracket: 0
	 Base: 31%
	 Effective Percent: 53,78%
Vers
	 Rating: 18578
	 Multiplicative Factor: 0%
	 DR Bracket: 0
	 Base: 3%
	 Effective Percent: 26,82%
Leech
	 Rating: 5953
	 Multiplicative Factor: 0%
	 DR Bracket: 0
	 Base: 0%
	 Effective Percent: 5,84%
Avoidance
	 Rating: 0
	 Multiplicative Factor: 0%
	 DR Bracket: 0
	 Base: 0%
	 Effective Percent: 0%
Mastery
	 Rating: 2642
	 Multiplicative Factor: 0%
	 DR Bracket: 0
	 Base: 21%
	 Effective Percent: 26,66%
----------------------
04:38,062

Intellect
	 Rating: 140463
	 Multiplicative Factor: 14,73%
Stamina
	 Rating: 824728
	 Multiplicative Factor: 11,3%
Crit
	 Rating: 28363
	 Multiplicative Factor: 0%
	 DR Bracket: 2
	 Base: 9%
	 Effective Percent: 48,41%
	 Crit Inc Heal: 2
	 Crit Inc Damage: 2
Haste
	 Rating: 11475
	 Multiplicative Factor: 0%
	 DR Bracket: 0
	 Base: 32%
	 Effective Percent: 54,95%
Vers
	 Rating: 18578
	 Multiplicative Factor: 0%
	 DR Bracket: 0
	 Base: 3%
	 Effective Percent: 26,82%
Leech
	 Rating: 5953
	 Multiplicative Factor: 0%
	 DR Bracket: 0
	 Base: 0%
	 Effective Percent: 5,84%
Avoidance
	 Rating: 0
	 Multiplicative Factor: 0%
	 DR Bracket: 0
	 Base: 0%
	 Effective Percent: 0%
Mastery
	 Rating: 2642
	 Multiplicative Factor: 0%
	 DR Bracket: 0
	 Base: 21%
	 Effective Percent: 26,66%
----------------------
04:39,023

Intellect
	 Rating: 140463
	 Multiplicative Factor: 14,73%
Stamina
	 Rating: 824728
	 Multiplicative Factor: 11,3%
Crit
	 Rating: 28363
	 Multiplicative Factor: 0%
	 DR Bracket: 2
	 Base: 9%
	 Effective Percent: 48,41%
	 Crit Inc Heal: 2
	 Crit Inc Damage: 2
Haste
	 Rating: 11475
	 Multiplicative Factor: 0%
	 DR Bracket: 0
	 Base: 33%
	 Effective Percent: 56,12%
Vers
	 Rating: 18578
	 Multiplicative Factor: 0%
	 DR Bracket: 0
	 Base: 3%
	 Effective Percent: 26,82%
Leech
	 Rating: 5953
	 Multiplicative Factor: 0%
	 DR Bracket: 0
	 Base: 0%
	 Effective Percent: 5,84%
Avoidance
	 Rating: 0
	 Multiplicative Factor: 0%
	 DR Bracket: 0
	 Base: 0%
	 Effective Percent: 0%
Mastery
	 Rating: 2642
	 Multiplicative Factor: 0%
	 DR Bracket: 0
	 Base: 21%
	 Effective Percent: 26,66%
----------------------
04:39,670

Intellect
	 Rating: 140463
	 Multiplicative Factor: 14,73%
Stamina
	 Rating: 824728
	 Multiplicative Factor: 11,3%
Crit
	 Rating: 28363
	 Multiplicative Factor: 0%
	 DR Bracket: 2
	 Base: 9%
	 Effective Percent: 48,41%
	 Crit Inc Heal: 2
	 Crit Inc Damage: 2
Haste
	 Rating: 11475
	 Multiplicative Factor: 0%
	 DR Bracket: 0
	 Base: 3%
	 Effective Percent: 20,91%
Vers
	 Rating: 18578
	 Multiplicative Factor: 0%
	 DR Bracket: 0
	 Base: 3%
	 Effective Percent: 26,82%
Leech
	 Rating: 5953
	 Multiplicative Factor: 0%
	 DR Bracket: 0
	 Base: 0%
	 Effective Percent: 5,84%
Avoidance
	 Rating: 0
	 Multiplicative Factor: 0%
	 DR Bracket: 0
	 Base: 0%
	 Effective Percent: 0%
Mastery
	 Rating: 2642
	 Multiplicative Factor: 0%
	 DR Bracket: 0
	 Base: 21%
	 Effective Percent: 26,66%
----------------------
04:51,029

Intellect
	 Rating: 140463
	 Multiplicative Factor: 14,73%
Stamina
	 Rating: 824728
	 Multiplicative Factor: 11,3%
Crit
	 Rating: 28363
	 Multiplicative Factor: 0%
	 DR Bracket: 2
	 Base: 9%
	 Effective Percent: 48,41%
	 Crit Inc Heal: 2
	 Crit Inc Damage: 2
Haste
	 Rating: 11475
	 Multiplicative Factor: 0%
	 DR Bracket: 0
	 Base: 0%
	 Effective Percent: 17,39%
Vers
	 Rating: 18578
	 Multiplicative Factor: 0%
	 DR Bracket: 0
	 Base: 3%
	 Effective Percent: 26,82%
Leech
	 Rating: 5953
	 Multiplicative Factor: 0%
	 DR Bracket: 0
	 Base: 0%
	 Effective Percent: 5,84%
Avoidance
	 Rating: 0
	 Multiplicative Factor: 0%
	 DR Bracket: 0
	 Base: 0%
	 Effective Percent: 0%
Mastery
	 Rating: 2642
	 Multiplicative Factor: 0%
	 DR Bracket: 0
	 Base: 21%
	 Effective Percent: 26,66%
----------------------
05:13,991

Intellect
	 Rating: 140463
	 Multiplicative Factor: 14,73%
Stamina
	 Rating: 824728
	 Multiplicative Factor: 11,3%
Crit
	 Rating: 28363
	 Multiplicative Factor: 0%
	 DR Bracket: 2
	 Base: 9%
	 Effective Percent: 48,41%
	 Crit Inc Heal: 2
	 Crit Inc Damage: 2
Haste
	 Rating: 11475
	 Multiplicative Factor: 0%
	 DR Bracket: 0
	 Base: 1%
	 Effective Percent: 18,56%
Vers
	 Rating: 18578
	 Multiplicative Factor: 0%
	 DR Bracket: 0
	 Base: 3%
	 Effective Percent: 26,82%
Leech
	 Rating: 5953
	 Multiplicative Factor: 0%
	 DR Bracket: 0
	 Base: 0%
	 Effective Percent: 5,84%
Avoidance
	 Rating: 0
	 Multiplicative Factor: 0%
	 DR Bracket: 0
	 Base: 0%
	 Effective Percent: 0%
Mastery
	 Rating: 2642
	 Multiplicative Factor: 0%
	 DR Bracket: 0
	 Base: 21%
	 Effective Percent: 26,66%
----------------------
05:18,977

Intellect
	 Rating: 140463
	 Multiplicative Factor: 14,73%
Stamina
	 Rating: 824728
	 Multiplicative Factor: 11,3%
Crit
	 Rating: 28363
	 Multiplicative Factor: 0%
	 DR Bracket: 2
	 Base: 9%
	 Effective Percent: 48,41%
	 Crit Inc Heal: 2
	 Crit Inc Damage: 2
Haste
	 Rating: 11475
	 Multiplicative Factor: 0%
	 DR Bracket: 0
	 Base: 2%
	 Effective Percent: 19,73%
Vers
	 Rating: 18578
	 Multiplicative Factor: 0%
	 DR Bracket: 0
	 Base: 3%
	 Effective Percent: 26,82%
Leech
	 Rating: 5953
	 Multiplicative Factor: 0%
	 DR Bracket: 0
	 Base: 0%
	 Effective Percent: 5,84%
Avoidance
	 Rating: 0
	 Multiplicative Factor: 0%
	 DR Bracket: 0
	 Base: 0%
	 Effective Percent: 0%
Mastery
	 Rating: 2642
	 Multiplicative Factor: 0%
	 DR Bracket: 0
	 Base: 21%
	 Effective Percent: 26,66%
----------------------
05:20,735

Intellect
	 Rating: 140463
	 Multiplicative Factor: 14,73%
Stamina
	 Rating: 824728
	 Multiplicative Factor: 11,3%
Crit
	 Rating: 34214
	 Multiplicative Factor: 0%
	 DR Bracket: 2
	 Base: 9%
	 Effective Percent: 55,1%
	 Crit Inc Heal: 2
	 Crit Inc Damage: 2
Haste
	 Rating: 11475
	 Multiplicative Factor: 0%
	 DR Bracket: 0
	 Base: 2%
	 Effective Percent: 19,73%
Vers
	 Rating: 18578
	 Multiplicative Factor: 0%
	 DR Bracket: 0
	 Base: 3%
	 Effective Percent: 26,82%
Leech
	 Rating: 5953
	 Multiplicative Factor: 0%
	 DR Bracket: 0
	 Base: 0%
	 Effective Percent: 5,84%
Avoidance
	 Rating: 0
	 Multiplicative Factor: 0%
	 DR Bracket: 0
	 Base: 0%
	 Effective Percent: 0%
Mastery
	 Rating: 2642
	 Multiplicative Factor: 0%
	 DR Bracket: 0
	 Base: 21%
	 Effective Percent: 26,66%
----------------------
05:22,717

Intellect
	 Rating: 140463
	 Multiplicative Factor: 14,73%
Stamina
	 Rating: 824728
	 Multiplicative Factor: 11,3%
Crit
	 Rating: 34214
	 Multiplicative Factor: 0%
	 DR Bracket: 2
	 Base: 9%
	 Effective Percent: 55,1%
	 Crit Inc Heal: 2
	 Crit Inc Damage: 2
Haste
	 Rating: 11475
	 Multiplicative Factor: 0%
	 DR Bracket: 0
	 Base: 3%
	 Effective Percent: 20,91%
Vers
	 Rating: 18578
	 Multiplicative Factor: 0%
	 DR Bracket: 0
	 Base: 3%
	 Effective Percent: 26,82%
Leech
	 Rating: 5953
	 Multiplicative Factor: 0%
	 DR Bracket: 0
	 Base: 0%
	 Effective Percent: 5,84%
Avoidance
	 Rating: 0
	 Multiplicative Factor: 0%
	 DR Bracket: 0
	 Base: 0%
	 Effective Percent: 0%
Mastery
	 Rating: 2642
	 Multiplicative Factor: 0%
	 DR Bracket: 0
	 Base: 21%
	 Effective Percent: 26,66%
----------------------
05:26,619

Intellect
	 Rating: 140463
	 Multiplicative Factor: 14,73%
Stamina
	 Rating: 824728
	 Multiplicative Factor: 11,3%
Crit
	 Rating: 34214
	 Multiplicative Factor: 0%
	 DR Bracket: 2
	 Base: 9%
	 Effective Percent: 55,1%
	 Crit Inc Heal: 2
	 Crit Inc Damage: 2
Haste
	 Rating: 11475
	 Multiplicative Factor: 0%
	 DR Bracket: 0
	 Base: 4%
	 Effective Percent: 22,08%
Vers
	 Rating: 18578
	 Multiplicative Factor: 0%
	 DR Bracket: 0
	 Base: 3%
	 Effective Percent: 26,82%
Leech
	 Rating: 5953
	 Multiplicative Factor: 0%
	 DR Bracket: 0
	 Base: 0%
	 Effective Percent: 5,84%
Avoidance
	 Rating: 0
	 Multiplicative Factor: 0%
	 DR Bracket: 0
	 Base: 0%
	 Effective Percent: 0%
Mastery
	 Rating: 2642
	 Multiplicative Factor: 0%
	 DR Bracket: 0
	 Base: 21%
	 Effective Percent: 26,66%
----------------------
05:28,181

Intellect
	 Rating: 140463
	 Multiplicative Factor: 14,73%
Stamina
	 Rating: 785455
	 Multiplicative Factor: 6%
Crit
	 Rating: 34214
	 Multiplicative Factor: 0%
	 DR Bracket: 2
	 Base: 9%
	 Effective Percent: 55,1%
	 Crit Inc Heal: 2
	 Crit Inc Damage: 2
Haste
	 Rating: 11475
	 Multiplicative Factor: 0%
	 DR Bracket: 0
	 Base: 4%
	 Effective Percent: 22,08%
Vers
	 Rating: 18578
	 Multiplicative Factor: 0%
	 DR Bracket: 0
	 Base: 3%
	 Effective Percent: 26,82%
Leech
	 Rating: 5953
	 Multiplicative Factor: 0%
	 DR Bracket: 0
	 Base: 0%
	 Effective Percent: 5,84%
Avoidance
	 Rating: 0
	 Multiplicative Factor: 0%
	 DR Bracket: 0
	 Base: 0%
	 Effective Percent: 0%
Mastery
	 Rating: 2642
	 Multiplicative Factor: 0%
	 DR Bracket: 0
	 Base: 21%
	 Effective Percent: 26,66%
----------------------
05:28,181

Intellect
	 Rating: 136372
	 Multiplicative Factor: 11,38%
Stamina
	 Rating: 785455
	 Multiplicative Factor: 6%
Crit
	 Rating: 34214
	 Multiplicative Factor: 0%
	 DR Bracket: 2
	 Base: 9%
	 Effective Percent: 55,1%
	 Crit Inc Heal: 2
	 Crit Inc Damage: 2
Haste
	 Rating: 11475
	 Multiplicative Factor: 0%
	 DR Bracket: 0
	 Base: 4%
	 Effective Percent: 22,08%
Vers
	 Rating: 18578
	 Multiplicative Factor: 0%
	 DR Bracket: 0
	 Base: 3%
	 Effective Percent: 26,82%
Leech
	 Rating: 5953
	 Multiplicative Factor: 0%
	 DR Bracket: 0
	 Base: 0%
	 Effective Percent: 5,84%
Avoidance
	 Rating: 0
	 Multiplicative Factor: 0%
	 DR Bracket: 0
	 Base: 0%
	 Effective Percent: 0%
Mastery
	 Rating: 2642
	 Multiplicative Factor: 0%
	 DR Bracket: 0
	 Base: 21%
	 Effective Percent: 26,66%
----------------------
05:28,181

Intellect
	 Rating: 136372
	 Multiplicative Factor: 11,38%
Stamina
	 Rating: 785455
	 Multiplicative Factor: 6%
Crit
	 Rating: 34214
	 Multiplicative Factor: 0%
	 DR Bracket: 2
	 Base: 9%
	 Effective Percent: 55,1%
	 Crit Inc Heal: 2
	 Crit Inc Damage: 2
Haste
	 Rating: 11475
	 Multiplicative Factor: 0%
	 DR Bracket: 0
	 Base: 4%
	 Effective Percent: 22,08%
Vers
	 Rating: 18578
	 Multiplicative Factor: 0%
	 DR Bracket: 0
	 Base: 0%
	 Effective Percent: 23,82%
Leech
	 Rating: 5953
	 Multiplicative Factor: 0%
	 DR Bracket: 0
	 Base: 0%
	 Effective Percent: 5,84%
Avoidance
	 Rating: 0
	 Multiplicative Factor: 0%
	 DR Bracket: 0
	 Base: 0%
	 Effective Percent: 0%
Mastery
	 Rating: 2642
	 Multiplicative Factor: 0%
	 DR Bracket: 0
	 Base: 21%
	 Effective Percent: 26,66%
----------------------
05:28,182

Intellect
	 Rating: 136372
	 Multiplicative Factor: 11,38%
Stamina
	 Rating: 785455
	 Multiplicative Factor: 6%
Crit
	 Rating: 34214
	 Multiplicative Factor: 0%
	 DR Bracket: 2
	 Base: 9%
	 Effective Percent: 55,1%
	 Crit Inc Heal: 2
	 Crit Inc Damage: 2
Haste
	 Rating: 11475
	 Multiplicative Factor: 0%
	 DR Bracket: 0
	 Base: 0%
	 Effective Percent: 17,39%
Vers
	 Rating: 18578
	 Multiplicative Factor: 0%
	 DR Bracket: 0
	 Base: 0%
	 Effective Percent: 23,82%
Leech
	 Rating: 5953
	 Multiplicative Factor: 0%
	 DR Bracket: 0
	 Base: 0%
	 Effective Percent: 5,84%
Avoidance
	 Rating: 0
	 Multiplicative Factor: 0%
	 DR Bracket: 0
	 Base: 0%
	 Effective Percent: 0%
Mastery
	 Rating: 2642
	 Multiplicative Factor: 0%
	 DR Bracket: 0
	 Base: 21%
	 Effective Percent: 26,66%
----------------------
05:28,182

Intellect
	 Rating: 136372
	 Multiplicative Factor: 11,38%
Stamina
	 Rating: 785455
	 Multiplicative Factor: 6%
Crit
	 Rating: 34214
	 Multiplicative Factor: 0%
	 DR Bracket: 2
	 Base: 9%
	 Effective Percent: 55,1%
	 Crit Inc Heal: 2
	 Crit Inc Damage: 2
Haste
	 Rating: 11475
	 Multiplicative Factor: 0%
	 DR Bracket: 0
	 Base: 0%
	 Effective Percent: 17,39%
Vers
	 Rating: 18578
	 Multiplicative Factor: 0%
	 DR Bracket: 0
	 Base: 0%
	 Effective Percent: 23,82%
Leech
	 Rating: 5953
	 Multiplicative Factor: 0%
	 DR Bracket: 0
	 Base: 0%
	 Effective Percent: 5,84%
Avoidance
	 Rating: 0
	 Multiplicative Factor: 0%
	 DR Bracket: 0
	 Base: 0%
	 Effective Percent: 0%
Mastery
	 Rating: 2642
	 Multiplicative Factor: 0%
	 DR Bracket: 0
	 Base: 18%
	 Effective Percent: 23,66%
----------------------
05:28,182

Intellect
	 Rating: 136372
	 Multiplicative Factor: 11,38%
Stamina
	 Rating: 785455
	 Multiplicative Factor: 6%
Crit
	 Rating: 28363
	 Multiplicative Factor: 0%
	 DR Bracket: 2
	 Base: 9%
	 Effective Percent: 48,41%
	 Crit Inc Heal: 2
	 Crit Inc Damage: 2
Haste
	 Rating: 11475
	 Multiplicative Factor: 0%
	 DR Bracket: 0
	 Base: 0%
	 Effective Percent: 17,39%
Vers
	 Rating: 18578
	 Multiplicative Factor: 0%
	 DR Bracket: 0
	 Base: 0%
	 Effective Percent: 23,82%
Leech
	 Rating: 5953
	 Multiplicative Factor: 0%
	 DR Bracket: 0
	 Base: 0%
	 Effective Percent: 5,84%
Avoidance
	 Rating: 0
	 Multiplicative Factor: 0%
	 DR Bracket: 0
	 Base: 0%
	 Effective Percent: 0%
Mastery
	 Rating: 2642
	 Multiplicative Factor: 0%
	 DR Bracket: 0
	 Base: 18%
	 Effective Percent: 23,66%
