----------------------
00:43,255

Intellect
	 Rating: 154811
	 Multiplicative Factor: 8,15%
Stamina
	 Rating: 865117
	 Multiplicative Factor: 9,2%
Crit
	 Rating: 2928
	 Multiplicative Factor: 0%
	 DR Bracket: 0
	 Base: 5%
	 Effective Percent: 9,18%
	 Crit Inc Heal: 2
	 Crit Inc Damage: 2
Haste
	 Rating: 30390
	 Multiplicative Factor: 0%
	 DR Bracket: 2
	 Base: 6%
	 Effective Percent: 52,47%
Vers
	 Rating: 6785
	 Multiplicative Factor: 0%
	 DR Bracket: 0
	 Base: 9%
	 Effective Percent: 17,7%
Leech
	 Rating: 3060
	 Multiplicative Factor: 0%
	 DR Bracket: 0
	 Base: 0%
	 Effective Percent: 3%
Avoidance
	 Rating: 0
	 Multiplicative Factor: 0%
	 DR Bracket: 0
	 Base: 0%
	 Effective Percent: 0%
Mastery
	 Rating: 25091
	 Multiplicative Factor: 0%
	 DR Bracket: 1
	 Base: 13,08%
	 Effective Percent: 38,75%
----------------------
00:43,255

Intellect
	 Rating: 154811
	 Multiplicative Factor: 8,15%
Stamina
	 Rating: 865117
	 Multiplicative Factor: 9,2%
Crit
	 Rating: 2928
	 Multiplicative Factor: 0%
	 DR Bracket: 0
	 Base: 5%
	 Effective Percent: 9,18%
	 Crit Inc Heal: 2
	 Crit Inc Damage: 2
Haste
	 Rating: 30390
	 Multiplicative Factor: 0%
	 DR Bracket: 2
	 Base: 0%
	 Effective Percent: 43,84%
Vers
	 Rating: 6785
	 Multiplicative Factor: 0%
	 DR Bracket: 0
	 Base: 9%
	 Effective Percent: 17,7%
Leech
	 Rating: 3060
	 Multiplicative Factor: 0%
	 DR Bracket: 0
	 Base: 0%
	 Effective Percent: 3%
Avoidance
	 Rating: 0
	 Multiplicative Factor: 0%
	 DR Bracket: 0
	 Base: 0%
	 Effective Percent: 0%
Mastery
	 Rating: 25091
	 Multiplicative Factor: 0%
	 DR Bracket: 1
	 Base: 13,08%
	 Effective Percent: 38,75%
----------------------
00:44,459

Intellect
	 Rating: 154811
	 Multiplicative Factor: 8,15%
Stamina
	 Rating: 865117
	 Multiplicative Factor: 9,2%
Crit
	 Rating: 2928
	 Multiplicative Factor: 0%
	 DR Bracket: 0
	 Base: 5%
	 Effective Percent: 9,18%
	 Crit Inc Heal: 2
	 Crit Inc Damage: 2
Haste
	 Rating: 30390
	 Multiplicative Factor: 0%
	 DR Bracket: 2
	 Base: 0%
	 Effective Percent: 43,84%
Vers
	 Rating: 6785
	 Multiplicative Factor: 0%
	 DR Bracket: 0
	 Base: 3%
	 Effective Percent: 11,7%
Leech
	 Rating: 3060
	 Multiplicative Factor: 0%
	 DR Bracket: 0
	 Base: 0%
	 Effective Percent: 3%
Avoidance
	 Rating: 0
	 Multiplicative Factor: 0%
	 DR Bracket: 0
	 Base: 0%
	 Effective Percent: 0%
Mastery
	 Rating: 25091
	 Multiplicative Factor: 0%
	 DR Bracket: 1
	 Base: 13,08%
	 Effective Percent: 38,75%
----------------------
00:44,459

Intellect
	 Rating: 154811
	 Multiplicative Factor: 8,15%
Stamina
	 Rating: 865117
	 Multiplicative Factor: 9,2%
Crit
	 Rating: 2928
	 Multiplicative Factor: 0%
	 DR Bracket: 0
	 Base: 5%
	 Effective Percent: 9,18%
	 Crit Inc Heal: 2
	 Crit Inc Damage: 2
Haste
	 Rating: 30390
	 Multiplicative Factor: 0%
	 DR Bracket: 2
	 Base: 6%
	 Effective Percent: 52,47%
Vers
	 Rating: 6785
	 Multiplicative Factor: 0%
	 DR Bracket: 0
	 Base: 3%
	 Effective Percent: 11,7%
Leech
	 Rating: 3060
	 Multiplicative Factor: 0%
	 DR Bracket: 0
	 Base: 0%
	 Effective Percent: 3%
Avoidance
	 Rating: 0
	 Multiplicative Factor: 0%
	 DR Bracket: 0
	 Base: 0%
	 Effective Percent: 0%
Mastery
	 Rating: 25091
	 Multiplicative Factor: 0%
	 DR Bracket: 1
	 Base: 13,08%
	 Effective Percent: 38,75%
----------------------
00:59,725

Intellect
	 Rating: 154811
	 Multiplicative Factor: 8,15%
Stamina
	 Rating: 865117
	 Multiplicative Factor: 9,2%
Crit
	 Rating: 2928
	 Multiplicative Factor: 0%
	 DR Bracket: 0
	 Base: 11%
	 Effective Percent: 15,18%
	 Crit Inc Heal: 2
	 Crit Inc Damage: 2
Haste
	 Rating: 30390
	 Multiplicative Factor: 0%
	 DR Bracket: 2
	 Base: 6%
	 Effective Percent: 52,47%
Vers
	 Rating: 6785
	 Multiplicative Factor: 0%
	 DR Bracket: 0
	 Base: 3%
	 Effective Percent: 11,7%
Leech
	 Rating: 3060
	 Multiplicative Factor: 0%
	 DR Bracket: 0
	 Base: 0%
	 Effective Percent: 3%
Avoidance
	 Rating: 0
	 Multiplicative Factor: 0%
	 DR Bracket: 0
	 Base: 0%
	 Effective Percent: 0%
Mastery
	 Rating: 25091
	 Multiplicative Factor: 0%
	 DR Bracket: 1
	 Base: 13,08%
	 Effective Percent: 38,75%
----------------------
00:59,726

Intellect
	 Rating: 154811
	 Multiplicative Factor: 8,15%
Stamina
	 Rating: 865117
	 Multiplicative Factor: 9,2%
Crit
	 Rating: 2928
	 Multiplicative Factor: 0%
	 DR Bracket: 0
	 Base: 11%
	 Effective Percent: 15,18%
	 Crit Inc Heal: 2
	 Crit Inc Damage: 2
Haste
	 Rating: 30390
	 Multiplicative Factor: 0%
	 DR Bracket: 2
	 Base: 0%
	 Effective Percent: 43,84%
Vers
	 Rating: 6785
	 Multiplicative Factor: 0%
	 DR Bracket: 0
	 Base: 3%
	 Effective Percent: 11,7%
Leech
	 Rating: 3060
	 Multiplicative Factor: 0%
	 DR Bracket: 0
	 Base: 0%
	 Effective Percent: 3%
Avoidance
	 Rating: 0
	 Multiplicative Factor: 0%
	 DR Bracket: 0
	 Base: 0%
	 Effective Percent: 0%
Mastery
	 Rating: 25091
	 Multiplicative Factor: 0%
	 DR Bracket: 1
	 Base: 13,08%
	 Effective Percent: 38,75%
----------------------
01:03,262

Intellect
	 Rating: 154811
	 Multiplicative Factor: 8,15%
Stamina
	 Rating: 865117
	 Multiplicative Factor: 9,2%
Crit
	 Rating: 2928
	 Multiplicative Factor: 0%
	 DR Bracket: 0
	 Base: 5%
	 Effective Percent: 9,18%
	 Crit Inc Heal: 2
	 Crit Inc Damage: 2
Haste
	 Rating: 30390
	 Multiplicative Factor: 0%
	 DR Bracket: 2
	 Base: 0%
	 Effective Percent: 43,84%
Vers
	 Rating: 6785
	 Multiplicative Factor: 0%
	 DR Bracket: 0
	 Base: 3%
	 Effective Percent: 11,7%
Leech
	 Rating: 3060
	 Multiplicative Factor: 0%
	 DR Bracket: 0
	 Base: 0%
	 Effective Percent: 3%
Avoidance
	 Rating: 0
	 Multiplicative Factor: 0%
	 DR Bracket: 0
	 Base: 0%
	 Effective Percent: 0%
Mastery
	 Rating: 25091
	 Multiplicative Factor: 0%
	 DR Bracket: 1
	 Base: 13,08%
	 Effective Percent: 38,75%
----------------------
01:03,262

Intellect
	 Rating: 154811
	 Multiplicative Factor: 8,15%
Stamina
	 Rating: 865117
	 Multiplicative Factor: 9,2%
Crit
	 Rating: 2928
	 Multiplicative Factor: 0%
	 DR Bracket: 0
	 Base: 5%
	 Effective Percent: 9,18%
	 Crit Inc Heal: 2
	 Crit Inc Damage: 2
Haste
	 Rating: 30390
	 Multiplicative Factor: 0%
	 DR Bracket: 2
	 Base: 6%
	 Effective Percent: 52,47%
Vers
	 Rating: 6785
	 Multiplicative Factor: 0%
	 DR Bracket: 0
	 Base: 3%
	 Effective Percent: 11,7%
Leech
	 Rating: 3060
	 Multiplicative Factor: 0%
	 DR Bracket: 0
	 Base: 0%
	 Effective Percent: 3%
Avoidance
	 Rating: 0
	 Multiplicative Factor: 0%
	 DR Bracket: 0
	 Base: 0%
	 Effective Percent: 0%
Mastery
	 Rating: 25091
	 Multiplicative Factor: 0%
	 DR Bracket: 1
	 Base: 13,08%
	 Effective Percent: 38,75%
----------------------
01:48,554

Intellect
	 Rating: 154811
	 Multiplicative Factor: 8,15%
Stamina
	 Rating: 865117
	 Multiplicative Factor: 9,2%
Crit
	 Rating: 2928
	 Multiplicative Factor: 0%
	 DR Bracket: 0
	 Base: 5%
	 Effective Percent: 9,18%
	 Crit Inc Heal: 2
	 Crit Inc Damage: 2
Haste
	 Rating: 30390
	 Multiplicative Factor: 0%
	 DR Bracket: 2
	 Base: 6%
	 Effective Percent: 52,47%
Vers
	 Rating: 6785
	 Multiplicative Factor: 0%
	 DR Bracket: 0
	 Base: 9%
	 Effective Percent: 17,7%
Leech
	 Rating: 3060
	 Multiplicative Factor: 0%
	 DR Bracket: 0
	 Base: 0%
	 Effective Percent: 3%
Avoidance
	 Rating: 0
	 Multiplicative Factor: 0%
	 DR Bracket: 0
	 Base: 0%
	 Effective Percent: 0%
Mastery
	 Rating: 25091
	 Multiplicative Factor: 0%
	 DR Bracket: 1
	 Base: 13,08%
	 Effective Percent: 38,75%
----------------------
01:48,554

Intellect
	 Rating: 154811
	 Multiplicative Factor: 8,15%
Stamina
	 Rating: 865117
	 Multiplicative Factor: 9,2%
Crit
	 Rating: 2928
	 Multiplicative Factor: 0%
	 DR Bracket: 0
	 Base: 5%
	 Effective Percent: 9,18%
	 Crit Inc Heal: 2
	 Crit Inc Damage: 2
Haste
	 Rating: 30390
	 Multiplicative Factor: 0%
	 DR Bracket: 2
	 Base: 0%
	 Effective Percent: 43,84%
Vers
	 Rating: 6785
	 Multiplicative Factor: 0%
	 DR Bracket: 0
	 Base: 9%
	 Effective Percent: 17,7%
Leech
	 Rating: 3060
	 Multiplicative Factor: 0%
	 DR Bracket: 0
	 Base: 0%
	 Effective Percent: 3%
Avoidance
	 Rating: 0
	 Multiplicative Factor: 0%
	 DR Bracket: 0
	 Base: 0%
	 Effective Percent: 0%
Mastery
	 Rating: 25091
	 Multiplicative Factor: 0%
	 DR Bracket: 1
	 Base: 13,08%
	 Effective Percent: 38,75%
----------------------
01:50,881

Intellect
	 Rating: 154811
	 Multiplicative Factor: 8,15%
Stamina
	 Rating: 865117
	 Multiplicative Factor: 9,2%
Crit
	 Rating: 2928
	 Multiplicative Factor: 0%
	 DR Bracket: 0
	 Base: 5%
	 Effective Percent: 9,18%
	 Crit Inc Heal: 2
	 Crit Inc Damage: 2
Haste
	 Rating: 30390
	 Multiplicative Factor: 0%
	 DR Bracket: 2
	 Base: 0%
	 Effective Percent: 43,84%
Vers
	 Rating: 6785
	 Multiplicative Factor: 0%
	 DR Bracket: 0
	 Base: 3%
	 Effective Percent: 11,7%
Leech
	 Rating: 3060
	 Multiplicative Factor: 0%
	 DR Bracket: 0
	 Base: 0%
	 Effective Percent: 3%
Avoidance
	 Rating: 0
	 Multiplicative Factor: 0%
	 DR Bracket: 0
	 Base: 0%
	 Effective Percent: 0%
Mastery
	 Rating: 25091
	 Multiplicative Factor: 0%
	 DR Bracket: 1
	 Base: 13,08%
	 Effective Percent: 38,75%
----------------------
01:50,881

Intellect
	 Rating: 154811
	 Multiplicative Factor: 8,15%
Stamina
	 Rating: 865117
	 Multiplicative Factor: 9,2%
Crit
	 Rating: 2928
	 Multiplicative Factor: 0%
	 DR Bracket: 0
	 Base: 5%
	 Effective Percent: 9,18%
	 Crit Inc Heal: 2
	 Crit Inc Damage: 2
Haste
	 Rating: 30390
	 Multiplicative Factor: 0%
	 DR Bracket: 2
	 Base: 6%
	 Effective Percent: 52,47%
Vers
	 Rating: 6785
	 Multiplicative Factor: 0%
	 DR Bracket: 0
	 Base: 3%
	 Effective Percent: 11,7%
Leech
	 Rating: 3060
	 Multiplicative Factor: 0%
	 DR Bracket: 0
	 Base: 0%
	 Effective Percent: 3%
Avoidance
	 Rating: 0
	 Multiplicative Factor: 0%
	 DR Bracket: 0
	 Base: 0%
	 Effective Percent: 0%
Mastery
	 Rating: 25091
	 Multiplicative Factor: 0%
	 DR Bracket: 1
	 Base: 13,08%
	 Effective Percent: 38,75%
----------------------
02:54,467

Intellect
	 Rating: 154811
	 Multiplicative Factor: 8,15%
Stamina
	 Rating: 865117
	 Multiplicative Factor: 9,2%
Crit
	 Rating: 2928
	 Multiplicative Factor: 0%
	 DR Bracket: 0
	 Base: 5%
	 Effective Percent: 9,18%
	 Crit Inc Heal: 2
	 Crit Inc Damage: 2
Haste
	 Rating: 33713
	 Multiplicative Factor: 0%
	 DR Bracket: 3
	 Base: 6%
	 Effective Percent: 56,62%
Vers
	 Rating: 6785
	 Multiplicative Factor: 0%
	 DR Bracket: 0
	 Base: 3%
	 Effective Percent: 11,7%
Leech
	 Rating: 3060
	 Multiplicative Factor: 0%
	 DR Bracket: 0
	 Base: 0%
	 Effective Percent: 3%
Avoidance
	 Rating: 0
	 Multiplicative Factor: 0%
	 DR Bracket: 0
	 Base: 0%
	 Effective Percent: 0%
Mastery
	 Rating: 25091
	 Multiplicative Factor: 0%
	 DR Bracket: 1
	 Base: 13,08%
	 Effective Percent: 38,75%
----------------------
02:54,468

Intellect
	 Rating: 154811
	 Multiplicative Factor: 8,15%
Stamina
	 Rating: 865117
	 Multiplicative Factor: 9,2%
Crit
	 Rating: 2928
	 Multiplicative Factor: 0%
	 DR Bracket: 0
	 Base: 5%
	 Effective Percent: 9,18%
	 Crit Inc Heal: 2
	 Crit Inc Damage: 2
Haste
	 Rating: 33713
	 Multiplicative Factor: 0%
	 DR Bracket: 3
	 Base: 6%
	 Effective Percent: 56,62%
Vers
	 Rating: 6785
	 Multiplicative Factor: 0%
	 DR Bracket: 0
	 Base: 6%
	 Effective Percent: 14,7%
Leech
	 Rating: 3060
	 Multiplicative Factor: 0%
	 DR Bracket: 0
	 Base: 0%
	 Effective Percent: 3%
Avoidance
	 Rating: 0
	 Multiplicative Factor: 0%
	 DR Bracket: 0
	 Base: 0%
	 Effective Percent: 0%
Mastery
	 Rating: 25091
	 Multiplicative Factor: 0%
	 DR Bracket: 1
	 Base: 13,08%
	 Effective Percent: 38,75%
----------------------
02:54,468

Intellect
	 Rating: 154811
	 Multiplicative Factor: 8,15%
Stamina
	 Rating: 865117
	 Multiplicative Factor: 9,2%
Crit
	 Rating: 2928
	 Multiplicative Factor: 0%
	 DR Bracket: 0
	 Base: 5%
	 Effective Percent: 9,18%
	 Crit Inc Heal: 2
	 Crit Inc Damage: 2
Haste
	 Rating: 33713
	 Multiplicative Factor: 0%
	 DR Bracket: 3
	 Base: 12%
	 Effective Percent: 65,49%
Vers
	 Rating: 6785
	 Multiplicative Factor: 0%
	 DR Bracket: 0
	 Base: 3%
	 Effective Percent: 11,7%
Leech
	 Rating: 3060
	 Multiplicative Factor: 0%
	 DR Bracket: 0
	 Base: 0%
	 Effective Percent: 3%
Avoidance
	 Rating: 0
	 Multiplicative Factor: 0%
	 DR Bracket: 0
	 Base: 0%
	 Effective Percent: 0%
Mastery
	 Rating: 25091
	 Multiplicative Factor: 0%
	 DR Bracket: 1
	 Base: 13,08%
	 Effective Percent: 38,75%
----------------------
02:54,468

Intellect
	 Rating: 159455
	 Multiplicative Factor: 11,39%
Stamina
	 Rating: 865117
	 Multiplicative Factor: 9,2%
Crit
	 Rating: 2928
	 Multiplicative Factor: 0%
	 DR Bracket: 0
	 Base: 5%
	 Effective Percent: 9,18%
	 Crit Inc Heal: 2
	 Crit Inc Damage: 2
Haste
	 Rating: 33713
	 Multiplicative Factor: 0%
	 DR Bracket: 3
	 Base: 6%
	 Effective Percent: 56,62%
Vers
	 Rating: 6785
	 Multiplicative Factor: 0%
	 DR Bracket: 0
	 Base: 3%
	 Effective Percent: 11,7%
Leech
	 Rating: 3060
	 Multiplicative Factor: 0%
	 DR Bracket: 0
	 Base: 0%
	 Effective Percent: 3%
Avoidance
	 Rating: 0
	 Multiplicative Factor: 0%
	 DR Bracket: 0
	 Base: 0%
	 Effective Percent: 0%
Mastery
	 Rating: 25091
	 Multiplicative Factor: 0%
	 DR Bracket: 1
	 Base: 13,08%
	 Effective Percent: 38,75%
----------------------
02:54,469

Intellect
	 Rating: 154811
	 Multiplicative Factor: 8,15%
Stamina
	 Rating: 865117
	 Multiplicative Factor: 9,2%
Crit
	 Rating: 2928
	 Multiplicative Factor: 0%
	 DR Bracket: 0
	 Base: 5%
	 Effective Percent: 9,18%
	 Crit Inc Heal: 2
	 Crit Inc Damage: 2
Haste
	 Rating: 33713
	 Multiplicative Factor: 0%
	 DR Bracket: 3
	 Base: 6%
	 Effective Percent: 56,62%
Vers
	 Rating: 6785
	 Multiplicative Factor: 0%
	 DR Bracket: 0
	 Base: 3%
	 Effective Percent: 11,7%
Leech
	 Rating: 3060
	 Multiplicative Factor: 0%
	 DR Bracket: 0
	 Base: 0%
	 Effective Percent: 3%
Avoidance
	 Rating: 0
	 Multiplicative Factor: 0%
	 DR Bracket: 0
	 Base: 0%
	 Effective Percent: 0%
Mastery
	 Rating: 25091
	 Multiplicative Factor: 0%
	 DR Bracket: 1
	 Base: 14,54%
	 Effective Percent: 40,21%
----------------------
02:54,469

Intellect
	 Rating: 154811
	 Multiplicative Factor: 8,15%
Stamina
	 Rating: 908373
	 Multiplicative Factor: 14,66%
Crit
	 Rating: 2928
	 Multiplicative Factor: 0%
	 DR Bracket: 0
	 Base: 5%
	 Effective Percent: 9,18%
	 Crit Inc Heal: 2
	 Crit Inc Damage: 2
Haste
	 Rating: 33713
	 Multiplicative Factor: 0%
	 DR Bracket: 3
	 Base: 6%
	 Effective Percent: 56,62%
Vers
	 Rating: 6785
	 Multiplicative Factor: 0%
	 DR Bracket: 0
	 Base: 3%
	 Effective Percent: 11,7%
Leech
	 Rating: 3060
	 Multiplicative Factor: 0%
	 DR Bracket: 0
	 Base: 0%
	 Effective Percent: 3%
Avoidance
	 Rating: 0
	 Multiplicative Factor: 0%
	 DR Bracket: 0
	 Base: 0%
	 Effective Percent: 0%
Mastery
	 Rating: 25091
	 Multiplicative Factor: 0%
	 DR Bracket: 1
	 Base: 13,08%
	 Effective Percent: 38,75%
----------------------
03:08,672

Intellect
	 Rating: 154811
	 Multiplicative Factor: 8,15%
Stamina
	 Rating: 865117
	 Multiplicative Factor: 9,2%
Crit
	 Rating: 2928
	 Multiplicative Factor: 0%
	 DR Bracket: 0
	 Base: 5%
	 Effective Percent: 9,18%
	 Crit Inc Heal: 2
	 Crit Inc Damage: 2
Haste
	 Rating: 33713
	 Multiplicative Factor: 0%
	 DR Bracket: 3
	 Base: 6%
	 Effective Percent: 56,62%
Vers
	 Rating: 6785
	 Multiplicative Factor: 0%
	 DR Bracket: 0
	 Base: 9%
	 Effective Percent: 17,7%
Leech
	 Rating: 3060
	 Multiplicative Factor: 0%
	 DR Bracket: 0
	 Base: 0%
	 Effective Percent: 3%
Avoidance
	 Rating: 0
	 Multiplicative Factor: 0%
	 DR Bracket: 0
	 Base: 0%
	 Effective Percent: 0%
Mastery
	 Rating: 25091
	 Multiplicative Factor: 0%
	 DR Bracket: 1
	 Base: 13,08%
	 Effective Percent: 38,75%
----------------------
03:08,672

Intellect
	 Rating: 154811
	 Multiplicative Factor: 8,15%
Stamina
	 Rating: 865117
	 Multiplicative Factor: 9,2%
Crit
	 Rating: 2928
	 Multiplicative Factor: 0%
	 DR Bracket: 0
	 Base: 5%
	 Effective Percent: 9,18%
	 Crit Inc Heal: 2
	 Crit Inc Damage: 2
Haste
	 Rating: 33713
	 Multiplicative Factor: 0%
	 DR Bracket: 3
	 Base: 0%
	 Effective Percent: 47,76%
Vers
	 Rating: 6785
	 Multiplicative Factor: 0%
	 DR Bracket: 0
	 Base: 9%
	 Effective Percent: 17,7%
Leech
	 Rating: 3060
	 Multiplicative Factor: 0%
	 DR Bracket: 0
	 Base: 0%
	 Effective Percent: 3%
Avoidance
	 Rating: 0
	 Multiplicative Factor: 0%
	 DR Bracket: 0
	 Base: 0%
	 Effective Percent: 0%
Mastery
	 Rating: 25091
	 Multiplicative Factor: 0%
	 DR Bracket: 1
	 Base: 13,08%
	 Effective Percent: 38,75%
----------------------
03:09,601

Intellect
	 Rating: 154811
	 Multiplicative Factor: 8,15%
Stamina
	 Rating: 865117
	 Multiplicative Factor: 9,2%
Crit
	 Rating: 2928
	 Multiplicative Factor: 0%
	 DR Bracket: 0
	 Base: 5%
	 Effective Percent: 9,18%
	 Crit Inc Heal: 2
	 Crit Inc Damage: 2
Haste
	 Rating: 33713
	 Multiplicative Factor: 0%
	 DR Bracket: 3
	 Base: 0%
	 Effective Percent: 47,76%
Vers
	 Rating: 6785
	 Multiplicative Factor: 0%
	 DR Bracket: 0
	 Base: 3%
	 Effective Percent: 11,7%
Leech
	 Rating: 3060
	 Multiplicative Factor: 0%
	 DR Bracket: 0
	 Base: 0%
	 Effective Percent: 3%
Avoidance
	 Rating: 0
	 Multiplicative Factor: 0%
	 DR Bracket: 0
	 Base: 0%
	 Effective Percent: 0%
Mastery
	 Rating: 25091
	 Multiplicative Factor: 0%
	 DR Bracket: 1
	 Base: 13,08%
	 Effective Percent: 38,75%
----------------------
03:09,601

Intellect
	 Rating: 154811
	 Multiplicative Factor: 8,15%
Stamina
	 Rating: 865117
	 Multiplicative Factor: 9,2%
Crit
	 Rating: 2928
	 Multiplicative Factor: 0%
	 DR Bracket: 0
	 Base: 5%
	 Effective Percent: 9,18%
	 Crit Inc Heal: 2
	 Crit Inc Damage: 2
Haste
	 Rating: 33713
	 Multiplicative Factor: 0%
	 DR Bracket: 3
	 Base: 6%
	 Effective Percent: 56,62%
Vers
	 Rating: 6785
	 Multiplicative Factor: 0%
	 DR Bracket: 0
	 Base: 3%
	 Effective Percent: 11,7%
Leech
	 Rating: 3060
	 Multiplicative Factor: 0%
	 DR Bracket: 0
	 Base: 0%
	 Effective Percent: 3%
Avoidance
	 Rating: 0
	 Multiplicative Factor: 0%
	 DR Bracket: 0
	 Base: 0%
	 Effective Percent: 0%
Mastery
	 Rating: 25091
	 Multiplicative Factor: 0%
	 DR Bracket: 1
	 Base: 13,08%
	 Effective Percent: 38,75%
----------------------
03:13,524

Intellect
	 Rating: 154811
	 Multiplicative Factor: 8,15%
Stamina
	 Rating: 865117
	 Multiplicative Factor: 9,2%
Crit
	 Rating: 2928
	 Multiplicative Factor: 0%
	 DR Bracket: 0
	 Base: 11%
	 Effective Percent: 15,18%
	 Crit Inc Heal: 2
	 Crit Inc Damage: 2
Haste
	 Rating: 33713
	 Multiplicative Factor: 0%
	 DR Bracket: 3
	 Base: 6%
	 Effective Percent: 56,62%
Vers
	 Rating: 6785
	 Multiplicative Factor: 0%
	 DR Bracket: 0
	 Base: 3%
	 Effective Percent: 11,7%
Leech
	 Rating: 3060
	 Multiplicative Factor: 0%
	 DR Bracket: 0
	 Base: 0%
	 Effective Percent: 3%
Avoidance
	 Rating: 0
	 Multiplicative Factor: 0%
	 DR Bracket: 0
	 Base: 0%
	 Effective Percent: 0%
Mastery
	 Rating: 25091
	 Multiplicative Factor: 0%
	 DR Bracket: 1
	 Base: 13,08%
	 Effective Percent: 38,75%
----------------------
03:13,524

Intellect
	 Rating: 154811
	 Multiplicative Factor: 8,15%
Stamina
	 Rating: 865117
	 Multiplicative Factor: 9,2%
Crit
	 Rating: 2928
	 Multiplicative Factor: 0%
	 DR Bracket: 0
	 Base: 11%
	 Effective Percent: 15,18%
	 Crit Inc Heal: 2
	 Crit Inc Damage: 2
Haste
	 Rating: 33713
	 Multiplicative Factor: 0%
	 DR Bracket: 3
	 Base: 0%
	 Effective Percent: 47,76%
Vers
	 Rating: 6785
	 Multiplicative Factor: 0%
	 DR Bracket: 0
	 Base: 3%
	 Effective Percent: 11,7%
Leech
	 Rating: 3060
	 Multiplicative Factor: 0%
	 DR Bracket: 0
	 Base: 0%
	 Effective Percent: 3%
Avoidance
	 Rating: 0
	 Multiplicative Factor: 0%
	 DR Bracket: 0
	 Base: 0%
	 Effective Percent: 0%
Mastery
	 Rating: 25091
	 Multiplicative Factor: 0%
	 DR Bracket: 1
	 Base: 13,08%
	 Effective Percent: 38,75%
----------------------
03:15,385

Intellect
	 Rating: 154811
	 Multiplicative Factor: 8,15%
Stamina
	 Rating: 865117
	 Multiplicative Factor: 9,2%
Crit
	 Rating: 2928
	 Multiplicative Factor: 0%
	 DR Bracket: 0
	 Base: 5%
	 Effective Percent: 9,18%
	 Crit Inc Heal: 2
	 Crit Inc Damage: 2
Haste
	 Rating: 33713
	 Multiplicative Factor: 0%
	 DR Bracket: 3
	 Base: 0%
	 Effective Percent: 47,76%
Vers
	 Rating: 6785
	 Multiplicative Factor: 0%
	 DR Bracket: 0
	 Base: 3%
	 Effective Percent: 11,7%
Leech
	 Rating: 3060
	 Multiplicative Factor: 0%
	 DR Bracket: 0
	 Base: 0%
	 Effective Percent: 3%
Avoidance
	 Rating: 0
	 Multiplicative Factor: 0%
	 DR Bracket: 0
	 Base: 0%
	 Effective Percent: 0%
Mastery
	 Rating: 25091
	 Multiplicative Factor: 0%
	 DR Bracket: 1
	 Base: 13,08%
	 Effective Percent: 38,75%
----------------------
03:15,385

Intellect
	 Rating: 154811
	 Multiplicative Factor: 8,15%
Stamina
	 Rating: 865117
	 Multiplicative Factor: 9,2%
Crit
	 Rating: 2928
	 Multiplicative Factor: 0%
	 DR Bracket: 0
	 Base: 5%
	 Effective Percent: 9,18%
	 Crit Inc Heal: 2
	 Crit Inc Damage: 2
Haste
	 Rating: 33713
	 Multiplicative Factor: 0%
	 DR Bracket: 3
	 Base: 6%
	 Effective Percent: 56,62%
Vers
	 Rating: 6785
	 Multiplicative Factor: 0%
	 DR Bracket: 0
	 Base: 3%
	 Effective Percent: 11,7%
Leech
	 Rating: 3060
	 Multiplicative Factor: 0%
	 DR Bracket: 0
	 Base: 0%
	 Effective Percent: 3%
Avoidance
	 Rating: 0
	 Multiplicative Factor: 0%
	 DR Bracket: 0
	 Base: 0%
	 Effective Percent: 0%
Mastery
	 Rating: 25091
	 Multiplicative Factor: 0%
	 DR Bracket: 1
	 Base: 13,08%
	 Effective Percent: 38,75%
----------------------
03:18,382

Intellect
	 Rating: 154811
	 Multiplicative Factor: 8,15%
Stamina
	 Rating: 865117
	 Multiplicative Factor: 9,2%
Crit
	 Rating: 2928
	 Multiplicative Factor: 0%
	 DR Bracket: 0
	 Base: 5%
	 Effective Percent: 9,18%
	 Crit Inc Heal: 2
	 Crit Inc Damage: 2
Haste
	 Rating: 33713
	 Multiplicative Factor: 0%
	 DR Bracket: 3
	 Base: 6%
	 Effective Percent: 56,62%
Vers
	 Rating: 6785
	 Multiplicative Factor: 0%
	 DR Bracket: 0
	 Base: 9%
	 Effective Percent: 17,7%
Leech
	 Rating: 3060
	 Multiplicative Factor: 0%
	 DR Bracket: 0
	 Base: 0%
	 Effective Percent: 3%
Avoidance
	 Rating: 0
	 Multiplicative Factor: 0%
	 DR Bracket: 0
	 Base: 0%
	 Effective Percent: 0%
Mastery
	 Rating: 25091
	 Multiplicative Factor: 0%
	 DR Bracket: 1
	 Base: 13,08%
	 Effective Percent: 38,75%
----------------------
03:18,382

Intellect
	 Rating: 154811
	 Multiplicative Factor: 8,15%
Stamina
	 Rating: 865117
	 Multiplicative Factor: 9,2%
Crit
	 Rating: 2928
	 Multiplicative Factor: 0%
	 DR Bracket: 0
	 Base: 5%
	 Effective Percent: 9,18%
	 Crit Inc Heal: 2
	 Crit Inc Damage: 2
Haste
	 Rating: 33713
	 Multiplicative Factor: 0%
	 DR Bracket: 3
	 Base: 0%
	 Effective Percent: 47,76%
Vers
	 Rating: 6785
	 Multiplicative Factor: 0%
	 DR Bracket: 0
	 Base: 9%
	 Effective Percent: 17,7%
Leech
	 Rating: 3060
	 Multiplicative Factor: 0%
	 DR Bracket: 0
	 Base: 0%
	 Effective Percent: 3%
Avoidance
	 Rating: 0
	 Multiplicative Factor: 0%
	 DR Bracket: 0
	 Base: 0%
	 Effective Percent: 0%
Mastery
	 Rating: 25091
	 Multiplicative Factor: 0%
	 DR Bracket: 1
	 Base: 13,08%
	 Effective Percent: 38,75%
----------------------
03:19,145

Intellect
	 Rating: 154811
	 Multiplicative Factor: 8,15%
Stamina
	 Rating: 865117
	 Multiplicative Factor: 9,2%
Crit
	 Rating: 2928
	 Multiplicative Factor: 0%
	 DR Bracket: 0
	 Base: 5%
	 Effective Percent: 9,18%
	 Crit Inc Heal: 2
	 Crit Inc Damage: 2
Haste
	 Rating: 33713
	 Multiplicative Factor: 0%
	 DR Bracket: 3
	 Base: 0%
	 Effective Percent: 47,76%
Vers
	 Rating: 6785
	 Multiplicative Factor: 0%
	 DR Bracket: 0
	 Base: 3%
	 Effective Percent: 11,7%
Leech
	 Rating: 3060
	 Multiplicative Factor: 0%
	 DR Bracket: 0
	 Base: 0%
	 Effective Percent: 3%
Avoidance
	 Rating: 0
	 Multiplicative Factor: 0%
	 DR Bracket: 0
	 Base: 0%
	 Effective Percent: 0%
Mastery
	 Rating: 25091
	 Multiplicative Factor: 0%
	 DR Bracket: 1
	 Base: 13,08%
	 Effective Percent: 38,75%
----------------------
03:19,145

Intellect
	 Rating: 154811
	 Multiplicative Factor: 8,15%
Stamina
	 Rating: 865117
	 Multiplicative Factor: 9,2%
Crit
	 Rating: 2928
	 Multiplicative Factor: 0%
	 DR Bracket: 0
	 Base: 5%
	 Effective Percent: 9,18%
	 Crit Inc Heal: 2
	 Crit Inc Damage: 2
Haste
	 Rating: 33713
	 Multiplicative Factor: 0%
	 DR Bracket: 3
	 Base: 6%
	 Effective Percent: 56,62%
Vers
	 Rating: 6785
	 Multiplicative Factor: 0%
	 DR Bracket: 0
	 Base: 3%
	 Effective Percent: 11,7%
Leech
	 Rating: 3060
	 Multiplicative Factor: 0%
	 DR Bracket: 0
	 Base: 0%
	 Effective Percent: 3%
Avoidance
	 Rating: 0
	 Multiplicative Factor: 0%
	 DR Bracket: 0
	 Base: 0%
	 Effective Percent: 0%
Mastery
	 Rating: 25091
	 Multiplicative Factor: 0%
	 DR Bracket: 1
	 Base: 13,08%
	 Effective Percent: 38,75%
----------------------
04:27,455

Intellect
	 Rating: 154811
	 Multiplicative Factor: 8,15%
Stamina
	 Rating: 865117
	 Multiplicative Factor: 9,2%
Crit
	 Rating: 2928
	 Multiplicative Factor: 0%
	 DR Bracket: 0
	 Base: 5%
	 Effective Percent: 9,18%
	 Crit Inc Heal: 2
	 Crit Inc Damage: 2
Haste
	 Rating: 37036
	 Multiplicative Factor: 0%
	 DR Bracket: 3
	 Base: 6%
	 Effective Percent: 60,36%
Vers
	 Rating: 6785
	 Multiplicative Factor: 0%
	 DR Bracket: 0
	 Base: 3%
	 Effective Percent: 11,7%
Leech
	 Rating: 3060
	 Multiplicative Factor: 0%
	 DR Bracket: 0
	 Base: 0%
	 Effective Percent: 3%
Avoidance
	 Rating: 0
	 Multiplicative Factor: 0%
	 DR Bracket: 0
	 Base: 0%
	 Effective Percent: 0%
Mastery
	 Rating: 25091
	 Multiplicative Factor: 0%
	 DR Bracket: 1
	 Base: 13,08%
	 Effective Percent: 38,75%
----------------------
04:27,458

Intellect
	 Rating: 154811
	 Multiplicative Factor: 8,15%
Stamina
	 Rating: 865117
	 Multiplicative Factor: 9,2%
Crit
	 Rating: 2928
	 Multiplicative Factor: 0%
	 DR Bracket: 0
	 Base: 5%
	 Effective Percent: 9,18%
	 Crit Inc Heal: 2
	 Crit Inc Damage: 2
Haste
	 Rating: 37036
	 Multiplicative Factor: 0%
	 DR Bracket: 3
	 Base: 6%
	 Effective Percent: 60,36%
Vers
	 Rating: 6785
	 Multiplicative Factor: 0%
	 DR Bracket: 0
	 Base: 6%
	 Effective Percent: 14,7%
Leech
	 Rating: 3060
	 Multiplicative Factor: 0%
	 DR Bracket: 0
	 Base: 0%
	 Effective Percent: 3%
Avoidance
	 Rating: 0
	 Multiplicative Factor: 0%
	 DR Bracket: 0
	 Base: 0%
	 Effective Percent: 0%
Mastery
	 Rating: 25091
	 Multiplicative Factor: 0%
	 DR Bracket: 1
	 Base: 13,08%
	 Effective Percent: 38,75%
----------------------
04:27,458

Intellect
	 Rating: 159455
	 Multiplicative Factor: 11,39%
Stamina
	 Rating: 865117
	 Multiplicative Factor: 9,2%
Crit
	 Rating: 2928
	 Multiplicative Factor: 0%
	 DR Bracket: 0
	 Base: 5%
	 Effective Percent: 9,18%
	 Crit Inc Heal: 2
	 Crit Inc Damage: 2
Haste
	 Rating: 37036
	 Multiplicative Factor: 0%
	 DR Bracket: 3
	 Base: 6%
	 Effective Percent: 60,36%
Vers
	 Rating: 6785
	 Multiplicative Factor: 0%
	 DR Bracket: 0
	 Base: 3%
	 Effective Percent: 11,7%
Leech
	 Rating: 3060
	 Multiplicative Factor: 0%
	 DR Bracket: 0
	 Base: 0%
	 Effective Percent: 3%
Avoidance
	 Rating: 0
	 Multiplicative Factor: 0%
	 DR Bracket: 0
	 Base: 0%
	 Effective Percent: 0%
Mastery
	 Rating: 25091
	 Multiplicative Factor: 0%
	 DR Bracket: 1
	 Base: 13,08%
	 Effective Percent: 38,75%
----------------------
04:27,458

Intellect
	 Rating: 154811
	 Multiplicative Factor: 8,15%
Stamina
	 Rating: 865117
	 Multiplicative Factor: 9,2%
Crit
	 Rating: 2928
	 Multiplicative Factor: 0%
	 DR Bracket: 0
	 Base: 5%
	 Effective Percent: 9,18%
	 Crit Inc Heal: 2
	 Crit Inc Damage: 2
Haste
	 Rating: 37036
	 Multiplicative Factor: 0%
	 DR Bracket: 3
	 Base: 6%
	 Effective Percent: 60,36%
Vers
	 Rating: 6785
	 Multiplicative Factor: 0%
	 DR Bracket: 0
	 Base: 3%
	 Effective Percent: 11,7%
Leech
	 Rating: 3060
	 Multiplicative Factor: 0%
	 DR Bracket: 0
	 Base: 0%
	 Effective Percent: 3%
Avoidance
	 Rating: 0
	 Multiplicative Factor: 0%
	 DR Bracket: 0
	 Base: 0%
	 Effective Percent: 0%
Mastery
	 Rating: 25091
	 Multiplicative Factor: 0%
	 DR Bracket: 1
	 Base: 14,54%
	 Effective Percent: 40,21%
----------------------
04:27,458

Intellect
	 Rating: 154811
	 Multiplicative Factor: 8,15%
Stamina
	 Rating: 908373
	 Multiplicative Factor: 14,66%
Crit
	 Rating: 2928
	 Multiplicative Factor: 0%
	 DR Bracket: 0
	 Base: 5%
	 Effective Percent: 9,18%
	 Crit Inc Heal: 2
	 Crit Inc Damage: 2
Haste
	 Rating: 37036
	 Multiplicative Factor: 0%
	 DR Bracket: 3
	 Base: 6%
	 Effective Percent: 60,36%
Vers
	 Rating: 6785
	 Multiplicative Factor: 0%
	 DR Bracket: 0
	 Base: 3%
	 Effective Percent: 11,7%
Leech
	 Rating: 3060
	 Multiplicative Factor: 0%
	 DR Bracket: 0
	 Base: 0%
	 Effective Percent: 3%
Avoidance
	 Rating: 0
	 Multiplicative Factor: 0%
	 DR Bracket: 0
	 Base: 0%
	 Effective Percent: 0%
Mastery
	 Rating: 25091
	 Multiplicative Factor: 0%
	 DR Bracket: 1
	 Base: 13,08%
	 Effective Percent: 38,75%
----------------------
04:27,459

Intellect
	 Rating: 154811
	 Multiplicative Factor: 8,15%
Stamina
	 Rating: 865117
	 Multiplicative Factor: 9,2%
Crit
	 Rating: 2928
	 Multiplicative Factor: 0%
	 DR Bracket: 0
	 Base: 5%
	 Effective Percent: 9,18%
	 Crit Inc Heal: 2
	 Crit Inc Damage: 2
Haste
	 Rating: 37036
	 Multiplicative Factor: 0%
	 DR Bracket: 3
	 Base: 12%
	 Effective Percent: 69,43%
Vers
	 Rating: 6785
	 Multiplicative Factor: 0%
	 DR Bracket: 0
	 Base: 3%
	 Effective Percent: 11,7%
Leech
	 Rating: 3060
	 Multiplicative Factor: 0%
	 DR Bracket: 0
	 Base: 0%
	 Effective Percent: 3%
Avoidance
	 Rating: 0
	 Multiplicative Factor: 0%
	 DR Bracket: 0
	 Base: 0%
	 Effective Percent: 0%
Mastery
	 Rating: 25091
	 Multiplicative Factor: 0%
	 DR Bracket: 1
	 Base: 13,08%
	 Effective Percent: 38,75%
----------------------
04:49,333

Intellect
	 Rating: 154811
	 Multiplicative Factor: 8,15%
Stamina
	 Rating: 865117
	 Multiplicative Factor: 9,2%
Crit
	 Rating: 2928
	 Multiplicative Factor: 0%
	 DR Bracket: 0
	 Base: 11%
	 Effective Percent: 15,18%
	 Crit Inc Heal: 2
	 Crit Inc Damage: 2
Haste
	 Rating: 37036
	 Multiplicative Factor: 0%
	 DR Bracket: 3
	 Base: 6%
	 Effective Percent: 60,36%
Vers
	 Rating: 6785
	 Multiplicative Factor: 0%
	 DR Bracket: 0
	 Base: 3%
	 Effective Percent: 11,7%
Leech
	 Rating: 3060
	 Multiplicative Factor: 0%
	 DR Bracket: 0
	 Base: 0%
	 Effective Percent: 3%
Avoidance
	 Rating: 0
	 Multiplicative Factor: 0%
	 DR Bracket: 0
	 Base: 0%
	 Effective Percent: 0%
Mastery
	 Rating: 25091
	 Multiplicative Factor: 0%
	 DR Bracket: 1
	 Base: 13,08%
	 Effective Percent: 38,75%
----------------------
04:49,333

Intellect
	 Rating: 154811
	 Multiplicative Factor: 8,15%
Stamina
	 Rating: 865117
	 Multiplicative Factor: 9,2%
Crit
	 Rating: 2928
	 Multiplicative Factor: 0%
	 DR Bracket: 0
	 Base: 11%
	 Effective Percent: 15,18%
	 Crit Inc Heal: 2
	 Crit Inc Damage: 2
Haste
	 Rating: 37036
	 Multiplicative Factor: 0%
	 DR Bracket: 3
	 Base: 0%
	 Effective Percent: 51,28%
Vers
	 Rating: 6785
	 Multiplicative Factor: 0%
	 DR Bracket: 0
	 Base: 3%
	 Effective Percent: 11,7%
Leech
	 Rating: 3060
	 Multiplicative Factor: 0%
	 DR Bracket: 0
	 Base: 0%
	 Effective Percent: 3%
Avoidance
	 Rating: 0
	 Multiplicative Factor: 0%
	 DR Bracket: 0
	 Base: 0%
	 Effective Percent: 0%
Mastery
	 Rating: 25091
	 Multiplicative Factor: 0%
	 DR Bracket: 1
	 Base: 13,08%
	 Effective Percent: 38,75%
----------------------
04:50,351

Intellect
	 Rating: 154811
	 Multiplicative Factor: 8,15%
Stamina
	 Rating: 865117
	 Multiplicative Factor: 9,2%
Crit
	 Rating: 2928
	 Multiplicative Factor: 0%
	 DR Bracket: 0
	 Base: 5%
	 Effective Percent: 9,18%
	 Crit Inc Heal: 2
	 Crit Inc Damage: 2
Haste
	 Rating: 37036
	 Multiplicative Factor: 0%
	 DR Bracket: 3
	 Base: 0%
	 Effective Percent: 51,28%
Vers
	 Rating: 6785
	 Multiplicative Factor: 0%
	 DR Bracket: 0
	 Base: 3%
	 Effective Percent: 11,7%
Leech
	 Rating: 3060
	 Multiplicative Factor: 0%
	 DR Bracket: 0
	 Base: 0%
	 Effective Percent: 3%
Avoidance
	 Rating: 0
	 Multiplicative Factor: 0%
	 DR Bracket: 0
	 Base: 0%
	 Effective Percent: 0%
Mastery
	 Rating: 25091
	 Multiplicative Factor: 0%
	 DR Bracket: 1
	 Base: 13,08%
	 Effective Percent: 38,75%
----------------------
04:50,351

Intellect
	 Rating: 154811
	 Multiplicative Factor: 8,15%
Stamina
	 Rating: 865117
	 Multiplicative Factor: 9,2%
Crit
	 Rating: 2928
	 Multiplicative Factor: 0%
	 DR Bracket: 0
	 Base: 5%
	 Effective Percent: 9,18%
	 Crit Inc Heal: 2
	 Crit Inc Damage: 2
Haste
	 Rating: 37036
	 Multiplicative Factor: 0%
	 DR Bracket: 3
	 Base: 6%
	 Effective Percent: 60,36%
Vers
	 Rating: 6785
	 Multiplicative Factor: 0%
	 DR Bracket: 0
	 Base: 3%
	 Effective Percent: 11,7%
Leech
	 Rating: 3060
	 Multiplicative Factor: 0%
	 DR Bracket: 0
	 Base: 0%
	 Effective Percent: 3%
Avoidance
	 Rating: 0
	 Multiplicative Factor: 0%
	 DR Bracket: 0
	 Base: 0%
	 Effective Percent: 0%
Mastery
	 Rating: 25091
	 Multiplicative Factor: 0%
	 DR Bracket: 1
	 Base: 13,08%
	 Effective Percent: 38,75%
----------------------
04:59,117

Intellect
	 Rating: 154811
	 Multiplicative Factor: 8,15%
Stamina
	 Rating: 865117
	 Multiplicative Factor: 9,2%
Crit
	 Rating: 2928
	 Multiplicative Factor: 0%
	 DR Bracket: 0
	 Base: 5%
	 Effective Percent: 9,18%
	 Crit Inc Heal: 2
	 Crit Inc Damage: 2
Haste
	 Rating: 37036
	 Multiplicative Factor: 0%
	 DR Bracket: 3
	 Base: 6%
	 Effective Percent: 60,36%
Vers
	 Rating: 6785
	 Multiplicative Factor: 0%
	 DR Bracket: 0
	 Base: 9%
	 Effective Percent: 17,7%
Leech
	 Rating: 3060
	 Multiplicative Factor: 0%
	 DR Bracket: 0
	 Base: 0%
	 Effective Percent: 3%
Avoidance
	 Rating: 0
	 Multiplicative Factor: 0%
	 DR Bracket: 0
	 Base: 0%
	 Effective Percent: 0%
Mastery
	 Rating: 25091
	 Multiplicative Factor: 0%
	 DR Bracket: 1
	 Base: 13,08%
	 Effective Percent: 38,75%
----------------------
04:59,118

Intellect
	 Rating: 154811
	 Multiplicative Factor: 8,15%
Stamina
	 Rating: 865117
	 Multiplicative Factor: 9,2%
Crit
	 Rating: 2928
	 Multiplicative Factor: 0%
	 DR Bracket: 0
	 Base: 5%
	 Effective Percent: 9,18%
	 Crit Inc Heal: 2
	 Crit Inc Damage: 2
Haste
	 Rating: 37036
	 Multiplicative Factor: 0%
	 DR Bracket: 3
	 Base: 0%
	 Effective Percent: 51,28%
Vers
	 Rating: 6785
	 Multiplicative Factor: 0%
	 DR Bracket: 0
	 Base: 9%
	 Effective Percent: 17,7%
Leech
	 Rating: 3060
	 Multiplicative Factor: 0%
	 DR Bracket: 0
	 Base: 0%
	 Effective Percent: 3%
Avoidance
	 Rating: 0
	 Multiplicative Factor: 0%
	 DR Bracket: 0
	 Base: 0%
	 Effective Percent: 0%
Mastery
	 Rating: 25091
	 Multiplicative Factor: 0%
	 DR Bracket: 1
	 Base: 13,08%
	 Effective Percent: 38,75%
----------------------
05:00,371

Intellect
	 Rating: 154811
	 Multiplicative Factor: 8,15%
Stamina
	 Rating: 865117
	 Multiplicative Factor: 9,2%
Crit
	 Rating: 2928
	 Multiplicative Factor: 0%
	 DR Bracket: 0
	 Base: 5%
	 Effective Percent: 9,18%
	 Crit Inc Heal: 2
	 Crit Inc Damage: 2
Haste
	 Rating: 37036
	 Multiplicative Factor: 0%
	 DR Bracket: 3
	 Base: 0%
	 Effective Percent: 51,28%
Vers
	 Rating: 6785
	 Multiplicative Factor: 0%
	 DR Bracket: 0
	 Base: 3%
	 Effective Percent: 11,7%
Leech
	 Rating: 3060
	 Multiplicative Factor: 0%
	 DR Bracket: 0
	 Base: 0%
	 Effective Percent: 3%
Avoidance
	 Rating: 0
	 Multiplicative Factor: 0%
	 DR Bracket: 0
	 Base: 0%
	 Effective Percent: 0%
Mastery
	 Rating: 25091
	 Multiplicative Factor: 0%
	 DR Bracket: 1
	 Base: 13,08%
	 Effective Percent: 38,75%
----------------------
05:00,371

Intellect
	 Rating: 154811
	 Multiplicative Factor: 8,15%
Stamina
	 Rating: 865117
	 Multiplicative Factor: 9,2%
Crit
	 Rating: 2928
	 Multiplicative Factor: 0%
	 DR Bracket: 0
	 Base: 5%
	 Effective Percent: 9,18%
	 Crit Inc Heal: 2
	 Crit Inc Damage: 2
Haste
	 Rating: 37036
	 Multiplicative Factor: 0%
	 DR Bracket: 3
	 Base: 6%
	 Effective Percent: 60,36%
Vers
	 Rating: 6785
	 Multiplicative Factor: 0%
	 DR Bracket: 0
	 Base: 3%
	 Effective Percent: 11,7%
Leech
	 Rating: 3060
	 Multiplicative Factor: 0%
	 DR Bracket: 0
	 Base: 0%
	 Effective Percent: 3%
Avoidance
	 Rating: 0
	 Multiplicative Factor: 0%
	 DR Bracket: 0
	 Base: 0%
	 Effective Percent: 0%
Mastery
	 Rating: 25091
	 Multiplicative Factor: 0%
	 DR Bracket: 1
	 Base: 13,08%
	 Effective Percent: 38,75%
----------------------
05:34,161

Intellect
	 Rating: 150302
	 Multiplicative Factor: 5%
Stamina
	 Rating: 865117
	 Multiplicative Factor: 9,2%
Crit
	 Rating: 2928
	 Multiplicative Factor: 0%
	 DR Bracket: 0
	 Base: 5%
	 Effective Percent: 9,18%
	 Crit Inc Heal: 2
	 Crit Inc Damage: 2
Haste
	 Rating: 37036
	 Multiplicative Factor: 0%
	 DR Bracket: 3
	 Base: 6%
	 Effective Percent: 60,36%
Vers
	 Rating: 6785
	 Multiplicative Factor: 0%
	 DR Bracket: 0
	 Base: 3%
	 Effective Percent: 11,7%
Leech
	 Rating: 3060
	 Multiplicative Factor: 0%
	 DR Bracket: 0
	 Base: 0%
	 Effective Percent: 3%
Avoidance
	 Rating: 0
	 Multiplicative Factor: 0%
	 DR Bracket: 0
	 Base: 0%
	 Effective Percent: 0%
Mastery
	 Rating: 25091
	 Multiplicative Factor: 0%
	 DR Bracket: 1
	 Base: 13,08%
	 Effective Percent: 38,75%
----------------------
05:34,162

Intellect
	 Rating: 154811
	 Multiplicative Factor: 8,15%
Stamina
	 Rating: 865117
	 Multiplicative Factor: 9,2%
Crit
	 Rating: 2928
	 Multiplicative Factor: 0%
	 DR Bracket: 0
	 Base: 5%
	 Effective Percent: 9,18%
	 Crit Inc Heal: 2
	 Crit Inc Damage: 2
Haste
	 Rating: 37036
	 Multiplicative Factor: 0%
	 DR Bracket: 3
	 Base: 6%
	 Effective Percent: 60,36%
Vers
	 Rating: 6785
	 Multiplicative Factor: 0%
	 DR Bracket: 0
	 Base: 3%
	 Effective Percent: 11,7%
Leech
	 Rating: 3060
	 Multiplicative Factor: 0%
	 DR Bracket: 0
	 Base: 0%
	 Effective Percent: 3%
Avoidance
	 Rating: 0
	 Multiplicative Factor: 0%
	 DR Bracket: 0
	 Base: 0%
	 Effective Percent: 0%
Mastery
	 Rating: 25091
	 Multiplicative Factor: 0%
	 DR Bracket: 1
	 Base: 13,08%
	 Effective Percent: 38,75%
----------------------
05:52,201

Intellect
	 Rating: 154811
	 Multiplicative Factor: 8,15%
Stamina
	 Rating: 865117
	 Multiplicative Factor: 9,2%
Crit
	 Rating: 2928
	 Multiplicative Factor: 0%
	 DR Bracket: 0
	 Base: 5%
	 Effective Percent: 9,18%
	 Crit Inc Heal: 2
	 Crit Inc Damage: 2
Haste
	 Rating: 37036
	 Multiplicative Factor: 0%
	 DR Bracket: 3
	 Base: 6%
	 Effective Percent: 60,36%
Vers
	 Rating: 6785
	 Multiplicative Factor: 0%
	 DR Bracket: 0
	 Base: 3%
	 Effective Percent: 11,7%
Leech
	 Rating: 3060
	 Multiplicative Factor: 0%
	 DR Bracket: 0
	 Base: 0%
	 Effective Percent: 3%
Avoidance
	 Rating: 0
	 Multiplicative Factor: 0%
	 DR Bracket: 0
	 Base: 0%
	 Effective Percent: 0%
Mastery
	 Rating: 25091
	 Multiplicative Factor: 0%
	 DR Bracket: 1
	 Base: 11,62%
	 Effective Percent: 37,29%
----------------------
05:52,201

Intellect
	 Rating: 154811
	 Multiplicative Factor: 8,15%
Stamina
	 Rating: 865117
	 Multiplicative Factor: 9,2%
Crit
	 Rating: 2928
	 Multiplicative Factor: 0%
	 DR Bracket: 0
	 Base: 5%
	 Effective Percent: 9,18%
	 Crit Inc Heal: 2
	 Crit Inc Damage: 2
Haste
	 Rating: 37036
	 Multiplicative Factor: 0%
	 DR Bracket: 3
	 Base: 6%
	 Effective Percent: 60,36%
Vers
	 Rating: 6785
	 Multiplicative Factor: 0%
	 DR Bracket: 0
	 Base: 3%
	 Effective Percent: 11,7%
Leech
	 Rating: 3060
	 Multiplicative Factor: 0%
	 DR Bracket: 0
	 Base: 0%
	 Effective Percent: 3%
Avoidance
	 Rating: 0
	 Multiplicative Factor: 0%
	 DR Bracket: 0
	 Base: 0%
	 Effective Percent: 0%
Mastery
	 Rating: 25091
	 Multiplicative Factor: 0%
	 DR Bracket: 1
	 Base: 13,08%
	 Effective Percent: 38,75%
----------------------
05:52,231

Intellect
	 Rating: 154811
	 Multiplicative Factor: 8,15%
Stamina
	 Rating: 865117
	 Multiplicative Factor: 9,2%
Crit
	 Rating: 2928
	 Multiplicative Factor: 0%
	 DR Bracket: 0
	 Base: 5%
	 Effective Percent: 9,18%
	 Crit Inc Heal: 2
	 Crit Inc Damage: 2
Haste
	 Rating: 37036
	 Multiplicative Factor: 0%
	 DR Bracket: 3
	 Base: 36%
	 Effective Percent: 105,74%
Vers
	 Rating: 6785
	 Multiplicative Factor: 0%
	 DR Bracket: 0
	 Base: 3%
	 Effective Percent: 11,7%
Leech
	 Rating: 3060
	 Multiplicative Factor: 0%
	 DR Bracket: 0
	 Base: 0%
	 Effective Percent: 3%
Avoidance
	 Rating: 0
	 Multiplicative Factor: 0%
	 DR Bracket: 0
	 Base: 0%
	 Effective Percent: 0%
Mastery
	 Rating: 25091
	 Multiplicative Factor: 0%
	 DR Bracket: 1
	 Base: 13,08%
	 Effective Percent: 38,75%
----------------------
06:23,749

Intellect
	 Rating: 154811
	 Multiplicative Factor: 8,15%
Stamina
	 Rating: 865117
	 Multiplicative Factor: 9,2%
Crit
	 Rating: 2928
	 Multiplicative Factor: 0%
	 DR Bracket: 0
	 Base: 5%
	 Effective Percent: 9,18%
	 Crit Inc Heal: 2
	 Crit Inc Damage: 2
Haste
	 Rating: 37036
	 Multiplicative Factor: 0%
	 DR Bracket: 3
	 Base: 36%
	 Effective Percent: 105,74%
Vers
	 Rating: 6785
	 Multiplicative Factor: 0%
	 DR Bracket: 0
	 Base: 9%
	 Effective Percent: 17,7%
Leech
	 Rating: 3060
	 Multiplicative Factor: 0%
	 DR Bracket: 0
	 Base: 0%
	 Effective Percent: 3%
Avoidance
	 Rating: 0
	 Multiplicative Factor: 0%
	 DR Bracket: 0
	 Base: 0%
	 Effective Percent: 0%
Mastery
	 Rating: 25091
	 Multiplicative Factor: 0%
	 DR Bracket: 1
	 Base: 13,08%
	 Effective Percent: 38,75%
----------------------
06:23,750

Intellect
	 Rating: 154811
	 Multiplicative Factor: 8,15%
Stamina
	 Rating: 865117
	 Multiplicative Factor: 9,2%
Crit
	 Rating: 2928
	 Multiplicative Factor: 0%
	 DR Bracket: 0
	 Base: 5%
	 Effective Percent: 9,18%
	 Crit Inc Heal: 2
	 Crit Inc Damage: 2
Haste
	 Rating: 37036
	 Multiplicative Factor: 0%
	 DR Bracket: 3
	 Base: 30%
	 Effective Percent: 96,66%
Vers
	 Rating: 6785
	 Multiplicative Factor: 0%
	 DR Bracket: 0
	 Base: 9%
	 Effective Percent: 17,7%
Leech
	 Rating: 3060
	 Multiplicative Factor: 0%
	 DR Bracket: 0
	 Base: 0%
	 Effective Percent: 3%
Avoidance
	 Rating: 0
	 Multiplicative Factor: 0%
	 DR Bracket: 0
	 Base: 0%
	 Effective Percent: 0%
Mastery
	 Rating: 25091
	 Multiplicative Factor: 0%
	 DR Bracket: 1
	 Base: 13,08%
	 Effective Percent: 38,75%
----------------------
06:24,484

Intellect
	 Rating: 154811
	 Multiplicative Factor: 8,15%
Stamina
	 Rating: 865117
	 Multiplicative Factor: 9,2%
Crit
	 Rating: 2928
	 Multiplicative Factor: 0%
	 DR Bracket: 0
	 Base: 5%
	 Effective Percent: 9,18%
	 Crit Inc Heal: 2
	 Crit Inc Damage: 2
Haste
	 Rating: 37036
	 Multiplicative Factor: 0%
	 DR Bracket: 3
	 Base: 30%
	 Effective Percent: 96,66%
Vers
	 Rating: 6785
	 Multiplicative Factor: 0%
	 DR Bracket: 0
	 Base: 3%
	 Effective Percent: 11,7%
Leech
	 Rating: 3060
	 Multiplicative Factor: 0%
	 DR Bracket: 0
	 Base: 0%
	 Effective Percent: 3%
Avoidance
	 Rating: 0
	 Multiplicative Factor: 0%
	 DR Bracket: 0
	 Base: 0%
	 Effective Percent: 0%
Mastery
	 Rating: 25091
	 Multiplicative Factor: 0%
	 DR Bracket: 1
	 Base: 13,08%
	 Effective Percent: 38,75%
----------------------
06:24,484

Intellect
	 Rating: 154811
	 Multiplicative Factor: 8,15%
Stamina
	 Rating: 865117
	 Multiplicative Factor: 9,2%
Crit
	 Rating: 2928
	 Multiplicative Factor: 0%
	 DR Bracket: 0
	 Base: 5%
	 Effective Percent: 9,18%
	 Crit Inc Heal: 2
	 Crit Inc Damage: 2
Haste
	 Rating: 37036
	 Multiplicative Factor: 0%
	 DR Bracket: 3
	 Base: 36%
	 Effective Percent: 105,74%
Vers
	 Rating: 6785
	 Multiplicative Factor: 0%
	 DR Bracket: 0
	 Base: 3%
	 Effective Percent: 11,7%
Leech
	 Rating: 3060
	 Multiplicative Factor: 0%
	 DR Bracket: 0
	 Base: 0%
	 Effective Percent: 3%
Avoidance
	 Rating: 0
	 Multiplicative Factor: 0%
	 DR Bracket: 0
	 Base: 0%
	 Effective Percent: 0%
Mastery
	 Rating: 25091
	 Multiplicative Factor: 0%
	 DR Bracket: 1
	 Base: 13,08%
	 Effective Percent: 38,75%
----------------------
06:32,256

Intellect
	 Rating: 154811
	 Multiplicative Factor: 8,15%
Stamina
	 Rating: 865117
	 Multiplicative Factor: 9,2%
Crit
	 Rating: 2928
	 Multiplicative Factor: 0%
	 DR Bracket: 0
	 Base: 5%
	 Effective Percent: 9,18%
	 Crit Inc Heal: 2
	 Crit Inc Damage: 2
Haste
	 Rating: 37036
	 Multiplicative Factor: 0%
	 DR Bracket: 3
	 Base: 6%
	 Effective Percent: 60,36%
Vers
	 Rating: 6785
	 Multiplicative Factor: 0%
	 DR Bracket: 0
	 Base: 3%
	 Effective Percent: 11,7%
Leech
	 Rating: 3060
	 Multiplicative Factor: 0%
	 DR Bracket: 0
	 Base: 0%
	 Effective Percent: 3%
Avoidance
	 Rating: 0
	 Multiplicative Factor: 0%
	 DR Bracket: 0
	 Base: 0%
	 Effective Percent: 0%
Mastery
	 Rating: 25091
	 Multiplicative Factor: 0%
	 DR Bracket: 1
	 Base: 13,08%
	 Effective Percent: 38,75%
----------------------
06:45,920

Intellect
	 Rating: 154811
	 Multiplicative Factor: 8,15%
Stamina
	 Rating: 865117
	 Multiplicative Factor: 9,2%
Crit
	 Rating: 2928
	 Multiplicative Factor: 0%
	 DR Bracket: 0
	 Base: 5%
	 Effective Percent: 9,18%
	 Crit Inc Heal: 2
	 Crit Inc Damage: 2
Haste
	 Rating: 37036
	 Multiplicative Factor: 0%
	 DR Bracket: 3
	 Base: 6%
	 Effective Percent: 60,36%
Vers
	 Rating: 6785
	 Multiplicative Factor: 0%
	 DR Bracket: 0
	 Base: 9%
	 Effective Percent: 17,7%
Leech
	 Rating: 3060
	 Multiplicative Factor: 0%
	 DR Bracket: 0
	 Base: 0%
	 Effective Percent: 3%
Avoidance
	 Rating: 0
	 Multiplicative Factor: 0%
	 DR Bracket: 0
	 Base: 0%
	 Effective Percent: 0%
Mastery
	 Rating: 25091
	 Multiplicative Factor: 0%
	 DR Bracket: 1
	 Base: 13,08%
	 Effective Percent: 38,75%
----------------------
06:45,921

Intellect
	 Rating: 154811
	 Multiplicative Factor: 8,15%
Stamina
	 Rating: 865117
	 Multiplicative Factor: 9,2%
Crit
	 Rating: 2928
	 Multiplicative Factor: 0%
	 DR Bracket: 0
	 Base: 5%
	 Effective Percent: 9,18%
	 Crit Inc Heal: 2
	 Crit Inc Damage: 2
Haste
	 Rating: 37036
	 Multiplicative Factor: 0%
	 DR Bracket: 3
	 Base: 0%
	 Effective Percent: 51,28%
Vers
	 Rating: 6785
	 Multiplicative Factor: 0%
	 DR Bracket: 0
	 Base: 9%
	 Effective Percent: 17,7%
Leech
	 Rating: 3060
	 Multiplicative Factor: 0%
	 DR Bracket: 0
	 Base: 0%
	 Effective Percent: 3%
Avoidance
	 Rating: 0
	 Multiplicative Factor: 0%
	 DR Bracket: 0
	 Base: 0%
	 Effective Percent: 0%
Mastery
	 Rating: 25091
	 Multiplicative Factor: 0%
	 DR Bracket: 1
	 Base: 13,08%
	 Effective Percent: 38,75%
----------------------
06:48,208

Intellect
	 Rating: 154811
	 Multiplicative Factor: 8,15%
Stamina
	 Rating: 865117
	 Multiplicative Factor: 9,2%
Crit
	 Rating: 2928
	 Multiplicative Factor: 0%
	 DR Bracket: 0
	 Base: 5%
	 Effective Percent: 9,18%
	 Crit Inc Heal: 2
	 Crit Inc Damage: 2
Haste
	 Rating: 37036
	 Multiplicative Factor: 0%
	 DR Bracket: 3
	 Base: 0%
	 Effective Percent: 51,28%
Vers
	 Rating: 6785
	 Multiplicative Factor: 0%
	 DR Bracket: 0
	 Base: 3%
	 Effective Percent: 11,7%
Leech
	 Rating: 3060
	 Multiplicative Factor: 0%
	 DR Bracket: 0
	 Base: 0%
	 Effective Percent: 3%
Avoidance
	 Rating: 0
	 Multiplicative Factor: 0%
	 DR Bracket: 0
	 Base: 0%
	 Effective Percent: 0%
Mastery
	 Rating: 25091
	 Multiplicative Factor: 0%
	 DR Bracket: 1
	 Base: 13,08%
	 Effective Percent: 38,75%
----------------------
06:48,208

Intellect
	 Rating: 154811
	 Multiplicative Factor: 8,15%
Stamina
	 Rating: 865117
	 Multiplicative Factor: 9,2%
Crit
	 Rating: 2928
	 Multiplicative Factor: 0%
	 DR Bracket: 0
	 Base: 11%
	 Effective Percent: 15,18%
	 Crit Inc Heal: 2
	 Crit Inc Damage: 2
Haste
	 Rating: 37036
	 Multiplicative Factor: 0%
	 DR Bracket: 3
	 Base: 0%
	 Effective Percent: 51,28%
Vers
	 Rating: 6785
	 Multiplicative Factor: 0%
	 DR Bracket: 0
	 Base: 3%
	 Effective Percent: 11,7%
Leech
	 Rating: 3060
	 Multiplicative Factor: 0%
	 DR Bracket: 0
	 Base: 0%
	 Effective Percent: 3%
Avoidance
	 Rating: 0
	 Multiplicative Factor: 0%
	 DR Bracket: 0
	 Base: 0%
	 Effective Percent: 0%
Mastery
	 Rating: 25091
	 Multiplicative Factor: 0%
	 DR Bracket: 1
	 Base: 13,08%
	 Effective Percent: 38,75%
----------------------
06:49,739

Intellect
	 Rating: 154811
	 Multiplicative Factor: 8,15%
Stamina
	 Rating: 865117
	 Multiplicative Factor: 9,2%
Crit
	 Rating: 2928
	 Multiplicative Factor: 0%
	 DR Bracket: 0
	 Base: 5%
	 Effective Percent: 9,18%
	 Crit Inc Heal: 2
	 Crit Inc Damage: 2
Haste
	 Rating: 37036
	 Multiplicative Factor: 0%
	 DR Bracket: 3
	 Base: 0%
	 Effective Percent: 51,28%
Vers
	 Rating: 6785
	 Multiplicative Factor: 0%
	 DR Bracket: 0
	 Base: 3%
	 Effective Percent: 11,7%
Leech
	 Rating: 3060
	 Multiplicative Factor: 0%
	 DR Bracket: 0
	 Base: 0%
	 Effective Percent: 3%
Avoidance
	 Rating: 0
	 Multiplicative Factor: 0%
	 DR Bracket: 0
	 Base: 0%
	 Effective Percent: 0%
Mastery
	 Rating: 25091
	 Multiplicative Factor: 0%
	 DR Bracket: 1
	 Base: 13,08%
	 Effective Percent: 38,75%
----------------------
06:49,739

Intellect
	 Rating: 154811
	 Multiplicative Factor: 8,15%
Stamina
	 Rating: 865117
	 Multiplicative Factor: 9,2%
Crit
	 Rating: 2928
	 Multiplicative Factor: 0%
	 DR Bracket: 0
	 Base: 5%
	 Effective Percent: 9,18%
	 Crit Inc Heal: 2
	 Crit Inc Damage: 2
Haste
	 Rating: 37036
	 Multiplicative Factor: 0%
	 DR Bracket: 3
	 Base: 6%
	 Effective Percent: 60,36%
Vers
	 Rating: 6785
	 Multiplicative Factor: 0%
	 DR Bracket: 0
	 Base: 3%
	 Effective Percent: 11,7%
Leech
	 Rating: 3060
	 Multiplicative Factor: 0%
	 DR Bracket: 0
	 Base: 0%
	 Effective Percent: 3%
Avoidance
	 Rating: 0
	 Multiplicative Factor: 0%
	 DR Bracket: 0
	 Base: 0%
	 Effective Percent: 0%
Mastery
	 Rating: 25091
	 Multiplicative Factor: 0%
	 DR Bracket: 1
	 Base: 13,08%
	 Effective Percent: 38,75%
----------------------
06:53,756

Intellect
	 Rating: 154811
	 Multiplicative Factor: 8,15%
Stamina
	 Rating: 865117
	 Multiplicative Factor: 9,2%
Crit
	 Rating: 2928
	 Multiplicative Factor: 0%
	 DR Bracket: 0
	 Base: 5%
	 Effective Percent: 9,18%
	 Crit Inc Heal: 2
	 Crit Inc Damage: 2
Haste
	 Rating: 37036
	 Multiplicative Factor: 0%
	 DR Bracket: 3
	 Base: 6%
	 Effective Percent: 60,36%
Vers
	 Rating: 6785
	 Multiplicative Factor: 0%
	 DR Bracket: 0
	 Base: 9%
	 Effective Percent: 17,7%
Leech
	 Rating: 3060
	 Multiplicative Factor: 0%
	 DR Bracket: 0
	 Base: 0%
	 Effective Percent: 3%
Avoidance
	 Rating: 0
	 Multiplicative Factor: 0%
	 DR Bracket: 0
	 Base: 0%
	 Effective Percent: 0%
Mastery
	 Rating: 25091
	 Multiplicative Factor: 0%
	 DR Bracket: 1
	 Base: 13,08%
	 Effective Percent: 38,75%
----------------------
06:53,756

Intellect
	 Rating: 154811
	 Multiplicative Factor: 8,15%
Stamina
	 Rating: 865117
	 Multiplicative Factor: 9,2%
Crit
	 Rating: 2928
	 Multiplicative Factor: 0%
	 DR Bracket: 0
	 Base: 5%
	 Effective Percent: 9,18%
	 Crit Inc Heal: 2
	 Crit Inc Damage: 2
Haste
	 Rating: 37036
	 Multiplicative Factor: 0%
	 DR Bracket: 3
	 Base: 0%
	 Effective Percent: 51,28%
Vers
	 Rating: 6785
	 Multiplicative Factor: 0%
	 DR Bracket: 0
	 Base: 9%
	 Effective Percent: 17,7%
Leech
	 Rating: 3060
	 Multiplicative Factor: 0%
	 DR Bracket: 0
	 Base: 0%
	 Effective Percent: 3%
Avoidance
	 Rating: 0
	 Multiplicative Factor: 0%
	 DR Bracket: 0
	 Base: 0%
	 Effective Percent: 0%
Mastery
	 Rating: 25091
	 Multiplicative Factor: 0%
	 DR Bracket: 1
	 Base: 13,08%
	 Effective Percent: 38,75%
----------------------
06:57,824

Intellect
	 Rating: 154811
	 Multiplicative Factor: 8,15%
Stamina
	 Rating: 865117
	 Multiplicative Factor: 9,2%
Crit
	 Rating: 2928
	 Multiplicative Factor: 0%
	 DR Bracket: 0
	 Base: 5%
	 Effective Percent: 9,18%
	 Crit Inc Heal: 2
	 Crit Inc Damage: 2
Haste
	 Rating: 37036
	 Multiplicative Factor: 0%
	 DR Bracket: 3
	 Base: 0%
	 Effective Percent: 51,28%
Vers
	 Rating: 6785
	 Multiplicative Factor: 0%
	 DR Bracket: 0
	 Base: 3%
	 Effective Percent: 11,7%
Leech
	 Rating: 3060
	 Multiplicative Factor: 0%
	 DR Bracket: 0
	 Base: 0%
	 Effective Percent: 3%
Avoidance
	 Rating: 0
	 Multiplicative Factor: 0%
	 DR Bracket: 0
	 Base: 0%
	 Effective Percent: 0%
Mastery
	 Rating: 25091
	 Multiplicative Factor: 0%
	 DR Bracket: 1
	 Base: 13,08%
	 Effective Percent: 38,75%
----------------------
06:57,824

Intellect
	 Rating: 154811
	 Multiplicative Factor: 8,15%
Stamina
	 Rating: 865117
	 Multiplicative Factor: 9,2%
Crit
	 Rating: 2928
	 Multiplicative Factor: 0%
	 DR Bracket: 0
	 Base: 5%
	 Effective Percent: 9,18%
	 Crit Inc Heal: 2
	 Crit Inc Damage: 2
Haste
	 Rating: 37036
	 Multiplicative Factor: 0%
	 DR Bracket: 3
	 Base: 6%
	 Effective Percent: 60,36%
Vers
	 Rating: 6785
	 Multiplicative Factor: 0%
	 DR Bracket: 0
	 Base: 3%
	 Effective Percent: 11,7%
Leech
	 Rating: 3060
	 Multiplicative Factor: 0%
	 DR Bracket: 0
	 Base: 0%
	 Effective Percent: 3%
Avoidance
	 Rating: 0
	 Multiplicative Factor: 0%
	 DR Bracket: 0
	 Base: 0%
	 Effective Percent: 0%
Mastery
	 Rating: 25091
	 Multiplicative Factor: 0%
	 DR Bracket: 1
	 Base: 13,08%
	 Effective Percent: 38,75%
----------------------
07:22,445

Intellect
	 Rating: 154811
	 Multiplicative Factor: 8,15%
Stamina
	 Rating: 865117
	 Multiplicative Factor: 9,2%
Crit
	 Rating: 2928
	 Multiplicative Factor: 0%
	 DR Bracket: 0
	 Base: 5%
	 Effective Percent: 9,18%
	 Crit Inc Heal: 2
	 Crit Inc Damage: 2
Haste
	 Rating: 37036
	 Multiplicative Factor: 0%
	 DR Bracket: 3
	 Base: 6%
	 Effective Percent: 60,36%
Vers
	 Rating: 6785
	 Multiplicative Factor: 0%
	 DR Bracket: 0
	 Base: 9%
	 Effective Percent: 17,7%
Leech
	 Rating: 3060
	 Multiplicative Factor: 0%
	 DR Bracket: 0
	 Base: 0%
	 Effective Percent: 3%
Avoidance
	 Rating: 0
	 Multiplicative Factor: 0%
	 DR Bracket: 0
	 Base: 0%
	 Effective Percent: 0%
Mastery
	 Rating: 25091
	 Multiplicative Factor: 0%
	 DR Bracket: 1
	 Base: 13,08%
	 Effective Percent: 38,75%
----------------------
07:22,446

Intellect
	 Rating: 154811
	 Multiplicative Factor: 8,15%
Stamina
	 Rating: 865117
	 Multiplicative Factor: 9,2%
Crit
	 Rating: 2928
	 Multiplicative Factor: 0%
	 DR Bracket: 0
	 Base: 5%
	 Effective Percent: 9,18%
	 Crit Inc Heal: 2
	 Crit Inc Damage: 2
Haste
	 Rating: 37036
	 Multiplicative Factor: 0%
	 DR Bracket: 3
	 Base: 0%
	 Effective Percent: 51,28%
Vers
	 Rating: 6785
	 Multiplicative Factor: 0%
	 DR Bracket: 0
	 Base: 9%
	 Effective Percent: 17,7%
Leech
	 Rating: 3060
	 Multiplicative Factor: 0%
	 DR Bracket: 0
	 Base: 0%
	 Effective Percent: 3%
Avoidance
	 Rating: 0
	 Multiplicative Factor: 0%
	 DR Bracket: 0
	 Base: 0%
	 Effective Percent: 0%
Mastery
	 Rating: 25091
	 Multiplicative Factor: 0%
	 DR Bracket: 1
	 Base: 13,08%
	 Effective Percent: 38,75%
----------------------
07:24,717

Intellect
	 Rating: 154811
	 Multiplicative Factor: 8,15%
Stamina
	 Rating: 865117
	 Multiplicative Factor: 9,2%
Crit
	 Rating: 2928
	 Multiplicative Factor: 0%
	 DR Bracket: 0
	 Base: 5%
	 Effective Percent: 9,18%
	 Crit Inc Heal: 2
	 Crit Inc Damage: 2
Haste
	 Rating: 37036
	 Multiplicative Factor: 0%
	 DR Bracket: 3
	 Base: 0%
	 Effective Percent: 51,28%
Vers
	 Rating: 6785
	 Multiplicative Factor: 0%
	 DR Bracket: 0
	 Base: 3%
	 Effective Percent: 11,7%
Leech
	 Rating: 3060
	 Multiplicative Factor: 0%
	 DR Bracket: 0
	 Base: 0%
	 Effective Percent: 3%
Avoidance
	 Rating: 0
	 Multiplicative Factor: 0%
	 DR Bracket: 0
	 Base: 0%
	 Effective Percent: 0%
Mastery
	 Rating: 25091
	 Multiplicative Factor: 0%
	 DR Bracket: 1
	 Base: 13,08%
	 Effective Percent: 38,75%
----------------------
07:24,717

Intellect
	 Rating: 154811
	 Multiplicative Factor: 8,15%
Stamina
	 Rating: 865117
	 Multiplicative Factor: 9,2%
Crit
	 Rating: 2928
	 Multiplicative Factor: 0%
	 DR Bracket: 0
	 Base: 5%
	 Effective Percent: 9,18%
	 Crit Inc Heal: 2
	 Crit Inc Damage: 2
Haste
	 Rating: 37036
	 Multiplicative Factor: 0%
	 DR Bracket: 3
	 Base: 6%
	 Effective Percent: 60,36%
Vers
	 Rating: 6785
	 Multiplicative Factor: 0%
	 DR Bracket: 0
	 Base: 3%
	 Effective Percent: 11,7%
Leech
	 Rating: 3060
	 Multiplicative Factor: 0%
	 DR Bracket: 0
	 Base: 0%
	 Effective Percent: 3%
Avoidance
	 Rating: 0
	 Multiplicative Factor: 0%
	 DR Bracket: 0
	 Base: 0%
	 Effective Percent: 0%
Mastery
	 Rating: 25091
	 Multiplicative Factor: 0%
	 DR Bracket: 1
	 Base: 13,08%
	 Effective Percent: 38,75%
----------------------
07:36,986

Intellect
	 Rating: 154811
	 Multiplicative Factor: 8,15%
Stamina
	 Rating: 865117
	 Multiplicative Factor: 9,2%
Crit
	 Rating: 2928
	 Multiplicative Factor: 0%
	 DR Bracket: 0
	 Base: 5%
	 Effective Percent: 9,18%
	 Crit Inc Heal: 2
	 Crit Inc Damage: 2
Haste
	 Rating: 37036
	 Multiplicative Factor: 0%
	 DR Bracket: 3
	 Base: 6%
	 Effective Percent: 60,36%
Vers
	 Rating: 6785
	 Multiplicative Factor: 0%
	 DR Bracket: 0
	 Base: 9%
	 Effective Percent: 17,7%
Leech
	 Rating: 3060
	 Multiplicative Factor: 0%
	 DR Bracket: 0
	 Base: 0%
	 Effective Percent: 3%
Avoidance
	 Rating: 0
	 Multiplicative Factor: 0%
	 DR Bracket: 0
	 Base: 0%
	 Effective Percent: 0%
Mastery
	 Rating: 25091
	 Multiplicative Factor: 0%
	 DR Bracket: 1
	 Base: 13,08%
	 Effective Percent: 38,75%
----------------------
07:36,986

Intellect
	 Rating: 154811
	 Multiplicative Factor: 8,15%
Stamina
	 Rating: 865117
	 Multiplicative Factor: 9,2%
Crit
	 Rating: 2928
	 Multiplicative Factor: 0%
	 DR Bracket: 0
	 Base: 5%
	 Effective Percent: 9,18%
	 Crit Inc Heal: 2
	 Crit Inc Damage: 2
Haste
	 Rating: 37036
	 Multiplicative Factor: 0%
	 DR Bracket: 3
	 Base: 0%
	 Effective Percent: 51,28%
Vers
	 Rating: 6785
	 Multiplicative Factor: 0%
	 DR Bracket: 0
	 Base: 9%
	 Effective Percent: 17,7%
Leech
	 Rating: 3060
	 Multiplicative Factor: 0%
	 DR Bracket: 0
	 Base: 0%
	 Effective Percent: 3%
Avoidance
	 Rating: 0
	 Multiplicative Factor: 0%
	 DR Bracket: 0
	 Base: 0%
	 Effective Percent: 0%
Mastery
	 Rating: 25091
	 Multiplicative Factor: 0%
	 DR Bracket: 1
	 Base: 13,08%
	 Effective Percent: 38,75%
----------------------
07:38,065

Intellect
	 Rating: 154811
	 Multiplicative Factor: 8,15%
Stamina
	 Rating: 865117
	 Multiplicative Factor: 9,2%
Crit
	 Rating: 2928
	 Multiplicative Factor: 0%
	 DR Bracket: 0
	 Base: 5%
	 Effective Percent: 9,18%
	 Crit Inc Heal: 2
	 Crit Inc Damage: 2
Haste
	 Rating: 37036
	 Multiplicative Factor: 0%
	 DR Bracket: 3
	 Base: 0%
	 Effective Percent: 51,28%
Vers
	 Rating: 6785
	 Multiplicative Factor: 0%
	 DR Bracket: 0
	 Base: 3%
	 Effective Percent: 11,7%
Leech
	 Rating: 3060
	 Multiplicative Factor: 0%
	 DR Bracket: 0
	 Base: 0%
	 Effective Percent: 3%
Avoidance
	 Rating: 0
	 Multiplicative Factor: 0%
	 DR Bracket: 0
	 Base: 0%
	 Effective Percent: 0%
Mastery
	 Rating: 25091
	 Multiplicative Factor: 0%
	 DR Bracket: 1
	 Base: 13,08%
	 Effective Percent: 38,75%
----------------------
07:38,065

Intellect
	 Rating: 154811
	 Multiplicative Factor: 8,15%
Stamina
	 Rating: 865117
	 Multiplicative Factor: 9,2%
Crit
	 Rating: 2928
	 Multiplicative Factor: 0%
	 DR Bracket: 0
	 Base: 5%
	 Effective Percent: 9,18%
	 Crit Inc Heal: 2
	 Crit Inc Damage: 2
Haste
	 Rating: 37036
	 Multiplicative Factor: 0%
	 DR Bracket: 3
	 Base: 6%
	 Effective Percent: 60,36%
Vers
	 Rating: 6785
	 Multiplicative Factor: 0%
	 DR Bracket: 0
	 Base: 3%
	 Effective Percent: 11,7%
Leech
	 Rating: 3060
	 Multiplicative Factor: 0%
	 DR Bracket: 0
	 Base: 0%
	 Effective Percent: 3%
Avoidance
	 Rating: 0
	 Multiplicative Factor: 0%
	 DR Bracket: 0
	 Base: 0%
	 Effective Percent: 0%
Mastery
	 Rating: 25091
	 Multiplicative Factor: 0%
	 DR Bracket: 1
	 Base: 13,08%
	 Effective Percent: 38,75%
----------------------
07:51,830

Intellect
	 Rating: 154811
	 Multiplicative Factor: 8,15%
Stamina
	 Rating: 865117
	 Multiplicative Factor: 9,2%
Crit
	 Rating: 2928
	 Multiplicative Factor: 0%
	 DR Bracket: 0
	 Base: 5%
	 Effective Percent: 9,18%
	 Crit Inc Heal: 2
	 Crit Inc Damage: 2
Haste
	 Rating: 37036
	 Multiplicative Factor: 0%
	 DR Bracket: 3
	 Base: 6%
	 Effective Percent: 60,36%
Vers
	 Rating: 6785
	 Multiplicative Factor: 0%
	 DR Bracket: 0
	 Base: 9%
	 Effective Percent: 17,7%
Leech
	 Rating: 3060
	 Multiplicative Factor: 0%
	 DR Bracket: 0
	 Base: 0%
	 Effective Percent: 3%
Avoidance
	 Rating: 0
	 Multiplicative Factor: 0%
	 DR Bracket: 0
	 Base: 0%
	 Effective Percent: 0%
Mastery
	 Rating: 25091
	 Multiplicative Factor: 0%
	 DR Bracket: 1
	 Base: 13,08%
	 Effective Percent: 38,75%
----------------------
07:51,830

Intellect
	 Rating: 154811
	 Multiplicative Factor: 8,15%
Stamina
	 Rating: 865117
	 Multiplicative Factor: 9,2%
Crit
	 Rating: 2928
	 Multiplicative Factor: 0%
	 DR Bracket: 0
	 Base: 5%
	 Effective Percent: 9,18%
	 Crit Inc Heal: 2
	 Crit Inc Damage: 2
Haste
	 Rating: 37036
	 Multiplicative Factor: 0%
	 DR Bracket: 3
	 Base: 0%
	 Effective Percent: 51,28%
Vers
	 Rating: 6785
	 Multiplicative Factor: 0%
	 DR Bracket: 0
	 Base: 9%
	 Effective Percent: 17,7%
Leech
	 Rating: 3060
	 Multiplicative Factor: 0%
	 DR Bracket: 0
	 Base: 0%
	 Effective Percent: 3%
Avoidance
	 Rating: 0
	 Multiplicative Factor: 0%
	 DR Bracket: 0
	 Base: 0%
	 Effective Percent: 0%
Mastery
	 Rating: 25091
	 Multiplicative Factor: 0%
	 DR Bracket: 1
	 Base: 13,08%
	 Effective Percent: 38,75%
----------------------
07:56,709

Intellect
	 Rating: 154811
	 Multiplicative Factor: 8,15%
Stamina
	 Rating: 865117
	 Multiplicative Factor: 9,2%
Crit
	 Rating: 2928
	 Multiplicative Factor: 0%
	 DR Bracket: 0
	 Base: 5%
	 Effective Percent: 9,18%
	 Crit Inc Heal: 2
	 Crit Inc Damage: 2
Haste
	 Rating: 37036
	 Multiplicative Factor: 0%
	 DR Bracket: 3
	 Base: 0%
	 Effective Percent: 51,28%
Vers
	 Rating: 6785
	 Multiplicative Factor: 0%
	 DR Bracket: 0
	 Base: 3%
	 Effective Percent: 11,7%
Leech
	 Rating: 3060
	 Multiplicative Factor: 0%
	 DR Bracket: 0
	 Base: 0%
	 Effective Percent: 3%
Avoidance
	 Rating: 0
	 Multiplicative Factor: 0%
	 DR Bracket: 0
	 Base: 0%
	 Effective Percent: 0%
Mastery
	 Rating: 25091
	 Multiplicative Factor: 0%
	 DR Bracket: 1
	 Base: 13,08%
	 Effective Percent: 38,75%
----------------------
07:56,709

Intellect
	 Rating: 154811
	 Multiplicative Factor: 8,15%
Stamina
	 Rating: 865117
	 Multiplicative Factor: 9,2%
Crit
	 Rating: 2928
	 Multiplicative Factor: 0%
	 DR Bracket: 0
	 Base: 5%
	 Effective Percent: 9,18%
	 Crit Inc Heal: 2
	 Crit Inc Damage: 2
Haste
	 Rating: 37036
	 Multiplicative Factor: 0%
	 DR Bracket: 3
	 Base: 6%
	 Effective Percent: 60,36%
Vers
	 Rating: 6785
	 Multiplicative Factor: 0%
	 DR Bracket: 0
	 Base: 3%
	 Effective Percent: 11,7%
Leech
	 Rating: 3060
	 Multiplicative Factor: 0%
	 DR Bracket: 0
	 Base: 0%
	 Effective Percent: 3%
Avoidance
	 Rating: 0
	 Multiplicative Factor: 0%
	 DR Bracket: 0
	 Base: 0%
	 Effective Percent: 0%
Mastery
	 Rating: 25091
	 Multiplicative Factor: 0%
	 DR Bracket: 1
	 Base: 13,08%
	 Effective Percent: 38,75%
----------------------
08:08,218

Intellect
	 Rating: 154811
	 Multiplicative Factor: 8,15%
Stamina
	 Rating: 865117
	 Multiplicative Factor: 9,2%
Crit
	 Rating: 2928
	 Multiplicative Factor: 0%
	 DR Bracket: 0
	 Base: 11%
	 Effective Percent: 15,18%
	 Crit Inc Heal: 2
	 Crit Inc Damage: 2
Haste
	 Rating: 37036
	 Multiplicative Factor: 0%
	 DR Bracket: 3
	 Base: 6%
	 Effective Percent: 60,36%
Vers
	 Rating: 6785
	 Multiplicative Factor: 0%
	 DR Bracket: 0
	 Base: 3%
	 Effective Percent: 11,7%
Leech
	 Rating: 3060
	 Multiplicative Factor: 0%
	 DR Bracket: 0
	 Base: 0%
	 Effective Percent: 3%
Avoidance
	 Rating: 0
	 Multiplicative Factor: 0%
	 DR Bracket: 0
	 Base: 0%
	 Effective Percent: 0%
Mastery
	 Rating: 25091
	 Multiplicative Factor: 0%
	 DR Bracket: 1
	 Base: 13,08%
	 Effective Percent: 38,75%
----------------------
08:08,218

Intellect
	 Rating: 154811
	 Multiplicative Factor: 8,15%
Stamina
	 Rating: 865117
	 Multiplicative Factor: 9,2%
Crit
	 Rating: 2928
	 Multiplicative Factor: 0%
	 DR Bracket: 0
	 Base: 11%
	 Effective Percent: 15,18%
	 Crit Inc Heal: 2
	 Crit Inc Damage: 2
Haste
	 Rating: 37036
	 Multiplicative Factor: 0%
	 DR Bracket: 3
	 Base: 0%
	 Effective Percent: 51,28%
Vers
	 Rating: 6785
	 Multiplicative Factor: 0%
	 DR Bracket: 0
	 Base: 3%
	 Effective Percent: 11,7%
Leech
	 Rating: 3060
	 Multiplicative Factor: 0%
	 DR Bracket: 0
	 Base: 0%
	 Effective Percent: 3%
Avoidance
	 Rating: 0
	 Multiplicative Factor: 0%
	 DR Bracket: 0
	 Base: 0%
	 Effective Percent: 0%
Mastery
	 Rating: 25091
	 Multiplicative Factor: 0%
	 DR Bracket: 1
	 Base: 13,08%
	 Effective Percent: 38,75%
----------------------
08:09,494

Intellect
	 Rating: 154811
	 Multiplicative Factor: 8,15%
Stamina
	 Rating: 865117
	 Multiplicative Factor: 9,2%
Crit
	 Rating: 2928
	 Multiplicative Factor: 0%
	 DR Bracket: 0
	 Base: 5%
	 Effective Percent: 9,18%
	 Crit Inc Heal: 2
	 Crit Inc Damage: 2
Haste
	 Rating: 37036
	 Multiplicative Factor: 0%
	 DR Bracket: 3
	 Base: 0%
	 Effective Percent: 51,28%
Vers
	 Rating: 6785
	 Multiplicative Factor: 0%
	 DR Bracket: 0
	 Base: 3%
	 Effective Percent: 11,7%
Leech
	 Rating: 3060
	 Multiplicative Factor: 0%
	 DR Bracket: 0
	 Base: 0%
	 Effective Percent: 3%
Avoidance
	 Rating: 0
	 Multiplicative Factor: 0%
	 DR Bracket: 0
	 Base: 0%
	 Effective Percent: 0%
Mastery
	 Rating: 25091
	 Multiplicative Factor: 0%
	 DR Bracket: 1
	 Base: 13,08%
	 Effective Percent: 38,75%
----------------------
08:09,495

Intellect
	 Rating: 154811
	 Multiplicative Factor: 8,15%
Stamina
	 Rating: 865117
	 Multiplicative Factor: 9,2%
Crit
	 Rating: 2928
	 Multiplicative Factor: 0%
	 DR Bracket: 0
	 Base: 5%
	 Effective Percent: 9,18%
	 Crit Inc Heal: 2
	 Crit Inc Damage: 2
Haste
	 Rating: 37036
	 Multiplicative Factor: 0%
	 DR Bracket: 3
	 Base: 6%
	 Effective Percent: 60,36%
Vers
	 Rating: 6785
	 Multiplicative Factor: 0%
	 DR Bracket: 0
	 Base: 3%
	 Effective Percent: 11,7%
Leech
	 Rating: 3060
	 Multiplicative Factor: 0%
	 DR Bracket: 0
	 Base: 0%
	 Effective Percent: 3%
Avoidance
	 Rating: 0
	 Multiplicative Factor: 0%
	 DR Bracket: 0
	 Base: 0%
	 Effective Percent: 0%
Mastery
	 Rating: 25091
	 Multiplicative Factor: 0%
	 DR Bracket: 1
	 Base: 13,08%
	 Effective Percent: 38,75%
----------------------
08:19,717

Intellect
	 Rating: 154811
	 Multiplicative Factor: 8,15%
Stamina
	 Rating: 865117
	 Multiplicative Factor: 9,2%
Crit
	 Rating: 2928
	 Multiplicative Factor: 0%
	 DR Bracket: 0
	 Base: 5%
	 Effective Percent: 9,18%
	 Crit Inc Heal: 2
	 Crit Inc Damage: 2
Haste
	 Rating: 37036
	 Multiplicative Factor: 0%
	 DR Bracket: 3
	 Base: 6%
	 Effective Percent: 60,36%
Vers
	 Rating: 6785
	 Multiplicative Factor: 0%
	 DR Bracket: 0
	 Base: 9%
	 Effective Percent: 17,7%
Leech
	 Rating: 3060
	 Multiplicative Factor: 0%
	 DR Bracket: 0
	 Base: 0%
	 Effective Percent: 3%
Avoidance
	 Rating: 0
	 Multiplicative Factor: 0%
	 DR Bracket: 0
	 Base: 0%
	 Effective Percent: 0%
Mastery
	 Rating: 25091
	 Multiplicative Factor: 0%
	 DR Bracket: 1
	 Base: 13,08%
	 Effective Percent: 38,75%
----------------------
08:19,717

Intellect
	 Rating: 154811
	 Multiplicative Factor: 8,15%
Stamina
	 Rating: 865117
	 Multiplicative Factor: 9,2%
Crit
	 Rating: 2928
	 Multiplicative Factor: 0%
	 DR Bracket: 0
	 Base: 5%
	 Effective Percent: 9,18%
	 Crit Inc Heal: 2
	 Crit Inc Damage: 2
Haste
	 Rating: 37036
	 Multiplicative Factor: 0%
	 DR Bracket: 3
	 Base: 0%
	 Effective Percent: 51,28%
Vers
	 Rating: 6785
	 Multiplicative Factor: 0%
	 DR Bracket: 0
	 Base: 9%
	 Effective Percent: 17,7%
Leech
	 Rating: 3060
	 Multiplicative Factor: 0%
	 DR Bracket: 0
	 Base: 0%
	 Effective Percent: 3%
Avoidance
	 Rating: 0
	 Multiplicative Factor: 0%
	 DR Bracket: 0
	 Base: 0%
	 Effective Percent: 0%
Mastery
	 Rating: 25091
	 Multiplicative Factor: 0%
	 DR Bracket: 1
	 Base: 13,08%
	 Effective Percent: 38,75%
----------------------
08:23,435

Intellect
	 Rating: 154811
	 Multiplicative Factor: 8,15%
Stamina
	 Rating: 865117
	 Multiplicative Factor: 9,2%
Crit
	 Rating: 2928
	 Multiplicative Factor: 0%
	 DR Bracket: 0
	 Base: 5%
	 Effective Percent: 9,18%
	 Crit Inc Heal: 2
	 Crit Inc Damage: 2
Haste
	 Rating: 37036
	 Multiplicative Factor: 0%
	 DR Bracket: 3
	 Base: 0%
	 Effective Percent: 51,28%
Vers
	 Rating: 6785
	 Multiplicative Factor: 0%
	 DR Bracket: 0
	 Base: 3%
	 Effective Percent: 11,7%
Leech
	 Rating: 3060
	 Multiplicative Factor: 0%
	 DR Bracket: 0
	 Base: 0%
	 Effective Percent: 3%
Avoidance
	 Rating: 0
	 Multiplicative Factor: 0%
	 DR Bracket: 0
	 Base: 0%
	 Effective Percent: 0%
Mastery
	 Rating: 25091
	 Multiplicative Factor: 0%
	 DR Bracket: 1
	 Base: 13,08%
	 Effective Percent: 38,75%
----------------------
08:23,435

Intellect
	 Rating: 154811
	 Multiplicative Factor: 8,15%
Stamina
	 Rating: 865117
	 Multiplicative Factor: 9,2%
Crit
	 Rating: 2928
	 Multiplicative Factor: 0%
	 DR Bracket: 0
	 Base: 5%
	 Effective Percent: 9,18%
	 Crit Inc Heal: 2
	 Crit Inc Damage: 2
Haste
	 Rating: 37036
	 Multiplicative Factor: 0%
	 DR Bracket: 3
	 Base: 6%
	 Effective Percent: 60,36%
Vers
	 Rating: 6785
	 Multiplicative Factor: 0%
	 DR Bracket: 0
	 Base: 3%
	 Effective Percent: 11,7%
Leech
	 Rating: 3060
	 Multiplicative Factor: 0%
	 DR Bracket: 0
	 Base: 0%
	 Effective Percent: 3%
Avoidance
	 Rating: 0
	 Multiplicative Factor: 0%
	 DR Bracket: 0
	 Base: 0%
	 Effective Percent: 0%
Mastery
	 Rating: 25091
	 Multiplicative Factor: 0%
	 DR Bracket: 1
	 Base: 13,08%
	 Effective Percent: 38,75%
----------------------
08:29,287

Intellect
	 Rating: 154811
	 Multiplicative Factor: 8,15%
Stamina
	 Rating: 865117
	 Multiplicative Factor: 9,2%
Crit
	 Rating: 2928
	 Multiplicative Factor: 0%
	 DR Bracket: 0
	 Base: 5%
	 Effective Percent: 9,18%
	 Crit Inc Heal: 2
	 Crit Inc Damage: 2
Haste
	 Rating: 37036
	 Multiplicative Factor: 0%
	 DR Bracket: 3
	 Base: 6%
	 Effective Percent: 60,36%
Vers
	 Rating: 6785
	 Multiplicative Factor: 0%
	 DR Bracket: 0
	 Base: 9%
	 Effective Percent: 17,7%
Leech
	 Rating: 3060
	 Multiplicative Factor: 0%
	 DR Bracket: 0
	 Base: 0%
	 Effective Percent: 3%
Avoidance
	 Rating: 0
	 Multiplicative Factor: 0%
	 DR Bracket: 0
	 Base: 0%
	 Effective Percent: 0%
Mastery
	 Rating: 25091
	 Multiplicative Factor: 0%
	 DR Bracket: 1
	 Base: 13,08%
	 Effective Percent: 38,75%
----------------------
08:29,287

Intellect
	 Rating: 154811
	 Multiplicative Factor: 8,15%
Stamina
	 Rating: 865117
	 Multiplicative Factor: 9,2%
Crit
	 Rating: 2928
	 Multiplicative Factor: 0%
	 DR Bracket: 0
	 Base: 5%
	 Effective Percent: 9,18%
	 Crit Inc Heal: 2
	 Crit Inc Damage: 2
Haste
	 Rating: 37036
	 Multiplicative Factor: 0%
	 DR Bracket: 3
	 Base: 0%
	 Effective Percent: 51,28%
Vers
	 Rating: 6785
	 Multiplicative Factor: 0%
	 DR Bracket: 0
	 Base: 9%
	 Effective Percent: 17,7%
Leech
	 Rating: 3060
	 Multiplicative Factor: 0%
	 DR Bracket: 0
	 Base: 0%
	 Effective Percent: 3%
Avoidance
	 Rating: 0
	 Multiplicative Factor: 0%
	 DR Bracket: 0
	 Base: 0%
	 Effective Percent: 0%
Mastery
	 Rating: 25091
	 Multiplicative Factor: 0%
	 DR Bracket: 1
	 Base: 13,08%
	 Effective Percent: 38,75%
----------------------
08:30,914

Intellect
	 Rating: 154811
	 Multiplicative Factor: 8,15%
Stamina
	 Rating: 865117
	 Multiplicative Factor: 9,2%
Crit
	 Rating: 2928
	 Multiplicative Factor: 0%
	 DR Bracket: 0
	 Base: 5%
	 Effective Percent: 9,18%
	 Crit Inc Heal: 2
	 Crit Inc Damage: 2
Haste
	 Rating: 37036
	 Multiplicative Factor: 0%
	 DR Bracket: 3
	 Base: 0%
	 Effective Percent: 51,28%
Vers
	 Rating: 6785
	 Multiplicative Factor: 0%
	 DR Bracket: 0
	 Base: 3%
	 Effective Percent: 11,7%
Leech
	 Rating: 3060
	 Multiplicative Factor: 0%
	 DR Bracket: 0
	 Base: 0%
	 Effective Percent: 3%
Avoidance
	 Rating: 0
	 Multiplicative Factor: 0%
	 DR Bracket: 0
	 Base: 0%
	 Effective Percent: 0%
Mastery
	 Rating: 25091
	 Multiplicative Factor: 0%
	 DR Bracket: 1
	 Base: 13,08%
	 Effective Percent: 38,75%
----------------------
08:30,914

Intellect
	 Rating: 154811
	 Multiplicative Factor: 8,15%
Stamina
	 Rating: 865117
	 Multiplicative Factor: 9,2%
Crit
	 Rating: 2928
	 Multiplicative Factor: 0%
	 DR Bracket: 0
	 Base: 5%
	 Effective Percent: 9,18%
	 Crit Inc Heal: 2
	 Crit Inc Damage: 2
Haste
	 Rating: 37036
	 Multiplicative Factor: 0%
	 DR Bracket: 3
	 Base: 6%
	 Effective Percent: 60,36%
Vers
	 Rating: 6785
	 Multiplicative Factor: 0%
	 DR Bracket: 0
	 Base: 3%
	 Effective Percent: 11,7%
Leech
	 Rating: 3060
	 Multiplicative Factor: 0%
	 DR Bracket: 0
	 Base: 0%
	 Effective Percent: 3%
Avoidance
	 Rating: 0
	 Multiplicative Factor: 0%
	 DR Bracket: 0
	 Base: 0%
	 Effective Percent: 0%
Mastery
	 Rating: 25091
	 Multiplicative Factor: 0%
	 DR Bracket: 1
	 Base: 13,08%
	 Effective Percent: 38,75%
