----------------------
00:01,328

Intellect
	 Rating: 139449
	 Multiplicative Factor: 12,48%
Stamina
	 Rating: 762201
	 Multiplicative Factor: 11,3%
Crit
	 Rating: 13133
	 Multiplicative Factor: 0%
	 DR Bracket: 0
	 Base: 9%
	 Effective Percent: 27,76%
	 Crit Inc Heal: 2
	 Crit Inc Damage: 2
Haste
	 Rating: 20828
	 Multiplicative Factor: 0%
	 DR Bracket: 1
	 Base: 30%
	 Effective Percent: 70,82%
Vers
	 Rating: 13295
	 Multiplicative Factor: 0%
	 DR Bracket: 0
	 Base: 3%
	 Effective Percent: 20,04%
Leech
	 Rating: 1490
	 Multiplicative Factor: 0%
	 DR Bracket: 0
	 Base: 0%
	 Effective Percent: 1,46%
Avoidance
	 Rating: 2422
	 Multiplicative Factor: 0%
	 DR Bracket: 0
	 Base: 0%
	 Effective Percent: 4,45%
Mastery
	 Rating: 6448
	 Multiplicative Factor: 0%
	 DR Bracket: 0
	 Base: 21%
	 Effective Percent: 34,82%
----------------------
00:05,701

Intellect
	 Rating: 139449
	 Multiplicative Factor: 12,48%
Stamina
	 Rating: 762201
	 Multiplicative Factor: 11,3%
Crit
	 Rating: 13133
	 Multiplicative Factor: 0%
	 DR Bracket: 0
	 Base: 9%
	 Effective Percent: 27,76%
	 Crit Inc Heal: 2
	 Crit Inc Damage: 2
Haste
	 Rating: 20828
	 Multiplicative Factor: 0%
	 DR Bracket: 1
	 Base: 31%
	 Effective Percent: 72,14%
Vers
	 Rating: 13295
	 Multiplicative Factor: 0%
	 DR Bracket: 0
	 Base: 3%
	 Effective Percent: 20,04%
Leech
	 Rating: 1490
	 Multiplicative Factor: 0%
	 DR Bracket: 0
	 Base: 0%
	 Effective Percent: 1,46%
Avoidance
	 Rating: 2422
	 Multiplicative Factor: 0%
	 DR Bracket: 0
	 Base: 0%
	 Effective Percent: 4,45%
Mastery
	 Rating: 6448
	 Multiplicative Factor: 0%
	 DR Bracket: 0
	 Base: 21%
	 Effective Percent: 34,82%
----------------------
00:07,503

Intellect
	 Rating: 139449
	 Multiplicative Factor: 12,48%
Stamina
	 Rating: 762201
	 Multiplicative Factor: 11,3%
Crit
	 Rating: 13133
	 Multiplicative Factor: 0%
	 DR Bracket: 0
	 Base: 9%
	 Effective Percent: 27,76%
	 Crit Inc Heal: 2
	 Crit Inc Damage: 2
Haste
	 Rating: 20828
	 Multiplicative Factor: 0%
	 DR Bracket: 1
	 Base: 32%
	 Effective Percent: 73,45%
Vers
	 Rating: 13295
	 Multiplicative Factor: 0%
	 DR Bracket: 0
	 Base: 3%
	 Effective Percent: 20,04%
Leech
	 Rating: 1490
	 Multiplicative Factor: 0%
	 DR Bracket: 0
	 Base: 0%
	 Effective Percent: 1,46%
Avoidance
	 Rating: 2422
	 Multiplicative Factor: 0%
	 DR Bracket: 0
	 Base: 0%
	 Effective Percent: 4,45%
Mastery
	 Rating: 6448
	 Multiplicative Factor: 0%
	 DR Bracket: 0
	 Base: 21%
	 Effective Percent: 34,82%
----------------------
00:10,046

Intellect
	 Rating: 139449
	 Multiplicative Factor: 12,48%
Stamina
	 Rating: 762201
	 Multiplicative Factor: 11,3%
Crit
	 Rating: 13133
	 Multiplicative Factor: 0%
	 DR Bracket: 0
	 Base: 9%
	 Effective Percent: 27,76%
	 Crit Inc Heal: 2
	 Crit Inc Damage: 2
Haste
	 Rating: 20828
	 Multiplicative Factor: 0%
	 DR Bracket: 1
	 Base: 33%
	 Effective Percent: 74,76%
Vers
	 Rating: 13295
	 Multiplicative Factor: 0%
	 DR Bracket: 0
	 Base: 3%
	 Effective Percent: 20,04%
Leech
	 Rating: 1490
	 Multiplicative Factor: 0%
	 DR Bracket: 0
	 Base: 0%
	 Effective Percent: 1,46%
Avoidance
	 Rating: 2422
	 Multiplicative Factor: 0%
	 DR Bracket: 0
	 Base: 0%
	 Effective Percent: 4,45%
Mastery
	 Rating: 6448
	 Multiplicative Factor: 0%
	 DR Bracket: 0
	 Base: 21%
	 Effective Percent: 34,82%
----------------------
00:10,106

Intellect
	 Rating: 139449
	 Multiplicative Factor: 12,48%
Stamina
	 Rating: 762201
	 Multiplicative Factor: 11,3%
Crit
	 Rating: 13133
	 Multiplicative Factor: 0%
	 DR Bracket: 0
	 Base: 9%
	 Effective Percent: 27,76%
	 Crit Inc Heal: 2
	 Crit Inc Damage: 2
Haste
	 Rating: 20828
	 Multiplicative Factor: 0%
	 DR Bracket: 1
	 Base: 35%
	 Effective Percent: 77,39%
Vers
	 Rating: 13295
	 Multiplicative Factor: 0%
	 DR Bracket: 0
	 Base: 3%
	 Effective Percent: 20,04%
Leech
	 Rating: 1490
	 Multiplicative Factor: 0%
	 DR Bracket: 0
	 Base: 0%
	 Effective Percent: 1,46%
Avoidance
	 Rating: 2422
	 Multiplicative Factor: 0%
	 DR Bracket: 0
	 Base: 0%
	 Effective Percent: 4,45%
Mastery
	 Rating: 6448
	 Multiplicative Factor: 0%
	 DR Bracket: 0
	 Base: 21%
	 Effective Percent: 34,82%
----------------------
00:11,759

Intellect
	 Rating: 139449
	 Multiplicative Factor: 12,48%
Stamina
	 Rating: 762201
	 Multiplicative Factor: 11,3%
Crit
	 Rating: 13133
	 Multiplicative Factor: 0%
	 DR Bracket: 0
	 Base: 9%
	 Effective Percent: 27,76%
	 Crit Inc Heal: 2
	 Crit Inc Damage: 2
Haste
	 Rating: 20828
	 Multiplicative Factor: 0%
	 DR Bracket: 1
	 Base: 36%
	 Effective Percent: 78,71%
Vers
	 Rating: 13295
	 Multiplicative Factor: 0%
	 DR Bracket: 0
	 Base: 3%
	 Effective Percent: 20,04%
Leech
	 Rating: 1490
	 Multiplicative Factor: 0%
	 DR Bracket: 0
	 Base: 0%
	 Effective Percent: 1,46%
Avoidance
	 Rating: 2422
	 Multiplicative Factor: 0%
	 DR Bracket: 0
	 Base: 0%
	 Effective Percent: 4,45%
Mastery
	 Rating: 6448
	 Multiplicative Factor: 0%
	 DR Bracket: 0
	 Base: 21%
	 Effective Percent: 34,82%
----------------------
00:11,796

Intellect
	 Rating: 139449
	 Multiplicative Factor: 12,48%
Stamina
	 Rating: 762201
	 Multiplicative Factor: 11,3%
Crit
	 Rating: 13133
	 Multiplicative Factor: 0%
	 DR Bracket: 0
	 Base: 9%
	 Effective Percent: 27,76%
	 Crit Inc Heal: 2
	 Crit Inc Damage: 2
Haste
	 Rating: 20828
	 Multiplicative Factor: 0%
	 DR Bracket: 1
	 Base: 38%
	 Effective Percent: 81,33%
Vers
	 Rating: 13295
	 Multiplicative Factor: 0%
	 DR Bracket: 0
	 Base: 3%
	 Effective Percent: 20,04%
Leech
	 Rating: 1490
	 Multiplicative Factor: 0%
	 DR Bracket: 0
	 Base: 0%
	 Effective Percent: 1,46%
Avoidance
	 Rating: 2422
	 Multiplicative Factor: 0%
	 DR Bracket: 0
	 Base: 0%
	 Effective Percent: 4,45%
Mastery
	 Rating: 6448
	 Multiplicative Factor: 0%
	 DR Bracket: 0
	 Base: 21%
	 Effective Percent: 34,82%
----------------------
00:14,548

Intellect
	 Rating: 139449
	 Multiplicative Factor: 12,48%
Stamina
	 Rating: 762201
	 Multiplicative Factor: 11,3%
Crit
	 Rating: 13133
	 Multiplicative Factor: 0%
	 DR Bracket: 0
	 Base: 9%
	 Effective Percent: 27,76%
	 Crit Inc Heal: 2
	 Crit Inc Damage: 2
Haste
	 Rating: 20828
	 Multiplicative Factor: 0%
	 DR Bracket: 1
	 Base: 39%
	 Effective Percent: 82,65%
Vers
	 Rating: 13295
	 Multiplicative Factor: 0%
	 DR Bracket: 0
	 Base: 3%
	 Effective Percent: 20,04%
Leech
	 Rating: 1490
	 Multiplicative Factor: 0%
	 DR Bracket: 0
	 Base: 0%
	 Effective Percent: 1,46%
Avoidance
	 Rating: 2422
	 Multiplicative Factor: 0%
	 DR Bracket: 0
	 Base: 0%
	 Effective Percent: 4,45%
Mastery
	 Rating: 6448
	 Multiplicative Factor: 0%
	 DR Bracket: 0
	 Base: 21%
	 Effective Percent: 34,82%
----------------------
00:22,131

Intellect
	 Rating: 139449
	 Multiplicative Factor: 12,48%
Stamina
	 Rating: 762201
	 Multiplicative Factor: 11,3%
Crit
	 Rating: 13133
	 Multiplicative Factor: 0%
	 DR Bracket: 0
	 Base: 9%
	 Effective Percent: 27,76%
	 Crit Inc Heal: 2
	 Crit Inc Damage: 2
Haste
	 Rating: 20828
	 Multiplicative Factor: 0%
	 DR Bracket: 1
	 Base: 37%
	 Effective Percent: 80,02%
Vers
	 Rating: 13295
	 Multiplicative Factor: 0%
	 DR Bracket: 0
	 Base: 3%
	 Effective Percent: 20,04%
Leech
	 Rating: 1490
	 Multiplicative Factor: 0%
	 DR Bracket: 0
	 Base: 0%
	 Effective Percent: 1,46%
Avoidance
	 Rating: 2422
	 Multiplicative Factor: 0%
	 DR Bracket: 0
	 Base: 0%
	 Effective Percent: 4,45%
Mastery
	 Rating: 6448
	 Multiplicative Factor: 0%
	 DR Bracket: 0
	 Base: 21%
	 Effective Percent: 34,82%
----------------------
00:23,828

Intellect
	 Rating: 139449
	 Multiplicative Factor: 12,48%
Stamina
	 Rating: 762201
	 Multiplicative Factor: 11,3%
Crit
	 Rating: 13133
	 Multiplicative Factor: 0%
	 DR Bracket: 0
	 Base: 9%
	 Effective Percent: 27,76%
	 Crit Inc Heal: 2
	 Crit Inc Damage: 2
Haste
	 Rating: 20828
	 Multiplicative Factor: 0%
	 DR Bracket: 1
	 Base: 35%
	 Effective Percent: 77,39%
Vers
	 Rating: 13295
	 Multiplicative Factor: 0%
	 DR Bracket: 0
	 Base: 3%
	 Effective Percent: 20,04%
Leech
	 Rating: 1490
	 Multiplicative Factor: 0%
	 DR Bracket: 0
	 Base: 0%
	 Effective Percent: 1,46%
Avoidance
	 Rating: 2422
	 Multiplicative Factor: 0%
	 DR Bracket: 0
	 Base: 0%
	 Effective Percent: 4,45%
Mastery
	 Rating: 6448
	 Multiplicative Factor: 0%
	 DR Bracket: 0
	 Base: 21%
	 Effective Percent: 34,82%
----------------------
00:26,530

Intellect
	 Rating: 139449
	 Multiplicative Factor: 12,48%
Stamina
	 Rating: 762201
	 Multiplicative Factor: 11,3%
Crit
	 Rating: 13133
	 Multiplicative Factor: 0%
	 DR Bracket: 0
	 Base: 9%
	 Effective Percent: 27,76%
	 Crit Inc Heal: 2
	 Crit Inc Damage: 2
Haste
	 Rating: 20828
	 Multiplicative Factor: 0%
	 DR Bracket: 1
	 Base: 39%
	 Effective Percent: 82,65%
Vers
	 Rating: 13295
	 Multiplicative Factor: 0%
	 DR Bracket: 0
	 Base: 3%
	 Effective Percent: 20,04%
Leech
	 Rating: 1490
	 Multiplicative Factor: 0%
	 DR Bracket: 0
	 Base: 0%
	 Effective Percent: 1,46%
Avoidance
	 Rating: 2422
	 Multiplicative Factor: 0%
	 DR Bracket: 0
	 Base: 0%
	 Effective Percent: 4,45%
Mastery
	 Rating: 6448
	 Multiplicative Factor: 0%
	 DR Bracket: 0
	 Base: 21%
	 Effective Percent: 34,82%
----------------------
00:26,530

Intellect
	 Rating: 139449
	 Multiplicative Factor: 12,48%
Stamina
	 Rating: 762201
	 Multiplicative Factor: 11,3%
Crit
	 Rating: 13133
	 Multiplicative Factor: 0%
	 DR Bracket: 0
	 Base: 9%
	 Effective Percent: 27,76%
	 Crit Inc Heal: 2
	 Crit Inc Damage: 2
Haste
	 Rating: 20828
	 Multiplicative Factor: 0%
	 DR Bracket: 1
	 Base: 41%
	 Effective Percent: 85,28%
Vers
	 Rating: 13295
	 Multiplicative Factor: 0%
	 DR Bracket: 0
	 Base: 3%
	 Effective Percent: 20,04%
Leech
	 Rating: 1490
	 Multiplicative Factor: 0%
	 DR Bracket: 0
	 Base: 0%
	 Effective Percent: 1,46%
Avoidance
	 Rating: 2422
	 Multiplicative Factor: 0%
	 DR Bracket: 0
	 Base: 0%
	 Effective Percent: 4,45%
Mastery
	 Rating: 6448
	 Multiplicative Factor: 0%
	 DR Bracket: 0
	 Base: 21%
	 Effective Percent: 34,82%
----------------------
00:26,531

Intellect
	 Rating: 139449
	 Multiplicative Factor: 12,48%
Stamina
	 Rating: 762201
	 Multiplicative Factor: 11,3%
Crit
	 Rating: 13133
	 Multiplicative Factor: 0%
	 DR Bracket: 0
	 Base: 9%
	 Effective Percent: 27,76%
	 Crit Inc Heal: 2
	 Crit Inc Damage: 2
Haste
	 Rating: 20828
	 Multiplicative Factor: 0%
	 DR Bracket: 1
	 Base: 43%
	 Effective Percent: 87,9%
Vers
	 Rating: 13295
	 Multiplicative Factor: 0%
	 DR Bracket: 0
	 Base: 3%
	 Effective Percent: 20,04%
Leech
	 Rating: 1490
	 Multiplicative Factor: 0%
	 DR Bracket: 0
	 Base: 0%
	 Effective Percent: 1,46%
Avoidance
	 Rating: 2422
	 Multiplicative Factor: 0%
	 DR Bracket: 0
	 Base: 0%
	 Effective Percent: 4,45%
Mastery
	 Rating: 6448
	 Multiplicative Factor: 0%
	 DR Bracket: 0
	 Base: 21%
	 Effective Percent: 34,82%
----------------------
00:26,531

Intellect
	 Rating: 139449
	 Multiplicative Factor: 12,48%
Stamina
	 Rating: 762201
	 Multiplicative Factor: 11,3%
Crit
	 Rating: 13133
	 Multiplicative Factor: 0%
	 DR Bracket: 0
	 Base: 9%
	 Effective Percent: 27,76%
	 Crit Inc Heal: 2
	 Crit Inc Damage: 2
Haste
	 Rating: 20828
	 Multiplicative Factor: 0%
	 DR Bracket: 1
	 Base: 45%
	 Effective Percent: 90,53%
Vers
	 Rating: 13295
	 Multiplicative Factor: 0%
	 DR Bracket: 0
	 Base: 3%
	 Effective Percent: 20,04%
Leech
	 Rating: 1490
	 Multiplicative Factor: 0%
	 DR Bracket: 0
	 Base: 0%
	 Effective Percent: 1,46%
Avoidance
	 Rating: 2422
	 Multiplicative Factor: 0%
	 DR Bracket: 0
	 Base: 0%
	 Effective Percent: 4,45%
Mastery
	 Rating: 6448
	 Multiplicative Factor: 0%
	 DR Bracket: 0
	 Base: 21%
	 Effective Percent: 34,82%
----------------------
00:38,521

Intellect
	 Rating: 139449
	 Multiplicative Factor: 12,48%
Stamina
	 Rating: 762201
	 Multiplicative Factor: 11,3%
Crit
	 Rating: 13133
	 Multiplicative Factor: 0%
	 DR Bracket: 0
	 Base: 9%
	 Effective Percent: 27,76%
	 Crit Inc Heal: 2
	 Crit Inc Damage: 2
Haste
	 Rating: 20828
	 Multiplicative Factor: 0%
	 DR Bracket: 1
	 Base: 43%
	 Effective Percent: 87,9%
Vers
	 Rating: 13295
	 Multiplicative Factor: 0%
	 DR Bracket: 0
	 Base: 3%
	 Effective Percent: 20,04%
Leech
	 Rating: 1490
	 Multiplicative Factor: 0%
	 DR Bracket: 0
	 Base: 0%
	 Effective Percent: 1,46%
Avoidance
	 Rating: 2422
	 Multiplicative Factor: 0%
	 DR Bracket: 0
	 Base: 0%
	 Effective Percent: 4,45%
Mastery
	 Rating: 6448
	 Multiplicative Factor: 0%
	 DR Bracket: 0
	 Base: 21%
	 Effective Percent: 34,82%
----------------------
00:38,544

Intellect
	 Rating: 139449
	 Multiplicative Factor: 12,48%
Stamina
	 Rating: 762201
	 Multiplicative Factor: 11,3%
Crit
	 Rating: 13133
	 Multiplicative Factor: 0%
	 DR Bracket: 0
	 Base: 9%
	 Effective Percent: 27,76%
	 Crit Inc Heal: 2
	 Crit Inc Damage: 2
Haste
	 Rating: 20828
	 Multiplicative Factor: 0%
	 DR Bracket: 1
	 Base: 37%
	 Effective Percent: 80,02%
Vers
	 Rating: 13295
	 Multiplicative Factor: 0%
	 DR Bracket: 0
	 Base: 3%
	 Effective Percent: 20,04%
Leech
	 Rating: 1490
	 Multiplicative Factor: 0%
	 DR Bracket: 0
	 Base: 0%
	 Effective Percent: 1,46%
Avoidance
	 Rating: 2422
	 Multiplicative Factor: 0%
	 DR Bracket: 0
	 Base: 0%
	 Effective Percent: 4,45%
Mastery
	 Rating: 6448
	 Multiplicative Factor: 0%
	 DR Bracket: 0
	 Base: 21%
	 Effective Percent: 34,82%
----------------------
00:41,338

Intellect
	 Rating: 139449
	 Multiplicative Factor: 12,48%
Stamina
	 Rating: 762201
	 Multiplicative Factor: 11,3%
Crit
	 Rating: 13133
	 Multiplicative Factor: 0%
	 DR Bracket: 0
	 Base: 9%
	 Effective Percent: 27,76%
	 Crit Inc Heal: 2
	 Crit Inc Damage: 2
Haste
	 Rating: 20828
	 Multiplicative Factor: 0%
	 DR Bracket: 1
	 Base: 7%
	 Effective Percent: 40,6%
Vers
	 Rating: 13295
	 Multiplicative Factor: 0%
	 DR Bracket: 0
	 Base: 3%
	 Effective Percent: 20,04%
Leech
	 Rating: 1490
	 Multiplicative Factor: 0%
	 DR Bracket: 0
	 Base: 0%
	 Effective Percent: 1,46%
Avoidance
	 Rating: 2422
	 Multiplicative Factor: 0%
	 DR Bracket: 0
	 Base: 0%
	 Effective Percent: 4,45%
Mastery
	 Rating: 6448
	 Multiplicative Factor: 0%
	 DR Bracket: 0
	 Base: 21%
	 Effective Percent: 34,82%
----------------------
00:44,132

Intellect
	 Rating: 139449
	 Multiplicative Factor: 12,48%
Stamina
	 Rating: 762201
	 Multiplicative Factor: 11,3%
Crit
	 Rating: 13133
	 Multiplicative Factor: 0%
	 DR Bracket: 0
	 Base: 9%
	 Effective Percent: 27,76%
	 Crit Inc Heal: 2
	 Crit Inc Damage: 2
Haste
	 Rating: 20828
	 Multiplicative Factor: 0%
	 DR Bracket: 1
	 Base: 9%
	 Effective Percent: 43,23%
Vers
	 Rating: 13295
	 Multiplicative Factor: 0%
	 DR Bracket: 0
	 Base: 3%
	 Effective Percent: 20,04%
Leech
	 Rating: 1490
	 Multiplicative Factor: 0%
	 DR Bracket: 0
	 Base: 0%
	 Effective Percent: 1,46%
Avoidance
	 Rating: 2422
	 Multiplicative Factor: 0%
	 DR Bracket: 0
	 Base: 0%
	 Effective Percent: 4,45%
Mastery
	 Rating: 6448
	 Multiplicative Factor: 0%
	 DR Bracket: 0
	 Base: 21%
	 Effective Percent: 34,82%
----------------------
00:45,199

Intellect
	 Rating: 139449
	 Multiplicative Factor: 12,48%
Stamina
	 Rating: 762201
	 Multiplicative Factor: 11,3%
Crit
	 Rating: 13133
	 Multiplicative Factor: 0%
	 DR Bracket: 0
	 Base: 9%
	 Effective Percent: 27,76%
	 Crit Inc Heal: 2
	 Crit Inc Damage: 2
Haste
	 Rating: 20828
	 Multiplicative Factor: 0%
	 DR Bracket: 1
	 Base: 11%
	 Effective Percent: 45,86%
Vers
	 Rating: 13295
	 Multiplicative Factor: 0%
	 DR Bracket: 0
	 Base: 3%
	 Effective Percent: 20,04%
Leech
	 Rating: 1490
	 Multiplicative Factor: 0%
	 DR Bracket: 0
	 Base: 0%
	 Effective Percent: 1,46%
Avoidance
	 Rating: 2422
	 Multiplicative Factor: 0%
	 DR Bracket: 0
	 Base: 0%
	 Effective Percent: 4,45%
Mastery
	 Rating: 6448
	 Multiplicative Factor: 0%
	 DR Bracket: 0
	 Base: 21%
	 Effective Percent: 34,82%
----------------------
00:47,323

Intellect
	 Rating: 139449
	 Multiplicative Factor: 12,48%
Stamina
	 Rating: 762201
	 Multiplicative Factor: 11,3%
Crit
	 Rating: 13133
	 Multiplicative Factor: 0%
	 DR Bracket: 0
	 Base: 9%
	 Effective Percent: 27,76%
	 Crit Inc Heal: 2
	 Crit Inc Damage: 2
Haste
	 Rating: 20828
	 Multiplicative Factor: 0%
	 DR Bracket: 1
	 Base: 13%
	 Effective Percent: 48,48%
Vers
	 Rating: 13295
	 Multiplicative Factor: 0%
	 DR Bracket: 0
	 Base: 3%
	 Effective Percent: 20,04%
Leech
	 Rating: 1490
	 Multiplicative Factor: 0%
	 DR Bracket: 0
	 Base: 0%
	 Effective Percent: 1,46%
Avoidance
	 Rating: 2422
	 Multiplicative Factor: 0%
	 DR Bracket: 0
	 Base: 0%
	 Effective Percent: 4,45%
Mastery
	 Rating: 6448
	 Multiplicative Factor: 0%
	 DR Bracket: 0
	 Base: 21%
	 Effective Percent: 34,82%
----------------------
00:48,075

Intellect
	 Rating: 139449
	 Multiplicative Factor: 12,48%
Stamina
	 Rating: 762201
	 Multiplicative Factor: 11,3%
Crit
	 Rating: 13133
	 Multiplicative Factor: 0%
	 DR Bracket: 0
	 Base: 9%
	 Effective Percent: 27,76%
	 Crit Inc Heal: 2
	 Crit Inc Damage: 2
Haste
	 Rating: 20828
	 Multiplicative Factor: 0%
	 DR Bracket: 1
	 Base: 13%
	 Effective Percent: 48,48%
Vers
	 Rating: 13295
	 Multiplicative Factor: 0%
	 DR Bracket: 0
	 Base: 3%
	 Effective Percent: 20,04%
Leech
	 Rating: 1490
	 Multiplicative Factor: 0%
	 DR Bracket: 0
	 Base: 0%
	 Effective Percent: 1,46%
Avoidance
	 Rating: 2422
	 Multiplicative Factor: 0%
	 DR Bracket: 0
	 Base: 0%
	 Effective Percent: 4,45%
Mastery
	 Rating: 6448
	 Multiplicative Factor: 0%
	 DR Bracket: 0
	 Base: 21%
	 Effective Percent: 34,82%
----------------------
00:50,438

Intellect
	 Rating: 139449
	 Multiplicative Factor: 12,48%
Stamina
	 Rating: 762201
	 Multiplicative Factor: 11,3%
Crit
	 Rating: 13133
	 Multiplicative Factor: 0%
	 DR Bracket: 0
	 Base: 9%
	 Effective Percent: 27,76%
	 Crit Inc Heal: 2
	 Crit Inc Damage: 2
Haste
	 Rating: 20828
	 Multiplicative Factor: 0%
	 DR Bracket: 1
	 Base: 15%
	 Effective Percent: 51,11%
Vers
	 Rating: 13295
	 Multiplicative Factor: 0%
	 DR Bracket: 0
	 Base: 3%
	 Effective Percent: 20,04%
Leech
	 Rating: 1490
	 Multiplicative Factor: 0%
	 DR Bracket: 0
	 Base: 0%
	 Effective Percent: 1,46%
Avoidance
	 Rating: 2422
	 Multiplicative Factor: 0%
	 DR Bracket: 0
	 Base: 0%
	 Effective Percent: 4,45%
Mastery
	 Rating: 6448
	 Multiplicative Factor: 0%
	 DR Bracket: 0
	 Base: 21%
	 Effective Percent: 34,82%
----------------------
00:56,130

Intellect
	 Rating: 139449
	 Multiplicative Factor: 12,48%
Stamina
	 Rating: 762201
	 Multiplicative Factor: 11,3%
Crit
	 Rating: 13133
	 Multiplicative Factor: 0%
	 DR Bracket: 0
	 Base: 9%
	 Effective Percent: 27,76%
	 Crit Inc Heal: 2
	 Crit Inc Damage: 2
Haste
	 Rating: 20828
	 Multiplicative Factor: 0%
	 DR Bracket: 1
	 Base: 13%
	 Effective Percent: 48,48%
Vers
	 Rating: 13295
	 Multiplicative Factor: 0%
	 DR Bracket: 0
	 Base: 3%
	 Effective Percent: 20,04%
Leech
	 Rating: 1490
	 Multiplicative Factor: 0%
	 DR Bracket: 0
	 Base: 0%
	 Effective Percent: 1,46%
Avoidance
	 Rating: 2422
	 Multiplicative Factor: 0%
	 DR Bracket: 0
	 Base: 0%
	 Effective Percent: 4,45%
Mastery
	 Rating: 6448
	 Multiplicative Factor: 0%
	 DR Bracket: 0
	 Base: 21%
	 Effective Percent: 34,82%
----------------------
00:57,228

Intellect
	 Rating: 139449
	 Multiplicative Factor: 12,48%
Stamina
	 Rating: 762201
	 Multiplicative Factor: 11,3%
Crit
	 Rating: 13133
	 Multiplicative Factor: 0%
	 DR Bracket: 0
	 Base: 9%
	 Effective Percent: 27,76%
	 Crit Inc Heal: 2
	 Crit Inc Damage: 2
Haste
	 Rating: 20828
	 Multiplicative Factor: 0%
	 DR Bracket: 1
	 Base: 11%
	 Effective Percent: 45,86%
Vers
	 Rating: 13295
	 Multiplicative Factor: 0%
	 DR Bracket: 0
	 Base: 3%
	 Effective Percent: 20,04%
Leech
	 Rating: 1490
	 Multiplicative Factor: 0%
	 DR Bracket: 0
	 Base: 0%
	 Effective Percent: 1,46%
Avoidance
	 Rating: 2422
	 Multiplicative Factor: 0%
	 DR Bracket: 0
	 Base: 0%
	 Effective Percent: 4,45%
Mastery
	 Rating: 6448
	 Multiplicative Factor: 0%
	 DR Bracket: 0
	 Base: 21%
	 Effective Percent: 34,82%
----------------------
00:58,514

Intellect
	 Rating: 139449
	 Multiplicative Factor: 12,48%
Stamina
	 Rating: 762201
	 Multiplicative Factor: 11,3%
Crit
	 Rating: 13133
	 Multiplicative Factor: 0%
	 DR Bracket: 0
	 Base: 9%
	 Effective Percent: 27,76%
	 Crit Inc Heal: 2
	 Crit Inc Damage: 2
Haste
	 Rating: 20828
	 Multiplicative Factor: 0%
	 DR Bracket: 1
	 Base: 13%
	 Effective Percent: 48,48%
Vers
	 Rating: 13295
	 Multiplicative Factor: 0%
	 DR Bracket: 0
	 Base: 3%
	 Effective Percent: 20,04%
Leech
	 Rating: 1490
	 Multiplicative Factor: 0%
	 DR Bracket: 0
	 Base: 0%
	 Effective Percent: 1,46%
Avoidance
	 Rating: 2422
	 Multiplicative Factor: 0%
	 DR Bracket: 0
	 Base: 0%
	 Effective Percent: 4,45%
Mastery
	 Rating: 6448
	 Multiplicative Factor: 0%
	 DR Bracket: 0
	 Base: 21%
	 Effective Percent: 34,82%
----------------------
00:59,331

Intellect
	 Rating: 139449
	 Multiplicative Factor: 12,48%
Stamina
	 Rating: 762201
	 Multiplicative Factor: 11,3%
Crit
	 Rating: 13133
	 Multiplicative Factor: 0%
	 DR Bracket: 0
	 Base: 9%
	 Effective Percent: 27,76%
	 Crit Inc Heal: 2
	 Crit Inc Damage: 2
Haste
	 Rating: 20828
	 Multiplicative Factor: 0%
	 DR Bracket: 1
	 Base: 11%
	 Effective Percent: 45,86%
Vers
	 Rating: 13295
	 Multiplicative Factor: 0%
	 DR Bracket: 0
	 Base: 3%
	 Effective Percent: 20,04%
Leech
	 Rating: 1490
	 Multiplicative Factor: 0%
	 DR Bracket: 0
	 Base: 0%
	 Effective Percent: 1,46%
Avoidance
	 Rating: 2422
	 Multiplicative Factor: 0%
	 DR Bracket: 0
	 Base: 0%
	 Effective Percent: 4,45%
Mastery
	 Rating: 6448
	 Multiplicative Factor: 0%
	 DR Bracket: 0
	 Base: 21%
	 Effective Percent: 34,82%
----------------------
01:02,460

Intellect
	 Rating: 139449
	 Multiplicative Factor: 12,48%
Stamina
	 Rating: 762201
	 Multiplicative Factor: 11,3%
Crit
	 Rating: 13133
	 Multiplicative Factor: 0%
	 DR Bracket: 0
	 Base: 9%
	 Effective Percent: 27,76%
	 Crit Inc Heal: 2
	 Crit Inc Damage: 2
Haste
	 Rating: 20828
	 Multiplicative Factor: 0%
	 DR Bracket: 1
	 Base: 9%
	 Effective Percent: 43,23%
Vers
	 Rating: 13295
	 Multiplicative Factor: 0%
	 DR Bracket: 0
	 Base: 3%
	 Effective Percent: 20,04%
Leech
	 Rating: 1490
	 Multiplicative Factor: 0%
	 DR Bracket: 0
	 Base: 0%
	 Effective Percent: 1,46%
Avoidance
	 Rating: 2422
	 Multiplicative Factor: 0%
	 DR Bracket: 0
	 Base: 0%
	 Effective Percent: 4,45%
Mastery
	 Rating: 6448
	 Multiplicative Factor: 0%
	 DR Bracket: 0
	 Base: 21%
	 Effective Percent: 34,82%
----------------------
01:10,521

Intellect
	 Rating: 139449
	 Multiplicative Factor: 12,48%
Stamina
	 Rating: 762201
	 Multiplicative Factor: 11,3%
Crit
	 Rating: 13133
	 Multiplicative Factor: 0%
	 DR Bracket: 0
	 Base: 9%
	 Effective Percent: 27,76%
	 Crit Inc Heal: 2
	 Crit Inc Damage: 2
Haste
	 Rating: 20828
	 Multiplicative Factor: 0%
	 DR Bracket: 1
	 Base: 7%
	 Effective Percent: 40,6%
Vers
	 Rating: 13295
	 Multiplicative Factor: 0%
	 DR Bracket: 0
	 Base: 3%
	 Effective Percent: 20,04%
Leech
	 Rating: 1490
	 Multiplicative Factor: 0%
	 DR Bracket: 0
	 Base: 0%
	 Effective Percent: 1,46%
Avoidance
	 Rating: 2422
	 Multiplicative Factor: 0%
	 DR Bracket: 0
	 Base: 0%
	 Effective Percent: 4,45%
Mastery
	 Rating: 6448
	 Multiplicative Factor: 0%
	 DR Bracket: 0
	 Base: 21%
	 Effective Percent: 34,82%
----------------------
01:15,268

Intellect
	 Rating: 139449
	 Multiplicative Factor: 12,48%
Stamina
	 Rating: 762201
	 Multiplicative Factor: 11,3%
Crit
	 Rating: 13133
	 Multiplicative Factor: 0%
	 DR Bracket: 0
	 Base: 9%
	 Effective Percent: 27,76%
	 Crit Inc Heal: 2
	 Crit Inc Damage: 2
Haste
	 Rating: 20828
	 Multiplicative Factor: 0%
	 DR Bracket: 1
	 Base: 9%
	 Effective Percent: 43,23%
Vers
	 Rating: 13295
	 Multiplicative Factor: 0%
	 DR Bracket: 0
	 Base: 3%
	 Effective Percent: 20,04%
Leech
	 Rating: 1490
	 Multiplicative Factor: 0%
	 DR Bracket: 0
	 Base: 0%
	 Effective Percent: 1,46%
Avoidance
	 Rating: 2422
	 Multiplicative Factor: 0%
	 DR Bracket: 0
	 Base: 0%
	 Effective Percent: 4,45%
Mastery
	 Rating: 6448
	 Multiplicative Factor: 0%
	 DR Bracket: 0
	 Base: 21%
	 Effective Percent: 34,82%
----------------------
01:19,049

Intellect
	 Rating: 139449
	 Multiplicative Factor: 12,48%
Stamina
	 Rating: 762201
	 Multiplicative Factor: 11,3%
Crit
	 Rating: 13133
	 Multiplicative Factor: 0%
	 DR Bracket: 0
	 Base: 9%
	 Effective Percent: 27,76%
	 Crit Inc Heal: 2
	 Crit Inc Damage: 2
Haste
	 Rating: 20828
	 Multiplicative Factor: 0%
	 DR Bracket: 1
	 Base: 11%
	 Effective Percent: 45,86%
Vers
	 Rating: 13295
	 Multiplicative Factor: 0%
	 DR Bracket: 0
	 Base: 3%
	 Effective Percent: 20,04%
Leech
	 Rating: 1490
	 Multiplicative Factor: 0%
	 DR Bracket: 0
	 Base: 0%
	 Effective Percent: 1,46%
Avoidance
	 Rating: 2422
	 Multiplicative Factor: 0%
	 DR Bracket: 0
	 Base: 0%
	 Effective Percent: 4,45%
Mastery
	 Rating: 6448
	 Multiplicative Factor: 0%
	 DR Bracket: 0
	 Base: 21%
	 Effective Percent: 34,82%
----------------------
01:23,792

Intellect
	 Rating: 139449
	 Multiplicative Factor: 12,48%
Stamina
	 Rating: 762201
	 Multiplicative Factor: 11,3%
Crit
	 Rating: 13133
	 Multiplicative Factor: 0%
	 DR Bracket: 0
	 Base: 9%
	 Effective Percent: 27,76%
	 Crit Inc Heal: 2
	 Crit Inc Damage: 2
Haste
	 Rating: 20828
	 Multiplicative Factor: 0%
	 DR Bracket: 1
	 Base: 13%
	 Effective Percent: 48,48%
Vers
	 Rating: 13295
	 Multiplicative Factor: 0%
	 DR Bracket: 0
	 Base: 3%
	 Effective Percent: 20,04%
Leech
	 Rating: 1490
	 Multiplicative Factor: 0%
	 DR Bracket: 0
	 Base: 0%
	 Effective Percent: 1,46%
Avoidance
	 Rating: 2422
	 Multiplicative Factor: 0%
	 DR Bracket: 0
	 Base: 0%
	 Effective Percent: 4,45%
Mastery
	 Rating: 6448
	 Multiplicative Factor: 0%
	 DR Bracket: 0
	 Base: 21%
	 Effective Percent: 34,82%
----------------------
01:27,269

Intellect
	 Rating: 139449
	 Multiplicative Factor: 12,48%
Stamina
	 Rating: 762201
	 Multiplicative Factor: 11,3%
Crit
	 Rating: 13133
	 Multiplicative Factor: 0%
	 DR Bracket: 0
	 Base: 9%
	 Effective Percent: 27,76%
	 Crit Inc Heal: 2
	 Crit Inc Damage: 2
Haste
	 Rating: 20828
	 Multiplicative Factor: 0%
	 DR Bracket: 1
	 Base: 11%
	 Effective Percent: 45,86%
Vers
	 Rating: 13295
	 Multiplicative Factor: 0%
	 DR Bracket: 0
	 Base: 3%
	 Effective Percent: 20,04%
Leech
	 Rating: 1490
	 Multiplicative Factor: 0%
	 DR Bracket: 0
	 Base: 0%
	 Effective Percent: 1,46%
Avoidance
	 Rating: 2422
	 Multiplicative Factor: 0%
	 DR Bracket: 0
	 Base: 0%
	 Effective Percent: 4,45%
Mastery
	 Rating: 6448
	 Multiplicative Factor: 0%
	 DR Bracket: 0
	 Base: 21%
	 Effective Percent: 34,82%
----------------------
01:31,094

Intellect
	 Rating: 139449
	 Multiplicative Factor: 12,48%
Stamina
	 Rating: 762201
	 Multiplicative Factor: 11,3%
Crit
	 Rating: 13133
	 Multiplicative Factor: 0%
	 DR Bracket: 0
	 Base: 9%
	 Effective Percent: 27,76%
	 Crit Inc Heal: 2
	 Crit Inc Damage: 2
Haste
	 Rating: 20828
	 Multiplicative Factor: 0%
	 DR Bracket: 1
	 Base: 9%
	 Effective Percent: 43,23%
Vers
	 Rating: 13295
	 Multiplicative Factor: 0%
	 DR Bracket: 0
	 Base: 3%
	 Effective Percent: 20,04%
Leech
	 Rating: 1490
	 Multiplicative Factor: 0%
	 DR Bracket: 0
	 Base: 0%
	 Effective Percent: 1,46%
Avoidance
	 Rating: 2422
	 Multiplicative Factor: 0%
	 DR Bracket: 0
	 Base: 0%
	 Effective Percent: 4,45%
Mastery
	 Rating: 6448
	 Multiplicative Factor: 0%
	 DR Bracket: 0
	 Base: 21%
	 Effective Percent: 34,82%
----------------------
01:35,780

Intellect
	 Rating: 139449
	 Multiplicative Factor: 12,48%
Stamina
	 Rating: 762201
	 Multiplicative Factor: 11,3%
Crit
	 Rating: 13133
	 Multiplicative Factor: 0%
	 DR Bracket: 0
	 Base: 9%
	 Effective Percent: 27,76%
	 Crit Inc Heal: 2
	 Crit Inc Damage: 2
Haste
	 Rating: 20828
	 Multiplicative Factor: 0%
	 DR Bracket: 1
	 Base: 7%
	 Effective Percent: 40,6%
Vers
	 Rating: 13295
	 Multiplicative Factor: 0%
	 DR Bracket: 0
	 Base: 3%
	 Effective Percent: 20,04%
Leech
	 Rating: 1490
	 Multiplicative Factor: 0%
	 DR Bracket: 0
	 Base: 0%
	 Effective Percent: 1,46%
Avoidance
	 Rating: 2422
	 Multiplicative Factor: 0%
	 DR Bracket: 0
	 Base: 0%
	 Effective Percent: 4,45%
Mastery
	 Rating: 6448
	 Multiplicative Factor: 0%
	 DR Bracket: 0
	 Base: 21%
	 Effective Percent: 34,82%
----------------------
01:49,872

Intellect
	 Rating: 139449
	 Multiplicative Factor: 12,48%
Stamina
	 Rating: 762201
	 Multiplicative Factor: 11,3%
Crit
	 Rating: 13133
	 Multiplicative Factor: 0%
	 DR Bracket: 0
	 Base: 9%
	 Effective Percent: 27,76%
	 Crit Inc Heal: 2
	 Crit Inc Damage: 2
Haste
	 Rating: 20828
	 Multiplicative Factor: 0%
	 DR Bracket: 1
	 Base: 9%
	 Effective Percent: 43,23%
Vers
	 Rating: 13295
	 Multiplicative Factor: 0%
	 DR Bracket: 0
	 Base: 3%
	 Effective Percent: 20,04%
Leech
	 Rating: 1490
	 Multiplicative Factor: 0%
	 DR Bracket: 0
	 Base: 0%
	 Effective Percent: 1,46%
Avoidance
	 Rating: 2422
	 Multiplicative Factor: 0%
	 DR Bracket: 0
	 Base: 0%
	 Effective Percent: 4,45%
Mastery
	 Rating: 6448
	 Multiplicative Factor: 0%
	 DR Bracket: 0
	 Base: 21%
	 Effective Percent: 34,82%
----------------------
01:53,035

Intellect
	 Rating: 139449
	 Multiplicative Factor: 12,48%
Stamina
	 Rating: 762201
	 Multiplicative Factor: 11,3%
Crit
	 Rating: 13133
	 Multiplicative Factor: 0%
	 DR Bracket: 0
	 Base: 9%
	 Effective Percent: 27,76%
	 Crit Inc Heal: 2
	 Crit Inc Damage: 2
Haste
	 Rating: 20828
	 Multiplicative Factor: 0%
	 DR Bracket: 1
	 Base: 11%
	 Effective Percent: 45,86%
Vers
	 Rating: 13295
	 Multiplicative Factor: 0%
	 DR Bracket: 0
	 Base: 3%
	 Effective Percent: 20,04%
Leech
	 Rating: 1490
	 Multiplicative Factor: 0%
	 DR Bracket: 0
	 Base: 0%
	 Effective Percent: 1,46%
Avoidance
	 Rating: 2422
	 Multiplicative Factor: 0%
	 DR Bracket: 0
	 Base: 0%
	 Effective Percent: 4,45%
Mastery
	 Rating: 6448
	 Multiplicative Factor: 0%
	 DR Bracket: 0
	 Base: 21%
	 Effective Percent: 34,82%
----------------------
01:59,680

Intellect
	 Rating: 139449
	 Multiplicative Factor: 12,48%
Stamina
	 Rating: 762201
	 Multiplicative Factor: 11,3%
Crit
	 Rating: 13133
	 Multiplicative Factor: 0%
	 DR Bracket: 0
	 Base: 9%
	 Effective Percent: 27,76%
	 Crit Inc Heal: 2
	 Crit Inc Damage: 2
Haste
	 Rating: 20828
	 Multiplicative Factor: 0%
	 DR Bracket: 1
	 Base: 13%
	 Effective Percent: 48,48%
Vers
	 Rating: 13295
	 Multiplicative Factor: 0%
	 DR Bracket: 0
	 Base: 3%
	 Effective Percent: 20,04%
Leech
	 Rating: 1490
	 Multiplicative Factor: 0%
	 DR Bracket: 0
	 Base: 0%
	 Effective Percent: 1,46%
Avoidance
	 Rating: 2422
	 Multiplicative Factor: 0%
	 DR Bracket: 0
	 Base: 0%
	 Effective Percent: 4,45%
Mastery
	 Rating: 6448
	 Multiplicative Factor: 0%
	 DR Bracket: 0
	 Base: 21%
	 Effective Percent: 34,82%
----------------------
02:01,893

Intellect
	 Rating: 139449
	 Multiplicative Factor: 12,48%
Stamina
	 Rating: 762201
	 Multiplicative Factor: 11,3%
Crit
	 Rating: 13133
	 Multiplicative Factor: 0%
	 DR Bracket: 0
	 Base: 9%
	 Effective Percent: 27,76%
	 Crit Inc Heal: 2
	 Crit Inc Damage: 2
Haste
	 Rating: 20828
	 Multiplicative Factor: 0%
	 DR Bracket: 1
	 Base: 11%
	 Effective Percent: 45,86%
Vers
	 Rating: 13295
	 Multiplicative Factor: 0%
	 DR Bracket: 0
	 Base: 3%
	 Effective Percent: 20,04%
Leech
	 Rating: 1490
	 Multiplicative Factor: 0%
	 DR Bracket: 0
	 Base: 0%
	 Effective Percent: 1,46%
Avoidance
	 Rating: 2422
	 Multiplicative Factor: 0%
	 DR Bracket: 0
	 Base: 0%
	 Effective Percent: 4,45%
Mastery
	 Rating: 6448
	 Multiplicative Factor: 0%
	 DR Bracket: 0
	 Base: 21%
	 Effective Percent: 34,82%
----------------------
02:05,047

Intellect
	 Rating: 139449
	 Multiplicative Factor: 12,48%
Stamina
	 Rating: 762201
	 Multiplicative Factor: 11,3%
Crit
	 Rating: 13133
	 Multiplicative Factor: 0%
	 DR Bracket: 0
	 Base: 9%
	 Effective Percent: 27,76%
	 Crit Inc Heal: 2
	 Crit Inc Damage: 2
Haste
	 Rating: 20828
	 Multiplicative Factor: 0%
	 DR Bracket: 1
	 Base: 9%
	 Effective Percent: 43,23%
Vers
	 Rating: 13295
	 Multiplicative Factor: 0%
	 DR Bracket: 0
	 Base: 3%
	 Effective Percent: 20,04%
Leech
	 Rating: 1490
	 Multiplicative Factor: 0%
	 DR Bracket: 0
	 Base: 0%
	 Effective Percent: 1,46%
Avoidance
	 Rating: 2422
	 Multiplicative Factor: 0%
	 DR Bracket: 0
	 Base: 0%
	 Effective Percent: 4,45%
Mastery
	 Rating: 6448
	 Multiplicative Factor: 0%
	 DR Bracket: 0
	 Base: 21%
	 Effective Percent: 34,82%
----------------------
02:11,711

Intellect
	 Rating: 139449
	 Multiplicative Factor: 12,48%
Stamina
	 Rating: 762201
	 Multiplicative Factor: 11,3%
Crit
	 Rating: 13133
	 Multiplicative Factor: 0%
	 DR Bracket: 0
	 Base: 9%
	 Effective Percent: 27,76%
	 Crit Inc Heal: 2
	 Crit Inc Damage: 2
Haste
	 Rating: 20828
	 Multiplicative Factor: 0%
	 DR Bracket: 1
	 Base: 7%
	 Effective Percent: 40,6%
Vers
	 Rating: 13295
	 Multiplicative Factor: 0%
	 DR Bracket: 0
	 Base: 3%
	 Effective Percent: 20,04%
Leech
	 Rating: 1490
	 Multiplicative Factor: 0%
	 DR Bracket: 0
	 Base: 0%
	 Effective Percent: 1,46%
Avoidance
	 Rating: 2422
	 Multiplicative Factor: 0%
	 DR Bracket: 0
	 Base: 0%
	 Effective Percent: 4,45%
Mastery
	 Rating: 6448
	 Multiplicative Factor: 0%
	 DR Bracket: 0
	 Base: 21%
	 Effective Percent: 34,82%
----------------------
02:14,761

Intellect
	 Rating: 139449
	 Multiplicative Factor: 12,48%
Stamina
	 Rating: 762201
	 Multiplicative Factor: 11,3%
Crit
	 Rating: 13133
	 Multiplicative Factor: 0%
	 DR Bracket: 0
	 Base: 9%
	 Effective Percent: 27,76%
	 Crit Inc Heal: 2
	 Crit Inc Damage: 2
Haste
	 Rating: 20828
	 Multiplicative Factor: 0%
	 DR Bracket: 1
	 Base: 9%
	 Effective Percent: 43,23%
Vers
	 Rating: 13295
	 Multiplicative Factor: 0%
	 DR Bracket: 0
	 Base: 3%
	 Effective Percent: 20,04%
Leech
	 Rating: 1490
	 Multiplicative Factor: 0%
	 DR Bracket: 0
	 Base: 0%
	 Effective Percent: 1,46%
Avoidance
	 Rating: 2422
	 Multiplicative Factor: 0%
	 DR Bracket: 0
	 Base: 0%
	 Effective Percent: 4,45%
Mastery
	 Rating: 6448
	 Multiplicative Factor: 0%
	 DR Bracket: 0
	 Base: 21%
	 Effective Percent: 34,82%
----------------------
02:22,380

Intellect
	 Rating: 139449
	 Multiplicative Factor: 12,48%
Stamina
	 Rating: 762201
	 Multiplicative Factor: 11,3%
Crit
	 Rating: 13133
	 Multiplicative Factor: 0%
	 DR Bracket: 0
	 Base: 9%
	 Effective Percent: 27,76%
	 Crit Inc Heal: 2
	 Crit Inc Damage: 2
Haste
	 Rating: 20828
	 Multiplicative Factor: 0%
	 DR Bracket: 1
	 Base: 11%
	 Effective Percent: 45,86%
Vers
	 Rating: 13295
	 Multiplicative Factor: 0%
	 DR Bracket: 0
	 Base: 3%
	 Effective Percent: 20,04%
Leech
	 Rating: 1490
	 Multiplicative Factor: 0%
	 DR Bracket: 0
	 Base: 0%
	 Effective Percent: 1,46%
Avoidance
	 Rating: 2422
	 Multiplicative Factor: 0%
	 DR Bracket: 0
	 Base: 0%
	 Effective Percent: 4,45%
Mastery
	 Rating: 6448
	 Multiplicative Factor: 0%
	 DR Bracket: 0
	 Base: 21%
	 Effective Percent: 34,82%
----------------------
02:22,381

Intellect
	 Rating: 139449
	 Multiplicative Factor: 12,48%
Stamina
	 Rating: 762201
	 Multiplicative Factor: 11,3%
Crit
	 Rating: 13133
	 Multiplicative Factor: 0%
	 DR Bracket: 0
	 Base: 9%
	 Effective Percent: 27,76%
	 Crit Inc Heal: 2
	 Crit Inc Damage: 2
Haste
	 Rating: 20828
	 Multiplicative Factor: 0%
	 DR Bracket: 1
	 Base: 13%
	 Effective Percent: 48,48%
Vers
	 Rating: 13295
	 Multiplicative Factor: 0%
	 DR Bracket: 0
	 Base: 3%
	 Effective Percent: 20,04%
Leech
	 Rating: 1490
	 Multiplicative Factor: 0%
	 DR Bracket: 0
	 Base: 0%
	 Effective Percent: 1,46%
Avoidance
	 Rating: 2422
	 Multiplicative Factor: 0%
	 DR Bracket: 0
	 Base: 0%
	 Effective Percent: 4,45%
Mastery
	 Rating: 6448
	 Multiplicative Factor: 0%
	 DR Bracket: 0
	 Base: 21%
	 Effective Percent: 34,82%
----------------------
02:22,381

Intellect
	 Rating: 139449
	 Multiplicative Factor: 12,48%
Stamina
	 Rating: 762201
	 Multiplicative Factor: 11,3%
Crit
	 Rating: 13133
	 Multiplicative Factor: 0%
	 DR Bracket: 0
	 Base: 9%
	 Effective Percent: 27,76%
	 Crit Inc Heal: 2
	 Crit Inc Damage: 2
Haste
	 Rating: 20828
	 Multiplicative Factor: 0%
	 DR Bracket: 1
	 Base: 17%
	 Effective Percent: 53,74%
Vers
	 Rating: 13295
	 Multiplicative Factor: 0%
	 DR Bracket: 0
	 Base: 3%
	 Effective Percent: 20,04%
Leech
	 Rating: 1490
	 Multiplicative Factor: 0%
	 DR Bracket: 0
	 Base: 0%
	 Effective Percent: 1,46%
Avoidance
	 Rating: 2422
	 Multiplicative Factor: 0%
	 DR Bracket: 0
	 Base: 0%
	 Effective Percent: 4,45%
Mastery
	 Rating: 6448
	 Multiplicative Factor: 0%
	 DR Bracket: 0
	 Base: 21%
	 Effective Percent: 34,82%
----------------------
02:22,381

Intellect
	 Rating: 139449
	 Multiplicative Factor: 12,48%
Stamina
	 Rating: 762201
	 Multiplicative Factor: 11,3%
Crit
	 Rating: 13133
	 Multiplicative Factor: 0%
	 DR Bracket: 0
	 Base: 9%
	 Effective Percent: 27,76%
	 Crit Inc Heal: 2
	 Crit Inc Damage: 2
Haste
	 Rating: 20828
	 Multiplicative Factor: 0%
	 DR Bracket: 1
	 Base: 15%
	 Effective Percent: 51,11%
Vers
	 Rating: 13295
	 Multiplicative Factor: 0%
	 DR Bracket: 0
	 Base: 3%
	 Effective Percent: 20,04%
Leech
	 Rating: 1490
	 Multiplicative Factor: 0%
	 DR Bracket: 0
	 Base: 0%
	 Effective Percent: 1,46%
Avoidance
	 Rating: 2422
	 Multiplicative Factor: 0%
	 DR Bracket: 0
	 Base: 0%
	 Effective Percent: 4,45%
Mastery
	 Rating: 6448
	 Multiplicative Factor: 0%
	 DR Bracket: 0
	 Base: 21%
	 Effective Percent: 34,82%
----------------------
02:26,628

Intellect
	 Rating: 139449
	 Multiplicative Factor: 12,48%
Stamina
	 Rating: 762201
	 Multiplicative Factor: 11,3%
Crit
	 Rating: 13133
	 Multiplicative Factor: 0%
	 DR Bracket: 0
	 Base: 9%
	 Effective Percent: 27,76%
	 Crit Inc Heal: 2
	 Crit Inc Damage: 2
Haste
	 Rating: 20828
	 Multiplicative Factor: 0%
	 DR Bracket: 1
	 Base: 19%
	 Effective Percent: 56,37%
Vers
	 Rating: 13295
	 Multiplicative Factor: 0%
	 DR Bracket: 0
	 Base: 3%
	 Effective Percent: 20,04%
Leech
	 Rating: 1490
	 Multiplicative Factor: 0%
	 DR Bracket: 0
	 Base: 0%
	 Effective Percent: 1,46%
Avoidance
	 Rating: 2422
	 Multiplicative Factor: 0%
	 DR Bracket: 0
	 Base: 0%
	 Effective Percent: 4,45%
Mastery
	 Rating: 6448
	 Multiplicative Factor: 0%
	 DR Bracket: 0
	 Base: 21%
	 Effective Percent: 34,82%
----------------------
02:26,761

Intellect
	 Rating: 139449
	 Multiplicative Factor: 12,48%
Stamina
	 Rating: 762201
	 Multiplicative Factor: 11,3%
Crit
	 Rating: 13133
	 Multiplicative Factor: 0%
	 DR Bracket: 0
	 Base: 9%
	 Effective Percent: 27,76%
	 Crit Inc Heal: 2
	 Crit Inc Damage: 2
Haste
	 Rating: 20828
	 Multiplicative Factor: 0%
	 DR Bracket: 1
	 Base: 17%
	 Effective Percent: 53,74%
Vers
	 Rating: 13295
	 Multiplicative Factor: 0%
	 DR Bracket: 0
	 Base: 3%
	 Effective Percent: 20,04%
Leech
	 Rating: 1490
	 Multiplicative Factor: 0%
	 DR Bracket: 0
	 Base: 0%
	 Effective Percent: 1,46%
Avoidance
	 Rating: 2422
	 Multiplicative Factor: 0%
	 DR Bracket: 0
	 Base: 0%
	 Effective Percent: 4,45%
Mastery
	 Rating: 6448
	 Multiplicative Factor: 0%
	 DR Bracket: 0
	 Base: 21%
	 Effective Percent: 34,82%
----------------------
02:30,066

Intellect
	 Rating: 139449
	 Multiplicative Factor: 12,48%
Stamina
	 Rating: 762201
	 Multiplicative Factor: 11,3%
Crit
	 Rating: 13133
	 Multiplicative Factor: 0%
	 DR Bracket: 0
	 Base: 9%
	 Effective Percent: 27,76%
	 Crit Inc Heal: 2
	 Crit Inc Damage: 2
Haste
	 Rating: 20828
	 Multiplicative Factor: 0%
	 DR Bracket: 1
	 Base: 19%
	 Effective Percent: 56,37%
Vers
	 Rating: 13295
	 Multiplicative Factor: 0%
	 DR Bracket: 0
	 Base: 3%
	 Effective Percent: 20,04%
Leech
	 Rating: 1490
	 Multiplicative Factor: 0%
	 DR Bracket: 0
	 Base: 0%
	 Effective Percent: 1,46%
Avoidance
	 Rating: 2422
	 Multiplicative Factor: 0%
	 DR Bracket: 0
	 Base: 0%
	 Effective Percent: 4,45%
Mastery
	 Rating: 6448
	 Multiplicative Factor: 0%
	 DR Bracket: 0
	 Base: 21%
	 Effective Percent: 34,82%
----------------------
02:34,418

Intellect
	 Rating: 139449
	 Multiplicative Factor: 12,48%
Stamina
	 Rating: 762201
	 Multiplicative Factor: 11,3%
Crit
	 Rating: 13133
	 Multiplicative Factor: 0%
	 DR Bracket: 0
	 Base: 9%
	 Effective Percent: 27,76%
	 Crit Inc Heal: 2
	 Crit Inc Damage: 2
Haste
	 Rating: 20828
	 Multiplicative Factor: 0%
	 DR Bracket: 1
	 Base: 17%
	 Effective Percent: 53,74%
Vers
	 Rating: 13295
	 Multiplicative Factor: 0%
	 DR Bracket: 0
	 Base: 3%
	 Effective Percent: 20,04%
Leech
	 Rating: 1490
	 Multiplicative Factor: 0%
	 DR Bracket: 0
	 Base: 0%
	 Effective Percent: 1,46%
Avoidance
	 Rating: 2422
	 Multiplicative Factor: 0%
	 DR Bracket: 0
	 Base: 0%
	 Effective Percent: 4,45%
Mastery
	 Rating: 6448
	 Multiplicative Factor: 0%
	 DR Bracket: 0
	 Base: 21%
	 Effective Percent: 34,82%
----------------------
02:34,418

Intellect
	 Rating: 139449
	 Multiplicative Factor: 12,48%
Stamina
	 Rating: 762201
	 Multiplicative Factor: 11,3%
Crit
	 Rating: 13133
	 Multiplicative Factor: 0%
	 DR Bracket: 0
	 Base: 9%
	 Effective Percent: 27,76%
	 Crit Inc Heal: 2
	 Crit Inc Damage: 2
Haste
	 Rating: 20828
	 Multiplicative Factor: 0%
	 DR Bracket: 1
	 Base: 15%
	 Effective Percent: 51,11%
Vers
	 Rating: 13295
	 Multiplicative Factor: 0%
	 DR Bracket: 0
	 Base: 3%
	 Effective Percent: 20,04%
Leech
	 Rating: 1490
	 Multiplicative Factor: 0%
	 DR Bracket: 0
	 Base: 0%
	 Effective Percent: 1,46%
Avoidance
	 Rating: 2422
	 Multiplicative Factor: 0%
	 DR Bracket: 0
	 Base: 0%
	 Effective Percent: 4,45%
Mastery
	 Rating: 6448
	 Multiplicative Factor: 0%
	 DR Bracket: 0
	 Base: 21%
	 Effective Percent: 34,82%
----------------------
02:34,418

Intellect
	 Rating: 139449
	 Multiplicative Factor: 12,48%
Stamina
	 Rating: 762201
	 Multiplicative Factor: 11,3%
Crit
	 Rating: 13133
	 Multiplicative Factor: 0%
	 DR Bracket: 0
	 Base: 9%
	 Effective Percent: 27,76%
	 Crit Inc Heal: 2
	 Crit Inc Damage: 2
Haste
	 Rating: 20828
	 Multiplicative Factor: 0%
	 DR Bracket: 1
	 Base: 11%
	 Effective Percent: 45,86%
Vers
	 Rating: 13295
	 Multiplicative Factor: 0%
	 DR Bracket: 0
	 Base: 3%
	 Effective Percent: 20,04%
Leech
	 Rating: 1490
	 Multiplicative Factor: 0%
	 DR Bracket: 0
	 Base: 0%
	 Effective Percent: 1,46%
Avoidance
	 Rating: 2422
	 Multiplicative Factor: 0%
	 DR Bracket: 0
	 Base: 0%
	 Effective Percent: 4,45%
Mastery
	 Rating: 6448
	 Multiplicative Factor: 0%
	 DR Bracket: 0
	 Base: 21%
	 Effective Percent: 34,82%
----------------------
02:34,418

Intellect
	 Rating: 139449
	 Multiplicative Factor: 12,48%
Stamina
	 Rating: 762201
	 Multiplicative Factor: 11,3%
Crit
	 Rating: 13133
	 Multiplicative Factor: 0%
	 DR Bracket: 0
	 Base: 9%
	 Effective Percent: 27,76%
	 Crit Inc Heal: 2
	 Crit Inc Damage: 2
Haste
	 Rating: 20828
	 Multiplicative Factor: 0%
	 DR Bracket: 1
	 Base: 13%
	 Effective Percent: 48,48%
Vers
	 Rating: 13295
	 Multiplicative Factor: 0%
	 DR Bracket: 0
	 Base: 3%
	 Effective Percent: 20,04%
Leech
	 Rating: 1490
	 Multiplicative Factor: 0%
	 DR Bracket: 0
	 Base: 0%
	 Effective Percent: 1,46%
Avoidance
	 Rating: 2422
	 Multiplicative Factor: 0%
	 DR Bracket: 0
	 Base: 0%
	 Effective Percent: 4,45%
Mastery
	 Rating: 6448
	 Multiplicative Factor: 0%
	 DR Bracket: 0
	 Base: 21%
	 Effective Percent: 34,82%
----------------------
02:38,643

Intellect
	 Rating: 139449
	 Multiplicative Factor: 12,48%
Stamina
	 Rating: 762201
	 Multiplicative Factor: 11,3%
Crit
	 Rating: 13133
	 Multiplicative Factor: 0%
	 DR Bracket: 0
	 Base: 9%
	 Effective Percent: 27,76%
	 Crit Inc Heal: 2
	 Crit Inc Damage: 2
Haste
	 Rating: 20828
	 Multiplicative Factor: 0%
	 DR Bracket: 1
	 Base: 9%
	 Effective Percent: 43,23%
Vers
	 Rating: 13295
	 Multiplicative Factor: 0%
	 DR Bracket: 0
	 Base: 3%
	 Effective Percent: 20,04%
Leech
	 Rating: 1490
	 Multiplicative Factor: 0%
	 DR Bracket: 0
	 Base: 0%
	 Effective Percent: 1,46%
Avoidance
	 Rating: 2422
	 Multiplicative Factor: 0%
	 DR Bracket: 0
	 Base: 0%
	 Effective Percent: 4,45%
Mastery
	 Rating: 6448
	 Multiplicative Factor: 0%
	 DR Bracket: 0
	 Base: 21%
	 Effective Percent: 34,82%
----------------------
02:42,079

Intellect
	 Rating: 139449
	 Multiplicative Factor: 12,48%
Stamina
	 Rating: 762201
	 Multiplicative Factor: 11,3%
Crit
	 Rating: 13133
	 Multiplicative Factor: 0%
	 DR Bracket: 0
	 Base: 9%
	 Effective Percent: 27,76%
	 Crit Inc Heal: 2
	 Crit Inc Damage: 2
Haste
	 Rating: 20828
	 Multiplicative Factor: 0%
	 DR Bracket: 1
	 Base: 7%
	 Effective Percent: 40,6%
Vers
	 Rating: 13295
	 Multiplicative Factor: 0%
	 DR Bracket: 0
	 Base: 3%
	 Effective Percent: 20,04%
Leech
	 Rating: 1490
	 Multiplicative Factor: 0%
	 DR Bracket: 0
	 Base: 0%
	 Effective Percent: 1,46%
Avoidance
	 Rating: 2422
	 Multiplicative Factor: 0%
	 DR Bracket: 0
	 Base: 0%
	 Effective Percent: 4,45%
Mastery
	 Rating: 6448
	 Multiplicative Factor: 0%
	 DR Bracket: 0
	 Base: 21%
	 Effective Percent: 34,82%
----------------------
02:43,227

Intellect
	 Rating: 139449
	 Multiplicative Factor: 12,48%
Stamina
	 Rating: 762201
	 Multiplicative Factor: 11,3%
Crit
	 Rating: 13133
	 Multiplicative Factor: 0%
	 DR Bracket: 0
	 Base: 9%
	 Effective Percent: 27,76%
	 Crit Inc Heal: 2
	 Crit Inc Damage: 2
Haste
	 Rating: 20828
	 Multiplicative Factor: 0%
	 DR Bracket: 1
	 Base: 9%
	 Effective Percent: 43,23%
Vers
	 Rating: 13295
	 Multiplicative Factor: 0%
	 DR Bracket: 0
	 Base: 3%
	 Effective Percent: 20,04%
Leech
	 Rating: 1490
	 Multiplicative Factor: 0%
	 DR Bracket: 0
	 Base: 0%
	 Effective Percent: 1,46%
Avoidance
	 Rating: 2422
	 Multiplicative Factor: 0%
	 DR Bracket: 0
	 Base: 0%
	 Effective Percent: 4,45%
Mastery
	 Rating: 6448
	 Multiplicative Factor: 0%
	 DR Bracket: 0
	 Base: 21%
	 Effective Percent: 34,82%
----------------------
02:47,448

Intellect
	 Rating: 139449
	 Multiplicative Factor: 12,48%
Stamina
	 Rating: 762201
	 Multiplicative Factor: 11,3%
Crit
	 Rating: 13133
	 Multiplicative Factor: 0%
	 DR Bracket: 0
	 Base: 9%
	 Effective Percent: 27,76%
	 Crit Inc Heal: 2
	 Crit Inc Damage: 2
Haste
	 Rating: 20828
	 Multiplicative Factor: 0%
	 DR Bracket: 1
	 Base: 11%
	 Effective Percent: 45,86%
Vers
	 Rating: 13295
	 Multiplicative Factor: 0%
	 DR Bracket: 0
	 Base: 3%
	 Effective Percent: 20,04%
Leech
	 Rating: 1490
	 Multiplicative Factor: 0%
	 DR Bracket: 0
	 Base: 0%
	 Effective Percent: 1,46%
Avoidance
	 Rating: 2422
	 Multiplicative Factor: 0%
	 DR Bracket: 0
	 Base: 0%
	 Effective Percent: 4,45%
Mastery
	 Rating: 6448
	 Multiplicative Factor: 0%
	 DR Bracket: 0
	 Base: 21%
	 Effective Percent: 34,82%
----------------------
02:51,881

Intellect
	 Rating: 139449
	 Multiplicative Factor: 12,48%
Stamina
	 Rating: 762201
	 Multiplicative Factor: 11,3%
Crit
	 Rating: 13133
	 Multiplicative Factor: 0%
	 DR Bracket: 0
	 Base: 9%
	 Effective Percent: 27,76%
	 Crit Inc Heal: 2
	 Crit Inc Damage: 2
Haste
	 Rating: 20828
	 Multiplicative Factor: 0%
	 DR Bracket: 1
	 Base: 13%
	 Effective Percent: 48,48%
Vers
	 Rating: 13295
	 Multiplicative Factor: 0%
	 DR Bracket: 0
	 Base: 3%
	 Effective Percent: 20,04%
Leech
	 Rating: 1490
	 Multiplicative Factor: 0%
	 DR Bracket: 0
	 Base: 0%
	 Effective Percent: 1,46%
Avoidance
	 Rating: 2422
	 Multiplicative Factor: 0%
	 DR Bracket: 0
	 Base: 0%
	 Effective Percent: 4,45%
Mastery
	 Rating: 6448
	 Multiplicative Factor: 0%
	 DR Bracket: 0
	 Base: 21%
	 Effective Percent: 34,82%
----------------------
02:55,247

Intellect
	 Rating: 139449
	 Multiplicative Factor: 12,48%
Stamina
	 Rating: 762201
	 Multiplicative Factor: 11,3%
Crit
	 Rating: 13133
	 Multiplicative Factor: 0%
	 DR Bracket: 0
	 Base: 9%
	 Effective Percent: 27,76%
	 Crit Inc Heal: 2
	 Crit Inc Damage: 2
Haste
	 Rating: 20828
	 Multiplicative Factor: 0%
	 DR Bracket: 1
	 Base: 11%
	 Effective Percent: 45,86%
Vers
	 Rating: 13295
	 Multiplicative Factor: 0%
	 DR Bracket: 0
	 Base: 3%
	 Effective Percent: 20,04%
Leech
	 Rating: 1490
	 Multiplicative Factor: 0%
	 DR Bracket: 0
	 Base: 0%
	 Effective Percent: 1,46%
Avoidance
	 Rating: 2422
	 Multiplicative Factor: 0%
	 DR Bracket: 0
	 Base: 0%
	 Effective Percent: 4,45%
Mastery
	 Rating: 6448
	 Multiplicative Factor: 0%
	 DR Bracket: 0
	 Base: 21%
	 Effective Percent: 34,82%
----------------------
02:58,095

Intellect
	 Rating: 139449
	 Multiplicative Factor: 12,48%
Stamina
	 Rating: 762201
	 Multiplicative Factor: 11,3%
Crit
	 Rating: 13133
	 Multiplicative Factor: 0%
	 DR Bracket: 0
	 Base: 9%
	 Effective Percent: 27,76%
	 Crit Inc Heal: 2
	 Crit Inc Damage: 2
Haste
	 Rating: 20828
	 Multiplicative Factor: 0%
	 DR Bracket: 1
	 Base: 13%
	 Effective Percent: 48,48%
Vers
	 Rating: 13295
	 Multiplicative Factor: 0%
	 DR Bracket: 0
	 Base: 3%
	 Effective Percent: 20,04%
Leech
	 Rating: 1490
	 Multiplicative Factor: 0%
	 DR Bracket: 0
	 Base: 0%
	 Effective Percent: 1,46%
Avoidance
	 Rating: 2422
	 Multiplicative Factor: 0%
	 DR Bracket: 0
	 Base: 0%
	 Effective Percent: 4,45%
Mastery
	 Rating: 6448
	 Multiplicative Factor: 0%
	 DR Bracket: 0
	 Base: 21%
	 Effective Percent: 34,82%
----------------------
02:59,480

Intellect
	 Rating: 139449
	 Multiplicative Factor: 12,48%
Stamina
	 Rating: 762201
	 Multiplicative Factor: 11,3%
Crit
	 Rating: 13133
	 Multiplicative Factor: 0%
	 DR Bracket: 0
	 Base: 9%
	 Effective Percent: 27,76%
	 Crit Inc Heal: 2
	 Crit Inc Damage: 2
Haste
	 Rating: 20828
	 Multiplicative Factor: 0%
	 DR Bracket: 1
	 Base: 11%
	 Effective Percent: 45,86%
Vers
	 Rating: 13295
	 Multiplicative Factor: 0%
	 DR Bracket: 0
	 Base: 3%
	 Effective Percent: 20,04%
Leech
	 Rating: 1490
	 Multiplicative Factor: 0%
	 DR Bracket: 0
	 Base: 0%
	 Effective Percent: 1,46%
Avoidance
	 Rating: 2422
	 Multiplicative Factor: 0%
	 DR Bracket: 0
	 Base: 0%
	 Effective Percent: 4,45%
Mastery
	 Rating: 6448
	 Multiplicative Factor: 0%
	 DR Bracket: 0
	 Base: 21%
	 Effective Percent: 34,82%
----------------------
03:00,183

Intellect
	 Rating: 139449
	 Multiplicative Factor: 12,48%
Stamina
	 Rating: 762201
	 Multiplicative Factor: 11,3%
Crit
	 Rating: 13133
	 Multiplicative Factor: 0%
	 DR Bracket: 0
	 Base: 9%
	 Effective Percent: 27,76%
	 Crit Inc Heal: 2
	 Crit Inc Damage: 2
Haste
	 Rating: 20828
	 Multiplicative Factor: 0%
	 DR Bracket: 1
	 Base: 13%
	 Effective Percent: 48,48%
Vers
	 Rating: 13295
	 Multiplicative Factor: 0%
	 DR Bracket: 0
	 Base: 3%
	 Effective Percent: 20,04%
Leech
	 Rating: 1490
	 Multiplicative Factor: 0%
	 DR Bracket: 0
	 Base: 0%
	 Effective Percent: 1,46%
Avoidance
	 Rating: 2422
	 Multiplicative Factor: 0%
	 DR Bracket: 0
	 Base: 0%
	 Effective Percent: 4,45%
Mastery
	 Rating: 6448
	 Multiplicative Factor: 0%
	 DR Bracket: 0
	 Base: 21%
	 Effective Percent: 34,82%
----------------------
03:03,899

Intellect
	 Rating: 139449
	 Multiplicative Factor: 12,48%
Stamina
	 Rating: 762201
	 Multiplicative Factor: 11,3%
Crit
	 Rating: 13133
	 Multiplicative Factor: 0%
	 DR Bracket: 0
	 Base: 9%
	 Effective Percent: 27,76%
	 Crit Inc Heal: 2
	 Crit Inc Damage: 2
Haste
	 Rating: 20828
	 Multiplicative Factor: 0%
	 DR Bracket: 1
	 Base: 11%
	 Effective Percent: 45,86%
Vers
	 Rating: 13295
	 Multiplicative Factor: 0%
	 DR Bracket: 0
	 Base: 3%
	 Effective Percent: 20,04%
Leech
	 Rating: 1490
	 Multiplicative Factor: 0%
	 DR Bracket: 0
	 Base: 0%
	 Effective Percent: 1,46%
Avoidance
	 Rating: 2422
	 Multiplicative Factor: 0%
	 DR Bracket: 0
	 Base: 0%
	 Effective Percent: 4,45%
Mastery
	 Rating: 6448
	 Multiplicative Factor: 0%
	 DR Bracket: 0
	 Base: 21%
	 Effective Percent: 34,82%
----------------------
03:05,368

Intellect
	 Rating: 139449
	 Multiplicative Factor: 12,48%
Stamina
	 Rating: 762201
	 Multiplicative Factor: 11,3%
Crit
	 Rating: 13133
	 Multiplicative Factor: 0%
	 DR Bracket: 0
	 Base: 9%
	 Effective Percent: 27,76%
	 Crit Inc Heal: 2
	 Crit Inc Damage: 2
Haste
	 Rating: 20828
	 Multiplicative Factor: 0%
	 DR Bracket: 1
	 Base: 13%
	 Effective Percent: 48,48%
Vers
	 Rating: 13295
	 Multiplicative Factor: 0%
	 DR Bracket: 0
	 Base: 3%
	 Effective Percent: 20,04%
Leech
	 Rating: 1490
	 Multiplicative Factor: 0%
	 DR Bracket: 0
	 Base: 0%
	 Effective Percent: 1,46%
Avoidance
	 Rating: 2422
	 Multiplicative Factor: 0%
	 DR Bracket: 0
	 Base: 0%
	 Effective Percent: 4,45%
Mastery
	 Rating: 6448
	 Multiplicative Factor: 0%
	 DR Bracket: 0
	 Base: 21%
	 Effective Percent: 34,82%
----------------------
03:10,098

Intellect
	 Rating: 139449
	 Multiplicative Factor: 12,48%
Stamina
	 Rating: 762201
	 Multiplicative Factor: 11,3%
Crit
	 Rating: 13133
	 Multiplicative Factor: 0%
	 DR Bracket: 0
	 Base: 9%
	 Effective Percent: 27,76%
	 Crit Inc Heal: 2
	 Crit Inc Damage: 2
Haste
	 Rating: 20828
	 Multiplicative Factor: 0%
	 DR Bracket: 1
	 Base: 11%
	 Effective Percent: 45,86%
Vers
	 Rating: 13295
	 Multiplicative Factor: 0%
	 DR Bracket: 0
	 Base: 3%
	 Effective Percent: 20,04%
Leech
	 Rating: 1490
	 Multiplicative Factor: 0%
	 DR Bracket: 0
	 Base: 0%
	 Effective Percent: 1,46%
Avoidance
	 Rating: 2422
	 Multiplicative Factor: 0%
	 DR Bracket: 0
	 Base: 0%
	 Effective Percent: 4,45%
Mastery
	 Rating: 6448
	 Multiplicative Factor: 0%
	 DR Bracket: 0
	 Base: 21%
	 Effective Percent: 34,82%
----------------------
03:12,191

Intellect
	 Rating: 139449
	 Multiplicative Factor: 12,48%
Stamina
	 Rating: 762201
	 Multiplicative Factor: 11,3%
Crit
	 Rating: 13133
	 Multiplicative Factor: 0%
	 DR Bracket: 0
	 Base: 9%
	 Effective Percent: 27,76%
	 Crit Inc Heal: 2
	 Crit Inc Damage: 2
Haste
	 Rating: 20828
	 Multiplicative Factor: 0%
	 DR Bracket: 1
	 Base: 9%
	 Effective Percent: 43,23%
Vers
	 Rating: 13295
	 Multiplicative Factor: 0%
	 DR Bracket: 0
	 Base: 3%
	 Effective Percent: 20,04%
Leech
	 Rating: 1490
	 Multiplicative Factor: 0%
	 DR Bracket: 0
	 Base: 0%
	 Effective Percent: 1,46%
Avoidance
	 Rating: 2422
	 Multiplicative Factor: 0%
	 DR Bracket: 0
	 Base: 0%
	 Effective Percent: 4,45%
Mastery
	 Rating: 6448
	 Multiplicative Factor: 0%
	 DR Bracket: 0
	 Base: 21%
	 Effective Percent: 34,82%
----------------------
03:17,376

Intellect
	 Rating: 139449
	 Multiplicative Factor: 12,48%
Stamina
	 Rating: 762201
	 Multiplicative Factor: 11,3%
Crit
	 Rating: 13133
	 Multiplicative Factor: 0%
	 DR Bracket: 0
	 Base: 9%
	 Effective Percent: 27,76%
	 Crit Inc Heal: 2
	 Crit Inc Damage: 2
Haste
	 Rating: 20828
	 Multiplicative Factor: 0%
	 DR Bracket: 1
	 Base: 7%
	 Effective Percent: 40,6%
Vers
	 Rating: 13295
	 Multiplicative Factor: 0%
	 DR Bracket: 0
	 Base: 3%
	 Effective Percent: 20,04%
Leech
	 Rating: 1490
	 Multiplicative Factor: 0%
	 DR Bracket: 0
	 Base: 0%
	 Effective Percent: 1,46%
Avoidance
	 Rating: 2422
	 Multiplicative Factor: 0%
	 DR Bracket: 0
	 Base: 0%
	 Effective Percent: 4,45%
Mastery
	 Rating: 6448
	 Multiplicative Factor: 0%
	 DR Bracket: 0
	 Base: 21%
	 Effective Percent: 34,82%
----------------------
03:35,494

Intellect
	 Rating: 139449
	 Multiplicative Factor: 12,48%
Stamina
	 Rating: 762201
	 Multiplicative Factor: 11,3%
Crit
	 Rating: 13133
	 Multiplicative Factor: 0%
	 DR Bracket: 0
	 Base: 9%
	 Effective Percent: 27,76%
	 Crit Inc Heal: 2
	 Crit Inc Damage: 2
Haste
	 Rating: 20828
	 Multiplicative Factor: 0%
	 DR Bracket: 1
	 Base: 9%
	 Effective Percent: 43,23%
Vers
	 Rating: 13295
	 Multiplicative Factor: 0%
	 DR Bracket: 0
	 Base: 3%
	 Effective Percent: 20,04%
Leech
	 Rating: 1490
	 Multiplicative Factor: 0%
	 DR Bracket: 0
	 Base: 0%
	 Effective Percent: 1,46%
Avoidance
	 Rating: 2422
	 Multiplicative Factor: 0%
	 DR Bracket: 0
	 Base: 0%
	 Effective Percent: 4,45%
Mastery
	 Rating: 6448
	 Multiplicative Factor: 0%
	 DR Bracket: 0
	 Base: 21%
	 Effective Percent: 34,82%
----------------------
03:38,021

Intellect
	 Rating: 139449
	 Multiplicative Factor: 12,48%
Stamina
	 Rating: 762201
	 Multiplicative Factor: 11,3%
Crit
	 Rating: 13133
	 Multiplicative Factor: 0%
	 DR Bracket: 0
	 Base: 9%
	 Effective Percent: 27,76%
	 Crit Inc Heal: 2
	 Crit Inc Damage: 2
Haste
	 Rating: 20828
	 Multiplicative Factor: 0%
	 DR Bracket: 1
	 Base: 11%
	 Effective Percent: 45,86%
Vers
	 Rating: 13295
	 Multiplicative Factor: 0%
	 DR Bracket: 0
	 Base: 3%
	 Effective Percent: 20,04%
Leech
	 Rating: 1490
	 Multiplicative Factor: 0%
	 DR Bracket: 0
	 Base: 0%
	 Effective Percent: 1,46%
Avoidance
	 Rating: 2422
	 Multiplicative Factor: 0%
	 DR Bracket: 0
	 Base: 0%
	 Effective Percent: 4,45%
Mastery
	 Rating: 6448
	 Multiplicative Factor: 0%
	 DR Bracket: 0
	 Base: 21%
	 Effective Percent: 34,82%
----------------------
03:45,968

Intellect
	 Rating: 139449
	 Multiplicative Factor: 12,48%
Stamina
	 Rating: 762201
	 Multiplicative Factor: 11,3%
Crit
	 Rating: 13133
	 Multiplicative Factor: 0%
	 DR Bracket: 0
	 Base: 9%
	 Effective Percent: 27,76%
	 Crit Inc Heal: 2
	 Crit Inc Damage: 2
Haste
	 Rating: 20828
	 Multiplicative Factor: 0%
	 DR Bracket: 1
	 Base: 11%
	 Effective Percent: 45,86%
Vers
	 Rating: 13295
	 Multiplicative Factor: 0%
	 DR Bracket: 0
	 Base: 3%
	 Effective Percent: 20,04%
Leech
	 Rating: 1490
	 Multiplicative Factor: 0%
	 DR Bracket: 0
	 Base: 0%
	 Effective Percent: 1,46%
Avoidance
	 Rating: 2422
	 Multiplicative Factor: 0%
	 DR Bracket: 0
	 Base: 0%
	 Effective Percent: 4,45%
Mastery
	 Rating: 6448
	 Multiplicative Factor: 0%
	 DR Bracket: 0
	 Base: 21%
	 Effective Percent: 34,82%
----------------------
03:46,346

Intellect
	 Rating: 139449
	 Multiplicative Factor: 12,48%
Stamina
	 Rating: 762201
	 Multiplicative Factor: 11,3%
Crit
	 Rating: 13133
	 Multiplicative Factor: 0%
	 DR Bracket: 0
	 Base: 9%
	 Effective Percent: 27,76%
	 Crit Inc Heal: 2
	 Crit Inc Damage: 2
Haste
	 Rating: 20828
	 Multiplicative Factor: 0%
	 DR Bracket: 1
	 Base: 13%
	 Effective Percent: 48,48%
Vers
	 Rating: 13295
	 Multiplicative Factor: 0%
	 DR Bracket: 0
	 Base: 3%
	 Effective Percent: 20,04%
Leech
	 Rating: 1490
	 Multiplicative Factor: 0%
	 DR Bracket: 0
	 Base: 0%
	 Effective Percent: 1,46%
Avoidance
	 Rating: 2422
	 Multiplicative Factor: 0%
	 DR Bracket: 0
	 Base: 0%
	 Effective Percent: 4,45%
Mastery
	 Rating: 6448
	 Multiplicative Factor: 0%
	 DR Bracket: 0
	 Base: 21%
	 Effective Percent: 34,82%
----------------------
03:47,493

Intellect
	 Rating: 139449
	 Multiplicative Factor: 12,48%
Stamina
	 Rating: 762201
	 Multiplicative Factor: 11,3%
Crit
	 Rating: 13133
	 Multiplicative Factor: 0%
	 DR Bracket: 0
	 Base: 9%
	 Effective Percent: 27,76%
	 Crit Inc Heal: 2
	 Crit Inc Damage: 2
Haste
	 Rating: 20828
	 Multiplicative Factor: 0%
	 DR Bracket: 1
	 Base: 11%
	 Effective Percent: 45,86%
Vers
	 Rating: 13295
	 Multiplicative Factor: 0%
	 DR Bracket: 0
	 Base: 3%
	 Effective Percent: 20,04%
Leech
	 Rating: 1490
	 Multiplicative Factor: 0%
	 DR Bracket: 0
	 Base: 0%
	 Effective Percent: 1,46%
Avoidance
	 Rating: 2422
	 Multiplicative Factor: 0%
	 DR Bracket: 0
	 Base: 0%
	 Effective Percent: 4,45%
Mastery
	 Rating: 6448
	 Multiplicative Factor: 0%
	 DR Bracket: 0
	 Base: 21%
	 Effective Percent: 34,82%
----------------------
03:50,033

Intellect
	 Rating: 139449
	 Multiplicative Factor: 12,48%
Stamina
	 Rating: 762201
	 Multiplicative Factor: 11,3%
Crit
	 Rating: 13133
	 Multiplicative Factor: 0%
	 DR Bracket: 0
	 Base: 9%
	 Effective Percent: 27,76%
	 Crit Inc Heal: 2
	 Crit Inc Damage: 2
Haste
	 Rating: 20828
	 Multiplicative Factor: 0%
	 DR Bracket: 1
	 Base: 9%
	 Effective Percent: 43,23%
Vers
	 Rating: 13295
	 Multiplicative Factor: 0%
	 DR Bracket: 0
	 Base: 3%
	 Effective Percent: 20,04%
Leech
	 Rating: 1490
	 Multiplicative Factor: 0%
	 DR Bracket: 0
	 Base: 0%
	 Effective Percent: 1,46%
Avoidance
	 Rating: 2422
	 Multiplicative Factor: 0%
	 DR Bracket: 0
	 Base: 0%
	 Effective Percent: 4,45%
Mastery
	 Rating: 6448
	 Multiplicative Factor: 0%
	 DR Bracket: 0
	 Base: 21%
	 Effective Percent: 34,82%
----------------------
03:58,352

Intellect
	 Rating: 139449
	 Multiplicative Factor: 12,48%
Stamina
	 Rating: 762201
	 Multiplicative Factor: 11,3%
Crit
	 Rating: 13133
	 Multiplicative Factor: 0%
	 DR Bracket: 0
	 Base: 9%
	 Effective Percent: 27,76%
	 Crit Inc Heal: 2
	 Crit Inc Damage: 2
Haste
	 Rating: 20828
	 Multiplicative Factor: 0%
	 DR Bracket: 1
	 Base: 7%
	 Effective Percent: 40,6%
Vers
	 Rating: 13295
	 Multiplicative Factor: 0%
	 DR Bracket: 0
	 Base: 3%
	 Effective Percent: 20,04%
Leech
	 Rating: 1490
	 Multiplicative Factor: 0%
	 DR Bracket: 0
	 Base: 0%
	 Effective Percent: 1,46%
Avoidance
	 Rating: 2422
	 Multiplicative Factor: 0%
	 DR Bracket: 0
	 Base: 0%
	 Effective Percent: 4,45%
Mastery
	 Rating: 6448
	 Multiplicative Factor: 0%
	 DR Bracket: 0
	 Base: 21%
	 Effective Percent: 34,82%
