Judgment
	Intellect
		Heal: 0,0897380944237317
		Damage: 8,655253635210258
-------------------
Holy Shock
	Intellect
		Heal: 76,86572865246063
		Damage: 0,5536104717185085
	Mastery
		Heal: 146,64928177334954
-------------------
Greater Judgment
	Intellect
		Heal: 4,147569251225013
-------------------
Judgment of Light
	Intellect
		Heal: 2,6655390908931857
	Mastery
		Heal: 5,5739081409114934
-------------------
Seal of the Crusader
	Intellect
		Heal: 3,957123769417556
-------------------
Pillar of Lights
	Intellect
		Heal: 21,974258002193555
	Mastery
		Heal: 46,37001547089109
-------------------
Eternal Flame
	Intellect
		Heal: 139,59280255128218
	Mastery
		Heal: 280,7756144636598
-------------------
Sun Sear
	Intellect
		Heal: 7,293070405696582
	Mastery
		Heal: 14,652109516165934
-------------------
Overflowing Light
	Intellect
		Heal: 10,370818538376593
	Mastery
		Heal: 19,9350637746194
-------------------
Holy Prism
	Intellect
		Heal: 21,09127342076953
		Damage: 4,557131514879814
	Mastery
		Heal: 40,96907923467372
-------------------
Dawnlight
	Intellect
		Heal: 70,08580805709505
	Mastery
		Heal: 142,8370410313816
-------------------
Saved by the Light
	Intellect
		Heal: 8,863771601693527
-------------------
Truth Prevails
	Intellect
		Heal: 8,457381085980607
	Mastery
		Heal: 16,925869119100938
-------------------
Consecration
	Intellect
		Heal: 0,03008646050278321
		Damage: 2,9108360430889277
-------------------
Crusader Strike
	Intellect
		Heal: 0,030742478748813064
		Damage: 2,8878019491434976
-------------------
Bestow Light
	Intellect
		Heal: 0,49824373410642664
	Mastery
		Heal: 1,0606602975866497
-------------------
Leech
	Intellect
		Heal: 2,5734105474483084
-------------------
Sun's Avatar
	Intellect
		Heal: 21,243639335675326
		Damage: 1,4362002432262952
	Mastery
		Heal: 43,96629024728436
-------------------
Light of Dawn
	Intellect
		Heal: 12,687608901213268
	Mastery
		Heal: 25,692167978303903
-------------------
Flash of Light
	Intellect
		Heal: 32,186706346288545
	Mastery
		Heal: 62,52437287170661
-------------------
Holy Ritual
	Intellect
		Heal: 1,4110143547636709
	Mastery
		Heal: 2,996139181950898
-------------------
Hammer of Wrath
	Intellect
		Heal: 0,004917426997988705
		Damage: 0,5431547423557492
-------------------
Lightbearer
	Intellect
		Heal: 0,004563059640422053
-------------------
Ethereal Reconstitution
	Intellect
		Heal: 0,4635537666493876
-------------------
Selfless Healer
	Intellect
		Heal: 0,1427459727031403
-------------------
Lay on Hands
	Stamina
		Heal: 0,41779652053251515
-------------------
Blessing of Summer
	Intellect
		Heal: 0,047471403312098995
-------------------
