-----------
A Just Reward
-----------
Avenging Crusader
-----------
Avenging Wrath
-----------
Aura Mastery
-----------
Barrier of Faith
-----------
Beacon of Faith
-----------
Beacon of Light
	Eff: 413,4728957336265
-----------
Beacon of Virtue
-----------
Bestow Light
-----------
Blessing of Freedom
-----------
Blessing of Protection
-----------
Blinding Light
-----------
Brought to Light
-----------
Cleanse
-----------
Consecration
	Dmg: 244,13512928569617
-----------
Consecration Aura
-----------
Crusader Strike
	Dmg: 235,15842357138172
-----------
Dawnlight
	Eff: 1779,1942335134436
	Dmg: 722,013275713005
-----------
Divine Shield
-----------
DivineGuidance
-----------
Divine Toll
-----------
Eternal Flame
	Eff: 891,4993889541591
-----------
Eye for an Eye
-----------
Flash of Light
-----------
Forge's Reckoning
-----------
Golden Path
	Eff: 39,143741526762184
-----------
Greater Judgment
	Eff: 254,29865959349263
-----------
Hammer and Anvil
-----------
Hammer of Justice
-----------
Holy Light
-----------
Holy Prism
	Eff: 549,8325624754266
	Dmg: 223,93571428605355
-----------
Holy Ritual
	Eff: 25,483032817449256
-----------
Holy Shock
	Eff: 472,57305477089204
	Dmg: 1175,139094285958
-----------
Intercession
-----------
Judgment
	Dmg: 421,29924285714515
-----------
Judgment of Light
	Eff: 125,35379385413638
-----------
Lay on Hands
-----------
Lesser Weapon
-----------
Liberation
-----------
Light of Dawn
	Eff: 7,816618332705793
-----------
Light of the Martyr
-----------
Merciful Auras
-----------
Overflowing Light
-----------
Pillar of Lights (Passive)
-----------
Pillar of Lights
-----------
Radiant Aura
-----------
Repentance
-----------
Resplendent Light
-----------
Rite of Adjuration
-----------
Sacred Word
-----------
Sacred Weapon
-----------
Saved by the Light
-----------
Seal of the Crusader
-----------
Selfless Healer
-----------
Shield of the Righteous
	Dmg: 368,134674285684
-----------
Shining Righteousness
	Dmg: 332,53252857149346
-----------
Sun's Avatar
	Eff: 517,7918189713898
	Dmg: 329,5839814285064
-----------
Sun Sear
	Eff: 101,57393551132586
-----------
Truth Prevails
-----------
Turn Evil
-----------
Tyr's Deliverance
-----------
Veneration
	Eff: 346,7854867357237
-----------
Word of Glory
-----------
Leech
	Eff: 150,21631170337787
-----------
Blessing of Summer
	Eff: 134,1584139170791
	Dmg: 451,0989144031373
-----------
Holy Bulwark
-----------
ZeroCIMDummy
-----------
Lightforged Blessing
-----------
Lightbearer
-----------
Tempered Potion
-----------
Ethereal Reconstitution
	Eff: 400,72385121445365
-----------
Melee
	Dmg: 215,18432357147685
-----------
Ethereal Guard
	Eff: 1828,047077078154
-----------
Authority of Fiery Resolve
-----------
Blessing of Autumn
-----------
Spidersting
-----------
Divine Protection
-----------
Blessing of Winter
-----------
Divine Steed
-----------
Blessing of Spring
-----------
Blessing of Sacrifice
-----------
Invigorating Healing Potion
-----------
Voidglass Barrier
