----------------------
00:00,322

Intellect
	 Rating: 136354
	 Multiplicative Factor: 12,48%
	 Eff: 136354,48343170396
Stamina
	 Rating: 861476
	 Multiplicative Factor: 11,3%
	 Eff: 861476
Crit
	 Rating: 10861
	 Multiplicative Factor: 0%
	 Eff: 17160,565823657795
	 DR Bracket: 0
	 Base: 9%
	 Effective Percent: 24,52%
	 Crit Inc Heal: 2
	 Crit Inc Damage: 2
Haste
	 Rating: 19522
	 Multiplicative Factor: 0%
	 Eff: 23798,1
	 DR Bracket: 0
	 Base: 5%
	 Effective Percent: 36,06%
Vers
	 Rating: 27104
	 Multiplicative Factor: 0%
	 Eff: 26733,6
	 DR Bracket: 1
	 Base: 0%
	 Effective Percent: 34,27%
Leech
	 Rating: 3060
	 Multiplicative Factor: 0%
	 Eff: 3060
	 DR Bracket: 0
	 Base: 0%
	 Effective Percent: 3%
Avoidance
	 Rating: 0
	 Multiplicative Factor: 0%
	 Eff: 0
	 DR Bracket: 0
	 Base: 0%
	 Effective Percent: 0%
Mastery
	 Rating: 6046
	 Multiplicative Factor: 0%
	 Eff: 15846
	 DR Bracket: 0
	 Base: 21%
	 Effective Percent: 33,96%
----------------------
00:05,353

Intellect
	 Rating: 136354
	 Multiplicative Factor: 12,48%
	 Eff: 145210,25879211084
Stamina
	 Rating: 861476
	 Multiplicative Factor: 11,3%
	 Eff: 861476
Crit
	 Rating: 10861
	 Multiplicative Factor: 0%
	 Eff: 27660,565823657795
	 DR Bracket: 0
	 Base: 24%
	 Effective Percent: 39,52%
	 Crit Inc Heal: 2
	 Crit Inc Damage: 2
Haste
	 Rating: 19522
	 Multiplicative Factor: 0%
	 Eff: 50309,92
	 DR Bracket: 0
	 Base: 36%
	 Effective Percent: 76,23%
Vers
	 Rating: 27104
	 Multiplicative Factor: 0%
	 Eff: 26733,6
	 DR Bracket: 1
	 Base: 0%
	 Effective Percent: 34,27%
Leech
	 Rating: 3060
	 Multiplicative Factor: 0%
	 Eff: 3060
	 DR Bracket: 0
	 Base: 0%
	 Effective Percent: 3%
Avoidance
	 Rating: 0
	 Multiplicative Factor: 0%
	 Eff: 0
	 DR Bracket: 0
	 Base: 0%
	 Effective Percent: 0%
Mastery
	 Rating: 6046
	 Multiplicative Factor: 0%
	 Eff: 15846
	 DR Bracket: 0
	 Base: 21%
	 Effective Percent: 33,96%
----------------------
00:10,441

Intellect
	 Rating: 136354
	 Multiplicative Factor: 12,48%
	 Eff: 145210,25879211084
Stamina
	 Rating: 861476
	 Multiplicative Factor: 11,3%
	 Eff: 861476
Crit
	 Rating: 10861
	 Multiplicative Factor: 0%
	 Eff: 27660,565823657795
	 DR Bracket: 0
	 Base: 24%
	 Effective Percent: 39,52%
	 Crit Inc Heal: 2
	 Crit Inc Damage: 2
Haste
	 Rating: 19522
	 Multiplicative Factor: 0%
	 Eff: 52020,36
	 DR Bracket: 0
	 Base: 38%
	 Effective Percent: 78,82%
Vers
	 Rating: 27104
	 Multiplicative Factor: 0%
	 Eff: 26733,6
	 DR Bracket: 1
	 Base: 0%
	 Effective Percent: 34,27%
Leech
	 Rating: 3060
	 Multiplicative Factor: 0%
	 Eff: 3060
	 DR Bracket: 0
	 Base: 0%
	 Effective Percent: 3%
Avoidance
	 Rating: 0
	 Multiplicative Factor: 0%
	 Eff: 0
	 DR Bracket: 0
	 Base: 0%
	 Effective Percent: 0%
Mastery
	 Rating: 6046
	 Multiplicative Factor: 0%
	 Eff: 15846
	 DR Bracket: 0
	 Base: 21%
	 Effective Percent: 33,96%
----------------------
00:15,449

Intellect
	 Rating: 136354
	 Multiplicative Factor: 12,48%
	 Eff: 145210,25879211084
Stamina
	 Rating: 861476
	 Multiplicative Factor: 11,3%
	 Eff: 861476
Crit
	 Rating: 10861
	 Multiplicative Factor: 0%
	 Eff: 27660,565823657795
	 DR Bracket: 0
	 Base: 24%
	 Effective Percent: 39,52%
	 Crit Inc Heal: 2
	 Crit Inc Damage: 2
Haste
	 Rating: 19522
	 Multiplicative Factor: 0%
	 Eff: 53730,799999999996
	 DR Bracket: 0
	 Base: 40%
	 Effective Percent: 81,41%
Vers
	 Rating: 27104
	 Multiplicative Factor: 0%
	 Eff: 26733,6
	 DR Bracket: 1
	 Base: 0%
	 Effective Percent: 34,27%
Leech
	 Rating: 3060
	 Multiplicative Factor: 0%
	 Eff: 3060
	 DR Bracket: 0
	 Base: 0%
	 Effective Percent: 3%
Avoidance
	 Rating: 0
	 Multiplicative Factor: 0%
	 Eff: 0
	 DR Bracket: 0
	 Base: 0%
	 Effective Percent: 0%
Mastery
	 Rating: 6046
	 Multiplicative Factor: 0%
	 Eff: 15846
	 DR Bracket: 0
	 Base: 21%
	 Effective Percent: 33,96%
----------------------
00:20,658

Intellect
	 Rating: 136354
	 Multiplicative Factor: 12,48%
	 Eff: 145210,25879211084
Stamina
	 Rating: 861476
	 Multiplicative Factor: 11,3%
	 Eff: 861476
Crit
	 Rating: 10861
	 Multiplicative Factor: 0%
	 Eff: 17160,565823657795
	 DR Bracket: 0
	 Base: 9%
	 Effective Percent: 24,52%
	 Crit Inc Heal: 2
	 Crit Inc Damage: 2
Haste
	 Rating: 19522
	 Multiplicative Factor: 0%
	 Eff: 53730,799999999996
	 DR Bracket: 0
	 Base: 40%
	 Effective Percent: 81,41%
Vers
	 Rating: 27104
	 Multiplicative Factor: 0%
	 Eff: 26733,6
	 DR Bracket: 1
	 Base: 0%
	 Effective Percent: 34,27%
Leech
	 Rating: 3060
	 Multiplicative Factor: 0%
	 Eff: 3060
	 DR Bracket: 0
	 Base: 0%
	 Effective Percent: 3%
Avoidance
	 Rating: 0
	 Multiplicative Factor: 0%
	 Eff: 0
	 DR Bracket: 0
	 Base: 0%
	 Effective Percent: 0%
Mastery
	 Rating: 6046
	 Multiplicative Factor: 0%
	 Eff: 15846
	 DR Bracket: 0
	 Base: 21%
	 Effective Percent: 33,96%
----------------------
00:25,679

Intellect
	 Rating: 136354
	 Multiplicative Factor: 12,48%
	 Eff: 145210,25879211084
Stamina
	 Rating: 861476
	 Multiplicative Factor: 11,3%
	 Eff: 861476
Crit
	 Rating: 10861
	 Multiplicative Factor: 0%
	 Eff: 17160,565823657795
	 DR Bracket: 0
	 Base: 9%
	 Effective Percent: 24,52%
	 Crit Inc Heal: 2
	 Crit Inc Damage: 2
Haste
	 Rating: 19522
	 Multiplicative Factor: 0%
	 Eff: 53730,799999999996
	 DR Bracket: 0
	 Base: 40%
	 Effective Percent: 81,41%
Vers
	 Rating: 27104
	 Multiplicative Factor: 0%
	 Eff: 26733,6
	 DR Bracket: 1
	 Base: 0%
	 Effective Percent: 34,27%
Leech
	 Rating: 3060
	 Multiplicative Factor: 0%
	 Eff: 3060
	 DR Bracket: 0
	 Base: 0%
	 Effective Percent: 3%
Avoidance
	 Rating: 0
	 Multiplicative Factor: 0%
	 Eff: 0
	 DR Bracket: 0
	 Base: 0%
	 Effective Percent: 0%
Mastery
	 Rating: 6046
	 Multiplicative Factor: 0%
	 Eff: 15846
	 DR Bracket: 0
	 Base: 21%
	 Effective Percent: 33,96%
----------------------
00:30,679

Intellect
	 Rating: 136354
	 Multiplicative Factor: 12,48%
	 Eff: 145210,25879211084
Stamina
	 Rating: 861476
	 Multiplicative Factor: 11,3%
	 Eff: 861476
Crit
	 Rating: 10861
	 Multiplicative Factor: 0%
	 Eff: 17160,565823657795
	 DR Bracket: 0
	 Base: 9%
	 Effective Percent: 24,52%
	 Crit Inc Heal: 2
	 Crit Inc Damage: 2
Haste
	 Rating: 19522
	 Multiplicative Factor: 0%
	 Eff: 53730,799999999996
	 DR Bracket: 0
	 Base: 40%
	 Effective Percent: 81,41%
Vers
	 Rating: 27104
	 Multiplicative Factor: 0%
	 Eff: 26733,6
	 DR Bracket: 1
	 Base: 0%
	 Effective Percent: 34,27%
Leech
	 Rating: 3060
	 Multiplicative Factor: 0%
	 Eff: 3060
	 DR Bracket: 0
	 Base: 0%
	 Effective Percent: 3%
Avoidance
	 Rating: 0
	 Multiplicative Factor: 0%
	 Eff: 0
	 DR Bracket: 0
	 Base: 0%
	 Effective Percent: 0%
Mastery
	 Rating: 6046
	 Multiplicative Factor: 0%
	 Eff: 15846
	 DR Bracket: 0
	 Base: 21%
	 Effective Percent: 33,96%
----------------------
00:35,706

Intellect
	 Rating: 136354
	 Multiplicative Factor: 12,48%
	 Eff: 145210,25879211084
Stamina
	 Rating: 861476
	 Multiplicative Factor: 11,3%
	 Eff: 861476
Crit
	 Rating: 10861
	 Multiplicative Factor: 0%
	 Eff: 17160,565823657795
	 DR Bracket: 0
	 Base: 9%
	 Effective Percent: 24,52%
	 Crit Inc Heal: 2
	 Crit Inc Damage: 2
Haste
	 Rating: 19522
	 Multiplicative Factor: 0%
	 Eff: 53730,799999999996
	 DR Bracket: 0
	 Base: 40%
	 Effective Percent: 81,41%
Vers
	 Rating: 27104
	 Multiplicative Factor: 0%
	 Eff: 26733,6
	 DR Bracket: 1
	 Base: 0%
	 Effective Percent: 34,27%
Leech
	 Rating: 3060
	 Multiplicative Factor: 0%
	 Eff: 3060
	 DR Bracket: 0
	 Base: 0%
	 Effective Percent: 3%
Avoidance
	 Rating: 0
	 Multiplicative Factor: 0%
	 Eff: 0
	 DR Bracket: 0
	 Base: 0%
	 Effective Percent: 0%
Mastery
	 Rating: 6046
	 Multiplicative Factor: 0%
	 Eff: 15846
	 DR Bracket: 0
	 Base: 21%
	 Effective Percent: 33,96%
----------------------
00:40,709

Intellect
	 Rating: 136354
	 Multiplicative Factor: 12,48%
	 Eff: 145210,25879211084
Stamina
	 Rating: 861476
	 Multiplicative Factor: 11,3%
	 Eff: 861476
Crit
	 Rating: 10861
	 Multiplicative Factor: 0%
	 Eff: 27660,565823657795
	 DR Bracket: 0
	 Base: 24%
	 Effective Percent: 39,52%
	 Crit Inc Heal: 2
	 Crit Inc Damage: 2
Haste
	 Rating: 19522
	 Multiplicative Factor: 0%
	 Eff: 28074,199999999997
	 DR Bracket: 0
	 Base: 10%
	 Effective Percent: 42,54%
Vers
	 Rating: 27104
	 Multiplicative Factor: 0%
	 Eff: 26733,6
	 DR Bracket: 1
	 Base: 0%
	 Effective Percent: 34,27%
Leech
	 Rating: 3060
	 Multiplicative Factor: 0%
	 Eff: 3060
	 DR Bracket: 0
	 Base: 0%
	 Effective Percent: 3%
Avoidance
	 Rating: 0
	 Multiplicative Factor: 0%
	 Eff: 0
	 DR Bracket: 0
	 Base: 0%
	 Effective Percent: 0%
Mastery
	 Rating: 6046
	 Multiplicative Factor: 0%
	 Eff: 15846
	 DR Bracket: 0
	 Base: 21%
	 Effective Percent: 33,96%
----------------------
00:45,714

Intellect
	 Rating: 136354
	 Multiplicative Factor: 12,48%
	 Eff: 145210,25879211084
Stamina
	 Rating: 861476
	 Multiplicative Factor: 11,3%
	 Eff: 861476
Crit
	 Rating: 10861
	 Multiplicative Factor: 0%
	 Eff: 27660,565823657795
	 DR Bracket: 0
	 Base: 24%
	 Effective Percent: 39,52%
	 Crit Inc Heal: 2
	 Crit Inc Damage: 2
Haste
	 Rating: 19522
	 Multiplicative Factor: 0%
	 Eff: 28074,199999999997
	 DR Bracket: 0
	 Base: 10%
	 Effective Percent: 42,54%
Vers
	 Rating: 27104
	 Multiplicative Factor: 0%
	 Eff: 26733,6
	 DR Bracket: 1
	 Base: 0%
	 Effective Percent: 34,27%
Leech
	 Rating: 3060
	 Multiplicative Factor: 0%
	 Eff: 3060
	 DR Bracket: 0
	 Base: 0%
	 Effective Percent: 3%
Avoidance
	 Rating: 0
	 Multiplicative Factor: 0%
	 Eff: 0
	 DR Bracket: 0
	 Base: 0%
	 Effective Percent: 0%
Mastery
	 Rating: 6046
	 Multiplicative Factor: 0%
	 Eff: 15846
	 DR Bracket: 0
	 Base: 21%
	 Effective Percent: 33,96%
----------------------
00:50,873

Intellect
	 Rating: 136354
	 Multiplicative Factor: 12,48%
	 Eff: 145210,25879211084
Stamina
	 Rating: 861476
	 Multiplicative Factor: 11,3%
	 Eff: 861476
Crit
	 Rating: 10861
	 Multiplicative Factor: 0%
	 Eff: 17160,565823657795
	 DR Bracket: 0
	 Base: 9%
	 Effective Percent: 24,52%
	 Crit Inc Heal: 2
	 Crit Inc Damage: 2
Haste
	 Rating: 19522
	 Multiplicative Factor: 0%
	 Eff: 28074,199999999997
	 DR Bracket: 0
	 Base: 10%
	 Effective Percent: 42,54%
Vers
	 Rating: 27104
	 Multiplicative Factor: 0%
	 Eff: 26733,6
	 DR Bracket: 1
	 Base: 0%
	 Effective Percent: 34,27%
Leech
	 Rating: 3060
	 Multiplicative Factor: 0%
	 Eff: 3060
	 DR Bracket: 0
	 Base: 0%
	 Effective Percent: 3%
Avoidance
	 Rating: 0
	 Multiplicative Factor: 0%
	 Eff: 0
	 DR Bracket: 0
	 Base: 0%
	 Effective Percent: 0%
Mastery
	 Rating: 6046
	 Multiplicative Factor: 0%
	 Eff: 15846
	 DR Bracket: 0
	 Base: 21%
	 Effective Percent: 33,96%
----------------------
00:56,044

Intellect
	 Rating: 136354
	 Multiplicative Factor: 12,48%
	 Eff: 145210,25879211084
Stamina
	 Rating: 861476
	 Multiplicative Factor: 11,3%
	 Eff: 861476
Crit
	 Rating: 10861
	 Multiplicative Factor: 0%
	 Eff: 17160,565823657795
	 DR Bracket: 0
	 Base: 9%
	 Effective Percent: 24,52%
	 Crit Inc Heal: 2
	 Crit Inc Damage: 2
Haste
	 Rating: 19522
	 Multiplicative Factor: 0%
	 Eff: 28074,199999999997
	 DR Bracket: 0
	 Base: 10%
	 Effective Percent: 42,54%
Vers
	 Rating: 27104
	 Multiplicative Factor: 0%
	 Eff: 26733,6
	 DR Bracket: 1
	 Base: 0%
	 Effective Percent: 34,27%
Leech
	 Rating: 3060
	 Multiplicative Factor: 0%
	 Eff: 3060
	 DR Bracket: 0
	 Base: 0%
	 Effective Percent: 3%
Avoidance
	 Rating: 0
	 Multiplicative Factor: 0%
	 Eff: 0
	 DR Bracket: 0
	 Base: 0%
	 Effective Percent: 0%
Mastery
	 Rating: 6046
	 Multiplicative Factor: 0%
	 Eff: 15846
	 DR Bracket: 0
	 Base: 21%
	 Effective Percent: 33,96%
----------------------
01:01,112

Intellect
	 Rating: 136354
	 Multiplicative Factor: 12,48%
	 Eff: 145210,25879211084
Stamina
	 Rating: 861476
	 Multiplicative Factor: 11,3%
	 Eff: 861476
Crit
	 Rating: 10861
	 Multiplicative Factor: 0%
	 Eff: 17160,565823657795
	 DR Bracket: 0
	 Base: 9%
	 Effective Percent: 24,52%
	 Crit Inc Heal: 2
	 Crit Inc Damage: 2
Haste
	 Rating: 19522
	 Multiplicative Factor: 0%
	 Eff: 28074,199999999997
	 DR Bracket: 0
	 Base: 10%
	 Effective Percent: 42,54%
Vers
	 Rating: 27104
	 Multiplicative Factor: 0%
	 Eff: 26733,6
	 DR Bracket: 1
	 Base: 0%
	 Effective Percent: 34,27%
Leech
	 Rating: 3060
	 Multiplicative Factor: 0%
	 Eff: 3060
	 DR Bracket: 0
	 Base: 0%
	 Effective Percent: 3%
Avoidance
	 Rating: 0
	 Multiplicative Factor: 0%
	 Eff: 0
	 DR Bracket: 0
	 Base: 0%
	 Effective Percent: 0%
Mastery
	 Rating: 6046
	 Multiplicative Factor: 0%
	 Eff: 15846
	 DR Bracket: 0
	 Base: 21%
	 Effective Percent: 33,96%
----------------------
01:06,118

Intellect
	 Rating: 136354
	 Multiplicative Factor: 12,48%
	 Eff: 145210,25879211084
Stamina
	 Rating: 861476
	 Multiplicative Factor: 11,3%
	 Eff: 861476
Crit
	 Rating: 10861
	 Multiplicative Factor: 0%
	 Eff: 17160,565823657795
	 DR Bracket: 0
	 Base: 9%
	 Effective Percent: 24,52%
	 Crit Inc Heal: 2
	 Crit Inc Damage: 2
Haste
	 Rating: 19522
	 Multiplicative Factor: 0%
	 Eff: 28074,199999999997
	 DR Bracket: 0
	 Base: 10%
	 Effective Percent: 42,54%
Vers
	 Rating: 27104
	 Multiplicative Factor: 0%
	 Eff: 26733,6
	 DR Bracket: 1
	 Base: 0%
	 Effective Percent: 34,27%
Leech
	 Rating: 3060
	 Multiplicative Factor: 0%
	 Eff: 3060
	 DR Bracket: 0
	 Base: 0%
	 Effective Percent: 3%
Avoidance
	 Rating: 0
	 Multiplicative Factor: 0%
	 Eff: 0
	 DR Bracket: 0
	 Base: 0%
	 Effective Percent: 0%
Mastery
	 Rating: 6046
	 Multiplicative Factor: 0%
	 Eff: 15846
	 DR Bracket: 0
	 Base: 21%
	 Effective Percent: 33,96%
----------------------
01:11,130

Intellect
	 Rating: 136354
	 Multiplicative Factor: 12,48%
	 Eff: 145210,25879211084
Stamina
	 Rating: 861476
	 Multiplicative Factor: 11,3%
	 Eff: 861476
Crit
	 Rating: 10861
	 Multiplicative Factor: 0%
	 Eff: 17160,565823657795
	 DR Bracket: 0
	 Base: 9%
	 Effective Percent: 24,52%
	 Crit Inc Heal: 2
	 Crit Inc Damage: 2
Haste
	 Rating: 19522
	 Multiplicative Factor: 0%
	 Eff: 28074,199999999997
	 DR Bracket: 0
	 Base: 10%
	 Effective Percent: 42,54%
Vers
	 Rating: 27104
	 Multiplicative Factor: 0%
	 Eff: 26733,6
	 DR Bracket: 1
	 Base: 0%
	 Effective Percent: 34,27%
Leech
	 Rating: 3060
	 Multiplicative Factor: 0%
	 Eff: 3060
	 DR Bracket: 0
	 Base: 0%
	 Effective Percent: 3%
Avoidance
	 Rating: 0
	 Multiplicative Factor: 0%
	 Eff: 0
	 DR Bracket: 0
	 Base: 0%
	 Effective Percent: 0%
Mastery
	 Rating: 6046
	 Multiplicative Factor: 0%
	 Eff: 15846
	 DR Bracket: 0
	 Base: 21%
	 Effective Percent: 33,96%
----------------------
01:16,150

Intellect
	 Rating: 136354
	 Multiplicative Factor: 12,48%
	 Eff: 145210,25879211084
Stamina
	 Rating: 861476
	 Multiplicative Factor: 11,3%
	 Eff: 861476
Crit
	 Rating: 10861
	 Multiplicative Factor: 0%
	 Eff: 17160,565823657795
	 DR Bracket: 0
	 Base: 9%
	 Effective Percent: 24,52%
	 Crit Inc Heal: 2
	 Crit Inc Damage: 2
Haste
	 Rating: 19522
	 Multiplicative Factor: 0%
	 Eff: 28074,199999999997
	 DR Bracket: 0
	 Base: 10%
	 Effective Percent: 42,54%
Vers
	 Rating: 27104
	 Multiplicative Factor: 0%
	 Eff: 26733,6
	 DR Bracket: 1
	 Base: 0%
	 Effective Percent: 34,27%
Leech
	 Rating: 3060
	 Multiplicative Factor: 0%
	 Eff: 3060
	 DR Bracket: 0
	 Base: 0%
	 Effective Percent: 3%
Avoidance
	 Rating: 0
	 Multiplicative Factor: 0%
	 Eff: 0
	 DR Bracket: 0
	 Base: 0%
	 Effective Percent: 0%
Mastery
	 Rating: 6046
	 Multiplicative Factor: 0%
	 Eff: 15846
	 DR Bracket: 0
	 Base: 21%
	 Effective Percent: 33,96%
----------------------
01:21,163

Intellect
	 Rating: 136354
	 Multiplicative Factor: 12,48%
	 Eff: 145210,25879211084
Stamina
	 Rating: 861476
	 Multiplicative Factor: 11,3%
	 Eff: 861476
Crit
	 Rating: 10861
	 Multiplicative Factor: 0%
	 Eff: 17160,565823657795
	 DR Bracket: 0
	 Base: 9%
	 Effective Percent: 24,52%
	 Crit Inc Heal: 2
	 Crit Inc Damage: 2
Haste
	 Rating: 19522
	 Multiplicative Factor: 0%
	 Eff: 28074,199999999997
	 DR Bracket: 0
	 Base: 10%
	 Effective Percent: 42,54%
Vers
	 Rating: 27104
	 Multiplicative Factor: 0%
	 Eff: 26733,6
	 DR Bracket: 1
	 Base: 0%
	 Effective Percent: 34,27%
Leech
	 Rating: 3060
	 Multiplicative Factor: 0%
	 Eff: 3060
	 DR Bracket: 0
	 Base: 0%
	 Effective Percent: 3%
Avoidance
	 Rating: 0
	 Multiplicative Factor: 0%
	 Eff: 0
	 DR Bracket: 0
	 Base: 0%
	 Effective Percent: 0%
Mastery
	 Rating: 6046
	 Multiplicative Factor: 0%
	 Eff: 15846
	 DR Bracket: 0
	 Base: 21%
	 Effective Percent: 33,96%
----------------------
01:26,166

Intellect
	 Rating: 136354
	 Multiplicative Factor: 12,48%
	 Eff: 145210,25879211084
Stamina
	 Rating: 861476
	 Multiplicative Factor: 11,3%
	 Eff: 861476
Crit
	 Rating: 10861
	 Multiplicative Factor: 0%
	 Eff: 27660,565823657795
	 DR Bracket: 0
	 Base: 24%
	 Effective Percent: 39,52%
	 Crit Inc Heal: 2
	 Crit Inc Damage: 2
Haste
	 Rating: 19522
	 Multiplicative Factor: 0%
	 Eff: 28074,199999999997
	 DR Bracket: 0
	 Base: 10%
	 Effective Percent: 42,54%
Vers
	 Rating: 27104
	 Multiplicative Factor: 0%
	 Eff: 26733,6
	 DR Bracket: 1
	 Base: 0%
	 Effective Percent: 34,27%
Leech
	 Rating: 3060
	 Multiplicative Factor: 0%
	 Eff: 3060
	 DR Bracket: 0
	 Base: 0%
	 Effective Percent: 3%
Avoidance
	 Rating: 0
	 Multiplicative Factor: 0%
	 Eff: 0
	 DR Bracket: 0
	 Base: 0%
	 Effective Percent: 0%
Mastery
	 Rating: 6046
	 Multiplicative Factor: 0%
	 Eff: 15846
	 DR Bracket: 0
	 Base: 21%
	 Effective Percent: 33,96%
----------------------
01:31,202

Intellect
	 Rating: 136354
	 Multiplicative Factor: 12,48%
	 Eff: 145210,25879211084
Stamina
	 Rating: 861476
	 Multiplicative Factor: 11,3%
	 Eff: 861476
Crit
	 Rating: 10861
	 Multiplicative Factor: 0%
	 Eff: 27660,565823657795
	 DR Bracket: 0
	 Base: 24%
	 Effective Percent: 39,52%
	 Crit Inc Heal: 2
	 Crit Inc Damage: 2
Haste
	 Rating: 19522
	 Multiplicative Factor: 0%
	 Eff: 28074,199999999997
	 DR Bracket: 0
	 Base: 10%
	 Effective Percent: 42,54%
Vers
	 Rating: 27104
	 Multiplicative Factor: 0%
	 Eff: 26733,6
	 DR Bracket: 1
	 Base: 0%
	 Effective Percent: 34,27%
Leech
	 Rating: 3060
	 Multiplicative Factor: 0%
	 Eff: 3060
	 DR Bracket: 0
	 Base: 0%
	 Effective Percent: 3%
Avoidance
	 Rating: 0
	 Multiplicative Factor: 0%
	 Eff: 0
	 DR Bracket: 0
	 Base: 0%
	 Effective Percent: 0%
Mastery
	 Rating: 6046
	 Multiplicative Factor: 0%
	 Eff: 15846
	 DR Bracket: 0
	 Base: 21%
	 Effective Percent: 33,96%
----------------------
01:36,243

Intellect
	 Rating: 136354
	 Multiplicative Factor: 12,48%
	 Eff: 145210,25879211084
Stamina
	 Rating: 861476
	 Multiplicative Factor: 11,3%
	 Eff: 861476
Crit
	 Rating: 10861
	 Multiplicative Factor: 0%
	 Eff: 17160,565823657795
	 DR Bracket: 0
	 Base: 9%
	 Effective Percent: 24,52%
	 Crit Inc Heal: 2
	 Crit Inc Damage: 2
Haste
	 Rating: 19522
	 Multiplicative Factor: 0%
	 Eff: 28074,199999999997
	 DR Bracket: 0
	 Base: 10%
	 Effective Percent: 42,54%
Vers
	 Rating: 27104
	 Multiplicative Factor: 0%
	 Eff: 26733,6
	 DR Bracket: 1
	 Base: 0%
	 Effective Percent: 34,27%
Leech
	 Rating: 3060
	 Multiplicative Factor: 0%
	 Eff: 3060
	 DR Bracket: 0
	 Base: 0%
	 Effective Percent: 3%
Avoidance
	 Rating: 0
	 Multiplicative Factor: 0%
	 Eff: 0
	 DR Bracket: 0
	 Base: 0%
	 Effective Percent: 0%
Mastery
	 Rating: 6046
	 Multiplicative Factor: 0%
	 Eff: 15846
	 DR Bracket: 0
	 Base: 21%
	 Effective Percent: 33,96%
----------------------
01:41,381

Intellect
	 Rating: 136354
	 Multiplicative Factor: 12,48%
	 Eff: 145210,25879211084
Stamina
	 Rating: 861476
	 Multiplicative Factor: 11,3%
	 Eff: 861476
Crit
	 Rating: 10861
	 Multiplicative Factor: 0%
	 Eff: 17160,565823657795
	 DR Bracket: 0
	 Base: 9%
	 Effective Percent: 24,52%
	 Crit Inc Heal: 2
	 Crit Inc Damage: 2
Haste
	 Rating: 19522
	 Multiplicative Factor: 0%
	 Eff: 28074,199999999997
	 DR Bracket: 0
	 Base: 10%
	 Effective Percent: 42,54%
Vers
	 Rating: 27104
	 Multiplicative Factor: 0%
	 Eff: 26733,6
	 DR Bracket: 1
	 Base: 0%
	 Effective Percent: 34,27%
Leech
	 Rating: 3060
	 Multiplicative Factor: 0%
	 Eff: 3060
	 DR Bracket: 0
	 Base: 0%
	 Effective Percent: 3%
Avoidance
	 Rating: 0
	 Multiplicative Factor: 0%
	 Eff: 0
	 DR Bracket: 0
	 Base: 0%
	 Effective Percent: 0%
Mastery
	 Rating: 6046
	 Multiplicative Factor: 0%
	 Eff: 15846
	 DR Bracket: 0
	 Base: 21%
	 Effective Percent: 33,96%
----------------------
01:46,404

Intellect
	 Rating: 136354
	 Multiplicative Factor: 12,48%
	 Eff: 145210,25879211084
Stamina
	 Rating: 861476
	 Multiplicative Factor: 11,3%
	 Eff: 861476
Crit
	 Rating: 10861
	 Multiplicative Factor: 0%
	 Eff: 17160,565823657795
	 DR Bracket: 0
	 Base: 9%
	 Effective Percent: 24,52%
	 Crit Inc Heal: 2
	 Crit Inc Damage: 2
Haste
	 Rating: 19522
	 Multiplicative Factor: 0%
	 Eff: 28074,199999999997
	 DR Bracket: 0
	 Base: 10%
	 Effective Percent: 42,54%
Vers
	 Rating: 27104
	 Multiplicative Factor: 0%
	 Eff: 26733,6
	 DR Bracket: 1
	 Base: 0%
	 Effective Percent: 34,27%
Leech
	 Rating: 3060
	 Multiplicative Factor: 0%
	 Eff: 3060
	 DR Bracket: 0
	 Base: 0%
	 Effective Percent: 3%
Avoidance
	 Rating: 0
	 Multiplicative Factor: 0%
	 Eff: 0
	 DR Bracket: 0
	 Base: 0%
	 Effective Percent: 0%
Mastery
	 Rating: 6046
	 Multiplicative Factor: 0%
	 Eff: 15846
	 DR Bracket: 0
	 Base: 21%
	 Effective Percent: 33,96%
----------------------
01:51,457

Intellect
	 Rating: 136354
	 Multiplicative Factor: 12,48%
	 Eff: 145210,25879211084
Stamina
	 Rating: 861476
	 Multiplicative Factor: 11,3%
	 Eff: 861476
Crit
	 Rating: 10861
	 Multiplicative Factor: 0%
	 Eff: 17160,565823657795
	 DR Bracket: 0
	 Base: 9%
	 Effective Percent: 24,52%
	 Crit Inc Heal: 2
	 Crit Inc Damage: 2
Haste
	 Rating: 19522
	 Multiplicative Factor: 0%
	 Eff: 28074,199999999997
	 DR Bracket: 0
	 Base: 10%
	 Effective Percent: 42,54%
Vers
	 Rating: 27104
	 Multiplicative Factor: 0%
	 Eff: 26733,6
	 DR Bracket: 1
	 Base: 0%
	 Effective Percent: 34,27%
Leech
	 Rating: 3060
	 Multiplicative Factor: 0%
	 Eff: 3060
	 DR Bracket: 0
	 Base: 0%
	 Effective Percent: 3%
Avoidance
	 Rating: 0
	 Multiplicative Factor: 0%
	 Eff: 0
	 DR Bracket: 0
	 Base: 0%
	 Effective Percent: 0%
Mastery
	 Rating: 6046
	 Multiplicative Factor: 0%
	 Eff: 15846
	 DR Bracket: 0
	 Base: 21%
	 Effective Percent: 33,96%
----------------------
01:56,596

Intellect
	 Rating: 136354
	 Multiplicative Factor: 12,48%
	 Eff: 145210,25879211084
Stamina
	 Rating: 861476
	 Multiplicative Factor: 11,3%
	 Eff: 861476
Crit
	 Rating: 10861
	 Multiplicative Factor: 0%
	 Eff: 27660,565823657795
	 DR Bracket: 0
	 Base: 24%
	 Effective Percent: 39,52%
	 Crit Inc Heal: 2
	 Crit Inc Damage: 2
Haste
	 Rating: 19522
	 Multiplicative Factor: 0%
	 Eff: 28074,199999999997
	 DR Bracket: 0
	 Base: 10%
	 Effective Percent: 42,54%
Vers
	 Rating: 27104
	 Multiplicative Factor: 0%
	 Eff: 26733,6
	 DR Bracket: 1
	 Base: 0%
	 Effective Percent: 34,27%
Leech
	 Rating: 3060
	 Multiplicative Factor: 0%
	 Eff: 3060
	 DR Bracket: 0
	 Base: 0%
	 Effective Percent: 3%
Avoidance
	 Rating: 0
	 Multiplicative Factor: 0%
	 Eff: 0
	 DR Bracket: 0
	 Base: 0%
	 Effective Percent: 0%
Mastery
	 Rating: 6046
	 Multiplicative Factor: 0%
	 Eff: 15846
	 DR Bracket: 0
	 Base: 21%
	 Effective Percent: 33,96%
----------------------
02:01,668

Intellect
	 Rating: 136354
	 Multiplicative Factor: 12,48%
	 Eff: 145210,25879211084
Stamina
	 Rating: 861476
	 Multiplicative Factor: 11,3%
	 Eff: 861476
Crit
	 Rating: 10861
	 Multiplicative Factor: 0%
	 Eff: 27660,565823657795
	 DR Bracket: 0
	 Base: 24%
	 Effective Percent: 39,52%
	 Crit Inc Heal: 2
	 Crit Inc Damage: 2
Haste
	 Rating: 19522
	 Multiplicative Factor: 0%
	 Eff: 28074,199999999997
	 DR Bracket: 0
	 Base: 10%
	 Effective Percent: 42,54%
Vers
	 Rating: 27104
	 Multiplicative Factor: 0%
	 Eff: 26733,6
	 DR Bracket: 1
	 Base: 0%
	 Effective Percent: 34,27%
Leech
	 Rating: 3060
	 Multiplicative Factor: 0%
	 Eff: 3060
	 DR Bracket: 0
	 Base: 0%
	 Effective Percent: 3%
Avoidance
	 Rating: 0
	 Multiplicative Factor: 0%
	 Eff: 0
	 DR Bracket: 0
	 Base: 0%
	 Effective Percent: 0%
Mastery
	 Rating: 6046
	 Multiplicative Factor: 0%
	 Eff: 15846
	 DR Bracket: 0
	 Base: 21%
	 Effective Percent: 33,96%
----------------------
02:06,672

Intellect
	 Rating: 136354
	 Multiplicative Factor: 12,48%
	 Eff: 145210,25879211084
Stamina
	 Rating: 861476
	 Multiplicative Factor: 11,3%
	 Eff: 861476
Crit
	 Rating: 10861
	 Multiplicative Factor: 0%
	 Eff: 27660,565823657795
	 DR Bracket: 0
	 Base: 24%
	 Effective Percent: 39,52%
	 Crit Inc Heal: 2
	 Crit Inc Damage: 2
Haste
	 Rating: 19522
	 Multiplicative Factor: 0%
	 Eff: 28074,199999999997
	 DR Bracket: 0
	 Base: 10%
	 Effective Percent: 42,54%
Vers
	 Rating: 27104
	 Multiplicative Factor: 0%
	 Eff: 26733,6
	 DR Bracket: 1
	 Base: 0%
	 Effective Percent: 34,27%
Leech
	 Rating: 3060
	 Multiplicative Factor: 0%
	 Eff: 3060
	 DR Bracket: 0
	 Base: 0%
	 Effective Percent: 3%
Avoidance
	 Rating: 0
	 Multiplicative Factor: 0%
	 Eff: 0
	 DR Bracket: 0
	 Base: 0%
	 Effective Percent: 0%
Mastery
	 Rating: 6046
	 Multiplicative Factor: 0%
	 Eff: 15846
	 DR Bracket: 0
	 Base: 21%
	 Effective Percent: 33,96%
----------------------
02:11,673

Intellect
	 Rating: 136354
	 Multiplicative Factor: 12,48%
	 Eff: 145210,25879211084
Stamina
	 Rating: 861476
	 Multiplicative Factor: 11,3%
	 Eff: 861476
Crit
	 Rating: 10861
	 Multiplicative Factor: 0%
	 Eff: 27660,565823657795
	 DR Bracket: 0
	 Base: 24%
	 Effective Percent: 39,52%
	 Crit Inc Heal: 2
	 Crit Inc Damage: 2
Haste
	 Rating: 19522
	 Multiplicative Factor: 0%
	 Eff: 28074,199999999997
	 DR Bracket: 0
	 Base: 10%
	 Effective Percent: 42,54%
Vers
	 Rating: 27104
	 Multiplicative Factor: 0%
	 Eff: 26733,6
	 DR Bracket: 1
	 Base: 0%
	 Effective Percent: 34,27%
Leech
	 Rating: 3060
	 Multiplicative Factor: 0%
	 Eff: 3060
	 DR Bracket: 0
	 Base: 0%
	 Effective Percent: 3%
Avoidance
	 Rating: 0
	 Multiplicative Factor: 0%
	 Eff: 0
	 DR Bracket: 0
	 Base: 0%
	 Effective Percent: 0%
Mastery
	 Rating: 6046
	 Multiplicative Factor: 0%
	 Eff: 15846
	 DR Bracket: 0
	 Base: 21%
	 Effective Percent: 33,96%
----------------------
02:16,824

Intellect
	 Rating: 136354
	 Multiplicative Factor: 12,48%
	 Eff: 145210,25879211084
Stamina
	 Rating: 861476
	 Multiplicative Factor: 11,3%
	 Eff: 861476
Crit
	 Rating: 10861
	 Multiplicative Factor: 0%
	 Eff: 27660,565823657795
	 DR Bracket: 0
	 Base: 24%
	 Effective Percent: 39,52%
	 Crit Inc Heal: 2
	 Crit Inc Damage: 2
Haste
	 Rating: 19522
	 Multiplicative Factor: 0%
	 Eff: 28074,199999999997
	 DR Bracket: 0
	 Base: 10%
	 Effective Percent: 42,54%
Vers
	 Rating: 27104
	 Multiplicative Factor: 0%
	 Eff: 26733,6
	 DR Bracket: 1
	 Base: 0%
	 Effective Percent: 34,27%
Leech
	 Rating: 3060
	 Multiplicative Factor: 0%
	 Eff: 3060
	 DR Bracket: 0
	 Base: 0%
	 Effective Percent: 3%
Avoidance
	 Rating: 0
	 Multiplicative Factor: 0%
	 Eff: 0
	 DR Bracket: 0
	 Base: 0%
	 Effective Percent: 0%
Mastery
	 Rating: 6046
	 Multiplicative Factor: 0%
	 Eff: 15846
	 DR Bracket: 0
	 Base: 21%
	 Effective Percent: 33,96%
----------------------
02:21,825

Intellect
	 Rating: 136354
	 Multiplicative Factor: 12,48%
	 Eff: 145210,25879211084
Stamina
	 Rating: 861476
	 Multiplicative Factor: 11,3%
	 Eff: 861476
Crit
	 Rating: 10861
	 Multiplicative Factor: 0%
	 Eff: 27660,565823657795
	 DR Bracket: 0
	 Base: 24%
	 Effective Percent: 39,52%
	 Crit Inc Heal: 2
	 Crit Inc Damage: 2
Haste
	 Rating: 19522
	 Multiplicative Factor: 0%
	 Eff: 28074,199999999997
	 DR Bracket: 0
	 Base: 10%
	 Effective Percent: 42,54%
Vers
	 Rating: 27104
	 Multiplicative Factor: 0%
	 Eff: 26733,6
	 DR Bracket: 1
	 Base: 0%
	 Effective Percent: 34,27%
Leech
	 Rating: 3060
	 Multiplicative Factor: 0%
	 Eff: 3060
	 DR Bracket: 0
	 Base: 0%
	 Effective Percent: 3%
Avoidance
	 Rating: 0
	 Multiplicative Factor: 0%
	 Eff: 0
	 DR Bracket: 0
	 Base: 0%
	 Effective Percent: 0%
Mastery
	 Rating: 6046
	 Multiplicative Factor: 0%
	 Eff: 15846
	 DR Bracket: 0
	 Base: 21%
	 Effective Percent: 33,96%
----------------------
02:26,837

Intellect
	 Rating: 136354
	 Multiplicative Factor: 12,48%
	 Eff: 145210,25879211084
Stamina
	 Rating: 861476
	 Multiplicative Factor: 11,3%
	 Eff: 861476
Crit
	 Rating: 10861
	 Multiplicative Factor: 0%
	 Eff: 17160,565823657795
	 DR Bracket: 0
	 Base: 9%
	 Effective Percent: 24,52%
	 Crit Inc Heal: 2
	 Crit Inc Damage: 2
Haste
	 Rating: 19522
	 Multiplicative Factor: 0%
	 Eff: 28074,199999999997
	 DR Bracket: 0
	 Base: 10%
	 Effective Percent: 42,54%
Vers
	 Rating: 27104
	 Multiplicative Factor: 0%
	 Eff: 26733,6
	 DR Bracket: 1
	 Base: 0%
	 Effective Percent: 34,27%
Leech
	 Rating: 3060
	 Multiplicative Factor: 0%
	 Eff: 3060
	 DR Bracket: 0
	 Base: 0%
	 Effective Percent: 3%
Avoidance
	 Rating: 0
	 Multiplicative Factor: 0%
	 Eff: 0
	 DR Bracket: 0
	 Base: 0%
	 Effective Percent: 0%
Mastery
	 Rating: 6046
	 Multiplicative Factor: 0%
	 Eff: 15846
	 DR Bracket: 0
	 Base: 21%
	 Effective Percent: 33,96%
----------------------
02:31,845

Intellect
	 Rating: 136354
	 Multiplicative Factor: 12,48%
	 Eff: 145210,25879211084
Stamina
	 Rating: 861476
	 Multiplicative Factor: 11,3%
	 Eff: 861476
Crit
	 Rating: 10861
	 Multiplicative Factor: 0%
	 Eff: 17160,565823657795
	 DR Bracket: 0
	 Base: 9%
	 Effective Percent: 24,52%
	 Crit Inc Heal: 2
	 Crit Inc Damage: 2
Haste
	 Rating: 19522
	 Multiplicative Factor: 0%
	 Eff: 28074,199999999997
	 DR Bracket: 0
	 Base: 10%
	 Effective Percent: 42,54%
Vers
	 Rating: 27104
	 Multiplicative Factor: 0%
	 Eff: 26733,6
	 DR Bracket: 1
	 Base: 0%
	 Effective Percent: 34,27%
Leech
	 Rating: 3060
	 Multiplicative Factor: 0%
	 Eff: 3060
	 DR Bracket: 0
	 Base: 0%
	 Effective Percent: 3%
Avoidance
	 Rating: 0
	 Multiplicative Factor: 0%
	 Eff: 0
	 DR Bracket: 0
	 Base: 0%
	 Effective Percent: 0%
Mastery
	 Rating: 6046
	 Multiplicative Factor: 0%
	 Eff: 15846
	 DR Bracket: 0
	 Base: 21%
	 Effective Percent: 33,96%
----------------------
02:36,983

Intellect
	 Rating: 136354
	 Multiplicative Factor: 12,48%
	 Eff: 145210,25879211084
Stamina
	 Rating: 861476
	 Multiplicative Factor: 11,3%
	 Eff: 861476
Crit
	 Rating: 10861
	 Multiplicative Factor: 0%
	 Eff: 17160,565823657795
	 DR Bracket: 0
	 Base: 9%
	 Effective Percent: 24,52%
	 Crit Inc Heal: 2
	 Crit Inc Damage: 2
Haste
	 Rating: 19522
	 Multiplicative Factor: 0%
	 Eff: 28074,199999999997
	 DR Bracket: 0
	 Base: 10%
	 Effective Percent: 42,54%
Vers
	 Rating: 27104
	 Multiplicative Factor: 0%
	 Eff: 26733,6
	 DR Bracket: 1
	 Base: 0%
	 Effective Percent: 34,27%
Leech
	 Rating: 3060
	 Multiplicative Factor: 0%
	 Eff: 3060
	 DR Bracket: 0
	 Base: 0%
	 Effective Percent: 3%
Avoidance
	 Rating: 0
	 Multiplicative Factor: 0%
	 Eff: 0
	 DR Bracket: 0
	 Base: 0%
	 Effective Percent: 0%
Mastery
	 Rating: 6046
	 Multiplicative Factor: 0%
	 Eff: 15846
	 DR Bracket: 0
	 Base: 21%
	 Effective Percent: 33,96%
----------------------
02:41,990

Intellect
	 Rating: 136354
	 Multiplicative Factor: 12,48%
	 Eff: 145210,25879211084
Stamina
	 Rating: 861476
	 Multiplicative Factor: 11,3%
	 Eff: 861476
Crit
	 Rating: 10861
	 Multiplicative Factor: 0%
	 Eff: 17160,565823657795
	 DR Bracket: 0
	 Base: 9%
	 Effective Percent: 24,52%
	 Crit Inc Heal: 2
	 Crit Inc Damage: 2
Haste
	 Rating: 19522
	 Multiplicative Factor: 0%
	 Eff: 28074,199999999997
	 DR Bracket: 0
	 Base: 10%
	 Effective Percent: 42,54%
Vers
	 Rating: 27104
	 Multiplicative Factor: 0%
	 Eff: 26733,6
	 DR Bracket: 1
	 Base: 0%
	 Effective Percent: 34,27%
Leech
	 Rating: 3060
	 Multiplicative Factor: 0%
	 Eff: 3060
	 DR Bracket: 0
	 Base: 0%
	 Effective Percent: 3%
Avoidance
	 Rating: 0
	 Multiplicative Factor: 0%
	 Eff: 0
	 DR Bracket: 0
	 Base: 0%
	 Effective Percent: 0%
Mastery
	 Rating: 6046
	 Multiplicative Factor: 0%
	 Eff: 15846
	 DR Bracket: 0
	 Base: 21%
	 Effective Percent: 33,96%
----------------------
02:47,103

Intellect
	 Rating: 136354
	 Multiplicative Factor: 12,48%
	 Eff: 145210,25879211084
Stamina
	 Rating: 861476
	 Multiplicative Factor: 11,3%
	 Eff: 861476
Crit
	 Rating: 10861
	 Multiplicative Factor: 0%
	 Eff: 17160,565823657795
	 DR Bracket: 0
	 Base: 9%
	 Effective Percent: 24,52%
	 Crit Inc Heal: 2
	 Crit Inc Damage: 2
Haste
	 Rating: 19522
	 Multiplicative Factor: 0%
	 Eff: 28074,199999999997
	 DR Bracket: 0
	 Base: 10%
	 Effective Percent: 42,54%
Vers
	 Rating: 27104
	 Multiplicative Factor: 0%
	 Eff: 26733,6
	 DR Bracket: 1
	 Base: 0%
	 Effective Percent: 34,27%
Leech
	 Rating: 3060
	 Multiplicative Factor: 0%
	 Eff: 3060
	 DR Bracket: 0
	 Base: 0%
	 Effective Percent: 3%
Avoidance
	 Rating: 0
	 Multiplicative Factor: 0%
	 Eff: 0
	 DR Bracket: 0
	 Base: 0%
	 Effective Percent: 0%
Mastery
	 Rating: 6046
	 Multiplicative Factor: 0%
	 Eff: 15846
	 DR Bracket: 0
	 Base: 21%
	 Effective Percent: 33,96%
----------------------
02:52,136

Intellect
	 Rating: 136354
	 Multiplicative Factor: 12,48%
	 Eff: 145210,25879211084
Stamina
	 Rating: 861476
	 Multiplicative Factor: 11,3%
	 Eff: 861476
Crit
	 Rating: 10861
	 Multiplicative Factor: 0%
	 Eff: 27660,565823657795
	 DR Bracket: 0
	 Base: 24%
	 Effective Percent: 39,52%
	 Crit Inc Heal: 2
	 Crit Inc Damage: 2
Haste
	 Rating: 19522
	 Multiplicative Factor: 0%
	 Eff: 28074,199999999997
	 DR Bracket: 0
	 Base: 10%
	 Effective Percent: 42,54%
Vers
	 Rating: 27104
	 Multiplicative Factor: 0%
	 Eff: 26733,6
	 DR Bracket: 1
	 Base: 0%
	 Effective Percent: 34,27%
Leech
	 Rating: 3060
	 Multiplicative Factor: 0%
	 Eff: 3060
	 DR Bracket: 0
	 Base: 0%
	 Effective Percent: 3%
Avoidance
	 Rating: 0
	 Multiplicative Factor: 0%
	 Eff: 0
	 DR Bracket: 0
	 Base: 0%
	 Effective Percent: 0%
Mastery
	 Rating: 6046
	 Multiplicative Factor: 0%
	 Eff: 15846
	 DR Bracket: 0
	 Base: 21%
	 Effective Percent: 33,96%
----------------------
02:57,136

Intellect
	 Rating: 136354
	 Multiplicative Factor: 12,48%
	 Eff: 145210,25879211084
Stamina
	 Rating: 861476
	 Multiplicative Factor: 11,3%
	 Eff: 861476
Crit
	 Rating: 10861
	 Multiplicative Factor: 0%
	 Eff: 27660,565823657795
	 DR Bracket: 0
	 Base: 24%
	 Effective Percent: 39,52%
	 Crit Inc Heal: 2
	 Crit Inc Damage: 2
Haste
	 Rating: 19522
	 Multiplicative Factor: 0%
	 Eff: 28074,199999999997
	 DR Bracket: 0
	 Base: 10%
	 Effective Percent: 42,54%
Vers
	 Rating: 27104
	 Multiplicative Factor: 0%
	 Eff: 26733,6
	 DR Bracket: 1
	 Base: 0%
	 Effective Percent: 34,27%
Leech
	 Rating: 3060
	 Multiplicative Factor: 0%
	 Eff: 3060
	 DR Bracket: 0
	 Base: 0%
	 Effective Percent: 3%
Avoidance
	 Rating: 0
	 Multiplicative Factor: 0%
	 Eff: 0
	 DR Bracket: 0
	 Base: 0%
	 Effective Percent: 0%
Mastery
	 Rating: 6046
	 Multiplicative Factor: 0%
	 Eff: 15846
	 DR Bracket: 0
	 Base: 21%
	 Effective Percent: 33,96%
----------------------
03:02,156

Intellect
	 Rating: 136354
	 Multiplicative Factor: 12,48%
	 Eff: 145210,25879211084
Stamina
	 Rating: 861476
	 Multiplicative Factor: 11,3%
	 Eff: 861476
Crit
	 Rating: 10861
	 Multiplicative Factor: 0%
	 Eff: 17160,565823657795
	 DR Bracket: 0
	 Base: 9%
	 Effective Percent: 24,52%
	 Crit Inc Heal: 2
	 Crit Inc Damage: 2
Haste
	 Rating: 19522
	 Multiplicative Factor: 0%
	 Eff: 28074,199999999997
	 DR Bracket: 0
	 Base: 10%
	 Effective Percent: 42,54%
Vers
	 Rating: 27104
	 Multiplicative Factor: 0%
	 Eff: 26733,6
	 DR Bracket: 1
	 Base: 0%
	 Effective Percent: 34,27%
Leech
	 Rating: 3060
	 Multiplicative Factor: 0%
	 Eff: 3060
	 DR Bracket: 0
	 Base: 0%
	 Effective Percent: 3%
Avoidance
	 Rating: 0
	 Multiplicative Factor: 0%
	 Eff: 0
	 DR Bracket: 0
	 Base: 0%
	 Effective Percent: 0%
Mastery
	 Rating: 6046
	 Multiplicative Factor: 0%
	 Eff: 15846
	 DR Bracket: 0
	 Base: 21%
	 Effective Percent: 33,96%
----------------------
03:07,251

Intellect
	 Rating: 136354
	 Multiplicative Factor: 12,48%
	 Eff: 145210,25879211084
Stamina
	 Rating: 861476
	 Multiplicative Factor: 11,3%
	 Eff: 861476
Crit
	 Rating: 10861
	 Multiplicative Factor: 0%
	 Eff: 17160,565823657795
	 DR Bracket: 0
	 Base: 9%
	 Effective Percent: 24,52%
	 Crit Inc Heal: 2
	 Crit Inc Damage: 2
Haste
	 Rating: 19522
	 Multiplicative Factor: 0%
	 Eff: 28074,199999999997
	 DR Bracket: 0
	 Base: 10%
	 Effective Percent: 42,54%
Vers
	 Rating: 27104
	 Multiplicative Factor: 0%
	 Eff: 26733,6
	 DR Bracket: 1
	 Base: 0%
	 Effective Percent: 34,27%
Leech
	 Rating: 3060
	 Multiplicative Factor: 0%
	 Eff: 3060
	 DR Bracket: 0
	 Base: 0%
	 Effective Percent: 3%
Avoidance
	 Rating: 0
	 Multiplicative Factor: 0%
	 Eff: 0
	 DR Bracket: 0
	 Base: 0%
	 Effective Percent: 0%
Mastery
	 Rating: 6046
	 Multiplicative Factor: 0%
	 Eff: 15846
	 DR Bracket: 0
	 Base: 21%
	 Effective Percent: 33,96%
----------------------
03:12,252

Intellect
	 Rating: 136354
	 Multiplicative Factor: 12,48%
	 Eff: 145210,25879211084
Stamina
	 Rating: 861476
	 Multiplicative Factor: 11,3%
	 Eff: 861476
Crit
	 Rating: 10861
	 Multiplicative Factor: 0%
	 Eff: 17160,565823657795
	 DR Bracket: 0
	 Base: 9%
	 Effective Percent: 24,52%
	 Crit Inc Heal: 2
	 Crit Inc Damage: 2
Haste
	 Rating: 19522
	 Multiplicative Factor: 0%
	 Eff: 28074,199999999997
	 DR Bracket: 0
	 Base: 10%
	 Effective Percent: 42,54%
Vers
	 Rating: 27104
	 Multiplicative Factor: 0%
	 Eff: 26733,6
	 DR Bracket: 1
	 Base: 0%
	 Effective Percent: 34,27%
Leech
	 Rating: 3060
	 Multiplicative Factor: 0%
	 Eff: 3060
	 DR Bracket: 0
	 Base: 0%
	 Effective Percent: 3%
Avoidance
	 Rating: 0
	 Multiplicative Factor: 0%
	 Eff: 0
	 DR Bracket: 0
	 Base: 0%
	 Effective Percent: 0%
Mastery
	 Rating: 6046
	 Multiplicative Factor: 0%
	 Eff: 15846
	 DR Bracket: 0
	 Base: 21%
	 Effective Percent: 33,96%
----------------------
03:17,268

Intellect
	 Rating: 136354
	 Multiplicative Factor: 12,48%
	 Eff: 145210,25879211084
Stamina
	 Rating: 861476
	 Multiplicative Factor: 11,3%
	 Eff: 861476
Crit
	 Rating: 10861
	 Multiplicative Factor: 0%
	 Eff: 17160,565823657795
	 DR Bracket: 0
	 Base: 9%
	 Effective Percent: 24,52%
	 Crit Inc Heal: 2
	 Crit Inc Damage: 2
Haste
	 Rating: 19522
	 Multiplicative Factor: 0%
	 Eff: 28074,199999999997
	 DR Bracket: 0
	 Base: 10%
	 Effective Percent: 42,54%
Vers
	 Rating: 27104
	 Multiplicative Factor: 0%
	 Eff: 26733,6
	 DR Bracket: 1
	 Base: 0%
	 Effective Percent: 34,27%
Leech
	 Rating: 3060
	 Multiplicative Factor: 0%
	 Eff: 3060
	 DR Bracket: 0
	 Base: 0%
	 Effective Percent: 3%
Avoidance
	 Rating: 0
	 Multiplicative Factor: 0%
	 Eff: 0
	 DR Bracket: 0
	 Base: 0%
	 Effective Percent: 0%
Mastery
	 Rating: 6046
	 Multiplicative Factor: 0%
	 Eff: 15846
	 DR Bracket: 0
	 Base: 21%
	 Effective Percent: 33,96%
----------------------
03:22,416

Intellect
	 Rating: 136354
	 Multiplicative Factor: 12,48%
	 Eff: 145210,25879211084
Stamina
	 Rating: 861476
	 Multiplicative Factor: 11,3%
	 Eff: 861476
Crit
	 Rating: 10861
	 Multiplicative Factor: 0%
	 Eff: 17160,565823657795
	 DR Bracket: 0
	 Base: 9%
	 Effective Percent: 24,52%
	 Crit Inc Heal: 2
	 Crit Inc Damage: 2
Haste
	 Rating: 19522
	 Multiplicative Factor: 0%
	 Eff: 28074,199999999997
	 DR Bracket: 0
	 Base: 10%
	 Effective Percent: 42,54%
Vers
	 Rating: 27104
	 Multiplicative Factor: 0%
	 Eff: 26733,6
	 DR Bracket: 1
	 Base: 0%
	 Effective Percent: 34,27%
Leech
	 Rating: 3060
	 Multiplicative Factor: 0%
	 Eff: 3060
	 DR Bracket: 0
	 Base: 0%
	 Effective Percent: 3%
Avoidance
	 Rating: 0
	 Multiplicative Factor: 0%
	 Eff: 0
	 DR Bracket: 0
	 Base: 0%
	 Effective Percent: 0%
Mastery
	 Rating: 6046
	 Multiplicative Factor: 0%
	 Eff: 15846
	 DR Bracket: 0
	 Base: 21%
	 Effective Percent: 33,96%
----------------------
03:27,466

Intellect
	 Rating: 136354
	 Multiplicative Factor: 12,48%
	 Eff: 145210,25879211084
Stamina
	 Rating: 861476
	 Multiplicative Factor: 11,3%
	 Eff: 861476
Crit
	 Rating: 10861
	 Multiplicative Factor: 0%
	 Eff: 17160,565823657795
	 DR Bracket: 0
	 Base: 9%
	 Effective Percent: 24,52%
	 Crit Inc Heal: 2
	 Crit Inc Damage: 2
Haste
	 Rating: 19522
	 Multiplicative Factor: 0%
	 Eff: 28074,199999999997
	 DR Bracket: 0
	 Base: 10%
	 Effective Percent: 42,54%
Vers
	 Rating: 27104
	 Multiplicative Factor: 0%
	 Eff: 26733,6
	 DR Bracket: 1
	 Base: 0%
	 Effective Percent: 34,27%
Leech
	 Rating: 3060
	 Multiplicative Factor: 0%
	 Eff: 3060
	 DR Bracket: 0
	 Base: 0%
	 Effective Percent: 3%
Avoidance
	 Rating: 0
	 Multiplicative Factor: 0%
	 Eff: 0
	 DR Bracket: 0
	 Base: 0%
	 Effective Percent: 0%
Mastery
	 Rating: 6046
	 Multiplicative Factor: 0%
	 Eff: 15846
	 DR Bracket: 0
	 Base: 21%
	 Effective Percent: 33,96%
----------------------
03:32,511

Intellect
	 Rating: 136354
	 Multiplicative Factor: 12,48%
	 Eff: 145210,25879211084
Stamina
	 Rating: 861476
	 Multiplicative Factor: 11,3%
	 Eff: 861476
Crit
	 Rating: 10861
	 Multiplicative Factor: 0%
	 Eff: 27660,565823657795
	 DR Bracket: 0
	 Base: 24%
	 Effective Percent: 39,52%
	 Crit Inc Heal: 2
	 Crit Inc Damage: 2
Haste
	 Rating: 19522
	 Multiplicative Factor: 0%
	 Eff: 28074,199999999997
	 DR Bracket: 0
	 Base: 10%
	 Effective Percent: 42,54%
Vers
	 Rating: 27104
	 Multiplicative Factor: 0%
	 Eff: 26733,6
	 DR Bracket: 1
	 Base: 0%
	 Effective Percent: 34,27%
Leech
	 Rating: 3060
	 Multiplicative Factor: 0%
	 Eff: 3060
	 DR Bracket: 0
	 Base: 0%
	 Effective Percent: 3%
Avoidance
	 Rating: 0
	 Multiplicative Factor: 0%
	 Eff: 0
	 DR Bracket: 0
	 Base: 0%
	 Effective Percent: 0%
Mastery
	 Rating: 6046
	 Multiplicative Factor: 0%
	 Eff: 15846
	 DR Bracket: 0
	 Base: 21%
	 Effective Percent: 33,96%
----------------------
03:37,544

Intellect
	 Rating: 136354
	 Multiplicative Factor: 12,48%
	 Eff: 145210,25879211084
Stamina
	 Rating: 861476
	 Multiplicative Factor: 11,3%
	 Eff: 861476
Crit
	 Rating: 10861
	 Multiplicative Factor: 0%
	 Eff: 27660,565823657795
	 DR Bracket: 0
	 Base: 24%
	 Effective Percent: 39,52%
	 Crit Inc Heal: 2
	 Crit Inc Damage: 2
Haste
	 Rating: 19522
	 Multiplicative Factor: 0%
	 Eff: 28074,199999999997
	 DR Bracket: 0
	 Base: 10%
	 Effective Percent: 42,54%
Vers
	 Rating: 27104
	 Multiplicative Factor: 0%
	 Eff: 26733,6
	 DR Bracket: 1
	 Base: 0%
	 Effective Percent: 34,27%
Leech
	 Rating: 3060
	 Multiplicative Factor: 0%
	 Eff: 3060
	 DR Bracket: 0
	 Base: 0%
	 Effective Percent: 3%
Avoidance
	 Rating: 0
	 Multiplicative Factor: 0%
	 Eff: 0
	 DR Bracket: 0
	 Base: 0%
	 Effective Percent: 0%
Mastery
	 Rating: 6046
	 Multiplicative Factor: 0%
	 Eff: 15846
	 DR Bracket: 0
	 Base: 21%
	 Effective Percent: 33,96%
----------------------
03:42,553

Intellect
	 Rating: 136354
	 Multiplicative Factor: 12,48%
	 Eff: 145210,25879211084
Stamina
	 Rating: 861476
	 Multiplicative Factor: 11,3%
	 Eff: 861476
Crit
	 Rating: 10861
	 Multiplicative Factor: 0%
	 Eff: 17160,565823657795
	 DR Bracket: 0
	 Base: 9%
	 Effective Percent: 24,52%
	 Crit Inc Heal: 2
	 Crit Inc Damage: 2
Haste
	 Rating: 19522
	 Multiplicative Factor: 0%
	 Eff: 28074,199999999997
	 DR Bracket: 0
	 Base: 10%
	 Effective Percent: 42,54%
Vers
	 Rating: 27104
	 Multiplicative Factor: 0%
	 Eff: 26733,6
	 DR Bracket: 1
	 Base: 0%
	 Effective Percent: 34,27%
Leech
	 Rating: 3060
	 Multiplicative Factor: 0%
	 Eff: 3060
	 DR Bracket: 0
	 Base: 0%
	 Effective Percent: 3%
Avoidance
	 Rating: 0
	 Multiplicative Factor: 0%
	 Eff: 0
	 DR Bracket: 0
	 Base: 0%
	 Effective Percent: 0%
Mastery
	 Rating: 6046
	 Multiplicative Factor: 0%
	 Eff: 15846
	 DR Bracket: 0
	 Base: 21%
	 Effective Percent: 33,96%
----------------------
03:47,589

Intellect
	 Rating: 136354
	 Multiplicative Factor: 12,48%
	 Eff: 145210,25879211084
Stamina
	 Rating: 861476
	 Multiplicative Factor: 11,3%
	 Eff: 861476
Crit
	 Rating: 10861
	 Multiplicative Factor: 0%
	 Eff: 17160,565823657795
	 DR Bracket: 0
	 Base: 9%
	 Effective Percent: 24,52%
	 Crit Inc Heal: 2
	 Crit Inc Damage: 2
Haste
	 Rating: 19522
	 Multiplicative Factor: 0%
	 Eff: 28074,199999999997
	 DR Bracket: 0
	 Base: 10%
	 Effective Percent: 42,54%
Vers
	 Rating: 27104
	 Multiplicative Factor: 0%
	 Eff: 26733,6
	 DR Bracket: 1
	 Base: 0%
	 Effective Percent: 34,27%
Leech
	 Rating: 3060
	 Multiplicative Factor: 0%
	 Eff: 3060
	 DR Bracket: 0
	 Base: 0%
	 Effective Percent: 3%
Avoidance
	 Rating: 0
	 Multiplicative Factor: 0%
	 Eff: 0
	 DR Bracket: 0
	 Base: 0%
	 Effective Percent: 0%
Mastery
	 Rating: 6046
	 Multiplicative Factor: 0%
	 Eff: 15846
	 DR Bracket: 0
	 Base: 21%
	 Effective Percent: 33,96%
----------------------
03:52,629

Intellect
	 Rating: 136354
	 Multiplicative Factor: 12,48%
	 Eff: 145210,25879211084
Stamina
	 Rating: 861476
	 Multiplicative Factor: 11,3%
	 Eff: 861476
Crit
	 Rating: 10861
	 Multiplicative Factor: 0%
	 Eff: 27660,565823657795
	 DR Bracket: 0
	 Base: 24%
	 Effective Percent: 39,52%
	 Crit Inc Heal: 2
	 Crit Inc Damage: 2
Haste
	 Rating: 19522
	 Multiplicative Factor: 0%
	 Eff: 28074,199999999997
	 DR Bracket: 0
	 Base: 10%
	 Effective Percent: 42,54%
Vers
	 Rating: 27104
	 Multiplicative Factor: 0%
	 Eff: 26733,6
	 DR Bracket: 1
	 Base: 0%
	 Effective Percent: 34,27%
Leech
	 Rating: 3060
	 Multiplicative Factor: 0%
	 Eff: 3060
	 DR Bracket: 0
	 Base: 0%
	 Effective Percent: 3%
Avoidance
	 Rating: 0
	 Multiplicative Factor: 0%
	 Eff: 0
	 DR Bracket: 0
	 Base: 0%
	 Effective Percent: 0%
Mastery
	 Rating: 6046
	 Multiplicative Factor: 0%
	 Eff: 15846
	 DR Bracket: 0
	 Base: 21%
	 Effective Percent: 33,96%
----------------------
03:57,652

Intellect
	 Rating: 136354
	 Multiplicative Factor: 12,48%
	 Eff: 145210,25879211084
Stamina
	 Rating: 861476
	 Multiplicative Factor: 11,3%
	 Eff: 861476
Crit
	 Rating: 10861
	 Multiplicative Factor: 0%
	 Eff: 27660,565823657795
	 DR Bracket: 0
	 Base: 24%
	 Effective Percent: 39,52%
	 Crit Inc Heal: 2
	 Crit Inc Damage: 2
Haste
	 Rating: 19522
	 Multiplicative Factor: 0%
	 Eff: 28074,199999999997
	 DR Bracket: 0
	 Base: 10%
	 Effective Percent: 42,54%
Vers
	 Rating: 27104
	 Multiplicative Factor: 0%
	 Eff: 26733,6
	 DR Bracket: 1
	 Base: 0%
	 Effective Percent: 34,27%
Leech
	 Rating: 3060
	 Multiplicative Factor: 0%
	 Eff: 3060
	 DR Bracket: 0
	 Base: 0%
	 Effective Percent: 3%
Avoidance
	 Rating: 0
	 Multiplicative Factor: 0%
	 Eff: 0
	 DR Bracket: 0
	 Base: 0%
	 Effective Percent: 0%
Mastery
	 Rating: 6046
	 Multiplicative Factor: 0%
	 Eff: 15846
	 DR Bracket: 0
	 Base: 21%
	 Effective Percent: 33,96%
----------------------
04:02,679

Intellect
	 Rating: 136354
	 Multiplicative Factor: 12,48%
	 Eff: 145210,25879211084
Stamina
	 Rating: 861476
	 Multiplicative Factor: 11,3%
	 Eff: 861476
Crit
	 Rating: 10861
	 Multiplicative Factor: 0%
	 Eff: 27660,565823657795
	 DR Bracket: 0
	 Base: 24%
	 Effective Percent: 39,52%
	 Crit Inc Heal: 2
	 Crit Inc Damage: 2
Haste
	 Rating: 19522
	 Multiplicative Factor: 0%
	 Eff: 28074,199999999997
	 DR Bracket: 0
	 Base: 10%
	 Effective Percent: 42,54%
Vers
	 Rating: 27104
	 Multiplicative Factor: 0%
	 Eff: 26733,6
	 DR Bracket: 1
	 Base: 0%
	 Effective Percent: 34,27%
Leech
	 Rating: 3060
	 Multiplicative Factor: 0%
	 Eff: 3060
	 DR Bracket: 0
	 Base: 0%
	 Effective Percent: 3%
Avoidance
	 Rating: 0
	 Multiplicative Factor: 0%
	 Eff: 0
	 DR Bracket: 0
	 Base: 0%
	 Effective Percent: 0%
Mastery
	 Rating: 6046
	 Multiplicative Factor: 0%
	 Eff: 15846
	 DR Bracket: 0
	 Base: 21%
	 Effective Percent: 33,96%
----------------------
04:07,697

Intellect
	 Rating: 136354
	 Multiplicative Factor: 12,48%
	 Eff: 145210,25879211084
Stamina
	 Rating: 861476
	 Multiplicative Factor: 11,3%
	 Eff: 861476
Crit
	 Rating: 10861
	 Multiplicative Factor: 0%
	 Eff: 27660,565823657795
	 DR Bracket: 0
	 Base: 24%
	 Effective Percent: 39,52%
	 Crit Inc Heal: 2
	 Crit Inc Damage: 2
Haste
	 Rating: 19522
	 Multiplicative Factor: 0%
	 Eff: 28074,199999999997
	 DR Bracket: 0
	 Base: 10%
	 Effective Percent: 42,54%
Vers
	 Rating: 27104
	 Multiplicative Factor: 0%
	 Eff: 26733,6
	 DR Bracket: 1
	 Base: 0%
	 Effective Percent: 34,27%
Leech
	 Rating: 3060
	 Multiplicative Factor: 0%
	 Eff: 3060
	 DR Bracket: 0
	 Base: 0%
	 Effective Percent: 3%
Avoidance
	 Rating: 0
	 Multiplicative Factor: 0%
	 Eff: 0
	 DR Bracket: 0
	 Base: 0%
	 Effective Percent: 0%
Mastery
	 Rating: 6046
	 Multiplicative Factor: 0%
	 Eff: 15846
	 DR Bracket: 0
	 Base: 21%
	 Effective Percent: 33,96%
----------------------
04:12,713

Intellect
	 Rating: 136354
	 Multiplicative Factor: 12,48%
	 Eff: 145210,25879211084
Stamina
	 Rating: 861476
	 Multiplicative Factor: 11,3%
	 Eff: 861476
Crit
	 Rating: 10861
	 Multiplicative Factor: 0%
	 Eff: 27660,565823657795
	 DR Bracket: 0
	 Base: 24%
	 Effective Percent: 39,52%
	 Crit Inc Heal: 2
	 Crit Inc Damage: 2
Haste
	 Rating: 19522
	 Multiplicative Factor: 0%
	 Eff: 28074,199999999997
	 DR Bracket: 0
	 Base: 10%
	 Effective Percent: 42,54%
Vers
	 Rating: 27104
	 Multiplicative Factor: 0%
	 Eff: 26733,6
	 DR Bracket: 1
	 Base: 0%
	 Effective Percent: 34,27%
Leech
	 Rating: 3060
	 Multiplicative Factor: 0%
	 Eff: 3060
	 DR Bracket: 0
	 Base: 0%
	 Effective Percent: 3%
Avoidance
	 Rating: 0
	 Multiplicative Factor: 0%
	 Eff: 0
	 DR Bracket: 0
	 Base: 0%
	 Effective Percent: 0%
Mastery
	 Rating: 6046
	 Multiplicative Factor: 0%
	 Eff: 15846
	 DR Bracket: 0
	 Base: 21%
	 Effective Percent: 33,96%
----------------------
04:17,791

Intellect
	 Rating: 136354
	 Multiplicative Factor: 12,48%
	 Eff: 145210,25879211084
Stamina
	 Rating: 861476
	 Multiplicative Factor: 11,3%
	 Eff: 861476
Crit
	 Rating: 10861
	 Multiplicative Factor: 0%
	 Eff: 27660,565823657795
	 DR Bracket: 0
	 Base: 24%
	 Effective Percent: 39,52%
	 Crit Inc Heal: 2
	 Crit Inc Damage: 2
Haste
	 Rating: 19522
	 Multiplicative Factor: 0%
	 Eff: 28074,199999999997
	 DR Bracket: 0
	 Base: 10%
	 Effective Percent: 42,54%
Vers
	 Rating: 27104
	 Multiplicative Factor: 0%
	 Eff: 26733,6
	 DR Bracket: 1
	 Base: 0%
	 Effective Percent: 34,27%
Leech
	 Rating: 3060
	 Multiplicative Factor: 0%
	 Eff: 3060
	 DR Bracket: 0
	 Base: 0%
	 Effective Percent: 3%
Avoidance
	 Rating: 0
	 Multiplicative Factor: 0%
	 Eff: 0
	 DR Bracket: 0
	 Base: 0%
	 Effective Percent: 0%
Mastery
	 Rating: 6046
	 Multiplicative Factor: 0%
	 Eff: 15846
	 DR Bracket: 0
	 Base: 21%
	 Effective Percent: 33,96%
----------------------
04:22,802

Intellect
	 Rating: 136354
	 Multiplicative Factor: 12,48%
	 Eff: 145210,25879211084
Stamina
	 Rating: 861476
	 Multiplicative Factor: 11,3%
	 Eff: 861476
Crit
	 Rating: 10861
	 Multiplicative Factor: 0%
	 Eff: 27660,565823657795
	 DR Bracket: 0
	 Base: 24%
	 Effective Percent: 39,52%
	 Crit Inc Heal: 2
	 Crit Inc Damage: 2
Haste
	 Rating: 19522
	 Multiplicative Factor: 0%
	 Eff: 28074,199999999997
	 DR Bracket: 0
	 Base: 10%
	 Effective Percent: 42,54%
Vers
	 Rating: 27104
	 Multiplicative Factor: 0%
	 Eff: 26733,6
	 DR Bracket: 1
	 Base: 0%
	 Effective Percent: 34,27%
Leech
	 Rating: 3060
	 Multiplicative Factor: 0%
	 Eff: 3060
	 DR Bracket: 0
	 Base: 0%
	 Effective Percent: 3%
Avoidance
	 Rating: 0
	 Multiplicative Factor: 0%
	 Eff: 0
	 DR Bracket: 0
	 Base: 0%
	 Effective Percent: 0%
Mastery
	 Rating: 6046
	 Multiplicative Factor: 0%
	 Eff: 15846
	 DR Bracket: 0
	 Base: 21%
	 Effective Percent: 33,96%
----------------------
04:27,809

Intellect
	 Rating: 136354
	 Multiplicative Factor: 12,48%
	 Eff: 145210,25879211084
Stamina
	 Rating: 861476
	 Multiplicative Factor: 11,3%
	 Eff: 861476
Crit
	 Rating: 10861
	 Multiplicative Factor: 0%
	 Eff: 17160,565823657795
	 DR Bracket: 0
	 Base: 9%
	 Effective Percent: 24,52%
	 Crit Inc Heal: 2
	 Crit Inc Damage: 2
Haste
	 Rating: 19522
	 Multiplicative Factor: 0%
	 Eff: 28074,199999999997
	 DR Bracket: 0
	 Base: 10%
	 Effective Percent: 42,54%
Vers
	 Rating: 27104
	 Multiplicative Factor: 0%
	 Eff: 26733,6
	 DR Bracket: 1
	 Base: 0%
	 Effective Percent: 34,27%
Leech
	 Rating: 3060
	 Multiplicative Factor: 0%
	 Eff: 3060
	 DR Bracket: 0
	 Base: 0%
	 Effective Percent: 3%
Avoidance
	 Rating: 0
	 Multiplicative Factor: 0%
	 Eff: 0
	 DR Bracket: 0
	 Base: 0%
	 Effective Percent: 0%
Mastery
	 Rating: 6046
	 Multiplicative Factor: 0%
	 Eff: 15846
	 DR Bracket: 0
	 Base: 21%
	 Effective Percent: 33,96%
----------------------
04:32,978

Intellect
	 Rating: 136354
	 Multiplicative Factor: 12,48%
	 Eff: 145210,25879211084
Stamina
	 Rating: 861476
	 Multiplicative Factor: 11,3%
	 Eff: 861476
Crit
	 Rating: 10861
	 Multiplicative Factor: 0%
	 Eff: 17160,565823657795
	 DR Bracket: 0
	 Base: 9%
	 Effective Percent: 24,52%
	 Crit Inc Heal: 2
	 Crit Inc Damage: 2
Haste
	 Rating: 19522
	 Multiplicative Factor: 0%
	 Eff: 28074,199999999997
	 DR Bracket: 0
	 Base: 10%
	 Effective Percent: 42,54%
Vers
	 Rating: 27104
	 Multiplicative Factor: 0%
	 Eff: 26733,6
	 DR Bracket: 1
	 Base: 0%
	 Effective Percent: 34,27%
Leech
	 Rating: 3060
	 Multiplicative Factor: 0%
	 Eff: 3060
	 DR Bracket: 0
	 Base: 0%
	 Effective Percent: 3%
Avoidance
	 Rating: 0
	 Multiplicative Factor: 0%
	 Eff: 0
	 DR Bracket: 0
	 Base: 0%
	 Effective Percent: 0%
Mastery
	 Rating: 6046
	 Multiplicative Factor: 0%
	 Eff: 15846
	 DR Bracket: 0
	 Base: 21%
	 Effective Percent: 33,96%
