----------------------
00:00,322

Intellect
	 Rating: 145229
	 Multiplicative Factor: 12,48%
	 Eff: 145228,89692425795
Stamina
	 Rating: 861476
	 Multiplicative Factor: 11,3%
	 Eff: 861476
Crit
	 Rating: 8866
	 Multiplicative Factor: 0%
	 Eff: 15166
	 DR Bracket: 0
	 Base: 9%
	 Effective Percent: 21,67%
	 Crit Inc Heal: 2
	 Crit Inc Damage: 2
Haste
	 Rating: 19522
	 Multiplicative Factor: 0%
	 Eff: 23798,1
	 DR Bracket: 0
	 Base: 5%
	 Effective Percent: 36,06%
Vers
	 Rating: 27104
	 Multiplicative Factor: 0%
	 Eff: 26733,6
	 DR Bracket: 1
	 Base: 0%
	 Effective Percent: 34,27%
Leech
	 Rating: 3060
	 Multiplicative Factor: 0%
	 Eff: 3060
	 DR Bracket: 0
	 Base: 0%
	 Effective Percent: 3%
Avoidance
	 Rating: 0
	 Multiplicative Factor: 0%
	 Eff: 0
	 DR Bracket: 0
	 Base: 0%
	 Effective Percent: 0%
Mastery
	 Rating: 6046
	 Multiplicative Factor: 0%
	 Eff: 15846
	 DR Bracket: 0
	 Base: 21%
	 Effective Percent: 33,96%
----------------------
00:05,353

Intellect
	 Rating: 145229
	 Multiplicative Factor: 12,48%
	 Eff: 145228,89692425795
Stamina
	 Rating: 861476
	 Multiplicative Factor: 11,3%
	 Eff: 861476
Crit
	 Rating: 8866
	 Multiplicative Factor: 0%
	 Eff: 25666
	 DR Bracket: 0
	 Base: 24%
	 Effective Percent: 36,67%
	 Crit Inc Heal: 2
	 Crit Inc Damage: 2
Haste
	 Rating: 19522
	 Multiplicative Factor: 0%
	 Eff: 50309,92
	 DR Bracket: 0
	 Base: 36%
	 Effective Percent: 76,23%
Vers
	 Rating: 27104
	 Multiplicative Factor: 0%
	 Eff: 26733,6
	 DR Bracket: 1
	 Base: 0%
	 Effective Percent: 34,27%
Leech
	 Rating: 3060
	 Multiplicative Factor: 0%
	 Eff: 3060
	 DR Bracket: 0
	 Base: 0%
	 Effective Percent: 3%
Avoidance
	 Rating: 0
	 Multiplicative Factor: 0%
	 Eff: 0
	 DR Bracket: 0
	 Base: 0%
	 Effective Percent: 0%
Mastery
	 Rating: 6046
	 Multiplicative Factor: 0%
	 Eff: 21446,353409514348
	 DR Bracket: 0
	 Base: 21%
	 Effective Percent: 45,96%
----------------------
00:10,441

Intellect
	 Rating: 145229
	 Multiplicative Factor: 12,48%
	 Eff: 145228,89692425795
Stamina
	 Rating: 861476
	 Multiplicative Factor: 11,3%
	 Eff: 861476
Crit
	 Rating: 8866
	 Multiplicative Factor: 0%
	 Eff: 25666
	 DR Bracket: 0
	 Base: 24%
	 Effective Percent: 36,67%
	 Crit Inc Heal: 2
	 Crit Inc Damage: 2
Haste
	 Rating: 19522
	 Multiplicative Factor: 0%
	 Eff: 52020,36
	 DR Bracket: 0
	 Base: 38%
	 Effective Percent: 78,82%
Vers
	 Rating: 27104
	 Multiplicative Factor: 0%
	 Eff: 26733,6
	 DR Bracket: 1
	 Base: 0%
	 Effective Percent: 34,27%
Leech
	 Rating: 3060
	 Multiplicative Factor: 0%
	 Eff: 3060
	 DR Bracket: 0
	 Base: 0%
	 Effective Percent: 3%
Avoidance
	 Rating: 0
	 Multiplicative Factor: 0%
	 Eff: 0
	 DR Bracket: 0
	 Base: 0%
	 Effective Percent: 0%
Mastery
	 Rating: 6046
	 Multiplicative Factor: 0%
	 Eff: 17566,30889374069
	 DR Bracket: 0
	 Base: 21%
	 Effective Percent: 37,64%
----------------------
00:15,449

Intellect
	 Rating: 145229
	 Multiplicative Factor: 12,48%
	 Eff: 145228,89692425795
Stamina
	 Rating: 861476
	 Multiplicative Factor: 11,3%
	 Eff: 861476
Crit
	 Rating: 8866
	 Multiplicative Factor: 0%
	 Eff: 25666
	 DR Bracket: 0
	 Base: 24%
	 Effective Percent: 36,67%
	 Crit Inc Heal: 2
	 Crit Inc Damage: 2
Haste
	 Rating: 19522
	 Multiplicative Factor: 0%
	 Eff: 53730,799999999996
	 DR Bracket: 0
	 Base: 40%
	 Effective Percent: 81,41%
Vers
	 Rating: 27104
	 Multiplicative Factor: 0%
	 Eff: 26733,6
	 DR Bracket: 1
	 Base: 0%
	 Effective Percent: 34,27%
Leech
	 Rating: 3060
	 Multiplicative Factor: 0%
	 Eff: 3060
	 DR Bracket: 0
	 Base: 0%
	 Effective Percent: 3%
Avoidance
	 Rating: 0
	 Multiplicative Factor: 0%
	 Eff: 0
	 DR Bracket: 0
	 Base: 0%
	 Effective Percent: 0%
Mastery
	 Rating: 6046
	 Multiplicative Factor: 0%
	 Eff: 16385,15478010351
	 DR Bracket: 0
	 Base: 21%
	 Effective Percent: 35,11%
----------------------
00:20,658

Intellect
	 Rating: 145229
	 Multiplicative Factor: 12,48%
	 Eff: 145228,89692425795
Stamina
	 Rating: 861476
	 Multiplicative Factor: 11,3%
	 Eff: 861476
Crit
	 Rating: 8866
	 Multiplicative Factor: 0%
	 Eff: 15166
	 DR Bracket: 0
	 Base: 9%
	 Effective Percent: 21,67%
	 Crit Inc Heal: 2
	 Crit Inc Damage: 2
Haste
	 Rating: 19522
	 Multiplicative Factor: 0%
	 Eff: 53730,799999999996
	 DR Bracket: 0
	 Base: 40%
	 Effective Percent: 81,41%
Vers
	 Rating: 27104
	 Multiplicative Factor: 0%
	 Eff: 26733,6
	 DR Bracket: 1
	 Base: 0%
	 Effective Percent: 34,27%
Leech
	 Rating: 3060
	 Multiplicative Factor: 0%
	 Eff: 3060
	 DR Bracket: 0
	 Base: 0%
	 Effective Percent: 3%
Avoidance
	 Rating: 0
	 Multiplicative Factor: 0%
	 Eff: 0
	 DR Bracket: 0
	 Base: 0%
	 Effective Percent: 0%
Mastery
	 Rating: 6046
	 Multiplicative Factor: 0%
	 Eff: 16026,757093907534
	 DR Bracket: 0
	 Base: 21%
	 Effective Percent: 34,34%
----------------------
00:25,679

Intellect
	 Rating: 145229
	 Multiplicative Factor: 12,48%
	 Eff: 145228,89692425795
Stamina
	 Rating: 861476
	 Multiplicative Factor: 11,3%
	 Eff: 861476
Crit
	 Rating: 8866
	 Multiplicative Factor: 0%
	 Eff: 15166
	 DR Bracket: 0
	 Base: 9%
	 Effective Percent: 21,67%
	 Crit Inc Heal: 2
	 Crit Inc Damage: 2
Haste
	 Rating: 19522
	 Multiplicative Factor: 0%
	 Eff: 53730,799999999996
	 DR Bracket: 0
	 Base: 40%
	 Effective Percent: 81,41%
Vers
	 Rating: 27104
	 Multiplicative Factor: 0%
	 Eff: 26733,6
	 DR Bracket: 1
	 Base: 0%
	 Effective Percent: 34,27%
Leech
	 Rating: 3060
	 Multiplicative Factor: 0%
	 Eff: 3060
	 DR Bracket: 0
	 Base: 0%
	 Effective Percent: 3%
Avoidance
	 Rating: 0
	 Multiplicative Factor: 0%
	 Eff: 0
	 DR Bracket: 0
	 Base: 0%
	 Effective Percent: 0%
Mastery
	 Rating: 6046
	 Multiplicative Factor: 0%
	 Eff: 15914,5630356201
	 DR Bracket: 0
	 Base: 21%
	 Effective Percent: 34,1%
----------------------
00:30,679

Intellect
	 Rating: 145229
	 Multiplicative Factor: 12,48%
	 Eff: 145228,89692425795
Stamina
	 Rating: 861476
	 Multiplicative Factor: 11,3%
	 Eff: 861476
Crit
	 Rating: 8866
	 Multiplicative Factor: 0%
	 Eff: 15166
	 DR Bracket: 0
	 Base: 9%
	 Effective Percent: 21,67%
	 Crit Inc Heal: 2
	 Crit Inc Damage: 2
Haste
	 Rating: 19522
	 Multiplicative Factor: 0%
	 Eff: 53730,799999999996
	 DR Bracket: 0
	 Base: 40%
	 Effective Percent: 81,41%
Vers
	 Rating: 27104
	 Multiplicative Factor: 0%
	 Eff: 26733,6
	 DR Bracket: 1
	 Base: 0%
	 Effective Percent: 34,27%
Leech
	 Rating: 3060
	 Multiplicative Factor: 0%
	 Eff: 3060
	 DR Bracket: 0
	 Base: 0%
	 Effective Percent: 3%
Avoidance
	 Rating: 0
	 Multiplicative Factor: 0%
	 Eff: 0
	 DR Bracket: 0
	 Base: 0%
	 Effective Percent: 0%
Mastery
	 Rating: 6046
	 Multiplicative Factor: 0%
	 Eff: 15870,932012952764
	 DR Bracket: 0
	 Base: 21%
	 Effective Percent: 34,01%
----------------------
00:35,706

Intellect
	 Rating: 145229
	 Multiplicative Factor: 12,48%
	 Eff: 145228,89692425795
Stamina
	 Rating: 861476
	 Multiplicative Factor: 11,3%
	 Eff: 861476
Crit
	 Rating: 8866
	 Multiplicative Factor: 0%
	 Eff: 15166
	 DR Bracket: 0
	 Base: 9%
	 Effective Percent: 21,67%
	 Crit Inc Heal: 2
	 Crit Inc Damage: 2
Haste
	 Rating: 19522
	 Multiplicative Factor: 0%
	 Eff: 53730,799999999996
	 DR Bracket: 0
	 Base: 40%
	 Effective Percent: 81,41%
Vers
	 Rating: 27104
	 Multiplicative Factor: 0%
	 Eff: 26733,6
	 DR Bracket: 1
	 Base: 0%
	 Effective Percent: 34,27%
Leech
	 Rating: 3060
	 Multiplicative Factor: 0%
	 Eff: 3060
	 DR Bracket: 0
	 Base: 0%
	 Effective Percent: 3%
Avoidance
	 Rating: 0
	 Multiplicative Factor: 0%
	 Eff: 0
	 DR Bracket: 0
	 Base: 0%
	 Effective Percent: 0%
Mastery
	 Rating: 6046
	 Multiplicative Factor: 0%
	 Eff: 15846
	 DR Bracket: 0
	 Base: 21%
	 Effective Percent: 33,96%
----------------------
00:40,709

Intellect
	 Rating: 145229
	 Multiplicative Factor: 12,48%
	 Eff: 145228,89692425795
Stamina
	 Rating: 861476
	 Multiplicative Factor: 11,3%
	 Eff: 861476
Crit
	 Rating: 8866
	 Multiplicative Factor: 0%
	 Eff: 25666
	 DR Bracket: 0
	 Base: 24%
	 Effective Percent: 36,67%
	 Crit Inc Heal: 2
	 Crit Inc Damage: 2
Haste
	 Rating: 19522
	 Multiplicative Factor: 0%
	 Eff: 28074,199999999997
	 DR Bracket: 0
	 Base: 10%
	 Effective Percent: 42,54%
Vers
	 Rating: 27104
	 Multiplicative Factor: 0%
	 Eff: 26733,6
	 DR Bracket: 1
	 Base: 0%
	 Effective Percent: 34,27%
Leech
	 Rating: 3060
	 Multiplicative Factor: 0%
	 Eff: 3060
	 DR Bracket: 0
	 Base: 0%
	 Effective Percent: 3%
Avoidance
	 Rating: 0
	 Multiplicative Factor: 0%
	 Eff: 0
	 DR Bracket: 0
	 Base: 0%
	 Effective Percent: 0%
Mastery
	 Rating: 6046
	 Multiplicative Factor: 0%
	 Eff: 15846
	 DR Bracket: 0
	 Base: 21%
	 Effective Percent: 33,96%
----------------------
00:45,714

Intellect
	 Rating: 145229
	 Multiplicative Factor: 12,48%
	 Eff: 145228,89692425795
Stamina
	 Rating: 861476
	 Multiplicative Factor: 11,3%
	 Eff: 861476
Crit
	 Rating: 8866
	 Multiplicative Factor: 0%
	 Eff: 25666
	 DR Bracket: 0
	 Base: 24%
	 Effective Percent: 36,67%
	 Crit Inc Heal: 2
	 Crit Inc Damage: 2
Haste
	 Rating: 19522
	 Multiplicative Factor: 0%
	 Eff: 28074,199999999997
	 DR Bracket: 0
	 Base: 10%
	 Effective Percent: 42,54%
Vers
	 Rating: 27104
	 Multiplicative Factor: 0%
	 Eff: 26733,6
	 DR Bracket: 1
	 Base: 0%
	 Effective Percent: 34,27%
Leech
	 Rating: 3060
	 Multiplicative Factor: 0%
	 Eff: 3060
	 DR Bracket: 0
	 Base: 0%
	 Effective Percent: 3%
Avoidance
	 Rating: 0
	 Multiplicative Factor: 0%
	 Eff: 0
	 DR Bracket: 0
	 Base: 0%
	 Effective Percent: 0%
Mastery
	 Rating: 6046
	 Multiplicative Factor: 0%
	 Eff: 15846
	 DR Bracket: 0
	 Base: 21%
	 Effective Percent: 33,96%
----------------------
00:50,873

Intellect
	 Rating: 145229
	 Multiplicative Factor: 12,48%
	 Eff: 145228,89692425795
Stamina
	 Rating: 861476
	 Multiplicative Factor: 11,3%
	 Eff: 861476
Crit
	 Rating: 8866
	 Multiplicative Factor: 0%
	 Eff: 15166
	 DR Bracket: 0
	 Base: 9%
	 Effective Percent: 21,67%
	 Crit Inc Heal: 2
	 Crit Inc Damage: 2
Haste
	 Rating: 19522
	 Multiplicative Factor: 0%
	 Eff: 28074,199999999997
	 DR Bracket: 0
	 Base: 10%
	 Effective Percent: 42,54%
Vers
	 Rating: 27104
	 Multiplicative Factor: 0%
	 Eff: 26733,6
	 DR Bracket: 1
	 Base: 0%
	 Effective Percent: 34,27%
Leech
	 Rating: 3060
	 Multiplicative Factor: 0%
	 Eff: 3060
	 DR Bracket: 0
	 Base: 0%
	 Effective Percent: 3%
Avoidance
	 Rating: 0
	 Multiplicative Factor: 0%
	 Eff: 0
	 DR Bracket: 0
	 Base: 0%
	 Effective Percent: 0%
Mastery
	 Rating: 6046
	 Multiplicative Factor: 0%
	 Eff: 15846
	 DR Bracket: 0
	 Base: 21%
	 Effective Percent: 33,96%
----------------------
00:56,044

Intellect
	 Rating: 145229
	 Multiplicative Factor: 12,48%
	 Eff: 145228,89692425795
Stamina
	 Rating: 861476
	 Multiplicative Factor: 11,3%
	 Eff: 861476
Crit
	 Rating: 8866
	 Multiplicative Factor: 0%
	 Eff: 15166
	 DR Bracket: 0
	 Base: 9%
	 Effective Percent: 21,67%
	 Crit Inc Heal: 2
	 Crit Inc Damage: 2
Haste
	 Rating: 19522
	 Multiplicative Factor: 0%
	 Eff: 28074,199999999997
	 DR Bracket: 0
	 Base: 10%
	 Effective Percent: 42,54%
Vers
	 Rating: 27104
	 Multiplicative Factor: 0%
	 Eff: 26733,6
	 DR Bracket: 1
	 Base: 0%
	 Effective Percent: 34,27%
Leech
	 Rating: 3060
	 Multiplicative Factor: 0%
	 Eff: 3060
	 DR Bracket: 0
	 Base: 0%
	 Effective Percent: 3%
Avoidance
	 Rating: 0
	 Multiplicative Factor: 0%
	 Eff: 0
	 DR Bracket: 0
	 Base: 0%
	 Effective Percent: 0%
Mastery
	 Rating: 6046
	 Multiplicative Factor: 0%
	 Eff: 15846
	 DR Bracket: 0
	 Base: 21%
	 Effective Percent: 33,96%
----------------------
01:01,112

Intellect
	 Rating: 145229
	 Multiplicative Factor: 12,48%
	 Eff: 145228,89692425795
Stamina
	 Rating: 861476
	 Multiplicative Factor: 11,3%
	 Eff: 861476
Crit
	 Rating: 8866
	 Multiplicative Factor: 0%
	 Eff: 15166
	 DR Bracket: 0
	 Base: 9%
	 Effective Percent: 21,67%
	 Crit Inc Heal: 2
	 Crit Inc Damage: 2
Haste
	 Rating: 19522
	 Multiplicative Factor: 0%
	 Eff: 28074,199999999997
	 DR Bracket: 0
	 Base: 10%
	 Effective Percent: 42,54%
Vers
	 Rating: 27104
	 Multiplicative Factor: 0%
	 Eff: 26733,6
	 DR Bracket: 1
	 Base: 0%
	 Effective Percent: 34,27%
Leech
	 Rating: 3060
	 Multiplicative Factor: 0%
	 Eff: 3060
	 DR Bracket: 0
	 Base: 0%
	 Effective Percent: 3%
Avoidance
	 Rating: 0
	 Multiplicative Factor: 0%
	 Eff: 0
	 DR Bracket: 0
	 Base: 0%
	 Effective Percent: 0%
Mastery
	 Rating: 6046
	 Multiplicative Factor: 0%
	 Eff: 16394,504284960793
	 DR Bracket: 0
	 Base: 21%
	 Effective Percent: 35,13%
----------------------
01:06,118

Intellect
	 Rating: 145229
	 Multiplicative Factor: 12,48%
	 Eff: 145228,89692425795
Stamina
	 Rating: 861476
	 Multiplicative Factor: 11,3%
	 Eff: 861476
Crit
	 Rating: 8866
	 Multiplicative Factor: 0%
	 Eff: 15166
	 DR Bracket: 0
	 Base: 9%
	 Effective Percent: 21,67%
	 Crit Inc Heal: 2
	 Crit Inc Damage: 2
Haste
	 Rating: 19522
	 Multiplicative Factor: 0%
	 Eff: 28074,199999999997
	 DR Bracket: 0
	 Base: 10%
	 Effective Percent: 42,54%
Vers
	 Rating: 27104
	 Multiplicative Factor: 0%
	 Eff: 26733,6
	 DR Bracket: 1
	 Base: 0%
	 Effective Percent: 34,27%
Leech
	 Rating: 3060
	 Multiplicative Factor: 0%
	 Eff: 3060
	 DR Bracket: 0
	 Base: 0%
	 Effective Percent: 3%
Avoidance
	 Rating: 0
	 Multiplicative Factor: 0%
	 Eff: 0
	 DR Bracket: 0
	 Base: 0%
	 Effective Percent: 0%
Mastery
	 Rating: 6046
	 Multiplicative Factor: 0%
	 Eff: 17254,65873183114
	 DR Bracket: 0
	 Base: 21%
	 Effective Percent: 36,97%
----------------------
01:11,130

Intellect
	 Rating: 145229
	 Multiplicative Factor: 12,48%
	 Eff: 145228,89692425795
Stamina
	 Rating: 861476
	 Multiplicative Factor: 11,3%
	 Eff: 861476
Crit
	 Rating: 8866
	 Multiplicative Factor: 0%
	 Eff: 15166
	 DR Bracket: 0
	 Base: 9%
	 Effective Percent: 21,67%
	 Crit Inc Heal: 2
	 Crit Inc Damage: 2
Haste
	 Rating: 19522
	 Multiplicative Factor: 0%
	 Eff: 28074,199999999997
	 DR Bracket: 0
	 Base: 10%
	 Effective Percent: 42,54%
Vers
	 Rating: 27104
	 Multiplicative Factor: 0%
	 Eff: 26733,6
	 DR Bracket: 1
	 Base: 0%
	 Effective Percent: 34,27%
Leech
	 Rating: 3060
	 Multiplicative Factor: 0%
	 Eff: 3060
	 DR Bracket: 0
	 Base: 0%
	 Effective Percent: 3%
Avoidance
	 Rating: 0
	 Multiplicative Factor: 0%
	 Eff: 0
	 DR Bracket: 0
	 Base: 0%
	 Effective Percent: 0%
Mastery
	 Rating: 6046
	 Multiplicative Factor: 0%
	 Eff: 17401,134307928627
	 DR Bracket: 0
	 Base: 21%
	 Effective Percent: 37,29%
----------------------
01:16,150

Intellect
	 Rating: 145229
	 Multiplicative Factor: 12,48%
	 Eff: 145228,89692425795
Stamina
	 Rating: 861476
	 Multiplicative Factor: 11,3%
	 Eff: 861476
Crit
	 Rating: 8866
	 Multiplicative Factor: 0%
	 Eff: 15166
	 DR Bracket: 0
	 Base: 9%
	 Effective Percent: 21,67%
	 Crit Inc Heal: 2
	 Crit Inc Damage: 2
Haste
	 Rating: 19522
	 Multiplicative Factor: 0%
	 Eff: 28074,199999999997
	 DR Bracket: 0
	 Base: 10%
	 Effective Percent: 42,54%
Vers
	 Rating: 27104
	 Multiplicative Factor: 0%
	 Eff: 26733,6
	 DR Bracket: 1
	 Base: 0%
	 Effective Percent: 34,27%
Leech
	 Rating: 3060
	 Multiplicative Factor: 0%
	 Eff: 3060
	 DR Bracket: 0
	 Base: 0%
	 Effective Percent: 3%
Avoidance
	 Rating: 0
	 Multiplicative Factor: 0%
	 Eff: 0
	 DR Bracket: 0
	 Base: 0%
	 Effective Percent: 0%
Mastery
	 Rating: 6046
	 Multiplicative Factor: 0%
	 Eff: 17295,17325287938
	 DR Bracket: 0
	 Base: 21%
	 Effective Percent: 37,06%
----------------------
01:21,163

Intellect
	 Rating: 145229
	 Multiplicative Factor: 12,48%
	 Eff: 145228,89692425795
Stamina
	 Rating: 861476
	 Multiplicative Factor: 11,3%
	 Eff: 861476
Crit
	 Rating: 8866
	 Multiplicative Factor: 0%
	 Eff: 15166
	 DR Bracket: 0
	 Base: 9%
	 Effective Percent: 21,67%
	 Crit Inc Heal: 2
	 Crit Inc Damage: 2
Haste
	 Rating: 19522
	 Multiplicative Factor: 0%
	 Eff: 28074,199999999997
	 DR Bracket: 0
	 Base: 10%
	 Effective Percent: 42,54%
Vers
	 Rating: 27104
	 Multiplicative Factor: 0%
	 Eff: 26733,6
	 DR Bracket: 1
	 Base: 0%
	 Effective Percent: 34,27%
Leech
	 Rating: 3060
	 Multiplicative Factor: 0%
	 Eff: 3060
	 DR Bracket: 0
	 Base: 0%
	 Effective Percent: 3%
Avoidance
	 Rating: 0
	 Multiplicative Factor: 0%
	 Eff: 0
	 DR Bracket: 0
	 Base: 0%
	 Effective Percent: 0%
Mastery
	 Rating: 6046
	 Multiplicative Factor: 0%
	 Eff: 17117,532660590936
	 DR Bracket: 0
	 Base: 21%
	 Effective Percent: 36,68%
----------------------
01:26,166

Intellect
	 Rating: 145229
	 Multiplicative Factor: 12,48%
	 Eff: 145228,89692425795
Stamina
	 Rating: 861476
	 Multiplicative Factor: 11,3%
	 Eff: 861476
Crit
	 Rating: 8866
	 Multiplicative Factor: 0%
	 Eff: 25666
	 DR Bracket: 0
	 Base: 24%
	 Effective Percent: 36,67%
	 Crit Inc Heal: 2
	 Crit Inc Damage: 2
Haste
	 Rating: 19522
	 Multiplicative Factor: 0%
	 Eff: 28074,199999999997
	 DR Bracket: 0
	 Base: 10%
	 Effective Percent: 42,54%
Vers
	 Rating: 27104
	 Multiplicative Factor: 0%
	 Eff: 26733,6
	 DR Bracket: 1
	 Base: 0%
	 Effective Percent: 34,27%
Leech
	 Rating: 3060
	 Multiplicative Factor: 0%
	 Eff: 3060
	 DR Bracket: 0
	 Base: 0%
	 Effective Percent: 3%
Avoidance
	 Rating: 0
	 Multiplicative Factor: 0%
	 Eff: 0
	 DR Bracket: 0
	 Base: 0%
	 Effective Percent: 0%
Mastery
	 Rating: 6046
	 Multiplicative Factor: 0%
	 Eff: 16759,134974394954
	 DR Bracket: 0
	 Base: 21%
	 Effective Percent: 35,91%
----------------------
01:31,202

Intellect
	 Rating: 145229
	 Multiplicative Factor: 12,48%
	 Eff: 145228,89692425795
Stamina
	 Rating: 861476
	 Multiplicative Factor: 11,3%
	 Eff: 861476
Crit
	 Rating: 8866
	 Multiplicative Factor: 0%
	 Eff: 25666
	 DR Bracket: 0
	 Base: 24%
	 Effective Percent: 36,67%
	 Crit Inc Heal: 2
	 Crit Inc Damage: 2
Haste
	 Rating: 19522
	 Multiplicative Factor: 0%
	 Eff: 28074,199999999997
	 DR Bracket: 0
	 Base: 10%
	 Effective Percent: 42,54%
Vers
	 Rating: 27104
	 Multiplicative Factor: 0%
	 Eff: 26733,6
	 DR Bracket: 1
	 Base: 0%
	 Effective Percent: 34,27%
Leech
	 Rating: 3060
	 Multiplicative Factor: 0%
	 Eff: 3060
	 DR Bracket: 0
	 Base: 0%
	 Effective Percent: 3%
Avoidance
	 Rating: 0
	 Multiplicative Factor: 0%
	 Eff: 0
	 DR Bracket: 0
	 Base: 0%
	 Effective Percent: 0%
Mastery
	 Rating: 6046
	 Multiplicative Factor: 0%
	 Eff: 16671,872929060282
	 DR Bracket: 0
	 Base: 21%
	 Effective Percent: 35,73%
----------------------
01:36,243

Intellect
	 Rating: 145229
	 Multiplicative Factor: 12,48%
	 Eff: 145228,89692425795
Stamina
	 Rating: 861476
	 Multiplicative Factor: 11,3%
	 Eff: 861476
Crit
	 Rating: 8866
	 Multiplicative Factor: 0%
	 Eff: 15166
	 DR Bracket: 0
	 Base: 9%
	 Effective Percent: 21,67%
	 Crit Inc Heal: 2
	 Crit Inc Damage: 2
Haste
	 Rating: 19522
	 Multiplicative Factor: 0%
	 Eff: 28074,199999999997
	 DR Bracket: 0
	 Base: 10%
	 Effective Percent: 42,54%
Vers
	 Rating: 27104
	 Multiplicative Factor: 0%
	 Eff: 26733,6
	 DR Bracket: 1
	 Base: 0%
	 Effective Percent: 34,27%
Leech
	 Rating: 3060
	 Multiplicative Factor: 0%
	 Eff: 3060
	 DR Bracket: 0
	 Base: 0%
	 Effective Percent: 3%
Avoidance
	 Rating: 0
	 Multiplicative Factor: 0%
	 Eff: 0
	 DR Bracket: 0
	 Base: 0%
	 Effective Percent: 0%
Mastery
	 Rating: 6046
	 Multiplicative Factor: 0%
	 Eff: 16603,309893440186
	 DR Bracket: 0
	 Base: 21%
	 Effective Percent: 35,58%
----------------------
01:41,381

Intellect
	 Rating: 145229
	 Multiplicative Factor: 12,48%
	 Eff: 145228,89692425795
Stamina
	 Rating: 861476
	 Multiplicative Factor: 11,3%
	 Eff: 861476
Crit
	 Rating: 8866
	 Multiplicative Factor: 0%
	 Eff: 15166
	 DR Bracket: 0
	 Base: 9%
	 Effective Percent: 21,67%
	 Crit Inc Heal: 2
	 Crit Inc Damage: 2
Haste
	 Rating: 19522
	 Multiplicative Factor: 0%
	 Eff: 28074,199999999997
	 DR Bracket: 0
	 Base: 10%
	 Effective Percent: 42,54%
Vers
	 Rating: 27104
	 Multiplicative Factor: 0%
	 Eff: 26733,6
	 DR Bracket: 1
	 Base: 0%
	 Effective Percent: 34,27%
Leech
	 Rating: 3060
	 Multiplicative Factor: 0%
	 Eff: 3060
	 DR Bracket: 0
	 Base: 0%
	 Effective Percent: 3%
Avoidance
	 Rating: 0
	 Multiplicative Factor: 0%
	 Eff: 0
	 DR Bracket: 0
	 Base: 0%
	 Effective Percent: 0%
Mastery
	 Rating: 6046
	 Multiplicative Factor: 0%
	 Eff: 16450,60131410451
	 DR Bracket: 0
	 Base: 21%
	 Effective Percent: 35,25%
----------------------
01:46,404

Intellect
	 Rating: 145229
	 Multiplicative Factor: 12,48%
	 Eff: 145228,89692425795
Stamina
	 Rating: 861476
	 Multiplicative Factor: 11,3%
	 Eff: 861476
Crit
	 Rating: 8866
	 Multiplicative Factor: 0%
	 Eff: 15166
	 DR Bracket: 0
	 Base: 9%
	 Effective Percent: 21,67%
	 Crit Inc Heal: 2
	 Crit Inc Damage: 2
Haste
	 Rating: 19522
	 Multiplicative Factor: 0%
	 Eff: 28074,199999999997
	 DR Bracket: 0
	 Base: 10%
	 Effective Percent: 42,54%
Vers
	 Rating: 27104
	 Multiplicative Factor: 0%
	 Eff: 26733,6
	 DR Bracket: 1
	 Base: 0%
	 Effective Percent: 34,27%
Leech
	 Rating: 3060
	 Multiplicative Factor: 0%
	 Eff: 3060
	 DR Bracket: 0
	 Base: 0%
	 Effective Percent: 3%
Avoidance
	 Rating: 0
	 Multiplicative Factor: 0%
	 Eff: 0
	 DR Bracket: 0
	 Base: 0%
	 Effective Percent: 0%
Mastery
	 Rating: 6046
	 Multiplicative Factor: 0%
	 Eff: 16357,106265531647
	 DR Bracket: 0
	 Base: 21%
	 Effective Percent: 35,05%
----------------------
01:51,457

Intellect
	 Rating: 145229
	 Multiplicative Factor: 12,48%
	 Eff: 145228,89692425795
Stamina
	 Rating: 861476
	 Multiplicative Factor: 11,3%
	 Eff: 861476
Crit
	 Rating: 8866
	 Multiplicative Factor: 0%
	 Eff: 15166
	 DR Bracket: 0
	 Base: 9%
	 Effective Percent: 21,67%
	 Crit Inc Heal: 2
	 Crit Inc Damage: 2
Haste
	 Rating: 19522
	 Multiplicative Factor: 0%
	 Eff: 28074,199999999997
	 DR Bracket: 0
	 Base: 10%
	 Effective Percent: 42,54%
Vers
	 Rating: 27104
	 Multiplicative Factor: 0%
	 Eff: 26733,6
	 DR Bracket: 1
	 Base: 0%
	 Effective Percent: 34,27%
Leech
	 Rating: 3060
	 Multiplicative Factor: 0%
	 Eff: 3060
	 DR Bracket: 0
	 Base: 0%
	 Effective Percent: 3%
Avoidance
	 Rating: 0
	 Multiplicative Factor: 0%
	 Eff: 0
	 DR Bracket: 0
	 Base: 0%
	 Effective Percent: 0%
Mastery
	 Rating: 6046
	 Multiplicative Factor: 0%
	 Eff: 16353,989763912552
	 DR Bracket: 0
	 Base: 21%
	 Effective Percent: 35,04%
----------------------
01:56,596

Intellect
	 Rating: 145229
	 Multiplicative Factor: 12,48%
	 Eff: 145228,89692425795
Stamina
	 Rating: 861476
	 Multiplicative Factor: 11,3%
	 Eff: 861476
Crit
	 Rating: 8866
	 Multiplicative Factor: 0%
	 Eff: 25666
	 DR Bracket: 0
	 Base: 24%
	 Effective Percent: 36,67%
	 Crit Inc Heal: 2
	 Crit Inc Damage: 2
Haste
	 Rating: 19522
	 Multiplicative Factor: 0%
	 Eff: 28074,199999999997
	 DR Bracket: 0
	 Base: 10%
	 Effective Percent: 42,54%
Vers
	 Rating: 27104
	 Multiplicative Factor: 0%
	 Eff: 26733,6
	 DR Bracket: 1
	 Base: 0%
	 Effective Percent: 34,27%
Leech
	 Rating: 3060
	 Multiplicative Factor: 0%
	 Eff: 3060
	 DR Bracket: 0
	 Base: 0%
	 Effective Percent: 3%
Avoidance
	 Rating: 0
	 Multiplicative Factor: 0%
	 Eff: 0
	 DR Bracket: 0
	 Base: 0%
	 Effective Percent: 0%
Mastery
	 Rating: 6046
	 Multiplicative Factor: 0%
	 Eff: 16410,08679305627
	 DR Bracket: 0
	 Base: 21%
	 Effective Percent: 35,16%
----------------------
02:01,668

Intellect
	 Rating: 145229
	 Multiplicative Factor: 12,48%
	 Eff: 145228,89692425795
Stamina
	 Rating: 861476
	 Multiplicative Factor: 11,3%
	 Eff: 861476
Crit
	 Rating: 8866
	 Multiplicative Factor: 0%
	 Eff: 25666
	 DR Bracket: 0
	 Base: 24%
	 Effective Percent: 36,67%
	 Crit Inc Heal: 2
	 Crit Inc Damage: 2
Haste
	 Rating: 19522
	 Multiplicative Factor: 0%
	 Eff: 28074,199999999997
	 DR Bracket: 0
	 Base: 10%
	 Effective Percent: 42,54%
Vers
	 Rating: 27104
	 Multiplicative Factor: 0%
	 Eff: 26733,6
	 DR Bracket: 1
	 Base: 0%
	 Effective Percent: 34,27%
Leech
	 Rating: 3060
	 Multiplicative Factor: 0%
	 Eff: 3060
	 DR Bracket: 0
	 Base: 0%
	 Effective Percent: 3%
Avoidance
	 Rating: 0
	 Multiplicative Factor: 0%
	 Eff: 0
	 DR Bracket: 0
	 Base: 0%
	 Effective Percent: 0%
Mastery
	 Rating: 6046
	 Multiplicative Factor: 0%
	 Eff: 16394,504284960793
	 DR Bracket: 0
	 Base: 21%
	 Effective Percent: 35,13%
----------------------
02:06,672

Intellect
	 Rating: 145229
	 Multiplicative Factor: 12,48%
	 Eff: 145228,89692425795
Stamina
	 Rating: 861476
	 Multiplicative Factor: 11,3%
	 Eff: 861476
Crit
	 Rating: 8866
	 Multiplicative Factor: 0%
	 Eff: 25666
	 DR Bracket: 0
	 Base: 24%
	 Effective Percent: 36,67%
	 Crit Inc Heal: 2
	 Crit Inc Damage: 2
Haste
	 Rating: 19522
	 Multiplicative Factor: 0%
	 Eff: 28074,199999999997
	 DR Bracket: 0
	 Base: 10%
	 Effective Percent: 42,54%
Vers
	 Rating: 27104
	 Multiplicative Factor: 0%
	 Eff: 26733,6
	 DR Bracket: 1
	 Base: 0%
	 Effective Percent: 34,27%
Leech
	 Rating: 3060
	 Multiplicative Factor: 0%
	 Eff: 3060
	 DR Bracket: 0
	 Base: 0%
	 Effective Percent: 3%
Avoidance
	 Rating: 0
	 Multiplicative Factor: 0%
	 Eff: 0
	 DR Bracket: 0
	 Base: 0%
	 Effective Percent: 0%
Mastery
	 Rating: 6046
	 Multiplicative Factor: 0%
	 Eff: 16587,727385344708
	 DR Bracket: 0
	 Base: 21%
	 Effective Percent: 35,55%
----------------------
02:11,673

Intellect
	 Rating: 145229
	 Multiplicative Factor: 12,48%
	 Eff: 145228,89692425795
Stamina
	 Rating: 861476
	 Multiplicative Factor: 11,3%
	 Eff: 861476
Crit
	 Rating: 8866
	 Multiplicative Factor: 0%
	 Eff: 25666
	 DR Bracket: 0
	 Base: 24%
	 Effective Percent: 36,67%
	 Crit Inc Heal: 2
	 Crit Inc Damage: 2
Haste
	 Rating: 19522
	 Multiplicative Factor: 0%
	 Eff: 28074,199999999997
	 DR Bracket: 0
	 Base: 10%
	 Effective Percent: 42,54%
Vers
	 Rating: 27104
	 Multiplicative Factor: 0%
	 Eff: 26733,6
	 DR Bracket: 1
	 Base: 0%
	 Effective Percent: 34,27%
Leech
	 Rating: 3060
	 Multiplicative Factor: 0%
	 Eff: 3060
	 DR Bracket: 0
	 Base: 0%
	 Effective Percent: 3%
Avoidance
	 Rating: 0
	 Multiplicative Factor: 0%
	 Eff: 0
	 DR Bracket: 0
	 Base: 0%
	 Effective Percent: 0%
Mastery
	 Rating: 6046
	 Multiplicative Factor: 0%
	 Eff: 16833,931013253245
	 DR Bracket: 0
	 Base: 21%
	 Effective Percent: 36,07%
----------------------
02:16,824

Intellect
	 Rating: 145229
	 Multiplicative Factor: 12,48%
	 Eff: 145228,89692425795
Stamina
	 Rating: 861476
	 Multiplicative Factor: 11,3%
	 Eff: 861476
Crit
	 Rating: 8866
	 Multiplicative Factor: 0%
	 Eff: 25666
	 DR Bracket: 0
	 Base: 24%
	 Effective Percent: 36,67%
	 Crit Inc Heal: 2
	 Crit Inc Damage: 2
Haste
	 Rating: 19522
	 Multiplicative Factor: 0%
	 Eff: 28074,199999999997
	 DR Bracket: 0
	 Base: 10%
	 Effective Percent: 42,54%
Vers
	 Rating: 27104
	 Multiplicative Factor: 0%
	 Eff: 26733,6
	 DR Bracket: 1
	 Base: 0%
	 Effective Percent: 34,27%
Leech
	 Rating: 3060
	 Multiplicative Factor: 0%
	 Eff: 3060
	 DR Bracket: 0
	 Base: 0%
	 Effective Percent: 3%
Avoidance
	 Rating: 0
	 Multiplicative Factor: 0%
	 Eff: 0
	 DR Bracket: 0
	 Base: 0%
	 Effective Percent: 0%
Mastery
	 Rating: 6046
	 Multiplicative Factor: 0%
	 Eff: 16812,115501919576
	 DR Bracket: 0
	 Base: 21%
	 Effective Percent: 36,03%
----------------------
02:21,825

Intellect
	 Rating: 145229
	 Multiplicative Factor: 12,48%
	 Eff: 145228,89692425795
Stamina
	 Rating: 861476
	 Multiplicative Factor: 11,3%
	 Eff: 861476
Crit
	 Rating: 8866
	 Multiplicative Factor: 0%
	 Eff: 25666
	 DR Bracket: 0
	 Base: 24%
	 Effective Percent: 36,67%
	 Crit Inc Heal: 2
	 Crit Inc Damage: 2
Haste
	 Rating: 19522
	 Multiplicative Factor: 0%
	 Eff: 28074,199999999997
	 DR Bracket: 0
	 Base: 10%
	 Effective Percent: 42,54%
Vers
	 Rating: 27104
	 Multiplicative Factor: 0%
	 Eff: 26733,6
	 DR Bracket: 1
	 Base: 0%
	 Effective Percent: 34,27%
Leech
	 Rating: 3060
	 Multiplicative Factor: 0%
	 Eff: 3060
	 DR Bracket: 0
	 Base: 0%
	 Effective Percent: 3%
Avoidance
	 Rating: 0
	 Multiplicative Factor: 0%
	 Eff: 0
	 DR Bracket: 0
	 Base: 0%
	 Effective Percent: 0%
Mastery
	 Rating: 6046
	 Multiplicative Factor: 0%
	 Eff: 16656,290420964808
	 DR Bracket: 0
	 Base: 21%
	 Effective Percent: 35,69%
----------------------
02:26,837

Intellect
	 Rating: 145229
	 Multiplicative Factor: 12,48%
	 Eff: 145228,89692425795
Stamina
	 Rating: 861476
	 Multiplicative Factor: 11,3%
	 Eff: 861476
Crit
	 Rating: 8866
	 Multiplicative Factor: 0%
	 Eff: 15166
	 DR Bracket: 0
	 Base: 9%
	 Effective Percent: 21,67%
	 Crit Inc Heal: 2
	 Crit Inc Damage: 2
Haste
	 Rating: 19522
	 Multiplicative Factor: 0%
	 Eff: 28074,199999999997
	 DR Bracket: 0
	 Base: 10%
	 Effective Percent: 42,54%
Vers
	 Rating: 27104
	 Multiplicative Factor: 0%
	 Eff: 26733,6
	 DR Bracket: 1
	 Base: 0%
	 Effective Percent: 34,27%
Leech
	 Rating: 3060
	 Multiplicative Factor: 0%
	 Eff: 3060
	 DR Bracket: 0
	 Base: 0%
	 Effective Percent: 3%
Avoidance
	 Rating: 0
	 Multiplicative Factor: 0%
	 Eff: 0
	 DR Bracket: 0
	 Base: 0%
	 Effective Percent: 0%
Mastery
	 Rating: 6046
	 Multiplicative Factor: 0%
	 Eff: 16678,105932298473
	 DR Bracket: 0
	 Base: 21%
	 Effective Percent: 35,74%
----------------------
02:31,845

Intellect
	 Rating: 145229
	 Multiplicative Factor: 12,48%
	 Eff: 145228,89692425795
Stamina
	 Rating: 861476
	 Multiplicative Factor: 11,3%
	 Eff: 861476
Crit
	 Rating: 8866
	 Multiplicative Factor: 0%
	 Eff: 15166
	 DR Bracket: 0
	 Base: 9%
	 Effective Percent: 21,67%
	 Crit Inc Heal: 2
	 Crit Inc Damage: 2
Haste
	 Rating: 19522
	 Multiplicative Factor: 0%
	 Eff: 28074,199999999997
	 DR Bracket: 0
	 Base: 10%
	 Effective Percent: 42,54%
Vers
	 Rating: 27104
	 Multiplicative Factor: 0%
	 Eff: 26733,6
	 DR Bracket: 1
	 Base: 0%
	 Effective Percent: 34,27%
Leech
	 Rating: 3060
	 Multiplicative Factor: 0%
	 Eff: 3060
	 DR Bracket: 0
	 Base: 0%
	 Effective Percent: 3%
Avoidance
	 Rating: 0
	 Multiplicative Factor: 0%
	 Eff: 0
	 DR Bracket: 0
	 Base: 0%
	 Effective Percent: 0%
Mastery
	 Rating: 6046
	 Multiplicative Factor: 0%
	 Eff: 16628,24190639295
	 DR Bracket: 0
	 Base: 21%
	 Effective Percent: 35,63%
----------------------
02:36,983

Intellect
	 Rating: 145229
	 Multiplicative Factor: 12,48%
	 Eff: 145228,89692425795
Stamina
	 Rating: 861476
	 Multiplicative Factor: 11,3%
	 Eff: 861476
Crit
	 Rating: 8866
	 Multiplicative Factor: 0%
	 Eff: 15166
	 DR Bracket: 0
	 Base: 9%
	 Effective Percent: 21,67%
	 Crit Inc Heal: 2
	 Crit Inc Damage: 2
Haste
	 Rating: 19522
	 Multiplicative Factor: 0%
	 Eff: 28074,199999999997
	 DR Bracket: 0
	 Base: 10%
	 Effective Percent: 42,54%
Vers
	 Rating: 27104
	 Multiplicative Factor: 0%
	 Eff: 26733,6
	 DR Bracket: 1
	 Base: 0%
	 Effective Percent: 34,27%
Leech
	 Rating: 3060
	 Multiplicative Factor: 0%
	 Eff: 3060
	 DR Bracket: 0
	 Base: 0%
	 Effective Percent: 3%
Avoidance
	 Rating: 0
	 Multiplicative Factor: 0%
	 Eff: 0
	 DR Bracket: 0
	 Base: 0%
	 Effective Percent: 0%
Mastery
	 Rating: 6046
	 Multiplicative Factor: 0%
	 Eff: 16606,42639505928
	 DR Bracket: 0
	 Base: 21%
	 Effective Percent: 35,59%
----------------------
02:41,990

Intellect
	 Rating: 145229
	 Multiplicative Factor: 12,48%
	 Eff: 145228,89692425795
Stamina
	 Rating: 861476
	 Multiplicative Factor: 11,3%
	 Eff: 861476
Crit
	 Rating: 8866
	 Multiplicative Factor: 0%
	 Eff: 15166
	 DR Bracket: 0
	 Base: 9%
	 Effective Percent: 21,67%
	 Crit Inc Heal: 2
	 Crit Inc Damage: 2
Haste
	 Rating: 19522
	 Multiplicative Factor: 0%
	 Eff: 28074,199999999997
	 DR Bracket: 0
	 Base: 10%
	 Effective Percent: 42,54%
Vers
	 Rating: 27104
	 Multiplicative Factor: 0%
	 Eff: 26733,6
	 DR Bracket: 1
	 Base: 0%
	 Effective Percent: 34,27%
Leech
	 Rating: 3060
	 Multiplicative Factor: 0%
	 Eff: 3060
	 DR Bracket: 0
	 Base: 0%
	 Effective Percent: 3%
Avoidance
	 Rating: 0
	 Multiplicative Factor: 0%
	 Eff: 0
	 DR Bracket: 0
	 Base: 0%
	 Effective Percent: 0%
Mastery
	 Rating: 6046
	 Multiplicative Factor: 0%
	 Eff: 16603,309893440186
	 DR Bracket: 0
	 Base: 21%
	 Effective Percent: 35,58%
----------------------
02:47,103

Intellect
	 Rating: 145229
	 Multiplicative Factor: 12,48%
	 Eff: 145228,89692425795
Stamina
	 Rating: 861476
	 Multiplicative Factor: 11,3%
	 Eff: 861476
Crit
	 Rating: 8866
	 Multiplicative Factor: 0%
	 Eff: 15166
	 DR Bracket: 0
	 Base: 9%
	 Effective Percent: 21,67%
	 Crit Inc Heal: 2
	 Crit Inc Damage: 2
Haste
	 Rating: 19522
	 Multiplicative Factor: 0%
	 Eff: 28074,199999999997
	 DR Bracket: 0
	 Base: 10%
	 Effective Percent: 42,54%
Vers
	 Rating: 27104
	 Multiplicative Factor: 0%
	 Eff: 26733,6
	 DR Bracket: 1
	 Base: 0%
	 Effective Percent: 34,27%
Leech
	 Rating: 3060
	 Multiplicative Factor: 0%
	 Eff: 3060
	 DR Bracket: 0
	 Base: 0%
	 Effective Percent: 3%
Avoidance
	 Rating: 0
	 Multiplicative Factor: 0%
	 Eff: 0
	 DR Bracket: 0
	 Base: 0%
	 Effective Percent: 0%
Mastery
	 Rating: 6046
	 Multiplicative Factor: 0%
	 Eff: 16540,979861058277
	 DR Bracket: 0
	 Base: 21%
	 Effective Percent: 35,44%
----------------------
02:52,136

Intellect
	 Rating: 145229
	 Multiplicative Factor: 12,48%
	 Eff: 145228,89692425795
Stamina
	 Rating: 861476
	 Multiplicative Factor: 11,3%
	 Eff: 861476
Crit
	 Rating: 8866
	 Multiplicative Factor: 0%
	 Eff: 25666
	 DR Bracket: 0
	 Base: 24%
	 Effective Percent: 36,67%
	 Crit Inc Heal: 2
	 Crit Inc Damage: 2
Haste
	 Rating: 19522
	 Multiplicative Factor: 0%
	 Eff: 28074,199999999997
	 DR Bracket: 0
	 Base: 10%
	 Effective Percent: 42,54%
Vers
	 Rating: 27104
	 Multiplicative Factor: 0%
	 Eff: 26733,6
	 DR Bracket: 1
	 Base: 0%
	 Effective Percent: 34,27%
Leech
	 Rating: 3060
	 Multiplicative Factor: 0%
	 Eff: 3060
	 DR Bracket: 0
	 Base: 0%
	 Effective Percent: 3%
Avoidance
	 Rating: 0
	 Multiplicative Factor: 0%
	 Eff: 0
	 DR Bracket: 0
	 Base: 0%
	 Effective Percent: 0%
Mastery
	 Rating: 6046
	 Multiplicative Factor: 0%
	 Eff: 16447,484812485414
	 DR Bracket: 0
	 Base: 21%
	 Effective Percent: 35,24%
----------------------
02:57,136

Intellect
	 Rating: 145229
	 Multiplicative Factor: 12,48%
	 Eff: 145228,89692425795
Stamina
	 Rating: 861476
	 Multiplicative Factor: 11,3%
	 Eff: 861476
Crit
	 Rating: 8866
	 Multiplicative Factor: 0%
	 Eff: 25666
	 DR Bracket: 0
	 Base: 24%
	 Effective Percent: 36,67%
	 Crit Inc Heal: 2
	 Crit Inc Damage: 2
Haste
	 Rating: 19522
	 Multiplicative Factor: 0%
	 Eff: 28074,199999999997
	 DR Bracket: 0
	 Base: 10%
	 Effective Percent: 42,54%
Vers
	 Rating: 27104
	 Multiplicative Factor: 0%
	 Eff: 26733,6
	 DR Bracket: 1
	 Base: 0%
	 Effective Percent: 34,27%
Leech
	 Rating: 3060
	 Multiplicative Factor: 0%
	 Eff: 3060
	 DR Bracket: 0
	 Base: 0%
	 Effective Percent: 3%
Avoidance
	 Rating: 0
	 Multiplicative Factor: 0%
	 Eff: 0
	 DR Bracket: 0
	 Base: 0%
	 Effective Percent: 0%
Mastery
	 Rating: 6046
	 Multiplicative Factor: 0%
	 Eff: 16453,717815723605
	 DR Bracket: 0
	 Base: 21%
	 Effective Percent: 35,26%
----------------------
03:02,156

Intellect
	 Rating: 145229
	 Multiplicative Factor: 12,48%
	 Eff: 145228,89692425795
Stamina
	 Rating: 861476
	 Multiplicative Factor: 11,3%
	 Eff: 861476
Crit
	 Rating: 8866
	 Multiplicative Factor: 0%
	 Eff: 15166
	 DR Bracket: 0
	 Base: 9%
	 Effective Percent: 21,67%
	 Crit Inc Heal: 2
	 Crit Inc Damage: 2
Haste
	 Rating: 19522
	 Multiplicative Factor: 0%
	 Eff: 28074,199999999997
	 DR Bracket: 0
	 Base: 10%
	 Effective Percent: 42,54%
Vers
	 Rating: 27104
	 Multiplicative Factor: 0%
	 Eff: 26733,6
	 DR Bracket: 1
	 Base: 0%
	 Effective Percent: 34,27%
Leech
	 Rating: 3060
	 Multiplicative Factor: 0%
	 Eff: 3060
	 DR Bracket: 0
	 Base: 0%
	 Effective Percent: 3%
Avoidance
	 Rating: 0
	 Multiplicative Factor: 0%
	 Eff: 0
	 DR Bracket: 0
	 Base: 0%
	 Effective Percent: 0%
Mastery
	 Rating: 6046
	 Multiplicative Factor: 0%
	 Eff: 16562,795372391945
	 DR Bracket: 0
	 Base: 21%
	 Effective Percent: 35,49%
----------------------
03:07,251

Intellect
	 Rating: 145229
	 Multiplicative Factor: 12,48%
	 Eff: 145228,89692425795
Stamina
	 Rating: 861476
	 Multiplicative Factor: 11,3%
	 Eff: 861476
Crit
	 Rating: 8866
	 Multiplicative Factor: 0%
	 Eff: 15166
	 DR Bracket: 0
	 Base: 9%
	 Effective Percent: 21,67%
	 Crit Inc Heal: 2
	 Crit Inc Damage: 2
Haste
	 Rating: 19522
	 Multiplicative Factor: 0%
	 Eff: 28074,199999999997
	 DR Bracket: 0
	 Base: 10%
	 Effective Percent: 42,54%
Vers
	 Rating: 27104
	 Multiplicative Factor: 0%
	 Eff: 26733,6
	 DR Bracket: 1
	 Base: 0%
	 Effective Percent: 34,27%
Leech
	 Rating: 3060
	 Multiplicative Factor: 0%
	 Eff: 3060
	 DR Bracket: 0
	 Base: 0%
	 Effective Percent: 3%
Avoidance
	 Rating: 0
	 Multiplicative Factor: 0%
	 Eff: 0
	 DR Bracket: 0
	 Base: 0%
	 Effective Percent: 0%
Mastery
	 Rating: 6046
	 Multiplicative Factor: 0%
	 Eff: 16653,17391934571
	 DR Bracket: 0
	 Base: 21%
	 Effective Percent: 35,69%
----------------------
03:12,252

Intellect
	 Rating: 145229
	 Multiplicative Factor: 12,48%
	 Eff: 145228,89692425795
Stamina
	 Rating: 861476
	 Multiplicative Factor: 11,3%
	 Eff: 861476
Crit
	 Rating: 8866
	 Multiplicative Factor: 0%
	 Eff: 15166
	 DR Bracket: 0
	 Base: 9%
	 Effective Percent: 21,67%
	 Crit Inc Heal: 2
	 Crit Inc Damage: 2
Haste
	 Rating: 19522
	 Multiplicative Factor: 0%
	 Eff: 28074,199999999997
	 DR Bracket: 0
	 Base: 10%
	 Effective Percent: 42,54%
Vers
	 Rating: 27104
	 Multiplicative Factor: 0%
	 Eff: 26733,6
	 DR Bracket: 1
	 Base: 0%
	 Effective Percent: 34,27%
Leech
	 Rating: 3060
	 Multiplicative Factor: 0%
	 Eff: 3060
	 DR Bracket: 0
	 Base: 0%
	 Effective Percent: 3%
Avoidance
	 Rating: 0
	 Multiplicative Factor: 0%
	 Eff: 0
	 DR Bracket: 0
	 Base: 0%
	 Effective Percent: 0%
Mastery
	 Rating: 6046
	 Multiplicative Factor: 0%
	 Eff: 16674,98943067938
	 DR Bracket: 0
	 Base: 21%
	 Effective Percent: 35,73%
----------------------
03:17,268

Intellect
	 Rating: 145229
	 Multiplicative Factor: 12,48%
	 Eff: 145228,89692425795
Stamina
	 Rating: 861476
	 Multiplicative Factor: 11,3%
	 Eff: 861476
Crit
	 Rating: 8866
	 Multiplicative Factor: 0%
	 Eff: 15166
	 DR Bracket: 0
	 Base: 9%
	 Effective Percent: 21,67%
	 Crit Inc Heal: 2
	 Crit Inc Damage: 2
Haste
	 Rating: 19522
	 Multiplicative Factor: 0%
	 Eff: 28074,199999999997
	 DR Bracket: 0
	 Base: 10%
	 Effective Percent: 42,54%
Vers
	 Rating: 27104
	 Multiplicative Factor: 0%
	 Eff: 26733,6
	 DR Bracket: 1
	 Base: 0%
	 Effective Percent: 34,27%
Leech
	 Rating: 3060
	 Multiplicative Factor: 0%
	 Eff: 3060
	 DR Bracket: 0
	 Base: 0%
	 Effective Percent: 3%
Avoidance
	 Rating: 0
	 Multiplicative Factor: 0%
	 Eff: 0
	 DR Bracket: 0
	 Base: 0%
	 Effective Percent: 0%
Mastery
	 Rating: 6046
	 Multiplicative Factor: 0%
	 Eff: 16724,853456584904
	 DR Bracket: 0
	 Base: 21%
	 Effective Percent: 35,84%
----------------------
03:22,416

Intellect
	 Rating: 145229
	 Multiplicative Factor: 12,48%
	 Eff: 145228,89692425795
Stamina
	 Rating: 861476
	 Multiplicative Factor: 11,3%
	 Eff: 861476
Crit
	 Rating: 8866
	 Multiplicative Factor: 0%
	 Eff: 15166
	 DR Bracket: 0
	 Base: 9%
	 Effective Percent: 21,67%
	 Crit Inc Heal: 2
	 Crit Inc Damage: 2
Haste
	 Rating: 19522
	 Multiplicative Factor: 0%
	 Eff: 28074,199999999997
	 DR Bracket: 0
	 Base: 10%
	 Effective Percent: 42,54%
Vers
	 Rating: 27104
	 Multiplicative Factor: 0%
	 Eff: 26733,6
	 DR Bracket: 1
	 Base: 0%
	 Effective Percent: 34,27%
Leech
	 Rating: 3060
	 Multiplicative Factor: 0%
	 Eff: 3060
	 DR Bracket: 0
	 Base: 0%
	 Effective Percent: 3%
Avoidance
	 Rating: 0
	 Multiplicative Factor: 0%
	 Eff: 0
	 DR Bracket: 0
	 Base: 0%
	 Effective Percent: 0%
Mastery
	 Rating: 6046
	 Multiplicative Factor: 0%
	 Eff: 16808,999000300482
	 DR Bracket: 0
	 Base: 21%
	 Effective Percent: 36,02%
----------------------
03:27,466

Intellect
	 Rating: 145229
	 Multiplicative Factor: 12,48%
	 Eff: 145228,89692425795
Stamina
	 Rating: 861476
	 Multiplicative Factor: 11,3%
	 Eff: 861476
Crit
	 Rating: 8866
	 Multiplicative Factor: 0%
	 Eff: 15166
	 DR Bracket: 0
	 Base: 9%
	 Effective Percent: 21,67%
	 Crit Inc Heal: 2
	 Crit Inc Damage: 2
Haste
	 Rating: 19522
	 Multiplicative Factor: 0%
	 Eff: 28074,199999999997
	 DR Bracket: 0
	 Base: 10%
	 Effective Percent: 42,54%
Vers
	 Rating: 27104
	 Multiplicative Factor: 0%
	 Eff: 26733,6
	 DR Bracket: 1
	 Base: 0%
	 Effective Percent: 34,27%
Leech
	 Rating: 3060
	 Multiplicative Factor: 0%
	 Eff: 3060
	 DR Bracket: 0
	 Base: 0%
	 Effective Percent: 3%
Avoidance
	 Rating: 0
	 Multiplicative Factor: 0%
	 Eff: 0
	 DR Bracket: 0
	 Base: 0%
	 Effective Percent: 0%
Mastery
	 Rating: 6046
	 Multiplicative Factor: 0%
	 Eff: 16759,134974394954
	 DR Bracket: 0
	 Base: 21%
	 Effective Percent: 35,91%
----------------------
03:32,511

Intellect
	 Rating: 145229
	 Multiplicative Factor: 12,48%
	 Eff: 145228,89692425795
Stamina
	 Rating: 861476
	 Multiplicative Factor: 11,3%
	 Eff: 861476
Crit
	 Rating: 8866
	 Multiplicative Factor: 0%
	 Eff: 25666
	 DR Bracket: 0
	 Base: 24%
	 Effective Percent: 36,67%
	 Crit Inc Heal: 2
	 Crit Inc Damage: 2
Haste
	 Rating: 19522
	 Multiplicative Factor: 0%
	 Eff: 28074,199999999997
	 DR Bracket: 0
	 Base: 10%
	 Effective Percent: 42,54%
Vers
	 Rating: 27104
	 Multiplicative Factor: 0%
	 Eff: 26733,6
	 DR Bracket: 1
	 Base: 0%
	 Effective Percent: 34,27%
Leech
	 Rating: 3060
	 Multiplicative Factor: 0%
	 Eff: 3060
	 DR Bracket: 0
	 Base: 0%
	 Effective Percent: 3%
Avoidance
	 Rating: 0
	 Multiplicative Factor: 0%
	 Eff: 0
	 DR Bracket: 0
	 Base: 0%
	 Effective Percent: 0%
Mastery
	 Rating: 6046
	 Multiplicative Factor: 0%
	 Eff: 16603,309893440186
	 DR Bracket: 0
	 Base: 21%
	 Effective Percent: 35,58%
----------------------
03:37,544

Intellect
	 Rating: 145229
	 Multiplicative Factor: 12,48%
	 Eff: 145228,89692425795
Stamina
	 Rating: 861476
	 Multiplicative Factor: 11,3%
	 Eff: 861476
Crit
	 Rating: 8866
	 Multiplicative Factor: 0%
	 Eff: 25666
	 DR Bracket: 0
	 Base: 24%
	 Effective Percent: 36,67%
	 Crit Inc Heal: 2
	 Crit Inc Damage: 2
Haste
	 Rating: 19522
	 Multiplicative Factor: 0%
	 Eff: 28074,199999999997
	 DR Bracket: 0
	 Base: 10%
	 Effective Percent: 42,54%
Vers
	 Rating: 27104
	 Multiplicative Factor: 0%
	 Eff: 26733,6
	 DR Bracket: 1
	 Base: 0%
	 Effective Percent: 34,27%
Leech
	 Rating: 3060
	 Multiplicative Factor: 0%
	 Eff: 3060
	 DR Bracket: 0
	 Base: 0%
	 Effective Percent: 3%
Avoidance
	 Rating: 0
	 Multiplicative Factor: 0%
	 Eff: 0
	 DR Bracket: 0
	 Base: 0%
	 Effective Percent: 0%
Mastery
	 Rating: 6046
	 Multiplicative Factor: 0%
	 Eff: 16519,164349724608
	 DR Bracket: 0
	 Base: 21%
	 Effective Percent: 35,4%
----------------------
03:42,553

Intellect
	 Rating: 145229
	 Multiplicative Factor: 12,48%
	 Eff: 145228,89692425795
Stamina
	 Rating: 861476
	 Multiplicative Factor: 11,3%
	 Eff: 861476
Crit
	 Rating: 8866
	 Multiplicative Factor: 0%
	 Eff: 15166
	 DR Bracket: 0
	 Base: 9%
	 Effective Percent: 21,67%
	 Crit Inc Heal: 2
	 Crit Inc Damage: 2
Haste
	 Rating: 19522
	 Multiplicative Factor: 0%
	 Eff: 28074,199999999997
	 DR Bracket: 0
	 Base: 10%
	 Effective Percent: 42,54%
Vers
	 Rating: 27104
	 Multiplicative Factor: 0%
	 Eff: 26733,6
	 DR Bracket: 1
	 Base: 0%
	 Effective Percent: 34,27%
Leech
	 Rating: 3060
	 Multiplicative Factor: 0%
	 Eff: 3060
	 DR Bracket: 0
	 Base: 0%
	 Effective Percent: 3%
Avoidance
	 Rating: 0
	 Multiplicative Factor: 0%
	 Eff: 0
	 DR Bracket: 0
	 Base: 0%
	 Effective Percent: 0%
Mastery
	 Rating: 6046
	 Multiplicative Factor: 0%
	 Eff: 16581,494382106517
	 DR Bracket: 0
	 Base: 21%
	 Effective Percent: 35,53%
----------------------
03:47,589

Intellect
	 Rating: 145229
	 Multiplicative Factor: 12,48%
	 Eff: 145228,89692425795
Stamina
	 Rating: 861476
	 Multiplicative Factor: 11,3%
	 Eff: 861476
Crit
	 Rating: 8866
	 Multiplicative Factor: 0%
	 Eff: 15166
	 DR Bracket: 0
	 Base: 9%
	 Effective Percent: 21,67%
	 Crit Inc Heal: 2
	 Crit Inc Damage: 2
Haste
	 Rating: 19522
	 Multiplicative Factor: 0%
	 Eff: 28074,199999999997
	 DR Bracket: 0
	 Base: 10%
	 Effective Percent: 42,54%
Vers
	 Rating: 27104
	 Multiplicative Factor: 0%
	 Eff: 26733,6
	 DR Bracket: 1
	 Base: 0%
	 Effective Percent: 34,27%
Leech
	 Rating: 3060
	 Multiplicative Factor: 0%
	 Eff: 3060
	 DR Bracket: 0
	 Base: 0%
	 Effective Percent: 3%
Avoidance
	 Rating: 0
	 Multiplicative Factor: 0%
	 Eff: 0
	 DR Bracket: 0
	 Base: 0%
	 Effective Percent: 0%
Mastery
	 Rating: 6046
	 Multiplicative Factor: 0%
	 Eff: 16618,89240153566
	 DR Bracket: 0
	 Base: 21%
	 Effective Percent: 35,61%
----------------------
03:52,629

Intellect
	 Rating: 145229
	 Multiplicative Factor: 12,48%
	 Eff: 145228,89692425795
Stamina
	 Rating: 861476
	 Multiplicative Factor: 11,3%
	 Eff: 861476
Crit
	 Rating: 8866
	 Multiplicative Factor: 0%
	 Eff: 25666
	 DR Bracket: 0
	 Base: 24%
	 Effective Percent: 36,67%
	 Crit Inc Heal: 2
	 Crit Inc Damage: 2
Haste
	 Rating: 19522
	 Multiplicative Factor: 0%
	 Eff: 28074,199999999997
	 DR Bracket: 0
	 Base: 10%
	 Effective Percent: 42,54%
Vers
	 Rating: 27104
	 Multiplicative Factor: 0%
	 Eff: 26733,6
	 DR Bracket: 1
	 Base: 0%
	 Effective Percent: 34,27%
Leech
	 Rating: 3060
	 Multiplicative Factor: 0%
	 Eff: 3060
	 DR Bracket: 0
	 Base: 0%
	 Effective Percent: 3%
Avoidance
	 Rating: 0
	 Multiplicative Factor: 0%
	 Eff: 0
	 DR Bracket: 0
	 Base: 0%
	 Effective Percent: 0%
Mastery
	 Rating: 6046
	 Multiplicative Factor: 0%
	 Eff: 16550,329365915564
	 DR Bracket: 0
	 Base: 21%
	 Effective Percent: 35,46%
----------------------
03:57,652

Intellect
	 Rating: 145229
	 Multiplicative Factor: 12,48%
	 Eff: 145228,89692425795
Stamina
	 Rating: 861476
	 Multiplicative Factor: 11,3%
	 Eff: 861476
Crit
	 Rating: 8866
	 Multiplicative Factor: 0%
	 Eff: 25666
	 DR Bracket: 0
	 Base: 24%
	 Effective Percent: 36,67%
	 Crit Inc Heal: 2
	 Crit Inc Damage: 2
Haste
	 Rating: 19522
	 Multiplicative Factor: 0%
	 Eff: 28074,199999999997
	 DR Bracket: 0
	 Base: 10%
	 Effective Percent: 42,54%
Vers
	 Rating: 27104
	 Multiplicative Factor: 0%
	 Eff: 26733,6
	 DR Bracket: 1
	 Base: 0%
	 Effective Percent: 34,27%
Leech
	 Rating: 3060
	 Multiplicative Factor: 0%
	 Eff: 3060
	 DR Bracket: 0
	 Base: 0%
	 Effective Percent: 3%
Avoidance
	 Rating: 0
	 Multiplicative Factor: 0%
	 Eff: 0
	 DR Bracket: 0
	 Base: 0%
	 Effective Percent: 0%
Mastery
	 Rating: 6046
	 Multiplicative Factor: 0%
	 Eff: 16491,115835152752
	 DR Bracket: 0
	 Base: 21%
	 Effective Percent: 35,34%
----------------------
04:02,679

Intellect
	 Rating: 145229
	 Multiplicative Factor: 12,48%
	 Eff: 145228,89692425795
Stamina
	 Rating: 861476
	 Multiplicative Factor: 11,3%
	 Eff: 861476
Crit
	 Rating: 8866
	 Multiplicative Factor: 0%
	 Eff: 25666
	 DR Bracket: 0
	 Base: 24%
	 Effective Percent: 36,67%
	 Crit Inc Heal: 2
	 Crit Inc Damage: 2
Haste
	 Rating: 19522
	 Multiplicative Factor: 0%
	 Eff: 28074,199999999997
	 DR Bracket: 0
	 Base: 10%
	 Effective Percent: 42,54%
Vers
	 Rating: 27104
	 Multiplicative Factor: 0%
	 Eff: 26733,6
	 DR Bracket: 1
	 Base: 0%
	 Effective Percent: 34,27%
Leech
	 Rating: 3060
	 Multiplicative Factor: 0%
	 Eff: 3060
	 DR Bracket: 0
	 Base: 0%
	 Effective Percent: 3%
Avoidance
	 Rating: 0
	 Multiplicative Factor: 0%
	 Eff: 0
	 DR Bracket: 0
	 Base: 0%
	 Effective Percent: 0%
Mastery
	 Rating: 6046
	 Multiplicative Factor: 0%
	 Eff: 16525,3973529628
	 DR Bracket: 0
	 Base: 21%
	 Effective Percent: 35,41%
----------------------
04:07,697

Intellect
	 Rating: 145229
	 Multiplicative Factor: 12,48%
	 Eff: 145228,89692425795
Stamina
	 Rating: 861476
	 Multiplicative Factor: 11,3%
	 Eff: 861476
Crit
	 Rating: 8866
	 Multiplicative Factor: 0%
	 Eff: 25666
	 DR Bracket: 0
	 Base: 24%
	 Effective Percent: 36,67%
	 Crit Inc Heal: 2
	 Crit Inc Damage: 2
Haste
	 Rating: 19522
	 Multiplicative Factor: 0%
	 Eff: 28074,199999999997
	 DR Bracket: 0
	 Base: 10%
	 Effective Percent: 42,54%
Vers
	 Rating: 27104
	 Multiplicative Factor: 0%
	 Eff: 26733,6
	 DR Bracket: 1
	 Base: 0%
	 Effective Percent: 34,27%
Leech
	 Rating: 3060
	 Multiplicative Factor: 0%
	 Eff: 3060
	 DR Bracket: 0
	 Base: 0%
	 Effective Percent: 3%
Avoidance
	 Rating: 0
	 Multiplicative Factor: 0%
	 Eff: 0
	 DR Bracket: 0
	 Base: 0%
	 Effective Percent: 0%
Mastery
	 Rating: 6046
	 Multiplicative Factor: 0%
	 Eff: 16565,91187401104
	 DR Bracket: 0
	 Base: 21%
	 Effective Percent: 35,5%
----------------------
04:12,713

Intellect
	 Rating: 145229
	 Multiplicative Factor: 12,48%
	 Eff: 145228,89692425795
Stamina
	 Rating: 861476
	 Multiplicative Factor: 11,3%
	 Eff: 861476
Crit
	 Rating: 8866
	 Multiplicative Factor: 0%
	 Eff: 25666
	 DR Bracket: 0
	 Base: 24%
	 Effective Percent: 36,67%
	 Crit Inc Heal: 2
	 Crit Inc Damage: 2
Haste
	 Rating: 19522
	 Multiplicative Factor: 0%
	 Eff: 28074,199999999997
	 DR Bracket: 0
	 Base: 10%
	 Effective Percent: 42,54%
Vers
	 Rating: 27104
	 Multiplicative Factor: 0%
	 Eff: 26733,6
	 DR Bracket: 1
	 Base: 0%
	 Effective Percent: 34,27%
Leech
	 Rating: 3060
	 Multiplicative Factor: 0%
	 Eff: 3060
	 DR Bracket: 0
	 Base: 0%
	 Effective Percent: 3%
Avoidance
	 Rating: 0
	 Multiplicative Factor: 0%
	 Eff: 0
	 DR Bracket: 0
	 Base: 0%
	 Effective Percent: 0%
Mastery
	 Rating: 6046
	 Multiplicative Factor: 0%
	 Eff: 16606,42639505928
	 DR Bracket: 0
	 Base: 21%
	 Effective Percent: 35,59%
----------------------
04:17,791

Intellect
	 Rating: 145229
	 Multiplicative Factor: 12,48%
	 Eff: 145228,89692425795
Stamina
	 Rating: 861476
	 Multiplicative Factor: 11,3%
	 Eff: 861476
Crit
	 Rating: 8866
	 Multiplicative Factor: 0%
	 Eff: 25666
	 DR Bracket: 0
	 Base: 24%
	 Effective Percent: 36,67%
	 Crit Inc Heal: 2
	 Crit Inc Damage: 2
Haste
	 Rating: 19522
	 Multiplicative Factor: 0%
	 Eff: 28074,199999999997
	 DR Bracket: 0
	 Base: 10%
	 Effective Percent: 42,54%
Vers
	 Rating: 27104
	 Multiplicative Factor: 0%
	 Eff: 26733,6
	 DR Bracket: 1
	 Base: 0%
	 Effective Percent: 34,27%
Leech
	 Rating: 3060
	 Multiplicative Factor: 0%
	 Eff: 3060
	 DR Bracket: 0
	 Base: 0%
	 Effective Percent: 3%
Avoidance
	 Rating: 0
	 Multiplicative Factor: 0%
	 Eff: 0
	 DR Bracket: 0
	 Base: 0%
	 Effective Percent: 0%
Mastery
	 Rating: 6046
	 Multiplicative Factor: 0%
	 Eff: 16671,872929060282
	 DR Bracket: 0
	 Base: 21%
	 Effective Percent: 35,73%
----------------------
04:22,802

Intellect
	 Rating: 145229
	 Multiplicative Factor: 12,48%
	 Eff: 145228,89692425795
Stamina
	 Rating: 861476
	 Multiplicative Factor: 11,3%
	 Eff: 861476
Crit
	 Rating: 8866
	 Multiplicative Factor: 0%
	 Eff: 25666
	 DR Bracket: 0
	 Base: 24%
	 Effective Percent: 36,67%
	 Crit Inc Heal: 2
	 Crit Inc Damage: 2
Haste
	 Rating: 19522
	 Multiplicative Factor: 0%
	 Eff: 28074,199999999997
	 DR Bracket: 0
	 Base: 10%
	 Effective Percent: 42,54%
Vers
	 Rating: 27104
	 Multiplicative Factor: 0%
	 Eff: 26733,6
	 DR Bracket: 1
	 Base: 0%
	 Effective Percent: 34,27%
Leech
	 Rating: 3060
	 Multiplicative Factor: 0%
	 Eff: 3060
	 DR Bracket: 0
	 Base: 0%
	 Effective Percent: 3%
Avoidance
	 Rating: 0
	 Multiplicative Factor: 0%
	 Eff: 0
	 DR Bracket: 0
	 Base: 0%
	 Effective Percent: 0%
Mastery
	 Rating: 6046
	 Multiplicative Factor: 0%
	 Eff: 16650,057417726617
	 DR Bracket: 0
	 Base: 21%
	 Effective Percent: 35,68%
----------------------
04:27,809

Intellect
	 Rating: 145229
	 Multiplicative Factor: 12,48%
	 Eff: 145228,89692425795
Stamina
	 Rating: 861476
	 Multiplicative Factor: 11,3%
	 Eff: 861476
Crit
	 Rating: 8866
	 Multiplicative Factor: 0%
	 Eff: 15166
	 DR Bracket: 0
	 Base: 9%
	 Effective Percent: 21,67%
	 Crit Inc Heal: 2
	 Crit Inc Damage: 2
Haste
	 Rating: 19522
	 Multiplicative Factor: 0%
	 Eff: 28074,199999999997
	 DR Bracket: 0
	 Base: 10%
	 Effective Percent: 42,54%
Vers
	 Rating: 27104
	 Multiplicative Factor: 0%
	 Eff: 26733,6
	 DR Bracket: 1
	 Base: 0%
	 Effective Percent: 34,27%
Leech
	 Rating: 3060
	 Multiplicative Factor: 0%
	 Eff: 3060
	 DR Bracket: 0
	 Base: 0%
	 Effective Percent: 3%
Avoidance
	 Rating: 0
	 Multiplicative Factor: 0%
	 Eff: 0
	 DR Bracket: 0
	 Base: 0%
	 Effective Percent: 0%
Mastery
	 Rating: 6046
	 Multiplicative Factor: 0%
	 Eff: 16643,824414488427
	 DR Bracket: 0
	 Base: 21%
	 Effective Percent: 35,67%
----------------------
04:32,978

Intellect
	 Rating: 145229
	 Multiplicative Factor: 12,48%
	 Eff: 145228,89692425795
Stamina
	 Rating: 861476
	 Multiplicative Factor: 11,3%
	 Eff: 861476
Crit
	 Rating: 8866
	 Multiplicative Factor: 0%
	 Eff: 15166
	 DR Bracket: 0
	 Base: 9%
	 Effective Percent: 21,67%
	 Crit Inc Heal: 2
	 Crit Inc Damage: 2
Haste
	 Rating: 19522
	 Multiplicative Factor: 0%
	 Eff: 28074,199999999997
	 DR Bracket: 0
	 Base: 10%
	 Effective Percent: 42,54%
Vers
	 Rating: 27104
	 Multiplicative Factor: 0%
	 Eff: 26733,6
	 DR Bracket: 1
	 Base: 0%
	 Effective Percent: 34,27%
Leech
	 Rating: 3060
	 Multiplicative Factor: 0%
	 Eff: 3060
	 DR Bracket: 0
	 Base: 0%
	 Effective Percent: 3%
Avoidance
	 Rating: 0
	 Multiplicative Factor: 0%
	 Eff: 0
	 DR Bracket: 0
	 Base: 0%
	 Effective Percent: 0%
Mastery
	 Rating: 6046
	 Multiplicative Factor: 0%
	 Eff: 16628,24190639295
	 DR Bracket: 0
	 Base: 21%
	 Effective Percent: 35,63%
