-----------
A Just Reward
-----------
Avenging Crusader
-----------
Avenging Wrath
-----------
Aura Mastery
-----------
Barrier of Faith
-----------
Beacon of Faith
-----------
Beacon of Light
	Eff: 268,5755844696614
-----------
Beacon of Virtue
-----------
Bestow Light
-----------
Blessing of Freedom
-----------
Blessing of Protection
-----------
Blinding Light
-----------
Brought to Light
-----------
Cleanse
-----------
Consecration
	Dmg: 543,8017340487422
-----------
Consecration Aura
-----------
Crusader Strike
	Dmg: 349,9417933378136
-----------
Dawnlight
	Eff: 1415,0978461685736
	Dmg: 802,2316596910532
-----------
Divine Shield
-----------
DivineGuidance
-----------
Divine Toll
-----------
Eternal Flame
	Eff: 1322,6316362786642
-----------
Eye for an Eye
-----------
Flash of Light
-----------
Forge's Reckoning
-----------
Golden Path
	Eff: 87,68714299623423
-----------
Greater Judgment
	Eff: 280,0467715905397
-----------
Hammer and Anvil
-----------
Hammer of Justice
-----------
Holy Light
-----------
Holy Prism
-----------
Holy Ritual
-----------
Holy Shock
	Eff: 352,72459264213285
	Dmg: 963,4587237797678
-----------
Intercession
-----------
Judgment
	Dmg: 689,4737728307955
-----------
Judgment of Light
	Eff: 139,77267837519776
-----------
Lay on Hands
-----------
Lesser Weapon
-----------
Liberation
-----------
Light of Dawn
	Eff: 6,245163006184157
-----------
Light of the Martyr
-----------
Merciful Auras
-----------
Overflowing Light
-----------
Pillar of Lights (Passive)
-----------
Pillar of Lights
-----------
Radiant Aura
-----------
Repentance
-----------
Resplendent Light
-----------
Rite of Adjuration
-----------
Sacred Word
-----------
Sacred Weapon
-----------
Saved by the Light
-----------
Seal of the Crusader
-----------
Selfless Healer
-----------
Shield of the Righteous
	Dmg: 376,64222709840396
-----------
Shining Righteousness
	Dmg: 310,0923722247826
-----------
Sun's Avatar
	Eff: 178,28232816506625
	Dmg: 108,97499775929464
-----------
Sun Sear
	Eff: 36,750352641516656
-----------
Truth Prevails
-----------
Turn Evil
-----------
Tyr's Deliverance
-----------
Veneration
	Eff: 567,5289048390114
-----------
Word of Glory
-----------
Leech
	Eff: 141,09495238023737
-----------
Blessing of Summer
	Eff: 138,17337430911357
	Dmg: 367,1788550027468
-----------
Holy Bulwark
-----------
ZeroCIMDummy
-----------
Lightforged Blessing
	Eff: 431,5931842084465
-----------
Lightbearer
-----------
Tempered Potion
-----------
Ethereal Reconstitution
	Eff: 341,8748275307589
-----------
Melee
	Dmg: 244,6153036646574
-----------
Ethereal Guard
	Eff: 1936,995287763777
-----------
Authority of Fiery Resolve
-----------
Blessing of Autumn
-----------
Spidersting
-----------
Divine Protection
-----------
Blessing of Winter
-----------
Divine Steed
-----------
Blessing of Spring
-----------
Blessing of Sacrifice
-----------
Invigorating Healing Potion
-----------
Voidglass Barrier
