----------------------
00:00,322

Intellect
	 Rating: 145828
	 Multiplicative Factor: 12,48%
	 Eff: 145828,12476
Stamina
	 Rating: 861476
	 Multiplicative Factor: 11,3%
	 Eff: 861476
Crit
	 Rating: 8866
	 Multiplicative Factor: 0%
	 Eff: 15166
	 DR Bracket: 0
	 Base: 9%
	 Effective Percent: 21,67%
	 Crit Inc Heal: 2
	 Crit Inc Damage: 2
Haste
	 Rating: 19522
	 Multiplicative Factor: 0%
	 Eff: 19522
	 DR Bracket: 0
	 Base: 0%
	 Effective Percent: 29,58%
Vers
	 Rating: 27104
	 Multiplicative Factor: 0%
	 Eff: 26733,6
	 DR Bracket: 1
	 Base: 0%
	 Effective Percent: 34,27%
Leech
	 Rating: 3060
	 Multiplicative Factor: 0%
	 Eff: 3060
	 DR Bracket: 0
	 Base: 0%
	 Effective Percent: 3%
Avoidance
	 Rating: 0
	 Multiplicative Factor: 0%
	 Eff: 0
	 DR Bracket: 0
	 Base: 0%
	 Effective Percent: 0%
Mastery
	 Rating: 6046
	 Multiplicative Factor: 0%
	 Eff: 15846
	 DR Bracket: 0
	 Base: 21%
	 Effective Percent: 33,96%
----------------------
00:05,353

Intellect
	 Rating: 145828
	 Multiplicative Factor: 12,48%
	 Eff: 145828,12476
Stamina
	 Rating: 861476
	 Multiplicative Factor: 11,3%
	 Eff: 861476
Crit
	 Rating: 8866
	 Multiplicative Factor: 0%
	 Eff: 25666
	 DR Bracket: 0
	 Base: 24%
	 Effective Percent: 36,67%
	 Crit Inc Heal: 2
	 Crit Inc Damage: 2
Haste
	 Rating: 19522
	 Multiplicative Factor: 0%
	 Eff: 54586,02
	 DR Bracket: 0
	 Base: 41%
	 Effective Percent: 82,71%
Vers
	 Rating: 27104
	 Multiplicative Factor: 0%
	 Eff: 26733,6
	 DR Bracket: 1
	 Base: 0%
	 Effective Percent: 34,27%
Leech
	 Rating: 3060
	 Multiplicative Factor: 0%
	 Eff: 3060
	 DR Bracket: 0
	 Base: 0%
	 Effective Percent: 3%
Avoidance
	 Rating: 0
	 Multiplicative Factor: 0%
	 Eff: 0
	 DR Bracket: 0
	 Base: 0%
	 Effective Percent: 0%
Mastery
	 Rating: 6046
	 Multiplicative Factor: 0%
	 Eff: 15846
	 DR Bracket: 0
	 Base: 21%
	 Effective Percent: 33,96%
----------------------
00:10,441

Intellect
	 Rating: 145828
	 Multiplicative Factor: 12,48%
	 Eff: 145828,12476
Stamina
	 Rating: 861476
	 Multiplicative Factor: 11,3%
	 Eff: 861476
Crit
	 Rating: 8866
	 Multiplicative Factor: 0%
	 Eff: 25666
	 DR Bracket: 0
	 Base: 24%
	 Effective Percent: 36,67%
	 Crit Inc Heal: 2
	 Crit Inc Damage: 2
Haste
	 Rating: 19522
	 Multiplicative Factor: 0%
	 Eff: 58006,899999999994
	 DR Bracket: 0
	 Base: 45%
	 Effective Percent: 87,89%
Vers
	 Rating: 27104
	 Multiplicative Factor: 0%
	 Eff: 26733,6
	 DR Bracket: 1
	 Base: 0%
	 Effective Percent: 34,27%
Leech
	 Rating: 3060
	 Multiplicative Factor: 0%
	 Eff: 3060
	 DR Bracket: 0
	 Base: 0%
	 Effective Percent: 3%
Avoidance
	 Rating: 0
	 Multiplicative Factor: 0%
	 Eff: 0
	 DR Bracket: 0
	 Base: 0%
	 Effective Percent: 0%
Mastery
	 Rating: 6046
	 Multiplicative Factor: 0%
	 Eff: 15846
	 DR Bracket: 0
	 Base: 21%
	 Effective Percent: 33,96%
----------------------
00:15,449

Intellect
	 Rating: 145828
	 Multiplicative Factor: 12,48%
	 Eff: 145828,12476
Stamina
	 Rating: 861476
	 Multiplicative Factor: 11,3%
	 Eff: 861476
Crit
	 Rating: 8866
	 Multiplicative Factor: 0%
	 Eff: 25666
	 DR Bracket: 0
	 Base: 24%
	 Effective Percent: 36,67%
	 Crit Inc Heal: 2
	 Crit Inc Damage: 2
Haste
	 Rating: 19522
	 Multiplicative Factor: 0%
	 Eff: 52875,579999999994
	 DR Bracket: 0
	 Base: 39%
	 Effective Percent: 80,11%
Vers
	 Rating: 27104
	 Multiplicative Factor: 0%
	 Eff: 26733,6
	 DR Bracket: 1
	 Base: 0%
	 Effective Percent: 34,27%
Leech
	 Rating: 3060
	 Multiplicative Factor: 0%
	 Eff: 3060
	 DR Bracket: 0
	 Base: 0%
	 Effective Percent: 3%
Avoidance
	 Rating: 0
	 Multiplicative Factor: 0%
	 Eff: 0
	 DR Bracket: 0
	 Base: 0%
	 Effective Percent: 0%
Mastery
	 Rating: 6046
	 Multiplicative Factor: 0%
	 Eff: 15846
	 DR Bracket: 0
	 Base: 21%
	 Effective Percent: 33,96%
----------------------
00:20,658

Intellect
	 Rating: 145828
	 Multiplicative Factor: 12,48%
	 Eff: 145828,12476
Stamina
	 Rating: 861476
	 Multiplicative Factor: 11,3%
	 Eff: 861476
Crit
	 Rating: 8866
	 Multiplicative Factor: 0%
	 Eff: 15166
	 DR Bracket: 0
	 Base: 9%
	 Effective Percent: 21,67%
	 Crit Inc Heal: 2
	 Crit Inc Damage: 2
Haste
	 Rating: 19522
	 Multiplicative Factor: 0%
	 Eff: 49454,7
	 DR Bracket: 0
	 Base: 35%
	 Effective Percent: 74,93%
Vers
	 Rating: 27104
	 Multiplicative Factor: 0%
	 Eff: 26733,6
	 DR Bracket: 1
	 Base: 0%
	 Effective Percent: 34,27%
Leech
	 Rating: 3060
	 Multiplicative Factor: 0%
	 Eff: 3060
	 DR Bracket: 0
	 Base: 0%
	 Effective Percent: 3%
Avoidance
	 Rating: 0
	 Multiplicative Factor: 0%
	 Eff: 0
	 DR Bracket: 0
	 Base: 0%
	 Effective Percent: 0%
Mastery
	 Rating: 6046
	 Multiplicative Factor: 0%
	 Eff: 15846
	 DR Bracket: 0
	 Base: 21%
	 Effective Percent: 33,96%
----------------------
00:25,679

Intellect
	 Rating: 145828
	 Multiplicative Factor: 12,48%
	 Eff: 145828,12476
Stamina
	 Rating: 861476
	 Multiplicative Factor: 11,3%
	 Eff: 861476
Crit
	 Rating: 8866
	 Multiplicative Factor: 0%
	 Eff: 15166
	 DR Bracket: 0
	 Base: 9%
	 Effective Percent: 21,67%
	 Crit Inc Heal: 2
	 Crit Inc Damage: 2
Haste
	 Rating: 19522
	 Multiplicative Factor: 0%
	 Eff: 51165,14
	 DR Bracket: 0
	 Base: 37%
	 Effective Percent: 77,52%
Vers
	 Rating: 27104
	 Multiplicative Factor: 0%
	 Eff: 26733,6
	 DR Bracket: 1
	 Base: 0%
	 Effective Percent: 34,27%
Leech
	 Rating: 3060
	 Multiplicative Factor: 0%
	 Eff: 3060
	 DR Bracket: 0
	 Base: 0%
	 Effective Percent: 3%
Avoidance
	 Rating: 0
	 Multiplicative Factor: 0%
	 Eff: 0
	 DR Bracket: 0
	 Base: 0%
	 Effective Percent: 0%
Mastery
	 Rating: 6046
	 Multiplicative Factor: 0%
	 Eff: 15846
	 DR Bracket: 0
	 Base: 21%
	 Effective Percent: 33,96%
----------------------
00:30,679

Intellect
	 Rating: 145828
	 Multiplicative Factor: 12,48%
	 Eff: 145828,12476
Stamina
	 Rating: 861476
	 Multiplicative Factor: 11,3%
	 Eff: 861476
Crit
	 Rating: 8866
	 Multiplicative Factor: 0%
	 Eff: 15166
	 DR Bracket: 0
	 Base: 9%
	 Effective Percent: 21,67%
	 Crit Inc Heal: 2
	 Crit Inc Damage: 2
Haste
	 Rating: 19522
	 Multiplicative Factor: 0%
	 Eff: 52875,579999999994
	 DR Bracket: 0
	 Base: 39%
	 Effective Percent: 80,11%
Vers
	 Rating: 27104
	 Multiplicative Factor: 0%
	 Eff: 26733,6
	 DR Bracket: 1
	 Base: 0%
	 Effective Percent: 34,27%
Leech
	 Rating: 3060
	 Multiplicative Factor: 0%
	 Eff: 3060
	 DR Bracket: 0
	 Base: 0%
	 Effective Percent: 3%
Avoidance
	 Rating: 0
	 Multiplicative Factor: 0%
	 Eff: 0
	 DR Bracket: 0
	 Base: 0%
	 Effective Percent: 0%
Mastery
	 Rating: 6046
	 Multiplicative Factor: 0%
	 Eff: 15846
	 DR Bracket: 0
	 Base: 21%
	 Effective Percent: 33,96%
----------------------
00:35,706

Intellect
	 Rating: 145828
	 Multiplicative Factor: 12,48%
	 Eff: 145828,12476
Stamina
	 Rating: 861476
	 Multiplicative Factor: 11,3%
	 Eff: 861476
Crit
	 Rating: 8866
	 Multiplicative Factor: 0%
	 Eff: 15166
	 DR Bracket: 0
	 Base: 9%
	 Effective Percent: 21,67%
	 Crit Inc Heal: 2
	 Crit Inc Damage: 2
Haste
	 Rating: 19522
	 Multiplicative Factor: 0%
	 Eff: 51165,14
	 DR Bracket: 0
	 Base: 37%
	 Effective Percent: 77,52%
Vers
	 Rating: 27104
	 Multiplicative Factor: 0%
	 Eff: 26733,6
	 DR Bracket: 1
	 Base: 0%
	 Effective Percent: 34,27%
Leech
	 Rating: 3060
	 Multiplicative Factor: 0%
	 Eff: 3060
	 DR Bracket: 0
	 Base: 0%
	 Effective Percent: 3%
Avoidance
	 Rating: 0
	 Multiplicative Factor: 0%
	 Eff: 0
	 DR Bracket: 0
	 Base: 0%
	 Effective Percent: 0%
Mastery
	 Rating: 6046
	 Multiplicative Factor: 0%
	 Eff: 15846
	 DR Bracket: 0
	 Base: 21%
	 Effective Percent: 33,96%
----------------------
00:40,709

Intellect
	 Rating: 145828
	 Multiplicative Factor: 12,48%
	 Eff: 145828,12476
Stamina
	 Rating: 861476
	 Multiplicative Factor: 11,3%
	 Eff: 861476
Crit
	 Rating: 8866
	 Multiplicative Factor: 0%
	 Eff: 25666
	 DR Bracket: 0
	 Base: 24%
	 Effective Percent: 36,67%
	 Crit Inc Heal: 2
	 Crit Inc Damage: 2
Haste
	 Rating: 19522
	 Multiplicative Factor: 0%
	 Eff: 28929,42
	 DR Bracket: 0
	 Base: 11%
	 Effective Percent: 43,83%
Vers
	 Rating: 27104
	 Multiplicative Factor: 0%
	 Eff: 26733,6
	 DR Bracket: 1
	 Base: 0%
	 Effective Percent: 34,27%
Leech
	 Rating: 3060
	 Multiplicative Factor: 0%
	 Eff: 3060
	 DR Bracket: 0
	 Base: 0%
	 Effective Percent: 3%
Avoidance
	 Rating: 0
	 Multiplicative Factor: 0%
	 Eff: 0
	 DR Bracket: 0
	 Base: 0%
	 Effective Percent: 0%
Mastery
	 Rating: 6046
	 Multiplicative Factor: 0%
	 Eff: 15846
	 DR Bracket: 0
	 Base: 21%
	 Effective Percent: 33,96%
----------------------
00:45,714

Intellect
	 Rating: 145828
	 Multiplicative Factor: 12,48%
	 Eff: 145828,12476
Stamina
	 Rating: 861476
	 Multiplicative Factor: 11,3%
	 Eff: 861476
Crit
	 Rating: 14851
	 Multiplicative Factor: 0%
	 Eff: 31650,876683105605
	 DR Bracket: 0
	 Base: 24%
	 Effective Percent: 45,22%
	 Crit Inc Heal: 2
	 Crit Inc Damage: 2
Haste
	 Rating: 19522
	 Multiplicative Factor: 0%
	 Eff: 28929,42
	 DR Bracket: 0
	 Base: 11%
	 Effective Percent: 43,83%
Vers
	 Rating: 27104
	 Multiplicative Factor: 0%
	 Eff: 26733,6
	 DR Bracket: 1
	 Base: 0%
	 Effective Percent: 34,27%
Leech
	 Rating: 3060
	 Multiplicative Factor: 0%
	 Eff: 3060
	 DR Bracket: 0
	 Base: 0%
	 Effective Percent: 3%
Avoidance
	 Rating: 0
	 Multiplicative Factor: 0%
	 Eff: 0
	 DR Bracket: 0
	 Base: 0%
	 Effective Percent: 0%
Mastery
	 Rating: 6046
	 Multiplicative Factor: 0%
	 Eff: 15846
	 DR Bracket: 0
	 Base: 21%
	 Effective Percent: 33,96%
----------------------
00:50,873

Intellect
	 Rating: 145828
	 Multiplicative Factor: 12,48%
	 Eff: 145828,12476
Stamina
	 Rating: 861476
	 Multiplicative Factor: 11,3%
	 Eff: 861476
Crit
	 Rating: 14851
	 Multiplicative Factor: 0%
	 Eff: 21150,876683105605
	 DR Bracket: 0
	 Base: 9%
	 Effective Percent: 30,22%
	 Crit Inc Heal: 2
	 Crit Inc Damage: 2
Haste
	 Rating: 19522
	 Multiplicative Factor: 0%
	 Eff: 25508,54
	 DR Bracket: 0
	 Base: 7%
	 Effective Percent: 38,65%
Vers
	 Rating: 27104
	 Multiplicative Factor: 0%
	 Eff: 26733,6
	 DR Bracket: 1
	 Base: 0%
	 Effective Percent: 34,27%
Leech
	 Rating: 3060
	 Multiplicative Factor: 0%
	 Eff: 3060
	 DR Bracket: 0
	 Base: 0%
	 Effective Percent: 3%
Avoidance
	 Rating: 0
	 Multiplicative Factor: 0%
	 Eff: 0
	 DR Bracket: 0
	 Base: 0%
	 Effective Percent: 0%
Mastery
	 Rating: 6046
	 Multiplicative Factor: 0%
	 Eff: 15846
	 DR Bracket: 0
	 Base: 21%
	 Effective Percent: 33,96%
----------------------
00:56,044

Intellect
	 Rating: 145828
	 Multiplicative Factor: 12,48%
	 Eff: 145828,12476
Stamina
	 Rating: 861476
	 Multiplicative Factor: 11,3%
	 Eff: 861476
Crit
	 Rating: 8866
	 Multiplicative Factor: 0%
	 Eff: 15166
	 DR Bracket: 0
	 Base: 9%
	 Effective Percent: 21,67%
	 Crit Inc Heal: 2
	 Crit Inc Damage: 2
Haste
	 Rating: 19522
	 Multiplicative Factor: 0%
	 Eff: 25508,54
	 DR Bracket: 0
	 Base: 7%
	 Effective Percent: 38,65%
Vers
	 Rating: 27104
	 Multiplicative Factor: 0%
	 Eff: 26733,6
	 DR Bracket: 1
	 Base: 0%
	 Effective Percent: 34,27%
Leech
	 Rating: 3060
	 Multiplicative Factor: 0%
	 Eff: 3060
	 DR Bracket: 0
	 Base: 0%
	 Effective Percent: 3%
Avoidance
	 Rating: 0
	 Multiplicative Factor: 0%
	 Eff: 0
	 DR Bracket: 0
	 Base: 0%
	 Effective Percent: 0%
Mastery
	 Rating: 6046
	 Multiplicative Factor: 0%
	 Eff: 15846
	 DR Bracket: 0
	 Base: 21%
	 Effective Percent: 33,96%
----------------------
01:01,112

Intellect
	 Rating: 145828
	 Multiplicative Factor: 12,48%
	 Eff: 145828,12476
Stamina
	 Rating: 861476
	 Multiplicative Factor: 11,3%
	 Eff: 861476
Crit
	 Rating: 14851
	 Multiplicative Factor: 0%
	 Eff: 21150,876683105605
	 DR Bracket: 0
	 Base: 9%
	 Effective Percent: 30,22%
	 Crit Inc Heal: 2
	 Crit Inc Damage: 2
Haste
	 Rating: 19522
	 Multiplicative Factor: 0%
	 Eff: 25508,54
	 DR Bracket: 0
	 Base: 7%
	 Effective Percent: 38,65%
Vers
	 Rating: 27104
	 Multiplicative Factor: 0%
	 Eff: 26733,6
	 DR Bracket: 1
	 Base: 0%
	 Effective Percent: 34,27%
Leech
	 Rating: 3060
	 Multiplicative Factor: 0%
	 Eff: 3060
	 DR Bracket: 0
	 Base: 0%
	 Effective Percent: 3%
Avoidance
	 Rating: 0
	 Multiplicative Factor: 0%
	 Eff: 0
	 DR Bracket: 0
	 Base: 0%
	 Effective Percent: 0%
Mastery
	 Rating: 6046
	 Multiplicative Factor: 0%
	 Eff: 15846
	 DR Bracket: 0
	 Base: 21%
	 Effective Percent: 33,96%
----------------------
01:06,118

Intellect
	 Rating: 145828
	 Multiplicative Factor: 12,48%
	 Eff: 145828,12476
Stamina
	 Rating: 861476
	 Multiplicative Factor: 11,3%
	 Eff: 861476
Crit
	 Rating: 26821
	 Multiplicative Factor: 0%
	 Eff: 32538,567044385134
	 DR Bracket: 1
	 Base: 9%
	 Effective Percent: 46,48%
	 Crit Inc Heal: 2
	 Crit Inc Damage: 2
Haste
	 Rating: 19522
	 Multiplicative Factor: 0%
	 Eff: 27218,98
	 DR Bracket: 0
	 Base: 9%
	 Effective Percent: 41,24%
Vers
	 Rating: 27104
	 Multiplicative Factor: 0%
	 Eff: 26733,6
	 DR Bracket: 1
	 Base: 0%
	 Effective Percent: 34,27%
Leech
	 Rating: 3060
	 Multiplicative Factor: 0%
	 Eff: 3060
	 DR Bracket: 0
	 Base: 0%
	 Effective Percent: 3%
Avoidance
	 Rating: 0
	 Multiplicative Factor: 0%
	 Eff: 0
	 DR Bracket: 0
	 Base: 0%
	 Effective Percent: 0%
Mastery
	 Rating: 6046
	 Multiplicative Factor: 0%
	 Eff: 15846
	 DR Bracket: 0
	 Base: 21%
	 Effective Percent: 33,96%
----------------------
01:11,130

Intellect
	 Rating: 145828
	 Multiplicative Factor: 12,48%
	 Eff: 145828,12476
Stamina
	 Rating: 861476
	 Multiplicative Factor: 11,3%
	 Eff: 861476
Crit
	 Rating: 20836
	 Multiplicative Factor: 0%
	 Eff: 27135,75336621121
	 DR Bracket: 0
	 Base: 9%
	 Effective Percent: 38,77%
	 Crit Inc Heal: 2
	 Crit Inc Damage: 2
Haste
	 Rating: 19522
	 Multiplicative Factor: 0%
	 Eff: 27218,98
	 DR Bracket: 0
	 Base: 9%
	 Effective Percent: 41,24%
Vers
	 Rating: 27104
	 Multiplicative Factor: 0%
	 Eff: 26733,6
	 DR Bracket: 1
	 Base: 0%
	 Effective Percent: 34,27%
Leech
	 Rating: 3060
	 Multiplicative Factor: 0%
	 Eff: 3060
	 DR Bracket: 0
	 Base: 0%
	 Effective Percent: 3%
Avoidance
	 Rating: 0
	 Multiplicative Factor: 0%
	 Eff: 0
	 DR Bracket: 0
	 Base: 0%
	 Effective Percent: 0%
Mastery
	 Rating: 6046
	 Multiplicative Factor: 0%
	 Eff: 15846
	 DR Bracket: 0
	 Base: 21%
	 Effective Percent: 33,96%
----------------------
01:16,150

Intellect
	 Rating: 145828
	 Multiplicative Factor: 12,48%
	 Eff: 145828,12476
Stamina
	 Rating: 861476
	 Multiplicative Factor: 11,3%
	 Eff: 861476
Crit
	 Rating: 8866
	 Multiplicative Factor: 0%
	 Eff: 15166
	 DR Bracket: 0
	 Base: 9%
	 Effective Percent: 21,67%
	 Crit Inc Heal: 2
	 Crit Inc Damage: 2
Haste
	 Rating: 19522
	 Multiplicative Factor: 0%
	 Eff: 23798,1
	 DR Bracket: 0
	 Base: 5%
	 Effective Percent: 36,06%
Vers
	 Rating: 27104
	 Multiplicative Factor: 0%
	 Eff: 26733,6
	 DR Bracket: 1
	 Base: 0%
	 Effective Percent: 34,27%
Leech
	 Rating: 3060
	 Multiplicative Factor: 0%
	 Eff: 3060
	 DR Bracket: 0
	 Base: 0%
	 Effective Percent: 3%
Avoidance
	 Rating: 0
	 Multiplicative Factor: 0%
	 Eff: 0
	 DR Bracket: 0
	 Base: 0%
	 Effective Percent: 0%
Mastery
	 Rating: 6046
	 Multiplicative Factor: 0%
	 Eff: 15846
	 DR Bracket: 0
	 Base: 21%
	 Effective Percent: 33,96%
----------------------
01:21,163

Intellect
	 Rating: 145828
	 Multiplicative Factor: 12,48%
	 Eff: 145828,12476
Stamina
	 Rating: 861476
	 Multiplicative Factor: 11,3%
	 Eff: 861476
Crit
	 Rating: 8866
	 Multiplicative Factor: 0%
	 Eff: 15166
	 DR Bracket: 0
	 Base: 9%
	 Effective Percent: 21,67%
	 Crit Inc Heal: 2
	 Crit Inc Damage: 2
Haste
	 Rating: 19522
	 Multiplicative Factor: 0%
	 Eff: 23798,1
	 DR Bracket: 0
	 Base: 5%
	 Effective Percent: 36,06%
Vers
	 Rating: 27104
	 Multiplicative Factor: 0%
	 Eff: 26733,6
	 DR Bracket: 1
	 Base: 0%
	 Effective Percent: 34,27%
Leech
	 Rating: 3060
	 Multiplicative Factor: 0%
	 Eff: 3060
	 DR Bracket: 0
	 Base: 0%
	 Effective Percent: 3%
Avoidance
	 Rating: 0
	 Multiplicative Factor: 0%
	 Eff: 0
	 DR Bracket: 0
	 Base: 0%
	 Effective Percent: 0%
Mastery
	 Rating: 6046
	 Multiplicative Factor: 0%
	 Eff: 15846
	 DR Bracket: 0
	 Base: 21%
	 Effective Percent: 33,96%
----------------------
01:26,166

Intellect
	 Rating: 145828
	 Multiplicative Factor: 12,48%
	 Eff: 145828,12476
Stamina
	 Rating: 861476
	 Multiplicative Factor: 11,3%
	 Eff: 861476
Crit
	 Rating: 8866
	 Multiplicative Factor: 0%
	 Eff: 25666
	 DR Bracket: 0
	 Base: 24%
	 Effective Percent: 36,67%
	 Crit Inc Heal: 2
	 Crit Inc Damage: 2
Haste
	 Rating: 19522
	 Multiplicative Factor: 0%
	 Eff: 25508,54
	 DR Bracket: 0
	 Base: 7%
	 Effective Percent: 38,65%
Vers
	 Rating: 27104
	 Multiplicative Factor: 0%
	 Eff: 26733,6
	 DR Bracket: 1
	 Base: 0%
	 Effective Percent: 34,27%
Leech
	 Rating: 3060
	 Multiplicative Factor: 0%
	 Eff: 3060
	 DR Bracket: 0
	 Base: 0%
	 Effective Percent: 3%
Avoidance
	 Rating: 0
	 Multiplicative Factor: 0%
	 Eff: 0
	 DR Bracket: 0
	 Base: 0%
	 Effective Percent: 0%
Mastery
	 Rating: 6046
	 Multiplicative Factor: 0%
	 Eff: 15846
	 DR Bracket: 0
	 Base: 21%
	 Effective Percent: 33,96%
----------------------
01:31,202

Intellect
	 Rating: 145828
	 Multiplicative Factor: 12,48%
	 Eff: 145828,12476
Stamina
	 Rating: 861476
	 Multiplicative Factor: 11,3%
	 Eff: 861476
Crit
	 Rating: 14851
	 Multiplicative Factor: 0%
	 Eff: 31650,876683105605
	 DR Bracket: 0
	 Base: 24%
	 Effective Percent: 45,22%
	 Crit Inc Heal: 2
	 Crit Inc Damage: 2
Haste
	 Rating: 19522
	 Multiplicative Factor: 0%
	 Eff: 25508,54
	 DR Bracket: 0
	 Base: 7%
	 Effective Percent: 38,65%
Vers
	 Rating: 27104
	 Multiplicative Factor: 0%
	 Eff: 26733,6
	 DR Bracket: 1
	 Base: 0%
	 Effective Percent: 34,27%
Leech
	 Rating: 3060
	 Multiplicative Factor: 0%
	 Eff: 3060
	 DR Bracket: 0
	 Base: 0%
	 Effective Percent: 3%
Avoidance
	 Rating: 0
	 Multiplicative Factor: 0%
	 Eff: 0
	 DR Bracket: 0
	 Base: 0%
	 Effective Percent: 0%
Mastery
	 Rating: 6046
	 Multiplicative Factor: 0%
	 Eff: 15846
	 DR Bracket: 0
	 Base: 21%
	 Effective Percent: 33,96%
----------------------
01:36,243

Intellect
	 Rating: 145828
	 Multiplicative Factor: 12,48%
	 Eff: 145828,12476
Stamina
	 Rating: 861476
	 Multiplicative Factor: 11,3%
	 Eff: 861476
Crit
	 Rating: 20836
	 Multiplicative Factor: 0%
	 Eff: 27135,75336621121
	 DR Bracket: 0
	 Base: 9%
	 Effective Percent: 38,77%
	 Crit Inc Heal: 2
	 Crit Inc Damage: 2
Haste
	 Rating: 19522
	 Multiplicative Factor: 0%
	 Eff: 27218,98
	 DR Bracket: 0
	 Base: 9%
	 Effective Percent: 41,24%
Vers
	 Rating: 27104
	 Multiplicative Factor: 0%
	 Eff: 26733,6
	 DR Bracket: 1
	 Base: 0%
	 Effective Percent: 34,27%
Leech
	 Rating: 3060
	 Multiplicative Factor: 0%
	 Eff: 3060
	 DR Bracket: 0
	 Base: 0%
	 Effective Percent: 3%
Avoidance
	 Rating: 0
	 Multiplicative Factor: 0%
	 Eff: 0
	 DR Bracket: 0
	 Base: 0%
	 Effective Percent: 0%
Mastery
	 Rating: 6046
	 Multiplicative Factor: 0%
	 Eff: 15846
	 DR Bracket: 0
	 Base: 21%
	 Effective Percent: 33,96%
----------------------
01:41,381

Intellect
	 Rating: 145828
	 Multiplicative Factor: 12,48%
	 Eff: 145828,12476
Stamina
	 Rating: 861476
	 Multiplicative Factor: 11,3%
	 Eff: 861476
Crit
	 Rating: 20836
	 Multiplicative Factor: 0%
	 Eff: 27135,75336621121
	 DR Bracket: 0
	 Base: 9%
	 Effective Percent: 38,77%
	 Crit Inc Heal: 2
	 Crit Inc Damage: 2
Haste
	 Rating: 19522
	 Multiplicative Factor: 0%
	 Eff: 28929,42
	 DR Bracket: 0
	 Base: 11%
	 Effective Percent: 43,83%
Vers
	 Rating: 27104
	 Multiplicative Factor: 0%
	 Eff: 26733,6
	 DR Bracket: 1
	 Base: 0%
	 Effective Percent: 34,27%
Leech
	 Rating: 3060
	 Multiplicative Factor: 0%
	 Eff: 3060
	 DR Bracket: 0
	 Base: 0%
	 Effective Percent: 3%
Avoidance
	 Rating: 0
	 Multiplicative Factor: 0%
	 Eff: 0
	 DR Bracket: 0
	 Base: 0%
	 Effective Percent: 0%
Mastery
	 Rating: 6046
	 Multiplicative Factor: 0%
	 Eff: 15846
	 DR Bracket: 0
	 Base: 21%
	 Effective Percent: 33,96%
----------------------
01:46,404

Intellect
	 Rating: 145828
	 Multiplicative Factor: 12,48%
	 Eff: 145828,12476
Stamina
	 Rating: 861476
	 Multiplicative Factor: 11,3%
	 Eff: 861476
Crit
	 Rating: 14851
	 Multiplicative Factor: 0%
	 Eff: 21150,876683105605
	 DR Bracket: 0
	 Base: 9%
	 Effective Percent: 30,22%
	 Crit Inc Heal: 2
	 Crit Inc Damage: 2
Haste
	 Rating: 19522
	 Multiplicative Factor: 0%
	 Eff: 27218,98
	 DR Bracket: 0
	 Base: 9%
	 Effective Percent: 41,24%
Vers
	 Rating: 27104
	 Multiplicative Factor: 0%
	 Eff: 26733,6
	 DR Bracket: 1
	 Base: 0%
	 Effective Percent: 34,27%
Leech
	 Rating: 3060
	 Multiplicative Factor: 0%
	 Eff: 3060
	 DR Bracket: 0
	 Base: 0%
	 Effective Percent: 3%
Avoidance
	 Rating: 0
	 Multiplicative Factor: 0%
	 Eff: 0
	 DR Bracket: 0
	 Base: 0%
	 Effective Percent: 0%
Mastery
	 Rating: 6046
	 Multiplicative Factor: 0%
	 Eff: 15846
	 DR Bracket: 0
	 Base: 21%
	 Effective Percent: 33,96%
----------------------
01:51,457

Intellect
	 Rating: 145828
	 Multiplicative Factor: 12,48%
	 Eff: 145828,12476
Stamina
	 Rating: 861476
	 Multiplicative Factor: 11,3%
	 Eff: 861476
Crit
	 Rating: 8866
	 Multiplicative Factor: 0%
	 Eff: 15166
	 DR Bracket: 0
	 Base: 9%
	 Effective Percent: 21,67%
	 Crit Inc Heal: 2
	 Crit Inc Damage: 2
Haste
	 Rating: 19522
	 Multiplicative Factor: 0%
	 Eff: 23798,1
	 DR Bracket: 0
	 Base: 5%
	 Effective Percent: 36,06%
Vers
	 Rating: 27104
	 Multiplicative Factor: 0%
	 Eff: 26733,6
	 DR Bracket: 1
	 Base: 0%
	 Effective Percent: 34,27%
Leech
	 Rating: 3060
	 Multiplicative Factor: 0%
	 Eff: 3060
	 DR Bracket: 0
	 Base: 0%
	 Effective Percent: 3%
Avoidance
	 Rating: 0
	 Multiplicative Factor: 0%
	 Eff: 0
	 DR Bracket: 0
	 Base: 0%
	 Effective Percent: 0%
Mastery
	 Rating: 6046
	 Multiplicative Factor: 0%
	 Eff: 15846
	 DR Bracket: 0
	 Base: 21%
	 Effective Percent: 33,96%
----------------------
01:56,596

Intellect
	 Rating: 145828
	 Multiplicative Factor: 12,48%
	 Eff: 145828,12476
Stamina
	 Rating: 861476
	 Multiplicative Factor: 11,3%
	 Eff: 861476
Crit
	 Rating: 8866
	 Multiplicative Factor: 0%
	 Eff: 25666
	 DR Bracket: 0
	 Base: 24%
	 Effective Percent: 36,67%
	 Crit Inc Heal: 2
	 Crit Inc Damage: 2
Haste
	 Rating: 19522
	 Multiplicative Factor: 0%
	 Eff: 32350,3
	 DR Bracket: 0
	 Base: 15%
	 Effective Percent: 49,02%
Vers
	 Rating: 27104
	 Multiplicative Factor: 0%
	 Eff: 26733,6
	 DR Bracket: 1
	 Base: 0%
	 Effective Percent: 34,27%
Leech
	 Rating: 3060
	 Multiplicative Factor: 0%
	 Eff: 3060
	 DR Bracket: 0
	 Base: 0%
	 Effective Percent: 3%
Avoidance
	 Rating: 0
	 Multiplicative Factor: 0%
	 Eff: 0
	 DR Bracket: 0
	 Base: 0%
	 Effective Percent: 0%
Mastery
	 Rating: 6046
	 Multiplicative Factor: 0%
	 Eff: 15846
	 DR Bracket: 0
	 Base: 21%
	 Effective Percent: 33,96%
----------------------
02:01,668

Intellect
	 Rating: 145828
	 Multiplicative Factor: 12,48%
	 Eff: 145828,12476
Stamina
	 Rating: 861476
	 Multiplicative Factor: 11,3%
	 Eff: 861476
Crit
	 Rating: 8866
	 Multiplicative Factor: 0%
	 Eff: 25666
	 DR Bracket: 0
	 Base: 24%
	 Effective Percent: 36,67%
	 Crit Inc Heal: 2
	 Crit Inc Damage: 2
Haste
	 Rating: 19522
	 Multiplicative Factor: 0%
	 Eff: 32350,3
	 DR Bracket: 0
	 Base: 15%
	 Effective Percent: 49,02%
Vers
	 Rating: 27104
	 Multiplicative Factor: 0%
	 Eff: 26733,6
	 DR Bracket: 1
	 Base: 0%
	 Effective Percent: 34,27%
Leech
	 Rating: 3060
	 Multiplicative Factor: 0%
	 Eff: 3060
	 DR Bracket: 0
	 Base: 0%
	 Effective Percent: 3%
Avoidance
	 Rating: 0
	 Multiplicative Factor: 0%
	 Eff: 0
	 DR Bracket: 0
	 Base: 0%
	 Effective Percent: 0%
Mastery
	 Rating: 6046
	 Multiplicative Factor: 0%
	 Eff: 15846
	 DR Bracket: 0
	 Base: 21%
	 Effective Percent: 33,96%
----------------------
02:06,672

Intellect
	 Rating: 145828
	 Multiplicative Factor: 12,48%
	 Eff: 145828,12476
Stamina
	 Rating: 861476
	 Multiplicative Factor: 11,3%
	 Eff: 861476
Crit
	 Rating: 8866
	 Multiplicative Factor: 0%
	 Eff: 25666
	 DR Bracket: 0
	 Base: 24%
	 Effective Percent: 36,67%
	 Crit Inc Heal: 2
	 Crit Inc Damage: 2
Haste
	 Rating: 19522
	 Multiplicative Factor: 0%
	 Eff: 27218,98
	 DR Bracket: 0
	 Base: 9%
	 Effective Percent: 41,24%
Vers
	 Rating: 27104
	 Multiplicative Factor: 0%
	 Eff: 26733,6
	 DR Bracket: 1
	 Base: 0%
	 Effective Percent: 34,27%
Leech
	 Rating: 3060
	 Multiplicative Factor: 0%
	 Eff: 3060
	 DR Bracket: 0
	 Base: 0%
	 Effective Percent: 3%
Avoidance
	 Rating: 0
	 Multiplicative Factor: 0%
	 Eff: 0
	 DR Bracket: 0
	 Base: 0%
	 Effective Percent: 0%
Mastery
	 Rating: 6046
	 Multiplicative Factor: 0%
	 Eff: 15846
	 DR Bracket: 0
	 Base: 21%
	 Effective Percent: 33,96%
----------------------
02:11,673

Intellect
	 Rating: 145828
	 Multiplicative Factor: 12,48%
	 Eff: 145828,12476
Stamina
	 Rating: 861476
	 Multiplicative Factor: 11,3%
	 Eff: 861476
Crit
	 Rating: 8866
	 Multiplicative Factor: 0%
	 Eff: 25666
	 DR Bracket: 0
	 Base: 24%
	 Effective Percent: 36,67%
	 Crit Inc Heal: 2
	 Crit Inc Damage: 2
Haste
	 Rating: 19522
	 Multiplicative Factor: 0%
	 Eff: 28929,42
	 DR Bracket: 0
	 Base: 11%
	 Effective Percent: 43,83%
Vers
	 Rating: 27104
	 Multiplicative Factor: 0%
	 Eff: 26733,6
	 DR Bracket: 1
	 Base: 0%
	 Effective Percent: 34,27%
Leech
	 Rating: 3060
	 Multiplicative Factor: 0%
	 Eff: 3060
	 DR Bracket: 0
	 Base: 0%
	 Effective Percent: 3%
Avoidance
	 Rating: 0
	 Multiplicative Factor: 0%
	 Eff: 0
	 DR Bracket: 0
	 Base: 0%
	 Effective Percent: 0%
Mastery
	 Rating: 6046
	 Multiplicative Factor: 0%
	 Eff: 15846
	 DR Bracket: 0
	 Base: 21%
	 Effective Percent: 33,96%
----------------------
02:16,824

Intellect
	 Rating: 145828
	 Multiplicative Factor: 12,48%
	 Eff: 145828,12476
Stamina
	 Rating: 861476
	 Multiplicative Factor: 11,3%
	 Eff: 861476
Crit
	 Rating: 8866
	 Multiplicative Factor: 0%
	 Eff: 25666
	 DR Bracket: 0
	 Base: 24%
	 Effective Percent: 36,67%
	 Crit Inc Heal: 2
	 Crit Inc Damage: 2
Haste
	 Rating: 19522
	 Multiplicative Factor: 0%
	 Eff: 28929,42
	 DR Bracket: 0
	 Base: 11%
	 Effective Percent: 43,83%
Vers
	 Rating: 27104
	 Multiplicative Factor: 0%
	 Eff: 26733,6
	 DR Bracket: 1
	 Base: 0%
	 Effective Percent: 34,27%
Leech
	 Rating: 3060
	 Multiplicative Factor: 0%
	 Eff: 3060
	 DR Bracket: 0
	 Base: 0%
	 Effective Percent: 3%
Avoidance
	 Rating: 0
	 Multiplicative Factor: 0%
	 Eff: 0
	 DR Bracket: 0
	 Base: 0%
	 Effective Percent: 0%
Mastery
	 Rating: 6046
	 Multiplicative Factor: 0%
	 Eff: 15846
	 DR Bracket: 0
	 Base: 21%
	 Effective Percent: 33,96%
----------------------
02:21,825

Intellect
	 Rating: 145828
	 Multiplicative Factor: 12,48%
	 Eff: 145828,12476
Stamina
	 Rating: 861476
	 Multiplicative Factor: 11,3%
	 Eff: 861476
Crit
	 Rating: 14851
	 Multiplicative Factor: 0%
	 Eff: 31650,876683105605
	 DR Bracket: 0
	 Base: 24%
	 Effective Percent: 45,22%
	 Crit Inc Heal: 2
	 Crit Inc Damage: 2
Haste
	 Rating: 19522
	 Multiplicative Factor: 0%
	 Eff: 27218,98
	 DR Bracket: 0
	 Base: 9%
	 Effective Percent: 41,24%
Vers
	 Rating: 27104
	 Multiplicative Factor: 0%
	 Eff: 26733,6
	 DR Bracket: 1
	 Base: 0%
	 Effective Percent: 34,27%
Leech
	 Rating: 3060
	 Multiplicative Factor: 0%
	 Eff: 3060
	 DR Bracket: 0
	 Base: 0%
	 Effective Percent: 3%
Avoidance
	 Rating: 0
	 Multiplicative Factor: 0%
	 Eff: 0
	 DR Bracket: 0
	 Base: 0%
	 Effective Percent: 0%
Mastery
	 Rating: 6046
	 Multiplicative Factor: 0%
	 Eff: 15846
	 DR Bracket: 0
	 Base: 21%
	 Effective Percent: 33,96%
----------------------
02:26,837

Intellect
	 Rating: 145828
	 Multiplicative Factor: 12,48%
	 Eff: 145828,12476
Stamina
	 Rating: 861476
	 Multiplicative Factor: 11,3%
	 Eff: 861476
Crit
	 Rating: 14851
	 Multiplicative Factor: 0%
	 Eff: 21150,876683105605
	 DR Bracket: 0
	 Base: 9%
	 Effective Percent: 30,22%
	 Crit Inc Heal: 2
	 Crit Inc Damage: 2
Haste
	 Rating: 19522
	 Multiplicative Factor: 0%
	 Eff: 27218,98
	 DR Bracket: 0
	 Base: 9%
	 Effective Percent: 41,24%
Vers
	 Rating: 27104
	 Multiplicative Factor: 0%
	 Eff: 26733,6
	 DR Bracket: 1
	 Base: 0%
	 Effective Percent: 34,27%
Leech
	 Rating: 3060
	 Multiplicative Factor: 0%
	 Eff: 3060
	 DR Bracket: 0
	 Base: 0%
	 Effective Percent: 3%
Avoidance
	 Rating: 0
	 Multiplicative Factor: 0%
	 Eff: 0
	 DR Bracket: 0
	 Base: 0%
	 Effective Percent: 0%
Mastery
	 Rating: 6046
	 Multiplicative Factor: 0%
	 Eff: 15846
	 DR Bracket: 0
	 Base: 21%
	 Effective Percent: 33,96%
----------------------
02:31,845

Intellect
	 Rating: 145828
	 Multiplicative Factor: 12,48%
	 Eff: 145828,12476
Stamina
	 Rating: 861476
	 Multiplicative Factor: 11,3%
	 Eff: 861476
Crit
	 Rating: 8866
	 Multiplicative Factor: 0%
	 Eff: 15166
	 DR Bracket: 0
	 Base: 9%
	 Effective Percent: 21,67%
	 Crit Inc Heal: 2
	 Crit Inc Damage: 2
Haste
	 Rating: 19522
	 Multiplicative Factor: 0%
	 Eff: 28929,42
	 DR Bracket: 0
	 Base: 11%
	 Effective Percent: 43,83%
Vers
	 Rating: 27104
	 Multiplicative Factor: 0%
	 Eff: 26733,6
	 DR Bracket: 1
	 Base: 0%
	 Effective Percent: 34,27%
Leech
	 Rating: 3060
	 Multiplicative Factor: 0%
	 Eff: 3060
	 DR Bracket: 0
	 Base: 0%
	 Effective Percent: 3%
Avoidance
	 Rating: 0
	 Multiplicative Factor: 0%
	 Eff: 0
	 DR Bracket: 0
	 Base: 0%
	 Effective Percent: 0%
Mastery
	 Rating: 6046
	 Multiplicative Factor: 0%
	 Eff: 15846
	 DR Bracket: 0
	 Base: 21%
	 Effective Percent: 33,96%
----------------------
02:36,983

Intellect
	 Rating: 145828
	 Multiplicative Factor: 12,48%
	 Eff: 145828,12476
Stamina
	 Rating: 861476
	 Multiplicative Factor: 11,3%
	 Eff: 861476
Crit
	 Rating: 8866
	 Multiplicative Factor: 0%
	 Eff: 15166
	 DR Bracket: 0
	 Base: 9%
	 Effective Percent: 21,67%
	 Crit Inc Heal: 2
	 Crit Inc Damage: 2
Haste
	 Rating: 19522
	 Multiplicative Factor: 0%
	 Eff: 30639,86
	 DR Bracket: 0
	 Base: 13%
	 Effective Percent: 46,42%
Vers
	 Rating: 27104
	 Multiplicative Factor: 0%
	 Eff: 26733,6
	 DR Bracket: 1
	 Base: 0%
	 Effective Percent: 34,27%
Leech
	 Rating: 3060
	 Multiplicative Factor: 0%
	 Eff: 3060
	 DR Bracket: 0
	 Base: 0%
	 Effective Percent: 3%
Avoidance
	 Rating: 0
	 Multiplicative Factor: 0%
	 Eff: 0
	 DR Bracket: 0
	 Base: 0%
	 Effective Percent: 0%
Mastery
	 Rating: 6046
	 Multiplicative Factor: 0%
	 Eff: 15846
	 DR Bracket: 0
	 Base: 21%
	 Effective Percent: 33,96%
----------------------
02:41,990

Intellect
	 Rating: 145828
	 Multiplicative Factor: 12,48%
	 Eff: 145828,12476
Stamina
	 Rating: 861476
	 Multiplicative Factor: 11,3%
	 Eff: 861476
Crit
	 Rating: 8866
	 Multiplicative Factor: 0%
	 Eff: 15166
	 DR Bracket: 0
	 Base: 9%
	 Effective Percent: 21,67%
	 Crit Inc Heal: 2
	 Crit Inc Damage: 2
Haste
	 Rating: 19522
	 Multiplicative Factor: 0%
	 Eff: 30639,86
	 DR Bracket: 0
	 Base: 13%
	 Effective Percent: 46,42%
Vers
	 Rating: 27104
	 Multiplicative Factor: 0%
	 Eff: 26733,6
	 DR Bracket: 1
	 Base: 0%
	 Effective Percent: 34,27%
Leech
	 Rating: 3060
	 Multiplicative Factor: 0%
	 Eff: 3060
	 DR Bracket: 0
	 Base: 0%
	 Effective Percent: 3%
Avoidance
	 Rating: 0
	 Multiplicative Factor: 0%
	 Eff: 0
	 DR Bracket: 0
	 Base: 0%
	 Effective Percent: 0%
Mastery
	 Rating: 6046
	 Multiplicative Factor: 0%
	 Eff: 15846
	 DR Bracket: 0
	 Base: 21%
	 Effective Percent: 33,96%
----------------------
02:47,103

Intellect
	 Rating: 145828
	 Multiplicative Factor: 12,48%
	 Eff: 145828,12476
Stamina
	 Rating: 861476
	 Multiplicative Factor: 11,3%
	 Eff: 861476
Crit
	 Rating: 8866
	 Multiplicative Factor: 0%
	 Eff: 15166
	 DR Bracket: 0
	 Base: 9%
	 Effective Percent: 21,67%
	 Crit Inc Heal: 2
	 Crit Inc Damage: 2
Haste
	 Rating: 19522
	 Multiplicative Factor: 0%
	 Eff: 28929,42
	 DR Bracket: 0
	 Base: 11%
	 Effective Percent: 43,83%
Vers
	 Rating: 27104
	 Multiplicative Factor: 0%
	 Eff: 26733,6
	 DR Bracket: 1
	 Base: 0%
	 Effective Percent: 34,27%
Leech
	 Rating: 3060
	 Multiplicative Factor: 0%
	 Eff: 3060
	 DR Bracket: 0
	 Base: 0%
	 Effective Percent: 3%
Avoidance
	 Rating: 0
	 Multiplicative Factor: 0%
	 Eff: 0
	 DR Bracket: 0
	 Base: 0%
	 Effective Percent: 0%
Mastery
	 Rating: 6046
	 Multiplicative Factor: 0%
	 Eff: 15846
	 DR Bracket: 0
	 Base: 21%
	 Effective Percent: 33,96%
----------------------
02:52,136

Intellect
	 Rating: 145828
	 Multiplicative Factor: 12,48%
	 Eff: 145828,12476
Stamina
	 Rating: 861476
	 Multiplicative Factor: 11,3%
	 Eff: 861476
Crit
	 Rating: 8866
	 Multiplicative Factor: 0%
	 Eff: 25666
	 DR Bracket: 0
	 Base: 24%
	 Effective Percent: 36,67%
	 Crit Inc Heal: 2
	 Crit Inc Damage: 2
Haste
	 Rating: 19522
	 Multiplicative Factor: 0%
	 Eff: 27218,98
	 DR Bracket: 0
	 Base: 9%
	 Effective Percent: 41,24%
Vers
	 Rating: 27104
	 Multiplicative Factor: 0%
	 Eff: 26733,6
	 DR Bracket: 1
	 Base: 0%
	 Effective Percent: 34,27%
Leech
	 Rating: 3060
	 Multiplicative Factor: 0%
	 Eff: 3060
	 DR Bracket: 0
	 Base: 0%
	 Effective Percent: 3%
Avoidance
	 Rating: 0
	 Multiplicative Factor: 0%
	 Eff: 0
	 DR Bracket: 0
	 Base: 0%
	 Effective Percent: 0%
Mastery
	 Rating: 6046
	 Multiplicative Factor: 0%
	 Eff: 15846
	 DR Bracket: 0
	 Base: 21%
	 Effective Percent: 33,96%
----------------------
02:57,136

Intellect
	 Rating: 145828
	 Multiplicative Factor: 12,48%
	 Eff: 145828,12476
Stamina
	 Rating: 861476
	 Multiplicative Factor: 11,3%
	 Eff: 861476
Crit
	 Rating: 14851
	 Multiplicative Factor: 0%
	 Eff: 31650,876683105605
	 DR Bracket: 0
	 Base: 24%
	 Effective Percent: 45,22%
	 Crit Inc Heal: 2
	 Crit Inc Damage: 2
Haste
	 Rating: 19522
	 Multiplicative Factor: 0%
	 Eff: 27218,98
	 DR Bracket: 0
	 Base: 9%
	 Effective Percent: 41,24%
Vers
	 Rating: 27104
	 Multiplicative Factor: 0%
	 Eff: 26733,6
	 DR Bracket: 1
	 Base: 0%
	 Effective Percent: 34,27%
Leech
	 Rating: 3060
	 Multiplicative Factor: 0%
	 Eff: 3060
	 DR Bracket: 0
	 Base: 0%
	 Effective Percent: 3%
Avoidance
	 Rating: 0
	 Multiplicative Factor: 0%
	 Eff: 0
	 DR Bracket: 0
	 Base: 0%
	 Effective Percent: 0%
Mastery
	 Rating: 6046
	 Multiplicative Factor: 0%
	 Eff: 15846
	 DR Bracket: 0
	 Base: 21%
	 Effective Percent: 33,96%
----------------------
03:02,156

Intellect
	 Rating: 145828
	 Multiplicative Factor: 12,48%
	 Eff: 145828,12476
Stamina
	 Rating: 861476
	 Multiplicative Factor: 11,3%
	 Eff: 861476
Crit
	 Rating: 14851
	 Multiplicative Factor: 0%
	 Eff: 21150,876683105605
	 DR Bracket: 0
	 Base: 9%
	 Effective Percent: 30,22%
	 Crit Inc Heal: 2
	 Crit Inc Damage: 2
Haste
	 Rating: 19522
	 Multiplicative Factor: 0%
	 Eff: 25508,54
	 DR Bracket: 0
	 Base: 7%
	 Effective Percent: 38,65%
Vers
	 Rating: 27104
	 Multiplicative Factor: 0%
	 Eff: 26733,6
	 DR Bracket: 1
	 Base: 0%
	 Effective Percent: 34,27%
Leech
	 Rating: 3060
	 Multiplicative Factor: 0%
	 Eff: 3060
	 DR Bracket: 0
	 Base: 0%
	 Effective Percent: 3%
Avoidance
	 Rating: 0
	 Multiplicative Factor: 0%
	 Eff: 0
	 DR Bracket: 0
	 Base: 0%
	 Effective Percent: 0%
Mastery
	 Rating: 6046
	 Multiplicative Factor: 0%
	 Eff: 15846
	 DR Bracket: 0
	 Base: 21%
	 Effective Percent: 33,96%
----------------------
03:07,251

Intellect
	 Rating: 145828
	 Multiplicative Factor: 12,48%
	 Eff: 145828,12476
Stamina
	 Rating: 861476
	 Multiplicative Factor: 11,3%
	 Eff: 861476
Crit
	 Rating: 8866
	 Multiplicative Factor: 0%
	 Eff: 15166
	 DR Bracket: 0
	 Base: 9%
	 Effective Percent: 21,67%
	 Crit Inc Heal: 2
	 Crit Inc Damage: 2
Haste
	 Rating: 19522
	 Multiplicative Factor: 0%
	 Eff: 27218,98
	 DR Bracket: 0
	 Base: 9%
	 Effective Percent: 41,24%
Vers
	 Rating: 27104
	 Multiplicative Factor: 0%
	 Eff: 26733,6
	 DR Bracket: 1
	 Base: 0%
	 Effective Percent: 34,27%
Leech
	 Rating: 3060
	 Multiplicative Factor: 0%
	 Eff: 3060
	 DR Bracket: 0
	 Base: 0%
	 Effective Percent: 3%
Avoidance
	 Rating: 0
	 Multiplicative Factor: 0%
	 Eff: 0
	 DR Bracket: 0
	 Base: 0%
	 Effective Percent: 0%
Mastery
	 Rating: 6046
	 Multiplicative Factor: 0%
	 Eff: 15846
	 DR Bracket: 0
	 Base: 21%
	 Effective Percent: 33,96%
----------------------
03:12,252

Intellect
	 Rating: 145828
	 Multiplicative Factor: 12,48%
	 Eff: 145828,12476
Stamina
	 Rating: 861476
	 Multiplicative Factor: 11,3%
	 Eff: 861476
Crit
	 Rating: 14851
	 Multiplicative Factor: 0%
	 Eff: 21150,876683105605
	 DR Bracket: 0
	 Base: 9%
	 Effective Percent: 30,22%
	 Crit Inc Heal: 2
	 Crit Inc Damage: 2
Haste
	 Rating: 19522
	 Multiplicative Factor: 0%
	 Eff: 30639,86
	 DR Bracket: 0
	 Base: 13%
	 Effective Percent: 46,42%
Vers
	 Rating: 27104
	 Multiplicative Factor: 0%
	 Eff: 26733,6
	 DR Bracket: 1
	 Base: 0%
	 Effective Percent: 34,27%
Leech
	 Rating: 3060
	 Multiplicative Factor: 0%
	 Eff: 3060
	 DR Bracket: 0
	 Base: 0%
	 Effective Percent: 3%
Avoidance
	 Rating: 0
	 Multiplicative Factor: 0%
	 Eff: 0
	 DR Bracket: 0
	 Base: 0%
	 Effective Percent: 0%
Mastery
	 Rating: 6046
	 Multiplicative Factor: 0%
	 Eff: 15846
	 DR Bracket: 0
	 Base: 21%
	 Effective Percent: 33,96%
----------------------
03:17,268

Intellect
	 Rating: 145828
	 Multiplicative Factor: 12,48%
	 Eff: 145828,12476
Stamina
	 Rating: 861476
	 Multiplicative Factor: 11,3%
	 Eff: 861476
Crit
	 Rating: 20836
	 Multiplicative Factor: 0%
	 Eff: 27135,75336621121
	 DR Bracket: 0
	 Base: 9%
	 Effective Percent: 38,77%
	 Crit Inc Heal: 2
	 Crit Inc Damage: 2
Haste
	 Rating: 19522
	 Multiplicative Factor: 0%
	 Eff: 28929,42
	 DR Bracket: 0
	 Base: 11%
	 Effective Percent: 43,83%
Vers
	 Rating: 27104
	 Multiplicative Factor: 0%
	 Eff: 26733,6
	 DR Bracket: 1
	 Base: 0%
	 Effective Percent: 34,27%
Leech
	 Rating: 3060
	 Multiplicative Factor: 0%
	 Eff: 3060
	 DR Bracket: 0
	 Base: 0%
	 Effective Percent: 3%
Avoidance
	 Rating: 0
	 Multiplicative Factor: 0%
	 Eff: 0
	 DR Bracket: 0
	 Base: 0%
	 Effective Percent: 0%
Mastery
	 Rating: 6046
	 Multiplicative Factor: 0%
	 Eff: 15846
	 DR Bracket: 0
	 Base: 21%
	 Effective Percent: 33,96%
----------------------
03:22,416

Intellect
	 Rating: 145828
	 Multiplicative Factor: 12,48%
	 Eff: 145828,12476
Stamina
	 Rating: 861476
	 Multiplicative Factor: 11,3%
	 Eff: 861476
Crit
	 Rating: 14851
	 Multiplicative Factor: 0%
	 Eff: 21150,876683105605
	 DR Bracket: 0
	 Base: 9%
	 Effective Percent: 30,22%
	 Crit Inc Heal: 2
	 Crit Inc Damage: 2
Haste
	 Rating: 19522
	 Multiplicative Factor: 0%
	 Eff: 25508,54
	 DR Bracket: 0
	 Base: 7%
	 Effective Percent: 38,65%
Vers
	 Rating: 27104
	 Multiplicative Factor: 0%
	 Eff: 26733,6
	 DR Bracket: 1
	 Base: 0%
	 Effective Percent: 34,27%
Leech
	 Rating: 3060
	 Multiplicative Factor: 0%
	 Eff: 3060
	 DR Bracket: 0
	 Base: 0%
	 Effective Percent: 3%
Avoidance
	 Rating: 0
	 Multiplicative Factor: 0%
	 Eff: 0
	 DR Bracket: 0
	 Base: 0%
	 Effective Percent: 0%
Mastery
	 Rating: 6046
	 Multiplicative Factor: 0%
	 Eff: 15846
	 DR Bracket: 0
	 Base: 21%
	 Effective Percent: 33,96%
----------------------
03:27,466

Intellect
	 Rating: 145828
	 Multiplicative Factor: 12,48%
	 Eff: 145828,12476
Stamina
	 Rating: 861476
	 Multiplicative Factor: 11,3%
	 Eff: 861476
Crit
	 Rating: 8866
	 Multiplicative Factor: 0%
	 Eff: 15166
	 DR Bracket: 0
	 Base: 9%
	 Effective Percent: 21,67%
	 Crit Inc Heal: 2
	 Crit Inc Damage: 2
Haste
	 Rating: 19522
	 Multiplicative Factor: 0%
	 Eff: 25508,54
	 DR Bracket: 0
	 Base: 7%
	 Effective Percent: 38,65%
Vers
	 Rating: 27104
	 Multiplicative Factor: 0%
	 Eff: 26733,6
	 DR Bracket: 1
	 Base: 0%
	 Effective Percent: 34,27%
Leech
	 Rating: 3060
	 Multiplicative Factor: 0%
	 Eff: 3060
	 DR Bracket: 0
	 Base: 0%
	 Effective Percent: 3%
Avoidance
	 Rating: 0
	 Multiplicative Factor: 0%
	 Eff: 0
	 DR Bracket: 0
	 Base: 0%
	 Effective Percent: 0%
Mastery
	 Rating: 6046
	 Multiplicative Factor: 0%
	 Eff: 15846
	 DR Bracket: 0
	 Base: 21%
	 Effective Percent: 33,96%
----------------------
03:32,511

Intellect
	 Rating: 145828
	 Multiplicative Factor: 12,48%
	 Eff: 145828,12476
Stamina
	 Rating: 861476
	 Multiplicative Factor: 11,3%
	 Eff: 861476
Crit
	 Rating: 14851
	 Multiplicative Factor: 0%
	 Eff: 31650,876683105605
	 DR Bracket: 0
	 Base: 24%
	 Effective Percent: 45,22%
	 Crit Inc Heal: 2
	 Crit Inc Damage: 2
Haste
	 Rating: 19522
	 Multiplicative Factor: 0%
	 Eff: 27218,98
	 DR Bracket: 0
	 Base: 9%
	 Effective Percent: 41,24%
Vers
	 Rating: 27104
	 Multiplicative Factor: 0%
	 Eff: 26733,6
	 DR Bracket: 1
	 Base: 0%
	 Effective Percent: 34,27%
Leech
	 Rating: 3060
	 Multiplicative Factor: 0%
	 Eff: 3060
	 DR Bracket: 0
	 Base: 0%
	 Effective Percent: 3%
Avoidance
	 Rating: 0
	 Multiplicative Factor: 0%
	 Eff: 0
	 DR Bracket: 0
	 Base: 0%
	 Effective Percent: 0%
Mastery
	 Rating: 6046
	 Multiplicative Factor: 0%
	 Eff: 15846
	 DR Bracket: 0
	 Base: 21%
	 Effective Percent: 33,96%
----------------------
03:37,544

Intellect
	 Rating: 145828
	 Multiplicative Factor: 12,48%
	 Eff: 145828,12476
Stamina
	 Rating: 861476
	 Multiplicative Factor: 11,3%
	 Eff: 861476
Crit
	 Rating: 14851
	 Multiplicative Factor: 0%
	 Eff: 31650,876683105605
	 DR Bracket: 0
	 Base: 24%
	 Effective Percent: 45,22%
	 Crit Inc Heal: 2
	 Crit Inc Damage: 2
Haste
	 Rating: 19522
	 Multiplicative Factor: 0%
	 Eff: 27218,98
	 DR Bracket: 0
	 Base: 9%
	 Effective Percent: 41,24%
Vers
	 Rating: 27104
	 Multiplicative Factor: 0%
	 Eff: 26733,6
	 DR Bracket: 1
	 Base: 0%
	 Effective Percent: 34,27%
Leech
	 Rating: 3060
	 Multiplicative Factor: 0%
	 Eff: 3060
	 DR Bracket: 0
	 Base: 0%
	 Effective Percent: 3%
Avoidance
	 Rating: 0
	 Multiplicative Factor: 0%
	 Eff: 0
	 DR Bracket: 0
	 Base: 0%
	 Effective Percent: 0%
Mastery
	 Rating: 6046
	 Multiplicative Factor: 0%
	 Eff: 15846
	 DR Bracket: 0
	 Base: 21%
	 Effective Percent: 33,96%
----------------------
03:42,553

Intellect
	 Rating: 145828
	 Multiplicative Factor: 12,48%
	 Eff: 145828,12476
Stamina
	 Rating: 861476
	 Multiplicative Factor: 11,3%
	 Eff: 861476
Crit
	 Rating: 8866
	 Multiplicative Factor: 0%
	 Eff: 15166
	 DR Bracket: 0
	 Base: 9%
	 Effective Percent: 21,67%
	 Crit Inc Heal: 2
	 Crit Inc Damage: 2
Haste
	 Rating: 19522
	 Multiplicative Factor: 0%
	 Eff: 28929,42
	 DR Bracket: 0
	 Base: 11%
	 Effective Percent: 43,83%
Vers
	 Rating: 27104
	 Multiplicative Factor: 0%
	 Eff: 26733,6
	 DR Bracket: 1
	 Base: 0%
	 Effective Percent: 34,27%
Leech
	 Rating: 3060
	 Multiplicative Factor: 0%
	 Eff: 3060
	 DR Bracket: 0
	 Base: 0%
	 Effective Percent: 3%
Avoidance
	 Rating: 0
	 Multiplicative Factor: 0%
	 Eff: 0
	 DR Bracket: 0
	 Base: 0%
	 Effective Percent: 0%
Mastery
	 Rating: 6046
	 Multiplicative Factor: 0%
	 Eff: 15846
	 DR Bracket: 0
	 Base: 21%
	 Effective Percent: 33,96%
----------------------
03:47,589

Intellect
	 Rating: 145828
	 Multiplicative Factor: 12,48%
	 Eff: 145828,12476
Stamina
	 Rating: 861476
	 Multiplicative Factor: 11,3%
	 Eff: 861476
Crit
	 Rating: 8866
	 Multiplicative Factor: 0%
	 Eff: 15166
	 DR Bracket: 0
	 Base: 9%
	 Effective Percent: 21,67%
	 Crit Inc Heal: 2
	 Crit Inc Damage: 2
Haste
	 Rating: 19522
	 Multiplicative Factor: 0%
	 Eff: 30639,86
	 DR Bracket: 0
	 Base: 13%
	 Effective Percent: 46,42%
Vers
	 Rating: 27104
	 Multiplicative Factor: 0%
	 Eff: 26733,6
	 DR Bracket: 1
	 Base: 0%
	 Effective Percent: 34,27%
Leech
	 Rating: 3060
	 Multiplicative Factor: 0%
	 Eff: 3060
	 DR Bracket: 0
	 Base: 0%
	 Effective Percent: 3%
Avoidance
	 Rating: 0
	 Multiplicative Factor: 0%
	 Eff: 0
	 DR Bracket: 0
	 Base: 0%
	 Effective Percent: 0%
Mastery
	 Rating: 6046
	 Multiplicative Factor: 0%
	 Eff: 15846
	 DR Bracket: 0
	 Base: 21%
	 Effective Percent: 33,96%
----------------------
03:52,629

Intellect
	 Rating: 145828
	 Multiplicative Factor: 12,48%
	 Eff: 145828,12476
Stamina
	 Rating: 861476
	 Multiplicative Factor: 11,3%
	 Eff: 861476
Crit
	 Rating: 8866
	 Multiplicative Factor: 0%
	 Eff: 25666
	 DR Bracket: 0
	 Base: 24%
	 Effective Percent: 36,67%
	 Crit Inc Heal: 2
	 Crit Inc Damage: 2
Haste
	 Rating: 19522
	 Multiplicative Factor: 0%
	 Eff: 34060,74
	 DR Bracket: 0
	 Base: 17%
	 Effective Percent: 51,61%
Vers
	 Rating: 27104
	 Multiplicative Factor: 0%
	 Eff: 26733,6
	 DR Bracket: 1
	 Base: 0%
	 Effective Percent: 34,27%
Leech
	 Rating: 3060
	 Multiplicative Factor: 0%
	 Eff: 3060
	 DR Bracket: 0
	 Base: 0%
	 Effective Percent: 3%
Avoidance
	 Rating: 0
	 Multiplicative Factor: 0%
	 Eff: 0
	 DR Bracket: 0
	 Base: 0%
	 Effective Percent: 0%
Mastery
	 Rating: 6046
	 Multiplicative Factor: 0%
	 Eff: 15846
	 DR Bracket: 0
	 Base: 21%
	 Effective Percent: 33,96%
----------------------
03:57,652

Intellect
	 Rating: 145828
	 Multiplicative Factor: 12,48%
	 Eff: 145828,12476
Stamina
	 Rating: 861476
	 Multiplicative Factor: 11,3%
	 Eff: 861476
Crit
	 Rating: 8866
	 Multiplicative Factor: 0%
	 Eff: 25666
	 DR Bracket: 0
	 Base: 24%
	 Effective Percent: 36,67%
	 Crit Inc Heal: 2
	 Crit Inc Damage: 2
Haste
	 Rating: 19522
	 Multiplicative Factor: 0%
	 Eff: 32350,3
	 DR Bracket: 0
	 Base: 15%
	 Effective Percent: 49,02%
Vers
	 Rating: 27104
	 Multiplicative Factor: 0%
	 Eff: 26733,6
	 DR Bracket: 1
	 Base: 0%
	 Effective Percent: 34,27%
Leech
	 Rating: 3060
	 Multiplicative Factor: 0%
	 Eff: 3060
	 DR Bracket: 0
	 Base: 0%
	 Effective Percent: 3%
Avoidance
	 Rating: 0
	 Multiplicative Factor: 0%
	 Eff: 0
	 DR Bracket: 0
	 Base: 0%
	 Effective Percent: 0%
Mastery
	 Rating: 6046
	 Multiplicative Factor: 0%
	 Eff: 15846
	 DR Bracket: 0
	 Base: 21%
	 Effective Percent: 33,96%
----------------------
04:02,679

Intellect
	 Rating: 145828
	 Multiplicative Factor: 12,48%
	 Eff: 145828,12476
Stamina
	 Rating: 861476
	 Multiplicative Factor: 11,3%
	 Eff: 861476
Crit
	 Rating: 8866
	 Multiplicative Factor: 0%
	 Eff: 25666
	 DR Bracket: 0
	 Base: 24%
	 Effective Percent: 36,67%
	 Crit Inc Heal: 2
	 Crit Inc Damage: 2
Haste
	 Rating: 19522
	 Multiplicative Factor: 0%
	 Eff: 32350,3
	 DR Bracket: 0
	 Base: 15%
	 Effective Percent: 49,02%
Vers
	 Rating: 27104
	 Multiplicative Factor: 0%
	 Eff: 26733,6
	 DR Bracket: 1
	 Base: 0%
	 Effective Percent: 34,27%
Leech
	 Rating: 3060
	 Multiplicative Factor: 0%
	 Eff: 3060
	 DR Bracket: 0
	 Base: 0%
	 Effective Percent: 3%
Avoidance
	 Rating: 0
	 Multiplicative Factor: 0%
	 Eff: 0
	 DR Bracket: 0
	 Base: 0%
	 Effective Percent: 0%
Mastery
	 Rating: 6046
	 Multiplicative Factor: 0%
	 Eff: 15846
	 DR Bracket: 0
	 Base: 21%
	 Effective Percent: 33,96%
----------------------
04:07,697

Intellect
	 Rating: 145828
	 Multiplicative Factor: 12,48%
	 Eff: 145828,12476
Stamina
	 Rating: 861476
	 Multiplicative Factor: 11,3%
	 Eff: 861476
Crit
	 Rating: 8866
	 Multiplicative Factor: 0%
	 Eff: 25666
	 DR Bracket: 0
	 Base: 24%
	 Effective Percent: 36,67%
	 Crit Inc Heal: 2
	 Crit Inc Damage: 2
Haste
	 Rating: 19522
	 Multiplicative Factor: 0%
	 Eff: 25508,54
	 DR Bracket: 0
	 Base: 7%
	 Effective Percent: 38,65%
Vers
	 Rating: 27104
	 Multiplicative Factor: 0%
	 Eff: 26733,6
	 DR Bracket: 1
	 Base: 0%
	 Effective Percent: 34,27%
Leech
	 Rating: 3060
	 Multiplicative Factor: 0%
	 Eff: 3060
	 DR Bracket: 0
	 Base: 0%
	 Effective Percent: 3%
Avoidance
	 Rating: 0
	 Multiplicative Factor: 0%
	 Eff: 0
	 DR Bracket: 0
	 Base: 0%
	 Effective Percent: 0%
Mastery
	 Rating: 6046
	 Multiplicative Factor: 0%
	 Eff: 15846
	 DR Bracket: 0
	 Base: 21%
	 Effective Percent: 33,96%
----------------------
04:12,713

Intellect
	 Rating: 145828
	 Multiplicative Factor: 12,48%
	 Eff: 145828,12476
Stamina
	 Rating: 861476
	 Multiplicative Factor: 11,3%
	 Eff: 861476
Crit
	 Rating: 14851
	 Multiplicative Factor: 0%
	 Eff: 31650,876683105605
	 DR Bracket: 0
	 Base: 24%
	 Effective Percent: 45,22%
	 Crit Inc Heal: 2
	 Crit Inc Damage: 2
Haste
	 Rating: 19522
	 Multiplicative Factor: 0%
	 Eff: 28929,42
	 DR Bracket: 0
	 Base: 11%
	 Effective Percent: 43,83%
Vers
	 Rating: 27104
	 Multiplicative Factor: 0%
	 Eff: 26733,6
	 DR Bracket: 1
	 Base: 0%
	 Effective Percent: 34,27%
Leech
	 Rating: 3060
	 Multiplicative Factor: 0%
	 Eff: 3060
	 DR Bracket: 0
	 Base: 0%
	 Effective Percent: 3%
Avoidance
	 Rating: 0
	 Multiplicative Factor: 0%
	 Eff: 0
	 DR Bracket: 0
	 Base: 0%
	 Effective Percent: 0%
Mastery
	 Rating: 6046
	 Multiplicative Factor: 0%
	 Eff: 15846
	 DR Bracket: 0
	 Base: 21%
	 Effective Percent: 33,96%
----------------------
04:17,791

Intellect
	 Rating: 145828
	 Multiplicative Factor: 12,48%
	 Eff: 145828,12476
Stamina
	 Rating: 861476
	 Multiplicative Factor: 11,3%
	 Eff: 861476
Crit
	 Rating: 14851
	 Multiplicative Factor: 0%
	 Eff: 31650,876683105605
	 DR Bracket: 0
	 Base: 24%
	 Effective Percent: 45,22%
	 Crit Inc Heal: 2
	 Crit Inc Damage: 2
Haste
	 Rating: 19522
	 Multiplicative Factor: 0%
	 Eff: 30639,86
	 DR Bracket: 0
	 Base: 13%
	 Effective Percent: 46,42%
Vers
	 Rating: 27104
	 Multiplicative Factor: 0%
	 Eff: 26733,6
	 DR Bracket: 1
	 Base: 0%
	 Effective Percent: 34,27%
Leech
	 Rating: 3060
	 Multiplicative Factor: 0%
	 Eff: 3060
	 DR Bracket: 0
	 Base: 0%
	 Effective Percent: 3%
Avoidance
	 Rating: 0
	 Multiplicative Factor: 0%
	 Eff: 0
	 DR Bracket: 0
	 Base: 0%
	 Effective Percent: 0%
Mastery
	 Rating: 6046
	 Multiplicative Factor: 0%
	 Eff: 15846
	 DR Bracket: 0
	 Base: 21%
	 Effective Percent: 33,96%
----------------------
04:22,802

Intellect
	 Rating: 145828
	 Multiplicative Factor: 12,48%
	 Eff: 145828,12476
Stamina
	 Rating: 861476
	 Multiplicative Factor: 11,3%
	 Eff: 861476
Crit
	 Rating: 8866
	 Multiplicative Factor: 0%
	 Eff: 25666
	 DR Bracket: 0
	 Base: 24%
	 Effective Percent: 36,67%
	 Crit Inc Heal: 2
	 Crit Inc Damage: 2
Haste
	 Rating: 19522
	 Multiplicative Factor: 0%
	 Eff: 28929,42
	 DR Bracket: 0
	 Base: 11%
	 Effective Percent: 43,83%
Vers
	 Rating: 27104
	 Multiplicative Factor: 0%
	 Eff: 26733,6
	 DR Bracket: 1
	 Base: 0%
	 Effective Percent: 34,27%
Leech
	 Rating: 3060
	 Multiplicative Factor: 0%
	 Eff: 3060
	 DR Bracket: 0
	 Base: 0%
	 Effective Percent: 3%
Avoidance
	 Rating: 0
	 Multiplicative Factor: 0%
	 Eff: 0
	 DR Bracket: 0
	 Base: 0%
	 Effective Percent: 0%
Mastery
	 Rating: 6046
	 Multiplicative Factor: 0%
	 Eff: 15846
	 DR Bracket: 0
	 Base: 21%
	 Effective Percent: 33,96%
----------------------
04:27,809

Intellect
	 Rating: 145828
	 Multiplicative Factor: 12,48%
	 Eff: 145828,12476
Stamina
	 Rating: 861476
	 Multiplicative Factor: 11,3%
	 Eff: 861476
Crit
	 Rating: 8866
	 Multiplicative Factor: 0%
	 Eff: 15166
	 DR Bracket: 0
	 Base: 9%
	 Effective Percent: 21,67%
	 Crit Inc Heal: 2
	 Crit Inc Damage: 2
Haste
	 Rating: 19522
	 Multiplicative Factor: 0%
	 Eff: 28929,42
	 DR Bracket: 0
	 Base: 11%
	 Effective Percent: 43,83%
Vers
	 Rating: 27104
	 Multiplicative Factor: 0%
	 Eff: 26733,6
	 DR Bracket: 1
	 Base: 0%
	 Effective Percent: 34,27%
Leech
	 Rating: 3060
	 Multiplicative Factor: 0%
	 Eff: 3060
	 DR Bracket: 0
	 Base: 0%
	 Effective Percent: 3%
Avoidance
	 Rating: 0
	 Multiplicative Factor: 0%
	 Eff: 0
	 DR Bracket: 0
	 Base: 0%
	 Effective Percent: 0%
Mastery
	 Rating: 6046
	 Multiplicative Factor: 0%
	 Eff: 15846
	 DR Bracket: 0
	 Base: 21%
	 Effective Percent: 33,96%
----------------------
04:32,978

Intellect
	 Rating: 145828
	 Multiplicative Factor: 12,48%
	 Eff: 145828,12476
Stamina
	 Rating: 861476
	 Multiplicative Factor: 11,3%
	 Eff: 861476
Crit
	 Rating: 14851
	 Multiplicative Factor: 0%
	 Eff: 21150,876683105605
	 DR Bracket: 0
	 Base: 9%
	 Effective Percent: 30,22%
	 Crit Inc Heal: 2
	 Crit Inc Damage: 2
Haste
	 Rating: 19522
	 Multiplicative Factor: 0%
	 Eff: 28929,42
	 DR Bracket: 0
	 Base: 11%
	 Effective Percent: 43,83%
Vers
	 Rating: 27104
	 Multiplicative Factor: 0%
	 Eff: 26733,6
	 DR Bracket: 1
	 Base: 0%
	 Effective Percent: 34,27%
Leech
	 Rating: 3060
	 Multiplicative Factor: 0%
	 Eff: 3060
	 DR Bracket: 0
	 Base: 0%
	 Effective Percent: 3%
Avoidance
	 Rating: 0
	 Multiplicative Factor: 0%
	 Eff: 0
	 DR Bracket: 0
	 Base: 0%
	 Effective Percent: 0%
Mastery
	 Rating: 6046
	 Multiplicative Factor: 0%
	 Eff: 15846
	 DR Bracket: 0
	 Base: 21%
	 Effective Percent: 33,96%
