-----------
A Just Reward
-----------
Avenging Crusader
-----------
Avenging Wrath
-----------
Aura Mastery
-----------
Barrier of Faith
-----------
Beacon of Faith
-----------
Beacon of Light
	Eff: 295,9824061771433
-----------
Beacon of Virtue
-----------
Bestow Light
-----------
Blessing of Freedom
-----------
Blessing of Protection
-----------
Blinding Light
-----------
Brought to Light
-----------
Cleanse
-----------
Consecration
	Dmg: 179,35266062760275
-----------
Consecration Aura
-----------
Crusader Strike
	Dmg: 178,0896995421499
-----------
Dawnlight
	Eff: 933,4396406105955
	Dmg: 529,1753034142748
-----------
Divine Shield
-----------
DivineGuidance
-----------
Divine Toll
-----------
Eternal Flame
	Eff: 872,9770745373582
-----------
Eye for an Eye
-----------
Flash of Light
-----------
Forge's Reckoning
-----------
Golden Path
	Eff: 28,920324108087016
-----------
Greater Judgment
	Eff: 184,72698445290735
-----------
Hammer and Anvil
-----------
Hammer of Justice
-----------
Holy Light
-----------
Holy Prism
	Eff: 499,9004138461896
	Dmg: 161,40128216007724
-----------
Holy Ritual
	Eff: 21,677470394439297
-----------
Holy Shock
	Eff: 337,26011938844385
	Dmg: 919,6346957785572
-----------
Intercession
-----------
Judgment
	Dmg: 454,79692620801507
-----------
Judgment of Light
	Eff: 92,19811833000131
-----------
Lay on Hands
-----------
Lesser Weapon
-----------
Liberation
-----------
Light of Dawn
	Eff: 4,52288080562721
-----------
Light of the Martyr
-----------
Merciful Auras
-----------
Overflowing Light
-----------
Pillar of Lights (Passive)
-----------
Pillar of Lights
-----------
Radiant Aura
-----------
Repentance
-----------
Resplendent Light
-----------
Rite of Adjuration
-----------
Sacred Word
-----------
Sacred Weapon
-----------
Saved by the Light
	Eff: 283,3096643553581
-----------
Seal of the Crusader
-----------
Selfless Healer
-----------
Shield of the Righteous
	Dmg: 272,7723676455207
-----------
Shining Righteousness
	Dmg: 224,57553740631556
-----------
Sun's Avatar
	Eff: 393,2097543941618
	Dmg: 240,34929622651543
-----------
Sun Sear
	Eff: 14,349118353446102
-----------
Truth Prevails
-----------
Turn Evil
-----------
Tyr's Deliverance
-----------
Veneration
	Eff: 374,35854943012237
-----------
Word of Glory
-----------
Leech
	Eff: 104,16304988615593
-----------
Blessing of Summer
	Eff: 97,50128036928436
	Dmg: 281,4667236297828
-----------
Holy Bulwark
-----------
ZeroCIMDummy
-----------
Lightforged Blessing
-----------
Lightbearer
-----------
Tempered Potion
-----------
Ethereal Reconstitution
-----------
Melee
-----------
Ethereal Guard
-----------
Authority of Fiery Resolve
-----------
Blessing of Autumn
-----------
Spidersting
-----------
Divine Protection
-----------
Blessing of Winter
-----------
Divine Steed
-----------
Blessing of Spring
-----------
Blessing of Sacrifice
-----------
Invigorating Healing Potion
-----------
Voidglass Barrier
