-----------
A Just Reward
-----------
Avenging Crusader
-----------
Avenging Wrath
-----------
Aura Mastery
-----------
Barrier of Faith
-----------
Beacon of Faith
-----------
Beacon of Light
	Eff: 561,0987638432271
-----------
Beacon of Virtue
-----------
Bestow Light
-----------
Blessing of Freedom
-----------
Blessing of Protection
-----------
Blinding Light
-----------
Brought to Light
-----------
Cleanse
-----------
Consecration
-----------
Consecration Aura
-----------
Crusader Strike
-----------
Dawnlight
	Eff: 1761,451962704727
-----------
Divine Shield
-----------
DivineGuidance
-----------
Divine Toll
-----------
Eternal Flame
	Eff: 1595,758548100293
-----------
Eye for an Eye
-----------
Flash of Light
-----------
Forge's Reckoning
-----------
Golden Path
	Eff: 41,603363463770506
-----------
Greater Judgment
-----------
Hammer and Anvil
-----------
Hammer of Justice
-----------
Holy Light
-----------
Holy Prism
	Eff: 865,5581117284019
-----------
Holy Ritual
	Eff: 41,295118330657715
-----------
Holy Shock
	Eff: 653,8968967910077
-----------
Intercession
-----------
Judgment
-----------
Judgment of Light
	Eff: 160,81879703457707
-----------
Lay on Hands
-----------
Lesser Weapon
-----------
Liberation
-----------
Light of Dawn
	Eff: 10,71344094973756
-----------
Light of the Martyr
-----------
Merciful Auras
-----------
Overflowing Light
-----------
Pillar of Lights (Passive)
-----------
Pillar of Lights
-----------
Radiant Aura
-----------
Repentance
-----------
Resplendent Light
-----------
Rite of Adjuration
-----------
Sacred Word
-----------
Sacred Weapon
-----------
Saved by the Light
-----------
Seal of the Crusader
-----------
Selfless Healer
-----------
Shield of the Righteous
-----------
Shining Righteousness
-----------
Sun's Avatar
	Eff: 792,3628440144666
-----------
Sun Sear
	Eff: 25,802992720993643
-----------
Truth Prevails
-----------
Turn Evil
-----------
Tyr's Deliverance
-----------
Veneration
-----------
Word of Glory
-----------
Leech
	Eff: 93,51063212372537
-----------
Blessing of Summer
	Dmg: 531,715953912937
-----------
Holy Bulwark
-----------
ZeroCIMDummy
-----------
Lightforged Blessing
-----------
Lightbearer
-----------
Tempered Potion
-----------
Ethereal Reconstitution
-----------
Melee
-----------
Ethereal Guard
-----------
Authority of Fiery Resolve
-----------
Blessing of Autumn
-----------
Spidersting
-----------
Divine Protection
-----------
Blessing of Winter
-----------
Divine Steed
-----------
Blessing of Spring
-----------
Blessing of Sacrifice
-----------
Invigorating Healing Potion
-----------
Voidglass Barrier
