----------------------
00:00,540

Intellect
	 Rating: 145827
	 Multiplicative Factor: 12,48%
	 Eff: 145827
Stamina
	 Rating: 861476
	 Multiplicative Factor: 11,3%
	 Eff: 861476
Crit
	 Rating: 8866
	 Multiplicative Factor: 0%
	 Eff: 15166
	 DR Bracket: 0
	 Base: 9%
	 Effective Percent: 21,67%
	 Crit Inc Heal: 2
	 Crit Inc Damage: 2
Haste
	 Rating: 19522
	 Multiplicative Factor: 0%
	 Eff: 49454,7
	 DR Bracket: 0
	 Base: 35%
	 Effective Percent: 74,93%
Vers
	 Rating: 27104
	 Multiplicative Factor: 0%
	 Eff: 26733,6
	 DR Bracket: 1
	 Base: 0%
	 Effective Percent: 34,27%
Leech
	 Rating: 3060
	 Multiplicative Factor: 0%
	 Eff: 3060
	 DR Bracket: 0
	 Base: 0%
	 Effective Percent: 3%
Avoidance
	 Rating: 0
	 Multiplicative Factor: 0%
	 Eff: 0
	 DR Bracket: 0
	 Base: 0%
	 Effective Percent: 0%
Mastery
	 Rating: 6046
	 Multiplicative Factor: 0%
	 Eff: 15846
	 DR Bracket: 0
	 Base: 21%
	 Effective Percent: 33,96%
----------------------
00:00,625

Intellect
	 Rating: 145827
	 Multiplicative Factor: 12,48%
	 Eff: 145827
Stamina
	 Rating: 861476
	 Multiplicative Factor: 11,3%
	 Eff: 861476
Crit
	 Rating: 8866
	 Multiplicative Factor: 0%
	 Eff: 25666
	 DR Bracket: 0
	 Base: 24%
	 Effective Percent: 36,67%
	 Crit Inc Heal: 2
	 Crit Inc Damage: 2
Haste
	 Rating: 19522
	 Multiplicative Factor: 0%
	 Eff: 49454,7
	 DR Bracket: 0
	 Base: 35%
	 Effective Percent: 74,93%
Vers
	 Rating: 27104
	 Multiplicative Factor: 0%
	 Eff: 26733,6
	 DR Bracket: 1
	 Base: 0%
	 Effective Percent: 34,27%
Leech
	 Rating: 3060
	 Multiplicative Factor: 0%
	 Eff: 3060
	 DR Bracket: 0
	 Base: 0%
	 Effective Percent: 3%
Avoidance
	 Rating: 0
	 Multiplicative Factor: 0%
	 Eff: 0
	 DR Bracket: 0
	 Base: 0%
	 Effective Percent: 0%
Mastery
	 Rating: 6046
	 Multiplicative Factor: 0%
	 Eff: 15846
	 DR Bracket: 0
	 Base: 21%
	 Effective Percent: 33,96%
----------------------
00:04,385

Intellect
	 Rating: 145827
	 Multiplicative Factor: 12,48%
	 Eff: 145827
Stamina
	 Rating: 861476
	 Multiplicative Factor: 11,3%
	 Eff: 861476
Crit
	 Rating: 8866
	 Multiplicative Factor: 0%
	 Eff: 25666
	 DR Bracket: 0
	 Base: 24%
	 Effective Percent: 36,67%
	 Crit Inc Heal: 2
	 Crit Inc Damage: 2
Haste
	 Rating: 19522
	 Multiplicative Factor: 0%
	 Eff: 50309,92
	 DR Bracket: 0
	 Base: 36%
	 Effective Percent: 76,23%
Vers
	 Rating: 27104
	 Multiplicative Factor: 0%
	 Eff: 26733,6
	 DR Bracket: 1
	 Base: 0%
	 Effective Percent: 34,27%
Leech
	 Rating: 3060
	 Multiplicative Factor: 0%
	 Eff: 3060
	 DR Bracket: 0
	 Base: 0%
	 Effective Percent: 3%
Avoidance
	 Rating: 0
	 Multiplicative Factor: 0%
	 Eff: 0
	 DR Bracket: 0
	 Base: 0%
	 Effective Percent: 0%
Mastery
	 Rating: 6046
	 Multiplicative Factor: 0%
	 Eff: 15846
	 DR Bracket: 0
	 Base: 21%
	 Effective Percent: 33,96%
----------------------
00:05,961

Intellect
	 Rating: 145827
	 Multiplicative Factor: 12,48%
	 Eff: 145827
Stamina
	 Rating: 861476
	 Multiplicative Factor: 11,3%
	 Eff: 861476
Crit
	 Rating: 8866
	 Multiplicative Factor: 0%
	 Eff: 25666
	 DR Bracket: 0
	 Base: 24%
	 Effective Percent: 36,67%
	 Crit Inc Heal: 2
	 Crit Inc Damage: 2
Haste
	 Rating: 19522
	 Multiplicative Factor: 0%
	 Eff: 51165,14
	 DR Bracket: 0
	 Base: 37%
	 Effective Percent: 77,52%
Vers
	 Rating: 27104
	 Multiplicative Factor: 0%
	 Eff: 26733,6
	 DR Bracket: 1
	 Base: 0%
	 Effective Percent: 34,27%
Leech
	 Rating: 3060
	 Multiplicative Factor: 0%
	 Eff: 3060
	 DR Bracket: 0
	 Base: 0%
	 Effective Percent: 3%
Avoidance
	 Rating: 0
	 Multiplicative Factor: 0%
	 Eff: 0
	 DR Bracket: 0
	 Base: 0%
	 Effective Percent: 0%
Mastery
	 Rating: 6046
	 Multiplicative Factor: 0%
	 Eff: 15846
	 DR Bracket: 0
	 Base: 21%
	 Effective Percent: 33,96%
----------------------
00:07,499

Intellect
	 Rating: 145827
	 Multiplicative Factor: 12,48%
	 Eff: 145827
Stamina
	 Rating: 861476
	 Multiplicative Factor: 11,3%
	 Eff: 861476
Crit
	 Rating: 8866
	 Multiplicative Factor: 0%
	 Eff: 25666
	 DR Bracket: 0
	 Base: 24%
	 Effective Percent: 36,67%
	 Crit Inc Heal: 2
	 Crit Inc Damage: 2
Haste
	 Rating: 19522
	 Multiplicative Factor: 0%
	 Eff: 52020,36
	 DR Bracket: 0
	 Base: 38%
	 Effective Percent: 78,82%
Vers
	 Rating: 27104
	 Multiplicative Factor: 0%
	 Eff: 26733,6
	 DR Bracket: 1
	 Base: 0%
	 Effective Percent: 34,27%
Leech
	 Rating: 3060
	 Multiplicative Factor: 0%
	 Eff: 3060
	 DR Bracket: 0
	 Base: 0%
	 Effective Percent: 3%
Avoidance
	 Rating: 0
	 Multiplicative Factor: 0%
	 Eff: 0
	 DR Bracket: 0
	 Base: 0%
	 Effective Percent: 0%
Mastery
	 Rating: 6046
	 Multiplicative Factor: 0%
	 Eff: 15846
	 DR Bracket: 0
	 Base: 21%
	 Effective Percent: 33,96%
----------------------
00:11,290

Intellect
	 Rating: 145827
	 Multiplicative Factor: 12,48%
	 Eff: 145827
Stamina
	 Rating: 861476
	 Multiplicative Factor: 11,3%
	 Eff: 861476
Crit
	 Rating: 8866
	 Multiplicative Factor: 0%
	 Eff: 25666
	 DR Bracket: 0
	 Base: 24%
	 Effective Percent: 36,67%
	 Crit Inc Heal: 2
	 Crit Inc Damage: 2
Haste
	 Rating: 19522
	 Multiplicative Factor: 0%
	 Eff: 52875,579999999994
	 DR Bracket: 0
	 Base: 39%
	 Effective Percent: 80,11%
Vers
	 Rating: 27104
	 Multiplicative Factor: 0%
	 Eff: 26733,6
	 DR Bracket: 1
	 Base: 0%
	 Effective Percent: 34,27%
Leech
	 Rating: 3060
	 Multiplicative Factor: 0%
	 Eff: 3060
	 DR Bracket: 0
	 Base: 0%
	 Effective Percent: 3%
Avoidance
	 Rating: 0
	 Multiplicative Factor: 0%
	 Eff: 0
	 DR Bracket: 0
	 Base: 0%
	 Effective Percent: 0%
Mastery
	 Rating: 6046
	 Multiplicative Factor: 0%
	 Eff: 15846
	 DR Bracket: 0
	 Base: 21%
	 Effective Percent: 33,96%
----------------------
00:14,495

Intellect
	 Rating: 145827
	 Multiplicative Factor: 12,48%
	 Eff: 145827
Stamina
	 Rating: 861476
	 Multiplicative Factor: 11,3%
	 Eff: 861476
Crit
	 Rating: 8866
	 Multiplicative Factor: 0%
	 Eff: 25666
	 DR Bracket: 0
	 Base: 24%
	 Effective Percent: 36,67%
	 Crit Inc Heal: 2
	 Crit Inc Damage: 2
Haste
	 Rating: 19522
	 Multiplicative Factor: 0%
	 Eff: 53730,799999999996
	 DR Bracket: 0
	 Base: 40%
	 Effective Percent: 81,41%
Vers
	 Rating: 27104
	 Multiplicative Factor: 0%
	 Eff: 26733,6
	 DR Bracket: 1
	 Base: 0%
	 Effective Percent: 34,27%
Leech
	 Rating: 3060
	 Multiplicative Factor: 0%
	 Eff: 3060
	 DR Bracket: 0
	 Base: 0%
	 Effective Percent: 3%
Avoidance
	 Rating: 0
	 Multiplicative Factor: 0%
	 Eff: 0
	 DR Bracket: 0
	 Base: 0%
	 Effective Percent: 0%
Mastery
	 Rating: 6046
	 Multiplicative Factor: 0%
	 Eff: 15846
	 DR Bracket: 0
	 Base: 21%
	 Effective Percent: 33,96%
----------------------
00:20,656

Intellect
	 Rating: 145827
	 Multiplicative Factor: 12,48%
	 Eff: 145827
Stamina
	 Rating: 861476
	 Multiplicative Factor: 11,3%
	 Eff: 861476
Crit
	 Rating: 8866
	 Multiplicative Factor: 0%
	 Eff: 15166
	 DR Bracket: 0
	 Base: 9%
	 Effective Percent: 21,67%
	 Crit Inc Heal: 2
	 Crit Inc Damage: 2
Haste
	 Rating: 19522
	 Multiplicative Factor: 0%
	 Eff: 53730,799999999996
	 DR Bracket: 0
	 Base: 40%
	 Effective Percent: 81,41%
Vers
	 Rating: 27104
	 Multiplicative Factor: 0%
	 Eff: 26733,6
	 DR Bracket: 1
	 Base: 0%
	 Effective Percent: 34,27%
Leech
	 Rating: 3060
	 Multiplicative Factor: 0%
	 Eff: 3060
	 DR Bracket: 0
	 Base: 0%
	 Effective Percent: 3%
Avoidance
	 Rating: 0
	 Multiplicative Factor: 0%
	 Eff: 0
	 DR Bracket: 0
	 Base: 0%
	 Effective Percent: 0%
Mastery
	 Rating: 6046
	 Multiplicative Factor: 0%
	 Eff: 15846
	 DR Bracket: 0
	 Base: 21%
	 Effective Percent: 33,96%
----------------------
00:38,335

Intellect
	 Rating: 145827
	 Multiplicative Factor: 12,48%
	 Eff: 145827
Stamina
	 Rating: 861476
	 Multiplicative Factor: 11,3%
	 Eff: 861476
Crit
	 Rating: 8866
	 Multiplicative Factor: 0%
	 Eff: 25666
	 DR Bracket: 0
	 Base: 24%
	 Effective Percent: 36,67%
	 Crit Inc Heal: 2
	 Crit Inc Damage: 2
Haste
	 Rating: 19522
	 Multiplicative Factor: 0%
	 Eff: 53730,799999999996
	 DR Bracket: 0
	 Base: 40%
	 Effective Percent: 81,41%
Vers
	 Rating: 27104
	 Multiplicative Factor: 0%
	 Eff: 26733,6
	 DR Bracket: 1
	 Base: 0%
	 Effective Percent: 34,27%
Leech
	 Rating: 3060
	 Multiplicative Factor: 0%
	 Eff: 3060
	 DR Bracket: 0
	 Base: 0%
	 Effective Percent: 3%
Avoidance
	 Rating: 0
	 Multiplicative Factor: 0%
	 Eff: 0
	 DR Bracket: 0
	 Base: 0%
	 Effective Percent: 0%
Mastery
	 Rating: 6046
	 Multiplicative Factor: 0%
	 Eff: 15846
	 DR Bracket: 0
	 Base: 21%
	 Effective Percent: 33,96%
----------------------
00:40,557

Intellect
	 Rating: 145827
	 Multiplicative Factor: 12,48%
	 Eff: 145827
Stamina
	 Rating: 861476
	 Multiplicative Factor: 11,3%
	 Eff: 861476
Crit
	 Rating: 8866
	 Multiplicative Factor: 0%
	 Eff: 25666
	 DR Bracket: 0
	 Base: 24%
	 Effective Percent: 36,67%
	 Crit Inc Heal: 2
	 Crit Inc Damage: 2
Haste
	 Rating: 19522
	 Multiplicative Factor: 0%
	 Eff: 28074,199999999997
	 DR Bracket: 0
	 Base: 10%
	 Effective Percent: 42,54%
Vers
	 Rating: 27104
	 Multiplicative Factor: 0%
	 Eff: 26733,6
	 DR Bracket: 1
	 Base: 0%
	 Effective Percent: 34,27%
Leech
	 Rating: 3060
	 Multiplicative Factor: 0%
	 Eff: 3060
	 DR Bracket: 0
	 Base: 0%
	 Effective Percent: 3%
Avoidance
	 Rating: 0
	 Multiplicative Factor: 0%
	 Eff: 0
	 DR Bracket: 0
	 Base: 0%
	 Effective Percent: 0%
Mastery
	 Rating: 6046
	 Multiplicative Factor: 0%
	 Eff: 15846
	 DR Bracket: 0
	 Base: 21%
	 Effective Percent: 33,96%
----------------------
00:41,690

Intellect
	 Rating: 145827
	 Multiplicative Factor: 12,48%
	 Eff: 145827
Stamina
	 Rating: 861476
	 Multiplicative Factor: 11,3%
	 Eff: 861476
Crit
	 Rating: 8866
	 Multiplicative Factor: 0%
	 Eff: 25666
	 DR Bracket: 0
	 Base: 24%
	 Effective Percent: 36,67%
	 Crit Inc Heal: 2
	 Crit Inc Damage: 2
Haste
	 Rating: 19522
	 Multiplicative Factor: 0%
	 Eff: 28074,199999999997
	 DR Bracket: 0
	 Base: 10%
	 Effective Percent: 42,54%
Vers
	 Rating: 27104
	 Multiplicative Factor: 0%
	 Eff: 26733,6
	 DR Bracket: 1
	 Base: 0%
	 Effective Percent: 34,27%
Leech
	 Rating: 3060
	 Multiplicative Factor: 0%
	 Eff: 3060
	 DR Bracket: 0
	 Base: 0%
	 Effective Percent: 3%
Avoidance
	 Rating: 0
	 Multiplicative Factor: 0%
	 Eff: 0
	 DR Bracket: 0
	 Base: 0%
	 Effective Percent: 0%
Mastery
	 Rating: 6046
	 Multiplicative Factor: 0%
	 Eff: 15846
	 DR Bracket: 0
	 Base: 21%
	 Effective Percent: 33,96%
----------------------
00:47,844

Intellect
	 Rating: 145827
	 Multiplicative Factor: 12,48%
	 Eff: 145827
Stamina
	 Rating: 861476
	 Multiplicative Factor: 11,3%
	 Eff: 861476
Crit
	 Rating: 8866
	 Multiplicative Factor: 0%
	 Eff: 25666
	 DR Bracket: 0
	 Base: 24%
	 Effective Percent: 36,67%
	 Crit Inc Heal: 2
	 Crit Inc Damage: 2
Haste
	 Rating: 19522
	 Multiplicative Factor: 0%
	 Eff: 28074,199999999997
	 DR Bracket: 0
	 Base: 10%
	 Effective Percent: 42,54%
Vers
	 Rating: 27104
	 Multiplicative Factor: 0%
	 Eff: 26733,6
	 DR Bracket: 1
	 Base: 0%
	 Effective Percent: 34,27%
Leech
	 Rating: 3060
	 Multiplicative Factor: 0%
	 Eff: 3060
	 DR Bracket: 0
	 Base: 0%
	 Effective Percent: 3%
Avoidance
	 Rating: 0
	 Multiplicative Factor: 0%
	 Eff: 0
	 DR Bracket: 0
	 Base: 0%
	 Effective Percent: 0%
Mastery
	 Rating: 6046
	 Multiplicative Factor: 0%
	 Eff: 15846
	 DR Bracket: 0
	 Base: 21%
	 Effective Percent: 33,96%
----------------------
00:50,330

Intellect
	 Rating: 145827
	 Multiplicative Factor: 12,48%
	 Eff: 145827
Stamina
	 Rating: 861476
	 Multiplicative Factor: 11,3%
	 Eff: 861476
Crit
	 Rating: 8866
	 Multiplicative Factor: 0%
	 Eff: 15166
	 DR Bracket: 0
	 Base: 9%
	 Effective Percent: 21,67%
	 Crit Inc Heal: 2
	 Crit Inc Damage: 2
Haste
	 Rating: 19522
	 Multiplicative Factor: 0%
	 Eff: 28074,199999999997
	 DR Bracket: 0
	 Base: 10%
	 Effective Percent: 42,54%
Vers
	 Rating: 27104
	 Multiplicative Factor: 0%
	 Eff: 26733,6
	 DR Bracket: 1
	 Base: 0%
	 Effective Percent: 34,27%
Leech
	 Rating: 3060
	 Multiplicative Factor: 0%
	 Eff: 3060
	 DR Bracket: 0
	 Base: 0%
	 Effective Percent: 3%
Avoidance
	 Rating: 0
	 Multiplicative Factor: 0%
	 Eff: 0
	 DR Bracket: 0
	 Base: 0%
	 Effective Percent: 0%
Mastery
	 Rating: 6046
	 Multiplicative Factor: 0%
	 Eff: 15846
	 DR Bracket: 0
	 Base: 21%
	 Effective Percent: 33,96%
----------------------
00:51,672

Intellect
	 Rating: 145827
	 Multiplicative Factor: 12,48%
	 Eff: 145827
Stamina
	 Rating: 861476
	 Multiplicative Factor: 11,3%
	 Eff: 861476
Crit
	 Rating: 8866
	 Multiplicative Factor: 0%
	 Eff: 15166
	 DR Bracket: 0
	 Base: 9%
	 Effective Percent: 21,67%
	 Crit Inc Heal: 2
	 Crit Inc Damage: 2
Haste
	 Rating: 19522
	 Multiplicative Factor: 0%
	 Eff: 28074,199999999997
	 DR Bracket: 0
	 Base: 10%
	 Effective Percent: 42,54%
Vers
	 Rating: 27104
	 Multiplicative Factor: 0%
	 Eff: 26733,6
	 DR Bracket: 1
	 Base: 0%
	 Effective Percent: 34,27%
Leech
	 Rating: 3060
	 Multiplicative Factor: 0%
	 Eff: 3060
	 DR Bracket: 0
	 Base: 0%
	 Effective Percent: 3%
Avoidance
	 Rating: 0
	 Multiplicative Factor: 0%
	 Eff: 0
	 DR Bracket: 0
	 Base: 0%
	 Effective Percent: 0%
Mastery
	 Rating: 6046
	 Multiplicative Factor: 0%
	 Eff: 15846
	 DR Bracket: 0
	 Base: 21%
	 Effective Percent: 33,96%
----------------------
00:56,899

Intellect
	 Rating: 145827
	 Multiplicative Factor: 12,48%
	 Eff: 145827
Stamina
	 Rating: 861476
	 Multiplicative Factor: 11,3%
	 Eff: 861476
Crit
	 Rating: 8866
	 Multiplicative Factor: 0%
	 Eff: 15166
	 DR Bracket: 0
	 Base: 9%
	 Effective Percent: 21,67%
	 Crit Inc Heal: 2
	 Crit Inc Damage: 2
Haste
	 Rating: 19522
	 Multiplicative Factor: 0%
	 Eff: 28074,199999999997
	 DR Bracket: 0
	 Base: 10%
	 Effective Percent: 42,54%
Vers
	 Rating: 27104
	 Multiplicative Factor: 0%
	 Eff: 26733,6
	 DR Bracket: 1
	 Base: 0%
	 Effective Percent: 34,27%
Leech
	 Rating: 3060
	 Multiplicative Factor: 0%
	 Eff: 3060
	 DR Bracket: 0
	 Base: 0%
	 Effective Percent: 3%
Avoidance
	 Rating: 0
	 Multiplicative Factor: 0%
	 Eff: 0
	 DR Bracket: 0
	 Base: 0%
	 Effective Percent: 0%
Mastery
	 Rating: 6046
	 Multiplicative Factor: 0%
	 Eff: 15846
	 DR Bracket: 0
	 Base: 21%
	 Effective Percent: 33,96%
----------------------
01:03,217

Intellect
	 Rating: 145827
	 Multiplicative Factor: 12,48%
	 Eff: 145827
Stamina
	 Rating: 861476
	 Multiplicative Factor: 11,3%
	 Eff: 861476
Crit
	 Rating: 8866
	 Multiplicative Factor: 0%
	 Eff: 15166
	 DR Bracket: 0
	 Base: 9%
	 Effective Percent: 21,67%
	 Crit Inc Heal: 2
	 Crit Inc Damage: 2
Haste
	 Rating: 19522
	 Multiplicative Factor: 0%
	 Eff: 28074,199999999997
	 DR Bracket: 0
	 Base: 10%
	 Effective Percent: 42,54%
Vers
	 Rating: 27104
	 Multiplicative Factor: 0%
	 Eff: 26733,6
	 DR Bracket: 1
	 Base: 0%
	 Effective Percent: 34,27%
Leech
	 Rating: 3060
	 Multiplicative Factor: 0%
	 Eff: 3060
	 DR Bracket: 0
	 Base: 0%
	 Effective Percent: 3%
Avoidance
	 Rating: 0
	 Multiplicative Factor: 0%
	 Eff: 0
	 DR Bracket: 0
	 Base: 0%
	 Effective Percent: 0%
Mastery
	 Rating: 6046
	 Multiplicative Factor: 0%
	 Eff: 15846
	 DR Bracket: 0
	 Base: 21%
	 Effective Percent: 33,96%
----------------------
01:04,271

Intellect
	 Rating: 145827
	 Multiplicative Factor: 12,48%
	 Eff: 145827
Stamina
	 Rating: 861476
	 Multiplicative Factor: 11,3%
	 Eff: 861476
Crit
	 Rating: 8866
	 Multiplicative Factor: 0%
	 Eff: 15166
	 DR Bracket: 0
	 Base: 9%
	 Effective Percent: 21,67%
	 Crit Inc Heal: 2
	 Crit Inc Damage: 2
Haste
	 Rating: 19522
	 Multiplicative Factor: 0%
	 Eff: 28074,199999999997
	 DR Bracket: 0
	 Base: 10%
	 Effective Percent: 42,54%
Vers
	 Rating: 27104
	 Multiplicative Factor: 0%
	 Eff: 26733,6
	 DR Bracket: 1
	 Base: 0%
	 Effective Percent: 34,27%
Leech
	 Rating: 3060
	 Multiplicative Factor: 0%
	 Eff: 3060
	 DR Bracket: 0
	 Base: 0%
	 Effective Percent: 3%
Avoidance
	 Rating: 0
	 Multiplicative Factor: 0%
	 Eff: 0
	 DR Bracket: 0
	 Base: 0%
	 Effective Percent: 0%
Mastery
	 Rating: 6046
	 Multiplicative Factor: 0%
	 Eff: 15846
	 DR Bracket: 0
	 Base: 21%
	 Effective Percent: 33,96%
----------------------
01:06,889

Intellect
	 Rating: 145827
	 Multiplicative Factor: 12,48%
	 Eff: 145827
Stamina
	 Rating: 861476
	 Multiplicative Factor: 11,3%
	 Eff: 861476
Crit
	 Rating: 8866
	 Multiplicative Factor: 0%
	 Eff: 15166
	 DR Bracket: 0
	 Base: 9%
	 Effective Percent: 21,67%
	 Crit Inc Heal: 2
	 Crit Inc Damage: 2
Haste
	 Rating: 19522
	 Multiplicative Factor: 0%
	 Eff: 28074,199999999997
	 DR Bracket: 0
	 Base: 10%
	 Effective Percent: 42,54%
Vers
	 Rating: 27104
	 Multiplicative Factor: 0%
	 Eff: 26733,6
	 DR Bracket: 1
	 Base: 0%
	 Effective Percent: 34,27%
Leech
	 Rating: 3060
	 Multiplicative Factor: 0%
	 Eff: 3060
	 DR Bracket: 0
	 Base: 0%
	 Effective Percent: 3%
Avoidance
	 Rating: 0
	 Multiplicative Factor: 0%
	 Eff: 0
	 DR Bracket: 0
	 Base: 0%
	 Effective Percent: 0%
Mastery
	 Rating: 6046
	 Multiplicative Factor: 0%
	 Eff: 15846
	 DR Bracket: 0
	 Base: 21%
	 Effective Percent: 33,96%
----------------------
01:13,245

Intellect
	 Rating: 145827
	 Multiplicative Factor: 12,48%
	 Eff: 145827
Stamina
	 Rating: 861476
	 Multiplicative Factor: 11,3%
	 Eff: 861476
Crit
	 Rating: 8866
	 Multiplicative Factor: 0%
	 Eff: 15166
	 DR Bracket: 0
	 Base: 9%
	 Effective Percent: 21,67%
	 Crit Inc Heal: 2
	 Crit Inc Damage: 2
Haste
	 Rating: 19522
	 Multiplicative Factor: 0%
	 Eff: 28074,199999999997
	 DR Bracket: 0
	 Base: 10%
	 Effective Percent: 42,54%
Vers
	 Rating: 27104
	 Multiplicative Factor: 0%
	 Eff: 26733,6
	 DR Bracket: 1
	 Base: 0%
	 Effective Percent: 34,27%
Leech
	 Rating: 3060
	 Multiplicative Factor: 0%
	 Eff: 3060
	 DR Bracket: 0
	 Base: 0%
	 Effective Percent: 3%
Avoidance
	 Rating: 0
	 Multiplicative Factor: 0%
	 Eff: 0
	 DR Bracket: 0
	 Base: 0%
	 Effective Percent: 0%
Mastery
	 Rating: 6046
	 Multiplicative Factor: 0%
	 Eff: 15846
	 DR Bracket: 0
	 Base: 21%
	 Effective Percent: 33,96%
----------------------
01:14,268

Intellect
	 Rating: 145827
	 Multiplicative Factor: 12,48%
	 Eff: 145827
Stamina
	 Rating: 861476
	 Multiplicative Factor: 11,3%
	 Eff: 861476
Crit
	 Rating: 8866
	 Multiplicative Factor: 0%
	 Eff: 15166
	 DR Bracket: 0
	 Base: 9%
	 Effective Percent: 21,67%
	 Crit Inc Heal: 2
	 Crit Inc Damage: 2
Haste
	 Rating: 19522
	 Multiplicative Factor: 0%
	 Eff: 28074,199999999997
	 DR Bracket: 0
	 Base: 10%
	 Effective Percent: 42,54%
Vers
	 Rating: 27104
	 Multiplicative Factor: 0%
	 Eff: 26733,6
	 DR Bracket: 1
	 Base: 0%
	 Effective Percent: 34,27%
Leech
	 Rating: 3060
	 Multiplicative Factor: 0%
	 Eff: 3060
	 DR Bracket: 0
	 Base: 0%
	 Effective Percent: 3%
Avoidance
	 Rating: 0
	 Multiplicative Factor: 0%
	 Eff: 0
	 DR Bracket: 0
	 Base: 0%
	 Effective Percent: 0%
Mastery
	 Rating: 6046
	 Multiplicative Factor: 0%
	 Eff: 15846
	 DR Bracket: 0
	 Base: 21%
	 Effective Percent: 33,96%
----------------------
01:21,165

Intellect
	 Rating: 145827
	 Multiplicative Factor: 12,48%
	 Eff: 145827
Stamina
	 Rating: 861476
	 Multiplicative Factor: 11,3%
	 Eff: 861476
Crit
	 Rating: 8866
	 Multiplicative Factor: 0%
	 Eff: 25666
	 DR Bracket: 0
	 Base: 24%
	 Effective Percent: 36,67%
	 Crit Inc Heal: 2
	 Crit Inc Damage: 2
Haste
	 Rating: 19522
	 Multiplicative Factor: 0%
	 Eff: 28074,199999999997
	 DR Bracket: 0
	 Base: 10%
	 Effective Percent: 42,54%
Vers
	 Rating: 27104
	 Multiplicative Factor: 0%
	 Eff: 26733,6
	 DR Bracket: 1
	 Base: 0%
	 Effective Percent: 34,27%
Leech
	 Rating: 3060
	 Multiplicative Factor: 0%
	 Eff: 3060
	 DR Bracket: 0
	 Base: 0%
	 Effective Percent: 3%
Avoidance
	 Rating: 0
	 Multiplicative Factor: 0%
	 Eff: 0
	 DR Bracket: 0
	 Base: 0%
	 Effective Percent: 0%
Mastery
	 Rating: 6046
	 Multiplicative Factor: 0%
	 Eff: 15846
	 DR Bracket: 0
	 Base: 21%
	 Effective Percent: 33,96%
----------------------
01:30,115

Intellect
	 Rating: 145827
	 Multiplicative Factor: 12,48%
	 Eff: 145827
Stamina
	 Rating: 861476
	 Multiplicative Factor: 11,3%
	 Eff: 861476
Crit
	 Rating: 8866
	 Multiplicative Factor: 0%
	 Eff: 25666
	 DR Bracket: 0
	 Base: 24%
	 Effective Percent: 36,67%
	 Crit Inc Heal: 2
	 Crit Inc Damage: 2
Haste
	 Rating: 19522
	 Multiplicative Factor: 0%
	 Eff: 28074,199999999997
	 DR Bracket: 0
	 Base: 10%
	 Effective Percent: 42,54%
Vers
	 Rating: 27104
	 Multiplicative Factor: 0%
	 Eff: 26733,6
	 DR Bracket: 1
	 Base: 0%
	 Effective Percent: 34,27%
Leech
	 Rating: 3060
	 Multiplicative Factor: 0%
	 Eff: 3060
	 DR Bracket: 0
	 Base: 0%
	 Effective Percent: 3%
Avoidance
	 Rating: 0
	 Multiplicative Factor: 0%
	 Eff: 0
	 DR Bracket: 0
	 Base: 0%
	 Effective Percent: 0%
Mastery
	 Rating: 6046
	 Multiplicative Factor: 0%
	 Eff: 15846
	 DR Bracket: 0
	 Base: 21%
	 Effective Percent: 33,96%
----------------------
01:33,170

Intellect
	 Rating: 145827
	 Multiplicative Factor: 12,48%
	 Eff: 145827
Stamina
	 Rating: 861476
	 Multiplicative Factor: 11,3%
	 Eff: 861476
Crit
	 Rating: 8866
	 Multiplicative Factor: 0%
	 Eff: 15166
	 DR Bracket: 0
	 Base: 9%
	 Effective Percent: 21,67%
	 Crit Inc Heal: 2
	 Crit Inc Damage: 2
Haste
	 Rating: 19522
	 Multiplicative Factor: 0%
	 Eff: 28074,199999999997
	 DR Bracket: 0
	 Base: 10%
	 Effective Percent: 42,54%
Vers
	 Rating: 27104
	 Multiplicative Factor: 0%
	 Eff: 26733,6
	 DR Bracket: 1
	 Base: 0%
	 Effective Percent: 34,27%
Leech
	 Rating: 3060
	 Multiplicative Factor: 0%
	 Eff: 3060
	 DR Bracket: 0
	 Base: 0%
	 Effective Percent: 3%
Avoidance
	 Rating: 0
	 Multiplicative Factor: 0%
	 Eff: 0
	 DR Bracket: 0
	 Base: 0%
	 Effective Percent: 0%
Mastery
	 Rating: 6046
	 Multiplicative Factor: 0%
	 Eff: 15846
	 DR Bracket: 0
	 Base: 21%
	 Effective Percent: 33,96%
----------------------
01:36,196

Intellect
	 Rating: 145827
	 Multiplicative Factor: 12,48%
	 Eff: 145827
Stamina
	 Rating: 861476
	 Multiplicative Factor: 11,3%
	 Eff: 861476
Crit
	 Rating: 8866
	 Multiplicative Factor: 0%
	 Eff: 15166
	 DR Bracket: 0
	 Base: 9%
	 Effective Percent: 21,67%
	 Crit Inc Heal: 2
	 Crit Inc Damage: 2
Haste
	 Rating: 19522
	 Multiplicative Factor: 0%
	 Eff: 28074,199999999997
	 DR Bracket: 0
	 Base: 10%
	 Effective Percent: 42,54%
Vers
	 Rating: 27104
	 Multiplicative Factor: 0%
	 Eff: 26733,6
	 DR Bracket: 1
	 Base: 0%
	 Effective Percent: 34,27%
Leech
	 Rating: 3060
	 Multiplicative Factor: 0%
	 Eff: 3060
	 DR Bracket: 0
	 Base: 0%
	 Effective Percent: 3%
Avoidance
	 Rating: 0
	 Multiplicative Factor: 0%
	 Eff: 0
	 DR Bracket: 0
	 Base: 0%
	 Effective Percent: 0%
Mastery
	 Rating: 6046
	 Multiplicative Factor: 0%
	 Eff: 15846
	 DR Bracket: 0
	 Base: 21%
	 Effective Percent: 33,96%
----------------------
01:37,646

Intellect
	 Rating: 145827
	 Multiplicative Factor: 12,48%
	 Eff: 145827
Stamina
	 Rating: 861476
	 Multiplicative Factor: 11,3%
	 Eff: 861476
Crit
	 Rating: 8866
	 Multiplicative Factor: 0%
	 Eff: 15166
	 DR Bracket: 0
	 Base: 9%
	 Effective Percent: 21,67%
	 Crit Inc Heal: 2
	 Crit Inc Damage: 2
Haste
	 Rating: 19522
	 Multiplicative Factor: 0%
	 Eff: 28074,199999999997
	 DR Bracket: 0
	 Base: 10%
	 Effective Percent: 42,54%
Vers
	 Rating: 27104
	 Multiplicative Factor: 0%
	 Eff: 26733,6
	 DR Bracket: 1
	 Base: 0%
	 Effective Percent: 34,27%
Leech
	 Rating: 3060
	 Multiplicative Factor: 0%
	 Eff: 3060
	 DR Bracket: 0
	 Base: 0%
	 Effective Percent: 3%
Avoidance
	 Rating: 0
	 Multiplicative Factor: 0%
	 Eff: 0
	 DR Bracket: 0
	 Base: 0%
	 Effective Percent: 0%
Mastery
	 Rating: 6046
	 Multiplicative Factor: 0%
	 Eff: 15846
	 DR Bracket: 0
	 Base: 21%
	 Effective Percent: 33,96%
----------------------
01:40,110

Intellect
	 Rating: 145827
	 Multiplicative Factor: 12,48%
	 Eff: 145827
Stamina
	 Rating: 861476
	 Multiplicative Factor: 11,3%
	 Eff: 861476
Crit
	 Rating: 8866
	 Multiplicative Factor: 0%
	 Eff: 15166
	 DR Bracket: 0
	 Base: 9%
	 Effective Percent: 21,67%
	 Crit Inc Heal: 2
	 Crit Inc Damage: 2
Haste
	 Rating: 19522
	 Multiplicative Factor: 0%
	 Eff: 28074,199999999997
	 DR Bracket: 0
	 Base: 10%
	 Effective Percent: 42,54%
Vers
	 Rating: 27104
	 Multiplicative Factor: 0%
	 Eff: 26733,6
	 DR Bracket: 1
	 Base: 0%
	 Effective Percent: 34,27%
Leech
	 Rating: 3060
	 Multiplicative Factor: 0%
	 Eff: 3060
	 DR Bracket: 0
	 Base: 0%
	 Effective Percent: 3%
Avoidance
	 Rating: 0
	 Multiplicative Factor: 0%
	 Eff: 0
	 DR Bracket: 0
	 Base: 0%
	 Effective Percent: 0%
Mastery
	 Rating: 6046
	 Multiplicative Factor: 0%
	 Eff: 15846
	 DR Bracket: 0
	 Base: 21%
	 Effective Percent: 33,96%
----------------------
01:46,192

Intellect
	 Rating: 145827
	 Multiplicative Factor: 12,48%
	 Eff: 145827
Stamina
	 Rating: 861476
	 Multiplicative Factor: 11,3%
	 Eff: 861476
Crit
	 Rating: 8866
	 Multiplicative Factor: 0%
	 Eff: 15166
	 DR Bracket: 0
	 Base: 9%
	 Effective Percent: 21,67%
	 Crit Inc Heal: 2
	 Crit Inc Damage: 2
Haste
	 Rating: 19522
	 Multiplicative Factor: 0%
	 Eff: 28074,199999999997
	 DR Bracket: 0
	 Base: 10%
	 Effective Percent: 42,54%
Vers
	 Rating: 27104
	 Multiplicative Factor: 0%
	 Eff: 26733,6
	 DR Bracket: 1
	 Base: 0%
	 Effective Percent: 34,27%
Leech
	 Rating: 3060
	 Multiplicative Factor: 0%
	 Eff: 3060
	 DR Bracket: 0
	 Base: 0%
	 Effective Percent: 3%
Avoidance
	 Rating: 0
	 Multiplicative Factor: 0%
	 Eff: 0
	 DR Bracket: 0
	 Base: 0%
	 Effective Percent: 0%
Mastery
	 Rating: 6046
	 Multiplicative Factor: 0%
	 Eff: 15846
	 DR Bracket: 0
	 Base: 21%
	 Effective Percent: 33,96%
----------------------
01:47,667

Intellect
	 Rating: 145827
	 Multiplicative Factor: 12,48%
	 Eff: 145827
Stamina
	 Rating: 861476
	 Multiplicative Factor: 11,3%
	 Eff: 861476
Crit
	 Rating: 8866
	 Multiplicative Factor: 0%
	 Eff: 15166
	 DR Bracket: 0
	 Base: 9%
	 Effective Percent: 21,67%
	 Crit Inc Heal: 2
	 Crit Inc Damage: 2
Haste
	 Rating: 19522
	 Multiplicative Factor: 0%
	 Eff: 28074,199999999997
	 DR Bracket: 0
	 Base: 10%
	 Effective Percent: 42,54%
Vers
	 Rating: 27104
	 Multiplicative Factor: 0%
	 Eff: 26733,6
	 DR Bracket: 1
	 Base: 0%
	 Effective Percent: 34,27%
Leech
	 Rating: 3060
	 Multiplicative Factor: 0%
	 Eff: 3060
	 DR Bracket: 0
	 Base: 0%
	 Effective Percent: 3%
Avoidance
	 Rating: 0
	 Multiplicative Factor: 0%
	 Eff: 0
	 DR Bracket: 0
	 Base: 0%
	 Effective Percent: 0%
Mastery
	 Rating: 6046
	 Multiplicative Factor: 0%
	 Eff: 15846
	 DR Bracket: 0
	 Base: 21%
	 Effective Percent: 33,96%
----------------------
01:51,761

Intellect
	 Rating: 145827
	 Multiplicative Factor: 12,48%
	 Eff: 145827
Stamina
	 Rating: 861476
	 Multiplicative Factor: 11,3%
	 Eff: 861476
Crit
	 Rating: 8866
	 Multiplicative Factor: 0%
	 Eff: 25666
	 DR Bracket: 0
	 Base: 24%
	 Effective Percent: 36,67%
	 Crit Inc Heal: 2
	 Crit Inc Damage: 2
Haste
	 Rating: 19522
	 Multiplicative Factor: 0%
	 Eff: 28074,199999999997
	 DR Bracket: 0
	 Base: 10%
	 Effective Percent: 42,54%
Vers
	 Rating: 27104
	 Multiplicative Factor: 0%
	 Eff: 26733,6
	 DR Bracket: 1
	 Base: 0%
	 Effective Percent: 34,27%
Leech
	 Rating: 3060
	 Multiplicative Factor: 0%
	 Eff: 3060
	 DR Bracket: 0
	 Base: 0%
	 Effective Percent: 3%
Avoidance
	 Rating: 0
	 Multiplicative Factor: 0%
	 Eff: 0
	 DR Bracket: 0
	 Base: 0%
	 Effective Percent: 0%
Mastery
	 Rating: 6046
	 Multiplicative Factor: 0%
	 Eff: 15846
	 DR Bracket: 0
	 Base: 21%
	 Effective Percent: 33,96%
----------------------
02:19,698

Intellect
	 Rating: 145827
	 Multiplicative Factor: 12,48%
	 Eff: 145827
Stamina
	 Rating: 861476
	 Multiplicative Factor: 11,3%
	 Eff: 861476
Crit
	 Rating: 8866
	 Multiplicative Factor: 0%
	 Eff: 25666
	 DR Bracket: 0
	 Base: 24%
	 Effective Percent: 36,67%
	 Crit Inc Heal: 2
	 Crit Inc Damage: 2
Haste
	 Rating: 19522
	 Multiplicative Factor: 0%
	 Eff: 28074,199999999997
	 DR Bracket: 0
	 Base: 10%
	 Effective Percent: 42,54%
Vers
	 Rating: 27104
	 Multiplicative Factor: 0%
	 Eff: 26733,6
	 DR Bracket: 1
	 Base: 0%
	 Effective Percent: 34,27%
Leech
	 Rating: 3060
	 Multiplicative Factor: 0%
	 Eff: 3060
	 DR Bracket: 0
	 Base: 0%
	 Effective Percent: 3%
Avoidance
	 Rating: 0
	 Multiplicative Factor: 0%
	 Eff: 0
	 DR Bracket: 0
	 Base: 0%
	 Effective Percent: 0%
Mastery
	 Rating: 6046
	 Multiplicative Factor: 0%
	 Eff: 15846
	 DR Bracket: 0
	 Base: 21%
	 Effective Percent: 33,96%
----------------------
02:23,761

Intellect
	 Rating: 145827
	 Multiplicative Factor: 12,48%
	 Eff: 145827
Stamina
	 Rating: 861476
	 Multiplicative Factor: 11,3%
	 Eff: 861476
Crit
	 Rating: 8866
	 Multiplicative Factor: 0%
	 Eff: 15166
	 DR Bracket: 0
	 Base: 9%
	 Effective Percent: 21,67%
	 Crit Inc Heal: 2
	 Crit Inc Damage: 2
Haste
	 Rating: 19522
	 Multiplicative Factor: 0%
	 Eff: 28074,199999999997
	 DR Bracket: 0
	 Base: 10%
	 Effective Percent: 42,54%
Vers
	 Rating: 27104
	 Multiplicative Factor: 0%
	 Eff: 26733,6
	 DR Bracket: 1
	 Base: 0%
	 Effective Percent: 34,27%
Leech
	 Rating: 3060
	 Multiplicative Factor: 0%
	 Eff: 3060
	 DR Bracket: 0
	 Base: 0%
	 Effective Percent: 3%
Avoidance
	 Rating: 0
	 Multiplicative Factor: 0%
	 Eff: 0
	 DR Bracket: 0
	 Base: 0%
	 Effective Percent: 0%
Mastery
	 Rating: 6046
	 Multiplicative Factor: 0%
	 Eff: 15846
	 DR Bracket: 0
	 Base: 21%
	 Effective Percent: 33,96%
----------------------
02:29,704

Intellect
	 Rating: 145827
	 Multiplicative Factor: 12,48%
	 Eff: 145827
Stamina
	 Rating: 861476
	 Multiplicative Factor: 11,3%
	 Eff: 861476
Crit
	 Rating: 8866
	 Multiplicative Factor: 0%
	 Eff: 15166
	 DR Bracket: 0
	 Base: 9%
	 Effective Percent: 21,67%
	 Crit Inc Heal: 2
	 Crit Inc Damage: 2
Haste
	 Rating: 19522
	 Multiplicative Factor: 0%
	 Eff: 28074,199999999997
	 DR Bracket: 0
	 Base: 10%
	 Effective Percent: 42,54%
Vers
	 Rating: 27104
	 Multiplicative Factor: 0%
	 Eff: 26733,6
	 DR Bracket: 1
	 Base: 0%
	 Effective Percent: 34,27%
Leech
	 Rating: 3060
	 Multiplicative Factor: 0%
	 Eff: 3060
	 DR Bracket: 0
	 Base: 0%
	 Effective Percent: 3%
Avoidance
	 Rating: 0
	 Multiplicative Factor: 0%
	 Eff: 0
	 DR Bracket: 0
	 Base: 0%
	 Effective Percent: 0%
Mastery
	 Rating: 6046
	 Multiplicative Factor: 0%
	 Eff: 15846
	 DR Bracket: 0
	 Base: 21%
	 Effective Percent: 33,96%
----------------------
02:50,121

Intellect
	 Rating: 145827
	 Multiplicative Factor: 12,48%
	 Eff: 145827
Stamina
	 Rating: 861476
	 Multiplicative Factor: 11,3%
	 Eff: 861476
Crit
	 Rating: 8866
	 Multiplicative Factor: 0%
	 Eff: 25666
	 DR Bracket: 0
	 Base: 24%
	 Effective Percent: 36,67%
	 Crit Inc Heal: 2
	 Crit Inc Damage: 2
Haste
	 Rating: 19522
	 Multiplicative Factor: 0%
	 Eff: 28074,199999999997
	 DR Bracket: 0
	 Base: 10%
	 Effective Percent: 42,54%
Vers
	 Rating: 27104
	 Multiplicative Factor: 0%
	 Eff: 26733,6
	 DR Bracket: 1
	 Base: 0%
	 Effective Percent: 34,27%
Leech
	 Rating: 3060
	 Multiplicative Factor: 0%
	 Eff: 3060
	 DR Bracket: 0
	 Base: 0%
	 Effective Percent: 3%
Avoidance
	 Rating: 0
	 Multiplicative Factor: 0%
	 Eff: 0
	 DR Bracket: 0
	 Base: 0%
	 Effective Percent: 0%
Mastery
	 Rating: 6046
	 Multiplicative Factor: 0%
	 Eff: 15846
	 DR Bracket: 0
	 Base: 21%
	 Effective Percent: 33,96%
----------------------
02:54,106

Intellect
	 Rating: 145827
	 Multiplicative Factor: 12,48%
	 Eff: 145827
Stamina
	 Rating: 861476
	 Multiplicative Factor: 11,3%
	 Eff: 861476
Crit
	 Rating: 8866
	 Multiplicative Factor: 0%
	 Eff: 25666
	 DR Bracket: 0
	 Base: 24%
	 Effective Percent: 36,67%
	 Crit Inc Heal: 2
	 Crit Inc Damage: 2
Haste
	 Rating: 19522
	 Multiplicative Factor: 0%
	 Eff: 28074,199999999997
	 DR Bracket: 0
	 Base: 10%
	 Effective Percent: 42,54%
Vers
	 Rating: 27104
	 Multiplicative Factor: 0%
	 Eff: 26733,6
	 DR Bracket: 1
	 Base: 0%
	 Effective Percent: 34,27%
Leech
	 Rating: 3060
	 Multiplicative Factor: 0%
	 Eff: 3060
	 DR Bracket: 0
	 Base: 0%
	 Effective Percent: 3%
Avoidance
	 Rating: 0
	 Multiplicative Factor: 0%
	 Eff: 0
	 DR Bracket: 0
	 Base: 0%
	 Effective Percent: 0%
Mastery
	 Rating: 6046
	 Multiplicative Factor: 0%
	 Eff: 15846
	 DR Bracket: 0
	 Base: 21%
	 Effective Percent: 33,96%
----------------------
03:02,130

Intellect
	 Rating: 145827
	 Multiplicative Factor: 12,48%
	 Eff: 145827
Stamina
	 Rating: 861476
	 Multiplicative Factor: 11,3%
	 Eff: 861476
Crit
	 Rating: 8866
	 Multiplicative Factor: 0%
	 Eff: 15166
	 DR Bracket: 0
	 Base: 9%
	 Effective Percent: 21,67%
	 Crit Inc Heal: 2
	 Crit Inc Damage: 2
Haste
	 Rating: 19522
	 Multiplicative Factor: 0%
	 Eff: 28074,199999999997
	 DR Bracket: 0
	 Base: 10%
	 Effective Percent: 42,54%
Vers
	 Rating: 27104
	 Multiplicative Factor: 0%
	 Eff: 26733,6
	 DR Bracket: 1
	 Base: 0%
	 Effective Percent: 34,27%
Leech
	 Rating: 3060
	 Multiplicative Factor: 0%
	 Eff: 3060
	 DR Bracket: 0
	 Base: 0%
	 Effective Percent: 3%
Avoidance
	 Rating: 0
	 Multiplicative Factor: 0%
	 Eff: 0
	 DR Bracket: 0
	 Base: 0%
	 Effective Percent: 0%
Mastery
	 Rating: 6046
	 Multiplicative Factor: 0%
	 Eff: 15846
	 DR Bracket: 0
	 Base: 21%
	 Effective Percent: 33,96%
----------------------
03:04,117

Intellect
	 Rating: 145827
	 Multiplicative Factor: 12,48%
	 Eff: 145827
Stamina
	 Rating: 861476
	 Multiplicative Factor: 11,3%
	 Eff: 861476
Crit
	 Rating: 8866
	 Multiplicative Factor: 0%
	 Eff: 15166
	 DR Bracket: 0
	 Base: 9%
	 Effective Percent: 21,67%
	 Crit Inc Heal: 2
	 Crit Inc Damage: 2
Haste
	 Rating: 19522
	 Multiplicative Factor: 0%
	 Eff: 28074,199999999997
	 DR Bracket: 0
	 Base: 10%
	 Effective Percent: 42,54%
Vers
	 Rating: 27104
	 Multiplicative Factor: 0%
	 Eff: 26733,6
	 DR Bracket: 1
	 Base: 0%
	 Effective Percent: 34,27%
Leech
	 Rating: 3060
	 Multiplicative Factor: 0%
	 Eff: 3060
	 DR Bracket: 0
	 Base: 0%
	 Effective Percent: 3%
Avoidance
	 Rating: 0
	 Multiplicative Factor: 0%
	 Eff: 0
	 DR Bracket: 0
	 Base: 0%
	 Effective Percent: 0%
Mastery
	 Rating: 6046
	 Multiplicative Factor: 0%
	 Eff: 15846
	 DR Bracket: 0
	 Base: 21%
	 Effective Percent: 33,96%
----------------------
03:08,540

Intellect
	 Rating: 145827
	 Multiplicative Factor: 12,48%
	 Eff: 145827
Stamina
	 Rating: 861476
	 Multiplicative Factor: 11,3%
	 Eff: 861476
Crit
	 Rating: 8866
	 Multiplicative Factor: 0%
	 Eff: 15166
	 DR Bracket: 0
	 Base: 9%
	 Effective Percent: 21,67%
	 Crit Inc Heal: 2
	 Crit Inc Damage: 2
Haste
	 Rating: 19522
	 Multiplicative Factor: 0%
	 Eff: 28074,199999999997
	 DR Bracket: 0
	 Base: 10%
	 Effective Percent: 42,54%
Vers
	 Rating: 27104
	 Multiplicative Factor: 0%
	 Eff: 26733,6
	 DR Bracket: 1
	 Base: 0%
	 Effective Percent: 34,27%
Leech
	 Rating: 3060
	 Multiplicative Factor: 0%
	 Eff: 3060
	 DR Bracket: 0
	 Base: 0%
	 Effective Percent: 3%
Avoidance
	 Rating: 0
	 Multiplicative Factor: 0%
	 Eff: 0
	 DR Bracket: 0
	 Base: 0%
	 Effective Percent: 0%
Mastery
	 Rating: 6046
	 Multiplicative Factor: 0%
	 Eff: 15846
	 DR Bracket: 0
	 Base: 21%
	 Effective Percent: 33,96%
----------------------
03:12,629

Intellect
	 Rating: 145827
	 Multiplicative Factor: 12,48%
	 Eff: 145827
Stamina
	 Rating: 861476
	 Multiplicative Factor: 11,3%
	 Eff: 861476
Crit
	 Rating: 8866
	 Multiplicative Factor: 0%
	 Eff: 15166
	 DR Bracket: 0
	 Base: 9%
	 Effective Percent: 21,67%
	 Crit Inc Heal: 2
	 Crit Inc Damage: 2
Haste
	 Rating: 19522
	 Multiplicative Factor: 0%
	 Eff: 28074,199999999997
	 DR Bracket: 0
	 Base: 10%
	 Effective Percent: 42,54%
Vers
	 Rating: 27104
	 Multiplicative Factor: 0%
	 Eff: 26733,6
	 DR Bracket: 1
	 Base: 0%
	 Effective Percent: 34,27%
Leech
	 Rating: 3060
	 Multiplicative Factor: 0%
	 Eff: 3060
	 DR Bracket: 0
	 Base: 0%
	 Effective Percent: 3%
Avoidance
	 Rating: 0
	 Multiplicative Factor: 0%
	 Eff: 0
	 DR Bracket: 0
	 Base: 0%
	 Effective Percent: 0%
Mastery
	 Rating: 6046
	 Multiplicative Factor: 0%
	 Eff: 15846
	 DR Bracket: 0
	 Base: 21%
	 Effective Percent: 33,96%
----------------------
03:18,534

Intellect
	 Rating: 145827
	 Multiplicative Factor: 12,48%
	 Eff: 145827
Stamina
	 Rating: 861476
	 Multiplicative Factor: 11,3%
	 Eff: 861476
Crit
	 Rating: 8866
	 Multiplicative Factor: 0%
	 Eff: 15166
	 DR Bracket: 0
	 Base: 9%
	 Effective Percent: 21,67%
	 Crit Inc Heal: 2
	 Crit Inc Damage: 2
Haste
	 Rating: 19522
	 Multiplicative Factor: 0%
	 Eff: 28074,199999999997
	 DR Bracket: 0
	 Base: 10%
	 Effective Percent: 42,54%
Vers
	 Rating: 27104
	 Multiplicative Factor: 0%
	 Eff: 26733,6
	 DR Bracket: 1
	 Base: 0%
	 Effective Percent: 34,27%
Leech
	 Rating: 3060
	 Multiplicative Factor: 0%
	 Eff: 3060
	 DR Bracket: 0
	 Base: 0%
	 Effective Percent: 3%
Avoidance
	 Rating: 0
	 Multiplicative Factor: 0%
	 Eff: 0
	 DR Bracket: 0
	 Base: 0%
	 Effective Percent: 0%
Mastery
	 Rating: 6046
	 Multiplicative Factor: 0%
	 Eff: 15846
	 DR Bracket: 0
	 Base: 21%
	 Effective Percent: 33,96%
----------------------
03:22,626

Intellect
	 Rating: 145827
	 Multiplicative Factor: 12,48%
	 Eff: 145827
Stamina
	 Rating: 861476
	 Multiplicative Factor: 11,3%
	 Eff: 861476
Crit
	 Rating: 8866
	 Multiplicative Factor: 0%
	 Eff: 15166
	 DR Bracket: 0
	 Base: 9%
	 Effective Percent: 21,67%
	 Crit Inc Heal: 2
	 Crit Inc Damage: 2
Haste
	 Rating: 19522
	 Multiplicative Factor: 0%
	 Eff: 28074,199999999997
	 DR Bracket: 0
	 Base: 10%
	 Effective Percent: 42,54%
Vers
	 Rating: 27104
	 Multiplicative Factor: 0%
	 Eff: 26733,6
	 DR Bracket: 1
	 Base: 0%
	 Effective Percent: 34,27%
Leech
	 Rating: 3060
	 Multiplicative Factor: 0%
	 Eff: 3060
	 DR Bracket: 0
	 Base: 0%
	 Effective Percent: 3%
Avoidance
	 Rating: 0
	 Multiplicative Factor: 0%
	 Eff: 0
	 DR Bracket: 0
	 Base: 0%
	 Effective Percent: 0%
Mastery
	 Rating: 6046
	 Multiplicative Factor: 0%
	 Eff: 15846
	 DR Bracket: 0
	 Base: 21%
	 Effective Percent: 33,96%
----------------------
03:28,248

Intellect
	 Rating: 145827
	 Multiplicative Factor: 12,48%
	 Eff: 145827
Stamina
	 Rating: 861476
	 Multiplicative Factor: 11,3%
	 Eff: 861476
Crit
	 Rating: 8866
	 Multiplicative Factor: 0%
	 Eff: 15166
	 DR Bracket: 0
	 Base: 9%
	 Effective Percent: 21,67%
	 Crit Inc Heal: 2
	 Crit Inc Damage: 2
Haste
	 Rating: 19522
	 Multiplicative Factor: 0%
	 Eff: 28074,199999999997
	 DR Bracket: 0
	 Base: 10%
	 Effective Percent: 42,54%
Vers
	 Rating: 27104
	 Multiplicative Factor: 0%
	 Eff: 26733,6
	 DR Bracket: 1
	 Base: 0%
	 Effective Percent: 34,27%
Leech
	 Rating: 3060
	 Multiplicative Factor: 0%
	 Eff: 3060
	 DR Bracket: 0
	 Base: 0%
	 Effective Percent: 3%
Avoidance
	 Rating: 0
	 Multiplicative Factor: 0%
	 Eff: 0
	 DR Bracket: 0
	 Base: 0%
	 Effective Percent: 0%
Mastery
	 Rating: 6046
	 Multiplicative Factor: 0%
	 Eff: 15846
	 DR Bracket: 0
	 Base: 21%
	 Effective Percent: 33,96%
----------------------
03:30,315

Intellect
	 Rating: 145827
	 Multiplicative Factor: 12,48%
	 Eff: 145827
Stamina
	 Rating: 861476
	 Multiplicative Factor: 11,3%
	 Eff: 861476
Crit
	 Rating: 8866
	 Multiplicative Factor: 0%
	 Eff: 25666
	 DR Bracket: 0
	 Base: 24%
	 Effective Percent: 36,67%
	 Crit Inc Heal: 2
	 Crit Inc Damage: 2
Haste
	 Rating: 19522
	 Multiplicative Factor: 0%
	 Eff: 28074,199999999997
	 DR Bracket: 0
	 Base: 10%
	 Effective Percent: 42,54%
Vers
	 Rating: 27104
	 Multiplicative Factor: 0%
	 Eff: 26733,6
	 DR Bracket: 1
	 Base: 0%
	 Effective Percent: 34,27%
Leech
	 Rating: 3060
	 Multiplicative Factor: 0%
	 Eff: 3060
	 DR Bracket: 0
	 Base: 0%
	 Effective Percent: 3%
Avoidance
	 Rating: 0
	 Multiplicative Factor: 0%
	 Eff: 0
	 DR Bracket: 0
	 Base: 0%
	 Effective Percent: 0%
Mastery
	 Rating: 6046
	 Multiplicative Factor: 0%
	 Eff: 15846
	 DR Bracket: 0
	 Base: 21%
	 Effective Percent: 33,96%
----------------------
03:38,253

Intellect
	 Rating: 145827
	 Multiplicative Factor: 12,48%
	 Eff: 145827
Stamina
	 Rating: 861476
	 Multiplicative Factor: 11,3%
	 Eff: 861476
Crit
	 Rating: 8866
	 Multiplicative Factor: 0%
	 Eff: 25666
	 DR Bracket: 0
	 Base: 24%
	 Effective Percent: 36,67%
	 Crit Inc Heal: 2
	 Crit Inc Damage: 2
Haste
	 Rating: 19522
	 Multiplicative Factor: 0%
	 Eff: 28074,199999999997
	 DR Bracket: 0
	 Base: 10%
	 Effective Percent: 42,54%
Vers
	 Rating: 27104
	 Multiplicative Factor: 0%
	 Eff: 26733,6
	 DR Bracket: 1
	 Base: 0%
	 Effective Percent: 34,27%
Leech
	 Rating: 3060
	 Multiplicative Factor: 0%
	 Eff: 3060
	 DR Bracket: 0
	 Base: 0%
	 Effective Percent: 3%
Avoidance
	 Rating: 0
	 Multiplicative Factor: 0%
	 Eff: 0
	 DR Bracket: 0
	 Base: 0%
	 Effective Percent: 0%
Mastery
	 Rating: 6046
	 Multiplicative Factor: 0%
	 Eff: 15846
	 DR Bracket: 0
	 Base: 21%
	 Effective Percent: 33,96%
----------------------
03:42,317

Intellect
	 Rating: 145827
	 Multiplicative Factor: 12,48%
	 Eff: 145827
Stamina
	 Rating: 861476
	 Multiplicative Factor: 11,3%
	 Eff: 861476
Crit
	 Rating: 8866
	 Multiplicative Factor: 0%
	 Eff: 15166
	 DR Bracket: 0
	 Base: 9%
	 Effective Percent: 21,67%
	 Crit Inc Heal: 2
	 Crit Inc Damage: 2
Haste
	 Rating: 19522
	 Multiplicative Factor: 0%
	 Eff: 28074,199999999997
	 DR Bracket: 0
	 Base: 10%
	 Effective Percent: 42,54%
Vers
	 Rating: 27104
	 Multiplicative Factor: 0%
	 Eff: 26733,6
	 DR Bracket: 1
	 Base: 0%
	 Effective Percent: 34,27%
Leech
	 Rating: 3060
	 Multiplicative Factor: 0%
	 Eff: 3060
	 DR Bracket: 0
	 Base: 0%
	 Effective Percent: 3%
Avoidance
	 Rating: 0
	 Multiplicative Factor: 0%
	 Eff: 0
	 DR Bracket: 0
	 Base: 0%
	 Effective Percent: 0%
Mastery
	 Rating: 6046
	 Multiplicative Factor: 0%
	 Eff: 15846
	 DR Bracket: 0
	 Base: 21%
	 Effective Percent: 33,96%
----------------------
03:51,130

Intellect
	 Rating: 145827
	 Multiplicative Factor: 12,48%
	 Eff: 145827
Stamina
	 Rating: 861476
	 Multiplicative Factor: 11,3%
	 Eff: 861476
Crit
	 Rating: 8866
	 Multiplicative Factor: 0%
	 Eff: 15166
	 DR Bracket: 0
	 Base: 9%
	 Effective Percent: 21,67%
	 Crit Inc Heal: 2
	 Crit Inc Damage: 2
Haste
	 Rating: 19522
	 Multiplicative Factor: 0%
	 Eff: 28074,199999999997
	 DR Bracket: 0
	 Base: 10%
	 Effective Percent: 42,54%
Vers
	 Rating: 27104
	 Multiplicative Factor: 0%
	 Eff: 26733,6
	 DR Bracket: 1
	 Base: 0%
	 Effective Percent: 34,27%
Leech
	 Rating: 3060
	 Multiplicative Factor: 0%
	 Eff: 3060
	 DR Bracket: 0
	 Base: 0%
	 Effective Percent: 3%
Avoidance
	 Rating: 0
	 Multiplicative Factor: 0%
	 Eff: 0
	 DR Bracket: 0
	 Base: 0%
	 Effective Percent: 0%
Mastery
	 Rating: 6046
	 Multiplicative Factor: 0%
	 Eff: 15846
	 DR Bracket: 0
	 Base: 21%
	 Effective Percent: 33,96%
----------------------
03:51,852

Intellect
	 Rating: 145827
	 Multiplicative Factor: 12,48%
	 Eff: 145827
Stamina
	 Rating: 861476
	 Multiplicative Factor: 11,3%
	 Eff: 861476
Crit
	 Rating: 8866
	 Multiplicative Factor: 0%
	 Eff: 25666
	 DR Bracket: 0
	 Base: 24%
	 Effective Percent: 36,67%
	 Crit Inc Heal: 2
	 Crit Inc Damage: 2
Haste
	 Rating: 19522
	 Multiplicative Factor: 0%
	 Eff: 28074,199999999997
	 DR Bracket: 0
	 Base: 10%
	 Effective Percent: 42,54%
Vers
	 Rating: 27104
	 Multiplicative Factor: 0%
	 Eff: 26733,6
	 DR Bracket: 1
	 Base: 0%
	 Effective Percent: 34,27%
Leech
	 Rating: 3060
	 Multiplicative Factor: 0%
	 Eff: 3060
	 DR Bracket: 0
	 Base: 0%
	 Effective Percent: 3%
Avoidance
	 Rating: 0
	 Multiplicative Factor: 0%
	 Eff: 0
	 DR Bracket: 0
	 Base: 0%
	 Effective Percent: 0%
Mastery
	 Rating: 6046
	 Multiplicative Factor: 0%
	 Eff: 15846
	 DR Bracket: 0
	 Base: 21%
	 Effective Percent: 33,96%
----------------------
04:11,391

Intellect
	 Rating: 145827
	 Multiplicative Factor: 12,48%
	 Eff: 145827
Stamina
	 Rating: 861476
	 Multiplicative Factor: 11,3%
	 Eff: 861476
Crit
	 Rating: 8866
	 Multiplicative Factor: 0%
	 Eff: 25666
	 DR Bracket: 0
	 Base: 24%
	 Effective Percent: 36,67%
	 Crit Inc Heal: 2
	 Crit Inc Damage: 2
Haste
	 Rating: 19522
	 Multiplicative Factor: 0%
	 Eff: 28074,199999999997
	 DR Bracket: 0
	 Base: 10%
	 Effective Percent: 42,54%
Vers
	 Rating: 27104
	 Multiplicative Factor: 0%
	 Eff: 26733,6
	 DR Bracket: 1
	 Base: 0%
	 Effective Percent: 34,27%
Leech
	 Rating: 3060
	 Multiplicative Factor: 0%
	 Eff: 3060
	 DR Bracket: 0
	 Base: 0%
	 Effective Percent: 3%
Avoidance
	 Rating: 0
	 Multiplicative Factor: 0%
	 Eff: 0
	 DR Bracket: 0
	 Base: 0%
	 Effective Percent: 0%
Mastery
	 Rating: 6046
	 Multiplicative Factor: 0%
	 Eff: 15846
	 DR Bracket: 0
	 Base: 21%
	 Effective Percent: 33,96%
----------------------
04:21,398

Intellect
	 Rating: 145827
	 Multiplicative Factor: 12,48%
	 Eff: 145827
Stamina
	 Rating: 861476
	 Multiplicative Factor: 11,3%
	 Eff: 861476
Crit
	 Rating: 8866
	 Multiplicative Factor: 0%
	 Eff: 25666
	 DR Bracket: 0
	 Base: 24%
	 Effective Percent: 36,67%
	 Crit Inc Heal: 2
	 Crit Inc Damage: 2
Haste
	 Rating: 19522
	 Multiplicative Factor: 0%
	 Eff: 28074,199999999997
	 DR Bracket: 0
	 Base: 10%
	 Effective Percent: 42,54%
Vers
	 Rating: 27104
	 Multiplicative Factor: 0%
	 Eff: 26733,6
	 DR Bracket: 1
	 Base: 0%
	 Effective Percent: 34,27%
Leech
	 Rating: 3060
	 Multiplicative Factor: 0%
	 Eff: 3060
	 DR Bracket: 0
	 Base: 0%
	 Effective Percent: 3%
Avoidance
	 Rating: 0
	 Multiplicative Factor: 0%
	 Eff: 0
	 DR Bracket: 0
	 Base: 0%
	 Effective Percent: 0%
Mastery
	 Rating: 6046
	 Multiplicative Factor: 0%
	 Eff: 15846
	 DR Bracket: 0
	 Base: 21%
	 Effective Percent: 33,96%
----------------------
04:23,869

Intellect
	 Rating: 145827
	 Multiplicative Factor: 12,48%
	 Eff: 145827
Stamina
	 Rating: 861476
	 Multiplicative Factor: 11,3%
	 Eff: 861476
Crit
	 Rating: 8866
	 Multiplicative Factor: 0%
	 Eff: 15166
	 DR Bracket: 0
	 Base: 9%
	 Effective Percent: 21,67%
	 Crit Inc Heal: 2
	 Crit Inc Damage: 2
Haste
	 Rating: 19522
	 Multiplicative Factor: 0%
	 Eff: 28074,199999999997
	 DR Bracket: 0
	 Base: 10%
	 Effective Percent: 42,54%
Vers
	 Rating: 27104
	 Multiplicative Factor: 0%
	 Eff: 26733,6
	 DR Bracket: 1
	 Base: 0%
	 Effective Percent: 34,27%
Leech
	 Rating: 3060
	 Multiplicative Factor: 0%
	 Eff: 3060
	 DR Bracket: 0
	 Base: 0%
	 Effective Percent: 3%
Avoidance
	 Rating: 0
	 Multiplicative Factor: 0%
	 Eff: 0
	 DR Bracket: 0
	 Base: 0%
	 Effective Percent: 0%
Mastery
	 Rating: 6046
	 Multiplicative Factor: 0%
	 Eff: 15846
	 DR Bracket: 0
	 Base: 21%
	 Effective Percent: 33,96%
----------------------
04:29,178

Intellect
	 Rating: 145827
	 Multiplicative Factor: 12,48%
	 Eff: 145827
Stamina
	 Rating: 861476
	 Multiplicative Factor: 11,3%
	 Eff: 861476
Crit
	 Rating: 8866
	 Multiplicative Factor: 0%
	 Eff: 15166
	 DR Bracket: 0
	 Base: 9%
	 Effective Percent: 21,67%
	 Crit Inc Heal: 2
	 Crit Inc Damage: 2
Haste
	 Rating: 19522
	 Multiplicative Factor: 0%
	 Eff: 28074,199999999997
	 DR Bracket: 0
	 Base: 10%
	 Effective Percent: 42,54%
Vers
	 Rating: 27104
	 Multiplicative Factor: 0%
	 Eff: 26733,6
	 DR Bracket: 1
	 Base: 0%
	 Effective Percent: 34,27%
Leech
	 Rating: 3060
	 Multiplicative Factor: 0%
	 Eff: 3060
	 DR Bracket: 0
	 Base: 0%
	 Effective Percent: 3%
Avoidance
	 Rating: 0
	 Multiplicative Factor: 0%
	 Eff: 0
	 DR Bracket: 0
	 Base: 0%
	 Effective Percent: 0%
Mastery
	 Rating: 6046
	 Multiplicative Factor: 0%
	 Eff: 15846
	 DR Bracket: 0
	 Base: 21%
	 Effective Percent: 33,96%
----------------------
04:37,465

Intellect
	 Rating: 145827
	 Multiplicative Factor: 12,48%
	 Eff: 145827
Stamina
	 Rating: 861476
	 Multiplicative Factor: 11,3%
	 Eff: 861476
Crit
	 Rating: 8866
	 Multiplicative Factor: 0%
	 Eff: 15166
	 DR Bracket: 0
	 Base: 9%
	 Effective Percent: 21,67%
	 Crit Inc Heal: 2
	 Crit Inc Damage: 2
Haste
	 Rating: 19522
	 Multiplicative Factor: 0%
	 Eff: 28074,199999999997
	 DR Bracket: 0
	 Base: 10%
	 Effective Percent: 42,54%
Vers
	 Rating: 27104
	 Multiplicative Factor: 0%
	 Eff: 26733,6
	 DR Bracket: 1
	 Base: 0%
	 Effective Percent: 34,27%
Leech
	 Rating: 3060
	 Multiplicative Factor: 0%
	 Eff: 3060
	 DR Bracket: 0
	 Base: 0%
	 Effective Percent: 3%
Avoidance
	 Rating: 0
	 Multiplicative Factor: 0%
	 Eff: 0
	 DR Bracket: 0
	 Base: 0%
	 Effective Percent: 0%
Mastery
	 Rating: 6046
	 Multiplicative Factor: 0%
	 Eff: 15846
	 DR Bracket: 0
	 Base: 21%
	 Effective Percent: 33,96%
