-----------
A Just Reward
-----------
Avenging Crusader
-----------
Avenging Wrath
-----------
Aura Mastery
-----------
Barrier of Faith
-----------
Beacon of Faith
-----------
Beacon of Light
	Eff: 329,76188158857985
-----------
Beacon of Virtue
-----------
Bestow Light
-----------
Blessing of Freedom
-----------
Blessing of Protection
-----------
Blinding Light
-----------
Brought to Light
-----------
Cleanse
-----------
Consecration
	Dmg: 199,821575884278
-----------
Consecration Aura
-----------
Crusader Strike
	Dmg: 198,41447730263462
-----------
Dawnlight
	Eff: 1039,9699637969038
	Dmg: 589,5682989990746
-----------
Divine Shield
-----------
DivineGuidance
-----------
Divine Toll
-----------
Eternal Flame
	Eff: 972,6070086405339
-----------
Eye for an Eye
-----------
Flash of Light
-----------
Forge's Reckoning
-----------
Golden Path
	Eff: 32,22090332047935
-----------
Greater Judgment
	Eff: 205,80925319054222
-----------
Hammer and Anvil
-----------
Hammer of Justice
-----------
Holy Light
-----------
Holy Prism
	Eff: 556,9523648584291
	Dmg: 179,8214670366142
-----------
Holy Ritual
	Eff: 24,151447100011865
-----------
Holy Shock
	Eff: 375,75048122153385
	Dmg: 1024,5895070929546
-----------
Intercession
-----------
Judgment
	Dmg: 506,70136804290814
-----------
Judgment of Light
	Eff: 102,7203791335287
-----------
Lay on Hands
-----------
Lesser Weapon
-----------
Liberation
-----------
Light of Dawn
	Eff: 5,039061962896085
-----------
Light of the Martyr
-----------
Merciful Auras
-----------
Overflowing Light
-----------
Pillar of Lights (Passive)
-----------
Pillar of Lights
-----------
Radiant Aura
-----------
Repentance
-----------
Resplendent Light
-----------
Rite of Adjuration
-----------
Sacred Word
-----------
Sacred Weapon
-----------
Saved by the Light
	Eff: 315,6428424116457
-----------
Seal of the Crusader
-----------
Selfless Healer
-----------
Shield of the Righteous
	Dmg: 303,9029595089378
-----------
Shining Righteousness
	Dmg: 250,2055873190984
-----------
Sun's Avatar
	Eff: 438,0854596816007
	Dmg: 267,7795521215012
-----------
Sun Sear
	Eff: 15,986734916008572
-----------
Truth Prevails
-----------
Turn Evil
-----------
Tyr's Deliverance
-----------
Veneration
	Eff: 417,0828301492438
-----------
Word of Glory
-----------
Leech
	Eff: 122,51818433342487
-----------
Blessing of Summer
	Eff: 114,44179159700434
	Dmg: 338,92805864951333
-----------
Holy Bulwark
-----------
ZeroCIMDummy
-----------
Lightforged Blessing
-----------
Lightbearer
-----------
Tempered Potion
-----------
Ethereal Reconstitution
	Eff: 251,2473275057273
-----------
Melee
	Dmg: 179,77030294024735
-----------
Ethereal Guard
	Eff: 1423,5177622082629
-----------
Authority of Fiery Resolve
-----------
Blessing of Autumn
-----------
Spidersting
-----------
Divine Protection
-----------
Blessing of Winter
-----------
Divine Steed
-----------
Blessing of Spring
-----------
Blessing of Sacrifice
-----------
Invigorating Healing Potion
	Eff: 26,03159444546327
-----------
Voidglass Barrier
