----------------------
00:00,322

Intellect
	 Rating: 136354
	 Multiplicative Factor: 12,48%
	 Eff: 136354,48343170396
Stamina
	 Rating: 861476
	 Multiplicative Factor: 11,3%
	 Eff: 861476
Crit
	 Rating: 8866
	 Multiplicative Factor: 0%
	 Eff: 15166
	 DR Bracket: 0
	 Base: 9%
	 Effective Percent: 21,67%
	 Crit Inc Heal: 2
	 Crit Inc Damage: 2
Haste
	 Rating: 21517
	 Multiplicative Factor: 0%
	 Eff: 25712,15470335661
	 DR Bracket: 1
	 Base: 5%
	 Effective Percent: 38,96%
Vers
	 Rating: 27104
	 Multiplicative Factor: 0%
	 Eff: 26733,6
	 DR Bracket: 1
	 Base: 0%
	 Effective Percent: 34,27%
Leech
	 Rating: 3060
	 Multiplicative Factor: 0%
	 Eff: 3060
	 DR Bracket: 0
	 Base: 0%
	 Effective Percent: 3%
Avoidance
	 Rating: 0
	 Multiplicative Factor: 0%
	 Eff: 0
	 DR Bracket: 0
	 Base: 0%
	 Effective Percent: 0%
Mastery
	 Rating: 6046
	 Multiplicative Factor: 0%
	 Eff: 15846
	 DR Bracket: 0
	 Base: 21%
	 Effective Percent: 33,96%
----------------------
00:05,353

Intellect
	 Rating: 136354
	 Multiplicative Factor: 12,48%
	 Eff: 151590,74819850203
Stamina
	 Rating: 861476
	 Multiplicative Factor: 11,3%
	 Eff: 861476
Crit
	 Rating: 8866
	 Multiplicative Factor: 0%
	 Eff: 25666
	 DR Bracket: 0
	 Base: 24%
	 Effective Percent: 36,67%
	 Crit Inc Heal: 2
	 Crit Inc Damage: 2
Haste
	 Rating: 21517
	 Multiplicative Factor: 0%
	 Eff: 52789,07656815713
	 DR Bracket: 1
	 Base: 36%
	 Effective Percent: 79,98%
Vers
	 Rating: 27104
	 Multiplicative Factor: 0%
	 Eff: 26733,6
	 DR Bracket: 1
	 Base: 0%
	 Effective Percent: 34,27%
Leech
	 Rating: 3060
	 Multiplicative Factor: 0%
	 Eff: 3060
	 DR Bracket: 0
	 Base: 0%
	 Effective Percent: 3%
Avoidance
	 Rating: 0
	 Multiplicative Factor: 0%
	 Eff: 0
	 DR Bracket: 0
	 Base: 0%
	 Effective Percent: 0%
Mastery
	 Rating: 6046
	 Multiplicative Factor: 0%
	 Eff: 15846
	 DR Bracket: 0
	 Base: 21%
	 Effective Percent: 33,96%
----------------------
00:10,441

Intellect
	 Rating: 136354
	 Multiplicative Factor: 12,48%
	 Eff: 166827,01296530015
Stamina
	 Rating: 861476
	 Multiplicative Factor: 11,3%
	 Eff: 861476
Crit
	 Rating: 8866
	 Multiplicative Factor: 0%
	 Eff: 25666
	 DR Bracket: 0
	 Base: 24%
	 Effective Percent: 36,67%
	 Crit Inc Heal: 2
	 Crit Inc Damage: 2
Haste
	 Rating: 21517
	 Multiplicative Factor: 0%
	 Eff: 54535,97475298297
	 DR Bracket: 1
	 Base: 38%
	 Effective Percent: 82,63%
Vers
	 Rating: 27104
	 Multiplicative Factor: 0%
	 Eff: 26733,6
	 DR Bracket: 1
	 Base: 0%
	 Effective Percent: 34,27%
Leech
	 Rating: 3060
	 Multiplicative Factor: 0%
	 Eff: 3060
	 DR Bracket: 0
	 Base: 0%
	 Effective Percent: 3%
Avoidance
	 Rating: 0
	 Multiplicative Factor: 0%
	 Eff: 0
	 DR Bracket: 0
	 Base: 0%
	 Effective Percent: 0%
Mastery
	 Rating: 6046
	 Multiplicative Factor: 0%
	 Eff: 15846
	 DR Bracket: 0
	 Base: 21%
	 Effective Percent: 33,96%
----------------------
00:15,449

Intellect
	 Rating: 136354
	 Multiplicative Factor: 12,48%
	 Eff: 166827,01296530015
Stamina
	 Rating: 861476
	 Multiplicative Factor: 11,3%
	 Eff: 861476
Crit
	 Rating: 8866
	 Multiplicative Factor: 0%
	 Eff: 25666
	 DR Bracket: 0
	 Base: 24%
	 Effective Percent: 36,67%
	 Crit Inc Heal: 2
	 Crit Inc Damage: 2
Haste
	 Rating: 21517
	 Multiplicative Factor: 0%
	 Eff: 56282,87293780881
	 DR Bracket: 1
	 Base: 40%
	 Effective Percent: 85,28%
Vers
	 Rating: 27104
	 Multiplicative Factor: 0%
	 Eff: 26733,6
	 DR Bracket: 1
	 Base: 0%
	 Effective Percent: 34,27%
Leech
	 Rating: 3060
	 Multiplicative Factor: 0%
	 Eff: 3060
	 DR Bracket: 0
	 Base: 0%
	 Effective Percent: 3%
Avoidance
	 Rating: 0
	 Multiplicative Factor: 0%
	 Eff: 0
	 DR Bracket: 0
	 Base: 0%
	 Effective Percent: 0%
Mastery
	 Rating: 6046
	 Multiplicative Factor: 0%
	 Eff: 15846
	 DR Bracket: 0
	 Base: 21%
	 Effective Percent: 33,96%
----------------------
00:20,658

Intellect
	 Rating: 136354
	 Multiplicative Factor: 12,48%
	 Eff: 166827,01296530015
Stamina
	 Rating: 861476
	 Multiplicative Factor: 11,3%
	 Eff: 861476
Crit
	 Rating: 8866
	 Multiplicative Factor: 0%
	 Eff: 15166
	 DR Bracket: 0
	 Base: 9%
	 Effective Percent: 21,67%
	 Crit Inc Heal: 2
	 Crit Inc Damage: 2
Haste
	 Rating: 21517
	 Multiplicative Factor: 0%
	 Eff: 56282,87293780881
	 DR Bracket: 1
	 Base: 40%
	 Effective Percent: 85,28%
Vers
	 Rating: 27104
	 Multiplicative Factor: 0%
	 Eff: 26733,6
	 DR Bracket: 1
	 Base: 0%
	 Effective Percent: 34,27%
Leech
	 Rating: 3060
	 Multiplicative Factor: 0%
	 Eff: 3060
	 DR Bracket: 0
	 Base: 0%
	 Effective Percent: 3%
Avoidance
	 Rating: 0
	 Multiplicative Factor: 0%
	 Eff: 0
	 DR Bracket: 0
	 Base: 0%
	 Effective Percent: 0%
Mastery
	 Rating: 6046
	 Multiplicative Factor: 0%
	 Eff: 15846
	 DR Bracket: 0
	 Base: 21%
	 Effective Percent: 33,96%
----------------------
00:25,679

Intellect
	 Rating: 136354
	 Multiplicative Factor: 12,48%
	 Eff: 166827,01296530015
Stamina
	 Rating: 861476
	 Multiplicative Factor: 11,3%
	 Eff: 861476
Crit
	 Rating: 8866
	 Multiplicative Factor: 0%
	 Eff: 15166
	 DR Bracket: 0
	 Base: 9%
	 Effective Percent: 21,67%
	 Crit Inc Heal: 2
	 Crit Inc Damage: 2
Haste
	 Rating: 21517
	 Multiplicative Factor: 0%
	 Eff: 56282,87293780881
	 DR Bracket: 1
	 Base: 40%
	 Effective Percent: 85,28%
Vers
	 Rating: 27104
	 Multiplicative Factor: 0%
	 Eff: 26733,6
	 DR Bracket: 1
	 Base: 0%
	 Effective Percent: 34,27%
Leech
	 Rating: 3060
	 Multiplicative Factor: 0%
	 Eff: 3060
	 DR Bracket: 0
	 Base: 0%
	 Effective Percent: 3%
Avoidance
	 Rating: 0
	 Multiplicative Factor: 0%
	 Eff: 0
	 DR Bracket: 0
	 Base: 0%
	 Effective Percent: 0%
Mastery
	 Rating: 6046
	 Multiplicative Factor: 0%
	 Eff: 15846
	 DR Bracket: 0
	 Base: 21%
	 Effective Percent: 33,96%
----------------------
00:30,679

Intellect
	 Rating: 136354
	 Multiplicative Factor: 12,48%
	 Eff: 136354,48343170396
Stamina
	 Rating: 861476
	 Multiplicative Factor: 11,3%
	 Eff: 861476
Crit
	 Rating: 8866
	 Multiplicative Factor: 0%
	 Eff: 15166
	 DR Bracket: 0
	 Base: 9%
	 Effective Percent: 21,67%
	 Crit Inc Heal: 2
	 Crit Inc Damage: 2
Haste
	 Rating: 21517
	 Multiplicative Factor: 0%
	 Eff: 56282,87293780881
	 DR Bracket: 1
	 Base: 40%
	 Effective Percent: 85,28%
Vers
	 Rating: 27104
	 Multiplicative Factor: 0%
	 Eff: 26733,6
	 DR Bracket: 1
	 Base: 0%
	 Effective Percent: 34,27%
Leech
	 Rating: 3060
	 Multiplicative Factor: 0%
	 Eff: 3060
	 DR Bracket: 0
	 Base: 0%
	 Effective Percent: 3%
Avoidance
	 Rating: 0
	 Multiplicative Factor: 0%
	 Eff: 0
	 DR Bracket: 0
	 Base: 0%
	 Effective Percent: 0%
Mastery
	 Rating: 6046
	 Multiplicative Factor: 0%
	 Eff: 15846
	 DR Bracket: 0
	 Base: 21%
	 Effective Percent: 33,96%
----------------------
00:35,706

Intellect
	 Rating: 136354
	 Multiplicative Factor: 12,48%
	 Eff: 136354,48343170396
Stamina
	 Rating: 861476
	 Multiplicative Factor: 11,3%
	 Eff: 861476
Crit
	 Rating: 8866
	 Multiplicative Factor: 0%
	 Eff: 15166
	 DR Bracket: 0
	 Base: 9%
	 Effective Percent: 21,67%
	 Crit Inc Heal: 2
	 Crit Inc Damage: 2
Haste
	 Rating: 21517
	 Multiplicative Factor: 0%
	 Eff: 56282,87293780881
	 DR Bracket: 1
	 Base: 40%
	 Effective Percent: 85,28%
Vers
	 Rating: 27104
	 Multiplicative Factor: 0%
	 Eff: 26733,6
	 DR Bracket: 1
	 Base: 0%
	 Effective Percent: 34,27%
Leech
	 Rating: 3060
	 Multiplicative Factor: 0%
	 Eff: 3060
	 DR Bracket: 0
	 Base: 0%
	 Effective Percent: 3%
Avoidance
	 Rating: 0
	 Multiplicative Factor: 0%
	 Eff: 0
	 DR Bracket: 0
	 Base: 0%
	 Effective Percent: 0%
Mastery
	 Rating: 6046
	 Multiplicative Factor: 0%
	 Eff: 15846
	 DR Bracket: 0
	 Base: 21%
	 Effective Percent: 33,96%
----------------------
00:40,709

Intellect
	 Rating: 136354
	 Multiplicative Factor: 12,48%
	 Eff: 136354,48343170396
Stamina
	 Rating: 861476
	 Multiplicative Factor: 11,3%
	 Eff: 861476
Crit
	 Rating: 8866
	 Multiplicative Factor: 0%
	 Eff: 25666
	 DR Bracket: 0
	 Base: 24%
	 Effective Percent: 36,67%
	 Crit Inc Heal: 2
	 Crit Inc Damage: 2
Haste
	 Rating: 21517
	 Multiplicative Factor: 0%
	 Eff: 30079,400165421208
	 DR Bracket: 1
	 Base: 10%
	 Effective Percent: 45,57%
Vers
	 Rating: 27104
	 Multiplicative Factor: 0%
	 Eff: 26733,6
	 DR Bracket: 1
	 Base: 0%
	 Effective Percent: 34,27%
Leech
	 Rating: 3060
	 Multiplicative Factor: 0%
	 Eff: 3060
	 DR Bracket: 0
	 Base: 0%
	 Effective Percent: 3%
Avoidance
	 Rating: 0
	 Multiplicative Factor: 0%
	 Eff: 0
	 DR Bracket: 0
	 Base: 0%
	 Effective Percent: 0%
Mastery
	 Rating: 6046
	 Multiplicative Factor: 0%
	 Eff: 15846
	 DR Bracket: 0
	 Base: 21%
	 Effective Percent: 33,96%
----------------------
00:45,714

Intellect
	 Rating: 136354
	 Multiplicative Factor: 12,48%
	 Eff: 151590,74819850203
Stamina
	 Rating: 861476
	 Multiplicative Factor: 11,3%
	 Eff: 861476
Crit
	 Rating: 8866
	 Multiplicative Factor: 0%
	 Eff: 25666
	 DR Bracket: 0
	 Base: 24%
	 Effective Percent: 36,67%
	 Crit Inc Heal: 2
	 Crit Inc Damage: 2
Haste
	 Rating: 21517
	 Multiplicative Factor: 0%
	 Eff: 30079,400165421208
	 DR Bracket: 1
	 Base: 10%
	 Effective Percent: 45,57%
Vers
	 Rating: 27104
	 Multiplicative Factor: 0%
	 Eff: 26733,6
	 DR Bracket: 1
	 Base: 0%
	 Effective Percent: 34,27%
Leech
	 Rating: 3060
	 Multiplicative Factor: 0%
	 Eff: 3060
	 DR Bracket: 0
	 Base: 0%
	 Effective Percent: 3%
Avoidance
	 Rating: 0
	 Multiplicative Factor: 0%
	 Eff: 0
	 DR Bracket: 0
	 Base: 0%
	 Effective Percent: 0%
Mastery
	 Rating: 6046
	 Multiplicative Factor: 0%
	 Eff: 15846
	 DR Bracket: 0
	 Base: 21%
	 Effective Percent: 33,96%
----------------------
00:50,873

Intellect
	 Rating: 136354
	 Multiplicative Factor: 12,48%
	 Eff: 169061,06444768983
Stamina
	 Rating: 861476
	 Multiplicative Factor: 11,3%
	 Eff: 861476
Crit
	 Rating: 8866
	 Multiplicative Factor: 0%
	 Eff: 15166
	 DR Bracket: 0
	 Base: 9%
	 Effective Percent: 21,67%
	 Crit Inc Heal: 2
	 Crit Inc Damage: 2
Haste
	 Rating: 21517
	 Multiplicative Factor: 0%
	 Eff: 30079,400165421208
	 DR Bracket: 1
	 Base: 10%
	 Effective Percent: 45,57%
Vers
	 Rating: 27104
	 Multiplicative Factor: 0%
	 Eff: 26733,6
	 DR Bracket: 1
	 Base: 0%
	 Effective Percent: 34,27%
Leech
	 Rating: 3060
	 Multiplicative Factor: 0%
	 Eff: 3060
	 DR Bracket: 0
	 Base: 0%
	 Effective Percent: 3%
Avoidance
	 Rating: 0
	 Multiplicative Factor: 0%
	 Eff: 0
	 DR Bracket: 0
	 Base: 0%
	 Effective Percent: 0%
Mastery
	 Rating: 6046
	 Multiplicative Factor: 0%
	 Eff: 15846
	 DR Bracket: 0
	 Base: 21%
	 Effective Percent: 33,96%
----------------------
00:56,044

Intellect
	 Rating: 136354
	 Multiplicative Factor: 12,48%
	 Eff: 153824,79968089177
Stamina
	 Rating: 861476
	 Multiplicative Factor: 11,3%
	 Eff: 861476
Crit
	 Rating: 8866
	 Multiplicative Factor: 0%
	 Eff: 15166
	 DR Bracket: 0
	 Base: 9%
	 Effective Percent: 21,67%
	 Crit Inc Heal: 2
	 Crit Inc Damage: 2
Haste
	 Rating: 21517
	 Multiplicative Factor: 0%
	 Eff: 30079,400165421208
	 DR Bracket: 1
	 Base: 10%
	 Effective Percent: 45,57%
Vers
	 Rating: 27104
	 Multiplicative Factor: 0%
	 Eff: 26733,6
	 DR Bracket: 1
	 Base: 0%
	 Effective Percent: 34,27%
Leech
	 Rating: 3060
	 Multiplicative Factor: 0%
	 Eff: 3060
	 DR Bracket: 0
	 Base: 0%
	 Effective Percent: 3%
Avoidance
	 Rating: 0
	 Multiplicative Factor: 0%
	 Eff: 0
	 DR Bracket: 0
	 Base: 0%
	 Effective Percent: 0%
Mastery
	 Rating: 6046
	 Multiplicative Factor: 0%
	 Eff: 15846
	 DR Bracket: 0
	 Base: 21%
	 Effective Percent: 33,96%
----------------------
01:01,112

Intellect
	 Rating: 136354
	 Multiplicative Factor: 12,48%
	 Eff: 136354,48343170396
Stamina
	 Rating: 861476
	 Multiplicative Factor: 11,3%
	 Eff: 861476
Crit
	 Rating: 8866
	 Multiplicative Factor: 0%
	 Eff: 15166
	 DR Bracket: 0
	 Base: 9%
	 Effective Percent: 21,67%
	 Crit Inc Heal: 2
	 Crit Inc Damage: 2
Haste
	 Rating: 21517
	 Multiplicative Factor: 0%
	 Eff: 30079,400165421208
	 DR Bracket: 1
	 Base: 10%
	 Effective Percent: 45,57%
Vers
	 Rating: 27104
	 Multiplicative Factor: 0%
	 Eff: 26733,6
	 DR Bracket: 1
	 Base: 0%
	 Effective Percent: 34,27%
Leech
	 Rating: 3060
	 Multiplicative Factor: 0%
	 Eff: 3060
	 DR Bracket: 0
	 Base: 0%
	 Effective Percent: 3%
Avoidance
	 Rating: 0
	 Multiplicative Factor: 0%
	 Eff: 0
	 DR Bracket: 0
	 Base: 0%
	 Effective Percent: 0%
Mastery
	 Rating: 6046
	 Multiplicative Factor: 0%
	 Eff: 15846
	 DR Bracket: 0
	 Base: 21%
	 Effective Percent: 33,96%
----------------------
01:06,118

Intellect
	 Rating: 136354
	 Multiplicative Factor: 12,48%
	 Eff: 151590,74819850203
Stamina
	 Rating: 861476
	 Multiplicative Factor: 11,3%
	 Eff: 861476
Crit
	 Rating: 8866
	 Multiplicative Factor: 0%
	 Eff: 15166
	 DR Bracket: 0
	 Base: 9%
	 Effective Percent: 21,67%
	 Crit Inc Heal: 2
	 Crit Inc Damage: 2
Haste
	 Rating: 21517
	 Multiplicative Factor: 0%
	 Eff: 30079,400165421208
	 DR Bracket: 1
	 Base: 10%
	 Effective Percent: 45,57%
Vers
	 Rating: 27104
	 Multiplicative Factor: 0%
	 Eff: 26733,6
	 DR Bracket: 1
	 Base: 0%
	 Effective Percent: 34,27%
Leech
	 Rating: 3060
	 Multiplicative Factor: 0%
	 Eff: 3060
	 DR Bracket: 0
	 Base: 0%
	 Effective Percent: 3%
Avoidance
	 Rating: 0
	 Multiplicative Factor: 0%
	 Eff: 0
	 DR Bracket: 0
	 Base: 0%
	 Effective Percent: 0%
Mastery
	 Rating: 6046
	 Multiplicative Factor: 0%
	 Eff: 15846
	 DR Bracket: 0
	 Base: 21%
	 Effective Percent: 33,96%
----------------------
01:11,130

Intellect
	 Rating: 136354
	 Multiplicative Factor: 12,48%
	 Eff: 170783,91218368057
Stamina
	 Rating: 861476
	 Multiplicative Factor: 11,3%
	 Eff: 861476
Crit
	 Rating: 8866
	 Multiplicative Factor: 0%
	 Eff: 15166
	 DR Bracket: 0
	 Base: 9%
	 Effective Percent: 21,67%
	 Crit Inc Heal: 2
	 Crit Inc Damage: 2
Haste
	 Rating: 21517
	 Multiplicative Factor: 0%
	 Eff: 30079,400165421208
	 DR Bracket: 1
	 Base: 10%
	 Effective Percent: 45,57%
Vers
	 Rating: 27104
	 Multiplicative Factor: 0%
	 Eff: 26733,6
	 DR Bracket: 1
	 Base: 0%
	 Effective Percent: 34,27%
Leech
	 Rating: 3060
	 Multiplicative Factor: 0%
	 Eff: 3060
	 DR Bracket: 0
	 Base: 0%
	 Effective Percent: 3%
Avoidance
	 Rating: 0
	 Multiplicative Factor: 0%
	 Eff: 0
	 DR Bracket: 0
	 Base: 0%
	 Effective Percent: 0%
Mastery
	 Rating: 6046
	 Multiplicative Factor: 0%
	 Eff: 15846
	 DR Bracket: 0
	 Base: 21%
	 Effective Percent: 33,96%
----------------------
01:16,150

Intellect
	 Rating: 136354
	 Multiplicative Factor: 12,48%
	 Eff: 170950,70940686236
Stamina
	 Rating: 861476
	 Multiplicative Factor: 11,3%
	 Eff: 861476
Crit
	 Rating: 8866
	 Multiplicative Factor: 0%
	 Eff: 15166
	 DR Bracket: 0
	 Base: 9%
	 Effective Percent: 21,67%
	 Crit Inc Heal: 2
	 Crit Inc Damage: 2
Haste
	 Rating: 21517
	 Multiplicative Factor: 0%
	 Eff: 30079,400165421208
	 DR Bracket: 1
	 Base: 10%
	 Effective Percent: 45,57%
Vers
	 Rating: 27104
	 Multiplicative Factor: 0%
	 Eff: 26733,6
	 DR Bracket: 1
	 Base: 0%
	 Effective Percent: 34,27%
Leech
	 Rating: 3060
	 Multiplicative Factor: 0%
	 Eff: 3060
	 DR Bracket: 0
	 Base: 0%
	 Effective Percent: 3%
Avoidance
	 Rating: 0
	 Multiplicative Factor: 0%
	 Eff: 0
	 DR Bracket: 0
	 Base: 0%
	 Effective Percent: 0%
Mastery
	 Rating: 6046
	 Multiplicative Factor: 0%
	 Eff: 15846
	 DR Bracket: 0
	 Base: 21%
	 Effective Percent: 33,96%
----------------------
01:21,163

Intellect
	 Rating: 136354
	 Multiplicative Factor: 12,48%
	 Eff: 151757,54542168378
Stamina
	 Rating: 861476
	 Multiplicative Factor: 11,3%
	 Eff: 861476
Crit
	 Rating: 8866
	 Multiplicative Factor: 0%
	 Eff: 15166
	 DR Bracket: 0
	 Base: 9%
	 Effective Percent: 21,67%
	 Crit Inc Heal: 2
	 Crit Inc Damage: 2
Haste
	 Rating: 21517
	 Multiplicative Factor: 0%
	 Eff: 30079,400165421208
	 DR Bracket: 1
	 Base: 10%
	 Effective Percent: 45,57%
Vers
	 Rating: 27104
	 Multiplicative Factor: 0%
	 Eff: 26733,6
	 DR Bracket: 1
	 Base: 0%
	 Effective Percent: 34,27%
Leech
	 Rating: 3060
	 Multiplicative Factor: 0%
	 Eff: 3060
	 DR Bracket: 0
	 Base: 0%
	 Effective Percent: 3%
Avoidance
	 Rating: 0
	 Multiplicative Factor: 0%
	 Eff: 0
	 DR Bracket: 0
	 Base: 0%
	 Effective Percent: 0%
Mastery
	 Rating: 6046
	 Multiplicative Factor: 0%
	 Eff: 15846
	 DR Bracket: 0
	 Base: 21%
	 Effective Percent: 33,96%
----------------------
01:26,166

Intellect
	 Rating: 136354
	 Multiplicative Factor: 12,48%
	 Eff: 136354,48343170396
Stamina
	 Rating: 861476
	 Multiplicative Factor: 11,3%
	 Eff: 861476
Crit
	 Rating: 8866
	 Multiplicative Factor: 0%
	 Eff: 25666
	 DR Bracket: 0
	 Base: 24%
	 Effective Percent: 36,67%
	 Crit Inc Heal: 2
	 Crit Inc Damage: 2
Haste
	 Rating: 21517
	 Multiplicative Factor: 0%
	 Eff: 30079,400165421208
	 DR Bracket: 1
	 Base: 10%
	 Effective Percent: 45,57%
Vers
	 Rating: 27104
	 Multiplicative Factor: 0%
	 Eff: 26733,6
	 DR Bracket: 1
	 Base: 0%
	 Effective Percent: 34,27%
Leech
	 Rating: 3060
	 Multiplicative Factor: 0%
	 Eff: 3060
	 DR Bracket: 0
	 Base: 0%
	 Effective Percent: 3%
Avoidance
	 Rating: 0
	 Multiplicative Factor: 0%
	 Eff: 0
	 DR Bracket: 0
	 Base: 0%
	 Effective Percent: 0%
Mastery
	 Rating: 6046
	 Multiplicative Factor: 0%
	 Eff: 15846
	 DR Bracket: 0
	 Base: 21%
	 Effective Percent: 33,96%
----------------------
01:31,202

Intellect
	 Rating: 136354
	 Multiplicative Factor: 12,48%
	 Eff: 136354,48343170396
Stamina
	 Rating: 861476
	 Multiplicative Factor: 11,3%
	 Eff: 861476
Crit
	 Rating: 8866
	 Multiplicative Factor: 0%
	 Eff: 25666
	 DR Bracket: 0
	 Base: 24%
	 Effective Percent: 36,67%
	 Crit Inc Heal: 2
	 Crit Inc Damage: 2
Haste
	 Rating: 21517
	 Multiplicative Factor: 0%
	 Eff: 30079,400165421208
	 DR Bracket: 1
	 Base: 10%
	 Effective Percent: 45,57%
Vers
	 Rating: 27104
	 Multiplicative Factor: 0%
	 Eff: 26733,6
	 DR Bracket: 1
	 Base: 0%
	 Effective Percent: 34,27%
Leech
	 Rating: 3060
	 Multiplicative Factor: 0%
	 Eff: 3060
	 DR Bracket: 0
	 Base: 0%
	 Effective Percent: 3%
Avoidance
	 Rating: 0
	 Multiplicative Factor: 0%
	 Eff: 0
	 DR Bracket: 0
	 Base: 0%
	 Effective Percent: 0%
Mastery
	 Rating: 6046
	 Multiplicative Factor: 0%
	 Eff: 15846
	 DR Bracket: 0
	 Base: 21%
	 Effective Percent: 33,96%
----------------------
01:36,243

Intellect
	 Rating: 136354
	 Multiplicative Factor: 12,48%
	 Eff: 136354,48343170396
Stamina
	 Rating: 861476
	 Multiplicative Factor: 11,3%
	 Eff: 861476
Crit
	 Rating: 8866
	 Multiplicative Factor: 0%
	 Eff: 15166
	 DR Bracket: 0
	 Base: 9%
	 Effective Percent: 21,67%
	 Crit Inc Heal: 2
	 Crit Inc Damage: 2
Haste
	 Rating: 21517
	 Multiplicative Factor: 0%
	 Eff: 30079,400165421208
	 DR Bracket: 1
	 Base: 10%
	 Effective Percent: 45,57%
Vers
	 Rating: 27104
	 Multiplicative Factor: 0%
	 Eff: 26733,6
	 DR Bracket: 1
	 Base: 0%
	 Effective Percent: 34,27%
Leech
	 Rating: 3060
	 Multiplicative Factor: 0%
	 Eff: 3060
	 DR Bracket: 0
	 Base: 0%
	 Effective Percent: 3%
Avoidance
	 Rating: 0
	 Multiplicative Factor: 0%
	 Eff: 0
	 DR Bracket: 0
	 Base: 0%
	 Effective Percent: 0%
Mastery
	 Rating: 6046
	 Multiplicative Factor: 0%
	 Eff: 15846
	 DR Bracket: 0
	 Base: 21%
	 Effective Percent: 33,96%
----------------------
01:41,381

Intellect
	 Rating: 136354
	 Multiplicative Factor: 12,48%
	 Eff: 136354,48343170396
Stamina
	 Rating: 861476
	 Multiplicative Factor: 11,3%
	 Eff: 861476
Crit
	 Rating: 8866
	 Multiplicative Factor: 0%
	 Eff: 15166
	 DR Bracket: 0
	 Base: 9%
	 Effective Percent: 21,67%
	 Crit Inc Heal: 2
	 Crit Inc Damage: 2
Haste
	 Rating: 21517
	 Multiplicative Factor: 0%
	 Eff: 30079,400165421208
	 DR Bracket: 1
	 Base: 10%
	 Effective Percent: 45,57%
Vers
	 Rating: 27104
	 Multiplicative Factor: 0%
	 Eff: 26733,6
	 DR Bracket: 1
	 Base: 0%
	 Effective Percent: 34,27%
Leech
	 Rating: 3060
	 Multiplicative Factor: 0%
	 Eff: 3060
	 DR Bracket: 0
	 Base: 0%
	 Effective Percent: 3%
Avoidance
	 Rating: 0
	 Multiplicative Factor: 0%
	 Eff: 0
	 DR Bracket: 0
	 Base: 0%
	 Effective Percent: 0%
Mastery
	 Rating: 6046
	 Multiplicative Factor: 0%
	 Eff: 15846
	 DR Bracket: 0
	 Base: 21%
	 Effective Percent: 33,96%
----------------------
01:46,404

Intellect
	 Rating: 136354
	 Multiplicative Factor: 12,48%
	 Eff: 151590,74819850203
Stamina
	 Rating: 861476
	 Multiplicative Factor: 11,3%
	 Eff: 861476
Crit
	 Rating: 8866
	 Multiplicative Factor: 0%
	 Eff: 15166
	 DR Bracket: 0
	 Base: 9%
	 Effective Percent: 21,67%
	 Crit Inc Heal: 2
	 Crit Inc Damage: 2
Haste
	 Rating: 21517
	 Multiplicative Factor: 0%
	 Eff: 30079,400165421208
	 DR Bracket: 1
	 Base: 10%
	 Effective Percent: 45,57%
Vers
	 Rating: 27104
	 Multiplicative Factor: 0%
	 Eff: 26733,6
	 DR Bracket: 1
	 Base: 0%
	 Effective Percent: 34,27%
Leech
	 Rating: 3060
	 Multiplicative Factor: 0%
	 Eff: 3060
	 DR Bracket: 0
	 Base: 0%
	 Effective Percent: 3%
Avoidance
	 Rating: 0
	 Multiplicative Factor: 0%
	 Eff: 0
	 DR Bracket: 0
	 Base: 0%
	 Effective Percent: 0%
Mastery
	 Rating: 6046
	 Multiplicative Factor: 0%
	 Eff: 15846
	 DR Bracket: 0
	 Base: 21%
	 Effective Percent: 33,96%
----------------------
01:51,457

Intellect
	 Rating: 136354
	 Multiplicative Factor: 12,48%
	 Eff: 151590,74819850203
Stamina
	 Rating: 861476
	 Multiplicative Factor: 11,3%
	 Eff: 861476
Crit
	 Rating: 8866
	 Multiplicative Factor: 0%
	 Eff: 15166
	 DR Bracket: 0
	 Base: 9%
	 Effective Percent: 21,67%
	 Crit Inc Heal: 2
	 Crit Inc Damage: 2
Haste
	 Rating: 21517
	 Multiplicative Factor: 0%
	 Eff: 30079,400165421208
	 DR Bracket: 1
	 Base: 10%
	 Effective Percent: 45,57%
Vers
	 Rating: 27104
	 Multiplicative Factor: 0%
	 Eff: 26733,6
	 DR Bracket: 1
	 Base: 0%
	 Effective Percent: 34,27%
Leech
	 Rating: 3060
	 Multiplicative Factor: 0%
	 Eff: 3060
	 DR Bracket: 0
	 Base: 0%
	 Effective Percent: 3%
Avoidance
	 Rating: 0
	 Multiplicative Factor: 0%
	 Eff: 0
	 DR Bracket: 0
	 Base: 0%
	 Effective Percent: 0%
Mastery
	 Rating: 6046
	 Multiplicative Factor: 0%
	 Eff: 15846
	 DR Bracket: 0
	 Base: 21%
	 Effective Percent: 33,96%
----------------------
01:56,596

Intellect
	 Rating: 136354
	 Multiplicative Factor: 12,48%
	 Eff: 168399,2367471159
Stamina
	 Rating: 861476
	 Multiplicative Factor: 11,3%
	 Eff: 861476
Crit
	 Rating: 8866
	 Multiplicative Factor: 0%
	 Eff: 25666
	 DR Bracket: 0
	 Base: 24%
	 Effective Percent: 36,67%
	 Crit Inc Heal: 2
	 Crit Inc Damage: 2
Haste
	 Rating: 21517
	 Multiplicative Factor: 0%
	 Eff: 30079,400165421208
	 DR Bracket: 1
	 Base: 10%
	 Effective Percent: 45,57%
Vers
	 Rating: 27104
	 Multiplicative Factor: 0%
	 Eff: 26733,6
	 DR Bracket: 1
	 Base: 0%
	 Effective Percent: 34,27%
Leech
	 Rating: 3060
	 Multiplicative Factor: 0%
	 Eff: 3060
	 DR Bracket: 0
	 Base: 0%
	 Effective Percent: 3%
Avoidance
	 Rating: 0
	 Multiplicative Factor: 0%
	 Eff: 0
	 DR Bracket: 0
	 Base: 0%
	 Effective Percent: 0%
Mastery
	 Rating: 6046
	 Multiplicative Factor: 0%
	 Eff: 15846
	 DR Bracket: 0
	 Base: 21%
	 Effective Percent: 33,96%
----------------------
02:01,668

Intellect
	 Rating: 136354
	 Multiplicative Factor: 12,48%
	 Eff: 153162,97198031782
Stamina
	 Rating: 861476
	 Multiplicative Factor: 11,3%
	 Eff: 861476
Crit
	 Rating: 8866
	 Multiplicative Factor: 0%
	 Eff: 25666
	 DR Bracket: 0
	 Base: 24%
	 Effective Percent: 36,67%
	 Crit Inc Heal: 2
	 Crit Inc Damage: 2
Haste
	 Rating: 21517
	 Multiplicative Factor: 0%
	 Eff: 30079,400165421208
	 DR Bracket: 1
	 Base: 10%
	 Effective Percent: 45,57%
Vers
	 Rating: 27104
	 Multiplicative Factor: 0%
	 Eff: 26733,6
	 DR Bracket: 1
	 Base: 0%
	 Effective Percent: 34,27%
Leech
	 Rating: 3060
	 Multiplicative Factor: 0%
	 Eff: 3060
	 DR Bracket: 0
	 Base: 0%
	 Effective Percent: 3%
Avoidance
	 Rating: 0
	 Multiplicative Factor: 0%
	 Eff: 0
	 DR Bracket: 0
	 Base: 0%
	 Effective Percent: 0%
Mastery
	 Rating: 6046
	 Multiplicative Factor: 0%
	 Eff: 15846
	 DR Bracket: 0
	 Base: 21%
	 Effective Percent: 33,96%
----------------------
02:06,672

Intellect
	 Rating: 136354
	 Multiplicative Factor: 12,48%
	 Eff: 153162,97198031782
Stamina
	 Rating: 861476
	 Multiplicative Factor: 11,3%
	 Eff: 861476
Crit
	 Rating: 8866
	 Multiplicative Factor: 0%
	 Eff: 25666
	 DR Bracket: 0
	 Base: 24%
	 Effective Percent: 36,67%
	 Crit Inc Heal: 2
	 Crit Inc Damage: 2
Haste
	 Rating: 21517
	 Multiplicative Factor: 0%
	 Eff: 30079,400165421208
	 DR Bracket: 1
	 Base: 10%
	 Effective Percent: 45,57%
Vers
	 Rating: 27104
	 Multiplicative Factor: 0%
	 Eff: 26733,6
	 DR Bracket: 1
	 Base: 0%
	 Effective Percent: 34,27%
Leech
	 Rating: 3060
	 Multiplicative Factor: 0%
	 Eff: 3060
	 DR Bracket: 0
	 Base: 0%
	 Effective Percent: 3%
Avoidance
	 Rating: 0
	 Multiplicative Factor: 0%
	 Eff: 0
	 DR Bracket: 0
	 Base: 0%
	 Effective Percent: 0%
Mastery
	 Rating: 6046
	 Multiplicative Factor: 0%
	 Eff: 15846
	 DR Bracket: 0
	 Base: 21%
	 Effective Percent: 33,96%
----------------------
02:11,673

Intellect
	 Rating: 136354
	 Multiplicative Factor: 12,48%
	 Eff: 166827,01296530015
Stamina
	 Rating: 861476
	 Multiplicative Factor: 11,3%
	 Eff: 861476
Crit
	 Rating: 8866
	 Multiplicative Factor: 0%
	 Eff: 25666
	 DR Bracket: 0
	 Base: 24%
	 Effective Percent: 36,67%
	 Crit Inc Heal: 2
	 Crit Inc Damage: 2
Haste
	 Rating: 21517
	 Multiplicative Factor: 0%
	 Eff: 30079,400165421208
	 DR Bracket: 1
	 Base: 10%
	 Effective Percent: 45,57%
Vers
	 Rating: 27104
	 Multiplicative Factor: 0%
	 Eff: 26733,6
	 DR Bracket: 1
	 Base: 0%
	 Effective Percent: 34,27%
Leech
	 Rating: 3060
	 Multiplicative Factor: 0%
	 Eff: 3060
	 DR Bracket: 0
	 Base: 0%
	 Effective Percent: 3%
Avoidance
	 Rating: 0
	 Multiplicative Factor: 0%
	 Eff: 0
	 DR Bracket: 0
	 Base: 0%
	 Effective Percent: 0%
Mastery
	 Rating: 6046
	 Multiplicative Factor: 0%
	 Eff: 15846
	 DR Bracket: 0
	 Base: 21%
	 Effective Percent: 33,96%
----------------------
02:16,824

Intellect
	 Rating: 136354
	 Multiplicative Factor: 12,48%
	 Eff: 166827,01296530015
Stamina
	 Rating: 861476
	 Multiplicative Factor: 11,3%
	 Eff: 861476
Crit
	 Rating: 8866
	 Multiplicative Factor: 0%
	 Eff: 25666
	 DR Bracket: 0
	 Base: 24%
	 Effective Percent: 36,67%
	 Crit Inc Heal: 2
	 Crit Inc Damage: 2
Haste
	 Rating: 21517
	 Multiplicative Factor: 0%
	 Eff: 30079,400165421208
	 DR Bracket: 1
	 Base: 10%
	 Effective Percent: 45,57%
Vers
	 Rating: 27104
	 Multiplicative Factor: 0%
	 Eff: 26733,6
	 DR Bracket: 1
	 Base: 0%
	 Effective Percent: 34,27%
Leech
	 Rating: 3060
	 Multiplicative Factor: 0%
	 Eff: 3060
	 DR Bracket: 0
	 Base: 0%
	 Effective Percent: 3%
Avoidance
	 Rating: 0
	 Multiplicative Factor: 0%
	 Eff: 0
	 DR Bracket: 0
	 Base: 0%
	 Effective Percent: 0%
Mastery
	 Rating: 6046
	 Multiplicative Factor: 0%
	 Eff: 15846
	 DR Bracket: 0
	 Base: 21%
	 Effective Percent: 33,96%
----------------------
02:21,825

Intellect
	 Rating: 136354
	 Multiplicative Factor: 12,48%
	 Eff: 151590,74819850203
Stamina
	 Rating: 861476
	 Multiplicative Factor: 11,3%
	 Eff: 861476
Crit
	 Rating: 8866
	 Multiplicative Factor: 0%
	 Eff: 25666
	 DR Bracket: 0
	 Base: 24%
	 Effective Percent: 36,67%
	 Crit Inc Heal: 2
	 Crit Inc Damage: 2
Haste
	 Rating: 21517
	 Multiplicative Factor: 0%
	 Eff: 30079,400165421208
	 DR Bracket: 1
	 Base: 10%
	 Effective Percent: 45,57%
Vers
	 Rating: 27104
	 Multiplicative Factor: 0%
	 Eff: 26733,6
	 DR Bracket: 1
	 Base: 0%
	 Effective Percent: 34,27%
Leech
	 Rating: 3060
	 Multiplicative Factor: 0%
	 Eff: 3060
	 DR Bracket: 0
	 Base: 0%
	 Effective Percent: 3%
Avoidance
	 Rating: 0
	 Multiplicative Factor: 0%
	 Eff: 0
	 DR Bracket: 0
	 Base: 0%
	 Effective Percent: 0%
Mastery
	 Rating: 6046
	 Multiplicative Factor: 0%
	 Eff: 15846
	 DR Bracket: 0
	 Base: 21%
	 Effective Percent: 33,96%
----------------------
02:26,837

Intellect
	 Rating: 136354
	 Multiplicative Factor: 12,48%
	 Eff: 152426,08813478047
Stamina
	 Rating: 861476
	 Multiplicative Factor: 11,3%
	 Eff: 861476
Crit
	 Rating: 8866
	 Multiplicative Factor: 0%
	 Eff: 15166
	 DR Bracket: 0
	 Base: 9%
	 Effective Percent: 21,67%
	 Crit Inc Heal: 2
	 Crit Inc Damage: 2
Haste
	 Rating: 21517
	 Multiplicative Factor: 0%
	 Eff: 30079,400165421208
	 DR Bracket: 1
	 Base: 10%
	 Effective Percent: 45,57%
Vers
	 Rating: 27104
	 Multiplicative Factor: 0%
	 Eff: 26733,6
	 DR Bracket: 1
	 Base: 0%
	 Effective Percent: 34,27%
Leech
	 Rating: 3060
	 Multiplicative Factor: 0%
	 Eff: 3060
	 DR Bracket: 0
	 Base: 0%
	 Effective Percent: 3%
Avoidance
	 Rating: 0
	 Multiplicative Factor: 0%
	 Eff: 0
	 DR Bracket: 0
	 Base: 0%
	 Effective Percent: 0%
Mastery
	 Rating: 6046
	 Multiplicative Factor: 0%
	 Eff: 15846
	 DR Bracket: 0
	 Base: 21%
	 Effective Percent: 33,96%
----------------------
02:31,845

Intellect
	 Rating: 136354
	 Multiplicative Factor: 12,48%
	 Eff: 152426,08813478047
Stamina
	 Rating: 861476
	 Multiplicative Factor: 11,3%
	 Eff: 861476
Crit
	 Rating: 8866
	 Multiplicative Factor: 0%
	 Eff: 15166
	 DR Bracket: 0
	 Base: 9%
	 Effective Percent: 21,67%
	 Crit Inc Heal: 2
	 Crit Inc Damage: 2
Haste
	 Rating: 21517
	 Multiplicative Factor: 0%
	 Eff: 30079,400165421208
	 DR Bracket: 1
	 Base: 10%
	 Effective Percent: 45,57%
Vers
	 Rating: 27104
	 Multiplicative Factor: 0%
	 Eff: 26733,6
	 DR Bracket: 1
	 Base: 0%
	 Effective Percent: 34,27%
Leech
	 Rating: 3060
	 Multiplicative Factor: 0%
	 Eff: 3060
	 DR Bracket: 0
	 Base: 0%
	 Effective Percent: 3%
Avoidance
	 Rating: 0
	 Multiplicative Factor: 0%
	 Eff: 0
	 DR Bracket: 0
	 Base: 0%
	 Effective Percent: 0%
Mastery
	 Rating: 6046
	 Multiplicative Factor: 0%
	 Eff: 15846
	 DR Bracket: 0
	 Base: 21%
	 Effective Percent: 33,96%
----------------------
02:36,983

Intellect
	 Rating: 136354
	 Multiplicative Factor: 12,48%
	 Eff: 156680,2890802167
Stamina
	 Rating: 861476
	 Multiplicative Factor: 11,3%
	 Eff: 861476
Crit
	 Rating: 8866
	 Multiplicative Factor: 0%
	 Eff: 15166
	 DR Bracket: 0
	 Base: 9%
	 Effective Percent: 21,67%
	 Crit Inc Heal: 2
	 Crit Inc Damage: 2
Haste
	 Rating: 21517
	 Multiplicative Factor: 0%
	 Eff: 30079,400165421208
	 DR Bracket: 1
	 Base: 10%
	 Effective Percent: 45,57%
Vers
	 Rating: 27104
	 Multiplicative Factor: 0%
	 Eff: 26733,6
	 DR Bracket: 1
	 Base: 0%
	 Effective Percent: 34,27%
Leech
	 Rating: 3060
	 Multiplicative Factor: 0%
	 Eff: 3060
	 DR Bracket: 0
	 Base: 0%
	 Effective Percent: 3%
Avoidance
	 Rating: 0
	 Multiplicative Factor: 0%
	 Eff: 0
	 DR Bracket: 0
	 Base: 0%
	 Effective Percent: 0%
Mastery
	 Rating: 6046
	 Multiplicative Factor: 0%
	 Eff: 15846
	 DR Bracket: 0
	 Base: 21%
	 Effective Percent: 33,96%
----------------------
02:41,990

Intellect
	 Rating: 136354
	 Multiplicative Factor: 12,48%
	 Eff: 156680,2890802167
Stamina
	 Rating: 861476
	 Multiplicative Factor: 11,3%
	 Eff: 861476
Crit
	 Rating: 8866
	 Multiplicative Factor: 0%
	 Eff: 15166
	 DR Bracket: 0
	 Base: 9%
	 Effective Percent: 21,67%
	 Crit Inc Heal: 2
	 Crit Inc Damage: 2
Haste
	 Rating: 21517
	 Multiplicative Factor: 0%
	 Eff: 30079,400165421208
	 DR Bracket: 1
	 Base: 10%
	 Effective Percent: 45,57%
Vers
	 Rating: 27104
	 Multiplicative Factor: 0%
	 Eff: 26733,6
	 DR Bracket: 1
	 Base: 0%
	 Effective Percent: 34,27%
Leech
	 Rating: 3060
	 Multiplicative Factor: 0%
	 Eff: 3060
	 DR Bracket: 0
	 Base: 0%
	 Effective Percent: 3%
Avoidance
	 Rating: 0
	 Multiplicative Factor: 0%
	 Eff: 0
	 DR Bracket: 0
	 Base: 0%
	 Effective Percent: 0%
Mastery
	 Rating: 6046
	 Multiplicative Factor: 0%
	 Eff: 15846
	 DR Bracket: 0
	 Base: 21%
	 Effective Percent: 33,96%
----------------------
02:47,103

Intellect
	 Rating: 136354
	 Multiplicative Factor: 12,48%
	 Eff: 156680,2890802167
Stamina
	 Rating: 861476
	 Multiplicative Factor: 11,3%
	 Eff: 861476
Crit
	 Rating: 8866
	 Multiplicative Factor: 0%
	 Eff: 15166
	 DR Bracket: 0
	 Base: 9%
	 Effective Percent: 21,67%
	 Crit Inc Heal: 2
	 Crit Inc Damage: 2
Haste
	 Rating: 21517
	 Multiplicative Factor: 0%
	 Eff: 30079,400165421208
	 DR Bracket: 1
	 Base: 10%
	 Effective Percent: 45,57%
Vers
	 Rating: 27104
	 Multiplicative Factor: 0%
	 Eff: 26733,6
	 DR Bracket: 1
	 Base: 0%
	 Effective Percent: 34,27%
Leech
	 Rating: 3060
	 Multiplicative Factor: 0%
	 Eff: 3060
	 DR Bracket: 0
	 Base: 0%
	 Effective Percent: 3%
Avoidance
	 Rating: 0
	 Multiplicative Factor: 0%
	 Eff: 0
	 DR Bracket: 0
	 Base: 0%
	 Effective Percent: 0%
Mastery
	 Rating: 6046
	 Multiplicative Factor: 0%
	 Eff: 15846
	 DR Bracket: 0
	 Base: 21%
	 Effective Percent: 33,96%
----------------------
02:52,136

Intellect
	 Rating: 136354
	 Multiplicative Factor: 12,48%
	 Eff: 136354,48343170396
Stamina
	 Rating: 861476
	 Multiplicative Factor: 11,3%
	 Eff: 861476
Crit
	 Rating: 8866
	 Multiplicative Factor: 0%
	 Eff: 25666
	 DR Bracket: 0
	 Base: 24%
	 Effective Percent: 36,67%
	 Crit Inc Heal: 2
	 Crit Inc Damage: 2
Haste
	 Rating: 21517
	 Multiplicative Factor: 0%
	 Eff: 30079,400165421208
	 DR Bracket: 1
	 Base: 10%
	 Effective Percent: 45,57%
Vers
	 Rating: 27104
	 Multiplicative Factor: 0%
	 Eff: 26733,6
	 DR Bracket: 1
	 Base: 0%
	 Effective Percent: 34,27%
Leech
	 Rating: 3060
	 Multiplicative Factor: 0%
	 Eff: 3060
	 DR Bracket: 0
	 Base: 0%
	 Effective Percent: 3%
Avoidance
	 Rating: 0
	 Multiplicative Factor: 0%
	 Eff: 0
	 DR Bracket: 0
	 Base: 0%
	 Effective Percent: 0%
Mastery
	 Rating: 6046
	 Multiplicative Factor: 0%
	 Eff: 15846
	 DR Bracket: 0
	 Base: 21%
	 Effective Percent: 33,96%
----------------------
02:57,136

Intellect
	 Rating: 136354
	 Multiplicative Factor: 12,48%
	 Eff: 136354,48343170396
Stamina
	 Rating: 861476
	 Multiplicative Factor: 11,3%
	 Eff: 861476
Crit
	 Rating: 8866
	 Multiplicative Factor: 0%
	 Eff: 25666
	 DR Bracket: 0
	 Base: 24%
	 Effective Percent: 36,67%
	 Crit Inc Heal: 2
	 Crit Inc Damage: 2
Haste
	 Rating: 21517
	 Multiplicative Factor: 0%
	 Eff: 30079,400165421208
	 DR Bracket: 1
	 Base: 10%
	 Effective Percent: 45,57%
Vers
	 Rating: 27104
	 Multiplicative Factor: 0%
	 Eff: 26733,6
	 DR Bracket: 1
	 Base: 0%
	 Effective Percent: 34,27%
Leech
	 Rating: 3060
	 Multiplicative Factor: 0%
	 Eff: 3060
	 DR Bracket: 0
	 Base: 0%
	 Effective Percent: 3%
Avoidance
	 Rating: 0
	 Multiplicative Factor: 0%
	 Eff: 0
	 DR Bracket: 0
	 Base: 0%
	 Effective Percent: 0%
Mastery
	 Rating: 6046
	 Multiplicative Factor: 0%
	 Eff: 15846
	 DR Bracket: 0
	 Base: 21%
	 Effective Percent: 33,96%
----------------------
03:02,156

Intellect
	 Rating: 136354
	 Multiplicative Factor: 12,48%
	 Eff: 136354,48343170396
Stamina
	 Rating: 861476
	 Multiplicative Factor: 11,3%
	 Eff: 861476
Crit
	 Rating: 8866
	 Multiplicative Factor: 0%
	 Eff: 15166
	 DR Bracket: 0
	 Base: 9%
	 Effective Percent: 21,67%
	 Crit Inc Heal: 2
	 Crit Inc Damage: 2
Haste
	 Rating: 21517
	 Multiplicative Factor: 0%
	 Eff: 30079,400165421208
	 DR Bracket: 1
	 Base: 10%
	 Effective Percent: 45,57%
Vers
	 Rating: 27104
	 Multiplicative Factor: 0%
	 Eff: 26733,6
	 DR Bracket: 1
	 Base: 0%
	 Effective Percent: 34,27%
Leech
	 Rating: 3060
	 Multiplicative Factor: 0%
	 Eff: 3060
	 DR Bracket: 0
	 Base: 0%
	 Effective Percent: 3%
Avoidance
	 Rating: 0
	 Multiplicative Factor: 0%
	 Eff: 0
	 DR Bracket: 0
	 Base: 0%
	 Effective Percent: 0%
Mastery
	 Rating: 6046
	 Multiplicative Factor: 0%
	 Eff: 15846
	 DR Bracket: 0
	 Base: 21%
	 Effective Percent: 33,96%
----------------------
03:07,251

Intellect
	 Rating: 136354
	 Multiplicative Factor: 12,48%
	 Eff: 136354,48343170396
Stamina
	 Rating: 861476
	 Multiplicative Factor: 11,3%
	 Eff: 861476
Crit
	 Rating: 8866
	 Multiplicative Factor: 0%
	 Eff: 15166
	 DR Bracket: 0
	 Base: 9%
	 Effective Percent: 21,67%
	 Crit Inc Heal: 2
	 Crit Inc Damage: 2
Haste
	 Rating: 21517
	 Multiplicative Factor: 0%
	 Eff: 30079,400165421208
	 DR Bracket: 1
	 Base: 10%
	 Effective Percent: 45,57%
Vers
	 Rating: 27104
	 Multiplicative Factor: 0%
	 Eff: 26733,6
	 DR Bracket: 1
	 Base: 0%
	 Effective Percent: 34,27%
Leech
	 Rating: 3060
	 Multiplicative Factor: 0%
	 Eff: 3060
	 DR Bracket: 0
	 Base: 0%
	 Effective Percent: 3%
Avoidance
	 Rating: 0
	 Multiplicative Factor: 0%
	 Eff: 0
	 DR Bracket: 0
	 Base: 0%
	 Effective Percent: 0%
Mastery
	 Rating: 6046
	 Multiplicative Factor: 0%
	 Eff: 15846
	 DR Bracket: 0
	 Base: 21%
	 Effective Percent: 33,96%
----------------------
03:12,252

Intellect
	 Rating: 136354
	 Multiplicative Factor: 12,48%
	 Eff: 136354,48343170396
Stamina
	 Rating: 861476
	 Multiplicative Factor: 11,3%
	 Eff: 861476
Crit
	 Rating: 8866
	 Multiplicative Factor: 0%
	 Eff: 15166
	 DR Bracket: 0
	 Base: 9%
	 Effective Percent: 21,67%
	 Crit Inc Heal: 2
	 Crit Inc Damage: 2
Haste
	 Rating: 21517
	 Multiplicative Factor: 0%
	 Eff: 30079,400165421208
	 DR Bracket: 1
	 Base: 10%
	 Effective Percent: 45,57%
Vers
	 Rating: 27104
	 Multiplicative Factor: 0%
	 Eff: 26733,6
	 DR Bracket: 1
	 Base: 0%
	 Effective Percent: 34,27%
Leech
	 Rating: 3060
	 Multiplicative Factor: 0%
	 Eff: 3060
	 DR Bracket: 0
	 Base: 0%
	 Effective Percent: 3%
Avoidance
	 Rating: 0
	 Multiplicative Factor: 0%
	 Eff: 0
	 DR Bracket: 0
	 Base: 0%
	 Effective Percent: 0%
Mastery
	 Rating: 6046
	 Multiplicative Factor: 0%
	 Eff: 15846
	 DR Bracket: 0
	 Base: 21%
	 Effective Percent: 33,96%
----------------------
03:17,268

Intellect
	 Rating: 136354
	 Multiplicative Factor: 12,48%
	 Eff: 136354,48343170396
Stamina
	 Rating: 861476
	 Multiplicative Factor: 11,3%
	 Eff: 861476
Crit
	 Rating: 8866
	 Multiplicative Factor: 0%
	 Eff: 15166
	 DR Bracket: 0
	 Base: 9%
	 Effective Percent: 21,67%
	 Crit Inc Heal: 2
	 Crit Inc Damage: 2
Haste
	 Rating: 21517
	 Multiplicative Factor: 0%
	 Eff: 30079,400165421208
	 DR Bracket: 1
	 Base: 10%
	 Effective Percent: 45,57%
Vers
	 Rating: 27104
	 Multiplicative Factor: 0%
	 Eff: 26733,6
	 DR Bracket: 1
	 Base: 0%
	 Effective Percent: 34,27%
Leech
	 Rating: 3060
	 Multiplicative Factor: 0%
	 Eff: 3060
	 DR Bracket: 0
	 Base: 0%
	 Effective Percent: 3%
Avoidance
	 Rating: 0
	 Multiplicative Factor: 0%
	 Eff: 0
	 DR Bracket: 0
	 Base: 0%
	 Effective Percent: 0%
Mastery
	 Rating: 6046
	 Multiplicative Factor: 0%
	 Eff: 15846
	 DR Bracket: 0
	 Base: 21%
	 Effective Percent: 33,96%
----------------------
03:22,416

Intellect
	 Rating: 136354
	 Multiplicative Factor: 12,48%
	 Eff: 136354,48343170396
Stamina
	 Rating: 861476
	 Multiplicative Factor: 11,3%
	 Eff: 861476
Crit
	 Rating: 8866
	 Multiplicative Factor: 0%
	 Eff: 15166
	 DR Bracket: 0
	 Base: 9%
	 Effective Percent: 21,67%
	 Crit Inc Heal: 2
	 Crit Inc Damage: 2
Haste
	 Rating: 21517
	 Multiplicative Factor: 0%
	 Eff: 30079,400165421208
	 DR Bracket: 1
	 Base: 10%
	 Effective Percent: 45,57%
Vers
	 Rating: 27104
	 Multiplicative Factor: 0%
	 Eff: 26733,6
	 DR Bracket: 1
	 Base: 0%
	 Effective Percent: 34,27%
Leech
	 Rating: 3060
	 Multiplicative Factor: 0%
	 Eff: 3060
	 DR Bracket: 0
	 Base: 0%
	 Effective Percent: 3%
Avoidance
	 Rating: 0
	 Multiplicative Factor: 0%
	 Eff: 0
	 DR Bracket: 0
	 Base: 0%
	 Effective Percent: 0%
Mastery
	 Rating: 6046
	 Multiplicative Factor: 0%
	 Eff: 15846
	 DR Bracket: 0
	 Base: 21%
	 Effective Percent: 33,96%
----------------------
03:27,466

Intellect
	 Rating: 136354
	 Multiplicative Factor: 12,48%
	 Eff: 153480,75456935904
Stamina
	 Rating: 861476
	 Multiplicative Factor: 11,3%
	 Eff: 861476
Crit
	 Rating: 8866
	 Multiplicative Factor: 0%
	 Eff: 15166
	 DR Bracket: 0
	 Base: 9%
	 Effective Percent: 21,67%
	 Crit Inc Heal: 2
	 Crit Inc Damage: 2
Haste
	 Rating: 21517
	 Multiplicative Factor: 0%
	 Eff: 30079,400165421208
	 DR Bracket: 1
	 Base: 10%
	 Effective Percent: 45,57%
Vers
	 Rating: 27104
	 Multiplicative Factor: 0%
	 Eff: 26733,6
	 DR Bracket: 1
	 Base: 0%
	 Effective Percent: 34,27%
Leech
	 Rating: 3060
	 Multiplicative Factor: 0%
	 Eff: 3060
	 DR Bracket: 0
	 Base: 0%
	 Effective Percent: 3%
Avoidance
	 Rating: 0
	 Multiplicative Factor: 0%
	 Eff: 0
	 DR Bracket: 0
	 Base: 0%
	 Effective Percent: 0%
Mastery
	 Rating: 6046
	 Multiplicative Factor: 0%
	 Eff: 15846
	 DR Bracket: 0
	 Base: 21%
	 Effective Percent: 33,96%
----------------------
03:32,511

Intellect
	 Rating: 136354
	 Multiplicative Factor: 12,48%
	 Eff: 153480,75456935904
Stamina
	 Rating: 861476
	 Multiplicative Factor: 11,3%
	 Eff: 861476
Crit
	 Rating: 8866
	 Multiplicative Factor: 0%
	 Eff: 25666
	 DR Bracket: 0
	 Base: 24%
	 Effective Percent: 36,67%
	 Crit Inc Heal: 2
	 Crit Inc Damage: 2
Haste
	 Rating: 21517
	 Multiplicative Factor: 0%
	 Eff: 30079,400165421208
	 DR Bracket: 1
	 Base: 10%
	 Effective Percent: 45,57%
Vers
	 Rating: 27104
	 Multiplicative Factor: 0%
	 Eff: 26733,6
	 DR Bracket: 1
	 Base: 0%
	 Effective Percent: 34,27%
Leech
	 Rating: 3060
	 Multiplicative Factor: 0%
	 Eff: 3060
	 DR Bracket: 0
	 Base: 0%
	 Effective Percent: 3%
Avoidance
	 Rating: 0
	 Multiplicative Factor: 0%
	 Eff: 0
	 DR Bracket: 0
	 Base: 0%
	 Effective Percent: 0%
Mastery
	 Rating: 6046
	 Multiplicative Factor: 0%
	 Eff: 15846
	 DR Bracket: 0
	 Base: 21%
	 Effective Percent: 33,96%
----------------------
03:37,544

Intellect
	 Rating: 136354
	 Multiplicative Factor: 12,48%
	 Eff: 136354,48343170396
Stamina
	 Rating: 861476
	 Multiplicative Factor: 11,3%
	 Eff: 861476
Crit
	 Rating: 8866
	 Multiplicative Factor: 0%
	 Eff: 25666
	 DR Bracket: 0
	 Base: 24%
	 Effective Percent: 36,67%
	 Crit Inc Heal: 2
	 Crit Inc Damage: 2
Haste
	 Rating: 21517
	 Multiplicative Factor: 0%
	 Eff: 30079,400165421208
	 DR Bracket: 1
	 Base: 10%
	 Effective Percent: 45,57%
Vers
	 Rating: 27104
	 Multiplicative Factor: 0%
	 Eff: 26733,6
	 DR Bracket: 1
	 Base: 0%
	 Effective Percent: 34,27%
Leech
	 Rating: 3060
	 Multiplicative Factor: 0%
	 Eff: 3060
	 DR Bracket: 0
	 Base: 0%
	 Effective Percent: 3%
Avoidance
	 Rating: 0
	 Multiplicative Factor: 0%
	 Eff: 0
	 DR Bracket: 0
	 Base: 0%
	 Effective Percent: 0%
Mastery
	 Rating: 6046
	 Multiplicative Factor: 0%
	 Eff: 15846
	 DR Bracket: 0
	 Base: 21%
	 Effective Percent: 33,96%
----------------------
03:42,553

Intellect
	 Rating: 136354
	 Multiplicative Factor: 12,48%
	 Eff: 136354,48343170396
Stamina
	 Rating: 861476
	 Multiplicative Factor: 11,3%
	 Eff: 861476
Crit
	 Rating: 8866
	 Multiplicative Factor: 0%
	 Eff: 15166
	 DR Bracket: 0
	 Base: 9%
	 Effective Percent: 21,67%
	 Crit Inc Heal: 2
	 Crit Inc Damage: 2
Haste
	 Rating: 21517
	 Multiplicative Factor: 0%
	 Eff: 30079,400165421208
	 DR Bracket: 1
	 Base: 10%
	 Effective Percent: 45,57%
Vers
	 Rating: 27104
	 Multiplicative Factor: 0%
	 Eff: 26733,6
	 DR Bracket: 1
	 Base: 0%
	 Effective Percent: 34,27%
Leech
	 Rating: 3060
	 Multiplicative Factor: 0%
	 Eff: 3060
	 DR Bracket: 0
	 Base: 0%
	 Effective Percent: 3%
Avoidance
	 Rating: 0
	 Multiplicative Factor: 0%
	 Eff: 0
	 DR Bracket: 0
	 Base: 0%
	 Effective Percent: 0%
Mastery
	 Rating: 6046
	 Multiplicative Factor: 0%
	 Eff: 15846
	 DR Bracket: 0
	 Base: 21%
	 Effective Percent: 33,96%
----------------------
03:47,589

Intellect
	 Rating: 136354
	 Multiplicative Factor: 12,48%
	 Eff: 151590,74819850203
Stamina
	 Rating: 861476
	 Multiplicative Factor: 11,3%
	 Eff: 861476
Crit
	 Rating: 8866
	 Multiplicative Factor: 0%
	 Eff: 15166
	 DR Bracket: 0
	 Base: 9%
	 Effective Percent: 21,67%
	 Crit Inc Heal: 2
	 Crit Inc Damage: 2
Haste
	 Rating: 21517
	 Multiplicative Factor: 0%
	 Eff: 30079,400165421208
	 DR Bracket: 1
	 Base: 10%
	 Effective Percent: 45,57%
Vers
	 Rating: 27104
	 Multiplicative Factor: 0%
	 Eff: 26733,6
	 DR Bracket: 1
	 Base: 0%
	 Effective Percent: 34,27%
Leech
	 Rating: 3060
	 Multiplicative Factor: 0%
	 Eff: 3060
	 DR Bracket: 0
	 Base: 0%
	 Effective Percent: 3%
Avoidance
	 Rating: 0
	 Multiplicative Factor: 0%
	 Eff: 0
	 DR Bracket: 0
	 Base: 0%
	 Effective Percent: 0%
Mastery
	 Rating: 6046
	 Multiplicative Factor: 0%
	 Eff: 15846
	 DR Bracket: 0
	 Base: 21%
	 Effective Percent: 33,96%
----------------------
03:52,629

Intellect
	 Rating: 136354
	 Multiplicative Factor: 12,48%
	 Eff: 151590,74819850203
Stamina
	 Rating: 861476
	 Multiplicative Factor: 11,3%
	 Eff: 861476
Crit
	 Rating: 8866
	 Multiplicative Factor: 0%
	 Eff: 25666
	 DR Bracket: 0
	 Base: 24%
	 Effective Percent: 36,67%
	 Crit Inc Heal: 2
	 Crit Inc Damage: 2
Haste
	 Rating: 21517
	 Multiplicative Factor: 0%
	 Eff: 30079,400165421208
	 DR Bracket: 1
	 Base: 10%
	 Effective Percent: 45,57%
Vers
	 Rating: 27104
	 Multiplicative Factor: 0%
	 Eff: 26733,6
	 DR Bracket: 1
	 Base: 0%
	 Effective Percent: 34,27%
Leech
	 Rating: 3060
	 Multiplicative Factor: 0%
	 Eff: 3060
	 DR Bracket: 0
	 Base: 0%
	 Effective Percent: 3%
Avoidance
	 Rating: 0
	 Multiplicative Factor: 0%
	 Eff: 0
	 DR Bracket: 0
	 Base: 0%
	 Effective Percent: 0%
Mastery
	 Rating: 6046
	 Multiplicative Factor: 0%
	 Eff: 15846
	 DR Bracket: 0
	 Base: 21%
	 Effective Percent: 33,96%
----------------------
03:57,652

Intellect
	 Rating: 136354
	 Multiplicative Factor: 12,48%
	 Eff: 168340,09491020662
Stamina
	 Rating: 861476
	 Multiplicative Factor: 11,3%
	 Eff: 861476
Crit
	 Rating: 8866
	 Multiplicative Factor: 0%
	 Eff: 25666
	 DR Bracket: 0
	 Base: 24%
	 Effective Percent: 36,67%
	 Crit Inc Heal: 2
	 Crit Inc Damage: 2
Haste
	 Rating: 21517
	 Multiplicative Factor: 0%
	 Eff: 30079,400165421208
	 DR Bracket: 1
	 Base: 10%
	 Effective Percent: 45,57%
Vers
	 Rating: 27104
	 Multiplicative Factor: 0%
	 Eff: 26733,6
	 DR Bracket: 1
	 Base: 0%
	 Effective Percent: 34,27%
Leech
	 Rating: 3060
	 Multiplicative Factor: 0%
	 Eff: 3060
	 DR Bracket: 0
	 Base: 0%
	 Effective Percent: 3%
Avoidance
	 Rating: 0
	 Multiplicative Factor: 0%
	 Eff: 0
	 DR Bracket: 0
	 Base: 0%
	 Effective Percent: 0%
Mastery
	 Rating: 6046
	 Multiplicative Factor: 0%
	 Eff: 15846
	 DR Bracket: 0
	 Base: 21%
	 Effective Percent: 33,96%
----------------------
04:02,679

Intellect
	 Rating: 136354
	 Multiplicative Factor: 12,48%
	 Eff: 168340,09491020662
Stamina
	 Rating: 861476
	 Multiplicative Factor: 11,3%
	 Eff: 861476
Crit
	 Rating: 8866
	 Multiplicative Factor: 0%
	 Eff: 25666
	 DR Bracket: 0
	 Base: 24%
	 Effective Percent: 36,67%
	 Crit Inc Heal: 2
	 Crit Inc Damage: 2
Haste
	 Rating: 21517
	 Multiplicative Factor: 0%
	 Eff: 30079,400165421208
	 DR Bracket: 1
	 Base: 10%
	 Effective Percent: 45,57%
Vers
	 Rating: 27104
	 Multiplicative Factor: 0%
	 Eff: 26733,6
	 DR Bracket: 1
	 Base: 0%
	 Effective Percent: 34,27%
Leech
	 Rating: 3060
	 Multiplicative Factor: 0%
	 Eff: 3060
	 DR Bracket: 0
	 Base: 0%
	 Effective Percent: 3%
Avoidance
	 Rating: 0
	 Multiplicative Factor: 0%
	 Eff: 0
	 DR Bracket: 0
	 Base: 0%
	 Effective Percent: 0%
Mastery
	 Rating: 6046
	 Multiplicative Factor: 0%
	 Eff: 15846
	 DR Bracket: 0
	 Base: 21%
	 Effective Percent: 33,96%
----------------------
04:07,697

Intellect
	 Rating: 136354
	 Multiplicative Factor: 12,48%
	 Eff: 168340,09491020662
Stamina
	 Rating: 861476
	 Multiplicative Factor: 11,3%
	 Eff: 861476
Crit
	 Rating: 8866
	 Multiplicative Factor: 0%
	 Eff: 25666
	 DR Bracket: 0
	 Base: 24%
	 Effective Percent: 36,67%
	 Crit Inc Heal: 2
	 Crit Inc Damage: 2
Haste
	 Rating: 21517
	 Multiplicative Factor: 0%
	 Eff: 30079,400165421208
	 DR Bracket: 1
	 Base: 10%
	 Effective Percent: 45,57%
Vers
	 Rating: 27104
	 Multiplicative Factor: 0%
	 Eff: 26733,6
	 DR Bracket: 1
	 Base: 0%
	 Effective Percent: 34,27%
Leech
	 Rating: 3060
	 Multiplicative Factor: 0%
	 Eff: 3060
	 DR Bracket: 0
	 Base: 0%
	 Effective Percent: 3%
Avoidance
	 Rating: 0
	 Multiplicative Factor: 0%
	 Eff: 0
	 DR Bracket: 0
	 Base: 0%
	 Effective Percent: 0%
Mastery
	 Rating: 6046
	 Multiplicative Factor: 0%
	 Eff: 15846
	 DR Bracket: 0
	 Base: 21%
	 Effective Percent: 33,96%
----------------------
04:12,713

Intellect
	 Rating: 136354
	 Multiplicative Factor: 12,48%
	 Eff: 136354,48343170396
Stamina
	 Rating: 861476
	 Multiplicative Factor: 11,3%
	 Eff: 861476
Crit
	 Rating: 8866
	 Multiplicative Factor: 0%
	 Eff: 25666
	 DR Bracket: 0
	 Base: 24%
	 Effective Percent: 36,67%
	 Crit Inc Heal: 2
	 Crit Inc Damage: 2
Haste
	 Rating: 21517
	 Multiplicative Factor: 0%
	 Eff: 30079,400165421208
	 DR Bracket: 1
	 Base: 10%
	 Effective Percent: 45,57%
Vers
	 Rating: 27104
	 Multiplicative Factor: 0%
	 Eff: 26733,6
	 DR Bracket: 1
	 Base: 0%
	 Effective Percent: 34,27%
Leech
	 Rating: 3060
	 Multiplicative Factor: 0%
	 Eff: 3060
	 DR Bracket: 0
	 Base: 0%
	 Effective Percent: 3%
Avoidance
	 Rating: 0
	 Multiplicative Factor: 0%
	 Eff: 0
	 DR Bracket: 0
	 Base: 0%
	 Effective Percent: 0%
Mastery
	 Rating: 6046
	 Multiplicative Factor: 0%
	 Eff: 15846
	 DR Bracket: 0
	 Base: 21%
	 Effective Percent: 33,96%
----------------------
04:17,791

Intellect
	 Rating: 136354
	 Multiplicative Factor: 12,48%
	 Eff: 136354,48343170396
Stamina
	 Rating: 861476
	 Multiplicative Factor: 11,3%
	 Eff: 861476
Crit
	 Rating: 8866
	 Multiplicative Factor: 0%
	 Eff: 25666
	 DR Bracket: 0
	 Base: 24%
	 Effective Percent: 36,67%
	 Crit Inc Heal: 2
	 Crit Inc Damage: 2
Haste
	 Rating: 21517
	 Multiplicative Factor: 0%
	 Eff: 30079,400165421208
	 DR Bracket: 1
	 Base: 10%
	 Effective Percent: 45,57%
Vers
	 Rating: 27104
	 Multiplicative Factor: 0%
	 Eff: 26733,6
	 DR Bracket: 1
	 Base: 0%
	 Effective Percent: 34,27%
Leech
	 Rating: 3060
	 Multiplicative Factor: 0%
	 Eff: 3060
	 DR Bracket: 0
	 Base: 0%
	 Effective Percent: 3%
Avoidance
	 Rating: 0
	 Multiplicative Factor: 0%
	 Eff: 0
	 DR Bracket: 0
	 Base: 0%
	 Effective Percent: 0%
Mastery
	 Rating: 6046
	 Multiplicative Factor: 0%
	 Eff: 15846
	 DR Bracket: 0
	 Base: 21%
	 Effective Percent: 33,96%
----------------------
04:22,802

Intellect
	 Rating: 136354
	 Multiplicative Factor: 12,48%
	 Eff: 136354,48343170396
Stamina
	 Rating: 861476
	 Multiplicative Factor: 11,3%
	 Eff: 861476
Crit
	 Rating: 8866
	 Multiplicative Factor: 0%
	 Eff: 25666
	 DR Bracket: 0
	 Base: 24%
	 Effective Percent: 36,67%
	 Crit Inc Heal: 2
	 Crit Inc Damage: 2
Haste
	 Rating: 21517
	 Multiplicative Factor: 0%
	 Eff: 30079,400165421208
	 DR Bracket: 1
	 Base: 10%
	 Effective Percent: 45,57%
Vers
	 Rating: 27104
	 Multiplicative Factor: 0%
	 Eff: 26733,6
	 DR Bracket: 1
	 Base: 0%
	 Effective Percent: 34,27%
Leech
	 Rating: 3060
	 Multiplicative Factor: 0%
	 Eff: 3060
	 DR Bracket: 0
	 Base: 0%
	 Effective Percent: 3%
Avoidance
	 Rating: 0
	 Multiplicative Factor: 0%
	 Eff: 0
	 DR Bracket: 0
	 Base: 0%
	 Effective Percent: 0%
Mastery
	 Rating: 6046
	 Multiplicative Factor: 0%
	 Eff: 15846
	 DR Bracket: 0
	 Base: 21%
	 Effective Percent: 33,96%
----------------------
04:27,809

Intellect
	 Rating: 136354
	 Multiplicative Factor: 12,48%
	 Eff: 136354,48343170396
Stamina
	 Rating: 861476
	 Multiplicative Factor: 11,3%
	 Eff: 861476
Crit
	 Rating: 8866
	 Multiplicative Factor: 0%
	 Eff: 15166
	 DR Bracket: 0
	 Base: 9%
	 Effective Percent: 21,67%
	 Crit Inc Heal: 2
	 Crit Inc Damage: 2
Haste
	 Rating: 21517
	 Multiplicative Factor: 0%
	 Eff: 30079,400165421208
	 DR Bracket: 1
	 Base: 10%
	 Effective Percent: 45,57%
Vers
	 Rating: 27104
	 Multiplicative Factor: 0%
	 Eff: 26733,6
	 DR Bracket: 1
	 Base: 0%
	 Effective Percent: 34,27%
Leech
	 Rating: 3060
	 Multiplicative Factor: 0%
	 Eff: 3060
	 DR Bracket: 0
	 Base: 0%
	 Effective Percent: 3%
Avoidance
	 Rating: 0
	 Multiplicative Factor: 0%
	 Eff: 0
	 DR Bracket: 0
	 Base: 0%
	 Effective Percent: 0%
Mastery
	 Rating: 6046
	 Multiplicative Factor: 0%
	 Eff: 15846
	 DR Bracket: 0
	 Base: 21%
	 Effective Percent: 33,96%
----------------------
04:32,978

Intellect
	 Rating: 136354
	 Multiplicative Factor: 12,48%
	 Eff: 151590,74819850203
Stamina
	 Rating: 861476
	 Multiplicative Factor: 11,3%
	 Eff: 861476
Crit
	 Rating: 8866
	 Multiplicative Factor: 0%
	 Eff: 15166
	 DR Bracket: 0
	 Base: 9%
	 Effective Percent: 21,67%
	 Crit Inc Heal: 2
	 Crit Inc Damage: 2
Haste
	 Rating: 21517
	 Multiplicative Factor: 0%
	 Eff: 30079,400165421208
	 DR Bracket: 1
	 Base: 10%
	 Effective Percent: 45,57%
Vers
	 Rating: 27104
	 Multiplicative Factor: 0%
	 Eff: 26733,6
	 DR Bracket: 1
	 Base: 0%
	 Effective Percent: 34,27%
Leech
	 Rating: 3060
	 Multiplicative Factor: 0%
	 Eff: 3060
	 DR Bracket: 0
	 Base: 0%
	 Effective Percent: 3%
Avoidance
	 Rating: 0
	 Multiplicative Factor: 0%
	 Eff: 0
	 DR Bracket: 0
	 Base: 0%
	 Effective Percent: 0%
Mastery
	 Rating: 6046
	 Multiplicative Factor: 0%
	 Eff: 15846
	 DR Bracket: 0
	 Base: 21%
	 Effective Percent: 33,96%
