----------------------
00:00,114

Intellect
	 Rating: 141480
	 Multiplicative Factor: 8,15%
	 Eff: 141480
Stamina
	 Rating: 833387
	 Multiplicative Factor: 6%
	 Eff: 833387
Crit
	 Rating: 18012
	 Multiplicative Factor: 0%
	 Eff: 21512
	 DR Bracket: 0
	 Base: 5%
	 Effective Percent: 30,73%
	 Crit Inc Heal: 2
	 Crit Inc Damage: 2
Haste
	 Rating: 10774
	 Multiplicative Factor: 0%
	 Eff: 10774
	 DR Bracket: 0
	 Base: 0%
	 Effective Percent: 16,32%
Vers
	 Rating: 827
	 Multiplicative Factor: 0%
	 Eff: 3167
	 DR Bracket: 0
	 Base: 3%
	 Effective Percent: 4,06%
Leech
	 Rating: 3060
	 Multiplicative Factor: 0%
	 Eff: 5099,99025
	 DR Bracket: 0
	 Base: 2%
	 Effective Percent: 5%
Avoidance
	 Rating: 919
	 Multiplicative Factor: 0%
	 Eff: 919
	 DR Bracket: 0
	 Base: 0%
	 Effective Percent: 1,69%
Mastery
	 Rating: 32595
	 Multiplicative Factor: 0%
	 Eff: 37976
	 DR Bracket: 2
	 Base: 18%
	 Effective Percent: 97,65%
----------------------
00:05,172

Intellect
	 Rating: 141480
	 Multiplicative Factor: 8,15%
	 Eff: 141480
Stamina
	 Rating: 833387
	 Multiplicative Factor: 6%
	 Eff: 833387
Crit
	 Rating: 18012
	 Multiplicative Factor: 0%
	 Eff: 21512
	 DR Bracket: 0
	 Base: 5%
	 Effective Percent: 30,73%
	 Crit Inc Heal: 2,6
	 Crit Inc Damage: 2
Haste
	 Rating: 10774
	 Multiplicative Factor: 0%
	 Eff: 33806,2
	 DR Bracket: 0
	 Base: 30%
	 Effective Percent: 51,22%
Vers
	 Rating: 827
	 Multiplicative Factor: 0%
	 Eff: 3167
	 DR Bracket: 0
	 Base: 3%
	 Effective Percent: 4,06%
Leech
	 Rating: 3060
	 Multiplicative Factor: 0%
	 Eff: 5099,99025
	 DR Bracket: 0
	 Base: 2%
	 Effective Percent: 5%
Avoidance
	 Rating: 919
	 Multiplicative Factor: 0%
	 Eff: 919
	 DR Bracket: 0
	 Base: 0%
	 Effective Percent: 1,69%
Mastery
	 Rating: 32595
	 Multiplicative Factor: 0%
	 Eff: 37976
	 DR Bracket: 2
	 Base: 18%
	 Effective Percent: 97,65%
----------------------
00:10,203

Intellect
	 Rating: 141480
	 Multiplicative Factor: 8,15%
	 Eff: 141480
Stamina
	 Rating: 833387
	 Multiplicative Factor: 6%
	 Eff: 833387
Crit
	 Rating: 18012
	 Multiplicative Factor: 0%
	 Eff: 21512
	 DR Bracket: 0
	 Base: 5%
	 Effective Percent: 30,73%
	 Crit Inc Heal: 2,6
	 Crit Inc Damage: 2
Haste
	 Rating: 10774
	 Multiplicative Factor: 0%
	 Eff: 33806,2
	 DR Bracket: 0
	 Base: 30%
	 Effective Percent: 51,22%
Vers
	 Rating: 827
	 Multiplicative Factor: 0%
	 Eff: 3167
	 DR Bracket: 0
	 Base: 3%
	 Effective Percent: 4,06%
Leech
	 Rating: 3060
	 Multiplicative Factor: 0%
	 Eff: 5099,99025
	 DR Bracket: 0
	 Base: 2%
	 Effective Percent: 5%
Avoidance
	 Rating: 919
	 Multiplicative Factor: 0%
	 Eff: 919
	 DR Bracket: 0
	 Base: 0%
	 Effective Percent: 1,69%
Mastery
	 Rating: 32595
	 Multiplicative Factor: 0%
	 Eff: 37976
	 DR Bracket: 2
	 Base: 18%
	 Effective Percent: 97,65%
----------------------
00:15,482

Intellect
	 Rating: 141480
	 Multiplicative Factor: 8,15%
	 Eff: 141480
Stamina
	 Rating: 833387
	 Multiplicative Factor: 6%
	 Eff: 833387
Crit
	 Rating: 18012
	 Multiplicative Factor: 0%
	 Eff: 21512
	 DR Bracket: 0
	 Base: 5%
	 Effective Percent: 30,73%
	 Crit Inc Heal: 2,6
	 Crit Inc Damage: 2
Haste
	 Rating: 10774
	 Multiplicative Factor: 0%
	 Eff: 33806,2
	 DR Bracket: 0
	 Base: 30%
	 Effective Percent: 51,22%
Vers
	 Rating: 827
	 Multiplicative Factor: 0%
	 Eff: 3167
	 DR Bracket: 0
	 Base: 3%
	 Effective Percent: 4,06%
Leech
	 Rating: 3060
	 Multiplicative Factor: 0%
	 Eff: 5099,99025
	 DR Bracket: 0
	 Base: 2%
	 Effective Percent: 5%
Avoidance
	 Rating: 919
	 Multiplicative Factor: 0%
	 Eff: 919
	 DR Bracket: 0
	 Base: 0%
	 Effective Percent: 1,69%
Mastery
	 Rating: 32595
	 Multiplicative Factor: 0%
	 Eff: 37976
	 DR Bracket: 2
	 Base: 18%
	 Effective Percent: 97,65%
----------------------
00:20,542

Intellect
	 Rating: 141480
	 Multiplicative Factor: 8,15%
	 Eff: 141480
Stamina
	 Rating: 833387
	 Multiplicative Factor: 6%
	 Eff: 833387
Crit
	 Rating: 18012
	 Multiplicative Factor: 0%
	 Eff: 21512
	 DR Bracket: 0
	 Base: 5%
	 Effective Percent: 30,73%
	 Crit Inc Heal: 2,6
	 Crit Inc Damage: 2
Haste
	 Rating: 10774
	 Multiplicative Factor: 0%
	 Eff: 33806,2
	 DR Bracket: 0
	 Base: 30%
	 Effective Percent: 51,22%
Vers
	 Rating: 827
	 Multiplicative Factor: 0%
	 Eff: 3167
	 DR Bracket: 0
	 Base: 3%
	 Effective Percent: 4,06%
Leech
	 Rating: 3060
	 Multiplicative Factor: 0%
	 Eff: 5099,99025
	 DR Bracket: 0
	 Base: 2%
	 Effective Percent: 5%
Avoidance
	 Rating: 919
	 Multiplicative Factor: 0%
	 Eff: 919
	 DR Bracket: 0
	 Base: 0%
	 Effective Percent: 1,69%
Mastery
	 Rating: 32595
	 Multiplicative Factor: 0%
	 Eff: 37976
	 DR Bracket: 2
	 Base: 18%
	 Effective Percent: 97,65%
----------------------
00:25,605

Intellect
	 Rating: 141480
	 Multiplicative Factor: 8,15%
	 Eff: 141480
Stamina
	 Rating: 833387
	 Multiplicative Factor: 6%
	 Eff: 833387
Crit
	 Rating: 18012
	 Multiplicative Factor: 0%
	 Eff: 21512
	 DR Bracket: 0
	 Base: 5%
	 Effective Percent: 30,73%
	 Crit Inc Heal: 2,6
	 Crit Inc Damage: 2
Haste
	 Rating: 10774
	 Multiplicative Factor: 0%
	 Eff: 33806,2
	 DR Bracket: 0
	 Base: 30%
	 Effective Percent: 51,22%
Vers
	 Rating: 827
	 Multiplicative Factor: 0%
	 Eff: 3167
	 DR Bracket: 0
	 Base: 3%
	 Effective Percent: 4,06%
Leech
	 Rating: 3060
	 Multiplicative Factor: 0%
	 Eff: 5099,99025
	 DR Bracket: 0
	 Base: 2%
	 Effective Percent: 5%
Avoidance
	 Rating: 919
	 Multiplicative Factor: 0%
	 Eff: 919
	 DR Bracket: 0
	 Base: 0%
	 Effective Percent: 1,69%
Mastery
	 Rating: 32595
	 Multiplicative Factor: 0%
	 Eff: 37976
	 DR Bracket: 2
	 Base: 18%
	 Effective Percent: 97,65%
----------------------
00:30,654

Intellect
	 Rating: 141480
	 Multiplicative Factor: 8,15%
	 Eff: 141480
Stamina
	 Rating: 833387
	 Multiplicative Factor: 6%
	 Eff: 833387
Crit
	 Rating: 18012
	 Multiplicative Factor: 0%
	 Eff: 21512
	 DR Bracket: 0
	 Base: 5%
	 Effective Percent: 30,73%
	 Crit Inc Heal: 2,6
	 Crit Inc Damage: 2
Haste
	 Rating: 10774
	 Multiplicative Factor: 0%
	 Eff: 33806,2
	 DR Bracket: 0
	 Base: 30%
	 Effective Percent: 51,22%
Vers
	 Rating: 827
	 Multiplicative Factor: 0%
	 Eff: 3167
	 DR Bracket: 0
	 Base: 3%
	 Effective Percent: 4,06%
Leech
	 Rating: 3060
	 Multiplicative Factor: 0%
	 Eff: 5099,99025
	 DR Bracket: 0
	 Base: 2%
	 Effective Percent: 5%
Avoidance
	 Rating: 919
	 Multiplicative Factor: 0%
	 Eff: 919
	 DR Bracket: 0
	 Base: 0%
	 Effective Percent: 1,69%
Mastery
	 Rating: 32595
	 Multiplicative Factor: 0%
	 Eff: 37976
	 DR Bracket: 2
	 Base: 18%
	 Effective Percent: 97,65%
----------------------
00:35,761

Intellect
	 Rating: 141480
	 Multiplicative Factor: 8,15%
	 Eff: 141480
Stamina
	 Rating: 833387
	 Multiplicative Factor: 6%
	 Eff: 833387
Crit
	 Rating: 18012
	 Multiplicative Factor: 0%
	 Eff: 21512
	 DR Bracket: 0
	 Base: 5%
	 Effective Percent: 30,73%
	 Crit Inc Heal: 2
	 Crit Inc Damage: 2
Haste
	 Rating: 10774
	 Multiplicative Factor: 0%
	 Eff: 33806,2
	 DR Bracket: 0
	 Base: 30%
	 Effective Percent: 51,22%
Vers
	 Rating: 827
	 Multiplicative Factor: 0%
	 Eff: 3167
	 DR Bracket: 0
	 Base: 3%
	 Effective Percent: 4,06%
Leech
	 Rating: 3060
	 Multiplicative Factor: 0%
	 Eff: 5099,99025
	 DR Bracket: 0
	 Base: 2%
	 Effective Percent: 5%
Avoidance
	 Rating: 919
	 Multiplicative Factor: 0%
	 Eff: 919
	 DR Bracket: 0
	 Base: 0%
	 Effective Percent: 1,69%
Mastery
	 Rating: 32595
	 Multiplicative Factor: 0%
	 Eff: 37976
	 DR Bracket: 2
	 Base: 18%
	 Effective Percent: 97,65%
----------------------
00:40,809

Intellect
	 Rating: 141480
	 Multiplicative Factor: 8,15%
	 Eff: 141480
Stamina
	 Rating: 833387
	 Multiplicative Factor: 6%
	 Eff: 833387
Crit
	 Rating: 18012
	 Multiplicative Factor: 0%
	 Eff: 21512
	 DR Bracket: 0
	 Base: 5%
	 Effective Percent: 30,73%
	 Crit Inc Heal: 2,6
	 Crit Inc Damage: 2
Haste
	 Rating: 10774
	 Multiplicative Factor: 0%
	 Eff: 10774
	 DR Bracket: 0
	 Base: 0%
	 Effective Percent: 16,32%
Vers
	 Rating: 827
	 Multiplicative Factor: 0%
	 Eff: 3167
	 DR Bracket: 0
	 Base: 3%
	 Effective Percent: 4,06%
Leech
	 Rating: 3060
	 Multiplicative Factor: 0%
	 Eff: 5099,99025
	 DR Bracket: 0
	 Base: 2%
	 Effective Percent: 5%
Avoidance
	 Rating: 919
	 Multiplicative Factor: 0%
	 Eff: 919
	 DR Bracket: 0
	 Base: 0%
	 Effective Percent: 1,69%
Mastery
	 Rating: 32595
	 Multiplicative Factor: 0%
	 Eff: 37976
	 DR Bracket: 2
	 Base: 18%
	 Effective Percent: 97,65%
----------------------
00:45,920

Intellect
	 Rating: 141480
	 Multiplicative Factor: 8,15%
	 Eff: 141480
Stamina
	 Rating: 833387
	 Multiplicative Factor: 6%
	 Eff: 833387
Crit
	 Rating: 18012
	 Multiplicative Factor: 0%
	 Eff: 21512
	 DR Bracket: 0
	 Base: 5%
	 Effective Percent: 30,73%
	 Crit Inc Heal: 2,6
	 Crit Inc Damage: 2
Haste
	 Rating: 10774
	 Multiplicative Factor: 0%
	 Eff: 10774
	 DR Bracket: 0
	 Base: 0%
	 Effective Percent: 16,32%
Vers
	 Rating: 827
	 Multiplicative Factor: 0%
	 Eff: 3167
	 DR Bracket: 0
	 Base: 3%
	 Effective Percent: 4,06%
Leech
	 Rating: 3060
	 Multiplicative Factor: 0%
	 Eff: 5099,99025
	 DR Bracket: 0
	 Base: 2%
	 Effective Percent: 5%
Avoidance
	 Rating: 919
	 Multiplicative Factor: 0%
	 Eff: 919
	 DR Bracket: 0
	 Base: 0%
	 Effective Percent: 1,69%
Mastery
	 Rating: 32595
	 Multiplicative Factor: 0%
	 Eff: 37976
	 DR Bracket: 2
	 Base: 18%
	 Effective Percent: 97,65%
----------------------
00:50,969

Intellect
	 Rating: 141480
	 Multiplicative Factor: 8,15%
	 Eff: 141480
Stamina
	 Rating: 833387
	 Multiplicative Factor: 6%
	 Eff: 833387
Crit
	 Rating: 18012
	 Multiplicative Factor: 0%
	 Eff: 21512
	 DR Bracket: 0
	 Base: 5%
	 Effective Percent: 30,73%
	 Crit Inc Heal: 2,6
	 Crit Inc Damage: 2
Haste
	 Rating: 10774
	 Multiplicative Factor: 0%
	 Eff: 10774
	 DR Bracket: 0
	 Base: 0%
	 Effective Percent: 16,32%
Vers
	 Rating: 827
	 Multiplicative Factor: 0%
	 Eff: 3167
	 DR Bracket: 0
	 Base: 3%
	 Effective Percent: 4,06%
Leech
	 Rating: 3060
	 Multiplicative Factor: 0%
	 Eff: 5099,99025
	 DR Bracket: 0
	 Base: 2%
	 Effective Percent: 5%
Avoidance
	 Rating: 919
	 Multiplicative Factor: 0%
	 Eff: 919
	 DR Bracket: 0
	 Base: 0%
	 Effective Percent: 1,69%
Mastery
	 Rating: 32595
	 Multiplicative Factor: 0%
	 Eff: 37976
	 DR Bracket: 2
	 Base: 18%
	 Effective Percent: 97,65%
----------------------
00:56,009

Intellect
	 Rating: 141480
	 Multiplicative Factor: 8,15%
	 Eff: 141480
Stamina
	 Rating: 833387
	 Multiplicative Factor: 6%
	 Eff: 833387
Crit
	 Rating: 18012
	 Multiplicative Factor: 0%
	 Eff: 21512
	 DR Bracket: 0
	 Base: 5%
	 Effective Percent: 30,73%
	 Crit Inc Heal: 2,6
	 Crit Inc Damage: 2
Haste
	 Rating: 10774
	 Multiplicative Factor: 0%
	 Eff: 10774
	 DR Bracket: 0
	 Base: 0%
	 Effective Percent: 16,32%
Vers
	 Rating: 827
	 Multiplicative Factor: 0%
	 Eff: 3167
	 DR Bracket: 0
	 Base: 3%
	 Effective Percent: 4,06%
Leech
	 Rating: 3060
	 Multiplicative Factor: 0%
	 Eff: 5099,99025
	 DR Bracket: 0
	 Base: 2%
	 Effective Percent: 5%
Avoidance
	 Rating: 919
	 Multiplicative Factor: 0%
	 Eff: 919
	 DR Bracket: 0
	 Base: 0%
	 Effective Percent: 1,69%
Mastery
	 Rating: 32595
	 Multiplicative Factor: 0%
	 Eff: 37976
	 DR Bracket: 2
	 Base: 18%
	 Effective Percent: 97,65%
----------------------
01:01,073

Intellect
	 Rating: 141480
	 Multiplicative Factor: 8,15%
	 Eff: 141480
Stamina
	 Rating: 833387
	 Multiplicative Factor: 6%
	 Eff: 833387
Crit
	 Rating: 18012
	 Multiplicative Factor: 0%
	 Eff: 21512
	 DR Bracket: 0
	 Base: 5%
	 Effective Percent: 30,73%
	 Crit Inc Heal: 2,6
	 Crit Inc Damage: 2
Haste
	 Rating: 10774
	 Multiplicative Factor: 0%
	 Eff: 10774
	 DR Bracket: 0
	 Base: 0%
	 Effective Percent: 16,32%
Vers
	 Rating: 827
	 Multiplicative Factor: 0%
	 Eff: 3167
	 DR Bracket: 0
	 Base: 3%
	 Effective Percent: 4,06%
Leech
	 Rating: 3060
	 Multiplicative Factor: 0%
	 Eff: 5099,99025
	 DR Bracket: 0
	 Base: 2%
	 Effective Percent: 5%
Avoidance
	 Rating: 919
	 Multiplicative Factor: 0%
	 Eff: 919
	 DR Bracket: 0
	 Base: 0%
	 Effective Percent: 1,69%
Mastery
	 Rating: 32595
	 Multiplicative Factor: 0%
	 Eff: 37976
	 DR Bracket: 2
	 Base: 18%
	 Effective Percent: 97,65%
----------------------
01:06,145

Intellect
	 Rating: 141480
	 Multiplicative Factor: 8,15%
	 Eff: 141480
Stamina
	 Rating: 833387
	 Multiplicative Factor: 6%
	 Eff: 833387
Crit
	 Rating: 18012
	 Multiplicative Factor: 0%
	 Eff: 21512
	 DR Bracket: 0
	 Base: 5%
	 Effective Percent: 30,73%
	 Crit Inc Heal: 2,6
	 Crit Inc Damage: 2
Haste
	 Rating: 10774
	 Multiplicative Factor: 0%
	 Eff: 10774
	 DR Bracket: 0
	 Base: 0%
	 Effective Percent: 16,32%
Vers
	 Rating: 827
	 Multiplicative Factor: 0%
	 Eff: 3167
	 DR Bracket: 0
	 Base: 3%
	 Effective Percent: 4,06%
Leech
	 Rating: 3060
	 Multiplicative Factor: 0%
	 Eff: 5099,99025
	 DR Bracket: 0
	 Base: 2%
	 Effective Percent: 5%
Avoidance
	 Rating: 919
	 Multiplicative Factor: 0%
	 Eff: 919
	 DR Bracket: 0
	 Base: 0%
	 Effective Percent: 1,69%
Mastery
	 Rating: 32595
	 Multiplicative Factor: 0%
	 Eff: 37976
	 DR Bracket: 2
	 Base: 18%
	 Effective Percent: 97,65%
----------------------
01:11,369

Intellect
	 Rating: 141480
	 Multiplicative Factor: 8,15%
	 Eff: 141480
Stamina
	 Rating: 833387
	 Multiplicative Factor: 6%
	 Eff: 833387
Crit
	 Rating: 18012
	 Multiplicative Factor: 0%
	 Eff: 21512
	 DR Bracket: 0
	 Base: 5%
	 Effective Percent: 30,73%
	 Crit Inc Heal: 2,6
	 Crit Inc Damage: 2
Haste
	 Rating: 10774
	 Multiplicative Factor: 0%
	 Eff: 10774
	 DR Bracket: 0
	 Base: 0%
	 Effective Percent: 16,32%
Vers
	 Rating: 827
	 Multiplicative Factor: 0%
	 Eff: 3167
	 DR Bracket: 0
	 Base: 3%
	 Effective Percent: 4,06%
Leech
	 Rating: 3060
	 Multiplicative Factor: 0%
	 Eff: 5099,99025
	 DR Bracket: 0
	 Base: 2%
	 Effective Percent: 5%
Avoidance
	 Rating: 919
	 Multiplicative Factor: 0%
	 Eff: 919
	 DR Bracket: 0
	 Base: 0%
	 Effective Percent: 1,69%
Mastery
	 Rating: 32595
	 Multiplicative Factor: 0%
	 Eff: 37976
	 DR Bracket: 2
	 Base: 18%
	 Effective Percent: 97,65%
----------------------
01:16,373

Intellect
	 Rating: 141480
	 Multiplicative Factor: 8,15%
	 Eff: 141480
Stamina
	 Rating: 833387
	 Multiplicative Factor: 6%
	 Eff: 833387
Crit
	 Rating: 18012
	 Multiplicative Factor: 0%
	 Eff: 21512
	 DR Bracket: 0
	 Base: 5%
	 Effective Percent: 30,73%
	 Crit Inc Heal: 2
	 Crit Inc Damage: 2
Haste
	 Rating: 10774
	 Multiplicative Factor: 0%
	 Eff: 10774
	 DR Bracket: 0
	 Base: 0%
	 Effective Percent: 16,32%
Vers
	 Rating: 827
	 Multiplicative Factor: 0%
	 Eff: 3167
	 DR Bracket: 0
	 Base: 3%
	 Effective Percent: 4,06%
Leech
	 Rating: 3060
	 Multiplicative Factor: 0%
	 Eff: 5099,99025
	 DR Bracket: 0
	 Base: 2%
	 Effective Percent: 5%
Avoidance
	 Rating: 919
	 Multiplicative Factor: 0%
	 Eff: 919
	 DR Bracket: 0
	 Base: 0%
	 Effective Percent: 1,69%
Mastery
	 Rating: 32595
	 Multiplicative Factor: 0%
	 Eff: 37976
	 DR Bracket: 2
	 Base: 18%
	 Effective Percent: 97,65%
----------------------
01:21,384

Intellect
	 Rating: 141480
	 Multiplicative Factor: 8,15%
	 Eff: 141480
Stamina
	 Rating: 833387
	 Multiplicative Factor: 6%
	 Eff: 833387
Crit
	 Rating: 18012
	 Multiplicative Factor: 0%
	 Eff: 21512
	 DR Bracket: 0
	 Base: 5%
	 Effective Percent: 30,73%
	 Crit Inc Heal: 2
	 Crit Inc Damage: 2
Haste
	 Rating: 10774
	 Multiplicative Factor: 0%
	 Eff: 10774
	 DR Bracket: 0
	 Base: 0%
	 Effective Percent: 16,32%
Vers
	 Rating: 827
	 Multiplicative Factor: 0%
	 Eff: 3167
	 DR Bracket: 0
	 Base: 3%
	 Effective Percent: 4,06%
Leech
	 Rating: 3060
	 Multiplicative Factor: 0%
	 Eff: 5099,99025
	 DR Bracket: 0
	 Base: 2%
	 Effective Percent: 5%
Avoidance
	 Rating: 919
	 Multiplicative Factor: 0%
	 Eff: 919
	 DR Bracket: 0
	 Base: 0%
	 Effective Percent: 1,69%
Mastery
	 Rating: 32595
	 Multiplicative Factor: 0%
	 Eff: 37976
	 DR Bracket: 2
	 Base: 18%
	 Effective Percent: 97,65%
----------------------
01:26,481

Intellect
	 Rating: 141480
	 Multiplicative Factor: 8,15%
	 Eff: 141480
Stamina
	 Rating: 833387
	 Multiplicative Factor: 6%
	 Eff: 833387
Crit
	 Rating: 18012
	 Multiplicative Factor: 0%
	 Eff: 21512
	 DR Bracket: 0
	 Base: 5%
	 Effective Percent: 30,73%
	 Crit Inc Heal: 2,6
	 Crit Inc Damage: 2
Haste
	 Rating: 10774
	 Multiplicative Factor: 0%
	 Eff: 10774
	 DR Bracket: 0
	 Base: 0%
	 Effective Percent: 16,32%
Vers
	 Rating: 827
	 Multiplicative Factor: 0%
	 Eff: 3167
	 DR Bracket: 0
	 Base: 3%
	 Effective Percent: 4,06%
Leech
	 Rating: 3060
	 Multiplicative Factor: 0%
	 Eff: 5099,99025
	 DR Bracket: 0
	 Base: 2%
	 Effective Percent: 5%
Avoidance
	 Rating: 919
	 Multiplicative Factor: 0%
	 Eff: 919
	 DR Bracket: 0
	 Base: 0%
	 Effective Percent: 1,69%
Mastery
	 Rating: 32595
	 Multiplicative Factor: 0%
	 Eff: 37976
	 DR Bracket: 2
	 Base: 18%
	 Effective Percent: 97,65%
----------------------
01:31,494

Intellect
	 Rating: 141480
	 Multiplicative Factor: 8,15%
	 Eff: 141480
Stamina
	 Rating: 833387
	 Multiplicative Factor: 6%
	 Eff: 833387
Crit
	 Rating: 18012
	 Multiplicative Factor: 0%
	 Eff: 21512
	 DR Bracket: 0
	 Base: 5%
	 Effective Percent: 30,73%
	 Crit Inc Heal: 2,6
	 Crit Inc Damage: 2
Haste
	 Rating: 10774
	 Multiplicative Factor: 0%
	 Eff: 10774
	 DR Bracket: 0
	 Base: 0%
	 Effective Percent: 16,32%
Vers
	 Rating: 827
	 Multiplicative Factor: 0%
	 Eff: 3167
	 DR Bracket: 0
	 Base: 3%
	 Effective Percent: 4,06%
Leech
	 Rating: 3060
	 Multiplicative Factor: 0%
	 Eff: 5099,99025
	 DR Bracket: 0
	 Base: 2%
	 Effective Percent: 5%
Avoidance
	 Rating: 919
	 Multiplicative Factor: 0%
	 Eff: 919
	 DR Bracket: 0
	 Base: 0%
	 Effective Percent: 1,69%
Mastery
	 Rating: 32595
	 Multiplicative Factor: 0%
	 Eff: 37976
	 DR Bracket: 2
	 Base: 18%
	 Effective Percent: 97,65%
----------------------
01:36,495

Intellect
	 Rating: 141480
	 Multiplicative Factor: 8,15%
	 Eff: 141480
Stamina
	 Rating: 833387
	 Multiplicative Factor: 6%
	 Eff: 833387
Crit
	 Rating: 18012
	 Multiplicative Factor: 0%
	 Eff: 21512
	 DR Bracket: 0
	 Base: 5%
	 Effective Percent: 30,73%
	 Crit Inc Heal: 2,6
	 Crit Inc Damage: 2
Haste
	 Rating: 10774
	 Multiplicative Factor: 0%
	 Eff: 10774
	 DR Bracket: 0
	 Base: 0%
	 Effective Percent: 16,32%
Vers
	 Rating: 827
	 Multiplicative Factor: 0%
	 Eff: 3167
	 DR Bracket: 0
	 Base: 3%
	 Effective Percent: 4,06%
Leech
	 Rating: 3060
	 Multiplicative Factor: 0%
	 Eff: 5099,99025
	 DR Bracket: 0
	 Base: 2%
	 Effective Percent: 5%
Avoidance
	 Rating: 919
	 Multiplicative Factor: 0%
	 Eff: 919
	 DR Bracket: 0
	 Base: 0%
	 Effective Percent: 1,69%
Mastery
	 Rating: 32595
	 Multiplicative Factor: 0%
	 Eff: 37976
	 DR Bracket: 2
	 Base: 18%
	 Effective Percent: 97,65%
----------------------
01:41,513

Intellect
	 Rating: 141480
	 Multiplicative Factor: 8,15%
	 Eff: 141480
Stamina
	 Rating: 833387
	 Multiplicative Factor: 6%
	 Eff: 833387
Crit
	 Rating: 18012
	 Multiplicative Factor: 0%
	 Eff: 21512
	 DR Bracket: 0
	 Base: 5%
	 Effective Percent: 30,73%
	 Crit Inc Heal: 2,6
	 Crit Inc Damage: 2
Haste
	 Rating: 10774
	 Multiplicative Factor: 0%
	 Eff: 10774
	 DR Bracket: 0
	 Base: 0%
	 Effective Percent: 16,32%
Vers
	 Rating: 827
	 Multiplicative Factor: 0%
	 Eff: 3167
	 DR Bracket: 0
	 Base: 3%
	 Effective Percent: 4,06%
Leech
	 Rating: 3060
	 Multiplicative Factor: 0%
	 Eff: 5099,99025
	 DR Bracket: 0
	 Base: 2%
	 Effective Percent: 5%
Avoidance
	 Rating: 919
	 Multiplicative Factor: 0%
	 Eff: 919
	 DR Bracket: 0
	 Base: 0%
	 Effective Percent: 1,69%
Mastery
	 Rating: 32595
	 Multiplicative Factor: 0%
	 Eff: 37976
	 DR Bracket: 2
	 Base: 18%
	 Effective Percent: 97,65%
----------------------
01:46,525

Intellect
	 Rating: 141480
	 Multiplicative Factor: 8,15%
	 Eff: 141480
Stamina
	 Rating: 833387
	 Multiplicative Factor: 6%
	 Eff: 833387
Crit
	 Rating: 18012
	 Multiplicative Factor: 0%
	 Eff: 21512
	 DR Bracket: 0
	 Base: 5%
	 Effective Percent: 30,73%
	 Crit Inc Heal: 2,6
	 Crit Inc Damage: 2
Haste
	 Rating: 10774
	 Multiplicative Factor: 0%
	 Eff: 10774
	 DR Bracket: 0
	 Base: 0%
	 Effective Percent: 16,32%
Vers
	 Rating: 827
	 Multiplicative Factor: 0%
	 Eff: 3167
	 DR Bracket: 0
	 Base: 3%
	 Effective Percent: 4,06%
Leech
	 Rating: 3060
	 Multiplicative Factor: 0%
	 Eff: 5099,99025
	 DR Bracket: 0
	 Base: 2%
	 Effective Percent: 5%
Avoidance
	 Rating: 919
	 Multiplicative Factor: 0%
	 Eff: 919
	 DR Bracket: 0
	 Base: 0%
	 Effective Percent: 1,69%
Mastery
	 Rating: 32595
	 Multiplicative Factor: 0%
	 Eff: 37976
	 DR Bracket: 2
	 Base: 18%
	 Effective Percent: 97,65%
----------------------
01:51,635

Intellect
	 Rating: 141480
	 Multiplicative Factor: 8,15%
	 Eff: 141480
Stamina
	 Rating: 833387
	 Multiplicative Factor: 6%
	 Eff: 833387
Crit
	 Rating: 18012
	 Multiplicative Factor: 0%
	 Eff: 21512
	 DR Bracket: 0
	 Base: 5%
	 Effective Percent: 30,73%
	 Crit Inc Heal: 2,6
	 Crit Inc Damage: 2
Haste
	 Rating: 10774
	 Multiplicative Factor: 0%
	 Eff: 10774
	 DR Bracket: 0
	 Base: 0%
	 Effective Percent: 16,32%
Vers
	 Rating: 827
	 Multiplicative Factor: 0%
	 Eff: 3167
	 DR Bracket: 0
	 Base: 3%
	 Effective Percent: 4,06%
Leech
	 Rating: 3060
	 Multiplicative Factor: 0%
	 Eff: 5099,99025
	 DR Bracket: 0
	 Base: 2%
	 Effective Percent: 5%
Avoidance
	 Rating: 919
	 Multiplicative Factor: 0%
	 Eff: 919
	 DR Bracket: 0
	 Base: 0%
	 Effective Percent: 1,69%
Mastery
	 Rating: 32595
	 Multiplicative Factor: 0%
	 Eff: 37976
	 DR Bracket: 2
	 Base: 18%
	 Effective Percent: 97,65%
----------------------
01:56,920

Intellect
	 Rating: 141480
	 Multiplicative Factor: 8,15%
	 Eff: 141480
Stamina
	 Rating: 833387
	 Multiplicative Factor: 6%
	 Eff: 833387
Crit
	 Rating: 18012
	 Multiplicative Factor: 0%
	 Eff: 21512
	 DR Bracket: 0
	 Base: 5%
	 Effective Percent: 30,73%
	 Crit Inc Heal: 2,6
	 Crit Inc Damage: 2
Haste
	 Rating: 10774
	 Multiplicative Factor: 0%
	 Eff: 10774
	 DR Bracket: 0
	 Base: 0%
	 Effective Percent: 16,32%
Vers
	 Rating: 827
	 Multiplicative Factor: 0%
	 Eff: 3167
	 DR Bracket: 0
	 Base: 3%
	 Effective Percent: 4,06%
Leech
	 Rating: 3060
	 Multiplicative Factor: 0%
	 Eff: 5099,99025
	 DR Bracket: 0
	 Base: 2%
	 Effective Percent: 5%
Avoidance
	 Rating: 919
	 Multiplicative Factor: 0%
	 Eff: 919
	 DR Bracket: 0
	 Base: 0%
	 Effective Percent: 1,69%
Mastery
	 Rating: 32595
	 Multiplicative Factor: 0%
	 Eff: 37976
	 DR Bracket: 2
	 Base: 18%
	 Effective Percent: 97,65%
----------------------
02:01,925

Intellect
	 Rating: 141480
	 Multiplicative Factor: 8,15%
	 Eff: 141480
Stamina
	 Rating: 833387
	 Multiplicative Factor: 6%
	 Eff: 833387
Crit
	 Rating: 18012
	 Multiplicative Factor: 0%
	 Eff: 21512
	 DR Bracket: 0
	 Base: 5%
	 Effective Percent: 30,73%
	 Crit Inc Heal: 2,6
	 Crit Inc Damage: 2
Haste
	 Rating: 10774
	 Multiplicative Factor: 0%
	 Eff: 10774
	 DR Bracket: 0
	 Base: 0%
	 Effective Percent: 16,32%
Vers
	 Rating: 827
	 Multiplicative Factor: 0%
	 Eff: 3167
	 DR Bracket: 0
	 Base: 3%
	 Effective Percent: 4,06%
Leech
	 Rating: 3060
	 Multiplicative Factor: 0%
	 Eff: 5099,99025
	 DR Bracket: 0
	 Base: 2%
	 Effective Percent: 5%
Avoidance
	 Rating: 919
	 Multiplicative Factor: 0%
	 Eff: 919
	 DR Bracket: 0
	 Base: 0%
	 Effective Percent: 1,69%
Mastery
	 Rating: 32595
	 Multiplicative Factor: 0%
	 Eff: 37976
	 DR Bracket: 2
	 Base: 18%
	 Effective Percent: 97,65%
----------------------
02:06,952

Intellect
	 Rating: 141480
	 Multiplicative Factor: 8,15%
	 Eff: 141480
Stamina
	 Rating: 833387
	 Multiplicative Factor: 6%
	 Eff: 833387
Crit
	 Rating: 18012
	 Multiplicative Factor: 0%
	 Eff: 21512
	 DR Bracket: 0
	 Base: 5%
	 Effective Percent: 30,73%
	 Crit Inc Heal: 2
	 Crit Inc Damage: 2
Haste
	 Rating: 10774
	 Multiplicative Factor: 0%
	 Eff: 10774
	 DR Bracket: 0
	 Base: 0%
	 Effective Percent: 16,32%
Vers
	 Rating: 827
	 Multiplicative Factor: 0%
	 Eff: 3167
	 DR Bracket: 0
	 Base: 3%
	 Effective Percent: 4,06%
Leech
	 Rating: 3060
	 Multiplicative Factor: 0%
	 Eff: 5099,99025
	 DR Bracket: 0
	 Base: 2%
	 Effective Percent: 5%
Avoidance
	 Rating: 919
	 Multiplicative Factor: 0%
	 Eff: 919
	 DR Bracket: 0
	 Base: 0%
	 Effective Percent: 1,69%
Mastery
	 Rating: 32595
	 Multiplicative Factor: 0%
	 Eff: 37976
	 DR Bracket: 2
	 Base: 18%
	 Effective Percent: 97,65%
----------------------
02:11,976

Intellect
	 Rating: 141480
	 Multiplicative Factor: 8,15%
	 Eff: 141480
Stamina
	 Rating: 833387
	 Multiplicative Factor: 6%
	 Eff: 833387
Crit
	 Rating: 18012
	 Multiplicative Factor: 0%
	 Eff: 21512
	 DR Bracket: 0
	 Base: 5%
	 Effective Percent: 30,73%
	 Crit Inc Heal: 2
	 Crit Inc Damage: 2
Haste
	 Rating: 10774
	 Multiplicative Factor: 0%
	 Eff: 10774
	 DR Bracket: 0
	 Base: 0%
	 Effective Percent: 16,32%
Vers
	 Rating: 827
	 Multiplicative Factor: 0%
	 Eff: 3167
	 DR Bracket: 0
	 Base: 3%
	 Effective Percent: 4,06%
Leech
	 Rating: 3060
	 Multiplicative Factor: 0%
	 Eff: 5099,99025
	 DR Bracket: 0
	 Base: 2%
	 Effective Percent: 5%
Avoidance
	 Rating: 919
	 Multiplicative Factor: 0%
	 Eff: 919
	 DR Bracket: 0
	 Base: 0%
	 Effective Percent: 1,69%
Mastery
	 Rating: 32595
	 Multiplicative Factor: 0%
	 Eff: 37976
	 DR Bracket: 2
	 Base: 18%
	 Effective Percent: 97,65%
----------------------
02:16,982

Intellect
	 Rating: 141480
	 Multiplicative Factor: 8,15%
	 Eff: 141480
Stamina
	 Rating: 833387
	 Multiplicative Factor: 6%
	 Eff: 833387
Crit
	 Rating: 18012
	 Multiplicative Factor: 0%
	 Eff: 21512
	 DR Bracket: 0
	 Base: 5%
	 Effective Percent: 30,73%
	 Crit Inc Heal: 2,6
	 Crit Inc Damage: 2
Haste
	 Rating: 10774
	 Multiplicative Factor: 0%
	 Eff: 10774
	 DR Bracket: 0
	 Base: 0%
	 Effective Percent: 16,32%
Vers
	 Rating: 827
	 Multiplicative Factor: 0%
	 Eff: 3167
	 DR Bracket: 0
	 Base: 3%
	 Effective Percent: 4,06%
Leech
	 Rating: 3060
	 Multiplicative Factor: 0%
	 Eff: 5099,99025
	 DR Bracket: 0
	 Base: 2%
	 Effective Percent: 5%
Avoidance
	 Rating: 919
	 Multiplicative Factor: 0%
	 Eff: 919
	 DR Bracket: 0
	 Base: 0%
	 Effective Percent: 1,69%
Mastery
	 Rating: 32595
	 Multiplicative Factor: 0%
	 Eff: 37976
	 DR Bracket: 2
	 Base: 18%
	 Effective Percent: 97,65%
