-----------
EssenceRegenDummy
-----------
Azure Strike
-----------
Blessing of the Bronze
-----------
Cauterizing Flame
-----------
Chrono Flames
-----------
Chrono Flame
-----------
Consume Flame
	Eff: 1289,7016536047388
-----------
Deep Breath
-----------
Disintegrate
-----------
Dream Breath
	Eff: 1108,6928750430538
-----------
Dream Breath (Echo)
-----------
Dream Flight
	Eff: 615,2156657544783
-----------
Echo
	Eff: 379,55416134982846
-----------
Emerald Blossom
-----------
Engulf
-----------
Enkindle
	Eff: 191,4904697708771
-----------
Expunge
-----------
Fire Breath
-----------
Fluttering Seedlings
-----------
Golden Hour
-----------
Landslide
-----------
Lifebind
	Eff: 16,876349531507003
-----------
Life-Giver's Flame
-----------
Living Flame
	Dmg: 62,085185714182444
-----------
Naturalize
-----------
Oppressing Roar
-----------
Panacea
	Eff: 59,42748307702551
-----------
Rewind
-----------
Renewing Blaze
-----------
Reversion
	Eff: 1111,4311363850377
-----------
Reversion (Echo)
	Eff: 2285,1131372245195
-----------
Sleep Walk
-----------
Source of Magic
-----------
Spatial Paradox
-----------
Spiritbloom
	Eff: 568,6157826980676
-----------
Spiritbloom (Echo)
	Eff: 820,7691112090833
-----------
Stasis
-----------
Stasis (Release)
-----------
Tail Swipe
-----------
Temporal Anomaly
-----------
Time Spiral
-----------
Tip the Scales
-----------
Unravel
-----------
Verdant Embrace
	Eff: 190,33444615604816
-----------
Zephyr
-----------
Leech
	Eff: 323,3019003373083
-----------
Blessing of Summer
-----------
Holy Bulwark
-----------
ZeroCIMDummy
-----------
Lightforged Blessing
-----------
Fury of the Aspects
-----------
Voidglass Barrier
-----------
Ethereal Reconstitution
	Eff: 116,87098031637066
-----------
Ethereal Guard
	Eff: 532,9486896650051
-----------
Draconic Instincts
-----------
Obsidian Scales
-----------
Hover
-----------
Glide
-----------
Time Dilation
-----------
Stasis (Store)
-----------
Woven Fate
-----------
Essence Bomb
-----------
Emerald Communion
