-----------
EssenceRegenDummy
-----------
Azure Strike
-----------
Blessing of the Bronze
-----------
Cauterizing Flame
-----------
Chrono Flames
-----------
Chrono Flame
-----------
Consume Flame
	Eff: 1306,2853570225416
-----------
Deep Breath
-----------
Disintegrate
-----------
Dream Breath
	Eff: 901,1293667127638
-----------
Dream Breath (Echo)
-----------
Dream Flight
	Eff: 434,0382290887701
-----------
Echo
	Eff: 457,8941699018469
-----------
Emerald Blossom
-----------
Engulf
-----------
Enkindle
	Eff: 185,39850817951083
-----------
Expunge
-----------
Fire Breath
-----------
Fluttering Seedlings
-----------
Golden Hour
	Eff: 265,06891656036896
-----------
Landslide
-----------
Lifebind
	Eff: 298,201850720081
-----------
Life-Giver's Flame
-----------
Living Flame
	Dmg: 350,92349102557637
-----------
Naturalize
-----------
Oppressing Roar
-----------
Panacea
-----------
Rewind
-----------
Renewing Blaze
-----------
Reversion
	Eff: 1355,8002066601257
-----------
Reversion (Echo)
	Eff: 2905,6366151009884
-----------
Sleep Walk
-----------
Source of Magic
-----------
Spatial Paradox
-----------
Spiritbloom
-----------
Spiritbloom (Echo)
	Eff: 447,33250840124674
-----------
Stasis
-----------
Stasis (Release)
-----------
Tail Swipe
-----------
Temporal Anomaly
	Eff: 1664,0453148218335
-----------
Time Spiral
-----------
Tip the Scales
-----------
Unravel
-----------
Verdant Embrace
-----------
Zephyr
-----------
Leech
	Eff: 323,37386726519253
-----------
Blessing of Summer
-----------
Holy Bulwark
-----------
ZeroCIMDummy
-----------
Lightforged Blessing
-----------
Fury of the Aspects
-----------
Voidglass Barrier
-----------
Ethereal Reconstitution
	Eff: 139,65389324526768
-----------
Ethereal Guard
	Eff: 609,8863156804582
-----------
Draconic Instincts
-----------
Obsidian Scales
-----------
Hover
-----------
Glide
-----------
Time Dilation
-----------
Stasis (Store)
-----------
Woven Fate
-----------
Essence Bomb
-----------
Emerald Communion
