-----------
EssenceRegenDummy
-----------
Azure Strike
-----------
Blessing of the Bronze
-----------
Cauterizing Flame
-----------
Chrono Flames
-----------
Chrono Flame
-----------
Consume Flame
	Eff: 766,6262743000843
-----------
Deep Breath
-----------
Disintegrate
-----------
Dream Breath
	Eff: 697,6662476461906
-----------
Dream Breath (Echo)
-----------
Dream Flight
	Eff: 471,6218393879881
-----------
Echo
	Eff: 268,72666037947056
-----------
Emerald Blossom
-----------
Engulf
-----------
Enkindle
	Eff: 108,80575735191087
-----------
Expunge
-----------
Fire Breath
-----------
Fluttering Seedlings
-----------
Golden Hour
-----------
Landslide
-----------
Lifebind
	Eff: 9,333235768361192
-----------
Life-Giver's Flame
-----------
Living Flame
	Dmg: 59,265680195065215
-----------
Naturalize
-----------
Oppressing Roar
-----------
Panacea
	Eff: 18,052931870217435
-----------
Rewind
-----------
Renewing Blaze
-----------
Reversion
	Eff: 367,27308103281575
-----------
Reversion (Echo)
	Eff: 793,3586946764699
-----------
Sleep Walk
-----------
Source of Magic
-----------
Spatial Paradox
-----------
Spiritbloom
	Eff: 295,40590012655593
-----------
Spiritbloom (Echo)
	Eff: 262,52828483865596
-----------
Stasis
-----------
Stasis (Release)
-----------
Tail Swipe
-----------
Temporal Anomaly
	Eff: 976,5866647055258
-----------
Time Spiral
-----------
Tip the Scales
-----------
Unravel
-----------
Verdant Embrace
	Eff: 135,13892881661013
-----------
Zephyr
-----------
Leech
	Eff: 149,16572296785307
-----------
Blessing of Summer
-----------
Holy Bulwark
-----------
ZeroCIMDummy
-----------
Lightforged Blessing
-----------
Fury of the Aspects
-----------
Voidglass Barrier
-----------
Ethereal Reconstitution
-----------
Ethereal Guard
-----------
Draconic Instincts
-----------
Obsidian Scales
-----------
Hover
-----------
Glide
-----------
Time Dilation
-----------
Stasis (Store)
-----------
Woven Fate
-----------
Essence Bomb
-----------
Emerald Communion
