-----------
EssenceRegenDummy
-----------
Azure Strike
-----------
Blessing of the Bronze
-----------
Cauterizing Flame
-----------
Chrono Flames
-----------
Chrono Flame
-----------
Consume Flame
	Eff: 1014,8289697385044
-----------
Deep Breath
-----------
Disintegrate
-----------
Dream Breath
	Eff: 909,4435315101864
-----------
Dream Breath (Echo)
-----------
Dream Flight
	Eff: 544,5732089800831
-----------
Echo
	Eff: 359,4609450363205
-----------
Emerald Blossom
-----------
Engulf
-----------
Enkindle
	Eff: 133,48537314555142
-----------
Expunge
-----------
Fire Breath
-----------
Fluttering Seedlings
-----------
Golden Hour
-----------
Landslide
-----------
Lifebind
	Eff: 12,540930244394985
-----------
Life-Giver's Flame
-----------
Living Flame
-----------
Naturalize
-----------
Oppressing Roar
-----------
Panacea
	Eff: 24,579794849269092
-----------
Rewind
-----------
Renewing Blaze
-----------
Reversion
	Eff: 399,7058376618261
-----------
Reversion (Echo)
	Eff: 874,208541397551
-----------
Sleep Walk
-----------
Source of Magic
-----------
Spatial Paradox
-----------
Spiritbloom
	Eff: 402,207047288015
-----------
Spiritbloom (Echo)
	Eff: 357,4428480588831
-----------
Stasis
-----------
Stasis (Release)
-----------
Tail Swipe
-----------
Temporal Anomaly
	Eff: 1006,1071617759969
-----------
Time Spiral
-----------
Tip the Scales
-----------
Unravel
-----------
Verdant Embrace
	Eff: 183,99710198641696
-----------
Zephyr
-----------
Leech
	Eff: 181,62415792443062
-----------
Blessing of Summer
-----------
Holy Bulwark
-----------
ZeroCIMDummy
-----------
Lightforged Blessing
-----------
Fury of the Aspects
-----------
Voidglass Barrier
-----------
Ethereal Reconstitution
-----------
Ethereal Guard
-----------
Draconic Instincts
-----------
Obsidian Scales
-----------
Hover
-----------
Glide
-----------
Time Dilation
-----------
Stasis (Store)
-----------
Woven Fate
-----------
Essence Bomb
-----------
Emerald Communion
