-----------
EssenceRegenDummy
-----------
Azure Strike
-----------
Blessing of the Bronze
-----------
Cauterizing Flame
-----------
Chrono Flames
-----------
Chrono Flame
-----------
Consume Flame
-----------
Deep Breath
-----------
Disintegrate
-----------
Dream Breath
-----------
Dream Breath (Echo)
-----------
Dream Flight
-----------
Echo
-----------
Emerald Blossom
-----------
Engulf
-----------
Enkindle
-----------
Expunge
-----------
Fire Breath
-----------
Fluttering Seedlings
-----------
Golden Hour
-----------
Landslide
-----------
Lifebind
-----------
Life-Giver's Flame
-----------
Living Flame
-----------
Naturalize
-----------
Oppressing Roar
-----------
Panacea
-----------
Rewind
-----------
Renewing Blaze
-----------
Reversion
-----------
Reversion (Echo)
-----------
Sleep Walk
-----------
Source of Magic
-----------
Spatial Paradox
-----------
Spiritbloom
-----------
Spiritbloom (Echo)
-----------
Stasis
-----------
Stasis (Release)
-----------
Tail Swipe
-----------
Temporal Anomaly
-----------
Time Spiral
-----------
Tip the Scales
-----------
Unravel
-----------
Verdant Embrace
-----------
Zephyr
-----------
Leech
-----------
Blessing of Summer
-----------
Holy Bulwark
-----------
ZeroCIMDummy
-----------
Lightforged Blessing
-----------
Fury of the Aspects
-----------
Voidglass Barrier
-----------
Ethereal Reconstitution
-----------
Ethereal Guard
-----------
Draconic Instincts
-----------
Obsidian Scales
-----------
Hover
-----------
Glide
-----------
Time Dilation
-----------
Stasis (Store)
-----------
Woven Fate
-----------
Essence Bomb
-----------
Emerald Communion
