-----------
EssenceRegenDummy
-----------
Azure Strike
-----------
Blessing of the Bronze
-----------
Cauterizing Flame
-----------
Chrono Flames
-----------
Chrono Flame
-----------
Consume Flame
	Eff: 1235,585299444494
-----------
Deep Breath
-----------
Disintegrate
-----------
Dream Breath
	Eff: 1124,441189153119
-----------
Dream Breath (Echo)
-----------
Dream Flight
	Eff: 760,1213670581628
-----------
Echo
	Eff: 433,1115724365809
-----------
Emerald Blossom
-----------
Engulf
-----------
Enkindle
	Eff: 175,36418824131397
-----------
Expunge
-----------
Fire Breath
-----------
Fluttering Seedlings
-----------
Golden Hour
-----------
Landslide
-----------
Lifebind
	Eff: 15,042543276333163
-----------
Life-Giver's Flame
-----------
Living Flame
	Dmg: 95,51955844124313
-----------
Naturalize
-----------
Oppressing Roar
-----------
Panacea
	Eff: 29,096233691088855
-----------
Rewind
-----------
Renewing Blaze
-----------
Reversion
	Eff: 591,9406039403184
-----------
Reversion (Echo)
	Eff: 1278,670420244011
-----------
Sleep Walk
-----------
Source of Magic
-----------
Spatial Paradox
-----------
Spiritbloom
	Eff: 476,1109810640337
-----------
Spiritbloom (Echo)
	Eff: 423,12153954047244
-----------
Stasis
-----------
Stasis (Release)
-----------
Tail Swipe
-----------
Temporal Anomaly
	Eff: 1573,9822218392228
-----------
Time Spiral
-----------
Tip the Scales
-----------
Unravel
-----------
Verdant Embrace
	Eff: 217,8058324198937
-----------
Zephyr
-----------
Leech
	Eff: 244,6415311468918
-----------
Blessing of Summer
-----------
Holy Bulwark
-----------
ZeroCIMDummy
-----------
Lightforged Blessing
-----------
Fury of the Aspects
-----------
Voidglass Barrier
	Eff: 172,73303189715807
-----------
Ethereal Reconstitution
	Eff: 132,09540823253337
-----------
Ethereal Guard
	Eff: 576,8774501947701
-----------
Draconic Instincts
-----------
Obsidian Scales
-----------
Hover
-----------
Glide
-----------
Time Dilation
-----------
Stasis (Store)
-----------
Woven Fate
-----------
Essence Bomb
-----------
Emerald Communion
