-----------
A Just Reward
-----------
Avenging Crusader
-----------
Avenging Wrath
-----------
Aura Mastery
-----------
Barrier of Faith
-----------
Beacon of Faith
-----------
Beacon of Light
-----------
Beacon of Virtue
-----------
Bestow Light
-----------
Blessing of Freedom
-----------
Blessing of Protection
-----------
Blinding Light
-----------
Brought to Light
-----------
Cleanse
-----------
Consecration
-----------
Consecration Aura
-----------
Crusader Strike
-----------
Dawnlight
-----------
Divine Shield
-----------
DivineGuidance
-----------
Divine Toll
-----------
Eternal Flame
-----------
Eye for an Eye
-----------
Flash of Light
-----------
Forge's Reckoning
-----------
Golden Path
-----------
Greater Judgment
-----------
Hammer and Anvil
-----------
Hammer of Justice
-----------
Holy Light
-----------
Holy Prism
-----------
Holy Ritual
-----------
Holy Shock
-----------
Intercession
-----------
Judgment
-----------
Judgment of Light
-----------
Lay on Hands
	Eff: 2,7939677238464355E-09
-----------
Lesser Weapon
-----------
Liberation
-----------
Light of Dawn
-----------
Light of the Martyr
-----------
Merciful Auras
-----------
Overflowing Light
-----------
Pillar of Lights (Passive)
-----------
Pillar of Lights
-----------
Radiant Aura
-----------
Repentance
-----------
Resplendent Light
-----------
Rite of Adjuration
-----------
Sacred Word
-----------
Sacred Weapon
-----------
Saved by the Light
-----------
Seal of the Crusader
-----------
Selfless Healer
-----------
Shield of the Righteous
-----------
Shining Righteousness
-----------
Sun's Avatar
-----------
Sun Sear
-----------
Truth Prevails
-----------
Turn Evil
-----------
Tyr's Deliverance
-----------
Veneration
-----------
Word of Glory
-----------
Leech
-----------
Blessing of Summer
-----------
Holy Bulwark
	Eff: 1,0721123544499278E-08
-----------
ZeroCIMDummy
-----------
Lightforged Blessing
	Eff: 8,149072527885437E-10
-----------
Light's Judgment
-----------
Lightbearer
-----------
Melee
-----------
Tempered in Battle
-----------
Ethereal Reconstitution
-----------
Loom'ithar's Living Silk
-----------
Ethereal Guard
-----------
Arcane Restoration
-----------
Divine Steed
-----------
Azhiccaran Mite
-----------
Bombardments
-----------
Lesser Bulwark
-----------
Blessing of Autumn
-----------
Divine Protection
-----------
Spirit Link
-----------
Blessing of Winter
-----------
Voidglass Barrier
-----------
Blessing of Spring
-----------
Blessing of Sacrifice
-----------
Tempered Potion
