-----------
A Just Reward
-----------
Avenging Crusader
	Eff: 1343,87632884137
-----------
Avenging Wrath
-----------
Aura Mastery
-----------
Barrier of Faith
-----------
Beacon of Faith
-----------
Beacon of Light
	Eff: 2060,458957125085
-----------
Beacon of Virtue
-----------
Bestow Light
-----------
Blessing of Freedom
-----------
Blessing of Protection
-----------
Blinding Light
-----------
Cleanse
-----------
Consecration
	Dmg: 459,7931142833973
-----------
Consecration Aura
-----------
Crusader Strike
	Dmg: 461,6351314258063
-----------
Dawnlight
-----------
Divine Shield
-----------
DivineGuidance
-----------
Divine Toll
-----------
Eternal Flame
-----------
Eye for an Eye
-----------
Flash of Light
-----------
Forge's Reckoning
	Dmg: 78,47934857086511
-----------
Golden Path
	Eff: 339,58218299001413
-----------
Greater Judgment
	Eff: 270,85040093952557
-----------
Hammer and Anvil
	Eff: 13802,691191012218
-----------
Hammer of Justice
-----------
Hammer of Wrath
-----------
Holy Light
-----------
Holy Prism
	Eff: 847,0434586176978
	Dmg: 190,15829142802068
-----------
Holy Ritual
	Eff: 63,51652590816815
-----------
Holy Shock
	Eff: 717,8167980706917
	Dmg: 194,36606857072002
-----------
Intercession
-----------
Judgment
	Dmg: 496,70061713905307
-----------
Judgment of Light
	Eff: 153,3408630952407
-----------
Lay on Hands
	Eff: 2,7939677238464355E-09
-----------
Lesser Weapon
	Eff: 442,36412664875496
	Dmg: 1194,6134580228827
-----------
Light of Dawn
	Eff: 1488,316452220314
-----------
Light of the Martyr
-----------
Merciful Auras
-----------
Overflowing Light
-----------
Pillar of Lights
	Eff: 921,255863495058
-----------
Radiant Aura
	Eff: 77,64324534904047
-----------
Repentance
-----------
Resplendent Light
-----------
Rite of Adjuration
-----------
Sacred Word
	Eff: 63,847143284194246
-----------
Sacred Weapon
	Eff: 1340,9065382727924
	Dmg: 252,5398799982504
-----------
Saved by the Light
-----------
Seal of the Crusader
	Eff: 97,55964323490316
-----------
Selfless Healer
-----------
Shield of the Righteous
	Dmg: 87,0602285709756
-----------
Shining Righteousness
	Dmg: 75,13544571379316
-----------
Sun's Avatar
-----------
Sun Sear
-----------
Truth Prevails
	Eff: 469,64459784010063
-----------
Turn Evil
-----------
Tyr's Deliverance
-----------
Veneration
-----------
Word of Glory
	Eff: 1090,0697762128375
-----------
Leech
	Eff: 814,7696400069544
-----------
Blessing of Summer
	Eff: 152,1437762043638
	Dmg: 703,2991787108222
-----------
Holy Bulwark
	Eff: 1,0721123544499278E-08
-----------
ZeroCIMDummy
-----------
Light's Judgment
	Dmg: 78,155171428225
-----------
Lightbearer
-----------
Melee
	Dmg: 165,94887999918137
-----------
Tempered in Battle
-----------
Ethereal Reconstitution
	Eff: 371,0045275309487
-----------
Loom'ithar's Living Silk
-----------
Ethereal Guard
	Eff: 1271,7933583315962
-----------
Lightforged Blessing
	Eff: 8,149072527885437E-10
-----------
Arcane Restoration
-----------
Divine Steed
-----------
Azhiccaran Mite
-----------
Bombardments
-----------
Lesser Bulwark
	Eff: 65,5092030922824
-----------
Blessing of Autumn
-----------
Divine Protection
-----------
Spirit Link
-----------
Blessing of Winter
-----------
Voidglass Barrier
-----------
Blessing of Spring
-----------
Blessing of Sacrifice
-----------
Tempered Potion
