----------------------
00:01,326

Intellect
	 Rating: 131800
	 Multiplicative Factor: 14,73%
	 Eff: 131800
Stamina
	 Rating: 827793
	 Multiplicative Factor: 11,3%
	 Eff: 827793,0000000001
Crit
	 Rating: 31189
	 Multiplicative Factor: 0%
	 Eff: 36151,2
	 DR Bracket: 2
	 Base: 9%
	 Effective Percent: 51,64%
	 Crit Inc Heal: 2
	 Crit Inc Damage: 2
Haste
	 Rating: 13499
	 Multiplicative Factor: 0%
	 Eff: 13499
	 DR Bracket: 0
	 Base: 0%
	 Effective Percent: 20,45%
Vers
	 Rating: 15766
	 Multiplicative Factor: 0%
	 Eff: 18106
	 DR Bracket: 0
	 Base: 3%
	 Effective Percent: 23,21%
Leech
	 Rating: 5073
	 Multiplicative Factor: 0%
	 Eff: 5073
	 DR Bracket: 0
	 Base: 0%
	 Effective Percent: 4,97%
Avoidance
	 Rating: 0
	 Multiplicative Factor: 0%
	 Eff: 0
	 DR Bracket: 0
	 Base: 0%
	 Effective Percent: 0%
Mastery
	 Rating: 2642
	 Multiplicative Factor: 0%
	 Eff: 12442
	 DR Bracket: 0
	 Base: 21%
	 Effective Percent: 26,66%
----------------------
00:06,386

Intellect
	 Rating: 131800
	 Multiplicative Factor: 14,73%
	 Eff: 131800
Stamina
	 Rating: 827793
	 Multiplicative Factor: 11,3%
	 Eff: 827793,0000000001
Crit
	 Rating: 31189
	 Multiplicative Factor: 0%
	 Eff: 36151,2
	 DR Bracket: 2
	 Base: 9%
	 Effective Percent: 51,64%
	 Crit Inc Heal: 2
	 Crit Inc Damage: 2
Haste
	 Rating: 13499
	 Multiplicative Factor: 0%
	 Eff: 13499
	 DR Bracket: 0
	 Base: 0%
	 Effective Percent: 20,45%
Vers
	 Rating: 15766
	 Multiplicative Factor: 0%
	 Eff: 18106
	 DR Bracket: 0
	 Base: 3%
	 Effective Percent: 23,21%
Leech
	 Rating: 5073
	 Multiplicative Factor: 0%
	 Eff: 5073
	 DR Bracket: 0
	 Base: 0%
	 Effective Percent: 4,97%
Avoidance
	 Rating: 0
	 Multiplicative Factor: 0%
	 Eff: 0
	 DR Bracket: 0
	 Base: 0%
	 Effective Percent: 0%
Mastery
	 Rating: 2642
	 Multiplicative Factor: 0%
	 Eff: 12442
	 DR Bracket: 0
	 Base: 21%
	 Effective Percent: 26,66%
----------------------
00:11,417

Intellect
	 Rating: 131800
	 Multiplicative Factor: 14,73%
	 Eff: 131800
Stamina
	 Rating: 827793
	 Multiplicative Factor: 11,3%
	 Eff: 827793,0000000001
Crit
	 Rating: 31189
	 Multiplicative Factor: 0%
	 Eff: 36151,2
	 DR Bracket: 2
	 Base: 9%
	 Effective Percent: 51,64%
	 Crit Inc Heal: 2
	 Crit Inc Damage: 2
Haste
	 Rating: 13499
	 Multiplicative Factor: 0%
	 Eff: 14293,99
	 DR Bracket: 0
	 Base: 1%
	 Effective Percent: 21,66%
Vers
	 Rating: 15766
	 Multiplicative Factor: 0%
	 Eff: 18106
	 DR Bracket: 0
	 Base: 3%
	 Effective Percent: 23,21%
Leech
	 Rating: 5073
	 Multiplicative Factor: 0%
	 Eff: 5073
	 DR Bracket: 0
	 Base: 0%
	 Effective Percent: 4,97%
Avoidance
	 Rating: 0
	 Multiplicative Factor: 0%
	 Eff: 0
	 DR Bracket: 0
	 Base: 0%
	 Effective Percent: 0%
Mastery
	 Rating: 2642
	 Multiplicative Factor: 0%
	 Eff: 12442
	 DR Bracket: 0
	 Base: 21%
	 Effective Percent: 26,66%
----------------------
00:16,452

Intellect
	 Rating: 131800
	 Multiplicative Factor: 14,73%
	 Eff: 131800
Stamina
	 Rating: 827793
	 Multiplicative Factor: 11,3%
	 Eff: 827793,0000000001
Crit
	 Rating: 31189
	 Multiplicative Factor: 0%
	 Eff: 36151,2
	 DR Bracket: 2
	 Base: 9%
	 Effective Percent: 51,64%
	 Crit Inc Heal: 2
	 Crit Inc Damage: 2
Haste
	 Rating: 13499
	 Multiplicative Factor: 0%
	 Eff: 15088,98
	 DR Bracket: 0
	 Base: 2%
	 Effective Percent: 22,86%
Vers
	 Rating: 15766
	 Multiplicative Factor: 0%
	 Eff: 18106
	 DR Bracket: 0
	 Base: 3%
	 Effective Percent: 23,21%
Leech
	 Rating: 5073
	 Multiplicative Factor: 0%
	 Eff: 5073
	 DR Bracket: 0
	 Base: 0%
	 Effective Percent: 4,97%
Avoidance
	 Rating: 0
	 Multiplicative Factor: 0%
	 Eff: 0
	 DR Bracket: 0
	 Base: 0%
	 Effective Percent: 0%
Mastery
	 Rating: 2642
	 Multiplicative Factor: 0%
	 Eff: 12442
	 DR Bracket: 0
	 Base: 21%
	 Effective Percent: 26,66%
----------------------
00:21,456

Intellect
	 Rating: 131800
	 Multiplicative Factor: 14,73%
	 Eff: 131800
Stamina
	 Rating: 827793
	 Multiplicative Factor: 11,3%
	 Eff: 827793,0000000001
Crit
	 Rating: 31189
	 Multiplicative Factor: 0%
	 Eff: 36151,2
	 DR Bracket: 2
	 Base: 9%
	 Effective Percent: 51,64%
	 Crit Inc Heal: 2
	 Crit Inc Damage: 2
Haste
	 Rating: 13499
	 Multiplicative Factor: 0%
	 Eff: 15883,97
	 DR Bracket: 0
	 Base: 3%
	 Effective Percent: 24,07%
Vers
	 Rating: 15766
	 Multiplicative Factor: 0%
	 Eff: 18106
	 DR Bracket: 0
	 Base: 3%
	 Effective Percent: 23,21%
Leech
	 Rating: 5073
	 Multiplicative Factor: 0%
	 Eff: 5073
	 DR Bracket: 0
	 Base: 0%
	 Effective Percent: 4,97%
Avoidance
	 Rating: 0
	 Multiplicative Factor: 0%
	 Eff: 0
	 DR Bracket: 0
	 Base: 0%
	 Effective Percent: 0%
Mastery
	 Rating: 2642
	 Multiplicative Factor: 0%
	 Eff: 12442
	 DR Bracket: 0
	 Base: 21%
	 Effective Percent: 26,66%
----------------------
00:26,510

Intellect
	 Rating: 131800
	 Multiplicative Factor: 14,73%
	 Eff: 131800
Stamina
	 Rating: 827793
	 Multiplicative Factor: 11,3%
	 Eff: 827793,0000000001
Crit
	 Rating: 31189
	 Multiplicative Factor: 0%
	 Eff: 36151,2
	 DR Bracket: 2
	 Base: 9%
	 Effective Percent: 51,64%
	 Crit Inc Heal: 2
	 Crit Inc Damage: 2
Haste
	 Rating: 13499
	 Multiplicative Factor: 0%
	 Eff: 16678,96
	 DR Bracket: 0
	 Base: 4%
	 Effective Percent: 25,27%
Vers
	 Rating: 15766
	 Multiplicative Factor: 0%
	 Eff: 18106
	 DR Bracket: 0
	 Base: 3%
	 Effective Percent: 23,21%
Leech
	 Rating: 5073
	 Multiplicative Factor: 0%
	 Eff: 5073
	 DR Bracket: 0
	 Base: 0%
	 Effective Percent: 4,97%
Avoidance
	 Rating: 0
	 Multiplicative Factor: 0%
	 Eff: 0
	 DR Bracket: 0
	 Base: 0%
	 Effective Percent: 0%
Mastery
	 Rating: 2642
	 Multiplicative Factor: 0%
	 Eff: 12442
	 DR Bracket: 0
	 Base: 21%
	 Effective Percent: 26,66%
----------------------
00:31,593

Intellect
	 Rating: 131800
	 Multiplicative Factor: 14,73%
	 Eff: 131800
Stamina
	 Rating: 827793
	 Multiplicative Factor: 11,3%
	 Eff: 827793,0000000001
Crit
	 Rating: 31189
	 Multiplicative Factor: 0%
	 Eff: 36151,2
	 DR Bracket: 2
	 Base: 9%
	 Effective Percent: 51,64%
	 Crit Inc Heal: 2
	 Crit Inc Damage: 2
Haste
	 Rating: 13499
	 Multiplicative Factor: 0%
	 Eff: 17473,95
	 DR Bracket: 0
	 Base: 5%
	 Effective Percent: 26,48%
Vers
	 Rating: 15766
	 Multiplicative Factor: 0%
	 Eff: 18106
	 DR Bracket: 0
	 Base: 3%
	 Effective Percent: 23,21%
Leech
	 Rating: 5073
	 Multiplicative Factor: 0%
	 Eff: 5073
	 DR Bracket: 0
	 Base: 0%
	 Effective Percent: 4,97%
Avoidance
	 Rating: 0
	 Multiplicative Factor: 0%
	 Eff: 0
	 DR Bracket: 0
	 Base: 0%
	 Effective Percent: 0%
Mastery
	 Rating: 2642
	 Multiplicative Factor: 0%
	 Eff: 12442
	 DR Bracket: 0
	 Base: 21%
	 Effective Percent: 26,66%
----------------------
00:36,912

Intellect
	 Rating: 131800
	 Multiplicative Factor: 14,73%
	 Eff: 131800
Stamina
	 Rating: 827793
	 Multiplicative Factor: 11,3%
	 Eff: 827793,0000000001
Crit
	 Rating: 31189
	 Multiplicative Factor: 0%
	 Eff: 36151,2
	 DR Bracket: 2
	 Base: 9%
	 Effective Percent: 51,64%
	 Crit Inc Heal: 2
	 Crit Inc Damage: 2
Haste
	 Rating: 13499
	 Multiplicative Factor: 0%
	 Eff: 17473,95
	 DR Bracket: 0
	 Base: 5%
	 Effective Percent: 26,48%
Vers
	 Rating: 15766
	 Multiplicative Factor: 0%
	 Eff: 18106
	 DR Bracket: 0
	 Base: 3%
	 Effective Percent: 23,21%
Leech
	 Rating: 5073
	 Multiplicative Factor: 0%
	 Eff: 5073
	 DR Bracket: 0
	 Base: 0%
	 Effective Percent: 4,97%
Avoidance
	 Rating: 0
	 Multiplicative Factor: 0%
	 Eff: 0
	 DR Bracket: 0
	 Base: 0%
	 Effective Percent: 0%
Mastery
	 Rating: 2642
	 Multiplicative Factor: 0%
	 Eff: 12442
	 DR Bracket: 0
	 Base: 21%
	 Effective Percent: 26,66%
----------------------
00:42,073

Intellect
	 Rating: 131800
	 Multiplicative Factor: 14,73%
	 Eff: 131800
Stamina
	 Rating: 827793
	 Multiplicative Factor: 11,3%
	 Eff: 827793,0000000001
Crit
	 Rating: 31189
	 Multiplicative Factor: 0%
	 Eff: 36151,2
	 DR Bracket: 2
	 Base: 9%
	 Effective Percent: 51,64%
	 Crit Inc Heal: 2
	 Crit Inc Damage: 2
Haste
	 Rating: 13499
	 Multiplicative Factor: 0%
	 Eff: 17473,95
	 DR Bracket: 0
	 Base: 5%
	 Effective Percent: 26,48%
Vers
	 Rating: 15766
	 Multiplicative Factor: 0%
	 Eff: 18106
	 DR Bracket: 0
	 Base: 3%
	 Effective Percent: 23,21%
Leech
	 Rating: 5073
	 Multiplicative Factor: 0%
	 Eff: 5073
	 DR Bracket: 0
	 Base: 0%
	 Effective Percent: 4,97%
Avoidance
	 Rating: 0
	 Multiplicative Factor: 0%
	 Eff: 0
	 DR Bracket: 0
	 Base: 0%
	 Effective Percent: 0%
Mastery
	 Rating: 2642
	 Multiplicative Factor: 0%
	 Eff: 12442
	 DR Bracket: 0
	 Base: 21%
	 Effective Percent: 26,66%
----------------------
00:47,124

Intellect
	 Rating: 131800
	 Multiplicative Factor: 14,73%
	 Eff: 131800
Stamina
	 Rating: 827793
	 Multiplicative Factor: 11,3%
	 Eff: 827793,0000000001
Crit
	 Rating: 31189
	 Multiplicative Factor: 0%
	 Eff: 36151,2
	 DR Bracket: 2
	 Base: 9%
	 Effective Percent: 51,64%
	 Crit Inc Heal: 2
	 Crit Inc Damage: 2
Haste
	 Rating: 13499
	 Multiplicative Factor: 0%
	 Eff: 17473,95
	 DR Bracket: 0
	 Base: 5%
	 Effective Percent: 26,48%
Vers
	 Rating: 15766
	 Multiplicative Factor: 0%
	 Eff: 18106
	 DR Bracket: 0
	 Base: 3%
	 Effective Percent: 23,21%
Leech
	 Rating: 5073
	 Multiplicative Factor: 0%
	 Eff: 5073
	 DR Bracket: 0
	 Base: 0%
	 Effective Percent: 4,97%
Avoidance
	 Rating: 0
	 Multiplicative Factor: 0%
	 Eff: 0
	 DR Bracket: 0
	 Base: 0%
	 Effective Percent: 0%
Mastery
	 Rating: 2642
	 Multiplicative Factor: 0%
	 Eff: 12442
	 DR Bracket: 0
	 Base: 21%
	 Effective Percent: 26,66%
----------------------
00:52,213

Intellect
	 Rating: 131800
	 Multiplicative Factor: 14,73%
	 Eff: 131800
Stamina
	 Rating: 827793
	 Multiplicative Factor: 11,3%
	 Eff: 827793,0000000001
Crit
	 Rating: 31189
	 Multiplicative Factor: 0%
	 Eff: 36151,2
	 DR Bracket: 2
	 Base: 9%
	 Effective Percent: 51,64%
	 Crit Inc Heal: 2
	 Crit Inc Damage: 2
Haste
	 Rating: 13499
	 Multiplicative Factor: 0%
	 Eff: 17473,95
	 DR Bracket: 0
	 Base: 5%
	 Effective Percent: 26,48%
Vers
	 Rating: 15766
	 Multiplicative Factor: 0%
	 Eff: 18106
	 DR Bracket: 0
	 Base: 3%
	 Effective Percent: 23,21%
Leech
	 Rating: 5073
	 Multiplicative Factor: 0%
	 Eff: 5073
	 DR Bracket: 0
	 Base: 0%
	 Effective Percent: 4,97%
Avoidance
	 Rating: 0
	 Multiplicative Factor: 0%
	 Eff: 0
	 DR Bracket: 0
	 Base: 0%
	 Effective Percent: 0%
Mastery
	 Rating: 2642
	 Multiplicative Factor: 0%
	 Eff: 12442
	 DR Bracket: 0
	 Base: 21%
	 Effective Percent: 26,66%
----------------------
00:57,233

Intellect
	 Rating: 131800
	 Multiplicative Factor: 14,73%
	 Eff: 131800
Stamina
	 Rating: 827793
	 Multiplicative Factor: 11,3%
	 Eff: 827793,0000000001
Crit
	 Rating: 31189
	 Multiplicative Factor: 0%
	 Eff: 36151,2
	 DR Bracket: 2
	 Base: 9%
	 Effective Percent: 51,64%
	 Crit Inc Heal: 2
	 Crit Inc Damage: 2
Haste
	 Rating: 13499
	 Multiplicative Factor: 0%
	 Eff: 17473,95
	 DR Bracket: 0
	 Base: 5%
	 Effective Percent: 26,48%
Vers
	 Rating: 15766
	 Multiplicative Factor: 0%
	 Eff: 18106
	 DR Bracket: 0
	 Base: 3%
	 Effective Percent: 23,21%
Leech
	 Rating: 5073
	 Multiplicative Factor: 0%
	 Eff: 5073
	 DR Bracket: 0
	 Base: 0%
	 Effective Percent: 4,97%
Avoidance
	 Rating: 0
	 Multiplicative Factor: 0%
	 Eff: 0
	 DR Bracket: 0
	 Base: 0%
	 Effective Percent: 0%
Mastery
	 Rating: 2642
	 Multiplicative Factor: 0%
	 Eff: 12442
	 DR Bracket: 0
	 Base: 21%
	 Effective Percent: 26,66%
----------------------
01:02,260

Intellect
	 Rating: 131800
	 Multiplicative Factor: 14,73%
	 Eff: 131800
Stamina
	 Rating: 827793
	 Multiplicative Factor: 11,3%
	 Eff: 827793,0000000001
Crit
	 Rating: 31189
	 Multiplicative Factor: 0%
	 Eff: 36151,2
	 DR Bracket: 2
	 Base: 9%
	 Effective Percent: 51,64%
	 Crit Inc Heal: 2
	 Crit Inc Damage: 2
Haste
	 Rating: 13499
	 Multiplicative Factor: 0%
	 Eff: 17473,95
	 DR Bracket: 0
	 Base: 5%
	 Effective Percent: 26,48%
Vers
	 Rating: 15766
	 Multiplicative Factor: 0%
	 Eff: 18106
	 DR Bracket: 0
	 Base: 3%
	 Effective Percent: 23,21%
Leech
	 Rating: 5073
	 Multiplicative Factor: 0%
	 Eff: 5073
	 DR Bracket: 0
	 Base: 0%
	 Effective Percent: 4,97%
Avoidance
	 Rating: 0
	 Multiplicative Factor: 0%
	 Eff: 0
	 DR Bracket: 0
	 Base: 0%
	 Effective Percent: 0%
Mastery
	 Rating: 2642
	 Multiplicative Factor: 0%
	 Eff: 12442
	 DR Bracket: 0
	 Base: 21%
	 Effective Percent: 26,66%
----------------------
01:07,261

Intellect
	 Rating: 131800
	 Multiplicative Factor: 14,73%
	 Eff: 131800
Stamina
	 Rating: 827793
	 Multiplicative Factor: 11,3%
	 Eff: 827793,0000000001
Crit
	 Rating: 31189
	 Multiplicative Factor: 0%
	 Eff: 36151,2
	 DR Bracket: 2
	 Base: 9%
	 Effective Percent: 51,64%
	 Crit Inc Heal: 2
	 Crit Inc Damage: 2
Haste
	 Rating: 13499
	 Multiplicative Factor: 0%
	 Eff: 17473,95
	 DR Bracket: 0
	 Base: 5%
	 Effective Percent: 26,48%
Vers
	 Rating: 15766
	 Multiplicative Factor: 0%
	 Eff: 18106
	 DR Bracket: 0
	 Base: 3%
	 Effective Percent: 23,21%
Leech
	 Rating: 5073
	 Multiplicative Factor: 0%
	 Eff: 5073
	 DR Bracket: 0
	 Base: 0%
	 Effective Percent: 4,97%
Avoidance
	 Rating: 0
	 Multiplicative Factor: 0%
	 Eff: 0
	 DR Bracket: 0
	 Base: 0%
	 Effective Percent: 0%
Mastery
	 Rating: 2642
	 Multiplicative Factor: 0%
	 Eff: 12442
	 DR Bracket: 0
	 Base: 21%
	 Effective Percent: 26,66%
----------------------
01:12,368

Intellect
	 Rating: 131800
	 Multiplicative Factor: 14,73%
	 Eff: 131800
Stamina
	 Rating: 827793
	 Multiplicative Factor: 11,3%
	 Eff: 827793,0000000001
Crit
	 Rating: 31189
	 Multiplicative Factor: 0%
	 Eff: 36151,2
	 DR Bracket: 2
	 Base: 9%
	 Effective Percent: 51,64%
	 Crit Inc Heal: 2
	 Crit Inc Damage: 2
Haste
	 Rating: 13499
	 Multiplicative Factor: 0%
	 Eff: 17473,95
	 DR Bracket: 0
	 Base: 5%
	 Effective Percent: 26,48%
Vers
	 Rating: 15766
	 Multiplicative Factor: 0%
	 Eff: 18106
	 DR Bracket: 0
	 Base: 3%
	 Effective Percent: 23,21%
Leech
	 Rating: 5073
	 Multiplicative Factor: 0%
	 Eff: 5073
	 DR Bracket: 0
	 Base: 0%
	 Effective Percent: 4,97%
Avoidance
	 Rating: 0
	 Multiplicative Factor: 0%
	 Eff: 0
	 DR Bracket: 0
	 Base: 0%
	 Effective Percent: 0%
Mastery
	 Rating: 2642
	 Multiplicative Factor: 0%
	 Eff: 12442
	 DR Bracket: 0
	 Base: 21%
	 Effective Percent: 26,66%
----------------------
01:17,671

Intellect
	 Rating: 131800
	 Multiplicative Factor: 14,73%
	 Eff: 131800
Stamina
	 Rating: 827793
	 Multiplicative Factor: 11,3%
	 Eff: 827793,0000000001
Crit
	 Rating: 31189
	 Multiplicative Factor: 0%
	 Eff: 36151,2
	 DR Bracket: 2
	 Base: 9%
	 Effective Percent: 51,64%
	 Crit Inc Heal: 2
	 Crit Inc Damage: 2
Haste
	 Rating: 13499
	 Multiplicative Factor: 0%
	 Eff: 17473,95
	 DR Bracket: 0
	 Base: 5%
	 Effective Percent: 26,48%
Vers
	 Rating: 15766
	 Multiplicative Factor: 0%
	 Eff: 18106
	 DR Bracket: 0
	 Base: 3%
	 Effective Percent: 23,21%
Leech
	 Rating: 5073
	 Multiplicative Factor: 0%
	 Eff: 5073
	 DR Bracket: 0
	 Base: 0%
	 Effective Percent: 4,97%
Avoidance
	 Rating: 0
	 Multiplicative Factor: 0%
	 Eff: 0
	 DR Bracket: 0
	 Base: 0%
	 Effective Percent: 0%
Mastery
	 Rating: 2642
	 Multiplicative Factor: 0%
	 Eff: 12442
	 DR Bracket: 0
	 Base: 21%
	 Effective Percent: 26,66%
----------------------
01:22,688

Intellect
	 Rating: 131800
	 Multiplicative Factor: 14,73%
	 Eff: 131800
Stamina
	 Rating: 827793
	 Multiplicative Factor: 11,3%
	 Eff: 827793,0000000001
Crit
	 Rating: 31189
	 Multiplicative Factor: 0%
	 Eff: 36151,2
	 DR Bracket: 2
	 Base: 9%
	 Effective Percent: 51,64%
	 Crit Inc Heal: 2
	 Crit Inc Damage: 2
Haste
	 Rating: 13499
	 Multiplicative Factor: 0%
	 Eff: 17473,95
	 DR Bracket: 0
	 Base: 5%
	 Effective Percent: 26,48%
Vers
	 Rating: 15766
	 Multiplicative Factor: 0%
	 Eff: 18106
	 DR Bracket: 0
	 Base: 3%
	 Effective Percent: 23,21%
Leech
	 Rating: 5073
	 Multiplicative Factor: 0%
	 Eff: 5073
	 DR Bracket: 0
	 Base: 0%
	 Effective Percent: 4,97%
Avoidance
	 Rating: 0
	 Multiplicative Factor: 0%
	 Eff: 0
	 DR Bracket: 0
	 Base: 0%
	 Effective Percent: 0%
Mastery
	 Rating: 2642
	 Multiplicative Factor: 0%
	 Eff: 12442
	 DR Bracket: 0
	 Base: 21%
	 Effective Percent: 26,66%
----------------------
01:27,690

Intellect
	 Rating: 131800
	 Multiplicative Factor: 14,73%
	 Eff: 131800
Stamina
	 Rating: 827793
	 Multiplicative Factor: 11,3%
	 Eff: 827793,0000000001
Crit
	 Rating: 31189
	 Multiplicative Factor: 0%
	 Eff: 36151,2
	 DR Bracket: 2
	 Base: 9%
	 Effective Percent: 51,64%
	 Crit Inc Heal: 2
	 Crit Inc Damage: 2
Haste
	 Rating: 13499
	 Multiplicative Factor: 0%
	 Eff: 17473,95
	 DR Bracket: 0
	 Base: 5%
	 Effective Percent: 26,48%
Vers
	 Rating: 15766
	 Multiplicative Factor: 0%
	 Eff: 18106
	 DR Bracket: 0
	 Base: 3%
	 Effective Percent: 23,21%
Leech
	 Rating: 5073
	 Multiplicative Factor: 0%
	 Eff: 5073
	 DR Bracket: 0
	 Base: 0%
	 Effective Percent: 4,97%
Avoidance
	 Rating: 0
	 Multiplicative Factor: 0%
	 Eff: 0
	 DR Bracket: 0
	 Base: 0%
	 Effective Percent: 0%
Mastery
	 Rating: 2642
	 Multiplicative Factor: 0%
	 Eff: 12442
	 DR Bracket: 0
	 Base: 21%
	 Effective Percent: 26,66%
----------------------
01:32,738

Intellect
	 Rating: 131800
	 Multiplicative Factor: 14,73%
	 Eff: 131800
Stamina
	 Rating: 827793
	 Multiplicative Factor: 11,3%
	 Eff: 827793,0000000001
Crit
	 Rating: 31189
	 Multiplicative Factor: 0%
	 Eff: 36151,2
	 DR Bracket: 2
	 Base: 9%
	 Effective Percent: 51,64%
	 Crit Inc Heal: 2
	 Crit Inc Damage: 2
Haste
	 Rating: 13499
	 Multiplicative Factor: 0%
	 Eff: 17473,95
	 DR Bracket: 0
	 Base: 5%
	 Effective Percent: 26,48%
Vers
	 Rating: 15766
	 Multiplicative Factor: 0%
	 Eff: 18106
	 DR Bracket: 0
	 Base: 3%
	 Effective Percent: 23,21%
Leech
	 Rating: 5073
	 Multiplicative Factor: 0%
	 Eff: 5073
	 DR Bracket: 0
	 Base: 0%
	 Effective Percent: 4,97%
Avoidance
	 Rating: 0
	 Multiplicative Factor: 0%
	 Eff: 0
	 DR Bracket: 0
	 Base: 0%
	 Effective Percent: 0%
Mastery
	 Rating: 2642
	 Multiplicative Factor: 0%
	 Eff: 12442
	 DR Bracket: 0
	 Base: 21%
	 Effective Percent: 26,66%
----------------------
01:37,815

Intellect
	 Rating: 131800
	 Multiplicative Factor: 14,73%
	 Eff: 131800
Stamina
	 Rating: 827793
	 Multiplicative Factor: 11,3%
	 Eff: 827793,0000000001
Crit
	 Rating: 31189
	 Multiplicative Factor: 0%
	 Eff: 36151,2
	 DR Bracket: 2
	 Base: 9%
	 Effective Percent: 51,64%
	 Crit Inc Heal: 2
	 Crit Inc Damage: 2
Haste
	 Rating: 13499
	 Multiplicative Factor: 0%
	 Eff: 17473,95
	 DR Bracket: 0
	 Base: 5%
	 Effective Percent: 26,48%
Vers
	 Rating: 15766
	 Multiplicative Factor: 0%
	 Eff: 18106
	 DR Bracket: 0
	 Base: 3%
	 Effective Percent: 23,21%
Leech
	 Rating: 5073
	 Multiplicative Factor: 0%
	 Eff: 5073
	 DR Bracket: 0
	 Base: 0%
	 Effective Percent: 4,97%
Avoidance
	 Rating: 0
	 Multiplicative Factor: 0%
	 Eff: 0
	 DR Bracket: 0
	 Base: 0%
	 Effective Percent: 0%
Mastery
	 Rating: 2642
	 Multiplicative Factor: 0%
	 Eff: 12442
	 DR Bracket: 0
	 Base: 21%
	 Effective Percent: 26,66%
----------------------
01:42,880

Intellect
	 Rating: 131800
	 Multiplicative Factor: 14,73%
	 Eff: 131800
Stamina
	 Rating: 827793
	 Multiplicative Factor: 11,3%
	 Eff: 827793,0000000001
Crit
	 Rating: 31189
	 Multiplicative Factor: 0%
	 Eff: 36151,2
	 DR Bracket: 2
	 Base: 9%
	 Effective Percent: 51,64%
	 Crit Inc Heal: 2
	 Crit Inc Damage: 2
Haste
	 Rating: 13499
	 Multiplicative Factor: 0%
	 Eff: 17473,95
	 DR Bracket: 0
	 Base: 5%
	 Effective Percent: 26,48%
Vers
	 Rating: 15766
	 Multiplicative Factor: 0%
	 Eff: 18106
	 DR Bracket: 0
	 Base: 3%
	 Effective Percent: 23,21%
Leech
	 Rating: 5073
	 Multiplicative Factor: 0%
	 Eff: 5073
	 DR Bracket: 0
	 Base: 0%
	 Effective Percent: 4,97%
Avoidance
	 Rating: 0
	 Multiplicative Factor: 0%
	 Eff: 0
	 DR Bracket: 0
	 Base: 0%
	 Effective Percent: 0%
Mastery
	 Rating: 2642
	 Multiplicative Factor: 0%
	 Eff: 12442
	 DR Bracket: 0
	 Base: 21%
	 Effective Percent: 26,66%
----------------------
01:47,945

Intellect
	 Rating: 131800
	 Multiplicative Factor: 14,73%
	 Eff: 131800
Stamina
	 Rating: 827793
	 Multiplicative Factor: 11,3%
	 Eff: 827793,0000000001
Crit
	 Rating: 31189
	 Multiplicative Factor: 0%
	 Eff: 36151,2
	 DR Bracket: 2
	 Base: 9%
	 Effective Percent: 51,64%
	 Crit Inc Heal: 2
	 Crit Inc Damage: 2
Haste
	 Rating: 13499
	 Multiplicative Factor: 0%
	 Eff: 17473,95
	 DR Bracket: 0
	 Base: 5%
	 Effective Percent: 26,48%
Vers
	 Rating: 15766
	 Multiplicative Factor: 0%
	 Eff: 18106
	 DR Bracket: 0
	 Base: 3%
	 Effective Percent: 23,21%
Leech
	 Rating: 5073
	 Multiplicative Factor: 0%
	 Eff: 5073
	 DR Bracket: 0
	 Base: 0%
	 Effective Percent: 4,97%
Avoidance
	 Rating: 0
	 Multiplicative Factor: 0%
	 Eff: 0
	 DR Bracket: 0
	 Base: 0%
	 Effective Percent: 0%
Mastery
	 Rating: 2642
	 Multiplicative Factor: 0%
	 Eff: 12442
	 DR Bracket: 0
	 Base: 21%
	 Effective Percent: 26,66%
----------------------
01:52,956

Intellect
	 Rating: 131800
	 Multiplicative Factor: 14,73%
	 Eff: 131800
Stamina
	 Rating: 827793
	 Multiplicative Factor: 11,3%
	 Eff: 827793,0000000001
Crit
	 Rating: 31189
	 Multiplicative Factor: 0%
	 Eff: 36151,2
	 DR Bracket: 2
	 Base: 9%
	 Effective Percent: 51,64%
	 Crit Inc Heal: 2
	 Crit Inc Damage: 2
Haste
	 Rating: 13499
	 Multiplicative Factor: 0%
	 Eff: 17473,95
	 DR Bracket: 0
	 Base: 5%
	 Effective Percent: 26,48%
Vers
	 Rating: 15766
	 Multiplicative Factor: 0%
	 Eff: 18106
	 DR Bracket: 0
	 Base: 3%
	 Effective Percent: 23,21%
Leech
	 Rating: 5073
	 Multiplicative Factor: 0%
	 Eff: 5073
	 DR Bracket: 0
	 Base: 0%
	 Effective Percent: 4,97%
Avoidance
	 Rating: 0
	 Multiplicative Factor: 0%
	 Eff: 0
	 DR Bracket: 0
	 Base: 0%
	 Effective Percent: 0%
Mastery
	 Rating: 2642
	 Multiplicative Factor: 0%
	 Eff: 12442
	 DR Bracket: 0
	 Base: 21%
	 Effective Percent: 26,66%
----------------------
01:57,987

Intellect
	 Rating: 131800
	 Multiplicative Factor: 14,73%
	 Eff: 131800
Stamina
	 Rating: 827793
	 Multiplicative Factor: 11,3%
	 Eff: 827793,0000000001
Crit
	 Rating: 31189
	 Multiplicative Factor: 0%
	 Eff: 36151,2
	 DR Bracket: 2
	 Base: 9%
	 Effective Percent: 51,64%
	 Crit Inc Heal: 2
	 Crit Inc Damage: 2
Haste
	 Rating: 13499
	 Multiplicative Factor: 0%
	 Eff: 17473,95
	 DR Bracket: 0
	 Base: 5%
	 Effective Percent: 26,48%
Vers
	 Rating: 15766
	 Multiplicative Factor: 0%
	 Eff: 18106
	 DR Bracket: 0
	 Base: 3%
	 Effective Percent: 23,21%
Leech
	 Rating: 5073
	 Multiplicative Factor: 0%
	 Eff: 5073
	 DR Bracket: 0
	 Base: 0%
	 Effective Percent: 4,97%
Avoidance
	 Rating: 0
	 Multiplicative Factor: 0%
	 Eff: 0
	 DR Bracket: 0
	 Base: 0%
	 Effective Percent: 0%
Mastery
	 Rating: 2642
	 Multiplicative Factor: 0%
	 Eff: 12442
	 DR Bracket: 0
	 Base: 21%
	 Effective Percent: 26,66%
----------------------
02:03,115

Intellect
	 Rating: 131800
	 Multiplicative Factor: 14,73%
	 Eff: 131800
Stamina
	 Rating: 827793
	 Multiplicative Factor: 11,3%
	 Eff: 827793,0000000001
Crit
	 Rating: 31189
	 Multiplicative Factor: 0%
	 Eff: 36151,2
	 DR Bracket: 2
	 Base: 9%
	 Effective Percent: 51,64%
	 Crit Inc Heal: 2
	 Crit Inc Damage: 2
Haste
	 Rating: 13499
	 Multiplicative Factor: 0%
	 Eff: 17473,95
	 DR Bracket: 0
	 Base: 5%
	 Effective Percent: 26,48%
Vers
	 Rating: 15766
	 Multiplicative Factor: 0%
	 Eff: 18106
	 DR Bracket: 0
	 Base: 3%
	 Effective Percent: 23,21%
Leech
	 Rating: 5073
	 Multiplicative Factor: 0%
	 Eff: 5073
	 DR Bracket: 0
	 Base: 0%
	 Effective Percent: 4,97%
Avoidance
	 Rating: 0
	 Multiplicative Factor: 0%
	 Eff: 0
	 DR Bracket: 0
	 Base: 0%
	 Effective Percent: 0%
Mastery
	 Rating: 2642
	 Multiplicative Factor: 0%
	 Eff: 12442
	 DR Bracket: 0
	 Base: 21%
	 Effective Percent: 26,66%
----------------------
02:08,115

Intellect
	 Rating: 131800
	 Multiplicative Factor: 14,73%
	 Eff: 131800
Stamina
	 Rating: 827793
	 Multiplicative Factor: 11,3%
	 Eff: 827793,0000000001
Crit
	 Rating: 31189
	 Multiplicative Factor: 0%
	 Eff: 36151,2
	 DR Bracket: 2
	 Base: 9%
	 Effective Percent: 51,64%
	 Crit Inc Heal: 2
	 Crit Inc Damage: 2
Haste
	 Rating: 13499
	 Multiplicative Factor: 0%
	 Eff: 17473,95
	 DR Bracket: 0
	 Base: 5%
	 Effective Percent: 26,48%
Vers
	 Rating: 15766
	 Multiplicative Factor: 0%
	 Eff: 18106
	 DR Bracket: 0
	 Base: 3%
	 Effective Percent: 23,21%
Leech
	 Rating: 5073
	 Multiplicative Factor: 0%
	 Eff: 5073
	 DR Bracket: 0
	 Base: 0%
	 Effective Percent: 4,97%
Avoidance
	 Rating: 0
	 Multiplicative Factor: 0%
	 Eff: 0
	 DR Bracket: 0
	 Base: 0%
	 Effective Percent: 0%
Mastery
	 Rating: 2642
	 Multiplicative Factor: 0%
	 Eff: 12442
	 DR Bracket: 0
	 Base: 21%
	 Effective Percent: 26,66%
----------------------
02:13,190

Intellect
	 Rating: 131800
	 Multiplicative Factor: 14,73%
	 Eff: 131800
Stamina
	 Rating: 827793
	 Multiplicative Factor: 11,3%
	 Eff: 827793,0000000001
Crit
	 Rating: 31189
	 Multiplicative Factor: 0%
	 Eff: 36151,2
	 DR Bracket: 2
	 Base: 9%
	 Effective Percent: 51,64%
	 Crit Inc Heal: 2
	 Crit Inc Damage: 2
Haste
	 Rating: 13499
	 Multiplicative Factor: 0%
	 Eff: 17473,95
	 DR Bracket: 0
	 Base: 5%
	 Effective Percent: 26,48%
Vers
	 Rating: 15766
	 Multiplicative Factor: 0%
	 Eff: 18106
	 DR Bracket: 0
	 Base: 3%
	 Effective Percent: 23,21%
Leech
	 Rating: 5073
	 Multiplicative Factor: 0%
	 Eff: 5073
	 DR Bracket: 0
	 Base: 0%
	 Effective Percent: 4,97%
Avoidance
	 Rating: 0
	 Multiplicative Factor: 0%
	 Eff: 0
	 DR Bracket: 0
	 Base: 0%
	 Effective Percent: 0%
Mastery
	 Rating: 2642
	 Multiplicative Factor: 0%
	 Eff: 12442
	 DR Bracket: 0
	 Base: 21%
	 Effective Percent: 26,66%
----------------------
02:18,377

Intellect
	 Rating: 131800
	 Multiplicative Factor: 14,73%
	 Eff: 131800
Stamina
	 Rating: 827793
	 Multiplicative Factor: 11,3%
	 Eff: 827793,0000000001
Crit
	 Rating: 31189
	 Multiplicative Factor: 0%
	 Eff: 36151,2
	 DR Bracket: 2
	 Base: 9%
	 Effective Percent: 51,64%
	 Crit Inc Heal: 2
	 Crit Inc Damage: 2
Haste
	 Rating: 13499
	 Multiplicative Factor: 0%
	 Eff: 17473,95
	 DR Bracket: 0
	 Base: 5%
	 Effective Percent: 26,48%
Vers
	 Rating: 15766
	 Multiplicative Factor: 0%
	 Eff: 18106
	 DR Bracket: 0
	 Base: 3%
	 Effective Percent: 23,21%
Leech
	 Rating: 5073
	 Multiplicative Factor: 0%
	 Eff: 5073
	 DR Bracket: 0
	 Base: 0%
	 Effective Percent: 4,97%
Avoidance
	 Rating: 0
	 Multiplicative Factor: 0%
	 Eff: 0
	 DR Bracket: 0
	 Base: 0%
	 Effective Percent: 0%
Mastery
	 Rating: 2642
	 Multiplicative Factor: 0%
	 Eff: 12442
	 DR Bracket: 0
	 Base: 21%
	 Effective Percent: 26,66%
----------------------
02:23,589

Intellect
	 Rating: 131800
	 Multiplicative Factor: 14,73%
	 Eff: 131800
Stamina
	 Rating: 827793
	 Multiplicative Factor: 11,3%
	 Eff: 827793,0000000001
Crit
	 Rating: 31189
	 Multiplicative Factor: 0%
	 Eff: 36151,2
	 DR Bracket: 2
	 Base: 9%
	 Effective Percent: 51,64%
	 Crit Inc Heal: 2
	 Crit Inc Damage: 2
Haste
	 Rating: 13499
	 Multiplicative Factor: 0%
	 Eff: 17473,95
	 DR Bracket: 0
	 Base: 5%
	 Effective Percent: 26,48%
Vers
	 Rating: 15766
	 Multiplicative Factor: 0%
	 Eff: 18106
	 DR Bracket: 0
	 Base: 3%
	 Effective Percent: 23,21%
Leech
	 Rating: 5073
	 Multiplicative Factor: 0%
	 Eff: 5073
	 DR Bracket: 0
	 Base: 0%
	 Effective Percent: 4,97%
Avoidance
	 Rating: 0
	 Multiplicative Factor: 0%
	 Eff: 0
	 DR Bracket: 0
	 Base: 0%
	 Effective Percent: 0%
Mastery
	 Rating: 2642
	 Multiplicative Factor: 0%
	 Eff: 12442
	 DR Bracket: 0
	 Base: 21%
	 Effective Percent: 26,66%
----------------------
02:28,614

Intellect
	 Rating: 131800
	 Multiplicative Factor: 14,73%
	 Eff: 131800
Stamina
	 Rating: 827793
	 Multiplicative Factor: 11,3%
	 Eff: 827793,0000000001
Crit
	 Rating: 31189
	 Multiplicative Factor: 0%
	 Eff: 36151,2
	 DR Bracket: 2
	 Base: 9%
	 Effective Percent: 51,64%
	 Crit Inc Heal: 2
	 Crit Inc Damage: 2
Haste
	 Rating: 13499
	 Multiplicative Factor: 0%
	 Eff: 17473,95
	 DR Bracket: 0
	 Base: 5%
	 Effective Percent: 26,48%
Vers
	 Rating: 15766
	 Multiplicative Factor: 0%
	 Eff: 18106
	 DR Bracket: 0
	 Base: 3%
	 Effective Percent: 23,21%
Leech
	 Rating: 5073
	 Multiplicative Factor: 0%
	 Eff: 5073
	 DR Bracket: 0
	 Base: 0%
	 Effective Percent: 4,97%
Avoidance
	 Rating: 0
	 Multiplicative Factor: 0%
	 Eff: 0
	 DR Bracket: 0
	 Base: 0%
	 Effective Percent: 0%
Mastery
	 Rating: 2642
	 Multiplicative Factor: 0%
	 Eff: 12442
	 DR Bracket: 0
	 Base: 21%
	 Effective Percent: 26,66%
----------------------
02:33,622

Intellect
	 Rating: 131800
	 Multiplicative Factor: 14,73%
	 Eff: 131800
Stamina
	 Rating: 827793
	 Multiplicative Factor: 11,3%
	 Eff: 827793,0000000001
Crit
	 Rating: 31189
	 Multiplicative Factor: 0%
	 Eff: 36151,2
	 DR Bracket: 2
	 Base: 9%
	 Effective Percent: 51,64%
	 Crit Inc Heal: 2
	 Crit Inc Damage: 2
Haste
	 Rating: 13499
	 Multiplicative Factor: 0%
	 Eff: 17473,95
	 DR Bracket: 0
	 Base: 5%
	 Effective Percent: 26,48%
Vers
	 Rating: 15766
	 Multiplicative Factor: 0%
	 Eff: 18106
	 DR Bracket: 0
	 Base: 3%
	 Effective Percent: 23,21%
Leech
	 Rating: 5073
	 Multiplicative Factor: 0%
	 Eff: 5073
	 DR Bracket: 0
	 Base: 0%
	 Effective Percent: 4,97%
Avoidance
	 Rating: 0
	 Multiplicative Factor: 0%
	 Eff: 0
	 DR Bracket: 0
	 Base: 0%
	 Effective Percent: 0%
Mastery
	 Rating: 2642
	 Multiplicative Factor: 0%
	 Eff: 12442
	 DR Bracket: 0
	 Base: 21%
	 Effective Percent: 26,66%
----------------------
02:38,873

Intellect
	 Rating: 131800
	 Multiplicative Factor: 14,73%
	 Eff: 131800
Stamina
	 Rating: 827793
	 Multiplicative Factor: 11,3%
	 Eff: 827793,0000000001
Crit
	 Rating: 31189
	 Multiplicative Factor: 0%
	 Eff: 36151,2
	 DR Bracket: 2
	 Base: 9%
	 Effective Percent: 51,64%
	 Crit Inc Heal: 2
	 Crit Inc Damage: 2
Haste
	 Rating: 13499
	 Multiplicative Factor: 0%
	 Eff: 17473,95
	 DR Bracket: 0
	 Base: 5%
	 Effective Percent: 26,48%
Vers
	 Rating: 15766
	 Multiplicative Factor: 0%
	 Eff: 18106
	 DR Bracket: 0
	 Base: 3%
	 Effective Percent: 23,21%
Leech
	 Rating: 5073
	 Multiplicative Factor: 0%
	 Eff: 5073
	 DR Bracket: 0
	 Base: 0%
	 Effective Percent: 4,97%
Avoidance
	 Rating: 0
	 Multiplicative Factor: 0%
	 Eff: 0
	 DR Bracket: 0
	 Base: 0%
	 Effective Percent: 0%
Mastery
	 Rating: 2642
	 Multiplicative Factor: 0%
	 Eff: 12442
	 DR Bracket: 0
	 Base: 21%
	 Effective Percent: 26,66%
----------------------
02:43,878

Intellect
	 Rating: 131800
	 Multiplicative Factor: 14,73%
	 Eff: 131800
Stamina
	 Rating: 827793
	 Multiplicative Factor: 11,3%
	 Eff: 827793,0000000001
Crit
	 Rating: 31189
	 Multiplicative Factor: 0%
	 Eff: 36151,2
	 DR Bracket: 2
	 Base: 9%
	 Effective Percent: 51,64%
	 Crit Inc Heal: 2
	 Crit Inc Damage: 2
Haste
	 Rating: 13499
	 Multiplicative Factor: 0%
	 Eff: 17473,95
	 DR Bracket: 0
	 Base: 5%
	 Effective Percent: 26,48%
Vers
	 Rating: 15766
	 Multiplicative Factor: 0%
	 Eff: 18106
	 DR Bracket: 0
	 Base: 3%
	 Effective Percent: 23,21%
Leech
	 Rating: 5073
	 Multiplicative Factor: 0%
	 Eff: 5073
	 DR Bracket: 0
	 Base: 0%
	 Effective Percent: 4,97%
Avoidance
	 Rating: 0
	 Multiplicative Factor: 0%
	 Eff: 0
	 DR Bracket: 0
	 Base: 0%
	 Effective Percent: 0%
Mastery
	 Rating: 2642
	 Multiplicative Factor: 0%
	 Eff: 12442
	 DR Bracket: 0
	 Base: 21%
	 Effective Percent: 26,66%
----------------------
02:48,921

Intellect
	 Rating: 131800
	 Multiplicative Factor: 14,73%
	 Eff: 131800
Stamina
	 Rating: 827793
	 Multiplicative Factor: 11,3%
	 Eff: 827793,0000000001
Crit
	 Rating: 31189
	 Multiplicative Factor: 0%
	 Eff: 36151,2
	 DR Bracket: 2
	 Base: 9%
	 Effective Percent: 51,64%
	 Crit Inc Heal: 2
	 Crit Inc Damage: 2
Haste
	 Rating: 13499
	 Multiplicative Factor: 0%
	 Eff: 17473,95
	 DR Bracket: 0
	 Base: 5%
	 Effective Percent: 26,48%
Vers
	 Rating: 15766
	 Multiplicative Factor: 0%
	 Eff: 18106
	 DR Bracket: 0
	 Base: 3%
	 Effective Percent: 23,21%
Leech
	 Rating: 5073
	 Multiplicative Factor: 0%
	 Eff: 5073
	 DR Bracket: 0
	 Base: 0%
	 Effective Percent: 4,97%
Avoidance
	 Rating: 0
	 Multiplicative Factor: 0%
	 Eff: 0
	 DR Bracket: 0
	 Base: 0%
	 Effective Percent: 0%
Mastery
	 Rating: 2642
	 Multiplicative Factor: 0%
	 Eff: 12442
	 DR Bracket: 0
	 Base: 21%
	 Effective Percent: 26,66%
----------------------
02:53,927

Intellect
	 Rating: 131800
	 Multiplicative Factor: 14,73%
	 Eff: 131800
Stamina
	 Rating: 827793
	 Multiplicative Factor: 11,3%
	 Eff: 827793,0000000001
Crit
	 Rating: 31189
	 Multiplicative Factor: 0%
	 Eff: 36151,2
	 DR Bracket: 2
	 Base: 9%
	 Effective Percent: 51,64%
	 Crit Inc Heal: 2
	 Crit Inc Damage: 2
Haste
	 Rating: 13499
	 Multiplicative Factor: 0%
	 Eff: 17473,95
	 DR Bracket: 0
	 Base: 5%
	 Effective Percent: 26,48%
Vers
	 Rating: 15766
	 Multiplicative Factor: 0%
	 Eff: 18106
	 DR Bracket: 0
	 Base: 3%
	 Effective Percent: 23,21%
Leech
	 Rating: 5073
