-----------
A Just Reward
-----------
Avenging Crusader
	Eff: 3166,734228948175
-----------
Avenging Wrath
-----------
Aura Mastery
-----------
Barrier of Faith
-----------
Beacon of Faith
-----------
Beacon of Light
	Eff: 3275,704512640874
-----------
Beacon of Virtue
-----------
Bestow Light
-----------
Blessing of Freedom
-----------
Blessing of Protection
-----------
Blinding Light
-----------
Cleanse
-----------
Consecration
	Dmg: 1587,067090375405
-----------
Consecration Aura
-----------
Crusader Strike
	Dmg: 973,9389897009823
-----------
Dawnlight
-----------
Divine Shield
-----------
DivineGuidance
-----------
Divine Toll
-----------
Eternal Flame
-----------
Eye for an Eye
-----------
Flash of Light
-----------
Forge's Reckoning
	Dmg: 126,3289978489629
-----------
Golden Path
	Eff: 1156,087474231022
-----------
Greater Judgment
	Eff: 474,8252992712296
-----------
Hammer and Anvil
	Eff: 6841,852975725546
-----------
Hammer of Justice
-----------
Hammer of Wrath
-----------
Holy Light
-----------
Holy Prism
-----------
Holy Ritual
-----------
Holy Shock
	Eff: 1913,4078315295046
	Dmg: 591,1127937523561
-----------
Intercession
-----------
Judgment
	Dmg: 1060,6377715433482
-----------
Judgment of Light
	Eff: 276,6102937421447
-----------
Lay on Hands
	Eff: 2,7939677238464355E-09
-----------
Lesser Weapon
	Eff: 470,8422118515798
	Dmg: 930,1212342296203
-----------
Light of Dawn
	Eff: 2207,3531987360766
-----------
Light of the Martyr
-----------
Merciful Auras
-----------
Overflowing Light
-----------
Pillar of Lights
-----------
Radiant Aura
	Eff: 124,07055283696172
-----------
Repentance
-----------
Resplendent Light
-----------
Rite of Adjuration
-----------
Sacred Word
	Eff: 186,6244633406459
-----------
Sacred Weapon
	Eff: 2792,745479045444
	Dmg: 568,487181621429
-----------
Saved by the Light
-----------
Seal of the Crusader
	Eff: 165,34781569593179
-----------
Selfless Healer
-----------
Shield of the Righteous
	Dmg: 190,40129005981726
-----------
Shining Righteousness
	Dmg: 152,22064029198373
-----------
Sun's Avatar
-----------
Sun Sear
-----------
Truth Prevails
	Eff: 956,7409786569115
-----------
Turn Evil
-----------
Tyr's Deliverance
-----------
Veneration
-----------
Word of Glory
	Eff: 2652,7982122946996
-----------
Leech
	Eff: 895,6248509650413
-----------
Blessing of Summer
	Eff: 229,23622235671337
	Dmg: 795,6152720782338
-----------
Holy Bulwark
	Eff: 914,755917004356
-----------
ZeroCIMDummy
-----------
Light's Judgment
-----------
Lightbearer
-----------
Melee
	Dmg: 282,35480949470366
-----------
Tempered in Battle
-----------
Ethereal Reconstitution
	Eff: 517,314192631151
-----------
Loom'ithar's Living Silk
-----------
Ethereal Guard
	Eff: 1971,7793682939237
-----------
Lightforged Blessing
	Eff: 301,52041652451385
-----------
Arcane Restoration
-----------
Divine Steed
-----------
Azhiccaran Mite
-----------
Bombardments
-----------
Lesser Bulwark
-----------
Blessing of Autumn
-----------
Divine Protection
-----------
Spirit Link
-----------
Blessing of Winter
-----------
Voidglass Barrier
-----------
Blessing of Spring
-----------
Blessing of Sacrifice
-----------
Tempered Potion
