-----------
A Just Reward
-----------
Avenging Crusader
	Eff: 1943,5065051393176
-----------
Avenging Wrath
-----------
Aura Mastery
-----------
Barrier of Faith
-----------
Beacon of Faith
-----------
Beacon of Light
	Eff: 1869,3536055211252
-----------
Beacon of Virtue
-----------
Bestow Light
-----------
Blessing of Freedom
-----------
Blessing of Protection
-----------
Blinding Light
-----------
Brought to Light
-----------
Cleanse
-----------
Consecration
	Dmg: 535,637036158441
-----------
Consecration Aura
-----------
Crusader Strike
	Dmg: 549,8946241448284
-----------
Dawnlight
-----------
Divine Shield
-----------
DivineGuidance
-----------
Divine Toll
-----------
Eternal Flame
-----------
Eye for an Eye
-----------
Flash of Light
-----------
Forge's Reckoning
	Dmg: 87,41970594757004
-----------
Golden Path
	Eff: 390,1809016100134
-----------
Greater Judgment
	Eff: 312,82809890558565
-----------
Hammer and Anvil
	Eff: 4507,602822930974
-----------
Hammer of Justice
-----------
Holy Light
-----------
Holy Prism
	Eff: 1027,8921489241475
	Dmg: 157,35619143952135
-----------
Holy Ritual
	Eff: 84,22870004272409
-----------
Holy Shock
	Eff: 775,2297511936049
	Dmg: 239,49323112188722
-----------
Intercession
-----------
Judgment
	Dmg: 698,7776308663306
-----------
Judgment of Light
	Eff: 182,23854639212004
-----------
Lay on Hands
	Eff: 2,7939677238464355E-09
-----------
Lesser Weapon
	Eff: 325,8229575845375
	Dmg: 643,6441844440415
-----------
Liberation
-----------
Light of Dawn
	Eff: 1946,4626719084918
-----------
Light of the Martyr
-----------
Merciful Auras
-----------
Overflowing Light
-----------
Pillar of Lights (Passive)
-----------
Pillar of Lights
	Eff: 1153,9095499896066
-----------
Radiant Aura
	Eff: 109,40646015237508
-----------
Repentance
-----------
Resplendent Light
-----------
Rite of Adjuration
-----------
Sacred Word
	Eff: 102,73548452672549
-----------
Sacred Weapon
	Eff: 1461,2195864070645
	Dmg: 297,44372003639
-----------
Saved by the Light
	Eff: 582,917398875652
-----------
Seal of the Crusader
	Eff: 114,4207400783489
-----------
Selfless Healer
-----------
Shield of the Righteous
	Dmg: 104,81460168008925
-----------
Shining Righteousness
	Dmg: 83,79641637238092
-----------
Sun's Avatar
-----------
Sun Sear
-----------
Truth Prevails
	Eff: 630,3275372195785
-----------
Turn Evil
-----------
Tyr's Deliverance
-----------
Veneration
-----------
Word of Glory
	Eff: 1460,34718500264
-----------
Leech
	Eff: 575,3824257721562
-----------
Blessing of Summer
	Eff: 134,18599285140317
	Dmg: 504,92643625395795
-----------
Holy Bulwark
	Eff: 1,0721123544499278E-08
-----------
ZeroCIMDummy
-----------
Lightforged Blessing
	Eff: 8,149072527885437E-10
-----------
Light's Judgment
	Dmg: 81,97124476684257
-----------
Lightbearer
-----------
Melee
-----------
Tempered in Battle
-----------
Ethereal Reconstitution
-----------
Loom'ithar's Living Silk
-----------
Ethereal Guard
-----------
Arcane Restoration
-----------
Divine Steed
-----------
Azhiccaran Mite
-----------
Bombardments
-----------
Lesser Bulwark
-----------
Blessing of Autumn
-----------
Divine Protection
-----------
Spirit Link
-----------
Blessing of Winter
-----------
Voidglass Barrier
-----------
Blessing of Spring
-----------
Blessing of Sacrifice
-----------
Tempered Potion
