----------------------
00:01,326

Intellect
	 Rating: 131801
	 Multiplicative Factor: 14,73%
	 Eff: 131801,1472552
Stamina
	 Rating: 827793
	 Multiplicative Factor: 11,3%
	 Eff: 827793,0000000001
Crit
	 Rating: 31188
	 Multiplicative Factor: 0%
	 Eff: 36150,4
	 DR Bracket: 2
	 Base: 9%
	 Effective Percent: 51,64%
	 Crit Inc Heal: 2
	 Crit Inc Damage: 2
Haste
	 Rating: 13499
	 Multiplicative Factor: 0%
	 Eff: 13499
	 DR Bracket: 0
	 Base: 0%
	 Effective Percent: 20,45%
Vers
	 Rating: 15766
	 Multiplicative Factor: 0%
	 Eff: 18106
	 DR Bracket: 0
	 Base: 3%
	 Effective Percent: 23,21%
Leech
	 Rating: 5073
	 Multiplicative Factor: 0%
	 Eff: 5073
	 DR Bracket: 0
	 Base: 0%
	 Effective Percent: 4,97%
Avoidance
	 Rating: 0
	 Multiplicative Factor: 0%
	 Eff: 0
	 DR Bracket: 0
	 Base: 0%
	 Effective Percent: 0%
Mastery
	 Rating: 2642
	 Multiplicative Factor: 0%
	 Eff: 12442
	 DR Bracket: 0
	 Base: 21%
	 Effective Percent: 26,66%
----------------------
00:06,386

Intellect
	 Rating: 131801
	 Multiplicative Factor: 14,73%
	 Eff: 131801,1472552
Stamina
	 Rating: 827793
	 Multiplicative Factor: 11,3%
	 Eff: 827793,0000000001
Crit
	 Rating: 31188
	 Multiplicative Factor: 0%
	 Eff: 36150,4
	 DR Bracket: 2
	 Base: 9%
	 Effective Percent: 51,64%
	 Crit Inc Heal: 2
	 Crit Inc Damage: 2
Haste
	 Rating: 13499
	 Multiplicative Factor: 0%
	 Eff: 13499
	 DR Bracket: 0
	 Base: 0%
	 Effective Percent: 20,45%
Vers
	 Rating: 15766
	 Multiplicative Factor: 0%
	 Eff: 18106
	 DR Bracket: 0
	 Base: 3%
	 Effective Percent: 23,21%
Leech
	 Rating: 5073
	 Multiplicative Factor: 0%
	 Eff: 5073
	 DR Bracket: 0
	 Base: 0%
	 Effective Percent: 4,97%
Avoidance
	 Rating: 0
	 Multiplicative Factor: 0%
	 Eff: 0
	 DR Bracket: 0
	 Base: 0%
	 Effective Percent: 0%
Mastery
	 Rating: 2642
	 Multiplicative Factor: 0%
	 Eff: 12442
	 DR Bracket: 0
	 Base: 21%
	 Effective Percent: 26,66%
----------------------
00:11,417

Intellect
	 Rating: 131801
	 Multiplicative Factor: 14,73%
	 Eff: 131801,1472552
Stamina
	 Rating: 827793
	 Multiplicative Factor: 11,3%
	 Eff: 827793,0000000001
Crit
	 Rating: 31188
	 Multiplicative Factor: 0%
	 Eff: 36150,4
	 DR Bracket: 2
	 Base: 9%
	 Effective Percent: 51,64%
	 Crit Inc Heal: 2
	 Crit Inc Damage: 2
Haste
	 Rating: 13499
	 Multiplicative Factor: 0%
	 Eff: 14293,99
	 DR Bracket: 0
	 Base: 1%
	 Effective Percent: 21,66%
Vers
	 Rating: 15766
	 Multiplicative Factor: 0%
	 Eff: 18106
	 DR Bracket: 0
	 Base: 3%
	 Effective Percent: 23,21%
Leech
	 Rating: 5073
	 Multiplicative Factor: 0%
	 Eff: 5073
	 DR Bracket: 0
	 Base: 0%
	 Effective Percent: 4,97%
Avoidance
	 Rating: 0
	 Multiplicative Factor: 0%
	 Eff: 0
	 DR Bracket: 0
	 Base: 0%
	 Effective Percent: 0%
Mastery
	 Rating: 2642
	 Multiplicative Factor: 0%
	 Eff: 12442
	 DR Bracket: 0
	 Base: 21%
	 Effective Percent: 26,66%
----------------------
00:16,452

Intellect
	 Rating: 131801
	 Multiplicative Factor: 14,73%
	 Eff: 131801,1472552
Stamina
	 Rating: 827793
	 Multiplicative Factor: 11,3%
	 Eff: 827793,0000000001
Crit
	 Rating: 31188
	 Multiplicative Factor: 0%
	 Eff: 36150,4
	 DR Bracket: 2
	 Base: 9%
	 Effective Percent: 51,64%
	 Crit Inc Heal: 2
	 Crit Inc Damage: 2
Haste
	 Rating: 13499
	 Multiplicative Factor: 0%
	 Eff: 15088,98
	 DR Bracket: 0
	 Base: 2%
	 Effective Percent: 22,86%
Vers
	 Rating: 15766
	 Multiplicative Factor: 0%
	 Eff: 18106
	 DR Bracket: 0
	 Base: 3%
	 Effective Percent: 23,21%
Leech
	 Rating: 5073
	 Multiplicative Factor: 0%
	 Eff: 5073
	 DR Bracket: 0
	 Base: 0%
	 Effective Percent: 4,97%
Avoidance
	 Rating: 0
	 Multiplicative Factor: 0%
	 Eff: 0
	 DR Bracket: 0
	 Base: 0%
	 Effective Percent: 0%
Mastery
	 Rating: 2642
	 Multiplicative Factor: 0%
	 Eff: 12442
	 DR Bracket: 0
	 Base: 21%
	 Effective Percent: 26,66%
----------------------
00:21,456

Intellect
	 Rating: 131801
	 Multiplicative Factor: 14,73%
	 Eff: 131801,1472552
Stamina
	 Rating: 827793
	 Multiplicative Factor: 11,3%
	 Eff: 827793,0000000001
Crit
	 Rating: 31188
	 Multiplicative Factor: 0%
	 Eff: 36150,4
	 DR Bracket: 2
	 Base: 9%
	 Effective Percent: 51,64%
	 Crit Inc Heal: 2
	 Crit Inc Damage: 2
Haste
	 Rating: 13499
	 Multiplicative Factor: 0%
	 Eff: 15883,97
	 DR Bracket: 0
	 Base: 3%
	 Effective Percent: 24,07%
Vers
	 Rating: 15766
	 Multiplicative Factor: 0%
	 Eff: 18106
	 DR Bracket: 0
	 Base: 3%
	 Effective Percent: 23,21%
Leech
	 Rating: 5073
	 Multiplicative Factor: 0%
	 Eff: 5073
	 DR Bracket: 0
	 Base: 0%
	 Effective Percent: 4,97%
Avoidance
	 Rating: 0
	 Multiplicative Factor: 0%
	 Eff: 0
	 DR Bracket: 0
	 Base: 0%
	 Effective Percent: 0%
Mastery
	 Rating: 2642
	 Multiplicative Factor: 0%
	 Eff: 12442
	 DR Bracket: 0
	 Base: 21%
	 Effective Percent: 26,66%
----------------------
00:26,510

Intellect
	 Rating: 131801
	 Multiplicative Factor: 14,73%
	 Eff: 131801,1472552
Stamina
	 Rating: 827793
	 Multiplicative Factor: 11,3%
	 Eff: 827793,0000000001
Crit
	 Rating: 31188
	 Multiplicative Factor: 0%
	 Eff: 36150,4
	 DR Bracket: 2
	 Base: 9%
	 Effective Percent: 51,64%
	 Crit Inc Heal: 2
	 Crit Inc Damage: 2
Haste
	 Rating: 13499
	 Multiplicative Factor: 0%
	 Eff: 16678,96
	 DR Bracket: 0
	 Base: 4%
	 Effective Percent: 25,27%
Vers
	 Rating: 15766
	 Multiplicative Factor: 0%
	 Eff: 18106
	 DR Bracket: 0
	 Base: 3%
	 Effective Percent: 23,21%
Leech
	 Rating: 5073
	 Multiplicative Factor: 0%
	 Eff: 5073
	 DR Bracket: 0
	 Base: 0%
	 Effective Percent: 4,97%
Avoidance
	 Rating: 0
	 Multiplicative Factor: 0%
	 Eff: 0
	 DR Bracket: 0
	 Base: 0%
	 Effective Percent: 0%
Mastery
	 Rating: 2642
	 Multiplicative Factor: 0%
	 Eff: 12442
	 DR Bracket: 0
	 Base: 21%
	 Effective Percent: 26,66%
----------------------
00:31,593

Intellect
	 Rating: 131801
	 Multiplicative Factor: 14,73%
	 Eff: 131801,1472552
Stamina
	 Rating: 827793
	 Multiplicative Factor: 11,3%
	 Eff: 827793,0000000001
Crit
	 Rating: 31188
	 Multiplicative Factor: 0%
	 Eff: 36150,4
	 DR Bracket: 2
	 Base: 9%
	 Effective Percent: 51,64%
	 Crit Inc Heal: 2
	 Crit Inc Damage: 2
Haste
	 Rating: 13499
	 Multiplicative Factor: 0%
	 Eff: 17473,95
	 DR Bracket: 0
	 Base: 5%
	 Effective Percent: 26,48%
Vers
	 Rating: 15766
	 Multiplicative Factor: 0%
	 Eff: 18106
	 DR Bracket: 0
	 Base: 3%
	 Effective Percent: 23,21%
Leech
	 Rating: 5073
	 Multiplicative Factor: 0%
	 Eff: 5073
	 DR Bracket: 0
	 Base: 0%
	 Effective Percent: 4,97%
Avoidance
	 Rating: 0
	 Multiplicative Factor: 0%
	 Eff: 0
	 DR Bracket: 0
	 Base: 0%
	 Effective Percent: 0%
Mastery
	 Rating: 2642
	 Multiplicative Factor: 0%
	 Eff: 12442
	 DR Bracket: 0
	 Base: 21%
	 Effective Percent: 26,66%
----------------------
00:36,912

Intellect
	 Rating: 131801
	 Multiplicative Factor: 14,73%
	 Eff: 131801,1472552
Stamina
	 Rating: 827793
	 Multiplicative Factor: 11,3%
	 Eff: 827793,0000000001
Crit
	 Rating: 31188
	 Multiplicative Factor: 0%
	 Eff: 36150,4
	 DR Bracket: 2
	 Base: 9%
	 Effective Percent: 51,64%
	 Crit Inc Heal: 2
	 Crit Inc Damage: 2
Haste
	 Rating: 13499
	 Multiplicative Factor: 0%
	 Eff: 17473,95
	 DR Bracket: 0
	 Base: 5%
	 Effective Percent: 26,48%
Vers
	 Rating: 15766
	 Multiplicative Factor: 0%
	 Eff: 18106
	 DR Bracket: 0
	 Base: 3%
	 Effective Percent: 23,21%
Leech
	 Rating: 5073
	 Multiplicative Factor: 0%
	 Eff: 5073
	 DR Bracket: 0
	 Base: 0%
	 Effective Percent: 4,97%
Avoidance
	 Rating: 0
	 Multiplicative Factor: 0%
	 Eff: 0
	 DR Bracket: 0
	 Base: 0%
	 Effective Percent: 0%
Mastery
	 Rating: 2642
	 Multiplicative Factor: 0%
	 Eff: 12442
	 DR Bracket: 0
	 Base: 21%
	 Effective Percent: 26,66%
----------------------
00:42,073

Intellect
	 Rating: 131801
	 Multiplicative Factor: 14,73%
	 Eff: 131801,1472552
Stamina
	 Rating: 827793
	 Multiplicative Factor: 11,3%
	 Eff: 827793,0000000001
Crit
	 Rating: 31188
	 Multiplicative Factor: 0%
	 Eff: 36150,4
	 DR Bracket: 2
	 Base: 9%
	 Effective Percent: 51,64%
	 Crit Inc Heal: 2
	 Crit Inc Damage: 2
Haste
	 Rating: 13499
	 Multiplicative Factor: 0%
	 Eff: 17473,95
	 DR Bracket: 0
	 Base: 5%
	 Effective Percent: 26,48%
Vers
	 Rating: 15766
	 Multiplicative Factor: 0%
	 Eff: 18106
	 DR Bracket: 0
	 Base: 3%
	 Effective Percent: 23,21%
Leech
	 Rating: 5073
	 Multiplicative Factor: 0%
	 Eff: 5073
	 DR Bracket: 0
	 Base: 0%
	 Effective Percent: 4,97%
Avoidance
	 Rating: 0
	 Multiplicative Factor: 0%
	 Eff: 0
	 DR Bracket: 0
	 Base: 0%
	 Effective Percent: 0%
Mastery
	 Rating: 2642
	 Multiplicative Factor: 0%
	 Eff: 12442
	 DR Bracket: 0
	 Base: 21%
	 Effective Percent: 26,66%
----------------------
00:47,124

Intellect
	 Rating: 131801
	 Multiplicative Factor: 14,73%
	 Eff: 131801,1472552
Stamina
	 Rating: 827793
	 Multiplicative Factor: 11,3%
	 Eff: 827793,0000000001
Crit
	 Rating: 31188
	 Multiplicative Factor: 0%
	 Eff: 36150,4
	 DR Bracket: 2
	 Base: 9%
	 Effective Percent: 51,64%
	 Crit Inc Heal: 2
	 Crit Inc Damage: 2
Haste
	 Rating: 13499
	 Multiplicative Factor: 0%
	 Eff: 17473,95
	 DR Bracket: 0
	 Base: 5%
	 Effective Percent: 26,48%
Vers
	 Rating: 15766
	 Multiplicative Factor: 0%
	 Eff: 18106
	 DR Bracket: 0
	 Base: 3%
	 Effective Percent: 23,21%
Leech
	 Rating: 5073
	 Multiplicative Factor: 0%
	 Eff: 5073
	 DR Bracket: 0
	 Base: 0%
	 Effective Percent: 4,97%
Avoidance
	 Rating: 0
	 Multiplicative Factor: 0%
	 Eff: 0
	 DR Bracket: 0
	 Base: 0%
	 Effective Percent: 0%
Mastery
	 Rating: 2642
	 Multiplicative Factor: 0%
	 Eff: 12442
	 DR Bracket: 0
	 Base: 21%
	 Effective Percent: 26,66%
----------------------
00:52,213

Intellect
	 Rating: 131801
	 Multiplicative Factor: 14,73%
	 Eff: 131801,1472552
Stamina
	 Rating: 827793
	 Multiplicative Factor: 11,3%
	 Eff: 827793,0000000001
Crit
	 Rating: 31188
	 Multiplicative Factor: 0%
	 Eff: 36150,4
	 DR Bracket: 2
	 Base: 9%
	 Effective Percent: 51,64%
	 Crit Inc Heal: 2
	 Crit Inc Damage: 2
Haste
	 Rating: 13499
	 Multiplicative Factor: 0%
	 Eff: 17473,95
	 DR Bracket: 0
	 Base: 5%
	 Effective Percent: 26,48%
Vers
	 Rating: 15766
	 Multiplicative Factor: 0%
	 Eff: 18106
	 DR Bracket: 0
	 Base: 3%
	 Effective Percent: 23,21%
Leech
	 Rating: 5073
	 Multiplicative Factor: 0%
	 Eff: 5073
	 DR Bracket: 0
	 Base: 0%
	 Effective Percent: 4,97%
Avoidance
	 Rating: 0
	 Multiplicative Factor: 0%
	 Eff: 0
	 DR Bracket: 0
	 Base: 0%
	 Effective Percent: 0%
Mastery
	 Rating: 2642
	 Multiplicative Factor: 0%
	 Eff: 12442
	 DR Bracket: 0
	 Base: 21%
	 Effective Percent: 26,66%
----------------------
00:57,233

Intellect
	 Rating: 131801
	 Multiplicative Factor: 14,73%
	 Eff: 131801,1472552
Stamina
	 Rating: 827793
	 Multiplicative Factor: 11,3%
	 Eff: 827793,0000000001
Crit
	 Rating: 31188
	 Multiplicative Factor: 0%
	 Eff: 36150,4
	 DR Bracket: 2
	 Base: 9%
	 Effective Percent: 51,64%
	 Crit Inc Heal: 2
	 Crit Inc Damage: 2
Haste
	 Rating: 13499
	 Multiplicative Factor: 0%
	 Eff: 17473,95
	 DR Bracket: 0
	 Base: 5%
	 Effective Percent: 26,48%
Vers
	 Rating: 15766
	 Multiplicative Factor: 0%
	 Eff: 18106
	 DR Bracket: 0
	 Base: 3%
	 Effective Percent: 23,21%
Leech
	 Rating: 5073
	 Multiplicative Factor: 0%
	 Eff: 5073
	 DR Bracket: 0
	 Base: 0%
	 Effective Percent: 4,97%
Avoidance
	 Rating: 0
	 Multiplicative Factor: 0%
	 Eff: 0
	 DR Bracket: 0
	 Base: 0%
	 Effective Percent: 0%
Mastery
	 Rating: 2642
	 Multiplicative Factor: 0%
	 Eff: 12442
	 DR Bracket: 0
	 Base: 21%
	 Effective Percent: 26,66%
----------------------
01:02,260

Intellect
	 Rating: 131801
	 Multiplicative Factor: 14,73%
	 Eff: 131801,1472552
Stamina
	 Rating: 827793
	 Multiplicative Factor: 11,3%
	 Eff: 827793,0000000001
Crit
	 Rating: 31188
	 Multiplicative Factor: 0%
	 Eff: 36150,4
	 DR Bracket: 2
	 Base: 9%
	 Effective Percent: 51,64%
	 Crit Inc Heal: 2
	 Crit Inc Damage: 2
Haste
	 Rating: 13499
	 Multiplicative Factor: 0%
	 Eff: 17473,95
	 DR Bracket: 0
	 Base: 5%
	 Effective Percent: 26,48%
Vers
	 Rating: 15766
	 Multiplicative Factor: 0%
	 Eff: 18106
	 DR Bracket: 0
	 Base: 3%
	 Effective Percent: 23,21%
Leech
	 Rating: 5073
	 Multiplicative Factor: 0%
	 Eff: 5073
	 DR Bracket: 0
	 Base: 0%
	 Effective Percent: 4,97%
Avoidance
	 Rating: 0
	 Multiplicative Factor: 0%
	 Eff: 0
	 DR Bracket: 0
	 Base: 0%
	 Effective Percent: 0%
Mastery
	 Rating: 2642
	 Multiplicative Factor: 0%
	 Eff: 12442
	 DR Bracket: 0
	 Base: 21%
	 Effective Percent: 26,66%
----------------------
01:07,261

Intellect
	 Rating: 131801
	 Multiplicative Factor: 14,73%
	 Eff: 131801,1472552
Stamina
	 Rating: 827793
	 Multiplicative Factor: 11,3%
	 Eff: 827793,0000000001
Crit
	 Rating: 31188
	 Multiplicative Factor: 0%
	 Eff: 36150,4
	 DR Bracket: 2
	 Base: 9%
	 Effective Percent: 51,64%
	 Crit Inc Heal: 2
	 Crit Inc Damage: 2
Haste
	 Rating: 13499
	 Multiplicative Factor: 0%
	 Eff: 17473,95
	 DR Bracket: 0
	 Base: 5%
	 Effective Percent: 26,48%
Vers
	 Rating: 15766
	 Multiplicative Factor: 0%
	 Eff: 18106
	 DR Bracket: 0
	 Base: 3%
	 Effective Percent: 23,21%
Leech
	 Rating: 5073
	 Multiplicative Factor: 0%
	 Eff: 5073
	 DR Bracket: 0
	 Base: 0%
	 Effective Percent: 4,97%
Avoidance
	 Rating: 0
	 Multiplicative Factor: 0%
	 Eff: 0
	 DR Bracket: 0
	 Base: 0%
	 Effective Percent: 0%
Mastery
	 Rating: 2642
	 Multiplicative Factor: 0%
	 Eff: 12442
	 DR Bracket: 0
	 Base: 21%
	 Effective Percent: 26,66%
----------------------
01:12,368

Intellect
	 Rating: 131801
	 Multiplicative Factor: 14,73%
	 Eff: 131801,1472552
Stamina
	 Rating: 827793
	 Multiplicative Factor: 11,3%
	 Eff: 827793,0000000001
Crit
	 Rating: 31188
	 Multiplicative Factor: 0%
	 Eff: 36150,4
	 DR Bracket: 2
	 Base: 9%
	 Effective Percent: 51,64%
	 Crit Inc Heal: 2
	 Crit Inc Damage: 2
Haste
	 Rating: 13499
	 Multiplicative Factor: 0%
	 Eff: 17473,95
	 DR Bracket: 0
	 Base: 5%
	 Effective Percent: 26,48%
Vers
	 Rating: 15766
	 Multiplicative Factor: 0%
	 Eff: 18106
	 DR Bracket: 0
	 Base: 3%
	 Effective Percent: 23,21%
Leech
	 Rating: 5073
	 Multiplicative Factor: 0%
	 Eff: 5073
	 DR Bracket: 0
	 Base: 0%
	 Effective Percent: 4,97%
Avoidance
	 Rating: 0
	 Multiplicative Factor: 0%
	 Eff: 0
	 DR Bracket: 0
	 Base: 0%
	 Effective Percent: 0%
Mastery
	 Rating: 2642
	 Multiplicative Factor: 0%
	 Eff: 12442
	 DR Bracket: 0
	 Base: 21%
	 Effective Percent: 26,66%
----------------------
01:17,671

Intellect
	 Rating: 131801
	 Multiplicative Factor: 14,73%
	 Eff: 131801,1472552
Stamina
	 Rating: 827793
	 Multiplicative Factor: 11,3%
	 Eff: 827793,0000000001
Crit
	 Rating: 31188
	 Multiplicative Factor: 0%
	 Eff: 36150,4
	 DR Bracket: 2
	 Base: 9%
	 Effective Percent: 51,64%
	 Crit Inc Heal: 2
	 Crit Inc Damage: 2
Haste
	 Rating: 13499
	 Multiplicative Factor: 0%
	 Eff: 17473,95
	 DR Bracket: 0
	 Base: 5%
	 Effective Percent: 26,48%
Vers
	 Rating: 15766
	 Multiplicative Factor: 0%
	 Eff: 18106
	 DR Bracket: 0
	 Base: 3%
	 Effective Percent: 23,21%
Leech
	 Rating: 5073
	 Multiplicative Factor: 0%
	 Eff: 5073
	 DR Bracket: 0
	 Base: 0%
	 Effective Percent: 4,97%
Avoidance
	 Rating: 0
	 Multiplicative Factor: 0%
	 Eff: 0
	 DR Bracket: 0
	 Base: 0%
	 Effective Percent: 0%
Mastery
	 Rating: 2642
	 Multiplicative Factor: 0%
	 Eff: 12442
	 DR Bracket: 0
	 Base: 21%
	 Effective Percent: 26,66%
----------------------
01:22,688

Intellect
	 Rating: 131801
	 Multiplicative Factor: 14,73%
	 Eff: 131801,1472552
Stamina
	 Rating: 827793
	 Multiplicative Factor: 11,3%
	 Eff: 827793,0000000001
Crit
	 Rating: 31188
	 Multiplicative Factor: 0%
	 Eff: 36150,4
	 DR Bracket: 2
	 Base: 9%
	 Effective Percent: 51,64%
	 Crit Inc Heal: 2
	 Crit Inc Damage: 2
Haste
	 Rating: 13499
	 Multiplicative Factor: 0%
	 Eff: 17473,95
	 DR Bracket: 0
	 Base: 5%
	 Effective Percent: 26,48%
Vers
	 Rating: 15766
	 Multiplicative Factor: 0%
	 Eff: 18106
	 DR Bracket: 0
	 Base: 3%
	 Effective Percent: 23,21%
Leech
	 Rating: 5073
	 Multiplicative Factor: 0%
	 Eff: 5073
	 DR Bracket: 0
	 Base: 0%
	 Effective Percent: 4,97%
Avoidance
	 Rating: 0
	 Multiplicative Factor: 0%
	 Eff: 0
	 DR Bracket: 0
	 Base: 0%
	 Effective Percent: 0%
Mastery
	 Rating: 2642
	 Multiplicative Factor: 0%
	 Eff: 12442
	 DR Bracket: 0
	 Base: 21%
	 Effective Percent: 26,66%
----------------------
01:27,690

Intellect
	 Rating: 131801
	 Multiplicative Factor: 14,73%
	 Eff: 131801,1472552
Stamina
	 Rating: 827793
	 Multiplicative Factor: 11,3%
	 Eff: 827793,0000000001
Crit
	 Rating: 31188
	 Multiplicative Factor: 0%
	 Eff: 36150,4
	 DR Bracket: 2
	 Base: 9%
	 Effective Percent: 51,64%
	 Crit Inc Heal: 2
	 Crit Inc Damage: 2
Haste
	 Rating: 13499
	 Multiplicative Factor: 0%
	 Eff: 17473,95
	 DR Bracket: 0
	 Base: 5%
	 Effective Percent: 26,48%
Vers
	 Rating: 15766
	 Multiplicative Factor: 0%
	 Eff: 18106
	 DR Bracket: 0
	 Base: 3%
	 Effective Percent: 23,21%
Leech
	 Rating: 5073
	 Multiplicative Factor: 0%
	 Eff: 5073
	 DR Bracket: 0
	 Base: 0%
	 Effective Percent: 4,97%
Avoidance
	 Rating: 0
	 Multiplicative Factor: 0%
	 Eff: 0
	 DR Bracket: 0
	 Base: 0%
	 Effective Percent: 0%
Mastery
	 Rating: 2642
	 Multiplicative Factor: 0%
	 Eff: 12442
	 DR Bracket: 0
	 Base: 21%
	 Effective Percent: 26,66%
----------------------
01:32,738

Intellect
	 Rating: 131801
	 Multiplicative Factor: 14,73%
	 Eff: 131801,1472552
Stamina
	 Rating: 827793
	 Multiplicative Factor: 11,3%
	 Eff: 827793,0000000001
Crit
	 Rating: 31188
	 Multiplicative Factor: 0%
	 Eff: 36150,4
	 DR Bracket: 2
	 Base: 9%
	 Effective Percent: 51,64%
	 Crit Inc Heal: 2
	 Crit Inc Damage: 2
Haste
	 Rating: 13499
	 Multiplicative Factor: 0%
	 Eff: 17473,95
	 DR Bracket: 0
	 Base: 5%
	 Effective Percent: 26,48%
Vers
	 Rating: 15766
	 Multiplicative Factor: 0%
	 Eff: 18106
	 DR Bracket: 0
	 Base: 3%
	 Effective Percent: 23,21%
Leech
	 Rating: 5073
	 Multiplicative Factor: 0%
	 Eff: 5073
	 DR Bracket: 0
	 Base: 0%
	 Effective Percent: 4,97%
Avoidance
	 Rating: 0
	 Multiplicative Factor: 0%
	 Eff: 0
	 DR Bracket: 0
	 Base: 0%
	 Effective Percent: 0%
Mastery
	 Rating: 2642
	 Multiplicative Factor: 0%
	 Eff: 12442
	 DR Bracket: 0
	 Base: 21%
	 Effective Percent: 26,66%
----------------------
01:37,815

Intellect
	 Rating: 131801
	 Multiplicative Factor: 14,73%
	 Eff: 131801,1472552
Stamina
	 Rating: 827793
	 Multiplicative Factor: 11,3%
	 Eff: 827793,0000000001
Crit
	 Rating: 31188
	 Multiplicative Factor: 0%
	 Eff: 36150,4
	 DR Bracket: 2
	 Base: 9%
	 Effective Percent: 51,64%
	 Crit Inc Heal: 2
	 Crit Inc Damage: 2
Haste
	 Rating: 13499
	 Multiplicative Factor: 0%
	 Eff: 17473,95
	 DR Bracket: 0
	 Base: 5%
	 Effective Percent: 26,48%
Vers
	 Rating: 15766
	 Multiplicative Factor: 0%
	 Eff: 18106
	 DR Bracket: 0
	 Base: 3%
	 Effective Percent: 23,21%
Leech
	 Rating: 5073
	 Multiplicative Factor: 0%
	 Eff: 5073
	 DR Bracket: 0
	 Base: 0%
	 Effective Percent: 4,97%
Avoidance
	 Rating: 0
	 Multiplicative Factor: 0%
	 Eff: 0
	 DR Bracket: 0
	 Base: 0%
	 Effective Percent: 0%
Mastery
	 Rating: 2642
	 Multiplicative Factor: 0%
	 Eff: 12442
	 DR Bracket: 0
	 Base: 21%
	 Effective Percent: 26,66%
----------------------
01:42,880

Intellect
	 Rating: 131801
	 Multiplicative Factor: 14,73%
	 Eff: 131801,1472552
Stamina
	 Rating: 827793
	 Multiplicative Factor: 11,3%
	 Eff: 827793,0000000001
Crit
	 Rating: 31188
	 Multiplicative Factor: 0%
	 Eff: 36150,4
	 DR Bracket: 2
	 Base: 9%
	 Effective Percent: 51,64%
	 Crit Inc Heal: 2
	 Crit Inc Damage: 2
Haste
	 Rating: 13499
	 Multiplicative Factor: 0%
	 Eff: 17473,95
	 DR Bracket: 0
	 Base: 5%
	 Effective Percent: 26,48%
Vers
	 Rating: 15766
	 Multiplicative Factor: 0%
	 Eff: 18106
	 DR Bracket: 0
	 Base: 3%
	 Effective Percent: 23,21%
Leech
	 Rating: 5073
	 Multiplicative Factor: 0%
	 Eff: 5073
	 DR Bracket: 0
	 Base: 0%
	 Effective Percent: 4,97%
Avoidance
	 Rating: 0
	 Multiplicative Factor: 0%
	 Eff: 0
	 DR Bracket: 0
	 Base: 0%
	 Effective Percent: 0%
Mastery
	 Rating: 2642
	 Multiplicative Factor: 0%
	 Eff: 12442
	 DR Bracket: 0
	 Base: 21%
	 Effective Percent: 26,66%
----------------------
01:47,945

Intellect
	 Rating: 131801
	 Multiplicative Factor: 14,73%
	 Eff: 131801,1472552
Stamina
	 Rating: 827793
	 Multiplicative Factor: 11,3%
	 Eff: 827793,0000000001
Crit
	 Rating: 31188
	 Multiplicative Factor: 0%
	 Eff: 36150,4
	 DR Bracket: 2
	 Base: 9%
	 Effective Percent: 51,64%
	 Crit Inc Heal: 2
	 Crit Inc Damage: 2
Haste
	 Rating: 13499
	 Multiplicative Factor: 0%
	 Eff: 17473,95
	 DR Bracket: 0
	 Base: 5%
	 Effective Percent: 26,48%
Vers
	 Rating: 15766
	 Multiplicative Factor: 0%
	 Eff: 18106
	 DR Bracket: 0
	 Base: 3%
	 Effective Percent: 23,21%
Leech
	 Rating: 5073
	 Multiplicative Factor: 0%
	 Eff: 5073
	 DR Bracket: 0
	 Base: 0%
	 Effective Percent: 4,97%
Avoidance
	 Rating: 0
	 Multiplicative Factor: 0%
	 Eff: 0
	 DR Bracket: 0
	 Base: 0%
	 Effective Percent: 0%
Mastery
	 Rating: 2642
	 Multiplicative Factor: 0%
	 Eff: 12442
	 DR Bracket: 0
	 Base: 21%
	 Effective Percent: 26,66%
----------------------
01:52,956

Intellect
	 Rating: 131801
	 Multiplicative Factor: 14,73%
	 Eff: 131801,1472552
Stamina
	 Rating: 827793
	 Multiplicative Factor: 11,3%
	 Eff: 827793,0000000001
Crit
	 Rating: 31188
	 Multiplicative Factor: 0%
	 Eff: 36150,4
	 DR Bracket: 2
	 Base: 9%
	 Effective Percent: 51,64%
	 Crit Inc Heal: 2
	 Crit Inc Damage: 2
Haste
	 Rating: 13499
	 Multiplicative Factor: 0%
	 Eff: 17473,95
	 DR Bracket: 0
	 Base: 5%
	 Effective Percent: 26,48%
Vers
	 Rating: 15766
	 Multiplicative Factor: 0%
	 Eff: 18106
	 DR Bracket: 0
	 Base: 3%
	 Effective Percent: 23,21%
Leech
	 Rating: 5073
	 Multiplicative Factor: 0%
	 Eff: 5073
	 DR Bracket: 0
	 Base: 0%
	 Effective Percent: 4,97%
Avoidance
	 Rating: 0
	 Multiplicative Factor: 0%
	 Eff: 0
	 DR Bracket: 0
	 Base: 0%
	 Effective Percent: 0%
Mastery
	 Rating: 2642
	 Multiplicative Factor: 0%
	 Eff: 12442
	 DR Bracket: 0
	 Base: 21%
	 Effective Percent: 26,66%
----------------------
01:57,987

Intellect
	 Rating: 131801
	 Multiplicative Factor: 14,73%
	 Eff: 131801,1472552
Stamina
	 Rating: 827793
	 Multiplicative Factor: 11,3%
	 Eff: 827793,0000000001
Crit
	 Rating: 31188
	 Multiplicative Factor: 0%
	 Eff: 36150,4
	 DR Bracket: 2
	 Base: 9%
	 Effective Percent: 51,64%
	 Crit Inc Heal: 2
	 Crit Inc Damage: 2
Haste
	 Rating: 13499
	 Multiplicative Factor: 0%
	 Eff: 17473,95
	 DR Bracket: 0
	 Base: 5%
	 Effective Percent: 26,48%
Vers
	 Rating: 15766
	 Multiplicative Factor: 0%
	 Eff: 18106
	 DR Bracket: 0
	 Base: 3%
	 Effective Percent: 23,21%
Leech
	 Rating: 5073
	 Multiplicative Factor: 0%
	 Eff: 5073
	 DR Bracket: 0
	 Base: 0%
	 Effective Percent: 4,97%
Avoidance
	 Rating: 0
	 Multiplicative Factor: 0%
	 Eff: 0
	 DR Bracket: 0
	 Base: 0%
	 Effective Percent: 0%
Mastery
	 Rating: 2642
	 Multiplicative Factor: 0%
	 Eff: 12442
	 DR Bracket: 0
	 Base: 21%
	 Effective Percent: 26,66%
----------------------
02:03,115

Intellect
	 Rating: 131801
	 Multiplicative Factor: 14,73%
	 Eff: 131801,1472552
Stamina
	 Rating: 827793
	 Multiplicative Factor: 11,3%
	 Eff: 827793,0000000001
Crit
	 Rating: 31188
	 Multiplicative Factor: 0%
	 Eff: 36150,4
	 DR Bracket: 2
	 Base: 9%
	 Effective Percent: 51,64%
	 Crit Inc Heal: 2
	 Crit Inc Damage: 2
Haste
	 Rating: 13499
	 Multiplicative Factor: 0%
	 Eff: 17473,95
	 DR Bracket: 0
	 Base: 5%
	 Effective Percent: 26,48%
Vers
	 Rating: 15766
	 Multiplicative Factor: 0%
	 Eff: 18106
	 DR Bracket: 0
	 Base: 3%
	 Effective Percent: 23,21%
Leech
	 Rating: 5073
	 Multiplicative Factor: 0%
	 Eff: 5073
	 DR Bracket: 0
	 Base: 0%
	 Effective Percent: 4,97%
Avoidance
	 Rating: 0
	 Multiplicative Factor: 0%
	 Eff: 0
	 DR Bracket: 0
	 Base: 0%
	 Effective Percent: 0%
Mastery
	 Rating: 2642
	 Multiplicative Factor: 0%
	 Eff: 12442
	 DR Bracket: 0
	 Base: 21%
	 Effective Percent: 26,66%
----------------------
02:08,115

Intellect
	 Rating: 131801
	 Multiplicative Factor: 14,73%
	 Eff: 131801,1472552
Stamina
	 Rating: 827793
	 Multiplicative Factor: 11,3%
	 Eff: 827793,0000000001
Crit
	 Rating: 31188
	 Multiplicative Factor: 0%
	 Eff: 36150,4
	 DR Bracket: 2
	 Base: 9%
	 Effective Percent: 51,64%
	 Crit Inc Heal: 2
	 Crit Inc Damage: 2
Haste
	 Rating: 13499
	 Multiplicative Factor: 0%
	 Eff: 17473,95
	 DR Bracket: 0
	 Base: 5%
	 Effective Percent: 26,48%
Vers
	 Rating: 15766
	 Multiplicative Factor: 0%
	 Eff: 18106
	 DR Bracket: 0
	 Base: 3%
	 Effective Percent: 23,21%
Leech
	 Rating: 5073
	 Multiplicative Factor: 0%
	 Eff: 5073
	 DR Bracket: 0
	 Base: 0%
	 Effective Percent: 4,97%
Avoidance
	 Rating: 0
	 Multiplicative Factor: 0%
	 Eff: 0
	 DR Bracket: 0
	 Base: 0%
	 Effective Percent: 0%
Mastery
	 Rating: 2642
	 Multiplicative Factor: 0%
	 Eff: 12442
	 DR Bracket: 0
	 Base: 21%
	 Effective Percent: 26,66%
----------------------
02:13,190

Intellect
	 Rating: 131801
	 Multiplicative Factor: 14,73%
	 Eff: 131801,1472552
Stamina
	 Rating: 827793
	 Multiplicative Factor: 11,3%
	 Eff: 827793,0000000001
Crit
	 Rating: 31188
	 Multiplicative Factor: 0%
	 Eff: 36150,4
	 DR Bracket: 2
	 Base: 9%
	 Effective Percent: 51,64%
	 Crit Inc Heal: 2
	 Crit Inc Damage: 2
Haste
	 Rating: 13499
	 Multiplicative Factor: 0%
	 Eff: 17473,95
	 DR Bracket: 0
	 Base: 5%
	 Effective Percent: 26,48%
Vers
	 Rating: 15766
	 Multiplicative Factor: 0%
	 Eff: 18106
	 DR Bracket: 0
	 Base: 3%
	 Effective Percent: 23,21%
Leech
	 Rating: 5073
	 Multiplicative Factor: 0%
	 Eff: 5073
	 DR Bracket: 0
	 Base: 0%
	 Effective Percent: 4,97%
Avoidance
	 Rating: 0
	 Multiplicative Factor: 0%
	 Eff: 0
	 DR Bracket: 0
	 Base: 0%
	 Effective Percent: 0%
Mastery
	 Rating: 2642
	 Multiplicative Factor: 0%
	 Eff: 12442
	 DR Bracket: 0
	 Base: 21%
	 Effective Percent: 26,66%
----------------------
02:18,377

Intellect
	 Rating: 131801
	 Multiplicative Factor: 14,73%
	 Eff: 131801,1472552
Stamina
	 Rating: 827793
	 Multiplicative Factor: 11,3%
	 Eff: 827793,0000000001
Crit
	 Rating: 31188
	 Multiplicative Factor: 0%
	 Eff: 36150,4
	 DR Bracket: 2
	 Base: 9%
	 Effective Percent: 51,64%
	 Crit Inc Heal: 2
	 Crit Inc Damage: 2
Haste
	 Rating: 13499
	 Multiplicative Factor: 0%
	 Eff: 17473,95
	 DR Bracket: 0
	 Base: 5%
	 Effective Percent: 26,48%
Vers
	 Rating: 15766
	 Multiplicative Factor: 0%
	 Eff: 18106
	 DR Bracket: 0
	 Base: 3%
	 Effective Percent: 23,21%
Leech
	 Rating: 5073
	 Multiplicative Factor: 0%
	 Eff: 5073
	 DR Bracket: 0
	 Base: 0%
	 Effective Percent: 4,97%
Avoidance
	 Rating: 0
	 Multiplicative Factor: 0%
	 Eff: 0
	 DR Bracket: 0
	 Base: 0%
	 Effective Percent: 0%
Mastery
	 Rating: 2642
	 Multiplicative Factor: 0%
	 Eff: 12442
	 DR Bracket: 0
	 Base: 21%
	 Effective Percent: 26,66%
----------------------
02:23,589

Intellect
	 Rating: 131801
	 Multiplicative Factor: 14,73%
	 Eff: 131801,1472552
Stamina
	 Rating: 827793
	 Multiplicative Factor: 11,3%
	 Eff: 827793,0000000001
Crit
	 Rating: 31188
	 Multiplicative Factor: 0%
	 Eff: 36150,4
	 DR Bracket: 2
	 Base: 9%
	 Effective Percent: 51,64%
	 Crit Inc Heal: 2
	 Crit Inc Damage: 2
Haste
	 Rating: 13499
	 Multiplicative Factor: 0%
	 Eff: 17473,95
	 DR Bracket: 0
	 Base: 5%
	 Effective Percent: 26,48%
Vers
	 Rating: 15766
	 Multiplicative Factor: 0%
	 Eff: 18106
	 DR Bracket: 0
	 Base: 3%
	 Effective Percent: 23,21%
Leech
	 Rating: 5073
	 Multiplicative Factor: 0%
	 Eff: 5073
	 DR Bracket: 0
	 Base: 0%
	 Effective Percent: 4,97%
Avoidance
	 Rating: 0
	 Multiplicative Factor: 0%
	 Eff: 0
	 DR Bracket: 0
	 Base: 0%
	 Effective Percent: 0%
Mastery
	 Rating: 2642
	 Multiplicative Factor: 0%
	 Eff: 12442
	 DR Bracket: 0
	 Base: 21%
	 Effective Percent: 26,66%
----------------------
02:28,614

Intellect
	 Rating: 131801
	 Multiplicative Factor: 14,73%
	 Eff: 131801,1472552
Stamina
	 Rating: 827793
	 Multiplicative Factor: 11,3%
	 Eff: 827793,0000000001
Crit
	 Rating: 31188
	 Multiplicative Factor: 0%
	 Eff: 36150,4
	 DR Bracket: 2
	 Base: 9%
	 Effective Percent: 51,64%
	 Crit Inc Heal: 2
	 Crit Inc Damage: 2
Haste
	 Rating: 13499
	 Multiplicative Factor: 0%
	 Eff: 17473,95
	 DR Bracket: 0
	 Base: 5%
	 Effective Percent: 26,48%
Vers
	 Rating: 15766
	 Multiplicative Factor: 0%
	 Eff: 18106
	 DR Bracket: 0
	 Base: 3%
	 Effective Percent: 23,21%
Leech
	 Rating: 5073
	 Multiplicative Factor: 0%
	 Eff: 5073
	 DR Bracket: 0
	 Base: 0%
	 Effective Percent: 4,97%
Avoidance
	 Rating: 0
	 Multiplicative Factor: 0%
	 Eff: 0
	 DR Bracket: 0
	 Base: 0%
	 Effective Percent: 0%
Mastery
	 Rating: 2642
	 Multiplicative Factor: 0%
	 Eff: 12442
	 DR Bracket: 0
	 Base: 21%
	 Effective Percent: 26,66%
----------------------
02:33,622

Intellect
	 Rating: 131801
	 Multiplicative Factor: 14,73%
	 Eff: 131801,1472552
Stamina
	 Rating: 827793
	 Multiplicative Factor: 11,3%
	 Eff: 827793,0000000001
Crit
	 Rating: 31188
	 Multiplicative Factor: 0%
	 Eff: 36150,4
	 DR Bracket: 2
	 Base: 9%
	 Effective Percent: 51,64%
	 Crit Inc Heal: 2
	 Crit Inc Damage: 2
Haste
	 Rating: 13499
	 Multiplicative Factor: 0%
	 Eff: 17473,95
	 DR Bracket: 0
	 Base: 5%
	 Effective Percent: 26,48%
Vers
	 Rating: 15766
	 Multiplicative Factor: 0%
	 Eff: 18106
	 DR Bracket: 0
	 Base: 3%
	 Effective Percent: 23,21%
Leech
	 Rating: 5073
	 Multiplicative Factor: 0%
	 Eff: 5073
	 DR Bracket: 0
	 Base: 0%
	 Effective Percent: 4,97%
Avoidance
	 Rating: 0
	 Multiplicative Factor: 0%
	 Eff: 0
	 DR Bracket: 0
	 Base: 0%
	 Effective Percent: 0%
Mastery
	 Rating: 2642
	 Multiplicative Factor: 0%
	 Eff: 12442
	 DR Bracket: 0
	 Base: 21%
	 Effective Percent: 26,66%
----------------------
02:38,873

Intellect
	 Rating: 131801
	 Multiplicative Factor: 14,73%
	 Eff: 131801,1472552
Stamina
	 Rating: 827793
	 Multiplicative Factor: 11,3%
	 Eff: 827793,0000000001
Crit
	 Rating: 31188
	 Multiplicative Factor: 0%
	 Eff: 36150,4
	 DR Bracket: 2
	 Base: 9%
	 Effective Percent: 51,64%
	 Crit Inc Heal: 2
	 Crit Inc Damage: 2
Haste
	 Rating: 13499
	 Multiplicative Factor: 0%
	 Eff: 17473,95
	 DR Bracket: 0
	 Base: 5%
	 Effective Percent: 26,48%
Vers
	 Rating: 15766
	 Multiplicative Factor: 0%
	 Eff: 18106
	 DR Bracket: 0
	 Base: 3%
	 Effective Percent: 23,21%
Leech
	 Rating: 5073
	 Multiplicative Factor: 0%
	 Eff: 5073
	 DR Bracket: 0
	 Base: 0%
	 Effective Percent: 4,97%
Avoidance
	 Rating: 0
	 Multiplicative Factor: 0%
	 Eff: 0
	 DR Bracket: 0
	 Base: 0%
	 Effective Percent: 0%
Mastery
	 Rating: 2642
	 Multiplicative Factor: 0%
	 Eff: 12442
	 DR Bracket: 0
	 Base: 21%
	 Effective Percent: 26,66%
----------------------
02:43,878

Intellect
	 Rating: 131801
	 Multiplicative Factor: 14,73%
	 Eff: 131801,1472552
Stamina
	 Rating: 827793
	 Multiplicative Factor: 11,3%
	 Eff: 827793,0000000001
Crit
	 Rating: 31188
	 Multiplicative Factor: 0%
	 Eff: 36150,4
	 DR Bracket: 2
	 Base: 9%
	 Effective Percent: 51,64%
	 Crit Inc Heal: 2
	 Crit Inc Damage: 2
Haste
	 Rating: 13499
	 Multiplicative Factor: 0%
	 Eff: 17473,95
	 DR Bracket: 0
	 Base: 5%
	 Effective Percent: 26,48%
Vers
	 Rating: 15766
	 Multiplicative Factor: 0%
	 Eff: 18106
	 DR Bracket: 0
	 Base: 3%
	 Effective Percent: 23,21%
Leech
	 Rating: 5073
	 Multiplicative Factor: 0%
	 Eff: 5073
	 DR Bracket: 0
	 Base: 0%
	 Effective Percent: 4,97%
Avoidance
	 Rating: 0
	 Multiplicative Factor: 0%
	 Eff: 0
	 DR Bracket: 0
	 Base: 0%
	 Effective Percent: 0%
Mastery
	 Rating: 2642
	 Multiplicative Factor: 0%
	 Eff: 12442
	 DR Bracket: 0
	 Base: 21%
	 Effective Percent: 26,66%
----------------------
02:48,921

Intellect
	 Rating: 131801
	 Multiplicative Factor: 14,73%
	 Eff: 131801,1472552
Stamina
	 Rating: 827793
	 Multiplicative Factor: 11,3%
	 Eff: 827793,0000000001
Crit
	 Rating: 31188
	 Multiplicative Factor: 0%
	 Eff: 36150,4
	 DR Bracket: 2
	 Base: 9%
	 Effective Percent: 51,64%
	 Crit Inc Heal: 2
	 Crit Inc Damage: 2
Haste
	 Rating: 13499
	 Multiplicative Factor: 0%
	 Eff: 17473,95
	 DR Bracket: 0
	 Base: 5%
	 Effective Percent: 26,48%
Vers
	 Rating: 15766
	 Multiplicative Factor: 0%
	 Eff: 18106
	 DR Bracket: 0
	 Base: 3%
	 Effective Percent: 23,21%
Leech
	 Rating: 5073
	 Multiplicative Factor: 0%
	 Eff: 5073
	 DR Bracket: 0
	 Base: 0%
	 Effective Percent: 4,97%
Avoidance
	 Rating: 0
	 Multiplicative Factor: 0%
	 Eff: 0
	 DR Bracket: 0
	 Base: 0%
	 Effective Percent: 0%
Mastery
	 Rating: 2642
	 Multiplicative Factor: 0%
	 Eff: 12442
	 DR Bracket: 0
	 Base: 21%
	 Effective Percent: 26,66%
----------------------
02:53,927

Intellect
	 Rating: 131801
	 Multiplicative Factor: 14,73%
	 Eff: 131801,1472552
Stamina
	 Rating: 827793
	 Multiplicative Factor: 11,3%
	 Eff: 827793,0000000001
Crit
	 Rating: 31188
	 Multiplicative Factor: 0%
	 Eff: 36150,4
	 DR Bracket: 2
	 Base: 9%
	 Effective Percent: 51,64%
	 Crit Inc Heal: 2
	 Crit Inc Damage: 2
Haste
	 Rating: 13499
	 Multiplicative Factor: 0%
	 Eff: 17473,95
	 DR Bracket: 0
	 Base: 5%
	 Effective Percent: 26,48%
Vers
	 Rating: 15766
	 Multiplicative Factor: 0%
	 Eff: 18106
	 DR Bracket: 0
	 Base: 3%
	 Effective Percent: 23,21%
Leech
	 Rating: 5073
	 Multiplicative Factor: 0%
	 Eff: 5073
	 DR Bracket: 0
	 Base: 0%
	 Effective Percent: 4,97%
Avoidance
	 Rating: 0
	 Multiplicative Factor: 0%
	 Eff: 0
	 DR Bracket: 0
	 Base: 0%
	 Effective Percent: 0%
Mastery
	 Rating: 2642
	 Multiplicative Factor: 0%
	 Eff: 12442
	 DR Bracket: 0
	 Base: 21%
	 Effective Percent: 26,66%
----------------------
02:58,928

Intellect
	 Rating: 131801
	 Multiplicative Factor: 14,73%
	 Eff: 131801,1472552
Stamina
	 Rating: 827793
	 Multiplicative Factor: 11,3%
	 Eff: 827793,0000000001
Crit
	 Rating: 31188
	 Multiplicative Factor: 0%
	 Eff: 36150,4
	 DR Bracket: 2
	 Base: 9%
	 Effective Percent: 51,64%
	 Crit Inc Heal: 2
	 Crit Inc Damage: 2
Haste
	 Rating: 13499
	 Multiplicative Factor: 0%
	 Eff: 17473,95
	 DR Bracket: 0
	 Base: 5%
	 Effective Percent: 26,48%
Vers
	 Rating: 15766
	 Multiplicative Factor: 0%
	 Eff: 18106
	 DR Bracket: 0
	 Base: 3%
	 Effective Percent: 23,21%
Leech
	 Rating: 5073
	 Multiplicative Factor: 0%
	 Eff: 5073
	 DR Bracket: 0
	 Base: 0%
	 Effective Percent: 4,97%
Avoidance
	 Rating: 0
	 Multiplicative Factor: 0%
	 Eff: 0
	 DR Bracket: 0
	 Base: 0%
	 Effective Percent: 0%
Mastery
	 Rating: 2642
	 Multiplicative Factor: 0%
	 Eff: 12442
	 DR Bracket: 0
	 Base: 21%
	 Effective Percent: 26,66%
----------------------
03:04,075

Intellect
	 Rating: 131801
	 Multiplicative Factor: 14,73%
	 Eff: 131801,1472552
Stamina
	 Rating: 827793
	 Multiplicative Factor: 11,3%
	 Eff: 827793,0000000001
Crit
	 Rating: 31188
	 Multiplicative Factor: 0%
	 Eff: 36150,4
	 DR Bracket: 2
	 Base: 9%
	 Effective Percent: 51,64%
	 Crit Inc Heal: 2
	 Crit Inc Damage: 2
Haste
	 Rating: 13499
	 Multiplicative Factor: 0%
	 Eff: 17473,95
	 DR Bracket: 0
	 Base: 5%
	 Effective Percent: 26,48%
Vers
	 Rating: 15766
	 Multiplicative Factor: 0%
	 Eff: 18106
	 DR Bracket: 0
	 Base: 3%
	 Effective Percent: 23,21%
Leech
	 Rating: 5073
	 Multiplicative Factor: 0%
	 Eff: 5073
	 DR Bracket: 0
	 Base: 0%
	 Effective Percent: 4,97%
Avoidance
	 Rating: 0
	 Multiplicative Factor: 0%
	 Eff: 0
	 DR Bracket: 0
	 Base: 0%
	 Effective Percent: 0%
Mastery
	 Rating: 2642
	 Multiplicative Factor: 0%
	 Eff: 12442
	 DR Bracket: 0
	 Base: 21%
	 Effective Percent: 26,66%
----------------------
03:09,075

Intellect
	 Rating: 131801
	 Multiplicative Factor: 14,73%
	 Eff: 131801,1472552
Stamina
	 Rating: 827793
	 Multiplicative Factor: 11,3%
	 Eff: 827793,0000000001
Crit
	 Rating: 31188
	 Multiplicative Factor: 0%
	 Eff: 36150,4
	 DR Bracket: 2
	 Base: 9%
	 Effective Percent: 51,64%
	 Crit Inc Heal: 2
	 Crit Inc Damage: 2
Haste
	 Rating: 13499
	 Multiplicative Factor: 0%
	 Eff: 17473,95
	 DR Bracket: 0
	 Base: 5%
	 Effective Percent: 26,48%
Vers
	 Rating: 15766
	 Multiplicative Factor: 0%
	 Eff: 18106
	 DR Bracket: 0
	 Base: 3%
	 Effective Percent: 23,21%
Leech
	 Rating: 5073
	 Multiplicative Factor: 0%
	 Eff: 5073
	 DR Bracket: 0
	 Base: 0%
	 Effective Percent: 4,97%
Avoidance
	 Rating: 0
	 Multiplicative Factor: 0%
	 Eff: 0
	 DR Bracket: 0
	 Base: 0%
	 Effective Percent: 0%
Mastery
	 Rating: 2642
	 Multiplicative Factor: 0%
	 Eff: 12442
	 DR Bracket: 0
	 Base: 21%
	 Effective Percent: 26,66%
----------------------
03:14,112

Intellect
	 Rating: 131801
	 Multiplicative Factor: 14,73%
	 Eff: 131801,1472552
Stamina
	 Rating: 827793
	 Multiplicative Factor: 11,3%
	 Eff: 827793,0000000001
Crit
	 Rating: 31188
	 Multiplicative Factor: 0%
	 Eff: 36150,4
	 DR Bracket: 2
	 Base: 9%
	 Effective Percent: 51,64%
	 Crit Inc Heal: 2
	 Crit Inc Damage: 2
Haste
	 Rating: 13499
	 Multiplicative Factor: 0%
	 Eff: 17473,95
	 DR Bracket: 0
	 Base: 5%
	 Effective Percent: 26,48%
Vers
	 Rating: 15766
	 Multiplicative Factor: 0%
	 Eff: 18106
	 DR Bracket: 0
	 Base: 3%
	 Effective Percent: 23,21%
Leech
	 Rating: 5073
	 Multiplicative Factor: 0%
	 Eff: 5073
	 DR Bracket: 0
	 Base: 0%
	 Effective Percent: 4,97%
Avoidance
	 Rating: 0
	 Multiplicative Factor: 0%
	 Eff: 0
	 DR Bracket: 0
	 Base: 0%
	 Effective Percent: 0%
Mastery
	 Rating: 2642
	 Multiplicative Factor: 0%
	 Eff: 12442
	 DR Bracket: 0
	 Base: 21%
	 Effective Percent: 26,66%
----------------------
03:19,175

Intellect
	 Rating: 131801
	 Multiplicative Factor: 14,73%
	 Eff: 131801,1472552
Stamina
	 Rating: 827793
	 Multiplicative Factor: 11,3%
	 Eff: 827793,0000000001
Crit
	 Rating: 31188
	 Multiplicative Factor: 0%
	 Eff: 36150,4
	 DR Bracket: 2
	 Base: 9%
	 Effective Percent: 51,64%
	 Crit Inc Heal: 2
	 Crit Inc Damage: 2
Haste
	 Rating: 13499
	 Multiplicative Factor: 0%
	 Eff: 17473,95
	 DR Bracket: 0
	 Base: 5%
	 Effective Percent: 26,48%
Vers
	 Rating: 15766
	 Multiplicative Factor: 0%
	 Eff: 18106
	 DR Bracket: 0
	 Base: 3%
	 Effective Percent: 23,21%
Leech
	 Rating: 5073
	 Multiplicative Factor: 0%
	 Eff: 5073
	 DR Bracket: 0
	 Base: 0%
	 Effective Percent: 4,97%
Avoidance
	 Rating: 0
	 Multiplicative Factor: 0%
	 Eff: 0
	 DR Bracket: 0
	 Base: 0%
	 Effective Percent: 0%
Mastery
	 Rating: 2642
	 Multiplicative Factor: 0%
	 Eff: 12442
	 DR Bracket: 0
	 Base: 21%
	 Effective Percent: 26,66%
----------------------
03:24,187

Intellect
	 Rating: 131801
	 Multiplicative Factor: 14,73%
	 Eff: 131801,1472552
Stamina
	 Rating: 827793
	 Multiplicative Factor: 11,3%
	 Eff: 827793,0000000001
Crit
	 Rating: 31188
	 Multiplicative Factor: 0%
	 Eff: 36150,4
	 DR Bracket: 2
	 Base: 9%
	 Effective Percent: 51,64%
	 Crit Inc Heal: 2
	 Crit Inc Damage: 2
Haste
	 Rating: 13499
	 Multiplicative Factor: 0%
	 Eff: 17473,95
	 DR Bracket: 0
	 Base: 5%
	 Effective Percent: 26,48%
Vers
	 Rating: 15766
	 Multiplicative Factor: 0%
	 Eff: 18106
	 DR Bracket: 0
	 Base: 3%
	 Effective Percent: 23,21%
Leech
	 Rating: 5073
	 Multiplicative Factor: 0%
	 Eff: 5073
	 DR Bracket: 0
	 Base: 0%
	 Effective Percent: 4,97%
Avoidance
	 Rating: 0
	 Multiplicative Factor: 0%
	 Eff: 0
	 DR Bracket: 0
	 Base: 0%
	 Effective Percent: 0%
Mastery
	 Rating: 2642
	 Multiplicative Factor: 0%
	 Eff: 12442
	 DR Bracket: 0
	 Base: 21%
	 Effective Percent: 26,66%
----------------------
03:29,206

Intellect
	 Rating: 131801
	 Multiplicative Factor: 14,73%
	 Eff: 131801,1472552
Stamina
	 Rating: 827793
	 Multiplicative Factor: 11,3%
	 Eff: 827793,0000000001
Crit
	 Rating: 31188
	 Multiplicative Factor: 0%
	 Eff: 36150,4
	 DR Bracket: 2
	 Base: 9%
	 Effective Percent: 51,64%
	 Crit Inc Heal: 2
	 Crit Inc Damage: 2
Haste
	 Rating: 13499
	 Multiplicative Factor: 0%
	 Eff: 17473,95
	 DR Bracket: 0
	 Base: 5%
	 Effective Percent: 26,48%
Vers
	 Rating: 15766
	 Multiplicative Factor: 0%
	 Eff: 18106
	 DR Bracket: 0
	 Base: 3%
	 Effective Percent: 23,21%
Leech
	 Rating: 5073
	 Multiplicative Factor: 0%
	 Eff: 5073
	 DR Bracket: 0
	 Base: 0%
	 Effective Percent: 4,97%
Avoidance
	 Rating: 0
	 Multiplicative Factor: 0%
	 Eff: 0
	 DR Bracket: 0
	 Base: 0%
	 Effective Percent: 0%
Mastery
	 Rating: 2642
	 Multiplicative Factor: 0%
	 Eff: 12442
	 DR Bracket: 0
	 Base: 21%
	 Effective Percent: 26,66%
----------------------
03:34,395

Intellect
	 Rating: 131801
	 Multiplicative Factor: 14,73%
	 Eff: 131801,1472552
Stamina
	 Rating: 827793
	 Multiplicative Factor: 11,3%
	 Eff: 827793,0000000001
Crit
	 Rating: 31188
	 Multiplicative Factor: 0%
	 Eff: 36150,4
	 DR Bracket: 2
	 Base: 9%
	 Effective Percent: 51,64%
	 Crit Inc Heal: 2
	 Crit Inc Damage: 2
Haste
	 Rating: 13499
	 Multiplicative Factor: 0%
	 Eff: 17473,95
	 DR Bracket: 0
	 Base: 5%
	 Effective Percent: 26,48%
Vers
	 Rating: 15766
	 Multiplicative Factor: 0%
	 Eff: 18106
	 DR Bracket: 0
	 Base: 3%
	 Effective Percent: 23,21%
Leech
	 Rating: 5073
	 Multiplicative Factor: 0%
	 Eff: 5073
	 DR Bracket: 0
	 Base: 0%
	 Effective Percent: 4,97%
Avoidance
	 Rating: 0
	 Multiplicative Factor: 0%
	 Eff: 0
	 DR Bracket: 0
	 Base: 0%
	 Effective Percent: 0%
Mastery
	 Rating: 2642
	 Multiplicative Factor: 0%
	 Eff: 12442
	 DR Bracket: 0
	 Base: 21%
	 Effective Percent: 26,66%
----------------------
03:39,406

Intellect
	 Rating: 131801
	 Multiplicative Factor: 14,73%
	 Eff: 131801,1472552
Stamina
	 Rating: 827793
	 Multiplicative Factor: 11,3%
	 Eff: 827793,0000000001
Crit
	 Rating: 31188
	 Multiplicative Factor: 0%
	 Eff: 36150,4
	 DR Bracket: 2
	 Base: 9%
	 Effective Percent: 51,64%
	 Crit Inc Heal: 2
	 Crit Inc Damage: 2
Haste
	 Rating: 13499
	 Multiplicative Factor: 0%
	 Eff: 17473,95
	 DR Bracket: 0
	 Base: 5%
	 Effective Percent: 26,48%
Vers
	 Rating: 15766
	 Multiplicative Factor: 0%
	 Eff: 18106
	 DR Bracket: 0
	 Base: 3%
	 Effective Percent: 23,21%
Leech
	 Rating: 5073
	 Multiplicative Factor: 0%
	 Eff: 5073
	 DR Bracket: 0
	 Base: 0%
	 Effective Percent: 4,97%
Avoidance
	 Rating: 0
	 Multiplicative Factor: 0%
	 Eff: 0
	 DR Bracket: 0
	 Base: 0%
	 Effective Percent: 0%
Mastery
	 Rating: 2642
	 Multiplicative Factor: 0%
	 Eff: 12442
	 DR Bracket: 0
	 Base: 21%
	 Effective Percent: 26,66%
----------------------
03:44,922

Intellect
	 Rating: 131801
	 Multiplicative Factor: 14,73%
	 Eff: 131801,1472552
Stamina
	 Rating: 827793
	 Multiplicative Factor: 11,3%
	 Eff: 827793,0000000001
Crit
	 Rating: 31188
	 Multiplicative Factor: 0%
	 Eff: 36150,4
	 DR Bracket: 2
	 Base: 9%
	 Effective Percent: 51,64%
	 Crit Inc Heal: 2
	 Crit Inc Damage: 2
Haste
	 Rating: 13499
	 Multiplicative Factor: 0%
	 Eff: 17473,95
	 DR Bracket: 0
	 Base: 5%
	 Effective Percent: 26,48%
Vers
	 Rating: 15766
	 Multiplicative Factor: 0%
	 Eff: 18106
	 DR Bracket: 0
	 Base: 3%
	 Effective Percent: 23,21%
Leech
	 Rating: 5073
	 Multiplicative Factor: 0%
	 Eff: 5073
	 DR Bracket: 0
	 Base: 0%
	 Effective Percent: 4,97%
Avoidance
	 Rating: 0
	 Multiplicative Factor: 0%
	 Eff: 0
	 DR Bracket: 0
	 Base: 0%
	 Effective Percent: 0%
Mastery
	 Rating: 2642
	 Multiplicative Factor: 0%
	 Eff: 12442
	 DR Bracket: 0
	 Base: 21%
	 Effective Percent: 26,66%
----------------------
03:50,010

Intellect
	 Rating: 131801
	 Multiplicative Factor: 14,73%
	 Eff: 131801,1472552
Stamina
	 Rating: 827793
	 Multiplicative Factor: 11,3%
	 Eff: 827793,0000000001
Crit
	 Rating: 31188
	 Multiplicative Factor: 0%
	 Eff: 36150,4
	 DR Bracket: 2
	 Base: 9%
	 Effective Percent: 51,64%
	 Crit Inc Heal: 2
	 Crit Inc Damage: 2
Haste
	 Rating: 13499
	 Multiplicative Factor: 0%
	 Eff: 17473,95
	 DR Bracket: 0
	 Base: 5%
	 Effective Percent: 26,48%
Vers
	 Rating: 15766
	 Multiplicative Factor: 0%
	 Eff: 18106
	 DR Bracket: 0
	 Base: 3%
	 Effective Percent: 23,21%
Leech
	 Rating: 5073
	 Multiplicative Factor: 0%
	 Eff: 5073
	 DR Bracket: 0
	 Base: 0%
	 Effective Percent: 4,97%
Avoidance
	 Rating: 0
	 Multiplicative Factor: 0%
	 Eff: 0
	 DR Bracket: 0
	 Base: 0%
	 Effective Percent: 0%
Mastery
	 Rating: 2642
	 Multiplicative Factor: 0%
	 Eff: 12442
	 DR Bracket: 0
	 Base: 21%
	 Effective Percent: 26,66%
----------------------
03:55,012

Intellect
	 Rating: 131801
	 Multiplicative Factor: 14,73%
	 Eff: 131801,1472552
Stamina
	 Rating: 827793
	 Multiplicative Factor: 11,3%
	 Eff: 827793,0000000001
Crit
	 Rating: 31188
	 Multiplicative Factor: 0%
	 Eff: 36150,4
	 DR Bracket: 2
	 Base: 9%
	 Effective Percent: 51,64%
	 Crit Inc Heal: 2
	 Crit Inc Damage: 2
Haste
	 Rating: 13499
	 Multiplicative Factor: 0%
	 Eff: 17473,95
	 DR Bracket: 0
	 Base: 5%
	 Effective Percent: 26,48%
Vers
	 Rating: 15766
	 Multiplicative Factor: 0%
	 Eff: 18106
	 DR Bracket: 0
	 Base: 3%
	 Effective Percent: 23,21%
Leech
	 Rating: 5073
	 Multiplicative Factor: 0%
	 Eff: 5073
	 DR Bracket: 0
	 Base: 0%
	 Effective Percent: 4,97%
Avoidance
	 Rating: 0
	 Multiplicative Factor: 0%
	 Eff: 0
	 DR Bracket: 0
	 Base: 0%
	 Effective Percent: 0%
Mastery
	 Rating: 2642
	 Multiplicative Factor: 0%
	 Eff: 12442
	 DR Bracket: 0
	 Base: 21%
	 Effective Percent: 26,66%
----------------------
04:00,015

Intellect
	 Rating: 131801
	 Multiplicative Factor: 14,73%
	 Eff: 131801,1472552
Stamina
	 Rating: 827793
	 Multiplicative Factor: 11,3%
	 Eff: 827793,0000000001
Crit
	 Rating: 31188
	 Multiplicative Factor: 0%
	 Eff: 36150,4
	 DR Bracket: 2
	 Base: 9%
	 Effective Percent: 51,64%
	 Crit Inc Heal: 2
	 Crit Inc Damage: 2
Haste
	 Rating: 13499
	 Multiplicative Factor: 0%
	 Eff: 17473,95
	 DR Bracket: 0
	 Base: 5%
	 Effective Percent: 26,48%
Vers
	 Rating: 15766
	 Multiplicative Factor: 0%
	 Eff: 18106
	 DR Bracket: 0
	 Base: 3%
	 Effective Percent: 23,21%
Leech
	 Rating: 5073
	 Multiplicative Factor: 0%
	 Eff: 5073
	 DR Bracket: 0
	 Base: 0%
	 Effective Percent: 4,97%
Avoidance
	 Rating: 0
	 Multiplicative Factor: 0%
	 Eff: 0
	 DR Bracket: 0
	 Base: 0%
	 Effective Percent: 0%
Mastery
	 Rating: 2642
	 Multiplicative Factor: 0%
	 Eff: 12442
	 DR Bracket: 0
	 Base: 21%
	 Effective Percent: 26,66%
----------------------
04:05,028

Intellect
	 Rating: 131801
	 Multiplicative Factor: 14,73%
	 Eff: 131801,1472552
Stamina
	 Rating: 827793
	 Multiplicative Factor: 11,3%
	 Eff: 827793,0000000001
Crit
	 Rating: 31188
	 Multiplicative Factor: 0%
	 Eff: 36150,4
	 DR Bracket: 2
	 Base: 9%
	 Effective Percent: 51,64%
	 Crit Inc Heal: 2
	 Crit Inc Damage: 2
Haste
	 Rating: 13499
	 Multiplicative Factor: 0%
	 Eff: 17473,95
	 DR Bracket: 0
	 Base: 5%
	 Effective Percent: 26,48%
Vers
	 Rating: 15766
	 Multiplicative Factor: 0%
	 Eff: 18106
	 DR Bracket: 0
	 Base: 3%
	 Effective Percent: 23,21%
Leech
	 Rating: 5073
	 Multiplicative Factor: 0%
	 Eff: 5073
	 DR Bracket: 0
	 Base: 0%
	 Effective Percent: 4,97%
Avoidance
	 Rating: 0
	 Multiplicative Factor: 0%
	 Eff: 0
	 DR Bracket: 0
	 Base: 0%
	 Effective Percent: 0%
Mastery
	 Rating: 2642
	 Multiplicative Factor: 0%
	 Eff: 12442
	 DR Bracket: 0
	 Base: 21%
	 Effective Percent: 26,66%
----------------------
04:10,202

Intellect
	 Rating: 131801
	 Multiplicative Factor: 14,73%
	 Eff: 131801,1472552
Stamina
	 Rating: 827793
	 Multiplicative Factor: 11,3%
	 Eff: 827793,0000000001
Crit
	 Rating: 31188
	 Multiplicative Factor: 0%
	 Eff: 36150,4
	 DR Bracket: 2
	 Base: 9%
	 Effective Percent: 51,64%
	 Crit Inc Heal: 2
	 Crit Inc Damage: 2
Haste
	 Rating: 13499
	 Multiplicative Factor: 0%
	 Eff: 17473,95
	 DR Bracket: 0
	 Base: 5%
	 Effective Percent: 26,48%
Vers
	 Rating: 15766
	 Multiplicative Factor: 0%
	 Eff: 18106
	 DR Bracket: 0
	 Base: 3%
	 Effective Percent: 23,21%
Leech
	 Rating: 5073
	 Multiplicative Factor: 0%
	 Eff: 5073
	 DR Bracket: 0
	 Base: 0%
	 Effective Percent: 4,97%
Avoidance
	 Rating: 0
	 Multiplicative Factor: 0%
	 Eff: 0
	 DR Bracket: 0
	 Base: 0%
	 Effective Percent: 0%
Mastery
	 Rating: 2642
	 Multiplicative Factor: 0%
	 Eff: 12442
	 DR Bracket: 0
	 Base: 21%
	 Effective Percent: 26,66%
----------------------
04:15,212

Intellect
	 Rating: 131801
	 Multiplicative Factor: 14,73%
	 Eff: 131801,1472552
Stamina
	 Rating: 827793
	 Multiplicative Factor: 11,3%
	 Eff: 827793,0000000001
Crit
	 Rating: 31188
	 Multiplicative Factor: 0%
	 Eff: 36150,4
	 DR Bracket: 2
	 Base: 9%
	 Effective Percent: 51,64%
	 Crit Inc Heal: 2
	 Crit Inc Damage: 2
Haste
	 Rating: 13499
	 Multiplicative Factor: 0%
	 Eff: 17473,95
	 DR Bracket: 0
	 Base: 5%
	 Effective Percent: 26,48%
Vers
	 Rating: 15766
	 Multiplicative Factor: 0%
	 Eff: 18106
	 DR Bracket: 0
	 Base: 3%
	 Effective Percent: 23,21%
Leech
	 Rating: 5073
	 Multiplicative Factor: 0%
	 Eff: 5073
	 DR Bracket: 0
	 Base: 0%
	 Effective Percent: 4,97%
Avoidance
	 Rating: 0
	 Multiplicative Factor: 0%
	 Eff: 0
	 DR Bracket: 0
	 Base: 0%
	 Effective Percent: 0%
Mastery
	 Rating: 2642
	 Multiplicative Factor: 0%
	 Eff: 12442
	 DR Bracket: 0
	 Base: 21%
	 Effective Percent: 26,66%
----------------------
04:20,232

Intellect
	 Rating: 131801
	 Multiplicative Factor: 14,73%
	 Eff: 131801,1472552
Stamina
	 Rating: 827793
	 Multiplicative Factor: 11,3%
	 Eff: 827793,0000000001
Crit
	 Rating: 31188
	 Multiplicative Factor: 0%
	 Eff: 36150,4
	 DR Bracket: 2
	 Base: 9%
	 Effective Percent: 51,64%
	 Crit Inc Heal: 2
	 Crit Inc Damage: 2
Haste
	 Rating: 13499
	 Multiplicative Factor: 0%
	 Eff: 17473,95
	 DR Bracket: 0
	 Base: 5%
	 Effective Percent: 26,48%
Vers
	 Rating: 15766
	 Multiplicative Factor: 0%
	 Eff: 18106
	 DR Bracket: 0
	 Base: 3%
	 Effective Percent: 23,21%
Leech
	 Rating: 5073
	 Multiplicative Factor: 0%
	 Eff: 5073
	 DR Bracket: 0
	 Base: 0%
	 Effective Percent: 4,97%
Avoidance
	 Rating: 0
	 Multiplicative Factor: 0%
	 Eff: 0
	 DR Bracket: 0
	 Base: 0%
	 Effective Percent: 0%
Mastery
	 Rating: 2642
	 Multiplicative Factor: 0%
	 Eff: 12442
	 DR Bracket: 0
	 Base: 21%
	 Effective Percent: 26,66%
----------------------
04:25,268

Intellect
	 Rating: 131801
	 Multiplicative Factor: 14,73%
	 Eff: 131801,1472552
Stamina
	 Rating: 827793
	 Multiplicative Factor: 11,3%
	 Eff: 827793,0000000001
Crit
	 Rating: 31188
	 Multiplicative Factor: 0%
	 Eff: 36150,4
	 DR Bracket: 2
	 Base: 9%
	 Effective Percent: 51,64%
	 Crit Inc Heal: 2
	 Crit Inc Damage: 2
Haste
	 Rating: 13499
	 Multiplicative Factor: 0%
	 Eff: 41323,649999999994
	 DR Bracket: 0
	 Base: 35%
	 Effective Percent: 62,61%
Vers
	 Rating: 15766
	 Multiplicative Factor: 0%
	 Eff: 18106
	 DR Bracket: 0
	 Base: 3%
	 Effective Percent: 23,21%
Leech
	 Rating: 5073
	 Multiplicative Factor: 0%
	 Eff: 5073
	 DR Bracket: 0
	 Base: 0%
	 Effective Percent: 4,97%
Avoidance
	 Rating: 0
	 Multiplicative Factor: 0%
	 Eff: 0
	 DR Bracket: 0
	 Base: 0%
	 Effective Percent: 0%
Mastery
	 Rating: 2642
	 Multiplicative Factor: 0%
	 Eff: 12442
	 DR Bracket: 0
	 Base: 21%
	 Effective Percent: 26,66%
----------------------
04:30,347

Intellect
	 Rating: 131801
	 Multiplicative Factor: 14,73%
	 Eff: 131801,1472552
Stamina
	 Rating: 827793
	 Multiplicative Factor: 11,3%
	 Eff: 827793,0000000001
Crit
	 Rating: 31188
	 Multiplicative Factor: 0%
	 Eff: 36150,4
	 DR Bracket: 2
	 Base: 9%
	 Effective Percent: 51,64%
	 Crit Inc Heal: 2
	 Crit Inc Damage: 2
Haste
	 Rating: 13499
	 Multiplicative Factor: 0%
	 Eff: 41323,649999999994
	 DR Bracket: 0
	 Base: 35%
	 Effective Percent: 62,61%
Vers
	 Rating: 15766
	 Multiplicative Factor: 0%
	 Eff: 18106
	 DR Bracket: 0
	 Base: 3%
	 Effective Percent: 23,21%
Leech
	 Rating: 5073
	 Multiplicative Factor: 0%
	 Eff: 5073
	 DR Bracket: 0
	 Base: 0%
	 Effective Percent: 4,97%
Avoidance
	 Rating: 0
	 Multiplicative Factor: 0%
	 Eff: 0
	 DR Bracket: 0
	 Base: 0%
	 Effective Percent: 0%
Mastery
	 Rating: 2642
	 Multiplicative Factor: 0%
	 Eff: 12442
	 DR Bracket: 0
	 Base: 21%
	 Effective Percent: 26,66%
----------------------
04:35,348

Intellect
	 Rating: 131801
	 Multiplicative Factor: 14,73%
	 Eff: 131801,1472552
Stamina
	 Rating: 827793
	 Multiplicative Factor: 11,3%
	 Eff: 827793,0000000001
Crit
	 Rating: 31188
	 Multiplicative Factor: 0%
	 Eff: 36150,4
	 DR Bracket: 2
	 Base: 9%
	 Effective Percent: 51,64%
	 Crit Inc Heal: 2
	 Crit Inc Damage: 2
Haste
	 Rating: 13499
	 Multiplicative Factor: 0%
	 Eff: 41323,649999999994
	 DR Bracket: 0
	 Base: 35%
	 Effective Percent: 62,61%
Vers
	 Rating: 15766
	 Multiplicative Factor: 0%
	 Eff: 18106
	 DR Bracket: 0
	 Base: 3%
	 Effective Percent: 23,21%
Leech
	 Rating: 5073
	 Multiplicative Factor: 0%
	 Eff: 5073
	 DR Bracket: 0
	 Base: 0%
	 Effective Percent: 4,97%
Avoidance
	 Rating: 0
	 Multiplicative Factor: 0%
	 Eff: 0
	 DR Bracket: 0
	 Base: 0%
	 Effective Percent: 0%
Mastery
	 Rating: 2642
	 Multiplicative Factor: 0%
	 Eff: 12442
	 DR Bracket: 0
	 Base: 21%
	 Effective Percent: 26,66%
----------------------
04:40,444

Intellect
	 Rating: 131801
	 Multiplicative Factor: 14,73%
	 Eff: 131801,1472552
Stamina
	 Rating: 827793
	 Multiplicative Factor: 11,3%
	 Eff: 827793,0000000001
Crit
	 Rating: 31188
	 Multiplicative Factor: 0%
	 Eff: 36150,4
	 DR Bracket: 2
	 Base: 9%
	 Effective Percent: 51,64%
	 Crit Inc Heal: 2
	 Crit Inc Damage: 2
Haste
	 Rating: 13499
	 Multiplicative Factor: 0%
	 Eff: 41323,649999999994
	 DR Bracket: 0
	 Base: 35%
	 Effective Percent: 62,61%
Vers
	 Rating: 15766
	 Multiplicative Factor: 0%
	 Eff: 18106
	 DR Bracket: 0
	 Base: 3%
	 Effective Percent: 23,21%
Leech
	 Rating: 5073
	 Multiplicative Factor: 0%
	 Eff: 5073
	 DR Bracket: 0
	 Base: 0%
	 Effective Percent: 4,97%
Avoidance
	 Rating: 0
	 Multiplicative Factor: 0%
	 Eff: 0
	 DR Bracket: 0
	 Base: 0%
	 Effective Percent: 0%
Mastery
	 Rating: 2642
	 Multiplicative Factor: 0%
	 Eff: 12442
	 DR Bracket: 0
	 Base: 21%
	 Effective Percent: 26,66%
----------------------
04:45,455

Intellect
	 Rating: 131801
	 Multiplicative Factor: 14,73%
	 Eff: 131801,1472552
Stamina
	 Rating: 827793
	 Multiplicative Factor: 11,3%
	 Eff: 827793,0000000001
Crit
	 Rating: 31188
	 Multiplicative Factor: 0%
	 Eff: 36150,4
	 DR Bracket: 2
	 Base: 9%
	 Effective Percent: 51,64%
	 Crit Inc Heal: 2
	 Crit Inc Damage: 2
Haste
	 Rating: 13499
	 Multiplicative Factor: 0%
	 Eff: 41323,649999999994
	 DR Bracket: 0
	 Base: 35%
	 Effective Percent: 62,61%
Vers
	 Rating: 15766
	 Multiplicative Factor: 0%
	 Eff: 18106
	 DR Bracket: 0
	 Base: 3%
	 Effective Percent: 23,21%
Leech
	 Rating: 5073
	 Multiplicative Factor: 0%
	 Eff: 5073
	 DR Bracket: 0
	 Base: 0%
	 Effective Percent: 4,97%
Avoidance
	 Rating: 0
	 Multiplicative Factor: 0%
	 Eff: 0
	 DR Bracket: 0
	 Base: 0%
	 Effective Percent: 0%
Mastery
	 Rating: 2642
	 Multiplicative Factor: 0%
	 Eff: 12442
	 DR Bracket: 0
	 Base: 21%
	 Effective Percent: 26,66%
----------------------
04:50,582

Intellect
	 Rating: 131801
	 Multiplicative Factor: 14,73%
	 Eff: 131801,1472552
Stamina
	 Rating: 827793
	 Multiplicative Factor: 11,3%
	 Eff: 827793,0000000001
Crit
	 Rating: 31188
	 Multiplicative Factor: 0%
	 Eff: 36150,4
	 DR Bracket: 2
	 Base: 9%
	 Effective Percent: 51,64%
	 Crit Inc Heal: 2
	 Crit Inc Damage: 2
Haste
	 Rating: 13499
	 Multiplicative Factor: 0%
	 Eff: 41323,649999999994
	 DR Bracket: 0
	 Base: 35%
	 Effective Percent: 62,61%
Vers
	 Rating: 15766
	 Multiplicative Factor: 0%
	 Eff: 18106
	 DR Bracket: 0
	 Base: 3%
	 Effective Percent: 23,21%
Leech
	 Rating: 5073
	 Multiplicative Factor: 0%
	 Eff: 5073
	 DR Bracket: 0
	 Base: 0%
	 Effective Percent: 4,97%
Avoidance
	 Rating: 0
	 Multiplicative Factor: 0%
	 Eff: 0
	 DR Bracket: 0
	 Base: 0%
	 Effective Percent: 0%
Mastery
	 Rating: 2642
	 Multiplicative Factor: 0%
	 Eff: 12442
	 DR Bracket: 0
	 Base: 21%
	 Effective Percent: 26,66%
----------------------
04:55,656

Intellect
	 Rating: 131801
	 Multiplicative Factor: 14,73%
	 Eff: 131801,1472552
Stamina
	 Rating: 827793
	 Multiplicative Factor: 11,3%
	 Eff: 827793,0000000001
Crit
	 Rating: 31188
	 Multiplicative Factor: 0%
	 Eff: 36150,4
	 DR Bracket: 2
	 Base: 9%
	 Effective Percent: 51,64%
	 Crit Inc Heal: 2
	 Crit Inc Damage: 2
Haste
	 Rating: 13499
	 Multiplicative Factor: 0%
	 Eff: 41323,649999999994
	 DR Bracket: 0
	 Base: 35%
	 Effective Percent: 62,61%
Vers
	 Rating: 15766
	 Multiplicative Factor: 0%
	 Eff: 18106
	 DR Bracket: 0
	 Base: 3%
	 Effective Percent: 23,21%
Leech
	 Rating: 5073
	 Multiplicative Factor: 0%
	 Eff: 5073
	 DR Bracket: 0
	 Base: 0%
	 Effective Percent: 4,97%
Avoidance
	 Rating: 0
	 Multiplicative Factor: 0%
	 Eff: 0
	 DR Bracket: 0
	 Base: 0%
	 Effective Percent: 0%
Mastery
	 Rating: 2642
	 Multiplicative Factor: 0%
	 Eff: 12442
	 DR Bracket: 0
	 Base: 21%
	 Effective Percent: 26,66%
----------------------
05:00,663

Intellect
	 Rating: 131801
	 Multiplicative Factor: 14,73%
	 Eff: 131801,1472552
Stamina
	 Rating: 827793
	 Multiplicative Factor: 11,3%
	 Eff: 827793,0000000001
Crit
	 Rating: 31188
	 Multiplicative Factor: 0%
	 Eff: 36150,4
	 DR Bracket: 2
	 Base: 9%
	 Effective Percent: 51,64%
	 Crit Inc Heal: 2
	 Crit Inc Damage: 2
Haste
	 Rating: 13499
	 Multiplicative Factor: 0%
	 Eff: 41323,649999999994
	 DR Bracket: 0
	 Base: 35%
	 Effective Percent: 62,61%
Vers
	 Rating: 15766
	 Multiplicative Factor: 0%
	 Eff: 18106
	 DR Bracket: 0
	 Base: 3%
	 Effective Percent: 23,21%
Leech
	 Rating: 5073
	 Multiplicative Factor: 0%
	 Eff: 5073
	 DR Bracket: 0
	 Base: 0%
	 Effective Percent: 4,97%
Avoidance
	 Rating: 0
	 Multiplicative Factor: 0%
	 Eff: 0
	 DR Bracket: 0
	 Base: 0%
	 Effective Percent: 0%
Mastery
	 Rating: 2642
	 Multiplicative Factor: 0%
	 Eff: 12442
	 DR Bracket: 0
	 Base: 21%
	 Effective Percent: 26,66%
----------------------
05:05,679

Intellect
	 Rating: 131801
	 Multiplicative Factor: 14,73%
	 Eff: 131801,1472552
Stamina
	 Rating: 827793
	 Multiplicative Factor: 11,3%
	 Eff: 827793,0000000001
Crit
	 Rating: 31188
	 Multiplicative Factor: 0%
	 Eff: 36150,4
	 DR Bracket: 2
	 Base: 9%
	 Effective Percent: 51,64%
	 Crit Inc Heal: 2
	 Crit Inc Damage: 2
Haste
	 Rating: 13499
	 Multiplicative Factor: 0%
	 Eff: 17473,95
	 DR Bracket: 0
	 Base: 5%
	 Effective Percent: 26,48%
Vers
	 Rating: 15766
	 Multiplicative Factor: 0%
	 Eff: 18106
	 DR Bracket: 0
	 Base: 3%
	 Effective Percent: 23,21%
Leech
	 Rating: 5073
	 Multiplicative Factor: 0%
	 Eff: 5073
	 DR Bracket: 0
	 Base: 0%
	 Effective Percent: 4,97%
Avoidance
	 Rating: 0
	 Multiplicative Factor: 0%
	 Eff: 0
	 DR Bracket: 0
	 Base: 0%
	 Effective Percent: 0%
Mastery
	 Rating: 2642
	 Multiplicative Factor: 0%
	 Eff: 12442
	 DR Bracket: 0
	 Base: 21%
	 Effective Percent: 26,66%
----------------------
05:10,708

Intellect
	 Rating: 131801
	 Multiplicative Factor: 14,73%
	 Eff: 131801,1472552
Stamina
	 Rating: 827793
	 Multiplicative Factor: 11,3%
	 Eff: 827793,0000000001
Crit
	 Rating: 31188
	 Multiplicative Factor: 0%
	 Eff: 36150,4
	 DR Bracket: 2
	 Base: 9%
	 Effective Percent: 51,64%
	 Crit Inc Heal: 2
	 Crit Inc Damage: 2
Haste
	 Rating: 13499
	 Multiplicative Factor: 0%
	 Eff: 17473,95
	 DR Bracket: 0
	 Base: 5%
	 Effective Percent: 26,48%
Vers
	 Rating: 15766
	 Multiplicative Factor: 0%
	 Eff: 18106
	 DR Bracket: 0
	 Base: 3%
	 Effective Percent: 23,21%
Leech
	 Rating: 5073
	 Multiplicative Factor: 0%
	 Eff: 5073
	 DR Bracket: 0
	 Base: 0%
	 Effective Percent: 4,97%
Avoidance
	 Rating: 0
	 Multiplicative Factor: 0%
	 Eff: 0
	 DR Bracket: 0
	 Base: 0%
	 Effective Percent: 0%
Mastery
	 Rating: 2642
	 Multiplicative Factor: 0%
	 Eff: 12442
	 DR Bracket: 0
	 Base: 21%
	 Effective Percent: 26,66%
----------------------
05:15,782

Intellect
	 Rating: 131801
	 Multiplicative Factor: 14,73%
	 Eff: 131801,1472552
Stamina
	 Rating: 827793
	 Multiplicative Factor: 11,3%
	 Eff: 827793,0000000001
Crit
	 Rating: 31188
	 Multiplicative Factor: 0%
	 Eff: 36150,4
	 DR Bracket: 2
	 Base: 9%
	 Effective Percent: 51,64%
	 Crit Inc Heal: 2
	 Crit Inc Damage: 2
Haste
	 Rating: 13499
	 Multiplicative Factor: 0%
	 Eff: 17473,95
	 DR Bracket: 0
	 Base: 5%
	 Effective Percent: 26,48%
Vers
	 Rating: 15766
	 Multiplicative Factor: 0%
	 Eff: 18106
	 DR Bracket: 0
	 Base: 3%
	 Effective Percent: 23,21%
Leech
	 Rating: 5073
	 Multiplicative Factor: 0%
	 Eff: 5073
	 DR Bracket: 0
	 Base: 0%
	 Effective Percent: 4,97%
Avoidance
	 Rating: 0
	 Multiplicative Factor: 0%
	 Eff: 0
	 DR Bracket: 0
	 Base: 0%
	 Effective Percent: 0%
Mastery
	 Rating: 2642
	 Multiplicative Factor: 0%
	 Eff: 12442
	 DR Bracket: 0
	 Base: 21%
	 Effective Percent: 26,66%
----------------------
05:20,839

Intellect
	 Rating: 131801
	 Multiplicative Factor: 14,73%
	 Eff: 131801,1472552
Stamina
	 Rating: 827793
	 Multiplicative Factor: 11,3%
	 Eff: 827793,0000000001
Crit
	 Rating: 31188
	 Multiplicative Factor: 0%
	 Eff: 36150,4
	 DR Bracket: 2
	 Base: 9%
	 Effective Percent: 51,64%
	 Crit Inc Heal: 2
	 Crit Inc Damage: 2
Haste
	 Rating: 13499
	 Multiplicative Factor: 0%
	 Eff: 17473,95
	 DR Bracket: 0
	 Base: 5%
	 Effective Percent: 26,48%
Vers
	 Rating: 15766
	 Multiplicative Factor: 0%
	 Eff: 18106
	 DR Bracket: 0
	 Base: 3%
	 Effective Percent: 23,21%
Leech
	 Rating: 5073
	 Multiplicative Factor: 0%
	 Eff: 5073
	 DR Bracket: 0
	 Base: 0%
	 Effective Percent: 4,97%
Avoidance
	 Rating: 0
	 Multiplicative Factor: 0%
	 Eff: 0
	 DR Bracket: 0
	 Base: 0%
	 Effective Percent: 0%
Mastery
	 Rating: 2642
	 Multiplicative Factor: 0%
	 Eff: 12442
	 DR Bracket: 0
	 Base: 21%
	 Effective Percent: 26,66%
----------------------
05:26,033

Intellect
	 Rating: 131801
	 Multiplicative Factor: 14,73%
	 Eff: 131801,1472552
Stamina
	 Rating: 827793
	 Multiplicative Factor: 11,3%
	 Eff: 827793,0000000001
Crit
	 Rating: 31188
	 Multiplicative Factor: 0%
	 Eff: 36150,4
	 DR Bracket: 2
	 Base: 9%
	 Effective Percent: 51,64%
	 Crit Inc Heal: 2
	 Crit Inc Damage: 2
Haste
	 Rating: 13499
	 Multiplicative Factor: 0%
	 Eff: 17473,95
	 DR Bracket: 0
	 Base: 5%
	 Effective Percent: 26,48%
Vers
	 Rating: 15766
	 Multiplicative Factor: 0%
	 Eff: 18106
	 DR Bracket: 0
	 Base: 3%
	 Effective Percent: 23,21%
Leech
	 Rating: 5073
	 Multiplicative Factor: 0%
	 Eff: 5073
	 DR Bracket: 0
	 Base: 0%
	 Effective Percent: 4,97%
Avoidance
	 Rating: 0
	 Multiplicative Factor: 0%
	 Eff: 0
	 DR Bracket: 0
	 Base: 0%
	 Effective Percent: 0%
Mastery
	 Rating: 2642
	 Multiplicative Factor: 0%
	 Eff: 12442
	 DR Bracket: 0
	 Base: 21%
	 Effective Percent: 26,66%
----------------------
05:31,034

Intellect
	 Rating: 131801
	 Multiplicative Factor: 14,73%
	 Eff: 131801,1472552
Stamina
	 Rating: 827793
	 Multiplicative Factor: 11,3%
	 Eff: 827793,0000000001
Crit
	 Rating: 31188
	 Multiplicative Factor: 0%
	 Eff: 36150,4
	 DR Bracket: 2
	 Base: 9%
	 Effective Percent: 51,64%
	 Crit Inc Heal: 2
	 Crit Inc Damage: 2
Haste
	 Rating: 13499
	 Multiplicative Factor: 0%
	 Eff: 17473,95
	 DR Bracket: 0
	 Base: 5%
	 Effective Percent: 26,48%
Vers
	 Rating: 15766
	 Multiplicative Factor: 0%
	 Eff: 18106
	 DR Bracket: 0
	 Base: 3%
	 Effective Percent: 23,21%
Leech
	 Rating: 5073
	 Multiplicative Factor: 0%
	 Eff: 5073
	 DR Bracket: 0
	 Base: 0%
	 Effective Percent: 4,97%
Avoidance
	 Rating: 0
	 Multiplicative Factor: 0%
	 Eff: 0
	 DR Bracket: 0
	 Base: 0%
	 Effective Percent: 0%
Mastery
	 Rating: 2642
	 Multiplicative Factor: 0%
	 Eff: 12442
	 DR Bracket: 0
	 Base: 21%
	 Effective Percent: 26,66%
----------------------
05:36,071

Intellect
	 Rating: 131801
	 Multiplicative Factor: 14,73%
	 Eff: 131801,1472552
Stamina
	 Rating: 827793
	 Multiplicative Factor: 11,3%
	 Eff: 827793,0000000001
Crit
	 Rating: 31188
	 Multiplicative Factor: 0%
	 Eff: 36150,4
	 DR Bracket: 2
	 Base: 9%
	 Effective Percent: 51,64%
	 Crit Inc Heal: 2
	 Crit Inc Damage: 2
Haste
	 Rating: 13499
	 Multiplicative Factor: 0%
	 Eff: 17473,95
	 DR Bracket: 0
	 Base: 5%
	 Effective Percent: 26,48%
Vers
	 Rating: 15766
	 Multiplicative Factor: 0%
	 Eff: 18106
	 DR Bracket: 0
	 Base: 3%
	 Effective Percent: 23,21%
Leech
	 Rating: 5073
	 Multiplicative Factor: 0%
	 Eff: 5073
	 DR Bracket: 0
	 Base: 0%
	 Effective Percent: 4,97%
Avoidance
	 Rating: 0
	 Multiplicative Factor: 0%
	 Eff: 0
	 DR Bracket: 0
	 Base: 0%
	 Effective Percent: 0%
Mastery
	 Rating: 2642
	 Multiplicative Factor: 0%
	 Eff: 12442
	 DR Bracket: 0
	 Base: 21%
	 Effective Percent: 26,66%
----------------------
05:41,224

Intellect
	 Rating: 131801
	 Multiplicative Factor: 14,73%
	 Eff: 131801,1472552
Stamina
	 Rating: 827793
	 Multiplicative Factor: 11,3%
	 Eff: 827793,0000000001
Crit
	 Rating: 31188
	 Multiplicative Factor: 0%
	 Eff: 36150,4
	 DR Bracket: 2
	 Base: 9%
	 Effective Percent: 51,64%
	 Crit Inc Heal: 2
	 Crit Inc Damage: 2
Haste
	 Rating: 13499
	 Multiplicative Factor: 0%
	 Eff: 17473,95
	 DR Bracket: 0
	 Base: 5%
	 Effective Percent: 26,48%
Vers
	 Rating: 15766
	 Multiplicative Factor: 0%
	 Eff: 18106
	 DR Bracket: 0
	 Base: 3%
	 Effective Percent: 23,21%
Leech
	 Rating: 5073
	 Multiplicative Factor: 0%
	 Eff: 5073
	 DR Bracket: 0
	 Base: 0%
	 Effective Percent: 4,97%
Avoidance
	 Rating: 0
	 Multiplicative Factor: 0%
	 Eff: 0
	 DR Bracket: 0
	 Base: 0%
	 Effective Percent: 0%
Mastery
	 Rating: 2642
	 Multiplicative Factor: 0%
	 Eff: 12442
	 DR Bracket: 0
	 Base: 21%
	 Effective Percent: 26,66%
----------------------
05:46,282

Intellect
	 Rating: 131801
	 Multiplicative Factor: 14,73%
	 Eff: 131801,1472552
Stamina
	 Rating: 827793
	 Multiplicative Factor: 11,3%
	 Eff: 827793,0000000001
Crit
	 Rating: 31188
	 Multiplicative Factor: 0%
	 Eff: 36150,4
	 DR Bracket: 2
	 Base: 9%
	 Effective Percent: 51,64%
	 Crit Inc Heal: 2
	 Crit Inc Damage: 2
Haste
	 Rating: 13499
	 Multiplicative Factor: 0%
	 Eff: 17473,95
	 DR Bracket: 0
	 Base: 5%
	 Effective Percent: 26,48%
Vers
	 Rating: 15766
	 Multiplicative Factor: 0%
	 Eff: 18106
	 DR Bracket: 0
	 Base: 3%
	 Effective Percent: 23,21%
Leech
	 Rating: 5073
	 Multiplicative Factor: 0%
	 Eff: 5073
	 DR Bracket: 0
	 Base: 0%
	 Effective Percent: 4,97%
Avoidance
	 Rating: 0
	 Multiplicative Factor: 0%
	 Eff: 0
	 DR Bracket: 0
	 Base: 0%
	 Effective Percent: 0%
Mastery
	 Rating: 2642
	 Multiplicative Factor: 0%
	 Eff: 12442
	 DR Bracket: 0
	 Base: 21%
	 Effective Percent: 26,66%
----------------------
05:51,283

Intellect
	 Rating: 131801
	 Multiplicative Factor: 14,73%
	 Eff: 131801,1472552
Stamina
	 Rating: 827793
	 Multiplicative Factor: 11,3%
	 Eff: 827793,0000000001
Crit
	 Rating: 31188
	 Multiplicative Factor: 0%
	 Eff: 36150,4
	 DR Bracket: 2
	 Base: 9%
	 Effective Percent: 51,64%
	 Crit Inc Heal: 2
	 Crit Inc Damage: 2
Haste
	 Rating: 13499
	 Multiplicative Factor: 0%
	 Eff: 17473,95
	 DR Bracket: 0
	 Base: 5%
	 Effective Percent: 26,48%
Vers
	 Rating: 15766
	 Multiplicative Factor: 0%
	 Eff: 18106
	 DR Bracket: 0
	 Base: 3%
	 Effective Percent: 23,21%
Leech
	 Rating: 5073
	 Multiplicative Factor: 0%
	 Eff: 5073
	 DR Bracket: 0
	 Base: 0%
	 Effective Percent: 4,97%
Avoidance
	 Rating: 0
	 Multiplicative Factor: 0%
	 Eff: 0
	 DR Bracket: 0
	 Base: 0%
	 Effective Percent: 0%
Mastery
	 Rating: 2642
	 Multiplicative Factor: 0%
	 Eff: 12442
	 DR Bracket: 0
	 Base: 21%
	 Effective Percent: 26,66%
----------------------
05:56,296

Intellect
	 Rating: 131801
	 Multiplicative Factor: 14,73%
	 Eff: 131801,1472552
Stamina
	 Rating: 827793
	 Multiplicative Factor: 11,3%
	 Eff: 827793,0000000001
Crit
	 Rating: 31188
	 Multiplicative Factor: 0%
	 Eff: 36150,4
	 DR Bracket: 2
	 Base: 9%
	 Effective Percent: 51,64%
	 Crit Inc Heal: 2
	 Crit Inc Damage: 2
Haste
	 Rating: 13499
	 Multiplicative Factor: 0%
	 Eff: 17473,95
	 DR Bracket: 0
	 Base: 5%
	 Effective Percent: 26,48%
Vers
	 Rating: 15766
	 Multiplicative Factor: 0%
	 Eff: 18106
	 DR Bracket: 0
	 Base: 3%
	 Effective Percent: 23,21%
Leech
	 Rating: 5073
	 Multiplicative Factor: 0%
	 Eff: 5073
	 DR Bracket: 0
	 Base: 0%
	 Effective Percent: 4,97%
Avoidance
	 Rating: 0
	 Multiplicative Factor: 0%
	 Eff: 0
	 DR Bracket: 0
	 Base: 0%
	 Effective Percent: 0%
Mastery
	 Rating: 2642
	 Multiplicative Factor: 0%
	 Eff: 12442
	 DR Bracket: 0
	 Base: 21%
	 Effective Percent: 26,66%
----------------------
06:01,341

Intellect
	 Rating: 131801
	 Multiplicative Factor: 14,73%
	 Eff: 131801,1472552
Stamina
	 Rating: 827793
	 Multiplicative Factor: 11,3%
	 Eff: 827793,0000000001
Crit
	 Rating: 31188
	 Multiplicative Factor: 0%
	 Eff: 36150,4
	 DR Bracket: 2
	 Base: 9%
	 Effective Percent: 51,64%
	 Crit Inc Heal: 2
	 Crit Inc Damage: 2
Haste
	 Rating: 13499
	 Multiplicative Factor: 0%
	 Eff: 17473,95
	 DR Bracket: 0
	 Base: 5%
	 Effective Percent: 26,48%
Vers
	 Rating: 15766
	 Multiplicative Factor: 0%
	 Eff: 18106
	 DR Bracket: 0
	 Base: 3%
	 Effective Percent: 23,21%
Leech
	 Rating: 5073
	 Multiplicative Factor: 0%
	 Eff: 5073
	 DR Bracket: 0
	 Base: 0%
	 Effective Percent: 4,97%
Avoidance
	 Rating: 0
	 Multiplicative Factor: 0%
	 Eff: 0
	 DR Bracket: 0
	 Base: 0%
	 Effective Percent: 0%
Mastery
	 Rating: 2642
	 Multiplicative Factor: 0%
	 Eff: 12442
	 DR Bracket: 0
	 Base: 21%
	 Effective Percent: 26,66%
----------------------
06:06,525

Intellect
	 Rating: 131801
	 Multiplicative Factor: 14,73%
	 Eff: 131801,1472552
Stamina
	 Rating: 827793
	 Multiplicative Factor: 11,3%
	 Eff: 827793,0000000001
Crit
	 Rating: 31188
	 Multiplicative Factor: 0%
	 Eff: 36150,4
	 DR Bracket: 2
	 Base: 9%
	 Effective Percent: 51,64%
	 Crit Inc Heal: 2
	 Crit Inc Damage: 2
Haste
	 Rating: 13499
	 Multiplicative Factor: 0%
	 Eff: 17473,95
	 DR Bracket: 0
	 Base: 5%
	 Effective Percent: 26,48%
Vers
	 Rating: 15766
	 Multiplicative Factor: 0%
	 Eff: 18106
	 DR Bracket: 0
	 Base: 3%
	 Effective Percent: 23,21%
Leech
	 Rating: 5073
	 Multiplicative Factor: 0%
	 Eff: 5073
	 DR Bracket: 0
	 Base: 0%
	 Effective Percent: 4,97%
Avoidance
	 Rating: 0
	 Multiplicative Factor: 0%
	 Eff: 0
	 DR Bracket: 0
	 Base: 0%
	 Effective Percent: 0%
Mastery
	 Rating: 2642
	 Multiplicative Factor: 0%
	 Eff: 12442
	 DR Bracket: 0
	 Base: 21%
	 Effective Percent: 26,66%
----------------------
06:11,554

Intellect
	 Rating: 131801
	 Multiplicative Factor: 14,73%
	 Eff: 131801,1472552
Stamina
	 Rating: 827793
	 Multiplicative Factor: 11,3%
	 Eff: 827793,0000000001
Crit
	 Rating: 31188
	 Multiplicative Factor: 0%
	 Eff: 36150,4
	 DR Bracket: 2
	 Base: 9%
	 Effective Percent: 51,64%
	 Crit Inc Heal: 2
	 Crit Inc Damage: 2
Haste
	 Rating: 13499
	 Multiplicative Factor: 0%
	 Eff: 17473,95
	 DR Bracket: 0
	 Base: 5%
	 Effective Percent: 26,48%
Vers
	 Rating: 15766
	 Multiplicative Factor: 0%
	 Eff: 18106
	 DR Bracket: 0
	 Base: 3%
	 Effective Percent: 23,21%
Leech
	 Rating: 5073
	 Multiplicative Factor: 0%
	 Eff: 5073
	 DR Bracket: 0
	 Base: 0%
	 Effective Percent: 4,97%
Avoidance
	 Rating: 0
	 Multiplicative Factor: 0%
	 Eff: 0
	 DR Bracket: 0
	 Base: 0%
	 Effective Percent: 0%
Mastery
	 Rating: 2642
	 Multiplicative Factor: 0%
	 Eff: 12442
	 DR Bracket: 0
	 Base: 21%
	 Effective Percent: 26,66%
----------------------
06:16,614

Intellect
	 Rating: 131801
	 Multiplicative Factor: 14,73%
	 Eff: 131801,1472552
Stamina
	 Rating: 827793
	 Multiplicative Factor: 11,3%
	 Eff: 827793,0000000001
Crit
	 Rating: 31188
	 Multiplicative Factor: 0%
	 Eff: 36150,4
	 DR Bracket: 2
	 Base: 9%
	 Effective Percent: 51,64%
	 Crit Inc Heal: 2
	 Crit Inc Damage: 2
Haste
	 Rating: 13499
	 Multiplicative Factor: 0%
	 Eff: 17473,95
	 DR Bracket: 0
	 Base: 5%
	 Effective Percent: 26,48%
Vers
	 Rating: 15766
	 Multiplicative Factor: 0%
	 Eff: 18106
	 DR Bracket: 0
	 Base: 3%
	 Effective Percent: 23,21%
Leech
	 Rating: 5073
	 Multiplicative Factor: 0%
	 Eff: 5073
	 DR Bracket: 0
	 Base: 0%
	 Effective Percent: 4,97%
Avoidance
	 Rating: 0
	 Multiplicative Factor: 0%
	 Eff: 0
	 DR Bracket: 0
	 Base: 0%
	 Effective Percent: 0%
Mastery
	 Rating: 2642
	 Multiplicative Factor: 0%
	 Eff: 12442
	 DR Bracket: 0
	 Base: 21%
	 Effective Percent: 26,66%
----------------------
06:21,697

Intellect
	 Rating: 131801
	 Multiplicative Factor: 14,73%
	 Eff: 131801,1472552
Stamina
	 Rating: 827793
	 Multiplicative Factor: 11,3%
	 Eff: 827793,0000000001
Crit
	 Rating: 31188
	 Multiplicative Factor: 0%
	 Eff: 36150,4
	 DR Bracket: 2
	 Base: 9%
	 Effective Percent: 51,64%
	 Crit Inc Heal: 2
	 Crit Inc Damage: 2
Haste
	 Rating: 13499
	 Multiplicative Factor: 0%
	 Eff: 17473,95
	 DR Bracket: 0
	 Base: 5%
	 Effective Percent: 26,48%
Vers
	 Rating: 15766
	 Multiplicative Factor: 0%
	 Eff: 18106
	 DR Bracket: 0
	 Base: 3%
	 Effective Percent: 23,21%
Leech
	 Rating: 5073
	 Multiplicative Factor: 0%
	 Eff: 5073
	 DR Bracket: 0
	 Base: 0%
	 Effective Percent: 4,97%
Avoidance
	 Rating: 0
	 Multiplicative Factor: 0%
	 Eff: 0
	 DR Bracket: 0
	 Base: 0%
	 Effective Percent: 0%
Mastery
	 Rating: 2642
	 Multiplicative Factor: 0%
	 Eff: 12442
	 DR Bracket: 0
	 Base: 21%
	 Effective Percent: 26,66%
----------------------
06:26,780

Intellect
	 Rating: 131801
	 Multiplicative Factor: 14,73%
	 Eff: 131801,1472552
Stamina
	 Rating: 827793
	 Multiplicative Factor: 11,3%
	 Eff: 827793,0000000001
Crit
	 Rating: 31188
	 Multiplicative Factor: 0%
	 Eff: 36150,4
	 DR Bracket: 2
	 Base: 9%
	 Effective Percent: 51,64%
	 Crit Inc Heal: 2
	 Crit Inc Damage: 2
Haste
	 Rating: 13499
	 Multiplicative Factor: 0%
	 Eff: 17473,95
	 DR Bracket: 0
	 Base: 5%
	 Effective Percent: 26,48%
Vers
	 Rating: 15766
	 Multiplicative Factor: 0%
	 Eff: 18106
	 DR Bracket: 0
	 Base: 3%
	 Effective Percent: 23,21%
Leech
	 Rating: 5073
	 Multiplicative Factor: 0%
	 Eff: 5073
	 DR Bracket: 0
	 Base: 0%
	 Effective Percent: 4,97%
Avoidance
	 Rating: 0
	 Multiplicative Factor: 0%
	 Eff: 0
	 DR Bracket: 0
	 Base: 0%
	 Effective Percent: 0%
Mastery
	 Rating: 2642
	 Multiplicative Factor: 0%
	 Eff: 12442
	 DR Bracket: 0
	 Base: 21%
	 Effective Percent: 26,66%
----------------------
06:31,795

Intellect
	 Rating: 131801
	 Multiplicative Factor: 14,73%
	 Eff: 131801,1472552
Stamina
	 Rating: 827793
	 Multiplicative Factor: 11,3%
	 Eff: 827793,0000000001
Crit
	 Rating: 31188
	 Multiplicative Factor: 0%
	 Eff: 36150,4
	 DR Bracket: 2
	 Base: 9%
	 Effective Percent: 51,64%
	 Crit Inc Heal: 2
	 Crit Inc Damage: 2
Haste
	 Rating: 13499
	 Multiplicative Factor: 0%
	 Eff: 17473,95
	 DR Bracket: 0
	 Base: 5%
	 Effective Percent: 26,48%
Vers
	 Rating: 15766
	 Multiplicative Factor: 0%
	 Eff: 18106
	 DR Bracket: 0
	 Base: 3%
	 Effective Percent: 23,21%
Leech
	 Rating: 5073
	 Multiplicative Factor: 0%
	 Eff: 5073
	 DR Bracket: 0
	 Base: 0%
	 Effective Percent: 4,97%
Avoidance
	 Rating: 0
	 Multiplicative Factor: 0%
	 Eff: 0
	 DR Bracket: 0
	 Base: 0%
	 Effective Percent: 0%
Mastery
	 Rating: 2642
	 Multiplicative Factor: 0%
	 Eff: 12442
	 DR Bracket: 0
	 Base: 21%
	 Effective Percent: 26,66%
----------------------
06:36,812

Intellect
	 Rating: 131801
	 Multiplicative Factor: 14,73%
	 Eff: 131801,1472552
Stamina
	 Rating: 827793
	 Multiplicative Factor: 11,3%
	 Eff: 827793,0000000001
Crit
	 Rating: 31188
	 Multiplicative Factor: 0%
	 Eff: 36150,4
	 DR Bracket: 2
	 Base: 9%
	 Effective Percent: 51,64%
	 Crit Inc Heal: 2
	 Crit Inc Damage: 2
Haste
	 Rating: 13499
	 Multiplicative Factor: 0%
	 Eff: 17473,95
	 DR Bracket: 0
	 Base: 5%
	 Effective Percent: 26,48%
Vers
	 Rating: 15766
	 Multiplicative Factor: 0%
	 Eff: 18106
	 DR Bracket: 0
	 Base: 3%
	 Effective Percent: 23,21%
Leech
	 Rating: 5073
	 Multiplicative Factor: 0%
	 Eff: 5073
	 DR Bracket: 0
	 Base: 0%
	 Effective Percent: 4,97%
Avoidance
	 Rating: 0
	 Multiplicative Factor: 0%
	 Eff: 0
	 DR Bracket: 0
	 Base: 0%
	 Effective Percent: 0%
Mastery
	 Rating: 2642
	 Multiplicative Factor: 0%
	 Eff: 12442
	 DR Bracket: 0
	 Base: 21%
	 Effective Percent: 26,66%
----------------------
06:41,963

Intellect
	 Rating: 131801
	 Multiplicative Factor: 14,73%
	 Eff: 131801,1472552
Stamina
	 Rating: 827793
	 Multiplicative Factor: 11,3%
	 Eff: 827793,0000000001
Crit
	 Rating: 31188
	 Multiplicative Factor: 0%
	 Eff: 36150,4
	 DR Bracket: 2
	 Base: 9%
	 Effective Percent: 51,64%
	 Crit Inc Heal: 2
	 Crit Inc Damage: 2
Haste
	 Rating: 13499
	 Multiplicative Factor: 0%
	 Eff: 17473,95
	 DR Bracket: 0
	 Base: 5%
	 Effective Percent: 26,48%
Vers
	 Rating: 15766
	 Multiplicative Factor: 0%
	 Eff: 18106
	 DR Bracket: 0
	 Base: 3%
	 Effective Percent: 23,21%
Leech
	 Rating: 5073
	 Multiplicative Factor: 0%
	 Eff: 5073
	 DR Bracket: 0
	 Base: 0%
	 Effective Percent: 4,97%
Avoidance
	 Rating: 0
	 Multiplicative Factor: 0%
	 Eff: 0
	 DR Bracket: 0
	 Base: 0%
	 Effective Percent: 0%
Mastery
	 Rating: 2642
	 Multiplicative Factor: 0%
	 Eff: 12442
	 DR Bracket: 0
	 Base: 21%
	 Effective Percent: 26,66%
----------------------
06:47,072

Intellect
	 Rating: 131801
	 Multiplicative Factor: 14,73%
	 Eff: 131801,1472552
Stamina
	 Rating: 827793
	 Multiplicative Factor: 11,3%
	 Eff: 827793,0000000001
Crit
	 Rating: 31188
	 Multiplicative Factor: 0%
	 Eff: 36150,4
	 DR Bracket: 2
	 Base: 9%
	 Effective Percent: 51,64%
	 Crit Inc Heal: 2
	 Crit Inc Damage: 2
Haste
	 Rating: 13499
	 Multiplicative Factor: 0%
	 Eff: 17473,95
	 DR Bracket: 0
	 Base: 5%
	 Effective Percent: 26,48%
Vers
	 Rating: 15766
	 Multiplicative Factor: 0%
	 Eff: 18106
	 DR Bracket: 0
	 Base: 3%
	 Effective Percent: 23,21%
Leech
	 Rating: 5073
	 Multiplicative Factor: 0%
	 Eff: 5073
	 DR Bracket: 0
	 Base: 0%
	 Effective Percent: 4,97%
Avoidance
	 Rating: 0
	 Multiplicative Factor: 0%
	 Eff: 0
	 DR Bracket: 0
	 Base: 0%
	 Effective Percent: 0%
Mastery
	 Rating: 2642
	 Multiplicative Factor: 0%
	 Eff: 12442
	 DR Bracket: 0
	 Base: 21%
	 Effective Percent: 26,66%
