-----------
A Just Reward
-----------
Avenging Crusader
	Eff: 3400,353183854284
-----------
Avenging Wrath
-----------
Aura Mastery
-----------
Barrier of Faith
-----------
Beacon of Faith
-----------
Beacon of Light
	Eff: 4868,923085115732
-----------
Beacon of Virtue
-----------
Bestow Light
-----------
Blessing of Freedom
-----------
Blessing of Protection
-----------
Blinding Light
-----------
Cleanse
-----------
Consecration
-----------
Consecration Aura
-----------
Crusader Strike
-----------
Dawnlight
-----------
Divine Shield
-----------
DivineGuidance
-----------
Divine Toll
-----------
Eternal Flame
-----------
Eye for an Eye
-----------
Flash of Light
-----------
Forge's Reckoning
-----------
Golden Path
	Eff: 738,5877246657107
-----------
Greater Judgment
-----------
Hammer and Anvil
-----------
Hammer of Justice
-----------
Hammer of Wrath
-----------
Holy Light
-----------
Holy Prism
	Eff: 1846,9307810122846
-----------
Holy Ritual
	Eff: 161,67332007648292
-----------
Holy Shock
	Eff: 1341,7027683701308
-----------
Intercession
-----------
Judgment
-----------
Judgment of Light
	Eff: 326,46243049548593
-----------
Lay on Hands
	Eff: 2,7939677238464355E-09
-----------
Lesser Weapon
	Eff: 545,1002658956982
-----------
Light of Dawn
	Eff: 3597,869220592329
-----------
Light of the Martyr
-----------
Merciful Auras
-----------
Overflowing Light
-----------
Pillar of Lights
	Eff: 2235,839605981484
-----------
Radiant Aura
	Eff: 200,45937768761723
-----------
Repentance
-----------
Resplendent Light
-----------
Rite of Adjuration
-----------
Sacred Word
	Eff: 190,302118123509
-----------
Sacred Weapon
	Eff: 2797,061794033145
-----------
Saved by the Light
-----------
Seal of the Crusader
-----------
Selfless Healer
-----------
Shield of the Righteous
-----------
Shining Righteousness
-----------
Sun's Avatar
-----------
Sun Sear
-----------
Truth Prevails
	Eff: 1204,9550129577801
-----------
Turn Evil
-----------
Tyr's Deliverance
-----------
Veneration
-----------
Word of Glory
	Eff: 2738,2773550561396
-----------
Leech
	Eff: 688,3916947339449
-----------
Blessing of Summer
	Dmg: 808,2264597402427
-----------
Holy Bulwark
	Eff: 1,0721123544499278E-08
-----------
ZeroCIMDummy
-----------
Light's Judgment
-----------
Lightbearer
-----------
Melee
-----------
Tempered in Battle
-----------
Ethereal Reconstitution
-----------
Loom'ithar's Living Silk
-----------
Ethereal Guard
-----------
Lightforged Blessing
	Eff: 8,149072527885437E-10
-----------
Arcane Restoration
-----------
Divine Steed
-----------
Azhiccaran Mite
-----------
Bombardments
-----------
Lesser Bulwark
-----------
Blessing of Autumn
-----------
Divine Protection
-----------
Spirit Link
-----------
Blessing of Winter
-----------
Voidglass Barrier
-----------
Blessing of Spring
-----------
Blessing of Sacrifice
-----------
Tempered Potion
