----------------------
00:07,960

Intellect
	 Rating: 131800
	 Multiplicative Factor: 14,73%
	 Eff: 131800
Stamina
	 Rating: 827793
	 Multiplicative Factor: 11,3%
	 Eff: 827793
Crit
	 Rating: 31188
	 Multiplicative Factor: 0%
	 Eff: 36150,4
	 DR Bracket: 2
	 Base: 9%
	 Effective Percent: 51,64%
	 Crit Inc Heal: 2
	 Crit Inc Damage: 2
Haste
	 Rating: 13499
	 Multiplicative Factor: 0%
	 Eff: 14293,99
	 DR Bracket: 0
	 Base: 1%
	 Effective Percent: 21,66%
Vers
	 Rating: 15766
	 Multiplicative Factor: 0%
	 Eff: 18106
	 DR Bracket: 0
	 Base: 3%
	 Effective Percent: 23,21%
Leech
	 Rating: 5073
	 Multiplicative Factor: 0%
	 Eff: 5073
	 DR Bracket: 0
	 Base: 0%
	 Effective Percent: 4,97%
Avoidance
	 Rating: 0
	 Multiplicative Factor: 0%
	 Eff: 0
	 DR Bracket: 0
	 Base: 0%
	 Effective Percent: 0%
Mastery
	 Rating: 2642
	 Multiplicative Factor: 0%
	 Eff: 12442
	 DR Bracket: 0
	 Base: 21%
	 Effective Percent: 26,66%
----------------------
00:12,924

Intellect
	 Rating: 131800
	 Multiplicative Factor: 14,73%
	 Eff: 131800
Stamina
	 Rating: 827793
	 Multiplicative Factor: 11,3%
	 Eff: 827793
Crit
	 Rating: 31188
	 Multiplicative Factor: 0%
	 Eff: 36150,4
	 DR Bracket: 2
	 Base: 9%
	 Effective Percent: 51,64%
	 Crit Inc Heal: 2
	 Crit Inc Damage: 2
Haste
	 Rating: 13499
	 Multiplicative Factor: 0%
	 Eff: 15088,98
	 DR Bracket: 0
	 Base: 2%
	 Effective Percent: 22,86%
Vers
	 Rating: 15766
	 Multiplicative Factor: 0%
	 Eff: 18106
	 DR Bracket: 0
	 Base: 3%
	 Effective Percent: 23,21%
Leech
	 Rating: 5073
	 Multiplicative Factor: 0%
	 Eff: 5073
	 DR Bracket: 0
	 Base: 0%
	 Effective Percent: 4,97%
Avoidance
	 Rating: 0
	 Multiplicative Factor: 0%
	 Eff: 0
	 DR Bracket: 0
	 Base: 0%
	 Effective Percent: 0%
Mastery
	 Rating: 2642
	 Multiplicative Factor: 0%
	 Eff: 12442
	 DR Bracket: 0
	 Base: 21%
	 Effective Percent: 26,66%
----------------------
00:18,350

Intellect
	 Rating: 131800
	 Multiplicative Factor: 14,73%
	 Eff: 131800
Stamina
	 Rating: 827793
	 Multiplicative Factor: 11,3%
	 Eff: 827793
Crit
	 Rating: 31188
	 Multiplicative Factor: 0%
	 Eff: 36150,4
	 DR Bracket: 2
	 Base: 9%
	 Effective Percent: 51,64%
	 Crit Inc Heal: 2
	 Crit Inc Damage: 2
Haste
	 Rating: 13499
	 Multiplicative Factor: 0%
	 Eff: 15883,97
	 DR Bracket: 0
	 Base: 3%
	 Effective Percent: 24,07%
Vers
	 Rating: 15766
	 Multiplicative Factor: 0%
	 Eff: 18106
	 DR Bracket: 0
	 Base: 3%
	 Effective Percent: 23,21%
Leech
	 Rating: 5073
	 Multiplicative Factor: 0%
	 Eff: 5073
	 DR Bracket: 0
	 Base: 0%
	 Effective Percent: 4,97%
Avoidance
	 Rating: 0
	 Multiplicative Factor: 0%
	 Eff: 0
	 DR Bracket: 0
	 Base: 0%
	 Effective Percent: 0%
Mastery
	 Rating: 2642
	 Multiplicative Factor: 0%
	 Eff: 12442
	 DR Bracket: 0
	 Base: 21%
	 Effective Percent: 26,66%
----------------------
00:23,214

Intellect
	 Rating: 131800
	 Multiplicative Factor: 14,73%
	 Eff: 131800
Stamina
	 Rating: 827793
	 Multiplicative Factor: 11,3%
	 Eff: 827793
Crit
	 Rating: 31188
	 Multiplicative Factor: 0%
	 Eff: 36150,4
	 DR Bracket: 2
	 Base: 9%
	 Effective Percent: 51,64%
	 Crit Inc Heal: 2
	 Crit Inc Damage: 2
Haste
	 Rating: 13499
	 Multiplicative Factor: 0%
	 Eff: 16678,96
	 DR Bracket: 0
	 Base: 4%
	 Effective Percent: 25,27%
Vers
	 Rating: 15766
	 Multiplicative Factor: 0%
	 Eff: 18106
	 DR Bracket: 0
	 Base: 3%
	 Effective Percent: 23,21%
Leech
	 Rating: 5073
	 Multiplicative Factor: 0%
	 Eff: 5073
	 DR Bracket: 0
	 Base: 0%
	 Effective Percent: 4,97%
Avoidance
	 Rating: 0
	 Multiplicative Factor: 0%
	 Eff: 0
	 DR Bracket: 0
	 Base: 0%
	 Effective Percent: 0%
Mastery
	 Rating: 2642
	 Multiplicative Factor: 0%
	 Eff: 12442
	 DR Bracket: 0
	 Base: 21%
	 Effective Percent: 26,66%
----------------------
00:26,830

Intellect
	 Rating: 131800
	 Multiplicative Factor: 14,73%
	 Eff: 131800
Stamina
	 Rating: 827793
	 Multiplicative Factor: 11,3%
	 Eff: 827793
Crit
	 Rating: 31188
	 Multiplicative Factor: 0%
	 Eff: 36150,4
	 DR Bracket: 2
	 Base: 9%
	 Effective Percent: 51,64%
	 Crit Inc Heal: 2
	 Crit Inc Damage: 2
Haste
	 Rating: 13499
	 Multiplicative Factor: 0%
	 Eff: 17473,95
	 DR Bracket: 0
	 Base: 5%
	 Effective Percent: 26,48%
Vers
	 Rating: 15766
	 Multiplicative Factor: 0%
	 Eff: 18106
	 DR Bracket: 0
	 Base: 3%
	 Effective Percent: 23,21%
Leech
	 Rating: 5073
	 Multiplicative Factor: 0%
	 Eff: 5073
	 DR Bracket: 0
	 Base: 0%
	 Effective Percent: 4,97%
Avoidance
	 Rating: 0
	 Multiplicative Factor: 0%
	 Eff: 0
	 DR Bracket: 0
	 Base: 0%
	 Effective Percent: 0%
Mastery
	 Rating: 2642
	 Multiplicative Factor: 0%
	 Eff: 12442
	 DR Bracket: 0
	 Base: 21%
	 Effective Percent: 26,66%
----------------------
00:48,453

Intellect
	 Rating: 131800
	 Multiplicative Factor: 14,73%
	 Eff: 131800
Stamina
	 Rating: 827793
	 Multiplicative Factor: 11,3%
	 Eff: 827793
Crit
	 Rating: 31188
	 Multiplicative Factor: 0%
	 Eff: 36150,4
	 DR Bracket: 2
	 Base: 9%
	 Effective Percent: 51,64%
	 Crit Inc Heal: 2
	 Crit Inc Damage: 2
Haste
	 Rating: 13499
	 Multiplicative Factor: 0%
	 Eff: 17473,95
	 DR Bracket: 0
	 Base: 5%
	 Effective Percent: 26,48%
Vers
	 Rating: 15766
	 Multiplicative Factor: 0%
	 Eff: 18106
	 DR Bracket: 0
	 Base: 3%
	 Effective Percent: 23,21%
Leech
	 Rating: 5073
	 Multiplicative Factor: 0%
	 Eff: 5073
	 DR Bracket: 0
	 Base: 0%
	 Effective Percent: 4,97%
Avoidance
	 Rating: 0
	 Multiplicative Factor: 0%
	 Eff: 0
	 DR Bracket: 0
	 Base: 0%
	 Effective Percent: 0%
Mastery
	 Rating: 2642
	 Multiplicative Factor: 0%
	 Eff: 12442
	 DR Bracket: 0
	 Base: 21%
	 Effective Percent: 26,66%
----------------------
04:23,780

Intellect
	 Rating: 131800
	 Multiplicative Factor: 14,73%
	 Eff: 131800
Stamina
	 Rating: 827793
	 Multiplicative Factor: 11,3%
	 Eff: 827793
Crit
	 Rating: 31188
	 Multiplicative Factor: 0%
	 Eff: 36150,4
	 DR Bracket: 2
	 Base: 9%
	 Effective Percent: 51,64%
	 Crit Inc Heal: 2
	 Crit Inc Damage: 2
Haste
	 Rating: 13499
	 Multiplicative Factor: 0%
	 Eff: 17473,95
	 DR Bracket: 0
	 Base: 5%
	 Effective Percent: 26,48%
Vers
	 Rating: 15766
	 Multiplicative Factor: 0%
	 Eff: 18106
	 DR Bracket: 0
	 Base: 3%
	 Effective Percent: 23,21%
Leech
	 Rating: 5073
	 Multiplicative Factor: 0%
	 Eff: 5073
	 DR Bracket: 0
	 Base: 0%
	 Effective Percent: 4,97%
Avoidance
	 Rating: 0
	 Multiplicative Factor: 0%
	 Eff: 0
	 DR Bracket: 0
	 Base: 0%
	 Effective Percent: 0%
Mastery
	 Rating: 2642
	 Multiplicative Factor: 0%
	 Eff: 12442
	 DR Bracket: 0
	 Base: 21%
	 Effective Percent: 26,66%
----------------------
04:24,716

Intellect
	 Rating: 131800
	 Multiplicative Factor: 14,73%
	 Eff: 131800
Stamina
	 Rating: 827793
	 Multiplicative Factor: 11,3%
	 Eff: 827793
Crit
	 Rating: 31188
	 Multiplicative Factor: 0%
	 Eff: 36150,4
	 DR Bracket: 2
	 Base: 9%
	 Effective Percent: 51,64%
	 Crit Inc Heal: 2
	 Crit Inc Damage: 2
Haste
	 Rating: 13499
	 Multiplicative Factor: 0%
	 Eff: 41323,649999999994
	 DR Bracket: 0
	 Base: 35%
	 Effective Percent: 62,61%
Vers
	 Rating: 15766
	 Multiplicative Factor: 0%
	 Eff: 18106
	 DR Bracket: 0
	 Base: 3%
	 Effective Percent: 23,21%
Leech
	 Rating: 5073
	 Multiplicative Factor: 0%
	 Eff: 5073
	 DR Bracket: 0
	 Base: 0%
	 Effective Percent: 4,97%
Avoidance
	 Rating: 0
	 Multiplicative Factor: 0%
	 Eff: 0
	 DR Bracket: 0
	 Base: 0%
	 Effective Percent: 0%
Mastery
	 Rating: 2642
	 Multiplicative Factor: 0%
	 Eff: 12442
	 DR Bracket: 0
	 Base: 21%
	 Effective Percent: 26,66%
----------------------
05:04,732

Intellect
	 Rating: 131800
	 Multiplicative Factor: 14,73%
	 Eff: 131800
Stamina
	 Rating: 827793
	 Multiplicative Factor: 11,3%
	 Eff: 827793
Crit
	 Rating: 31188
	 Multiplicative Factor: 0%
	 Eff: 36150,4
	 DR Bracket: 2
	 Base: 9%
	 Effective Percent: 51,64%
	 Crit Inc Heal: 2
	 Crit Inc Damage: 2
Haste
	 Rating: 13499
	 Multiplicative Factor: 0%
	 Eff: 17473,95
	 DR Bracket: 0
	 Base: 5%
	 Effective Percent: 26,48%
Vers
	 Rating: 15766
	 Multiplicative Factor: 0%
	 Eff: 18106
	 DR Bracket: 0
	 Base: 3%
	 Effective Percent: 23,21%
Leech
	 Rating: 5073
	 Multiplicative Factor: 0%
	 Eff: 5073
	 DR Bracket: 0
	 Base: 0%
	 Effective Percent: 4,97%
Avoidance
	 Rating: 0
	 Multiplicative Factor: 0%
	 Eff: 0
	 DR Bracket: 0
	 Base: 0%
	 Effective Percent: 0%
Mastery
	 Rating: 2642
	 Multiplicative Factor: 0%
	 Eff: 12442
	 DR Bracket: 0
	 Base: 21%
	 Effective Percent: 26,66%
----------------------
06:39,002

Intellect
	 Rating: 131800
	 Multiplicative Factor: 14,73%
	 Eff: 131800
Stamina
	 Rating: 827793
	 Multiplicative Factor: 11,3%
	 Eff: 827793
Crit
	 Rating: 31188
	 Multiplicative Factor: 0%
	 Eff: 36150,4
	 DR Bracket: 2
	 Base: 9%
	 Effective Percent: 51,64%
	 Crit Inc Heal: 2
	 Crit Inc Damage: 2
Haste
	 Rating: 13499
	 Multiplicative Factor: 0%
	 Eff: 17473,95
	 DR Bracket: 0
	 Base: 5%
	 Effective Percent: 26,48%
Vers
	 Rating: 15766
	 Multiplicative Factor: 0%
	 Eff: 20446
	 DR Bracket: 0
	 Base: 6%
	 Effective Percent: 26,21%
Leech
	 Rating: 5073
	 Multiplicative Factor: 0%
	 Eff: 5073
	 DR Bracket: 0
	 Base: 0%
	 Effective Percent: 4,97%
Avoidance
	 Rating: 0
	 Multiplicative Factor: 0%
	 Eff: 0
	 DR Bracket: 0
	 Base: 0%
	 Effective Percent: 0%
Mastery
	 Rating: 2642
	 Multiplicative Factor: 0%
	 Eff: 12442
	 DR Bracket: 0
	 Base: 21%
	 Effective Percent: 26,66%
----------------------
06:39,002

Intellect
	 Rating: 131800
	 Multiplicative Factor: 14,73%
	 Eff: 131800
Stamina
	 Rating: 827793
	 Multiplicative Factor: 11,3%
	 Eff: 827793
Crit
	 Rating: 31188
	 Multiplicative Factor: 0%
	 Eff: 36150,4
	 DR Bracket: 2
	 Base: 9%
	 Effective Percent: 51,64%
	 Crit Inc Heal: 2
	 Crit Inc Damage: 2
Haste
	 Rating: 13499
	 Multiplicative Factor: 0%
	 Eff: 17473,95
	 DR Bracket: 0
	 Base: 5%
	 Effective Percent: 26,48%
Vers
	 Rating: 15766
	 Multiplicative Factor: 0%
	 Eff: 18106
	 DR Bracket: 0
	 Base: 3%
	 Effective Percent: 23,21%
Leech
	 Rating: 5073
	 Multiplicative Factor: 0%
	 Eff: 5073
	 DR Bracket: 0
	 Base: 0%
	 Effective Percent: 4,97%
Avoidance
	 Rating: 0
	 Multiplicative Factor: 0%
	 Eff: 0
	 DR Bracket: 0
	 Base: 0%
	 Effective Percent: 0%
Mastery
	 Rating: 2642
	 Multiplicative Factor: 0%
	 Eff: 12442
	 DR Bracket: 0
	 Base: 21%
	 Effective Percent: 26,66%
