-----------
A Just Reward
-----------
Avenging Crusader
-----------
Avenging Wrath
-----------
Aura Mastery
-----------
Barrier of Faith
-----------
Beacon of Faith
-----------
Beacon of Light
-----------
Beacon of Virtue
-----------
Bestow Light
-----------
Blessing of Freedom
-----------
Blessing of Protection
-----------
Blinding Light
-----------
Cleanse
-----------
Consecration
-----------
Consecration Aura
-----------
Crusader Strike
-----------
Dawnlight
-----------
Divine Shield
-----------
DivineGuidance
-----------
Divine Toll
-----------
Eternal Flame
-----------
Eye for an Eye
-----------
Flash of Light
-----------
Forge's Reckoning
-----------
Golden Path
-----------
Greater Judgment
-----------
Hammer and Anvil
-----------
Hammer of Justice
-----------
Hammer of Wrath
-----------
Holy Light
-----------
Holy Prism
-----------
Holy Ritual
-----------
Holy Shock
-----------
Intercession
-----------
Judgment
-----------
Judgment of Light
-----------
Lay on Hands
	Eff: 29,920351145789027
-----------
Lesser Weapon
-----------
Light of Dawn
-----------
Light of the Martyr
-----------
Merciful Auras
-----------
Overflowing Light
-----------
Pillar of Lights
-----------
Radiant Aura
-----------
Repentance
-----------
Resplendent Light
-----------
Rite of Adjuration
-----------
Sacred Word
-----------
Sacred Weapon
-----------
Saved by the Light
-----------
Seal of the Crusader
-----------
Selfless Healer
-----------
Shield of the Righteous
-----------
Shining Righteousness
-----------
Sun's Avatar
-----------
Sun Sear
-----------
Truth Prevails
-----------
Turn Evil
-----------
Tyr's Deliverance
-----------
Veneration
-----------
Word of Glory
-----------
Leech
	Eff: 0,836349911383877
-----------
Blessing of Summer
	Dmg: 0,18858651710979757
-----------
Holy Bulwark
	Eff: 103,68274268903042
-----------
ZeroCIMDummy
-----------
Light's Judgment
-----------
Lightbearer
-----------
Melee
-----------
Tempered in Battle
-----------
Ethereal Reconstitution
-----------
Loom'ithar's Living Silk
-----------
Ethereal Guard
-----------
Lightforged Blessing
	Eff: 6,317011438542977
-----------
Arcane Restoration
-----------
Divine Steed
-----------
Azhiccaran Mite
-----------
Bombardments
-----------
Lesser Bulwark
-----------
Blessing of Autumn
-----------
Divine Protection
-----------
Spirit Link
-----------
Blessing of Winter
-----------
Voidglass Barrier
-----------
Blessing of Spring
-----------
Blessing of Sacrifice
-----------
Tempered Potion
