Light's Judgment
	Intellect
		Heal: 0,04215548969246446
		Damage: 1,5440629620374966
-------------------
Pillar of Lights
	Intellect
		Heal: 21,650139537289228
	Mastery
		Heal: 44,80592439189028
-------------------
Seal of the Crusader
	Intellect
		Heal: 2,089934676016368
-------------------
Consecration
	Intellect
		Heal: 0,2649843406397088
		Damage: 9,928453704475494
-------------------
Golden Path
	Intellect
		Heal: 7,352899452950426
	Mastery
		Heal: 14,783182089086038
-------------------
Truth Prevails
	Intellect
		Heal: 11,561579823132256
	Mastery
		Heal: 24,288597592538125
-------------------
Judgment
	Intellect
		Heal: 0,35290958666460864
		Damage: 13,616130289595866
-------------------
Hammer and Anvil
	Intellect
		Heal: 85,7900835759121
-------------------
Avenging Crusader
	Intellect
		Heal: 49,5006373537106
	Mastery
		Heal: 89,56380991115172
-------------------
Judgment of Light
	Intellect
		Heal: 3,3788623554090975
	Mastery
		Heal: 6,381766297227842
-------------------
Greater Judgment
	Intellect
		Heal: 6,063797242978943
-------------------
Crusader Strike
	Intellect
		Heal: 0,269110401426573
		Damage: 9,847285787920006
-------------------
Sacred Weapon
	Intellect
		Heal: 27,716869563030436
		Damage: 5,493785355840487
	Mastery
		Heal: 55,469760135340515
-------------------
Saved by the Light
	Intellect
		Heal: 10,050755869189418
-------------------
Word of Glory
	Intellect
		Heal: 37,08342256600347
	Mastery
		Heal: 73,20080359478303
-------------------
Light of Dawn
	Intellect
		Heal: 49,079659828399265
	Mastery
		Heal: 94,58745037356012
-------------------
Radiant Aura
	Intellect
		Heal: 2,074334130663919
	Mastery
		Heal: 3,890870110440171
-------------------
Sacred Word
	Intellect
		Heal: 1,8253559596446043
	Mastery
		Heal: 3,725353895124961
-------------------
Holy Prism
	Intellect
		Heal: 30,645289615982005
		Damage: 2,9489530273331352
	Mastery
		Heal: 56,568133253868936
-------------------
Shield of the Righteous
	Intellect
		Heal: 0,05106307470242512
		Damage: 1,8336786736021364
-------------------
Shining Righteousness
	Intellect
		Heal: 0,03951035522573448
		Damage: 1,4542420124553352
-------------------
Forge's Reckoning
	Intellect
		Damage: 1,3941448866338948
-------------------
Lesser Weapon
	Intellect
		Heal: 6,408944305417377
		Damage: 11,51798392490668
	Mastery
		Heal: 10,960937766033615
-------------------
Holy Shock
	Intellect
		Heal: 18,74814291282144
		Damage: 4,080921424435794
	Mastery
		Heal: 36,45142377794552
-------------------
Holy Ritual
	Intellect
		Heal: 1,5618802619369176
	Mastery
		Heal: 3,164206384056574
-------------------
Lay on Hands
	Stamina
		Heal: 0,5332501673133091
-------------------
