-----------
A Just Reward
-----------
Avenging Crusader
	Eff: 2323,222858094523
-----------
Avenging Wrath
-----------
Aura Mastery
-----------
Barrier of Faith
-----------
Beacon of Faith
-----------
Beacon of Light
	Eff: 3055,8251101740816
-----------
Beacon of Virtue
-----------
Bestow Light
-----------
Blessing of Freedom
-----------
Blessing of Protection
-----------
Blinding Light
-----------
Cleanse
-----------
Consecration
	Dmg: 640,2881609889439
-----------
Consecration Aura
-----------
Crusader Strike
	Dmg: 657,3313528813887
-----------
Dawnlight
-----------
Divine Shield
-----------
DivineGuidance
-----------
Divine Toll
-----------
Eternal Flame
-----------
Eye for an Eye
-----------
Flash of Light
-----------
Forge's Reckoning
	Dmg: 104,49950055137742
-----------
Golden Path
	Eff: 466,4132520342258
-----------
Greater Judgment
	Eff: 373,9474954735924
-----------
Hammer and Anvil
	Eff: 5388,284467158606
-----------
Hammer of Justice
-----------
Hammer of Wrath
-----------
Holy Light
-----------
Holy Prism
	Eff: 1228,7185711623752
	Dmg: 188,09996254140242
-----------
Holy Ritual
	Eff: 100,68504567873242
-----------
Holy Shock
	Eff: 926,6917674223077
	Dmg: 286,28468565934963
-----------
Intercession
-----------
Judgment
	Dmg: 835,3026658067829
-----------
Judgment of Light
	Eff: 217,84375585299767
-----------
Lay on Hands
	Eff: 2,7939677238464355E-09
-----------
Lesser Weapon
	Eff: 389,4812498695986
	Dmg: 769,397415353742
-----------
Light of Dawn
	Eff: 2326,7565916801977
-----------
Light of the Martyr
-----------
Merciful Auras
-----------
Overflowing Light
-----------
Pillar of Lights
	Eff: 1379,3568663764454
-----------
Radiant Aura
	Eff: 130,78195950316876
-----------
Repentance
-----------
Resplendent Light
-----------
Rite of Adjuration
-----------
Sacred Word
	Eff: 122,80762907638564
-----------
Sacred Weapon
	Eff: 1746,7081971983216
	Dmg: 355,5573637444759
-----------
Saved by the Light
	Eff: 696,8060162736147
-----------
Seal of the Crusader
	Eff: 136,77591409497836
-----------
Selfless Healer
-----------
Shield of the Righteous
	Dmg: 125,29295777593507
-----------
Shining Righteousness
	Dmg: 100,16830374792335
-----------
Sun's Avatar
-----------
Sun Sear
-----------
Truth Prevails
	Eff: 753,4790023523892
-----------
Turn Evil
-----------
Tyr's Deliverance
-----------
Veneration
-----------
Word of Glory
	Eff: 1745,6653486766154
-----------
Leech
	Eff: 729,3993121300573
-----------
Blessing of Summer
	Eff: 169,1366687067466
	Dmg: 673,496473307885
-----------
Holy Bulwark
	Eff: 1,0721123544499278E-08
-----------
ZeroCIMDummy
-----------
Light's Judgment
	Dmg: 97,98653570003808
-----------
Lightbearer
-----------
Melee
	Dmg: 233,56424156665162
-----------
Tempered in Battle
-----------
Ethereal Reconstitution
	Eff: 427,9229288478673
-----------
Loom'ithar's Living Silk
	Eff: 1942,511424883936
-----------
Ethereal Guard
	Eff: 1631,058289803289
-----------
Lightforged Blessing
	Eff: 8,149072527885437E-10
-----------
Arcane Restoration
-----------
Divine Steed
-----------
Azhiccaran Mite
-----------
Bombardments
-----------
Lesser Bulwark
-----------
Blessing of Autumn
-----------
Divine Protection
-----------
Spirit Link
-----------
Blessing of Winter
-----------
Voidglass Barrier
-----------
Blessing of Spring
-----------
Blessing of Sacrifice
-----------
Tempered Potion
