----------------------
00:00,105

Intellect
	 Rating: 129787
	 Multiplicative Factor: 8,15%
	 Eff: 129787
Stamina
	 Rating: 782170
	 Multiplicative Factor: 9,2%
	 Eff: 782170
Crit
	 Rating: 11562
	 Multiplicative Factor: 0%
	 Eff: 15062
	 DR Bracket: 0
	 Base: 5%
	 Effective Percent: 21,52%
	 Crit Inc Heal: 2
	 Crit Inc Damage: 2
Haste
	 Rating: 16176
	 Multiplicative Factor: 0%
	 Eff: 21106,559999999998
	 DR Bracket: 0
	 Base: 6%
	 Effective Percent: 31,98%
Vers
	 Rating: 11927
	 Multiplicative Factor: 0%
	 Eff: 14267
	 DR Bracket: 0
	 Base: 3%
	 Effective Percent: 18,29%
Leech
	 Rating: 2938
	 Multiplicative Factor: 0%
	 Eff: 2938
	 DR Bracket: 0
	 Base: 0%
	 Effective Percent: 2,88%
Avoidance
	 Rating: 546
	 Multiplicative Factor: 0%
	 Eff: 546
	 DR Bracket: 0
	 Base: 0%
	 Effective Percent: 1%
Mastery
	 Rating: 19003
	 Multiplicative Factor: 0%
	 Eff: 26003
	 DR Bracket: 0
	 Base: 7,28%
	 Effective Percent: 27,04%
----------------------
00:05,139

Intellect
	 Rating: 129787
	 Multiplicative Factor: 8,15%
	 Eff: 129787
Stamina
	 Rating: 782170
	 Multiplicative Factor: 9,2%
	 Eff: 782170
Crit
	 Rating: 11562
	 Multiplicative Factor: 0%
	 Eff: 15062
	 DR Bracket: 0
	 Base: 5%
	 Effective Percent: 21,52%
	 Crit Inc Heal: 2
	 Crit Inc Damage: 2
Haste
	 Rating: 16176
	 Multiplicative Factor: 0%
	 Eff: 45759,36
	 DR Bracket: 0
	 Base: 36%
	 Effective Percent: 69,33%
Vers
	 Rating: 11927
	 Multiplicative Factor: 0%
	 Eff: 14267
	 DR Bracket: 0
	 Base: 3%
	 Effective Percent: 18,29%
Leech
	 Rating: 2938
	 Multiplicative Factor: 0%
	 Eff: 2938
	 DR Bracket: 0
	 Base: 0%
	 Effective Percent: 2,88%
Avoidance
	 Rating: 546
	 Multiplicative Factor: 0%
	 Eff: 546
	 DR Bracket: 0
	 Base: 0%
	 Effective Percent: 1%
Mastery
	 Rating: 19003
	 Multiplicative Factor: 0%
	 Eff: 26003
	 DR Bracket: 0
	 Base: 7,28%
	 Effective Percent: 27,04%
----------------------
00:10,154

Intellect
	 Rating: 129787
	 Multiplicative Factor: 8,15%
	 Eff: 129787
Stamina
	 Rating: 782170
	 Multiplicative Factor: 9,2%
	 Eff: 782170
Crit
	 Rating: 11562
	 Multiplicative Factor: 0%
	 Eff: 15062
	 DR Bracket: 0
	 Base: 5%
	 Effective Percent: 21,52%
	 Crit Inc Heal: 2
	 Crit Inc Damage: 2
Haste
	 Rating: 16176
	 Multiplicative Factor: 0%
	 Eff: 45759,36
	 DR Bracket: 0
	 Base: 36%
	 Effective Percent: 69,33%
Vers
	 Rating: 11927
	 Multiplicative Factor: 0%
	 Eff: 14267
	 DR Bracket: 0
	 Base: 3%
	 Effective Percent: 18,29%
Leech
	 Rating: 2938
	 Multiplicative Factor: 0%
	 Eff: 2938
	 DR Bracket: 0
	 Base: 0%
	 Effective Percent: 2,88%
Avoidance
	 Rating: 546
	 Multiplicative Factor: 0%
	 Eff: 546
	 DR Bracket: 0
	 Base: 0%
	 Effective Percent: 1%
Mastery
	 Rating: 19003
	 Multiplicative Factor: 0%
	 Eff: 26003
	 DR Bracket: 0
	 Base: 7,28%
	 Effective Percent: 27,04%
----------------------
00:15,163

Intellect
	 Rating: 129787
	 Multiplicative Factor: 8,15%
	 Eff: 129787
Stamina
	 Rating: 782170
	 Multiplicative Factor: 9,2%
	 Eff: 782170
Crit
	 Rating: 11562
	 Multiplicative Factor: 0%
	 Eff: 15062
	 DR Bracket: 0
	 Base: 5%
	 Effective Percent: 21,52%
	 Crit Inc Heal: 2
	 Crit Inc Damage: 2
Haste
	 Rating: 16176
	 Multiplicative Factor: 0%
	 Eff: 45759,36
	 DR Bracket: 0
	 Base: 36%
	 Effective Percent: 69,33%
Vers
	 Rating: 11927
	 Multiplicative Factor: 0%
	 Eff: 14267
	 DR Bracket: 0
	 Base: 3%
	 Effective Percent: 18,29%
Leech
	 Rating: 2938
	 Multiplicative Factor: 0%
	 Eff: 2938
	 DR Bracket: 0
	 Base: 0%
	 Effective Percent: 2,88%
Avoidance
	 Rating: 546
	 Multiplicative Factor: 0%
	 Eff: 546
	 DR Bracket: 0
	 Base: 0%
	 Effective Percent: 1%
Mastery
	 Rating: 19003
	 Multiplicative Factor: 0%
	 Eff: 26003
	 DR Bracket: 0
	 Base: 7,28%
	 Effective Percent: 27,04%
----------------------
00:20,164

Intellect
	 Rating: 129787
	 Multiplicative Factor: 8,15%
	 Eff: 129787
Stamina
	 Rating: 782170
	 Multiplicative Factor: 9,2%
	 Eff: 782170
Crit
	 Rating: 11562
	 Multiplicative Factor: 0%
	 Eff: 15062
	 DR Bracket: 0
	 Base: 5%
	 Effective Percent: 21,52%
	 Crit Inc Heal: 2
	 Crit Inc Damage: 2
Haste
	 Rating: 16176
	 Multiplicative Factor: 0%
	 Eff: 45759,36
	 DR Bracket: 0
	 Base: 36%
	 Effective Percent: 69,33%
Vers
	 Rating: 11927
	 Multiplicative Factor: 0%
	 Eff: 14267
	 DR Bracket: 0
	 Base: 3%
	 Effective Percent: 18,29%
Leech
	 Rating: 2938
	 Multiplicative Factor: 0%
	 Eff: 2938
	 DR Bracket: 0
	 Base: 0%
	 Effective Percent: 2,88%
Avoidance
	 Rating: 546
	 Multiplicative Factor: 0%
	 Eff: 546
	 DR Bracket: 0
	 Base: 0%
	 Effective Percent: 1%
Mastery
	 Rating: 19003
	 Multiplicative Factor: 0%
	 Eff: 26003
	 DR Bracket: 0
	 Base: 7,28%
	 Effective Percent: 27,04%
----------------------
00:25,228

Intellect
	 Rating: 129787
	 Multiplicative Factor: 8,15%
	 Eff: 129787
Stamina
	 Rating: 782170
	 Multiplicative Factor: 9,2%
	 Eff: 782170
Crit
	 Rating: 11562
	 Multiplicative Factor: 0%
	 Eff: 15062
	 DR Bracket: 0
	 Base: 5%
	 Effective Percent: 21,52%
	 Crit Inc Heal: 2
	 Crit Inc Damage: 2
Haste
	 Rating: 16176
	 Multiplicative Factor: 0%
	 Eff: 45759,36
	 DR Bracket: 0
	 Base: 36%
	 Effective Percent: 69,33%
Vers
	 Rating: 11927
	 Multiplicative Factor: 0%
	 Eff: 14267
	 DR Bracket: 0
	 Base: 3%
	 Effective Percent: 18,29%
Leech
	 Rating: 2938
	 Multiplicative Factor: 0%
	 Eff: 2938
	 DR Bracket: 0
	 Base: 0%
	 Effective Percent: 2,88%
Avoidance
	 Rating: 546
	 Multiplicative Factor: 0%
	 Eff: 546
	 DR Bracket: 0
	 Base: 0%
	 Effective Percent: 1%
Mastery
	 Rating: 19003
	 Multiplicative Factor: 0%
	 Eff: 26003
	 DR Bracket: 0
	 Base: 7,28%
	 Effective Percent: 27,04%
----------------------
00:30,314

Intellect
	 Rating: 129787
	 Multiplicative Factor: 8,15%
	 Eff: 129787
Stamina
	 Rating: 782170
	 Multiplicative Factor: 9,2%
	 Eff: 782170
Crit
	 Rating: 11562
	 Multiplicative Factor: 0%
	 Eff: 15062
	 DR Bracket: 0
	 Base: 5%
	 Effective Percent: 21,52%
	 Crit Inc Heal: 2
	 Crit Inc Damage: 2
Haste
	 Rating: 16176
	 Multiplicative Factor: 0%
	 Eff: 45759,36
	 DR Bracket: 0
	 Base: 36%
	 Effective Percent: 69,33%
Vers
	 Rating: 11927
	 Multiplicative Factor: 0%
	 Eff: 14267
	 DR Bracket: 0
	 Base: 3%
	 Effective Percent: 18,29%
Leech
	 Rating: 2938
	 Multiplicative Factor: 0%
	 Eff: 2938
	 DR Bracket: 0
	 Base: 0%
	 Effective Percent: 2,88%
Avoidance
	 Rating: 546
	 Multiplicative Factor: 0%
	 Eff: 546
	 DR Bracket: 0
	 Base: 0%
	 Effective Percent: 1%
Mastery
	 Rating: 19003
	 Multiplicative Factor: 0%
	 Eff: 26003
	 DR Bracket: 0
	 Base: 7,28%
	 Effective Percent: 27,04%
----------------------
00:35,352

Intellect
	 Rating: 129787
	 Multiplicative Factor: 8,15%
	 Eff: 129787
Stamina
	 Rating: 782170
	 Multiplicative Factor: 9,2%
	 Eff: 782170
Crit
	 Rating: 11562
	 Multiplicative Factor: 0%
	 Eff: 15062
	 DR Bracket: 0
	 Base: 5%
	 Effective Percent: 21,52%
	 Crit Inc Heal: 2
	 Crit Inc Damage: 2
Haste
	 Rating: 16176
	 Multiplicative Factor: 0%
	 Eff: 45759,36
	 DR Bracket: 0
	 Base: 36%
	 Effective Percent: 69,33%
Vers
	 Rating: 11927
	 Multiplicative Factor: 0%
	 Eff: 14267
	 DR Bracket: 0
	 Base: 3%
	 Effective Percent: 18,29%
Leech
	 Rating: 2938
	 Multiplicative Factor: 0%
	 Eff: 2938
	 DR Bracket: 0
	 Base: 0%
	 Effective Percent: 2,88%
Avoidance
	 Rating: 546
	 Multiplicative Factor: 0%
	 Eff: 546
	 DR Bracket: 0
	 Base: 0%
	 Effective Percent: 1%
Mastery
	 Rating: 19003
	 Multiplicative Factor: 0%
	 Eff: 26003
	 DR Bracket: 0
	 Base: 7,28%
	 Effective Percent: 27,04%
----------------------
00:40,366

Intellect
	 Rating: 129787
	 Multiplicative Factor: 8,15%
	 Eff: 129787
Stamina
	 Rating: 782170
	 Multiplicative Factor: 9,2%
	 Eff: 782170
Crit
	 Rating: 11562
	 Multiplicative Factor: 0%
	 Eff: 15062
	 DR Bracket: 0
	 Base: 5%
	 Effective Percent: 21,52%
	 Crit Inc Heal: 2
	 Crit Inc Damage: 2
Haste
	 Rating: 16176
	 Multiplicative Factor: 0%
	 Eff: 45759,36
	 DR Bracket: 0
	 Base: 36%
	 Effective Percent: 69,33%
Vers
	 Rating: 11927
	 Multiplicative Factor: 0%
	 Eff: 14267
	 DR Bracket: 0
	 Base: 3%
	 Effective Percent: 18,29%
Leech
	 Rating: 2938
	 Multiplicative Factor: 0%
	 Eff: 2938
	 DR Bracket: 0
	 Base: 0%
	 Effective Percent: 2,88%
Avoidance
	 Rating: 546
	 Multiplicative Factor: 0%
	 Eff: 546
	 DR Bracket: 0
	 Base: 0%
	 Effective Percent: 1%
Mastery
	 Rating: 19003
	 Multiplicative Factor: 0%
	 Eff: 26003
	 DR Bracket: 0
	 Base: 7,28%
	 Effective Percent: 27,04%
----------------------
00:45,404

Intellect
	 Rating: 129787
	 Multiplicative Factor: 8,15%
	 Eff: 129787
Stamina
	 Rating: 782170
	 Multiplicative Factor: 9,2%
	 Eff: 782170
Crit
	 Rating: 11562
	 Multiplicative Factor: 0%
	 Eff: 15062
	 DR Bracket: 0
	 Base: 5%
	 Effective Percent: 21,52%
	 Crit Inc Heal: 2
	 Crit Inc Damage: 2
Haste
	 Rating: 16176
	 Multiplicative Factor: 0%
	 Eff: 21106,559999999998
	 DR Bracket: 0
	 Base: 6%
	 Effective Percent: 31,98%
Vers
	 Rating: 11927
	 Multiplicative Factor: 0%
	 Eff: 14267
	 DR Bracket: 0
	 Base: 3%
	 Effective Percent: 18,29%
Leech
	 Rating: 2938
	 Multiplicative Factor: 0%
	 Eff: 2938
	 DR Bracket: 0
	 Base: 0%
	 Effective Percent: 2,88%
Avoidance
	 Rating: 546
	 Multiplicative Factor: 0%
	 Eff: 546
	 DR Bracket: 0
	 Base: 0%
	 Effective Percent: 1%
Mastery
	 Rating: 19003
	 Multiplicative Factor: 0%
	 Eff: 26003
	 DR Bracket: 0
	 Base: 7,28%
	 Effective Percent: 27,04%
----------------------
00:50,430

Intellect
	 Rating: 129787
	 Multiplicative Factor: 8,15%
	 Eff: 129787
Stamina
	 Rating: 782170
	 Multiplicative Factor: 9,2%
	 Eff: 782170
Crit
	 Rating: 11562
	 Multiplicative Factor: 0%
	 Eff: 15062
	 DR Bracket: 0
	 Base: 5%
	 Effective Percent: 21,52%
	 Crit Inc Heal: 2
	 Crit Inc Damage: 2
Haste
	 Rating: 16176
	 Multiplicative Factor: 0%
	 Eff: 21106,559999999998
	 DR Bracket: 0
	 Base: 6%
	 Effective Percent: 31,98%
Vers
	 Rating: 11927
	 Multiplicative Factor: 0%
	 Eff: 14267
	 DR Bracket: 0
	 Base: 3%
	 Effective Percent: 18,29%
Leech
	 Rating: 2938
	 Multiplicative Factor: 0%
	 Eff: 2938
	 DR Bracket: 0
	 Base: 0%
	 Effective Percent: 2,88%
Avoidance
	 Rating: 546
	 Multiplicative Factor: 0%
	 Eff: 546
	 DR Bracket: 0
	 Base: 0%
	 Effective Percent: 1%
Mastery
	 Rating: 19003
	 Multiplicative Factor: 0%
	 Eff: 26003
	 DR Bracket: 0
	 Base: 7,28%
	 Effective Percent: 27,04%
----------------------
00:55,437

Intellect
	 Rating: 129787
	 Multiplicative Factor: 8,15%
	 Eff: 129787
Stamina
	 Rating: 782170
	 Multiplicative Factor: 9,2%
	 Eff: 782170
Crit
	 Rating: 11562
	 Multiplicative Factor: 0%
	 Eff: 15062
	 DR Bracket: 0
	 Base: 5%
	 Effective Percent: 21,52%
	 Crit Inc Heal: 2
	 Crit Inc Damage: 2
Haste
	 Rating: 16176
	 Multiplicative Factor: 0%
	 Eff: 21106,559999999998
	 DR Bracket: 0
	 Base: 6%
	 Effective Percent: 31,98%
Vers
	 Rating: 11927
	 Multiplicative Factor: 0%
	 Eff: 14267
	 DR Bracket: 0
	 Base: 3%
	 Effective Percent: 18,29%
Leech
	 Rating: 2938
	 Multiplicative Factor: 0%
	 Eff: 2938
	 DR Bracket: 0
	 Base: 0%
	 Effective Percent: 2,88%
Avoidance
	 Rating: 546
	 Multiplicative Factor: 0%
	 Eff: 546
	 DR Bracket: 0
	 Base: 0%
	 Effective Percent: 1%
Mastery
	 Rating: 19003
	 Multiplicative Factor: 0%
	 Eff: 26003
	 DR Bracket: 0
	 Base: 7,28%
	 Effective Percent: 27,04%
----------------------
01:00,464

Intellect
	 Rating: 129787
	 Multiplicative Factor: 8,15%
	 Eff: 129787
Stamina
	 Rating: 782170
	 Multiplicative Factor: 9,2%
	 Eff: 782170
Crit
	 Rating: 11562
	 Multiplicative Factor: 0%
	 Eff: 15062
	 DR Bracket: 0
	 Base: 5%
	 Effective Percent: 21,52%
	 Crit Inc Heal: 2
	 Crit Inc Damage: 2
Haste
	 Rating: 16176
	 Multiplicative Factor: 0%
	 Eff: 21106,559999999998
	 DR Bracket: 0
	 Base: 6%
	 Effective Percent: 31,98%
Vers
	 Rating: 11927
	 Multiplicative Factor: 0%
	 Eff: 14267
	 DR Bracket: 0
	 Base: 3%
	 Effective Percent: 18,29%
Leech
	 Rating: 2938
	 Multiplicative Factor: 0%
	 Eff: 2938
	 DR Bracket: 0
	 Base: 0%
	 Effective Percent: 2,88%
Avoidance
	 Rating: 546
	 Multiplicative Factor: 0%
	 Eff: 546
	 DR Bracket: 0
	 Base: 0%
	 Effective Percent: 1%
Mastery
	 Rating: 19003
	 Multiplicative Factor: 0%
	 Eff: 26003
	 DR Bracket: 0
	 Base: 7,28%
	 Effective Percent: 27,04%
----------------------
01:05,487

Intellect
	 Rating: 129787
	 Multiplicative Factor: 8,15%
	 Eff: 129787
Stamina
	 Rating: 782170
	 Multiplicative Factor: 9,2%
	 Eff: 782170
Crit
	 Rating: 11562
	 Multiplicative Factor: 0%
	 Eff: 15062
	 DR Bracket: 0
	 Base: 5%
	 Effective Percent: 21,52%
	 Crit Inc Heal: 2
	 Crit Inc Damage: 2
Haste
	 Rating: 16176
	 Multiplicative Factor: 0%
	 Eff: 21106,559999999998
	 DR Bracket: 0
	 Base: 6%
	 Effective Percent: 31,98%
Vers
	 Rating: 11927
	 Multiplicative Factor: 0%
	 Eff: 14267
	 DR Bracket: 0
	 Base: 3%
	 Effective Percent: 18,29%
Leech
	 Rating: 2938
	 Multiplicative Factor: 0%
	 Eff: 2938
	 DR Bracket: 0
	 Base: 0%
	 Effective Percent: 2,88%
Avoidance
	 Rating: 546
	 Multiplicative Factor: 0%
	 Eff: 546
	 DR Bracket: 0
	 Base: 0%
	 Effective Percent: 1%
Mastery
	 Rating: 19003
	 Multiplicative Factor: 0%
	 Eff: 26003
	 DR Bracket: 0
	 Base: 7,28%
	 Effective Percent: 27,04%
----------------------
01:10,537

Intellect
	 Rating: 129787
	 Multiplicative Factor: 8,15%
	 Eff: 129787
Stamina
	 Rating: 782170
	 Multiplicative Factor: 9,2%
	 Eff: 782170
Crit
	 Rating: 11562
	 Multiplicative Factor: 0%
	 Eff: 15062
	 DR Bracket: 0
	 Base: 5%
	 Effective Percent: 21,52%
	 Crit Inc Heal: 2
	 Crit Inc Damage: 2
Haste
	 Rating: 16176
	 Multiplicative Factor: 0%
	 Eff: 21106,559999999998
	 DR Bracket: 0
	 Base: 6%
	 Effective Percent: 31,98%
Vers
	 Rating: 11927
	 Multiplicative Factor: 0%
	 Eff: 14267
	 DR Bracket: 0
	 Base: 3%
	 Effective Percent: 18,29%
Leech
	 Rating: 2938
	 Multiplicative Factor: 0%
	 Eff: 2938
	 DR Bracket: 0
	 Base: 0%
	 Effective Percent: 2,88%
Avoidance
	 Rating: 546
	 Multiplicative Factor: 0%
	 Eff: 546
	 DR Bracket: 0
	 Base: 0%
	 Effective Percent: 1%
Mastery
	 Rating: 19003
	 Multiplicative Factor: 0%
	 Eff: 26003
	 DR Bracket: 0
	 Base: 7,28%
	 Effective Percent: 27,04%
----------------------
01:15,635

Intellect
	 Rating: 129787
	 Multiplicative Factor: 8,15%
	 Eff: 129787
Stamina
	 Rating: 782170
	 Multiplicative Factor: 9,2%
	 Eff: 782170
Crit
	 Rating: 11562
	 Multiplicative Factor: 0%
	 Eff: 15062
	 DR Bracket: 0
	 Base: 5%
	 Effective Percent: 21,52%
	 Crit Inc Heal: 2
	 Crit Inc Damage: 2
Haste
	 Rating: 16176
	 Multiplicative Factor: 0%
	 Eff: 21106,559999999998
	 DR Bracket: 0
	 Base: 6%
	 Effective Percent: 31,98%
Vers
	 Rating: 11927
	 Multiplicative Factor: 0%
	 Eff: 14267
	 DR Bracket: 0
	 Base: 3%
	 Effective Percent: 18,29%
Leech
	 Rating: 2938
	 Multiplicative Factor: 0%
	 Eff: 2938
	 DR Bracket: 0
	 Base: 0%
	 Effective Percent: 2,88%
Avoidance
	 Rating: 546
	 Multiplicative Factor: 0%
	 Eff: 546
	 DR Bracket: 0
	 Base: 0%
	 Effective Percent: 1%
Mastery
	 Rating: 19003
	 Multiplicative Factor: 0%
	 Eff: 26003
	 DR Bracket: 0
	 Base: 7,28%
	 Effective Percent: 27,04%
----------------------
01:20,635

Intellect
	 Rating: 129787
	 Multiplicative Factor: 8,15%
	 Eff: 129787
Stamina
	 Rating: 782170
	 Multiplicative Factor: 9,2%
	 Eff: 782170
Crit
	 Rating: 11562
	 Multiplicative Factor: 0%
	 Eff: 15062
	 DR Bracket: 0
	 Base: 5%
	 Effective Percent: 21,52%
	 Crit Inc Heal: 2
	 Crit Inc Damage: 2
Haste
	 Rating: 16176
	 Multiplicative Factor: 0%
	 Eff: 21106,559999999998
	 DR Bracket: 0
	 Base: 6%
	 Effective Percent: 31,98%
Vers
	 Rating: 11927
	 Multiplicative Factor: 0%
	 Eff: 14267
	 DR Bracket: 0
	 Base: 3%
	 Effective Percent: 18,29%
Leech
	 Rating: 2938
	 Multiplicative Factor: 0%
	 Eff: 2938
	 DR Bracket: 0
	 Base: 0%
	 Effective Percent: 2,88%
Avoidance
	 Rating: 546
	 Multiplicative Factor: 0%
	 Eff: 546
	 DR Bracket: 0
	 Base: 0%
	 Effective Percent: 1%
Mastery
	 Rating: 19003
	 Multiplicative Factor: 0%
	 Eff: 26003
	 DR Bracket: 0
	 Base: 7,28%
	 Effective Percent: 27,04%
----------------------
01:25,658

Intellect
	 Rating: 129787
	 Multiplicative Factor: 8,15%
	 Eff: 129787
Stamina
	 Rating: 782170
	 Multiplicative Factor: 9,2%
	 Eff: 782170
Crit
	 Rating: 11562
	 Multiplicative Factor: 0%
	 Eff: 15062
	 DR Bracket: 0
	 Base: 5%
	 Effective Percent: 21,52%
	 Crit Inc Heal: 2
	 Crit Inc Damage: 2
Haste
	 Rating: 16176
	 Multiplicative Factor: 0%
	 Eff: 21106,559999999998
	 DR Bracket: 0
	 Base: 6%
	 Effective Percent: 31,98%
Vers
	 Rating: 11927
	 Multiplicative Factor: 0%
	 Eff: 14267
	 DR Bracket: 0
	 Base: 3%
	 Effective Percent: 18,29%
Leech
	 Rating: 2938
	 Multiplicative Factor: 0%
	 Eff: 2938
	 DR Bracket: 0
	 Base: 0%
	 Effective Percent: 2,88%
Avoidance
	 Rating: 546
	 Multiplicative Factor: 0%
	 Eff: 546
	 DR Bracket: 0
	 Base: 0%
	 Effective Percent: 1%
Mastery
	 Rating: 19003
	 Multiplicative Factor: 0%
	 Eff: 26003
	 DR Bracket: 0
	 Base: 7,28%
	 Effective Percent: 27,04%
----------------------
01:30,663

Intellect
	 Rating: 129787
	 Multiplicative Factor: 8,15%
	 Eff: 129787
Stamina
	 Rating: 782170
	 Multiplicative Factor: 9,2%
	 Eff: 782170
Crit
	 Rating: 11562
	 Multiplicative Factor: 0%
	 Eff: 15062
	 DR Bracket: 0
	 Base: 5%
	 Effective Percent: 21,52%
	 Crit Inc Heal: 2
	 Crit Inc Damage: 2
Haste
	 Rating: 16176
	 Multiplicative Factor: 0%
	 Eff: 21106,559999999998
	 DR Bracket: 0
	 Base: 6%
	 Effective Percent: 31,98%
Vers
	 Rating: 11927
	 Multiplicative Factor: 0%
	 Eff: 14267
	 DR Bracket: 0
	 Base: 3%
	 Effective Percent: 18,29%
Leech
	 Rating: 2938
	 Multiplicative Factor: 0%
	 Eff: 2938
	 DR Bracket: 0
	 Base: 0%
	 Effective Percent: 2,88%
Avoidance
	 Rating: 546
	 Multiplicative Factor: 0%
	 Eff: 546
	 DR Bracket: 0
	 Base: 0%
	 Effective Percent: 1%
Mastery
	 Rating: 19003
	 Multiplicative Factor: 0%
	 Eff: 26003
	 DR Bracket: 0
	 Base: 7,28%
	 Effective Percent: 27,04%
----------------------
01:35,762

Intellect
	 Rating: 129787
	 Multiplicative Factor: 8,15%
	 Eff: 129787
Stamina
	 Rating: 782170
	 Multiplicative Factor: 9,2%
	 Eff: 782170
Crit
	 Rating: 11562
	 Multiplicative Factor: 0%
	 Eff: 15062
	 DR Bracket: 0
	 Base: 5%
	 Effective Percent: 21,52%
	 Crit Inc Heal: 2
	 Crit Inc Damage: 2
Haste
	 Rating: 16176
	 Multiplicative Factor: 0%
	 Eff: 21106,559999999998
	 DR Bracket: 0
	 Base: 6%
	 Effective Percent: 31,98%
Vers
	 Rating: 11927
	 Multiplicative Factor: 0%
	 Eff: 14267
	 DR Bracket: 0
	 Base: 3%
	 Effective Percent: 18,29%
Leech
	 Rating: 2938
	 Multiplicative Factor: 0%
	 Eff: 2938
	 DR Bracket: 0
	 Base: 0%
	 Effective Percent: 2,88%
Avoidance
	 Rating: 546
	 Multiplicative Factor: 0%
	 Eff: 546
	 DR Bracket: 0
	 Base: 0%
	 Effective Percent: 1%
Mastery
	 Rating: 19003
	 Multiplicative Factor: 0%
	 Eff: 26003
	 DR Bracket: 0
	 Base: 7,28%
	 Effective Percent: 27,04%
----------------------
01:40,780

Intellect
	 Rating: 129787
	 Multiplicative Factor: 8,15%
	 Eff: 129787
Stamina
	 Rating: 782170
	 Multiplicative Factor: 9,2%
	 Eff: 782170
Crit
	 Rating: 11562
	 Multiplicative Factor: 0%
	 Eff: 15062
	 DR Bracket: 0
	 Base: 5%
	 Effective Percent: 21,52%
	 Crit Inc Heal: 2
	 Crit Inc Damage: 2
Haste
	 Rating: 16176
	 Multiplicative Factor: 0%
	 Eff: 21106,559999999998
	 DR Bracket: 0
	 Base: 6%
	 Effective Percent: 31,98%
Vers
	 Rating: 11927
	 Multiplicative Factor: 0%
	 Eff: 14267
	 DR Bracket: 0
	 Base: 3%
	 Effective Percent: 18,29%
Leech
	 Rating: 2938
	 Multiplicative Factor: 0%
	 Eff: 2938
	 DR Bracket: 0
	 Base: 0%
	 Effective Percent: 2,88%
Avoidance
	 Rating: 546
	 Multiplicative Factor: 0%
	 Eff: 546
	 DR Bracket: 0
	 Base: 0%
	 Effective Percent: 1%
Mastery
	 Rating: 19003
	 Multiplicative Factor: 0%
	 Eff: 26003
	 DR Bracket: 0
	 Base: 7,28%
	 Effective Percent: 27,04%
----------------------
01:45,839

Intellect
	 Rating: 129787
	 Multiplicative Factor: 8,15%
	 Eff: 129787
Stamina
	 Rating: 782170
	 Multiplicative Factor: 9,2%
	 Eff: 782170
Crit
	 Rating: 11562
	 Multiplicative Factor: 0%
	 Eff: 15062
	 DR Bracket: 0
	 Base: 5%
	 Effective Percent: 21,52%
	 Crit Inc Heal: 2
	 Crit Inc Damage: 2
Haste
	 Rating: 16176
	 Multiplicative Factor: 0%
	 Eff: 21106,559999999998
	 DR Bracket: 0
	 Base: 6%
	 Effective Percent: 31,98%
Vers
	 Rating: 11927
	 Multiplicative Factor: 0%
	 Eff: 14267
	 DR Bracket: 0
	 Base: 3%
	 Effective Percent: 18,29%
Leech
	 Rating: 2938
	 Multiplicative Factor: 0%
	 Eff: 2938
	 DR Bracket: 0
	 Base: 0%
	 Effective Percent: 2,88%
Avoidance
	 Rating: 546
	 Multiplicative Factor: 0%
	 Eff: 546
	 DR Bracket: 0
	 Base: 0%
	 Effective Percent: 1%
Mastery
	 Rating: 19003
	 Multiplicative Factor: 0%
	 Eff: 26003
	 DR Bracket: 0
	 Base: 7,28%
	 Effective Percent: 27,04%
----------------------
01:50,901

Intellect
	 Rating: 129787
	 Multiplicative Factor: 8,15%
	 Eff: 129787
Stamina
	 Rating: 782170
	 Multiplicative Factor: 9,2%
	 Eff: 782170
Crit
	 Rating: 11562
	 Multiplicative Factor: 0%
	 Eff: 15062
	 DR Bracket: 0
	 Base: 5%
	 Effective Percent: 21,52%
	 Crit Inc Heal: 2
	 Crit Inc Damage: 2
Haste
	 Rating: 16176
	 Multiplicative Factor: 0%
	 Eff: 21106,559999999998
	 DR Bracket: 0
	 Base: 6%
	 Effective Percent: 31,98%
Vers
	 Rating: 11927
	 Multiplicative Factor: 0%
	 Eff: 14267
	 DR Bracket: 0
	 Base: 3%
	 Effective Percent: 18,29%
Leech
	 Rating: 2938
	 Multiplicative Factor: 0%
	 Eff: 2938
	 DR Bracket: 0
	 Base: 0%
	 Effective Percent: 2,88%
Avoidance
	 Rating: 546
	 Multiplicative Factor: 0%
	 Eff: 546
	 DR Bracket: 0
	 Base: 0%
	 Effective Percent: 1%
Mastery
	 Rating: 19003
	 Multiplicative Factor: 0%
	 Eff: 26003
	 DR Bracket: 0
	 Base: 7,28%
	 Effective Percent: 27,04%
----------------------
01:55,915

Intellect
	 Rating: 129787
	 Multiplicative Factor: 8,15%
	 Eff: 129787
Stamina
	 Rating: 782170
	 Multiplicative Factor: 9,2%
	 Eff: 782170
Crit
	 Rating: 11562
	 Multiplicative Factor: 0%
	 Eff: 15062
	 DR Bracket: 0
	 Base: 5%
	 Effective Percent: 21,52%
	 Crit Inc Heal: 2
	 Crit Inc Damage: 2
Haste
	 Rating: 16176
	 Multiplicative Factor: 0%
	 Eff: 21106,559999999998
	 DR Bracket: 0
	 Base: 6%
	 Effective Percent: 31,98%
Vers
	 Rating: 11927
	 Multiplicative Factor: 0%
	 Eff: 14267
	 DR Bracket: 0
	 Base: 3%
	 Effective Percent: 18,29%
Leech
	 Rating: 2938
	 Multiplicative Factor: 0%
	 Eff: 2938
	 DR Bracket: 0
	 Base: 0%
	 Effective Percent: 2,88%
Avoidance
	 Rating: 546
	 Multiplicative Factor: 0%
	 Eff: 546
	 DR Bracket: 0
	 Base: 0%
	 Effective Percent: 1%
Mastery
	 Rating: 19003
	 Multiplicative Factor: 0%
	 Eff: 26003
	 DR Bracket: 0
	 Base: 7,28%
	 Effective Percent: 27,04%
----------------------
02:00,976

Intellect
	 Rating: 129787
	 Multiplicative Factor: 8,15%
	 Eff: 129787
Stamina
	 Rating: 782170
	 Multiplicative Factor: 9,2%
	 Eff: 782170
Crit
	 Rating: 11562
	 Multiplicative Factor: 0%
	 Eff: 15062
	 DR Bracket: 0
	 Base: 5%
	 Effective Percent: 21,52%
	 Crit Inc Heal: 2
	 Crit Inc Damage: 2
Haste
	 Rating: 16176
	 Multiplicative Factor: 0%
	 Eff: 21106,559999999998
	 DR Bracket: 0
	 Base: 6%
	 Effective Percent: 31,98%
Vers
	 Rating: 11927
	 Multiplicative Factor: 0%
	 Eff: 14267
	 DR Bracket: 0
	 Base: 3%
	 Effective Percent: 18,29%
Leech
	 Rating: 2938
	 Multiplicative Factor: 0%
	 Eff: 2938
	 DR Bracket: 0
	 Base: 0%
	 Effective Percent: 2,88%
Avoidance
	 Rating: 546
	 Multiplicative Factor: 0%
	 Eff: 546
	 DR Bracket: 0
	 Base: 0%
	 Effective Percent: 1%
Mastery
	 Rating: 19003
	 Multiplicative Factor: 0%
	 Eff: 26003
	 DR Bracket: 0
	 Base: 7,28%
	 Effective Percent: 27,04%
----------------------
02:05,988

Intellect
	 Rating: 129787
	 Multiplicative Factor: 8,15%
	 Eff: 129787
Stamina
	 Rating: 782170
	 Multiplicative Factor: 9,2%
	 Eff: 782170
Crit
	 Rating: 11562
	 Multiplicative Factor: 0%
	 Eff: 15062
	 DR Bracket: 0
	 Base: 5%
	 Effective Percent: 21,52%
	 Crit Inc Heal: 2
	 Crit Inc Damage: 2
Haste
	 Rating: 16176
	 Multiplicative Factor: 0%
	 Eff: 21106,559999999998
	 DR Bracket: 0
	 Base: 6%
	 Effective Percent: 31,98%
Vers
	 Rating: 11927
	 Multiplicative Factor: 0%
	 Eff: 14267
	 DR Bracket: 0
	 Base: 3%
	 Effective Percent: 18,29%
Leech
	 Rating: 2938
	 Multiplicative Factor: 0%
	 Eff: 2938
	 DR Bracket: 0
	 Base: 0%
	 Effective Percent: 2,88%
Avoidance
	 Rating: 546
	 Multiplicative Factor: 0%
	 Eff: 546
	 DR Bracket: 0
	 Base: 0%
	 Effective Percent: 1%
Mastery
	 Rating: 19003
	 Multiplicative Factor: 0%
	 Eff: 26003
	 DR Bracket: 0
	 Base: 7,28%
	 Effective Percent: 27,04%
----------------------
02:11,014

Intellect
	 Rating: 129787
	 Multiplicative Factor: 8,15%
	 Eff: 129787
Stamina
	 Rating: 782170
	 Multiplicative Factor: 9,2%
	 Eff: 782170
Crit
	 Rating: 11562
	 Multiplicative Factor: 0%
	 Eff: 15062
	 DR Bracket: 0
	 Base: 5%
	 Effective Percent: 21,52%
	 Crit Inc Heal: 2
	 Crit Inc Damage: 2
Haste
	 Rating: 16176
	 Multiplicative Factor: 0%
	 Eff: 21106,559999999998
	 DR Bracket: 0
	 Base: 6%
	 Effective Percent: 31,98%
Vers
	 Rating: 11927
	 Multiplicative Factor: 0%
	 Eff: 14267
	 DR Bracket: 0
	 Base: 3%
	 Effective Percent: 18,29%
Leech
	 Rating: 2938
	 Multiplicative Factor: 0%
	 Eff: 2938
	 DR Bracket: 0
	 Base: 0%
	 Effective Percent: 2,88%
Avoidance
	 Rating: 546
	 Multiplicative Factor: 0%
	 Eff: 546
	 DR Bracket: 0
	 Base: 0%
	 Effective Percent: 1%
Mastery
	 Rating: 19003
	 Multiplicative Factor: 0%
	 Eff: 26003
	 DR Bracket: 0
	 Base: 7,28%
	 Effective Percent: 27,04%
----------------------
02:16,108

Intellect
	 Rating: 129787
	 Multiplicative Factor: 8,15%
	 Eff: 129787
Stamina
	 Rating: 782170
	 Multiplicative Factor: 9,2%
	 Eff: 782170
Crit
	 Rating: 11562
	 Multiplicative Factor: 0%
	 Eff: 15062
	 DR Bracket: 0
	 Base: 5%
	 Effective Percent: 21,52%
	 Crit Inc Heal: 2
	 Crit Inc Damage: 2
Haste
	 Rating: 16176
	 Multiplicative Factor: 0%
	 Eff: 21106,559999999998
	 DR Bracket: 0
	 Base: 6%
	 Effective Percent: 31,98%
Vers
	 Rating: 11927
	 Multiplicative Factor: 0%
	 Eff: 14267
	 DR Bracket: 0
	 Base: 3%
	 Effective Percent: 18,29%
Leech
	 Rating: 2938
	 Multiplicative Factor: 0%
	 Eff: 2938
	 DR Bracket: 0
	 Base: 0%
	 Effective Percent: 2,88%
Avoidance
	 Rating: 546
	 Multiplicative Factor: 0%
	 Eff: 546
	 DR Bracket: 0
	 Base: 0%
	 Effective Percent: 1%
Mastery
	 Rating: 19003
	 Multiplicative Factor: 0%
	 Eff: 26003
	 DR Bracket: 0
	 Base: 7,28%
	 Effective Percent: 27,04%
----------------------
02:21,111

Intellect
	 Rating: 129787
	 Multiplicative Factor: 8,15%
	 Eff: 129787
Stamina
	 Rating: 782170
	 Multiplicative Factor: 9,2%
	 Eff: 782170
Crit
	 Rating: 11562
	 Multiplicative Factor: 0%
	 Eff: 15062
	 DR Bracket: 0
	 Base: 5%
	 Effective Percent: 21,52%
	 Crit Inc Heal: 2
	 Crit Inc Damage: 2
Haste
	 Rating: 16176
	 Multiplicative Factor: 0%
	 Eff: 21106,559999999998
	 DR Bracket: 0
	 Base: 6%
	 Effective Percent: 31,98%
Vers
	 Rating: 11927
	 Multiplicative Factor: 0%
	 Eff: 14267
	 DR Bracket: 0
	 Base: 3%
	 Effective Percent: 18,29%
Leech
	 Rating: 2938
	 Multiplicative Factor: 0%
	 Eff: 2938
	 DR Bracket: 0
	 Base: 0%
	 Effective Percent: 2,88%
Avoidance
	 Rating: 546
	 Multiplicative Factor: 0%
	 Eff: 546
	 DR Bracket: 0
	 Base: 0%
	 Effective Percent: 1%
Mastery
	 Rating: 19003
	 Multiplicative Factor: 0%
	 Eff: 26003
	 DR Bracket: 0
	 Base: 7,28%
	 Effective Percent: 27,04%
----------------------
02:26,138

Intellect
	 Rating: 129787
	 Multiplicative Factor: 8,15%
	 Eff: 129787
Stamina
	 Rating: 782170
	 Multiplicative Factor: 9,2%
	 Eff: 782170
Crit
	 Rating: 11562
	 Multiplicative Factor: 0%
	 Eff: 15062
	 DR Bracket: 0
	 Base: 5%
	 Effective Percent: 21,52%
	 Crit Inc Heal: 2
	 Crit Inc Damage: 2
Haste
	 Rating: 16176
	 Multiplicative Factor: 0%
	 Eff: 21106,559999999998
	 DR Bracket: 0
	 Base: 6%
	 Effective Percent: 31,98%
Vers
	 Rating: 11927
	 Multiplicative Factor: 0%
	 Eff: 14267
	 DR Bracket: 0
	 Base: 3%
	 Effective Percent: 18,29%
Leech
	 Rating: 2938
	 Multiplicative Factor: 0%
	 Eff: 2938
	 DR Bracket: 0
	 Base: 0%
	 Effective Percent: 2,88%
Avoidance
	 Rating: 546
	 Multiplicative Factor: 0%
	 Eff: 546
	 DR Bracket: 0
	 Base: 0%
	 Effective Percent: 1%
Mastery
	 Rating: 19003
	 Multiplicative Factor: 0%
	 Eff: 26003
	 DR Bracket: 0
	 Base: 7,28%
	 Effective Percent: 27,04%
----------------------
02:31,150

Intellect
	 Rating: 129787
	 Multiplicative Factor: 8,15%
	 Eff: 129787
Stamina
	 Rating: 782170
	 Multiplicative Factor: 9,2%
	 Eff: 782170
Crit
	 Rating: 11562
	 Multiplicative Factor: 0%
	 Eff: 15062
	 DR Bracket: 0
	 Base: 5%
	 Effective Percent: 21,52%
	 Crit Inc Heal: 2
	 Crit Inc Damage: 2
Haste
	 Rating: 16176
	 Multiplicative Factor: 0%
	 Eff: 21106,559999999998
	 DR Bracket: 0
	 Base: 6%
	 Effective Percent: 31,98%
Vers
	 Rating: 11927
	 Multiplicative Factor: 0%
	 Eff: 14267
	 DR Bracket: 0
	 Base: 3%
	 Effective Percent: 18,29%
Leech
	 Rating: 2938
	 Multiplicative Factor: 0%
	 Eff: 2938
	 DR Bracket: 0
	 Base: 0%
	 Effective Percent: 2,88%
Avoidance
	 Rating: 546
	 Multiplicative Factor: 0%
	 Eff: 546
	 DR Bracket: 0
	 Base: 0%
	 Effective Percent: 1%
Mastery
	 Rating: 19003
	 Multiplicative Factor: 0%
	 Eff: 26003
	 DR Bracket: 0
	 Base: 7,28%
	 Effective Percent: 27,04%
----------------------
02:36,153

Intellect
	 Rating: 129787
	 Multiplicative Factor: 8,15%
	 Eff: 129787
Stamina
	 Rating: 782170
	 Multiplicative Factor: 9,2%
	 Eff: 782170
Crit
	 Rating: 11562
	 Multiplicative Factor: 0%
	 Eff: 15062
	 DR Bracket: 0
	 Base: 5%
	 Effective Percent: 21,52%
	 Crit Inc Heal: 2
	 Crit Inc Damage: 2
Haste
	 Rating: 16176
	 Multiplicative Factor: 0%
	 Eff: 21106,559999999998
	 DR Bracket: 0
	 Base: 6%
	 Effective Percent: 31,98%
Vers
	 Rating: 11927
	 Multiplicative Factor: 0%
	 Eff: 14267
	 DR Bracket: 0
	 Base: 3%
	 Effective Percent: 18,29%
Leech
	 Rating: 2938
	 Multiplicative Factor: 0%
	 Eff: 2938
	 DR Bracket: 0
	 Base: 0%
	 Effective Percent: 2,88%
Avoidance
	 Rating: 546
	 Multiplicative Factor: 0%
	 Eff: 546
	 DR Bracket: 0
	 Base: 0%
	 Effective Percent: 1%
Mastery
	 Rating: 19003
	 Multiplicative Factor: 0%
	 Eff: 26003
	 DR Bracket: 0
	 Base: 7,28%
	 Effective Percent: 27,04%
----------------------
02:41,267

Intellect
	 Rating: 129787
	 Multiplicative Factor: 8,15%
	 Eff: 129787
Stamina
	 Rating: 782170
	 Multiplicative Factor: 9,2%
	 Eff: 782170
Crit
	 Rating: 11562
	 Multiplicative Factor: 0%
	 Eff: 15062
	 DR Bracket: 0
	 Base: 5%
	 Effective Percent: 21,52%
	 Crit Inc Heal: 2
	 Crit Inc Damage: 2
Haste
	 Rating: 16176
	 Multiplicative Factor: 0%
	 Eff: 21106,559999999998
	 DR Bracket: 0
	 Base: 6%
	 Effective Percent: 31,98%
Vers
	 Rating: 11927
	 Multiplicative Factor: 0%
	 Eff: 14267
	 DR Bracket: 0
	 Base: 3%
	 Effective Percent: 18,29%
Leech
	 Rating: 2938
	 Multiplicative Factor: 0%
	 Eff: 2938
	 DR Bracket: 0
	 Base: 0%
	 Effective Percent: 2,88%
Avoidance
	 Rating: 546
	 Multiplicative Factor: 0%
	 Eff: 546
	 DR Bracket: 0
	 Base: 0%
	 Effective Percent: 1%
Mastery
	 Rating: 19003
	 Multiplicative Factor: 0%
	 Eff: 26003
	 DR Bracket: 0
	 Base: 7,28%
	 Effective Percent: 27,04%
----------------------
02:46,335

Intellect
	 Rating: 129787
	 Multiplicative Factor: 8,15%
	 Eff: 129787
Stamina
	 Rating: 782170
	 Multiplicative Factor: 9,2%
	 Eff: 782170
Crit
	 Rating: 11562
	 Multiplicative Factor: 0%
	 Eff: 15062
	 DR Bracket: 0
	 Base: 5%
	 Effective Percent: 21,52%
	 Crit Inc Heal: 2
	 Crit Inc Damage: 2
Haste
	 Rating: 16176
	 Multiplicative Factor: 0%
	 Eff: 21106,559999999998
	 DR Bracket: 0
	 Base: 6%
	 Effective Percent: 31,98%
Vers
	 Rating: 11927
	 Multiplicative Factor: 0%
	 Eff: 14267
	 DR Bracket: 0
	 Base: 3%
	 Effective Percent: 18,29%
Leech
	 Rating: 2938
	 Multiplicative Factor: 0%
	 Eff: 2938
	 DR Bracket: 0
	 Base: 0%
	 Effective Percent: 2,88%
Avoidance
	 Rating: 546
	 Multiplicative Factor: 0%
	 Eff: 546
	 DR Bracket: 0
	 Base: 0%
	 Effective Percent: 1%
Mastery
	 Rating: 19003
	 Multiplicative Factor: 0%
	 Eff: 26003
	 DR Bracket: 0
	 Base: 7,28%
	 Effective Percent: 27,04%
----------------------
02:51,422

Intellect
	 Rating: 129787
	 Multiplicative Factor: 8,15%
	 Eff: 129787
Stamina
	 Rating: 782170
	 Multiplicative Factor: 9,2%
	 Eff: 782170
Crit
	 Rating: 11562
	 Multiplicative Factor: 0%
	 Eff: 15062
	 DR Bracket: 0
	 Base: 5%
	 Effective Percent: 21,52%
	 Crit Inc Heal: 2
	 Crit Inc Damage: 2
Haste
	 Rating: 16176
	 Multiplicative Factor: 0%
	 Eff: 21106,559999999998
	 DR Bracket: 0
	 Base: 6%
	 Effective Percent: 31,98%
Vers
	 Rating: 11927
	 Multiplicative Factor: 0%
	 Eff: 14267
	 DR Bracket: 0
	 Base: 3%
	 Effective Percent: 18,29%
Leech
	 Rating: 2938
	 Multiplicative Factor: 0%
	 Eff: 2938
	 DR Bracket: 0
	 Base: 0%
	 Effective Percent: 2,88%
Avoidance
	 Rating: 546
	 Multiplicative Factor: 0%
	 Eff: 546
	 DR Bracket: 0
	 Base: 0%
	 Effective Percent: 1%
Mastery
	 Rating: 19003
	 Multiplicative Factor: 0%
	 Eff: 26003
	 DR Bracket: 0
	 Base: 7,28%
	 Effective Percent: 27,04%
----------------------
02:56,436

Intellect
	 Rating: 129787
	 Multiplicative Factor: 8,15%
	 Eff: 129787
Stamina
	 Rating: 782170
	 Multiplicative Factor: 9,2%
	 Eff: 782170
Crit
	 Rating: 11562
	 Multiplicative Factor: 0%
	 Eff: 15062
	 DR Bracket: 0
	 Base: 5%
	 Effective Percent: 21,52%
	 Crit Inc Heal: 2
	 Crit Inc Damage: 2
Haste
	 Rating: 16176
	 Multiplicative Factor: 0%
	 Eff: 21106,559999999998
	 DR Bracket: 0
	 Base: 6%
	 Effective Percent: 31,98%
Vers
	 Rating: 11927
	 Multiplicative Factor: 0%
	 Eff: 14267
	 DR Bracket: 0
	 Base: 3%
	 Effective Percent: 18,29%
Leech
	 Rating: 2938
	 Multiplicative Factor: 0%
	 Eff: 2938
	 DR Bracket: 0
	 Base: 0%
	 Effective Percent: 2,88%
Avoidance
	 Rating: 546
	 Multiplicative Factor: 0%
	 Eff: 546
	 DR Bracket: 0
	 Base: 0%
	 Effective Percent: 1%
Mastery
	 Rating: 19003
	 Multiplicative Factor: 0%
	 Eff: 26003
	 DR Bracket: 0
	 Base: 7,28%
	 Effective Percent: 27,04%
----------------------
03:01,453

Intellect
	 Rating: 129787
	 Multiplicative Factor: 8,15%
	 Eff: 129787
Stamina
	 Rating: 782170
	 Multiplicative Factor: 9,2%
	 Eff: 782170
Crit
	 Rating: 11562
	 Multiplicative Factor: 0%
	 Eff: 15062
	 DR Bracket: 0
	 Base: 5%
	 Effective Percent: 21,52%
	 Crit Inc Heal: 2
	 Crit Inc Damage: 2
Haste
	 Rating: 16176
	 Multiplicative Factor: 0%
	 Eff: 16176
	 DR Bracket: 0
	 Base: 0%
	 Effective Percent: 24,51%
Vers
	 Rating: 11927
	 Multiplicative Factor: 0%
	 Eff: 18947
	 DR Bracket: 0
	 Base: 9%
	 Effective Percent: 24,29%
Leech
	 Rating: 2938
	 Multiplicative Factor: 0%
	 Eff: 2938
	 DR Bracket: 0
	 Base: 0%
	 Effective Percent: 2,88%
Avoidance
	 Rating: 546
	 Multiplicative Factor: 0%
	 Eff: 546
	 DR Bracket: 0
	 Base: 0%
	 Effective Percent: 1%
Mastery
	 Rating: 19003
	 Multiplicative Factor: 0%
	 Eff: 26003
	 DR Bracket: 0
	 Base: 7,28%
	 Effective Percent: 27,04%
----------------------
03:06,455

Intellect
	 Rating: 129787
	 Multiplicative Factor: 8,15%
	 Eff: 129787
Stamina
	 Rating: 782170
	 Multiplicative Factor: 9,2%
	 Eff: 782170
Crit
	 Rating: 11562
	 Multiplicative Factor: 0%
	 Eff: 15062
	 DR Bracket: 0
	 Base: 5%
	 Effective Percent: 21,52%
	 Crit Inc Heal: 2
	 Crit Inc Damage: 2
Haste
	 Rating: 16176
	 Multiplicative Factor: 0%
	 Eff: 21106,559999999998
	 DR Bracket: 0
	 Base: 6%
	 Effective Percent: 31,98%
Vers
	 Rating: 11927
	 Multiplicative Factor: 0%
	 Eff: 14267
	 DR Bracket: 0
	 Base: 3%
	 Effective Percent: 18,29%
Leech
	 Rating: 2938
	 Multiplicative Factor: 0%
	 Eff: 2938
	 DR Bracket: 0
	 Base: 0%
	 Effective Percent: 2,88%
Avoidance
	 Rating: 546
	 Multiplicative Factor: 0%
	 Eff: 546
	 DR Bracket: 0
	 Base: 0%
	 Effective Percent: 1%
Mastery
	 Rating: 19003
	 Multiplicative Factor: 0%
	 Eff: 26003
	 DR Bracket: 0
	 Base: 7,28%
	 Effective Percent: 27,04%
----------------------
03:11,504

Intellect
	 Rating: 129787
	 Multiplicative Factor: 8,15%
	 Eff: 129787
Stamina
	 Rating: 782170
	 Multiplicative Factor: 9,2%
	 Eff: 782170
Crit
	 Rating: 11562
	 Multiplicative Factor: 0%
	 Eff: 15062
	 DR Bracket: 0
	 Base: 5%
	 Effective Percent: 21,52%
	 Crit Inc Heal: 2
	 Crit Inc Damage: 2
Haste
	 Rating: 16176
	 Multiplicative Factor: 0%
	 Eff: 21106,559999999998
	 DR Bracket: 0
	 Base: 6%
	 Effective Percent: 31,98%
Vers
	 Rating: 11927
	 Multiplicative Factor: 0%
	 Eff: 14267
	 DR Bracket: 0
	 Base: 3%
	 Effective Percent: 18,29%
Leech
	 Rating: 2938
	 Multiplicative Factor: 0%
	 Eff: 2938
	 DR Bracket: 0
	 Base: 0%
	 Effective Percent: 2,88%
Avoidance
	 Rating: 546
	 Multiplicative Factor: 0%
	 Eff: 546
	 DR Bracket: 0
	 Base: 0%
	 Effective Percent: 1%
Mastery
	 Rating: 19003
	 Multiplicative Factor: 0%
	 Eff: 26003
	 DR Bracket: 0
	 Base: 7,28%
	 Effective Percent: 27,04%
----------------------
03:16,599

Intellect
	 Rating: 129787
	 Multiplicative Factor: 8,15%
	 Eff: 129787
Stamina
	 Rating: 782170
	 Multiplicative Factor: 9,2%
	 Eff: 782170
Crit
	 Rating: 11562
	 Multiplicative Factor: 0%
	 Eff: 15062
	 DR Bracket: 0
	 Base: 5%
	 Effective Percent: 21,52%
	 Crit Inc Heal: 2
	 Crit Inc Damage: 2
Haste
	 Rating: 16176
	 Multiplicative Factor: 0%
	 Eff: 21106,559999999998
	 DR Bracket: 0
	 Base: 6%
	 Effective Percent: 31,98%
Vers
	 Rating: 11927
	 Multiplicative Factor: 0%
	 Eff: 14267
	 DR Bracket: 0
	 Base: 3%
	 Effective Percent: 18,29%
Leech
	 Rating: 2938
	 Multiplicative Factor: 0%
	 Eff: 2938
	 DR Bracket: 0
	 Base: 0%
	 Effective Percent: 2,88%
Avoidance
	 Rating: 546
	 Multiplicative Factor: 0%
	 Eff: 546
	 DR Bracket: 0
	 Base: 0%
	 Effective Percent: 1%
Mastery
	 Rating: 19003
	 Multiplicative Factor: 0%
	 Eff: 26003
	 DR Bracket: 0
	 Base: 7,28%
	 Effective Percent: 27,04%
----------------------
03:21,647

Intellect
	 Rating: 129787
	 Multiplicative Factor: 8,15%
	 Eff: 129787
Stamina
	 Rating: 782170
	 Multiplicative Factor: 9,2%
	 Eff: 782170
Crit
	 Rating: 11562
	 Multiplicative Factor: 0%
	 Eff: 15062
	 DR Bracket: 0
	 Base: 5%
	 Effective Percent: 21,52%
	 Crit Inc Heal: 2
	 Crit Inc Damage: 2
Haste
	 Rating: 16176
	 Multiplicative Factor: 0%
	 Eff: 21106,559999999998
	 DR Bracket: 0
	 Base: 6%
	 Effective Percent: 31,98%
Vers
	 Rating: 11927
	 Multiplicative Factor: 0%
	 Eff: 14267
	 DR Bracket: 0
	 Base: 3%
	 Effective Percent: 18,29%
Leech
	 Rating: 2938
	 Multiplicative Factor: 0%
	 Eff: 2938
	 DR Bracket: 0
	 Base: 0%
	 Effective Percent: 2,88%
Avoidance
	 Rating: 546
	 Multiplicative Factor: 0%
	 Eff: 546
	 DR Bracket: 0
	 Base: 0%
	 Effective Percent: 1%
Mastery
	 Rating: 19003
	 Multiplicative Factor: 0%
	 Eff: 26003
	 DR Bracket: 0
	 Base: 7,28%
	 Effective Percent: 27,04%
----------------------
03:26,739

Intellect
	 Rating: 129787
	 Multiplicative Factor: 8,15%
	 Eff: 129787
Stamina
	 Rating: 782170
	 Multiplicative Factor: 9,2%
	 Eff: 782170
Crit
	 Rating: 11562
	 Multiplicative Factor: 0%
	 Eff: 15062
	 DR Bracket: 0
	 Base: 5%
	 Effective Percent: 21,52%
	 Crit Inc Heal: 2
	 Crit Inc Damage: 2
Haste
	 Rating: 16176
	 Multiplicative Factor: 0%
	 Eff: 21106,559999999998
	 DR Bracket: 0
	 Base: 6%
	 Effective Percent: 31,98%
Vers
	 Rating: 11927
	 Multiplicative Factor: 0%
	 Eff: 14267
	 DR Bracket: 0
	 Base: 3%
	 Effective Percent: 18,29%
Leech
	 Rating: 2938
	 Multiplicative Factor: 0%
	 Eff: 2938
	 DR Bracket: 0
	 Base: 0%
	 Effective Percent: 2,88%
Avoidance
	 Rating: 546
	 Multiplicative Factor: 0%
	 Eff: 546
	 DR Bracket: 0
	 Base: 0%
	 Effective Percent: 1%
Mastery
	 Rating: 19003
	 Multiplicative Factor: 0%
	 Eff: 26003
	 DR Bracket: 0
	 Base: 7,28%
	 Effective Percent: 27,04%
----------------------
03:31,739

Intellect
	 Rating: 129787
	 Multiplicative Factor: 8,15%
	 Eff: 129787
Stamina
	 Rating: 782170
	 Multiplicative Factor: 9,2%
	 Eff: 782170
Crit
	 Rating: 11562
	 Multiplicative Factor: 0%
	 Eff: 15062
	 DR Bracket: 0
	 Base: 5%
	 Effective Percent: 21,52%
	 Crit Inc Heal: 2
	 Crit Inc Damage: 2
Haste
	 Rating: 16176
	 Multiplicative Factor: 0%
	 Eff: 21106,559999999998
	 DR Bracket: 0
	 Base: 6%
	 Effective Percent: 31,98%
Vers
	 Rating: 11927
	 Multiplicative Factor: 0%
	 Eff: 14267
	 DR Bracket: 0
	 Base: 3%
	 Effective Percent: 18,29%
Leech
	 Rating: 2938
	 Multiplicative Factor: 0%
	 Eff: 2938
	 DR Bracket: 0
	 Base: 0%
	 Effective Percent: 2,88%
Avoidance
	 Rating: 546
	 Multiplicative Factor: 0%
	 Eff: 546
	 DR Bracket: 0
	 Base: 0%
	 Effective Percent: 1%
Mastery
	 Rating: 19003
	 Multiplicative Factor: 0%
	 Eff: 26003
	 DR Bracket: 0
	 Base: 7,28%
	 Effective Percent: 27,04%
----------------------
03:36,753

Intellect
	 Rating: 129787
	 Multiplicative Factor: 8,15%
	 Eff: 129787
Stamina
	 Rating: 782170
	 Multiplicative Factor: 9,2%
	 Eff: 782170
Crit
	 Rating: 11562
	 Multiplicative Factor: 0%
	 Eff: 15062
	 DR Bracket: 0
	 Base: 5%
	 Effective Percent: 21,52%
	 Crit Inc Heal: 2
	 Crit Inc Damage: 2
Haste
	 Rating: 16176
	 Multiplicative Factor: 0%
	 Eff: 21106,559999999998
	 DR Bracket: 0
	 Base: 6%
	 Effective Percent: 31,98%
Vers
	 Rating: 11927
	 Multiplicative Factor: 0%
	 Eff: 14267
	 DR Bracket: 0
	 Base: 3%
	 Effective Percent: 18,29%
Leech
	 Rating: 2938
	 Multiplicative Factor: 0%
	 Eff: 2938
	 DR Bracket: 0
	 Base: 0%
	 Effective Percent: 2,88%
Avoidance
	 Rating: 546
	 Multiplicative Factor: 0%
	 Eff: 546
	 DR Bracket: 0
	 Base: 0%
	 Effective Percent: 1%
Mastery
	 Rating: 19003
	 Multiplicative Factor: 0%
	 Eff: 26003
	 DR Bracket: 0
	 Base: 7,28%
	 Effective Percent: 27,04%
----------------------
03:41,967

Intellect
	 Rating: 129787
	 Multiplicative Factor: 8,15%
	 Eff: 129787
Stamina
	 Rating: 782170
	 Multiplicative Factor: 9,2%
	 Eff: 782170
Crit
	 Rating: 11562
	 Multiplicative Factor: 0%
	 Eff: 15062
	 DR Bracket: 0
	 Base: 5%
	 Effective Percent: 21,52%
	 Crit Inc Heal: 2
	 Crit Inc Damage: 2
Haste
	 Rating: 16176
	 Multiplicative Factor: 0%
	 Eff: 21106,559999999998
	 DR Bracket: 0
	 Base: 6%
	 Effective Percent: 31,98%
Vers
	 Rating: 11927
	 Multiplicative Factor: 0%
	 Eff: 14267
	 DR Bracket: 0
	 Base: 3%
	 Effective Percent: 18,29%
Leech
	 Rating: 2938
	 Multiplicative Factor: 0%
	 Eff: 2938
	 DR Bracket: 0
	 Base: 0%
	 Effective Percent: 2,88%
Avoidance
	 Rating: 546
	 Multiplicative Factor: 0%
	 Eff: 546
	 DR Bracket: 0
	 Base: 0%
	 Effective Percent: 1%
Mastery
	 Rating: 19003
	 Multiplicative Factor: 0%
	 Eff: 26003
	 DR Bracket: 0
	 Base: 7,28%
	 Effective Percent: 27,04%
----------------------
03:47,033

Intellect
	 Rating: 129787
	 Multiplicative Factor: 8,15%
	 Eff: 129787
Stamina
	 Rating: 782170
	 Multiplicative Factor: 9,2%
	 Eff: 782170
Crit
	 Rating: 11562
	 Multiplicative Factor: 0%
	 Eff: 15062
	 DR Bracket: 0
	 Base: 5%
	 Effective Percent: 21,52%
	 Crit Inc Heal: 2
	 Crit Inc Damage: 2
Haste
	 Rating: 16176
	 Multiplicative Factor: 0%
	 Eff: 21106,559999999998
	 DR Bracket: 0
	 Base: 6%
	 Effective Percent: 31,98%
Vers
	 Rating: 11927
	 Multiplicative Factor: 0%
	 Eff: 14267
	 DR Bracket: 0
	 Base: 3%
	 Effective Percent: 18,29%
Leech
	 Rating: 2938
	 Multiplicative Factor: 0%
	 Eff: 2938
	 DR Bracket: 0
	 Base: 0%
	 Effective Percent: 2,88%
Avoidance
	 Rating: 546
	 Multiplicative Factor: 0%
	 Eff: 546
	 DR Bracket: 0
	 Base: 0%
	 Effective Percent: 1%
Mastery
	 Rating: 19003
	 Multiplicative Factor: 0%
	 Eff: 26003
	 DR Bracket: 0
	 Base: 7,28%
	 Effective Percent: 27,04%
----------------------
03:52,036

Intellect
	 Rating: 129787
	 Multiplicative Factor: 8,15%
	 Eff: 129787
Stamina
	 Rating: 782170
	 Multiplicative Factor: 9,2%
	 Eff: 782170
Crit
	 Rating: 11562
	 Multiplicative Factor: 0%
	 Eff: 15062
	 DR Bracket: 0
	 Base: 5%
	 Effective Percent: 21,52%
	 Crit Inc Heal: 2
	 Crit Inc Damage: 2
Haste
	 Rating: 16176
	 Multiplicative Factor: 0%
	 Eff: 21106,559999999998
	 DR Bracket: 0
	 Base: 6%
	 Effective Percent: 31,98%
Vers
	 Rating: 11927
	 Multiplicative Factor: 0%
	 Eff: 14267
	 DR Bracket: 0
	 Base: 3%
	 Effective Percent: 18,29%
Leech
	 Rating: 2938
	 Multiplicative Factor: 0%
	 Eff: 2938
	 DR Bracket: 0
	 Base: 0%
	 Effective Percent: 2,88%
Avoidance
	 Rating: 546
	 Multiplicative Factor: 0%
	 Eff: 546
	 DR Bracket: 0
	 Base: 0%
	 Effective Percent: 1%
Mastery
	 Rating: 19003
	 Multiplicative Factor: 0%
	 Eff: 26003
	 DR Bracket: 0
	 Base: 7,28%
	 Effective Percent: 27,04%
----------------------
03:57,069

Intellect
	 Rating: 129787
	 Multiplicative Factor: 8,15%
	 Eff: 129787
Stamina
	 Rating: 782170
	 Multiplicative Factor: 9,2%
	 Eff: 782170
Crit
	 Rating: 11562
	 Multiplicative Factor: 0%
	 Eff: 15062
	 DR Bracket: 0
	 Base: 5%
	 Effective Percent: 21,52%
	 Crit Inc Heal: 2
	 Crit Inc Damage: 2
Haste
	 Rating: 16176
	 Multiplicative Factor: 0%
	 Eff: 21106,559999999998
	 DR Bracket: 0
	 Base: 6%
	 Effective Percent: 31,98%
Vers
	 Rating: 11927
	 Multiplicative Factor: 0%
	 Eff: 14267
	 DR Bracket: 0
	 Base: 3%
	 Effective Percent: 18,29%
Leech
	 Rating: 2938
	 Multiplicative Factor: 0%
	 Eff: 2938
	 DR Bracket: 0
	 Base: 0%
	 Effective Percent: 2,88%
Avoidance
	 Rating: 546
	 Multiplicative Factor: 0%
	 Eff: 546
	 DR Bracket: 0
	 Base: 0%
	 Effective Percent: 1%
Mastery
	 Rating: 19003
	 Multiplicative Factor: 0%
	 Eff: 26003
	 DR Bracket: 0
	 Base: 7,28%
	 Effective Percent: 27,04%
----------------------
04:02,077

Intellect
	 Rating: 129787
	 Multiplicative Factor: 8,15%
	 Eff: 129787
Stamina
	 Rating: 782170
	 Multiplicative Factor: 9,2%
	 Eff: 782170
Crit
	 Rating: 11562
	 Multiplicative Factor: 0%
	 Eff: 15062
	 DR Bracket: 0
	 Base: 5%
	 Effective Percent: 21,52%
	 Crit Inc Heal: 2
	 Crit Inc Damage: 2
Haste
	 Rating: 16176
	 Multiplicative Factor: 0%
	 Eff: 21106,559999999998
	 DR Bracket: 0
	 Base: 6%
	 Effective Percent: 31,98%
Vers
	 Rating: 11927
	 Multiplicative Factor: 0%
	 Eff: 14267
	 DR Bracket: 0
	 Base: 3%
	 Effective Percent: 18,29%
Leech
	 Rating: 2938
	 Multiplicative Factor: 0%
	 Eff: 2938
	 DR Bracket: 0
	 Base: 0%
	 Effective Percent: 2,88%
Avoidance
	 Rating: 546
	 Multiplicative Factor: 0%
	 Eff: 546
	 DR Bracket: 0
	 Base: 0%
	 Effective Percent: 1%
Mastery
	 Rating: 19003
	 Multiplicative Factor: 0%
	 Eff: 26003
	 DR Bracket: 0
	 Base: 7,28%
	 Effective Percent: 27,04%
----------------------
04:07,122

Intellect
	 Rating: 129787
	 Multiplicative Factor: 8,15%
	 Eff: 129787
Stamina
	 Rating: 782170
	 Multiplicative Factor: 9,2%
	 Eff: 782170
Crit
	 Rating: 11562
	 Multiplicative Factor: 0%
	 Eff: 15062
	 DR Bracket: 0
	 Base: 5%
	 Effective Percent: 21,52%
	 Crit Inc Heal: 2
	 Crit Inc Damage: 2
Haste
	 Rating: 16176
	 Multiplicative Factor: 0%
	 Eff: 21106,559999999998
	 DR Bracket: 0
	 Base: 6%
	 Effective Percent: 31,98%
Vers
	 Rating: 11927
	 Multiplicative Factor: 0%
	 Eff: 14267
	 DR Bracket: 0
	 Base: 3%
	 Effective Percent: 18,29%
Leech
	 Rating: 2938
	 Multiplicative Factor: 0%
	 Eff: 2938
	 DR Bracket: 0
	 Base: 0%
	 Effective Percent: 2,88%
Avoidance
	 Rating: 546
	 Multiplicative Factor: 0%
	 Eff: 546
	 DR Bracket: 0
	 Base: 0%
	 Effective Percent: 1%
Mastery
	 Rating: 19003
	 Multiplicative Factor: 0%
	 Eff: 26003
	 DR Bracket: 0
	 Base: 7,28%
	 Effective Percent: 27,04%
----------------------
04:12,126

Intellect
	 Rating: 129787
	 Multiplicative Factor: 8,15%
	 Eff: 129787
Stamina
	 Rating: 782170
	 Multiplicative Factor: 9,2%
	 Eff: 782170
Crit
	 Rating: 11562
	 Multiplicative Factor: 0%
	 Eff: 15062
	 DR Bracket: 0
	 Base: 5%
	 Effective Percent: 21,52%
	 Crit Inc Heal: 2
	 Crit Inc Damage: 2
Haste
	 Rating: 16176
	 Multiplicative Factor: 0%
	 Eff: 21106,559999999998
	 DR Bracket: 0
	 Base: 6%
	 Effective Percent: 31,98%
Vers
	 Rating: 11927
	 Multiplicative Factor: 0%
	 Eff: 14267
	 DR Bracket: 0
	 Base: 3%
	 Effective Percent: 18,29%
Leech
	 Rating: 2938
	 Multiplicative Factor: 0%
	 Eff: 2938
	 DR Bracket: 0
	 Base: 0%
	 Effective Percent: 2,88%
Avoidance
	 Rating: 546
	 Multiplicative Factor: 0%
	 Eff: 546
	 DR Bracket: 0
	 Base: 0%
	 Effective Percent: 1%
Mastery
	 Rating: 19003
	 Multiplicative Factor: 0%
	 Eff: 26003
	 DR Bracket: 0
	 Base: 7,28%
	 Effective Percent: 27,04%
----------------------
04:17,127

Intellect
	 Rating: 129787
	 Multiplicative Factor: 8,15%
	 Eff: 129787
Stamina
	 Rating: 782170
	 Multiplicative Factor: 9,2%
	 Eff: 782170
Crit
	 Rating: 11562
	 Multiplicative Factor: 0%
	 Eff: 15062
	 DR Bracket: 0
	 Base: 5%
	 Effective Percent: 21,52%
	 Crit Inc Heal: 2
	 Crit Inc Damage: 2
Haste
	 Rating: 16176
	 Multiplicative Factor: 0%
	 Eff: 21106,559999999998
	 DR Bracket: 0
	 Base: 6%
	 Effective Percent: 31,98%
Vers
	 Rating: 11927
	 Multiplicative Factor: 0%
	 Eff: 14267
	 DR Bracket: 0
	 Base: 3%
	 Effective Percent: 18,29%
Leech
	 Rating: 2938
	 Multiplicative Factor: 0%
	 Eff: 2938
	 DR Bracket: 0
	 Base: 0%
	 Effective Percent: 2,88%
Avoidance
	 Rating: 546
	 Multiplicative Factor: 0%
	 Eff: 546
	 DR Bracket: 0
	 Base: 0%
	 Effective Percent: 1%
Mastery
	 Rating: 19003
	 Multiplicative Factor: 0%
	 Eff: 26003
	 DR Bracket: 0
	 Base: 7,28%
	 Effective Percent: 27,04%
----------------------
04:22,136

Intellect
	 Rating: 129787
	 Multiplicative Factor: 8,15%
	 Eff: 129787
Stamina
	 Rating: 782170
	 Multiplicative Factor: 9,2%
	 Eff: 782170
Crit
	 Rating: 11562
	 Multiplicative Factor: 0%
	 Eff: 15062
	 DR Bracket: 0
	 Base: 5%
	 Effective Percent: 21,52%
	 Crit Inc Heal: 2
	 Crit Inc Damage: 2
Haste
	 Rating: 16176
	 Multiplicative Factor: 0%
	 Eff: 21106,559999999998
	 DR Bracket: 0
	 Base: 6%
	 Effective Percent: 31,98%
Vers
	 Rating: 11927
	 Multiplicative Factor: 0%
	 Eff: 14267
	 DR Bracket: 0
	 Base: 3%
	 Effective Percent: 18,29%
Leech
	 Rating: 2938
	 Multiplicative Factor: 0%
	 Eff: 2938
	 DR Bracket: 0
	 Base: 0%
	 Effective Percent: 2,88%
Avoidance
	 Rating: 546
	 Multiplicative Factor: 0%
	 Eff: 546
	 DR Bracket: 0
	 Base: 0%
	 Effective Percent: 1%
Mastery
	 Rating: 19003
	 Multiplicative Factor: 0%
	 Eff: 26003
	 DR Bracket: 0
	 Base: 7,28%
	 Effective Percent: 27,04%
----------------------
04:27,154

Intellect
	 Rating: 129787
	 Multiplicative Factor: 8,15%
	 Eff: 129787
Stamina
	 Rating: 782170
	 Multiplicative Factor: 9,2%
	 Eff: 782170
Crit
	 Rating: 11562
	 Multiplicative Factor: 0%
	 Eff: 15062
	 DR Bracket: 0
	 Base: 5%
	 Effective Percent: 21,52%
	 Crit Inc Heal: 2
	 Crit Inc Damage: 2
Haste
	 Rating: 16176
	 Multiplicative Factor: 0%
	 Eff: 21106,559999999998
	 DR Bracket: 0
	 Base: 6%
	 Effective Percent: 31,98%
Vers
	 Rating: 11927
	 Multiplicative Factor: 0%
	 Eff: 14267
	 DR Bracket: 0
	 Base: 3%
	 Effective Percent: 18,29%
Leech
	 Rating: 2938
	 Multiplicative Factor: 0%
	 Eff: 2938
	 DR Bracket: 0
	 Base: 0%
	 Effective Percent: 2,88%
Avoidance
	 Rating: 546
	 Multiplicative Factor: 0%
	 Eff: 546
	 DR Bracket: 0
	 Base: 0%
	 Effective Percent: 1%
Mastery
	 Rating: 19003
	 Multiplicative Factor: 0%
	 Eff: 26003
	 DR Bracket: 0
	 Base: 7,28%
	 Effective Percent: 27,04%
----------------------
04:32,211

Intellect
	 Rating: 129787
	 Multiplicative Factor: 8,15%
	 Eff: 129787
Stamina
	 Rating: 782170
	 Multiplicative Factor: 9,2%
	 Eff: 782170
Crit
	 Rating: 11562
	 Multiplicative Factor: 0%
	 Eff: 15062
	 DR Bracket: 0
	 Base: 5%
	 Effective Percent: 21,52%
	 Crit Inc Heal: 2
	 Crit Inc Damage: 2
Haste
	 Rating: 16176
	 Multiplicative Factor: 0%
	 Eff: 21106,559999999998
	 DR Bracket: 0
	 Base: 6%
	 Effective Percent: 31,98%
Vers
	 Rating: 11927
	 Multiplicative Factor: 0%
	 Eff: 14267
	 DR Bracket: 0
	 Base: 3%
	 Effective Percent: 18,29%
Leech
	 Rating: 2938
	 Multiplicative Factor: 0%
	 Eff: 2938
	 DR Bracket: 0
	 Base: 0%
	 Effective Percent: 2,88%
Avoidance
	 Rating: 546
	 Multiplicative Factor: 0%
	 Eff: 546
	 DR Bracket: 0
	 Base: 0%
	 Effective Percent: 1%
Mastery
	 Rating: 19003
	 Multiplicative Factor: 0%
	 Eff: 26003
	 DR Bracket: 0
	 Base: 7,28%
	 Effective Percent: 27,04%
----------------------
04:37,323

Intellect
	 Rating: 129787
	 Multiplicative Factor: 8,15%
	 Eff: 129787
Stamina
	 Rating: 782170
	 Multiplicative Factor: 9,2%
	 Eff: 782170
Crit
	 Rating: 11562
	 Multiplicative Factor: 0%
	 Eff: 15062
	 DR Bracket: 0
	 Base: 5%
	 Effective Percent: 21,52%
	 Crit Inc Heal: 2
	 Crit Inc Damage: 2
Haste
	 Rating: 16176
	 Multiplicative Factor: 0%
	 Eff: 21106,559999999998
	 DR Bracket: 0
	 Base: 6%
	 Effective Percent: 31,98%
Vers
	 Rating: 11927
	 Multiplicative Factor: 0%
	 Eff: 14267
	 DR Bracket: 0
	 Base: 3%
	 Effective Percent: 18,29%
Leech
	 Rating: 2938
	 Multiplicative Factor: 0%
	 Eff: 2938
	 DR Bracket: 0
	 Base: 0%
	 Effective Percent: 2,88%
Avoidance
	 Rating: 546
	 Multiplicative Factor: 0%
	 Eff: 546
	 DR Bracket: 0
	 Base: 0%
	 Effective Percent: 1%
Mastery
	 Rating: 19003
	 Multiplicative Factor: 0%
	 Eff: 26003
	 DR Bracket: 0
	 Base: 7,28%
	 Effective Percent: 27,04%
----------------------
04:42,427

Intellect
	 Rating: 129787
	 Multiplicative Factor: 8,15%
	 Eff: 129787
Stamina
	 Rating: 782170
	 Multiplicative Factor: 9,2%
	 Eff: 782170
Crit
	 Rating: 11562
	 Multiplicative Factor: 0%
	 Eff: 15062
	 DR Bracket: 0
	 Base: 5%
	 Effective Percent: 21,52%
	 Crit Inc Heal: 2
	 Crit Inc Damage: 2
Haste
	 Rating: 16176
	 Multiplicative Factor: 0%
	 Eff: 21106,559999999998
	 DR Bracket: 0
	 Base: 6%
	 Effective Percent: 31,98%
Vers
	 Rating: 11927
	 Multiplicative Factor: 0%
	 Eff: 14267
	 DR Bracket: 0
	 Base: 3%
	 Effective Percent: 18,29%
Leech
	 Rating: 2938
	 Multiplicative Factor: 0%
	 Eff: 2938
	 DR Bracket: 0
	 Base: 0%
	 Effective Percent: 2,88%
Avoidance
	 Rating: 546
	 Multiplicative Factor: 0%
	 Eff: 546
	 DR Bracket: 0
	 Base: 0%
	 Effective Percent: 1%
Mastery
	 Rating: 19003
	 Multiplicative Factor: 0%
	 Eff: 26003
	 DR Bracket: 0
	 Base: 7,28%
	 Effective Percent: 27,04%
----------------------
04:47,458

Intellect
	 Rating: 129787
	 Multiplicative Factor: 8,15%
	 Eff: 129787
Stamina
	 Rating: 782170
	 Multiplicative Factor: 9,2%
	 Eff: 782170
Crit
	 Rating: 11562
	 Multiplicative Factor: 0%
	 Eff: 15062
	 DR Bracket: 0
	 Base: 5%
	 Effective Percent: 21,52%
	 Crit Inc Heal: 2
	 Crit Inc Damage: 2
Haste
	 Rating: 16176
	 Multiplicative Factor: 0%
	 Eff: 21106,559999999998
	 DR Bracket: 0
	 Base: 6%
	 Effective Percent: 31,98%
Vers
	 Rating: 11927
	 Multiplicative Factor: 0%
	 Eff: 14267
	 DR Bracket: 0
	 Base: 3%
	 Effective Percent: 18,29%
Leech
	 Rating: 2938
	 Multiplicative Factor: 0%
	 Eff: 2938
	 DR Bracket: 0
	 Base: 0%
	 Effective Percent: 2,88%
Avoidance
	 Rating: 546
	 Multiplicative Factor: 0%
	 Eff: 546
	 DR Bracket: 0
	 Base: 0%
	 Effective Percent: 1%
Mastery
	 Rating: 19003
	 Multiplicative Factor: 0%
	 Eff: 26003
	 DR Bracket: 0
	 Base: 7,28%
	 Effective Percent: 27,04%
----------------------
04:52,469

Intellect
	 Rating: 129787
	 Multiplicative Factor: 8,15%
	 Eff: 129787
Stamina
	 Rating: 782170
	 Multiplicative Factor: 9,2%
	 Eff: 782170
Crit
	 Rating: 11562
	 Multiplicative Factor: 0%
	 Eff: 15062
	 DR Bracket: 0
	 Base: 5%
	 Effective Percent: 21,52%
	 Crit Inc Heal: 2
	 Crit Inc Damage: 2
Haste
	 Rating: 16176
	 Multiplicative Factor: 0%
	 Eff: 21106,559999999998
	 DR Bracket: 0
	 Base: 6%
	 Effective Percent: 31,98%
Vers
	 Rating: 11927
	 Multiplicative Factor: 0%
	 Eff: 14267
	 DR Bracket: 0
	 Base: 3%
	 Effective Percent: 18,29%
Leech
	 Rating: 2938
	 Multiplicative Factor: 0%
	 Eff: 2938
	 DR Bracket: 0
	 Base: 0%
	 Effective Percent: 2,88%
Avoidance
	 Rating: 546
	 Multiplicative Factor: 0%
	 Eff: 546
	 DR Bracket: 0
	 Base: 0%
	 Effective Percent: 1%
Mastery
	 Rating: 19003
	 Multiplicative Factor: 0%
	 Eff: 26003
	 DR Bracket: 0
	 Base: 7,28%
	 Effective Percent: 27,04%
----------------------
04:57,554

Intellect
	 Rating: 129787
	 Multiplicative Factor: 8,15%
	 Eff: 129787
Stamina
	 Rating: 782170
	 Multiplicative Factor: 9,2%
	 Eff: 782170
Crit
	 Rating: 11562
	 Multiplicative Factor: 0%
	 Eff: 15062
	 DR Bracket: 0
	 Base: 5%
	 Effective Percent: 21,52%
	 Crit Inc Heal: 2
	 Crit Inc Damage: 2
Haste
	 Rating: 16176
	 Multiplicative Factor: 0%
	 Eff: 21106,559999999998
	 DR Bracket: 0
	 Base: 6%
	 Effective Percent: 31,98%
Vers
	 Rating: 11927
	 Multiplicative Factor: 0%
	 Eff: 14267
	 DR Bracket: 0
	 Base: 3%
	 Effective Percent: 18,29%
Leech
	 Rating: 2938
	 Multiplicative Factor: 0%
	 Eff: 2938
	 DR Bracket: 0
	 Base: 0%
	 Effective Percent: 2,88%
Avoidance
	 Rating: 546
	 Multiplicative Factor: 0%
	 Eff: 546
	 DR Bracket: 0
	 Base: 0%
	 Effective Percent: 1%
Mastery
	 Rating: 19003
	 Multiplicative Factor: 0%
	 Eff: 26003
	 DR Bracket: 0
	 Base: 7,28%
	 Effective Percent: 27,04%
----------------------
05:02,554

Intellect
	 Rating: 129787
	 Multiplicative Factor: 8,15%
	 Eff: 129787
Stamina
	 Rating: 782170
	 Multiplicative Factor: 9,2%
	 Eff: 782170
Crit
	 Rating: 11562
	 Multiplicative Factor: 0%
	 Eff: 15062
	 DR Bracket: 0
	 Base: 5%
	 Effective Percent: 21,52%
	 Crit Inc Heal: 2
	 Crit Inc Damage: 2
Haste
	 Rating: 16176
	 Multiplicative Factor: 0%
	 Eff: 21106,559999999998
	 DR Bracket: 0
	 Base: 6%
	 Effective Percent: 31,98%
Vers
	 Rating: 11927
	 Multiplicative Factor: 0%
	 Eff: 14267
	 DR Bracket: 0
	 Base: 3%
	 Effective Percent: 18,29%
Leech
	 Rating: 2938
	 Multiplicative Factor: 0%
	 Eff: 2938
	 DR Bracket: 0
	 Base: 0%
	 Effective Percent: 2,88%
Avoidance
	 Rating: 546
	 Multiplicative Factor: 0%
	 Eff: 546
	 DR Bracket: 0
	 Base: 0%
	 Effective Percent: 1%
Mastery
	 Rating: 19003
	 Multiplicative Factor: 0%
	 Eff: 26003
	 DR Bracket: 0
	 Base: 7,28%
	 Effective Percent: 27,04%
----------------------
05:07,593

Intellect
	 Rating: 129787
	 Multiplicative Factor: 8,15%
	 Eff: 129787
Stamina
	 Rating: 782170
	 Multiplicative Factor: 9,2%
	 Eff: 782170
Crit
	 Rating: 11562
	 Multiplicative Factor: 0%
	 Eff: 15062
	 DR Bracket: 0
	 Base: 5%
	 Effective Percent: 21,52%
	 Crit Inc Heal: 2
	 Crit Inc Damage: 2
Haste
	 Rating: 16176
	 Multiplicative Factor: 0%
	 Eff: 21106,559999999998
	 DR Bracket: 0
	 Base: 6%
	 Effective Percent: 31,98%
Vers
	 Rating: 11927
	 Multiplicative Factor: 0%
	 Eff: 14267
	 DR Bracket: 0
	 Base: 3%
	 Effective Percent: 18,29%
Leech
	 Rating: 2938
	 Multiplicative Factor: 0%
	 Eff: 2938
	 DR Bracket: 0
	 Base: 0%
	 Effective Percent: 2,88%
Avoidance
	 Rating: 546
	 Multiplicative Factor: 0%
	 Eff: 546
	 DR Bracket: 0
	 Base: 0%
	 Effective Percent: 1%
Mastery
	 Rating: 19003
	 Multiplicative Factor: 0%
	 Eff: 26003
	 DR Bracket: 0
	 Base: 7,28%
	 Effective Percent: 27,04%
----------------------
05:12,598

Intellect
	 Rating: 129787
	 Multiplicative Factor: 8,15%
	 Eff: 129787
Stamina
	 Rating: 782170
	 Multiplicative Factor: 9,2%
	 Eff: 782170
Crit
	 Rating: 11562
	 Multiplicative Factor: 0%
	 Eff: 15062
	 DR Bracket: 0
	 Base: 5%
	 Effective Percent: 21,52%
	 Crit Inc Heal: 2
	 Crit Inc Damage: 2
Haste
	 Rating: 16176
	 Multiplicative Factor: 0%
	 Eff: 21106,559999999998
	 DR Bracket: 0
	 Base: 6%
	 Effective Percent: 31,98%
Vers
	 Rating: 11927
	 Multiplicative Factor: 0%
	 Eff: 14267
	 DR Bracket: 0
	 Base: 3%
	 Effective Percent: 18,29%
Leech
	 Rating: 2938
	 Multiplicative Factor: 0%
	 Eff: 2938
	 DR Bracket: 0
	 Base: 0%
	 Effective Percent: 2,88%
Avoidance
	 Rating: 546
	 Multiplicative Factor: 0%
	 Eff: 546
	 DR Bracket: 0
	 Base: 0%
	 Effective Percent: 1%
Mastery
	 Rating: 19003
	 Multiplicative Factor: 0%
	 Eff: 26003
	 DR Bracket: 0
	 Base: 7,28%
	 Effective Percent: 27,04%
----------------------
05:17,654

Intellect
	 Rating: 129787
	 Multiplicative Factor: 8,15%
	 Eff: 129787
Stamina
	 Rating: 782170
	 Multiplicative Factor: 9,2%
	 Eff: 782170
Crit
	 Rating: 11562
	 Multiplicative Factor: 0%
	 Eff: 15062
	 DR Bracket: 0
	 Base: 5%
	 Effective Percent: 21,52%
	 Crit Inc Heal: 2
	 Crit Inc Damage: 2
Haste
	 Rating: 16176
	 Multiplicative Factor: 0%
	 Eff: 21106,559999999998
	 DR Bracket: 0
	 Base: 6%
	 Effective Percent: 31,98%
Vers
	 Rating: 11927
	 Multiplicative Factor: 0%
	 Eff: 14267
	 DR Bracket: 0
	 Base: 3%
	 Effective Percent: 18,29%
Leech
	 Rating: 2938
	 Multiplicative Factor: 0%
	 Eff: 2938
	 DR Bracket: 0
	 Base: 0%
	 Effective Percent: 2,88%
Avoidance
	 Rating: 546
	 Multiplicative Factor: 0%
	 Eff: 546
	 DR Bracket: 0
	 Base: 0%
	 Effective Percent: 1%
Mastery
	 Rating: 19003
	 Multiplicative Factor: 0%
	 Eff: 26003
	 DR Bracket: 0
	 Base: 7,28%
	 Effective Percent: 27,04%
----------------------
05:22,668

Intellect
	 Rating: 129787
	 Multiplicative Factor: 8,15%
	 Eff: 129787
Stamina
	 Rating: 782170
	 Multiplicative Factor: 9,2%
	 Eff: 782170
Crit
	 Rating: 11562
	 Multiplicative Factor: 0%
	 Eff: 15062
	 DR Bracket: 0
	 Base: 5%
	 Effective Percent: 21,52%
	 Crit Inc Heal: 2
	 Crit Inc Damage: 2
Haste
	 Rating: 16176
	 Multiplicative Factor: 0%
	 Eff: 21106,559999999998
	 DR Bracket: 0
	 Base: 6%
	 Effective Percent: 31,98%
Vers
	 Rating: 11927
	 Multiplicative Factor: 0%
	 Eff: 14267
	 DR Bracket: 0
	 Base: 3%
	 Effective Percent: 18,29%
Leech
	 Rating: 2938
	 Multiplicative Factor: 0%
	 Eff: 2938
	 DR Bracket: 0
	 Base: 0%
	 Effective Percent: 2,88%
Avoidance
	 Rating: 546
	 Multiplicative Factor: 0%
	 Eff: 546
	 DR Bracket: 0
	 Base: 0%
	 Effective Percent: 1%
Mastery
	 Rating: 19003
	 Multiplicative Factor: 0%
	 Eff: 26003
	 DR Bracket: 0
	 Base: 7,28%
	 Effective Percent: 27,04%
----------------------
05:27,756

Intellect
	 Rating: 129787
	 Multiplicative Factor: 8,15%
	 Eff: 129787
Stamina
	 Rating: 782170
	 Multiplicative Factor: 9,2%
	 Eff: 782170
Crit
	 Rating: 11562
	 Multiplicative Factor: 0%
	 Eff: 15062
	 DR Bracket: 0
	 Base: 5%
	 Effective Percent: 21,52%
	 Crit Inc Heal: 2
	 Crit Inc Damage: 2
Haste
	 Rating: 16176
	 Multiplicative Factor: 0%
	 Eff: 21106,559999999998
	 DR Bracket: 0
	 Base: 6%
	 Effective Percent: 31,98%
Vers
	 Rating: 11927
	 Multiplicative Factor: 0%
	 Eff: 14267
	 DR Bracket: 0
	 Base: 3%
	 Effective Percent: 18,29%
Leech
	 Rating: 2938
	 Multiplicative Factor: 0%
	 Eff: 2938
	 DR Bracket: 0
	 Base: 0%
	 Effective Percent: 2,88%
Avoidance
	 Rating: 546
	 Multiplicative Factor: 0%
	 Eff: 546
	 DR Bracket: 0
	 Base: 0%
	 Effective Percent: 1%
Mastery
	 Rating: 19003
	 Multiplicative Factor: 0%
	 Eff: 26003
	 DR Bracket: 0
	 Base: 7,28%
	 Effective Percent: 27,04%
----------------------
05:32,912

Intellect
	 Rating: 129787
	 Multiplicative Factor: 8,15%
	 Eff: 129787
Stamina
	 Rating: 782170
	 Multiplicative Factor: 9,2%
	 Eff: 782170
Crit
	 Rating: 11562
	 Multiplicative Factor: 0%
	 Eff: 15062
	 DR Bracket: 0
	 Base: 5%
	 Effective Percent: 21,52%
	 Crit Inc Heal: 2
	 Crit Inc Damage: 2
Haste
	 Rating: 16176
	 Multiplicative Factor: 0%
	 Eff: 21106,559999999998
	 DR Bracket: 0
	 Base: 6%
	 Effective Percent: 31,98%
Vers
	 Rating: 11927
	 Multiplicative Factor: 0%
	 Eff: 14267
	 DR Bracket: 0
	 Base: 3%
	 Effective Percent: 18,29%
Leech
	 Rating: 2938
	 Multiplicative Factor: 0%
	 Eff: 2938
	 DR Bracket: 0
	 Base: 0%
	 Effective Percent: 2,88%
Avoidance
	 Rating: 546
	 Multiplicative Factor: 0%
	 Eff: 546
	 DR Bracket: 0
	 Base: 0%
	 Effective Percent: 1%
Mastery
	 Rating: 19003
	 Multiplicative Factor: 0%
	 Eff: 26003
	 DR Bracket: 0
	 Base: 7,28%
	 Effective Percent: 27,04%
----------------------
05:37,925

Intellect
	 Rating: 129787
	 Multiplicative Factor: 8,15%
	 Eff: 129787
Stamina
	 Rating: 782170
	 Multiplicative Factor: 9,2%
	 Eff: 782170
Crit
	 Rating: 11562
	 Multiplicative Factor: 0%
	 Eff: 15062
	 DR Bracket: 0
	 Base: 5%
	 Effective Percent: 21,52%
	 Crit Inc Heal: 2
	 Crit Inc Damage: 2
Haste
	 Rating: 16176
	 Multiplicative Factor: 0%
	 Eff: 21106,559999999998
	 DR Bracket: 0
	 Base: 6%
	 Effective Percent: 31,98%
Vers
	 Rating: 11927
	 Multiplicative Factor: 0%
	 Eff: 14267
	 DR Bracket: 0
	 Base: 3%
	 Effective Percent: 18,29%
Leech
	 Rating: 2938
	 Multiplicative Factor: 0%
	 Eff: 2938
	 DR Bracket: 0
	 Base: 0%
	 Effective Percent: 2,88%
Avoidance
	 Rating: 546
	 Multiplicative Factor: 0%
	 Eff: 546
	 DR Bracket: 0
	 Base: 0%
	 Effective Percent: 1%
Mastery
	 Rating: 19003
	 Multiplicative Factor: 0%
	 Eff: 26003
	 DR Bracket: 0
	 Base: 7,28%
	 Effective Percent: 27,04%
----------------------
05:42,980

Intellect
	 Rating: 129787
	 Multiplicative Factor: 8,15%
	 Eff: 129787
Stamina
	 Rating: 782170
	 Multiplicative Factor: 9,2%
	 Eff: 782170
Crit
	 Rating: 11562
	 Multiplicative Factor: 0%
	 Eff: 15062
	 DR Bracket: 0
	 Base: 5%
	 Effective Percent: 21,52%
	 Crit Inc Heal: 2
	 Crit Inc Damage: 2
Haste
	 Rating: 16176
	 Multiplicative Factor: 0%
	 Eff: 21106,559999999998
	 DR Bracket: 0
	 Base: 6%
	 Effective Percent: 31,98%
Vers
	 Rating: 11927
	 Multiplicative Factor: 0%
	 Eff: 14267
	 DR Bracket: 0
	 Base: 3%
	 Effective Percent: 18,29%
Leech
	 Rating: 2938
	 Multiplicative Factor: 0%
	 Eff: 2938
	 DR Bracket: 0
	 Base: 0%
	 Effective Percent: 2,88%
Avoidance
	 Rating: 546
	 Multiplicative Factor: 0%
	 Eff: 546
	 DR Bracket: 0
	 Base: 0%
	 Effective Percent: 1%
Mastery
	 Rating: 19003
	 Multiplicative Factor: 0%
	 Eff: 26003
	 DR Bracket: 0
	 Base: 7,28%
	 Effective Percent: 27,04%
----------------------
05:48,005

Intellect
	 Rating: 129787
	 Multiplicative Factor: 8,15%
	 Eff: 129787
Stamina
	 Rating: 782170
	 Multiplicative Factor: 9,2%
	 Eff: 782170
Crit
	 Rating: 11562
	 Multiplicative Factor: 0%
	 Eff: 15062
	 DR Bracket: 0
	 Base: 5%
	 Effective Percent: 21,52%
	 Crit Inc Heal: 2
	 Crit Inc Damage: 2
Haste
	 Rating: 16176
	 Multiplicative Factor: 0%
	 Eff: 21106,559999999998
	 DR Bracket: 0
	 Base: 6%
	 Effective Percent: 31,98%
Vers
	 Rating: 11927
	 Multiplicative Factor: 0%
	 Eff: 14267
	 DR Bracket: 0
	 Base: 3%
	 Effective Percent: 18,29%
Leech
	 Rating: 2938
	 Multiplicative Factor: 0%
	 Eff: 2938
	 DR Bracket: 0
	 Base: 0%
	 Effective Percent: 2,88%
Avoidance
	 Rating: 546
	 Multiplicative Factor: 0%
	 Eff: 546
	 DR Bracket: 0
	 Base: 0%
	 Effective Percent: 1%
Mastery
	 Rating: 19003
	 Multiplicative Factor: 0%
	 Eff: 26003
	 DR Bracket: 0
	 Base: 7,28%
	 Effective Percent: 27,04%
----------------------
05:53,022

Intellect
	 Rating: 129787
	 Multiplicative Factor: 8,15%
	 Eff: 129787
Stamina
	 Rating: 782170
	 Multiplicative Factor: 9,2%
	 Eff: 782170
Crit
	 Rating: 11562
	 Multiplicative Factor: 0%
	 Eff: 15062
	 DR Bracket: 0
	 Base: 5%
	 Effective Percent: 21,52%
	 Crit Inc Heal: 2
	 Crit Inc Damage: 2
Haste
	 Rating: 16176
	 Multiplicative Factor: 0%
	 Eff: 21106,559999999998
	 DR Bracket: 0
	 Base: 6%
	 Effective Percent: 31,98%
Vers
	 Rating: 11927
	 Multiplicative Factor: 0%
	 Eff: 14267
	 DR Bracket: 0
	 Base: 3%
	 Effective Percent: 18,29%
Leech
	 Rating: 2938
	 Multiplicative Factor: 0%
	 Eff: 2938
	 DR Bracket: 0
	 Base: 0%
	 Effective Percent: 2,88%
Avoidance
	 Rating: 546
	 Multiplicative Factor: 0%
	 Eff: 546
	 DR Bracket: 0
	 Base: 0%
	 Effective Percent: 1%
Mastery
	 Rating: 19003
	 Multiplicative Factor: 0%
	 Eff: 26003
	 DR Bracket: 0
	 Base: 7,28%
	 Effective Percent: 27,04%
----------------------
05:58,037

Intellect
	 Rating: 129787
	 Multiplicative Factor: 8,15%
	 Eff: 129787
Stamina
	 Rating: 782170
	 Multiplicative Factor: 9,2%
	 Eff: 782170
Crit
	 Rating: 11562
	 Multiplicative Factor: 0%
	 Eff: 15062
	 DR Bracket: 0
	 Base: 5%
	 Effective Percent: 21,52%
	 Crit Inc Heal: 2
	 Crit Inc Damage: 2
Haste
	 Rating: 16176
	 Multiplicative Factor: 0%
	 Eff: 21106,559999999998
	 DR Bracket: 0
	 Base: 6%
	 Effective Percent: 31,98%
Vers
	 Rating: 11927
	 Multiplicative Factor: 0%
	 Eff: 14267
	 DR Bracket: 0
	 Base: 3%
	 Effective Percent: 18,29%
Leech
	 Rating: 2938
	 Multiplicative Factor: 0%
	 Eff: 2938
	 DR Bracket: 0
	 Base: 0%
	 Effective Percent: 2,88%
Avoidance
	 Rating: 546
	 Multiplicative Factor: 0%
	 Eff: 546
	 DR Bracket: 0
	 Base: 0%
	 Effective Percent: 1%
Mastery
	 Rating: 19003
	 Multiplicative Factor: 0%
	 Eff: 26003
	 DR Bracket: 0
	 Base: 7,28%
	 Effective Percent: 27,04%
----------------------
06:03,126

Intellect
	 Rating: 129787
	 Multiplicative Factor: 8,15%
	 Eff: 129787
Stamina
	 Rating: 782170
	 Multiplicative Factor: 9,2%
	 Eff: 782170
Crit
	 Rating: 11562
	 Multiplicative Factor: 0%
	 Eff: 15062
	 DR Bracket: 0
	 Base: 5%
	 Effective Percent: 21,52%
	 Crit Inc Heal: 2
	 Crit Inc Damage: 2
Haste
	 Rating: 16176
	 Multiplicative Factor: 0%
	 Eff: 21106,559999999998
	 DR Bracket: 0
	 Base: 6%
	 Effective Percent: 31,98%
Vers
	 Rating: 11927
	 Multiplicative Factor: 0%
	 Eff: 14267
	 DR Bracket: 0
	 Base: 3%
	 Effective Percent: 18,29%
Leech
	 Rating: 2938
	 Multiplicative Factor: 0%
	 Eff: 2938
	 DR Bracket: 0
	 Base: 0%
	 Effective Percent: 2,88%
Avoidance
	 Rating: 546
	 Multiplicative Factor: 0%
	 Eff: 546
	 DR Bracket: 0
	 Base: 0%
	 Effective Percent: 1%
Mastery
	 Rating: 19003
	 Multiplicative Factor: 0%
	 Eff: 26003
	 DR Bracket: 0
	 Base: 7,28%
	 Effective Percent: 27,04%
----------------------
06:08,192

Intellect
	 Rating: 129787
	 Multiplicative Factor: 8,15%
	 Eff: 129787
Stamina
	 Rating: 782170
	 Multiplicative Factor: 9,2%
	 Eff: 782170
Crit
	 Rating: 11562
	 Multiplicative Factor: 0%
	 Eff: 15062
	 DR Bracket: 0
	 Base: 5%
	 Effective Percent: 21,52%
	 Crit Inc Heal: 2
	 Crit Inc Damage: 2
Haste
	 Rating: 16176
	 Multiplicative Factor: 0%
	 Eff: 21106,559999999998
	 DR Bracket: 0
	 Base: 6%
	 Effective Percent: 31,98%
Vers
	 Rating: 11927
	 Multiplicative Factor: 0%
	 Eff: 14267
	 DR Bracket: 0
	 Base: 3%
	 Effective Percent: 18,29%
Leech
	 Rating: 2938
	 Multiplicative Factor: 0%
	 Eff: 2938
	 DR Bracket: 0
	 Base: 0%
	 Effective Percent: 2,88%
Avoidance
	 Rating: 546
	 Multiplicative Factor: 0%
	 Eff: 546
	 DR Bracket: 0
	 Base: 0%
	 Effective Percent: 1%
Mastery
	 Rating: 19003
	 Multiplicative Factor: 0%
	 Eff: 26003
	 DR Bracket: 0
	 Base: 7,28%
	 Effective Percent: 27,04%
----------------------
06:13,199

Intellect
	 Rating: 129787
	 Multiplicative Factor: 8,15%
	 Eff: 129787
Stamina
	 Rating: 782170
	 Multiplicative Factor: 9,2%
	 Eff: 782170
Crit
	 Rating: 11562
	 Multiplicative Factor: 0%
	 Eff: 15062
	 DR Bracket: 0
	 Base: 5%
	 Effective Percent: 21,52%
	 Crit Inc Heal: 2
	 Crit Inc Damage: 2
Haste
	 Rating: 16176
	 Multiplicative Factor: 0%
	 Eff: 16176
	 DR Bracket: 0
	 Base: 0%
	 Effective Percent: 24,51%
Vers
	 Rating: 11927
	 Multiplicative Factor: 0%
	 Eff: 18947
	 DR Bracket: 0
	 Base: 9%
	 Effective Percent: 24,29%
Leech
	 Rating: 2938
	 Multiplicative Factor: 0%
	 Eff: 2938
	 DR Bracket: 0
	 Base: 0%
	 Effective Percent: 2,88%
Avoidance
	 Rating: 546
	 Multiplicative Factor: 0%
	 Eff: 546
	 DR Bracket: 0
	 Base: 0%
	 Effective Percent: 1%
Mastery
	 Rating: 19003
	 Multiplicative Factor: 0%
	 Eff: 26003
	 DR Bracket: 0
	 Base: 7,28%
	 Effective Percent: 27,04%
----------------------
06:18,205

Intellect
	 Rating: 129787
	 Multiplicative Factor: 8,15%
	 Eff: 129787
Stamina
	 Rating: 782170
	 Multiplicative Factor: 9,2%
	 Eff: 782170
Crit
	 Rating: 11562
	 Multiplicative Factor: 0%
	 Eff: 15062
	 DR Bracket: 0
	 Base: 5%
	 Effective Percent: 21,52%
	 Crit Inc Heal: 2
	 Crit Inc Damage: 2
Haste
	 Rating: 16176
	 Multiplicative Factor: 0%
	 Eff: 21106,559999999998
	 DR Bracket: 0
	 Base: 6%
	 Effective Percent: 31,98%
Vers
	 Rating: 11927
	 Multiplicative Factor: 0%
	 Eff: 14267
	 DR Bracket: 0
	 Base: 3%
	 Effective Percent: 18,29%
Leech
	 Rating: 2938
	 Multiplicative Factor: 0%
	 Eff: 2938
	 DR Bracket: 0
	 Base: 0%
	 Effective Percent: 2,88%
Avoidance
	 Rating: 546
	 Multiplicative Factor: 0%
	 Eff: 546
	 DR Bracket: 0
	 Base: 0%
	 Effective Percent: 1%
Mastery
	 Rating: 19003
	 Multiplicative Factor: 0%
	 Eff: 26003
	 DR Bracket: 0
	 Base: 7,28%
	 Effective Percent: 27,04%
----------------------
06:23,252

Intellect
	 Rating: 129787
	 Multiplicative Factor: 8,15%
	 Eff: 129787
Stamina
	 Rating: 782170
	 Multiplicative Factor: 9,2%
	 Eff: 782170
Crit
	 Rating: 11562
	 Multiplicative Factor: 0%
	 Eff: 15062
	 DR Bracket: 0
	 Base: 5%
	 Effective Percent: 21,52%
	 Crit Inc Heal: 2
	 Crit Inc Damage: 2
Haste
	 Rating: 16176
	 Multiplicative Factor: 0%
	 Eff: 21106,559999999998
	 DR Bracket: 0
	 Base: 6%
	 Effective Percent: 31,98%
Vers
	 Rating: 11927
	 Multiplicative Factor: 0%
	 Eff: 14267
	 DR Bracket: 0
	 Base: 3%
	 Effective Percent: 18,29%
Leech
	 Rating: 2938
	 Multiplicative Factor: 0%
	 Eff: 2938
	 DR Bracket: 0
	 Base: 0%
	 Effective Percent: 2,88%
Avoidance
	 Rating: 546
	 Multiplicative Factor: 0%
	 Eff: 546
	 DR Bracket: 0
	 Base: 0%
	 Effective Percent: 1%
Mastery
	 Rating: 19003
	 Multiplicative Factor: 0%
	 Eff: 26003
	 DR Bracket: 0
	 Base: 7,28%
	 Effective Percent: 27,04%
----------------------
06:28,275

Intellect
	 Rating: 129787
	 Multiplicative Factor: 8,15%
	 Eff: 129787
Stamina
	 Rating: 782170
	 Multiplicative Factor: 9,2%
	 Eff: 782170
Crit
	 Rating: 11562
	 Multiplicative Factor: 0%
	 Eff: 15062
	 DR Bracket: 0
	 Base: 5%
	 Effective Percent: 21,52%
	 Crit Inc Heal: 2
	 Crit Inc Damage: 2
Haste
	 Rating: 16176
	 Multiplicative Factor: 0%
	 Eff: 21106,559999999998
	 DR Bracket: 0
	 Base: 6%
	 Effective Percent: 31,98%
Vers
	 Rating: 11927
	 Multiplicative Factor: 0%
	 Eff: 14267
	 DR Bracket: 0
	 Base: 3%
	 Effective Percent: 18,29%
Leech
	 Rating: 2938
	 Multiplicative Factor: 0%
	 Eff: 2938
	 DR Bracket: 0
	 Base: 0%
	 Effective Percent: 2,88%
Avoidance
	 Rating: 546
	 Multiplicative Factor: 0%
	 Eff: 546
	 DR Bracket: 0
	 Base: 0%
	 Effective Percent: 1%
Mastery
	 Rating: 19003
	 Multiplicative Factor: 0%
	 Eff: 26003
	 DR Bracket: 0
	 Base: 7,28%
	 Effective Percent: 27,04%
----------------------
06:33,280

Intellect
	 Rating: 129787
	 Multiplicative Factor: 8,15%
	 Eff: 129787
Stamina
	 Rating: 782170
	 Multiplicative Factor: 9,2%
	 Eff: 782170
Crit
	 Rating: 11562
	 Multiplicative Factor: 0%
	 Eff: 15062
	 DR Bracket: 0
	 Base: 5%
	 Effective Percent: 21,52%
	 Crit Inc Heal: 2
	 Crit Inc Damage: 2
Haste
	 Rating: 16176
	 Multiplicative Factor: 0%
	 Eff: 21106,559999999998
	 DR Bracket: 0
	 Base: 6%
	 Effective Percent: 31,98%
Vers
	 Rating: 11927
	 Multiplicative Factor: 0%
	 Eff: 14267
	 DR Bracket: 0
	 Base: 3%
	 Effective Percent: 18,29%
Leech
	 Rating: 2938
	 Multiplicative Factor: 0%
	 Eff: 2938
	 DR Bracket: 0
	 Base: 0%
	 Effective Percent: 2,88%
Avoidance
	 Rating: 546
	 Multiplicative Factor: 0%
	 Eff: 546
	 DR Bracket: 0
	 Base: 0%
	 Effective Percent: 1%
Mastery
	 Rating: 19003
	 Multiplicative Factor: 0%
	 Eff: 26003
	 DR Bracket: 0
	 Base: 7,28%
	 Effective Percent: 27,04%
