-----------
Aessina's Renewal
-----------
Bear Form
-----------
Bloodseeker Vines
	Dmg: 3,8379428571497556
-----------
Bursting Growth
	Eff: 3687,513819429541
	Dmg: 7,1562285714026075
-----------
Cat Form
-----------
Convoke the Spirits
-----------
Cultivation
	Eff: 87,32536291984611
-----------
Cyclone
-----------
Dream Bloom
-----------
Dream of Cenarius
-----------
Efflorescence
	Eff: 499,19928303488746
-----------
Embrace of the Dream
-----------
Entangling Roots
-----------
Ferocious Bite
-----------
Flower Walk
	Eff: 15,675884610780285
-----------
Frenzied Regeneration
-----------
Heart of the Wild
-----------
Hibernate
-----------
Incapacitating Roar
-----------
Incarnation: Tree of Life
-----------
Ironfur
-----------
Lethal Preservation
-----------
Lifebloom
	Eff: 1113,8440690694258
-----------
Maim
-----------
Mangle
-----------
Mark of the Wild
-----------
Mass Entanglement
-----------
Matted Fur
-----------
Mighty Bash
-----------
Moonfire
	Dmg: 147,9337357145414
-----------
Moonkin Form
-----------
Mount Form
-----------
Nature's Cure
-----------
Nature's Swiftness
-----------
Nourish
-----------
Rake
	Dmg: 21,320728571459767
-----------
Rebirth
-----------
Regenerative Heartwood
-----------
Regrowth
	Eff: 2066,440476006748
-----------
Rejuvenation
	Eff: 2119,9678183035785
-----------
Rejuvenation (Germination)
	Eff: 524,9011446141033
-----------
Rip
-----------
Shred
-----------
Soothe
-----------
Stampeding Roar
-----------
Starfire
-----------
Starsurge
-----------
Sunfire
-----------
Symbiotic Blooms
	Eff: 4020,485704996769
-----------
Swiftmend
	Eff: 817,0889783797013
-----------
Swipe
-----------
Symbiotic Relationship
	Eff: 341,71908894457397
-----------
Thrash
	Dmg: 4,573242857143683
-----------
Thriving Vegetation
	Eff: 252,1082999999587
-----------
Tranquility
	Eff: 804,9028824544531
-----------
Travel Form
-----------
Treant Form
-----------
Typhoon
-----------
Ursol's Vortex
-----------
Verdancy
-----------
Wild Growth
	Eff: 3357,916468304403
-----------
Wrath
	Dmg: 53,39634285721695
-----------
Ysera's Gift
-----------
Leech
	Eff: 297,3304554644392
-----------
Blessing of Summer
-----------
Holy Bulwark
-----------
ZeroCIMDummy
-----------
Spring Blossoms
-----------
Grove Tending
-----------
Ethereal Reconstitution
	Eff: 437,9517601801536
-----------
Ethereal Guard
	Eff: 1142,1557564165614
-----------
Flourish
-----------
Spidersting
-----------
So'leah's Secret Technique
-----------
Nature's Vigil
-----------
Earthen Wall
-----------
Elemental Focusing Lens
-----------
Voidglass Barrier
-----------
Lightforged Blessing
-----------
Innervate
-----------
Spirit Link
-----------
Barkskin
-----------
Bombardments
