-----------
Aessina's Renewal
-----------
Bear Form
-----------
Bloodseeker Vines
	Dmg: 4,359034267894458
-----------
Bursting Growth
	Eff: 680,5654317874505
-----------
Cat Form
-----------
Convoke the Spirits
-----------
Cultivation
	Eff: 247,9356664612078
-----------
Cyclone
-----------
Dream Bloom
-----------
Dream of Cenarius
-----------
Efflorescence
	Eff: 553,8246708242781
-----------
Embrace of the Dream
-----------
Entangling Roots
-----------
Ferocious Bite
-----------
Flower Walk
	Eff: 3,078425557767332
-----------
Frenzied Regeneration
-----------
Heart of the Wild
-----------
Hibernate
-----------
Incapacitating Roar
-----------
Incarnation: Tree of Life
-----------
Ironfur
-----------
Lethal Preservation
-----------
Lifebloom
	Eff: 1086,7493070045275
-----------
Maim
-----------
Mangle
-----------
Mark of the Wild
-----------
Mass Entanglement
-----------
Matted Fur
-----------
Mighty Bash
-----------
Moonfire
	Dmg: 142,4261098133111
-----------
Moonkin Form
-----------
Mount Form
-----------
Nature's Cure
-----------
Nature's Swiftness
-----------
Nourish
-----------
Rake
	Dmg: 19,687122760908096
-----------
Rebirth
-----------
Regenerative Heartwood
-----------
Regrowth
	Eff: 7276,455062774239
-----------
Rejuvenation
	Eff: 6945,296278494997
-----------
Rejuvenation (Germination)
	Eff: 478,85096621911805
-----------
Rip
-----------
Shred
-----------
Soothe
-----------
Stampeding Roar
-----------
Starfire
-----------
Starsurge
-----------
Sunfire
-----------
Symbiotic Blooms
	Eff: 4804,469683725843
-----------
Swiftmend
	Eff: 206,4026014782139
-----------
Swipe
-----------
Symbiotic Relationship
	Eff: 496,16387136503226
-----------
Thrash
	Dmg: 3,0205534462664474
-----------
Thriving Vegetation
	Eff: 524,5392170317646
-----------
Tranquility
	Eff: 138,70611138648383
-----------
Travel Form
-----------
Treant Form
-----------
Typhoon
-----------
Ursol's Vortex
-----------
Verdancy
-----------
Wild Growth
	Eff: 4147,6901339667675
-----------
Wrath
-----------
Ysera's Gift
-----------
Leech
	Eff: 388,5618987647888
-----------
Blessing of Summer
-----------
Holy Bulwark
-----------
ZeroCIMDummy
-----------
Spring Blossoms
-----------
Grove Tending
-----------
Ethereal Reconstitution
	Eff: 527,3446261681383
-----------
Ethereal Guard
	Eff: 1077,886378019477
-----------
Flourish
-----------
Spidersting
-----------
So'leah's Secret Technique
-----------
Nature's Vigil
-----------
Earthen Wall
-----------
Elemental Focusing Lens
-----------
Voidglass Barrier
-----------
Lightforged Blessing
-----------
Innervate
-----------
Spirit Link
-----------
Barkskin
-----------
Bombardments
