-----------
Aessina's Renewal
-----------
Bear Form
-----------
Bloodseeker Vines
	Dmg: 2,9849056685343385
-----------
Bursting Growth
	Eff: 2544,2386203015126
	Dmg: 4,174241518805502
-----------
Cat Form
-----------
Convoke the Spirits
-----------
Cultivation
	Eff: 73,67224297506436
-----------
Cyclone
-----------
Dream Bloom
-----------
Dream of Cenarius
-----------
Efflorescence
	Eff: 344,45221279876023
-----------
Embrace of the Dream
-----------
Entangling Roots
-----------
Ferocious Bite
-----------
Flower Walk
	Eff: 13,01805617280479
-----------
Frenzied Regeneration
-----------
Heart of the Wild
-----------
Hibernate
-----------
Incapacitating Roar
-----------
Incarnation: Tree of Life
-----------
Ironfur
-----------
Lethal Preservation
-----------
Lifebloom
	Eff: 787,0602646569787
-----------
Maim
-----------
Mangle
-----------
Mark of the Wild
-----------
Mass Entanglement
-----------
Matted Fur
-----------
Mighty Bash
-----------
Moonfire
	Dmg: 108,17539029721047
-----------
Moonkin Form
-----------
Mount Form
-----------
Nature's Cure
-----------
Nature's Swiftness
-----------
Nourish
-----------
Rake
	Dmg: 15,47601526346989
-----------
Rebirth
-----------
Regenerative Heartwood
-----------
Regrowth
	Eff: 3058,31349242148
-----------
Rejuvenation
	Eff: 1612,547439998063
-----------
Rejuvenation (Germination)
	Eff: 364,432901758057
-----------
Rip
-----------
Shred
-----------
Soothe
-----------
Stampeding Roar
-----------
Starfire
-----------
Starsurge
-----------
Sunfire
-----------
Symbiotic Blooms
	Eff: 2839,438023003188
-----------
Swiftmend
	Eff: 733,6899016494572
-----------
Swipe
-----------
Symbiotic Relationship
	Eff: 244,7684702567292
-----------
Thrash
	Dmg: 3,0660096273199855
-----------
Thriving Vegetation
	Eff: 147,0552432180266
-----------
Tranquility
	Eff: 590,6996391783159
-----------
Travel Form
-----------
Treant Form
-----------
Typhoon
-----------
Ursol's Vortex
-----------
Verdancy
-----------
Wild Growth
	Eff: 2517,7895552295977
-----------
Wrath
	Dmg: 35,02735238120658
-----------
Ysera's Gift
-----------
Leech
	Eff: 200,2922899648463
-----------
Blessing of Summer
-----------
Holy Bulwark
-----------
ZeroCIMDummy
-----------
Lightforged Blessing
-----------
Spring Blossoms
-----------
Grove Tending
-----------
Ethereal Reconstitution
-----------
Ethereal Guard
-----------
Flourish
-----------
Spidersting
-----------
So'leah's Secret Technique
-----------
Nature's Vigil
-----------
Earthen Wall
-----------
Elemental Focusing Lens
-----------
Voidglass Barrier
-----------
Innervate
-----------
Spirit Link
-----------
Barkskin
-----------
Bombardments
