-----------
Aessina's Renewal
-----------
Bear Form
-----------
Bloodseeker Vines
-----------
Bursting Growth
	Eff: 3826,988463938143
-----------
Cat Form
-----------
Convoke the Spirits
-----------
Cultivation
	Eff: 149,820372937942
-----------
Cyclone
-----------
Dream Bloom
-----------
Dream of Cenarius
-----------
Efflorescence
	Eff: 510,29036219703323
-----------
Embrace of the Dream
-----------
Entangling Roots
-----------
Ferocious Bite
-----------
Flower Walk
	Eff: 18,69376991353056
-----------
Frenzied Regeneration
-----------
Heart of the Wild
-----------
Hibernate
-----------
Incapacitating Roar
-----------
Incarnation: Tree of Life
-----------
Ironfur
-----------
Lethal Preservation
-----------
Lifebloom
	Eff: 1717,771158479849
-----------
Maim
-----------
Mangle
-----------
Mark of the Wild
-----------
Mass Entanglement
-----------
Matted Fur
-----------
Mighty Bash
-----------
Moonfire
-----------
Moonkin Form
-----------
Mount Form
-----------
Nature's Cure
-----------
Nature's Swiftness
-----------
Nourish
-----------
Rake
-----------
Rebirth
-----------
Regenerative Heartwood
-----------
Regrowth
	Eff: 5732,749937133709
-----------
Rejuvenation
	Eff: 3008,976038969805
-----------
Rejuvenation (Germination)
	Eff: 787,4341237300787
-----------
Rip
-----------
Shred
-----------
Soothe
-----------
Stampeding Roar
-----------
Starfire
-----------
Starsurge
-----------
Sunfire
-----------
Symbiotic Blooms
	Eff: 5114,015982992811
-----------
Swiftmend
	Eff: 1377,7487724877137
-----------
Swipe
-----------
Symbiotic Relationship
	Eff: 492,60560345879753
-----------
Thrash
-----------
Thriving Vegetation
	Eff: 278,21735359274317
-----------
Tranquility
	Eff: 906,6814686997059
-----------
Travel Form
-----------
Treant Form
-----------
Typhoon
-----------
Ursol's Vortex
-----------
Verdancy
-----------
Wild Growth
	Eff: 4341,482486569164
-----------
Wrath
-----------
Ysera's Gift
-----------
Leech
	Eff: 333,82653307759165
-----------
Blessing of Summer
-----------
Holy Bulwark
-----------
ZeroCIMDummy
-----------
Lightforged Blessing
-----------
Spring Blossoms
-----------
Grove Tending
-----------
Ethereal Reconstitution
-----------
Ethereal Guard
-----------
Flourish
-----------
Spidersting
-----------
So'leah's Secret Technique
-----------
Nature's Vigil
-----------
Earthen Wall
-----------
Elemental Focusing Lens
-----------
Voidglass Barrier
-----------
Innervate
-----------
Spirit Link
-----------
Barkskin
-----------
Bombardments
