----------------------
00:00,824

Intellect
	 Rating: 129787
	 Multiplicative Factor: 8,15%
Stamina
	 Rating: 782170
	 Multiplicative Factor: 9,2%
Crit
	 Rating: 11562
	 Multiplicative Factor: 0%
	 DR Bracket: 0
	 Base: 5%
	 Effective Percent: 21,52%
	 Crit Inc Heal: 2
	 Crit Inc Damage: 2
Haste
	 Rating: 16176
	 Multiplicative Factor: 0%
	 DR Bracket: 0
	 Base: 36%
	 Effective Percent: 69,33%
Vers
	 Rating: 11927
	 Multiplicative Factor: 0%
	 DR Bracket: 0
	 Base: 3%
	 Effective Percent: 18,29%
Leech
	 Rating: 2938
	 Multiplicative Factor: 0%
	 DR Bracket: 0
	 Base: 0%
	 Effective Percent: 2,88%
Avoidance
	 Rating: 545
	 Multiplicative Factor: 0%
	 DR Bracket: 0
	 Base: 0%
	 Effective Percent: 1%
Mastery
	 Rating: 19003
	 Multiplicative Factor: 0%
	 DR Bracket: 0
	 Base: 19,63%
	 Effective Percent: 39,4%
----------------------
00:40,820

Intellect
	 Rating: 129787
	 Multiplicative Factor: 8,15%
Stamina
	 Rating: 782170
	 Multiplicative Factor: 9,2%
Crit
	 Rating: 11562
	 Multiplicative Factor: 0%
	 DR Bracket: 0
	 Base: 5%
	 Effective Percent: 21,52%
	 Crit Inc Heal: 2
	 Crit Inc Damage: 2
Haste
	 Rating: 16176
	 Multiplicative Factor: 0%
	 DR Bracket: 0
	 Base: 6%
	 Effective Percent: 31,98%
Vers
	 Rating: 11927
	 Multiplicative Factor: 0%
	 DR Bracket: 0
	 Base: 3%
	 Effective Percent: 18,29%
Leech
	 Rating: 2938
	 Multiplicative Factor: 0%
	 DR Bracket: 0
	 Base: 0%
	 Effective Percent: 2,88%
Avoidance
	 Rating: 545
	 Multiplicative Factor: 0%
	 DR Bracket: 0
	 Base: 0%
	 Effective Percent: 1%
Mastery
	 Rating: 19003
	 Multiplicative Factor: 0%
	 DR Bracket: 0
	 Base: 19,63%
	 Effective Percent: 39,4%
----------------------
02:34,720

Intellect
	 Rating: 129787
	 Multiplicative Factor: 8,15%
Stamina
	 Rating: 782170
	 Multiplicative Factor: 9,2%
Crit
	 Rating: 11562
	 Multiplicative Factor: 0%
	 DR Bracket: 0
	 Base: 5%
	 Effective Percent: 21,52%
	 Crit Inc Heal: 2
	 Crit Inc Damage: 2
Haste
	 Rating: 16176
	 Multiplicative Factor: 0%
	 DR Bracket: 0
	 Base: 6%
	 Effective Percent: 31,98%
Vers
	 Rating: 11927
	 Multiplicative Factor: 0%
	 DR Bracket: 0
	 Base: 3%
	 Effective Percent: 18,29%
Leech
	 Rating: 2938
	 Multiplicative Factor: 0%
	 DR Bracket: 0
	 Base: 0%
	 Effective Percent: 2,88%
Avoidance
	 Rating: 545
	 Multiplicative Factor: 0%
	 DR Bracket: 0
	 Base: 0%
	 Effective Percent: 1%
Mastery
	 Rating: 19003
	 Multiplicative Factor: 0%
	 DR Bracket: 0
	 Base: 18,18%
	 Effective Percent: 37,94%
----------------------
02:34,720

Intellect
	 Rating: 129787
	 Multiplicative Factor: 8,15%
Stamina
	 Rating: 782170
	 Multiplicative Factor: 9,2%
Crit
	 Rating: 11562
	 Multiplicative Factor: 0%
	 DR Bracket: 0
	 Base: 5%
	 Effective Percent: 21,52%
	 Crit Inc Heal: 2
	 Crit Inc Damage: 2
Haste
	 Rating: 16176
	 Multiplicative Factor: 0%
	 DR Bracket: 0
	 Base: 6%
	 Effective Percent: 31,98%
Vers
	 Rating: 11927
	 Multiplicative Factor: 0%
	 DR Bracket: 0
	 Base: 3%
	 Effective Percent: 18,29%
Leech
	 Rating: 2938
	 Multiplicative Factor: 0%
	 DR Bracket: 0
	 Base: 0%
	 Effective Percent: 2,88%
Avoidance
	 Rating: 545
	 Multiplicative Factor: 0%
	 DR Bracket: 0
	 Base: 0%
	 Effective Percent: 1%
Mastery
	 Rating: 19003
	 Multiplicative Factor: 0%
	 DR Bracket: 0
	 Base: 19,63%
	 Effective Percent: 39,4%
----------------------
02:59,760

Intellect
	 Rating: 129787
	 Multiplicative Factor: 8,15%
Stamina
	 Rating: 782170
	 Multiplicative Factor: 9,2%
Crit
	 Rating: 11562
	 Multiplicative Factor: 0%
	 DR Bracket: 0
	 Base: 5%
	 Effective Percent: 21,52%
	 Crit Inc Heal: 2
	 Crit Inc Damage: 2
Haste
	 Rating: 16176
	 Multiplicative Factor: 0%
	 DR Bracket: 0
	 Base: 6%
	 Effective Percent: 31,98%
Vers
	 Rating: 11927
	 Multiplicative Factor: 0%
	 DR Bracket: 0
	 Base: 9%
	 Effective Percent: 24,29%
Leech
	 Rating: 2938
	 Multiplicative Factor: 0%
	 DR Bracket: 0
	 Base: 0%
	 Effective Percent: 2,88%
Avoidance
	 Rating: 545
	 Multiplicative Factor: 0%
	 DR Bracket: 0
	 Base: 0%
	 Effective Percent: 1%
Mastery
	 Rating: 19003
	 Multiplicative Factor: 0%
	 DR Bracket: 0
	 Base: 19,63%
	 Effective Percent: 39,4%
----------------------
02:59,761

Intellect
	 Rating: 129787
	 Multiplicative Factor: 8,15%
Stamina
	 Rating: 782170
	 Multiplicative Factor: 9,2%
Crit
	 Rating: 11562
	 Multiplicative Factor: 0%
	 DR Bracket: 0
	 Base: 5%
	 Effective Percent: 21,52%
	 Crit Inc Heal: 2
	 Crit Inc Damage: 2
Haste
	 Rating: 16176
	 Multiplicative Factor: 0%
	 DR Bracket: 0
	 Base: 0%
	 Effective Percent: 24,51%
Vers
	 Rating: 11927
	 Multiplicative Factor: 0%
	 DR Bracket: 0
	 Base: 9%
	 Effective Percent: 24,29%
Leech
	 Rating: 2938
	 Multiplicative Factor: 0%
	 DR Bracket: 0
	 Base: 0%
	 Effective Percent: 2,88%
Avoidance
	 Rating: 545
	 Multiplicative Factor: 0%
	 DR Bracket: 0
	 Base: 0%
	 Effective Percent: 1%
Mastery
	 Rating: 19003
	 Multiplicative Factor: 0%
	 DR Bracket: 0
	 Base: 19,63%
	 Effective Percent: 39,4%
----------------------
03:02,138

Intellect
	 Rating: 129787
	 Multiplicative Factor: 8,15%
Stamina
	 Rating: 782170
	 Multiplicative Factor: 9,2%
Crit
	 Rating: 11562
	 Multiplicative Factor: 0%
	 DR Bracket: 0
	 Base: 5%
	 Effective Percent: 21,52%
	 Crit Inc Heal: 2
	 Crit Inc Damage: 2
Haste
	 Rating: 16176
	 Multiplicative Factor: 0%
	 DR Bracket: 0
	 Base: 0%
	 Effective Percent: 24,51%
Vers
	 Rating: 11927
	 Multiplicative Factor: 0%
	 DR Bracket: 0
	 Base: 3%
	 Effective Percent: 18,29%
Leech
	 Rating: 2938
	 Multiplicative Factor: 0%
	 DR Bracket: 0
	 Base: 0%
	 Effective Percent: 2,88%
Avoidance
	 Rating: 545
	 Multiplicative Factor: 0%
	 DR Bracket: 0
	 Base: 0%
	 Effective Percent: 1%
Mastery
	 Rating: 19003
	 Multiplicative Factor: 0%
	 DR Bracket: 0
	 Base: 19,63%
	 Effective Percent: 39,4%
----------------------
03:02,138

Intellect
	 Rating: 129787
	 Multiplicative Factor: 8,15%
Stamina
	 Rating: 782170
	 Multiplicative Factor: 9,2%
Crit
	 Rating: 11562
	 Multiplicative Factor: 0%
	 DR Bracket: 0
	 Base: 5%
	 Effective Percent: 21,52%
	 Crit Inc Heal: 2
	 Crit Inc Damage: 2
Haste
	 Rating: 16176
	 Multiplicative Factor: 0%
	 DR Bracket: 0
	 Base: 6%
	 Effective Percent: 31,98%
Vers
	 Rating: 11927
	 Multiplicative Factor: 0%
	 DR Bracket: 0
	 Base: 3%
	 Effective Percent: 18,29%
Leech
	 Rating: 2938
	 Multiplicative Factor: 0%
	 DR Bracket: 0
	 Base: 0%
	 Effective Percent: 2,88%
Avoidance
	 Rating: 545
	 Multiplicative Factor: 0%
	 DR Bracket: 0
	 Base: 0%
	 Effective Percent: 1%
Mastery
	 Rating: 19003
	 Multiplicative Factor: 0%
	 DR Bracket: 0
	 Base: 19,63%
	 Effective Percent: 39,4%
----------------------
04:32,883

Intellect
	 Rating: 129787
	 Multiplicative Factor: 8,15%
Stamina
	 Rating: 782170
	 Multiplicative Factor: 9,2%
Crit
	 Rating: 11562
	 Multiplicative Factor: 0%
	 DR Bracket: 0
	 Base: 5%
	 Effective Percent: 21,52%
	 Crit Inc Heal: 2
	 Crit Inc Damage: 2
Haste
	 Rating: 16176
	 Multiplicative Factor: 0%
	 DR Bracket: 0
	 Base: 6%
	 Effective Percent: 31,98%
Vers
	 Rating: 11927
	 Multiplicative Factor: 0%
	 DR Bracket: 0
	 Base: 3%
	 Effective Percent: 18,29%
Leech
	 Rating: 2938
	 Multiplicative Factor: 0%
	 DR Bracket: 0
	 Base: 0%
	 Effective Percent: 2,88%
Avoidance
	 Rating: 545
	 Multiplicative Factor: 0%
	 DR Bracket: 0
	 Base: 0%
	 Effective Percent: 1%
Mastery
	 Rating: 19003
	 Multiplicative Factor: 0%
	 DR Bracket: 0
	 Base: 18,18%
	 Effective Percent: 37,94%
----------------------
04:32,883

Intellect
	 Rating: 129787
	 Multiplicative Factor: 8,15%
Stamina
	 Rating: 782170
	 Multiplicative Factor: 9,2%
Crit
	 Rating: 11562
	 Multiplicative Factor: 0%
	 DR Bracket: 0
	 Base: 5%
	 Effective Percent: 21,52%
	 Crit Inc Heal: 2
	 Crit Inc Damage: 2
Haste
	 Rating: 16176
	 Multiplicative Factor: 0%
	 DR Bracket: 0
	 Base: 6%
	 Effective Percent: 31,98%
Vers
	 Rating: 11927
	 Multiplicative Factor: 0%
	 DR Bracket: 0
	 Base: 3%
	 Effective Percent: 18,29%
Leech
	 Rating: 2938
	 Multiplicative Factor: 0%
	 DR Bracket: 0
	 Base: 0%
	 Effective Percent: 2,88%
Avoidance
	 Rating: 545
	 Multiplicative Factor: 0%
	 DR Bracket: 0
	 Base: 0%
	 Effective Percent: 1%
Mastery
	 Rating: 19003
	 Multiplicative Factor: 0%
	 DR Bracket: 0
	 Base: 19,63%
	 Effective Percent: 39,4%
----------------------
06:12,295

Intellect
	 Rating: 129787
	 Multiplicative Factor: 8,15%
Stamina
	 Rating: 782170
	 Multiplicative Factor: 9,2%
Crit
	 Rating: 11562
	 Multiplicative Factor: 0%
	 DR Bracket: 0
	 Base: 5%
	 Effective Percent: 21,52%
	 Crit Inc Heal: 2
	 Crit Inc Damage: 2
Haste
	 Rating: 16176
	 Multiplicative Factor: 0%
	 DR Bracket: 0
	 Base: 6%
	 Effective Percent: 31,98%
Vers
	 Rating: 11927
	 Multiplicative Factor: 0%
	 DR Bracket: 0
	 Base: 9%
	 Effective Percent: 24,29%
Leech
	 Rating: 2938
	 Multiplicative Factor: 0%
	 DR Bracket: 0
	 Base: 0%
	 Effective Percent: 2,88%
Avoidance
	 Rating: 545
	 Multiplicative Factor: 0%
	 DR Bracket: 0
	 Base: 0%
	 Effective Percent: 1%
Mastery
	 Rating: 19003
	 Multiplicative Factor: 0%
	 DR Bracket: 0
	 Base: 19,63%
	 Effective Percent: 39,4%
----------------------
06:12,324

Intellect
	 Rating: 129787
	 Multiplicative Factor: 8,15%
Stamina
	 Rating: 782170
	 Multiplicative Factor: 9,2%
Crit
	 Rating: 11562
	 Multiplicative Factor: 0%
	 DR Bracket: 0
	 Base: 5%
	 Effective Percent: 21,52%
	 Crit Inc Heal: 2
	 Crit Inc Damage: 2
Haste
	 Rating: 16176
	 Multiplicative Factor: 0%
	 DR Bracket: 0
	 Base: 0%
	 Effective Percent: 24,51%
Vers
	 Rating: 11927
	 Multiplicative Factor: 0%
	 DR Bracket: 0
	 Base: 9%
	 Effective Percent: 24,29%
Leech
	 Rating: 2938
	 Multiplicative Factor: 0%
	 DR Bracket: 0
	 Base: 0%
	 Effective Percent: 2,88%
Avoidance
	 Rating: 545
	 Multiplicative Factor: 0%
	 DR Bracket: 0
	 Base: 0%
	 Effective Percent: 1%
Mastery
	 Rating: 19003
	 Multiplicative Factor: 0%
	 DR Bracket: 0
	 Base: 19,63%
	 Effective Percent: 39,4%
----------------------
06:15,945

Intellect
	 Rating: 129787
	 Multiplicative Factor: 8,15%
Stamina
	 Rating: 782170
	 Multiplicative Factor: 9,2%
Crit
	 Rating: 11562
	 Multiplicative Factor: 0%
	 DR Bracket: 0
	 Base: 5%
	 Effective Percent: 21,52%
	 Crit Inc Heal: 2
	 Crit Inc Damage: 2
Haste
	 Rating: 16176
	 Multiplicative Factor: 0%
	 DR Bracket: 0
	 Base: 0%
	 Effective Percent: 24,51%
Vers
	 Rating: 11927
	 Multiplicative Factor: 0%
	 DR Bracket: 0
	 Base: 3%
	 Effective Percent: 18,29%
Leech
	 Rating: 2938
	 Multiplicative Factor: 0%
	 DR Bracket: 0
	 Base: 0%
	 Effective Percent: 2,88%
Avoidance
	 Rating: 545
	 Multiplicative Factor: 0%
	 DR Bracket: 0
	 Base: 0%
	 Effective Percent: 1%
Mastery
	 Rating: 19003
	 Multiplicative Factor: 0%
	 DR Bracket: 0
	 Base: 19,63%
	 Effective Percent: 39,4%
----------------------
06:15,945

Intellect
	 Rating: 129787
	 Multiplicative Factor: 8,15%
Stamina
	 Rating: 782170
	 Multiplicative Factor: 9,2%
Crit
	 Rating: 11562
	 Multiplicative Factor: 0%
	 DR Bracket: 0
	 Base: 5%
	 Effective Percent: 21,52%
	 Crit Inc Heal: 2
	 Crit Inc Damage: 2
Haste
	 Rating: 16176
	 Multiplicative Factor: 0%
	 DR Bracket: 0
	 Base: 6%
	 Effective Percent: 31,98%
Vers
	 Rating: 11927
	 Multiplicative Factor: 0%
	 DR Bracket: 0
	 Base: 3%
	 Effective Percent: 18,29%
Leech
	 Rating: 2938
	 Multiplicative Factor: 0%
	 DR Bracket: 0
	 Base: 0%
	 Effective Percent: 2,88%
Avoidance
	 Rating: 545
	 Multiplicative Factor: 0%
	 DR Bracket: 0
	 Base: 0%
	 Effective Percent: 1%
Mastery
	 Rating: 19003
	 Multiplicative Factor: 0%
	 DR Bracket: 0
	 Base: 19,63%
	 Effective Percent: 39,4%
