-----------
Aessina's Renewal
-----------
Bear Form
-----------
Bloodseeker Vines
-----------
Bursting Growth
-----------
Cat Form
-----------
Convoke the Spirits
-----------
Cultivation
-----------
Cyclone
-----------
Dream Bloom
-----------
Dream of Cenarius
-----------
Efflorescence
-----------
Embrace of the Dream
-----------
Entangling Roots
-----------
Ferocious Bite
-----------
Flower Walk
-----------
Frenzied Regeneration
	Eff: 14,588698092935374
-----------
Heart of the Wild
-----------
Hibernate
-----------
Incapacitating Roar
-----------
Incarnation: Tree of Life
-----------
Ironfur
-----------
Lethal Preservation
	Eff: 4,166724757757038
-----------
Lifebloom
-----------
Maim
-----------
Mangle
-----------
Mark of the Wild
-----------
Mass Entanglement
-----------
Matted Fur
-----------
Mighty Bash
-----------
Moonfire
-----------
Moonkin Form
-----------
Mount Form
-----------
Nature's Cure
-----------
Nature's Swiftness
-----------
Nourish
-----------
Rake
-----------
Rebirth
-----------
Regenerative Heartwood
-----------
Regrowth
-----------
Rejuvenation
-----------
Rejuvenation (Germination)
-----------
Rip
-----------
Shred
-----------
Soothe
-----------
Stampeding Roar
-----------
Starfire
-----------
Starsurge
-----------
Sunfire
-----------
Symbiotic Blooms
-----------
Swiftmend
-----------
Swipe
-----------
Symbiotic Relationship
	Eff: 6,051614223465322
-----------
Thrash
-----------
Thriving Vegetation
-----------
Tranquility
-----------
Travel Form
-----------
Treant Form
-----------
Typhoon
-----------
Ursol's Vortex
-----------
Verdancy
-----------
Wild Growth
-----------
Wrath
-----------
Ysera's Gift
	Eff: 95,06504656080506
-----------
Leech
	Eff: 0,16619435150846584
-----------
Blessing of Summer
-----------
Holy Bulwark
-----------
ZeroCIMDummy
-----------
Lightforged Blessing
	SupEff: 1,0919999999168795
-----------
Spring Blossoms
-----------
Grove Tending
-----------
Ethereal Reconstitution
-----------
Ethereal Guard
-----------
Flourish
-----------
Spidersting
-----------
So'leah's Secret Technique
-----------
Nature's Vigil
-----------
Earthen Wall
-----------
Elemental Focusing Lens
-----------
Voidglass Barrier
-----------
Innervate
-----------
Spirit Link
-----------
Barkskin
-----------
Bombardments
