-----------
Aessina's Renewal
-----------
Bear Form
-----------
Bloodseeker Vines
	Dmg: 3,8822981130797416
-----------
Bursting Growth
	Eff: 3307,6745168051816
	Dmg: 5,429200039041461
-----------
Cat Form
-----------
Convoke the Spirits
-----------
Cultivation
	Eff: 95,82132289981928
-----------
Cyclone
-----------
Dream Bloom
-----------
Dream of Cenarius
-----------
Efflorescence
	Eff: 447,5270958252396
-----------
Embrace of the Dream
-----------
Entangling Roots
-----------
Ferocious Bite
-----------
Flower Walk
	Eff: 16,931849957225495
-----------
Frenzied Regeneration
-----------
Heart of the Wild
-----------
Hibernate
-----------
Incapacitating Roar
-----------
Incarnation: Tree of Life
-----------
Ironfur
-----------
Lethal Preservation
-----------
Lifebloom
	Eff: 1023,5569309988623
-----------
Maim
-----------
Mangle
-----------
Mark of the Wild
-----------
Mass Entanglement
-----------
Matted Fur
-----------
Mighty Bash
-----------
Moonfire
	Dmg: 140,55244999239312
-----------
Moonkin Form
-----------
Mount Form
-----------
Nature's Cure
-----------
Nature's Swiftness
-----------
Nourish
-----------
Rake
	Dmg: 20,12877843651222
-----------
Rebirth
-----------
Regenerative Heartwood
-----------
Regrowth
	Eff: 3976,5261265624727
-----------
Rejuvenation
	Eff: 2095,9801380637246
-----------
Rejuvenation (Germination)
	Eff: 473,9894316823784
-----------
Rip
-----------
Shred
-----------
Soothe
-----------
Stampeding Roar
-----------
Starfire
-----------
Starsurge
-----------
Sunfire
-----------
Symbiotic Blooms
	Eff: 3691,805359725622
-----------
Swiftmend
	Eff: 954,2689910797053
-----------
Swipe
-----------
Symbiotic Relationship
	Eff: 382,3373455978308
-----------
Thrash
	Dmg: 3,977885518912629
-----------
Thriving Vegetation
	Eff: 191,26644412396126
-----------
Tranquility
	Eff: 768,2896376825556
-----------
Travel Form
-----------
Treant Form
-----------
Typhoon
-----------
Ursol's Vortex
-----------
Verdancy
-----------
Wild Growth
	Eff: 3272,381327751824
-----------
Wrath
	Dmg: 45,558097694593016
-----------
Ysera's Gift
-----------
Leech
	Eff: 308,93816262412474
-----------
Blessing of Summer
-----------
Holy Bulwark
-----------
ZeroCIMDummy
-----------
Spring Blossoms
-----------
Grove Tending
-----------
Ethereal Reconstitution
	Eff: 469,67032633529743
-----------
Ethereal Guard
	Eff: 959,5351473744286
-----------
Flourish
-----------
Spidersting
-----------
So'leah's Secret Technique
-----------
Nature's Vigil
-----------
Earthen Wall
-----------
Elemental Focusing Lens
-----------
Voidglass Barrier
-----------
Lightforged Blessing
-----------
Innervate
-----------
Spirit Link
-----------
Barkskin
-----------
Bombardments
