----------------------
00:09,703

Intellect
	 Rating: 138812
	 Multiplicative Factor: 14,73%
Stamina
	 Rating: 872714
	 Multiplicative Factor: 11,3%
Crit
	 Rating: 27719
	 Multiplicative Factor: 0%
	 DR Bracket: 1
	 Base: 9%
	 Effective Percent: 47,64%
	 Crit Inc Heal: 2
	 Crit Inc Damage: 2
Haste
	 Rating: 16210
	 Multiplicative Factor: 0%
	 DR Bracket: 0
	 Base: 1%
	 Effective Percent: 25,81%
Vers
	 Rating: 15649
	 Multiplicative Factor: 0%
	 DR Bracket: 0
	 Base: 3%
	 Effective Percent: 23,06%
Leech
	 Rating: 5151
	 Multiplicative Factor: 0%
	 DR Bracket: 0
	 Base: 0%
	 Effective Percent: 5,05%
Avoidance
	 Rating: 0
	 Multiplicative Factor: 0%
	 DR Bracket: 0
	 Base: 0%
	 Effective Percent: 0%
Mastery
	 Rating: 4740
	 Multiplicative Factor: 0%
	 DR Bracket: 0
	 Base: 21%
	 Effective Percent: 31,16%
----------------------
00:15,728

Intellect
	 Rating: 138812
	 Multiplicative Factor: 14,73%
Stamina
	 Rating: 872714
	 Multiplicative Factor: 11,3%
Crit
	 Rating: 27719
	 Multiplicative Factor: 0%
	 DR Bracket: 1
	 Base: 9%
	 Effective Percent: 47,64%
	 Crit Inc Heal: 2
	 Crit Inc Damage: 2
Haste
	 Rating: 16210
	 Multiplicative Factor: 0%
	 DR Bracket: 0
	 Base: 2%
	 Effective Percent: 27,05%
Vers
	 Rating: 15649
	 Multiplicative Factor: 0%
	 DR Bracket: 0
	 Base: 3%
	 Effective Percent: 23,06%
Leech
	 Rating: 5151
	 Multiplicative Factor: 0%
	 DR Bracket: 0
	 Base: 0%
	 Effective Percent: 5,05%
Avoidance
	 Rating: 0
	 Multiplicative Factor: 0%
	 DR Bracket: 0
	 Base: 0%
	 Effective Percent: 0%
Mastery
	 Rating: 4740
	 Multiplicative Factor: 0%
	 DR Bracket: 0
	 Base: 21%
	 Effective Percent: 31,16%
----------------------
00:19,288

Intellect
	 Rating: 138812
	 Multiplicative Factor: 14,73%
Stamina
	 Rating: 872714
	 Multiplicative Factor: 11,3%
Crit
	 Rating: 27719
	 Multiplicative Factor: 0%
	 DR Bracket: 1
	 Base: 9%
	 Effective Percent: 47,64%
	 Crit Inc Heal: 2
	 Crit Inc Damage: 2
Haste
	 Rating: 16210
	 Multiplicative Factor: 0%
	 DR Bracket: 0
	 Base: 3%
	 Effective Percent: 28,3%
Vers
	 Rating: 15649
	 Multiplicative Factor: 0%
	 DR Bracket: 0
	 Base: 3%
	 Effective Percent: 23,06%
Leech
	 Rating: 5151
	 Multiplicative Factor: 0%
	 DR Bracket: 0
	 Base: 0%
	 Effective Percent: 5,05%
Avoidance
	 Rating: 0
	 Multiplicative Factor: 0%
	 DR Bracket: 0
	 Base: 0%
	 Effective Percent: 0%
Mastery
	 Rating: 4740
	 Multiplicative Factor: 0%
	 DR Bracket: 0
	 Base: 21%
	 Effective Percent: 31,16%
----------------------
00:26,332

Intellect
	 Rating: 138812
	 Multiplicative Factor: 14,73%
Stamina
	 Rating: 872714
	 Multiplicative Factor: 11,3%
Crit
	 Rating: 27719
	 Multiplicative Factor: 0%
	 DR Bracket: 1
	 Base: 9%
	 Effective Percent: 47,64%
	 Crit Inc Heal: 2
	 Crit Inc Damage: 2
Haste
	 Rating: 16210
	 Multiplicative Factor: 0%
	 DR Bracket: 0
	 Base: 4%
	 Effective Percent: 29,54%
Vers
	 Rating: 15649
	 Multiplicative Factor: 0%
	 DR Bracket: 0
	 Base: 3%
	 Effective Percent: 23,06%
Leech
	 Rating: 5151
	 Multiplicative Factor: 0%
	 DR Bracket: 0
	 Base: 0%
	 Effective Percent: 5,05%
Avoidance
	 Rating: 0
	 Multiplicative Factor: 0%
	 DR Bracket: 0
	 Base: 0%
	 Effective Percent: 0%
Mastery
	 Rating: 4740
	 Multiplicative Factor: 0%
	 DR Bracket: 0
	 Base: 21%
	 Effective Percent: 31,16%
----------------------
00:32,039

Intellect
	 Rating: 138812
	 Multiplicative Factor: 14,73%
Stamina
	 Rating: 872714
	 Multiplicative Factor: 11,3%
Crit
	 Rating: 27719
	 Multiplicative Factor: 0%
	 DR Bracket: 1
	 Base: 9%
	 Effective Percent: 47,64%
	 Crit Inc Heal: 2
	 Crit Inc Damage: 2
Haste
	 Rating: 16210
	 Multiplicative Factor: 0%
	 DR Bracket: 0
	 Base: 5%
	 Effective Percent: 30,79%
Vers
	 Rating: 15649
	 Multiplicative Factor: 0%
	 DR Bracket: 0
	 Base: 3%
	 Effective Percent: 23,06%
Leech
	 Rating: 5151
	 Multiplicative Factor: 0%
	 DR Bracket: 0
	 Base: 0%
	 Effective Percent: 5,05%
Avoidance
	 Rating: 0
	 Multiplicative Factor: 0%
	 DR Bracket: 0
	 Base: 0%
	 Effective Percent: 0%
Mastery
	 Rating: 4740
	 Multiplicative Factor: 0%
	 DR Bracket: 0
	 Base: 21%
	 Effective Percent: 31,16%
----------------------
00:51,885

Intellect
	 Rating: 138812
	 Multiplicative Factor: 14,73%
Stamina
	 Rating: 872714
	 Multiplicative Factor: 11,3%
Crit
	 Rating: 27719
	 Multiplicative Factor: 0%
	 DR Bracket: 1
	 Base: 9%
	 Effective Percent: 47,64%
	 Crit Inc Heal: 2
	 Crit Inc Damage: 2
Haste
	 Rating: 16210
	 Multiplicative Factor: 0%
	 DR Bracket: 0
	 Base: 5%
	 Effective Percent: 30,79%
Vers
	 Rating: 15649
	 Multiplicative Factor: 0%
	 DR Bracket: 0
	 Base: 3%
	 Effective Percent: 23,06%
Leech
	 Rating: 5151
	 Multiplicative Factor: 0%
	 DR Bracket: 0
	 Base: 0%
	 Effective Percent: 5,05%
Avoidance
	 Rating: 0
	 Multiplicative Factor: 0%
	 DR Bracket: 0
	 Base: 0%
	 Effective Percent: 0%
Mastery
	 Rating: 4740
	 Multiplicative Factor: 0%
	 DR Bracket: 0
	 Base: 21%
	 Effective Percent: 31,16%
----------------------
02:47,759

Intellect
	 Rating: 138812
	 Multiplicative Factor: 14,73%
Stamina
	 Rating: 872714
	 Multiplicative Factor: 11,3%
Crit
	 Rating: 27719
	 Multiplicative Factor: 0%
	 DR Bracket: 1
	 Base: 9%
	 Effective Percent: 47,64%
	 Crit Inc Heal: 2
	 Crit Inc Damage: 2
Haste
	 Rating: 16210
	 Multiplicative Factor: 0%
	 DR Bracket: 0
	 Base: 0%
	 Effective Percent: 24,56%
Vers
	 Rating: 15649
	 Multiplicative Factor: 0%
	 DR Bracket: 0
	 Base: 3%
	 Effective Percent: 23,06%
Leech
	 Rating: 5151
	 Multiplicative Factor: 0%
	 DR Bracket: 0
	 Base: 0%
	 Effective Percent: 5,05%
Avoidance
	 Rating: 0
	 Multiplicative Factor: 0%
	 DR Bracket: 0
	 Base: 0%
	 Effective Percent: 0%
Mastery
	 Rating: 4740
	 Multiplicative Factor: 0%
	 DR Bracket: 0
	 Base: 21%
	 Effective Percent: 31,16%
----------------------
03:10,345

Intellect
	 Rating: 138812
	 Multiplicative Factor: 14,73%
Stamina
	 Rating: 872714
	 Multiplicative Factor: 11,3%
Crit
	 Rating: 27719
	 Multiplicative Factor: 0%
	 DR Bracket: 1
	 Base: 9%
	 Effective Percent: 47,64%
	 Crit Inc Heal: 2
	 Crit Inc Damage: 2
Haste
	 Rating: 19533
	 Multiplicative Factor: 0%
	 DR Bracket: 0
	 Base: 0%
	 Effective Percent: 29,6%
Vers
	 Rating: 15649
	 Multiplicative Factor: 0%
	 DR Bracket: 0
	 Base: 3%
	 Effective Percent: 23,06%
Leech
	 Rating: 5151
	 Multiplicative Factor: 0%
	 DR Bracket: 0
	 Base: 0%
	 Effective Percent: 5,05%
Avoidance
	 Rating: 0
	 Multiplicative Factor: 0%
	 DR Bracket: 0
	 Base: 0%
	 Effective Percent: 0%
Mastery
	 Rating: 4740
	 Multiplicative Factor: 0%
	 DR Bracket: 0
	 Base: 21%
	 Effective Percent: 31,16%
----------------------
03:10,345

Intellect
	 Rating: 138812
	 Multiplicative Factor: 14,73%
Stamina
	 Rating: 916350
	 Multiplicative Factor: 16,87%
Crit
	 Rating: 27719
	 Multiplicative Factor: 0%
	 DR Bracket: 1
	 Base: 9%
	 Effective Percent: 47,64%
	 Crit Inc Heal: 2
	 Crit Inc Damage: 2
Haste
	 Rating: 19533
	 Multiplicative Factor: 0%
	 DR Bracket: 0
	 Base: 0%
	 Effective Percent: 29,6%
Vers
	 Rating: 15649
	 Multiplicative Factor: 0%
	 DR Bracket: 0
	 Base: 3%
	 Effective Percent: 23,06%
Leech
	 Rating: 5151
	 Multiplicative Factor: 0%
	 DR Bracket: 0
	 Base: 0%
	 Effective Percent: 5,05%
Avoidance
	 Rating: 0
	 Multiplicative Factor: 0%
	 DR Bracket: 0
	 Base: 0%
	 Effective Percent: 0%
Mastery
	 Rating: 4740
	 Multiplicative Factor: 0%
	 DR Bracket: 0
	 Base: 21%
	 Effective Percent: 31,16%
----------------------
00:00,000

Intellect
	 Rating: 138812
	 Multiplicative Factor: 14,73%
Stamina
	 Rating: 872714
	 Multiplicative Factor: 11,3%
Crit
	 Rating: 27719
	 Multiplicative Factor: 0%
	 DR Bracket: 1
	 Base: 9%
	 Effective Percent: 47,64%
	 Crit Inc Heal: 2
	 Crit Inc Damage: 2
Haste
	 Rating: 19533
	 Multiplicative Factor: 0%
	 DR Bracket: 0
	 Base: 0%
	 Effective Percent: 29,6%
Vers
	 Rating: 15649
	 Multiplicative Factor: 0%
	 DR Bracket: 0
	 Base: 3%
	 Effective Percent: 23,06%
Leech
	 Rating: 5151
	 Multiplicative Factor: 0%
	 DR Bracket: 0
	 Base: 0%
	 Effective Percent: 5,05%
Avoidance
	 Rating: 0
	 Multiplicative Factor: 0%
	 DR Bracket: 0
	 Base: 0%
	 Effective Percent: 0%
Mastery
	 Rating: 4740
	 Multiplicative Factor: 0%
	 DR Bracket: 0
	 Base: 21%
	 Effective Percent: 31,16%
----------------------
03:10,347

Intellect
	 Rating: 142976
	 Multiplicative Factor: 18,17%
Stamina
	 Rating: 872714
	 Multiplicative Factor: 11,3%
Crit
	 Rating: 27719
	 Multiplicative Factor: 0%
	 DR Bracket: 1
	 Base: 9%
	 Effective Percent: 47,64%
	 Crit Inc Heal: 2
	 Crit Inc Damage: 2
Haste
	 Rating: 19533
	 Multiplicative Factor: 0%
	 DR Bracket: 0
	 Base: 0%
	 Effective Percent: 29,6%
Vers
	 Rating: 15649
	 Multiplicative Factor: 0%
	 DR Bracket: 0
	 Base: 3%
	 Effective Percent: 23,06%
Leech
	 Rating: 5151
	 Multiplicative Factor: 0%
	 DR Bracket: 0
	 Base: 0%
	 Effective Percent: 5,05%
Avoidance
	 Rating: 0
	 Multiplicative Factor: 0%
	 DR Bracket: 0
	 Base: 0%
	 Effective Percent: 0%
Mastery
	 Rating: 4740
	 Multiplicative Factor: 0%
	 DR Bracket: 0
	 Base: 21%
	 Effective Percent: 31,16%
----------------------
00:00,000

Intellect
	 Rating: 138812
	 Multiplicative Factor: 14,73%
Stamina
	 Rating: 872714
	 Multiplicative Factor: 11,3%
Crit
	 Rating: 27719
	 Multiplicative Factor: 0%
	 DR Bracket: 1
	 Base: 9%
	 Effective Percent: 47,64%
	 Crit Inc Heal: 2
	 Crit Inc Damage: 2
Haste
	 Rating: 19533
	 Multiplicative Factor: 0%
	 DR Bracket: 0
	 Base: 0%
	 Effective Percent: 29,6%
Vers
	 Rating: 15649
	 Multiplicative Factor: 0%
	 DR Bracket: 0
	 Base: 3%
	 Effective Percent: 23,06%
Leech
	 Rating: 5151
	 Multiplicative Factor: 0%
	 DR Bracket: 0
	 Base: 0%
	 Effective Percent: 5,05%
Avoidance
	 Rating: 0
	 Multiplicative Factor: 0%
	 DR Bracket: 0
	 Base: 0%
	 Effective Percent: 0%
Mastery
	 Rating: 4740
	 Multiplicative Factor: 0%
	 DR Bracket: 0
	 Base: 21%
	 Effective Percent: 31,16%
----------------------
03:10,347

Intellect
	 Rating: 138812
	 Multiplicative Factor: 14,73%
Stamina
	 Rating: 872714
	 Multiplicative Factor: 11,3%
Crit
	 Rating: 27719
	 Multiplicative Factor: 0%
	 DR Bracket: 1
	 Base: 9%
	 Effective Percent: 47,64%
	 Crit Inc Heal: 2
	 Crit Inc Damage: 2
Haste
	 Rating: 19533
	 Multiplicative Factor: 0%
	 DR Bracket: 0
	 Base: 0%
	 Effective Percent: 29,6%
Vers
	 Rating: 15649
	 Multiplicative Factor: 0%
	 DR Bracket: 0
	 Base: 6%
	 Effective Percent: 26,06%
Leech
	 Rating: 5151
	 Multiplicative Factor: 0%
	 DR Bracket: 0
	 Base: 0%
	 Effective Percent: 5,05%
Avoidance
	 Rating: 0
	 Multiplicative Factor: 0%
	 DR Bracket: 0
	 Base: 0%
	 Effective Percent: 0%
Mastery
	 Rating: 4740
	 Multiplicative Factor: 0%
	 DR Bracket: 0
	 Base: 21%
	 Effective Percent: 31,16%
----------------------
00:00,000

Intellect
	 Rating: 138812
	 Multiplicative Factor: 14,73%
Stamina
	 Rating: 872714
	 Multiplicative Factor: 11,3%
Crit
	 Rating: 27719
	 Multiplicative Factor: 0%
	 DR Bracket: 1
	 Base: 9%
	 Effective Percent: 47,64%
	 Crit Inc Heal: 2
	 Crit Inc Damage: 2
Haste
	 Rating: 19533
	 Multiplicative Factor: 0%
	 DR Bracket: 0
	 Base: 0%
	 Effective Percent: 29,6%
Vers
	 Rating: 15649
	 Multiplicative Factor: 0%
	 DR Bracket: 0
	 Base: 3%
	 Effective Percent: 23,06%
Leech
	 Rating: 5151
	 Multiplicative Factor: 0%
	 DR Bracket: 0
	 Base: 0%
	 Effective Percent: 5,05%
Avoidance
	 Rating: 0
	 Multiplicative Factor: 0%
	 DR Bracket: 0
	 Base: 0%
	 Effective Percent: 0%
Mastery
	 Rating: 4740
	 Multiplicative Factor: 0%
	 DR Bracket: 0
	 Base: 21%
	 Effective Percent: 31,16%
----------------------
03:10,347

Intellect
	 Rating: 138812
	 Multiplicative Factor: 14,73%
Stamina
	 Rating: 872714
	 Multiplicative Factor: 11,3%
Crit
	 Rating: 27719
	 Multiplicative Factor: 0%
	 DR Bracket: 1
	 Base: 9%
	 Effective Percent: 47,64%
	 Crit Inc Heal: 2
	 Crit Inc Damage: 2
Haste
	 Rating: 19533
	 Multiplicative Factor: 0%
	 DR Bracket: 0
	 Base: 0%
	 Effective Percent: 29,6%
Vers
	 Rating: 15649
	 Multiplicative Factor: 0%
	 DR Bracket: 0
	 Base: 3%
	 Effective Percent: 23,06%
Leech
	 Rating: 5151
	 Multiplicative Factor: 0%
	 DR Bracket: 0
	 Base: 0%
	 Effective Percent: 5,05%
Avoidance
	 Rating: 0
	 Multiplicative Factor: 0%
	 DR Bracket: 0
	 Base: 0%
	 Effective Percent: 0%
Mastery
	 Rating: 4740
	 Multiplicative Factor: 0%
	 DR Bracket: 0
	 Base: 24%
	 Effective Percent: 34,16%
----------------------
00:00,000

Intellect
	 Rating: 138812
	 Multiplicative Factor: 14,73%
Stamina
	 Rating: 872714
	 Multiplicative Factor: 11,3%
Crit
	 Rating: 27719
	 Multiplicative Factor: 0%
	 DR Bracket: 1
	 Base: 9%
	 Effective Percent: 47,64%
	 Crit Inc Heal: 2
	 Crit Inc Damage: 2
Haste
	 Rating: 19533
	 Multiplicative Factor: 0%
	 DR Bracket: 0
	 Base: 0%
	 Effective Percent: 29,6%
Vers
	 Rating: 15649
	 Multiplicative Factor: 0%
	 DR Bracket: 0
	 Base: 3%
	 Effective Percent: 23,06%
Leech
	 Rating: 5151
	 Multiplicative Factor: 0%
	 DR Bracket: 0
	 Base: 0%
	 Effective Percent: 5,05%
Avoidance
	 Rating: 0
	 Multiplicative Factor: 0%
	 DR Bracket: 0
	 Base: 0%
	 Effective Percent: 0%
Mastery
	 Rating: 4740
	 Multiplicative Factor: 0%
	 DR Bracket: 0
	 Base: 21%
	 Effective Percent: 31,16%
----------------------
03:20,056

Intellect
	 Rating: 138812
	 Multiplicative Factor: 14,73%
Stamina
	 Rating: 872714
	 Multiplicative Factor: 11,3%
Crit
	 Rating: 27719
	 Multiplicative Factor: 0%
	 DR Bracket: 1
	 Base: 9%
	 Effective Percent: 47,64%
	 Crit Inc Heal: 2
	 Crit Inc Damage: 2
Haste
	 Rating: 19533
	 Multiplicative Factor: 0%
	 DR Bracket: 0
	 Base: 1%
	 Effective Percent: 30,89%
Vers
	 Rating: 15649
	 Multiplicative Factor: 0%
	 DR Bracket: 0
	 Base: 3%
	 Effective Percent: 23,06%
Leech
	 Rating: 5151
	 Multiplicative Factor: 0%
	 DR Bracket: 0
	 Base: 0%
	 Effective Percent: 5,05%
Avoidance
	 Rating: 0
	 Multiplicative Factor: 0%
	 DR Bracket: 0
	 Base: 0%
	 Effective Percent: 0%
Mastery
	 Rating: 4740
	 Multiplicative Factor: 0%
	 DR Bracket: 0
	 Base: 21%
	 Effective Percent: 31,16%
----------------------
03:26,043

Intellect
	 Rating: 138812
	 Multiplicative Factor: 14,73%
Stamina
	 Rating: 872714
	 Multiplicative Factor: 11,3%
Crit
	 Rating: 27719
	 Multiplicative Factor: 0%
	 DR Bracket: 1
	 Base: 9%
	 Effective Percent: 47,64%
	 Crit Inc Heal: 2
	 Crit Inc Damage: 2
Haste
	 Rating: 19533
	 Multiplicative Factor: 0%
	 DR Bracket: 0
	 Base: 2%
	 Effective Percent: 32,19%
Vers
	 Rating: 15649
	 Multiplicative Factor: 0%
	 DR Bracket: 0
	 Base: 3%
	 Effective Percent: 23,06%
Leech
	 Rating: 5151
	 Multiplicative Factor: 0%
	 DR Bracket: 0
	 Base: 0%
	 Effective Percent: 5,05%
Avoidance
	 Rating: 0
	 Multiplicative Factor: 0%
	 DR Bracket: 0
	 Base: 0%
	 Effective Percent: 0%
Mastery
	 Rating: 4740
	 Multiplicative Factor: 0%
	 DR Bracket: 0
	 Base: 21%
	 Effective Percent: 31,16%
----------------------
03:29,598

Intellect
	 Rating: 138812
	 Multiplicative Factor: 14,73%
Stamina
	 Rating: 872714
	 Multiplicative Factor: 11,3%
Crit
	 Rating: 27719
	 Multiplicative Factor: 0%
	 DR Bracket: 1
	 Base: 9%
	 Effective Percent: 47,64%
	 Crit Inc Heal: 2
	 Crit Inc Damage: 2
Haste
	 Rating: 19533
	 Multiplicative Factor: 0%
	 DR Bracket: 0
	 Base: 3%
	 Effective Percent: 33,48%
Vers
	 Rating: 15649
	 Multiplicative Factor: 0%
	 DR Bracket: 0
	 Base: 3%
	 Effective Percent: 23,06%
Leech
	 Rating: 5151
	 Multiplicative Factor: 0%
	 DR Bracket: 0
	 Base: 0%
	 Effective Percent: 5,05%
Avoidance
	 Rating: 0
	 Multiplicative Factor: 0%
	 DR Bracket: 0
	 Base: 0%
	 Effective Percent: 0%
Mastery
	 Rating: 4740
	 Multiplicative Factor: 0%
	 DR Bracket: 0
	 Base: 21%
	 Effective Percent: 31,16%
----------------------
03:34,299

Intellect
	 Rating: 138812
	 Multiplicative Factor: 14,73%
Stamina
	 Rating: 872714
	 Multiplicative Factor: 11,3%
Crit
	 Rating: 27719
	 Multiplicative Factor: 0%
	 DR Bracket: 1
	 Base: 9%
	 Effective Percent: 47,64%
	 Crit Inc Heal: 2
	 Crit Inc Damage: 2
Haste
	 Rating: 19533
	 Multiplicative Factor: 0%
	 DR Bracket: 0
	 Base: 4%
	 Effective Percent: 34,78%
Vers
	 Rating: 15649
	 Multiplicative Factor: 0%
	 DR Bracket: 0
	 Base: 3%
	 Effective Percent: 23,06%
Leech
	 Rating: 5151
	 Multiplicative Factor: 0%
	 DR Bracket: 0
	 Base: 0%
	 Effective Percent: 5,05%
Avoidance
	 Rating: 0
	 Multiplicative Factor: 0%
	 DR Bracket: 0
	 Base: 0%
	 Effective Percent: 0%
Mastery
	 Rating: 4740
	 Multiplicative Factor: 0%
	 DR Bracket: 0
	 Base: 21%
	 Effective Percent: 31,16%
----------------------
03:35,478

Intellect
	 Rating: 138812
	 Multiplicative Factor: 14,73%
Stamina
	 Rating: 872714
	 Multiplicative Factor: 11,3%
Crit
	 Rating: 27719
	 Multiplicative Factor: 0%
	 DR Bracket: 1
	 Base: 9%
	 Effective Percent: 47,64%
	 Crit Inc Heal: 2
	 Crit Inc Damage: 2
Haste
	 Rating: 19533
	 Multiplicative Factor: 0%
	 DR Bracket: 0
	 Base: 5%
	 Effective Percent: 36,08%
Vers
	 Rating: 15649
	 Multiplicative Factor: 0%
	 DR Bracket: 0
	 Base: 3%
	 Effective Percent: 23,06%
Leech
	 Rating: 5151
	 Multiplicative Factor: 0%
	 DR Bracket: 0
	 Base: 0%
	 Effective Percent: 5,05%
Avoidance
	 Rating: 0
	 Multiplicative Factor: 0%
	 DR Bracket: 0
	 Base: 0%
	 Effective Percent: 0%
Mastery
	 Rating: 4740
	 Multiplicative Factor: 0%
	 DR Bracket: 0
	 Base: 21%
	 Effective Percent: 31,16%
----------------------
04:13,915

Intellect
	 Rating: 138812
	 Multiplicative Factor: 14,73%
Stamina
	 Rating: 872714
	 Multiplicative Factor: 11,3%
Crit
	 Rating: 27719
	 Multiplicative Factor: 0%
	 DR Bracket: 1
	 Base: 9%
	 Effective Percent: 47,64%
	 Crit Inc Heal: 2
	 Crit Inc Damage: 2
Haste
	 Rating: 19533
	 Multiplicative Factor: 0%
	 DR Bracket: 0
	 Base: 0%
	 Effective Percent: 29,6%
Vers
	 Rating: 15649
	 Multiplicative Factor: 0%
	 DR Bracket: 0
	 Base: 3%
	 Effective Percent: 23,06%
Leech
	 Rating: 5151
	 Multiplicative Factor: 0%
	 DR Bracket: 0
	 Base: 0%
	 Effective Percent: 5,05%
Avoidance
	 Rating: 0
	 Multiplicative Factor: 0%
	 DR Bracket: 0
	 Base: 0%
	 Effective Percent: 0%
Mastery
	 Rating: 4740
	 Multiplicative Factor: 0%
	 DR Bracket: 0
	 Base: 21%
	 Effective Percent: 31,16%
----------------------
04:31,546

Intellect
	 Rating: 138812
	 Multiplicative Factor: 14,73%
Stamina
	 Rating: 872714
	 Multiplicative Factor: 11,3%
Crit
	 Rating: 27719
	 Multiplicative Factor: 0%
	 DR Bracket: 1
	 Base: 9%
	 Effective Percent: 47,64%
	 Crit Inc Heal: 2
	 Crit Inc Damage: 2
Haste
	 Rating: 19533
	 Multiplicative Factor: 0%
	 DR Bracket: 0
	 Base: 0%
	 Effective Percent: 29,6%
Vers
	 Rating: 15649
	 Multiplicative Factor: 0%
	 DR Bracket: 0
	 Base: 3%
	 Effective Percent: 23,06%
Leech
	 Rating: 5151
	 Multiplicative Factor: 0%
	 DR Bracket: 0
	 Base: 0%
	 Effective Percent: 5,05%
Avoidance
	 Rating: 0
	 Multiplicative Factor: 0%
	 DR Bracket: 0
	 Base: 0%
	 Effective Percent: 0%
Mastery
	 Rating: 4740
	 Multiplicative Factor: 0%
	 DR Bracket: 0
	 Base: 21%
	 Effective Percent: 31,16%
----------------------
04:34,200

Intellect
	 Rating: 138812
	 Multiplicative Factor: 14,73%
Stamina
	 Rating: 872714
	 Multiplicative Factor: 11,3%
Crit
	 Rating: 27719
	 Multiplicative Factor: 0%
	 DR Bracket: 1
	 Base: 9%
	 Effective Percent: 47,64%
	 Crit Inc Heal: 2
	 Crit Inc Damage: 2
Haste
	 Rating: 19533
	 Multiplicative Factor: 0%
	 DR Bracket: 0
	 Base: 30%
	 Effective Percent: 68,47%
Vers
	 Rating: 15649
	 Multiplicative Factor: 0%
	 DR Bracket: 0
	 Base: 3%
	 Effective Percent: 23,06%
Leech
	 Rating: 5151
	 Multiplicative Factor: 0%
	 DR Bracket: 0
	 Base: 0%
	 Effective Percent: 5,05%
Avoidance
	 Rating: 0
	 Multiplicative Factor: 0%
	 DR Bracket: 0
	 Base: 0%
	 Effective Percent: 0%
Mastery
	 Rating: 4740
	 Multiplicative Factor: 0%
	 DR Bracket: 0
	 Base: 21%
	 Effective Percent: 31,16%
----------------------
04:37,763

Intellect
	 Rating: 138812
	 Multiplicative Factor: 14,73%
Stamina
	 Rating: 872714
	 Multiplicative Factor: 11,3%
Crit
	 Rating: 27719
	 Multiplicative Factor: 0%
	 DR Bracket: 1
	 Base: 9%
	 Effective Percent: 47,64%
	 Crit Inc Heal: 2
	 Crit Inc Damage: 2
Haste
	 Rating: 19533
	 Multiplicative Factor: 0%
	 DR Bracket: 0
	 Base: 31%
	 Effective Percent: 69,77%
Vers
	 Rating: 15649
	 Multiplicative Factor: 0%
	 DR Bracket: 0
	 Base: 3%
	 Effective Percent: 23,06%
Leech
	 Rating: 5151
	 Multiplicative Factor: 0%
	 DR Bracket: 0
	 Base: 0%
	 Effective Percent: 5,05%
Avoidance
	 Rating: 0
	 Multiplicative Factor: 0%
	 DR Bracket: 0
	 Base: 0%
	 Effective Percent: 0%
Mastery
	 Rating: 4740
	 Multiplicative Factor: 0%
	 DR Bracket: 0
	 Base: 21%
	 Effective Percent: 31,16%
----------------------
04:41,434

Intellect
	 Rating: 138812
	 Multiplicative Factor: 14,73%
Stamina
	 Rating: 872714
	 Multiplicative Factor: 11,3%
Crit
	 Rating: 27719
	 Multiplicative Factor: 0%
	 DR Bracket: 1
	 Base: 9%
	 Effective Percent: 47,64%
	 Crit Inc Heal: 2
	 Crit Inc Damage: 2
Haste
	 Rating: 19533
	 Multiplicative Factor: 0%
	 DR Bracket: 0
	 Base: 32%
	 Effective Percent: 71,07%
Vers
	 Rating: 15649
	 Multiplicative Factor: 0%
	 DR Bracket: 0
	 Base: 3%
	 Effective Percent: 23,06%
Leech
	 Rating: 5151
	 Multiplicative Factor: 0%
	 DR Bracket: 0
	 Base: 0%
	 Effective Percent: 5,05%
Avoidance
	 Rating: 0
	 Multiplicative Factor: 0%
	 DR Bracket: 0
	 Base: 0%
	 Effective Percent: 0%
Mastery
	 Rating: 4740
	 Multiplicative Factor: 0%
	 DR Bracket: 0
	 Base: 21%
	 Effective Percent: 31,16%
----------------------
04:46,031

Intellect
	 Rating: 138812
	 Multiplicative Factor: 14,73%
Stamina
	 Rating: 872714
	 Multiplicative Factor: 11,3%
Crit
	 Rating: 27719
	 Multiplicative Factor: 0%
	 DR Bracket: 1
	 Base: 9%
	 Effective Percent: 47,64%
	 Crit Inc Heal: 2
	 Crit Inc Damage: 2
Haste
	 Rating: 19533
	 Multiplicative Factor: 0%
	 DR Bracket: 0
	 Base: 33%
	 Effective Percent: 72,36%
Vers
	 Rating: 15649
	 Multiplicative Factor: 0%
	 DR Bracket: 0
	 Base: 3%
	 Effective Percent: 23,06%
Leech
	 Rating: 5151
	 Multiplicative Factor: 0%
	 DR Bracket: 0
	 Base: 0%
	 Effective Percent: 5,05%
Avoidance
	 Rating: 0
	 Multiplicative Factor: 0%
	 DR Bracket: 0
	 Base: 0%
	 Effective Percent: 0%
Mastery
	 Rating: 4740
	 Multiplicative Factor: 0%
	 DR Bracket: 0
	 Base: 21%
	 Effective Percent: 31,16%
----------------------
04:49,643

Intellect
	 Rating: 138812
	 Multiplicative Factor: 14,73%
Stamina
	 Rating: 872714
	 Multiplicative Factor: 11,3%
Crit
	 Rating: 27719
	 Multiplicative Factor: 0%
	 DR Bracket: 1
	 Base: 9%
	 Effective Percent: 47,64%
	 Crit Inc Heal: 2
	 Crit Inc Damage: 2
Haste
	 Rating: 19533
	 Multiplicative Factor: 0%
	 DR Bracket: 0
	 Base: 34%
	 Effective Percent: 73,66%
Vers
	 Rating: 15649
	 Multiplicative Factor: 0%
	 DR Bracket: 0
	 Base: 3%
	 Effective Percent: 23,06%
Leech
	 Rating: 5151
	 Multiplicative Factor: 0%
	 DR Bracket: 0
	 Base: 0%
	 Effective Percent: 5,05%
Avoidance
	 Rating: 0
	 Multiplicative Factor: 0%
	 DR Bracket: 0
	 Base: 0%
	 Effective Percent: 0%
Mastery
	 Rating: 4740
	 Multiplicative Factor: 0%
	 DR Bracket: 0
	 Base: 21%
	 Effective Percent: 31,16%
----------------------
04:52,361

Intellect
	 Rating: 138812
	 Multiplicative Factor: 14,73%
Stamina
	 Rating: 872714
	 Multiplicative Factor: 11,3%
Crit
	 Rating: 27719
	 Multiplicative Factor: 0%
	 DR Bracket: 1
	 Base: 9%
	 Effective Percent: 47,64%
	 Crit Inc Heal: 2
	 Crit Inc Damage: 2
Haste
	 Rating: 19533
	 Multiplicative Factor: 0%
	 DR Bracket: 0
	 Base: 35%
	 Effective Percent: 74,95%
Vers
	 Rating: 15649
	 Multiplicative Factor: 0%
	 DR Bracket: 0
	 Base: 3%
	 Effective Percent: 23,06%
Leech
	 Rating: 5151
	 Multiplicative Factor: 0%
	 DR Bracket: 0
	 Base: 0%
	 Effective Percent: 5,05%
Avoidance
	 Rating: 0
	 Multiplicative Factor: 0%
	 DR Bracket: 0
	 Base: 0%
	 Effective Percent: 0%
Mastery
	 Rating: 4740
	 Multiplicative Factor: 0%
	 DR Bracket: 0
	 Base: 21%
	 Effective Percent: 31,16%
----------------------
05:14,207

Intellect
	 Rating: 138812
	 Multiplicative Factor: 14,73%
Stamina
	 Rating: 872714
	 Multiplicative Factor: 11,3%
Crit
	 Rating: 27719
	 Multiplicative Factor: 0%
	 DR Bracket: 1
	 Base: 9%
	 Effective Percent: 47,64%
	 Crit Inc Heal: 2
	 Crit Inc Damage: 2
Haste
	 Rating: 19533
	 Multiplicative Factor: 0%
	 DR Bracket: 0
	 Base: 5%
	 Effective Percent: 36,08%
Vers
	 Rating: 15649
	 Multiplicative Factor: 0%
	 DR Bracket: 0
	 Base: 3%
	 Effective Percent: 23,06%
Leech
	 Rating: 5151
	 Multiplicative Factor: 0%
	 DR Bracket: 0
	 Base: 0%
	 Effective Percent: 5,05%
Avoidance
	 Rating: 0
	 Multiplicative Factor: 0%
	 DR Bracket: 0
	 Base: 0%
	 Effective Percent: 0%
Mastery
	 Rating: 4740
	 Multiplicative Factor: 0%
	 DR Bracket: 0
	 Base: 21%
	 Effective Percent: 31,16%
----------------------
05:39,224

Intellect
	 Rating: 138812
	 Multiplicative Factor: 14,73%
Stamina
	 Rating: 872714
	 Multiplicative Factor: 11,3%
Crit
	 Rating: 27719
	 Multiplicative Factor: 0%
	 DR Bracket: 1
	 Base: 9%
	 Effective Percent: 47,64%
	 Crit Inc Heal: 2
	 Crit Inc Damage: 2
Haste
	 Rating: 19533
	 Multiplicative Factor: 0%
	 DR Bracket: 0
	 Base: 0%
	 Effective Percent: 29,6%
Vers
	 Rating: 15649
	 Multiplicative Factor: 0%
	 DR Bracket: 0
	 Base: 3%
	 Effective Percent: 23,06%
Leech
	 Rating: 5151
	 Multiplicative Factor: 0%
	 DR Bracket: 0
	 Base: 0%
	 Effective Percent: 5,05%
Avoidance
	 Rating: 0
	 Multiplicative Factor: 0%
	 DR Bracket: 0
	 Base: 0%
	 Effective Percent: 0%
Mastery
	 Rating: 4740
	 Multiplicative Factor: 0%
	 DR Bracket: 0
	 Base: 21%
	 Effective Percent: 31,16%
----------------------
05:56,283

Intellect
	 Rating: 138812
	 Multiplicative Factor: 14,73%
Stamina
	 Rating: 872714
	 Multiplicative Factor: 11,3%
Crit
	 Rating: 27719
	 Multiplicative Factor: 0%
	 DR Bracket: 1
	 Base: 9%
	 Effective Percent: 47,64%
	 Crit Inc Heal: 2
	 Crit Inc Damage: 2
Haste
	 Rating: 19533
	 Multiplicative Factor: 0%
	 DR Bracket: 0
	 Base: 1%
	 Effective Percent: 30,89%
Vers
	 Rating: 15649
	 Multiplicative Factor: 0%
	 DR Bracket: 0
	 Base: 3%
	 Effective Percent: 23,06%
Leech
	 Rating: 5151
	 Multiplicative Factor: 0%
	 DR Bracket: 0
	 Base: 0%
	 Effective Percent: 5,05%
Avoidance
	 Rating: 0
	 Multiplicative Factor: 0%
	 DR Bracket: 0
	 Base: 0%
	 Effective Percent: 0%
Mastery
	 Rating: 4740
	 Multiplicative Factor: 0%
	 DR Bracket: 0
	 Base: 21%
	 Effective Percent: 31,16%
----------------------
06:01,080

Intellect
	 Rating: 138812
	 Multiplicative Factor: 14,73%
Stamina
	 Rating: 872714
	 Multiplicative Factor: 11,3%
Crit
	 Rating: 27719
	 Multiplicative Factor: 0%
	 DR Bracket: 1
	 Base: 9%
	 Effective Percent: 47,64%
	 Crit Inc Heal: 2
	 Crit Inc Damage: 2
Haste
	 Rating: 19533
	 Multiplicative Factor: 0%
	 DR Bracket: 0
	 Base: 2%
	 Effective Percent: 32,19%
Vers
	 Rating: 15649
	 Multiplicative Factor: 0%
	 DR Bracket: 0
	 Base: 3%
	 Effective Percent: 23,06%
Leech
	 Rating: 5151
	 Multiplicative Factor: 0%
	 DR Bracket: 0
	 Base: 0%
	 Effective Percent: 5,05%
Avoidance
	 Rating: 0
	 Multiplicative Factor: 0%
	 DR Bracket: 0
	 Base: 0%
	 Effective Percent: 0%
Mastery
	 Rating: 4740
	 Multiplicative Factor: 0%
	 DR Bracket: 0
	 Base: 21%
	 Effective Percent: 31,16%
----------------------
06:08,198

Intellect
	 Rating: 138812
	 Multiplicative Factor: 14,73%
Stamina
	 Rating: 872714
	 Multiplicative Factor: 11,3%
Crit
	 Rating: 27719
	 Multiplicative Factor: 0%
	 DR Bracket: 1
	 Base: 9%
	 Effective Percent: 47,64%
	 Crit Inc Heal: 2
	 Crit Inc Damage: 2
Haste
	 Rating: 19533
	 Multiplicative Factor: 0%
	 DR Bracket: 0
	 Base: 3%
	 Effective Percent: 33,48%
Vers
	 Rating: 15649
	 Multiplicative Factor: 0%
	 DR Bracket: 0
	 Base: 3%
	 Effective Percent: 23,06%
Leech
	 Rating: 5151
	 Multiplicative Factor: 0%
	 DR Bracket: 0
	 Base: 0%
	 Effective Percent: 5,05%
Avoidance
	 Rating: 0
	 Multiplicative Factor: 0%
	 DR Bracket: 0
	 Base: 0%
	 Effective Percent: 0%
Mastery
	 Rating: 4740
	 Multiplicative Factor: 0%
	 DR Bracket: 0
	 Base: 21%
	 Effective Percent: 31,16%
----------------------
06:12,935

Intellect
	 Rating: 138812
	 Multiplicative Factor: 14,73%
Stamina
	 Rating: 872714
	 Multiplicative Factor: 11,3%
Crit
	 Rating: 27719
	 Multiplicative Factor: 0%
	 DR Bracket: 1
	 Base: 9%
	 Effective Percent: 47,64%
	 Crit Inc Heal: 2
	 Crit Inc Damage: 2
Haste
	 Rating: 19533
	 Multiplicative Factor: 0%
	 DR Bracket: 0
	 Base: 4%
	 Effective Percent: 34,78%
Vers
	 Rating: 15649
	 Multiplicative Factor: 0%
	 DR Bracket: 0
	 Base: 3%
	 Effective Percent: 23,06%
Leech
	 Rating: 5151
	 Multiplicative Factor: 0%
	 DR Bracket: 0
	 Base: 0%
	 Effective Percent: 5,05%
Avoidance
	 Rating: 0
	 Multiplicative Factor: 0%
	 DR Bracket: 0
	 Base: 0%
	 Effective Percent: 0%
Mastery
	 Rating: 4740
	 Multiplicative Factor: 0%
	 DR Bracket: 0
	 Base: 21%
	 Effective Percent: 31,16%
----------------------
06:16,401

Intellect
	 Rating: 138812
	 Multiplicative Factor: 14,73%
Stamina
	 Rating: 872714
	 Multiplicative Factor: 11,3%
Crit
	 Rating: 27719
	 Multiplicative Factor: 0%
	 DR Bracket: 1
	 Base: 9%
	 Effective Percent: 47,64%
	 Crit Inc Heal: 2
	 Crit Inc Damage: 2
Haste
	 Rating: 19533
	 Multiplicative Factor: 0%
	 DR Bracket: 0
	 Base: 5%
	 Effective Percent: 36,08%
Vers
	 Rating: 15649
	 Multiplicative Factor: 0%
	 DR Bracket: 0
	 Base: 3%
	 Effective Percent: 23,06%
Leech
	 Rating: 5151
	 Multiplicative Factor: 0%
	 DR Bracket: 0
	 Base: 0%
	 Effective Percent: 5,05%
Avoidance
	 Rating: 0
	 Multiplicative Factor: 0%
	 DR Bracket: 0
	 Base: 0%
	 Effective Percent: 0%
Mastery
	 Rating: 4740
	 Multiplicative Factor: 0%
	 DR Bracket: 0
	 Base: 21%
	 Effective Percent: 31,16%
----------------------
07:38,169

Intellect
	 Rating: 138812
	 Multiplicative Factor: 14,73%
Stamina
	 Rating: 872714
	 Multiplicative Factor: 11,3%
Crit
	 Rating: 27719
	 Multiplicative Factor: 0%
	 DR Bracket: 1
	 Base: 9%
	 Effective Percent: 47,64%
	 Crit Inc Heal: 2
	 Crit Inc Damage: 2
Haste
	 Rating: 19533
	 Multiplicative Factor: 0%
	 DR Bracket: 0
	 Base: 5%
	 Effective Percent: 36,08%
Vers
	 Rating: 15649
	 Multiplicative Factor: 0%
	 DR Bracket: 0
	 Base: 3%
	 Effective Percent: 23,06%
Leech
	 Rating: 5151
	 Multiplicative Factor: 0%
	 DR Bracket: 0
	 Base: 0%
	 Effective Percent: 5,05%
Avoidance
	 Rating: 0
	 Multiplicative Factor: 0%
	 DR Bracket: 0
	 Base: 0%
	 Effective Percent: 0%
Mastery
	 Rating: 4740
	 Multiplicative Factor: 0%
	 DR Bracket: 0
	 Base: 21%
	 Effective Percent: 31,16%
----------------------
07:49,888

Intellect
	 Rating: 138812
	 Multiplicative Factor: 14,73%
Stamina
	 Rating: 872714
	 Multiplicative Factor: 11,3%
Crit
	 Rating: 27719
	 Multiplicative Factor: 0%
	 DR Bracket: 1
	 Base: 9%
	 Effective Percent: 47,64%
	 Crit Inc Heal: 2
	 Crit Inc Damage: 2
Haste
	 Rating: 19533
	 Multiplicative Factor: 0%
	 DR Bracket: 0
	 Base: 5%
	 Effective Percent: 36,08%
Vers
	 Rating: 15649
	 Multiplicative Factor: 0%
	 DR Bracket: 0
	 Base: 0%
	 Effective Percent: 20,06%
Leech
	 Rating: 5151
	 Multiplicative Factor: 0%
	 DR Bracket: 0
	 Base: 0%
	 Effective Percent: 5,05%
Avoidance
	 Rating: 0
	 Multiplicative Factor: 0%
	 DR Bracket: 0
	 Base: 0%
	 Effective Percent: 0%
Mastery
	 Rating: 4740
	 Multiplicative Factor: 0%
	 DR Bracket: 0
	 Base: 21%
	 Effective Percent: 31,16%
----------------------
07:49,888

Intellect
	 Rating: 138812
	 Multiplicative Factor: 14,73%
Stamina
	 Rating: 831156
	 Multiplicative Factor: 6%
Crit
	 Rating: 27719
	 Multiplicative Factor: 0%
	 DR Bracket: 1
	 Base: 9%
	 Effective Percent: 47,64%
	 Crit Inc Heal: 2
	 Crit Inc Damage: 2
Haste
	 Rating: 19533
	 Multiplicative Factor: 0%
	 DR Bracket: 0
	 Base: 5%
	 Effective Percent: 36,08%
Vers
	 Rating: 15649
	 Multiplicative Factor: 0%
	 DR Bracket: 0
	 Base: 0%
	 Effective Percent: 20,06%
Leech
	 Rating: 5151
	 Multiplicative Factor: 0%
	 DR Bracket: 0
	 Base: 0%
	 Effective Percent: 5,05%
Avoidance
	 Rating: 0
	 Multiplicative Factor: 0%
	 DR Bracket: 0
	 Base: 0%
	 Effective Percent: 0%
Mastery
	 Rating: 4740
	 Multiplicative Factor: 0%
	 DR Bracket: 0
	 Base: 21%
	 Effective Percent: 31,16%
----------------------
07:49,888

Intellect
	 Rating: 138812
	 Multiplicative Factor: 14,73%
Stamina
	 Rating: 831156
	 Multiplicative Factor: 6%
Crit
	 Rating: 27719
	 Multiplicative Factor: 0%
	 DR Bracket: 1
	 Base: 9%
	 Effective Percent: 47,64%
	 Crit Inc Heal: 2
	 Crit Inc Damage: 2
Haste
	 Rating: 19533
	 Multiplicative Factor: 0%
	 DR Bracket: 0
	 Base: 0%
	 Effective Percent: 29,6%
Vers
	 Rating: 15649
	 Multiplicative Factor: 0%
	 DR Bracket: 0
	 Base: 0%
	 Effective Percent: 20,06%
Leech
	 Rating: 5151
	 Multiplicative Factor: 0%
	 DR Bracket: 0
	 Base: 0%
	 Effective Percent: 5,05%
Avoidance
	 Rating: 0
	 Multiplicative Factor: 0%
	 DR Bracket: 0
	 Base: 0%
	 Effective Percent: 0%
Mastery
	 Rating: 4740
	 Multiplicative Factor: 0%
	 DR Bracket: 0
	 Base: 21%
	 Effective Percent: 31,16%
----------------------
07:49,889

Intellect
	 Rating: 138812
	 Multiplicative Factor: 14,73%
Stamina
	 Rating: 831156
	 Multiplicative Factor: 6%
Crit
	 Rating: 27719
	 Multiplicative Factor: 0%
	 DR Bracket: 1
	 Base: 9%
	 Effective Percent: 47,64%
	 Crit Inc Heal: 2
	 Crit Inc Damage: 2
Haste
	 Rating: 19533
	 Multiplicative Factor: 0%
	 DR Bracket: 0
	 Base: 0%
	 Effective Percent: 29,6%
Vers
	 Rating: 15649
	 Multiplicative Factor: 0%
	 DR Bracket: 0
	 Base: 0%
	 Effective Percent: 20,06%
Leech
	 Rating: 5151
	 Multiplicative Factor: 0%
	 DR Bracket: 0
	 Base: 0%
	 Effective Percent: 5,05%
Avoidance
	 Rating: 0
	 Multiplicative Factor: 0%
	 DR Bracket: 0
	 Base: 0%
	 Effective Percent: 0%
Mastery
	 Rating: 4740
	 Multiplicative Factor: 0%
	 DR Bracket: 0
	 Base: 18%
	 Effective Percent: 28,16%
----------------------
07:49,889

Intellect
	 Rating: 134769
	 Multiplicative Factor: 11,38%
Stamina
	 Rating: 831156
	 Multiplicative Factor: 6%
Crit
	 Rating: 27719
	 Multiplicative Factor: 0%
	 DR Bracket: 1
	 Base: 9%
	 Effective Percent: 47,64%
	 Crit Inc Heal: 2
	 Crit Inc Damage: 2
Haste
	 Rating: 19533
	 Multiplicative Factor: 0%
	 DR Bracket: 0
	 Base: 0%
	 Effective Percent: 29,6%
Vers
	 Rating: 15649
	 Multiplicative Factor: 0%
	 DR Bracket: 0
	 Base: 0%
	 Effective Percent: 20,06%
Leech
	 Rating: 5151
	 Multiplicative Factor: 0%
	 DR Bracket: 0
	 Base: 0%
	 Effective Percent: 5,05%
Avoidance
	 Rating: 0
	 Multiplicative Factor: 0%
	 DR Bracket: 0
	 Base: 0%
	 Effective Percent: 0%
Mastery
	 Rating: 4740
	 Multiplicative Factor: 0%
	 DR Bracket: 0
	 Base: 18%
	 Effective Percent: 28,16%
