----------------------
00:00,667

Intellect
	 Rating: 139669
	 Multiplicative Factor: 8,15%
Stamina
	 Rating: 865820
	 Multiplicative Factor: 5%
Crit
	 Rating: 17765
	 Multiplicative Factor: 0%
	 DR Bracket: 0
	 Base: 5%
	 Effective Percent: 30,38%
	 Crit Inc Heal: 2
	 Crit Inc Damage: 2
Haste
	 Rating: 10732
	 Multiplicative Factor: 0%
	 DR Bracket: 0
	 Base: 30%
	 Effective Percent: 51,14%
Vers
	 Rating: 827
	 Multiplicative Factor: 0%
	 DR Bracket: 0
	 Base: 3%
	 Effective Percent: 4,06%
Leech
	 Rating: 3060
	 Multiplicative Factor: 0%
	 DR Bracket: 0
	 Base: 0%
	 Effective Percent: 3%
Avoidance
	 Rating: 918
	 Multiplicative Factor: 0%
	 DR Bracket: 0
	 Base: 0%
	 Effective Percent: 1,69%
Mastery
	 Rating: 32110
	 Multiplicative Factor: 0%
	 DR Bracket: 2
	 Base: 19,8%
	 Effective Percent: 98,45%
----------------------
00:08,260

Intellect
	 Rating: 139669
	 Multiplicative Factor: 8,15%
Stamina
	 Rating: 865820
	 Multiplicative Factor: 5%
Crit
	 Rating: 17765
	 Multiplicative Factor: 0%
	 DR Bracket: 0
	 Base: 5%
	 Effective Percent: 30,38%
	 Crit Inc Heal: 2,6
	 Crit Inc Damage: 2
Haste
	 Rating: 10732
	 Multiplicative Factor: 0%
	 DR Bracket: 0
	 Base: 30%
	 Effective Percent: 51,14%
Vers
	 Rating: 827
	 Multiplicative Factor: 0%
	 DR Bracket: 0
	 Base: 3%
	 Effective Percent: 4,06%
Leech
	 Rating: 3060
	 Multiplicative Factor: 0%
	 DR Bracket: 0
	 Base: 0%
	 Effective Percent: 3%
Avoidance
	 Rating: 918
	 Multiplicative Factor: 0%
	 DR Bracket: 0
	 Base: 0%
	 Effective Percent: 1,69%
Mastery
	 Rating: 32110
	 Multiplicative Factor: 0%
	 DR Bracket: 2
	 Base: 19,8%
	 Effective Percent: 98,45%
----------------------
00:40,684

Intellect
	 Rating: 139669
	 Multiplicative Factor: 8,15%
Stamina
	 Rating: 865820
	 Multiplicative Factor: 5%
Crit
	 Rating: 17765
	 Multiplicative Factor: 0%
	 DR Bracket: 0
	 Base: 5%
	 Effective Percent: 30,38%
	 Crit Inc Heal: 2,6
	 Crit Inc Damage: 2
Haste
	 Rating: 10732
	 Multiplicative Factor: 0%
	 DR Bracket: 0
	 Base: 0%
	 Effective Percent: 16,26%
Vers
	 Rating: 827
	 Multiplicative Factor: 0%
	 DR Bracket: 0
	 Base: 3%
	 Effective Percent: 4,06%
Leech
	 Rating: 3060
	 Multiplicative Factor: 0%
	 DR Bracket: 0
	 Base: 0%
	 Effective Percent: 3%
Avoidance
	 Rating: 918
	 Multiplicative Factor: 0%
	 DR Bracket: 0
	 Base: 0%
	 Effective Percent: 1,69%
Mastery
	 Rating: 32110
	 Multiplicative Factor: 0%
	 DR Bracket: 2
	 Base: 19,8%
	 Effective Percent: 98,45%
----------------------
01:05,998

Intellect
	 Rating: 139669
	 Multiplicative Factor: 8,15%
Stamina
	 Rating: 865820
	 Multiplicative Factor: 5%
Crit
	 Rating: 17765
	 Multiplicative Factor: 0%
	 DR Bracket: 0
	 Base: 5%
	 Effective Percent: 30,38%
	 Crit Inc Heal: 2
	 Crit Inc Damage: 2
Haste
	 Rating: 10732
	 Multiplicative Factor: 0%
	 DR Bracket: 0
	 Base: 0%
	 Effective Percent: 16,26%
Vers
	 Rating: 827
	 Multiplicative Factor: 0%
	 DR Bracket: 0
	 Base: 3%
	 Effective Percent: 4,06%
Leech
	 Rating: 3060
	 Multiplicative Factor: 0%
	 DR Bracket: 0
	 Base: 0%
	 Effective Percent: 3%
Avoidance
	 Rating: 918
	 Multiplicative Factor: 0%
	 DR Bracket: 0
	 Base: 0%
	 Effective Percent: 1,69%
Mastery
	 Rating: 32110
	 Multiplicative Factor: 0%
	 DR Bracket: 2
	 Base: 19,8%
	 Effective Percent: 98,45%
----------------------
01:07,094

Intellect
	 Rating: 139669
	 Multiplicative Factor: 8,15%
Stamina
	 Rating: 865820
	 Multiplicative Factor: 5%
Crit
	 Rating: 17765
	 Multiplicative Factor: 0%
	 DR Bracket: 0
	 Base: 5%
	 Effective Percent: 30,38%
	 Crit Inc Heal: 2,6
	 Crit Inc Damage: 2
Haste
	 Rating: 10732
	 Multiplicative Factor: 0%
	 DR Bracket: 0
	 Base: 0%
	 Effective Percent: 16,26%
Vers
	 Rating: 827
	 Multiplicative Factor: 0%
	 DR Bracket: 0
	 Base: 3%
	 Effective Percent: 4,06%
Leech
	 Rating: 3060
	 Multiplicative Factor: 0%
	 DR Bracket: 0
	 Base: 0%
	 Effective Percent: 3%
Avoidance
	 Rating: 918
	 Multiplicative Factor: 0%
	 DR Bracket: 0
	 Base: 0%
	 Effective Percent: 1,69%
Mastery
	 Rating: 32110
	 Multiplicative Factor: 0%
	 DR Bracket: 2
	 Base: 19,8%
	 Effective Percent: 98,45%
----------------------
01:25,480

Intellect
	 Rating: 139669
	 Multiplicative Factor: 8,15%
Stamina
	 Rating: 865820
	 Multiplicative Factor: 5%
Crit
	 Rating: 17765
	 Multiplicative Factor: 0%
	 DR Bracket: 0
	 Base: 5%
	 Effective Percent: 30,38%
	 Crit Inc Heal: 2
	 Crit Inc Damage: 2
Haste
	 Rating: 10732
	 Multiplicative Factor: 0%
	 DR Bracket: 0
	 Base: 0%
	 Effective Percent: 16,26%
Vers
	 Rating: 827
	 Multiplicative Factor: 0%
	 DR Bracket: 0
	 Base: 3%
	 Effective Percent: 4,06%
Leech
	 Rating: 3060
	 Multiplicative Factor: 0%
	 DR Bracket: 0
	 Base: 0%
	 Effective Percent: 3%
Avoidance
	 Rating: 918
	 Multiplicative Factor: 0%
	 DR Bracket: 0
	 Base: 0%
	 Effective Percent: 1,69%
Mastery
	 Rating: 32110
	 Multiplicative Factor: 0%
	 DR Bracket: 2
	 Base: 19,8%
	 Effective Percent: 98,45%
----------------------
01:30,730

Intellect
	 Rating: 139669
	 Multiplicative Factor: 8,15%
Stamina
	 Rating: 865820
	 Multiplicative Factor: 5%
Crit
	 Rating: 17765
	 Multiplicative Factor: 0%
	 DR Bracket: 0
	 Base: 5%
	 Effective Percent: 30,38%
	 Crit Inc Heal: 2,6
	 Crit Inc Damage: 2
Haste
	 Rating: 10732
	 Multiplicative Factor: 0%
	 DR Bracket: 0
	 Base: 0%
	 Effective Percent: 16,26%
Vers
	 Rating: 827
	 Multiplicative Factor: 0%
	 DR Bracket: 0
	 Base: 3%
	 Effective Percent: 4,06%
Leech
	 Rating: 3060
	 Multiplicative Factor: 0%
	 DR Bracket: 0
	 Base: 0%
	 Effective Percent: 3%
Avoidance
	 Rating: 918
	 Multiplicative Factor: 0%
	 DR Bracket: 0
	 Base: 0%
	 Effective Percent: 1,69%
Mastery
	 Rating: 32110
	 Multiplicative Factor: 0%
	 DR Bracket: 2
	 Base: 19,8%
	 Effective Percent: 98,45%
----------------------
01:40,720

Intellect
	 Rating: 139669
	 Multiplicative Factor: 8,15%
Stamina
	 Rating: 865820
	 Multiplicative Factor: 5%
Crit
	 Rating: 17765
	 Multiplicative Factor: 0%
	 DR Bracket: 0
	 Base: 5%
	 Effective Percent: 30,38%
	 Crit Inc Heal: 2
	 Crit Inc Damage: 2
Haste
	 Rating: 10732
	 Multiplicative Factor: 0%
	 DR Bracket: 0
	 Base: 0%
	 Effective Percent: 16,26%
Vers
	 Rating: 827
	 Multiplicative Factor: 0%
	 DR Bracket: 0
	 Base: 3%
	 Effective Percent: 4,06%
Leech
	 Rating: 3060
	 Multiplicative Factor: 0%
	 DR Bracket: 0
	 Base: 0%
	 Effective Percent: 3%
Avoidance
	 Rating: 918
	 Multiplicative Factor: 0%
	 DR Bracket: 0
	 Base: 0%
	 Effective Percent: 1,69%
Mastery
	 Rating: 32110
	 Multiplicative Factor: 0%
	 DR Bracket: 2
	 Base: 19,8%
	 Effective Percent: 98,45%
----------------------
01:41,526

Intellect
	 Rating: 139669
	 Multiplicative Factor: 8,15%
Stamina
	 Rating: 865820
	 Multiplicative Factor: 5%
Crit
	 Rating: 17765
	 Multiplicative Factor: 0%
	 DR Bracket: 0
	 Base: 5%
	 Effective Percent: 30,38%
	 Crit Inc Heal: 2,6
	 Crit Inc Damage: 2
Haste
	 Rating: 10732
	 Multiplicative Factor: 0%
	 DR Bracket: 0
	 Base: 0%
	 Effective Percent: 16,26%
Vers
	 Rating: 827
	 Multiplicative Factor: 0%
	 DR Bracket: 0
	 Base: 3%
	 Effective Percent: 4,06%
Leech
	 Rating: 3060
	 Multiplicative Factor: 0%
	 DR Bracket: 0
	 Base: 0%
	 Effective Percent: 3%
Avoidance
	 Rating: 918
	 Multiplicative Factor: 0%
	 DR Bracket: 0
	 Base: 0%
	 Effective Percent: 1,69%
Mastery
	 Rating: 32110
	 Multiplicative Factor: 0%
	 DR Bracket: 2
	 Base: 19,8%
	 Effective Percent: 98,45%
----------------------
02:07,905

Intellect
	 Rating: 139669
	 Multiplicative Factor: 8,15%
Stamina
	 Rating: 865820
	 Multiplicative Factor: 5%
Crit
	 Rating: 17765
	 Multiplicative Factor: 0%
	 DR Bracket: 0
	 Base: 5%
	 Effective Percent: 30,38%
	 Crit Inc Heal: 2
	 Crit Inc Damage: 2
Haste
	 Rating: 10732
	 Multiplicative Factor: 0%
	 DR Bracket: 0
	 Base: 0%
	 Effective Percent: 16,26%
Vers
	 Rating: 827
	 Multiplicative Factor: 0%
	 DR Bracket: 0
	 Base: 3%
	 Effective Percent: 4,06%
Leech
	 Rating: 3060
	 Multiplicative Factor: 0%
	 DR Bracket: 0
	 Base: 0%
	 Effective Percent: 3%
Avoidance
	 Rating: 918
	 Multiplicative Factor: 0%
	 DR Bracket: 0
	 Base: 0%
	 Effective Percent: 1,69%
Mastery
	 Rating: 32110
	 Multiplicative Factor: 0%
	 DR Bracket: 2
	 Base: 19,8%
	 Effective Percent: 98,45%
----------------------
02:08,369

Intellect
	 Rating: 139669
	 Multiplicative Factor: 8,15%
Stamina
	 Rating: 865820
	 Multiplicative Factor: 5%
Crit
	 Rating: 17765
	 Multiplicative Factor: 0%
	 DR Bracket: 0
	 Base: 5%
	 Effective Percent: 30,38%
	 Crit Inc Heal: 2,6
	 Crit Inc Damage: 2
Haste
	 Rating: 10732
	 Multiplicative Factor: 0%
	 DR Bracket: 0
	 Base: 0%
	 Effective Percent: 16,26%
Vers
	 Rating: 827
	 Multiplicative Factor: 0%
	 DR Bracket: 0
	 Base: 3%
	 Effective Percent: 4,06%
Leech
	 Rating: 3060
	 Multiplicative Factor: 0%
	 DR Bracket: 0
	 Base: 0%
	 Effective Percent: 3%
Avoidance
	 Rating: 918
	 Multiplicative Factor: 0%
	 DR Bracket: 0
	 Base: 0%
	 Effective Percent: 1,69%
Mastery
	 Rating: 32110
	 Multiplicative Factor: 0%
	 DR Bracket: 2
	 Base: 19,8%
	 Effective Percent: 98,45%
----------------------
02:18,379

Intellect
	 Rating: 139669
	 Multiplicative Factor: 8,15%
Stamina
	 Rating: 865820
	 Multiplicative Factor: 5%
Crit
	 Rating: 17765
	 Multiplicative Factor: 0%
	 DR Bracket: 0
	 Base: 5%
	 Effective Percent: 30,38%
	 Crit Inc Heal: 2
	 Crit Inc Damage: 2
Haste
	 Rating: 10732
	 Multiplicative Factor: 0%
	 DR Bracket: 0
	 Base: 0%
	 Effective Percent: 16,26%
Vers
	 Rating: 827
	 Multiplicative Factor: 0%
	 DR Bracket: 0
	 Base: 3%
	 Effective Percent: 4,06%
Leech
	 Rating: 3060
	 Multiplicative Factor: 0%
	 DR Bracket: 0
	 Base: 0%
	 Effective Percent: 3%
Avoidance
	 Rating: 918
	 Multiplicative Factor: 0%
	 DR Bracket: 0
	 Base: 0%
	 Effective Percent: 1,69%
Mastery
	 Rating: 32110
	 Multiplicative Factor: 0%
	 DR Bracket: 2
	 Base: 19,8%
	 Effective Percent: 98,45%
----------------------
02:28,006

Intellect
	 Rating: 139669
	 Multiplicative Factor: 8,15%
Stamina
	 Rating: 865820
	 Multiplicative Factor: 5%
Crit
	 Rating: 17765
	 Multiplicative Factor: 0%
	 DR Bracket: 0
	 Base: 5%
	 Effective Percent: 30,38%
	 Crit Inc Heal: 2,6
	 Crit Inc Damage: 2
Haste
	 Rating: 10732
	 Multiplicative Factor: 0%
	 DR Bracket: 0
	 Base: 0%
	 Effective Percent: 16,26%
Vers
	 Rating: 827
	 Multiplicative Factor: 0%
	 DR Bracket: 0
	 Base: 3%
	 Effective Percent: 4,06%
Leech
	 Rating: 3060
	 Multiplicative Factor: 0%
	 DR Bracket: 0
	 Base: 0%
	 Effective Percent: 3%
Avoidance
	 Rating: 918
	 Multiplicative Factor: 0%
	 DR Bracket: 0
	 Base: 0%
	 Effective Percent: 1,69%
Mastery
	 Rating: 32110
	 Multiplicative Factor: 0%
	 DR Bracket: 2
	 Base: 19,8%
	 Effective Percent: 98,45%
----------------------
02:37,999

Intellect
	 Rating: 139669
	 Multiplicative Factor: 8,15%
Stamina
	 Rating: 865820
	 Multiplicative Factor: 5%
Crit
	 Rating: 17765
	 Multiplicative Factor: 0%
	 DR Bracket: 0
	 Base: 5%
	 Effective Percent: 30,38%
	 Crit Inc Heal: 2
	 Crit Inc Damage: 2
Haste
	 Rating: 10732
	 Multiplicative Factor: 0%
	 DR Bracket: 0
	 Base: 0%
	 Effective Percent: 16,26%
Vers
	 Rating: 827
	 Multiplicative Factor: 0%
	 DR Bracket: 0
	 Base: 3%
	 Effective Percent: 4,06%
Leech
	 Rating: 3060
	 Multiplicative Factor: 0%
	 DR Bracket: 0
	 Base: 0%
	 Effective Percent: 3%
Avoidance
	 Rating: 918
	 Multiplicative Factor: 0%
	 DR Bracket: 0
	 Base: 0%
	 Effective Percent: 1,69%
Mastery
	 Rating: 32110
	 Multiplicative Factor: 0%
	 DR Bracket: 2
	 Base: 19,8%
	 Effective Percent: 98,45%
----------------------
02:42,808

Intellect
	 Rating: 139669
	 Multiplicative Factor: 8,15%
Stamina
	 Rating: 865820
	 Multiplicative Factor: 5%
Crit
	 Rating: 17765
	 Multiplicative Factor: 0%
	 DR Bracket: 0
	 Base: 5%
	 Effective Percent: 30,38%
	 Crit Inc Heal: 2,6
	 Crit Inc Damage: 2
Haste
	 Rating: 10732
	 Multiplicative Factor: 0%
	 DR Bracket: 0
	 Base: 0%
	 Effective Percent: 16,26%
Vers
	 Rating: 827
	 Multiplicative Factor: 0%
	 DR Bracket: 0
	 Base: 3%
	 Effective Percent: 4,06%
Leech
	 Rating: 3060
	 Multiplicative Factor: 0%
	 DR Bracket: 0
	 Base: 0%
	 Effective Percent: 3%
Avoidance
	 Rating: 918
	 Multiplicative Factor: 0%
	 DR Bracket: 0
	 Base: 0%
	 Effective Percent: 1,69%
Mastery
	 Rating: 32110
	 Multiplicative Factor: 0%
	 DR Bracket: 2
	 Base: 19,8%
	 Effective Percent: 98,45%
----------------------
03:17,902

Intellect
	 Rating: 139669
	 Multiplicative Factor: 8,15%
Stamina
	 Rating: 865820
	 Multiplicative Factor: 5%
Crit
	 Rating: 17765
	 Multiplicative Factor: 0%
	 DR Bracket: 0
	 Base: 5%
	 Effective Percent: 30,38%
	 Crit Inc Heal: 2
	 Crit Inc Damage: 2
Haste
	 Rating: 10732
	 Multiplicative Factor: 0%
	 DR Bracket: 0
	 Base: 0%
	 Effective Percent: 16,26%
Vers
	 Rating: 827
	 Multiplicative Factor: 0%
	 DR Bracket: 0
	 Base: 3%
	 Effective Percent: 4,06%
Leech
	 Rating: 3060
	 Multiplicative Factor: 0%
	 DR Bracket: 0
	 Base: 0%
	 Effective Percent: 3%
Avoidance
	 Rating: 918
	 Multiplicative Factor: 0%
	 DR Bracket: 0
	 Base: 0%
	 Effective Percent: 1,69%
Mastery
	 Rating: 32110
	 Multiplicative Factor: 0%
	 DR Bracket: 2
	 Base: 19,8%
	 Effective Percent: 98,45%
----------------------
03:19,081

Intellect
	 Rating: 139669
	 Multiplicative Factor: 8,15%
Stamina
	 Rating: 865820
	 Multiplicative Factor: 5%
Crit
	 Rating: 17765
	 Multiplicative Factor: 0%
	 DR Bracket: 0
	 Base: 5%
	 Effective Percent: 30,38%
	 Crit Inc Heal: 2,6
	 Crit Inc Damage: 2
Haste
	 Rating: 10732
	 Multiplicative Factor: 0%
	 DR Bracket: 0
	 Base: 0%
	 Effective Percent: 16,26%
Vers
	 Rating: 827
	 Multiplicative Factor: 0%
	 DR Bracket: 0
	 Base: 3%
	 Effective Percent: 4,06%
Leech
	 Rating: 3060
	 Multiplicative Factor: 0%
	 DR Bracket: 0
	 Base: 0%
	 Effective Percent: 3%
Avoidance
	 Rating: 918
	 Multiplicative Factor: 0%
	 DR Bracket: 0
	 Base: 0%
	 Effective Percent: 1,69%
Mastery
	 Rating: 32110
	 Multiplicative Factor: 0%
	 DR Bracket: 2
	 Base: 19,8%
	 Effective Percent: 98,45%
