-----------
Angelic Feather
-----------
Apotheosis
-----------
Binding Heal
-----------
Burning Vehemence
-----------
Cosmic Ripple
	Eff: -4,911822136014663E-11
-----------
Dispel Magic
-----------
Divine Hymn
	Eff: -8,320096045910581E-10
-----------
Dominate Mind
-----------
Echo of Light
-----------
Flash Heal
	Eff: -4,795996080994788E-10
-----------
Heal
-----------
Holy Fire
-----------
Holy Nova
	Eff: -6,784404750390223E-12
-----------
Holy Word: Chastise
-----------
Holy Word: Sanctify
	Eff: -3,823845273603105E-10
-----------
Holy Word: Serenity
-----------
Levitate
-----------
Mass Dispel
-----------
Mind Control
-----------
Mind Soothe
-----------
Power Word: Fortitude
-----------
Power Word: Shield
-----------
Prayer of Healing
	Eff: -2,9103830456733704E-11
-----------
Prayer of Mending
	Eff: -1,3257358627880583E-09
-----------
Purify
-----------
Renew
	Eff: -1,5644384223964095E-09
-----------
Psychic Scream
-----------
Shackle Undead
-----------
Shadow Word: Death
-----------
Shadow Word: Pain
-----------
Smite
-----------
Leech
-----------
Blessing of Summer
-----------
Holy Bulwark
-----------
ZeroCIMDummy
-----------
Prompt Prognosis
-----------
Ethereal Reconstitution
	Eff: -1,0845003747819943E-10
-----------
Divine Star
-----------
Ethereal Guard
-----------
Power Infusion
-----------
Healing Light
-----------
Holy Mending
-----------
Blessed Light
-----------
Searing Light
-----------
Dazzling Lights
-----------
Guardian Spirit
-----------
Voidglass Barrier
-----------
Spirit Link
-----------
Premonition of Insight
-----------
Tranquil Light
-----------
Lightforged Blessing
-----------
Premonition of Piety
-----------
Piety
-----------
Symbol of Hope
-----------
Earthen Wall
-----------
Premonition of Solace
-----------
Fade
-----------
Desperate Prayer
-----------
Loom'ithar's Living Silk
-----------
Premonition of Clairvoyance
-----------
Healthstone
