----------------------
00:00,949

Intellect
	 Rating: 141301
	 Multiplicative Factor: 8,15%
	 Eff: 141301
Stamina
	 Rating: 823302
	 Multiplicative Factor: 5%
	 Eff: 823302
Crit
	 Rating: 20555
	 Multiplicative Factor: 0%
	 Eff: 24054,999999999996
	 DR Bracket: 0
	 Base: 5%
	 Effective Percent: 34,36%
	 Crit Inc Heal: 2
	 Crit Inc Damage: 2
Haste
	 Rating: 5186
	 Multiplicative Factor: 0%
	 Eff: 26541,8
	 DR Bracket: 0
	 Base: 30%
	 Effective Percent: 40,21%
Vers
	 Rating: 14554
	 Multiplicative Factor: 0%
	 Eff: 16894
	 DR Bracket: 0
	 Base: 3%
	 Effective Percent: 21,66%
Leech
	 Rating: 6296
	 Multiplicative Factor: 0%
	 Eff: 6296
	 DR Bracket: 0
	 Base: 0%
	 Effective Percent: 6,17%
Avoidance
	 Rating: 1225
	 Multiplicative Factor: 0%
	 Eff: 1225
	 DR Bracket: 0
	 Base: 0%
	 Effective Percent: 2,25%
Mastery
	 Rating: 19787
	 Multiplicative Factor: 0%
	 Eff: 26787
	 DR Bracket: 0
	 Base: 9,56%
	 Effective Percent: 36,59%
----------------------
00:05,961

Intellect
	 Rating: 141301
	 Multiplicative Factor: 8,15%
	 Eff: 141301
Stamina
	 Rating: 823302
	 Multiplicative Factor: 5%
	 Eff: 823302
Crit
	 Rating: 20555
	 Multiplicative Factor: 0%
	 Eff: 24054,999999999996
	 DR Bracket: 0
	 Base: 5%
	 Effective Percent: 34,36%
	 Crit Inc Heal: 2
	 Crit Inc Damage: 2
Haste
	 Rating: 5186
	 Multiplicative Factor: 0%
	 Eff: 40779
	 DR Bracket: 0
	 Base: 50%
	 Effective Percent: 61,79%
Vers
	 Rating: 14554
	 Multiplicative Factor: 0%
	 Eff: 16894
	 DR Bracket: 0
	 Base: 3%
	 Effective Percent: 21,66%
Leech
	 Rating: 6296
	 Multiplicative Factor: 0%
	 Eff: 6296
	 DR Bracket: 0
	 Base: 0%
	 Effective Percent: 6,17%
Avoidance
	 Rating: 1225
	 Multiplicative Factor: 0%
	 Eff: 1225
	 DR Bracket: 0
	 Base: 0%
	 Effective Percent: 2,25%
Mastery
	 Rating: 19787
	 Multiplicative Factor: 0%
	 Eff: 26787
	 DR Bracket: 0
	 Base: 9,56%
	 Effective Percent: 36,59%
----------------------
00:10,963

Intellect
	 Rating: 141301
	 Multiplicative Factor: 8,15%
	 Eff: 141301
Stamina
	 Rating: 823302
	 Multiplicative Factor: 5%
	 Eff: 823302
Crit
	 Rating: 20555
	 Multiplicative Factor: 0%
	 Eff: 24054,999999999996
	 DR Bracket: 0
	 Base: 5%
	 Effective Percent: 34,36%
	 Crit Inc Heal: 2
	 Crit Inc Damage: 2
Haste
	 Rating: 5186
	 Multiplicative Factor: 0%
	 Eff: 40779
	 DR Bracket: 0
	 Base: 50%
	 Effective Percent: 61,79%
Vers
	 Rating: 14554
	 Multiplicative Factor: 0%
	 Eff: 16894
	 DR Bracket: 0
	 Base: 3%
	 Effective Percent: 21,66%
Leech
	 Rating: 6296
	 Multiplicative Factor: 0%
	 Eff: 6296
	 DR Bracket: 0
	 Base: 0%
	 Effective Percent: 6,17%
Avoidance
	 Rating: 1225
	 Multiplicative Factor: 0%
	 Eff: 1225
	 DR Bracket: 0
	 Base: 0%
	 Effective Percent: 2,25%
Mastery
	 Rating: 19787
	 Multiplicative Factor: 0%
	 Eff: 26787
	 DR Bracket: 0
	 Base: 9,56%
	 Effective Percent: 36,59%
----------------------
00:15,981

Intellect
	 Rating: 141301
	 Multiplicative Factor: 8,15%
	 Eff: 141301
Stamina
	 Rating: 823302
	 Multiplicative Factor: 5%
	 Eff: 823302
Crit
	 Rating: 32525
	 Multiplicative Factor: 0%
	 Eff: 34419,802692968966
	 DR Bracket: 2
	 Base: 5%
	 Effective Percent: 49,17%
	 Crit Inc Heal: 2
	 Crit Inc Damage: 2
Haste
	 Rating: 5186
	 Multiplicative Factor: 0%
	 Eff: 40779
	 DR Bracket: 0
	 Base: 50%
	 Effective Percent: 61,79%
Vers
	 Rating: 14554
	 Multiplicative Factor: 0%
	 Eff: 16894
	 DR Bracket: 0
	 Base: 3%
	 Effective Percent: 21,66%
Leech
	 Rating: 6296
	 Multiplicative Factor: 0%
	 Eff: 6296
	 DR Bracket: 0
	 Base: 0%
	 Effective Percent: 6,17%
Avoidance
	 Rating: 1225
	 Multiplicative Factor: 0%
	 Eff: 1225
	 DR Bracket: 0
	 Base: 0%
	 Effective Percent: 2,25%
Mastery
	 Rating: 19787
	 Multiplicative Factor: 0%
	 Eff: 26787
	 DR Bracket: 0
	 Base: 9,56%
	 Effective Percent: 36,59%
----------------------
00:21,015

Intellect
	 Rating: 141301
	 Multiplicative Factor: 8,15%
	 Eff: 141301
Stamina
	 Rating: 823302
	 Multiplicative Factor: 5%
	 Eff: 823302
Crit
	 Rating: 38510
	 Multiplicative Factor: 0%
	 Eff: 38856,74103452177
	 DR Bracket: 3
	 Base: 5%
	 Effective Percent: 55,51%
	 Crit Inc Heal: 2
	 Crit Inc Damage: 2
Haste
	 Rating: 5186
	 Multiplicative Factor: 0%
	 Eff: 26541,8
	 DR Bracket: 0
	 Base: 30%
	 Effective Percent: 40,21%
Vers
	 Rating: 14554
	 Multiplicative Factor: 0%
	 Eff: 16894
	 DR Bracket: 0
	 Base: 3%
	 Effective Percent: 21,66%
Leech
	 Rating: 6296
	 Multiplicative Factor: 0%
	 Eff: 6296
	 DR Bracket: 0
	 Base: 0%
	 Effective Percent: 6,17%
Avoidance
	 Rating: 1225
	 Multiplicative Factor: 0%
	 Eff: 1225
	 DR Bracket: 0
	 Base: 0%
	 Effective Percent: 2,25%
Mastery
	 Rating: 19787
	 Multiplicative Factor: 0%
	 Eff: 26787
	 DR Bracket: 0
	 Base: 9,56%
	 Effective Percent: 36,59%
----------------------
00:26,017

Intellect
	 Rating: 141301
	 Multiplicative Factor: 8,15%
	 Eff: 141301
Stamina
	 Rating: 823302
	 Multiplicative Factor: 5%
	 Eff: 823302
Crit
	 Rating: 26540
	 Multiplicative Factor: 0%
	 Eff: 29485,88901479504
	 DR Bracket: 1
	 Base: 5%
	 Effective Percent: 42,12%
	 Crit Inc Heal: 2
	 Crit Inc Damage: 2
Haste
	 Rating: 5186
	 Multiplicative Factor: 0%
	 Eff: 26541,8
	 DR Bracket: 0
	 Base: 30%
	 Effective Percent: 40,21%
Vers
	 Rating: 14554
	 Multiplicative Factor: 0%
	 Eff: 16894
	 DR Bracket: 0
	 Base: 3%
	 Effective Percent: 21,66%
Leech
	 Rating: 6296
	 Multiplicative Factor: 0%
	 Eff: 6296
	 DR Bracket: 0
	 Base: 0%
	 Effective Percent: 6,17%
Avoidance
	 Rating: 1225
	 Multiplicative Factor: 0%
	 Eff: 1225
	 DR Bracket: 0
	 Base: 0%
	 Effective Percent: 2,25%
Mastery
	 Rating: 19787
	 Multiplicative Factor: 0%
	 Eff: 26787
	 DR Bracket: 0
	 Base: 9,56%
	 Effective Percent: 36,59%
----------------------
00:31,189

Intellect
	 Rating: 141301
	 Multiplicative Factor: 8,15%
	 Eff: 141301
Stamina
	 Rating: 823302
	 Multiplicative Factor: 5%
	 Eff: 823302
Crit
	 Rating: 20555
	 Multiplicative Factor: 0%
	 Eff: 24054,999999999996
	 DR Bracket: 0
	 Base: 5%
	 Effective Percent: 34,36%
	 Crit Inc Heal: 2
	 Crit Inc Damage: 2
Haste
	 Rating: 5186
	 Multiplicative Factor: 0%
	 Eff: 26541,8
	 DR Bracket: 0
	 Base: 30%
	 Effective Percent: 40,21%
Vers
	 Rating: 14554
	 Multiplicative Factor: 0%
	 Eff: 16894
	 DR Bracket: 0
	 Base: 3%
	 Effective Percent: 21,66%
Leech
	 Rating: 6296
	 Multiplicative Factor: 0%
	 Eff: 6296
	 DR Bracket: 0
	 Base: 0%
	 Effective Percent: 6,17%
Avoidance
	 Rating: 1225
	 Multiplicative Factor: 0%
	 Eff: 1225
	 DR Bracket: 0
	 Base: 0%
	 Effective Percent: 2,25%
Mastery
	 Rating: 19787
	 Multiplicative Factor: 0%
	 Eff: 26787
	 DR Bracket: 0
	 Base: 9,56%
	 Effective Percent: 36,59%
----------------------
00:36,436

Intellect
	 Rating: 141301
	 Multiplicative Factor: 8,15%
	 Eff: 141301
Stamina
	 Rating: 823302
	 Multiplicative Factor: 5%
	 Eff: 823302
Crit
	 Rating: 20555
	 Multiplicative Factor: 0%
	 Eff: 24054,999999999996
	 DR Bracket: 0
	 Base: 5%
	 Effective Percent: 34,36%
	 Crit Inc Heal: 2
	 Crit Inc Damage: 2
Haste
	 Rating: 5186
	 Multiplicative Factor: 0%
	 Eff: 26541,8
	 DR Bracket: 0
	 Base: 30%
	 Effective Percent: 40,21%
Vers
	 Rating: 14554
	 Multiplicative Factor: 0%
	 Eff: 16894
	 DR Bracket: 0
	 Base: 3%
	 Effective Percent: 21,66%
Leech
	 Rating: 6296
	 Multiplicative Factor: 0%
	 Eff: 6296
	 DR Bracket: 0
	 Base: 0%
	 Effective Percent: 6,17%
Avoidance
	 Rating: 1225
	 Multiplicative Factor: 0%
	 Eff: 1225
	 DR Bracket: 0
	 Base: 0%
	 Effective Percent: 2,25%
Mastery
	 Rating: 19787
	 Multiplicative Factor: 0%
	 Eff: 26787
	 DR Bracket: 0
	 Base: 9,56%
	 Effective Percent: 36,59%
----------------------
00:41,836

Intellect
	 Rating: 141301
	 Multiplicative Factor: 8,15%
	 Eff: 141301
Stamina
	 Rating: 823302
	 Multiplicative Factor: 5%
	 Eff: 823302
Crit
	 Rating: 26540
	 Multiplicative Factor: 0%
	 Eff: 29485,88901479504
	 DR Bracket: 1
	 Base: 5%
	 Effective Percent: 42,12%
	 Crit Inc Heal: 2
	 Crit Inc Damage: 2
Haste
	 Rating: 5186
	 Multiplicative Factor: 0%
	 Eff: 5186
	 DR Bracket: 0
	 Base: 0%
	 Effective Percent: 7,86%
Vers
	 Rating: 14554
	 Multiplicative Factor: 0%
	 Eff: 16894
	 DR Bracket: 0
	 Base: 3%
	 Effective Percent: 21,66%
Leech
	 Rating: 6296
	 Multiplicative Factor: 0%
	 Eff: 6296
	 DR Bracket: 0
	 Base: 0%
	 Effective Percent: 6,17%
Avoidance
	 Rating: 1225
	 Multiplicative Factor: 0%
	 Eff: 1225
	 DR Bracket: 0
	 Base: 0%
	 Effective Percent: 2,25%
Mastery
	 Rating: 19787
	 Multiplicative Factor: 0%
	 Eff: 26787
	 DR Bracket: 0
	 Base: 9,56%
	 Effective Percent: 36,59%
----------------------
00:46,946

Intellect
	 Rating: 141301
	 Multiplicative Factor: 8,15%
	 Eff: 141301
Stamina
	 Rating: 823302
	 Multiplicative Factor: 5%
	 Eff: 823302
Crit
	 Rating: 26540
	 Multiplicative Factor: 0%
	 Eff: 29485,88901479504
	 DR Bracket: 1
	 Base: 5%
	 Effective Percent: 42,12%
	 Crit Inc Heal: 2
	 Crit Inc Damage: 2
Haste
	 Rating: 5186
	 Multiplicative Factor: 0%
	 Eff: 5186
	 DR Bracket: 0
	 Base: 0%
	 Effective Percent: 7,86%
Vers
	 Rating: 14554
	 Multiplicative Factor: 0%
	 Eff: 16894
	 DR Bracket: 0
	 Base: 3%
	 Effective Percent: 21,66%
Leech
	 Rating: 6296
	 Multiplicative Factor: 0%
	 Eff: 6296
	 DR Bracket: 0
	 Base: 0%
	 Effective Percent: 6,17%
Avoidance
	 Rating: 1225
	 Multiplicative Factor: 0%
	 Eff: 1225
	 DR Bracket: 0
	 Base: 0%
	 Effective Percent: 2,25%
Mastery
	 Rating: 19787
	 Multiplicative Factor: 0%
	 Eff: 26787
	 DR Bracket: 0
	 Base: 9,56%
	 Effective Percent: 36,59%
----------------------
00:51,953

Intellect
	 Rating: 141301
	 Multiplicative Factor: 8,15%
	 Eff: 141301
Stamina
	 Rating: 823302
	 Multiplicative Factor: 5%
	 Eff: 823302
Crit
	 Rating: 20555
	 Multiplicative Factor: 0%
	 Eff: 24054,999999999996
	 DR Bracket: 0
	 Base: 5%
	 Effective Percent: 34,36%
	 Crit Inc Heal: 2
	 Crit Inc Damage: 2
Haste
	 Rating: 5186
	 Multiplicative Factor: 0%
	 Eff: 5186
	 DR Bracket: 0
	 Base: 0%
	 Effective Percent: 7,86%
Vers
	 Rating: 14554
	 Multiplicative Factor: 0%
	 Eff: 16894
	 DR Bracket: 0
	 Base: 3%
	 Effective Percent: 21,66%
Leech
	 Rating: 6296
	 Multiplicative Factor: 0%
	 Eff: 6296
	 DR Bracket: 0
	 Base: 0%
	 Effective Percent: 6,17%
Avoidance
	 Rating: 1225
	 Multiplicative Factor: 0%
	 Eff: 1225
	 DR Bracket: 0
	 Base: 0%
	 Effective Percent: 2,25%
Mastery
	 Rating: 19787
	 Multiplicative Factor: 0%
	 Eff: 26787
	 DR Bracket: 0
	 Base: 9,56%
	 Effective Percent: 36,59%
----------------------
00:56,962

Intellect
	 Rating: 141301
	 Multiplicative Factor: 8,15%
	 Eff: 141301
Stamina
	 Rating: 823302
	 Multiplicative Factor: 5%
	 Eff: 823302
Crit
	 Rating: 20555
	 Multiplicative Factor: 0%
	 Eff: 24054,999999999996
	 DR Bracket: 0
	 Base: 5%
	 Effective Percent: 34,36%
	 Crit Inc Heal: 2
	 Crit Inc Damage: 2
Haste
	 Rating: 5186
	 Multiplicative Factor: 0%
	 Eff: 5186
	 DR Bracket: 0
	 Base: 0%
	 Effective Percent: 7,86%
Vers
	 Rating: 14554
	 Multiplicative Factor: 0%
	 Eff: 16894
	 DR Bracket: 0
	 Base: 3%
	 Effective Percent: 21,66%
Leech
	 Rating: 6296
	 Multiplicative Factor: 0%
	 Eff: 6296
	 DR Bracket: 0
	 Base: 0%
	 Effective Percent: 6,17%
Avoidance
	 Rating: 1225
	 Multiplicative Factor: 0%
	 Eff: 1225
	 DR Bracket: 0
	 Base: 0%
	 Effective Percent: 2,25%
Mastery
	 Rating: 19787
	 Multiplicative Factor: 0%
	 Eff: 26787
	 DR Bracket: 0
	 Base: 9,56%
	 Effective Percent: 36,59%
----------------------
01:01,972

Intellect
	 Rating: 141301
	 Multiplicative Factor: 8,15%
	 Eff: 141301
Stamina
	 Rating: 823302
	 Multiplicative Factor: 5%
	 Eff: 823302
Crit
	 Rating: 20555
	 Multiplicative Factor: 0%
	 Eff: 24054,999999999996
	 DR Bracket: 0
	 Base: 5%
	 Effective Percent: 34,36%
	 Crit Inc Heal: 2
	 Crit Inc Damage: 2
Haste
	 Rating: 5186
	 Multiplicative Factor: 0%
	 Eff: 5186
	 DR Bracket: 0
	 Base: 0%
	 Effective Percent: 7,86%
Vers
	 Rating: 14554
	 Multiplicative Factor: 0%
	 Eff: 16894
	 DR Bracket: 0
	 Base: 3%
	 Effective Percent: 21,66%
Leech
	 Rating: 6296
	 Multiplicative Factor: 0%
	 Eff: 6296
	 DR Bracket: 0
	 Base: 0%
	 Effective Percent: 6,17%
Avoidance
	 Rating: 1225
	 Multiplicative Factor: 0%
	 Eff: 1225
	 DR Bracket: 0
	 Base: 0%
	 Effective Percent: 2,25%
Mastery
	 Rating: 19787
	 Multiplicative Factor: 0%
	 Eff: 26787
	 DR Bracket: 0
	 Base: 9,56%
	 Effective Percent: 36,59%
----------------------
01:06,973

Intellect
	 Rating: 141301
	 Multiplicative Factor: 8,15%
	 Eff: 141301
Stamina
	 Rating: 823302
	 Multiplicative Factor: 5%
	 Eff: 823302
Crit
	 Rating: 20555
	 Multiplicative Factor: 0%
	 Eff: 24054,999999999996
	 DR Bracket: 0
	 Base: 5%
	 Effective Percent: 34,36%
	 Crit Inc Heal: 2
	 Crit Inc Damage: 2
Haste
	 Rating: 5186
	 Multiplicative Factor: 0%
	 Eff: 5186
	 DR Bracket: 0
	 Base: 0%
	 Effective Percent: 7,86%
Vers
	 Rating: 14554
	 Multiplicative Factor: 0%
	 Eff: 16894
	 DR Bracket: 0
	 Base: 3%
	 Effective Percent: 21,66%
Leech
	 Rating: 6296
	 Multiplicative Factor: 0%
	 Eff: 6296
	 DR Bracket: 0
	 Base: 0%
	 Effective Percent: 6,17%
Avoidance
	 Rating: 1225
	 Multiplicative Factor: 0%
	 Eff: 1225
	 DR Bracket: 0
	 Base: 0%
	 Effective Percent: 2,25%
Mastery
	 Rating: 19787
	 Multiplicative Factor: 0%
	 Eff: 26787
	 DR Bracket: 0
	 Base: 9,56%
	 Effective Percent: 36,59%
----------------------
01:11,975

Intellect
	 Rating: 141301
	 Multiplicative Factor: 8,15%
	 Eff: 141301
Stamina
	 Rating: 823302
	 Multiplicative Factor: 5%
	 Eff: 823302
Crit
	 Rating: 20555
	 Multiplicative Factor: 0%
	 Eff: 24054,999999999996
	 DR Bracket: 0
	 Base: 5%
	 Effective Percent: 34,36%
	 Crit Inc Heal: 2
	 Crit Inc Damage: 2
Haste
	 Rating: 5186
	 Multiplicative Factor: 0%
	 Eff: 5186
	 DR Bracket: 0
	 Base: 0%
	 Effective Percent: 7,86%
Vers
	 Rating: 14554
	 Multiplicative Factor: 0%
	 Eff: 16894
	 DR Bracket: 0
	 Base: 3%
	 Effective Percent: 21,66%
Leech
	 Rating: 6296
	 Multiplicative Factor: 0%
	 Eff: 6296
	 DR Bracket: 0
	 Base: 0%
	 Effective Percent: 6,17%
Avoidance
	 Rating: 1225
	 Multiplicative Factor: 0%
	 Eff: 1225
	 DR Bracket: 0
	 Base: 0%
	 Effective Percent: 2,25%
Mastery
	 Rating: 19787
	 Multiplicative Factor: 0%
	 Eff: 26787
	 DR Bracket: 0
	 Base: 9,56%
	 Effective Percent: 36,59%
----------------------
01:16,975

Intellect
	 Rating: 141301
	 Multiplicative Factor: 8,15%
	 Eff: 141301
Stamina
	 Rating: 823302
	 Multiplicative Factor: 5%
	 Eff: 823302
Crit
	 Rating: 20555
	 Multiplicative Factor: 0%
	 Eff: 24054,999999999996
	 DR Bracket: 0
	 Base: 5%
	 Effective Percent: 34,36%
	 Crit Inc Heal: 2
	 Crit Inc Damage: 2
Haste
	 Rating: 5186
	 Multiplicative Factor: 0%
	 Eff: 5186
	 DR Bracket: 0
	 Base: 0%
	 Effective Percent: 7,86%
Vers
	 Rating: 14554
	 Multiplicative Factor: 0%
	 Eff: 16894
	 DR Bracket: 0
	 Base: 3%
	 Effective Percent: 21,66%
Leech
	 Rating: 6296
	 Multiplicative Factor: 0%
	 Eff: 6296
	 DR Bracket: 0
	 Base: 0%
	 Effective Percent: 6,17%
Avoidance
	 Rating: 1225
	 Multiplicative Factor: 0%
	 Eff: 1225
	 DR Bracket: 0
	 Base: 0%
	 Effective Percent: 2,25%
Mastery
	 Rating: 19787
	 Multiplicative Factor: 0%
	 Eff: 26787
	 DR Bracket: 0
	 Base: 9,56%
	 Effective Percent: 36,59%
----------------------
01:21,981

Intellect
	 Rating: 141301
	 Multiplicative Factor: 8,15%
	 Eff: 141301
Stamina
	 Rating: 823302
	 Multiplicative Factor: 5%
	 Eff: 823302
Crit
	 Rating: 20555
	 Multiplicative Factor: 0%
	 Eff: 24054,999999999996
	 DR Bracket: 0
	 Base: 5%
	 Effective Percent: 34,36%
	 Crit Inc Heal: 2
	 Crit Inc Damage: 2
Haste
	 Rating: 5186
	 Multiplicative Factor: 0%
	 Eff: 5186
	 DR Bracket: 0
	 Base: 0%
	 Effective Percent: 7,86%
Vers
	 Rating: 14554
	 Multiplicative Factor: 0%
	 Eff: 16894
	 DR Bracket: 0
	 Base: 3%
	 Effective Percent: 21,66%
Leech
	 Rating: 6296
	 Multiplicative Factor: 0%
	 Eff: 6296
	 DR Bracket: 0
	 Base: 0%
	 Effective Percent: 6,17%
Avoidance
	 Rating: 1225
	 Multiplicative Factor: 0%
	 Eff: 1225
	 DR Bracket: 0
	 Base: 0%
	 Effective Percent: 2,25%
Mastery
	 Rating: 19787
	 Multiplicative Factor: 0%
	 Eff: 26787
	 DR Bracket: 0
	 Base: 9,56%
	 Effective Percent: 36,59%
----------------------
01:26,999

Intellect
	 Rating: 141301
	 Multiplicative Factor: 8,15%
	 Eff: 141301
Stamina
	 Rating: 823302
	 Multiplicative Factor: 5%
	 Eff: 823302
Crit
	 Rating: 20555
	 Multiplicative Factor: 0%
	 Eff: 24054,999999999996
	 DR Bracket: 0
	 Base: 5%
	 Effective Percent: 34,36%
	 Crit Inc Heal: 2
	 Crit Inc Damage: 2
Haste
	 Rating: 5186
	 Multiplicative Factor: 0%
	 Eff: 5186
	 DR Bracket: 0
	 Base: 0%
	 Effective Percent: 7,86%
Vers
	 Rating: 14554
	 Multiplicative Factor: 0%
	 Eff: 16894
	 DR Bracket: 0
	 Base: 3%
	 Effective Percent: 21,66%
Leech
	 Rating: 6296
	 Multiplicative Factor: 0%
	 Eff: 6296
	 DR Bracket: 0
	 Base: 0%
	 Effective Percent: 6,17%
Avoidance
	 Rating: 1225
	 Multiplicative Factor: 0%
	 Eff: 1225
	 DR Bracket: 0
	 Base: 0%
	 Effective Percent: 2,25%
Mastery
	 Rating: 19787
	 Multiplicative Factor: 0%
	 Eff: 26787
	 DR Bracket: 0
	 Base: 9,56%
	 Effective Percent: 36,59%
----------------------
01:32,025

Intellect
	 Rating: 141301
	 Multiplicative Factor: 8,15%
	 Eff: 141301
Stamina
	 Rating: 823302
	 Multiplicative Factor: 5%
	 Eff: 823302
Crit
	 Rating: 26540
	 Multiplicative Factor: 0%
	 Eff: 29485,88901479504
	 DR Bracket: 1
	 Base: 5%
	 Effective Percent: 42,12%
	 Crit Inc Heal: 2
	 Crit Inc Damage: 2
Haste
	 Rating: 5186
	 Multiplicative Factor: 0%
	 Eff: 5186
	 DR Bracket: 0
	 Base: 0%
	 Effective Percent: 7,86%
Vers
	 Rating: 14554
	 Multiplicative Factor: 0%
	 Eff: 16894
	 DR Bracket: 0
	 Base: 3%
	 Effective Percent: 21,66%
Leech
	 Rating: 6296
	 Multiplicative Factor: 0%
	 Eff: 6296
	 DR Bracket: 0
	 Base: 0%
	 Effective Percent: 6,17%
Avoidance
	 Rating: 1225
	 Multiplicative Factor: 0%
	 Eff: 1225
	 DR Bracket: 0
	 Base: 0%
	 Effective Percent: 2,25%
Mastery
	 Rating: 19787
	 Multiplicative Factor: 0%
	 Eff: 26787
	 DR Bracket: 0
	 Base: 9,56%
	 Effective Percent: 36,59%
----------------------
01:37,040

Intellect
	 Rating: 141301
	 Multiplicative Factor: 8,15%
	 Eff: 141301
Stamina
	 Rating: 823302
	 Multiplicative Factor: 5%
	 Eff: 823302
Crit
	 Rating: 26540
	 Multiplicative Factor: 0%
	 Eff: 29485,88901479504
	 DR Bracket: 1
	 Base: 5%
	 Effective Percent: 42,12%
	 Crit Inc Heal: 2
	 Crit Inc Damage: 2
Haste
	 Rating: 5186
	 Multiplicative Factor: 0%
	 Eff: 5186
	 DR Bracket: 0
	 Base: 0%
	 Effective Percent: 7,86%
Vers
	 Rating: 14554
	 Multiplicative Factor: 0%
	 Eff: 16894
	 DR Bracket: 0
	 Base: 3%
	 Effective Percent: 21,66%
Leech
	 Rating: 6296
	 Multiplicative Factor: 0%
	 Eff: 6296
	 DR Bracket: 0
	 Base: 0%
	 Effective Percent: 6,17%
Avoidance
	 Rating: 1225
	 Multiplicative Factor: 0%
	 Eff: 1225
	 DR Bracket: 0
	 Base: 0%
	 Effective Percent: 2,25%
Mastery
	 Rating: 19787
	 Multiplicative Factor: 0%
	 Eff: 26787
	 DR Bracket: 0
	 Base: 9,56%
	 Effective Percent: 36,59%
----------------------
01:42,052

Intellect
	 Rating: 141301
	 Multiplicative Factor: 8,15%
	 Eff: 141301
Stamina
	 Rating: 823302
	 Multiplicative Factor: 5%
	 Eff: 823302
Crit
	 Rating: 20555
	 Multiplicative Factor: 0%
	 Eff: 24054,999999999996
	 DR Bracket: 0
	 Base: 5%
	 Effective Percent: 34,36%
	 Crit Inc Heal: 2
	 Crit Inc Damage: 2
Haste
	 Rating: 5186
	 Multiplicative Factor: 0%
	 Eff: 5186
	 DR Bracket: 0
	 Base: 0%
	 Effective Percent: 7,86%
Vers
	 Rating: 14554
	 Multiplicative Factor: 0%
	 Eff: 16894
	 DR Bracket: 0
	 Base: 3%
	 Effective Percent: 21,66%
Leech
	 Rating: 6296
	 Multiplicative Factor: 0%
	 Eff: 6296
	 DR Bracket: 0
	 Base: 0%
	 Effective Percent: 6,17%
Avoidance
	 Rating: 1225
	 Multiplicative Factor: 0%
	 Eff: 1225
	 DR Bracket: 0
	 Base: 0%
	 Effective Percent: 2,25%
Mastery
	 Rating: 19787
	 Multiplicative Factor: 0%
	 Eff: 26787
	 DR Bracket: 0
	 Base: 9,56%
	 Effective Percent: 36,59%
----------------------
01:47,263

Intellect
	 Rating: 141301
	 Multiplicative Factor: 8,15%
	 Eff: 141301
Stamina
	 Rating: 823302
	 Multiplicative Factor: 5%
	 Eff: 823302
Crit
	 Rating: 20555
	 Multiplicative Factor: 0%
	 Eff: 24054,999999999996
	 DR Bracket: 0
	 Base: 5%
	 Effective Percent: 34,36%
	 Crit Inc Heal: 2
	 Crit Inc Damage: 2
Haste
	 Rating: 5186
	 Multiplicative Factor: 0%
	 Eff: 5186
	 DR Bracket: 0
	 Base: 0%
	 Effective Percent: 7,86%
Vers
	 Rating: 14554
	 Multiplicative Factor: 0%
	 Eff: 16894
	 DR Bracket: 0
	 Base: 3%
	 Effective Percent: 21,66%
Leech
	 Rating: 6296
	 Multiplicative Factor: 0%
	 Eff: 6296
	 DR Bracket: 0
	 Base: 0%
	 Effective Percent: 6,17%
Avoidance
	 Rating: 1225
	 Multiplicative Factor: 0%
	 Eff: 1225
	 DR Bracket: 0
	 Base: 0%
	 Effective Percent: 2,25%
Mastery
	 Rating: 19787
	 Multiplicative Factor: 0%
	 Eff: 26787
	 DR Bracket: 0
	 Base: 9,56%
	 Effective Percent: 36,59%
----------------------
01:52,292

Intellect
	 Rating: 141301
	 Multiplicative Factor: 8,15%
	 Eff: 141301
Stamina
	 Rating: 823302
	 Multiplicative Factor: 5%
	 Eff: 823302
Crit
	 Rating: 20555
	 Multiplicative Factor: 0%
	 Eff: 24054,999999999996
	 DR Bracket: 0
	 Base: 5%
	 Effective Percent: 34,36%
	 Crit Inc Heal: 2
	 Crit Inc Damage: 2
Haste
	 Rating: 5186
	 Multiplicative Factor: 0%
	 Eff: 5186
	 DR Bracket: 0
	 Base: 0%
	 Effective Percent: 7,86%
Vers
	 Rating: 14554
	 Multiplicative Factor: 0%
	 Eff: 16894
	 DR Bracket: 0
	 Base: 3%
	 Effective Percent: 21,66%
Leech
	 Rating: 6296
	 Multiplicative Factor: 0%
	 Eff: 6296
	 DR Bracket: 0
	 Base: 0%
	 Effective Percent: 6,17%
Avoidance
	 Rating: 1225
	 Multiplicative Factor: 0%
	 Eff: 1225
	 DR Bracket: 0
	 Base: 0%
	 Effective Percent: 2,25%
Mastery
	 Rating: 19787
	 Multiplicative Factor: 0%
	 Eff: 26787
	 DR Bracket: 0
	 Base: 9,56%
	 Effective Percent: 36,59%
----------------------
01:57,366

Intellect
	 Rating: 141301
	 Multiplicative Factor: 8,15%
	 Eff: 141301
Stamina
	 Rating: 823302
	 Multiplicative Factor: 5%
	 Eff: 823302
Crit
	 Rating: 20555
	 Multiplicative Factor: 0%
	 Eff: 24054,999999999996
	 DR Bracket: 0
	 Base: 5%
	 Effective Percent: 34,36%
	 Crit Inc Heal: 2
	 Crit Inc Damage: 2
Haste
	 Rating: 5186
	 Multiplicative Factor: 0%
	 Eff: 5186
	 DR Bracket: 0
	 Base: 0%
	 Effective Percent: 7,86%
Vers
	 Rating: 14554
	 Multiplicative Factor: 0%
	 Eff: 16894
	 DR Bracket: 0
	 Base: 3%
	 Effective Percent: 21,66%
Leech
	 Rating: 6296
	 Multiplicative Factor: 0%
	 Eff: 6296
	 DR Bracket: 0
	 Base: 0%
	 Effective Percent: 6,17%
Avoidance
	 Rating: 1225
	 Multiplicative Factor: 0%
	 Eff: 1225
	 DR Bracket: 0
	 Base: 0%
	 Effective Percent: 2,25%
Mastery
	 Rating: 19787
	 Multiplicative Factor: 0%
	 Eff: 26787
	 DR Bracket: 0
	 Base: 9,56%
	 Effective Percent: 36,59%
----------------------
02:02,531

Intellect
	 Rating: 141301
	 Multiplicative Factor: 8,15%
	 Eff: 141301
Stamina
	 Rating: 823302
	 Multiplicative Factor: 5%
	 Eff: 823302
Crit
	 Rating: 20555
	 Multiplicative Factor: 0%
	 Eff: 24054,999999999996
	 DR Bracket: 0
	 Base: 5%
	 Effective Percent: 34,36%
	 Crit Inc Heal: 2
	 Crit Inc Damage: 2
Haste
	 Rating: 5186
	 Multiplicative Factor: 0%
	 Eff: 5186
	 DR Bracket: 0
	 Base: 0%
	 Effective Percent: 7,86%
Vers
	 Rating: 14554
	 Multiplicative Factor: 0%
	 Eff: 16894
	 DR Bracket: 0
	 Base: 3%
	 Effective Percent: 21,66%
Leech
	 Rating: 6296
	 Multiplicative Factor: 0%
	 Eff: 6296
	 DR Bracket: 0
	 Base: 0%
	 Effective Percent: 6,17%
Avoidance
	 Rating: 1225
	 Multiplicative Factor: 0%
	 Eff: 1225
	 DR Bracket: 0
	 Base: 0%
	 Effective Percent: 2,25%
Mastery
	 Rating: 19787
	 Multiplicative Factor: 0%
	 Eff: 26787
	 DR Bracket: 0
	 Base: 9,56%
	 Effective Percent: 36,59%
----------------------
02:07,586

Intellect
	 Rating: 141301
	 Multiplicative Factor: 8,15%
	 Eff: 141301
Stamina
	 Rating: 823302
	 Multiplicative Factor: 5%
	 Eff: 823302
Crit
	 Rating: 20555
	 Multiplicative Factor: 0%
	 Eff: 24054,999999999996
	 DR Bracket: 0
	 Base: 5%
	 Effective Percent: 34,36%
	 Crit Inc Heal: 2
	 Crit Inc Damage: 2
Haste
	 Rating: 5186
	 Multiplicative Factor: 0%
	 Eff: 19423,199999999997
	 DR Bracket: 0
	 Base: 20%
	 Effective Percent: 29,43%
Vers
	 Rating: 14554
	 Multiplicative Factor: 0%
	 Eff: 16894
	 DR Bracket: 0
	 Base: 3%
	 Effective Percent: 21,66%
Leech
	 Rating: 6296
	 Multiplicative Factor: 0%
	 Eff: 6296
	 DR Bracket: 0
	 Base: 0%
	 Effective Percent: 6,17%
Avoidance
	 Rating: 1225
	 Multiplicative Factor: 0%
	 Eff: 1225
	 DR Bracket: 0
	 Base: 0%
	 Effective Percent: 2,25%
Mastery
	 Rating: 19787
	 Multiplicative Factor: 0%
	 Eff: 26787
	 DR Bracket: 0
	 Base: 9,56%
	 Effective Percent: 36,59%
----------------------
02:12,680

Intellect
	 Rating: 141301
	 Multiplicative Factor: 8,15%
	 Eff: 141301
Stamina
	 Rating: 823302
	 Multiplicative Factor: 5%
	 Eff: 823302
Crit
	 Rating: 20555
	 Multiplicative Factor: 0%
	 Eff: 24054,999999999996
	 DR Bracket: 0
	 Base: 5%
	 Effective Percent: 34,36%
	 Crit Inc Heal: 2
	 Crit Inc Damage: 2
Haste
	 Rating: 5186
	 Multiplicative Factor: 0%
	 Eff: 19423,199999999997
	 DR Bracket: 0
	 Base: 20%
	 Effective Percent: 29,43%
Vers
	 Rating: 14554
	 Multiplicative Factor: 0%
	 Eff: 16894
	 DR Bracket: 0
	 Base: 3%
	 Effective Percent: 21,66%
Leech
	 Rating: 6296
	 Multiplicative Factor: 0%
	 Eff: 6296
	 DR Bracket: 0
	 Base: 0%
	 Effective Percent: 6,17%
Avoidance
	 Rating: 1225
	 Multiplicative Factor: 0%
	 Eff: 1225
	 DR Bracket: 0
	 Base: 0%
	 Effective Percent: 2,25%
Mastery
	 Rating: 19787
	 Multiplicative Factor: 0%
	 Eff: 26787
	 DR Bracket: 0
	 Base: 9,56%
	 Effective Percent: 36,59%
----------------------
02:17,846

Intellect
	 Rating: 141301
	 Multiplicative Factor: 8,15%
	 Eff: 141301
Stamina
	 Rating: 823302
	 Multiplicative Factor: 5%
	 Eff: 823302
Crit
	 Rating: 20555
	 Multiplicative Factor: 0%
	 Eff: 24054,999999999996
	 DR Bracket: 0
	 Base: 5%
	 Effective Percent: 34,36%
	 Crit Inc Heal: 2
	 Crit Inc Damage: 2
Haste
	 Rating: 5186
	 Multiplicative Factor: 0%
	 Eff: 19423,199999999997
	 DR Bracket: 0
	 Base: 20%
	 Effective Percent: 29,43%
Vers
	 Rating: 14554
	 Multiplicative Factor: 0%
	 Eff: 16894
	 DR Bracket: 0
	 Base: 3%
	 Effective Percent: 21,66%
Leech
	 Rating: 6296
	 Multiplicative Factor: 0%
	 Eff: 6296
	 DR Bracket: 0
	 Base: 0%
	 Effective Percent: 6,17%
Avoidance
	 Rating: 1225
	 Multiplicative Factor: 0%
	 Eff: 1225
	 DR Bracket: 0
	 Base: 0%
	 Effective Percent: 2,25%
Mastery
	 Rating: 19787
	 Multiplicative Factor: 0%
	 Eff: 26787
	 DR Bracket: 0
	 Base: 9,56%
	 Effective Percent: 36,59%
----------------------
02:22,848

Intellect
	 Rating: 141301
	 Multiplicative Factor: 8,15%
	 Eff: 141301
Stamina
	 Rating: 823302
	 Multiplicative Factor: 5%
	 Eff: 823302
Crit
	 Rating: 20555
	 Multiplicative Factor: 0%
	 Eff: 24054,999999999996
	 DR Bracket: 0
	 Base: 5%
	 Effective Percent: 34,36%
	 Crit Inc Heal: 2
	 Crit Inc Damage: 2
Haste
	 Rating: 5186
	 Multiplicative Factor: 0%
	 Eff: 5186
	 DR Bracket: 0
	 Base: 0%
	 Effective Percent: 7,86%
Vers
	 Rating: 14554
	 Multiplicative Factor: 0%
	 Eff: 16894
	 DR Bracket: 0
	 Base: 3%
	 Effective Percent: 21,66%
Leech
	 Rating: 6296
	 Multiplicative Factor: 0%
	 Eff: 6296
	 DR Bracket: 0
	 Base: 0%
	 Effective Percent: 6,17%
Avoidance
	 Rating: 1225
	 Multiplicative Factor: 0%
	 Eff: 1225
	 DR Bracket: 0
	 Base: 0%
	 Effective Percent: 2,25%
Mastery
	 Rating: 19787
	 Multiplicative Factor: 0%
	 Eff: 26787
	 DR Bracket: 0
	 Base: 9,56%
	 Effective Percent: 36,59%
----------------------
02:27,852

Intellect
	 Rating: 141301
	 Multiplicative Factor: 8,15%
	 Eff: 141301
Stamina
	 Rating: 823302
	 Multiplicative Factor: 5%
	 Eff: 823302
Crit
	 Rating: 20555
	 Multiplicative Factor: 0%
	 Eff: 24054,999999999996
	 DR Bracket: 0
	 Base: 5%
	 Effective Percent: 34,36%
	 Crit Inc Heal: 2
	 Crit Inc Damage: 2
Haste
	 Rating: 5186
	 Multiplicative Factor: 0%
	 Eff: 5186
	 DR Bracket: 0
	 Base: 0%
	 Effective Percent: 7,86%
Vers
	 Rating: 14554
	 Multiplicative Factor: 0%
	 Eff: 16894
	 DR Bracket: 0
	 Base: 3%
	 Effective Percent: 21,66%
Leech
	 Rating: 6296
	 Multiplicative Factor: 0%
	 Eff: 6296
	 DR Bracket: 0
	 Base: 0%
	 Effective Percent: 6,17%
Avoidance
	 Rating: 1225
	 Multiplicative Factor: 0%
	 Eff: 1225
	 DR Bracket: 0
	 Base: 0%
	 Effective Percent: 2,25%
Mastery
	 Rating: 19787
	 Multiplicative Factor: 0%
	 Eff: 26787
	 DR Bracket: 0
	 Base: 9,56%
	 Effective Percent: 36,59%
----------------------
02:32,856

Intellect
	 Rating: 141301
	 Multiplicative Factor: 8,15%
	 Eff: 141301
Stamina
	 Rating: 823302
	 Multiplicative Factor: 5%
	 Eff: 823302
Crit
	 Rating: 20555
	 Multiplicative Factor: 0%
	 Eff: 24054,999999999996
	 DR Bracket: 0
	 Base: 5%
	 Effective Percent: 34,36%
	 Crit Inc Heal: 2
	 Crit Inc Damage: 2
Haste
	 Rating: 5186
	 Multiplicative Factor: 0%
	 Eff: 5186
	 DR Bracket: 0
	 Base: 0%
	 Effective Percent: 7,86%
Vers
	 Rating: 14554
	 Multiplicative Factor: 0%
	 Eff: 16894
	 DR Bracket: 0
	 Base: 3%
	 Effective Percent: 21,66%
Leech
	 Rating: 6296
	 Multiplicative Factor: 0%
	 Eff: 6296
	 DR Bracket: 0
	 Base: 0%
	 Effective Percent: 6,17%
Avoidance
	 Rating: 1225
	 Multiplicative Factor: 0%
	 Eff: 1225
	 DR Bracket: 0
	 Base: 0%
	 Effective Percent: 2,25%
Mastery
	 Rating: 19787
	 Multiplicative Factor: 0%
	 Eff: 26787
	 DR Bracket: 0
	 Base: 9,56%
	 Effective Percent: 36,59%
----------------------
02:37,858

Intellect
	 Rating: 141301
	 Multiplicative Factor: 8,15%
	 Eff: 141301
Stamina
	 Rating: 823302
	 Multiplicative Factor: 5%
	 Eff: 823302
Crit
	 Rating: 20555
	 Multiplicative Factor: 0%
	 Eff: 24054,999999999996
	 DR Bracket: 0
	 Base: 5%
	 Effective Percent: 34,36%
	 Crit Inc Heal: 2
	 Crit Inc Damage: 2
Haste
	 Rating: 5186
	 Multiplicative Factor: 0%
	 Eff: 5186
	 DR Bracket: 0
	 Base: 0%
	 Effective Percent: 7,86%
Vers
	 Rating: 14554
	 Multiplicative Factor: 0%
	 Eff: 16894
	 DR Bracket: 0
	 Base: 3%
	 Effective Percent: 21,66%
Leech
	 Rating: 6296
	 Multiplicative Factor: 0%
	 Eff: 6296
	 DR Bracket: 0
	 Base: 0%
	 Effective Percent: 6,17%
Avoidance
	 Rating: 1225
	 Multiplicative Factor: 0%
	 Eff: 1225
	 DR Bracket: 0
	 Base: 0%
	 Effective Percent: 2,25%
Mastery
	 Rating: 19787
	 Multiplicative Factor: 0%
	 Eff: 26787
	 DR Bracket: 0
	 Base: 9,56%
	 Effective Percent: 36,59%
----------------------
02:42,863

Intellect
	 Rating: 141301
	 Multiplicative Factor: 8,15%
	 Eff: 141301
Stamina
	 Rating: 823302
	 Multiplicative Factor: 5%
	 Eff: 823302
Crit
	 Rating: 20555
	 Multiplicative Factor: 0%
	 Eff: 24054,999999999996
	 DR Bracket: 0
	 Base: 5%
	 Effective Percent: 34,36%
	 Crit Inc Heal: 2
	 Crit Inc Damage: 2
Haste
	 Rating: 5186
	 Multiplicative Factor: 0%
	 Eff: 5186
	 DR Bracket: 0
	 Base: 0%
	 Effective Percent: 7,86%
Vers
	 Rating: 14554
	 Multiplicative Factor: 0%
	 Eff: 16894
	 DR Bracket: 0
	 Base: 3%
	 Effective Percent: 21,66%
Leech
	 Rating: 6296
	 Multiplicative Factor: 0%
	 Eff: 6296
	 DR Bracket: 0
	 Base: 0%
	 Effective Percent: 6,17%
Avoidance
	 Rating: 1225
	 Multiplicative Factor: 0%
	 Eff: 1225
	 DR Bracket: 0
	 Base: 0%
	 Effective Percent: 2,25%
Mastery
	 Rating: 19787
	 Multiplicative Factor: 0%
	 Eff: 26787
	 DR Bracket: 0
	 Base: 9,56%
	 Effective Percent: 36,59%
----------------------
02:47,931

Intellect
	 Rating: 141301
	 Multiplicative Factor: 8,15%
	 Eff: 141301
Stamina
	 Rating: 823302
	 Multiplicative Factor: 5%
	 Eff: 823302
Crit
	 Rating: 20555
	 Multiplicative Factor: 0%
	 Eff: 24054,999999999996
	 DR Bracket: 0
	 Base: 5%
	 Effective Percent: 34,36%
	 Crit Inc Heal: 2
	 Crit Inc Damage: 2
Haste
	 Rating: 5186
	 Multiplicative Factor: 0%
	 Eff: 5186
	 DR Bracket: 0
	 Base: 0%
	 Effective Percent: 7,86%
Vers
	 Rating: 14554
	 Multiplicative Factor: 0%
	 Eff: 16894
	 DR Bracket: 0
	 Base: 3%
	 Effective Percent: 21,66%
Leech
	 Rating: 6296
	 Multiplicative Factor: 0%
	 Eff: 6296
	 DR Bracket: 0
	 Base: 0%
	 Effective Percent: 6,17%
Avoidance
	 Rating: 1225
	 Multiplicative Factor: 0%
	 Eff: 1225
	 DR Bracket: 0
	 Base: 0%
	 Effective Percent: 2,25%
Mastery
	 Rating: 19787
	 Multiplicative Factor: 0%
	 Eff: 26787
	 DR Bracket: 0
	 Base: 9,56%
	 Effective Percent: 36,59%
----------------------
02:52,941

Intellect
	 Rating: 141301
	 Multiplicative Factor: 8,15%
	 Eff: 141301
Stamina
	 Rating: 823302
	 Multiplicative Factor: 5%
	 Eff: 823302
Crit
	 Rating: 26540
	 Multiplicative Factor: 0%
	 Eff: 29485,88901479504
	 DR Bracket: 1
	 Base: 5%
	 Effective Percent: 42,12%
	 Crit Inc Heal: 2
	 Crit Inc Damage: 2
Haste
	 Rating: 5186
	 Multiplicative Factor: 0%
	 Eff: 5186
	 DR Bracket: 0
	 Base: 0%
	 Effective Percent: 7,86%
Vers
	 Rating: 14554
	 Multiplicative Factor: 0%
	 Eff: 16894
	 DR Bracket: 0
	 Base: 3%
	 Effective Percent: 21,66%
Leech
	 Rating: 6296
	 Multiplicative Factor: 0%
	 Eff: 6296
	 DR Bracket: 0
	 Base: 0%
	 Effective Percent: 6,17%
Avoidance
	 Rating: 1225
	 Multiplicative Factor: 0%
	 Eff: 1225
	 DR Bracket: 0
	 Base: 0%
	 Effective Percent: 2,25%
Mastery
	 Rating: 19787
	 Multiplicative Factor: 0%
	 Eff: 26787
	 DR Bracket: 0
	 Base: 9,56%
	 Effective Percent: 36,59%
----------------------
02:57,951

Intellect
	 Rating: 141301
	 Multiplicative Factor: 8,15%
	 Eff: 141301
Stamina
	 Rating: 823302
	 Multiplicative Factor: 5%
	 Eff: 823302
Crit
	 Rating: 38510
	 Multiplicative Factor: 0%
	 Eff: 38856,74103452177
	 DR Bracket: 3
	 Base: 5%
	 Effective Percent: 55,51%
	 Crit Inc Heal: 2
	 Crit Inc Damage: 2
Haste
	 Rating: 5186
	 Multiplicative Factor: 0%
	 Eff: 5186
	 DR Bracket: 0
	 Base: 0%
	 Effective Percent: 7,86%
Vers
	 Rating: 14554
	 Multiplicative Factor: 0%
	 Eff: 16894
	 DR Bracket: 0
	 Base: 3%
	 Effective Percent: 21,66%
Leech
	 Rating: 6296
	 Multiplicative Factor: 0%
	 Eff: 6296
	 DR Bracket: 0
	 Base: 0%
	 Effective Percent: 6,17%
Avoidance
	 Rating: 1225
	 Multiplicative Factor: 0%
	 Eff: 1225
	 DR Bracket: 0
	 Base: 0%
	 Effective Percent: 2,25%
Mastery
	 Rating: 19787
	 Multiplicative Factor: 0%
	 Eff: 26787
	 DR Bracket: 0
	 Base: 9,56%
	 Effective Percent: 36,59%
----------------------
03:02,953

Intellect
	 Rating: 141301
	 Multiplicative Factor: 8,15%
	 Eff: 141301
Stamina
	 Rating: 823302
	 Multiplicative Factor: 5%
	 Eff: 823302
Crit
	 Rating: 32525
	 Multiplicative Factor: 0%
	 Eff: 34419,802692968966
	 DR Bracket: 2
	 Base: 5%
	 Effective Percent: 49,17%
	 Crit Inc Heal: 2
	 Crit Inc Damage: 2
Haste
	 Rating: 5186
	 Multiplicative Factor: 0%
	 Eff: 5186
	 DR Bracket: 0
	 Base: 0%
	 Effective Percent: 7,86%
Vers
	 Rating: 14554
	 Multiplicative Factor: 0%
	 Eff: 16894
	 DR Bracket: 0
	 Base: 3%
	 Effective Percent: 21,66%
Leech
	 Rating: 6296
	 Multiplicative Factor: 0%
	 Eff: 6296
	 DR Bracket: 0
	 Base: 0%
	 Effective Percent: 6,17%
Avoidance
	 Rating: 1225
	 Multiplicative Factor: 0%
	 Eff: 1225
	 DR Bracket: 0
	 Base: 0%
	 Effective Percent: 2,25%
Mastery
	 Rating: 19787
	 Multiplicative Factor: 0%
	 Eff: 26787
	 DR Bracket: 0
	 Base: 9,56%
	 Effective Percent: 36,59%
----------------------
03:07,969

Intellect
	 Rating: 141301
	 Multiplicative Factor: 8,15%
	 Eff: 141301
Stamina
	 Rating: 823302
	 Multiplicative Factor: 5%
	 Eff: 823302
Crit
	 Rating: 20555
	 Multiplicative Factor: 0%
	 Eff: 24054,999999999996
	 DR Bracket: 0
	 Base: 5%
	 Effective Percent: 34,36%
	 Crit Inc Heal: 2
	 Crit Inc Damage: 2
Haste
	 Rating: 5186
	 Multiplicative Factor: 0%
	 Eff: 5186
	 DR Bracket: 0
	 Base: 0%
	 Effective Percent: 7,86%
Vers
	 Rating: 14554
	 Multiplicative Factor: 0%
	 Eff: 16894
	 DR Bracket: 0
	 Base: 3%
	 Effective Percent: 21,66%
Leech
	 Rating: 6296
	 Multiplicative Factor: 0%
	 Eff: 6296
	 DR Bracket: 0
	 Base: 0%
	 Effective Percent: 6,17%
Avoidance
	 Rating: 1225
	 Multiplicative Factor: 0%
	 Eff: 1225
	 DR Bracket: 0
	 Base: 0%
	 Effective Percent: 2,25%
Mastery
	 Rating: 19787
	 Multiplicative Factor: 0%
	 Eff: 26787
	 DR Bracket: 0
	 Base: 9,56%
	 Effective Percent: 36,59%
----------------------
03:12,970

Intellect
	 Rating: 141301
	 Multiplicative Factor: 8,15%
	 Eff: 141301
Stamina
	 Rating: 823302
	 Multiplicative Factor: 5%
	 Eff: 823302
Crit
	 Rating: 20555
	 Multiplicative Factor: 0%
	 Eff: 24054,999999999996
	 DR Bracket: 0
	 Base: 5%
	 Effective Percent: 34,36%
	 Crit Inc Heal: 2
	 Crit Inc Damage: 2
Haste
	 Rating: 5186
	 Multiplicative Factor: 0%
	 Eff: 5186
	 DR Bracket: 0
	 Base: 0%
	 Effective Percent: 7,86%
Vers
	 Rating: 14554
	 Multiplicative Factor: 0%
	 Eff: 16894
	 DR Bracket: 0
	 Base: 3%
	 Effective Percent: 21,66%
Leech
	 Rating: 6296
	 Multiplicative Factor: 0%
	 Eff: 6296
	 DR Bracket: 0
	 Base: 0%
	 Effective Percent: 6,17%
Avoidance
	 Rating: 1225
	 Multiplicative Factor: 0%
	 Eff: 1225
	 DR Bracket: 0
	 Base: 0%
	 Effective Percent: 2,25%
Mastery
	 Rating: 19787
	 Multiplicative Factor: 0%
	 Eff: 26787
	 DR Bracket: 0
	 Base: 9,56%
	 Effective Percent: 36,59%
----------------------
03:17,992

Intellect
	 Rating: 141301
	 Multiplicative Factor: 8,15%
	 Eff: 141301
Stamina
	 Rating: 823302
	 Multiplicative Factor: 5%
	 Eff: 823302
Crit
	 Rating: 20555
	 Multiplicative Factor: 0%
	 Eff: 24054,999999999996
	 DR Bracket: 0
	 Base: 5%
	 Effective Percent: 34,36%
	 Crit Inc Heal: 2
	 Crit Inc Damage: 2
Haste
	 Rating: 5186
	 Multiplicative Factor: 0%
	 Eff: 5186
	 DR Bracket: 0
	 Base: 0%
	 Effective Percent: 7,86%
Vers
	 Rating: 14554
	 Multiplicative Factor: 0%
	 Eff: 16894
	 DR Bracket: 0
	 Base: 3%
	 Effective Percent: 21,66%
Leech
	 Rating: 6296
	 Multiplicative Factor: 0%
	 Eff: 6296
	 DR Bracket: 0
	 Base: 0%
	 Effective Percent: 6,17%
Avoidance
	 Rating: 1225
	 Multiplicative Factor: 0%
	 Eff: 1225
	 DR Bracket: 0
	 Base: 0%
	 Effective Percent: 2,25%
Mastery
	 Rating: 19787
	 Multiplicative Factor: 0%
	 Eff: 26787
	 DR Bracket: 0
	 Base: 9,56%
	 Effective Percent: 36,59%
----------------------
03:22,996

Intellect
	 Rating: 141301
	 Multiplicative Factor: 8,15%
	 Eff: 141301
Stamina
	 Rating: 823302
	 Multiplicative Factor: 5%
	 Eff: 823302
Crit
	 Rating: 20555
	 Multiplicative Factor: 0%
	 Eff: 24054,999999999996
	 DR Bracket: 0
	 Base: 5%
	 Effective Percent: 34,36%
	 Crit Inc Heal: 2
	 Crit Inc Damage: 2
Haste
	 Rating: 5186
	 Multiplicative Factor: 0%
	 Eff: 5186
	 DR Bracket: 0
	 Base: 0%
	 Effective Percent: 7,86%
Vers
	 Rating: 14554
	 Multiplicative Factor: 0%
	 Eff: 16894
	 DR Bracket: 0
	 Base: 3%
	 Effective Percent: 21,66%
Leech
	 Rating: 6296
	 Multiplicative Factor: 0%
	 Eff: 6296
	 DR Bracket: 0
	 Base: 0%
	 Effective Percent: 6,17%
Avoidance
	 Rating: 1225
	 Multiplicative Factor: 0%
	 Eff: 1225
	 DR Bracket: 0
	 Base: 0%
	 Effective Percent: 2,25%
Mastery
	 Rating: 19787
	 Multiplicative Factor: 0%
	 Eff: 26787
	 DR Bracket: 0
	 Base: 9,56%
	 Effective Percent: 36,59%
----------------------
03:28,001

Intellect
	 Rating: 141301
	 Multiplicative Factor: 8,15%
	 Eff: 141301
Stamina
	 Rating: 823302
	 Multiplicative Factor: 5%
	 Eff: 823302
Crit
	 Rating: 20555
	 Multiplicative Factor: 0%
	 Eff: 24054,999999999996
	 DR Bracket: 0
	 Base: 5%
	 Effective Percent: 34,36%
	 Crit Inc Heal: 2
	 Crit Inc Damage: 2
Haste
	 Rating: 5186
	 Multiplicative Factor: 0%
	 Eff: 5186
	 DR Bracket: 0
	 Base: 0%
	 Effective Percent: 7,86%
Vers
	 Rating: 14554
	 Multiplicative Factor: 0%
	 Eff: 16894
	 DR Bracket: 0
	 Base: 3%
	 Effective Percent: 21,66%
Leech
	 Rating: 6296
	 Multiplicative Factor: 0%
	 Eff: 6296
	 DR Bracket: 0
	 Base: 0%
	 Effective Percent: 6,17%
Avoidance
	 Rating: 1225
	 Multiplicative Factor: 0%
	 Eff: 1225
	 DR Bracket: 0
	 Base: 0%
	 Effective Percent: 2,25%
Mastery
	 Rating: 19787
	 Multiplicative Factor: 0%
	 Eff: 26787
	 DR Bracket: 0
	 Base: 9,56%
	 Effective Percent: 36,59%
----------------------
03:33,005

Intellect
	 Rating: 141301
	 Multiplicative Factor: 8,15%
	 Eff: 141301
Stamina
	 Rating: 823302
	 Multiplicative Factor: 5%
	 Eff: 823302
Crit
	 Rating: 20555
	 Multiplicative Factor: 0%
	 Eff: 24054,999999999996
	 DR Bracket: 0
	 Base: 5%
	 Effective Percent: 34,36%
	 Crit Inc Heal: 2
	 Crit Inc Damage: 2
Haste
	 Rating: 5186
	 Multiplicative Factor: 0%
	 Eff: 5186
	 DR Bracket: 0
	 Base: 0%
	 Effective Percent: 7,86%
Vers
	 Rating: 14554
	 Multiplicative Factor: 0%
	 Eff: 16894
	 DR Bracket: 0
	 Base: 3%
	 Effective Percent: 21,66%
Leech
	 Rating: 6296
	 Multiplicative Factor: 0%
	 Eff: 6296
	 DR Bracket: 0
	 Base: 0%
	 Effective Percent: 6,17%
Avoidance
	 Rating: 1225
	 Multiplicative Factor: 0%
	 Eff: 1225
	 DR Bracket: 0
	 Base: 0%
	 Effective Percent: 2,25%
Mastery
	 Rating: 19787
	 Multiplicative Factor: 0%
	 Eff: 26787
	 DR Bracket: 0
	 Base: 9,56%
	 Effective Percent: 36,59%
----------------------
03:38,007

Intellect
	 Rating: 141301
	 Multiplicative Factor: 8,15%
	 Eff: 141301
Stamina
	 Rating: 823302
	 Multiplicative Factor: 5%
	 Eff: 823302
Crit
	 Rating: 20555
	 Multiplicative Factor: 0%
	 Eff: 24054,999999999996
	 DR Bracket: 0
	 Base: 5%
	 Effective Percent: 34,36%
	 Crit Inc Heal: 2
	 Crit Inc Damage: 2
Haste
	 Rating: 5186
	 Multiplicative Factor: 0%
	 Eff: 5186
	 DR Bracket: 0
	 Base: 0%
	 Effective Percent: 7,86%
Vers
	 Rating: 14554
	 Multiplicative Factor: 0%
	 Eff: 16894
	 DR Bracket: 0
	 Base: 3%
	 Effective Percent: 21,66%
Leech
	 Rating: 6296
	 Multiplicative Factor: 0%
	 Eff: 6296
	 DR Bracket: 0
	 Base: 0%
	 Effective Percent: 6,17%
Avoidance
	 Rating: 1225
	 Multiplicative Factor: 0%
	 Eff: 1225
	 DR Bracket: 0
	 Base: 0%
	 Effective Percent: 2,25%
Mastery
	 Rating: 19787
	 Multiplicative Factor: 0%
	 Eff: 26787
	 DR Bracket: 0
	 Base: 9,56%
	 Effective Percent: 36,59%
----------------------
03:43,103

Intellect
	 Rating: 141301
	 Multiplicative Factor: 8,15%
	 Eff: 141301
Stamina
	 Rating: 823302
	 Multiplicative Factor: 5%
	 Eff: 823302
Crit
	 Rating: 20555
	 Multiplicative Factor: 0%
	 Eff: 24054,999999999996
	 DR Bracket: 0
	 Base: 5%
	 Effective Percent: 34,36%
	 Crit Inc Heal: 2
	 Crit Inc Damage: 2
Haste
	 Rating: 5186
	 Multiplicative Factor: 0%
	 Eff: 5186
	 DR Bracket: 0
	 Base: 0%
	 Effective Percent: 7,86%
Vers
	 Rating: 14554
	 Multiplicative Factor: 0%
	 Eff: 16894
	 DR Bracket: 0
	 Base: 3%
	 Effective Percent: 21,66%
Leech
	 Rating: 6296
	 Multiplicative Factor: 0%
	 Eff: 6296
	 DR Bracket: 0
	 Base: 0%
	 Effective Percent: 6,17%
Avoidance
	 Rating: 1225
	 Multiplicative Factor: 0%
	 Eff: 1225
	 DR Bracket: 0
	 Base: 0%
	 Effective Percent: 2,25%
Mastery
	 Rating: 19787
	 Multiplicative Factor: 0%
	 Eff: 26787
	 DR Bracket: 0
	 Base: 9,56%
	 Effective Percent: 36,59%
----------------------
03:48,193

Intellect
	 Rating: 141301
	 Multiplicative Factor: 8,15%
	 Eff: 141301
Stamina
	 Rating: 823302
	 Multiplicative Factor: 5%
	 Eff: 823302
Crit
	 Rating: 20555
	 Multiplicative Factor: 0%
	 Eff: 24054,999999999996
	 DR Bracket: 0
	 Base: 5%
	 Effective Percent: 34,36%
	 Crit Inc Heal: 2
	 Crit Inc Damage: 2
Haste
	 Rating: 5186
	 Multiplicative Factor: 0%
	 Eff: 5186
	 DR Bracket: 0
	 Base: 0%
	 Effective Percent: 7,86%
Vers
	 Rating: 14554
	 Multiplicative Factor: 0%
	 Eff: 16894
	 DR Bracket: 0
	 Base: 3%
	 Effective Percent: 21,66%
Leech
	 Rating: 6296
	 Multiplicative Factor: 0%
	 Eff: 6296
	 DR Bracket: 0
	 Base: 0%
	 Effective Percent: 6,17%
Avoidance
	 Rating: 1225
	 Multiplicative Factor: 0%
	 Eff: 1225
	 DR Bracket: 0
	 Base: 0%
	 Effective Percent: 2,25%
Mastery
	 Rating: 19787
	 Multiplicative Factor: 0%
	 Eff: 26787
	 DR Bracket: 0
	 Base: 9,56%
	 Effective Percent: 36,59%
----------------------
03:53,209

Intellect
	 Rating: 141301
	 Multiplicative Factor: 8,15%
	 Eff: 141301
Stamina
	 Rating: 823302
	 Multiplicative Factor: 5%
	 Eff: 823302
Crit
	 Rating: 20555
	 Multiplicative Factor: 0%
	 Eff: 24054,999999999996
	 DR Bracket: 0
	 Base: 5%
	 Effective Percent: 34,36%
	 Crit Inc Heal: 2
	 Crit Inc Damage: 2
Haste
	 Rating: 5186
	 Multiplicative Factor: 0%
	 Eff: 5186
	 DR Bracket: 0
	 Base: 0%
	 Effective Percent: 7,86%
Vers
	 Rating: 14554
	 Multiplicative Factor: 0%
	 Eff: 16894
	 DR Bracket: 0
	 Base: 3%
	 Effective Percent: 21,66%
Leech
	 Rating: 6296
	 Multiplicative Factor: 0%
	 Eff: 6296
	 DR Bracket: 0
	 Base: 0%
	 Effective Percent: 6,17%
Avoidance
	 Rating: 1225
	 Multiplicative Factor: 0%
	 Eff: 1225
	 DR Bracket: 0
	 Base: 0%
	 Effective Percent: 2,25%
Mastery
	 Rating: 19787
	 Multiplicative Factor: 0%
	 Eff: 26787
	 DR Bracket: 0
	 Base: 9,56%
	 Effective Percent: 36,59%
----------------------
03:58,365

Intellect
	 Rating: 141301
	 Multiplicative Factor: 8,15%
	 Eff: 141301
Stamina
	 Rating: 823302
	 Multiplicative Factor: 5%
	 Eff: 823302
Crit
	 Rating: 20555
	 Multiplicative Factor: 0%
	 Eff: 24054,999999999996
	 DR Bracket: 0
	 Base: 5%
	 Effective Percent: 34,36%
	 Crit Inc Heal: 2
	 Crit Inc Damage: 2
Haste
	 Rating: 5186
	 Multiplicative Factor: 0%
	 Eff: 5186
	 DR Bracket: 0
	 Base: 0%
	 Effective Percent: 7,86%
Vers
	 Rating: 14554
	 Multiplicative Factor: 0%
	 Eff: 16894
	 DR Bracket: 0
	 Base: 3%
	 Effective Percent: 21,66%
Leech
	 Rating: 6296
	 Multiplicative Factor: 0%
	 Eff: 6296
	 DR Bracket: 0
	 Base: 0%
	 Effective Percent: 6,17%
Avoidance
	 Rating: 1225
	 Multiplicative Factor: 0%
	 Eff: 1225
	 DR Bracket: 0
	 Base: 0%
	 Effective Percent: 2,25%
Mastery
	 Rating: 19787
	 Multiplicative Factor: 0%
	 Eff: 26787
	 DR Bracket: 0
	 Base: 9,56%
	 Effective Percent: 36,59%
----------------------
04:03,378

Intellect
	 Rating: 141301
	 Multiplicative Factor: 8,15%
	 Eff: 141301
Stamina
	 Rating: 823302
	 Multiplicative Factor: 5%
	 Eff: 823302
Crit
	 Rating: 20555
	 Multiplicative Factor: 0%
	 Eff: 24054,999999999996
	 DR Bracket: 0
	 Base: 5%
	 Effective Percent: 34,36%
	 Crit Inc Heal: 2
	 Crit Inc Damage: 2
Haste
	 Rating: 5186
	 Multiplicative Factor: 0%
	 Eff: 5186
	 DR Bracket: 0
	 Base: 0%
	 Effective Percent: 7,86%
Vers
	 Rating: 14554
	 Multiplicative Factor: 0%
	 Eff: 16894
	 DR Bracket: 0
	 Base: 3%
	 Effective Percent: 21,66%
Leech
	 Rating: 6296
	 Multiplicative Factor: 0%
	 Eff: 6296
	 DR Bracket: 0
	 Base: 0%
	 Effective Percent: 6,17%
Avoidance
	 Rating: 1225
	 Multiplicative Factor: 0%
	 Eff: 1225
	 DR Bracket: 0
	 Base: 0%
	 Effective Percent: 2,25%
Mastery
	 Rating: 19787
	 Multiplicative Factor: 0%
	 Eff: 26787
	 DR Bracket: 0
	 Base: 9,56%
	 Effective Percent: 36,59%
----------------------
04:08,517

Intellect
	 Rating: 141301
	 Multiplicative Factor: 8,15%
	 Eff: 141301
Stamina
	 Rating: 823302
	 Multiplicative Factor: 5%
	 Eff: 823302
Crit
	 Rating: 20555
	 Multiplicative Factor: 0%
	 Eff: 24054,999999999996
	 DR Bracket: 0
	 Base: 5%
	 Effective Percent: 34,36%
	 Crit Inc Heal: 2
	 Crit Inc Damage: 2
Haste
	 Rating: 5186
	 Multiplicative Factor: 0%
	 Eff: 19423,199999999997
	 DR Bracket: 0
	 Base: 20%
	 Effective Percent: 29,43%
Vers
	 Rating: 14554
	 Multiplicative Factor: 0%
	 Eff: 16894
	 DR Bracket: 0
	 Base: 3%
	 Effective Percent: 21,66%
Leech
	 Rating: 6296
	 Multiplicative Factor: 0%
	 Eff: 6296
	 DR Bracket: 0
	 Base: 0%
	 Effective Percent: 6,17%
Avoidance
	 Rating: 1225
	 Multiplicative Factor: 0%
	 Eff: 1225
	 DR Bracket: 0
	 Base: 0%
	 Effective Percent: 2,25%
Mastery
	 Rating: 19787
	 Multiplicative Factor: 0%
	 Eff: 26787
	 DR Bracket: 0
	 Base: 9,56%
	 Effective Percent: 36,59%
----------------------
04:13,855

Intellect
	 Rating: 141301
	 Multiplicative Factor: 8,15%
	 Eff: 141301
Stamina
	 Rating: 823302
	 Multiplicative Factor: 5%
	 Eff: 823302
Crit
	 Rating: 20555
	 Multiplicative Factor: 0%
	 Eff: 24054,999999999996
	 DR Bracket: 0
	 Base: 5%
	 Effective Percent: 34,36%
	 Crit Inc Heal: 2
	 Crit Inc Damage: 2
Haste
	 Rating: 5186
	 Multiplicative Factor: 0%
	 Eff: 19423,199999999997
	 DR Bracket: 0
	 Base: 20%
	 Effective Percent: 29,43%
Vers
	 Rating: 14554
	 Multiplicative Factor: 0%
	 Eff: 16894
	 DR Bracket: 0
	 Base: 3%
	 Effective Percent: 21,66%
Leech
	 Rating: 6296
	 Multiplicative Factor: 0%
	 Eff: 6296
	 DR Bracket: 0
	 Base: 0%
	 Effective Percent: 6,17%
Avoidance
	 Rating: 1225
	 Multiplicative Factor: 0%
	 Eff: 1225
	 DR Bracket: 0
	 Base: 0%
	 Effective Percent: 2,25%
Mastery
	 Rating: 19787
	 Multiplicative Factor: 0%
	 Eff: 26787
	 DR Bracket: 0
	 Base: 9,56%
	 Effective Percent: 36,59%
