-----------
Angelic Feather
-----------
Apotheosis
-----------
Binding Heal
	Eff: 83,78992863520398
-----------
Burning Vehemence
-----------
Cosmic Ripple
	Eff: 423,75604853955065
-----------
Dispel Magic
-----------
Divine Hymn
	Eff: 464,5812522994322
-----------
Dominate Mind
-----------
Echo of Light
-----------
Flash Heal
	Eff: 651,1196287329749
-----------
Heal
-----------
Holy Fire
	Dmg: 138,24803285690723
-----------
Holy Nova
	Eff: 6,462049399503329
	Dmg: 22,717979999724776
-----------
Holy Word: Chastise
-----------
Holy Word: Sanctify
	Eff: 477,49346865948934
-----------
Holy Word: Serenity
	Eff: 815,2855611667037
-----------
Levitate
-----------
Mass Dispel
-----------
Mind Control
-----------
Mind Soothe
-----------
Power Word: Fortitude
-----------
Power Word: Shield
-----------
Prayer of Healing
	Eff: 182,43726270386833
-----------
Prayer of Mending
	Eff: 2482,633381035729
-----------
Purify
-----------
Renew
	Eff: 1818,902465012298
-----------
Psychic Scream
-----------
Shackle Undead
-----------
Shadow Word: Death
-----------
Shadow Word: Pain
	Dmg: 13,391154285669472
-----------
Smite
	Dmg: 199,44009071344044
-----------
Leech
-----------
Blessing of Summer
-----------
Holy Bulwark
-----------
ZeroCIMDummy
-----------
Prompt Prognosis
-----------
Ethereal Reconstitution
	Eff: 98,08102433835558
-----------
Divine Star
-----------
Ethereal Guard
	Eff: 598,6412095139322
-----------
Power Infusion
-----------
Healing Light
-----------
Holy Mending
-----------
Blessed Light
-----------
Searing Light
-----------
Dazzling Lights
-----------
Guardian Spirit
-----------
Voidglass Barrier
-----------
Spirit Link
-----------
Premonition of Insight
-----------
Tranquil Light
-----------
Lightforged Blessing
-----------
Premonition of Piety
-----------
Piety
-----------
Symbol of Hope
-----------
Earthen Wall
-----------
Premonition of Solace
-----------
Fade
-----------
Desperate Prayer
-----------
Loom'ithar's Living Silk
-----------
Premonition of Clairvoyance
-----------
Healthstone
