-----------
Angelic Feather
-----------
Apotheosis
-----------
Binding Heal
	Eff: 143,0050091180019
-----------
Burning Vehemence
-----------
Cosmic Ripple
	Eff: -4,911822136014663E-11
-----------
Dispel Magic
-----------
Divine Hymn
	Eff: -8,320096045910581E-10
-----------
Dominate Mind
-----------
Echo of Light
-----------
Flash Heal
	Eff: 1205,335001024229
-----------
Heal
-----------
Holy Fire
	Dmg: 57,96575169270909
-----------
Holy Nova
	Eff: 31,73481919422242
	Dmg: 76,45173936942592
-----------
Holy Word: Chastise
-----------
Holy Word: Sanctify
	Eff: 774,4861802684277
-----------
Holy Word: Serenity
	Eff: 1580,5448736050166
-----------
Levitate
-----------
Mass Dispel
-----------
Mind Control
-----------
Mind Soothe
-----------
Power Word: Fortitude
-----------
Power Word: Shield
	Eff: 805,5139634199531
-----------
Prayer of Healing
	Eff: 315,598731768172
-----------
Prayer of Mending
	Eff: 3729,762973054731
-----------
Purify
-----------
Renew
	Eff: 5653,047169336073
-----------
Psychic Scream
-----------
Shackle Undead
-----------
Shadow Word: Death
-----------
Shadow Word: Pain
	Dmg: 37,60087541883331
-----------
Smite
	Dmg: 393,68270274053793
-----------
Leech
-----------
Blessing of Summer
-----------
Holy Bulwark
-----------
ZeroCIMDummy
-----------
Prompt Prognosis
-----------
Ethereal Reconstitution
	Eff: 441,2600089903942
-----------
Divine Star
-----------
Ethereal Guard
	Eff: 803,6345910716204
-----------
Power Infusion
-----------
Healing Light
-----------
Holy Mending
-----------
Blessed Light
-----------
Searing Light
-----------
Dazzling Lights
-----------
Guardian Spirit
-----------
Voidglass Barrier
-----------
Spirit Link
-----------
Premonition of Insight
-----------
Tranquil Light
-----------
Lightforged Blessing
-----------
Premonition of Piety
-----------
Piety
-----------
Symbol of Hope
-----------
Earthen Wall
-----------
Premonition of Solace
-----------
Fade
-----------
Desperate Prayer
-----------
Loom'ithar's Living Silk
-----------
Premonition of Clairvoyance
-----------
Healthstone
