-----------
Angelic Feather
-----------
Apotheosis
-----------
Binding Heal
	Eff: 65,04963684253744
-----------
Burning Vehemence
-----------
Cosmic Ripple
	Eff: 320,72252526525153
-----------
Dispel Magic
-----------
Divine Hymn
	Eff: 362,4942984191121
-----------
Dominate Mind
-----------
Echo of Light
-----------
Flash Heal
	Eff: 548,2787251576526
-----------
Heal
-----------
Holy Fire
	Dmg: 108,34188261231338
-----------
Holy Nova
	Eff: 14,435427657976597
	Dmg: 34,77610968099907
-----------
Holy Word: Chastise
-----------
Holy Word: Sanctify
	Eff: 352,2956648643554
-----------
Holy Word: Serenity
	Eff: 718,952928120736
-----------
Levitate
-----------
Mass Dispel
-----------
Mind Control
-----------
Mind Soothe
-----------
Power Word: Fortitude
-----------
Power Word: Shield
	Eff: 438,8831949918276
-----------
Prayer of Healing
	Eff: 143,5584880291135
-----------
Prayer of Mending
	Eff: 2032,156318217587
-----------
Purify
-----------
Renew
	Eff: 1401,4193660326766
-----------
Psychic Scream
-----------
Shackle Undead
-----------
Shadow Word: Death
-----------
Shadow Word: Pain
	Dmg: 13,361696339703485
-----------
Smite
	Dmg: 179,07706172286998
-----------
Leech
-----------
Blessing of Summer
-----------
Holy Bulwark
-----------
ZeroCIMDummy
-----------
Prompt Prognosis
-----------
Ethereal Reconstitution
	Eff: -1,0845003747819943E-10
-----------
Divine Star
-----------
Ethereal Guard
-----------
Power Infusion
-----------
Healing Light
-----------
Holy Mending
-----------
Blessed Light
-----------
Searing Light
-----------
Dazzling Lights
-----------
Guardian Spirit
-----------
Voidglass Barrier
-----------
Spirit Link
-----------
Premonition of Insight
-----------
Tranquil Light
-----------
Lightforged Blessing
-----------
Premonition of Piety
-----------
Piety
-----------
Symbol of Hope
-----------
Earthen Wall
-----------
Premonition of Solace
-----------
Fade
-----------
Desperate Prayer
-----------
Loom'ithar's Living Silk
-----------
Premonition of Clairvoyance
-----------
Healthstone
