----------------------
00:00,640

Intellect
	 Rating: 141301
	 Multiplicative Factor: 8,15%
	 Eff: 141301
Stamina
	 Rating: 823302
	 Multiplicative Factor: 5%
	 Eff: 823302
Crit
	 Rating: 20555
	 Multiplicative Factor: 0%
	 Eff: 24055
	 DR Bracket: 0
	 Base: 5%
	 Effective Percent: 34,36%
	 Crit Inc Heal: 2
	 Crit Inc Damage: 2
Haste
	 Rating: 5186
	 Multiplicative Factor: 0%
	 Eff: 26541,8
	 DR Bracket: 0
	 Base: 30%
	 Effective Percent: 40,21%
Vers
	 Rating: 14554
	 Multiplicative Factor: 0%
	 Eff: 16894
	 DR Bracket: 0
	 Base: 3%
	 Effective Percent: 21,66%
Leech
	 Rating: 6296
	 Multiplicative Factor: 0%
	 Eff: 6296
	 DR Bracket: 0
	 Base: 0%
	 Effective Percent: 6,17%
Avoidance
	 Rating: 1224
	 Multiplicative Factor: 0%
	 Eff: 1224
	 DR Bracket: 0
	 Base: 0%
	 Effective Percent: 2,25%
Mastery
	 Rating: 19787
	 Multiplicative Factor: 0%
	 Eff: 26787
	 DR Bracket: 0
	 Base: 9,56%
	 Effective Percent: 36,59%
----------------------
00:03,333

Intellect
	 Rating: 141301
	 Multiplicative Factor: 8,15%
	 Eff: 141301
Stamina
	 Rating: 823302
	 Multiplicative Factor: 5%
	 Eff: 823302
Crit
	 Rating: 20555
	 Multiplicative Factor: 0%
	 Eff: 24055
	 DR Bracket: 0
	 Base: 5%
	 Effective Percent: 34,36%
	 Crit Inc Heal: 2
	 Crit Inc Damage: 2
Haste
	 Rating: 5186
	 Multiplicative Factor: 0%
	 Eff: 40779
	 DR Bracket: 0
	 Base: 50%
	 Effective Percent: 61,79%
Vers
	 Rating: 14554
	 Multiplicative Factor: 0%
	 Eff: 16894
	 DR Bracket: 0
	 Base: 3%
	 Effective Percent: 21,66%
Leech
	 Rating: 6296
	 Multiplicative Factor: 0%
	 Eff: 6296
	 DR Bracket: 0
	 Base: 0%
	 Effective Percent: 6,17%
Avoidance
	 Rating: 1224
	 Multiplicative Factor: 0%
	 Eff: 1224
	 DR Bracket: 0
	 Base: 0%
	 Effective Percent: 2,25%
Mastery
	 Rating: 19787
	 Multiplicative Factor: 0%
	 Eff: 26787
	 DR Bracket: 0
	 Base: 9,56%
	 Effective Percent: 36,59%
----------------------
00:12,668

Intellect
	 Rating: 141301
	 Multiplicative Factor: 8,15%
	 Eff: 141301
Stamina
	 Rating: 823302
	 Multiplicative Factor: 5%
	 Eff: 823302
Crit
	 Rating: 26540
	 Multiplicative Factor: 0%
	 Eff: 29485,889014795044
	 DR Bracket: 1
	 Base: 5%
	 Effective Percent: 42,12%
	 Crit Inc Heal: 2
	 Crit Inc Damage: 2
Haste
	 Rating: 5186
	 Multiplicative Factor: 0%
	 Eff: 40779
	 DR Bracket: 0
	 Base: 50%
	 Effective Percent: 61,79%
Vers
	 Rating: 14554
	 Multiplicative Factor: 0%
	 Eff: 16894
	 DR Bracket: 0
	 Base: 3%
	 Effective Percent: 21,66%
Leech
	 Rating: 6296
	 Multiplicative Factor: 0%
	 Eff: 6296
	 DR Bracket: 0
	 Base: 0%
	 Effective Percent: 6,17%
Avoidance
	 Rating: 1224
	 Multiplicative Factor: 0%
	 Eff: 1224
	 DR Bracket: 0
	 Base: 0%
	 Effective Percent: 2,25%
Mastery
	 Rating: 19787
	 Multiplicative Factor: 0%
	 Eff: 26787
	 DR Bracket: 0
	 Base: 9,56%
	 Effective Percent: 36,59%
----------------------
00:14,462

Intellect
	 Rating: 141301
	 Multiplicative Factor: 8,15%
	 Eff: 141301
Stamina
	 Rating: 823302
	 Multiplicative Factor: 5%
	 Eff: 823302
Crit
	 Rating: 32525
	 Multiplicative Factor: 0%
	 Eff: 34419,802692968966
	 DR Bracket: 2
	 Base: 5%
	 Effective Percent: 49,17%
	 Crit Inc Heal: 2
	 Crit Inc Damage: 2
Haste
	 Rating: 5186
	 Multiplicative Factor: 0%
	 Eff: 40779
	 DR Bracket: 0
	 Base: 50%
	 Effective Percent: 61,79%
Vers
	 Rating: 14554
	 Multiplicative Factor: 0%
	 Eff: 16894
	 DR Bracket: 0
	 Base: 3%
	 Effective Percent: 21,66%
Leech
	 Rating: 6296
	 Multiplicative Factor: 0%
	 Eff: 6296
	 DR Bracket: 0
	 Base: 0%
	 Effective Percent: 6,17%
Avoidance
	 Rating: 1224
	 Multiplicative Factor: 0%
	 Eff: 1224
	 DR Bracket: 0
	 Base: 0%
	 Effective Percent: 2,25%
Mastery
	 Rating: 19787
	 Multiplicative Factor: 0%
	 Eff: 26787
	 DR Bracket: 0
	 Base: 9,56%
	 Effective Percent: 36,59%
----------------------
00:18,343

Intellect
	 Rating: 141301
	 Multiplicative Factor: 8,15%
	 Eff: 141301
Stamina
	 Rating: 823302
	 Multiplicative Factor: 5%
	 Eff: 823302
Crit
	 Rating: 32525
	 Multiplicative Factor: 0%
	 Eff: 34419,802692968966
	 DR Bracket: 2
	 Base: 5%
	 Effective Percent: 49,17%
	 Crit Inc Heal: 2
	 Crit Inc Damage: 2
Haste
	 Rating: 5186
	 Multiplicative Factor: 0%
	 Eff: 26541,8
	 DR Bracket: 0
	 Base: 30%
	 Effective Percent: 40,21%
Vers
	 Rating: 14554
	 Multiplicative Factor: 0%
	 Eff: 16894
	 DR Bracket: 0
	 Base: 3%
	 Effective Percent: 21,66%
Leech
	 Rating: 6296
	 Multiplicative Factor: 0%
	 Eff: 6296
	 DR Bracket: 0
	 Base: 0%
	 Effective Percent: 6,17%
Avoidance
	 Rating: 1224
	 Multiplicative Factor: 0%
	 Eff: 1224
	 DR Bracket: 0
	 Base: 0%
	 Effective Percent: 2,25%
Mastery
	 Rating: 19787
	 Multiplicative Factor: 0%
	 Eff: 26787
	 DR Bracket: 0
	 Base: 9,56%
	 Effective Percent: 36,59%
----------------------
00:19,118

Intellect
	 Rating: 141301
	 Multiplicative Factor: 8,15%
	 Eff: 141301
Stamina
	 Rating: 823302
	 Multiplicative Factor: 5%
	 Eff: 823302
Crit
	 Rating: 38510
	 Multiplicative Factor: 0%
	 Eff: 38856,74103452177
	 DR Bracket: 3
	 Base: 5%
	 Effective Percent: 55,51%
	 Crit Inc Heal: 2
	 Crit Inc Damage: 2
Haste
	 Rating: 5186
	 Multiplicative Factor: 0%
	 Eff: 26541,8
	 DR Bracket: 0
	 Base: 30%
	 Effective Percent: 40,21%
Vers
	 Rating: 14554
	 Multiplicative Factor: 0%
	 Eff: 16894
	 DR Bracket: 0
	 Base: 3%
	 Effective Percent: 21,66%
Leech
	 Rating: 6296
	 Multiplicative Factor: 0%
	 Eff: 6296
	 DR Bracket: 0
	 Base: 0%
	 Effective Percent: 6,17%
Avoidance
	 Rating: 1224
	 Multiplicative Factor: 0%
	 Eff: 1224
	 DR Bracket: 0
	 Base: 0%
	 Effective Percent: 2,25%
Mastery
	 Rating: 19787
	 Multiplicative Factor: 0%
	 Eff: 26787
	 DR Bracket: 0
	 Base: 9,56%
	 Effective Percent: 36,59%
----------------------
00:22,677

Intellect
	 Rating: 141301
	 Multiplicative Factor: 8,15%
	 Eff: 141301
Stamina
	 Rating: 823302
	 Multiplicative Factor: 5%
	 Eff: 823302
Crit
	 Rating: 32525
	 Multiplicative Factor: 0%
	 Eff: 34419,802692968966
	 DR Bracket: 2
	 Base: 5%
	 Effective Percent: 49,17%
	 Crit Inc Heal: 2
	 Crit Inc Damage: 2
Haste
	 Rating: 5186
	 Multiplicative Factor: 0%
	 Eff: 26541,8
	 DR Bracket: 0
	 Base: 30%
	 Effective Percent: 40,21%
Vers
	 Rating: 14554
	 Multiplicative Factor: 0%
	 Eff: 16894
	 DR Bracket: 0
	 Base: 3%
	 Effective Percent: 21,66%
Leech
	 Rating: 6296
	 Multiplicative Factor: 0%
	 Eff: 6296
	 DR Bracket: 0
	 Base: 0%
	 Effective Percent: 6,17%
Avoidance
	 Rating: 1224
	 Multiplicative Factor: 0%
	 Eff: 1224
	 DR Bracket: 0
	 Base: 0%
	 Effective Percent: 2,25%
Mastery
	 Rating: 19787
	 Multiplicative Factor: 0%
	 Eff: 26787
	 DR Bracket: 0
	 Base: 9,56%
	 Effective Percent: 36,59%
----------------------
00:24,491

Intellect
	 Rating: 141301
	 Multiplicative Factor: 8,15%
	 Eff: 141301
Stamina
	 Rating: 823302
	 Multiplicative Factor: 5%
	 Eff: 823302
Crit
	 Rating: 26540
	 Multiplicative Factor: 0%
	 Eff: 29485,889014795044
	 DR Bracket: 1
	 Base: 5%
	 Effective Percent: 42,12%
	 Crit Inc Heal: 2
	 Crit Inc Damage: 2
Haste
	 Rating: 5186
	 Multiplicative Factor: 0%
	 Eff: 26541,8
	 DR Bracket: 0
	 Base: 30%
	 Effective Percent: 40,21%
Vers
	 Rating: 14554
	 Multiplicative Factor: 0%
	 Eff: 16894
	 DR Bracket: 0
	 Base: 3%
	 Effective Percent: 21,66%
Leech
	 Rating: 6296
	 Multiplicative Factor: 0%
	 Eff: 6296
	 DR Bracket: 0
	 Base: 0%
	 Effective Percent: 6,17%
Avoidance
	 Rating: 1224
	 Multiplicative Factor: 0%
	 Eff: 1224
	 DR Bracket: 0
	 Base: 0%
	 Effective Percent: 2,25%
Mastery
	 Rating: 19787
	 Multiplicative Factor: 0%
	 Eff: 26787
	 DR Bracket: 0
	 Base: 9,56%
	 Effective Percent: 36,59%
----------------------
00:29,140

Intellect
	 Rating: 141301
	 Multiplicative Factor: 8,15%
	 Eff: 141301
Stamina
	 Rating: 823302
	 Multiplicative Factor: 5%
	 Eff: 823302
Crit
	 Rating: 20555
	 Multiplicative Factor: 0%
	 Eff: 24055
	 DR Bracket: 0
	 Base: 5%
	 Effective Percent: 34,36%
	 Crit Inc Heal: 2
	 Crit Inc Damage: 2
Haste
	 Rating: 5186
	 Multiplicative Factor: 0%
	 Eff: 26541,8
	 DR Bracket: 0
	 Base: 30%
	 Effective Percent: 40,21%
Vers
	 Rating: 14554
	 Multiplicative Factor: 0%
	 Eff: 16894
	 DR Bracket: 0
	 Base: 3%
	 Effective Percent: 21,66%
Leech
	 Rating: 6296
	 Multiplicative Factor: 0%
	 Eff: 6296
	 DR Bracket: 0
	 Base: 0%
	 Effective Percent: 6,17%
Avoidance
	 Rating: 1224
	 Multiplicative Factor: 0%
	 Eff: 1224
	 DR Bracket: 0
	 Base: 0%
	 Effective Percent: 2,25%
Mastery
	 Rating: 19787
	 Multiplicative Factor: 0%
	 Eff: 26787
	 DR Bracket: 0
	 Base: 9,56%
	 Effective Percent: 36,59%
----------------------
00:40,663

Intellect
	 Rating: 141301
	 Multiplicative Factor: 8,15%
	 Eff: 141301
Stamina
	 Rating: 823302
	 Multiplicative Factor: 5%
	 Eff: 823302
Crit
	 Rating: 20555
	 Multiplicative Factor: 0%
	 Eff: 24055
	 DR Bracket: 0
	 Base: 5%
	 Effective Percent: 34,36%
	 Crit Inc Heal: 2
	 Crit Inc Damage: 2
Haste
	 Rating: 5186
	 Multiplicative Factor: 0%
	 Eff: 5186
	 DR Bracket: 0
	 Base: 0%
	 Effective Percent: 7,86%
Vers
	 Rating: 14554
	 Multiplicative Factor: 0%
	 Eff: 16894
	 DR Bracket: 0
	 Base: 3%
	 Effective Percent: 21,66%
Leech
	 Rating: 6296
	 Multiplicative Factor: 0%
	 Eff: 6296
	 DR Bracket: 0
	 Base: 0%
	 Effective Percent: 6,17%
Avoidance
	 Rating: 1224
	 Multiplicative Factor: 0%
	 Eff: 1224
	 DR Bracket: 0
	 Base: 0%
	 Effective Percent: 2,25%
Mastery
	 Rating: 19787
	 Multiplicative Factor: 0%
	 Eff: 26787
	 DR Bracket: 0
	 Base: 9,56%
	 Effective Percent: 36,59%
----------------------
00:41,504

Intellect
	 Rating: 141301
	 Multiplicative Factor: 8,15%
	 Eff: 141301
Stamina
	 Rating: 823302
	 Multiplicative Factor: 5%
	 Eff: 823302
Crit
	 Rating: 26540
	 Multiplicative Factor: 0%
	 Eff: 29485,889014795044
	 DR Bracket: 1
	 Base: 5%
	 Effective Percent: 42,12%
	 Crit Inc Heal: 2
	 Crit Inc Damage: 2
Haste
	 Rating: 5186
	 Multiplicative Factor: 0%
	 Eff: 5186
	 DR Bracket: 0
	 Base: 0%
	 Effective Percent: 7,86%
Vers
	 Rating: 14554
	 Multiplicative Factor: 0%
	 Eff: 16894
	 DR Bracket: 0
	 Base: 3%
	 Effective Percent: 21,66%
Leech
	 Rating: 6296
	 Multiplicative Factor: 0%
	 Eff: 6296
	 DR Bracket: 0
	 Base: 0%
	 Effective Percent: 6,17%
Avoidance
	 Rating: 1224
	 Multiplicative Factor: 0%
	 Eff: 1224
	 DR Bracket: 0
	 Base: 0%
	 Effective Percent: 2,25%
Mastery
	 Rating: 19787
	 Multiplicative Factor: 0%
	 Eff: 26787
	 DR Bracket: 0
	 Base: 9,56%
	 Effective Percent: 36,59%
----------------------
00:51,505

Intellect
	 Rating: 141301
	 Multiplicative Factor: 8,15%
	 Eff: 141301
Stamina
	 Rating: 823302
	 Multiplicative Factor: 5%
	 Eff: 823302
Crit
	 Rating: 20555
	 Multiplicative Factor: 0%
	 Eff: 24055
	 DR Bracket: 0
	 Base: 5%
	 Effective Percent: 34,36%
	 Crit Inc Heal: 2
	 Crit Inc Damage: 2
Haste
	 Rating: 5186
	 Multiplicative Factor: 0%
	 Eff: 5186
	 DR Bracket: 0
	 Base: 0%
	 Effective Percent: 7,86%
Vers
	 Rating: 14554
	 Multiplicative Factor: 0%
	 Eff: 16894
	 DR Bracket: 0
	 Base: 3%
	 Effective Percent: 21,66%
Leech
	 Rating: 6296
	 Multiplicative Factor: 0%
	 Eff: 6296
	 DR Bracket: 0
	 Base: 0%
	 Effective Percent: 6,17%
Avoidance
	 Rating: 1224
	 Multiplicative Factor: 0%
	 Eff: 1224
	 DR Bracket: 0
	 Base: 0%
	 Effective Percent: 2,25%
Mastery
	 Rating: 19787
	 Multiplicative Factor: 0%
	 Eff: 26787
	 DR Bracket: 0
	 Base: 9,56%
	 Effective Percent: 36,59%
----------------------
01:09,384

Intellect
	 Rating: 141301
	 Multiplicative Factor: 8,15%
	 Eff: 141301
Stamina
	 Rating: 823302
	 Multiplicative Factor: 5%
	 Eff: 823302
Crit
	 Rating: 20555
	 Multiplicative Factor: 0%
	 Eff: 24055
	 DR Bracket: 0
	 Base: 5%
	 Effective Percent: 34,36%
	 Crit Inc Heal: 2
	 Crit Inc Damage: 2
Haste
	 Rating: 5186
	 Multiplicative Factor: 0%
	 Eff: 5186
	 DR Bracket: 0
	 Base: 0%
	 Effective Percent: 7,86%
Vers
	 Rating: 14554
	 Multiplicative Factor: 0%
	 Eff: 16894
	 DR Bracket: 0
	 Base: 3%
	 Effective Percent: 21,66%
Leech
	 Rating: 6296
	 Multiplicative Factor: 0%
	 Eff: 6296
	 DR Bracket: 0
	 Base: 0%
	 Effective Percent: 6,17%
Avoidance
	 Rating: 1224
	 Multiplicative Factor: 0%
	 Eff: 1224
	 DR Bracket: 0
	 Base: 0%
	 Effective Percent: 2,25%
Mastery
	 Rating: 19787
	 Multiplicative Factor: 0%
	 Eff: 28187
	 DR Bracket: 0
	 Base: 11,48%
	 Effective Percent: 38,51%
----------------------
01:09,384

Intellect
	 Rating: 141301
	 Multiplicative Factor: 8,15%
	 Eff: 141301
Stamina
	 Rating: 823302
	 Multiplicative Factor: 5%
	 Eff: 823302
Crit
	 Rating: 20555
	 Multiplicative Factor: 0%
	 Eff: 24055
	 DR Bracket: 0
	 Base: 5%
	 Effective Percent: 34,36%
	 Crit Inc Heal: 2
	 Crit Inc Damage: 2
Haste
	 Rating: 5186
	 Multiplicative Factor: 0%
	 Eff: 5186
	 DR Bracket: 0
	 Base: 0%
	 Effective Percent: 7,86%
Vers
	 Rating: 14554
	 Multiplicative Factor: 0%
	 Eff: 16894
	 DR Bracket: 0
	 Base: 3%
	 Effective Percent: 21,66%
Leech
	 Rating: 6296
	 Multiplicative Factor: 0%
	 Eff: 6296
	 DR Bracket: 0
	 Base: 0%
	 Effective Percent: 6,17%
Avoidance
	 Rating: 1224
	 Multiplicative Factor: 0%
	 Eff: 1224
	 DR Bracket: 0
	 Base: 0%
	 Effective Percent: 2,25%
Mastery
	 Rating: 19787
	 Multiplicative Factor: 0%
	 Eff: 26787
	 DR Bracket: 0
	 Base: 9,56%
	 Effective Percent: 36,59%
----------------------
01:29,844

Intellect
	 Rating: 141301
	 Multiplicative Factor: 8,15%
	 Eff: 141301
Stamina
	 Rating: 823302
	 Multiplicative Factor: 5%
	 Eff: 823302
Crit
	 Rating: 26540
	 Multiplicative Factor: 0%
	 Eff: 29485,889014795044
	 DR Bracket: 1
	 Base: 5%
	 Effective Percent: 42,12%
	 Crit Inc Heal: 2
	 Crit Inc Damage: 2
Haste
	 Rating: 5186
	 Multiplicative Factor: 0%
	 Eff: 5186
	 DR Bracket: 0
	 Base: 0%
	 Effective Percent: 7,86%
Vers
	 Rating: 14554
	 Multiplicative Factor: 0%
	 Eff: 16894
	 DR Bracket: 0
	 Base: 3%
	 Effective Percent: 21,66%
Leech
	 Rating: 6296
	 Multiplicative Factor: 0%
	 Eff: 6296
	 DR Bracket: 0
	 Base: 0%
	 Effective Percent: 6,17%
Avoidance
	 Rating: 1224
	 Multiplicative Factor: 0%
	 Eff: 1224
	 DR Bracket: 0
	 Base: 0%
	 Effective Percent: 2,25%
Mastery
	 Rating: 19787
	 Multiplicative Factor: 0%
	 Eff: 26787
	 DR Bracket: 0
	 Base: 9,56%
	 Effective Percent: 36,59%
----------------------
01:39,866

Intellect
	 Rating: 141301
	 Multiplicative Factor: 8,15%
	 Eff: 141301
Stamina
	 Rating: 823302
	 Multiplicative Factor: 5%
	 Eff: 823302
Crit
	 Rating: 20555
	 Multiplicative Factor: 0%
	 Eff: 24055
	 DR Bracket: 0
	 Base: 5%
	 Effective Percent: 34,36%
	 Crit Inc Heal: 2
	 Crit Inc Damage: 2
Haste
	 Rating: 5186
	 Multiplicative Factor: 0%
	 Eff: 5186
	 DR Bracket: 0
	 Base: 0%
	 Effective Percent: 7,86%
Vers
	 Rating: 14554
	 Multiplicative Factor: 0%
	 Eff: 16894
	 DR Bracket: 0
	 Base: 3%
	 Effective Percent: 21,66%
Leech
	 Rating: 6296
	 Multiplicative Factor: 0%
	 Eff: 6296
	 DR Bracket: 0
	 Base: 0%
	 Effective Percent: 6,17%
Avoidance
	 Rating: 1224
	 Multiplicative Factor: 0%
	 Eff: 1224
	 DR Bracket: 0
	 Base: 0%
	 Effective Percent: 2,25%
Mastery
	 Rating: 19787
	 Multiplicative Factor: 0%
	 Eff: 26787
	 DR Bracket: 0
	 Base: 9,56%
	 Effective Percent: 36,59%
----------------------
02:04,490

Intellect
	 Rating: 141301
	 Multiplicative Factor: 8,15%
	 Eff: 141301
Stamina
	 Rating: 823302
	 Multiplicative Factor: 5%
	 Eff: 823302
Crit
	 Rating: 20555
	 Multiplicative Factor: 0%
	 Eff: 24055
	 DR Bracket: 0
	 Base: 5%
	 Effective Percent: 34,36%
	 Crit Inc Heal: 2
	 Crit Inc Damage: 2
Haste
	 Rating: 5186
	 Multiplicative Factor: 0%
	 Eff: 19423,199999999997
	 DR Bracket: 0
	 Base: 20%
	 Effective Percent: 29,43%
Vers
	 Rating: 14554
	 Multiplicative Factor: 0%
	 Eff: 16894
	 DR Bracket: 0
	 Base: 3%
	 Effective Percent: 21,66%
Leech
	 Rating: 6296
	 Multiplicative Factor: 0%
	 Eff: 6296
	 DR Bracket: 0
	 Base: 0%
	 Effective Percent: 6,17%
Avoidance
	 Rating: 1224
	 Multiplicative Factor: 0%
	 Eff: 1224
	 DR Bracket: 0
	 Base: 0%
	 Effective Percent: 2,25%
Mastery
	 Rating: 19787
	 Multiplicative Factor: 0%
	 Eff: 26787
	 DR Bracket: 0
	 Base: 9,56%
	 Effective Percent: 36,59%
----------------------
02:19,495

Intellect
	 Rating: 141301
	 Multiplicative Factor: 8,15%
	 Eff: 141301
Stamina
	 Rating: 823302
	 Multiplicative Factor: 5%
	 Eff: 823302
Crit
	 Rating: 20555
	 Multiplicative Factor: 0%
	 Eff: 24055
	 DR Bracket: 0
	 Base: 5%
	 Effective Percent: 34,36%
	 Crit Inc Heal: 2
	 Crit Inc Damage: 2
Haste
	 Rating: 5186
	 Multiplicative Factor: 0%
	 Eff: 5186
	 DR Bracket: 0
	 Base: 0%
	 Effective Percent: 7,86%
Vers
	 Rating: 14554
	 Multiplicative Factor: 0%
	 Eff: 16894
	 DR Bracket: 0
	 Base: 3%
	 Effective Percent: 21,66%
Leech
	 Rating: 6296
	 Multiplicative Factor: 0%
	 Eff: 6296
	 DR Bracket: 0
	 Base: 0%
	 Effective Percent: 6,17%
Avoidance
	 Rating: 1224
	 Multiplicative Factor: 0%
	 Eff: 1224
	 DR Bracket: 0
	 Base: 0%
	 Effective Percent: 2,25%
Mastery
	 Rating: 19787
	 Multiplicative Factor: 0%
	 Eff: 26787
	 DR Bracket: 0
	 Base: 9,56%
	 Effective Percent: 36,59%
----------------------
02:49,517

Intellect
	 Rating: 141301
	 Multiplicative Factor: 8,15%
	 Eff: 141301
Stamina
	 Rating: 823302
	 Multiplicative Factor: 5%
	 Eff: 823302
Crit
	 Rating: 26540
	 Multiplicative Factor: 0%
	 Eff: 29485,889014795044
	 DR Bracket: 1
	 Base: 5%
	 Effective Percent: 42,12%
	 Crit Inc Heal: 2
	 Crit Inc Damage: 2
Haste
	 Rating: 5186
	 Multiplicative Factor: 0%
	 Eff: 5186
	 DR Bracket: 0
	 Base: 0%
	 Effective Percent: 7,86%
Vers
	 Rating: 14554
	 Multiplicative Factor: 0%
	 Eff: 16894
	 DR Bracket: 0
	 Base: 3%
	 Effective Percent: 21,66%
Leech
	 Rating: 6296
	 Multiplicative Factor: 0%
	 Eff: 6296
	 DR Bracket: 0
	 Base: 0%
	 Effective Percent: 6,17%
Avoidance
	 Rating: 1224
	 Multiplicative Factor: 0%
	 Eff: 1224
	 DR Bracket: 0
	 Base: 0%
	 Effective Percent: 2,25%
Mastery
	 Rating: 19787
	 Multiplicative Factor: 0%
	 Eff: 26787
	 DR Bracket: 0
	 Base: 9,56%
	 Effective Percent: 36,59%
----------------------
02:54,870

Intellect
	 Rating: 141301
	 Multiplicative Factor: 8,15%
	 Eff: 141301
Stamina
	 Rating: 823302
	 Multiplicative Factor: 5%
	 Eff: 823302
Crit
	 Rating: 32525
	 Multiplicative Factor: 0%
	 Eff: 34419,802692968966
	 DR Bracket: 2
	 Base: 5%
	 Effective Percent: 49,17%
	 Crit Inc Heal: 2
	 Crit Inc Damage: 2
Haste
	 Rating: 5186
	 Multiplicative Factor: 0%
	 Eff: 5186
	 DR Bracket: 0
	 Base: 0%
	 Effective Percent: 7,86%
Vers
	 Rating: 14554
	 Multiplicative Factor: 0%
	 Eff: 16894
	 DR Bracket: 0
	 Base: 3%
	 Effective Percent: 21,66%
Leech
	 Rating: 6296
	 Multiplicative Factor: 0%
	 Eff: 6296
	 DR Bracket: 0
	 Base: 0%
	 Effective Percent: 6,17%
Avoidance
	 Rating: 1224
	 Multiplicative Factor: 0%
	 Eff: 1224
	 DR Bracket: 0
	 Base: 0%
	 Effective Percent: 2,25%
Mastery
	 Rating: 19787
	 Multiplicative Factor: 0%
	 Eff: 26787
	 DR Bracket: 0
	 Base: 9,56%
	 Effective Percent: 36,59%
----------------------
02:56,286

Intellect
	 Rating: 141301
	 Multiplicative Factor: 8,15%
	 Eff: 141301
Stamina
	 Rating: 823302
	 Multiplicative Factor: 5%
	 Eff: 823302
Crit
	 Rating: 38510
	 Multiplicative Factor: 0%
	 Eff: 38856,74103452177
	 DR Bracket: 3
	 Base: 5%
	 Effective Percent: 55,51%
	 Crit Inc Heal: 2
	 Crit Inc Damage: 2
Haste
	 Rating: 5186
	 Multiplicative Factor: 0%
	 Eff: 5186
	 DR Bracket: 0
	 Base: 0%
	 Effective Percent: 7,86%
Vers
	 Rating: 14554
	 Multiplicative Factor: 0%
	 Eff: 16894
	 DR Bracket: 0
	 Base: 3%
	 Effective Percent: 21,66%
Leech
	 Rating: 6296
	 Multiplicative Factor: 0%
	 Eff: 6296
	 DR Bracket: 0
	 Base: 0%
	 Effective Percent: 6,17%
Avoidance
	 Rating: 1224
	 Multiplicative Factor: 0%
	 Eff: 1224
	 DR Bracket: 0
	 Base: 0%
	 Effective Percent: 2,25%
Mastery
	 Rating: 19787
	 Multiplicative Factor: 0%
	 Eff: 26787
	 DR Bracket: 0
	 Base: 9,56%
	 Effective Percent: 36,59%
----------------------
02:59,513

Intellect
	 Rating: 141301
	 Multiplicative Factor: 8,15%
	 Eff: 141301
Stamina
	 Rating: 823302
	 Multiplicative Factor: 5%
	 Eff: 823302
Crit
	 Rating: 32525
	 Multiplicative Factor: 0%
	 Eff: 34419,802692968966
	 DR Bracket: 2
	 Base: 5%
	 Effective Percent: 49,17%
	 Crit Inc Heal: 2
	 Crit Inc Damage: 2
Haste
	 Rating: 5186
	 Multiplicative Factor: 0%
	 Eff: 5186
	 DR Bracket: 0
	 Base: 0%
	 Effective Percent: 7,86%
Vers
	 Rating: 14554
	 Multiplicative Factor: 0%
	 Eff: 16894
	 DR Bracket: 0
	 Base: 3%
	 Effective Percent: 21,66%
Leech
	 Rating: 6296
	 Multiplicative Factor: 0%
	 Eff: 6296
	 DR Bracket: 0
	 Base: 0%
	 Effective Percent: 6,17%
Avoidance
	 Rating: 1224
	 Multiplicative Factor: 0%
	 Eff: 1224
	 DR Bracket: 0
	 Base: 0%
	 Effective Percent: 2,25%
Mastery
	 Rating: 19787
	 Multiplicative Factor: 0%
	 Eff: 26787
	 DR Bracket: 0
	 Base: 9,56%
	 Effective Percent: 36,59%
----------------------
03:04,879

Intellect
	 Rating: 141301
	 Multiplicative Factor: 8,15%
	 Eff: 141301
Stamina
	 Rating: 823302
	 Multiplicative Factor: 5%
	 Eff: 823302
Crit
	 Rating: 26540
	 Multiplicative Factor: 0%
	 Eff: 29485,889014795044
	 DR Bracket: 1
	 Base: 5%
	 Effective Percent: 42,12%
	 Crit Inc Heal: 2
	 Crit Inc Damage: 2
Haste
	 Rating: 5186
	 Multiplicative Factor: 0%
	 Eff: 5186
	 DR Bracket: 0
	 Base: 0%
	 Effective Percent: 7,86%
Vers
	 Rating: 14554
	 Multiplicative Factor: 0%
	 Eff: 16894
	 DR Bracket: 0
	 Base: 3%
	 Effective Percent: 21,66%
Leech
	 Rating: 6296
	 Multiplicative Factor: 0%
	 Eff: 6296
	 DR Bracket: 0
	 Base: 0%
	 Effective Percent: 6,17%
Avoidance
	 Rating: 1224
	 Multiplicative Factor: 0%
	 Eff: 1224
	 DR Bracket: 0
	 Base: 0%
	 Effective Percent: 2,25%
Mastery
	 Rating: 19787
	 Multiplicative Factor: 0%
	 Eff: 26787
	 DR Bracket: 0
	 Base: 9,56%
	 Effective Percent: 36,59%
----------------------
03:06,288

Intellect
	 Rating: 141301
	 Multiplicative Factor: 8,15%
	 Eff: 141301
Stamina
	 Rating: 823302
	 Multiplicative Factor: 5%
	 Eff: 823302
Crit
	 Rating: 20555
	 Multiplicative Factor: 0%
	 Eff: 24055
	 DR Bracket: 0
	 Base: 5%
	 Effective Percent: 34,36%
	 Crit Inc Heal: 2
	 Crit Inc Damage: 2
Haste
	 Rating: 5186
	 Multiplicative Factor: 0%
	 Eff: 5186
	 DR Bracket: 0
	 Base: 0%
	 Effective Percent: 7,86%
Vers
	 Rating: 14554
	 Multiplicative Factor: 0%
	 Eff: 16894
	 DR Bracket: 0
	 Base: 3%
	 Effective Percent: 21,66%
Leech
	 Rating: 6296
	 Multiplicative Factor: 0%
	 Eff: 6296
	 DR Bracket: 0
	 Base: 0%
	 Effective Percent: 6,17%
Avoidance
	 Rating: 1224
	 Multiplicative Factor: 0%
	 Eff: 1224
	 DR Bracket: 0
	 Base: 0%
	 Effective Percent: 2,25%
Mastery
	 Rating: 19787
	 Multiplicative Factor: 0%
	 Eff: 26787
	 DR Bracket: 0
	 Base: 9,56%
	 Effective Percent: 36,59%
----------------------
04:04,966

Intellect
	 Rating: 141301
	 Multiplicative Factor: 8,15%
	 Eff: 141301
Stamina
	 Rating: 823302
	 Multiplicative Factor: 5%
	 Eff: 823302
Crit
	 Rating: 20555
	 Multiplicative Factor: 0%
	 Eff: 24055
	 DR Bracket: 0
	 Base: 5%
	 Effective Percent: 34,36%
	 Crit Inc Heal: 2
	 Crit Inc Damage: 2
Haste
	 Rating: 5186
	 Multiplicative Factor: 0%
	 Eff: 19423,199999999997
	 DR Bracket: 0
	 Base: 20%
	 Effective Percent: 29,43%
Vers
	 Rating: 14554
	 Multiplicative Factor: 0%
	 Eff: 16894
	 DR Bracket: 0
	 Base: 3%
	 Effective Percent: 21,66%
Leech
	 Rating: 6296
	 Multiplicative Factor: 0%
	 Eff: 6296
	 DR Bracket: 0
	 Base: 0%
	 Effective Percent: 6,17%
Avoidance
	 Rating: 1224
	 Multiplicative Factor: 0%
	 Eff: 1224
	 DR Bracket: 0
	 Base: 0%
	 Effective Percent: 2,25%
Mastery
	 Rating: 19787
	 Multiplicative Factor: 0%
	 Eff: 26787
	 DR Bracket: 0
	 Base: 9,56%
	 Effective Percent: 36,59%
