-----------
Angelic Feather
-----------
Apotheosis
-----------
Binding Heal
	Eff: 89,56221678914153
-----------
Burning Vehemence
-----------
Cosmic Ripple
	Eff: 441,5800261347558
-----------
Dispel Magic
-----------
Divine Hymn
	Eff: 499,092608594071
-----------
Dominate Mind
-----------
Echo of Light
-----------
Flash Heal
	Eff: 754,8859675000283
-----------
Heal
-----------
Holy Fire
	Dmg: 149,16822981422683
-----------
Holy Nova
	Eff: 19,8751132842522
	Dmg: 47,880751153919846
-----------
Holy Word: Chastise
-----------
Holy Word: Sanctify
	Eff: 485,05083566903664
-----------
Holy Word: Serenity
	Eff: 989,8751343591139
-----------
Levitate
-----------
Mass Dispel
-----------
Mind Control
-----------
Mind Soothe
-----------
Power Word: Fortitude
-----------
Power Word: Shield
	Eff: 604,2670453343708
-----------
Prayer of Healing
	Eff: 197,65546820667805
-----------
Prayer of Mending
	Eff: 2797,9314498264785
-----------
Purify
-----------
Renew
	Eff: 1929,5146163058928
-----------
Psychic Scream
-----------
Shackle Undead
-----------
Shadow Word: Death
-----------
Shadow Word: Pain
	Dmg: 18,39676902647261
-----------
Smite
	Dmg: 246,55846523470245
-----------
Leech
-----------
Blessing of Summer
-----------
Holy Bulwark
-----------
ZeroCIMDummy
-----------
Prompt Prognosis
-----------
Ethereal Reconstitution
	Eff: 331,0170822180014
-----------
Divine Star
-----------
Ethereal Guard
	Eff: 602,8572090955472
-----------
Power Infusion
-----------
Healing Light
-----------
Holy Mending
-----------
Blessed Light
-----------
Searing Light
-----------
Dazzling Lights
-----------
Guardian Spirit
-----------
Voidglass Barrier
	Eff: 584,3766307682172
-----------
Spirit Link
-----------
Premonition of Insight
-----------
Tranquil Light
-----------
Lightforged Blessing
-----------
Premonition of Piety
-----------
Piety
-----------
Symbol of Hope
-----------
Earthen Wall
-----------
Premonition of Solace
-----------
Fade
-----------
Desperate Prayer
-----------
Loom'ithar's Living Silk
-----------
Premonition of Clairvoyance
-----------
Healthstone
