----------------------
00:00,000

Intellect
	 Rating: 154841
	 Multiplicative Factor: 12,48%
Stamina
	 Rating: 822296
	 Multiplicative Factor: 11,3%
Crit
	 Rating: 11403
	 Multiplicative Factor: 0%
	 DR Bracket: 0
	 Base: 9%
	 Effective Percent: 25,29%
	 Crit Inc Heal: 2
	 Crit Inc Damage: 2
Haste
	 Rating: 21957
	 Multiplicative Factor: 0%
	 DR Bracket: 1
	 Base: 4%
	 Effective Percent: 38,26%
Vers
	 Rating: 16208
	 Multiplicative Factor: 0%
	 DR Bracket: 0
	 Base: 3%
	 Effective Percent: 23,78%
Leech
	 Rating: 3060
	 Multiplicative Factor: 0%
	 DR Bracket: 0
	 Base: 0%
	 Effective Percent: 3%
Avoidance
	 Rating: 0
	 Multiplicative Factor: 0%
	 DR Bracket: 0
	 Base: 0%
	 Effective Percent: 0%
Mastery
	 Rating: 13298
	 Multiplicative Factor: 0%
	 DR Bracket: 0
	 Base: 21%
	 Effective Percent: 49,5%
----------------------
00:05,407

Intellect
	 Rating: 154841
	 Multiplicative Factor: 12,48%
Stamina
	 Rating: 822296
	 Multiplicative Factor: 11,3%
Crit
	 Rating: 11403
	 Multiplicative Factor: 0%
	 DR Bracket: 0
	 Base: 9%
	 Effective Percent: 25,29%
	 Crit Inc Heal: 2
	 Crit Inc Damage: 2
Haste
	 Rating: 21957
	 Multiplicative Factor: 0%
	 DR Bracket: 1
	 Base: 6%
	 Effective Percent: 40,92%
Vers
	 Rating: 16208
	 Multiplicative Factor: 0%
	 DR Bracket: 0
	 Base: 3%
	 Effective Percent: 23,78%
Leech
	 Rating: 3060
	 Multiplicative Factor: 0%
	 DR Bracket: 0
	 Base: 0%
	 Effective Percent: 3%
Avoidance
	 Rating: 0
	 Multiplicative Factor: 0%
	 DR Bracket: 0
	 Base: 0%
	 Effective Percent: 0%
Mastery
	 Rating: 13298
	 Multiplicative Factor: 0%
	 DR Bracket: 0
	 Base: 21%
	 Effective Percent: 49,5%
----------------------
00:06,423

Intellect
	 Rating: 154841
	 Multiplicative Factor: 12,48%
Stamina
	 Rating: 822296
	 Multiplicative Factor: 11,3%
Crit
	 Rating: 11403
	 Multiplicative Factor: 0%
	 DR Bracket: 0
	 Base: 9%
	 Effective Percent: 25,29%
	 Crit Inc Heal: 2
	 Crit Inc Damage: 2
Haste
	 Rating: 21957
	 Multiplicative Factor: 0%
	 DR Bracket: 1
	 Base: 7%
	 Effective Percent: 42,25%
Vers
	 Rating: 16208
	 Multiplicative Factor: 0%
	 DR Bracket: 0
	 Base: 3%
	 Effective Percent: 23,78%
Leech
	 Rating: 3060
	 Multiplicative Factor: 0%
	 DR Bracket: 0
	 Base: 0%
	 Effective Percent: 3%
Avoidance
	 Rating: 0
	 Multiplicative Factor: 0%
	 DR Bracket: 0
	 Base: 0%
	 Effective Percent: 0%
Mastery
	 Rating: 13298
	 Multiplicative Factor: 0%
	 DR Bracket: 0
	 Base: 21%
	 Effective Percent: 49,5%
----------------------
00:06,502

Intellect
	 Rating: 154841
	 Multiplicative Factor: 12,48%
Stamina
	 Rating: 822296
	 Multiplicative Factor: 11,3%
Crit
	 Rating: 11403
	 Multiplicative Factor: 0%
	 DR Bracket: 0
	 Base: 9%
	 Effective Percent: 25,29%
	 Crit Inc Heal: 2
	 Crit Inc Damage: 2
Haste
	 Rating: 21957
	 Multiplicative Factor: 0%
	 DR Bracket: 1
	 Base: 9%
	 Effective Percent: 44,91%
Vers
	 Rating: 16208
	 Multiplicative Factor: 0%
	 DR Bracket: 0
	 Base: 3%
	 Effective Percent: 23,78%
Leech
	 Rating: 3060
	 Multiplicative Factor: 0%
	 DR Bracket: 0
	 Base: 0%
	 Effective Percent: 3%
Avoidance
	 Rating: 0
	 Multiplicative Factor: 0%
	 DR Bracket: 0
	 Base: 0%
	 Effective Percent: 0%
Mastery
	 Rating: 13298
	 Multiplicative Factor: 0%
	 DR Bracket: 0
	 Base: 21%
	 Effective Percent: 49,5%
----------------------
00:17,398

Intellect
	 Rating: 154841
	 Multiplicative Factor: 12,48%
Stamina
	 Rating: 822296
	 Multiplicative Factor: 11,3%
Crit
	 Rating: 11403
	 Multiplicative Factor: 0%
	 DR Bracket: 0
	 Base: 9%
	 Effective Percent: 25,29%
	 Crit Inc Heal: 2
	 Crit Inc Damage: 2
Haste
	 Rating: 21957
	 Multiplicative Factor: 0%
	 DR Bracket: 1
	 Base: 7%
	 Effective Percent: 42,25%
Vers
	 Rating: 16208
	 Multiplicative Factor: 0%
	 DR Bracket: 0
	 Base: 3%
	 Effective Percent: 23,78%
Leech
	 Rating: 3060
	 Multiplicative Factor: 0%
	 DR Bracket: 0
	 Base: 0%
	 Effective Percent: 3%
Avoidance
	 Rating: 0
	 Multiplicative Factor: 0%
	 DR Bracket: 0
	 Base: 0%
	 Effective Percent: 0%
Mastery
	 Rating: 13298
	 Multiplicative Factor: 0%
	 DR Bracket: 0
	 Base: 21%
	 Effective Percent: 49,5%
----------------------
00:18,528

Intellect
	 Rating: 154841
	 Multiplicative Factor: 12,48%
Stamina
	 Rating: 822296
	 Multiplicative Factor: 11,3%
Crit
	 Rating: 11403
	 Multiplicative Factor: 0%
	 DR Bracket: 0
	 Base: 9%
	 Effective Percent: 25,29%
	 Crit Inc Heal: 2
	 Crit Inc Damage: 2
Haste
	 Rating: 21957
	 Multiplicative Factor: 0%
	 DR Bracket: 1
	 Base: 5%
	 Effective Percent: 39,59%
Vers
	 Rating: 16208
	 Multiplicative Factor: 0%
	 DR Bracket: 0
	 Base: 3%
	 Effective Percent: 23,78%
Leech
	 Rating: 3060
	 Multiplicative Factor: 0%
	 DR Bracket: 0
	 Base: 0%
	 Effective Percent: 3%
Avoidance
	 Rating: 0
	 Multiplicative Factor: 0%
	 DR Bracket: 0
	 Base: 0%
	 Effective Percent: 0%
Mastery
	 Rating: 13298
	 Multiplicative Factor: 0%
	 DR Bracket: 0
	 Base: 21%
	 Effective Percent: 49,5%
----------------------
00:26,703

Intellect
	 Rating: 154841
	 Multiplicative Factor: 12,48%
Stamina
	 Rating: 822296
	 Multiplicative Factor: 11,3%
Crit
	 Rating: 11403
	 Multiplicative Factor: 0%
	 DR Bracket: 0
	 Base: 9%
	 Effective Percent: 25,29%
	 Crit Inc Heal: 2
	 Crit Inc Damage: 2
Haste
	 Rating: 21957
	 Multiplicative Factor: 0%
	 DR Bracket: 1
	 Base: 7%
	 Effective Percent: 42,25%
Vers
	 Rating: 16208
	 Multiplicative Factor: 0%
	 DR Bracket: 0
	 Base: 3%
	 Effective Percent: 23,78%
Leech
	 Rating: 3060
	 Multiplicative Factor: 0%
	 DR Bracket: 0
	 Base: 0%
	 Effective Percent: 3%
Avoidance
	 Rating: 0
	 Multiplicative Factor: 0%
	 DR Bracket: 0
	 Base: 0%
	 Effective Percent: 0%
Mastery
	 Rating: 13298
	 Multiplicative Factor: 0%
	 DR Bracket: 0
	 Base: 21%
	 Effective Percent: 49,5%
----------------------
00:26,704

Intellect
	 Rating: 154841
	 Multiplicative Factor: 12,48%
Stamina
	 Rating: 822296
	 Multiplicative Factor: 11,3%
Crit
	 Rating: 11403
	 Multiplicative Factor: 0%
	 DR Bracket: 0
	 Base: 9%
	 Effective Percent: 25,29%
	 Crit Inc Heal: 2
	 Crit Inc Damage: 2
Haste
	 Rating: 21957
	 Multiplicative Factor: 0%
	 DR Bracket: 1
	 Base: 9%
	 Effective Percent: 44,91%
Vers
	 Rating: 16208
	 Multiplicative Factor: 0%
	 DR Bracket: 0
	 Base: 3%
	 Effective Percent: 23,78%
Leech
	 Rating: 3060
	 Multiplicative Factor: 0%
	 DR Bracket: 0
	 Base: 0%
	 Effective Percent: 3%
Avoidance
	 Rating: 0
	 Multiplicative Factor: 0%
	 DR Bracket: 0
	 Base: 0%
	 Effective Percent: 0%
Mastery
	 Rating: 13298
	 Multiplicative Factor: 0%
	 DR Bracket: 0
	 Base: 21%
	 Effective Percent: 49,5%
----------------------
00:26,704

Intellect
	 Rating: 154841
	 Multiplicative Factor: 12,48%
Stamina
	 Rating: 822296
	 Multiplicative Factor: 11,3%
Crit
	 Rating: 11403
	 Multiplicative Factor: 0%
	 DR Bracket: 0
	 Base: 9%
	 Effective Percent: 25,29%
	 Crit Inc Heal: 2
	 Crit Inc Damage: 2
Haste
	 Rating: 21957
	 Multiplicative Factor: 0%
	 DR Bracket: 1
	 Base: 11%
	 Effective Percent: 47,56%
Vers
	 Rating: 16208
	 Multiplicative Factor: 0%
	 DR Bracket: 0
	 Base: 3%
	 Effective Percent: 23,78%
Leech
	 Rating: 3060
	 Multiplicative Factor: 0%
	 DR Bracket: 0
	 Base: 0%
	 Effective Percent: 3%
Avoidance
	 Rating: 0
	 Multiplicative Factor: 0%
	 DR Bracket: 0
	 Base: 0%
	 Effective Percent: 0%
Mastery
	 Rating: 13298
	 Multiplicative Factor: 0%
	 DR Bracket: 0
	 Base: 21%
	 Effective Percent: 49,5%
----------------------
00:26,704

Intellect
	 Rating: 154841
	 Multiplicative Factor: 12,48%
Stamina
	 Rating: 822296
	 Multiplicative Factor: 11,3%
Crit
	 Rating: 11403
	 Multiplicative Factor: 0%
	 DR Bracket: 0
	 Base: 9%
	 Effective Percent: 25,29%
	 Crit Inc Heal: 2
	 Crit Inc Damage: 2
Haste
	 Rating: 21957
	 Multiplicative Factor: 0%
	 DR Bracket: 1
	 Base: 13%
	 Effective Percent: 50,22%
Vers
	 Rating: 16208
	 Multiplicative Factor: 0%
	 DR Bracket: 0
	 Base: 3%
	 Effective Percent: 23,78%
Leech
	 Rating: 3060
	 Multiplicative Factor: 0%
	 DR Bracket: 0
	 Base: 0%
	 Effective Percent: 3%
Avoidance
	 Rating: 0
	 Multiplicative Factor: 0%
	 DR Bracket: 0
	 Base: 0%
	 Effective Percent: 0%
Mastery
	 Rating: 13298
	 Multiplicative Factor: 0%
	 DR Bracket: 0
	 Base: 21%
	 Effective Percent: 49,5%
----------------------
00:38,625

Intellect
	 Rating: 154841
	 Multiplicative Factor: 12,48%
Stamina
	 Rating: 822296
	 Multiplicative Factor: 11,3%
Crit
	 Rating: 11403
	 Multiplicative Factor: 0%
	 DR Bracket: 0
	 Base: 9%
	 Effective Percent: 25,29%
	 Crit Inc Heal: 2
	 Crit Inc Damage: 2
Haste
	 Rating: 21957
	 Multiplicative Factor: 0%
	 DR Bracket: 1
	 Base: 11%
	 Effective Percent: 47,56%
Vers
	 Rating: 16208
	 Multiplicative Factor: 0%
	 DR Bracket: 0
	 Base: 3%
	 Effective Percent: 23,78%
Leech
	 Rating: 3060
	 Multiplicative Factor: 0%
	 DR Bracket: 0
	 Base: 0%
	 Effective Percent: 3%
Avoidance
	 Rating: 0
	 Multiplicative Factor: 0%
	 DR Bracket: 0
	 Base: 0%
	 Effective Percent: 0%
Mastery
	 Rating: 13298
	 Multiplicative Factor: 0%
	 DR Bracket: 0
	 Base: 21%
	 Effective Percent: 49,5%
----------------------
00:38,645

Intellect
	 Rating: 154841
	 Multiplicative Factor: 12,48%
Stamina
	 Rating: 822296
	 Multiplicative Factor: 11,3%
Crit
	 Rating: 11403
	 Multiplicative Factor: 0%
	 DR Bracket: 0
	 Base: 9%
	 Effective Percent: 25,29%
	 Crit Inc Heal: 2
	 Crit Inc Damage: 2
Haste
	 Rating: 21957
	 Multiplicative Factor: 0%
	 DR Bracket: 1
	 Base: 5%
	 Effective Percent: 39,59%
Vers
	 Rating: 16208
	 Multiplicative Factor: 0%
	 DR Bracket: 0
	 Base: 3%
	 Effective Percent: 23,78%
Leech
	 Rating: 3060
	 Multiplicative Factor: 0%
	 DR Bracket: 0
	 Base: 0%
	 Effective Percent: 3%
Avoidance
	 Rating: 0
	 Multiplicative Factor: 0%
	 DR Bracket: 0
	 Base: 0%
	 Effective Percent: 0%
Mastery
	 Rating: 13298
	 Multiplicative Factor: 0%
	 DR Bracket: 0
	 Base: 21%
	 Effective Percent: 49,5%
----------------------
00:38,746

Intellect
	 Rating: 154841
	 Multiplicative Factor: 12,48%
Stamina
	 Rating: 822296
	 Multiplicative Factor: 11,3%
Crit
	 Rating: 11403
	 Multiplicative Factor: 0%
	 DR Bracket: 0
	 Base: 9%
	 Effective Percent: 25,29%
	 Crit Inc Heal: 2
	 Crit Inc Damage: 2
Haste
	 Rating: 21957
	 Multiplicative Factor: 0%
	 DR Bracket: 1
	 Base: 7%
	 Effective Percent: 42,25%
Vers
	 Rating: 16208
	 Multiplicative Factor: 0%
	 DR Bracket: 0
	 Base: 3%
	 Effective Percent: 23,78%
Leech
	 Rating: 3060
	 Multiplicative Factor: 0%
	 DR Bracket: 0
	 Base: 0%
	 Effective Percent: 3%
Avoidance
	 Rating: 0
	 Multiplicative Factor: 0%
	 DR Bracket: 0
	 Base: 0%
	 Effective Percent: 0%
Mastery
	 Rating: 13298
	 Multiplicative Factor: 0%
	 DR Bracket: 0
	 Base: 21%
	 Effective Percent: 49,5%
----------------------
00:39,848

Intellect
	 Rating: 154841
	 Multiplicative Factor: 12,48%
Stamina
	 Rating: 822296
	 Multiplicative Factor: 11,3%
Crit
	 Rating: 11403
	 Multiplicative Factor: 0%
	 DR Bracket: 0
	 Base: 9%
	 Effective Percent: 25,29%
	 Crit Inc Heal: 2
	 Crit Inc Damage: 2
Haste
	 Rating: 21957
	 Multiplicative Factor: 0%
	 DR Bracket: 1
	 Base: 9%
	 Effective Percent: 44,91%
Vers
	 Rating: 16208
	 Multiplicative Factor: 0%
	 DR Bracket: 0
	 Base: 3%
	 Effective Percent: 23,78%
Leech
	 Rating: 3060
	 Multiplicative Factor: 0%
	 DR Bracket: 0
	 Base: 0%
	 Effective Percent: 3%
Avoidance
	 Rating: 0
	 Multiplicative Factor: 0%
	 DR Bracket: 0
	 Base: 0%
	 Effective Percent: 0%
Mastery
	 Rating: 13298
	 Multiplicative Factor: 0%
	 DR Bracket: 0
	 Base: 21%
	 Effective Percent: 49,5%
----------------------
00:50,692

Intellect
	 Rating: 154841
	 Multiplicative Factor: 12,48%
Stamina
	 Rating: 822296
	 Multiplicative Factor: 11,3%
Crit
	 Rating: 11403
	 Multiplicative Factor: 0%
	 DR Bracket: 0
	 Base: 9%
	 Effective Percent: 25,29%
	 Crit Inc Heal: 2
	 Crit Inc Damage: 2
Haste
	 Rating: 21957
	 Multiplicative Factor: 0%
	 DR Bracket: 1
	 Base: 11%
	 Effective Percent: 47,56%
Vers
	 Rating: 16208
	 Multiplicative Factor: 0%
	 DR Bracket: 0
	 Base: 3%
	 Effective Percent: 23,78%
Leech
	 Rating: 3060
	 Multiplicative Factor: 0%
	 DR Bracket: 0
	 Base: 0%
	 Effective Percent: 3%
Avoidance
	 Rating: 0
	 Multiplicative Factor: 0%
	 DR Bracket: 0
	 Base: 0%
	 Effective Percent: 0%
Mastery
	 Rating: 13298
	 Multiplicative Factor: 0%
	 DR Bracket: 0
	 Base: 21%
	 Effective Percent: 49,5%
----------------------
00:50,765

Intellect
	 Rating: 154841
	 Multiplicative Factor: 12,48%
Stamina
	 Rating: 822296
	 Multiplicative Factor: 11,3%
Crit
	 Rating: 11403
	 Multiplicative Factor: 0%
	 DR Bracket: 0
	 Base: 9%
	 Effective Percent: 25,29%
	 Crit Inc Heal: 2
	 Crit Inc Damage: 2
Haste
	 Rating: 21957
	 Multiplicative Factor: 0%
	 DR Bracket: 1
	 Base: 9%
	 Effective Percent: 44,91%
Vers
	 Rating: 16208
	 Multiplicative Factor: 0%
	 DR Bracket: 0
	 Base: 3%
	 Effective Percent: 23,78%
Leech
	 Rating: 3060
	 Multiplicative Factor: 0%
	 DR Bracket: 0
	 Base: 0%
	 Effective Percent: 3%
Avoidance
	 Rating: 0
	 Multiplicative Factor: 0%
	 DR Bracket: 0
	 Base: 0%
	 Effective Percent: 0%
Mastery
	 Rating: 13298
	 Multiplicative Factor: 0%
	 DR Bracket: 0
	 Base: 21%
	 Effective Percent: 49,5%
----------------------
00:51,854

Intellect
	 Rating: 154841
	 Multiplicative Factor: 12,48%
Stamina
	 Rating: 822296
	 Multiplicative Factor: 11,3%
Crit
	 Rating: 11403
	 Multiplicative Factor: 0%
	 DR Bracket: 0
	 Base: 9%
	 Effective Percent: 25,29%
	 Crit Inc Heal: 2
	 Crit Inc Damage: 2
Haste
	 Rating: 21957
	 Multiplicative Factor: 0%
	 DR Bracket: 1
	 Base: 7%
	 Effective Percent: 42,25%
Vers
	 Rating: 16208
	 Multiplicative Factor: 0%
	 DR Bracket: 0
	 Base: 3%
	 Effective Percent: 23,78%
Leech
	 Rating: 3060
	 Multiplicative Factor: 0%
	 DR Bracket: 0
	 Base: 0%
	 Effective Percent: 3%
Avoidance
	 Rating: 0
	 Multiplicative Factor: 0%
	 DR Bracket: 0
	 Base: 0%
	 Effective Percent: 0%
Mastery
	 Rating: 13298
	 Multiplicative Factor: 0%
	 DR Bracket: 0
	 Base: 21%
	 Effective Percent: 49,5%
----------------------
00:55,474

Intellect
	 Rating: 154841
	 Multiplicative Factor: 12,48%
Stamina
	 Rating: 822296
	 Multiplicative Factor: 11,3%
Crit
	 Rating: 11403
	 Multiplicative Factor: 0%
	 DR Bracket: 0
	 Base: 9%
	 Effective Percent: 25,29%
	 Crit Inc Heal: 2
	 Crit Inc Damage: 2
Haste
	 Rating: 21957
	 Multiplicative Factor: 0%
	 DR Bracket: 1
	 Base: 9%
	 Effective Percent: 44,91%
Vers
	 Rating: 16208
	 Multiplicative Factor: 0%
	 DR Bracket: 0
	 Base: 3%
	 Effective Percent: 23,78%
Leech
	 Rating: 3060
	 Multiplicative Factor: 0%
	 DR Bracket: 0
	 Base: 0%
	 Effective Percent: 3%
Avoidance
	 Rating: 0
	 Multiplicative Factor: 0%
	 DR Bracket: 0
	 Base: 0%
	 Effective Percent: 0%
Mastery
	 Rating: 13298
	 Multiplicative Factor: 0%
	 DR Bracket: 0
	 Base: 21%
	 Effective Percent: 49,5%
----------------------
01:02,718

Intellect
	 Rating: 154841
	 Multiplicative Factor: 12,48%
Stamina
	 Rating: 822296
	 Multiplicative Factor: 11,3%
Crit
	 Rating: 11403
	 Multiplicative Factor: 0%
	 DR Bracket: 0
	 Base: 9%
	 Effective Percent: 25,29%
	 Crit Inc Heal: 2
	 Crit Inc Damage: 2
Haste
	 Rating: 21957
	 Multiplicative Factor: 0%
	 DR Bracket: 1
	 Base: 7%
	 Effective Percent: 42,25%
Vers
	 Rating: 16208
	 Multiplicative Factor: 0%
	 DR Bracket: 0
	 Base: 3%
	 Effective Percent: 23,78%
Leech
	 Rating: 3060
	 Multiplicative Factor: 0%
	 DR Bracket: 0
	 Base: 0%
	 Effective Percent: 3%
Avoidance
	 Rating: 0
	 Multiplicative Factor: 0%
	 DR Bracket: 0
	 Base: 0%
	 Effective Percent: 0%
Mastery
	 Rating: 13298
	 Multiplicative Factor: 0%
	 DR Bracket: 0
	 Base: 21%
	 Effective Percent: 49,5%
----------------------
01:06,661

Intellect
	 Rating: 154841
	 Multiplicative Factor: 12,48%
Stamina
	 Rating: 822296
	 Multiplicative Factor: 11,3%
Crit
	 Rating: 11403
	 Multiplicative Factor: 0%
	 DR Bracket: 0
	 Base: 9%
	 Effective Percent: 25,29%
	 Crit Inc Heal: 2
	 Crit Inc Damage: 2
Haste
	 Rating: 21957
	 Multiplicative Factor: 0%
	 DR Bracket: 1
	 Base: 9%
	 Effective Percent: 44,91%
Vers
	 Rating: 16208
	 Multiplicative Factor: 0%
	 DR Bracket: 0
	 Base: 3%
	 Effective Percent: 23,78%
Leech
	 Rating: 3060
	 Multiplicative Factor: 0%
	 DR Bracket: 0
	 Base: 0%
	 Effective Percent: 3%
Avoidance
	 Rating: 0
	 Multiplicative Factor: 0%
	 DR Bracket: 0
	 Base: 0%
	 Effective Percent: 0%
Mastery
	 Rating: 13298
	 Multiplicative Factor: 0%
	 DR Bracket: 0
	 Base: 21%
	 Effective Percent: 49,5%
----------------------
01:07,497

Intellect
	 Rating: 154841
	 Multiplicative Factor: 12,48%
Stamina
	 Rating: 822296
	 Multiplicative Factor: 11,3%
Crit
	 Rating: 11403
	 Multiplicative Factor: 0%
	 DR Bracket: 0
	 Base: 9%
	 Effective Percent: 25,29%
	 Crit Inc Heal: 2
	 Crit Inc Damage: 2
Haste
	 Rating: 21957
	 Multiplicative Factor: 0%
	 DR Bracket: 1
	 Base: 7%
	 Effective Percent: 42,25%
Vers
	 Rating: 16208
	 Multiplicative Factor: 0%
	 DR Bracket: 0
	 Base: 3%
	 Effective Percent: 23,78%
Leech
	 Rating: 3060
	 Multiplicative Factor: 0%
	 DR Bracket: 0
	 Base: 0%
	 Effective Percent: 3%
Avoidance
	 Rating: 0
	 Multiplicative Factor: 0%
	 DR Bracket: 0
	 Base: 0%
	 Effective Percent: 0%
Mastery
	 Rating: 13298
	 Multiplicative Factor: 0%
	 DR Bracket: 0
	 Base: 21%
	 Effective Percent: 49,5%
----------------------
01:11,135

Intellect
	 Rating: 154841
	 Multiplicative Factor: 12,48%
Stamina
	 Rating: 822296
	 Multiplicative Factor: 11,3%
Crit
	 Rating: 11403
	 Multiplicative Factor: 0%
	 DR Bracket: 0
	 Base: 9%
	 Effective Percent: 25,29%
	 Crit Inc Heal: 2
	 Crit Inc Damage: 2
Haste
	 Rating: 21957
	 Multiplicative Factor: 0%
	 DR Bracket: 1
	 Base: 9%
	 Effective Percent: 44,91%
Vers
	 Rating: 16208
	 Multiplicative Factor: 0%
	 DR Bracket: 0
	 Base: 3%
	 Effective Percent: 23,78%
Leech
	 Rating: 3060
	 Multiplicative Factor: 0%
	 DR Bracket: 0
	 Base: 0%
	 Effective Percent: 3%
Avoidance
	 Rating: 0
	 Multiplicative Factor: 0%
	 DR Bracket: 0
	 Base: 0%
	 Effective Percent: 0%
Mastery
	 Rating: 13298
	 Multiplicative Factor: 0%
	 DR Bracket: 0
	 Base: 21%
	 Effective Percent: 49,5%
----------------------
01:18,581

Intellect
	 Rating: 154841
	 Multiplicative Factor: 12,48%
Stamina
	 Rating: 822296
	 Multiplicative Factor: 11,3%
Crit
	 Rating: 11403
	 Multiplicative Factor: 0%
	 DR Bracket: 0
	 Base: 9%
	 Effective Percent: 25,29%
	 Crit Inc Heal: 2
	 Crit Inc Damage: 2
Haste
	 Rating: 21957
	 Multiplicative Factor: 0%
	 DR Bracket: 1
	 Base: 11%
	 Effective Percent: 47,56%
Vers
	 Rating: 16208
	 Multiplicative Factor: 0%
	 DR Bracket: 0
	 Base: 3%
	 Effective Percent: 23,78%
Leech
	 Rating: 3060
	 Multiplicative Factor: 0%
	 DR Bracket: 0
	 Base: 0%
	 Effective Percent: 3%
Avoidance
	 Rating: 0
	 Multiplicative Factor: 0%
	 DR Bracket: 0
	 Base: 0%
	 Effective Percent: 0%
Mastery
	 Rating: 13298
	 Multiplicative Factor: 0%
	 DR Bracket: 0
	 Base: 21%
	 Effective Percent: 49,5%
----------------------
01:18,683

Intellect
	 Rating: 154841
	 Multiplicative Factor: 12,48%
Stamina
	 Rating: 822296
	 Multiplicative Factor: 11,3%
Crit
	 Rating: 11403
	 Multiplicative Factor: 0%
	 DR Bracket: 0
	 Base: 9%
	 Effective Percent: 25,29%
	 Crit Inc Heal: 2
	 Crit Inc Damage: 2
Haste
	 Rating: 21957
	 Multiplicative Factor: 0%
	 DR Bracket: 1
	 Base: 9%
	 Effective Percent: 44,91%
Vers
	 Rating: 16208
	 Multiplicative Factor: 0%
	 DR Bracket: 0
	 Base: 3%
	 Effective Percent: 23,78%
Leech
	 Rating: 3060
	 Multiplicative Factor: 0%
	 DR Bracket: 0
	 Base: 0%
	 Effective Percent: 3%
Avoidance
	 Rating: 0
	 Multiplicative Factor: 0%
	 DR Bracket: 0
	 Base: 0%
	 Effective Percent: 0%
Mastery
	 Rating: 13298
	 Multiplicative Factor: 0%
	 DR Bracket: 0
	 Base: 21%
	 Effective Percent: 49,5%
----------------------
01:23,159

Intellect
	 Rating: 154841
	 Multiplicative Factor: 12,48%
Stamina
	 Rating: 822296
	 Multiplicative Factor: 11,3%
Crit
	 Rating: 11403
	 Multiplicative Factor: 0%
	 DR Bracket: 0
	 Base: 9%
	 Effective Percent: 25,29%
	 Crit Inc Heal: 2
	 Crit Inc Damage: 2
Haste
	 Rating: 21957
	 Multiplicative Factor: 0%
	 DR Bracket: 1
	 Base: 7%
	 Effective Percent: 42,25%
Vers
	 Rating: 16208
	 Multiplicative Factor: 0%
	 DR Bracket: 0
	 Base: 3%
	 Effective Percent: 23,78%
Leech
	 Rating: 3060
	 Multiplicative Factor: 0%
	 DR Bracket: 0
	 Base: 0%
	 Effective Percent: 3%
Avoidance
	 Rating: 0
	 Multiplicative Factor: 0%
	 DR Bracket: 0
	 Base: 0%
	 Effective Percent: 0%
Mastery
	 Rating: 13298
	 Multiplicative Factor: 0%
	 DR Bracket: 0
	 Base: 21%
	 Effective Percent: 49,5%
----------------------
01:30,594

Intellect
	 Rating: 154841
	 Multiplicative Factor: 12,48%
Stamina
	 Rating: 822296
	 Multiplicative Factor: 11,3%
Crit
	 Rating: 11403
	 Multiplicative Factor: 0%
	 DR Bracket: 0
	 Base: 9%
	 Effective Percent: 25,29%
	 Crit Inc Heal: 2
	 Crit Inc Damage: 2
Haste
	 Rating: 21957
	 Multiplicative Factor: 0%
	 DR Bracket: 1
	 Base: 5%
	 Effective Percent: 39,59%
Vers
	 Rating: 16208
	 Multiplicative Factor: 0%
	 DR Bracket: 0
	 Base: 3%
	 Effective Percent: 23,78%
Leech
	 Rating: 3060
	 Multiplicative Factor: 0%
	 DR Bracket: 0
	 Base: 0%
	 Effective Percent: 3%
Avoidance
	 Rating: 0
	 Multiplicative Factor: 0%
	 DR Bracket: 0
	 Base: 0%
	 Effective Percent: 0%
Mastery
	 Rating: 13298
	 Multiplicative Factor: 0%
	 DR Bracket: 0
	 Base: 21%
	 Effective Percent: 49,5%
----------------------
01:35,125

Intellect
	 Rating: 154841
	 Multiplicative Factor: 12,48%
Stamina
	 Rating: 822296
	 Multiplicative Factor: 11,3%
Crit
	 Rating: 11403
	 Multiplicative Factor: 0%
	 DR Bracket: 0
	 Base: 9%
	 Effective Percent: 25,29%
	 Crit Inc Heal: 2
	 Crit Inc Damage: 2
Haste
	 Rating: 21957
	 Multiplicative Factor: 0%
	 DR Bracket: 1
	 Base: 7%
	 Effective Percent: 42,25%
Vers
	 Rating: 16208
	 Multiplicative Factor: 0%
	 DR Bracket: 0
	 Base: 3%
	 Effective Percent: 23,78%
Leech
	 Rating: 3060
	 Multiplicative Factor: 0%
	 DR Bracket: 0
	 Base: 0%
	 Effective Percent: 3%
Avoidance
	 Rating: 0
	 Multiplicative Factor: 0%
	 DR Bracket: 0
	 Base: 0%
	 Effective Percent: 0%
Mastery
	 Rating: 13298
	 Multiplicative Factor: 0%
	 DR Bracket: 0
	 Base: 21%
	 Effective Percent: 49,5%
----------------------
01:36,175

Intellect
	 Rating: 154841
	 Multiplicative Factor: 12,48%
Stamina
	 Rating: 822296
	 Multiplicative Factor: 11,3%
Crit
	 Rating: 11403
	 Multiplicative Factor: 0%
	 DR Bracket: 0
	 Base: 9%
	 Effective Percent: 25,29%
	 Crit Inc Heal: 2
	 Crit Inc Damage: 2
Haste
	 Rating: 21957
	 Multiplicative Factor: 0%
	 DR Bracket: 1
	 Base: 9%
	 Effective Percent: 44,91%
Vers
	 Rating: 16208
	 Multiplicative Factor: 0%
	 DR Bracket: 0
	 Base: 3%
	 Effective Percent: 23,78%
Leech
	 Rating: 3060
	 Multiplicative Factor: 0%
	 DR Bracket: 0
	 Base: 0%
	 Effective Percent: 3%
Avoidance
	 Rating: 0
	 Multiplicative Factor: 0%
	 DR Bracket: 0
	 Base: 0%
	 Effective Percent: 0%
Mastery
	 Rating: 13298
	 Multiplicative Factor: 0%
	 DR Bracket: 0
	 Base: 21%
	 Effective Percent: 49,5%
----------------------
01:46,287

Intellect
	 Rating: 154841
	 Multiplicative Factor: 12,48%
Stamina
	 Rating: 822296
	 Multiplicative Factor: 11,3%
Crit
	 Rating: 11403
	 Multiplicative Factor: 0%
	 DR Bracket: 0
	 Base: 9%
	 Effective Percent: 25,29%
	 Crit Inc Heal: 2
	 Crit Inc Damage: 2
Haste
	 Rating: 21957
	 Multiplicative Factor: 0%
	 DR Bracket: 1
	 Base: 11%
	 Effective Percent: 47,56%
Vers
	 Rating: 16208
	 Multiplicative Factor: 0%
	 DR Bracket: 0
	 Base: 3%
	 Effective Percent: 23,78%
Leech
	 Rating: 3060
	 Multiplicative Factor: 0%
	 DR Bracket: 0
	 Base: 0%
	 Effective Percent: 3%
Avoidance
	 Rating: 0
	 Multiplicative Factor: 0%
	 DR Bracket: 0
	 Base: 0%
	 Effective Percent: 0%
Mastery
	 Rating: 13298
	 Multiplicative Factor: 0%
	 DR Bracket: 0
	 Base: 21%
	 Effective Percent: 49,5%
----------------------
01:47,120

Intellect
	 Rating: 154841
	 Multiplicative Factor: 12,48%
Stamina
	 Rating: 822296
	 Multiplicative Factor: 11,3%
Crit
	 Rating: 11403
	 Multiplicative Factor: 0%
	 DR Bracket: 0
	 Base: 9%
	 Effective Percent: 25,29%
	 Crit Inc Heal: 2
	 Crit Inc Damage: 2
Haste
	 Rating: 21957
	 Multiplicative Factor: 0%
	 DR Bracket: 1
	 Base: 9%
	 Effective Percent: 44,91%
Vers
	 Rating: 16208
	 Multiplicative Factor: 0%
	 DR Bracket: 0
	 Base: 3%
	 Effective Percent: 23,78%
Leech
	 Rating: 3060
	 Multiplicative Factor: 0%
	 DR Bracket: 0
	 Base: 0%
	 Effective Percent: 3%
Avoidance
	 Rating: 0
	 Multiplicative Factor: 0%
	 DR Bracket: 0
	 Base: 0%
	 Effective Percent: 0%
Mastery
	 Rating: 13298
	 Multiplicative Factor: 0%
	 DR Bracket: 0
	 Base: 21%
	 Effective Percent: 49,5%
----------------------
01:48,186

Intellect
	 Rating: 154841
	 Multiplicative Factor: 12,48%
Stamina
	 Rating: 822296
	 Multiplicative Factor: 11,3%
Crit
	 Rating: 11403
	 Multiplicative Factor: 0%
	 DR Bracket: 0
	 Base: 9%
	 Effective Percent: 25,29%
	 Crit Inc Heal: 2
	 Crit Inc Damage: 2
Haste
	 Rating: 21957
	 Multiplicative Factor: 0%
	 DR Bracket: 1
	 Base: 7%
	 Effective Percent: 42,25%
Vers
	 Rating: 16208
	 Multiplicative Factor: 0%
	 DR Bracket: 0
	 Base: 3%
	 Effective Percent: 23,78%
Leech
	 Rating: 3060
	 Multiplicative Factor: 0%
	 DR Bracket: 0
	 Base: 0%
	 Effective Percent: 3%
Avoidance
	 Rating: 0
	 Multiplicative Factor: 0%
	 DR Bracket: 0
	 Base: 0%
	 Effective Percent: 0%
Mastery
	 Rating: 13298
	 Multiplicative Factor: 0%
	 DR Bracket: 0
	 Base: 21%
	 Effective Percent: 49,5%
----------------------
01:58,282

Intellect
	 Rating: 154841
	 Multiplicative Factor: 12,48%
Stamina
	 Rating: 822296
	 Multiplicative Factor: 11,3%
Crit
	 Rating: 11403
	 Multiplicative Factor: 0%
	 DR Bracket: 0
	 Base: 9%
	 Effective Percent: 25,29%
	 Crit Inc Heal: 2
	 Crit Inc Damage: 2
Haste
	 Rating: 21957
	 Multiplicative Factor: 0%
	 DR Bracket: 1
	 Base: 5%
	 Effective Percent: 39,59%
Vers
	 Rating: 16208
	 Multiplicative Factor: 0%
	 DR Bracket: 0
	 Base: 3%
	 Effective Percent: 23,78%
Leech
	 Rating: 3060
	 Multiplicative Factor: 0%
	 DR Bracket: 0
	 Base: 0%
	 Effective Percent: 3%
Avoidance
	 Rating: 0
	 Multiplicative Factor: 0%
	 DR Bracket: 0
	 Base: 0%
	 Effective Percent: 0%
Mastery
	 Rating: 13298
	 Multiplicative Factor: 0%
	 DR Bracket: 0
	 Base: 21%
	 Effective Percent: 49,5%
----------------------
01:59,282

Intellect
	 Rating: 154841
	 Multiplicative Factor: 12,48%
Stamina
	 Rating: 822296
	 Multiplicative Factor: 11,3%
Crit
	 Rating: 11403
	 Multiplicative Factor: 0%
	 DR Bracket: 0
	 Base: 9%
	 Effective Percent: 25,29%
	 Crit Inc Heal: 2
	 Crit Inc Damage: 2
Haste
	 Rating: 21957
	 Multiplicative Factor: 0%
	 DR Bracket: 1
	 Base: 7%
	 Effective Percent: 42,25%
Vers
	 Rating: 16208
	 Multiplicative Factor: 0%
	 DR Bracket: 0
	 Base: 3%
	 Effective Percent: 23,78%
Leech
	 Rating: 3060
	 Multiplicative Factor: 0%
	 DR Bracket: 0
	 Base: 0%
	 Effective Percent: 3%
Avoidance
	 Rating: 0
	 Multiplicative Factor: 0%
	 DR Bracket: 0
	 Base: 0%
	 Effective Percent: 0%
Mastery
	 Rating: 13298
	 Multiplicative Factor: 0%
	 DR Bracket: 0
	 Base: 21%
	 Effective Percent: 49,5%
----------------------
02:04,814

Intellect
	 Rating: 154841
	 Multiplicative Factor: 12,48%
Stamina
	 Rating: 822296
	 Multiplicative Factor: 11,3%
Crit
	 Rating: 11403
	 Multiplicative Factor: 0%
	 DR Bracket: 0
	 Base: 9%
	 Effective Percent: 25,29%
	 Crit Inc Heal: 2
	 Crit Inc Damage: 2
Haste
	 Rating: 21957
	 Multiplicative Factor: 0%
	 DR Bracket: 1
	 Base: 9%
	 Effective Percent: 44,91%
Vers
	 Rating: 16208
	 Multiplicative Factor: 0%
	 DR Bracket: 0
	 Base: 3%
	 Effective Percent: 23,78%
Leech
	 Rating: 3060
	 Multiplicative Factor: 0%
	 DR Bracket: 0
	 Base: 0%
	 Effective Percent: 3%
Avoidance
	 Rating: 0
	 Multiplicative Factor: 0%
	 DR Bracket: 0
	 Base: 0%
	 Effective Percent: 0%
Mastery
	 Rating: 13298
	 Multiplicative Factor: 0%
	 DR Bracket: 0
	 Base: 21%
	 Effective Percent: 49,5%
----------------------
02:08,116

Intellect
	 Rating: 154841
	 Multiplicative Factor: 12,48%
Stamina
	 Rating: 822296
	 Multiplicative Factor: 11,3%
Crit
	 Rating: 11403
	 Multiplicative Factor: 0%
	 DR Bracket: 0
	 Base: 9%
	 Effective Percent: 25,29%
	 Crit Inc Heal: 2
	 Crit Inc Damage: 2
Haste
	 Rating: 21957
	 Multiplicative Factor: 0%
	 DR Bracket: 1
	 Base: 11%
	 Effective Percent: 47,56%
Vers
	 Rating: 16208
	 Multiplicative Factor: 0%
	 DR Bracket: 0
	 Base: 3%
	 Effective Percent: 23,78%
Leech
	 Rating: 3060
	 Multiplicative Factor: 0%
	 DR Bracket: 0
	 Base: 0%
	 Effective Percent: 3%
Avoidance
	 Rating: 0
	 Multiplicative Factor: 0%
	 DR Bracket: 0
	 Base: 0%
	 Effective Percent: 0%
Mastery
	 Rating: 13298
	 Multiplicative Factor: 0%
	 DR Bracket: 0
	 Base: 21%
	 Effective Percent: 49,5%
----------------------
02:11,300

Intellect
	 Rating: 154841
	 Multiplicative Factor: 12,48%
Stamina
	 Rating: 822296
	 Multiplicative Factor: 11,3%
Crit
	 Rating: 11403
	 Multiplicative Factor: 0%
	 DR Bracket: 0
	 Base: 9%
	 Effective Percent: 25,29%
	 Crit Inc Heal: 2
	 Crit Inc Damage: 2
Haste
	 Rating: 21957
	 Multiplicative Factor: 0%
	 DR Bracket: 1
	 Base: 9%
	 Effective Percent: 44,91%
Vers
	 Rating: 16208
	 Multiplicative Factor: 0%
	 DR Bracket: 0
	 Base: 3%
	 Effective Percent: 23,78%
Leech
	 Rating: 3060
	 Multiplicative Factor: 0%
	 DR Bracket: 0
	 Base: 0%
	 Effective Percent: 3%
Avoidance
	 Rating: 0
	 Multiplicative Factor: 0%
	 DR Bracket: 0
	 Base: 0%
	 Effective Percent: 0%
Mastery
	 Rating: 13298
	 Multiplicative Factor: 0%
	 DR Bracket: 0
	 Base: 21%
	 Effective Percent: 49,5%
----------------------
02:16,807

Intellect
	 Rating: 154841
	 Multiplicative Factor: 12,48%
Stamina
	 Rating: 822296
	 Multiplicative Factor: 11,3%
Crit
	 Rating: 11403
	 Multiplicative Factor: 0%
	 DR Bracket: 0
	 Base: 9%
	 Effective Percent: 25,29%
	 Crit Inc Heal: 2
	 Crit Inc Damage: 2
Haste
	 Rating: 21957
	 Multiplicative Factor: 0%
	 DR Bracket: 1
	 Base: 7%
	 Effective Percent: 42,25%
Vers
	 Rating: 16208
	 Multiplicative Factor: 0%
	 DR Bracket: 0
	 Base: 3%
	 Effective Percent: 23,78%
Leech
	 Rating: 3060
	 Multiplicative Factor: 0%
	 DR Bracket: 0
	 Base: 0%
	 Effective Percent: 3%
Avoidance
	 Rating: 0
	 Multiplicative Factor: 0%
	 DR Bracket: 0
	 Base: 0%
	 Effective Percent: 0%
Mastery
	 Rating: 13298
	 Multiplicative Factor: 0%
	 DR Bracket: 0
	 Base: 21%
	 Effective Percent: 49,5%
----------------------
02:20,122

Intellect
	 Rating: 154841
	 Multiplicative Factor: 12,48%
Stamina
	 Rating: 822296
	 Multiplicative Factor: 11,3%
Crit
	 Rating: 11403
	 Multiplicative Factor: 0%
	 DR Bracket: 0
	 Base: 9%
	 Effective Percent: 25,29%
	 Crit Inc Heal: 2
	 Crit Inc Damage: 2
Haste
	 Rating: 21957
	 Multiplicative Factor: 0%
	 DR Bracket: 1
	 Base: 5%
	 Effective Percent: 39,59%
Vers
	 Rating: 16208
	 Multiplicative Factor: 0%
	 DR Bracket: 0
	 Base: 3%
	 Effective Percent: 23,78%
Leech
	 Rating: 3060
	 Multiplicative Factor: 0%
	 DR Bracket: 0
	 Base: 0%
	 Effective Percent: 3%
Avoidance
	 Rating: 0
	 Multiplicative Factor: 0%
	 DR Bracket: 0
	 Base: 0%
	 Effective Percent: 0%
Mastery
	 Rating: 13298
	 Multiplicative Factor: 0%
	 DR Bracket: 0
	 Base: 21%
	 Effective Percent: 49,5%
----------------------
02:36,854

Intellect
	 Rating: 154841
	 Multiplicative Factor: 12,48%
Stamina
	 Rating: 822296
	 Multiplicative Factor: 11,3%
Crit
	 Rating: 11403
	 Multiplicative Factor: 0%
	 DR Bracket: 0
	 Base: 9%
	 Effective Percent: 25,29%
	 Crit Inc Heal: 2
	 Crit Inc Damage: 2
Haste
	 Rating: 21957
	 Multiplicative Factor: 0%
	 DR Bracket: 1
	 Base: 7%
	 Effective Percent: 42,25%
Vers
	 Rating: 16208
	 Multiplicative Factor: 0%
	 DR Bracket: 0
	 Base: 3%
	 Effective Percent: 23,78%
Leech
	 Rating: 3060
	 Multiplicative Factor: 0%
	 DR Bracket: 0
	 Base: 0%
	 Effective Percent: 3%
Avoidance
	 Rating: 0
	 Multiplicative Factor: 0%
	 DR Bracket: 0
	 Base: 0%
	 Effective Percent: 0%
Mastery
	 Rating: 13298
	 Multiplicative Factor: 0%
	 DR Bracket: 0
	 Base: 21%
	 Effective Percent: 49,5%
----------------------
02:40,361

Intellect
	 Rating: 154841
	 Multiplicative Factor: 12,48%
Stamina
	 Rating: 822296
	 Multiplicative Factor: 11,3%
Crit
	 Rating: 11403
	 Multiplicative Factor: 0%
	 DR Bracket: 0
	 Base: 9%
	 Effective Percent: 25,29%
	 Crit Inc Heal: 2
	 Crit Inc Damage: 2
Haste
	 Rating: 21957
	 Multiplicative Factor: 0%
	 DR Bracket: 1
	 Base: 9%
	 Effective Percent: 44,91%
Vers
	 Rating: 16208
	 Multiplicative Factor: 0%
	 DR Bracket: 0
	 Base: 3%
	 Effective Percent: 23,78%
Leech
	 Rating: 3060
	 Multiplicative Factor: 0%
	 DR Bracket: 0
	 Base: 0%
	 Effective Percent: 3%
Avoidance
	 Rating: 0
	 Multiplicative Factor: 0%
	 DR Bracket: 0
	 Base: 0%
	 Effective Percent: 0%
Mastery
	 Rating: 13298
	 Multiplicative Factor: 0%
	 DR Bracket: 0
	 Base: 21%
	 Effective Percent: 49,5%
----------------------
02:47,198

Intellect
	 Rating: 154841
	 Multiplicative Factor: 12,48%
Stamina
	 Rating: 822296
	 Multiplicative Factor: 11,3%
Crit
	 Rating: 11403
	 Multiplicative Factor: 0%
	 DR Bracket: 0
	 Base: 9%
	 Effective Percent: 25,29%
	 Crit Inc Heal: 2
	 Crit Inc Damage: 2
Haste
	 Rating: 21957
	 Multiplicative Factor: 0%
	 DR Bracket: 1
	 Base: 11%
	 Effective Percent: 47,56%
Vers
	 Rating: 16208
	 Multiplicative Factor: 0%
	 DR Bracket: 0
	 Base: 3%
	 Effective Percent: 23,78%
Leech
	 Rating: 3060
	 Multiplicative Factor: 0%
	 DR Bracket: 0
	 Base: 0%
	 Effective Percent: 3%
Avoidance
	 Rating: 0
	 Multiplicative Factor: 0%
	 DR Bracket: 0
	 Base: 0%
	 Effective Percent: 0%
Mastery
	 Rating: 13298
	 Multiplicative Factor: 0%
	 DR Bracket: 0
	 Base: 21%
	 Effective Percent: 49,5%
----------------------
02:47,198

Intellect
	 Rating: 154841
	 Multiplicative Factor: 12,48%
Stamina
	 Rating: 822296
	 Multiplicative Factor: 11,3%
Crit
	 Rating: 11403
	 Multiplicative Factor: 0%
	 DR Bracket: 0
	 Base: 9%
	 Effective Percent: 25,29%
	 Crit Inc Heal: 2
	 Crit Inc Damage: 2
Haste
	 Rating: 21957
	 Multiplicative Factor: 0%
	 DR Bracket: 1
	 Base: 13%
	 Effective Percent: 50,22%
Vers
	 Rating: 16208
	 Multiplicative Factor: 0%
	 DR Bracket: 0
	 Base: 3%
	 Effective Percent: 23,78%
Leech
	 Rating: 3060
	 Multiplicative Factor: 0%
	 DR Bracket: 0
	 Base: 0%
	 Effective Percent: 3%
Avoidance
	 Rating: 0
	 Multiplicative Factor: 0%
	 DR Bracket: 0
	 Base: 0%
	 Effective Percent: 0%
Mastery
	 Rating: 13298
	 Multiplicative Factor: 0%
	 DR Bracket: 0
	 Base: 21%
	 Effective Percent: 49,5%
----------------------
02:47,222

Intellect
	 Rating: 154841
	 Multiplicative Factor: 12,48%
Stamina
	 Rating: 822296
	 Multiplicative Factor: 11,3%
Crit
	 Rating: 11403
	 Multiplicative Factor: 0%
	 DR Bracket: 0
	 Base: 9%
	 Effective Percent: 25,29%
	 Crit Inc Heal: 2
	 Crit Inc Damage: 2
Haste
	 Rating: 21957
	 Multiplicative Factor: 0%
	 DR Bracket: 1
	 Base: 15%
	 Effective Percent: 52,88%
Vers
	 Rating: 16208
	 Multiplicative Factor: 0%
	 DR Bracket: 0
	 Base: 3%
	 Effective Percent: 23,78%
Leech
	 Rating: 3060
	 Multiplicative Factor: 0%
	 DR Bracket: 0
	 Base: 0%
	 Effective Percent: 3%
Avoidance
	 Rating: 0
	 Multiplicative Factor: 0%
	 DR Bracket: 0
	 Base: 0%
	 Effective Percent: 0%
Mastery
	 Rating: 13298
	 Multiplicative Factor: 0%
	 DR Bracket: 0
	 Base: 21%
	 Effective Percent: 49,5%
----------------------
02:47,223

Intellect
	 Rating: 154841
	 Multiplicative Factor: 12,48%
Stamina
	 Rating: 822296
	 Multiplicative Factor: 11,3%
Crit
	 Rating: 11403
	 Multiplicative Factor: 0%
	 DR Bracket: 0
	 Base: 9%
	 Effective Percent: 25,29%
	 Crit Inc Heal: 2
	 Crit Inc Damage: 2
Haste
	 Rating: 21957
	 Multiplicative Factor: 0%
	 DR Bracket: 1
	 Base: 17%
	 Effective Percent: 55,54%
Vers
	 Rating: 16208
	 Multiplicative Factor: 0%
	 DR Bracket: 0
	 Base: 3%
	 Effective Percent: 23,78%
Leech
	 Rating: 3060
	 Multiplicative Factor: 0%
	 DR Bracket: 0
	 Base: 0%
	 Effective Percent: 3%
Avoidance
	 Rating: 0
	 Multiplicative Factor: 0%
	 DR Bracket: 0
	 Base: 0%
	 Effective Percent: 0%
Mastery
	 Rating: 13298
	 Multiplicative Factor: 0%
	 DR Bracket: 0
	 Base: 21%
	 Effective Percent: 49,5%
----------------------
02:48,862

Intellect
	 Rating: 154841
	 Multiplicative Factor: 12,48%
Stamina
	 Rating: 822296
	 Multiplicative Factor: 11,3%
Crit
	 Rating: 11403
	 Multiplicative Factor: 0%
	 DR Bracket: 0
	 Base: 9%
	 Effective Percent: 25,29%
	 Crit Inc Heal: 2
	 Crit Inc Damage: 2
Haste
	 Rating: 21957
	 Multiplicative Factor: 0%
	 DR Bracket: 1
	 Base: 15%
	 Effective Percent: 52,88%
Vers
	 Rating: 16208
	 Multiplicative Factor: 0%
	 DR Bracket: 0
	 Base: 3%
	 Effective Percent: 23,78%
Leech
	 Rating: 3060
	 Multiplicative Factor: 0%
	 DR Bracket: 0
	 Base: 0%
	 Effective Percent: 3%
Avoidance
	 Rating: 0
	 Multiplicative Factor: 0%
	 DR Bracket: 0
	 Base: 0%
	 Effective Percent: 0%
Mastery
	 Rating: 13298
	 Multiplicative Factor: 0%
	 DR Bracket: 0
	 Base: 21%
	 Effective Percent: 49,5%
----------------------
02:52,358

Intellect
	 Rating: 154841
	 Multiplicative Factor: 12,48%
Stamina
	 Rating: 822296
	 Multiplicative Factor: 11,3%
Crit
	 Rating: 11403
	 Multiplicative Factor: 0%
	 DR Bracket: 0
	 Base: 9%
	 Effective Percent: 25,29%
	 Crit Inc Heal: 2
	 Crit Inc Damage: 2
Haste
	 Rating: 21957
	 Multiplicative Factor: 0%
	 DR Bracket: 1
	 Base: 13%
	 Effective Percent: 50,22%
Vers
	 Rating: 16208
	 Multiplicative Factor: 0%
	 DR Bracket: 0
	 Base: 3%
	 Effective Percent: 23,78%
Leech
	 Rating: 3060
	 Multiplicative Factor: 0%
	 DR Bracket: 0
	 Base: 0%
	 Effective Percent: 3%
Avoidance
	 Rating: 0
	 Multiplicative Factor: 0%
	 DR Bracket: 0
	 Base: 0%
	 Effective Percent: 0%
Mastery
	 Rating: 13298
	 Multiplicative Factor: 0%
	 DR Bracket: 0
	 Base: 21%
	 Effective Percent: 49,5%
----------------------
02:59,230

Intellect
	 Rating: 154841
	 Multiplicative Factor: 12,48%
Stamina
	 Rating: 822296
	 Multiplicative Factor: 11,3%
Crit
	 Rating: 11403
	 Multiplicative Factor: 0%
	 DR Bracket: 0
	 Base: 9%
	 Effective Percent: 25,29%
	 Crit Inc Heal: 2
	 Crit Inc Damage: 2
Haste
	 Rating: 21957
	 Multiplicative Factor: 0%
	 DR Bracket: 1
	 Base: 5%
	 Effective Percent: 39,59%
Vers
	 Rating: 16208
	 Multiplicative Factor: 0%
	 DR Bracket: 0
	 Base: 3%
	 Effective Percent: 23,78%
Leech
	 Rating: 3060
	 Multiplicative Factor: 0%
	 DR Bracket: 0
	 Base: 0%
	 Effective Percent: 3%
Avoidance
	 Rating: 0
	 Multiplicative Factor: 0%
	 DR Bracket: 0
	 Base: 0%
	 Effective Percent: 0%
Mastery
	 Rating: 13298
	 Multiplicative Factor: 0%
	 DR Bracket: 0
	 Base: 21%
	 Effective Percent: 49,5%
----------------------
03:08,811

Intellect
	 Rating: 154841
	 Multiplicative Factor: 12,48%
Stamina
	 Rating: 822296
	 Multiplicative Factor: 11,3%
Crit
	 Rating: 11403
	 Multiplicative Factor: 0%
	 DR Bracket: 0
	 Base: 9%
	 Effective Percent: 25,29%
	 Crit Inc Heal: 2
	 Crit Inc Damage: 2
Haste
	 Rating: 21957
	 Multiplicative Factor: 0%
	 DR Bracket: 1
	 Base: 7%
	 Effective Percent: 42,25%
Vers
	 Rating: 16208
	 Multiplicative Factor: 0%
	 DR Bracket: 0
	 Base: 3%
	 Effective Percent: 23,78%
Leech
	 Rating: 3060
	 Multiplicative Factor: 0%
	 DR Bracket: 0
	 Base: 0%
	 Effective Percent: 3%
Avoidance
	 Rating: 0
	 Multiplicative Factor: 0%
	 DR Bracket: 0
	 Base: 0%
	 Effective Percent: 0%
Mastery
	 Rating: 13298
	 Multiplicative Factor: 0%
	 DR Bracket: 0
	 Base: 21%
	 Effective Percent: 49,5%
----------------------
03:09,789

Intellect
	 Rating: 154841
	 Multiplicative Factor: 12,48%
Stamina
	 Rating: 822296
	 Multiplicative Factor: 11,3%
Crit
	 Rating: 11403
	 Multiplicative Factor: 0%
	 DR Bracket: 0
	 Base: 9%
	 Effective Percent: 25,29%
	 Crit Inc Heal: 2
	 Crit Inc Damage: 2
Haste
	 Rating: 21957
	 Multiplicative Factor: 0%
	 DR Bracket: 1
	 Base: 9%
	 Effective Percent: 44,91%
Vers
	 Rating: 16208
	 Multiplicative Factor: 0%
	 DR Bracket: 0
	 Base: 3%
	 Effective Percent: 23,78%
Leech
	 Rating: 3060
	 Multiplicative Factor: 0%
	 DR Bracket: 0
	 Base: 0%
	 Effective Percent: 3%
Avoidance
	 Rating: 0
	 Multiplicative Factor: 0%
	 DR Bracket: 0
	 Base: 0%
	 Effective Percent: 0%
Mastery
	 Rating: 13298
	 Multiplicative Factor: 0%
	 DR Bracket: 0
	 Base: 21%
	 Effective Percent: 49,5%
----------------------
03:12,071

Intellect
	 Rating: 154841
	 Multiplicative Factor: 12,48%
Stamina
	 Rating: 822296
	 Multiplicative Factor: 11,3%
Crit
	 Rating: 11403
	 Multiplicative Factor: 0%
	 DR Bracket: 0
	 Base: 9%
	 Effective Percent: 25,29%
	 Crit Inc Heal: 2
	 Crit Inc Damage: 2
Haste
	 Rating: 21957
	 Multiplicative Factor: 0%
	 DR Bracket: 1
	 Base: 11%
	 Effective Percent: 47,56%
Vers
	 Rating: 16208
	 Multiplicative Factor: 0%
	 DR Bracket: 0
	 Base: 3%
	 Effective Percent: 23,78%
Leech
	 Rating: 3060
	 Multiplicative Factor: 0%
	 DR Bracket: 0
	 Base: 0%
	 Effective Percent: 3%
Avoidance
	 Rating: 0
	 Multiplicative Factor: 0%
	 DR Bracket: 0
	 Base: 0%
	 Effective Percent: 0%
Mastery
	 Rating: 13298
	 Multiplicative Factor: 0%
	 DR Bracket: 0
	 Base: 21%
	 Effective Percent: 49,5%
----------------------
03:14,176

Intellect
	 Rating: 154841
	 Multiplicative Factor: 12,48%
Stamina
	 Rating: 822296
	 Multiplicative Factor: 11,3%
Crit
	 Rating: 11403
	 Multiplicative Factor: 0%
	 DR Bracket: 0
	 Base: 9%
	 Effective Percent: 25,29%
	 Crit Inc Heal: 2
	 Crit Inc Damage: 2
Haste
	 Rating: 21957
	 Multiplicative Factor: 0%
	 DR Bracket: 1
	 Base: 13%
	 Effective Percent: 50,22%
Vers
	 Rating: 16208
	 Multiplicative Factor: 0%
	 DR Bracket: 0
	 Base: 3%
	 Effective Percent: 23,78%
Leech
	 Rating: 3060
	 Multiplicative Factor: 0%
	 DR Bracket: 0
	 Base: 0%
	 Effective Percent: 3%
Avoidance
	 Rating: 0
	 Multiplicative Factor: 0%
	 DR Bracket: 0
	 Base: 0%
	 Effective Percent: 0%
Mastery
	 Rating: 13298
	 Multiplicative Factor: 0%
	 DR Bracket: 0
	 Base: 21%
	 Effective Percent: 49,5%
----------------------
03:15,199

Intellect
	 Rating: 154841
	 Multiplicative Factor: 12,48%
Stamina
	 Rating: 822296
	 Multiplicative Factor: 11,3%
Crit
	 Rating: 11403
	 Multiplicative Factor: 0%
	 DR Bracket: 0
	 Base: 9%
	 Effective Percent: 25,29%
	 Crit Inc Heal: 2
	 Crit Inc Damage: 2
Haste
	 Rating: 21957
	 Multiplicative Factor: 0%
	 DR Bracket: 1
	 Base: 15%
	 Effective Percent: 52,88%
Vers
	 Rating: 16208
	 Multiplicative Factor: 0%
	 DR Bracket: 0
	 Base: 3%
	 Effective Percent: 23,78%
Leech
	 Rating: 3060
	 Multiplicative Factor: 0%
	 DR Bracket: 0
	 Base: 0%
	 Effective Percent: 3%
Avoidance
	 Rating: 0
	 Multiplicative Factor: 0%
	 DR Bracket: 0
	 Base: 0%
	 Effective Percent: 0%
Mastery
	 Rating: 13298
	 Multiplicative Factor: 0%
	 DR Bracket: 0
	 Base: 21%
	 Effective Percent: 49,5%
----------------------
03:20,731

Intellect
	 Rating: 154841
	 Multiplicative Factor: 12,48%
Stamina
	 Rating: 822296
	 Multiplicative Factor: 11,3%
Crit
	 Rating: 11403
	 Multiplicative Factor: 0%
	 DR Bracket: 0
	 Base: 9%
	 Effective Percent: 25,29%
	 Crit Inc Heal: 2
	 Crit Inc Damage: 2
Haste
	 Rating: 21957
	 Multiplicative Factor: 0%
	 DR Bracket: 1
	 Base: 13%
	 Effective Percent: 50,22%
Vers
	 Rating: 16208
	 Multiplicative Factor: 0%
	 DR Bracket: 0
	 Base: 3%
	 Effective Percent: 23,78%
Leech
	 Rating: 3060
	 Multiplicative Factor: 0%
	 DR Bracket: 0
	 Base: 0%
	 Effective Percent: 3%
Avoidance
	 Rating: 0
	 Multiplicative Factor: 0%
	 DR Bracket: 0
	 Base: 0%
	 Effective Percent: 0%
Mastery
	 Rating: 13298
	 Multiplicative Factor: 0%
	 DR Bracket: 0
	 Base: 21%
	 Effective Percent: 49,5%
----------------------
03:21,803

Intellect
	 Rating: 154841
	 Multiplicative Factor: 12,48%
Stamina
	 Rating: 822296
	 Multiplicative Factor: 11,3%
Crit
	 Rating: 11403
	 Multiplicative Factor: 0%
	 DR Bracket: 0
	 Base: 9%
	 Effective Percent: 25,29%
	 Crit Inc Heal: 2
	 Crit Inc Damage: 2
Haste
	 Rating: 21957
	 Multiplicative Factor: 0%
	 DR Bracket: 1
	 Base: 11%
	 Effective Percent: 47,56%
Vers
	 Rating: 16208
	 Multiplicative Factor: 0%
	 DR Bracket: 0
	 Base: 3%
	 Effective Percent: 23,78%
Leech
	 Rating: 3060
	 Multiplicative Factor: 0%
	 DR Bracket: 0
	 Base: 0%
	 Effective Percent: 3%
Avoidance
	 Rating: 0
	 Multiplicative Factor: 0%
	 DR Bracket: 0
	 Base: 0%
	 Effective Percent: 0%
Mastery
	 Rating: 13298
	 Multiplicative Factor: 0%
	 DR Bracket: 0
	 Base: 21%
	 Effective Percent: 49,5%
----------------------
03:24,054

Intellect
	 Rating: 154841
	 Multiplicative Factor: 12,48%
Stamina
	 Rating: 822296
	 Multiplicative Factor: 11,3%
Crit
	 Rating: 11403
	 Multiplicative Factor: 0%
	 DR Bracket: 0
	 Base: 9%
	 Effective Percent: 25,29%
	 Crit Inc Heal: 2
	 Crit Inc Damage: 2
Haste
	 Rating: 21957
	 Multiplicative Factor: 0%
	 DR Bracket: 1
	 Base: 9%
	 Effective Percent: 44,91%
Vers
	 Rating: 16208
	 Multiplicative Factor: 0%
	 DR Bracket: 0
	 Base: 3%
	 Effective Percent: 23,78%
Leech
	 Rating: 3060
	 Multiplicative Factor: 0%
	 DR Bracket: 0
	 Base: 0%
	 Effective Percent: 3%
Avoidance
	 Rating: 0
	 Multiplicative Factor: 0%
	 DR Bracket: 0
	 Base: 0%
	 Effective Percent: 0%
Mastery
	 Rating: 13298
	 Multiplicative Factor: 0%
	 DR Bracket: 0
	 Base: 21%
	 Effective Percent: 49,5%
----------------------
03:25,755

Intellect
	 Rating: 154841
	 Multiplicative Factor: 12,48%
Stamina
	 Rating: 822296
	 Multiplicative Factor: 11,3%
Crit
	 Rating: 11403
	 Multiplicative Factor: 0%
	 DR Bracket: 0
	 Base: 9%
	 Effective Percent: 25,29%
	 Crit Inc Heal: 2
	 Crit Inc Damage: 2
Haste
	 Rating: 21957
	 Multiplicative Factor: 0%
	 DR Bracket: 1
	 Base: 11%
	 Effective Percent: 47,56%
Vers
	 Rating: 16208
	 Multiplicative Factor: 0%
	 DR Bracket: 0
	 Base: 3%
	 Effective Percent: 23,78%
Leech
	 Rating: 3060
	 Multiplicative Factor: 0%
	 DR Bracket: 0
	 Base: 0%
	 Effective Percent: 3%
Avoidance
	 Rating: 0
	 Multiplicative Factor: 0%
	 DR Bracket: 0
	 Base: 0%
	 Effective Percent: 0%
Mastery
	 Rating: 13298
	 Multiplicative Factor: 0%
	 DR Bracket: 0
	 Base: 21%
	 Effective Percent: 49,5%
----------------------
03:26,160

Intellect
	 Rating: 154841
	 Multiplicative Factor: 12,48%
Stamina
	 Rating: 822296
	 Multiplicative Factor: 11,3%
Crit
	 Rating: 11403
	 Multiplicative Factor: 0%
	 DR Bracket: 0
	 Base: 9%
	 Effective Percent: 25,29%
	 Crit Inc Heal: 2
	 Crit Inc Damage: 2
Haste
	 Rating: 21957
	 Multiplicative Factor: 0%
	 DR Bracket: 1
	 Base: 9%
	 Effective Percent: 44,91%
Vers
	 Rating: 16208
	 Multiplicative Factor: 0%
	 DR Bracket: 0
	 Base: 3%
	 Effective Percent: 23,78%
Leech
	 Rating: 3060
	 Multiplicative Factor: 0%
	 DR Bracket: 0
	 Base: 0%
	 Effective Percent: 3%
Avoidance
	 Rating: 0
	 Multiplicative Factor: 0%
	 DR Bracket: 0
	 Base: 0%
	 Effective Percent: 0%
Mastery
	 Rating: 13298
	 Multiplicative Factor: 0%
	 DR Bracket: 0
	 Base: 21%
	 Effective Percent: 49,5%
----------------------
03:27,168

Intellect
	 Rating: 154841
	 Multiplicative Factor: 12,48%
Stamina
	 Rating: 822296
	 Multiplicative Factor: 11,3%
Crit
	 Rating: 11403
	 Multiplicative Factor: 0%
	 DR Bracket: 0
	 Base: 9%
	 Effective Percent: 25,29%
	 Crit Inc Heal: 2
	 Crit Inc Damage: 2
Haste
	 Rating: 21957
	 Multiplicative Factor: 0%
	 DR Bracket: 1
	 Base: 7%
	 Effective Percent: 42,25%
Vers
	 Rating: 16208
	 Multiplicative Factor: 0%
	 DR Bracket: 0
	 Base: 3%
	 Effective Percent: 23,78%
Leech
	 Rating: 3060
	 Multiplicative Factor: 0%
	 DR Bracket: 0
	 Base: 0%
	 Effective Percent: 3%
Avoidance
	 Rating: 0
	 Multiplicative Factor: 0%
	 DR Bracket: 0
	 Base: 0%
	 Effective Percent: 0%
Mastery
	 Rating: 13298
	 Multiplicative Factor: 0%
	 DR Bracket: 0
	 Base: 21%
	 Effective Percent: 49,5%
----------------------
03:37,772

Intellect
	 Rating: 154841
	 Multiplicative Factor: 12,48%
Stamina
	 Rating: 822296
	 Multiplicative Factor: 11,3%
Crit
	 Rating: 11403
	 Multiplicative Factor: 0%
	 DR Bracket: 0
	 Base: 9%
	 Effective Percent: 25,29%
	 Crit Inc Heal: 2
	 Crit Inc Damage: 2
Haste
	 Rating: 21957
	 Multiplicative Factor: 0%
	 DR Bracket: 1
	 Base: 5%
	 Effective Percent: 39,59%
Vers
	 Rating: 16208
	 Multiplicative Factor: 0%
	 DR Bracket: 0
	 Base: 3%
	 Effective Percent: 23,78%
Leech
	 Rating: 3060
	 Multiplicative Factor: 0%
	 DR Bracket: 0
	 Base: 0%
	 Effective Percent: 3%
Avoidance
	 Rating: 0
	 Multiplicative Factor: 0%
	 DR Bracket: 0
	 Base: 0%
	 Effective Percent: 0%
Mastery
	 Rating: 13298
	 Multiplicative Factor: 0%
	 DR Bracket: 0
	 Base: 21%
	 Effective Percent: 49,5%
----------------------
03:38,865

Intellect
	 Rating: 154841
	 Multiplicative Factor: 12,48%
Stamina
	 Rating: 822296
	 Multiplicative Factor: 11,3%
Crit
	 Rating: 11403
	 Multiplicative Factor: 0%
	 DR Bracket: 0
	 Base: 9%
	 Effective Percent: 25,29%
	 Crit Inc Heal: 2
	 Crit Inc Damage: 2
Haste
	 Rating: 21957
	 Multiplicative Factor: 0%
	 DR Bracket: 1
	 Base: 7%
	 Effective Percent: 42,25%
Vers
	 Rating: 16208
	 Multiplicative Factor: 0%
	 DR Bracket: 0
	 Base: 3%
	 Effective Percent: 23,78%
Leech
	 Rating: 3060
	 Multiplicative Factor: 0%
	 DR Bracket: 0
	 Base: 0%
	 Effective Percent: 3%
Avoidance
	 Rating: 0
	 Multiplicative Factor: 0%
	 DR Bracket: 0
	 Base: 0%
	 Effective Percent: 0%
Mastery
	 Rating: 13298
	 Multiplicative Factor: 0%
	 DR Bracket: 0
	 Base: 21%
	 Effective Percent: 49,5%
----------------------
03:39,928

Intellect
	 Rating: 154841
	 Multiplicative Factor: 12,48%
Stamina
	 Rating: 822296
	 Multiplicative Factor: 11,3%
Crit
	 Rating: 11403
	 Multiplicative Factor: 0%
	 DR Bracket: 0
	 Base: 9%
	 Effective Percent: 25,29%
	 Crit Inc Heal: 2
	 Crit Inc Damage: 2
Haste
	 Rating: 21957
	 Multiplicative Factor: 0%
	 DR Bracket: 1
	 Base: 9%
	 Effective Percent: 44,91%
Vers
	 Rating: 16208
	 Multiplicative Factor: 0%
	 DR Bracket: 0
	 Base: 3%
	 Effective Percent: 23,78%
Leech
	 Rating: 3060
	 Multiplicative Factor: 0%
	 DR Bracket: 0
	 Base: 0%
	 Effective Percent: 3%
Avoidance
	 Rating: 0
	 Multiplicative Factor: 0%
	 DR Bracket: 0
	 Base: 0%
	 Effective Percent: 0%
Mastery
	 Rating: 13298
	 Multiplicative Factor: 0%
	 DR Bracket: 0
	 Base: 21%
	 Effective Percent: 49,5%
----------------------
03:46,199

Intellect
	 Rating: 154841
	 Multiplicative Factor: 12,48%
Stamina
	 Rating: 822296
	 Multiplicative Factor: 11,3%
Crit
	 Rating: 11403
	 Multiplicative Factor: 0%
	 DR Bracket: 0
	 Base: 9%
	 Effective Percent: 25,29%
	 Crit Inc Heal: 2
	 Crit Inc Damage: 2
Haste
	 Rating: 21957
	 Multiplicative Factor: 0%
	 DR Bracket: 1
	 Base: 11%
	 Effective Percent: 47,56%
Vers
	 Rating: 16208
	 Multiplicative Factor: 0%
	 DR Bracket: 0
	 Base: 3%
	 Effective Percent: 23,78%
Leech
	 Rating: 3060
	 Multiplicative Factor: 0%
	 DR Bracket: 0
	 Base: 0%
	 Effective Percent: 3%
Avoidance
	 Rating: 0
	 Multiplicative Factor: 0%
	 DR Bracket: 0
	 Base: 0%
	 Effective Percent: 0%
Mastery
	 Rating: 13298
	 Multiplicative Factor: 0%
	 DR Bracket: 0
	 Base: 21%
	 Effective Percent: 49,5%
----------------------
03:50,867

Intellect
	 Rating: 154841
	 Multiplicative Factor: 12,48%
Stamina
	 Rating: 822296
	 Multiplicative Factor: 11,3%
Crit
	 Rating: 11403
	 Multiplicative Factor: 0%
	 DR Bracket: 0
	 Base: 9%
	 Effective Percent: 25,29%
	 Crit Inc Heal: 2
	 Crit Inc Damage: 2
Haste
	 Rating: 21957
	 Multiplicative Factor: 0%
	 DR Bracket: 1
	 Base: 9%
	 Effective Percent: 44,91%
Vers
	 Rating: 16208
	 Multiplicative Factor: 0%
	 DR Bracket: 0
	 Base: 3%
	 Effective Percent: 23,78%
Leech
	 Rating: 3060
	 Multiplicative Factor: 0%
	 DR Bracket: 0
	 Base: 0%
	 Effective Percent: 3%
Avoidance
	 Rating: 0
	 Multiplicative Factor: 0%
	 DR Bracket: 0
	 Base: 0%
	 Effective Percent: 0%
Mastery
	 Rating: 13298
	 Multiplicative Factor: 0%
	 DR Bracket: 0
	 Base: 21%
	 Effective Percent: 49,5%
----------------------
03:51,931

Intellect
	 Rating: 154841
	 Multiplicative Factor: 12,48%
Stamina
	 Rating: 822296
	 Multiplicative Factor: 11,3%
Crit
	 Rating: 11403
	 Multiplicative Factor: 0%
	 DR Bracket: 0
	 Base: 9%
	 Effective Percent: 25,29%
	 Crit Inc Heal: 2
	 Crit Inc Damage: 2
Haste
	 Rating: 21957
	 Multiplicative Factor: 0%
	 DR Bracket: 1
	 Base: 7%
	 Effective Percent: 42,25%
Vers
	 Rating: 16208
	 Multiplicative Factor: 0%
	 DR Bracket: 0
	 Base: 3%
	 Effective Percent: 23,78%
Leech
	 Rating: 3060
	 Multiplicative Factor: 0%
	 DR Bracket: 0
	 Base: 0%
	 Effective Percent: 3%
Avoidance
	 Rating: 0
	 Multiplicative Factor: 0%
	 DR Bracket: 0
	 Base: 0%
	 Effective Percent: 0%
Mastery
	 Rating: 13298
	 Multiplicative Factor: 0%
	 DR Bracket: 0
	 Base: 21%
	 Effective Percent: 49,5%
----------------------
03:58,184

Intellect
	 Rating: 154841
	 Multiplicative Factor: 12,48%
Stamina
	 Rating: 822296
	 Multiplicative Factor: 11,3%
Crit
	 Rating: 11403
	 Multiplicative Factor: 0%
	 DR Bracket: 0
	 Base: 9%
	 Effective Percent: 25,29%
	 Crit Inc Heal: 2
	 Crit Inc Damage: 2
Haste
	 Rating: 21957
	 Multiplicative Factor: 0%
	 DR Bracket: 1
	 Base: 5%
	 Effective Percent: 39,59%
Vers
	 Rating: 16208
	 Multiplicative Factor: 0%
	 DR Bracket: 0
	 Base: 3%
	 Effective Percent: 23,78%
Leech
	 Rating: 3060
	 Multiplicative Factor: 0%
	 DR Bracket: 0
	 Base: 0%
	 Effective Percent: 3%
Avoidance
	 Rating: 0
	 Multiplicative Factor: 0%
	 DR Bracket: 0
	 Base: 0%
	 Effective Percent: 0%
Mastery
	 Rating: 13298
	 Multiplicative Factor: 0%
	 DR Bracket: 0
	 Base: 21%
	 Effective Percent: 49,5%
----------------------
03:59,401

Intellect
	 Rating: 154841
	 Multiplicative Factor: 12,48%
Stamina
	 Rating: 822296
	 Multiplicative Factor: 11,3%
Crit
	 Rating: 11403
	 Multiplicative Factor: 0%
	 DR Bracket: 0
	 Base: 9%
	 Effective Percent: 25,29%
	 Crit Inc Heal: 2
	 Crit Inc Damage: 2
Haste
	 Rating: 21957
	 Multiplicative Factor: 0%
	 DR Bracket: 1
	 Base: 7%
	 Effective Percent: 42,25%
Vers
	 Rating: 16208
	 Multiplicative Factor: 0%
	 DR Bracket: 0
	 Base: 3%
	 Effective Percent: 23,78%
Leech
	 Rating: 3060
	 Multiplicative Factor: 0%
	 DR Bracket: 0
	 Base: 0%
	 Effective Percent: 3%
Avoidance
	 Rating: 0
	 Multiplicative Factor: 0%
	 DR Bracket: 0
	 Base: 0%
	 Effective Percent: 0%
Mastery
	 Rating: 13298
	 Multiplicative Factor: 0%
	 DR Bracket: 0
	 Base: 21%
	 Effective Percent: 49,5%
----------------------
04:11,383

Intellect
	 Rating: 154841
	 Multiplicative Factor: 12,48%
Stamina
	 Rating: 822296
	 Multiplicative Factor: 11,3%
Crit
	 Rating: 11403
	 Multiplicative Factor: 0%
	 DR Bracket: 0
	 Base: 9%
	 Effective Percent: 25,29%
	 Crit Inc Heal: 2
	 Crit Inc Damage: 2
Haste
	 Rating: 21957
	 Multiplicative Factor: 0%
	 DR Bracket: 1
	 Base: 5%
	 Effective Percent: 39,59%
Vers
	 Rating: 16208
	 Multiplicative Factor: 0%
	 DR Bracket: 0
	 Base: 3%
	 Effective Percent: 23,78%
Leech
	 Rating: 3060
	 Multiplicative Factor: 0%
	 DR Bracket: 0
	 Base: 0%
	 Effective Percent: 3%
Avoidance
	 Rating: 0
	 Multiplicative Factor: 0%
	 DR Bracket: 0
	 Base: 0%
	 Effective Percent: 0%
Mastery
	 Rating: 13298
	 Multiplicative Factor: 0%
	 DR Bracket: 0
	 Base: 21%
	 Effective Percent: 49,5%
----------------------
04:11,978

Intellect
	 Rating: 154841
	 Multiplicative Factor: 12,48%
Stamina
	 Rating: 822296
	 Multiplicative Factor: 11,3%
Crit
	 Rating: 11403
	 Multiplicative Factor: 0%
	 DR Bracket: 0
	 Base: 9%
	 Effective Percent: 25,29%
	 Crit Inc Heal: 2
	 Crit Inc Damage: 2
Haste
	 Rating: 21957
	 Multiplicative Factor: 0%
	 DR Bracket: 1
	 Base: 7%
	 Effective Percent: 42,25%
Vers
	 Rating: 16208
	 Multiplicative Factor: 0%
	 DR Bracket: 0
	 Base: 3%
	 Effective Percent: 23,78%
Leech
	 Rating: 3060
	 Multiplicative Factor: 0%
	 DR Bracket: 0
	 Base: 0%
	 Effective Percent: 3%
Avoidance
	 Rating: 0
	 Multiplicative Factor: 0%
	 DR Bracket: 0
	 Base: 0%
	 Effective Percent: 0%
Mastery
	 Rating: 13298
	 Multiplicative Factor: 0%
	 DR Bracket: 0
	 Base: 21%
	 Effective Percent: 49,5%
----------------------
04:17,123

Intellect
	 Rating: 154841
	 Multiplicative Factor: 12,48%
Stamina
	 Rating: 822296
	 Multiplicative Factor: 11,3%
Crit
	 Rating: 11403
	 Multiplicative Factor: 0%
	 DR Bracket: 0
	 Base: 9%
	 Effective Percent: 25,29%
	 Crit Inc Heal: 2
	 Crit Inc Damage: 2
Haste
	 Rating: 21957
	 Multiplicative Factor: 0%
	 DR Bracket: 1
	 Base: 9%
	 Effective Percent: 44,91%
Vers
	 Rating: 16208
	 Multiplicative Factor: 0%
	 DR Bracket: 0
	 Base: 3%
	 Effective Percent: 23,78%
Leech
	 Rating: 3060
	 Multiplicative Factor: 0%
	 DR Bracket: 0
	 Base: 0%
	 Effective Percent: 3%
Avoidance
	 Rating: 0
	 Multiplicative Factor: 0%
	 DR Bracket: 0
	 Base: 0%
	 Effective Percent: 0%
Mastery
	 Rating: 13298
	 Multiplicative Factor: 0%
	 DR Bracket: 0
	 Base: 21%
	 Effective Percent: 49,5%
----------------------
04:21,863

Intellect
	 Rating: 154841
	 Multiplicative Factor: 12,48%
Stamina
	 Rating: 822296
	 Multiplicative Factor: 11,3%
Crit
	 Rating: 11403
	 Multiplicative Factor: 0%
	 DR Bracket: 0
	 Base: 9%
	 Effective Percent: 25,29%
	 Crit Inc Heal: 2
	 Crit Inc Damage: 2
Haste
	 Rating: 21957
	 Multiplicative Factor: 0%
	 DR Bracket: 1
	 Base: 39%
	 Effective Percent: 84,79%
Vers
	 Rating: 16208
	 Multiplicative Factor: 0%
	 DR Bracket: 0
	 Base: 3%
	 Effective Percent: 23,78%
Leech
	 Rating: 3060
	 Multiplicative Factor: 0%
	 DR Bracket: 0
	 Base: 0%
	 Effective Percent: 3%
Avoidance
	 Rating: 0
	 Multiplicative Factor: 0%
	 DR Bracket: 0
	 Base: 0%
	 Effective Percent: 0%
Mastery
	 Rating: 13298
	 Multiplicative Factor: 0%
	 DR Bracket: 0
	 Base: 21%
	 Effective Percent: 49,5%
----------------------
04:22,180

Intellect
	 Rating: 150331
	 Multiplicative Factor: 9,2%
Stamina
	 Rating: 822296
	 Multiplicative Factor: 11,3%
Crit
	 Rating: 11403
	 Multiplicative Factor: 0%
	 DR Bracket: 0
	 Base: 9%
	 Effective Percent: 25,29%
	 Crit Inc Heal: 2
	 Crit Inc Damage: 2
Haste
	 Rating: 21957
	 Multiplicative Factor: 0%
	 DR Bracket: 1
	 Base: 39%
	 Effective Percent: 84,79%
Vers
	 Rating: 16208
	 Multiplicative Factor: 0%
	 DR Bracket: 0
	 Base: 3%
	 Effective Percent: 23,78%
Leech
	 Rating: 3060
	 Multiplicative Factor: 0%
	 DR Bracket: 0
	 Base: 0%
	 Effective Percent: 3%
Avoidance
	 Rating: 0
	 Multiplicative Factor: 0%
	 DR Bracket: 0
	 Base: 0%
	 Effective Percent: 0%
Mastery
	 Rating: 13298
	 Multiplicative Factor: 0%
	 DR Bracket: 0
	 Base: 21%
	 Effective Percent: 49,5%
----------------------
04:22,180

Intellect
	 Rating: 154841
	 Multiplicative Factor: 12,48%
Stamina
	 Rating: 822296
	 Multiplicative Factor: 11,3%
Crit
	 Rating: 11403
	 Multiplicative Factor: 0%
	 DR Bracket: 0
	 Base: 9%
	 Effective Percent: 25,29%
	 Crit Inc Heal: 2
	 Crit Inc Damage: 2
Haste
	 Rating: 21957
	 Multiplicative Factor: 0%
	 DR Bracket: 1
	 Base: 39%
	 Effective Percent: 84,79%
Vers
	 Rating: 16208
	 Multiplicative Factor: 0%
	 DR Bracket: 0
	 Base: 3%
	 Effective Percent: 23,78%
Leech
	 Rating: 3060
	 Multiplicative Factor: 0%
	 DR Bracket: 0
	 Base: 0%
	 Effective Percent: 3%
Avoidance
	 Rating: 0
	 Multiplicative Factor: 0%
	 DR Bracket: 0
	 Base: 0%
	 Effective Percent: 0%
Mastery
	 Rating: 13298
	 Multiplicative Factor: 0%
	 DR Bracket: 0
	 Base: 21%
	 Effective Percent: 49,5%
----------------------
04:22,922

Intellect
	 Rating: 154841
	 Multiplicative Factor: 12,48%
Stamina
	 Rating: 822296
	 Multiplicative Factor: 11,3%
Crit
	 Rating: 11403
	 Multiplicative Factor: 0%
	 DR Bracket: 0
	 Base: 9%
	 Effective Percent: 25,29%
	 Crit Inc Heal: 2
	 Crit Inc Damage: 2
Haste
	 Rating: 21957
	 Multiplicative Factor: 0%
	 DR Bracket: 1
	 Base: 39%
	 Effective Percent: 84,79%
Vers
	 Rating: 16208
	 Multiplicative Factor: 0%
	 DR Bracket: 0
	 Base: 3%
	 Effective Percent: 23,78%
Leech
	 Rating: 3060
	 Multiplicative Factor: 0%
	 DR Bracket: 0
	 Base: 0%
	 Effective Percent: 3%
Avoidance
	 Rating: 0
	 Multiplicative Factor: 0%
	 DR Bracket: 0
	 Base: 0%
	 Effective Percent: 0%
Mastery
	 Rating: 13298
	 Multiplicative Factor: 0%
	 DR Bracket: 0
	 Base: 18%
	 Effective Percent: 46,5%
----------------------
04:22,922

Intellect
	 Rating: 154841
	 Multiplicative Factor: 12,48%
Stamina
	 Rating: 822296
	 Multiplicative Factor: 11,3%
Crit
	 Rating: 11403
	 Multiplicative Factor: 0%
	 DR Bracket: 0
	 Base: 9%
	 Effective Percent: 25,29%
	 Crit Inc Heal: 2
	 Crit Inc Damage: 2
Haste
	 Rating: 21957
	 Multiplicative Factor: 0%
	 DR Bracket: 1
	 Base: 39%
	 Effective Percent: 84,79%
Vers
	 Rating: 16208
	 Multiplicative Factor: 0%
	 DR Bracket: 0
	 Base: 3%
	 Effective Percent: 23,78%
Leech
	 Rating: 3060
	 Multiplicative Factor: 0%
	 DR Bracket: 0
	 Base: 0%
	 Effective Percent: 3%
Avoidance
	 Rating: 0
	 Multiplicative Factor: 0%
	 DR Bracket: 0
	 Base: 0%
	 Effective Percent: 0%
Mastery
	 Rating: 13298
	 Multiplicative Factor: 0%
	 DR Bracket: 0
	 Base: 21%
	 Effective Percent: 49,5%
----------------------
04:23,999

Intellect
	 Rating: 154841
	 Multiplicative Factor: 12,48%
Stamina
	 Rating: 822296
	 Multiplicative Factor: 11,3%
Crit
	 Rating: 11403
	 Multiplicative Factor: 0%
	 DR Bracket: 0
	 Base: 9%
	 Effective Percent: 25,29%
	 Crit Inc Heal: 2
	 Crit Inc Damage: 2
Haste
	 Rating: 21957
	 Multiplicative Factor: 0%
	 DR Bracket: 1
	 Base: 37%
	 Effective Percent: 82,13%
Vers
	 Rating: 16208
	 Multiplicative Factor: 0%
	 DR Bracket: 0
	 Base: 3%
	 Effective Percent: 23,78%
Leech
	 Rating: 3060
	 Multiplicative Factor: 0%
	 DR Bracket: 0
	 Base: 0%
	 Effective Percent: 3%
Avoidance
	 Rating: 0
	 Multiplicative Factor: 0%
	 DR Bracket: 0
	 Base: 0%
	 Effective Percent: 0%
Mastery
	 Rating: 13298
	 Multiplicative Factor: 0%
	 DR Bracket: 0
	 Base: 21%
	 Effective Percent: 49,5%
----------------------
04:29,157

Intellect
	 Rating: 154841
	 Multiplicative Factor: 12,48%
Stamina
	 Rating: 822296
	 Multiplicative Factor: 11,3%
Crit
	 Rating: 11403
	 Multiplicative Factor: 0%
	 DR Bracket: 0
	 Base: 9%
	 Effective Percent: 25,29%
	 Crit Inc Heal: 2
	 Crit Inc Damage: 2
Haste
	 Rating: 21957
	 Multiplicative Factor: 0%
	 DR Bracket: 1
	 Base: 35%
	 Effective Percent: 79,47%
Vers
	 Rating: 16208
	 Multiplicative Factor: 0%
	 DR Bracket: 0
	 Base: 3%
	 Effective Percent: 23,78%
Leech
	 Rating: 3060
	 Multiplicative Factor: 0%
	 DR Bracket: 0
	 Base: 0%
	 Effective Percent: 3%
Avoidance
	 Rating: 0
	 Multiplicative Factor: 0%
	 DR Bracket: 0
	 Base: 0%
	 Effective Percent: 0%
Mastery
	 Rating: 13298
	 Multiplicative Factor: 0%
	 DR Bracket: 0
	 Base: 21%
	 Effective Percent: 49,5%
----------------------
04:38,412

Intellect
	 Rating: 154841
	 Multiplicative Factor: 12,48%
Stamina
	 Rating: 822296
	 Multiplicative Factor: 11,3%
Crit
	 Rating: 11403
	 Multiplicative Factor: 0%
	 DR Bracket: 0
	 Base: 9%
	 Effective Percent: 25,29%
	 Crit Inc Heal: 2
	 Crit Inc Damage: 2
Haste
	 Rating: 21957
	 Multiplicative Factor: 0%
	 DR Bracket: 1
	 Base: 37%
	 Effective Percent: 82,13%
Vers
	 Rating: 16208
	 Multiplicative Factor: 0%
	 DR Bracket: 0
	 Base: 3%
	 Effective Percent: 23,78%
Leech
	 Rating: 3060
	 Multiplicative Factor: 0%
	 DR Bracket: 0
	 Base: 0%
	 Effective Percent: 3%
Avoidance
	 Rating: 0
	 Multiplicative Factor: 0%
	 DR Bracket: 0
	 Base: 0%
	 Effective Percent: 0%
Mastery
	 Rating: 13298
	 Multiplicative Factor: 0%
	 DR Bracket: 0
	 Base: 21%
	 Effective Percent: 49,5%
----------------------
04:38,412

Intellect
	 Rating: 154841
	 Multiplicative Factor: 12,48%
Stamina
	 Rating: 822296
	 Multiplicative Factor: 11,3%
Crit
	 Rating: 11403
	 Multiplicative Factor: 0%
	 DR Bracket: 0
	 Base: 9%
	 Effective Percent: 25,29%
	 Crit Inc Heal: 2
	 Crit Inc Damage: 2
Haste
	 Rating: 21957
	 Multiplicative Factor: 0%
	 DR Bracket: 1
	 Base: 39%
	 Effective Percent: 84,79%
Vers
	 Rating: 16208
	 Multiplicative Factor: 0%
	 DR Bracket: 0
	 Base: 3%
	 Effective Percent: 23,78%
Leech
	 Rating: 3060
	 Multiplicative Factor: 0%
	 DR Bracket: 0
	 Base: 0%
	 Effective Percent: 3%
Avoidance
	 Rating: 0
	 Multiplicative Factor: 0%
	 DR Bracket: 0
	 Base: 0%
	 Effective Percent: 0%
Mastery
	 Rating: 13298
	 Multiplicative Factor: 0%
	 DR Bracket: 0
	 Base: 21%
	 Effective Percent: 49,5%
----------------------
04:38,412

Intellect
	 Rating: 154841
	 Multiplicative Factor: 12,48%
Stamina
	 Rating: 822296
	 Multiplicative Factor: 11,3%
Crit
	 Rating: 11403
	 Multiplicative Factor: 0%
	 DR Bracket: 0
	 Base: 9%
	 Effective Percent: 25,29%
	 Crit Inc Heal: 2
	 Crit Inc Damage: 2
Haste
	 Rating: 21957
	 Multiplicative Factor: 0%
	 DR Bracket: 1
	 Base: 41%
	 Effective Percent: 87,45%
Vers
	 Rating: 16208
	 Multiplicative Factor: 0%
	 DR Bracket: 0
	 Base: 3%
	 Effective Percent: 23,78%
Leech
	 Rating: 3060
	 Multiplicative Factor: 0%
	 DR Bracket: 0
	 Base: 0%
	 Effective Percent: 3%
Avoidance
	 Rating: 0
	 Multiplicative Factor: 0%
	 DR Bracket: 0
	 Base: 0%
	 Effective Percent: 0%
Mastery
	 Rating: 13298
	 Multiplicative Factor: 0%
	 DR Bracket: 0
	 Base: 21%
	 Effective Percent: 49,5%
----------------------
04:38,412

Intellect
	 Rating: 154841
	 Multiplicative Factor: 12,48%
Stamina
	 Rating: 822296
	 Multiplicative Factor: 11,3%
Crit
	 Rating: 11403
	 Multiplicative Factor: 0%
	 DR Bracket: 0
	 Base: 9%
	 Effective Percent: 25,29%
	 Crit Inc Heal: 2
	 Crit Inc Damage: 2
Haste
	 Rating: 21957
	 Multiplicative Factor: 0%
	 DR Bracket: 1
	 Base: 43%
	 Effective Percent: 90,11%
Vers
	 Rating: 16208
	 Multiplicative Factor: 0%
	 DR Bracket: 0
	 Base: 3%
	 Effective Percent: 23,78%
Leech
	 Rating: 3060
	 Multiplicative Factor: 0%
	 DR Bracket: 0
	 Base: 0%
	 Effective Percent: 3%
Avoidance
	 Rating: 0
	 Multiplicative Factor: 0%
	 DR Bracket: 0
	 Base: 0%
	 Effective Percent: 0%
Mastery
	 Rating: 13298
	 Multiplicative Factor: 0%
	 DR Bracket: 0
	 Base: 21%
	 Effective Percent: 49,5%
----------------------
04:40,663

Intellect
	 Rating: 154841
	 Multiplicative Factor: 12,48%
Stamina
	 Rating: 822296
	 Multiplicative Factor: 11,3%
Crit
	 Rating: 11403
	 Multiplicative Factor: 0%
	 DR Bracket: 0
	 Base: 9%
	 Effective Percent: 25,29%
	 Crit Inc Heal: 2
	 Crit Inc Damage: 2
Haste
	 Rating: 21957
	 Multiplicative Factor: 0%
	 DR Bracket: 1
	 Base: 45%
	 Effective Percent: 92,76%
Vers
	 Rating: 16208
	 Multiplicative Factor: 0%
	 DR Bracket: 0
	 Base: 3%
	 Effective Percent: 23,78%
Leech
	 Rating: 3060
	 Multiplicative Factor: 0%
	 DR Bracket: 0
	 Base: 0%
	 Effective Percent: 3%
Avoidance
	 Rating: 0
	 Multiplicative Factor: 0%
	 DR Bracket: 0
	 Base: 0%
	 Effective Percent: 0%
Mastery
	 Rating: 13298
	 Multiplicative Factor: 0%
	 DR Bracket: 0
	 Base: 21%
	 Effective Percent: 49,5%
----------------------
04:42,796

Intellect
	 Rating: 154841
	 Multiplicative Factor: 12,48%
Stamina
	 Rating: 822296
	 Multiplicative Factor: 11,3%
Crit
	 Rating: 11403
	 Multiplicative Factor: 0%
	 DR Bracket: 0
	 Base: 9%
	 Effective Percent: 25,29%
	 Crit Inc Heal: 2
	 Crit Inc Damage: 2
Haste
	 Rating: 21957
	 Multiplicative Factor: 0%
	 DR Bracket: 1
	 Base: 47%
	 Effective Percent: 95,42%
Vers
	 Rating: 16208
	 Multiplicative Factor: 0%
	 DR Bracket: 0
	 Base: 3%
	 Effective Percent: 23,78%
Leech
	 Rating: 3060
	 Multiplicative Factor: 0%
	 DR Bracket: 0
	 Base: 0%
	 Effective Percent: 3%
Avoidance
	 Rating: 0
	 Multiplicative Factor: 0%
	 DR Bracket: 0
	 Base: 0%
	 Effective Percent: 0%
Mastery
	 Rating: 13298
	 Multiplicative Factor: 0%
	 DR Bracket: 0
	 Base: 21%
	 Effective Percent: 49,5%
----------------------
04:50,416

Intellect
	 Rating: 154841
	 Multiplicative Factor: 12,48%
Stamina
	 Rating: 822296
	 Multiplicative Factor: 11,3%
Crit
	 Rating: 11403
	 Multiplicative Factor: 0%
	 DR Bracket: 0
	 Base: 9%
	 Effective Percent: 25,29%
	 Crit Inc Heal: 2
	 Crit Inc Damage: 2
Haste
	 Rating: 21957
	 Multiplicative Factor: 0%
	 DR Bracket: 1
	 Base: 45%
	 Effective Percent: 92,76%
Vers
	 Rating: 16208
	 Multiplicative Factor: 0%
	 DR Bracket: 0
	 Base: 3%
	 Effective Percent: 23,78%
Leech
	 Rating: 3060
	 Multiplicative Factor: 0%
	 DR Bracket: 0
	 Base: 0%
	 Effective Percent: 3%
Avoidance
	 Rating: 0
	 Multiplicative Factor: 0%
	 DR Bracket: 0
	 Base: 0%
	 Effective Percent: 0%
Mastery
	 Rating: 13298
	 Multiplicative Factor: 0%
	 DR Bracket: 0
	 Base: 21%
	 Effective Percent: 49,5%
----------------------
04:50,416

Intellect
	 Rating: 154841
	 Multiplicative Factor: 12,48%
Stamina
	 Rating: 822296
	 Multiplicative Factor: 11,3%
Crit
	 Rating: 11403
	 Multiplicative Factor: 0%
	 DR Bracket: 0
	 Base: 9%
	 Effective Percent: 25,29%
	 Crit Inc Heal: 2
	 Crit Inc Damage: 2
Haste
	 Rating: 21957
	 Multiplicative Factor: 0%
	 DR Bracket: 1
	 Base: 43%
	 Effective Percent: 90,11%
Vers
	 Rating: 16208
	 Multiplicative Factor: 0%
	 DR Bracket: 0
	 Base: 3%
	 Effective Percent: 23,78%
Leech
	 Rating: 3060
	 Multiplicative Factor: 0%
	 DR Bracket: 0
	 Base: 0%
	 Effective Percent: 3%
Avoidance
	 Rating: 0
	 Multiplicative Factor: 0%
	 DR Bracket: 0
	 Base: 0%
	 Effective Percent: 0%
Mastery
	 Rating: 13298
	 Multiplicative Factor: 0%
	 DR Bracket: 0
	 Base: 21%
	 Effective Percent: 49,5%
----------------------
04:50,416

Intellect
	 Rating: 154841
	 Multiplicative Factor: 12,48%
Stamina
	 Rating: 822296
	 Multiplicative Factor: 11,3%
Crit
	 Rating: 11403
	 Multiplicative Factor: 0%
	 DR Bracket: 0
	 Base: 9%
	 Effective Percent: 25,29%
	 Crit Inc Heal: 2
	 Crit Inc Damage: 2
Haste
	 Rating: 21957
	 Multiplicative Factor: 0%
	 DR Bracket: 1
	 Base: 41%
	 Effective Percent: 87,45%
Vers
	 Rating: 16208
	 Multiplicative Factor: 0%
	 DR Bracket: 0
	 Base: 3%
	 Effective Percent: 23,78%
Leech
	 Rating: 3060
	 Multiplicative Factor: 0%
	 DR Bracket: 0
	 Base: 0%
	 Effective Percent: 3%
Avoidance
	 Rating: 0
	 Multiplicative Factor: 0%
	 DR Bracket: 0
	 Base: 0%
	 Effective Percent: 0%
Mastery
	 Rating: 13298
	 Multiplicative Factor: 0%
	 DR Bracket: 0
	 Base: 21%
	 Effective Percent: 49,5%
----------------------
04:50,416

Intellect
	 Rating: 154841
	 Multiplicative Factor: 12,48%
Stamina
	 Rating: 822296
	 Multiplicative Factor: 11,3%
Crit
	 Rating: 11403
	 Multiplicative Factor: 0%
	 DR Bracket: 0
	 Base: 9%
	 Effective Percent: 25,29%
	 Crit Inc Heal: 2
	 Crit Inc Damage: 2
Haste
	 Rating: 21957
	 Multiplicative Factor: 0%
	 DR Bracket: 1
	 Base: 39%
	 Effective Percent: 84,79%
Vers
	 Rating: 16208
	 Multiplicative Factor: 0%
	 DR Bracket: 0
	 Base: 3%
	 Effective Percent: 23,78%
Leech
	 Rating: 3060
	 Multiplicative Factor: 0%
	 DR Bracket: 0
	 Base: 0%
	 Effective Percent: 3%
Avoidance
	 Rating: 0
	 Multiplicative Factor: 0%
	 DR Bracket: 0
	 Base: 0%
	 Effective Percent: 0%
Mastery
	 Rating: 13298
	 Multiplicative Factor: 0%
	 DR Bracket: 0
	 Base: 21%
	 Effective Percent: 49,5%
----------------------
04:52,681

Intellect
	 Rating: 154841
	 Multiplicative Factor: 12,48%
Stamina
	 Rating: 822296
	 Multiplicative Factor: 11,3%
Crit
	 Rating: 11403
	 Multiplicative Factor: 0%
	 DR Bracket: 0
	 Base: 9%
	 Effective Percent: 25,29%
	 Crit Inc Heal: 2
	 Crit Inc Damage: 2
Haste
	 Rating: 21957
	 Multiplicative Factor: 0%
	 DR Bracket: 1
	 Base: 37%
	 Effective Percent: 82,13%
Vers
	 Rating: 16208
	 Multiplicative Factor: 0%
	 DR Bracket: 0
	 Base: 3%
	 Effective Percent: 23,78%
Leech
	 Rating: 3060
	 Multiplicative Factor: 0%
	 DR Bracket: 0
	 Base: 0%
	 Effective Percent: 3%
Avoidance
	 Rating: 0
	 Multiplicative Factor: 0%
	 DR Bracket: 0
	 Base: 0%
	 Effective Percent: 0%
Mastery
	 Rating: 13298
	 Multiplicative Factor: 0%
	 DR Bracket: 0
	 Base: 21%
	 Effective Percent: 49,5%
----------------------
04:54,764

Intellect
	 Rating: 154841
	 Multiplicative Factor: 12,48%
Stamina
	 Rating: 822296
	 Multiplicative Factor: 11,3%
Crit
	 Rating: 11403
	 Multiplicative Factor: 0%
	 DR Bracket: 0
	 Base: 9%
	 Effective Percent: 25,29%
	 Crit Inc Heal: 2
	 Crit Inc Damage: 2
Haste
	 Rating: 21957
	 Multiplicative Factor: 0%
	 DR Bracket: 1
	 Base: 35%
	 Effective Percent: 79,47%
Vers
	 Rating: 16208
	 Multiplicative Factor: 0%
	 DR Bracket: 0
	 Base: 3%
	 Effective Percent: 23,78%
Leech
	 Rating: 3060
	 Multiplicative Factor: 0%
	 DR Bracket: 0
	 Base: 0%
	 Effective Percent: 3%
Avoidance
	 Rating: 0
	 Multiplicative Factor: 0%
	 DR Bracket: 0
	 Base: 0%
	 Effective Percent: 0%
Mastery
	 Rating: 13298
	 Multiplicative Factor: 0%
	 DR Bracket: 0
	 Base: 21%
	 Effective Percent: 49,5%
----------------------
04:58,923

Intellect
	 Rating: 154841
	 Multiplicative Factor: 12,48%
Stamina
	 Rating: 822296
	 Multiplicative Factor: 11,3%
Crit
	 Rating: 11403
	 Multiplicative Factor: 0%
	 DR Bracket: 0
	 Base: 9%
	 Effective Percent: 25,29%
	 Crit Inc Heal: 2
	 Crit Inc Damage: 2
Haste
	 Rating: 21957
	 Multiplicative Factor: 0%
	 DR Bracket: 1
	 Base: 37%
	 Effective Percent: 82,13%
Vers
	 Rating: 16208
	 Multiplicative Factor: 0%
	 DR Bracket: 0
	 Base: 3%
	 Effective Percent: 23,78%
Leech
	 Rating: 3060
	 Multiplicative Factor: 0%
	 DR Bracket: 0
	 Base: 0%
	 Effective Percent: 3%
Avoidance
	 Rating: 0
	 Multiplicative Factor: 0%
	 DR Bracket: 0
	 Base: 0%
	 Effective Percent: 0%
Mastery
	 Rating: 13298
	 Multiplicative Factor: 0%
	 DR Bracket: 0
	 Base: 21%
	 Effective Percent: 49,5%
----------------------
04:59,766

Intellect
	 Rating: 154841
	 Multiplicative Factor: 12,48%
Stamina
	 Rating: 822296
	 Multiplicative Factor: 11,3%
Crit
	 Rating: 11403
	 Multiplicative Factor: 0%
	 DR Bracket: 0
	 Base: 9%
	 Effective Percent: 25,29%
	 Crit Inc Heal: 2
	 Crit Inc Damage: 2
Haste
	 Rating: 21957
	 Multiplicative Factor: 0%
	 DR Bracket: 1
	 Base: 39%
	 Effective Percent: 84,79%
Vers
	 Rating: 16208
	 Multiplicative Factor: 0%
	 DR Bracket: 0
	 Base: 3%
	 Effective Percent: 23,78%
Leech
	 Rating: 3060
	 Multiplicative Factor: 0%
	 DR Bracket: 0
	 Base: 0%
	 Effective Percent: 3%
Avoidance
	 Rating: 0
	 Multiplicative Factor: 0%
	 DR Bracket: 0
	 Base: 0%
	 Effective Percent: 0%
Mastery
	 Rating: 13298
	 Multiplicative Factor: 0%
	 DR Bracket: 0
	 Base: 21%
	 Effective Percent: 49,5%
----------------------
05:01,898

Intellect
	 Rating: 154841
	 Multiplicative Factor: 12,48%
Stamina
	 Rating: 822296
	 Multiplicative Factor: 11,3%
Crit
	 Rating: 11403
	 Multiplicative Factor: 0%
	 DR Bracket: 0
	 Base: 9%
	 Effective Percent: 25,29%
	 Crit Inc Heal: 2
	 Crit Inc Damage: 2
Haste
	 Rating: 21957
	 Multiplicative Factor: 0%
	 DR Bracket: 1
	 Base: 9%
	 Effective Percent: 44,91%
Vers
	 Rating: 16208
	 Multiplicative Factor: 0%
	 DR Bracket: 0
	 Base: 3%
	 Effective Percent: 23,78%
Leech
	 Rating: 3060
	 Multiplicative Factor: 0%
	 DR Bracket: 0
	 Base: 0%
	 Effective Percent: 3%
Avoidance
	 Rating: 0
	 Multiplicative Factor: 0%
	 DR Bracket: 0
	 Base: 0%
	 Effective Percent: 0%
Mastery
	 Rating: 13298
	 Multiplicative Factor: 0%
	 DR Bracket: 0
	 Base: 21%
	 Effective Percent: 49,5%
----------------------
05:04,183

Intellect
	 Rating: 154841
	 Multiplicative Factor: 12,48%
Stamina
	 Rating: 822296
	 Multiplicative Factor: 11,3%
Crit
	 Rating: 11403
	 Multiplicative Factor: 0%
	 DR Bracket: 0
	 Base: 9%
	 Effective Percent: 25,29%
	 Crit Inc Heal: 2
	 Crit Inc Damage: 2
Haste
	 Rating: 21957
	 Multiplicative Factor: 0%
	 DR Bracket: 1
	 Base: 11%
	 Effective Percent: 47,56%
Vers
	 Rating: 16208
	 Multiplicative Factor: 0%
	 DR Bracket: 0
	 Base: 3%
	 Effective Percent: 23,78%
Leech
	 Rating: 3060
	 Multiplicative Factor: 0%
	 DR Bracket: 0
	 Base: 0%
	 Effective Percent: 3%
Avoidance
	 Rating: 0
	 Multiplicative Factor: 0%
	 DR Bracket: 0
	 Base: 0%
	 Effective Percent: 0%
Mastery
	 Rating: 13298
	 Multiplicative Factor: 0%
	 DR Bracket: 0
	 Base: 21%
	 Effective Percent: 49,5%
----------------------
05:10,921

Intellect
	 Rating: 154841
	 Multiplicative Factor: 12,48%
Stamina
	 Rating: 822296
	 Multiplicative Factor: 11,3%
Crit
	 Rating: 11403
	 Multiplicative Factor: 0%
	 DR Bracket: 0
	 Base: 9%
	 Effective Percent: 25,29%
	 Crit Inc Heal: 2
	 Crit Inc Damage: 2
Haste
	 Rating: 21957
	 Multiplicative Factor: 0%
	 DR Bracket: 1
	 Base: 9%
	 Effective Percent: 44,91%
Vers
	 Rating: 16208
	 Multiplicative Factor: 0%
	 DR Bracket: 0
	 Base: 3%
	 Effective Percent: 23,78%
Leech
	 Rating: 3060
	 Multiplicative Factor: 0%
	 DR Bracket: 0
	 Base: 0%
	 Effective Percent: 3%
Avoidance
	 Rating: 0
	 Multiplicative Factor: 0%
	 DR Bracket: 0
	 Base: 0%
	 Effective Percent: 0%
Mastery
	 Rating: 13298
	 Multiplicative Factor: 0%
	 DR Bracket: 0
	 Base: 21%
	 Effective Percent: 49,5%
----------------------
05:11,764

Intellect
	 Rating: 154841
	 Multiplicative Factor: 12,48%
Stamina
	 Rating: 822296
	 Multiplicative Factor: 11,3%
Crit
	 Rating: 11403
	 Multiplicative Factor: 0%
	 DR Bracket: 0
	 Base: 9%
	 Effective Percent: 25,29%
	 Crit Inc Heal: 2
	 Crit Inc Damage: 2
Haste
	 Rating: 21957
	 Multiplicative Factor: 0%
	 DR Bracket: 1
	 Base: 7%
	 Effective Percent: 42,25%
Vers
	 Rating: 16208
	 Multiplicative Factor: 0%
	 DR Bracket: 0
	 Base: 3%
	 Effective Percent: 23,78%
Leech
	 Rating: 3060
	 Multiplicative Factor: 0%
	 DR Bracket: 0
	 Base: 0%
	 Effective Percent: 3%
Avoidance
	 Rating: 0
	 Multiplicative Factor: 0%
	 DR Bracket: 0
	 Base: 0%
	 Effective Percent: 0%
Mastery
	 Rating: 13298
	 Multiplicative Factor: 0%
	 DR Bracket: 0
	 Base: 21%
	 Effective Percent: 49,5%
----------------------
05:13,679

Intellect
	 Rating: 154841
	 Multiplicative Factor: 12,48%
Stamina
	 Rating: 822296
	 Multiplicative Factor: 11,3%
Crit
	 Rating: 11403
	 Multiplicative Factor: 0%
	 DR Bracket: 0
	 Base: 9%
	 Effective Percent: 25,29%
	 Crit Inc Heal: 2
	 Crit Inc Damage: 2
Haste
	 Rating: 21957
	 Multiplicative Factor: 0%
	 DR Bracket: 1
	 Base: 9%
	 Effective Percent: 44,91%
Vers
	 Rating: 16208
	 Multiplicative Factor: 0%
	 DR Bracket: 0
	 Base: 3%
	 Effective Percent: 23,78%
Leech
	 Rating: 3060
	 Multiplicative Factor: 0%
	 DR Bracket: 0
	 Base: 0%
	 Effective Percent: 3%
Avoidance
	 Rating: 0
	 Multiplicative Factor: 0%
	 DR Bracket: 0
	 Base: 0%
	 Effective Percent: 0%
Mastery
	 Rating: 13298
	 Multiplicative Factor: 0%
	 DR Bracket: 0
	 Base: 21%
	 Effective Percent: 49,5%
----------------------
05:16,174

Intellect
	 Rating: 154841
	 Multiplicative Factor: 12,48%
Stamina
	 Rating: 822296
	 Multiplicative Factor: 11,3%
Crit
	 Rating: 11403
	 Multiplicative Factor: 0%
	 DR Bracket: 0
	 Base: 9%
	 Effective Percent: 25,29%
	 Crit Inc Heal: 2
	 Crit Inc Damage: 2
Haste
	 Rating: 21957
	 Multiplicative Factor: 0%
	 DR Bracket: 1
	 Base: 7%
	 Effective Percent: 42,25%
Vers
	 Rating: 16208
	 Multiplicative Factor: 0%
	 DR Bracket: 0
	 Base: 3%
	 Effective Percent: 23,78%
Leech
	 Rating: 3060
	 Multiplicative Factor: 0%
	 DR Bracket: 0
	 Base: 0%
	 Effective Percent: 3%
Avoidance
	 Rating: 0
	 Multiplicative Factor: 0%
	 DR Bracket: 0
	 Base: 0%
	 Effective Percent: 0%
Mastery
	 Rating: 13298
	 Multiplicative Factor: 0%
	 DR Bracket: 0
	 Base: 21%
	 Effective Percent: 49,5%
----------------------
05:16,850

Intellect
	 Rating: 154841
	 Multiplicative Factor: 12,48%
Stamina
	 Rating: 822296
	 Multiplicative Factor: 11,3%
Crit
	 Rating: 11403
	 Multiplicative Factor: 0%
	 DR Bracket: 0
	 Base: 9%
	 Effective Percent: 25,29%
	 Crit Inc Heal: 2
	 Crit Inc Damage: 2
Haste
	 Rating: 21957
	 Multiplicative Factor: 0%
	 DR Bracket: 1
	 Base: 9%
	 Effective Percent: 44,91%
Vers
	 Rating: 16208
	 Multiplicative Factor: 0%
	 DR Bracket: 0
	 Base: 3%
	 Effective Percent: 23,78%
Leech
	 Rating: 3060
	 Multiplicative Factor: 0%
	 DR Bracket: 0
	 Base: 0%
	 Effective Percent: 3%
Avoidance
	 Rating: 0
	 Multiplicative Factor: 0%
	 DR Bracket: 0
	 Base: 0%
	 Effective Percent: 0%
Mastery
	 Rating: 13298
	 Multiplicative Factor: 0%
	 DR Bracket: 0
	 Base: 21%
	 Effective Percent: 49,5%
----------------------
05:20,757

Intellect
	 Rating: 154841
	 Multiplicative Factor: 12,48%
Stamina
	 Rating: 822296
	 Multiplicative Factor: 11,3%
Crit
	 Rating: 11403
	 Multiplicative Factor: 0%
	 DR Bracket: 0
	 Base: 9%
	 Effective Percent: 25,29%
	 Crit Inc Heal: 2
	 Crit Inc Damage: 2
Haste
	 Rating: 21957
	 Multiplicative Factor: 0%
	 DR Bracket: 1
	 Base: 11%
	 Effective Percent: 47,56%
Vers
	 Rating: 16208
	 Multiplicative Factor: 0%
	 DR Bracket: 0
	 Base: 3%
	 Effective Percent: 23,78%
Leech
	 Rating: 3060
	 Multiplicative Factor: 0%
	 DR Bracket: 0
	 Base: 0%
	 Effective Percent: 3%
Avoidance
	 Rating: 0
	 Multiplicative Factor: 0%
	 DR Bracket: 0
	 Base: 0%
	 Effective Percent: 0%
Mastery
	 Rating: 13298
	 Multiplicative Factor: 0%
	 DR Bracket: 0
	 Base: 21%
	 Effective Percent: 49,5%
----------------------
05:23,131

Intellect
	 Rating: 154841
	 Multiplicative Factor: 12,48%
Stamina
	 Rating: 822296
	 Multiplicative Factor: 11,3%
Crit
	 Rating: 11403
	 Multiplicative Factor: 0%
	 DR Bracket: 0
	 Base: 9%
	 Effective Percent: 25,29%
	 Crit Inc Heal: 2
	 Crit Inc Damage: 2
Haste
	 Rating: 21957
	 Multiplicative Factor: 0%
	 DR Bracket: 1
	 Base: 13%
	 Effective Percent: 50,22%
Vers
	 Rating: 16208
	 Multiplicative Factor: 0%
	 DR Bracket: 0
	 Base: 3%
	 Effective Percent: 23,78%
Leech
	 Rating: 3060
	 Multiplicative Factor: 0%
	 DR Bracket: 0
	 Base: 0%
	 Effective Percent: 3%
Avoidance
	 Rating: 0
	 Multiplicative Factor: 0%
	 DR Bracket: 0
	 Base: 0%
	 Effective Percent: 0%
Mastery
	 Rating: 13298
	 Multiplicative Factor: 0%
	 DR Bracket: 0
	 Base: 21%
	 Effective Percent: 49,5%
----------------------
05:25,722

Intellect
	 Rating: 154841
	 Multiplicative Factor: 12,48%
Stamina
	 Rating: 822296
	 Multiplicative Factor: 11,3%
Crit
	 Rating: 11403
	 Multiplicative Factor: 0%
	 DR Bracket: 0
	 Base: 9%
	 Effective Percent: 25,29%
	 Crit Inc Heal: 2
	 Crit Inc Damage: 2
Haste
	 Rating: 21957
	 Multiplicative Factor: 0%
	 DR Bracket: 1
	 Base: 11%
	 Effective Percent: 47,56%
Vers
	 Rating: 16208
	 Multiplicative Factor: 0%
	 DR Bracket: 0
	 Base: 3%
	 Effective Percent: 23,78%
Leech
	 Rating: 3060
	 Multiplicative Factor: 0%
	 DR Bracket: 0
	 Base: 0%
	 Effective Percent: 3%
Avoidance
	 Rating: 0
	 Multiplicative Factor: 0%
	 DR Bracket: 0
	 Base: 0%
	 Effective Percent: 0%
Mastery
	 Rating: 13298
	 Multiplicative Factor: 0%
	 DR Bracket: 0
	 Base: 21%
	 Effective Percent: 49,5%
----------------------
05:28,882

Intellect
	 Rating: 154841
	 Multiplicative Factor: 12,48%
Stamina
	 Rating: 822296
	 Multiplicative Factor: 11,3%
Crit
	 Rating: 11403
	 Multiplicative Factor: 0%
	 DR Bracket: 0
	 Base: 9%
	 Effective Percent: 25,29%
	 Crit Inc Heal: 2
	 Crit Inc Damage: 2
Haste
	 Rating: 21957
	 Multiplicative Factor: 0%
	 DR Bracket: 1
	 Base: 9%
	 Effective Percent: 44,91%
Vers
	 Rating: 16208
	 Multiplicative Factor: 0%
	 DR Bracket: 0
	 Base: 3%
	 Effective Percent: 23,78%
Leech
	 Rating: 3060
	 Multiplicative Factor: 0%
	 DR Bracket: 0
	 Base: 0%
	 Effective Percent: 3%
Avoidance
	 Rating: 0
	 Multiplicative Factor: 0%
	 DR Bracket: 0
	 Base: 0%
	 Effective Percent: 0%
Mastery
	 Rating: 13298
	 Multiplicative Factor: 0%
	 DR Bracket: 0
	 Base: 21%
	 Effective Percent: 49,5%
----------------------
05:32,758

Intellect
	 Rating: 154841
	 Multiplicative Factor: 12,48%
Stamina
	 Rating: 822296
	 Multiplicative Factor: 11,3%
Crit
	 Rating: 11403
	 Multiplicative Factor: 0%
	 DR Bracket: 0
	 Base: 9%
	 Effective Percent: 25,29%
	 Crit Inc Heal: 2
	 Crit Inc Damage: 2
Haste
	 Rating: 21957
	 Multiplicative Factor: 0%
	 DR Bracket: 1
	 Base: 7%
	 Effective Percent: 42,25%
Vers
	 Rating: 16208
	 Multiplicative Factor: 0%
	 DR Bracket: 0
	 Base: 3%
	 Effective Percent: 23,78%
Leech
	 Rating: 3060
	 Multiplicative Factor: 0%
	 DR Bracket: 0
	 Base: 0%
	 Effective Percent: 3%
Avoidance
	 Rating: 0
	 Multiplicative Factor: 0%
	 DR Bracket: 0
	 Base: 0%
	 Effective Percent: 0%
Mastery
	 Rating: 13298
	 Multiplicative Factor: 0%
	 DR Bracket: 0
	 Base: 21%
	 Effective Percent: 49,5%
----------------------
05:35,117

Intellect
	 Rating: 154841
	 Multiplicative Factor: 12,48%
Stamina
	 Rating: 822296
	 Multiplicative Factor: 11,3%
Crit
	 Rating: 11403
	 Multiplicative Factor: 0%
	 DR Bracket: 0
	 Base: 9%
	 Effective Percent: 25,29%
	 Crit Inc Heal: 2
	 Crit Inc Damage: 2
Haste
	 Rating: 21957
	 Multiplicative Factor: 0%
	 DR Bracket: 1
	 Base: 5%
	 Effective Percent: 39,59%
Vers
	 Rating: 16208
	 Multiplicative Factor: 0%
	 DR Bracket: 0
	 Base: 3%
	 Effective Percent: 23,78%
Leech
	 Rating: 3060
	 Multiplicative Factor: 0%
	 DR Bracket: 0
	 Base: 0%
	 Effective Percent: 3%
Avoidance
	 Rating: 0
	 Multiplicative Factor: 0%
	 DR Bracket: 0
	 Base: 0%
	 Effective Percent: 0%
Mastery
	 Rating: 13298
	 Multiplicative Factor: 0%
	 DR Bracket: 0
	 Base: 21%
	 Effective Percent: 49,5%
----------------------
05:39,164

Intellect
	 Rating: 154841
	 Multiplicative Factor: 12,48%
Stamina
	 Rating: 822296
	 Multiplicative Factor: 11,3%
Crit
	 Rating: 11403
	 Multiplicative Factor: 0%
	 DR Bracket: 0
	 Base: 9%
	 Effective Percent: 25,29%
	 Crit Inc Heal: 2
	 Crit Inc Damage: 2
Haste
	 Rating: 21957
	 Multiplicative Factor: 0%
	 DR Bracket: 1
	 Base: 7%
	 Effective Percent: 42,25%
Vers
	 Rating: 16208
	 Multiplicative Factor: 0%
	 DR Bracket: 0
	 Base: 3%
	 Effective Percent: 23,78%
Leech
	 Rating: 3060
	 Multiplicative Factor: 0%
	 DR Bracket: 0
	 Base: 0%
	 Effective Percent: 3%
Avoidance
	 Rating: 0
	 Multiplicative Factor: 0%
	 DR Bracket: 0
	 Base: 0%
	 Effective Percent: 0%
Mastery
	 Rating: 13298
	 Multiplicative Factor: 0%
	 DR Bracket: 0
	 Base: 21%
	 Effective Percent: 49,5%
----------------------
05:51,163

Intellect
	 Rating: 154841
	 Multiplicative Factor: 12,48%
Stamina
	 Rating: 822296
	 Multiplicative Factor: 11,3%
Crit
	 Rating: 11403
	 Multiplicative Factor: 0%
	 DR Bracket: 0
	 Base: 9%
	 Effective Percent: 25,29%
	 Crit Inc Heal: 2
	 Crit Inc Damage: 2
Haste
	 Rating: 21957
	 Multiplicative Factor: 0%
	 DR Bracket: 1
	 Base: 5%
	 Effective Percent: 39,59%
Vers
	 Rating: 16208
	 Multiplicative Factor: 0%
	 DR Bracket: 0
	 Base: 3%
	 Effective Percent: 23,78%
Leech
	 Rating: 3060
	 Multiplicative Factor: 0%
	 DR Bracket: 0
	 Base: 0%
	 Effective Percent: 3%
Avoidance
	 Rating: 0
	 Multiplicative Factor: 0%
	 DR Bracket: 0
	 Base: 0%
	 Effective Percent: 0%
Mastery
	 Rating: 13298
	 Multiplicative Factor: 0%
	 DR Bracket: 0
	 Base: 21%
	 Effective Percent: 49,5%
----------------------
05:51,921

Intellect
	 Rating: 154841
	 Multiplicative Factor: 12,48%
Stamina
	 Rating: 822296
	 Multiplicative Factor: 11,3%
Crit
	 Rating: 11403
	 Multiplicative Factor: 0%
	 DR Bracket: 0
	 Base: 9%
	 Effective Percent: 25,29%
	 Crit Inc Heal: 2
	 Crit Inc Damage: 2
Haste
	 Rating: 21957
	 Multiplicative Factor: 0%
	 DR Bracket: 1
	 Base: 7%
	 Effective Percent: 42,25%
Vers
	 Rating: 16208
	 Multiplicative Factor: 0%
	 DR Bracket: 0
	 Base: 3%
	 Effective Percent: 23,78%
Leech
	 Rating: 3060
	 Multiplicative Factor: 0%
	 DR Bracket: 0
	 Base: 0%
	 Effective Percent: 3%
Avoidance
	 Rating: 0
	 Multiplicative Factor: 0%
	 DR Bracket: 0
	 Base: 0%
	 Effective Percent: 0%
Mastery
	 Rating: 13298
	 Multiplicative Factor: 0%
	 DR Bracket: 0
	 Base: 21%
	 Effective Percent: 49,5%
----------------------
05:57,490

Intellect
	 Rating: 154841
	 Multiplicative Factor: 12,48%
Stamina
	 Rating: 822296
	 Multiplicative Factor: 11,3%
Crit
	 Rating: 11403
	 Multiplicative Factor: 0%
	 DR Bracket: 0
	 Base: 9%
	 Effective Percent: 25,29%
	 Crit Inc Heal: 2
	 Crit Inc Damage: 2
Haste
	 Rating: 21957
	 Multiplicative Factor: 0%
	 DR Bracket: 1
	 Base: 9%
	 Effective Percent: 44,91%
Vers
	 Rating: 16208
	 Multiplicative Factor: 0%
	 DR Bracket: 0
	 Base: 3%
	 Effective Percent: 23,78%
Leech
	 Rating: 3060
	 Multiplicative Factor: 0%
	 DR Bracket: 0
	 Base: 0%
	 Effective Percent: 3%
Avoidance
	 Rating: 0
	 Multiplicative Factor: 0%
	 DR Bracket: 0
	 Base: 0%
	 Effective Percent: 0%
Mastery
	 Rating: 13298
	 Multiplicative Factor: 0%
	 DR Bracket: 0
	 Base: 21%
	 Effective Percent: 49,5%
----------------------
06:03,949

Intellect
	 Rating: 154841
	 Multiplicative Factor: 12,48%
Stamina
	 Rating: 822296
	 Multiplicative Factor: 11,3%
Crit
	 Rating: 11403
	 Multiplicative Factor: 0%
	 DR Bracket: 0
	 Base: 9%
	 Effective Percent: 25,29%
	 Crit Inc Heal: 2
	 Crit Inc Damage: 2
Haste
	 Rating: 21957
	 Multiplicative Factor: 0%
	 DR Bracket: 1
	 Base: 7%
	 Effective Percent: 42,25%
Vers
	 Rating: 16208
	 Multiplicative Factor: 0%
	 DR Bracket: 0
	 Base: 3%
	 Effective Percent: 23,78%
Leech
	 Rating: 3060
	 Multiplicative Factor: 0%
	 DR Bracket: 0
	 Base: 0%
	 Effective Percent: 3%
Avoidance
	 Rating: 0
	 Multiplicative Factor: 0%
	 DR Bracket: 0
	 Base: 0%
	 Effective Percent: 0%
Mastery
	 Rating: 13298
	 Multiplicative Factor: 0%
	 DR Bracket: 0
	 Base: 21%
	 Effective Percent: 49,5%
----------------------
06:09,518

Intellect
	 Rating: 154841
	 Multiplicative Factor: 12,48%
Stamina
	 Rating: 822296
	 Multiplicative Factor: 11,3%
Crit
	 Rating: 11403
	 Multiplicative Factor: 0%
	 DR Bracket: 0
	 Base: 9%
	 Effective Percent: 25,29%
	 Crit Inc Heal: 2
	 Crit Inc Damage: 2
Haste
	 Rating: 21957
	 Multiplicative Factor: 0%
	 DR Bracket: 1
	 Base: 5%
	 Effective Percent: 39,59%
Vers
	 Rating: 16208
	 Multiplicative Factor: 0%
	 DR Bracket: 0
	 Base: 3%
	 Effective Percent: 23,78%
Leech
	 Rating: 3060
	 Multiplicative Factor: 0%
	 DR Bracket: 0
	 Base: 0%
	 Effective Percent: 3%
Avoidance
	 Rating: 0
	 Multiplicative Factor: 0%
	 DR Bracket: 0
	 Base: 0%
	 Effective Percent: 0%
Mastery
	 Rating: 13298
	 Multiplicative Factor: 0%
	 DR Bracket: 0
	 Base: 21%
	 Effective Percent: 49,5%
----------------------
06:16,951

Intellect
	 Rating: 154841
	 Multiplicative Factor: 12,48%
Stamina
	 Rating: 822296
	 Multiplicative Factor: 11,3%
Crit
	 Rating: 11403
	 Multiplicative Factor: 0%
	 DR Bracket: 0
	 Base: 9%
	 Effective Percent: 25,29%
	 Crit Inc Heal: 2
	 Crit Inc Damage: 2
Haste
	 Rating: 21957
	 Multiplicative Factor: 0%
	 DR Bracket: 1
	 Base: 5%
	 Effective Percent: 39,59%
Vers
	 Rating: 16208
	 Multiplicative Factor: 0%
	 DR Bracket: 0
	 Base: 3%
	 Effective Percent: 23,78%
Leech
	 Rating: 3060
	 Multiplicative Factor: 0%
	 DR Bracket: 0
	 Base: 0%
	 Effective Percent: 3%
Avoidance
	 Rating: 0
	 Multiplicative Factor: 0%
	 DR Bracket: 0
	 Base: 0%
	 Effective Percent: 0%
Mastery
	 Rating: 13298
	 Multiplicative Factor: 0%
	 DR Bracket: 0
	 Base: 18%
	 Effective Percent: 46,5%
----------------------
06:16,951

Intellect
	 Rating: 154841
	 Multiplicative Factor: 12,48%
Stamina
	 Rating: 822296
	 Multiplicative Factor: 11,3%
Crit
	 Rating: 11403
	 Multiplicative Factor: 0%
	 DR Bracket: 0
	 Base: 9%
	 Effective Percent: 25,29%
	 Crit Inc Heal: 2
	 Crit Inc Damage: 2
Haste
	 Rating: 21957
	 Multiplicative Factor: 0%
	 DR Bracket: 1
	 Base: 5%
	 Effective Percent: 39,59%
Vers
	 Rating: 16208
	 Multiplicative Factor: 0%
	 DR Bracket: 0
	 Base: 3%
	 Effective Percent: 23,78%
Leech
	 Rating: 3060
	 Multiplicative Factor: 0%
	 DR Bracket: 0
	 Base: 0%
	 Effective Percent: 3%
Avoidance
	 Rating: 0
	 Multiplicative Factor: 0%
	 DR Bracket: 0
	 Base: 0%
	 Effective Percent: 0%
Mastery
	 Rating: 13298
	 Multiplicative Factor: 0%
	 DR Bracket: 0
	 Base: 21%
	 Effective Percent: 49,5%
----------------------
06:19,814

Intellect
	 Rating: 154841
	 Multiplicative Factor: 12,48%
Stamina
	 Rating: 822296
	 Multiplicative Factor: 11,3%
Crit
	 Rating: 11403
	 Multiplicative Factor: 0%
	 DR Bracket: 0
	 Base: 9%
	 Effective Percent: 25,29%
	 Crit Inc Heal: 2
	 Crit Inc Damage: 2
Haste
	 Rating: 21957
	 Multiplicative Factor: 0%
	 DR Bracket: 1
	 Base: 7%
	 Effective Percent: 42,25%
Vers
	 Rating: 16208
	 Multiplicative Factor: 0%
	 DR Bracket: 0
	 Base: 3%
	 Effective Percent: 23,78%
Leech
	 Rating: 3060
	 Multiplicative Factor: 0%
	 DR Bracket: 0
	 Base: 0%
	 Effective Percent: 3%
Avoidance
	 Rating: 0
	 Multiplicative Factor: 0%
	 DR Bracket: 0
	 Base: 0%
	 Effective Percent: 0%
Mastery
	 Rating: 13298
	 Multiplicative Factor: 0%
	 DR Bracket: 0
	 Base: 21%
	 Effective Percent: 49,5%
----------------------
06:28,450

Intellect
	 Rating: 154841
	 Multiplicative Factor: 12,48%
Stamina
	 Rating: 822296
	 Multiplicative Factor: 11,3%
Crit
	 Rating: 11403
	 Multiplicative Factor: 0%
	 DR Bracket: 0
	 Base: 9%
	 Effective Percent: 25,29%
	 Crit Inc Heal: 2
	 Crit Inc Damage: 2
Haste
	 Rating: 21957
	 Multiplicative Factor: 0%
	 DR Bracket: 1
	 Base: 9%
	 Effective Percent: 44,91%
Vers
	 Rating: 16208
	 Multiplicative Factor: 0%
	 DR Bracket: 0
	 Base: 3%
	 Effective Percent: 23,78%
Leech
	 Rating: 3060
	 Multiplicative Factor: 0%
	 DR Bracket: 0
	 Base: 0%
	 Effective Percent: 3%
Avoidance
	 Rating: 0
	 Multiplicative Factor: 0%
	 DR Bracket: 0
	 Base: 0%
	 Effective Percent: 0%
Mastery
	 Rating: 13298
	 Multiplicative Factor: 0%
	 DR Bracket: 0
	 Base: 21%
	 Effective Percent: 49,5%
----------------------
06:29,576

Intellect
	 Rating: 154841
	 Multiplicative Factor: 12,48%
Stamina
	 Rating: 822296
	 Multiplicative Factor: 11,3%
Crit
	 Rating: 11403
	 Multiplicative Factor: 0%
	 DR Bracket: 0
	 Base: 9%
	 Effective Percent: 25,29%
	 Crit Inc Heal: 2
	 Crit Inc Damage: 2
Haste
	 Rating: 21957
	 Multiplicative Factor: 0%
	 DR Bracket: 1
	 Base: 11%
	 Effective Percent: 47,56%
Vers
	 Rating: 16208
	 Multiplicative Factor: 0%
	 DR Bracket: 0
	 Base: 3%
	 Effective Percent: 23,78%
Leech
	 Rating: 3060
	 Multiplicative Factor: 0%
	 DR Bracket: 0
	 Base: 0%
	 Effective Percent: 3%
Avoidance
	 Rating: 0
	 Multiplicative Factor: 0%
	 DR Bracket: 0
	 Base: 0%
	 Effective Percent: 0%
Mastery
	 Rating: 13298
	 Multiplicative Factor: 0%
	 DR Bracket: 0
	 Base: 21%
	 Effective Percent: 49,5%
