----------------------
00:10,373

Intellect
	 Rating: 138812
	 Multiplicative Factor: 14,73%
Stamina
	 Rating: 872714
	 Multiplicative Factor: 11,3%
Crit
	 Rating: 23782
	 Multiplicative Factor: 0%
	 DR Bracket: 1
	 Base: 9%
	 Effective Percent: 42,58%
	 Crit Inc Heal: 2
	 Crit Inc Damage: 2
Haste
	 Rating: 19782
	 Multiplicative Factor: 0%
	 DR Bracket: 0
	 Base: 1%
	 Effective Percent: 31,27%
Vers
	 Rating: 16209
	 Multiplicative Factor: 0%
	 DR Bracket: 0
	 Base: 3%
	 Effective Percent: 23,78%
Leech
	 Rating: 5151
	 Multiplicative Factor: 0%
	 DR Bracket: 0
	 Base: 0%
	 Effective Percent: 5,05%
Avoidance
	 Rating: 0
	 Multiplicative Factor: 0%
	 DR Bracket: 0
	 Base: 0%
	 Effective Percent: 0%
Mastery
	 Rating: 4740
	 Multiplicative Factor: 0%
	 DR Bracket: 0
	 Base: 21%
	 Effective Percent: 31,16%
----------------------
00:14,945

Intellect
	 Rating: 138812
	 Multiplicative Factor: 14,73%
Stamina
	 Rating: 872714
	 Multiplicative Factor: 11,3%
Crit
	 Rating: 23782
	 Multiplicative Factor: 0%
	 DR Bracket: 1
	 Base: 9%
	 Effective Percent: 42,58%
	 Crit Inc Heal: 2
	 Crit Inc Damage: 2
Haste
	 Rating: 19782
	 Multiplicative Factor: 0%
	 DR Bracket: 0
	 Base: 2%
	 Effective Percent: 32,57%
Vers
	 Rating: 16209
	 Multiplicative Factor: 0%
	 DR Bracket: 0
	 Base: 3%
	 Effective Percent: 23,78%
Leech
	 Rating: 5151
	 Multiplicative Factor: 0%
	 DR Bracket: 0
	 Base: 0%
	 Effective Percent: 5,05%
Avoidance
	 Rating: 0
	 Multiplicative Factor: 0%
	 DR Bracket: 0
	 Base: 0%
	 Effective Percent: 0%
Mastery
	 Rating: 4740
	 Multiplicative Factor: 0%
	 DR Bracket: 0
	 Base: 21%
	 Effective Percent: 31,16%
----------------------
00:20,592

Intellect
	 Rating: 138812
	 Multiplicative Factor: 14,73%
Stamina
	 Rating: 872714
	 Multiplicative Factor: 11,3%
Crit
	 Rating: 23782
	 Multiplicative Factor: 0%
	 DR Bracket: 1
	 Base: 9%
	 Effective Percent: 42,58%
	 Crit Inc Heal: 2
	 Crit Inc Damage: 2
Haste
	 Rating: 19782
	 Multiplicative Factor: 0%
	 DR Bracket: 0
	 Base: 3%
	 Effective Percent: 33,87%
Vers
	 Rating: 16209
	 Multiplicative Factor: 0%
	 DR Bracket: 0
	 Base: 3%
	 Effective Percent: 23,78%
Leech
	 Rating: 5151
	 Multiplicative Factor: 0%
	 DR Bracket: 0
	 Base: 0%
	 Effective Percent: 5,05%
Avoidance
	 Rating: 0
	 Multiplicative Factor: 0%
	 DR Bracket: 0
	 Base: 0%
	 Effective Percent: 0%
Mastery
	 Rating: 4740
	 Multiplicative Factor: 0%
	 DR Bracket: 0
	 Base: 21%
	 Effective Percent: 31,16%
----------------------
00:26,205

Intellect
	 Rating: 138812
	 Multiplicative Factor: 14,73%
Stamina
	 Rating: 872714
	 Multiplicative Factor: 11,3%
Crit
	 Rating: 23782
	 Multiplicative Factor: 0%
	 DR Bracket: 1
	 Base: 9%
	 Effective Percent: 42,58%
	 Crit Inc Heal: 2
	 Crit Inc Damage: 2
Haste
	 Rating: 19782
	 Multiplicative Factor: 0%
	 DR Bracket: 0
	 Base: 4%
	 Effective Percent: 35,17%
Vers
	 Rating: 16209
	 Multiplicative Factor: 0%
	 DR Bracket: 0
	 Base: 3%
	 Effective Percent: 23,78%
Leech
	 Rating: 5151
	 Multiplicative Factor: 0%
	 DR Bracket: 0
	 Base: 0%
	 Effective Percent: 5,05%
Avoidance
	 Rating: 0
	 Multiplicative Factor: 0%
	 DR Bracket: 0
	 Base: 0%
	 Effective Percent: 0%
Mastery
	 Rating: 4740
	 Multiplicative Factor: 0%
	 DR Bracket: 0
	 Base: 21%
	 Effective Percent: 31,16%
----------------------
00:28,440

Intellect
	 Rating: 138812
	 Multiplicative Factor: 14,73%
Stamina
	 Rating: 872714
	 Multiplicative Factor: 11,3%
Crit
	 Rating: 23782
	 Multiplicative Factor: 0%
	 DR Bracket: 1
	 Base: 9%
	 Effective Percent: 42,58%
	 Crit Inc Heal: 2
	 Crit Inc Damage: 2
Haste
	 Rating: 19782
	 Multiplicative Factor: 0%
	 DR Bracket: 0
	 Base: 5%
	 Effective Percent: 36,47%
Vers
	 Rating: 16209
	 Multiplicative Factor: 0%
	 DR Bracket: 0
	 Base: 3%
	 Effective Percent: 23,78%
Leech
	 Rating: 5151
	 Multiplicative Factor: 0%
	 DR Bracket: 0
	 Base: 0%
	 Effective Percent: 5,05%
Avoidance
	 Rating: 0
	 Multiplicative Factor: 0%
	 DR Bracket: 0
	 Base: 0%
	 Effective Percent: 0%
Mastery
	 Rating: 4740
	 Multiplicative Factor: 0%
	 DR Bracket: 0
	 Base: 21%
	 Effective Percent: 31,16%
----------------------
00:51,842

Intellect
	 Rating: 138812
	 Multiplicative Factor: 14,73%
Stamina
	 Rating: 872714
	 Multiplicative Factor: 11,3%
Crit
	 Rating: 23782
	 Multiplicative Factor: 0%
	 DR Bracket: 1
	 Base: 9%
	 Effective Percent: 42,58%
	 Crit Inc Heal: 2
	 Crit Inc Damage: 2
Haste
	 Rating: 19782
	 Multiplicative Factor: 0%
	 DR Bracket: 0
	 Base: 5%
	 Effective Percent: 36,47%
Vers
	 Rating: 16209
	 Multiplicative Factor: 0%
	 DR Bracket: 0
	 Base: 3%
	 Effective Percent: 23,78%
Leech
	 Rating: 5151
	 Multiplicative Factor: 0%
	 DR Bracket: 0
	 Base: 0%
	 Effective Percent: 5,05%
Avoidance
	 Rating: 0
	 Multiplicative Factor: 0%
	 DR Bracket: 0
	 Base: 0%
	 Effective Percent: 0%
Mastery
	 Rating: 4740
	 Multiplicative Factor: 0%
	 DR Bracket: 0
	 Base: 21%
	 Effective Percent: 31,16%
----------------------
02:19,905

Intellect
	 Rating: 138812
	 Multiplicative Factor: 14,73%
Stamina
	 Rating: 872714
	 Multiplicative Factor: 11,3%
Crit
	 Rating: 23782
	 Multiplicative Factor: 0%
	 DR Bracket: 1
	 Base: 9%
	 Effective Percent: 42,58%
	 Crit Inc Heal: 2
	 Crit Inc Damage: 2
Haste
	 Rating: 19782
	 Multiplicative Factor: 0%
	 DR Bracket: 0
	 Base: 0%
	 Effective Percent: 29,97%
Vers
	 Rating: 16209
	 Multiplicative Factor: 0%
	 DR Bracket: 0
	 Base: 3%
	 Effective Percent: 23,78%
Leech
	 Rating: 5151
	 Multiplicative Factor: 0%
	 DR Bracket: 0
	 Base: 0%
	 Effective Percent: 5,05%
Avoidance
	 Rating: 0
	 Multiplicative Factor: 0%
	 DR Bracket: 0
	 Base: 0%
	 Effective Percent: 0%
Mastery
	 Rating: 4740
	 Multiplicative Factor: 0%
	 DR Bracket: 0
	 Base: 21%
	 Effective Percent: 31,16%
----------------------
02:20,395

Intellect
	 Rating: 138812
	 Multiplicative Factor: 14,73%
Stamina
	 Rating: 872714
	 Multiplicative Factor: 11,3%
Crit
	 Rating: 23782
	 Multiplicative Factor: 0%
	 DR Bracket: 1
	 Base: 9%
	 Effective Percent: 42,58%
	 Crit Inc Heal: 2
	 Crit Inc Damage: 2
Haste
	 Rating: 19782
	 Multiplicative Factor: 0%
	 DR Bracket: 0
	 Base: 1%
	 Effective Percent: 31,27%
Vers
	 Rating: 16209
	 Multiplicative Factor: 0%
	 DR Bracket: 0
	 Base: 3%
	 Effective Percent: 23,78%
Leech
	 Rating: 5151
	 Multiplicative Factor: 0%
	 DR Bracket: 0
	 Base: 0%
	 Effective Percent: 5,05%
Avoidance
	 Rating: 0
	 Multiplicative Factor: 0%
	 DR Bracket: 0
	 Base: 0%
	 Effective Percent: 0%
Mastery
	 Rating: 4740
	 Multiplicative Factor: 0%
	 DR Bracket: 0
	 Base: 21%
	 Effective Percent: 31,16%
----------------------
02:22,684

Intellect
	 Rating: 138812
	 Multiplicative Factor: 14,73%
Stamina
	 Rating: 872714
	 Multiplicative Factor: 11,3%
Crit
	 Rating: 23782
	 Multiplicative Factor: 0%
	 DR Bracket: 1
	 Base: 9%
	 Effective Percent: 42,58%
	 Crit Inc Heal: 2
	 Crit Inc Damage: 2
Haste
	 Rating: 19782
	 Multiplicative Factor: 0%
	 DR Bracket: 0
	 Base: 2%
	 Effective Percent: 32,57%
Vers
	 Rating: 16209
	 Multiplicative Factor: 0%
	 DR Bracket: 0
	 Base: 3%
	 Effective Percent: 23,78%
Leech
	 Rating: 5151
	 Multiplicative Factor: 0%
	 DR Bracket: 0
	 Base: 0%
	 Effective Percent: 5,05%
Avoidance
	 Rating: 0
	 Multiplicative Factor: 0%
	 DR Bracket: 0
	 Base: 0%
	 Effective Percent: 0%
Mastery
	 Rating: 4740
	 Multiplicative Factor: 0%
	 DR Bracket: 0
	 Base: 21%
	 Effective Percent: 31,16%
----------------------
02:34,692

Intellect
	 Rating: 138812
	 Multiplicative Factor: 14,73%
Stamina
	 Rating: 872714
	 Multiplicative Factor: 11,3%
Crit
	 Rating: 23782
	 Multiplicative Factor: 0%
	 DR Bracket: 1
	 Base: 9%
	 Effective Percent: 42,58%
	 Crit Inc Heal: 2
	 Crit Inc Damage: 2
Haste
	 Rating: 19782
	 Multiplicative Factor: 0%
	 DR Bracket: 0
	 Base: 0%
	 Effective Percent: 29,97%
Vers
	 Rating: 16209
	 Multiplicative Factor: 0%
	 DR Bracket: 0
	 Base: 3%
	 Effective Percent: 23,78%
Leech
	 Rating: 5151
	 Multiplicative Factor: 0%
	 DR Bracket: 0
	 Base: 0%
	 Effective Percent: 5,05%
Avoidance
	 Rating: 0
	 Multiplicative Factor: 0%
	 DR Bracket: 0
	 Base: 0%
	 Effective Percent: 0%
Mastery
	 Rating: 4740
	 Multiplicative Factor: 0%
	 DR Bracket: 0
	 Base: 21%
	 Effective Percent: 31,16%
----------------------
02:46,803

Intellect
	 Rating: 138812
	 Multiplicative Factor: 14,73%
Stamina
	 Rating: 872714
	 Multiplicative Factor: 11,3%
Crit
	 Rating: 23782
	 Multiplicative Factor: 0%
	 DR Bracket: 1
	 Base: 9%
	 Effective Percent: 42,58%
	 Crit Inc Heal: 2
	 Crit Inc Damage: 2
Haste
	 Rating: 19782
	 Multiplicative Factor: 0%
	 DR Bracket: 0
	 Base: 0%
	 Effective Percent: 29,97%
Vers
	 Rating: 16209
	 Multiplicative Factor: 0%
	 DR Bracket: 0
	 Base: 6%
	 Effective Percent: 26,78%
Leech
	 Rating: 5151
	 Multiplicative Factor: 0%
	 DR Bracket: 0
	 Base: 0%
	 Effective Percent: 5,05%
Avoidance
	 Rating: 0
	 Multiplicative Factor: 0%
	 DR Bracket: 0
	 Base: 0%
	 Effective Percent: 0%
Mastery
	 Rating: 4740
	 Multiplicative Factor: 0%
	 DR Bracket: 0
	 Base: 21%
	 Effective Percent: 31,16%
----------------------
00:00,000

Intellect
	 Rating: 138812
	 Multiplicative Factor: 14,73%
Stamina
	 Rating: 872714
	 Multiplicative Factor: 11,3%
Crit
	 Rating: 23782
	 Multiplicative Factor: 0%
	 DR Bracket: 1
	 Base: 9%
	 Effective Percent: 42,58%
	 Crit Inc Heal: 2
	 Crit Inc Damage: 2
Haste
	 Rating: 19782
	 Multiplicative Factor: 0%
	 DR Bracket: 0
	 Base: 0%
	 Effective Percent: 29,97%
Vers
	 Rating: 16209
	 Multiplicative Factor: 0%
	 DR Bracket: 0
	 Base: 3%
	 Effective Percent: 23,78%
Leech
	 Rating: 5151
	 Multiplicative Factor: 0%
	 DR Bracket: 0
	 Base: 0%
	 Effective Percent: 5,05%
Avoidance
	 Rating: 0
	 Multiplicative Factor: 0%
	 DR Bracket: 0
	 Base: 0%
	 Effective Percent: 0%
Mastery
	 Rating: 4740
	 Multiplicative Factor: 0%
	 DR Bracket: 0
	 Base: 21%
	 Effective Percent: 31,16%
----------------------
02:46,804

Intellect
	 Rating: 138812
	 Multiplicative Factor: 14,73%
Stamina
	 Rating: 872714
	 Multiplicative Factor: 11,3%
Crit
	 Rating: 23782
	 Multiplicative Factor: 0%
	 DR Bracket: 1
	 Base: 9%
	 Effective Percent: 42,58%
	 Crit Inc Heal: 2
	 Crit Inc Damage: 2
Haste
	 Rating: 23105
	 Multiplicative Factor: 0%
	 DR Bracket: 1
	 Base: 0%
	 Effective Percent: 34,51%
Vers
	 Rating: 16209
	 Multiplicative Factor: 0%
	 DR Bracket: 0
	 Base: 3%
	 Effective Percent: 23,78%
Leech
	 Rating: 5151
	 Multiplicative Factor: 0%
	 DR Bracket: 0
	 Base: 0%
	 Effective Percent: 5,05%
Avoidance
	 Rating: 0
	 Multiplicative Factor: 0%
	 DR Bracket: 0
	 Base: 0%
	 Effective Percent: 0%
Mastery
	 Rating: 4740
	 Multiplicative Factor: 0%
	 DR Bracket: 0
	 Base: 21%
	 Effective Percent: 31,16%
----------------------
02:46,804

Intellect
	 Rating: 142976
	 Multiplicative Factor: 18,17%
Stamina
	 Rating: 872714
	 Multiplicative Factor: 11,3%
Crit
	 Rating: 23782
	 Multiplicative Factor: 0%
	 DR Bracket: 1
	 Base: 9%
	 Effective Percent: 42,58%
	 Crit Inc Heal: 2
	 Crit Inc Damage: 2
Haste
	 Rating: 23105
	 Multiplicative Factor: 0%
	 DR Bracket: 1
	 Base: 0%
	 Effective Percent: 34,51%
Vers
	 Rating: 16209
	 Multiplicative Factor: 0%
	 DR Bracket: 0
	 Base: 3%
	 Effective Percent: 23,78%
Leech
	 Rating: 5151
	 Multiplicative Factor: 0%
	 DR Bracket: 0
	 Base: 0%
	 Effective Percent: 5,05%
Avoidance
	 Rating: 0
	 Multiplicative Factor: 0%
	 DR Bracket: 0
	 Base: 0%
	 Effective Percent: 0%
Mastery
	 Rating: 4740
	 Multiplicative Factor: 0%
	 DR Bracket: 0
	 Base: 21%
	 Effective Percent: 31,16%
----------------------
00:00,000

Intellect
	 Rating: 138812
	 Multiplicative Factor: 14,73%
Stamina
	 Rating: 872714
	 Multiplicative Factor: 11,3%
Crit
	 Rating: 23782
	 Multiplicative Factor: 0%
	 DR Bracket: 1
	 Base: 9%
	 Effective Percent: 42,58%
	 Crit Inc Heal: 2
	 Crit Inc Damage: 2
Haste
	 Rating: 23105
	 Multiplicative Factor: 0%
	 DR Bracket: 1
	 Base: 0%
	 Effective Percent: 34,51%
Vers
	 Rating: 16209
	 Multiplicative Factor: 0%
	 DR Bracket: 0
	 Base: 3%
	 Effective Percent: 23,78%
Leech
	 Rating: 5151
	 Multiplicative Factor: 0%
	 DR Bracket: 0
	 Base: 0%
	 Effective Percent: 5,05%
Avoidance
	 Rating: 0
	 Multiplicative Factor: 0%
	 DR Bracket: 0
	 Base: 0%
	 Effective Percent: 0%
Mastery
	 Rating: 4740
	 Multiplicative Factor: 0%
	 DR Bracket: 0
	 Base: 21%
	 Effective Percent: 31,16%
----------------------
02:46,804

Intellect
	 Rating: 138812
	 Multiplicative Factor: 14,73%
Stamina
	 Rating: 872714
	 Multiplicative Factor: 11,3%
Crit
	 Rating: 23782
	 Multiplicative Factor: 0%
	 DR Bracket: 1
	 Base: 9%
	 Effective Percent: 42,58%
	 Crit Inc Heal: 2
	 Crit Inc Damage: 2
Haste
	 Rating: 23105
	 Multiplicative Factor: 0%
	 DR Bracket: 1
	 Base: 0%
	 Effective Percent: 34,51%
Vers
	 Rating: 16209
	 Multiplicative Factor: 0%
	 DR Bracket: 0
	 Base: 3%
	 Effective Percent: 23,78%
Leech
	 Rating: 5151
	 Multiplicative Factor: 0%
	 DR Bracket: 0
	 Base: 0%
	 Effective Percent: 5,05%
Avoidance
	 Rating: 0
	 Multiplicative Factor: 0%
	 DR Bracket: 0
	 Base: 0%
	 Effective Percent: 0%
Mastery
	 Rating: 4740
	 Multiplicative Factor: 0%
	 DR Bracket: 0
	 Base: 24%
	 Effective Percent: 34,16%
----------------------
00:00,000

Intellect
	 Rating: 138812
	 Multiplicative Factor: 14,73%
Stamina
	 Rating: 872714
	 Multiplicative Factor: 11,3%
Crit
	 Rating: 23782
	 Multiplicative Factor: 0%
	 DR Bracket: 1
	 Base: 9%
	 Effective Percent: 42,58%
	 Crit Inc Heal: 2
	 Crit Inc Damage: 2
Haste
	 Rating: 23105
	 Multiplicative Factor: 0%
	 DR Bracket: 1
	 Base: 0%
	 Effective Percent: 34,51%
Vers
	 Rating: 16209
	 Multiplicative Factor: 0%
	 DR Bracket: 0
	 Base: 3%
	 Effective Percent: 23,78%
Leech
	 Rating: 5151
	 Multiplicative Factor: 0%
	 DR Bracket: 0
	 Base: 0%
	 Effective Percent: 5,05%
Avoidance
	 Rating: 0
	 Multiplicative Factor: 0%
	 DR Bracket: 0
	 Base: 0%
	 Effective Percent: 0%
Mastery
	 Rating: 4740
	 Multiplicative Factor: 0%
	 DR Bracket: 0
	 Base: 21%
	 Effective Percent: 31,16%
----------------------
02:46,804

Intellect
	 Rating: 138812
	 Multiplicative Factor: 14,73%
Stamina
	 Rating: 916350
	 Multiplicative Factor: 16,87%
Crit
	 Rating: 23782
	 Multiplicative Factor: 0%
	 DR Bracket: 1
	 Base: 9%
	 Effective Percent: 42,58%
	 Crit Inc Heal: 2
	 Crit Inc Damage: 2
Haste
	 Rating: 23105
	 Multiplicative Factor: 0%
	 DR Bracket: 1
	 Base: 0%
	 Effective Percent: 34,51%
Vers
	 Rating: 16209
	 Multiplicative Factor: 0%
	 DR Bracket: 0
	 Base: 3%
	 Effective Percent: 23,78%
Leech
	 Rating: 5151
	 Multiplicative Factor: 0%
	 DR Bracket: 0
	 Base: 0%
	 Effective Percent: 5,05%
Avoidance
	 Rating: 0
	 Multiplicative Factor: 0%
	 DR Bracket: 0
	 Base: 0%
	 Effective Percent: 0%
Mastery
	 Rating: 4740
	 Multiplicative Factor: 0%
	 DR Bracket: 0
	 Base: 21%
	 Effective Percent: 31,16%
----------------------
00:00,000

Intellect
	 Rating: 138812
	 Multiplicative Factor: 14,73%
Stamina
	 Rating: 872714
	 Multiplicative Factor: 11,3%
Crit
	 Rating: 23782
	 Multiplicative Factor: 0%
	 DR Bracket: 1
	 Base: 9%
	 Effective Percent: 42,58%
	 Crit Inc Heal: 2
	 Crit Inc Damage: 2
Haste
	 Rating: 23105
	 Multiplicative Factor: 0%
	 DR Bracket: 1
	 Base: 0%
	 Effective Percent: 34,51%
Vers
	 Rating: 16209
	 Multiplicative Factor: 0%
	 DR Bracket: 0
	 Base: 3%
	 Effective Percent: 23,78%
Leech
	 Rating: 5151
	 Multiplicative Factor: 0%
	 DR Bracket: 0
	 Base: 0%
	 Effective Percent: 5,05%
Avoidance
	 Rating: 0
	 Multiplicative Factor: 0%
	 DR Bracket: 0
	 Base: 0%
	 Effective Percent: 0%
Mastery
	 Rating: 4740
	 Multiplicative Factor: 0%
	 DR Bracket: 0
	 Base: 21%
	 Effective Percent: 31,16%
----------------------
03:05,047

Intellect
	 Rating: 138812
	 Multiplicative Factor: 14,73%
Stamina
	 Rating: 872714
	 Multiplicative Factor: 11,3%
Crit
	 Rating: 23782
	 Multiplicative Factor: 0%
	 DR Bracket: 1
	 Base: 9%
	 Effective Percent: 42,58%
	 Crit Inc Heal: 2
	 Crit Inc Damage: 2
Haste
	 Rating: 23105
	 Multiplicative Factor: 0%
	 DR Bracket: 1
	 Base: 1%
	 Effective Percent: 35,85%
Vers
	 Rating: 16209
	 Multiplicative Factor: 0%
	 DR Bracket: 0
	 Base: 3%
	 Effective Percent: 23,78%
Leech
	 Rating: 5151
	 Multiplicative Factor: 0%
	 DR Bracket: 0
	 Base: 0%
	 Effective Percent: 5,05%
Avoidance
	 Rating: 0
	 Multiplicative Factor: 0%
	 DR Bracket: 0
	 Base: 0%
	 Effective Percent: 0%
Mastery
	 Rating: 4740
	 Multiplicative Factor: 0%
	 DR Bracket: 0
	 Base: 21%
	 Effective Percent: 31,16%
----------------------
03:09,631

Intellect
	 Rating: 138812
	 Multiplicative Factor: 14,73%
Stamina
	 Rating: 872714
	 Multiplicative Factor: 11,3%
Crit
	 Rating: 23782
	 Multiplicative Factor: 0%
	 DR Bracket: 1
	 Base: 9%
	 Effective Percent: 42,58%
	 Crit Inc Heal: 2
	 Crit Inc Damage: 2
Haste
	 Rating: 23105
	 Multiplicative Factor: 0%
	 DR Bracket: 1
	 Base: 2%
	 Effective Percent: 37,2%
Vers
	 Rating: 16209
	 Multiplicative Factor: 0%
	 DR Bracket: 0
	 Base: 3%
	 Effective Percent: 23,78%
Leech
	 Rating: 5151
	 Multiplicative Factor: 0%
	 DR Bracket: 0
	 Base: 0%
	 Effective Percent: 5,05%
Avoidance
	 Rating: 0
	 Multiplicative Factor: 0%
	 DR Bracket: 0
	 Base: 0%
	 Effective Percent: 0%
Mastery
	 Rating: 4740
	 Multiplicative Factor: 0%
	 DR Bracket: 0
	 Base: 21%
	 Effective Percent: 31,16%
----------------------
03:13,048

Intellect
	 Rating: 138812
	 Multiplicative Factor: 14,73%
Stamina
	 Rating: 872714
	 Multiplicative Factor: 11,3%
Crit
	 Rating: 23782
	 Multiplicative Factor: 0%
	 DR Bracket: 1
	 Base: 9%
	 Effective Percent: 42,58%
	 Crit Inc Heal: 2
	 Crit Inc Damage: 2
Haste
	 Rating: 23105
	 Multiplicative Factor: 0%
	 DR Bracket: 1
	 Base: 3%
	 Effective Percent: 38,54%
Vers
	 Rating: 16209
	 Multiplicative Factor: 0%
	 DR Bracket: 0
	 Base: 3%
	 Effective Percent: 23,78%
Leech
	 Rating: 5151
	 Multiplicative Factor: 0%
	 DR Bracket: 0
	 Base: 0%
	 Effective Percent: 5,05%
Avoidance
	 Rating: 0
	 Multiplicative Factor: 0%
	 DR Bracket: 0
	 Base: 0%
	 Effective Percent: 0%
Mastery
	 Rating: 4740
	 Multiplicative Factor: 0%
	 DR Bracket: 0
	 Base: 21%
	 Effective Percent: 31,16%
----------------------
03:15,302

Intellect
	 Rating: 138812
	 Multiplicative Factor: 14,73%
Stamina
	 Rating: 872714
	 Multiplicative Factor: 11,3%
Crit
	 Rating: 23782
	 Multiplicative Factor: 0%
	 DR Bracket: 1
	 Base: 9%
	 Effective Percent: 42,58%
	 Crit Inc Heal: 2
	 Crit Inc Damage: 2
Haste
	 Rating: 23105
	 Multiplicative Factor: 0%
	 DR Bracket: 1
	 Base: 4%
	 Effective Percent: 39,89%
Vers
	 Rating: 16209
	 Multiplicative Factor: 0%
	 DR Bracket: 0
	 Base: 3%
	 Effective Percent: 23,78%
Leech
	 Rating: 5151
	 Multiplicative Factor: 0%
	 DR Bracket: 0
	 Base: 0%
	 Effective Percent: 5,05%
Avoidance
	 Rating: 0
	 Multiplicative Factor: 0%
	 DR Bracket: 0
	 Base: 0%
	 Effective Percent: 0%
Mastery
	 Rating: 4740
	 Multiplicative Factor: 0%
	 DR Bracket: 0
	 Base: 21%
	 Effective Percent: 31,16%
----------------------
03:21,980

Intellect
	 Rating: 138812
	 Multiplicative Factor: 14,73%
Stamina
	 Rating: 872714
	 Multiplicative Factor: 11,3%
Crit
	 Rating: 23782
	 Multiplicative Factor: 0%
	 DR Bracket: 1
	 Base: 9%
	 Effective Percent: 42,58%
	 Crit Inc Heal: 2
	 Crit Inc Damage: 2
Haste
	 Rating: 23105
	 Multiplicative Factor: 0%
	 DR Bracket: 1
	 Base: 5%
	 Effective Percent: 41,23%
Vers
	 Rating: 16209
	 Multiplicative Factor: 0%
	 DR Bracket: 0
	 Base: 3%
	 Effective Percent: 23,78%
Leech
	 Rating: 5151
	 Multiplicative Factor: 0%
	 DR Bracket: 0
	 Base: 0%
	 Effective Percent: 5,05%
Avoidance
	 Rating: 0
	 Multiplicative Factor: 0%
	 DR Bracket: 0
	 Base: 0%
	 Effective Percent: 0%
Mastery
	 Rating: 4740
	 Multiplicative Factor: 0%
	 DR Bracket: 0
	 Base: 21%
	 Effective Percent: 31,16%
----------------------
03:51,569

Intellect
	 Rating: 138812
	 Multiplicative Factor: 14,73%
Stamina
	 Rating: 872714
	 Multiplicative Factor: 11,3%
Crit
	 Rating: 23782
	 Multiplicative Factor: 0%
	 DR Bracket: 1
	 Base: 9%
	 Effective Percent: 42,58%
	 Crit Inc Heal: 2
	 Crit Inc Damage: 2
Haste
	 Rating: 23105
	 Multiplicative Factor: 0%
	 DR Bracket: 1
	 Base: 5%
	 Effective Percent: 41,23%
Vers
	 Rating: 16209
	 Multiplicative Factor: 0%
	 DR Bracket: 0
	 Base: 3%
	 Effective Percent: 23,78%
Leech
	 Rating: 5151
	 Multiplicative Factor: 0%
	 DR Bracket: 0
	 Base: 0%
	 Effective Percent: 5,05%
Avoidance
	 Rating: 0
	 Multiplicative Factor: 0%
	 DR Bracket: 0
	 Base: 0%
	 Effective Percent: 0%
Mastery
	 Rating: 4740
	 Multiplicative Factor: 0%
	 DR Bracket: 0
	 Base: 21%
	 Effective Percent: 31,16%
----------------------
04:15,472

Intellect
	 Rating: 138812
	 Multiplicative Factor: 14,73%
Stamina
	 Rating: 872714
	 Multiplicative Factor: 11,3%
Crit
	 Rating: 23782
	 Multiplicative Factor: 0%
	 DR Bracket: 1
	 Base: 9%
	 Effective Percent: 42,58%
	 Crit Inc Heal: 2
	 Crit Inc Damage: 2
Haste
	 Rating: 23105
	 Multiplicative Factor: 0%
	 DR Bracket: 1
	 Base: 0%
	 Effective Percent: 34,51%
Vers
	 Rating: 16209
	 Multiplicative Factor: 0%
	 DR Bracket: 0
	 Base: 3%
	 Effective Percent: 23,78%
Leech
	 Rating: 5151
	 Multiplicative Factor: 0%
	 DR Bracket: 0
	 Base: 0%
	 Effective Percent: 5,05%
Avoidance
	 Rating: 0
	 Multiplicative Factor: 0%
	 DR Bracket: 0
	 Base: 0%
	 Effective Percent: 0%
Mastery
	 Rating: 4740
	 Multiplicative Factor: 0%
	 DR Bracket: 0
	 Base: 21%
	 Effective Percent: 31,16%
----------------------
04:33,828

Intellect
	 Rating: 142976
	 Multiplicative Factor: 18,17%
Stamina
	 Rating: 872714
	 Multiplicative Factor: 11,3%
Crit
	 Rating: 23782
	 Multiplicative Factor: 0%
	 DR Bracket: 1
	 Base: 9%
	 Effective Percent: 42,58%
	 Crit Inc Heal: 2
	 Crit Inc Damage: 2
Haste
	 Rating: 23105
	 Multiplicative Factor: 0%
	 DR Bracket: 1
	 Base: 0%
	 Effective Percent: 34,51%
Vers
	 Rating: 16209
	 Multiplicative Factor: 0%
	 DR Bracket: 0
	 Base: 3%
	 Effective Percent: 23,78%
Leech
	 Rating: 5151
	 Multiplicative Factor: 0%
	 DR Bracket: 0
	 Base: 0%
	 Effective Percent: 5,05%
Avoidance
	 Rating: 0
	 Multiplicative Factor: 0%
	 DR Bracket: 0
	 Base: 0%
	 Effective Percent: 0%
Mastery
	 Rating: 4740
	 Multiplicative Factor: 0%
	 DR Bracket: 0
	 Base: 21%
	 Effective Percent: 31,16%
----------------------
00:00,000

Intellect
	 Rating: 138812
	 Multiplicative Factor: 14,73%
Stamina
	 Rating: 872714
	 Multiplicative Factor: 11,3%
Crit
	 Rating: 23782
	 Multiplicative Factor: 0%
	 DR Bracket: 1
	 Base: 9%
	 Effective Percent: 42,58%
	 Crit Inc Heal: 2
	 Crit Inc Damage: 2
Haste
	 Rating: 23105
	 Multiplicative Factor: 0%
	 DR Bracket: 1
	 Base: 0%
	 Effective Percent: 34,51%
Vers
	 Rating: 16209
	 Multiplicative Factor: 0%
	 DR Bracket: 0
	 Base: 3%
	 Effective Percent: 23,78%
Leech
	 Rating: 5151
	 Multiplicative Factor: 0%
	 DR Bracket: 0
	 Base: 0%
	 Effective Percent: 5,05%
Avoidance
	 Rating: 0
	 Multiplicative Factor: 0%
	 DR Bracket: 0
	 Base: 0%
	 Effective Percent: 0%
Mastery
	 Rating: 4740
	 Multiplicative Factor: 0%
	 DR Bracket: 0
	 Base: 21%
	 Effective Percent: 31,16%
----------------------
04:33,828

Intellect
	 Rating: 138812
	 Multiplicative Factor: 14,73%
Stamina
	 Rating: 872714
	 Multiplicative Factor: 11,3%
Crit
	 Rating: 23782
	 Multiplicative Factor: 0%
	 DR Bracket: 1
	 Base: 9%
	 Effective Percent: 42,58%
	 Crit Inc Heal: 2
	 Crit Inc Damage: 2
Haste
	 Rating: 26428
	 Multiplicative Factor: 0%
	 DR Bracket: 2
	 Base: 0%
	 Effective Percent: 39,03%
Vers
	 Rating: 16209
	 Multiplicative Factor: 0%
	 DR Bracket: 0
	 Base: 3%
	 Effective Percent: 23,78%
Leech
	 Rating: 5151
	 Multiplicative Factor: 0%
	 DR Bracket: 0
	 Base: 0%
	 Effective Percent: 5,05%
Avoidance
	 Rating: 0
	 Multiplicative Factor: 0%
	 DR Bracket: 0
	 Base: 0%
	 Effective Percent: 0%
Mastery
	 Rating: 4740
	 Multiplicative Factor: 0%
	 DR Bracket: 0
	 Base: 21%
	 Effective Percent: 31,16%
----------------------
04:33,828

Intellect
	 Rating: 138812
	 Multiplicative Factor: 14,73%
Stamina
	 Rating: 872714
	 Multiplicative Factor: 11,3%
Crit
	 Rating: 23782
	 Multiplicative Factor: 0%
	 DR Bracket: 1
	 Base: 9%
	 Effective Percent: 42,58%
	 Crit Inc Heal: 2
	 Crit Inc Damage: 2
Haste
	 Rating: 26428
	 Multiplicative Factor: 0%
	 DR Bracket: 2
	 Base: 0%
	 Effective Percent: 39,03%
Vers
	 Rating: 16209
	 Multiplicative Factor: 0%
	 DR Bracket: 0
	 Base: 6%
	 Effective Percent: 26,78%
Leech
	 Rating: 5151
	 Multiplicative Factor: 0%
	 DR Bracket: 0
	 Base: 0%
	 Effective Percent: 5,05%
Avoidance
	 Rating: 0
	 Multiplicative Factor: 0%
	 DR Bracket: 0
	 Base: 0%
	 Effective Percent: 0%
Mastery
	 Rating: 4740
	 Multiplicative Factor: 0%
	 DR Bracket: 0
	 Base: 21%
	 Effective Percent: 31,16%
----------------------
00:00,000

Intellect
	 Rating: 138812
	 Multiplicative Factor: 14,73%
Stamina
	 Rating: 872714
	 Multiplicative Factor: 11,3%
Crit
	 Rating: 23782
	 Multiplicative Factor: 0%
	 DR Bracket: 1
	 Base: 9%
	 Effective Percent: 42,58%
	 Crit Inc Heal: 2
	 Crit Inc Damage: 2
Haste
	 Rating: 26428
	 Multiplicative Factor: 0%
	 DR Bracket: 2
	 Base: 0%
	 Effective Percent: 39,03%
Vers
	 Rating: 16209
	 Multiplicative Factor: 0%
	 DR Bracket: 0
	 Base: 3%
	 Effective Percent: 23,78%
Leech
	 Rating: 5151
	 Multiplicative Factor: 0%
	 DR Bracket: 0
	 Base: 0%
	 Effective Percent: 5,05%
Avoidance
	 Rating: 0
	 Multiplicative Factor: 0%
	 DR Bracket: 0
	 Base: 0%
	 Effective Percent: 0%
Mastery
	 Rating: 4740
	 Multiplicative Factor: 0%
	 DR Bracket: 0
	 Base: 21%
	 Effective Percent: 31,16%
----------------------
04:33,829

Intellect
	 Rating: 138812
	 Multiplicative Factor: 14,73%
Stamina
	 Rating: 916350
	 Multiplicative Factor: 16,87%
Crit
	 Rating: 23782
	 Multiplicative Factor: 0%
	 DR Bracket: 1
	 Base: 9%
	 Effective Percent: 42,58%
	 Crit Inc Heal: 2
	 Crit Inc Damage: 2
Haste
	 Rating: 26428
	 Multiplicative Factor: 0%
	 DR Bracket: 2
	 Base: 0%
	 Effective Percent: 39,03%
Vers
	 Rating: 16209
	 Multiplicative Factor: 0%
	 DR Bracket: 0
	 Base: 3%
	 Effective Percent: 23,78%
Leech
	 Rating: 5151
	 Multiplicative Factor: 0%
	 DR Bracket: 0
	 Base: 0%
	 Effective Percent: 5,05%
Avoidance
	 Rating: 0
	 Multiplicative Factor: 0%
	 DR Bracket: 0
	 Base: 0%
	 Effective Percent: 0%
Mastery
	 Rating: 4740
	 Multiplicative Factor: 0%
	 DR Bracket: 0
	 Base: 21%
	 Effective Percent: 31,16%
----------------------
00:00,000

Intellect
	 Rating: 138812
	 Multiplicative Factor: 14,73%
Stamina
	 Rating: 872714
	 Multiplicative Factor: 11,3%
Crit
	 Rating: 23782
	 Multiplicative Factor: 0%
	 DR Bracket: 1
	 Base: 9%
	 Effective Percent: 42,58%
	 Crit Inc Heal: 2
	 Crit Inc Damage: 2
Haste
	 Rating: 26428
	 Multiplicative Factor: 0%
	 DR Bracket: 2
	 Base: 0%
	 Effective Percent: 39,03%
Vers
	 Rating: 16209
	 Multiplicative Factor: 0%
	 DR Bracket: 0
	 Base: 3%
	 Effective Percent: 23,78%
Leech
	 Rating: 5151
	 Multiplicative Factor: 0%
	 DR Bracket: 0
	 Base: 0%
	 Effective Percent: 5,05%
Avoidance
	 Rating: 0
	 Multiplicative Factor: 0%
	 DR Bracket: 0
	 Base: 0%
	 Effective Percent: 0%
Mastery
	 Rating: 4740
	 Multiplicative Factor: 0%
	 DR Bracket: 0
	 Base: 21%
	 Effective Percent: 31,16%
----------------------
04:33,829

Intellect
	 Rating: 138812
	 Multiplicative Factor: 14,73%
Stamina
	 Rating: 872714
	 Multiplicative Factor: 11,3%
Crit
	 Rating: 23782
	 Multiplicative Factor: 0%
	 DR Bracket: 1
	 Base: 9%
	 Effective Percent: 42,58%
	 Crit Inc Heal: 2
	 Crit Inc Damage: 2
Haste
	 Rating: 26428
	 Multiplicative Factor: 0%
	 DR Bracket: 2
	 Base: 0%
	 Effective Percent: 39,03%
Vers
	 Rating: 16209
	 Multiplicative Factor: 0%
	 DR Bracket: 0
	 Base: 3%
	 Effective Percent: 23,78%
Leech
	 Rating: 5151
	 Multiplicative Factor: 0%
	 DR Bracket: 0
	 Base: 0%
	 Effective Percent: 5,05%
Avoidance
	 Rating: 0
	 Multiplicative Factor: 0%
	 DR Bracket: 0
	 Base: 0%
	 Effective Percent: 0%
Mastery
	 Rating: 4740
	 Multiplicative Factor: 0%
	 DR Bracket: 0
	 Base: 24%
	 Effective Percent: 34,16%
----------------------
00:00,000

Intellect
	 Rating: 138812
	 Multiplicative Factor: 14,73%
Stamina
	 Rating: 872714
	 Multiplicative Factor: 11,3%
Crit
	 Rating: 23782
	 Multiplicative Factor: 0%
	 DR Bracket: 1
	 Base: 9%
	 Effective Percent: 42,58%
	 Crit Inc Heal: 2
	 Crit Inc Damage: 2
Haste
	 Rating: 26428
	 Multiplicative Factor: 0%
	 DR Bracket: 2
	 Base: 0%
	 Effective Percent: 39,03%
Vers
	 Rating: 16209
	 Multiplicative Factor: 0%
	 DR Bracket: 0
	 Base: 3%
	 Effective Percent: 23,78%
Leech
	 Rating: 5151
	 Multiplicative Factor: 0%
	 DR Bracket: 0
	 Base: 0%
	 Effective Percent: 5,05%
Avoidance
	 Rating: 0
	 Multiplicative Factor: 0%
	 DR Bracket: 0
	 Base: 0%
	 Effective Percent: 0%
Mastery
	 Rating: 4740
	 Multiplicative Factor: 0%
	 DR Bracket: 0
	 Base: 21%
	 Effective Percent: 31,16%
----------------------
04:43,215

Intellect
	 Rating: 138812
	 Multiplicative Factor: 14,73%
Stamina
	 Rating: 872714
	 Multiplicative Factor: 11,3%
Crit
	 Rating: 23782
	 Multiplicative Factor: 0%
	 DR Bracket: 1
	 Base: 9%
	 Effective Percent: 42,58%
	 Crit Inc Heal: 2
	 Crit Inc Damage: 2
Haste
	 Rating: 26428
	 Multiplicative Factor: 0%
	 DR Bracket: 2
	 Base: 1%
	 Effective Percent: 40,42%
Vers
	 Rating: 16209
	 Multiplicative Factor: 0%
	 DR Bracket: 0
	 Base: 3%
	 Effective Percent: 23,78%
Leech
	 Rating: 5151
	 Multiplicative Factor: 0%
	 DR Bracket: 0
	 Base: 0%
	 Effective Percent: 5,05%
Avoidance
	 Rating: 0
	 Multiplicative Factor: 0%
	 DR Bracket: 0
	 Base: 0%
	 Effective Percent: 0%
Mastery
	 Rating: 4740
	 Multiplicative Factor: 0%
	 DR Bracket: 0
	 Base: 21%
	 Effective Percent: 31,16%
----------------------
04:45,509

Intellect
	 Rating: 138812
	 Multiplicative Factor: 14,73%
Stamina
	 Rating: 872714
	 Multiplicative Factor: 11,3%
Crit
	 Rating: 23782
	 Multiplicative Factor: 0%
	 DR Bracket: 1
	 Base: 9%
	 Effective Percent: 42,58%
	 Crit Inc Heal: 2
	 Crit Inc Damage: 2
Haste
	 Rating: 26428
	 Multiplicative Factor: 0%
	 DR Bracket: 2
	 Base: 2%
	 Effective Percent: 41,81%
Vers
	 Rating: 16209
	 Multiplicative Factor: 0%
	 DR Bracket: 0
	 Base: 3%
	 Effective Percent: 23,78%
Leech
	 Rating: 5151
	 Multiplicative Factor: 0%
	 DR Bracket: 0
	 Base: 0%
	 Effective Percent: 5,05%
Avoidance
	 Rating: 0
	 Multiplicative Factor: 0%
	 DR Bracket: 0
	 Base: 0%
	 Effective Percent: 0%
Mastery
	 Rating: 4740
	 Multiplicative Factor: 0%
	 DR Bracket: 0
	 Base: 21%
	 Effective Percent: 31,16%
----------------------
04:48,551

Intellect
	 Rating: 138812
	 Multiplicative Factor: 14,73%
Stamina
	 Rating: 872714
	 Multiplicative Factor: 11,3%
Crit
	 Rating: 23782
	 Multiplicative Factor: 0%
	 DR Bracket: 1
	 Base: 9%
	 Effective Percent: 42,58%
	 Crit Inc Heal: 2
	 Crit Inc Damage: 2
Haste
	 Rating: 26428
	 Multiplicative Factor: 0%
	 DR Bracket: 2
	 Base: 2%
	 Effective Percent: 41,81%
Vers
	 Rating: 16209
	 Multiplicative Factor: 0%
	 DR Bracket: 0
	 Base: 3%
	 Effective Percent: 23,78%
Leech
	 Rating: 5151
	 Multiplicative Factor: 0%
	 DR Bracket: 0
	 Base: 0%
	 Effective Percent: 5,05%
Avoidance
	 Rating: 0
	 Multiplicative Factor: 0%
	 DR Bracket: 0
	 Base: 0%
	 Effective Percent: 0%
Mastery
	 Rating: 4740
	 Multiplicative Factor: 0%
	 DR Bracket: 0
	 Base: 18%
	 Effective Percent: 28,16%
----------------------
04:48,552

Intellect
	 Rating: 138812
	 Multiplicative Factor: 14,73%
Stamina
	 Rating: 872714
	 Multiplicative Factor: 11,3%
Crit
	 Rating: 23782
	 Multiplicative Factor: 0%
	 DR Bracket: 1
	 Base: 9%
	 Effective Percent: 42,58%
	 Crit Inc Heal: 2
	 Crit Inc Damage: 2
Haste
	 Rating: 26428
	 Multiplicative Factor: 0%
	 DR Bracket: 2
	 Base: 2%
	 Effective Percent: 41,81%
Vers
	 Rating: 16209
	 Multiplicative Factor: 0%
	 DR Bracket: 0
	 Base: 3%
	 Effective Percent: 23,78%
Leech
	 Rating: 5151
	 Multiplicative Factor: 0%
	 DR Bracket: 0
	 Base: 0%
	 Effective Percent: 5,05%
Avoidance
	 Rating: 0
	 Multiplicative Factor: 0%
	 DR Bracket: 0
	 Base: 0%
	 Effective Percent: 0%
Mastery
	 Rating: 4740
	 Multiplicative Factor: 0%
	 DR Bracket: 0
	 Base: 21%
	 Effective Percent: 31,16%
----------------------
04:50,053

Intellect
	 Rating: 138812
	 Multiplicative Factor: 14,73%
Stamina
	 Rating: 872714
	 Multiplicative Factor: 11,3%
Crit
	 Rating: 23782
	 Multiplicative Factor: 0%
	 DR Bracket: 1
	 Base: 9%
	 Effective Percent: 42,58%
	 Crit Inc Heal: 2
	 Crit Inc Damage: 2
Haste
	 Rating: 26428
	 Multiplicative Factor: 0%
	 DR Bracket: 2
	 Base: 3%
	 Effective Percent: 43,2%
Vers
	 Rating: 16209
	 Multiplicative Factor: 0%
	 DR Bracket: 0
	 Base: 3%
	 Effective Percent: 23,78%
Leech
	 Rating: 5151
	 Multiplicative Factor: 0%
	 DR Bracket: 0
	 Base: 0%
	 Effective Percent: 5,05%
Avoidance
	 Rating: 0
	 Multiplicative Factor: 0%
	 DR Bracket: 0
	 Base: 0%
	 Effective Percent: 0%
Mastery
	 Rating: 4740
	 Multiplicative Factor: 0%
	 DR Bracket: 0
	 Base: 21%
	 Effective Percent: 31,16%
----------------------
04:54,554

Intellect
	 Rating: 138812
	 Multiplicative Factor: 14,73%
Stamina
	 Rating: 872714
	 Multiplicative Factor: 11,3%
Crit
	 Rating: 23782
	 Multiplicative Factor: 0%
	 DR Bracket: 1
	 Base: 9%
	 Effective Percent: 42,58%
	 Crit Inc Heal: 2
	 Crit Inc Damage: 2
Haste
	 Rating: 26428
	 Multiplicative Factor: 0%
	 DR Bracket: 2
	 Base: 4%
	 Effective Percent: 44,6%
Vers
	 Rating: 16209
	 Multiplicative Factor: 0%
	 DR Bracket: 0
	 Base: 3%
	 Effective Percent: 23,78%
Leech
	 Rating: 5151
	 Multiplicative Factor: 0%
	 DR Bracket: 0
	 Base: 0%
	 Effective Percent: 5,05%
Avoidance
	 Rating: 0
	 Multiplicative Factor: 0%
	 DR Bracket: 0
	 Base: 0%
	 Effective Percent: 0%
Mastery
	 Rating: 4740
	 Multiplicative Factor: 0%
	 DR Bracket: 0
	 Base: 21%
	 Effective Percent: 31,16%
----------------------
04:59,934

Intellect
	 Rating: 138812
	 Multiplicative Factor: 14,73%
Stamina
	 Rating: 872714
	 Multiplicative Factor: 11,3%
Crit
	 Rating: 23782
	 Multiplicative Factor: 0%
	 DR Bracket: 1
	 Base: 9%
	 Effective Percent: 42,58%
	 Crit Inc Heal: 2
	 Crit Inc Damage: 2
Haste
	 Rating: 26428
	 Multiplicative Factor: 0%
	 DR Bracket: 2
	 Base: 5%
	 Effective Percent: 45,99%
Vers
	 Rating: 16209
	 Multiplicative Factor: 0%
	 DR Bracket: 0
	 Base: 3%
	 Effective Percent: 23,78%
Leech
	 Rating: 5151
	 Multiplicative Factor: 0%
	 DR Bracket: 0
	 Base: 0%
	 Effective Percent: 5,05%
Avoidance
	 Rating: 0
	 Multiplicative Factor: 0%
	 DR Bracket: 0
	 Base: 0%
	 Effective Percent: 0%
Mastery
	 Rating: 4740
	 Multiplicative Factor: 0%
	 DR Bracket: 0
	 Base: 21%
	 Effective Percent: 31,16%
----------------------
05:55,934

Intellect
	 Rating: 138812
	 Multiplicative Factor: 14,73%
Stamina
	 Rating: 872714
	 Multiplicative Factor: 11,3%
Crit
	 Rating: 23782
	 Multiplicative Factor: 0%
	 DR Bracket: 1
	 Base: 9%
	 Effective Percent: 42,58%
	 Crit Inc Heal: 2
	 Crit Inc Damage: 2
Haste
	 Rating: 26428
	 Multiplicative Factor: 0%
	 DR Bracket: 2
	 Base: 0%
	 Effective Percent: 39,03%
Vers
	 Rating: 16209
	 Multiplicative Factor: 0%
	 DR Bracket: 0
	 Base: 3%
	 Effective Percent: 23,78%
Leech
	 Rating: 5151
	 Multiplicative Factor: 0%
	 DR Bracket: 0
	 Base: 0%
	 Effective Percent: 5,05%
Avoidance
	 Rating: 0
	 Multiplicative Factor: 0%
	 DR Bracket: 0
	 Base: 0%
	 Effective Percent: 0%
Mastery
	 Rating: 4740
	 Multiplicative Factor: 0%
	 DR Bracket: 0
	 Base: 21%
	 Effective Percent: 31,16%
----------------------
06:00,241

Intellect
	 Rating: 138812
	 Multiplicative Factor: 14,73%
Stamina
	 Rating: 872714
	 Multiplicative Factor: 11,3%
Crit
	 Rating: 23782
	 Multiplicative Factor: 0%
	 DR Bracket: 1
	 Base: 9%
	 Effective Percent: 42,58%
	 Crit Inc Heal: 2
	 Crit Inc Damage: 2
Haste
	 Rating: 26428
	 Multiplicative Factor: 0%
	 DR Bracket: 2
	 Base: 1%
	 Effective Percent: 40,42%
Vers
	 Rating: 16209
	 Multiplicative Factor: 0%
	 DR Bracket: 0
	 Base: 3%
	 Effective Percent: 23,78%
Leech
	 Rating: 5151
	 Multiplicative Factor: 0%
	 DR Bracket: 0
	 Base: 0%
	 Effective Percent: 5,05%
Avoidance
	 Rating: 0
	 Multiplicative Factor: 0%
	 DR Bracket: 0
	 Base: 0%
	 Effective Percent: 0%
Mastery
	 Rating: 4740
	 Multiplicative Factor: 0%
	 DR Bracket: 0
	 Base: 21%
	 Effective Percent: 31,16%
----------------------
06:00,559

Intellect
	 Rating: 138812
	 Multiplicative Factor: 14,73%
Stamina
	 Rating: 872714
	 Multiplicative Factor: 11,3%
Crit
	 Rating: 23782
	 Multiplicative Factor: 0%
	 DR Bracket: 1
	 Base: 9%
	 Effective Percent: 42,58%
	 Crit Inc Heal: 2
	 Crit Inc Damage: 2
Haste
	 Rating: 26428
	 Multiplicative Factor: 0%
	 DR Bracket: 2
	 Base: 31%
	 Effective Percent: 82,13%
Vers
	 Rating: 16209
	 Multiplicative Factor: 0%
	 DR Bracket: 0
	 Base: 3%
	 Effective Percent: 23,78%
Leech
	 Rating: 5151
	 Multiplicative Factor: 0%
	 DR Bracket: 0
	 Base: 0%
	 Effective Percent: 5,05%
Avoidance
	 Rating: 0
	 Multiplicative Factor: 0%
	 DR Bracket: 0
	 Base: 0%
	 Effective Percent: 0%
Mastery
	 Rating: 4740
	 Multiplicative Factor: 0%
	 DR Bracket: 0
	 Base: 21%
	 Effective Percent: 31,16%
----------------------
06:04,278

Intellect
	 Rating: 138812
	 Multiplicative Factor: 14,73%
Stamina
	 Rating: 872714
	 Multiplicative Factor: 11,3%
Crit
	 Rating: 23782
	 Multiplicative Factor: 0%
	 DR Bracket: 1
	 Base: 9%
	 Effective Percent: 42,58%
	 Crit Inc Heal: 2
	 Crit Inc Damage: 2
Haste
	 Rating: 26428
	 Multiplicative Factor: 0%
	 DR Bracket: 2
	 Base: 32%
	 Effective Percent: 83,52%
Vers
	 Rating: 16209
	 Multiplicative Factor: 0%
	 DR Bracket: 0
	 Base: 3%
	 Effective Percent: 23,78%
Leech
	 Rating: 5151
	 Multiplicative Factor: 0%
	 DR Bracket: 0
	 Base: 0%
	 Effective Percent: 5,05%
Avoidance
	 Rating: 0
	 Multiplicative Factor: 0%
	 DR Bracket: 0
	 Base: 0%
	 Effective Percent: 0%
Mastery
	 Rating: 4740
	 Multiplicative Factor: 0%
	 DR Bracket: 0
	 Base: 21%
	 Effective Percent: 31,16%
----------------------
06:08,828

Intellect
	 Rating: 138812
	 Multiplicative Factor: 14,73%
Stamina
	 Rating: 872714
	 Multiplicative Factor: 11,3%
Crit
	 Rating: 23782
	 Multiplicative Factor: 0%
	 DR Bracket: 1
	 Base: 9%
	 Effective Percent: 42,58%
	 Crit Inc Heal: 2
	 Crit Inc Damage: 2
Haste
	 Rating: 26428
	 Multiplicative Factor: 0%
	 DR Bracket: 2
	 Base: 33%
	 Effective Percent: 84,92%
Vers
	 Rating: 16209
	 Multiplicative Factor: 0%
	 DR Bracket: 0
	 Base: 3%
	 Effective Percent: 23,78%
Leech
	 Rating: 5151
	 Multiplicative Factor: 0%
	 DR Bracket: 0
	 Base: 0%
	 Effective Percent: 5,05%
Avoidance
	 Rating: 0
	 Multiplicative Factor: 0%
	 DR Bracket: 0
	 Base: 0%
	 Effective Percent: 0%
Mastery
	 Rating: 4740
	 Multiplicative Factor: 0%
	 DR Bracket: 0
	 Base: 21%
	 Effective Percent: 31,16%
----------------------
06:13,152

Intellect
	 Rating: 138812
	 Multiplicative Factor: 14,73%
Stamina
	 Rating: 872714
	 Multiplicative Factor: 11,3%
Crit
	 Rating: 23782
	 Multiplicative Factor: 0%
	 DR Bracket: 1
	 Base: 9%
	 Effective Percent: 42,58%
	 Crit Inc Heal: 2
	 Crit Inc Damage: 2
Haste
	 Rating: 26428
	 Multiplicative Factor: 0%
	 DR Bracket: 2
	 Base: 34%
	 Effective Percent: 86,31%
Vers
	 Rating: 16209
	 Multiplicative Factor: 0%
	 DR Bracket: 0
	 Base: 3%
	 Effective Percent: 23,78%
Leech
	 Rating: 5151
	 Multiplicative Factor: 0%
	 DR Bracket: 0
	 Base: 0%
	 Effective Percent: 5,05%
Avoidance
	 Rating: 0
	 Multiplicative Factor: 0%
	 DR Bracket: 0
	 Base: 0%
	 Effective Percent: 0%
Mastery
	 Rating: 4740
	 Multiplicative Factor: 0%
	 DR Bracket: 0
	 Base: 21%
	 Effective Percent: 31,16%
----------------------
06:15,724

Intellect
	 Rating: 138812
	 Multiplicative Factor: 14,73%
Stamina
	 Rating: 872714
	 Multiplicative Factor: 11,3%
Crit
	 Rating: 23782
	 Multiplicative Factor: 0%
	 DR Bracket: 1
	 Base: 9%
	 Effective Percent: 42,58%
	 Crit Inc Heal: 2
	 Crit Inc Damage: 2
Haste
	 Rating: 26428
	 Multiplicative Factor: 0%
	 DR Bracket: 2
	 Base: 35%
	 Effective Percent: 87,7%
Vers
	 Rating: 16209
	 Multiplicative Factor: 0%
	 DR Bracket: 0
	 Base: 3%
	 Effective Percent: 23,78%
Leech
	 Rating: 5151
	 Multiplicative Factor: 0%
	 DR Bracket: 0
	 Base: 0%
	 Effective Percent: 5,05%
Avoidance
	 Rating: 0
	 Multiplicative Factor: 0%
	 DR Bracket: 0
	 Base: 0%
	 Effective Percent: 0%
Mastery
	 Rating: 4740
	 Multiplicative Factor: 0%
	 DR Bracket: 0
	 Base: 21%
	 Effective Percent: 31,16%
----------------------
06:17,682

Intellect
	 Rating: 138812
	 Multiplicative Factor: 14,73%
Stamina
	 Rating: 831156
	 Multiplicative Factor: 6%
Crit
	 Rating: 23782
	 Multiplicative Factor: 0%
	 DR Bracket: 1
	 Base: 9%
	 Effective Percent: 42,58%
	 Crit Inc Heal: 2
	 Crit Inc Damage: 2
Haste
	 Rating: 26428
	 Multiplicative Factor: 0%
	 DR Bracket: 2
	 Base: 35%
	 Effective Percent: 87,7%
Vers
	 Rating: 16209
	 Multiplicative Factor: 0%
	 DR Bracket: 0
	 Base: 3%
	 Effective Percent: 23,78%
Leech
	 Rating: 5151
	 Multiplicative Factor: 0%
	 DR Bracket: 0
	 Base: 0%
	 Effective Percent: 5,05%
Avoidance
	 Rating: 0
	 Multiplicative Factor: 0%
	 DR Bracket: 0
	 Base: 0%
	 Effective Percent: 0%
Mastery
	 Rating: 4740
	 Multiplicative Factor: 0%
	 DR Bracket: 0
	 Base: 21%
	 Effective Percent: 31,16%
----------------------
06:17,682

Intellect
	 Rating: 138812
	 Multiplicative Factor: 14,73%
Stamina
	 Rating: 872714
	 Multiplicative Factor: 11,3%
Crit
	 Rating: 23782
	 Multiplicative Factor: 0%
	 DR Bracket: 1
	 Base: 9%
	 Effective Percent: 42,58%
	 Crit Inc Heal: 2
	 Crit Inc Damage: 2
Haste
	 Rating: 26428
	 Multiplicative Factor: 0%
	 DR Bracket: 2
	 Base: 35%
	 Effective Percent: 87,7%
Vers
	 Rating: 16209
	 Multiplicative Factor: 0%
	 DR Bracket: 0
	 Base: 3%
	 Effective Percent: 23,78%
Leech
	 Rating: 5151
	 Multiplicative Factor: 0%
	 DR Bracket: 0
	 Base: 0%
	 Effective Percent: 5,05%
Avoidance
	 Rating: 0
	 Multiplicative Factor: 0%
	 DR Bracket: 0
	 Base: 0%
	 Effective Percent: 0%
Mastery
	 Rating: 4740
	 Multiplicative Factor: 0%
	 DR Bracket: 0
	 Base: 21%
	 Effective Percent: 31,16%
----------------------
06:40,579

Intellect
	 Rating: 138812
	 Multiplicative Factor: 14,73%
Stamina
	 Rating: 872714
	 Multiplicative Factor: 11,3%
Crit
	 Rating: 23782
	 Multiplicative Factor: 0%
	 DR Bracket: 1
	 Base: 9%
	 Effective Percent: 42,58%
	 Crit Inc Heal: 2
	 Crit Inc Damage: 2
Haste
	 Rating: 26428
	 Multiplicative Factor: 0%
	 DR Bracket: 2
	 Base: 5%
	 Effective Percent: 45,99%
Vers
	 Rating: 16209
	 Multiplicative Factor: 0%
	 DR Bracket: 0
	 Base: 3%
	 Effective Percent: 23,78%
Leech
	 Rating: 5151
	 Multiplicative Factor: 0%
	 DR Bracket: 0
	 Base: 0%
	 Effective Percent: 5,05%
Avoidance
	 Rating: 0
	 Multiplicative Factor: 0%
	 DR Bracket: 0
	 Base: 0%
	 Effective Percent: 0%
Mastery
	 Rating: 4740
	 Multiplicative Factor: 0%
	 DR Bracket: 0
	 Base: 21%
	 Effective Percent: 31,16%
----------------------
07:17,525

Intellect
	 Rating: 138812
	 Multiplicative Factor: 14,73%
Stamina
	 Rating: 872714
	 Multiplicative Factor: 11,3%
Crit
	 Rating: 23782
	 Multiplicative Factor: 0%
	 DR Bracket: 1
	 Base: 9%
	 Effective Percent: 42,58%
	 Crit Inc Heal: 2
	 Crit Inc Damage: 2
Haste
	 Rating: 26428
	 Multiplicative Factor: 0%
	 DR Bracket: 2
	 Base: 0%
	 Effective Percent: 39,03%
Vers
	 Rating: 16209
	 Multiplicative Factor: 0%
	 DR Bracket: 0
	 Base: 3%
	 Effective Percent: 23,78%
Leech
	 Rating: 5151
	 Multiplicative Factor: 0%
	 DR Bracket: 0
	 Base: 0%
	 Effective Percent: 5,05%
Avoidance
	 Rating: 0
	 Multiplicative Factor: 0%
	 DR Bracket: 0
	 Base: 0%
	 Effective Percent: 0%
Mastery
	 Rating: 4740
	 Multiplicative Factor: 0%
	 DR Bracket: 0
	 Base: 21%
	 Effective Percent: 31,16%
----------------------
07:23,595

Intellect
	 Rating: 138812
	 Multiplicative Factor: 14,73%
Stamina
	 Rating: 872714
	 Multiplicative Factor: 11,3%
Crit
	 Rating: 23782
	 Multiplicative Factor: 0%
	 DR Bracket: 1
	 Base: 9%
	 Effective Percent: 42,58%
	 Crit Inc Heal: 2
	 Crit Inc Damage: 2
Haste
	 Rating: 26428
	 Multiplicative Factor: 0%
	 DR Bracket: 2
	 Base: 0%
	 Effective Percent: 39,03%
Vers
	 Rating: 16209
	 Multiplicative Factor: 0%
	 DR Bracket: 0
	 Base: 3%
	 Effective Percent: 23,78%
Leech
	 Rating: 5151
	 Multiplicative Factor: 0%
	 DR Bracket: 0
	 Base: 0%
	 Effective Percent: 5,05%
Avoidance
	 Rating: 0
	 Multiplicative Factor: 0%
	 DR Bracket: 0
	 Base: 0%
	 Effective Percent: 0%
Mastery
	 Rating: 4740
	 Multiplicative Factor: 0%
	 DR Bracket: 0
	 Base: 18%
	 Effective Percent: 28,16%
----------------------
07:23,595

Intellect
	 Rating: 138812
	 Multiplicative Factor: 14,73%
Stamina
	 Rating: 831156
	 Multiplicative Factor: 6%
Crit
	 Rating: 23782
	 Multiplicative Factor: 0%
	 DR Bracket: 1
	 Base: 9%
	 Effective Percent: 42,58%
	 Crit Inc Heal: 2
	 Crit Inc Damage: 2
Haste
	 Rating: 26428
	 Multiplicative Factor: 0%
	 DR Bracket: 2
	 Base: 0%
	 Effective Percent: 39,03%
Vers
	 Rating: 16209
	 Multiplicative Factor: 0%
	 DR Bracket: 0
	 Base: 3%
	 Effective Percent: 23,78%
Leech
	 Rating: 5151
	 Multiplicative Factor: 0%
	 DR Bracket: 0
	 Base: 0%
	 Effective Percent: 5,05%
Avoidance
	 Rating: 0
	 Multiplicative Factor: 0%
	 DR Bracket: 0
	 Base: 0%
	 Effective Percent: 0%
Mastery
	 Rating: 4740
	 Multiplicative Factor: 0%
	 DR Bracket: 0
	 Base: 18%
	 Effective Percent: 28,16%
----------------------
07:23,595

Intellect
	 Rating: 138812
	 Multiplicative Factor: 14,73%
Stamina
	 Rating: 831156
	 Multiplicative Factor: 6%
Crit
	 Rating: 23782
	 Multiplicative Factor: 0%
	 DR Bracket: 1
	 Base: 9%
	 Effective Percent: 42,58%
	 Crit Inc Heal: 2
	 Crit Inc Damage: 2
Haste
	 Rating: 26428
	 Multiplicative Factor: 0%
	 DR Bracket: 2
	 Base: 0%
	 Effective Percent: 39,03%
Vers
	 Rating: 16209
	 Multiplicative Factor: 0%
	 DR Bracket: 0
	 Base: 0%
	 Effective Percent: 20,78%
Leech
	 Rating: 5151
	 Multiplicative Factor: 0%
	 DR Bracket: 0
	 Base: 0%
	 Effective Percent: 5,05%
Avoidance
	 Rating: 0
	 Multiplicative Factor: 0%
	 DR Bracket: 0
	 Base: 0%
	 Effective Percent: 0%
Mastery
	 Rating: 4740
	 Multiplicative Factor: 0%
	 DR Bracket: 0
	 Base: 18%
	 Effective Percent: 28,16%
----------------------
07:23,596

Intellect
	 Rating: 134769
	 Multiplicative Factor: 11,38%
Stamina
	 Rating: 831156
	 Multiplicative Factor: 6%
Crit
	 Rating: 23782
	 Multiplicative Factor: 0%
	 DR Bracket: 1
	 Base: 9%
	 Effective Percent: 42,58%
	 Crit Inc Heal: 2
	 Crit Inc Damage: 2
Haste
	 Rating: 26428
	 Multiplicative Factor: 0%
	 DR Bracket: 2
	 Base: 0%
	 Effective Percent: 39,03%
Vers
	 Rating: 16209
	 Multiplicative Factor: 0%
	 DR Bracket: 0
	 Base: 0%
	 Effective Percent: 20,78%
Leech
	 Rating: 5151
	 Multiplicative Factor: 0%
	 DR Bracket: 0
	 Base: 0%
	 Effective Percent: 5,05%
Avoidance
	 Rating: 0
	 Multiplicative Factor: 0%
	 DR Bracket: 0
	 Base: 0%
	 Effective Percent: 0%
Mastery
	 Rating: 4740
	 Multiplicative Factor: 0%
	 DR Bracket: 0
	 Base: 18%
	 Effective Percent: 28,16%
