----------------------
00:00,429

Intellect
	 Rating: 152337
	 Multiplicative Factor: 14,73%
Stamina
	 Rating: 831156
	 Multiplicative Factor: 6%
Crit
	 Rating: 28024
	 Multiplicative Factor: 0%
	 DR Bracket: 2
	 Base: 9%
	 Effective Percent: 48,03%
	 Crit Inc Heal: 2
	 Crit Inc Damage: 2
Haste
	 Rating: 16357
	 Multiplicative Factor: 0%
	 DR Bracket: 0
	 Base: 30%
	 Effective Percent: 62,22%
Vers
	 Rating: 13798
	 Multiplicative Factor: 0%
	 DR Bracket: 0
	 Base: 3%
	 Effective Percent: 20,69%
Leech
	 Rating: 5151
	 Multiplicative Factor: 0%
	 DR Bracket: 0
	 Base: 0%
	 Effective Percent: 5,05%
Avoidance
	 Rating: 0
	 Multiplicative Factor: 0%
	 DR Bracket: 0
	 Base: 0%
	 Effective Percent: 0%
Mastery
	 Rating: 4740
	 Multiplicative Factor: 0%
	 DR Bracket: 0
	 Base: 21%
	 Effective Percent: 31,16%
----------------------
00:03,262

Intellect
	 Rating: 152337
	 Multiplicative Factor: 14,73%
Stamina
	 Rating: 831156
	 Multiplicative Factor: 6%
Crit
	 Rating: 28024
	 Multiplicative Factor: 0%
	 DR Bracket: 2
	 Base: 9%
	 Effective Percent: 48,03%
	 Crit Inc Heal: 2
	 Crit Inc Damage: 2
Haste
	 Rating: 16357
	 Multiplicative Factor: 0%
	 DR Bracket: 0
	 Base: 31%
	 Effective Percent: 63,47%
Vers
	 Rating: 13798
	 Multiplicative Factor: 0%
	 DR Bracket: 0
	 Base: 3%
	 Effective Percent: 20,69%
Leech
	 Rating: 5151
	 Multiplicative Factor: 0%
	 DR Bracket: 0
	 Base: 0%
	 Effective Percent: 5,05%
Avoidance
	 Rating: 0
	 Multiplicative Factor: 0%
	 DR Bracket: 0
	 Base: 0%
	 Effective Percent: 0%
Mastery
	 Rating: 4740
	 Multiplicative Factor: 0%
	 DR Bracket: 0
	 Base: 21%
	 Effective Percent: 31,16%
----------------------
00:07,880

Intellect
	 Rating: 152337
	 Multiplicative Factor: 14,73%
Stamina
	 Rating: 831156
	 Multiplicative Factor: 6%
Crit
	 Rating: 28024
	 Multiplicative Factor: 0%
	 DR Bracket: 2
	 Base: 9%
	 Effective Percent: 48,03%
	 Crit Inc Heal: 2
	 Crit Inc Damage: 2
Haste
	 Rating: 16357
	 Multiplicative Factor: 0%
	 DR Bracket: 0
	 Base: 32%
	 Effective Percent: 64,71%
Vers
	 Rating: 13798
	 Multiplicative Factor: 0%
	 DR Bracket: 0
	 Base: 3%
	 Effective Percent: 20,69%
Leech
	 Rating: 5151
	 Multiplicative Factor: 0%
	 DR Bracket: 0
	 Base: 0%
	 Effective Percent: 5,05%
Avoidance
	 Rating: 0
	 Multiplicative Factor: 0%
	 DR Bracket: 0
	 Base: 0%
	 Effective Percent: 0%
Mastery
	 Rating: 4740
	 Multiplicative Factor: 0%
	 DR Bracket: 0
	 Base: 21%
	 Effective Percent: 31,16%
----------------------
00:10,632

Intellect
	 Rating: 152337
	 Multiplicative Factor: 14,73%
Stamina
	 Rating: 831156
	 Multiplicative Factor: 6%
Crit
	 Rating: 28024
	 Multiplicative Factor: 0%
	 DR Bracket: 2
	 Base: 9%
	 Effective Percent: 48,03%
	 Crit Inc Heal: 2
	 Crit Inc Damage: 2
Haste
	 Rating: 16357
	 Multiplicative Factor: 0%
	 DR Bracket: 0
	 Base: 33%
	 Effective Percent: 65,96%
Vers
	 Rating: 13798
	 Multiplicative Factor: 0%
	 DR Bracket: 0
	 Base: 3%
	 Effective Percent: 20,69%
Leech
	 Rating: 5151
	 Multiplicative Factor: 0%
	 DR Bracket: 0
	 Base: 0%
	 Effective Percent: 5,05%
Avoidance
	 Rating: 0
	 Multiplicative Factor: 0%
	 DR Bracket: 0
	 Base: 0%
	 Effective Percent: 0%
Mastery
	 Rating: 4740
	 Multiplicative Factor: 0%
	 DR Bracket: 0
	 Base: 21%
	 Effective Percent: 31,16%
----------------------
00:14,255

Intellect
	 Rating: 152337
	 Multiplicative Factor: 14,73%
Stamina
	 Rating: 831156
	 Multiplicative Factor: 6%
Crit
	 Rating: 28024
	 Multiplicative Factor: 0%
	 DR Bracket: 2
	 Base: 9%
	 Effective Percent: 48,03%
	 Crit Inc Heal: 2
	 Crit Inc Damage: 2
Haste
	 Rating: 16357
	 Multiplicative Factor: 0%
	 DR Bracket: 0
	 Base: 34%
	 Effective Percent: 67,21%
Vers
	 Rating: 13798
	 Multiplicative Factor: 0%
	 DR Bracket: 0
	 Base: 3%
	 Effective Percent: 20,69%
Leech
	 Rating: 5151
	 Multiplicative Factor: 0%
	 DR Bracket: 0
	 Base: 0%
	 Effective Percent: 5,05%
Avoidance
	 Rating: 0
	 Multiplicative Factor: 0%
	 DR Bracket: 0
	 Base: 0%
	 Effective Percent: 0%
Mastery
	 Rating: 4740
	 Multiplicative Factor: 0%
	 DR Bracket: 0
	 Base: 21%
	 Effective Percent: 31,16%
----------------------
00:17,817

Intellect
	 Rating: 152337
	 Multiplicative Factor: 14,73%
Stamina
	 Rating: 831156
	 Multiplicative Factor: 6%
Crit
	 Rating: 28024
	 Multiplicative Factor: 0%
	 DR Bracket: 2
	 Base: 9%
	 Effective Percent: 48,03%
	 Crit Inc Heal: 2
	 Crit Inc Damage: 2
Haste
	 Rating: 16357
	 Multiplicative Factor: 0%
	 DR Bracket: 0
	 Base: 35%
	 Effective Percent: 68,46%
Vers
	 Rating: 13798
	 Multiplicative Factor: 0%
	 DR Bracket: 0
	 Base: 3%
	 Effective Percent: 20,69%
Leech
	 Rating: 5151
	 Multiplicative Factor: 0%
	 DR Bracket: 0
	 Base: 0%
	 Effective Percent: 5,05%
Avoidance
	 Rating: 0
	 Multiplicative Factor: 0%
	 DR Bracket: 0
	 Base: 0%
	 Effective Percent: 0%
Mastery
	 Rating: 4740
	 Multiplicative Factor: 0%
	 DR Bracket: 0
	 Base: 21%
	 Effective Percent: 31,16%
----------------------
00:40,454

Intellect
	 Rating: 152337
	 Multiplicative Factor: 14,73%
Stamina
	 Rating: 831156
	 Multiplicative Factor: 6%
Crit
	 Rating: 28024
	 Multiplicative Factor: 0%
	 DR Bracket: 2
	 Base: 9%
	 Effective Percent: 48,03%
	 Crit Inc Heal: 2
	 Crit Inc Damage: 2
Haste
	 Rating: 16357
	 Multiplicative Factor: 0%
	 DR Bracket: 0
	 Base: 5%
	 Effective Percent: 31,02%
Vers
	 Rating: 13798
	 Multiplicative Factor: 0%
	 DR Bracket: 0
	 Base: 3%
	 Effective Percent: 20,69%
Leech
	 Rating: 5151
	 Multiplicative Factor: 0%
	 DR Bracket: 0
	 Base: 0%
	 Effective Percent: 5,05%
Avoidance
	 Rating: 0
	 Multiplicative Factor: 0%
	 DR Bracket: 0
	 Base: 0%
	 Effective Percent: 0%
Mastery
	 Rating: 4740
	 Multiplicative Factor: 0%
	 DR Bracket: 0
	 Base: 21%
	 Effective Percent: 31,16%
----------------------
01:08,987

Intellect
	 Rating: 152337
	 Multiplicative Factor: 14,73%
Stamina
	 Rating: 831156
	 Multiplicative Factor: 6%
Crit
	 Rating: 28024
	 Multiplicative Factor: 0%
	 DR Bracket: 2
	 Base: 9%
	 Effective Percent: 48,03%
	 Crit Inc Heal: 2
	 Crit Inc Damage: 2
Haste
	 Rating: 16357
	 Multiplicative Factor: 0%
	 DR Bracket: 0
	 Base: 5%
	 Effective Percent: 31,02%
Vers
	 Rating: 13798
	 Multiplicative Factor: 0%
	 DR Bracket: 0
	 Base: 3%
	 Effective Percent: 20,69%
Leech
	 Rating: 5151
	 Multiplicative Factor: 0%
	 DR Bracket: 0
	 Base: 0%
	 Effective Percent: 5,05%
Avoidance
	 Rating: 0
	 Multiplicative Factor: 0%
	 DR Bracket: 0
	 Base: 0%
	 Effective Percent: 0%
Mastery
	 Rating: 4740
	 Multiplicative Factor: 0%
	 DR Bracket: 0
	 Base: 21%
	 Effective Percent: 31,16%
----------------------
01:48,677

Intellect
	 Rating: 152337
	 Multiplicative Factor: 14,73%
Stamina
	 Rating: 831156
	 Multiplicative Factor: 6%
Crit
	 Rating: 28024
	 Multiplicative Factor: 0%
	 DR Bracket: 2
	 Base: 9%
	 Effective Percent: 48,03%
	 Crit Inc Heal: 2
	 Crit Inc Damage: 2
Haste
	 Rating: 16357
	 Multiplicative Factor: 0%
	 DR Bracket: 0
	 Base: 5%
	 Effective Percent: 31,02%
Vers
	 Rating: 13798
	 Multiplicative Factor: 0%
	 DR Bracket: 0
	 Base: 3%
	 Effective Percent: 20,69%
Leech
	 Rating: 5151
	 Multiplicative Factor: 0%
	 DR Bracket: 0
	 Base: 0%
	 Effective Percent: 5,05%
Avoidance
	 Rating: 0
	 Multiplicative Factor: 0%
	 DR Bracket: 0
	 Base: 0%
	 Effective Percent: 0%
Mastery
	 Rating: 4740
	 Multiplicative Factor: 0%
	 DR Bracket: 0
	 Base: 24%
	 Effective Percent: 34,16%
----------------------
01:48,677

Intellect
	 Rating: 152337
	 Multiplicative Factor: 14,73%
Stamina
	 Rating: 831156
	 Multiplicative Factor: 6%
Crit
	 Rating: 28024
	 Multiplicative Factor: 0%
	 DR Bracket: 2
	 Base: 9%
	 Effective Percent: 48,03%
	 Crit Inc Heal: 2
	 Crit Inc Damage: 2
Haste
	 Rating: 16357
	 Multiplicative Factor: 0%
	 DR Bracket: 0
	 Base: 5%
	 Effective Percent: 31,02%
Vers
	 Rating: 13798
	 Multiplicative Factor: 0%
	 DR Bracket: 0
	 Base: 3%
	 Effective Percent: 20,69%
Leech
	 Rating: 5151
	 Multiplicative Factor: 0%
	 DR Bracket: 0
	 Base: 0%
	 Effective Percent: 5,05%
Avoidance
	 Rating: 0
	 Multiplicative Factor: 0%
	 DR Bracket: 0
	 Base: 0%
	 Effective Percent: 0%
Mastery
	 Rating: 4740
	 Multiplicative Factor: 0%
	 DR Bracket: 0
	 Base: 21%
	 Effective Percent: 31,16%
