Holy Shock
	Intellect
		Heal: 78,51602829504925
		Damage: 0,9294448181045063
	Mastery
		Heal: 112,72082427216762
-------------------
Sun Sear
	Intellect
		Heal: 7,6760095587069355
	Mastery
		Heal: 11,76127590327752
-------------------
Holy Prism
	Intellect
		Heal: 28,51104522400877
		Damage: 4,240996214682089
	Mastery
		Heal: 39,1061093924082
-------------------
Holy Ritual
	Intellect
		Heal: 1,3639505646895327
	Mastery
		Heal: 2,1565750671097463
-------------------
Pillar of Lights
	Intellect
		Heal: 19,861264975889597
	Mastery
		Heal: 30,63151352184123
-------------------
Overflowing Light
	Intellect
		Heal: 11,71173939236668
	Mastery
		Heal: 15,844667765903267
-------------------
Eternal Flame
	Intellect
		Heal: 147,7548853579104
	Mastery
		Heal: 224,86460609727138
-------------------
Dawnlight
	Intellect
		Heal: 83,12839550327624
	Mastery
		Heal: 126,94667058568103
-------------------
Flash of Light
	Intellect
		Heal: 50,933172242431205
	Mastery
		Heal: 76,04178249684556
-------------------
Light of Dawn
	Intellect
		Heal: 22,473452212017705
	Mastery
		Heal: 34,67195743880694
-------------------
Judgment
	Intellect
		Heal: 0,1667777707267095
		Damage: 5,097274608618456
-------------------
Greater Judgment
	Intellect
		Heal: 2,1684503880242665
-------------------
Judgment of Light
	Intellect
		Heal: 1,6742039341479764
	Mastery
		Heal: 2,3980792161251947
-------------------
Crusader Strike
	Intellect
		Heal: 0,042348893422289695
		Damage: 1,268462562983628
-------------------
Saved by the Light
	Intellect
		Heal: 11,589999233729335
-------------------
Sun's Avatar
	Intellect
		Heal: 25,611241015431727
		Damage: 1,4442328985388881
	Mastery
		Heal: 39,09151909322382
-------------------
Lay on Hands
	Stamina
		Heal: 0,35491127081155066
-------------------
Hammer of Wrath
	Intellect
		Heal: 0,051315381572697535
		Damage: 1,4915951563833798
-------------------
Consecration
	Intellect
		Heal: 0,035155479112334555
		Damage: 1,0155248068451488
-------------------
