-----------
Acid Rain
-----------
Capacitor Totem
-----------
Chain Heal
	Eff: 254,8660611238545
-----------
Chain Lightning
-----------
Downpour
-----------
Earth Elemental
-----------
Earth Shield
	Eff: 65,46216287565153
-----------
Earthbind Totem
-----------
Earthgrab Totem
-----------
Earthliving Weapon
	Eff: 563,6850474672692
-----------
Far Sight
-----------
Flame Shock
-----------
Flametongue Attack
-----------
Flametongue Weapon
-----------
Frost Shock
-----------
Ghost Wolf
-----------
Greater Purge
-----------
Gust of Wind
-----------
Healing Rain
-----------
Healing Surge
	Eff: 779,7549716817631
-----------
Healing Stream
-----------
Healing Stream Totem
-----------
Healing Wave
	Eff: 1003,3541589829204
-----------
Hex
-----------
Lava Burst
-----------
Lightning Bolt
-----------
Lightning Shield
-----------
Nature's Guardian
-----------
Overflowing Shores
-----------
Poison Cleansing Totem
-----------
Primal Strike
-----------
Purge
-----------
Purify Spirit
-----------
Reactive Warding
-----------
Riptide
	Eff: 1040,37951828382
-----------
Skyfury
-----------
Spirit Link Totem
-----------
Tidewaters
-----------
Tremor Totem
-----------
Unleash Life
-----------
Water Shield
-----------
Water Walking
-----------
Wind Rush Totem
-----------
Leech
	Eff: 73,39178264947805
-----------
Blessing of Summer
-----------
Holy Bulwark
-----------
ZeroCIMDummy
-----------
Cloudburst Totem
-----------
Earthen Wall Totem
-----------
Earthen Wall
-----------
Loom'ithar's Living Silk
-----------
Whispering Waves
-----------
Voidglass Barrier
-----------
Ethereal Reconstitution
	Eff: 144,8310720442038
-----------
Arcane Restoration
-----------
Ethereal Guard
	Eff: 1121,166469149117
-----------
Nose For Trouble
-----------
Shattered Soul's Embrace
-----------
Recall Cloudburst Totem
-----------
Cloudburst
-----------
Totemic Recall
-----------
Restorative Mists
-----------
Hydrobubble
-----------
Ancestral Swiftness
-----------
Healing Tide Totem
-----------
Tempered Potion
-----------
Healing Tide
-----------
Spiritwalker's Grace
-----------
Ascendance
-----------
Lesser Bulwark
-----------
Spirit Link
-----------
Totemic Projection
-----------
Astral Shift
