-----------
Acid Rain
-----------
Capacitor Totem
-----------
Chain Heal
	Eff: 4,394678398966789E-09
-----------
Chain Lightning
-----------
Downpour
-----------
Earth Elemental
-----------
Earth Shield
	Eff: 1,3387762010097504E-09
-----------
Earthbind Totem
-----------
Earthgrab Totem
-----------
Earthliving Weapon
	Eff: 776,4241341426459
-----------
Far Sight
-----------
Flame Shock
-----------
Flametongue Attack
-----------
Flametongue Weapon
-----------
Frost Shock
-----------
Ghost Wolf
-----------
Greater Purge
-----------
Gust of Wind
-----------
Healing Rain
-----------
Healing Surge
	Eff: 177,48069135047626
-----------
Healing Stream
-----------
Healing Stream Totem
-----------
Healing Wave
	Eff: 777,3990013953753
-----------
Hex
-----------
Lava Burst
-----------
Lightning Bolt
-----------
Lightning Shield
-----------
Nature's Guardian
-----------
Overflowing Shores
-----------
Poison Cleansing Totem
-----------
Primal Strike
-----------
Purge
-----------
Purify Spirit
-----------
Reactive Warding
-----------
Riptide
	Eff: 273,4313581064415
-----------
Skyfury
-----------
Spirit Link Totem
-----------
Tidewaters
-----------
Tremor Totem
-----------
Unleash Life
-----------
Water Shield
-----------
Water Walking
-----------
Wind Rush Totem
-----------
Leech
	Eff: 54,94140674662049
-----------
Blessing of Summer
-----------
Holy Bulwark
-----------
ZeroCIMDummy
-----------
Cloudburst Totem
-----------
Earthen Wall Totem
-----------
Earthen Wall
-----------
Loom'ithar's Living Silk
-----------
Whispering Waves
-----------
Voidglass Barrier
-----------
Ethereal Reconstitution
	Eff: 161,01312614162453
-----------
Arcane Restoration
-----------
Ethereal Guard
	Eff: 698,6942031596991
-----------
Nose For Trouble
-----------
Shattered Soul's Embrace
-----------
Recall Cloudburst Totem
-----------
Cloudburst
-----------
Totemic Recall
-----------
Restorative Mists
-----------
Hydrobubble
-----------
Ancestral Swiftness
-----------
Healing Tide Totem
-----------
Tempered Potion
-----------
Healing Tide
-----------
Spiritwalker's Grace
-----------
Ascendance
-----------
Lesser Bulwark
-----------
Spirit Link
-----------
Totemic Projection
-----------
Astral Shift
