-----------
Acid Rain
-----------
Capacitor Totem
-----------
Chain Heal
	Eff: 168,69660674783518
-----------
Chain Lightning
-----------
Downpour
-----------
Earth Elemental
-----------
Earth Shield
	Eff: 47,13921459362609
-----------
Earthbind Totem
-----------
Earthgrab Totem
-----------
Earthliving Weapon
	Eff: 419,44735562267306
-----------
Far Sight
-----------
Flame Shock
-----------
Flametongue Attack
-----------
Flametongue Weapon
-----------
Frost Shock
-----------
Ghost Wolf
-----------
Greater Purge
-----------
Gust of Wind
-----------
Healing Rain
-----------
Healing Surge
	Eff: 530,1311848060213
-----------
Healing Stream
-----------
Healing Stream Totem
-----------
Healing Wave
	Eff: 813,8317868787626
-----------
Hex
-----------
Lava Burst
-----------
Lightning Bolt
-----------
Lightning Shield
-----------
Nature's Guardian
-----------
Overflowing Shores
-----------
Poison Cleansing Totem
-----------
Primal Strike
-----------
Purge
-----------
Purify Spirit
-----------
Reactive Warding
-----------
Riptide
	Eff: 761,1720702788223
-----------
Skyfury
-----------
Spirit Link Totem
-----------
Tidewaters
-----------
Tremor Totem
-----------
Unleash Life
-----------
Water Shield
-----------
Water Walking
-----------
Wind Rush Totem
-----------
Leech
	Eff: 47,37700697816763
-----------
Blessing of Summer
-----------
Holy Bulwark
-----------
ZeroCIMDummy
-----------
Cloudburst Totem
-----------
Earthen Wall Totem
-----------
Earthen Wall
-----------
Loom'ithar's Living Silk
-----------
Whispering Waves
-----------
Voidglass Barrier
-----------
Ethereal Reconstitution
-----------
Arcane Restoration
-----------
Ethereal Guard
-----------
Nose For Trouble
-----------
Shattered Soul's Embrace
-----------
Recall Cloudburst Totem
-----------
Cloudburst
-----------
Totemic Recall
-----------
Restorative Mists
-----------
Hydrobubble
-----------
Ancestral Swiftness
-----------
Healing Tide Totem
-----------
Tempered Potion
-----------
Healing Tide
-----------
Spiritwalker's Grace
-----------
Ascendance
-----------
Lesser Bulwark
-----------
Spirit Link
-----------
Totemic Projection
-----------
Astral Shift
