----------------------
00:00,090

Intellect
	 Rating: 139779
	 Multiplicative Factor: 8,15%
	 Eff: 139779,00000000003
Stamina
	 Rating: 814714
	 Multiplicative Factor: 5%
	 Eff: 814713,9999999999
Crit
	 Rating: 16874
	 Multiplicative Factor: 0%
	 Eff: 20374
	 DR Bracket: 0
	 Base: 5%
	 Effective Percent: 29,11%
	 Crit Inc Heal: 2
	 Crit Inc Damage: 2
Haste
	 Rating: 34045
	 Multiplicative Factor: 0%
	 Eff: 31751,5
	 DR Bracket: 3
	 Base: 0%
	 Effective Percent: 48,11%
Vers
	 Rating: 5111
	 Multiplicative Factor: 0%
	 Eff: 7451
	 DR Bracket: 0
	 Base: 3%
	 Effective Percent: 9,55%
Leech
	 Rating: 3979
	 Multiplicative Factor: 0%
	 Eff: 3979
	 DR Bracket: 0
	 Base: 0%
	 Effective Percent: 3,9%
Avoidance
	 Rating: 0
	 Multiplicative Factor: 0%
	 Eff: 0
	 DR Bracket: 0
	 Base: 0%
	 Effective Percent: 0%
Mastery
	 Rating: 5161
	 Multiplicative Factor: 0%
	 Eff: 12161
	 DR Bracket: 0
	 Base: 30%
	 Effective Percent: 52,12%
----------------------
00:05,223

Intellect
	 Rating: 139779
	 Multiplicative Factor: 8,15%
	 Eff: 139779,00000000003
Stamina
	 Rating: 814714
	 Multiplicative Factor: 5%
	 Eff: 814713,9999999999
Crit
	 Rating: 16874
	 Multiplicative Factor: 0%
	 Eff: 20374
	 DR Bracket: 0
	 Base: 5%
	 Effective Percent: 29,11%
	 Crit Inc Heal: 2
	 Crit Inc Damage: 2
Haste
	 Rating: 34045
	 Multiplicative Factor: 0%
	 Eff: 61076,95
	 DR Bracket: 3
	 Base: 30%
	 Effective Percent: 92,54%
Vers
	 Rating: 5111
	 Multiplicative Factor: 0%
	 Eff: 7451
	 DR Bracket: 0
	 Base: 3%
	 Effective Percent: 9,55%
Leech
	 Rating: 3979
	 Multiplicative Factor: 0%
	 Eff: 3979
	 DR Bracket: 0
	 Base: 0%
	 Effective Percent: 3,9%
Avoidance
	 Rating: 0
	 Multiplicative Factor: 0%
	 Eff: 0
	 DR Bracket: 0
	 Base: 0%
	 Effective Percent: 0%
Mastery
	 Rating: 5161
	 Multiplicative Factor: 0%
	 Eff: 12161
	 DR Bracket: 0
	 Base: 30%
	 Effective Percent: 52,12%
----------------------
00:10,354

Intellect
	 Rating: 139779
	 Multiplicative Factor: 8,15%
	 Eff: 139779,00000000003
Stamina
	 Rating: 814714
	 Multiplicative Factor: 5%
	 Eff: 814713,9999999999
Crit
	 Rating: 16874
	 Multiplicative Factor: 0%
	 Eff: 20374
	 DR Bracket: 0
	 Base: 5%
	 Effective Percent: 29,11%
	 Crit Inc Heal: 2
	 Crit Inc Damage: 2
Haste
	 Rating: 34045
	 Multiplicative Factor: 0%
	 Eff: 61076,95
	 DR Bracket: 3
	 Base: 30%
	 Effective Percent: 92,54%
Vers
	 Rating: 5111
	 Multiplicative Factor: 0%
	 Eff: 7451
	 DR Bracket: 0
	 Base: 3%
	 Effective Percent: 9,55%
Leech
	 Rating: 3979
	 Multiplicative Factor: 0%
	 Eff: 3979
	 DR Bracket: 0
	 Base: 0%
	 Effective Percent: 3,9%
Avoidance
	 Rating: 0
	 Multiplicative Factor: 0%
	 Eff: 0
	 DR Bracket: 0
	 Base: 0%
	 Effective Percent: 0%
Mastery
	 Rating: 5161
	 Multiplicative Factor: 0%
	 Eff: 12161
	 DR Bracket: 0
	 Base: 30%
	 Effective Percent: 52,12%
----------------------
00:15,407

Intellect
	 Rating: 139779
	 Multiplicative Factor: 8,15%
	 Eff: 139779,00000000003
Stamina
	 Rating: 814714
	 Multiplicative Factor: 5%
	 Eff: 814713,9999999999
Crit
	 Rating: 16874
	 Multiplicative Factor: 0%
	 Eff: 20374
	 DR Bracket: 0
	 Base: 5%
	 Effective Percent: 29,11%
	 Crit Inc Heal: 2
	 Crit Inc Damage: 2
Haste
	 Rating: 34045
	 Multiplicative Factor: 0%
	 Eff: 61076,95
	 DR Bracket: 3
	 Base: 30%
	 Effective Percent: 92,54%
Vers
	 Rating: 5111
	 Multiplicative Factor: 0%
	 Eff: 7451
	 DR Bracket: 0
	 Base: 3%
	 Effective Percent: 9,55%
Leech
	 Rating: 3979
	 Multiplicative Factor: 0%
	 Eff: 3979
	 DR Bracket: 0
	 Base: 0%
	 Effective Percent: 3,9%
Avoidance
	 Rating: 0
	 Multiplicative Factor: 0%
	 Eff: 0
	 DR Bracket: 0
	 Base: 0%
	 Effective Percent: 0%
Mastery
	 Rating: 5161
	 Multiplicative Factor: 0%
	 Eff: 12161
	 DR Bracket: 0
	 Base: 30%
	 Effective Percent: 52,12%
----------------------
00:20,421

Intellect
	 Rating: 139779
	 Multiplicative Factor: 8,15%
	 Eff: 139779,00000000003
Stamina
	 Rating: 814714
	 Multiplicative Factor: 5%
	 Eff: 814713,9999999999
Crit
	 Rating: 16874
	 Multiplicative Factor: 0%
	 Eff: 20374
	 DR Bracket: 0
	 Base: 5%
	 Effective Percent: 29,11%
	 Crit Inc Heal: 2
	 Crit Inc Damage: 2
Haste
	 Rating: 34045
	 Multiplicative Factor: 0%
	 Eff: 61076,95
	 DR Bracket: 3
	 Base: 30%
	 Effective Percent: 92,54%
Vers
	 Rating: 5111
	 Multiplicative Factor: 0%
	 Eff: 7451
	 DR Bracket: 0
	 Base: 3%
	 Effective Percent: 9,55%
Leech
	 Rating: 3979
	 Multiplicative Factor: 0%
	 Eff: 3979
	 DR Bracket: 0
	 Base: 0%
	 Effective Percent: 3,9%
Avoidance
	 Rating: 0
	 Multiplicative Factor: 0%
	 Eff: 0
	 DR Bracket: 0
	 Base: 0%
	 Effective Percent: 0%
Mastery
	 Rating: 5161
	 Multiplicative Factor: 0%
	 Eff: 12161
	 DR Bracket: 0
	 Base: 30%
	 Effective Percent: 52,12%
----------------------
00:25,450

Intellect
	 Rating: 139779
	 Multiplicative Factor: 8,15%
	 Eff: 139779,00000000003
Stamina
	 Rating: 814714
	 Multiplicative Factor: 5%
	 Eff: 814713,9999999999
Crit
	 Rating: 16874
	 Multiplicative Factor: 0%
	 Eff: 20374
	 DR Bracket: 0
	 Base: 5%
	 Effective Percent: 29,11%
	 Crit Inc Heal: 2
	 Crit Inc Damage: 2
Haste
	 Rating: 34045
	 Multiplicative Factor: 0%
	 Eff: 61076,95
	 DR Bracket: 3
	 Base: 30%
	 Effective Percent: 92,54%
Vers
	 Rating: 5111
	 Multiplicative Factor: 0%
	 Eff: 7451
	 DR Bracket: 0
	 Base: 3%
	 Effective Percent: 9,55%
Leech
	 Rating: 3979
	 Multiplicative Factor: 0%
	 Eff: 3979
	 DR Bracket: 0
	 Base: 0%
	 Effective Percent: 3,9%
Avoidance
	 Rating: 0
	 Multiplicative Factor: 0%
	 Eff: 0
	 DR Bracket: 0
	 Base: 0%
	 Effective Percent: 0%
Mastery
	 Rating: 5161
	 Multiplicative Factor: 0%
	 Eff: 12161
	 DR Bracket: 0
	 Base: 30%
	 Effective Percent: 52,12%
----------------------
00:30,571

Intellect
	 Rating: 139779
	 Multiplicative Factor: 8,15%
	 Eff: 139779,00000000003
Stamina
	 Rating: 814714
	 Multiplicative Factor: 5%
	 Eff: 814713,9999999999
Crit
	 Rating: 16874
	 Multiplicative Factor: 0%
	 Eff: 20374
	 DR Bracket: 0
	 Base: 5%
	 Effective Percent: 29,11%
	 Crit Inc Heal: 2
	 Crit Inc Damage: 2
Haste
	 Rating: 34045
	 Multiplicative Factor: 0%
	 Eff: 61076,95
	 DR Bracket: 3
	 Base: 30%
	 Effective Percent: 92,54%
Vers
	 Rating: 5111
	 Multiplicative Factor: 0%
	 Eff: 7451
	 DR Bracket: 0
	 Base: 3%
	 Effective Percent: 9,55%
Leech
	 Rating: 3979
	 Multiplicative Factor: 0%
	 Eff: 3979
	 DR Bracket: 0
	 Base: 0%
	 Effective Percent: 3,9%
Avoidance
	 Rating: 0
	 Multiplicative Factor: 0%
	 Eff: 0
	 DR Bracket: 0
	 Base: 0%
	 Effective Percent: 0%
Mastery
	 Rating: 5161
	 Multiplicative Factor: 0%
	 Eff: 12161
	 DR Bracket: 0
	 Base: 30%
	 Effective Percent: 52,12%
----------------------
00:35,610

Intellect
	 Rating: 139779
	 Multiplicative Factor: 8,15%
	 Eff: 139779,00000000003
Stamina
	 Rating: 814714
	 Multiplicative Factor: 5%
	 Eff: 814713,9999999999
Crit
	 Rating: 16874
	 Multiplicative Factor: 0%
	 Eff: 20374
	 DR Bracket: 0
	 Base: 5%
	 Effective Percent: 29,11%
	 Crit Inc Heal: 2
	 Crit Inc Damage: 2
Haste
	 Rating: 34045
	 Multiplicative Factor: 0%
	 Eff: 61076,95
	 DR Bracket: 3
	 Base: 30%
	 Effective Percent: 92,54%
Vers
	 Rating: 5111
	 Multiplicative Factor: 0%
	 Eff: 7451
	 DR Bracket: 0
	 Base: 3%
	 Effective Percent: 9,55%
Leech
	 Rating: 3979
	 Multiplicative Factor: 0%
	 Eff: 3979
	 DR Bracket: 0
	 Base: 0%
	 Effective Percent: 3,9%
Avoidance
	 Rating: 0
	 Multiplicative Factor: 0%
	 Eff: 0
	 DR Bracket: 0
	 Base: 0%
	 Effective Percent: 0%
Mastery
	 Rating: 5161
	 Multiplicative Factor: 0%
	 Eff: 12161
	 DR Bracket: 0
	 Base: 30%
	 Effective Percent: 52,12%
----------------------
00:40,670

Intellect
	 Rating: 139779
	 Multiplicative Factor: 8,15%
	 Eff: 139779,00000000003
Stamina
	 Rating: 814714
	 Multiplicative Factor: 5%
	 Eff: 814713,9999999999
Crit
	 Rating: 16874
	 Multiplicative Factor: 0%
	 Eff: 20374
	 DR Bracket: 0
	 Base: 5%
	 Effective Percent: 29,11%
	 Crit Inc Heal: 2
	 Crit Inc Damage: 2
Haste
	 Rating: 34045
	 Multiplicative Factor: 0%
	 Eff: 61076,95
	 DR Bracket: 3
	 Base: 30%
	 Effective Percent: 92,54%
Vers
	 Rating: 5111
	 Multiplicative Factor: 0%
	 Eff: 7451
	 DR Bracket: 0
	 Base: 3%
	 Effective Percent: 9,55%
Leech
	 Rating: 3979
	 Multiplicative Factor: 0%
	 Eff: 3979
	 DR Bracket: 0
	 Base: 0%
	 Effective Percent: 3,9%
Avoidance
	 Rating: 0
	 Multiplicative Factor: 0%
	 Eff: 0
	 DR Bracket: 0
	 Base: 0%
	 Effective Percent: 0%
Mastery
	 Rating: 5161
	 Multiplicative Factor: 0%
	 Eff: 12161
	 DR Bracket: 0
	 Base: 30%
	 Effective Percent: 52,12%
----------------------
00:45,770

Intellect
	 Rating: 139779
	 Multiplicative Factor: 8,15%
	 Eff: 139779,00000000003
Stamina
	 Rating: 814714
	 Multiplicative Factor: 5%
	 Eff: 814713,9999999999
Crit
	 Rating: 16874
	 Multiplicative Factor: 0%
	 Eff: 20374
	 DR Bracket: 0
	 Base: 5%
	 Effective Percent: 29,11%
	 Crit Inc Heal: 2
	 Crit Inc Damage: 2
Haste
	 Rating: 34045
	 Multiplicative Factor: 0%
	 Eff: 31751,5
	 DR Bracket: 3
	 Base: 0%
	 Effective Percent: 48,11%
Vers
	 Rating: 5111
	 Multiplicative Factor: 0%
	 Eff: 7451
	 DR Bracket: 0
	 Base: 3%
	 Effective Percent: 9,55%
Leech
	 Rating: 3979
	 Multiplicative Factor: 0%
	 Eff: 3979
	 DR Bracket: 0
	 Base: 0%
	 Effective Percent: 3,9%
Avoidance
	 Rating: 0
	 Multiplicative Factor: 0%
	 Eff: 0
	 DR Bracket: 0
	 Base: 0%
	 Effective Percent: 0%
Mastery
	 Rating: 5161
	 Multiplicative Factor: 0%
	 Eff: 12161
	 DR Bracket: 0
	 Base: 30%
	 Effective Percent: 52,12%
----------------------
00:50,816

Intellect
	 Rating: 139779
	 Multiplicative Factor: 8,15%
	 Eff: 139779,00000000003
Stamina
	 Rating: 814714
	 Multiplicative Factor: 5%
	 Eff: 814713,9999999999
Crit
	 Rating: 16874
	 Multiplicative Factor: 0%
	 Eff: 20374
	 DR Bracket: 0
	 Base: 5%
	 Effective Percent: 29,11%
	 Crit Inc Heal: 2
	 Crit Inc Damage: 2
Haste
	 Rating: 34045
	 Multiplicative Factor: 0%
	 Eff: 31751,5
	 DR Bracket: 3
	 Base: 0%
	 Effective Percent: 48,11%
Vers
	 Rating: 5111
	 Multiplicative Factor: 0%
	 Eff: 7451
	 DR Bracket: 0
	 Base: 3%
	 Effective Percent: 9,55%
Leech
	 Rating: 3979
	 Multiplicative Factor: 0%
	 Eff: 3979
	 DR Bracket: 0
	 Base: 0%
	 Effective Percent: 3,9%
Avoidance
	 Rating: 0
	 Multiplicative Factor: 0%
	 Eff: 0
	 DR Bracket: 0
	 Base: 0%
	 Effective Percent: 0%
Mastery
	 Rating: 5161
	 Multiplicative Factor: 0%
	 Eff: 12161
	 DR Bracket: 0
	 Base: 30%
	 Effective Percent: 52,12%
----------------------
00:55,935

Intellect
	 Rating: 139779
	 Multiplicative Factor: 8,15%
	 Eff: 139779,00000000003
Stamina
	 Rating: 814714
	 Multiplicative Factor: 5%
	 Eff: 814713,9999999999
Crit
	 Rating: 16874
	 Multiplicative Factor: 0%
	 Eff: 20374
	 DR Bracket: 0
	 Base: 5%
	 Effective Percent: 29,11%
	 Crit Inc Heal: 2
	 Crit Inc Damage: 2
Haste
	 Rating: 34045
	 Multiplicative Factor: 0%
	 Eff: 31751,5
	 DR Bracket: 3
	 Base: 0%
	 Effective Percent: 48,11%
Vers
	 Rating: 5111
	 Multiplicative Factor: 0%
	 Eff: 7451
	 DR Bracket: 0
	 Base: 3%
	 Effective Percent: 9,55%
Leech
	 Rating: 3979
	 Multiplicative Factor: 0%
	 Eff: 3979
	 DR Bracket: 0
	 Base: 0%
	 Effective Percent: 3,9%
Avoidance
	 Rating: 0
	 Multiplicative Factor: 0%
	 Eff: 0
	 DR Bracket: 0
	 Base: 0%
	 Effective Percent: 0%
Mastery
	 Rating: 5161
	 Multiplicative Factor: 0%
	 Eff: 12161
	 DR Bracket: 0
	 Base: 30%
	 Effective Percent: 52,12%
----------------------
01:00,988

Intellect
	 Rating: 139779
	 Multiplicative Factor: 8,15%
	 Eff: 139779,00000000003
Stamina
	 Rating: 814714
	 Multiplicative Factor: 5%
	 Eff: 814713,9999999999
Crit
	 Rating: 16874
	 Multiplicative Factor: 0%
	 Eff: 20374
	 DR Bracket: 0
	 Base: 5%
	 Effective Percent: 29,11%
	 Crit Inc Heal: 2
	 Crit Inc Damage: 2
Haste
	 Rating: 34045
	 Multiplicative Factor: 0%
	 Eff: 31751,5
	 DR Bracket: 3
	 Base: 0%
	 Effective Percent: 48,11%
Vers
	 Rating: 5111
	 Multiplicative Factor: 0%
	 Eff: 7451
	 DR Bracket: 0
	 Base: 3%
	 Effective Percent: 9,55%
Leech
	 Rating: 3979
	 Multiplicative Factor: 0%
	 Eff: 3979
	 DR Bracket: 0
	 Base: 0%
	 Effective Percent: 3,9%
Avoidance
	 Rating: 0
	 Multiplicative Factor: 0%
	 Eff: 0
	 DR Bracket: 0
	 Base: 0%
	 Effective Percent: 0%
Mastery
	 Rating: 5161
	 Multiplicative Factor: 0%
	 Eff: 12161
	 DR Bracket: 0
	 Base: 30%
	 Effective Percent: 52,12%
----------------------
01:06,029

Intellect
	 Rating: 139779
	 Multiplicative Factor: 8,15%
	 Eff: 139779,00000000003
Stamina
	 Rating: 814714
	 Multiplicative Factor: 5%
	 Eff: 814713,9999999999
Crit
	 Rating: 16874
	 Multiplicative Factor: 0%
	 Eff: 20374
	 DR Bracket: 0
	 Base: 5%
	 Effective Percent: 29,11%
	 Crit Inc Heal: 2
	 Crit Inc Damage: 2
Haste
	 Rating: 34045
	 Multiplicative Factor: 0%
	 Eff: 31751,5
	 DR Bracket: 3
	 Base: 0%
	 Effective Percent: 48,11%
Vers
	 Rating: 5111
	 Multiplicative Factor: 0%
	 Eff: 7451
	 DR Bracket: 0
	 Base: 3%
	 Effective Percent: 9,55%
Leech
	 Rating: 3979
	 Multiplicative Factor: 0%
	 Eff: 3979
	 DR Bracket: 0
	 Base: 0%
	 Effective Percent: 3,9%
Avoidance
	 Rating: 0
	 Multiplicative Factor: 0%
	 Eff: 0
	 DR Bracket: 0
	 Base: 0%
	 Effective Percent: 0%
Mastery
	 Rating: 5161
	 Multiplicative Factor: 0%
	 Eff: 12161
	 DR Bracket: 0
	 Base: 30%
	 Effective Percent: 52,12%
----------------------
01:11,159

Intellect
	 Rating: 139779
	 Multiplicative Factor: 8,15%
	 Eff: 139779,00000000003
Stamina
	 Rating: 814714
	 Multiplicative Factor: 5%
	 Eff: 814713,9999999999
Crit
	 Rating: 16874
	 Multiplicative Factor: 0%
	 Eff: 20374
	 DR Bracket: 0
	 Base: 5%
	 Effective Percent: 29,11%
	 Crit Inc Heal: 2
	 Crit Inc Damage: 2
Haste
	 Rating: 34045
	 Multiplicative Factor: 0%
	 Eff: 31751,5
	 DR Bracket: 3
	 Base: 0%
	 Effective Percent: 48,11%
Vers
	 Rating: 5111
	 Multiplicative Factor: 0%
	 Eff: 7451
	 DR Bracket: 0
	 Base: 3%
	 Effective Percent: 9,55%
Leech
	 Rating: 3979
	 Multiplicative Factor: 0%
	 Eff: 3979
	 DR Bracket: 0
	 Base: 0%
	 Effective Percent: 3,9%
Avoidance
	 Rating: 0
	 Multiplicative Factor: 0%
	 Eff: 0
	 DR Bracket: 0
	 Base: 0%
	 Effective Percent: 0%
Mastery
	 Rating: 5161
	 Multiplicative Factor: 0%
	 Eff: 12161
	 DR Bracket: 0
	 Base: 30%
	 Effective Percent: 52,12%
----------------------
01:16,279

Intellect
	 Rating: 139779
	 Multiplicative Factor: 8,15%
	 Eff: 139779,00000000003
Stamina
	 Rating: 814714
	 Multiplicative Factor: 5%
	 Eff: 814713,9999999999
Crit
	 Rating: 16874
	 Multiplicative Factor: 0%
	 Eff: 20374
	 DR Bracket: 0
	 Base: 5%
	 Effective Percent: 29,11%
	 Crit Inc Heal: 2
	 Crit Inc Damage: 2
Haste
	 Rating: 34045
	 Multiplicative Factor: 0%
	 Eff: 31751,5
	 DR Bracket: 3
	 Base: 0%
	 Effective Percent: 48,11%
Vers
	 Rating: 5111
	 Multiplicative Factor: 0%
	 Eff: 7451
	 DR Bracket: 0
	 Base: 3%
	 Effective Percent: 9,55%
Leech
	 Rating: 3979
	 Multiplicative Factor: 0%
	 Eff: 3979
	 DR Bracket: 0
	 Base: 0%
	 Effective Percent: 3,9%
Avoidance
	 Rating: 0
	 Multiplicative Factor: 0%
	 Eff: 0
	 DR Bracket: 0
	 Base: 0%
	 Effective Percent: 0%
Mastery
	 Rating: 5161
	 Multiplicative Factor: 0%
	 Eff: 12161
	 DR Bracket: 0
	 Base: 30%
	 Effective Percent: 52,12%
----------------------
01:21,359

Intellect
	 Rating: 139779
	 Multiplicative Factor: 8,15%
	 Eff: 139779,00000000003
Stamina
	 Rating: 814714
	 Multiplicative Factor: 5%
	 Eff: 814713,9999999999
Crit
	 Rating: 16874
	 Multiplicative Factor: 0%
	 Eff: 20374
	 DR Bracket: 0
	 Base: 5%
	 Effective Percent: 29,11%
	 Crit Inc Heal: 2
	 Crit Inc Damage: 2
Haste
	 Rating: 34045
	 Multiplicative Factor: 0%
	 Eff: 31751,5
	 DR Bracket: 3
	 Base: 0%
	 Effective Percent: 48,11%
Vers
	 Rating: 5111
	 Multiplicative Factor: 0%
	 Eff: 7451
	 DR Bracket: 0
	 Base: 3%
	 Effective Percent: 9,55%
Leech
	 Rating: 3979
	 Multiplicative Factor: 0%
	 Eff: 3979
	 DR Bracket: 0
	 Base: 0%
	 Effective Percent: 3,9%
Avoidance
	 Rating: 0
	 Multiplicative Factor: 0%
	 Eff: 0
	 DR Bracket: 0
	 Base: 0%
	 Effective Percent: 0%
Mastery
	 Rating: 5161
	 Multiplicative Factor: 0%
	 Eff: 12161
	 DR Bracket: 0
	 Base: 30%
	 Effective Percent: 52,12%
----------------------
01:26,417

Intellect
	 Rating: 139779
	 Multiplicative Factor: 8,15%
	 Eff: 139779,00000000003
Stamina
	 Rating: 814714
	 Multiplicative Factor: 5%
	 Eff: 814713,9999999999
Crit
	 Rating: 16874
	 Multiplicative Factor: 0%
	 Eff: 20374
	 DR Bracket: 0
	 Base: 5%
	 Effective Percent: 29,11%
	 Crit Inc Heal: 2
	 Crit Inc Damage: 2
Haste
	 Rating: 34045
	 Multiplicative Factor: 0%
	 Eff: 31751,5
	 DR Bracket: 3
	 Base: 0%
	 Effective Percent: 48,11%
Vers
	 Rating: 5111
	 Multiplicative Factor: 0%
	 Eff: 7451
	 DR Bracket: 0
	 Base: 3%
	 Effective Percent: 9,55%
Leech
	 Rating: 3979
	 Multiplicative Factor: 0%
	 Eff: 3979
	 DR Bracket: 0
	 Base: 0%
	 Effective Percent: 3,9%
Avoidance
	 Rating: 0
	 Multiplicative Factor: 0%
	 Eff: 0
	 DR Bracket: 0
	 Base: 0%
	 Effective Percent: 0%
Mastery
	 Rating: 5161
	 Multiplicative Factor: 0%
	 Eff: 12161
	 DR Bracket: 0
	 Base: 30%
	 Effective Percent: 52,12%
----------------------
01:31,434

Intellect
	 Rating: 139779
	 Multiplicative Factor: 8,15%
	 Eff: 139779,00000000003
Stamina
	 Rating: 814714
	 Multiplicative Factor: 5%
	 Eff: 814713,9999999999
Crit
	 Rating: 16874
	 Multiplicative Factor: 0%
	 Eff: 20374
	 DR Bracket: 0
	 Base: 5%
	 Effective Percent: 29,11%
	 Crit Inc Heal: 2
	 Crit Inc Damage: 2
Haste
	 Rating: 34045
	 Multiplicative Factor: 0%
	 Eff: 31751,5
	 DR Bracket: 3
	 Base: 0%
	 Effective Percent: 48,11%
Vers
	 Rating: 5111
	 Multiplicative Factor: 0%
	 Eff: 7451
	 DR Bracket: 0
	 Base: 3%
	 Effective Percent: 9,55%
Leech
	 Rating: 3979
	 Multiplicative Factor: 0%
	 Eff: 3979
	 DR Bracket: 0
	 Base: 0%
	 Effective Percent: 3,9%
Avoidance
	 Rating: 0
	 Multiplicative Factor: 0%
	 Eff: 0
	 DR Bracket: 0
	 Base: 0%
	 Effective Percent: 0%
Mastery
	 Rating: 5161
	 Multiplicative Factor: 0%
	 Eff: 12161
	 DR Bracket: 0
	 Base: 30%
	 Effective Percent: 52,12%
----------------------
01:36,516

Intellect
	 Rating: 139779
	 Multiplicative Factor: 8,15%
	 Eff: 139779,00000000003
Stamina
	 Rating: 814714
	 Multiplicative Factor: 5%
	 Eff: 814713,9999999999
Crit
	 Rating: 16874
	 Multiplicative Factor: 0%
	 Eff: 20374
	 DR Bracket: 0
	 Base: 5%
	 Effective Percent: 29,11%
	 Crit Inc Heal: 2
	 Crit Inc Damage: 2
Haste
	 Rating: 34045
	 Multiplicative Factor: 0%
	 Eff: 31751,5
	 DR Bracket: 3
	 Base: 0%
	 Effective Percent: 48,11%
Vers
	 Rating: 5111
	 Multiplicative Factor: 0%
	 Eff: 7451
	 DR Bracket: 0
	 Base: 3%
	 Effective Percent: 9,55%
Leech
	 Rating: 3979
	 Multiplicative Factor: 0%
	 Eff: 3979
	 DR Bracket: 0
	 Base: 0%
	 Effective Percent: 3,9%
Avoidance
	 Rating: 0
	 Multiplicative Factor: 0%
	 Eff: 0
	 DR Bracket: 0
	 Base: 0%
	 Effective Percent: 0%
Mastery
	 Rating: 5161
	 Multiplicative Factor: 0%
	 Eff: 12161
	 DR Bracket: 0
	 Base: 30%
	 Effective Percent: 52,12%
----------------------
01:41,548

Intellect
	 Rating: 139779
	 Multiplicative Factor: 8,15%
	 Eff: 139779,00000000003
Stamina
	 Rating: 814714
	 Multiplicative Factor: 5%
	 Eff: 814713,9999999999
Crit
	 Rating: 16874
	 Multiplicative Factor: 0%
	 Eff: 20374
	 DR Bracket: 0
	 Base: 5%
	 Effective Percent: 29,11%
	 Crit Inc Heal: 2
	 Crit Inc Damage: 2
Haste
	 Rating: 34045
	 Multiplicative Factor: 0%
	 Eff: 31751,5
	 DR Bracket: 3
	 Base: 0%
	 Effective Percent: 48,11%
Vers
	 Rating: 5111
	 Multiplicative Factor: 0%
	 Eff: 7451
	 DR Bracket: 0
	 Base: 3%
	 Effective Percent: 9,55%
Leech
	 Rating: 3979
	 Multiplicative Factor: 0%
	 Eff: 3979
	 DR Bracket: 0
	 Base: 0%
	 Effective Percent: 3,9%
Avoidance
	 Rating: 0
	 Multiplicative Factor: 0%
	 Eff: 0
	 DR Bracket: 0
	 Base: 0%
	 Effective Percent: 0%
Mastery
	 Rating: 5161
	 Multiplicative Factor: 0%
	 Eff: 12161
	 DR Bracket: 0
	 Base: 30%
	 Effective Percent: 52,12%
----------------------
01:47,026

Intellect
	 Rating: 139779
	 Multiplicative Factor: 8,15%
	 Eff: 139779,00000000003
Stamina
	 Rating: 814714
	 Multiplicative Factor: 5%
	 Eff: 814713,9999999999
Crit
	 Rating: 16874
	 Multiplicative Factor: 0%
	 Eff: 20374
	 DR Bracket: 0
	 Base: 5%
	 Effective Percent: 29,11%
	 Crit Inc Heal: 2
	 Crit Inc Damage: 2
Haste
	 Rating: 34045
	 Multiplicative Factor: 0%
	 Eff: 31751,5
	 DR Bracket: 3
	 Base: 0%
	 Effective Percent: 48,11%
Vers
	 Rating: 5111
	 Multiplicative Factor: 0%
	 Eff: 7451
	 DR Bracket: 0
	 Base: 3%
	 Effective Percent: 9,55%
Leech
	 Rating: 3979
	 Multiplicative Factor: 0%
	 Eff: 3979
	 DR Bracket: 0
	 Base: 0%
	 Effective Percent: 3,9%
Avoidance
	 Rating: 0
	 Multiplicative Factor: 0%
	 Eff: 0
	 DR Bracket: 0
	 Base: 0%
	 Effective Percent: 0%
Mastery
	 Rating: 5161
	 Multiplicative Factor: 0%
	 Eff: 12161
	 DR Bracket: 0
	 Base: 30%
	 Effective Percent: 52,12%
----------------------
01:52,166

Intellect
	 Rating: 139779
	 Multiplicative Factor: 8,15%
	 Eff: 139779,00000000003
Stamina
	 Rating: 814714
	 Multiplicative Factor: 5%
	 Eff: 814713,9999999999
Crit
	 Rating: 16874
	 Multiplicative Factor: 0%
	 Eff: 20374
	 DR Bracket: 0
	 Base: 5%
	 Effective Percent: 29,11%
	 Crit Inc Heal: 2
	 Crit Inc Damage: 2
Haste
	 Rating: 34045
	 Multiplicative Factor: 0%
	 Eff: 31751,5
	 DR Bracket: 3
	 Base: 0%
	 Effective Percent: 48,11%
Vers
	 Rating: 5111
	 Multiplicative Factor: 0%
	 Eff: 7451
	 DR Bracket: 0
	 Base: 3%
	 Effective Percent: 9,55%
Leech
	 Rating: 3979
	 Multiplicative Factor: 0%
	 Eff: 3979
	 DR Bracket: 0
	 Base: 0%
	 Effective Percent: 3,9%
Avoidance
	 Rating: 0
	 Multiplicative Factor: 0%
	 Eff: 0
	 DR Bracket: 0
	 Base: 0%
	 Effective Percent: 0%
Mastery
	 Rating: 5161
	 Multiplicative Factor: 0%
	 Eff: 12161
	 DR Bracket: 0
	 Base: 30%
	 Effective Percent: 52,12%
----------------------
01:57,215

Intellect
	 Rating: 139779
	 Multiplicative Factor: 8,15%
	 Eff: 139779,00000000003
Stamina
	 Rating: 814714
	 Multiplicative Factor: 5%
	 Eff: 814713,9999999999
Crit
	 Rating: 16874
	 Multiplicative Factor: 0%
	 Eff: 20374
	 DR Bracket: 0
	 Base: 5%
	 Effective Percent: 29,11%
	 Crit Inc Heal: 2
	 Crit Inc Damage: 2
Haste
	 Rating: 34045
	 Multiplicative Factor: 0%
	 Eff: 31751,5
	 DR Bracket: 3
	 Base: 0%
	 Effective Percent: 48,11%
Vers
	 Rating: 5111
	 Multiplicative Factor: 0%
	 Eff: 7451
	 DR Bracket: 0
	 Base: 3%
	 Effective Percent: 9,55%
Leech
	 Rating: 3979
	 Multiplicative Factor: 0%
	 Eff: 3979
	 DR Bracket: 0
	 Base: 0%
	 Effective Percent: 3,9%
Avoidance
	 Rating: 0
	 Multiplicative Factor: 0%
	 Eff: 0
	 DR Bracket: 0
	 Base: 0%
	 Effective Percent: 0%
Mastery
	 Rating: 5161
	 Multiplicative Factor: 0%
	 Eff: 12161
	 DR Bracket: 0
	 Base: 30%
	 Effective Percent: 52,12%
----------------------
02:02,285

Intellect
	 Rating: 139779
	 Multiplicative Factor: 8,15%
	 Eff: 139779,00000000003
Stamina
	 Rating: 814714
	 Multiplicative Factor: 5%
	 Eff: 814713,9999999999
Crit
	 Rating: 16874
	 Multiplicative Factor: 0%
	 Eff: 20374
	 DR Bracket: 0
	 Base: 5%
	 Effective Percent: 29,11%
	 Crit Inc Heal: 2
	 Crit Inc Damage: 2
Haste
	 Rating: 34045
	 Multiplicative Factor: 0%
	 Eff: 31751,5
	 DR Bracket: 3
	 Base: 0%
	 Effective Percent: 48,11%
Vers
	 Rating: 5111
	 Multiplicative Factor: 0%
	 Eff: 7451
	 DR Bracket: 0
	 Base: 3%
	 Effective Percent: 9,55%
Leech
	 Rating: 3979
	 Multiplicative Factor: 0%
	 Eff: 3979
	 DR Bracket: 0
	 Base: 0%
	 Effective Percent: 3,9%
Avoidance
	 Rating: 0
	 Multiplicative Factor: 0%
	 Eff: 0
	 DR Bracket: 0
	 Base: 0%
	 Effective Percent: 0%
Mastery
	 Rating: 5161
	 Multiplicative Factor: 0%
	 Eff: 12161
	 DR Bracket: 0
	 Base: 30%
	 Effective Percent: 52,12%
----------------------
02:07,388

Intellect
	 Rating: 139779
	 Multiplicative Factor: 8,15%
	 Eff: 139779,00000000003
Stamina
	 Rating: 814714
	 Multiplicative Factor: 5%
	 Eff: 814713,9999999999
Crit
	 Rating: 16874
	 Multiplicative Factor: 0%
	 Eff: 20374
	 DR Bracket: 0
	 Base: 5%
	 Effective Percent: 29,11%
	 Crit Inc Heal: 2
	 Crit Inc Damage: 2
Haste
	 Rating: 34045
	 Multiplicative Factor: 0%
	 Eff: 31751,5
	 DR Bracket: 3
	 Base: 0%
	 Effective Percent: 48,11%
Vers
	 Rating: 5111
	 Multiplicative Factor: 0%
	 Eff: 7451
	 DR Bracket: 0
	 Base: 3%
	 Effective Percent: 9,55%
Leech
	 Rating: 3979
	 Multiplicative Factor: 0%
	 Eff: 3979
	 DR Bracket: 0
	 Base: 0%
	 Effective Percent: 3,9%
Avoidance
	 Rating: 0
	 Multiplicative Factor: 0%
	 Eff: 0
	 DR Bracket: 0
	 Base: 0%
	 Effective Percent: 0%
Mastery
	 Rating: 5161
	 Multiplicative Factor: 0%
	 Eff: 12161
	 DR Bracket: 0
	 Base: 30%
	 Effective Percent: 52,12%
----------------------
02:12,461

Intellect
	 Rating: 139779
	 Multiplicative Factor: 8,15%
	 Eff: 139779,00000000003
Stamina
	 Rating: 814714
	 Multiplicative Factor: 5%
	 Eff: 814713,9999999999
Crit
	 Rating: 16874
	 Multiplicative Factor: 0%
	 Eff: 20374
	 DR Bracket: 0
	 Base: 5%
	 Effective Percent: 29,11%
	 Crit Inc Heal: 2
	 Crit Inc Damage: 2
Haste
	 Rating: 34045
	 Multiplicative Factor: 0%
	 Eff: 31751,5
	 DR Bracket: 3
	 Base: 0%
	 Effective Percent: 48,11%
Vers
	 Rating: 5111
	 Multiplicative Factor: 0%
	 Eff: 7451
	 DR Bracket: 0
	 Base: 3%
	 Effective Percent: 9,55%
Leech
	 Rating: 3979
	 Multiplicative Factor: 0%
	 Eff: 3979
	 DR Bracket: 0
	 Base: 0%
	 Effective Percent: 3,9%
Avoidance
	 Rating: 0
	 Multiplicative Factor: 0%
	 Eff: 0
	 DR Bracket: 0
	 Base: 0%
	 Effective Percent: 0%
Mastery
	 Rating: 5161
	 Multiplicative Factor: 0%
	 Eff: 12161
	 DR Bracket: 0
	 Base: 30%
	 Effective Percent: 52,12%
----------------------
02:17,585

Intellect
	 Rating: 139779
	 Multiplicative Factor: 8,15%
	 Eff: 139779,00000000003
Stamina
	 Rating: 814714
	 Multiplicative Factor: 5%
	 Eff: 814713,9999999999
Crit
	 Rating: 16874
	 Multiplicative Factor: 0%
	 Eff: 20374
	 DR Bracket: 0
	 Base: 5%
	 Effective Percent: 29,11%
	 Crit Inc Heal: 2
	 Crit Inc Damage: 2
Haste
	 Rating: 34045
	 Multiplicative Factor: 0%
	 Eff: 31751,5
	 DR Bracket: 3
	 Base: 0%
	 Effective Percent: 48,11%
Vers
	 Rating: 5111
	 Multiplicative Factor: 0%
	 Eff: 7451
	 DR Bracket: 0
	 Base: 3%
	 Effective Percent: 9,55%
Leech
	 Rating: 3979
	 Multiplicative Factor: 0%
	 Eff: 3979
	 DR Bracket: 0
	 Base: 0%
	 Effective Percent: 3,9%
Avoidance
	 Rating: 0
	 Multiplicative Factor: 0%
	 Eff: 0
	 DR Bracket: 0
	 Base: 0%
	 Effective Percent: 0%
Mastery
	 Rating: 5161
	 Multiplicative Factor: 0%
	 Eff: 12161
	 DR Bracket: 0
	 Base: 30%
	 Effective Percent: 52,12%
----------------------
02:22,626

Intellect
	 Rating: 139779
	 Multiplicative Factor: 8,15%
	 Eff: 139779,00000000003
Stamina
	 Rating: 814714
	 Multiplicative Factor: 5%
	 Eff: 814713,9999999999
Crit
	 Rating: 16874
	 Multiplicative Factor: 0%
	 Eff: 20374
	 DR Bracket: 0
	 Base: 5%
	 Effective Percent: 29,11%
	 Crit Inc Heal: 2
	 Crit Inc Damage: 2
Haste
	 Rating: 34045
	 Multiplicative Factor: 0%
	 Eff: 31751,5
	 DR Bracket: 3
	 Base: 0%
	 Effective Percent: 48,11%
Vers
	 Rating: 5111
	 Multiplicative Factor: 0%
	 Eff: 7451
	 DR Bracket: 0
	 Base: 3%
	 Effective Percent: 9,55%
Leech
	 Rating: 3979
	 Multiplicative Factor: 0%
	 Eff: 3979
	 DR Bracket: 0
	 Base: 0%
	 Effective Percent: 3,9%
Avoidance
	 Rating: 0
	 Multiplicative Factor: 0%
	 Eff: 0
	 DR Bracket: 0
	 Base: 0%
	 Effective Percent: 0%
Mastery
	 Rating: 5161
	 Multiplicative Factor: 0%
	 Eff: 12161
	 DR Bracket: 0
	 Base: 30%
	 Effective Percent: 52,12%
----------------------
02:27,655

Intellect
	 Rating: 139779
	 Multiplicative Factor: 8,15%
	 Eff: 139779,00000000003
Stamina
	 Rating: 814714
	 Multiplicative Factor: 5%
	 Eff: 814713,9999999999
Crit
	 Rating: 16874
	 Multiplicative Factor: 0%
	 Eff: 20374
	 DR Bracket: 0
	 Base: 5%
	 Effective Percent: 29,11%
	 Crit Inc Heal: 2
	 Crit Inc Damage: 2
Haste
	 Rating: 34045
	 Multiplicative Factor: 0%
	 Eff: 31751,5
	 DR Bracket: 3
	 Base: 0%
	 Effective Percent: 48,11%
Vers
	 Rating: 5111
	 Multiplicative Factor: 0%
	 Eff: 7451
	 DR Bracket: 0
	 Base: 3%
	 Effective Percent: 9,55%
Leech
	 Rating: 3979
	 Multiplicative Factor: 0%
	 Eff: 3979
	 DR Bracket: 0
	 Base: 0%
	 Effective Percent: 3,9%
Avoidance
	 Rating: 0
	 Multiplicative Factor: 0%
	 Eff: 0
	 DR Bracket: 0
	 Base: 0%
	 Effective Percent: 0%
Mastery
	 Rating: 5161
	 Multiplicative Factor: 0%
	 Eff: 12161
	 DR Bracket: 0
	 Base: 30%
	 Effective Percent: 52,12%
----------------------
02:32,670

Intellect
	 Rating: 139779
	 Multiplicative Factor: 8,15%
	 Eff: 139779,00000000003
Stamina
	 Rating: 814714
	 Multiplicative Factor: 5%
	 Eff: 814713,9999999999
Crit
	 Rating: 16874
	 Multiplicative Factor: 0%
	 Eff: 20374
	 DR Bracket: 0
	 Base: 5%
	 Effective Percent: 29,11%
	 Crit Inc Heal: 2
	 Crit Inc Damage: 2
Haste
	 Rating: 34045
	 Multiplicative Factor: 0%
	 Eff: 31751,5
	 DR Bracket: 3
	 Base: 0%
	 Effective Percent: 48,11%
Vers
	 Rating: 5111
	 Multiplicative Factor: 0%
	 Eff: 7451
	 DR Bracket: 0
	 Base: 3%
	 Effective Percent: 9,55%
Leech
	 Rating: 3979
	 Multiplicative Factor: 0%
	 Eff: 3979
	 DR Bracket: 0
	 Base: 0%
	 Effective Percent: 3,9%
Avoidance
	 Rating: 0
	 Multiplicative Factor: 0%
	 Eff: 0
	 DR Bracket: 0
	 Base: 0%
	 Effective Percent: 0%
Mastery
	 Rating: 5161
	 Multiplicative Factor: 0%
	 Eff: 12161
	 DR Bracket: 0
	 Base: 30%
	 Effective Percent: 52,12%
----------------------
02:37,753

Intellect
	 Rating: 139779
	 Multiplicative Factor: 8,15%
	 Eff: 139779,00000000003
Stamina
	 Rating: 814714
	 Multiplicative Factor: 5%
	 Eff: 814713,9999999999
Crit
	 Rating: 16874
	 Multiplicative Factor: 0%
	 Eff: 20374
	 DR Bracket: 0
	 Base: 5%
	 Effective Percent: 29,11%
	 Crit Inc Heal: 2
	 Crit Inc Damage: 2
Haste
	 Rating: 34045
	 Multiplicative Factor: 0%
	 Eff: 31751,5
	 DR Bracket: 3
	 Base: 0%
	 Effective Percent: 48,11%
Vers
	 Rating: 5111
	 Multiplicative Factor: 0%
	 Eff: 7451
	 DR Bracket: 0
	 Base: 3%
	 Effective Percent: 9,55%
Leech
	 Rating: 3979
	 Multiplicative Factor: 0%
	 Eff: 3979
	 DR Bracket: 0
	 Base: 0%
	 Effective Percent: 3,9%
Avoidance
	 Rating: 0
	 Multiplicative Factor: 0%
	 Eff: 0
	 DR Bracket: 0
	 Base: 0%
	 Effective Percent: 0%
Mastery
	 Rating: 5161
	 Multiplicative Factor: 0%
	 Eff: 12161
	 DR Bracket: 0
	 Base: 30%
	 Effective Percent: 52,12%
----------------------
02:42,789

Intellect
	 Rating: 139779
	 Multiplicative Factor: 8,15%
	 Eff: 139779,00000000003
Stamina
	 Rating: 814714
	 Multiplicative Factor: 5%
	 Eff: 814713,9999999999
Crit
	 Rating: 16874
	 Multiplicative Factor: 0%
	 Eff: 20374
	 DR Bracket: 0
	 Base: 5%
	 Effective Percent: 29,11%
	 Crit Inc Heal: 2
	 Crit Inc Damage: 2
Haste
	 Rating: 34045
	 Multiplicative Factor: 0%
	 Eff: 31751,5
	 DR Bracket: 3
	 Base: 0%
	 Effective Percent: 48,11%
Vers
	 Rating: 5111
	 Multiplicative Factor: 0%
	 Eff: 7451
	 DR Bracket: 0
	 Base: 3%
	 Effective Percent: 9,55%
Leech
	 Rating: 3979
	 Multiplicative Factor: 0%
	 Eff: 3979
	 DR Bracket: 0
	 Base: 0%
	 Effective Percent: 3,9%
Avoidance
	 Rating: 0
	 Multiplicative Factor: 0%
	 Eff: 0
	 DR Bracket: 0
	 Base: 0%
	 Effective Percent: 0%
Mastery
	 Rating: 5161
	 Multiplicative Factor: 0%
	 Eff: 12161
	 DR Bracket: 0
	 Base: 30%
	 Effective Percent: 52,12%
----------------------
02:47,791

Intellect
	 Rating: 139779
	 Multiplicative Factor: 8,15%
	 Eff: 139779,00000000003
Stamina
	 Rating: 814714
	 Multiplicative Factor: 5%
	 Eff: 814713,9999999999
Crit
	 Rating: 16874
	 Multiplicative Factor: 0%
	 Eff: 20374
	 DR Bracket: 0
	 Base: 5%
	 Effective Percent: 29,11%
	 Crit Inc Heal: 2
	 Crit Inc Damage: 2
Haste
	 Rating: 34045
	 Multiplicative Factor: 0%
	 Eff: 31751,5
	 DR Bracket: 3
	 Base: 0%
	 Effective Percent: 48,11%
Vers
	 Rating: 5111
	 Multiplicative Factor: 0%
	 Eff: 7451
	 DR Bracket: 0
	 Base: 3%
	 Effective Percent: 9,55%
Leech
	 Rating: 3979
	 Multiplicative Factor: 0%
	 Eff: 3979
	 DR Bracket: 0
	 Base: 0%
	 Effective Percent: 3,9%
Avoidance
	 Rating: 0
	 Multiplicative Factor: 0%
	 Eff: 0
	 DR Bracket: 0
	 Base: 0%
	 Effective Percent: 0%
Mastery
	 Rating: 5161
	 Multiplicative Factor: 0%
	 Eff: 12161
	 DR Bracket: 0
	 Base: 30%
	 Effective Percent: 52,12%
----------------------
02:53,149

Intellect
	 Rating: 139779
	 Multiplicative Factor: 8,15%
	 Eff: 139779,00000000003
Stamina
	 Rating: 814714
	 Multiplicative Factor: 5%
	 Eff: 814713,9999999999
Crit
	 Rating: 16874
	 Multiplicative Factor: 0%
	 Eff: 20374
	 DR Bracket: 0
	 Base: 5%
	 Effective Percent: 29,11%
	 Crit Inc Heal: 2
	 Crit Inc Damage: 2
Haste
	 Rating: 34045
	 Multiplicative Factor: 0%
	 Eff: 31751,5
	 DR Bracket: 3
	 Base: 0%
	 Effective Percent: 48,11%
Vers
	 Rating: 5111
	 Multiplicative Factor: 0%
	 Eff: 7451
	 DR Bracket: 0
	 Base: 3%
	 Effective Percent: 9,55%
Leech
	 Rating: 3979
	 Multiplicative Factor: 0%
	 Eff: 3979
	 DR Bracket: 0
	 Base: 0%
	 Effective Percent: 3,9%
Avoidance
	 Rating: 0
	 Multiplicative Factor: 0%
	 Eff: 0
	 DR Bracket: 0
	 Base: 0%
	 Effective Percent: 0%
Mastery
	 Rating: 5161
	 Multiplicative Factor: 0%
	 Eff: 12161
	 DR Bracket: 0
	 Base: 30%
	 Effective Percent: 52,12%
----------------------
02:58,155

Intellect
	 Rating: 139779
	 Multiplicative Factor: 8,15%
	 Eff: 139779,00000000003
Stamina
	 Rating: 814714
	 Multiplicative Factor: 5%
	 Eff: 814713,9999999999
Crit
	 Rating: 16874
	 Multiplicative Factor: 0%
	 Eff: 20374
	 DR Bracket: 0
	 Base: 5%
	 Effective Percent: 29,11%
	 Crit Inc Heal: 2
	 Crit Inc Damage: 2
Haste
	 Rating: 34045
	 Multiplicative Factor: 0%
	 Eff: 31751,5
	 DR Bracket: 3
	 Base: 0%
	 Effective Percent: 48,11%
Vers
	 Rating: 5111
	 Multiplicative Factor: 0%
	 Eff: 7451
	 DR Bracket: 0
	 Base: 3%
	 Effective Percent: 9,55%
Leech
	 Rating: 3979
	 Multiplicative Factor: 0%
	 Eff: 3979
	 DR Bracket: 0
	 Base: 0%
	 Effective Percent: 3,9%
Avoidance
	 Rating: 0
	 Multiplicative Factor: 0%
	 Eff: 0
	 DR Bracket: 0
	 Base: 0%
	 Effective Percent: 0%
Mastery
	 Rating: 5161
	 Multiplicative Factor: 0%
	 Eff: 12161
	 DR Bracket: 0
	 Base: 30%
	 Effective Percent: 52,12%
----------------------
03:03,184

Intellect
	 Rating: 139779
	 Multiplicative Factor: 8,15%
	 Eff: 139779,00000000003
Stamina
	 Rating: 814714
	 Multiplicative Factor: 5%
	 Eff: 814713,9999999999
Crit
	 Rating: 16874
	 Multiplicative Factor: 0%
	 Eff: 20374
	 DR Bracket: 0
	 Base: 5%
	 Effective Percent: 29,11%
	 Crit Inc Heal: 2
	 Crit Inc Damage: 2
Haste
	 Rating: 34045
	 Multiplicative Factor: 0%
	 Eff: 31751,5
	 DR Bracket: 3
	 Base: 0%
	 Effective Percent: 48,11%
Vers
	 Rating: 5111
	 Multiplicative Factor: 0%
	 Eff: 7451
	 DR Bracket: 0
	 Base: 3%
	 Effective Percent: 9,55%
Leech
	 Rating: 3979
	 Multiplicative Factor: 0%
	 Eff: 3979
	 DR Bracket: 0
	 Base: 0%
	 Effective Percent: 3,9%
Avoidance
	 Rating: 0
	 Multiplicative Factor: 0%
	 Eff: 0
	 DR Bracket: 0
	 Base: 0%
	 Effective Percent: 0%
Mastery
	 Rating: 5161
	 Multiplicative Factor: 0%
	 Eff: 12161
	 DR Bracket: 0
	 Base: 30%
	 Effective Percent: 52,12%
----------------------
03:08,256

Intellect
	 Rating: 139779
	 Multiplicative Factor: 8,15%
	 Eff: 139779,00000000003
Stamina
	 Rating: 814714
	 Multiplicative Factor: 5%
	 Eff: 814713,9999999999
Crit
	 Rating: 16874
	 Multiplicative Factor: 0%
	 Eff: 20374
	 DR Bracket: 0
	 Base: 5%
	 Effective Percent: 29,11%
	 Crit Inc Heal: 2
	 Crit Inc Damage: 2
Haste
	 Rating: 34045
	 Multiplicative Factor: 0%
	 Eff: 31751,5
	 DR Bracket: 3
	 Base: 0%
	 Effective Percent: 48,11%
Vers
	 Rating: 5111
	 Multiplicative Factor: 0%
	 Eff: 7451
	 DR Bracket: 0
	 Base: 3%
	 Effective Percent: 9,55%
Leech
	 Rating: 3979
	 Multiplicative Factor: 0%
	 Eff: 3979
	 DR Bracket: 0
	 Base: 0%
	 Effective Percent: 3,9%
Avoidance
	 Rating: 0
	 Multiplicative Factor: 0%
	 Eff: 0
	 DR Bracket: 0
	 Base: 0%
	 Effective Percent: 0%
Mastery
	 Rating: 5161
	 Multiplicative Factor: 0%
	 Eff: 12161
	 DR Bracket: 0
	 Base: 30%
	 Effective Percent: 52,12%
----------------------
03:13,258

Intellect
	 Rating: 139779
	 Multiplicative Factor: 8,15%
	 Eff: 139779,00000000003
Stamina
	 Rating: 814714
	 Multiplicative Factor: 5%
	 Eff: 814713,9999999999
Crit
	 Rating: 16874
	 Multiplicative Factor: 0%
	 Eff: 20374
	 DR Bracket: 0
	 Base: 5%
	 Effective Percent: 29,11%
	 Crit Inc Heal: 2
	 Crit Inc Damage: 2
Haste
	 Rating: 34045
	 Multiplicative Factor: 0%
	 Eff: 31751,5
	 DR Bracket: 3
	 Base: 0%
	 Effective Percent: 48,11%
Vers
	 Rating: 5111
	 Multiplicative Factor: 0%
	 Eff: 7451
	 DR Bracket: 0
	 Base: 3%
	 Effective Percent: 9,55%
Leech
	 Rating: 3979
	 Multiplicative Factor: 0%
	 Eff: 3979
	 DR Bracket: 0
	 Base: 0%
	 Effective Percent: 3,9%
Avoidance
	 Rating: 0
	 Multiplicative Factor: 0%
	 Eff: 0
	 DR Bracket: 0
	 Base: 0%
	 Effective Percent: 0%
Mastery
	 Rating: 5161
	 Multiplicative Factor: 0%
	 Eff: 12161
	 DR Bracket: 0
	 Base: 30%
	 Effective Percent: 52,12%
----------------------
03:18,269

Intellect
	 Rating: 139779
	 Multiplicative Factor: 8,15%
	 Eff: 139779,00000000003
Stamina
	 Rating: 814714
	 Multiplicative Factor: 5%
	 Eff: 814713,9999999999
Crit
	 Rating: 16874
	 Multiplicative Factor: 0%
	 Eff: 20374
	 DR Bracket: 0
	 Base: 5%
	 Effective Percent: 29,11%
	 Crit Inc Heal: 2
	 Crit Inc Damage: 2
Haste
	 Rating: 34045
	 Multiplicative Factor: 0%
	 Eff: 31751,5
	 DR Bracket: 3
	 Base: 0%
	 Effective Percent: 48,11%
Vers
	 Rating: 5111
	 Multiplicative Factor: 0%
	 Eff: 7451
	 DR Bracket: 0
	 Base: 3%
	 Effective Percent: 9,55%
Leech
	 Rating: 3979
	 Multiplicative Factor: 0%
	 Eff: 3979
	 DR Bracket: 0
	 Base: 0%
	 Effective Percent: 3,9%
Avoidance
	 Rating: 0
	 Multiplicative Factor: 0%
	 Eff: 0
	 DR Bracket: 0
	 Base: 0%
	 Effective Percent: 0%
Mastery
	 Rating: 5161
	 Multiplicative Factor: 0%
	 Eff: 12161
	 DR Bracket: 0
	 Base: 30%
	 Effective Percent: 52,12%
----------------------
03:23,379

Intellect
	 Rating: 139779
	 Multiplicative Factor: 8,15%
	 Eff: 139779,00000000003
Stamina
	 Rating: 814714
	 Multiplicative Factor: 5%
	 Eff: 814713,9999999999
Crit
	 Rating: 16874
	 Multiplicative Factor: 0%
	 Eff: 20374
	 DR Bracket: 0
	 Base: 5%
	 Effective Percent: 29,11%
	 Crit Inc Heal: 2
	 Crit Inc Damage: 2
Haste
	 Rating: 34045
	 Multiplicative Factor: 0%
	 Eff: 31751,5
	 DR Bracket: 3
	 Base: 0%
	 Effective Percent: 48,11%
Vers
	 Rating: 5111
	 Multiplicative Factor: 0%
	 Eff: 7451
	 DR Bracket: 0
	 Base: 3%
	 Effective Percent: 9,55%
Leech
	 Rating: 3979
	 Multiplicative Factor: 0%
	 Eff: 3979
	 DR Bracket: 0
	 Base: 0%
	 Effective Percent: 3,9%
Avoidance
	 Rating: 0
	 Multiplicative Factor: 0%
	 Eff: 0
	 DR Bracket: 0
	 Base: 0%
	 Effective Percent: 0%
Mastery
	 Rating: 5161
	 Multiplicative Factor: 0%
	 Eff: 12161
	 DR Bracket: 0
	 Base: 30%
	 Effective Percent: 52,12%
----------------------
03:28,612

Intellect
	 Rating: 139779
	 Multiplicative Factor: 8,15%
	 Eff: 139779,00000000003
Stamina
	 Rating: 814714
	 Multiplicative Factor: 5%
	 Eff: 814713,9999999999
Crit
	 Rating: 16874
	 Multiplicative Factor: 0%
	 Eff: 20374
	 DR Bracket: 0
	 Base: 5%
	 Effective Percent: 29,11%
	 Crit Inc Heal: 2
	 Crit Inc Damage: 2
Haste
	 Rating: 34045
	 Multiplicative Factor: 0%
	 Eff: 31751,5
	 DR Bracket: 3
	 Base: 0%
	 Effective Percent: 48,11%
Vers
	 Rating: 5111
	 Multiplicative Factor: 0%
	 Eff: 7451
	 DR Bracket: 0
	 Base: 3%
	 Effective Percent: 9,55%
Leech
	 Rating: 3979
	 Multiplicative Factor: 0%
	 Eff: 3979
	 DR Bracket: 0
	 Base: 0%
	 Effective Percent: 3,9%
Avoidance
	 Rating: 0
	 Multiplicative Factor: 0%
	 Eff: 0
	 DR Bracket: 0
	 Base: 0%
	 Effective Percent: 0%
Mastery
	 Rating: 5161
	 Multiplicative Factor: 0%
	 Eff: 12161
	 DR Bracket: 0
	 Base: 30%
	 Effective Percent: 52,12%
----------------------
03:33,929

Intellect
	 Rating: 139779
	 Multiplicative Factor: 8,15%
	 Eff: 139779,00000000003
Stamina
	 Rating: 814714
	 Multiplicative Factor: 5%
	 Eff: 814713,9999999999
Crit
	 Rating: 16874
	 Multiplicative Factor: 0%
	 Eff: 20374
	 DR Bracket: 0
	 Base: 5%
	 Effective Percent: 29,11%
	 Crit Inc Heal: 2
	 Crit Inc Damage: 2
Haste
	 Rating: 34045
	 Multiplicative Factor: 0%
	 Eff: 31751,5
	 DR Bracket: 3
	 Base: 0%
	 Effective Percent: 48,11%
Vers
	 Rating: 5111
	 Multiplicative Factor: 0%
	 Eff: 7451
	 DR Bracket: 0
	 Base: 3%
	 Effective Percent: 9,55%
Leech
	 Rating: 3979
	 Multiplicative Factor: 0%
	 Eff: 3979
	 DR Bracket: 0
	 Base: 0%
	 Effective Percent: 3,9%
Avoidance
	 Rating: 0
	 Multiplicative Factor: 0%
	 Eff: 0
	 DR Bracket: 0
	 Base: 0%
	 Effective Percent: 0%
Mastery
	 Rating: 5161
	 Multiplicative Factor: 0%
	 Eff: 12161
	 DR Bracket: 0
	 Base: 30%
	 Effective Percent: 52,12%
