----------------------
00:00,802

Intellect
	 Rating: 139779
	 Multiplicative Factor: 8,15%
	 Eff: 139779
Stamina
	 Rating: 814714
	 Multiplicative Factor: 5%
	 Eff: 814714
Crit
	 Rating: 16874
	 Multiplicative Factor: 0%
	 Eff: 20374
	 DR Bracket: 0
	 Base: 5%
	 Effective Percent: 29,11%
	 Crit Inc Heal: 2
	 Crit Inc Damage: 2
Haste
	 Rating: 34045
	 Multiplicative Factor: 0%
	 Eff: 61076,95
	 DR Bracket: 3
	 Base: 30%
	 Effective Percent: 92,54%
Vers
	 Rating: 5111
	 Multiplicative Factor: 0%
	 Eff: 7451
	 DR Bracket: 0
	 Base: 3%
	 Effective Percent: 9,55%
Leech
	 Rating: 3978
	 Multiplicative Factor: 0%
	 Eff: 3978
	 DR Bracket: 0
	 Base: 0%
	 Effective Percent: 3,9%
Avoidance
	 Rating: 0
	 Multiplicative Factor: 0%
	 Eff: 0
	 DR Bracket: 0
	 Base: 0%
	 Effective Percent: 0%
Mastery
	 Rating: 5161
	 Multiplicative Factor: 0%
	 Eff: 12161
	 DR Bracket: 0
	 Base: 30%
	 Effective Percent: 52,12%
----------------------
00:28,668

Intellect
	 Rating: 139779
	 Multiplicative Factor: 8,15%
	 Eff: 139779
Stamina
	 Rating: 855450
	 Multiplicative Factor: 10,25%
	 Eff: 855449,7
Crit
	 Rating: 16874
	 Multiplicative Factor: 0%
	 Eff: 20374
	 DR Bracket: 0
	 Base: 5%
	 Effective Percent: 29,11%
	 Crit Inc Heal: 2
	 Crit Inc Damage: 2
Haste
	 Rating: 34045
	 Multiplicative Factor: 0%
	 Eff: 61076,95
	 DR Bracket: 3
	 Base: 30%
	 Effective Percent: 92,54%
Vers
	 Rating: 5111
	 Multiplicative Factor: 0%
	 Eff: 7451
	 DR Bracket: 0
	 Base: 3%
	 Effective Percent: 9,55%
Leech
	 Rating: 3978
	 Multiplicative Factor: 0%
	 Eff: 3978
	 DR Bracket: 0
	 Base: 0%
	 Effective Percent: 3,9%
Avoidance
	 Rating: 0
	 Multiplicative Factor: 0%
	 Eff: 0
	 DR Bracket: 0
	 Base: 0%
	 Effective Percent: 0%
Mastery
	 Rating: 5161
	 Multiplicative Factor: 0%
	 Eff: 12161
	 DR Bracket: 0
	 Base: 30%
	 Effective Percent: 52,12%
----------------------
00:28,668

Intellect
	 Rating: 139779
	 Multiplicative Factor: 8,15%
	 Eff: 139779
Stamina
	 Rating: 814714
	 Multiplicative Factor: 5%
	 Eff: 814713,9999999999
Crit
	 Rating: 16874
	 Multiplicative Factor: 0%
	 Eff: 20374
	 DR Bracket: 0
	 Base: 5%
	 Effective Percent: 29,11%
	 Crit Inc Heal: 2
	 Crit Inc Damage: 2
Haste
	 Rating: 34045
	 Multiplicative Factor: 0%
	 Eff: 61076,95
	 DR Bracket: 3
	 Base: 30%
	 Effective Percent: 92,54%
Vers
	 Rating: 5111
	 Multiplicative Factor: 0%
	 Eff: 7451
	 DR Bracket: 0
	 Base: 3%
	 Effective Percent: 9,55%
Leech
	 Rating: 3978
	 Multiplicative Factor: 0%
	 Eff: 3978
	 DR Bracket: 0
	 Base: 0%
	 Effective Percent: 3,9%
Avoidance
	 Rating: 0
	 Multiplicative Factor: 0%
	 Eff: 0
	 DR Bracket: 0
	 Base: 0%
	 Effective Percent: 0%
Mastery
	 Rating: 5161
	 Multiplicative Factor: 0%
	 Eff: 12161
	 DR Bracket: 0
	 Base: 30%
	 Effective Percent: 52,12%
----------------------
00:40,793

Intellect
	 Rating: 139779
	 Multiplicative Factor: 8,15%
	 Eff: 139779
Stamina
	 Rating: 814714
	 Multiplicative Factor: 5%
	 Eff: 814713,9999999999
Crit
	 Rating: 16874
	 Multiplicative Factor: 0%
	 Eff: 20374
	 DR Bracket: 0
	 Base: 5%
	 Effective Percent: 29,11%
	 Crit Inc Heal: 2
	 Crit Inc Damage: 2
Haste
	 Rating: 34045
	 Multiplicative Factor: 0%
	 Eff: 31751,5
	 DR Bracket: 3
	 Base: 0%
	 Effective Percent: 48,11%
Vers
	 Rating: 5111
	 Multiplicative Factor: 0%
	 Eff: 7451
	 DR Bracket: 0
	 Base: 3%
	 Effective Percent: 9,55%
Leech
	 Rating: 3978
	 Multiplicative Factor: 0%
	 Eff: 3978
	 DR Bracket: 0
	 Base: 0%
	 Effective Percent: 3,9%
Avoidance
	 Rating: 0
	 Multiplicative Factor: 0%
	 Eff: 0
	 DR Bracket: 0
	 Base: 0%
	 Effective Percent: 0%
Mastery
	 Rating: 5161
	 Multiplicative Factor: 0%
	 Eff: 12161
	 DR Bracket: 0
	 Base: 30%
	 Effective Percent: 52,12%
