-----------
Acid Rain
-----------
Capacitor Totem
-----------
Chain Heal
	Eff: 255,15530538390158
-----------
Chain Lightning
-----------
Downpour
-----------
Earth Elemental
-----------
Earth Shield
	Eff: 71,29853366388124
-----------
Earthbind Totem
-----------
Earthgrab Totem
-----------
Earthliving Weapon
	Eff: 634,4183216223646
-----------
Far Sight
-----------
Flame Shock
-----------
Flametongue Attack
-----------
Flametongue Weapon
-----------
Frost Shock
-----------
Ghost Wolf
-----------
Greater Purge
-----------
Gust of Wind
-----------
Healing Rain
-----------
Healing Surge
	Eff: 801,8287205659544
-----------
Healing Stream
-----------
Healing Stream Totem
-----------
Healing Wave
	Eff: 1230,9287194028366
-----------
Hex
-----------
Lava Burst
-----------
Lightning Bolt
-----------
Lightning Shield
-----------
Nature's Guardian
-----------
Overflowing Shores
-----------
Poison Cleansing Totem
-----------
Primal Strike
-----------
Purge
-----------
Purify Spirit
-----------
Reactive Warding
-----------
Riptide
	Eff: 1151,2803712254565
-----------
Skyfury
-----------
Spirit Link Totem
-----------
Tidewaters
-----------
Tremor Totem
-----------
Unleash Life
-----------
Water Shield
-----------
Water Walking
-----------
Wind Rush Totem
-----------
Leech
	Eff: 81,74816349618231
-----------
Blessing of Summer
-----------
Holy Bulwark
-----------
ZeroCIMDummy
-----------
Cloudburst Totem
-----------
Earthen Wall Totem
-----------
Earthen Wall
-----------
Loom'ithar's Living Silk
	Eff: 600,6630232538337
-----------
Whispering Waves
-----------
Voidglass Barrier
	Eff: 238,66337433095032
-----------
Ethereal Reconstitution
	Eff: 263,129489414976
-----------
Arcane Restoration
-----------
Ethereal Guard
	Eff: 1141,8140454779204
-----------
Nose For Trouble
-----------
Shattered Soul's Embrace
-----------
Recall Cloudburst Totem
-----------
Cloudburst
-----------
Totemic Recall
-----------
Restorative Mists
-----------
Hydrobubble
-----------
Ancestral Swiftness
-----------
Healing Tide Totem
-----------
Tempered Potion
-----------
Healing Tide
-----------
Spiritwalker's Grace
-----------
Ascendance
-----------
Lesser Bulwark
-----------
Spirit Link
-----------
Totemic Projection
-----------
Astral Shift
