Consecration
	Intellect
		Heal: 0,08067132930278699
		Damage: 2,3747500451233723
-------------------
Greater Judgment
	Intellect
		Heal: 1,8567329901281568
-------------------
Judgment
	Intellect
		Heal: 0,15335371092691694
		Damage: 4,568350104344343
-------------------
Hammer and Anvil
	Intellect
		Heal: 31,561494321651328
-------------------
Judgment of Light
	Intellect
		Heal: 1,1382706532212177
	Mastery
		Heal: 2,1427400084551045
-------------------
Seal of the Crusader
	Intellect
		Heal: 0,5802697495667606
-------------------
Holy Shock
	Intellect
		Heal: 5,396462231346656
		Damage: 2,4747508433895797
	Mastery
		Heal: 13,308680871637915
-------------------
Crusader Strike
	Intellect
		Heal: 0,1001120969667603
		Damage: 2,7596351087113593
-------------------
Holy Ritual
	Intellect
		Heal: 0,4623359743573478
	Mastery
		Heal: 1,3000499186369479
-------------------
Pillar of Lights
	Intellect
		Heal: 6,777133980852439
	Mastery
		Heal: 17,44463896346439
-------------------
Golden Path
	Intellect
		Heal: 0,8728284344119943
	Mastery
		Heal: 1,9410203282549858
-------------------
Truth Prevails
	Intellect
		Heal: 3,3526169807579707
	Mastery
		Heal: 8,64515060299513
-------------------
Avenging Crusader
	Intellect
		Heal: 19,06465685129157
	Mastery
		Heal: 40,05077199232031
-------------------
Sacred Weapon
	Intellect
		Heal: 8,328251680072212
		Damage: 1,0327475773298085
	Mastery
		Heal: 19,179219946517335
-------------------
Word of Glory
	Intellect
		Heal: 8,814650858183423
	Mastery
		Heal: 20,785089169030265
-------------------
Sacred Word
	Intellect
		Heal: 0,31718753674019934
	Mastery
		Heal: 0,8991053977938025
-------------------
Saved by the Light
	Intellect
		Heal: 3,442468184129689
-------------------
Light of Dawn
	Intellect
		Heal: 19,115018267802164
	Mastery
		Heal: 40,74179589283605
-------------------
Radiant Aura
	Intellect
		Heal: 0,4037766736407975
	Mastery
		Heal: 1,1844535589737746
-------------------
Shield of the Righteous
	Intellect
		Heal: 0,015129235983843106
		Damage: 0,4122268777649567
-------------------
Shining Righteousness
	Intellect
		Heal: 0,013911220948884728
		Damage: 0,33342700130500896
-------------------
Forge's Reckoning
	Intellect
		Damage: 0,45747061276742096
-------------------
Lesser Weapon
	Intellect
		Heal: 2,0398021692111508
		Damage: 1,4211667221699176
	Mastery
		Heal: 4,943785697847403
-------------------
Holy Prism
	Intellect
		Heal: 7,599370320636406
		Damage: 1,3404373789957482
	Mastery
		Heal: 12,491905599555963
-------------------
Lay on Hands
	Stamina
		Heal: 0,07534349243303813
-------------------
Light's Judgment
	Intellect
		Heal: 0,0285977344806813
		Damage: 0,7481127949370393
-------------------
