----------------------
00:15,245

Intellect
	 Rating: 143955
	 Multiplicative Factor: 14,73%
Stamina
	 Rating: 834860
	 Multiplicative Factor: 11,3%
Crit
	 Rating: 28159
	 Multiplicative Factor: 0%
	 DR Bracket: 2
	 Base: 9%
	 Effective Percent: 48,18%
	 Crit Inc Heal: 2
	 Crit Inc Damage: 2
Haste
	 Rating: 12463
	 Multiplicative Factor: 0%
	 DR Bracket: 0
	 Base: 1%
	 Effective Percent: 20,07%
Vers
	 Rating: 15055
	 Multiplicative Factor: 0%
	 DR Bracket: 0
	 Base: 3%
	 Effective Percent: 22,3%
Leech
	 Rating: 5953
	 Multiplicative Factor: 0%
	 DR Bracket: 0
	 Base: 0%
	 Effective Percent: 5,84%
Avoidance
	 Rating: 0
	 Multiplicative Factor: 0%
	 DR Bracket: 0
	 Base: 0%
	 Effective Percent: 0%
Mastery
	 Rating: 2684
	 Multiplicative Factor: 0%
	 DR Bracket: 0
	 Base: 21%
	 Effective Percent: 26,75%
----------------------
00:17,763

Intellect
	 Rating: 143955
	 Multiplicative Factor: 14,73%
Stamina
	 Rating: 834860
	 Multiplicative Factor: 11,3%
Crit
	 Rating: 28159
	 Multiplicative Factor: 0%
	 DR Bracket: 2
	 Base: 9%
	 Effective Percent: 48,18%
	 Crit Inc Heal: 2
	 Crit Inc Damage: 2
Haste
	 Rating: 12463
	 Multiplicative Factor: 0%
	 DR Bracket: 0
	 Base: 2%
	 Effective Percent: 21,26%
Vers
	 Rating: 15055
	 Multiplicative Factor: 0%
	 DR Bracket: 0
	 Base: 3%
	 Effective Percent: 22,3%
Leech
	 Rating: 5953
	 Multiplicative Factor: 0%
	 DR Bracket: 0
	 Base: 0%
	 Effective Percent: 5,84%
Avoidance
	 Rating: 0
	 Multiplicative Factor: 0%
	 DR Bracket: 0
	 Base: 0%
	 Effective Percent: 0%
Mastery
	 Rating: 2684
	 Multiplicative Factor: 0%
	 DR Bracket: 0
	 Base: 21%
	 Effective Percent: 26,75%
----------------------
00:21,527

Intellect
	 Rating: 143955
	 Multiplicative Factor: 14,73%
Stamina
	 Rating: 834860
	 Multiplicative Factor: 11,3%
Crit
	 Rating: 28159
	 Multiplicative Factor: 0%
	 DR Bracket: 2
	 Base: 9%
	 Effective Percent: 48,18%
	 Crit Inc Heal: 2
	 Crit Inc Damage: 2
Haste
	 Rating: 12463
	 Multiplicative Factor: 0%
	 DR Bracket: 0
	 Base: 3%
	 Effective Percent: 22,45%
Vers
	 Rating: 15055
	 Multiplicative Factor: 0%
	 DR Bracket: 0
	 Base: 3%
	 Effective Percent: 22,3%
Leech
	 Rating: 5953
	 Multiplicative Factor: 0%
	 DR Bracket: 0
	 Base: 0%
	 Effective Percent: 5,84%
Avoidance
	 Rating: 0
	 Multiplicative Factor: 0%
	 DR Bracket: 0
	 Base: 0%
	 Effective Percent: 0%
Mastery
	 Rating: 2684
	 Multiplicative Factor: 0%
	 DR Bracket: 0
	 Base: 21%
	 Effective Percent: 26,75%
----------------------
00:26,474

Intellect
	 Rating: 143955
	 Multiplicative Factor: 14,73%
Stamina
	 Rating: 834860
	 Multiplicative Factor: 11,3%
Crit
	 Rating: 28159
	 Multiplicative Factor: 0%
	 DR Bracket: 2
	 Base: 9%
	 Effective Percent: 48,18%
	 Crit Inc Heal: 2
	 Crit Inc Damage: 2
Haste
	 Rating: 12463
	 Multiplicative Factor: 0%
	 DR Bracket: 0
	 Base: 4%
	 Effective Percent: 23,64%
Vers
	 Rating: 15055
	 Multiplicative Factor: 0%
	 DR Bracket: 0
	 Base: 3%
	 Effective Percent: 22,3%
Leech
	 Rating: 5953
	 Multiplicative Factor: 0%
	 DR Bracket: 0
	 Base: 0%
	 Effective Percent: 5,84%
Avoidance
	 Rating: 0
	 Multiplicative Factor: 0%
	 DR Bracket: 0
	 Base: 0%
	 Effective Percent: 0%
Mastery
	 Rating: 2684
	 Multiplicative Factor: 0%
	 DR Bracket: 0
	 Base: 21%
	 Effective Percent: 26,75%
----------------------
00:27,681

Intellect
	 Rating: 143955
	 Multiplicative Factor: 14,73%
Stamina
	 Rating: 834860
	 Multiplicative Factor: 11,3%
Crit
	 Rating: 28159
	 Multiplicative Factor: 0%
	 DR Bracket: 2
	 Base: 9%
	 Effective Percent: 48,18%
	 Crit Inc Heal: 2
	 Crit Inc Damage: 2
Haste
	 Rating: 12463
	 Multiplicative Factor: 0%
	 DR Bracket: 0
	 Base: 5%
	 Effective Percent: 24,83%
Vers
	 Rating: 15055
	 Multiplicative Factor: 0%
	 DR Bracket: 0
	 Base: 3%
	 Effective Percent: 22,3%
Leech
	 Rating: 5953
	 Multiplicative Factor: 0%
	 DR Bracket: 0
	 Base: 0%
	 Effective Percent: 5,84%
Avoidance
	 Rating: 0
	 Multiplicative Factor: 0%
	 DR Bracket: 0
	 Base: 0%
	 Effective Percent: 0%
Mastery
	 Rating: 2684
	 Multiplicative Factor: 0%
	 DR Bracket: 0
	 Base: 21%
	 Effective Percent: 26,75%
----------------------
00:52,709

Intellect
	 Rating: 143955
	 Multiplicative Factor: 14,73%
Stamina
	 Rating: 834860
	 Multiplicative Factor: 11,3%
Crit
	 Rating: 28159
	 Multiplicative Factor: 0%
	 DR Bracket: 2
	 Base: 9%
	 Effective Percent: 48,18%
	 Crit Inc Heal: 2
	 Crit Inc Damage: 2
Haste
	 Rating: 12463
	 Multiplicative Factor: 0%
	 DR Bracket: 0
	 Base: 5%
	 Effective Percent: 24,83%
Vers
	 Rating: 15055
	 Multiplicative Factor: 0%
	 DR Bracket: 0
	 Base: 3%
	 Effective Percent: 22,3%
Leech
	 Rating: 5953
	 Multiplicative Factor: 0%
	 DR Bracket: 0
	 Base: 0%
	 Effective Percent: 5,84%
Avoidance
	 Rating: 0
	 Multiplicative Factor: 0%
	 DR Bracket: 0
	 Base: 0%
	 Effective Percent: 0%
Mastery
	 Rating: 2684
	 Multiplicative Factor: 0%
	 DR Bracket: 0
	 Base: 21%
	 Effective Percent: 26,75%
----------------------
01:14,383

Intellect
	 Rating: 143955
	 Multiplicative Factor: 14,73%
Stamina
	 Rating: 834860
	 Multiplicative Factor: 11,3%
Crit
	 Rating: 34010
	 Multiplicative Factor: 0%
	 DR Bracket: 2
	 Base: 9%
	 Effective Percent: 54,87%
	 Crit Inc Heal: 2
	 Crit Inc Damage: 2
Haste
	 Rating: 12463
	 Multiplicative Factor: 0%
	 DR Bracket: 0
	 Base: 5%
	 Effective Percent: 24,83%
Vers
	 Rating: 15055
	 Multiplicative Factor: 0%
	 DR Bracket: 0
	 Base: 3%
	 Effective Percent: 22,3%
Leech
	 Rating: 5953
	 Multiplicative Factor: 0%
	 DR Bracket: 0
	 Base: 0%
	 Effective Percent: 5,84%
Avoidance
	 Rating: 0
	 Multiplicative Factor: 0%
	 DR Bracket: 0
	 Base: 0%
	 Effective Percent: 0%
Mastery
	 Rating: 2684
	 Multiplicative Factor: 0%
	 DR Bracket: 0
	 Base: 21%
	 Effective Percent: 26,75%
----------------------
01:16,808

Intellect
	 Rating: 143955
	 Multiplicative Factor: 14,73%
Stamina
	 Rating: 834860
	 Multiplicative Factor: 11,3%
Crit
	 Rating: 39860
	 Multiplicative Factor: 0%
	 DR Bracket: 3
	 Base: 9%
	 Effective Percent: 60,86%
	 Crit Inc Heal: 2
	 Crit Inc Damage: 2
Haste
	 Rating: 12463
	 Multiplicative Factor: 0%
	 DR Bracket: 0
	 Base: 5%
	 Effective Percent: 24,83%
Vers
	 Rating: 15055
	 Multiplicative Factor: 0%
	 DR Bracket: 0
	 Base: 3%
	 Effective Percent: 22,3%
Leech
	 Rating: 5953
	 Multiplicative Factor: 0%
	 DR Bracket: 0
	 Base: 0%
	 Effective Percent: 5,84%
Avoidance
	 Rating: 0
	 Multiplicative Factor: 0%
	 DR Bracket: 0
	 Base: 0%
	 Effective Percent: 0%
Mastery
	 Rating: 2684
	 Multiplicative Factor: 0%
	 DR Bracket: 0
	 Base: 21%
	 Effective Percent: 26,75%
----------------------
01:24,396

Intellect
	 Rating: 143955
	 Multiplicative Factor: 14,73%
Stamina
	 Rating: 834860
	 Multiplicative Factor: 11,3%
Crit
	 Rating: 34010
	 Multiplicative Factor: 0%
	 DR Bracket: 2
	 Base: 9%
	 Effective Percent: 54,87%
	 Crit Inc Heal: 2
	 Crit Inc Damage: 2
Haste
	 Rating: 12463
	 Multiplicative Factor: 0%
	 DR Bracket: 0
	 Base: 5%
	 Effective Percent: 24,83%
Vers
	 Rating: 15055
	 Multiplicative Factor: 0%
	 DR Bracket: 0
	 Base: 3%
	 Effective Percent: 22,3%
Leech
	 Rating: 5953
	 Multiplicative Factor: 0%
	 DR Bracket: 0
	 Base: 0%
	 Effective Percent: 5,84%
Avoidance
	 Rating: 0
	 Multiplicative Factor: 0%
	 DR Bracket: 0
	 Base: 0%
	 Effective Percent: 0%
Mastery
	 Rating: 2684
	 Multiplicative Factor: 0%
	 DR Bracket: 0
	 Base: 21%
	 Effective Percent: 26,75%
----------------------
01:26,762

Intellect
	 Rating: 143955
	 Multiplicative Factor: 14,73%
Stamina
	 Rating: 834860
	 Multiplicative Factor: 11,3%
Crit
	 Rating: 39860
	 Multiplicative Factor: 0%
	 DR Bracket: 3
	 Base: 9%
	 Effective Percent: 60,86%
	 Crit Inc Heal: 2
	 Crit Inc Damage: 2
Haste
	 Rating: 12463
	 Multiplicative Factor: 0%
	 DR Bracket: 0
	 Base: 5%
	 Effective Percent: 24,83%
Vers
	 Rating: 15055
	 Multiplicative Factor: 0%
	 DR Bracket: 0
	 Base: 3%
	 Effective Percent: 22,3%
Leech
	 Rating: 5953
	 Multiplicative Factor: 0%
	 DR Bracket: 0
	 Base: 0%
	 Effective Percent: 5,84%
Avoidance
	 Rating: 0
	 Multiplicative Factor: 0%
	 DR Bracket: 0
	 Base: 0%
	 Effective Percent: 0%
Mastery
	 Rating: 2684
	 Multiplicative Factor: 0%
	 DR Bracket: 0
	 Base: 21%
	 Effective Percent: 26,75%
----------------------
01:26,829

Intellect
	 Rating: 143955
	 Multiplicative Factor: 14,73%
Stamina
	 Rating: 834860
	 Multiplicative Factor: 11,3%
Crit
	 Rating: 34010
	 Multiplicative Factor: 0%
	 DR Bracket: 2
	 Base: 9%
	 Effective Percent: 54,87%
	 Crit Inc Heal: 2
	 Crit Inc Damage: 2
Haste
	 Rating: 12463
	 Multiplicative Factor: 0%
	 DR Bracket: 0
	 Base: 5%
	 Effective Percent: 24,83%
Vers
	 Rating: 15055
	 Multiplicative Factor: 0%
	 DR Bracket: 0
	 Base: 3%
	 Effective Percent: 22,3%
Leech
	 Rating: 5953
	 Multiplicative Factor: 0%
	 DR Bracket: 0
	 Base: 0%
	 Effective Percent: 5,84%
Avoidance
	 Rating: 0
	 Multiplicative Factor: 0%
	 DR Bracket: 0
	 Base: 0%
	 Effective Percent: 0%
Mastery
	 Rating: 2684
	 Multiplicative Factor: 0%
	 DR Bracket: 0
	 Base: 21%
	 Effective Percent: 26,75%
----------------------
01:36,775

Intellect
	 Rating: 143955
	 Multiplicative Factor: 14,73%
Stamina
	 Rating: 834860
	 Multiplicative Factor: 11,3%
Crit
	 Rating: 28159
	 Multiplicative Factor: 0%
	 DR Bracket: 2
	 Base: 9%
	 Effective Percent: 48,18%
	 Crit Inc Heal: 2
	 Crit Inc Damage: 2
Haste
	 Rating: 12463
	 Multiplicative Factor: 0%
	 DR Bracket: 0
	 Base: 5%
	 Effective Percent: 24,83%
Vers
	 Rating: 15055
	 Multiplicative Factor: 0%
	 DR Bracket: 0
	 Base: 3%
	 Effective Percent: 22,3%
Leech
	 Rating: 5953
	 Multiplicative Factor: 0%
	 DR Bracket: 0
	 Base: 0%
	 Effective Percent: 5,84%
Avoidance
	 Rating: 0
	 Multiplicative Factor: 0%
	 DR Bracket: 0
	 Base: 0%
	 Effective Percent: 0%
Mastery
	 Rating: 2684
	 Multiplicative Factor: 0%
	 DR Bracket: 0
	 Base: 21%
	 Effective Percent: 26,75%
----------------------
02:06,144

Intellect
	 Rating: 143955
	 Multiplicative Factor: 14,73%
Stamina
	 Rating: 834860
	 Multiplicative Factor: 11,3%
Crit
	 Rating: 34010
	 Multiplicative Factor: 0%
	 DR Bracket: 2
	 Base: 9%
	 Effective Percent: 54,87%
	 Crit Inc Heal: 2
	 Crit Inc Damage: 2
Haste
	 Rating: 12463
	 Multiplicative Factor: 0%
	 DR Bracket: 0
	 Base: 5%
	 Effective Percent: 24,83%
Vers
	 Rating: 15055
	 Multiplicative Factor: 0%
	 DR Bracket: 0
	 Base: 3%
	 Effective Percent: 22,3%
Leech
	 Rating: 5953
	 Multiplicative Factor: 0%
	 DR Bracket: 0
	 Base: 0%
	 Effective Percent: 5,84%
Avoidance
	 Rating: 0
	 Multiplicative Factor: 0%
	 DR Bracket: 0
	 Base: 0%
	 Effective Percent: 0%
Mastery
	 Rating: 2684
	 Multiplicative Factor: 0%
	 DR Bracket: 0
	 Base: 21%
	 Effective Percent: 26,75%
----------------------
02:08,027

Intellect
	 Rating: 143955
	 Multiplicative Factor: 14,73%
Stamina
	 Rating: 834860
	 Multiplicative Factor: 11,3%
Crit
	 Rating: 39860
	 Multiplicative Factor: 0%
	 DR Bracket: 3
	 Base: 9%
	 Effective Percent: 60,86%
	 Crit Inc Heal: 2
	 Crit Inc Damage: 2
Haste
	 Rating: 12463
	 Multiplicative Factor: 0%
	 DR Bracket: 0
	 Base: 5%
	 Effective Percent: 24,83%
Vers
	 Rating: 15055
	 Multiplicative Factor: 0%
	 DR Bracket: 0
	 Base: 3%
	 Effective Percent: 22,3%
Leech
	 Rating: 5953
	 Multiplicative Factor: 0%
	 DR Bracket: 0
	 Base: 0%
	 Effective Percent: 5,84%
Avoidance
	 Rating: 0
	 Multiplicative Factor: 0%
	 DR Bracket: 0
	 Base: 0%
	 Effective Percent: 0%
Mastery
	 Rating: 2684
	 Multiplicative Factor: 0%
	 DR Bracket: 0
	 Base: 21%
	 Effective Percent: 26,75%
----------------------
02:16,140

Intellect
	 Rating: 143955
	 Multiplicative Factor: 14,73%
Stamina
	 Rating: 834860
	 Multiplicative Factor: 11,3%
Crit
	 Rating: 34010
	 Multiplicative Factor: 0%
	 DR Bracket: 2
	 Base: 9%
	 Effective Percent: 54,87%
	 Crit Inc Heal: 2
	 Crit Inc Damage: 2
Haste
	 Rating: 12463
	 Multiplicative Factor: 0%
	 DR Bracket: 0
	 Base: 5%
	 Effective Percent: 24,83%
Vers
	 Rating: 15055
	 Multiplicative Factor: 0%
	 DR Bracket: 0
	 Base: 3%
	 Effective Percent: 22,3%
Leech
	 Rating: 5953
	 Multiplicative Factor: 0%
	 DR Bracket: 0
	 Base: 0%
	 Effective Percent: 5,84%
Avoidance
	 Rating: 0
	 Multiplicative Factor: 0%
	 DR Bracket: 0
	 Base: 0%
	 Effective Percent: 0%
Mastery
	 Rating: 2684
	 Multiplicative Factor: 0%
	 DR Bracket: 0
	 Base: 21%
	 Effective Percent: 26,75%
----------------------
02:18,018

Intellect
	 Rating: 143955
	 Multiplicative Factor: 14,73%
Stamina
	 Rating: 834860
	 Multiplicative Factor: 11,3%
Crit
	 Rating: 28159
	 Multiplicative Factor: 0%
	 DR Bracket: 2
	 Base: 9%
	 Effective Percent: 48,18%
	 Crit Inc Heal: 2
	 Crit Inc Damage: 2
Haste
	 Rating: 12463
	 Multiplicative Factor: 0%
	 DR Bracket: 0
	 Base: 5%
	 Effective Percent: 24,83%
Vers
	 Rating: 15055
	 Multiplicative Factor: 0%
	 DR Bracket: 0
	 Base: 3%
	 Effective Percent: 22,3%
Leech
	 Rating: 5953
	 Multiplicative Factor: 0%
	 DR Bracket: 0
	 Base: 0%
	 Effective Percent: 5,84%
Avoidance
	 Rating: 0
	 Multiplicative Factor: 0%
	 DR Bracket: 0
	 Base: 0%
	 Effective Percent: 0%
Mastery
	 Rating: 2684
	 Multiplicative Factor: 0%
	 DR Bracket: 0
	 Base: 21%
	 Effective Percent: 26,75%
----------------------
02:45,900

Intellect
	 Rating: 143955
	 Multiplicative Factor: 14,73%
Stamina
	 Rating: 834860
	 Multiplicative Factor: 11,3%
Crit
	 Rating: 28159
	 Multiplicative Factor: 0%
	 DR Bracket: 2
	 Base: 9%
	 Effective Percent: 48,18%
	 Crit Inc Heal: 2
	 Crit Inc Damage: 2
Haste
	 Rating: 12463
	 Multiplicative Factor: 0%
	 DR Bracket: 0
	 Base: 0%
	 Effective Percent: 18,88%
Vers
	 Rating: 15055
	 Multiplicative Factor: 0%
	 DR Bracket: 0
	 Base: 3%
	 Effective Percent: 22,3%
Leech
	 Rating: 5953
	 Multiplicative Factor: 0%
	 DR Bracket: 0
	 Base: 0%
	 Effective Percent: 5,84%
Avoidance
	 Rating: 0
	 Multiplicative Factor: 0%
	 DR Bracket: 0
	 Base: 0%
	 Effective Percent: 0%
Mastery
	 Rating: 2684
	 Multiplicative Factor: 0%
	 DR Bracket: 0
	 Base: 21%
	 Effective Percent: 26,75%
----------------------
03:17,822

Intellect
	 Rating: 143955
	 Multiplicative Factor: 14,73%
Stamina
	 Rating: 834860
	 Multiplicative Factor: 11,3%
Crit
	 Rating: 28159
	 Multiplicative Factor: 0%
	 DR Bracket: 2
	 Base: 9%
	 Effective Percent: 48,18%
	 Crit Inc Heal: 2
	 Crit Inc Damage: 2
Haste
	 Rating: 12463
	 Multiplicative Factor: 0%
	 DR Bracket: 0
	 Base: 1%
	 Effective Percent: 20,07%
Vers
	 Rating: 15055
	 Multiplicative Factor: 0%
	 DR Bracket: 0
	 Base: 3%
	 Effective Percent: 22,3%
Leech
	 Rating: 5953
	 Multiplicative Factor: 0%
	 DR Bracket: 0
	 Base: 0%
	 Effective Percent: 5,84%
Avoidance
	 Rating: 0
	 Multiplicative Factor: 0%
	 DR Bracket: 0
	 Base: 0%
	 Effective Percent: 0%
Mastery
	 Rating: 2684
	 Multiplicative Factor: 0%
	 DR Bracket: 0
	 Base: 21%
	 Effective Percent: 26,75%
----------------------
03:18,501

Intellect
	 Rating: 143955
	 Multiplicative Factor: 14,73%
Stamina
	 Rating: 834860
	 Multiplicative Factor: 11,3%
Crit
	 Rating: 28159
	 Multiplicative Factor: 0%
	 DR Bracket: 2
	 Base: 9%
	 Effective Percent: 48,18%
	 Crit Inc Heal: 2
	 Crit Inc Damage: 2
Haste
	 Rating: 12463
	 Multiplicative Factor: 0%
	 DR Bracket: 0
	 Base: 31%
	 Effective Percent: 55,74%
Vers
	 Rating: 15055
	 Multiplicative Factor: 0%
	 DR Bracket: 0
	 Base: 3%
	 Effective Percent: 22,3%
Leech
	 Rating: 5953
	 Multiplicative Factor: 0%
	 DR Bracket: 0
	 Base: 0%
	 Effective Percent: 5,84%
Avoidance
	 Rating: 0
	 Multiplicative Factor: 0%
	 DR Bracket: 0
	 Base: 0%
	 Effective Percent: 0%
Mastery
	 Rating: 2684
	 Multiplicative Factor: 0%
	 DR Bracket: 0
	 Base: 21%
	 Effective Percent: 26,75%
----------------------
03:23,930

Intellect
	 Rating: 143955
	 Multiplicative Factor: 14,73%
Stamina
	 Rating: 834860
	 Multiplicative Factor: 11,3%
Crit
	 Rating: 28159
	 Multiplicative Factor: 0%
	 DR Bracket: 2
	 Base: 9%
	 Effective Percent: 48,18%
	 Crit Inc Heal: 2
	 Crit Inc Damage: 2
Haste
	 Rating: 12463
	 Multiplicative Factor: 0%
	 DR Bracket: 0
	 Base: 32%
	 Effective Percent: 56,93%
Vers
	 Rating: 15055
	 Multiplicative Factor: 0%
	 DR Bracket: 0
	 Base: 3%
	 Effective Percent: 22,3%
Leech
	 Rating: 5953
	 Multiplicative Factor: 0%
	 DR Bracket: 0
	 Base: 0%
	 Effective Percent: 5,84%
Avoidance
	 Rating: 0
	 Multiplicative Factor: 0%
	 DR Bracket: 0
	 Base: 0%
	 Effective Percent: 0%
Mastery
	 Rating: 2684
	 Multiplicative Factor: 0%
	 DR Bracket: 0
	 Base: 21%
	 Effective Percent: 26,75%
----------------------
03:25,841

Intellect
	 Rating: 143955
	 Multiplicative Factor: 14,73%
Stamina
	 Rating: 834860
	 Multiplicative Factor: 11,3%
Crit
	 Rating: 28159
	 Multiplicative Factor: 0%
	 DR Bracket: 2
	 Base: 9%
	 Effective Percent: 48,18%
	 Crit Inc Heal: 2
	 Crit Inc Damage: 2
Haste
	 Rating: 12463
	 Multiplicative Factor: 0%
	 DR Bracket: 0
	 Base: 33%
	 Effective Percent: 58,11%
Vers
	 Rating: 15055
	 Multiplicative Factor: 0%
	 DR Bracket: 0
	 Base: 3%
	 Effective Percent: 22,3%
Leech
	 Rating: 5953
	 Multiplicative Factor: 0%
	 DR Bracket: 0
	 Base: 0%
	 Effective Percent: 5,84%
Avoidance
	 Rating: 0
	 Multiplicative Factor: 0%
	 DR Bracket: 0
	 Base: 0%
	 Effective Percent: 0%
Mastery
	 Rating: 2684
	 Multiplicative Factor: 0%
	 DR Bracket: 0
	 Base: 21%
	 Effective Percent: 26,75%
----------------------
03:28,713

Intellect
	 Rating: 143955
	 Multiplicative Factor: 14,73%
Stamina
	 Rating: 834860
	 Multiplicative Factor: 11,3%
Crit
	 Rating: 28159
	 Multiplicative Factor: 0%
	 DR Bracket: 2
	 Base: 9%
	 Effective Percent: 48,18%
	 Crit Inc Heal: 2
	 Crit Inc Damage: 2
Haste
	 Rating: 12463
	 Multiplicative Factor: 0%
	 DR Bracket: 0
	 Base: 34%
	 Effective Percent: 59,3%
Vers
	 Rating: 15055
	 Multiplicative Factor: 0%
	 DR Bracket: 0
	 Base: 3%
	 Effective Percent: 22,3%
Leech
	 Rating: 5953
	 Multiplicative Factor: 0%
	 DR Bracket: 0
	 Base: 0%
	 Effective Percent: 5,84%
Avoidance
	 Rating: 0
	 Multiplicative Factor: 0%
	 DR Bracket: 0
	 Base: 0%
	 Effective Percent: 0%
Mastery
	 Rating: 2684
	 Multiplicative Factor: 0%
	 DR Bracket: 0
	 Base: 21%
	 Effective Percent: 26,75%
----------------------
03:32,500

Intellect
	 Rating: 143955
	 Multiplicative Factor: 14,73%
Stamina
	 Rating: 834860
	 Multiplicative Factor: 11,3%
Crit
	 Rating: 28159
	 Multiplicative Factor: 0%
	 DR Bracket: 2
	 Base: 9%
	 Effective Percent: 48,18%
	 Crit Inc Heal: 2
	 Crit Inc Damage: 2
Haste
	 Rating: 12463
	 Multiplicative Factor: 0%
	 DR Bracket: 0
	 Base: 35%
	 Effective Percent: 60,49%
Vers
	 Rating: 15055
	 Multiplicative Factor: 0%
	 DR Bracket: 0
	 Base: 3%
	 Effective Percent: 22,3%
Leech
	 Rating: 5953
	 Multiplicative Factor: 0%
	 DR Bracket: 0
	 Base: 0%
	 Effective Percent: 5,84%
Avoidance
	 Rating: 0
	 Multiplicative Factor: 0%
	 DR Bracket: 0
	 Base: 0%
	 Effective Percent: 0%
Mastery
	 Rating: 2684
	 Multiplicative Factor: 0%
	 DR Bracket: 0
	 Base: 21%
	 Effective Percent: 26,75%
----------------------
03:58,528

Intellect
	 Rating: 143955
	 Multiplicative Factor: 14,73%
Stamina
	 Rating: 834860
	 Multiplicative Factor: 11,3%
Crit
	 Rating: 28159
	 Multiplicative Factor: 0%
	 DR Bracket: 2
	 Base: 9%
	 Effective Percent: 48,18%
	 Crit Inc Heal: 2
	 Crit Inc Damage: 2
Haste
	 Rating: 12463
	 Multiplicative Factor: 0%
	 DR Bracket: 0
	 Base: 5%
	 Effective Percent: 24,83%
Vers
	 Rating: 15055
	 Multiplicative Factor: 0%
	 DR Bracket: 0
	 Base: 3%
	 Effective Percent: 22,3%
Leech
	 Rating: 5953
	 Multiplicative Factor: 0%
	 DR Bracket: 0
	 Base: 0%
	 Effective Percent: 5,84%
Avoidance
	 Rating: 0
	 Multiplicative Factor: 0%
	 DR Bracket: 0
	 Base: 0%
	 Effective Percent: 0%
Mastery
	 Rating: 2684
	 Multiplicative Factor: 0%
	 DR Bracket: 0
	 Base: 21%
	 Effective Percent: 26,75%
----------------------
04:00,309

Intellect
	 Rating: 143955
	 Multiplicative Factor: 14,73%
Stamina
	 Rating: 834860
	 Multiplicative Factor: 11,3%
Crit
	 Rating: 28159
	 Multiplicative Factor: 0%
	 DR Bracket: 2
	 Base: 9%
	 Effective Percent: 48,18%
	 Crit Inc Heal: 2
	 Crit Inc Damage: 2
Haste
	 Rating: 12463
	 Multiplicative Factor: 0%
	 DR Bracket: 0
	 Base: 5%
	 Effective Percent: 24,83%
Vers
	 Rating: 15055
	 Multiplicative Factor: 0%
	 DR Bracket: 0
	 Base: 3%
	 Effective Percent: 22,3%
Leech
	 Rating: 5953
	 Multiplicative Factor: 0%
	 DR Bracket: 0
	 Base: 0%
	 Effective Percent: 5,84%
Avoidance
	 Rating: 0
	 Multiplicative Factor: 0%
	 DR Bracket: 0
	 Base: 0%
	 Effective Percent: 0%
Mastery
	 Rating: 2684
	 Multiplicative Factor: 0%
	 DR Bracket: 0
	 Base: 24%
	 Effective Percent: 29,75%
----------------------
04:00,309

Intellect
	 Rating: 143955
	 Multiplicative Factor: 14,73%
Stamina
	 Rating: 834860
	 Multiplicative Factor: 11,3%
Crit
	 Rating: 28159
	 Multiplicative Factor: 0%
	 DR Bracket: 2
	 Base: 9%
	 Effective Percent: 48,18%
	 Crit Inc Heal: 2
	 Crit Inc Damage: 2
Haste
	 Rating: 12463
	 Multiplicative Factor: 0%
	 DR Bracket: 0
	 Base: 5%
	 Effective Percent: 24,83%
Vers
	 Rating: 15055
	 Multiplicative Factor: 0%
	 DR Bracket: 0
	 Base: 3%
	 Effective Percent: 22,3%
Leech
	 Rating: 5953
	 Multiplicative Factor: 0%
	 DR Bracket: 0
	 Base: 0%
	 Effective Percent: 5,84%
Avoidance
	 Rating: 0
	 Multiplicative Factor: 0%
	 DR Bracket: 0
	 Base: 0%
	 Effective Percent: 0%
Mastery
	 Rating: 2684
	 Multiplicative Factor: 0%
	 DR Bracket: 0
	 Base: 21%
	 Effective Percent: 26,75%
----------------------
04:05,322

Intellect
	 Rating: 143955
	 Multiplicative Factor: 14,73%
Stamina
	 Rating: 834860
	 Multiplicative Factor: 11,3%
Crit
	 Rating: 28159
	 Multiplicative Factor: 0%
	 DR Bracket: 2
	 Base: 9%
	 Effective Percent: 48,18%
	 Crit Inc Heal: 2
	 Crit Inc Damage: 2
Haste
	 Rating: 12463
	 Multiplicative Factor: 0%
	 DR Bracket: 0
	 Base: 5%
	 Effective Percent: 24,83%
Vers
	 Rating: 15055
	 Multiplicative Factor: 0%
	 DR Bracket: 0
	 Base: 3%
	 Effective Percent: 22,3%
Leech
	 Rating: 5953
	 Multiplicative Factor: 0%
	 DR Bracket: 0
	 Base: 0%
	 Effective Percent: 5,84%
Avoidance
	 Rating: 0
	 Multiplicative Factor: 0%
	 DR Bracket: 0
	 Base: 0%
	 Effective Percent: 0%
Mastery
	 Rating: 2684
	 Multiplicative Factor: 0%
	 DR Bracket: 0
	 Base: 18%
	 Effective Percent: 23,75%
----------------------
04:05,322

Intellect
	 Rating: 143955
	 Multiplicative Factor: 14,73%
Stamina
	 Rating: 834860
	 Multiplicative Factor: 11,3%
Crit
	 Rating: 28159
	 Multiplicative Factor: 0%
	 DR Bracket: 2
	 Base: 9%
	 Effective Percent: 48,18%
	 Crit Inc Heal: 2
	 Crit Inc Damage: 2
Haste
	 Rating: 12463
	 Multiplicative Factor: 0%
	 DR Bracket: 0
	 Base: 5%
	 Effective Percent: 24,83%
Vers
	 Rating: 15055
	 Multiplicative Factor: 0%
	 DR Bracket: 0
	 Base: 3%
	 Effective Percent: 22,3%
Leech
	 Rating: 5953
	 Multiplicative Factor: 0%
	 DR Bracket: 0
	 Base: 0%
	 Effective Percent: 5,84%
Avoidance
	 Rating: 0
	 Multiplicative Factor: 0%
	 DR Bracket: 0
	 Base: 0%
	 Effective Percent: 0%
Mastery
	 Rating: 2684
	 Multiplicative Factor: 0%
	 DR Bracket: 0
	 Base: 21%
	 Effective Percent: 26,75%
----------------------
04:05,870

Intellect
	 Rating: 143955
	 Multiplicative Factor: 14,73%
Stamina
	 Rating: 834860
	 Multiplicative Factor: 11,3%
Crit
	 Rating: 28159
	 Multiplicative Factor: 0%
	 DR Bracket: 2
	 Base: 9%
	 Effective Percent: 48,18%
	 Crit Inc Heal: 2
	 Crit Inc Damage: 2
Haste
	 Rating: 12463
	 Multiplicative Factor: 0%
	 DR Bracket: 0
	 Base: 5%
	 Effective Percent: 24,83%
Vers
	 Rating: 15055
	 Multiplicative Factor: 0%
	 DR Bracket: 0
	 Base: 3%
	 Effective Percent: 22,3%
Leech
	 Rating: 5953
	 Multiplicative Factor: 0%
	 DR Bracket: 0
	 Base: 0%
	 Effective Percent: 5,84%
Avoidance
	 Rating: 0
	 Multiplicative Factor: 0%
	 DR Bracket: 0
	 Base: 0%
	 Effective Percent: 0%
Mastery
	 Rating: 2684
	 Multiplicative Factor: 0%
	 DR Bracket: 0
	 Base: 21%
	 Effective Percent: 26,75%
----------------------
04:07,570

Intellect
	 Rating: 143955
	 Multiplicative Factor: 14,73%
Stamina
	 Rating: 834860
	 Multiplicative Factor: 11,3%
Crit
	 Rating: 28159
	 Multiplicative Factor: 0%
	 DR Bracket: 2
	 Base: 9%
	 Effective Percent: 48,18%
	 Crit Inc Heal: 2
	 Crit Inc Damage: 2
Haste
	 Rating: 12463
	 Multiplicative Factor: 0%
	 DR Bracket: 0
	 Base: 5%
	 Effective Percent: 24,83%
Vers
	 Rating: 15055
	 Multiplicative Factor: 0%
	 DR Bracket: 0
	 Base: 3%
	 Effective Percent: 22,3%
Leech
	 Rating: 5953
	 Multiplicative Factor: 0%
	 DR Bracket: 0
	 Base: 0%
	 Effective Percent: 5,84%
Avoidance
	 Rating: 0
	 Multiplicative Factor: 0%
	 DR Bracket: 0
	 Base: 0%
	 Effective Percent: 0%
Mastery
	 Rating: 2684
	 Multiplicative Factor: 0%
	 DR Bracket: 0
	 Base: 18%
	 Effective Percent: 23,75%
----------------------
04:07,571

Intellect
	 Rating: 143955
	 Multiplicative Factor: 14,73%
Stamina
	 Rating: 834860
	 Multiplicative Factor: 11,3%
Crit
	 Rating: 28159
	 Multiplicative Factor: 0%
	 DR Bracket: 2
	 Base: 9%
	 Effective Percent: 48,18%
	 Crit Inc Heal: 2
	 Crit Inc Damage: 2
Haste
	 Rating: 12463
	 Multiplicative Factor: 0%
	 DR Bracket: 0
	 Base: 5%
	 Effective Percent: 24,83%
Vers
	 Rating: 15055
	 Multiplicative Factor: 0%
	 DR Bracket: 0
	 Base: 3%
	 Effective Percent: 22,3%
Leech
	 Rating: 5953
	 Multiplicative Factor: 0%
	 DR Bracket: 0
	 Base: 0%
	 Effective Percent: 5,84%
Avoidance
	 Rating: 0
	 Multiplicative Factor: 0%
	 DR Bracket: 0
	 Base: 0%
	 Effective Percent: 0%
Mastery
	 Rating: 2684
	 Multiplicative Factor: 0%
	 DR Bracket: 0
	 Base: 21%
	 Effective Percent: 26,75%
----------------------
04:16,367

Intellect
	 Rating: 143955
	 Multiplicative Factor: 14,73%
Stamina
	 Rating: 834860
	 Multiplicative Factor: 11,3%
Crit
	 Rating: 28159
	 Multiplicative Factor: 0%
	 DR Bracket: 2
	 Base: 9%
	 Effective Percent: 48,18%
	 Crit Inc Heal: 2
	 Crit Inc Damage: 2
Haste
	 Rating: 12463
	 Multiplicative Factor: 0%
	 DR Bracket: 0
	 Base: 0%
	 Effective Percent: 18,88%
Vers
	 Rating: 15055
	 Multiplicative Factor: 0%
	 DR Bracket: 0
	 Base: 3%
	 Effective Percent: 22,3%
Leech
	 Rating: 5953
	 Multiplicative Factor: 0%
	 DR Bracket: 0
	 Base: 0%
	 Effective Percent: 5,84%
Avoidance
	 Rating: 0
	 Multiplicative Factor: 0%
	 DR Bracket: 0
	 Base: 0%
	 Effective Percent: 0%
Mastery
	 Rating: 2684
	 Multiplicative Factor: 0%
	 DR Bracket: 0
	 Base: 21%
	 Effective Percent: 26,75%
----------------------
04:41,816

Intellect
	 Rating: 143955
	 Multiplicative Factor: 14,73%
Stamina
	 Rating: 834860
	 Multiplicative Factor: 11,3%
Crit
	 Rating: 28159
	 Multiplicative Factor: 0%
	 DR Bracket: 2
	 Base: 9%
	 Effective Percent: 48,18%
	 Crit Inc Heal: 2
	 Crit Inc Damage: 2
Haste
	 Rating: 12463
	 Multiplicative Factor: 0%
	 DR Bracket: 0
	 Base: 1%
	 Effective Percent: 20,07%
Vers
	 Rating: 15055
	 Multiplicative Factor: 0%
	 DR Bracket: 0
	 Base: 3%
	 Effective Percent: 22,3%
Leech
	 Rating: 5953
	 Multiplicative Factor: 0%
	 DR Bracket: 0
	 Base: 0%
	 Effective Percent: 5,84%
Avoidance
	 Rating: 0
	 Multiplicative Factor: 0%
	 DR Bracket: 0
	 Base: 0%
	 Effective Percent: 0%
Mastery
	 Rating: 2684
	 Multiplicative Factor: 0%
	 DR Bracket: 0
	 Base: 21%
	 Effective Percent: 26,75%
----------------------
04:45,598

Intellect
	 Rating: 143955
	 Multiplicative Factor: 14,73%
Stamina
	 Rating: 834860
	 Multiplicative Factor: 11,3%
Crit
	 Rating: 28159
	 Multiplicative Factor: 0%
	 DR Bracket: 2
	 Base: 9%
	 Effective Percent: 48,18%
	 Crit Inc Heal: 2
	 Crit Inc Damage: 2
Haste
	 Rating: 12463
	 Multiplicative Factor: 0%
	 DR Bracket: 0
	 Base: 2%
	 Effective Percent: 21,26%
Vers
	 Rating: 15055
	 Multiplicative Factor: 0%
	 DR Bracket: 0
	 Base: 3%
	 Effective Percent: 22,3%
Leech
	 Rating: 5953
	 Multiplicative Factor: 0%
	 DR Bracket: 0
	 Base: 0%
	 Effective Percent: 5,84%
Avoidance
	 Rating: 0
	 Multiplicative Factor: 0%
	 DR Bracket: 0
	 Base: 0%
	 Effective Percent: 0%
Mastery
	 Rating: 2684
	 Multiplicative Factor: 0%
	 DR Bracket: 0
	 Base: 21%
	 Effective Percent: 26,75%
----------------------
04:48,771

Intellect
	 Rating: 143955
	 Multiplicative Factor: 14,73%
Stamina
	 Rating: 834860
	 Multiplicative Factor: 11,3%
Crit
	 Rating: 28159
	 Multiplicative Factor: 0%
	 DR Bracket: 2
	 Base: 9%
	 Effective Percent: 48,18%
	 Crit Inc Heal: 2
	 Crit Inc Damage: 2
Haste
	 Rating: 12463
	 Multiplicative Factor: 0%
	 DR Bracket: 0
	 Base: 3%
	 Effective Percent: 22,45%
Vers
	 Rating: 15055
	 Multiplicative Factor: 0%
	 DR Bracket: 0
	 Base: 3%
	 Effective Percent: 22,3%
Leech
	 Rating: 5953
	 Multiplicative Factor: 0%
	 DR Bracket: 0
	 Base: 0%
	 Effective Percent: 5,84%
Avoidance
	 Rating: 0
	 Multiplicative Factor: 0%
	 DR Bracket: 0
	 Base: 0%
	 Effective Percent: 0%
Mastery
	 Rating: 2684
	 Multiplicative Factor: 0%
	 DR Bracket: 0
	 Base: 21%
	 Effective Percent: 26,75%
----------------------
05:00,211

Intellect
	 Rating: 143955
	 Multiplicative Factor: 14,73%
Stamina
	 Rating: 834860
	 Multiplicative Factor: 11,3%
Crit
	 Rating: 28159
	 Multiplicative Factor: 0%
	 DR Bracket: 2
	 Base: 9%
	 Effective Percent: 48,18%
	 Crit Inc Heal: 2
	 Crit Inc Damage: 2
Haste
	 Rating: 12463
	 Multiplicative Factor: 0%
	 DR Bracket: 0
	 Base: 4%
	 Effective Percent: 23,64%
Vers
	 Rating: 15055
	 Multiplicative Factor: 0%
	 DR Bracket: 0
	 Base: 3%
	 Effective Percent: 22,3%
Leech
	 Rating: 5953
	 Multiplicative Factor: 0%
	 DR Bracket: 0
	 Base: 0%
	 Effective Percent: 5,84%
Avoidance
	 Rating: 0
	 Multiplicative Factor: 0%
	 DR Bracket: 0
	 Base: 0%
	 Effective Percent: 0%
Mastery
	 Rating: 2684
	 Multiplicative Factor: 0%
	 DR Bracket: 0
	 Base: 21%
	 Effective Percent: 26,75%
----------------------
05:04,390

Intellect
	 Rating: 143955
	 Multiplicative Factor: 14,73%
Stamina
	 Rating: 834860
	 Multiplicative Factor: 11,3%
Crit
	 Rating: 28159
	 Multiplicative Factor: 0%
	 DR Bracket: 2
	 Base: 9%
	 Effective Percent: 48,18%
	 Crit Inc Heal: 2
	 Crit Inc Damage: 2
Haste
	 Rating: 12463
	 Multiplicative Factor: 0%
	 DR Bracket: 0
	 Base: 5%
	 Effective Percent: 24,83%
Vers
	 Rating: 15055
	 Multiplicative Factor: 0%
	 DR Bracket: 0
	 Base: 3%
	 Effective Percent: 22,3%
Leech
	 Rating: 5953
	 Multiplicative Factor: 0%
	 DR Bracket: 0
	 Base: 0%
	 Effective Percent: 5,84%
Avoidance
	 Rating: 0
	 Multiplicative Factor: 0%
	 DR Bracket: 0
	 Base: 0%
	 Effective Percent: 0%
Mastery
	 Rating: 2684
	 Multiplicative Factor: 0%
	 DR Bracket: 0
	 Base: 21%
	 Effective Percent: 26,75%
----------------------
05:25,038

Intellect
	 Rating: 143955
	 Multiplicative Factor: 14,73%
Stamina
	 Rating: 795105
	 Multiplicative Factor: 6%
Crit
	 Rating: 28159
	 Multiplicative Factor: 0%
	 DR Bracket: 2
	 Base: 9%
	 Effective Percent: 48,18%
	 Crit Inc Heal: 2
	 Crit Inc Damage: 2
Haste
	 Rating: 12463
	 Multiplicative Factor: 0%
	 DR Bracket: 0
	 Base: 5%
	 Effective Percent: 24,83%
Vers
	 Rating: 15055
	 Multiplicative Factor: 0%
	 DR Bracket: 0
	 Base: 3%
	 Effective Percent: 22,3%
Leech
	 Rating: 5953
	 Multiplicative Factor: 0%
	 DR Bracket: 0
	 Base: 0%
	 Effective Percent: 5,84%
Avoidance
	 Rating: 0
	 Multiplicative Factor: 0%
	 DR Bracket: 0
	 Base: 0%
	 Effective Percent: 0%
Mastery
	 Rating: 2684
	 Multiplicative Factor: 0%
	 DR Bracket: 0
	 Base: 21%
	 Effective Percent: 26,75%
----------------------
05:25,038

Intellect
	 Rating: 143955
	 Multiplicative Factor: 14,73%
Stamina
	 Rating: 795105
	 Multiplicative Factor: 6%
Crit
	 Rating: 28159
	 Multiplicative Factor: 0%
	 DR Bracket: 2
	 Base: 9%
	 Effective Percent: 48,18%
	 Crit Inc Heal: 2
	 Crit Inc Damage: 2
Haste
	 Rating: 12463
	 Multiplicative Factor: 0%
	 DR Bracket: 0
	 Base: 5%
	 Effective Percent: 24,83%
Vers
	 Rating: 15055
	 Multiplicative Factor: 0%
	 DR Bracket: 0
	 Base: 0%
	 Effective Percent: 19,3%
Leech
	 Rating: 5953
	 Multiplicative Factor: 0%
	 DR Bracket: 0
	 Base: 0%
	 Effective Percent: 5,84%
Avoidance
	 Rating: 0
	 Multiplicative Factor: 0%
	 DR Bracket: 0
	 Base: 0%
	 Effective Percent: 0%
Mastery
	 Rating: 2684
	 Multiplicative Factor: 0%
	 DR Bracket: 0
	 Base: 21%
	 Effective Percent: 26,75%
----------------------
05:25,038

Intellect
	 Rating: 143955
	 Multiplicative Factor: 14,73%
Stamina
	 Rating: 795105
	 Multiplicative Factor: 6%
Crit
	 Rating: 28159
	 Multiplicative Factor: 0%
	 DR Bracket: 2
	 Base: 9%
	 Effective Percent: 48,18%
	 Crit Inc Heal: 2
	 Crit Inc Damage: 2
Haste
	 Rating: 12463
	 Multiplicative Factor: 0%
	 DR Bracket: 0
	 Base: 0%
	 Effective Percent: 18,88%
Vers
	 Rating: 15055
	 Multiplicative Factor: 0%
	 DR Bracket: 0
	 Base: 0%
	 Effective Percent: 19,3%
Leech
	 Rating: 5953
	 Multiplicative Factor: 0%
	 DR Bracket: 0
	 Base: 0%
	 Effective Percent: 5,84%
Avoidance
	 Rating: 0
	 Multiplicative Factor: 0%
	 DR Bracket: 0
	 Base: 0%
	 Effective Percent: 0%
Mastery
	 Rating: 2684
	 Multiplicative Factor: 0%
	 DR Bracket: 0
	 Base: 21%
	 Effective Percent: 26,75%
----------------------
05:25,038

Intellect
	 Rating: 143955
	 Multiplicative Factor: 14,73%
Stamina
	 Rating: 795105
	 Multiplicative Factor: 6%
Crit
	 Rating: 28159
	 Multiplicative Factor: 0%
	 DR Bracket: 2
	 Base: 9%
	 Effective Percent: 48,18%
	 Crit Inc Heal: 2
	 Crit Inc Damage: 2
Haste
	 Rating: 12463
	 Multiplicative Factor: 0%
	 DR Bracket: 0
	 Base: 0%
	 Effective Percent: 18,88%
Vers
	 Rating: 15055
	 Multiplicative Factor: 0%
	 DR Bracket: 0
	 Base: 0%
	 Effective Percent: 19,3%
Leech
	 Rating: 5953
	 Multiplicative Factor: 0%
	 DR Bracket: 0
	 Base: 0%
	 Effective Percent: 5,84%
Avoidance
	 Rating: 0
	 Multiplicative Factor: 0%
	 DR Bracket: 0
	 Base: 0%
	 Effective Percent: 0%
Mastery
	 Rating: 2684
	 Multiplicative Factor: 0%
	 DR Bracket: 0
	 Base: 18%
	 Effective Percent: 23,75%
----------------------
05:25,038

Intellect
	 Rating: 139762
	 Multiplicative Factor: 11,38%
Stamina
	 Rating: 795105
	 Multiplicative Factor: 6%
Crit
	 Rating: 28159
	 Multiplicative Factor: 0%
	 DR Bracket: 2
	 Base: 9%
	 Effective Percent: 48,18%
	 Crit Inc Heal: 2
	 Crit Inc Damage: 2
Haste
	 Rating: 12463
	 Multiplicative Factor: 0%
	 DR Bracket: 0
	 Base: 0%
	 Effective Percent: 18,88%
Vers
	 Rating: 15055
	 Multiplicative Factor: 0%
	 DR Bracket: 0
	 Base: 0%
	 Effective Percent: 19,3%
Leech
	 Rating: 5953
	 Multiplicative Factor: 0%
	 DR Bracket: 0
	 Base: 0%
	 Effective Percent: 5,84%
Avoidance
	 Rating: 0
	 Multiplicative Factor: 0%
	 DR Bracket: 0
	 Base: 0%
	 Effective Percent: 0%
Mastery
	 Rating: 2684
	 Multiplicative Factor: 0%
	 DR Bracket: 0
	 Base: 18%
	 Effective Percent: 23,75%
