-----------
EssenceRegenDummy
-----------
Azure Strike
-----------
Blessing of the Bronze
-----------
Cauterizing Flame
-----------
Chrono Flames
-----------
Chrono Flame
-----------
Consume Flame
	Eff: -20947780,007910907
-----------
Deep Breath
-----------
Disintegrate
-----------
Dream Breath
	Eff: 1467564,2624356144
-----------
Dream Breath (Echo)
	Eff: -10265737,79961536
-----------
Dream Flight
	Eff: 23599740,853481084
-----------
Echo
	Eff: -3459105,569485307
-----------
Emerald Blossom
-----------
Engulf
-----------
Enkindle
-----------
Expunge
-----------
Fire Breath
	Dmg: -727100,0690932788
-----------
Fluttering Seedlings
-----------
Golden Hour
	Eff: -25879473,56420863
-----------
Landslide
-----------
Lifebind
	Eff: -50435032,78198408
-----------
Life-Giver's Flame
-----------
Living Flame
	Eff: -5570966,505300863
	Dmg: -8949784,57265871
-----------
Naturalize
-----------
Oppressing Roar
-----------
Panacea
	Eff: 2223898,0703677973
-----------
Rewind
-----------
Renewing Blaze
-----------
Reversion
	Eff: -14608900,322266804
-----------
Reversion (Echo)
	Eff: -24659407,107474968
-----------
Sleep Walk
-----------
Source of Magic
-----------
Spatial Paradox
-----------
Spiritbloom
	Eff: 10115021,366024174
-----------
Spiritbloom (Echo)
	Eff: -5543843,083483455
-----------
Stasis
-----------
Tail Swipe
-----------
Temporal Anomaly
	Eff: -53192307,0173324
-----------
Time Spiral
-----------
Unravel
-----------
Verdant Embrace
	Eff: 20062806,31543322
-----------
Zephyr
-----------
Leech
	Eff: -2029300,5464978556
-----------
Blessing of Summer
-----------
Holy Bulwark
-----------
ZeroCIMDummy
-----------
Ethereal Reconstitution
	Eff: -1440847,800242801
-----------
Ethereal Guard
	Eff: -1915218,9744356559
-----------
Stasis (Release)
-----------
Essence Bomb
-----------
Voidglass Barrier
	Eff: 8775972,560541192
-----------
Tip the Scales
-----------
Algari Mana Potion
-----------
Hover
-----------
Glide
-----------
Rescue
-----------
Twin Guardian
-----------
Emerald Communion
-----------
Stasis (Store)
-----------
Obsidian Scales
-----------
Time Dilation
-----------
Take Off
-----------
Whirling Surge
-----------
Surge Forward
-----------
Skyward Ascent
-----------
Shooting Star
-----------
Wing Buffet
-----------
Fury of the Aspects
-----------
Bombardments
-----------
Invigorating Healing Potion
	Eff: 562793,8549547773
