-----------
EssenceRegenDummy
-----------
Azure Strike
-----------
Blessing of the Bronze
-----------
Cauterizing Flame
-----------
Chrono Flames
-----------
Chrono Flame
-----------
Consume Flame
	Eff: -23162011,105311677
-----------
Deep Breath
-----------
Disintegrate
-----------
Dream Breath
	Eff: -4737839,948709261
-----------
Dream Breath (Echo)
	Eff: -11120190,014942056
-----------
Dream Flight
	Eff: 21238473,790259577
-----------
Echo
	Eff: -4023063,772947573
-----------
Emerald Blossom
-----------
Engulf
-----------
Enkindle
-----------
Expunge
-----------
Fire Breath
	Dmg: -2092231,3458633649
-----------
Fluttering Seedlings
-----------
Golden Hour
	Eff: -25879473,56420863
-----------
Landslide
-----------
Lifebind
	Eff: -51370301,69241717
-----------
Life-Giver's Flame
-----------
Living Flame
	Eff: -5526336,846826777
	Dmg: -9278320,896216404
-----------
Naturalize
-----------
Oppressing Roar
-----------
Panacea
	Eff: 2271215,2297148453
-----------
Rewind
-----------
Renewing Blaze
-----------
Reversion
	Eff: -21732556,84045895
-----------
Reversion (Echo)
	Eff: -39130570,21751133
-----------
Sleep Walk
-----------
Source of Magic
-----------
Spatial Paradox
-----------
Spiritbloom
	Eff: 10765032,369238548
-----------
Spiritbloom (Echo)
	Eff: -4703134,78076337
-----------
Stasis
-----------
Tail Swipe
-----------
Temporal Anomaly
	Eff: -43816126,27169711
-----------
Time Spiral
-----------
Unravel
-----------
Verdant Embrace
	Eff: 19768570,173444346
-----------
Zephyr
-----------
Leech
	Eff: -3375054,3634236488
-----------
Blessing of Summer
-----------
Holy Bulwark
-----------
ZeroCIMDummy
-----------
Ethereal Reconstitution
	Eff: -3168945,204403639
-----------
Ethereal Guard
	Eff: -12083028,198374648
-----------
Stasis (Release)
-----------
Essence Bomb
-----------
Voidglass Barrier
	Eff: 8775972,560541192
-----------
Tip the Scales
-----------
Algari Mana Potion
-----------
Hover
-----------
Glide
-----------
Rescue
-----------
Twin Guardian
-----------
Emerald Communion
-----------
Stasis (Store)
-----------
Obsidian Scales
-----------
Time Dilation
-----------
Take Off
-----------
Whirling Surge
-----------
Surge Forward
-----------
Skyward Ascent
-----------
Shooting Star
-----------
Wing Buffet
-----------
Fury of the Aspects
-----------
Bombardments
-----------
Invigorating Healing Potion
	Eff: 562793,8549547773
