-----------
EssenceRegenDummy
-----------
Azure Strike
-----------
Blessing of the Bronze
-----------
Cauterizing Flame
-----------
Chrono Flames
-----------
Chrono Flame
-----------
Consume Flame
	Eff: -49632202,454032734
-----------
Deep Breath
-----------
Disintegrate
-----------
Dream Breath
	Eff: -25751910,55820296
-----------
Dream Breath (Echo)
	Eff: -11947517,038056232
-----------
Dream Flight
	Eff: 12591569,381745571
-----------
Echo
	Eff: -9366251,699218387
-----------
Emerald Blossom
-----------
Engulf
-----------
Enkindle
-----------
Expunge
-----------
Fire Breath
	Dmg: 1692190,3542123004
-----------
Fluttering Seedlings
-----------
Golden Hour
	Eff: -25879473,56420863
-----------
Landslide
-----------
Lifebind
	Eff: -54238222,54501697
-----------
Life-Giver's Flame
-----------
Living Flame
	Eff: -5790107,178873113
	Dmg: -8429329,232664151
-----------
Naturalize
-----------
Oppressing Roar
-----------
Panacea
	Eff: 1378331,0921252016
-----------
Rewind
-----------
Renewing Blaze
-----------
Reversion
	Eff: -22962339,009064198
-----------
Reversion (Echo)
	Eff: -44029295,842195526
-----------
Sleep Walk
-----------
Source of Magic
-----------
Spatial Paradox
-----------
Spiritbloom
	Eff: 7114111,913539096
-----------
Spiritbloom (Echo)
	Eff: -9317196,000115355
-----------
Stasis
-----------
Tail Swipe
-----------
Temporal Anomaly
	Eff: -31110110,81535733
-----------
Time Spiral
-----------
Unravel
-----------
Verdant Embrace
	Eff: 13525173,570491072
-----------
Zephyr
-----------
Leech
	Eff: -4857998,258391661
-----------
Blessing of Summer
-----------
Holy Bulwark
-----------
ZeroCIMDummy
-----------
Ethereal Reconstitution
	Eff: 2107314,841679854
-----------
Ethereal Guard
	Eff: 10912981,631341
-----------
Stasis (Release)
-----------
Essence Bomb
-----------
Voidglass Barrier
	Eff: 26363668,966929056
-----------
Tip the Scales
-----------
Algari Mana Potion
-----------
Hover
-----------
Glide
-----------
Rescue
-----------
Twin Guardian
-----------
Emerald Communion
-----------
Stasis (Store)
-----------
Obsidian Scales
-----------
Time Dilation
-----------
Take Off
-----------
Whirling Surge
-----------
Surge Forward
-----------
Skyward Ascent
-----------
Shooting Star
-----------
Wing Buffet
-----------
Fury of the Aspects
-----------
Bombardments
-----------
Invigorating Healing Potion
	Eff: 1690674,2570460625
