-----------
EssenceRegenDummy
-----------
Azure Strike
-----------
Blessing of the Bronze
-----------
Cauterizing Flame
-----------
Chrono Flames
-----------
Chrono Flame
-----------
Consume Flame
	Eff: -34351891,816057354
-----------
Deep Breath
-----------
Disintegrate
-----------
Dream Breath
	Eff: -16004895,96583371
-----------
Dream Breath (Echo)
	Eff: -12024647,480977274
-----------
Dream Flight
	Eff: 17481032,36512093
-----------
Echo
	Eff: -6565762,616239777
-----------
Emerald Blossom
-----------
Engulf
-----------
Enkindle
-----------
Expunge
-----------
Fire Breath
	Dmg: -1063066,6531213955
-----------
Fluttering Seedlings
-----------
Golden Hour
	Eff: -25879473,56420863
-----------
Landslide
-----------
Lifebind
	Eff: -53730086,80428164
-----------
Life-Giver's Flame
-----------
Living Flame
	Eff: -5593531,986541256
	Dmg: -9072216,721579386
-----------
Naturalize
-----------
Oppressing Roar
-----------
Panacea
	Eff: 1961795,5745824692
-----------
Rewind
-----------
Renewing Blaze
-----------
Reversion
	Eff: -30539825,26541659
-----------
Reversion (Echo)
	Eff: -56018996,292733915
-----------
Sleep Walk
-----------
Source of Magic
-----------
Spatial Paradox
-----------
Spiritbloom
	Eff: 10206407,308308318
-----------
Spiritbloom (Echo)
	Eff: -5463513,417695621
-----------
Stasis
-----------
Tail Swipe
-----------
Temporal Anomaly
	Eff: -21138225,292143036
-----------
Time Spiral
-----------
Unravel
-----------
Verdant Embrace
	Eff: 17145989,359567825
-----------
Zephyr
-----------
Leech
	Eff: -5000118,762237326
-----------
Blessing of Summer
-----------
Holy Bulwark
-----------
ZeroCIMDummy
-----------
Ethereal Reconstitution
	Eff: -1523964,7835792243
-----------
Ethereal Guard
	Eff: -6865737,0539798895
-----------
Stasis (Release)
-----------
Essence Bomb
-----------
Voidglass Barrier
	Eff: 20949762,15018406
-----------
Tip the Scales
-----------
Algari Mana Potion
-----------
Hover
-----------
Glide
-----------
Rescue
-----------
Twin Guardian
-----------
Emerald Communion
-----------
Stasis (Store)
-----------
Obsidian Scales
-----------
Time Dilation
-----------
Take Off
-----------
Whirling Surge
-----------
Surge Forward
-----------
Skyward Ascent
-----------
Shooting Star
-----------
Wing Buffet
-----------
Fury of the Aspects
-----------
Bombardments
-----------
Invigorating Healing Potion
	Eff: 1343486,128694171
