-----------
EssenceRegenDummy
-----------
Azure Strike
-----------
Blessing of the Bronze
-----------
Cauterizing Flame
-----------
Chrono Flames
-----------
Chrono Flame
-----------
Consume Flame
	Eff: -46242680,86512955
-----------
Deep Breath
-----------
Disintegrate
-----------
Dream Breath
	Eff: -26619927,48334053
-----------
Dream Breath (Echo)
	Eff: -12537312,55365451
-----------
Dream Flight
	Eff: 12884980,973116642
-----------
Echo
	Eff: -8949827,600502057
-----------
Emerald Blossom
-----------
Engulf
-----------
Enkindle
-----------
Expunge
-----------
Fire Breath
	Dmg: 35468,24762918065
-----------
Fluttering Seedlings
-----------
Golden Hour
	Eff: -25879473,56420863
-----------
Landslide
-----------
Lifebind
	Eff: -54942511,330853716
-----------
Life-Giver's Flame
-----------
Living Flame
	Eff: -5703706,429393994
	Dmg: -8826804,28243896
-----------
Naturalize
-----------
Oppressing Roar
-----------
Panacea
	Eff: 1587102,5948618334
-----------
Rewind
-----------
Renewing Blaze
-----------
Reversion
	Eff: -32195528,800670043
-----------
Reversion (Echo)
	Eff: -59180504,75777083
-----------
Sleep Walk
-----------
Source of Magic
-----------
Spatial Paradox
-----------
Spiritbloom
	Eff: 8559703,542106062
-----------
Spiritbloom (Echo)
	Eff: -7490450,186947812
-----------
Stasis
-----------
Tail Swipe
-----------
Temporal Anomaly
	Eff: -18676721,61119888
-----------
Time Spiral
-----------
Unravel
-----------
Verdant Embrace
	Eff: 14438305,73157343
-----------
Zephyr
-----------
Leech
	Eff: -5887494,1511096
-----------
Blessing of Summer
-----------
Holy Bulwark
-----------
ZeroCIMDummy
-----------
Ethereal Reconstitution
	Eff: 16363,618609749392
-----------
Ethereal Guard
	Eff: 211723,53203052844
-----------
Stasis (Release)
-----------
Essence Bomb
-----------
Voidglass Barrier
	Eff: 26362711,137276486
-----------
Tip the Scales
-----------
Algari Mana Potion
-----------
Hover
-----------
Glide
-----------
Rescue
-----------
Twin Guardian
-----------
Emerald Communion
-----------
Stasis (Store)
-----------
Obsidian Scales
-----------
Time Dilation
-----------
Take Off
-----------
Whirling Surge
-----------
Surge Forward
-----------
Skyward Ascent
-----------
Shooting Star
-----------
Wing Buffet
-----------
Fury of the Aspects
-----------
Bombardments
-----------
Invigorating Healing Potion
	Eff: 1690612,8324416876
