-----------
EssenceRegenDummy
-----------
Azure Strike
-----------
Blessing of the Bronze
-----------
Cauterizing Flame
-----------
Chrono Flames
-----------
Chrono Flame
-----------
Consume Flame
	Eff: -42546801,717022665
-----------
Deep Breath
-----------
Disintegrate
-----------
Dream Breath
	Eff: -29907248,61345739
-----------
Dream Breath (Echo)
	Eff: -13444771,19867744
-----------
Dream Flight
	Eff: 12183585,118599305
-----------
Echo
	Eff: -8456127,014566539
-----------
Emerald Blossom
-----------
Engulf
-----------
Enkindle
-----------
Expunge
-----------
Fire Breath
	Dmg: -2677703,365867437
-----------
Fluttering Seedlings
-----------
Golden Hour
	Eff: -25879473,56420863
-----------
Landslide
-----------
Lifebind
	Eff: -55393049,44812252
-----------
Life-Giver's Flame
-----------
Living Flame
	Eff: -5583124,926960134
	Dmg: -9456995,98551437
-----------
Naturalize
-----------
Oppressing Roar
-----------
Panacea
	Eff: 1861126,9024929646
-----------
Rewind
-----------
Renewing Blaze
-----------
Reversion
	Eff: -38704988,971553415
-----------
Reversion (Echo)
	Eff: -71853592,81236312
-----------
Sleep Walk
-----------
Source of Magic
-----------
Spatial Paradox
-----------
Spiritbloom
	Eff: 10383096,824951388
-----------
Spiritbloom (Echo)
	Eff: -5244099,594585287
-----------
Stasis
-----------
Tail Swipe
-----------
Temporal Anomaly
	Eff: -10795557,897245597
-----------
Time Spiral
-----------
Unravel
-----------
Verdant Embrace
	Eff: 15415158,769769117
-----------
Zephyr
-----------
Leech
	Eff: -7113830,934799619
-----------
Blessing of Summer
-----------
Holy Bulwark
-----------
ZeroCIMDummy
-----------
Ethereal Reconstitution
	Eff: -3548494,0394642917
-----------
Ethereal Guard
	Eff: -17649599,726670694
-----------
Stasis (Release)
-----------
Essence Bomb
-----------
Voidglass Barrier
	Eff: 20949762,15018406
-----------
Tip the Scales
-----------
Algari Mana Potion
-----------
Hover
-----------
Glide
-----------
Rescue
-----------
Twin Guardian
-----------
Emerald Communion
-----------
Stasis (Store)
-----------
Obsidian Scales
-----------
Time Dilation
-----------
Take Off
-----------
Whirling Surge
-----------
Surge Forward
-----------
Skyward Ascent
-----------
Shooting Star
-----------
Wing Buffet
-----------
Fury of the Aspects
-----------
Bombardments
-----------
Invigorating Healing Potion
	Eff: 1343486,128694171
