-----------
EssenceRegenDummy
-----------
Azure Strike
-----------
Blessing of the Bronze
-----------
Cauterizing Flame
-----------
Chrono Flames
-----------
Chrono Flame
-----------
Consume Flame
	Eff: -26219423,391923696
-----------
Deep Breath
-----------
Disintegrate
-----------
Dream Breath
	Eff: -1417047,2552374266
-----------
Dream Breath (Echo)
	Eff: -10258171,647799304
-----------
Dream Flight
	Eff: 22770420,349990282
-----------
Echo
	Eff: -4601364,333811246
-----------
Emerald Blossom
-----------
Engulf
-----------
Enkindle
-----------
Expunge
-----------
Fire Breath
	Dmg: 724669,0090687462
-----------
Fluttering Seedlings
-----------
Golden Hour
	Eff: -25879473,56420863
-----------
Landslide
-----------
Lifebind
	Eff: -51238809,70868987
-----------
Life-Giver's Flame
-----------
Living Flame
	Eff: -5639165,314180468
	Dmg: -8622890,509254813
-----------
Naturalize
-----------
Oppressing Roar
-----------
Panacea
	Eff: 2004413,696977837
-----------
Rewind
-----------
Renewing Blaze
-----------
Reversion
	Eff: -15041983,108352093
-----------
Reversion (Echo)
	Eff: -28481177,82077363
-----------
Sleep Walk
-----------
Source of Magic
-----------
Spatial Paradox
-----------
Spiritbloom
	Eff: 9361468,899445597
-----------
Spiritbloom (Echo)
	Eff: -6555814,151048854
-----------
Stasis
-----------
Tail Swipe
-----------
Temporal Anomaly
	Eff: -47149309,88956999
-----------
Time Spiral
-----------
Unravel
-----------
Verdant Embrace
	Eff: 18678874,33072579
-----------
Zephyr
-----------
Leech
	Eff: -2214595,9321435
-----------
Blessing of Summer
-----------
Holy Bulwark
-----------
ZeroCIMDummy
-----------
Ethereal Reconstitution
	Eff: 573731,1787211464
-----------
Ethereal Guard
	Eff: 6455559,88446654
-----------
Stasis (Release)
-----------
Essence Bomb
-----------
Voidglass Barrier
	Eff: 15179437,137080736
-----------
Tip the Scales
-----------
Algari Mana Potion
-----------
Hover
-----------
Glide
-----------
Rescue
-----------
Twin Guardian
-----------
Emerald Communion
-----------
Stasis (Store)
-----------
Obsidian Scales
-----------
Time Dilation
-----------
Take Off
-----------
Whirling Surge
-----------
Surge Forward
-----------
Skyward Ascent
-----------
Shooting Star
-----------
Wing Buffet
-----------
Fury of the Aspects
-----------
Bombardments
-----------
Invigorating Healing Potion
	Eff: 973441,2777031921
