-----------
EssenceRegenDummy
-----------
Azure Strike
-----------
Blessing of the Bronze
-----------
Cauterizing Flame
-----------
Chrono Flames
-----------
Chrono Flame
-----------
Consume Flame
	Eff: -40230640,29133391
-----------
Deep Breath
-----------
Disintegrate
-----------
Dream Breath
	Eff: -14046609,679410744
-----------
Dream Breath (Echo)
	Eff: -10882681,16476402
-----------
Dream Flight
	Eff: 17325184,879848238
-----------
Echo
	Eff: -7357158,026076856
-----------
Emerald Blossom
-----------
Engulf
-----------
Enkindle
-----------
Expunge
-----------
Fire Breath
	Dmg: 2033110,4890791727
-----------
Fluttering Seedlings
-----------
Golden Hour
	Eff: -25879473,56420863
-----------
Landslide
-----------
Lifebind
	Eff: -52627462,33374797
-----------
Life-Giver's Flame
-----------
Living Flame
	Eff: -5760062,558683871
	Dmg: -8328265,946825468
-----------
Naturalize
-----------
Oppressing Roar
-----------
Panacea
	Eff: 1570732,7853760119
-----------
Rewind
-----------
Renewing Blaze
-----------
Reversion
	Eff: -17017584,056514848
-----------
Reversion (Echo)
	Eff: -31810150,4099526
-----------
Sleep Walk
-----------
Source of Magic
-----------
Spatial Paradox
-----------
Spiritbloom
	Eff: 7535510,792029704
-----------
Spiritbloom (Echo)
	Eff: -8851568,976165235
-----------
Stasis
-----------
Tail Swipe
-----------
Temporal Anomaly
	Eff: -44396894,219725184
-----------
Time Spiral
-----------
Unravel
-----------
Verdant Embrace
	Eff: 15467471,648299374
-----------
Zephyr
-----------
Leech
	Eff: -3252636,0570852594
-----------
Blessing of Summer
-----------
Holy Bulwark
-----------
ZeroCIMDummy
-----------
Ethereal Reconstitution
	Eff: 2389393,080226681
-----------
Ethereal Guard
	Eff: 14000291,590989705
-----------
Stasis (Release)
-----------
Essence Bomb
-----------
Voidglass Barrier
	Eff: 20949762,15018406
-----------
Tip the Scales
-----------
Algari Mana Potion
-----------
Hover
-----------
Glide
-----------
Rescue
-----------
Twin Guardian
-----------
Emerald Communion
-----------
Stasis (Store)
-----------
Obsidian Scales
-----------
Time Dilation
-----------
Take Off
-----------
Whirling Surge
-----------
Surge Forward
-----------
Skyward Ascent
-----------
Shooting Star
-----------
Wing Buffet
-----------
Fury of the Aspects
-----------
Bombardments
-----------
Invigorating Healing Potion
	Eff: 1343486,128694171
