-----------
EssenceRegenDummy
-----------
Azure Strike
-----------
Blessing of the Bronze
-----------
Cauterizing Flame
-----------
Chrono Flames
-----------
Chrono Flame
-----------
Consume Flame
	Eff: -23730119,474477872
-----------
Deep Breath
-----------
Disintegrate
-----------
Dream Breath
	Eff: -2501668,911953704
-----------
Dream Breath (Echo)
	Eff: -10810463,291970557
-----------
Dream Flight
	Eff: 22635414,035941124
-----------
Echo
	Eff: -4226601,679156257
-----------
Emerald Blossom
-----------
Engulf
-----------
Enkindle
-----------
Expunge
-----------
Fire Breath
	Dmg: -714137,9518042994
-----------
Fluttering Seedlings
-----------
Golden Hour
	Eff: -25879473,56420863
-----------
Landslide
-----------
Lifebind
	Eff: -51560223,821089454
-----------
Life-Giver's Flame
-----------
Living Flame
	Eff: -5559153,320091187
	Dmg: -8969161,427246764
-----------
Naturalize
-----------
Oppressing Roar
-----------
Panacea
	Eff: 2186551,6623335327
-----------
Rewind
-----------
Renewing Blaze
-----------
Reversion
	Eff: -19656502,321110204
-----------
Reversion (Echo)
	Eff: -38967699,274008654
-----------
Sleep Walk
-----------
Source of Magic
-----------
Spatial Paradox
-----------
Spiritbloom
	Eff: 10587291,378235314
-----------
Spiritbloom (Echo)
	Eff: -4994199,648282443
-----------
Stasis
-----------
Tail Swipe
-----------
Temporal Anomaly
	Eff: -36328887,82540571
-----------
Time Spiral
-----------
Unravel
-----------
Verdant Embrace
	Eff: 19448801,043143325
-----------
Zephyr
-----------
Leech
	Eff: -2996363,038219358
-----------
Blessing of Summer
-----------
Holy Bulwark
-----------
ZeroCIMDummy
-----------
Ethereal Reconstitution
	Eff: -1247600,3620199086
-----------
Ethereal Guard
	Eff: -3709054,115249911
-----------
Stasis (Release)
-----------
Essence Bomb
-----------
Voidglass Barrier
	Eff: 15180514,69543987
-----------
Tip the Scales
-----------
Algari Mana Potion
-----------
Hover
-----------
Glide
-----------
Rescue
-----------
Twin Guardian
-----------
Emerald Communion
-----------
Stasis (Store)
-----------
Obsidian Scales
-----------
Time Dilation
-----------
Take Off
-----------
Whirling Surge
-----------
Surge Forward
-----------
Skyward Ascent
-----------
Shooting Star
-----------
Wing Buffet
-----------
Fury of the Aspects
-----------
Bombardments
-----------
Invigorating Healing Potion
	Eff: 973510,3803831162
