-----------
EssenceRegenDummy
-----------
Azure Strike
-----------
Blessing of the Bronze
-----------
Cauterizing Flame
-----------
Chrono Flames
-----------
Chrono Flame
-----------
Consume Flame
	Eff: -33209180,546064675
-----------
Deep Breath
-----------
Disintegrate
-----------
Dream Breath
	Eff: -10321519,989077372
-----------
Dream Breath (Echo)
	Eff: -11133595,346295327
-----------
Dream Flight
	Eff: 19446642,33839269
-----------
Echo
	Eff: -6165977,445384866
-----------
Emerald Blossom
-----------
Engulf
-----------
Enkindle
-----------
Expunge
-----------
Fire Breath
	Dmg: 527256,3022442504
-----------
Fluttering Seedlings
-----------
Golden Hour
	Eff: -25879473,56420863
-----------
Landslide
-----------
Lifebind
	Eff: -52759035,098738134
-----------
Life-Giver's Flame
-----------
Living Flame
	Eff: -5654013,911785523
	Dmg: -8690668,844655396
-----------
Naturalize
-----------
Oppressing Roar
-----------
Panacea
	Eff: 1867207,4424241409
-----------
Rewind
-----------
Renewing Blaze
-----------
Reversion
	Eff: -23045131,754852816
-----------
Reversion (Echo)
	Eff: -42740048,123654015
-----------
Sleep Walk
-----------
Source of Magic
-----------
Spatial Paradox
-----------
Spiritbloom
	Eff: 9281336,29506537
-----------
Spiritbloom (Echo)
	Eff: -6641174,487820101
-----------
Stasis
-----------
Tail Swipe
-----------
Temporal Anomaly
	Eff: -32458076,505893566
-----------
Time Spiral
-----------
Unravel
-----------
Verdant Embrace
	Eff: 17209190,258634847
-----------
Zephyr
-----------
Leech
	Eff: -3676214,6798828747
-----------
Blessing of Summer
-----------
Holy Bulwark
-----------
ZeroCIMDummy
-----------
Ethereal Reconstitution
	Eff: 483157,84178782813
-----------
Ethereal Guard
	Eff: 3834268,6777893044
-----------
Stasis (Release)
-----------
Essence Bomb
-----------
Voidglass Barrier
	Eff: 20949762,15018406
-----------
Tip the Scales
-----------
Algari Mana Potion
-----------
Hover
-----------
Glide
-----------
Rescue
-----------
Twin Guardian
-----------
Emerald Communion
-----------
Stasis (Store)
-----------
Obsidian Scales
-----------
Time Dilation
-----------
Take Off
-----------
Whirling Surge
-----------
Surge Forward
-----------
Skyward Ascent
-----------
Shooting Star
-----------
Wing Buffet
-----------
Fury of the Aspects
-----------
Bombardments
-----------
Invigorating Healing Potion
	Eff: 1343486,128694171
