-----------
EssenceRegenDummy
-----------
Azure Strike
-----------
Blessing of the Bronze
-----------
Cauterizing Flame
-----------
Chrono Flames
-----------
Chrono Flame
-----------
Consume Flame
	Eff: -49784250,6971855
-----------
Deep Breath
-----------
Disintegrate
-----------
Dream Breath
	Eff: -35456127,88152548
-----------
Dream Breath (Echo)
	Eff: -13657077,318389567
-----------
Dream Flight
	Eff: 9805629,70281252
-----------
Echo
	Eff: -9913061,931054544
-----------
Emerald Blossom
-----------
Engulf
-----------
Enkindle
-----------
Expunge
-----------
Fire Breath
	Dmg: -1646191,017349189
-----------
Fluttering Seedlings
-----------
Golden Hour
	Eff: -25879473,56420863
-----------
Landslide
-----------
Lifebind
	Eff: -56140880,77251019
-----------
Life-Giver's Flame
-----------
Living Flame
	Eff: -5658234,788599562
	Dmg: -9227558,388874685
-----------
Naturalize
-----------
Oppressing Roar
-----------
Panacea
	Eff: 1619677,1892817472
-----------
Rewind
-----------
Renewing Blaze
-----------
Reversion
	Eff: -40097016,58638087
-----------
Reversion (Echo)
	Eff: -72095384,55335288
-----------
Sleep Walk
-----------
Source of Magic
-----------
Spatial Paradox
-----------
Spiritbloom
	Eff: 9308473,433657013
-----------
Spiritbloom (Echo)
	Eff: -6558481,138554265
-----------
Stasis
-----------
Tail Swipe
-----------
Temporal Anomaly
	Eff: -6883189,070378151
-----------
Time Spiral
-----------
Unravel
-----------
Verdant Embrace
	Eff: 13757399,09250984
-----------
Zephyr
-----------
Leech
	Eff: -7503619,588416108
-----------
Blessing of Summer
-----------
Holy Bulwark
-----------
ZeroCIMDummy
-----------
Ethereal Reconstitution
	Eff: -2092173,7418762883
-----------
Ethereal Guard
	Eff: -10570886,773119008
-----------
Stasis (Release)
-----------
Essence Bomb
-----------
Voidglass Barrier
	Eff: 26363668,966929056
-----------
Tip the Scales
-----------
Algari Mana Potion
-----------
Hover
-----------
Glide
-----------
Rescue
-----------
Twin Guardian
-----------
Emerald Communion
-----------
Stasis (Store)
-----------
Obsidian Scales
-----------
Time Dilation
-----------
Take Off
-----------
Whirling Surge
-----------
Surge Forward
-----------
Skyward Ascent
-----------
Shooting Star
-----------
Wing Buffet
-----------
Fury of the Aspects
-----------
Bombardments
-----------
Invigorating Healing Potion
	Eff: 1690674,2570460625
