-----------
EssenceRegenDummy
-----------
Azure Strike
-----------
Blessing of the Bronze
-----------
Cauterizing Flame
-----------
Chrono Flames
-----------
Chrono Flame
-----------
Consume Flame
	Eff: -60298941,4862578
-----------
Deep Breath
-----------
Disintegrate
-----------
Dream Breath
	Eff: -52386465,36015087
-----------
Dream Breath (Echo)
	Eff: -15289408,177401299
-----------
Dream Flight
	Eff: 3383526,788329941
-----------
Echo
	Eff: -12306083,312500037
-----------
Emerald Blossom
-----------
Engulf
-----------
Enkindle
-----------
Expunge
-----------
Fire Breath
	Dmg: -3328044,6697686375
-----------
Fluttering Seedlings
-----------
Golden Hour
	Eff: -25879473,56420863
-----------
Landslide
-----------
Lifebind
	Eff: -58148121,45995189
-----------
Life-Giver's Flame
-----------
Living Flame
	Eff: -5660222,043311311
	Dmg: -9628355,92141915
-----------
Naturalize
-----------
Oppressing Roar
-----------
Panacea
	Eff: 1461249,8064300232
-----------
Rewind
-----------
Renewing Blaze
-----------
Reversion
	Eff: -49223617,171329506
-----------
Reversion (Echo)
	Eff: -89579918,95426722
-----------
Sleep Walk
-----------
Source of Magic
-----------
Spatial Paradox
-----------
Spiritbloom
	Eff: 9310603,196003346
-----------
Spiritbloom (Echo)
	Eff: -6572632,415818889
-----------
Stasis
-----------
Tail Swipe
-----------
Temporal Anomaly
	Eff: 3890041,0912747947
-----------
Time Spiral
-----------
Unravel
-----------
Verdant Embrace
	Eff: 11482524,93521177
-----------
Zephyr
-----------
Leech
	Eff: -9939983,10865175
-----------
Blessing of Summer
-----------
Holy Bulwark
-----------
ZeroCIMDummy
-----------
Ethereal Reconstitution
	Eff: -4200983,6658433005
-----------
Ethereal Guard
	Eff: -21354749,445809804
-----------
Stasis (Release)
-----------
Essence Bomb
-----------
Voidglass Barrier
	Eff: 26363668,966929056
-----------
Tip the Scales
-----------
Algari Mana Potion
-----------
Hover
-----------
Glide
-----------
Rescue
-----------
Twin Guardian
-----------
Emerald Communion
-----------
Stasis (Store)
-----------
Obsidian Scales
-----------
Time Dilation
-----------
Take Off
-----------
Whirling Surge
-----------
Surge Forward
-----------
Skyward Ascent
-----------
Shooting Star
-----------
Wing Buffet
-----------
Fury of the Aspects
-----------
Bombardments
-----------
Invigorating Healing Potion
	Eff: 1690674,2570460625
