-----------
EssenceRegenDummy
-----------
Azure Strike
-----------
Blessing of the Bronze
-----------
Cauterizing Flame
-----------
Chrono Flames
-----------
Chrono Flame
-----------
Consume Flame
	Eff: -29568918,89886899
-----------
Deep Breath
-----------
Disintegrate
-----------
Dream Breath
	Eff: -13301319,319688324
-----------
Dream Breath (Echo)
	Eff: -12004395,954089064
-----------
Dream Flight
	Eff: 18440114,615231894
-----------
Echo
	Eff: -5563340,918838788
-----------
Emerald Blossom
-----------
Engulf
-----------
Enkindle
-----------
Expunge
-----------
Fire Breath
	Dmg: -2234129,493485041
-----------
Fluttering Seedlings
-----------
Golden Hour
	Eff: -25879473,56420863
-----------
Landslide
-----------
Lifebind
	Eff: -53110692,33467747
-----------
Life-Giver's Flame
-----------
Living Flame
	Eff: -5533956,681983976
	Dmg: -9333831,885416238
-----------
Naturalize
-----------
Oppressing Roar
-----------
Panacea
	Eff: 2146623,2072407897
-----------
Rewind
-----------
Renewing Blaze
-----------
Reversion
	Eff: -30245027,95702803
-----------
Reversion (Echo)
	Eff: -54445160,60960429
-----------
Sleep Walk
-----------
Source of Magic
-----------
Spatial Paradox
-----------
Spiritbloom
	Eff: 10937638,26978568
-----------
Spiritbloom (Echo)
	Eff: -4534910,0838681655
-----------
Stasis
-----------
Tail Swipe
-----------
Temporal Anomaly
	Eff: -26447966,046156574
-----------
Time Spiral
-----------
Unravel
-----------
Verdant Embrace
	Eff: 18324179,676138815
-----------
Zephyr
-----------
Leech
	Eff: -4866930,736440995
-----------
Blessing of Summer
-----------
Holy Bulwark
-----------
ZeroCIMDummy
-----------
Ethereal Reconstitution
	Eff: -3165989,404306118
-----------
Ethereal Guard
	Eff: -14410468,76050306
-----------
Stasis (Release)
-----------
Essence Bomb
-----------
Voidglass Barrier
	Eff: 15179437,137080736
-----------
Tip the Scales
-----------
Algari Mana Potion
-----------
Hover
-----------
Glide
-----------
Rescue
-----------
Twin Guardian
-----------
Emerald Communion
-----------
Stasis (Store)
-----------
Obsidian Scales
-----------
Time Dilation
-----------
Take Off
-----------
Whirling Surge
-----------
Surge Forward
-----------
Skyward Ascent
-----------
Shooting Star
-----------
Wing Buffet
-----------
Fury of the Aspects
-----------
Bombardments
-----------
Invigorating Healing Potion
	Eff: 973441,2777031921
