-----------
EssenceRegenDummy
-----------
Azure Strike
-----------
Blessing of the Bronze
-----------
Cauterizing Flame
-----------
Chrono Flames
-----------
Chrono Flame
-----------
Consume Flame
	Eff: -62075723,29211967
-----------
Deep Breath
-----------
Disintegrate
-----------
Dream Breath
	Eff: -35170014,48466775
-----------
Dream Breath (Echo)
	Eff: -12042334,02439393
-----------
Dream Flight
	Eff: 7818789,356901699
-----------
Echo
	Eff: -11490156,874141375
-----------
Emerald Blossom
-----------
Engulf
-----------
Enkindle
-----------
Expunge
-----------
Fire Breath
	Dmg: 3260732,890218527
-----------
Fluttering Seedlings
-----------
Golden Hour
	Eff: -25879473,56420863
-----------
Landslide
-----------
Lifebind
	Eff: -54379947,198480636
-----------
Life-Giver's Flame
-----------
Living Flame
	Eff: -5924467,962345235
	Dmg: -8051839,588986935
-----------
Naturalize
-----------
Oppressing Roar
-----------
Panacea
	Eff: 962360,73356961
-----------
Rewind
-----------
Renewing Blaze
-----------
Reversion
	Eff: -17710035,16044917
-----------
Reversion (Echo)
	Eff: -35452475,482306674
-----------
Sleep Walk
-----------
Source of Magic
-----------
Spatial Paradox
-----------
Spiritbloom
	Eff: 4722386,038808505
-----------
Spiritbloom (Echo)
	Eff: -12325361,666783385
-----------
Stasis
-----------
Tail Swipe
-----------
Temporal Anomaly
	Eff: -44273657,27748606
-----------
Time Spiral
-----------
Unravel
-----------
Verdant Embrace
	Eff: 10644515,751634309
-----------
Zephyr
-----------
Leech
	Eff: -4958229,510340669
-----------
Blessing of Summer
-----------
Holy Bulwark
-----------
ZeroCIMDummy
-----------
Ethereal Reconstitution
	Eff: 4092906,196583783
-----------
Ethereal Guard
	Eff: 21079004,544541404
-----------
Stasis (Release)
-----------
Essence Bomb
-----------
Voidglass Barrier
	Eff: 26363668,966929056
-----------
Tip the Scales
-----------
Algari Mana Potion
-----------
Hover
-----------
Glide
-----------
Rescue
-----------
Twin Guardian
-----------
Emerald Communion
-----------
Stasis (Store)
-----------
Obsidian Scales
-----------
Time Dilation
-----------
Take Off
-----------
Whirling Surge
-----------
Surge Forward
-----------
Skyward Ascent
-----------
Shooting Star
-----------
Wing Buffet
-----------
Fury of the Aspects
-----------
Bombardments
-----------
Invigorating Healing Potion
	Eff: 1690674,2570460625
