-----------
EssenceRegenDummy
-----------
Azure Strike
-----------
Blessing of the Bronze
-----------
Cauterizing Flame
-----------
Chrono Flames
-----------
Chrono Flame
-----------
Consume Flame
	Eff: -22165507,851546004
-----------
Deep Breath
-----------
Disintegrate
-----------
Dream Breath
	Eff: -2799864,18856365
-----------
Dream Breath (Echo)
	Eff: -10715758,826333469
-----------
Dream Flight
	Eff: 21207917,433243554
-----------
Echo
	Eff: -3591465,2107038987
-----------
Emerald Blossom
-----------
Engulf
-----------
Enkindle
-----------
Expunge
-----------
Fire Breath
	Dmg: -2180891,4701294196
-----------
Fluttering Seedlings
-----------
Golden Hour
	Eff: -25879473,56420863
-----------
Landslide
-----------
Lifebind
	Eff: -50217990,30825378
-----------
Life-Giver's Flame
-----------
Living Flame
	Eff: -5549461,161000661
	Dmg: -9277141,767621318
-----------
Naturalize
-----------
Oppressing Roar
-----------
Panacea
	Eff: 2266891,5960246674
-----------
Rewind
-----------
Renewing Blaze
-----------
Reversion
	Eff: -13438813,010051012
-----------
Reversion (Echo)
	Eff: -26738051,536026258
-----------
Sleep Walk
-----------
Source of Magic
-----------
Spatial Paradox
-----------
Spiritbloom
	Eff: 10056361,3950643
-----------
Spiritbloom (Echo)
	Eff: -5517358,274769069
-----------
Stasis
-----------
Tail Swipe
-----------
Temporal Anomaly
	Eff: -61206126,20582421
-----------
Time Spiral
-----------
Unravel
-----------
Verdant Embrace
	Eff: 20030576,7546297
-----------
Zephyr
-----------
Leech
	Eff: -2564269,3638097756
-----------
Blessing of Summer
-----------
Holy Bulwark
-----------
ZeroCIMDummy
-----------
Ethereal Reconstitution
	Eff: -3458176,663697772
-----------
Ethereal Guard
	Eff: -10298475,05521782
-----------
Stasis (Release)
-----------
Essence Bomb
-----------
Voidglass Barrier
	Eff: 2365697,6108254287
-----------
Tip the Scales
-----------
Algari Mana Potion
-----------
Hover
-----------
Glide
-----------
Rescue
-----------
Twin Guardian
-----------
Emerald Communion
-----------
Stasis (Store)
-----------
Obsidian Scales
-----------
Time Dilation
-----------
Take Off
-----------
Whirling Surge
-----------
Surge Forward
-----------
Skyward Ascent
-----------
Shooting Star
-----------
Wing Buffet
-----------
Fury of the Aspects
-----------
Bombardments
-----------
Invigorating Healing Potion
	Eff: 151709,69016471598
