-----------
EssenceRegenDummy
-----------
Azure Strike
-----------
Blessing of the Bronze
-----------
Cauterizing Flame
-----------
Chrono Flames
-----------
Chrono Flame
-----------
Consume Flame
	Eff: -12489329,117897976
-----------
Deep Breath
-----------
Disintegrate
-----------
Dream Breath
	Eff: 6754305,625317807
-----------
Dream Breath (Echo)
	Eff: -6040244,042199102
-----------
Dream Flight
	Eff: 17352324,024141833
-----------
Echo
	Eff: -1952639,0669492655
-----------
Emerald Blossom
-----------
Engulf
-----------
Enkindle
-----------
Expunge
-----------
Fire Breath
	Dmg: 1425750,0858040026
-----------
Fluttering Seedlings
-----------
Golden Hour
	Eff: -17547385,379814457
-----------
Landslide
-----------
Lifebind
	Eff: -33783284,23391736
-----------
Life-Giver's Flame
-----------
Living Flame
	Eff: -3663375,36092097
	Dmg: -4972454,859505114
-----------
Naturalize
-----------
Oppressing Roar
-----------
Panacea
	Eff: 1318403,7789931507
-----------
Rewind
-----------
Renewing Blaze
-----------
Reversion
	Eff: -5526756,557552248
-----------
Reversion (Echo)
	Eff: -11427938,478865234
-----------
Sleep Walk
-----------
Source of Magic
-----------
Spatial Paradox
-----------
Spiritbloom
	Eff: 5832684,947094118
-----------
Spiritbloom (Echo)
	Eff: -4536029,519090007
-----------
Stasis
-----------
Tail Swipe
-----------
Temporal Anomaly
	Eff: -39277543,458629
-----------
Time Spiral
-----------
Unravel
-----------
Verdant Embrace
	Eff: 12681378,62512479
-----------
Zephyr
-----------
Leech
	Eff: -352994,01906420727
-----------
Blessing of Summer
-----------
Holy Bulwark
-----------
ZeroCIMDummy
-----------
Ethereal Reconstitution
	Eff: 1546587,986107395
-----------
Ethereal Guard
	Eff: 10498131,68404426
-----------
Stasis (Release)
-----------
Essence Bomb
-----------
Voidglass Barrier
	Eff: 8775972,560541192
-----------
Tip the Scales
-----------
Algari Mana Potion
-----------
Hover
-----------
Glide
-----------
Rescue
-----------
Twin Guardian
-----------
Emerald Communion
-----------
Stasis (Store)
-----------
Obsidian Scales
-----------
Time Dilation
-----------
Take Off
-----------
Whirling Surge
-----------
Surge Forward
-----------
Skyward Ascent
-----------
Shooting Star
-----------
Wing Buffet
-----------
Fury of the Aspects
-----------
Bombardments
-----------
Invigorating Healing Potion
	Eff: 562793,8549547773
