-----------
EssenceRegenDummy
-----------
Azure Strike
-----------
Blessing of the Bronze
-----------
Cauterizing Flame
-----------
Chrono Flames
-----------
Chrono Flame
-----------
Consume Flame
	Eff: -26368221,182890147
-----------
Deep Breath
-----------
Disintegrate
-----------
Dream Breath
	Eff: -11106655,72167324
-----------
Dream Breath (Echo)
	Eff: -7991165,46036517
-----------
Dream Flight
	Eff: 11156068,379513513
-----------
Echo
	Eff: -5133918,3614744125
-----------
Emerald Blossom
-----------
Engulf
-----------
Enkindle
-----------
Expunge
-----------
Fire Breath
	Dmg: 1062742,1146505293
-----------
Fluttering Seedlings
-----------
Golden Hour
	Eff: -17547385,379814457
-----------
Landslide
-----------
Lifebind
	Eff: -37207626,74677743
-----------
Life-Giver's Flame
-----------
Living Flame
	Eff: -3700356,2292853165
	Dmg: -5175782,347489536
-----------
Naturalize
-----------
Oppressing Roar
-----------
Panacea
	Eff: 1071654,6379043222
-----------
Rewind
-----------
Renewing Blaze
-----------
Reversion
	Eff: -20438652,031770617
-----------
Reversion (Echo)
	Eff: -36805036,840289444
-----------
Sleep Walk
-----------
Source of Magic
-----------
Spatial Paradox
-----------
Spiritbloom
	Eff: 5854527,72031137
-----------
Spiritbloom (Echo)
	Eff: -4491648,1795720095
-----------
Stasis
-----------
Tail Swipe
-----------
Temporal Anomaly
	Eff: -5789351,60065704
-----------
Time Spiral
-----------
Unravel
-----------
Verdant Embrace
	Eff: 9955629,681224428
-----------
Zephyr
-----------
Leech
	Eff: -3200769,1003390173
-----------
Blessing of Summer
-----------
Holy Bulwark
-----------
ZeroCIMDummy
-----------
Ethereal Reconstitution
	Eff: 1456772,2147484298
-----------
Ethereal Guard
	Eff: 6830075,211084642
-----------
Stasis (Release)
-----------
Essence Bomb
-----------
Voidglass Barrier
	Eff: 20948684,591824934
-----------
Tip the Scales
-----------
Algari Mana Potion
-----------
Hover
-----------
Glide
-----------
Rescue
-----------
Twin Guardian
-----------
Emerald Communion
-----------
Stasis (Store)
-----------
Obsidian Scales
-----------
Time Dilation
-----------
Take Off
-----------
Whirling Surge
-----------
Surge Forward
-----------
Skyward Ascent
-----------
Shooting Star
-----------
Wing Buffet
-----------
Fury of the Aspects
-----------
Bombardments
-----------
Invigorating Healing Potion
	Eff: 1343417,026014248
