-----------
EssenceRegenDummy
-----------
Azure Strike
-----------
Blessing of the Bronze
-----------
Cauterizing Flame
-----------
Chrono Flames
-----------
Chrono Flame
-----------
Consume Flame
	Eff: -43179896,196444675
-----------
Deep Breath
-----------
Disintegrate
-----------
Dream Breath
	Eff: -26504983,05363746
-----------
Dream Breath (Echo)
	Eff: -8873089,584569562
-----------
Dream Flight
	Eff: 4431641,952915873
-----------
Echo
	Eff: -8385374,955741048
-----------
Emerald Blossom
-----------
Engulf
-----------
Enkindle
-----------
Expunge
-----------
Fire Breath
	Dmg: 2250004,4056974584
-----------
Fluttering Seedlings
-----------
Golden Hour
	Eff: -17547385,379814457
-----------
Landslide
-----------
Lifebind
	Eff: -38886195,33806935
-----------
Life-Giver's Flame
-----------
Living Flame
	Eff: -3915242,7200290156
	Dmg: -4768106,458970252
-----------
Naturalize
-----------
Oppressing Roar
-----------
Panacea
	Eff: 610994,6421433586
-----------
Rewind
-----------
Renewing Blaze
-----------
Reversion
	Eff: -22612971,120568153
-----------
Reversion (Echo)
	Eff: -41663740,37389615
-----------
Sleep Walk
-----------
Source of Magic
-----------
Spatial Paradox
-----------
Spiritbloom
	Eff: 3753755,219452644
-----------
Spiritbloom (Echo)
	Eff: -7264603,09448179
-----------
Stasis
-----------
Tail Swipe
-----------
Temporal Anomaly
	Eff: -4332377,841667876
-----------
Time Spiral
-----------
Unravel
-----------
Verdant Embrace
	Eff: 6503847,854414142
-----------
Zephyr
-----------
Leech
	Eff: -4510480,738821274
-----------
Blessing of Summer
-----------
Holy Bulwark
-----------
ZeroCIMDummy
-----------
Ethereal Reconstitution
	Eff: 3121511,1561311977
-----------
Ethereal Guard
	Eff: 14479174,0830457
-----------
Stasis (Release)
-----------
Essence Bomb
-----------
Voidglass Barrier
	Eff: 26362711,137276486
-----------
Tip the Scales
-----------
Algari Mana Potion
-----------
Hover
-----------
Glide
-----------
Rescue
-----------
Twin Guardian
-----------
Emerald Communion
-----------
Stasis (Store)
-----------
Obsidian Scales
-----------
Time Dilation
-----------
Take Off
-----------
Whirling Surge
-----------
Surge Forward
-----------
Skyward Ascent
-----------
Shooting Star
-----------
Wing Buffet
-----------
Fury of the Aspects
-----------
Bombardments
-----------
Invigorating Healing Potion
	Eff: 1690612,8324416876
