-----------
EssenceRegenDummy
-----------
Azure Strike
-----------
Blessing of the Bronze
-----------
Cauterizing Flame
-----------
Chrono Flames
-----------
Chrono Flame
-----------
Consume Flame
	Eff: -15922153,815226221
-----------
Deep Breath
-----------
Disintegrate
-----------
Dream Breath
	Eff: -5563202,479065032
-----------
Dream Breath (Echo)
	Eff: -7963926,004066508
-----------
Dream Flight
	Eff: 12980464,551562604
-----------
Echo
	Eff: -2938547,832160813
-----------
Emerald Blossom
-----------
Engulf
-----------
Enkindle
-----------
Expunge
-----------
Fire Breath
	Dmg: -1606657,7955989055
-----------
Fluttering Seedlings
-----------
Golden Hour
	Eff: -17547385,379814457
-----------
Landslide
-----------
Lifebind
	Eff: -35661177,758734286
-----------
Life-Giver's Flame
-----------
Living Flame
	Eff: -3497642,2660818985
	Dmg: -6092386,865657642
-----------
Naturalize
-----------
Oppressing Roar
-----------
Panacea
	Eff: 1453285,934844981
-----------
Rewind
-----------
Renewing Blaze
-----------
Reversion
	Eff: -18099467,079667628
-----------
Reversion (Echo)
	Eff: -33597562,47403345
-----------
Sleep Walk
-----------
Source of Magic
-----------
Spatial Paradox
-----------
Spiritbloom
	Eff: 7327642,086500544
-----------
Spiritbloom (Echo)
	Eff: -2464849,1343532503
-----------
Stasis
-----------
Tail Swipe
-----------
Temporal Anomaly
	Eff: -18061188,856510516
-----------
Time Spiral
-----------
Unravel
-----------
Verdant Embrace
	Eff: 12344959,636047704
-----------
Zephyr
-----------
Leech
	Eff: -2894906,779429043
-----------
Blessing of Summer
-----------
Holy Bulwark
-----------
ZeroCIMDummy
-----------
Ethereal Reconstitution
	Eff: -2286169,8581420556
-----------
Ethereal Guard
	Eff: -10367896,960925344
-----------
Stasis (Release)
-----------
Essence Bomb
-----------
Voidglass Barrier
	Eff: 8775972,560541192
-----------
Tip the Scales
-----------
Algari Mana Potion
-----------
Hover
-----------
Glide
-----------
Rescue
-----------
Twin Guardian
-----------
Emerald Communion
-----------
Stasis (Store)
-----------
Obsidian Scales
-----------
Time Dilation
-----------
Take Off
-----------
Whirling Surge
-----------
Surge Forward
-----------
Skyward Ascent
-----------
Shooting Star
-----------
Wing Buffet
-----------
Fury of the Aspects
-----------
Bombardments
-----------
Invigorating Healing Potion
	Eff: 562793,8549547773
