-----------
EssenceRegenDummy
-----------
Azure Strike
-----------
Blessing of the Bronze
-----------
Cauterizing Flame
-----------
Chrono Flames
-----------
Chrono Flame
-----------
Consume Flame
	Eff: -9937251,246702526
-----------
Deep Breath
-----------
Disintegrate
-----------
Dream Breath
	Eff: 5520288,634063585
-----------
Dream Breath (Echo)
	Eff: -6650183,41915219
-----------
Dream Flight
	Eff: 17156610,851258747
-----------
Echo
	Eff: -1568390,2195346039
-----------
Emerald Blossom
-----------
Engulf
-----------
Enkindle
-----------
Expunge
-----------
Fire Breath
	Dmg: -48810,95721683304
-----------
Fluttering Seedlings
-----------
Golden Hour
	Eff: -17547385,379814457
-----------
Landslide
-----------
Lifebind
	Eff: -34274890,05700149
-----------
Life-Giver's Flame
-----------
Living Flame
	Eff: -3537325,8049114575
	Dmg: -5517914,594933644
-----------
Naturalize
-----------
Oppressing Roar
-----------
Panacea
	Eff: 1491176,105040328
-----------
Rewind
-----------
Renewing Blaze
-----------
Reversion
	Eff: -11767072,870775757
-----------
Reversion (Echo)
	Eff: -22341669,62491822
-----------
Sleep Walk
-----------
Source of Magic
-----------
Spatial Paradox
-----------
Spiritbloom
	Eff: 6995445,145142116
-----------
Spiritbloom (Echo)
	Eff: -2935438,8794033304
-----------
Stasis
-----------
Tail Swipe
-----------
Temporal Anomaly
	Eff: -28187430,89817496
-----------
Time Spiral
-----------
Unravel
-----------
Verdant Embrace
	Eff: 13411800,036510289
-----------
Zephyr
-----------
Leech
	Eff: -1190340,2140131611
-----------
Blessing of Summer
-----------
Holy Bulwark
-----------
ZeroCIMDummy
-----------
Ethereal Reconstitution
	Eff: -319998,0710140014
-----------
Ethereal Guard
	Eff: 333800,3338730957
-----------
Stasis (Release)
-----------
Essence Bomb
-----------
Voidglass Barrier
	Eff: 8777169,847606884
-----------
Tip the Scales
-----------
Algari Mana Potion
-----------
Hover
-----------
Glide
-----------
Rescue
-----------
Twin Guardian
-----------
Emerald Communion
-----------
Stasis (Store)
-----------
Obsidian Scales
-----------
Time Dilation
-----------
Take Off
-----------
Whirling Surge
-----------
Surge Forward
-----------
Skyward Ascent
-----------
Shooting Star
-----------
Wing Buffet
-----------
Fury of the Aspects
-----------
Bombardments
-----------
Invigorating Healing Potion
	Eff: 562870,6357102478
