-----------
EssenceRegenDummy
-----------
Azure Strike
-----------
Blessing of the Bronze
-----------
Cauterizing Flame
-----------
Chrono Flames
-----------
Chrono Flame
-----------
Consume Flame
	Eff: -22690749,700306613
-----------
Deep Breath
-----------
Disintegrate
-----------
Dream Breath
	Eff: -1018206,2102668242
-----------
Dream Breath (Echo)
	Eff: -6365971,556122272
-----------
Dream Flight
	Eff: 14291558,181526296
-----------
Echo
	Eff: -3975193,2413623887
-----------
Emerald Blossom
-----------
Engulf
-----------
Enkindle
-----------
Expunge
-----------
Fire Breath
	Dmg: 2994722,8621202884
-----------
Fluttering Seedlings
-----------
Golden Hour
	Eff: -17547385,379814457
-----------
Landslide
-----------
Lifebind
	Eff: -34956583,65139419
-----------
Life-Giver's Flame
-----------
Living Flame
	Eff: -3814447,5611240747
	Dmg: -4429435,0233459445
-----------
Naturalize
-----------
Oppressing Roar
-----------
Panacea
	Eff: 999223,318402564
-----------
Rewind
-----------
Renewing Blaze
-----------
Reversion
	Eff: -6442764,982184264
-----------
Reversion (Echo)
	Eff: -13235308,713455962
-----------
Sleep Walk
-----------
Source of Magic
-----------
Spatial Paradox
-----------
Spiritbloom
	Eff: 4577744,646257117
-----------
Spiritbloom (Echo)
	Eff: -6278989,551709209
-----------
Stasis
-----------
Tail Swipe
-----------
Temporal Anomaly
	Eff: -33989186,35475029
-----------
Time Spiral
-----------
Unravel
-----------
Verdant Embrace
	Eff: 10445266,45989753
-----------
Zephyr
-----------
Leech
	Eff: -891229,5388802857
-----------
Blessing of Summer
-----------
Holy Bulwark
-----------
ZeroCIMDummy
-----------
Ethereal Reconstitution
	Eff: 3723776,754560483
-----------
Ethereal Guard
	Eff: 19545138,24336763
-----------
Stasis (Release)
-----------
Essence Bomb
-----------
Voidglass Barrier
	Eff: 15179437,137080736
-----------
Tip the Scales
-----------
Algari Mana Potion
-----------
Hover
-----------
Glide
-----------
Rescue
-----------
Twin Guardian
-----------
Emerald Communion
-----------
Stasis (Store)
-----------
Obsidian Scales
-----------
Time Dilation
-----------
Take Off
-----------
Whirling Surge
-----------
Surge Forward
-----------
Skyward Ascent
-----------
Shooting Star
-----------
Wing Buffet
-----------
Fury of the Aspects
-----------
Bombardments
-----------
Invigorating Healing Potion
	Eff: 973441,2777031921
