-----------
EssenceRegenDummy
-----------
Azure Strike
-----------
Blessing of the Bronze
-----------
Cauterizing Flame
-----------
Chrono Flames
-----------
Chrono Flame
-----------
Consume Flame
	Eff: -29883733,187302124
-----------
Deep Breath
-----------
Disintegrate
-----------
Dream Breath
	Eff: -10053772,270941136
-----------
Dream Breath (Echo)
	Eff: -7331250,866221646
-----------
Dream Flight
	Eff: 10943931,783388345
-----------
Echo
	Eff: -5565774,824457438
-----------
Emerald Blossom
-----------
Engulf
-----------
Enkindle
-----------
Expunge
-----------
Fire Breath
	Dmg: 2781407,824572289
-----------
Fluttering Seedlings
-----------
Golden Hour
	Eff: -17547385,379814457
-----------
Landslide
-----------
Lifebind
	Eff: -36459601,5871938
-----------
Life-Giver's Flame
-----------
Living Flame
	Eff: -3838113,8256372768
	Dmg: -4542005,08566151
-----------
Naturalize
-----------
Oppressing Roar
-----------
Panacea
	Eff: 871241,937580398
-----------
Rewind
-----------
Renewing Blaze
-----------
Reversion
	Eff: -10688310,244617546
-----------
Reversion (Echo)
	Eff: -24412735,232895907
-----------
Sleep Walk
-----------
Source of Magic
-----------
Spatial Paradox
-----------
Spiritbloom
	Eff: 4466789,537689812
-----------
Spiritbloom (Echo)
	Eff: -6386555,298000424
-----------
Stasis
-----------
Tail Swipe
-----------
Temporal Anomaly
	Eff: -18686921,206917953
-----------
Time Spiral
-----------
Unravel
-----------
Verdant Embrace
	Eff: 9079122,575073507
-----------
Zephyr
-----------
Leech
	Eff: -2202655,6626398833
-----------
Blessing of Summer
-----------
Holy Bulwark
-----------
ZeroCIMDummy
-----------
Ethereal Reconstitution
	Eff: 3625907,3971135225
-----------
Ethereal Guard
	Eff: 17531603,349580154
-----------
Stasis (Release)
-----------
Essence Bomb
-----------
Voidglass Barrier
	Eff: 20949762,15018406
-----------
Tip the Scales
-----------
Algari Mana Potion
-----------
Hover
-----------
Glide
-----------
Rescue
-----------
Twin Guardian
-----------
Emerald Communion
-----------
Stasis (Store)
-----------
Obsidian Scales
-----------
Time Dilation
-----------
Take Off
-----------
Whirling Surge
-----------
Surge Forward
-----------
Skyward Ascent
-----------
Shooting Star
-----------
Wing Buffet
-----------
Fury of the Aspects
-----------
Bombardments
-----------
Invigorating Healing Potion
	Eff: 1343486,128694171
