-----------
EssenceRegenDummy
-----------
Azure Strike
-----------
Blessing of the Bronze
-----------
Cauterizing Flame
-----------
Chrono Flames
-----------
Chrono Flame
-----------
Consume Flame
	Eff: -11935970,177954046
-----------
Deep Breath
-----------
Disintegrate
-----------
Dream Breath
	Eff: 1062134,531388097
-----------
Dream Breath (Echo)
	Eff: -6843347,924919536
-----------
Dream Flight
	Eff: 13834581,110116443
-----------
Echo
	Eff: -1613853,430184705
-----------
Emerald Blossom
-----------
Engulf
-----------
Enkindle
-----------
Expunge
-----------
Fire Breath
	Dmg: -1715826,1718560907
-----------
Fluttering Seedlings
-----------
Golden Hour
	Eff: -17547385,379814457
-----------
Landslide
-----------
Lifebind
	Eff: -32905887,701798137
-----------
Life-Giver's Flame
-----------
Living Flame
	Eff: -3557156,1276482744
	Dmg: -6059751,115034419
-----------
Naturalize
-----------
Oppressing Roar
-----------
Panacea
	Eff: 1485965,3595854605
-----------
Rewind
-----------
Renewing Blaze
-----------
Reversion
	Eff: -2274338,4172662273
-----------
Reversion (Echo)
	Eff: -10556460,476388764
-----------
Sleep Walk
-----------
Source of Magic
-----------
Spatial Paradox
-----------
Spiritbloom
	Eff: 6077026,411831031
-----------
Spiritbloom (Echo)
	Eff: -4004393,1985031883
-----------
Stasis
-----------
Tail Swipe
-----------
Temporal Anomaly
	Eff: -55642719,68311821
-----------
Time Spiral
-----------
Unravel
-----------
Verdant Embrace
	Eff: 13257510,922130244
-----------
Zephyr
-----------
Leech
	Eff: -1073186,3850917823
-----------
Blessing of Summer
-----------
Holy Bulwark
-----------
ZeroCIMDummy
-----------
Ethereal Reconstitution
	Eff: -2812827,7071816125
-----------
Ethereal Guard
	Eff: -7616816,79606627
-----------
Stasis (Release)
-----------
Essence Bomb
-----------
Voidglass Barrier
	Eff: -4045774,625956028
-----------
Tip the Scales
-----------
Algari Mana Potion
-----------
Hover
-----------
Glide
-----------
Rescue
-----------
Twin Guardian
-----------
Emerald Communion
-----------
Stasis (Store)
-----------
Obsidian Scales
-----------
Time Dilation
-----------
Take Off
-----------
Whirling Surge
-----------
Surge Forward
-----------
Skyward Ascent
-----------
Shooting Star
-----------
Wing Buffet
-----------
Fury of the Aspects
-----------
Bombardments
-----------
Invigorating Healing Potion
	Eff: -259451,25538081676
