-----------
EssenceRegenDummy
-----------
Azure Strike
-----------
Blessing of the Bronze
-----------
Cauterizing Flame
-----------
Chrono Flames
-----------
Chrono Flame
-----------
Consume Flame
	Eff: -25082439,12432923
-----------
Deep Breath
-----------
Disintegrate
-----------
Dream Breath
	Eff: -17661203,327074315
-----------
Dream Breath (Echo)
	Eff: -9210860,9232943
-----------
Dream Flight
	Eff: 9003030,85977391
-----------
Echo
	Eff: -5109998,647388014
-----------
Emerald Blossom
-----------
Engulf
-----------
Enkindle
-----------
Expunge
-----------
Fire Breath
	Dmg: -1869706,5124707802
-----------
Fluttering Seedlings
-----------
Golden Hour
	Eff: -17547385,379814457
-----------
Landslide
-----------
Lifebind
	Eff: -37946362,174735345
-----------
Life-Giver's Flame
-----------
Living Flame
	Eff: -3533618,655159055
	Dmg: -6220913,855784348
-----------
Naturalize
-----------
Oppressing Roar
-----------
Panacea
	Eff: 1276732,5303804646
-----------
Rewind
-----------
Renewing Blaze
-----------
Reversion
	Eff: -28883049,291234907
-----------
Reversion (Echo)
	Eff: -52482892,596389145
-----------
Sleep Walk
-----------
Source of Magic
-----------
Spatial Paradox
-----------
Spiritbloom
	Eff: 7298982,12820348
-----------
Spiritbloom (Echo)
	Eff: -2553883,7487557055
-----------
Stasis
-----------
Tail Swipe
-----------
Temporal Anomaly
	Eff: 707860,1568521555
-----------
Time Spiral
-----------
Unravel
-----------
Verdant Embrace
	Eff: 10395274,725073995
-----------
Zephyr
-----------
Leech
	Eff: -4840401,133785138
-----------
Blessing of Summer
-----------
Holy Bulwark
-----------
ZeroCIMDummy
-----------
Ethereal Reconstitution
	Eff: -2407739,670717179
-----------
Ethereal Guard
	Eff: -12104753,07429276
-----------
Stasis (Release)
-----------
Essence Bomb
-----------
Voidglass Barrier
	Eff: 15179437,137080736
-----------
Tip the Scales
-----------
Algari Mana Potion
-----------
Hover
-----------
Glide
-----------
Rescue
-----------
Twin Guardian
-----------
Emerald Communion
-----------
Stasis (Store)
-----------
Obsidian Scales
-----------
Time Dilation
-----------
Take Off
-----------
Whirling Surge
-----------
Surge Forward
-----------
Skyward Ascent
-----------
Shooting Star
-----------
Wing Buffet
-----------
Fury of the Aspects
-----------
Bombardments
-----------
Invigorating Healing Potion
	Eff: 973441,2777031921
