-----------
EssenceRegenDummy
-----------
Azure Strike
-----------
Blessing of the Bronze
-----------
Cauterizing Flame
-----------
Chrono Flames
-----------
Chrono Flame
-----------
Consume Flame
	Eff: -42792247,72721375
-----------
Deep Breath
-----------
Disintegrate
-----------
Dream Breath
	Eff: -19554436,089203086
-----------
Dream Breath (Echo)
	Eff: -7431068,099434306
-----------
Dream Flight
	Eff: 6293092,5248864535
-----------
Echo
	Eff: -7769046,807413529
-----------
Emerald Blossom
-----------
Engulf
-----------
Enkindle
-----------
Expunge
-----------
Fire Breath
	Dmg: 4408564,189395739
-----------
Fluttering Seedlings
-----------
Golden Hour
	Eff: -17547385,379814457
-----------
Landslide
-----------
Lifebind
	Eff: -36684445,747014284
-----------
Life-Giver's Flame
-----------
Living Flame
	Eff: -4052349,186717878
	Dmg: -3940106,0193751277
-----------
Naturalize
-----------
Oppressing Roar
-----------
Panacea
	Eff: 471896,2445875527
-----------
Rewind
-----------
Renewing Blaze
-----------
Reversion
	Eff: -6567995,153850276
-----------
Reversion (Echo)
	Eff: -12606905,689926576
-----------
Sleep Walk
-----------
Source of Magic
-----------
Spatial Paradox
-----------
Spiritbloom
	Eff: 2170651,345993251
-----------
Spiritbloom (Echo)
	Eff: -9507131,118293539
-----------
Stasis
-----------
Tail Swipe
-----------
Temporal Anomaly
	Eff: -32342367,532293856
-----------
Time Spiral
-----------
Unravel
-----------
Verdant Embrace
	Eff: 6313593,086527335
-----------
Zephyr
-----------
Leech
	Eff: -2248633,366994152
-----------
Blessing of Summer
-----------
Holy Bulwark
-----------
ZeroCIMDummy
-----------
Ethereal Reconstitution
	Eff: 5685697,002371329
-----------
Ethereal Guard
	Eff: 27697626,262780555
-----------
Stasis (Release)
-----------
Essence Bomb
-----------
Voidglass Barrier
	Eff: 20949762,15018406
-----------
Tip the Scales
-----------
Algari Mana Potion
-----------
Hover
-----------
Glide
-----------
Rescue
-----------
Twin Guardian
-----------
Emerald Communion
-----------
Stasis (Store)
-----------
Obsidian Scales
-----------
Time Dilation
-----------
Take Off
-----------
Whirling Surge
-----------
Surge Forward
-----------
Skyward Ascent
-----------
Shooting Star
-----------
Wing Buffet
-----------
Fury of the Aspects
-----------
Bombardments
-----------
Invigorating Healing Potion
	Eff: 1343486,128694171
