-----------
EssenceRegenDummy
-----------
Azure Strike
-----------
Blessing of the Bronze
-----------
Cauterizing Flame
-----------
Chrono Flames
-----------
Chrono Flame
-----------
Consume Flame
	Eff: -16620300,378914049
-----------
Deep Breath
-----------
Disintegrate
-----------
Dream Breath
	Eff: -3315594,082212459
-----------
Dream Breath (Echo)
	Eff: -7637283,878910517
-----------
Dream Flight
	Eff: 14302961,887239613
-----------
Echo
	Eff: -3157991,119379653
-----------
Emerald Blossom
-----------
Engulf
-----------
Enkindle
-----------
Expunge
-----------
Fire Breath
	Dmg: -202417,9087133678
-----------
Fluttering Seedlings
-----------
Golden Hour
	Eff: -17547385,379814457
-----------
Landslide
-----------
Lifebind
	Eff: -36019235,27784616
-----------
Life-Giver's Flame
-----------
Living Flame
	Eff: -3550136,357628605
	Dmg: -5610206,350115898
-----------
Naturalize
-----------
Oppressing Roar
-----------
Panacea
	Eff: 1372934,4925268572
-----------
Rewind
-----------
Renewing Blaze
-----------
Reversion
	Eff: -18637237,567238063
-----------
Reversion (Echo)
	Eff: -34638883,193436444
-----------
Sleep Walk
-----------
Source of Magic
-----------
Spatial Paradox
-----------
Spiritbloom
	Eff: 7130132,397309565
-----------
Spiritbloom (Echo)
	Eff: -2780452,4647342637
-----------
Stasis
-----------
Tail Swipe
-----------
Temporal Anomaly
	Eff: -9972072,575903783
-----------
Time Spiral
-----------
Unravel
-----------
Verdant Embrace
	Eff: 12049307,65732118
-----------
Zephyr
-----------
Leech
	Eff: -2591126,547587566
-----------
Blessing of Summer
-----------
Holy Bulwark
-----------
ZeroCIMDummy
-----------
Ethereal Reconstitution
	Eff: -317192,2864886109
-----------
Ethereal Guard
	Eff: -1320890,4016019495
-----------
Stasis (Release)
-----------
Essence Bomb
-----------
Voidglass Barrier
	Eff: 15179437,137080736
-----------
Tip the Scales
-----------
Algari Mana Potion
-----------
Hover
-----------
Glide
-----------
Rescue
-----------
Twin Guardian
-----------
Emerald Communion
-----------
Stasis (Store)
-----------
Obsidian Scales
-----------
Time Dilation
-----------
Take Off
-----------
Whirling Surge
-----------
Surge Forward
-----------
Skyward Ascent
-----------
Shooting Star
-----------
Wing Buffet
-----------
Fury of the Aspects
-----------
Bombardments
-----------
Invigorating Healing Potion
	Eff: 973441,2777031921
