-----------
EssenceRegenDummy
-----------
Azure Strike
-----------
Blessing of the Bronze
-----------
Cauterizing Flame
-----------
Chrono Flames
-----------
Chrono Flame
-----------
Consume Flame
	Eff: -48360982,16769429
-----------
Deep Breath
-----------
Disintegrate
-----------
Dream Breath
	Eff: -43324441,811268985
-----------
Dream Breath (Echo)
	Eff: -11287527,81728139
-----------
Dream Flight
	Eff: -766177,4634057598
-----------
Echo
	Eff: -10088315,0434693
-----------
Emerald Blossom
-----------
Engulf
-----------
Enkindle
-----------
Expunge
-----------
Fire Breath
	Dmg: -1384452,0374015172
-----------
Fluttering Seedlings
-----------
Golden Hour
	Eff: -17547385,379814457
-----------
Landslide
-----------
Lifebind
	Eff: -41569491,64894002
-----------
Life-Giver's Flame
-----------
Living Flame
	Eff: -3749219,590934519
	Dmg: -6099368,394157392
-----------
Naturalize
-----------
Oppressing Roar
-----------
Panacea
	Eff: 725070,1626969975
-----------
Rewind
-----------
Renewing Blaze
-----------
Reversion
	Eff: -39311333,00474701
-----------
Reversion (Echo)
	Eff: -71292464,2145997
-----------
Sleep Walk
-----------
Source of Magic
-----------
Spatial Paradox
-----------
Spiritbloom
	Eff: 5524278,269907065
-----------
Spiritbloom (Echo)
	Eff: -4903131,725335485
-----------
Stasis
-----------
Tail Swipe
-----------
Temporal Anomaly
	Eff: 21848652,977836628
-----------
Time Spiral
-----------
Unravel
-----------
Verdant Embrace
	Eff: 5586936,097674077
-----------
Zephyr
-----------
Leech
	Eff: -7827672,776350132
-----------
Blessing of Summer
-----------
Holy Bulwark
-----------
ZeroCIMDummy
-----------
Ethereal Reconstitution
	Eff: -1435559,2007219803
-----------
Ethereal Guard
	Eff: -7087198,011912532
-----------
Stasis (Release)
-----------
Essence Bomb
-----------
Voidglass Barrier
	Eff: 26363668,966929056
-----------
Tip the Scales
-----------
Algari Mana Potion
-----------
Hover
-----------
Glide
-----------
Rescue
-----------
Twin Guardian
-----------
Emerald Communion
-----------
Stasis (Store)
-----------
Obsidian Scales
-----------
Time Dilation
-----------
Take Off
-----------
Whirling Surge
-----------
Surge Forward
-----------
Skyward Ascent
-----------
Shooting Star
-----------
Wing Buffet
-----------
Fury of the Aspects
-----------
Bombardments
-----------
Invigorating Healing Potion
	Eff: 1690674,2570460625
