-----------
EssenceRegenDummy
-----------
Azure Strike
-----------
Blessing of the Bronze
-----------
Cauterizing Flame
-----------
Chrono Flames
-----------
Chrono Flame
-----------
Consume Flame
	Eff: -15440326,293843316
-----------
Deep Breath
-----------
Disintegrate
-----------
Dream Breath
	Eff: 2637611,3389161746
-----------
Dream Breath (Echo)
	Eff: -6648043,42829758
-----------
Dream Flight
	Eff: 16313845,237283157
-----------
Echo
	Eff: -2745169,303762705
-----------
Emerald Blossom
-----------
Engulf
-----------
Enkindle
-----------
Expunge
-----------
Fire Breath
	Dmg: 1439764,087300737
-----------
Fluttering Seedlings
-----------
Golden Hour
	Eff: -17547385,379814457
-----------
Landslide
-----------
Lifebind
	Eff: -35034974,07475771
-----------
Life-Giver's Flame
-----------
Living Flame
	Eff: -3646131,046443732
	Dmg: -5004627,583145971
-----------
Naturalize
-----------
Oppressing Roar
-----------
Panacea
	Eff: 1282543,274280698
-----------
Rewind
-----------
Renewing Blaze
-----------
Reversion
	Eff: -10791987,825861596
-----------
Reversion (Echo)
	Eff: -21292338,770150516
-----------
Sleep Walk
-----------
Source of Magic
-----------
Spatial Paradox
-----------
Spiritbloom
	Eff: 6246107,161339443
-----------
Spiritbloom (Echo)
	Eff: -3996516,0323512387
-----------
Stasis
-----------
Tail Swipe
-----------
Temporal Anomaly
	Eff: -21661054,237182382
-----------
Time Spiral
-----------
Unravel
-----------
Verdant Embrace
	Eff: 12109704,306779876
-----------
Zephyr
-----------
Leech
	Eff: -1223803,4552218681
-----------
Blessing of Summer
-----------
Holy Bulwark
-----------
ZeroCIMDummy
-----------
Ethereal Reconstitution
	Eff: 1755380,8522249074
-----------
Ethereal Guard
	Eff: 9379115,33016725
-----------
Stasis (Release)
-----------
Essence Bomb
-----------
Voidglass Barrier
	Eff: 15179437,137080736
-----------
Tip the Scales
-----------
Algari Mana Potion
-----------
Hover
-----------
Glide
-----------
Rescue
-----------
Twin Guardian
-----------
Emerald Communion
-----------
Stasis (Store)
-----------
Obsidian Scales
-----------
Time Dilation
-----------
Take Off
-----------
Whirling Surge
-----------
Surge Forward
-----------
Skyward Ascent
-----------
Shooting Star
-----------
Wing Buffet
-----------
Fury of the Aspects
-----------
Bombardments
-----------
Invigorating Healing Potion
	Eff: 973441,2777031921
