-----------
EssenceRegenDummy
-----------
Azure Strike
-----------
Blessing of the Bronze
-----------
Cauterizing Flame
-----------
Chrono Flames
-----------
Chrono Flame
-----------
Consume Flame
	Eff: -8812119,08273346
-----------
Deep Breath
-----------
Disintegrate
-----------
Dream Breath
	Eff: 7605137,547051371
-----------
Dream Breath (Echo)
	Eff: -6194308,061278492
-----------
Dream Flight
	Eff: 17204032,110733252
-----------
Echo
	Eff: -1115275,0128251861
-----------
Emerald Blossom
-----------
Engulf
-----------
Enkindle
-----------
Expunge
-----------
Fire Breath
	Dmg: -144891,36377225464
-----------
Fluttering Seedlings
-----------
Golden Hour
	Eff: -17547385,379814457
-----------
Landslide
-----------
Lifebind
	Eff: -32877748,97767789
-----------
Life-Giver's Flame
-----------
Living Flame
	Eff: -3572609,060880103
	Dmg: -5516052,22173351
-----------
Naturalize
-----------
Oppressing Roar
-----------
Panacea
	Eff: 1487794,3641185504
-----------
Rewind
-----------
Renewing Blaze
-----------
Reversion
	Eff: -2314145,536288665
-----------
Reversion (Echo)
	Eff: -7517308,919447466
-----------
Sleep Walk
-----------
Source of Magic
-----------
Spatial Paradox
-----------
Spiritbloom
	Eff: 6349083,654518519
-----------
Spiritbloom (Echo)
	Eff: -3753294,929088366
-----------
Stasis
-----------
Tail Swipe
-----------
Temporal Anomaly
	Eff: -46428978,600858465
-----------
Time Spiral
-----------
Unravel
-----------
Verdant Embrace
	Eff: 13656413,513128012
-----------
Zephyr
-----------
Leech
	Eff: -292230,03780461993
-----------
Blessing of Summer
-----------
Holy Bulwark
-----------
ZeroCIMDummy
-----------
Ethereal Reconstitution
	Eff: -632916,3207251137
-----------
Ethereal Guard
	Eff: 1441503,2255036158
-----------
Stasis (Release)
-----------
Essence Bomb
-----------
Voidglass Barrier
	Eff: 2365697,6108254287
-----------
Tip the Scales
-----------
Algari Mana Potion
-----------
Hover
-----------
Glide
-----------
Rescue
-----------
Twin Guardian
-----------
Emerald Communion
-----------
Stasis (Store)
-----------
Obsidian Scales
-----------
Time Dilation
-----------
Take Off
-----------
Whirling Surge
-----------
Surge Forward
-----------
Skyward Ascent
-----------
Shooting Star
-----------
Wing Buffet
-----------
Fury of the Aspects
-----------
Bombardments
-----------
Invigorating Healing Potion
	Eff: 151709,69016471598
