-----------
EssenceRegenDummy
-----------
Azure Strike
-----------
Blessing of the Bronze
-----------
Cauterizing Flame
-----------
Chrono Flames
-----------
Chrono Flame
-----------
Consume Flame
	Eff: -30041463,22071007
-----------
Deep Breath
-----------
Disintegrate
-----------
Dream Breath
	Eff: -20332185,482669804
-----------
Dream Breath (Echo)
	Eff: -9238860,8222433
-----------
Dream Flight
	Eff: 8027035,003147849
-----------
Echo
	Eff: -6133018,446264623
-----------
Emerald Blossom
-----------
Engulf
-----------
Enkindle
-----------
Expunge
-----------
Fire Breath
	Dmg: -681723,3129327743
-----------
Fluttering Seedlings
-----------
Golden Hour
	Eff: -17547385,379814457
-----------
Landslide
-----------
Lifebind
	Eff: -38569161,012499936
-----------
Life-Giver's Flame
-----------
Living Flame
	Eff: -3627846,153651882
	Dmg: -5814764,198005563
-----------
Naturalize
-----------
Oppressing Roar
-----------
Panacea
	Eff: 1102942,3999757716
-----------
Rewind
-----------
Renewing Blaze
-----------
Reversion
	Eff: -28733262,589599375
-----------
Reversion (Echo)
	Eff: -52615627,144801565
-----------
Sleep Walk
-----------
Source of Magic
-----------
Spatial Paradox
-----------
Spiritbloom
	Eff: 6573451,2358242795
-----------
Spiritbloom (Echo)
	Eff: -3524751,844999036
-----------
Stasis
-----------
Tail Swipe
-----------
Temporal Anomaly
	Eff: 6445320,356511363
-----------
Time Spiral
-----------
Unravel
-----------
Verdant Embrace
	Eff: 9302066,975110162
-----------
Zephyr
-----------
Leech
	Eff: -4933061,034117674
-----------
Blessing of Summer
-----------
Holy Bulwark
-----------
ZeroCIMDummy
-----------
Ethereal Reconstitution
	Eff: -730509,0983774669
-----------
Ethereal Guard
	Eff: -3952265,0548798586
-----------
Stasis (Release)
-----------
Essence Bomb
-----------
Voidglass Barrier
	Eff: 20949762,15018406
-----------
Tip the Scales
-----------
Algari Mana Potion
-----------
Hover
-----------
Glide
-----------
Rescue
-----------
Twin Guardian
-----------
Emerald Communion
-----------
Stasis (Store)
-----------
Obsidian Scales
-----------
Time Dilation
-----------
Take Off
-----------
Whirling Surge
-----------
Surge Forward
-----------
Skyward Ascent
-----------
Shooting Star
-----------
Wing Buffet
-----------
Fury of the Aspects
-----------
Bombardments
-----------
Invigorating Healing Potion
	Eff: 1343486,128694171
