-----------
EssenceRegenDummy
-----------
Azure Strike
-----------
Blessing of the Bronze
-----------
Cauterizing Flame
-----------
Chrono Flames
-----------
Chrono Flame
-----------
Consume Flame
	Eff: -52354454,1077158
-----------
Deep Breath
-----------
Disintegrate
-----------
Dream Breath
	Eff: -31305715,08210108
-----------
Dream Breath (Echo)
	Eff: -8594335,10350495
-----------
Dream Flight
	Eff: 1591965,991035198
-----------
Echo
	Eff: -9788710,50261544
-----------
Emerald Blossom
-----------
Engulf
-----------
Enkindle
-----------
Expunge
-----------
Fire Breath
	Dmg: 4040181,6645836513
-----------
Fluttering Seedlings
-----------
Golden Hour
	Eff: -17547385,379814457
-----------
Landslide
-----------
Lifebind
	Eff: -38572557,98264045
-----------
Life-Giver's Flame
-----------
Living Flame
	Eff: -4098546,3511736346
	Dmg: -4107957,594918224
-----------
Naturalize
-----------
Oppressing Roar
-----------
Panacea
	Eff: 295271,65470066527
-----------
Rewind
-----------
Renewing Blaze
-----------
Reversion
	Eff: -15025027,980542684
-----------
Reversion (Echo)
	Eff: -29069950,51405369
-----------
Sleep Walk
-----------
Source of Magic
-----------
Spatial Paradox
-----------
Spiritbloom
	Eff: 1736987,8931664182
-----------
Spiritbloom (Echo)
	Eff: -9998680,517083881
-----------
Stasis
-----------
Tail Swipe
-----------
Temporal Anomaly
	Eff: -18553757,06878367
-----------
Time Spiral
-----------
Unravel
-----------
Verdant Embrace
	Eff: 4520765,272325158
-----------
Zephyr
-----------
Leech
	Eff: -4019984,520980952
-----------
Blessing of Summer
-----------
Holy Bulwark
-----------
ZeroCIMDummy
-----------
Ethereal Reconstitution
	Eff: 5380896,30835834
-----------
Ethereal Guard
	Eff: 25180533,065238286
-----------
Stasis (Release)
-----------
Essence Bomb
-----------
Voidglass Barrier
	Eff: 26363668,966929056
-----------
Tip the Scales
-----------
Algari Mana Potion
-----------
Hover
-----------
Glide
-----------
Rescue
-----------
Twin Guardian
-----------
Emerald Communion
-----------
Stasis (Store)
-----------
Obsidian Scales
-----------
Time Dilation
-----------
Take Off
-----------
Whirling Surge
-----------
Surge Forward
-----------
Skyward Ascent
-----------
Shooting Star
-----------
Wing Buffet
-----------
Fury of the Aspects
-----------
Bombardments
-----------
Invigorating Healing Potion
	Eff: 1690674,2570460625
