-----------
EssenceRegenDummy
-----------
Azure Strike
-----------
Blessing of the Bronze
-----------
Cauterizing Flame
-----------
Chrono Flames
-----------
Chrono Flame
-----------
Consume Flame
	Eff: -42189767,46254113
-----------
Deep Breath
-----------
Disintegrate
-----------
Dream Breath
	Eff: -30857023,15303159
-----------
Dream Breath (Echo)
	Eff: -9793321,700379377
-----------
Dream Flight
	Eff: 3517845,6248618173
-----------
Echo
	Eff: -8546929,223073998
-----------
Emerald Blossom
-----------
Engulf
-----------
Enkindle
-----------
Expunge
-----------
Fire Breath
	Dmg: 432684,01109484513
-----------
Fluttering Seedlings
-----------
Golden Hour
	Eff: -17547385,379814457
-----------
Landslide
-----------
Lifebind
	Eff: -39857290,90119577
-----------
Life-Giver's Flame
-----------
Living Flame
	Eff: -3801457,6805868098
	Dmg: -5433768,782029977
-----------
Naturalize
-----------
Oppressing Roar
-----------
Panacea
	Eff: 751164,9911093677
-----------
Rewind
-----------
Renewing Blaze
-----------
Reversion
	Eff: -30286503,870502688
-----------
Reversion (Echo)
	Eff: -54934401,96272858
-----------
Sleep Walk
-----------
Source of Magic
-----------
Spatial Paradox
-----------
Spiritbloom
	Eff: 4974286,833927302
-----------
Spiritbloom (Echo)
	Eff: -5623603,401107495
-----------
Stasis
-----------
Tail Swipe
-----------
Temporal Anomaly
	Eff: 9105107,350830574
-----------
Time Spiral
-----------
Unravel
-----------
Verdant Embrace
	Eff: 6784546,099280255
-----------
Zephyr
-----------
Leech
	Eff: -5777385,558548428
-----------
Blessing of Summer
-----------
Holy Bulwark
-----------
ZeroCIMDummy
-----------
Ethereal Reconstitution
	Eff: 842844,8300495383
-----------
Ethereal Guard
	Eff: 3695311,4103548895
-----------
Stasis (Release)
-----------
Essence Bomb
-----------
Voidglass Barrier
	Eff: 26362711,137276486
-----------
Tip the Scales
-----------
Algari Mana Potion
-----------
Hover
-----------
Glide
-----------
Rescue
-----------
Twin Guardian
-----------
Emerald Communion
-----------
Stasis (Store)
-----------
Obsidian Scales
-----------
Time Dilation
-----------
Take Off
-----------
Whirling Surge
-----------
Surge Forward
-----------
Skyward Ascent
-----------
Shooting Star
-----------
Wing Buffet
-----------
Fury of the Aspects
-----------
Bombardments
-----------
Invigorating Healing Potion
	Eff: 1690612,8324416876
