----------------------
00:00,082

Intellect
	 Rating: 140996
	 Multiplicative Factor: 8,15%
	 Eff: 140996
Stamina
	 Rating: 879789
	 Multiplicative Factor: 11,3%
	 Eff: 879789,0000000001
Crit
	 Rating: 23505
	 Multiplicative Factor: 0%
	 Eff: 26754,947279032065
	 DR Bracket: 1
	 Base: 5%
	 Effective Percent: 38,22%
	 Crit Inc Heal: 2
	 Crit Inc Damage: 2
Haste
	 Rating: 5832
	 Multiplicative Factor: 0%
	 Eff: 5832,365074711621
	 DR Bracket: 0
	 Base: 0%
	 Effective Percent: 8,84%
Vers
	 Rating: 18112
	 Multiplicative Factor: 0%
	 Eff: 20451,881706746597
	 DR Bracket: 0
	 Base: 3%
	 Effective Percent: 26,22%
Leech
	 Rating: 3060
	 Multiplicative Factor: 0%
	 Eff: 5099,99025
	 DR Bracket: 0
	 Base: 2%
	 Effective Percent: 5%
Avoidance
	 Rating: -0
	 Multiplicative Factor: 0%
	 Eff: -0,32846701212770313
	 DR Bracket: 0
	 Base: 0%
	 Effective Percent: -0%
Mastery
	 Rating: 16442
	 Multiplicative Factor: 0%
	 Eff: 24141,57447518644
	 DR Bracket: 0
	 Base: 19,8%
	 Effective Percent: 62,08%
----------------------
00:05,131

Intellect
	 Rating: 140996
	 Multiplicative Factor: 8,15%
	 Eff: 140996
Stamina
	 Rating: 879789
	 Multiplicative Factor: 11,3%
	 Eff: 879789,0000000001
Crit
	 Rating: 23505
	 Multiplicative Factor: 0%
	 Eff: 26754,947279032065
	 DR Bracket: 1
	 Base: 5%
	 Effective Percent: 38,22%
	 Crit Inc Heal: 2
	 Crit Inc Damage: 2
Haste
	 Rating: 5832
	 Multiplicative Factor: 0%
	 Eff: 5832,365074711621
	 DR Bracket: 0
	 Base: 0%
	 Effective Percent: 8,84%
Vers
	 Rating: 18112
	 Multiplicative Factor: 0%
	 Eff: 20451,881706746597
	 DR Bracket: 0
	 Base: 3%
	 Effective Percent: 26,22%
Leech
	 Rating: 3060
	 Multiplicative Factor: 0%
	 Eff: 5099,99025
	 DR Bracket: 0
	 Base: 2%
	 Effective Percent: 5%
Avoidance
	 Rating: -0
	 Multiplicative Factor: 0%
	 Eff: -0,32846701212770313
	 DR Bracket: 0
	 Base: 0%
	 Effective Percent: -0%
Mastery
	 Rating: 16442
	 Multiplicative Factor: 0%
	 Eff: 24141,57447518644
	 DR Bracket: 0
	 Base: 19,8%
	 Effective Percent: 62,08%
----------------------
00:10,246

Intellect
	 Rating: 140996
	 Multiplicative Factor: 8,15%
	 Eff: 140996
Stamina
	 Rating: 879789
	 Multiplicative Factor: 11,3%
	 Eff: 879789,0000000001
Crit
	 Rating: 23505
	 Multiplicative Factor: 0%
	 Eff: 26754,947279032065
	 DR Bracket: 1
	 Base: 5%
	 Effective Percent: 38,22%
	 Crit Inc Heal: 2
	 Crit Inc Damage: 2
Haste
	 Rating: 5832
	 Multiplicative Factor: 0%
	 Eff: 5832,365074711621
	 DR Bracket: 0
	 Base: 0%
	 Effective Percent: 8,84%
Vers
	 Rating: 18112
	 Multiplicative Factor: 0%
	 Eff: 20451,881706746597
	 DR Bracket: 0
	 Base: 3%
	 Effective Percent: 26,22%
Leech
	 Rating: 3060
	 Multiplicative Factor: 0%
	 Eff: 5099,99025
	 DR Bracket: 0
	 Base: 2%
	 Effective Percent: 5%
Avoidance
	 Rating: -0
	 Multiplicative Factor: 0%
	 Eff: -0,32846701212770313
	 DR Bracket: 0
	 Base: 0%
	 Effective Percent: -0%
Mastery
	 Rating: 16442
	 Multiplicative Factor: 0%
	 Eff: 24141,57447518644
	 DR Bracket: 0
	 Base: 19,8%
	 Effective Percent: 62,08%
----------------------
00:15,254

Intellect
	 Rating: 140996
	 Multiplicative Factor: 8,15%
	 Eff: 140996
Stamina
	 Rating: 879789
	 Multiplicative Factor: 11,3%
	 Eff: 879789,0000000001
Crit
	 Rating: 23505
	 Multiplicative Factor: 0%
	 Eff: 26754,947279032065
	 DR Bracket: 1
	 Base: 5%
	 Effective Percent: 38,22%
	 Crit Inc Heal: 2,6
	 Crit Inc Damage: 2
Haste
	 Rating: 5832
	 Multiplicative Factor: 0%
	 Eff: 5832,365074711621
	 DR Bracket: 0
	 Base: 0%
	 Effective Percent: 8,84%
Vers
	 Rating: 18112
	 Multiplicative Factor: 0%
	 Eff: 20451,881706746597
	 DR Bracket: 0
	 Base: 3%
	 Effective Percent: 26,22%
Leech
	 Rating: 3060
	 Multiplicative Factor: 0%
	 Eff: 5099,99025
	 DR Bracket: 0
	 Base: 2%
	 Effective Percent: 5%
Avoidance
	 Rating: -0
	 Multiplicative Factor: 0%
	 Eff: -0,32846701212770313
	 DR Bracket: 0
	 Base: 0%
	 Effective Percent: -0%
Mastery
	 Rating: 16442
	 Multiplicative Factor: 0%
	 Eff: 24141,57447518644
	 DR Bracket: 0
	 Base: 19,8%
	 Effective Percent: 62,08%
----------------------
00:20,254

Intellect
	 Rating: 140996
	 Multiplicative Factor: 8,15%
	 Eff: 140996
Stamina
	 Rating: 879789
	 Multiplicative Factor: 11,3%
	 Eff: 879789,0000000001
Crit
	 Rating: 23505
	 Multiplicative Factor: 0%
	 Eff: 26754,947279032065
	 DR Bracket: 1
	 Base: 5%
	 Effective Percent: 38,22%
	 Crit Inc Heal: 2,6
	 Crit Inc Damage: 2
Haste
	 Rating: 5832
	 Multiplicative Factor: 0%
	 Eff: 5832,365074711621
	 DR Bracket: 0
	 Base: 0%
	 Effective Percent: 8,84%
Vers
	 Rating: 18112
	 Multiplicative Factor: 0%
	 Eff: 20451,881706746597
	 DR Bracket: 0
	 Base: 3%
	 Effective Percent: 26,22%
Leech
	 Rating: 3060
	 Multiplicative Factor: 0%
	 Eff: 5099,99025
	 DR Bracket: 0
	 Base: 2%
	 Effective Percent: 5%
Avoidance
	 Rating: -0
	 Multiplicative Factor: 0%
	 Eff: -0,32846701212770313
	 DR Bracket: 0
	 Base: 0%
	 Effective Percent: -0%
Mastery
	 Rating: 16442
	 Multiplicative Factor: 0%
	 Eff: 24141,57447518644
	 DR Bracket: 0
	 Base: 19,8%
	 Effective Percent: 62,08%
----------------------
00:25,257

Intellect
	 Rating: 140996
	 Multiplicative Factor: 8,15%
	 Eff: 140996
Stamina
	 Rating: 879789
	 Multiplicative Factor: 11,3%
	 Eff: 879789,0000000001
Crit
	 Rating: 23505
	 Multiplicative Factor: 0%
	 Eff: 26754,947279032065
	 DR Bracket: 1
	 Base: 5%
	 Effective Percent: 38,22%
	 Crit Inc Heal: 2,6
	 Crit Inc Damage: 2
Haste
	 Rating: 5832
	 Multiplicative Factor: 0%
	 Eff: 5832,365074711621
	 DR Bracket: 0
	 Base: 0%
	 Effective Percent: 8,84%
Vers
	 Rating: 18112
	 Multiplicative Factor: 0%
	 Eff: 20451,881706746597
	 DR Bracket: 0
	 Base: 3%
	 Effective Percent: 26,22%
Leech
	 Rating: 3060
	 Multiplicative Factor: 0%
	 Eff: 5099,99025
	 DR Bracket: 0
	 Base: 2%
	 Effective Percent: 5%
Avoidance
	 Rating: -0
	 Multiplicative Factor: 0%
	 Eff: -0,32846701212770313
	 DR Bracket: 0
	 Base: 0%
	 Effective Percent: -0%
Mastery
	 Rating: 16442
	 Multiplicative Factor: 0%
	 Eff: 24141,57447518644
	 DR Bracket: 0
	 Base: 19,8%
	 Effective Percent: 62,08%
----------------------
00:30,263

Intellect
	 Rating: 140996
	 Multiplicative Factor: 8,15%
	 Eff: 140996
Stamina
	 Rating: 879789
	 Multiplicative Factor: 11,3%
	 Eff: 879789,0000000001
Crit
	 Rating: 23505
	 Multiplicative Factor: 0%
	 Eff: 26754,947279032065
	 DR Bracket: 1
	 Base: 5%
	 Effective Percent: 38,22%
	 Crit Inc Heal: 2
	 Crit Inc Damage: 2
Haste
	 Rating: 5832
	 Multiplicative Factor: 0%
	 Eff: 5832,365074711621
	 DR Bracket: 0
	 Base: 0%
	 Effective Percent: 8,84%
Vers
	 Rating: 18112
	 Multiplicative Factor: 0%
	 Eff: 20451,881706746597
	 DR Bracket: 0
	 Base: 3%
	 Effective Percent: 26,22%
Leech
	 Rating: 3060
	 Multiplicative Factor: 0%
	 Eff: 5099,99025
	 DR Bracket: 0
	 Base: 2%
	 Effective Percent: 5%
Avoidance
	 Rating: -0
	 Multiplicative Factor: 0%
	 Eff: -0,32846701212770313
	 DR Bracket: 0
	 Base: 0%
	 Effective Percent: -0%
Mastery
	 Rating: 16442
	 Multiplicative Factor: 0%
	 Eff: 24141,57447518644
	 DR Bracket: 0
	 Base: 19,8%
	 Effective Percent: 62,08%
----------------------
00:35,264

Intellect
	 Rating: 140996
	 Multiplicative Factor: 8,15%
	 Eff: 140996
Stamina
	 Rating: 879789
	 Multiplicative Factor: 11,3%
	 Eff: 879789,0000000001
Crit
	 Rating: 23505
	 Multiplicative Factor: 0%
	 Eff: 26754,947279032065
	 DR Bracket: 1
	 Base: 5%
	 Effective Percent: 38,22%
	 Crit Inc Heal: 2,6
	 Crit Inc Damage: 2
Haste
	 Rating: 5832
	 Multiplicative Factor: 0%
	 Eff: 5832,365074711621
	 DR Bracket: 0
	 Base: 0%
	 Effective Percent: 8,84%
Vers
	 Rating: 18112
	 Multiplicative Factor: 0%
	 Eff: 20451,881706746597
	 DR Bracket: 0
	 Base: 3%
	 Effective Percent: 26,22%
Leech
	 Rating: 3060
	 Multiplicative Factor: 0%
	 Eff: 5099,99025
	 DR Bracket: 0
	 Base: 2%
	 Effective Percent: 5%
Avoidance
	 Rating: -0
	 Multiplicative Factor: 0%
	 Eff: -0,32846701212770313
	 DR Bracket: 0
	 Base: 0%
	 Effective Percent: -0%
Mastery
	 Rating: 16442
	 Multiplicative Factor: 0%
	 Eff: 24141,57447518644
	 DR Bracket: 0
	 Base: 19,8%
	 Effective Percent: 62,08%
----------------------
00:40,346

Intellect
	 Rating: 140996
	 Multiplicative Factor: 8,15%
	 Eff: 140996
Stamina
	 Rating: 879789
	 Multiplicative Factor: 11,3%
	 Eff: 879789,0000000001
Crit
	 Rating: 23505
	 Multiplicative Factor: 0%
	 Eff: 26754,947279032065
	 DR Bracket: 1
	 Base: 5%
	 Effective Percent: 38,22%
	 Crit Inc Heal: 2,6
	 Crit Inc Damage: 2
Haste
	 Rating: 5832
	 Multiplicative Factor: 0%
	 Eff: 5832,365074711621
	 DR Bracket: 0
	 Base: 0%
	 Effective Percent: 8,84%
Vers
	 Rating: 18112
	 Multiplicative Factor: 0%
	 Eff: 20451,881706746597
	 DR Bracket: 0
	 Base: 3%
	 Effective Percent: 26,22%
Leech
	 Rating: 3060
	 Multiplicative Factor: 0%
	 Eff: 5099,99025
	 DR Bracket: 0
	 Base: 2%
	 Effective Percent: 5%
Avoidance
	 Rating: -0
	 Multiplicative Factor: 0%
	 Eff: -0,32846701212770313
	 DR Bracket: 0
	 Base: 0%
	 Effective Percent: -0%
Mastery
	 Rating: 16442
	 Multiplicative Factor: 0%
	 Eff: 24141,57447518644
	 DR Bracket: 0
	 Base: 19,8%
	 Effective Percent: 62,08%
----------------------
00:45,413

Intellect
	 Rating: 140996
	 Multiplicative Factor: 8,15%
	 Eff: 140996
Stamina
	 Rating: 879789
	 Multiplicative Factor: 11,3%
	 Eff: 879789,0000000001
Crit
	 Rating: 23505
	 Multiplicative Factor: 0%
	 Eff: 26754,947279032065
	 DR Bracket: 1
	 Base: 5%
	 Effective Percent: 38,22%
	 Crit Inc Heal: 2,6
	 Crit Inc Damage: 2
Haste
	 Rating: 5832
	 Multiplicative Factor: 0%
	 Eff: 5832,365074711621
	 DR Bracket: 0
	 Base: 0%
	 Effective Percent: 8,84%
Vers
	 Rating: 18112
	 Multiplicative Factor: 0%
	 Eff: 20451,881706746597
	 DR Bracket: 0
	 Base: 3%
	 Effective Percent: 26,22%
Leech
	 Rating: 3060
	 Multiplicative Factor: 0%
	 Eff: 5099,99025
	 DR Bracket: 0
	 Base: 2%
	 Effective Percent: 5%
Avoidance
	 Rating: -0
	 Multiplicative Factor: 0%
	 Eff: -0,32846701212770313
	 DR Bracket: 0
	 Base: 0%
	 Effective Percent: -0%
Mastery
	 Rating: 16442
	 Multiplicative Factor: 0%
	 Eff: 24141,57447518644
	 DR Bracket: 0
	 Base: 19,8%
	 Effective Percent: 62,08%
----------------------
00:50,423

Intellect
	 Rating: 140996
	 Multiplicative Factor: 8,15%
	 Eff: 140996
Stamina
	 Rating: 879789
	 Multiplicative Factor: 11,3%
	 Eff: 879789,0000000001
Crit
	 Rating: 23505
	 Multiplicative Factor: 0%
	 Eff: 26754,947279032065
	 DR Bracket: 1
	 Base: 5%
	 Effective Percent: 38,22%
	 Crit Inc Heal: 2,6
	 Crit Inc Damage: 2
Haste
	 Rating: 5832
	 Multiplicative Factor: 0%
	 Eff: 5832,365074711621
	 DR Bracket: 0
	 Base: 0%
	 Effective Percent: 8,84%
Vers
	 Rating: 18112
	 Multiplicative Factor: 0%
	 Eff: 20451,881706746597
	 DR Bracket: 0
	 Base: 3%
	 Effective Percent: 26,22%
Leech
	 Rating: 3060
	 Multiplicative Factor: 0%
	 Eff: 5099,99025
	 DR Bracket: 0
	 Base: 2%
	 Effective Percent: 5%
Avoidance
	 Rating: -0
	 Multiplicative Factor: 0%
	 Eff: -0,32846701212770313
	 DR Bracket: 0
	 Base: 0%
	 Effective Percent: -0%
Mastery
	 Rating: 16442
	 Multiplicative Factor: 0%
	 Eff: 24141,57447518644
	 DR Bracket: 0
	 Base: 19,8%
	 Effective Percent: 62,08%
----------------------
00:55,435

Intellect
	 Rating: 140996
	 Multiplicative Factor: 8,15%
	 Eff: 140996
Stamina
	 Rating: 879789
	 Multiplicative Factor: 11,3%
	 Eff: 879789,0000000001
Crit
	 Rating: 23505
	 Multiplicative Factor: 0%
	 Eff: 26754,947279032065
	 DR Bracket: 1
	 Base: 5%
	 Effective Percent: 38,22%
	 Crit Inc Heal: 2
	 Crit Inc Damage: 2
Haste
	 Rating: 5832
	 Multiplicative Factor: 0%
	 Eff: 5832,365074711621
	 DR Bracket: 0
	 Base: 0%
	 Effective Percent: 8,84%
Vers
	 Rating: 18112
	 Multiplicative Factor: 0%
	 Eff: 20451,881706746597
	 DR Bracket: 0
	 Base: 3%
	 Effective Percent: 26,22%
Leech
	 Rating: 3060
	 Multiplicative Factor: 0%
	 Eff: 5099,99025
	 DR Bracket: 0
	 Base: 2%
	 Effective Percent: 5%
Avoidance
	 Rating: -0
	 Multiplicative Factor: 0%
	 Eff: -0,32846701212770313
	 DR Bracket: 0
	 Base: 0%
	 Effective Percent: -0%
Mastery
	 Rating: 16442
	 Multiplicative Factor: 0%
	 Eff: 24141,57447518644
	 DR Bracket: 0
	 Base: 19,8%
	 Effective Percent: 62,08%
----------------------
01:00,503

Intellect
	 Rating: 140996
	 Multiplicative Factor: 8,15%
	 Eff: 140996
Stamina
	 Rating: 879789
	 Multiplicative Factor: 11,3%
	 Eff: 879789,0000000001
Crit
	 Rating: 23505
	 Multiplicative Factor: 0%
	 Eff: 26754,947279032065
	 DR Bracket: 1
	 Base: 5%
	 Effective Percent: 38,22%
	 Crit Inc Heal: 2,6
	 Crit Inc Damage: 2
Haste
	 Rating: 5832
	 Multiplicative Factor: 0%
	 Eff: 5832,365074711621
	 DR Bracket: 0
	 Base: 0%
	 Effective Percent: 8,84%
Vers
	 Rating: 18112
	 Multiplicative Factor: 0%
	 Eff: 20451,881706746597
	 DR Bracket: 0
	 Base: 3%
	 Effective Percent: 26,22%
Leech
	 Rating: 3060
	 Multiplicative Factor: 0%
	 Eff: 5099,99025
	 DR Bracket: 0
	 Base: 2%
	 Effective Percent: 5%
Avoidance
	 Rating: -0
	 Multiplicative Factor: 0%
	 Eff: -0,32846701212770313
	 DR Bracket: 0
	 Base: 0%
	 Effective Percent: -0%
Mastery
	 Rating: 16442
	 Multiplicative Factor: 0%
	 Eff: 24141,57447518644
	 DR Bracket: 0
	 Base: 19,8%
	 Effective Percent: 62,08%
----------------------
01:05,558

Intellect
	 Rating: 140996
	 Multiplicative Factor: 8,15%
	 Eff: 140996
Stamina
	 Rating: 879789
	 Multiplicative Factor: 11,3%
	 Eff: 879789,0000000001
Crit
	 Rating: 29490
	 Multiplicative Factor: 0%
	 Eff: 31992,29892784632
	 DR Bracket: 2
	 Base: 5%
	 Effective Percent: 45,7%
	 Crit Inc Heal: 2,6
	 Crit Inc Damage: 2
Haste
	 Rating: 5832
	 Multiplicative Factor: 0%
	 Eff: 5832,365074711621
	 DR Bracket: 0
	 Base: 0%
	 Effective Percent: 8,84%
Vers
	 Rating: 18112
	 Multiplicative Factor: 0%
	 Eff: 20451,881706746597
	 DR Bracket: 0
	 Base: 3%
	 Effective Percent: 26,22%
Leech
	 Rating: 3060
	 Multiplicative Factor: 0%
	 Eff: 5099,99025
	 DR Bracket: 0
	 Base: 2%
	 Effective Percent: 5%
Avoidance
	 Rating: -0
	 Multiplicative Factor: 0%
	 Eff: -0,32846701212770313
	 DR Bracket: 0
	 Base: 0%
	 Effective Percent: -0%
Mastery
	 Rating: 16442
	 Multiplicative Factor: 0%
	 Eff: 24141,57447518644
	 DR Bracket: 0
	 Base: 19,8%
	 Effective Percent: 62,08%
----------------------
01:10,692

Intellect
	 Rating: 140996
	 Multiplicative Factor: 8,15%
	 Eff: 140996
Stamina
	 Rating: 879789
	 Multiplicative Factor: 11,3%
	 Eff: 879789,0000000001
Crit
	 Rating: 29490
	 Multiplicative Factor: 0%
	 Eff: 31992,29892784632
	 DR Bracket: 2
	 Base: 5%
	 Effective Percent: 45,7%
	 Crit Inc Heal: 2,6
	 Crit Inc Damage: 2
Haste
	 Rating: 5832
	 Multiplicative Factor: 0%
	 Eff: 5832,365074711621
	 DR Bracket: 0
	 Base: 0%
	 Effective Percent: 8,84%
Vers
	 Rating: 18112
	 Multiplicative Factor: 0%
	 Eff: 20451,881706746597
	 DR Bracket: 0
	 Base: 3%
	 Effective Percent: 26,22%
Leech
	 Rating: 3060
	 Multiplicative Factor: 0%
	 Eff: 5099,99025
	 DR Bracket: 0
	 Base: 2%
	 Effective Percent: 5%
Avoidance
	 Rating: -0
	 Multiplicative Factor: 0%
	 Eff: -0,32846701212770313
	 DR Bracket: 0
	 Base: 0%
	 Effective Percent: -0%
Mastery
	 Rating: 16442
	 Multiplicative Factor: 0%
	 Eff: 24141,57447518644
	 DR Bracket: 0
	 Base: 19,8%
	 Effective Percent: 62,08%
----------------------
01:15,717

Intellect
	 Rating: 140996
	 Multiplicative Factor: 8,15%
	 Eff: 140996
Stamina
	 Rating: 879789
	 Multiplicative Factor: 11,3%
	 Eff: 879789,0000000001
Crit
	 Rating: 23505
	 Multiplicative Factor: 0%
	 Eff: 26754,947279032065
	 DR Bracket: 1
	 Base: 5%
	 Effective Percent: 38,22%
	 Crit Inc Heal: 2
	 Crit Inc Damage: 2
Haste
	 Rating: 5832
	 Multiplicative Factor: 0%
	 Eff: 5832,365074711621
	 DR Bracket: 0
	 Base: 0%
	 Effective Percent: 8,84%
Vers
	 Rating: 18112
	 Multiplicative Factor: 0%
	 Eff: 20451,881706746597
	 DR Bracket: 0
	 Base: 3%
	 Effective Percent: 26,22%
Leech
	 Rating: 3060
	 Multiplicative Factor: 0%
	 Eff: 5099,99025
	 DR Bracket: 0
	 Base: 2%
	 Effective Percent: 5%
Avoidance
	 Rating: -0
	 Multiplicative Factor: 0%
	 Eff: -0,32846701212770313
	 DR Bracket: 0
	 Base: 0%
	 Effective Percent: -0%
Mastery
	 Rating: 16442
	 Multiplicative Factor: 0%
	 Eff: 24141,57447518644
	 DR Bracket: 0
	 Base: 19,8%
	 Effective Percent: 62,08%
----------------------
01:20,757

Intellect
	 Rating: 140996
	 Multiplicative Factor: 8,15%
	 Eff: 140996
Stamina
	 Rating: 879789
	 Multiplicative Factor: 11,3%
	 Eff: 879789,0000000001
Crit
	 Rating: 23505
	 Multiplicative Factor: 0%
	 Eff: 26754,947279032065
	 DR Bracket: 1
	 Base: 5%
	 Effective Percent: 38,22%
	 Crit Inc Heal: 2,6
	 Crit Inc Damage: 2
Haste
	 Rating: 5832
	 Multiplicative Factor: 0%
	 Eff: 5832,365074711621
	 DR Bracket: 0
	 Base: 0%
	 Effective Percent: 8,84%
Vers
	 Rating: 18112
	 Multiplicative Factor: 0%
	 Eff: 20451,881706746597
	 DR Bracket: 0
	 Base: 3%
	 Effective Percent: 26,22%
Leech
	 Rating: 3060
	 Multiplicative Factor: 0%
	 Eff: 5099,99025
	 DR Bracket: 0
	 Base: 2%
	 Effective Percent: 5%
Avoidance
	 Rating: -0
	 Multiplicative Factor: 0%
	 Eff: -0,32846701212770313
	 DR Bracket: 0
	 Base: 0%
	 Effective Percent: -0%
Mastery
	 Rating: 16442
	 Multiplicative Factor: 0%
	 Eff: 24141,57447518644
	 DR Bracket: 0
	 Base: 19,8%
	 Effective Percent: 62,08%
----------------------
01:25,772

Intellect
	 Rating: 140996
	 Multiplicative Factor: 8,15%
	 Eff: 140996
Stamina
	 Rating: 879789
	 Multiplicative Factor: 11,3%
	 Eff: 879789,0000000001
Crit
	 Rating: 23505
	 Multiplicative Factor: 0%
	 Eff: 26754,947279032065
	 DR Bracket: 1
	 Base: 5%
	 Effective Percent: 38,22%
	 Crit Inc Heal: 2,6
	 Crit Inc Damage: 2
Haste
	 Rating: 5832
	 Multiplicative Factor: 0%
	 Eff: 5832,365074711621
	 DR Bracket: 0
	 Base: 0%
	 Effective Percent: 8,84%
Vers
	 Rating: 18112
	 Multiplicative Factor: 0%
	 Eff: 20451,881706746597
	 DR Bracket: 0
	 Base: 3%
	 Effective Percent: 26,22%
Leech
	 Rating: 3060
	 Multiplicative Factor: 0%
	 Eff: 5099,99025
	 DR Bracket: 0
	 Base: 2%
	 Effective Percent: 5%
Avoidance
	 Rating: -0
	 Multiplicative Factor: 0%
	 Eff: -0,32846701212770313
	 DR Bracket: 0
	 Base: 0%
	 Effective Percent: -0%
Mastery
	 Rating: 16442
	 Multiplicative Factor: 0%
	 Eff: 24141,57447518644
	 DR Bracket: 0
	 Base: 19,8%
	 Effective Percent: 62,08%
----------------------
01:30,928

Intellect
	 Rating: 140996
	 Multiplicative Factor: 8,15%
	 Eff: 140996
Stamina
	 Rating: 879789
	 Multiplicative Factor: 11,3%
	 Eff: 879789,0000000001
Crit
	 Rating: 23505
	 Multiplicative Factor: 0%
	 Eff: 26754,947279032065
	 DR Bracket: 1
	 Base: 5%
	 Effective Percent: 38,22%
	 Crit Inc Heal: 2,6
	 Crit Inc Damage: 2
Haste
	 Rating: 5832
	 Multiplicative Factor: 0%
	 Eff: 5832,365074711621
	 DR Bracket: 0
	 Base: 0%
	 Effective Percent: 8,84%
Vers
	 Rating: 18112
	 Multiplicative Factor: 0%
	 Eff: 20451,881706746597
	 DR Bracket: 0
	 Base: 3%
	 Effective Percent: 26,22%
Leech
	 Rating: 3060
	 Multiplicative Factor: 0%
	 Eff: 5099,99025
	 DR Bracket: 0
	 Base: 2%
	 Effective Percent: 5%
Avoidance
	 Rating: -0
	 Multiplicative Factor: 0%
	 Eff: -0,32846701212770313
	 DR Bracket: 0
	 Base: 0%
	 Effective Percent: -0%
Mastery
	 Rating: 16442
	 Multiplicative Factor: 0%
	 Eff: 24141,57447518644
	 DR Bracket: 0
	 Base: 19,8%
	 Effective Percent: 62,08%
----------------------
01:36,337

Intellect
	 Rating: 140996
	 Multiplicative Factor: 8,15%
	 Eff: 140996
Stamina
	 Rating: 879789
	 Multiplicative Factor: 11,3%
	 Eff: 879789,0000000001
Crit
	 Rating: 23505
	 Multiplicative Factor: 0%
	 Eff: 26754,947279032065
	 DR Bracket: 1
	 Base: 5%
	 Effective Percent: 38,22%
	 Crit Inc Heal: 2,6
	 Crit Inc Damage: 2
Haste
	 Rating: 5832
	 Multiplicative Factor: 0%
	 Eff: 5832,365074711621
	 DR Bracket: 0
	 Base: 0%
	 Effective Percent: 8,84%
Vers
	 Rating: 18112
	 Multiplicative Factor: 0%
	 Eff: 20451,881706746597
	 DR Bracket: 0
	 Base: 3%
	 Effective Percent: 26,22%
Leech
	 Rating: 3060
	 Multiplicative Factor: 0%
	 Eff: 5099,99025
	 DR Bracket: 0
	 Base: 2%
	 Effective Percent: 5%
Avoidance
	 Rating: -0
	 Multiplicative Factor: 0%
	 Eff: -0,32846701212770313
	 DR Bracket: 0
	 Base: 0%
	 Effective Percent: -0%
Mastery
	 Rating: 16442
	 Multiplicative Factor: 0%
	 Eff: 24141,57447518644
	 DR Bracket: 0
	 Base: 19,8%
	 Effective Percent: 62,08%
----------------------
01:41,374

Intellect
	 Rating: 140996
	 Multiplicative Factor: 8,15%
	 Eff: 140996
Stamina
	 Rating: 879789
	 Multiplicative Factor: 11,3%
	 Eff: 879789,0000000001
Crit
	 Rating: 23505
	 Multiplicative Factor: 0%
	 Eff: 26754,947279032065
	 DR Bracket: 1
	 Base: 5%
	 Effective Percent: 38,22%
	 Crit Inc Heal: 2
	 Crit Inc Damage: 2
Haste
	 Rating: 5832
	 Multiplicative Factor: 0%
	 Eff: 5832,365074711621
	 DR Bracket: 0
	 Base: 0%
	 Effective Percent: 8,84%
Vers
	 Rating: 18112
	 Multiplicative Factor: 0%
	 Eff: 20451,881706746597
	 DR Bracket: 0
	 Base: 3%
	 Effective Percent: 26,22%
Leech
	 Rating: 3060
	 Multiplicative Factor: 0%
	 Eff: 5099,99025
	 DR Bracket: 0
	 Base: 2%
	 Effective Percent: 5%
Avoidance
	 Rating: -0
	 Multiplicative Factor: 0%
	 Eff: -0,32846701212770313
	 DR Bracket: 0
	 Base: 0%
	 Effective Percent: -0%
Mastery
	 Rating: 16442
	 Multiplicative Factor: 0%
	 Eff: 24141,57447518644
	 DR Bracket: 0
	 Base: 19,8%
	 Effective Percent: 62,08%
----------------------
01:46,390

Intellect
	 Rating: 140996
	 Multiplicative Factor: 8,15%
	 Eff: 140996
Stamina
	 Rating: 879789
	 Multiplicative Factor: 11,3%
	 Eff: 879789,0000000001
Crit
	 Rating: 23505
	 Multiplicative Factor: 0%
	 Eff: 26754,947279032065
	 DR Bracket: 1
	 Base: 5%
	 Effective Percent: 38,22%
	 Crit Inc Heal: 2,6
	 Crit Inc Damage: 2
Haste
	 Rating: 5832
	 Multiplicative Factor: 0%
	 Eff: 5832,365074711621
	 DR Bracket: 0
	 Base: 0%
	 Effective Percent: 8,84%
Vers
	 Rating: 18112
	 Multiplicative Factor: 0%
	 Eff: 20451,881706746597
	 DR Bracket: 0
	 Base: 3%
	 Effective Percent: 26,22%
Leech
	 Rating: 3060
	 Multiplicative Factor: 0%
	 Eff: 5099,99025
	 DR Bracket: 0
	 Base: 2%
	 Effective Percent: 5%
Avoidance
	 Rating: -0
	 Multiplicative Factor: 0%
	 Eff: -0,32846701212770313
	 DR Bracket: 0
	 Base: 0%
	 Effective Percent: -0%
Mastery
	 Rating: 16442
	 Multiplicative Factor: 0%
	 Eff: 24141,57447518644
	 DR Bracket: 0
	 Base: 19,8%
	 Effective Percent: 62,08%
----------------------
01:51,451

Intellect
	 Rating: 140996
	 Multiplicative Factor: 8,15%
	 Eff: 140996
Stamina
	 Rating: 879789
	 Multiplicative Factor: 11,3%
	 Eff: 879789,0000000001
Crit
	 Rating: 23505
	 Multiplicative Factor: 0%
	 Eff: 26754,947279032065
	 DR Bracket: 1
	 Base: 5%
	 Effective Percent: 38,22%
	 Crit Inc Heal: 2,6
	 Crit Inc Damage: 2
Haste
	 Rating: 5832
	 Multiplicative Factor: 0%
	 Eff: 5832,365074711621
	 DR Bracket: 0
	 Base: 0%
	 Effective Percent: 8,84%
Vers
	 Rating: 18112
	 Multiplicative Factor: 0%
	 Eff: 20451,881706746597
	 DR Bracket: 0
	 Base: 3%
	 Effective Percent: 26,22%
Leech
	 Rating: 3060
	 Multiplicative Factor: 0%
	 Eff: 5099,99025
	 DR Bracket: 0
	 Base: 2%
	 Effective Percent: 5%
Avoidance
	 Rating: -0
	 Multiplicative Factor: 0%
	 Eff: -0,32846701212770313
	 DR Bracket: 0
	 Base: 0%
	 Effective Percent: -0%
Mastery
	 Rating: 16442
	 Multiplicative Factor: 0%
	 Eff: 24141,57447518644
	 DR Bracket: 0
	 Base: 19,8%
	 Effective Percent: 62,08%
----------------------
01:56,519

Intellect
	 Rating: 140996
	 Multiplicative Factor: 8,15%
	 Eff: 140996
Stamina
	 Rating: 879789
	 Multiplicative Factor: 11,3%
	 Eff: 879789,0000000001
Crit
	 Rating: 23505
	 Multiplicative Factor: 0%
	 Eff: 26754,947279032065
	 DR Bracket: 1
	 Base: 5%
	 Effective Percent: 38,22%
	 Crit Inc Heal: 2,6
	 Crit Inc Damage: 2
Haste
	 Rating: 5832
	 Multiplicative Factor: 0%
	 Eff: 5832,365074711621
	 DR Bracket: 0
	 Base: 0%
	 Effective Percent: 8,84%
Vers
	 Rating: 18112
	 Multiplicative Factor: 0%
	 Eff: 20451,881706746597
	 DR Bracket: 0
	 Base: 3%
	 Effective Percent: 26,22%
Leech
	 Rating: 3060
	 Multiplicative Factor: 0%
	 Eff: 5099,99025
	 DR Bracket: 0
	 Base: 2%
	 Effective Percent: 5%
Avoidance
	 Rating: -0
	 Multiplicative Factor: 0%
	 Eff: -0,32846701212770313
	 DR Bracket: 0
	 Base: 0%
	 Effective Percent: -0%
Mastery
	 Rating: 16442
	 Multiplicative Factor: 0%
	 Eff: 24141,57447518644
	 DR Bracket: 0
	 Base: 19,8%
	 Effective Percent: 62,08%
----------------------
02:01,621

Intellect
	 Rating: 140996
	 Multiplicative Factor: 8,15%
	 Eff: 140996
Stamina
	 Rating: 879789
	 Multiplicative Factor: 11,3%
	 Eff: 879789,0000000001
Crit
	 Rating: 23505
	 Multiplicative Factor: 0%
	 Eff: 26754,947279032065
	 DR Bracket: 1
	 Base: 5%
	 Effective Percent: 38,22%
	 Crit Inc Heal: 2,6
	 Crit Inc Damage: 2
Haste
	 Rating: 5832
	 Multiplicative Factor: 0%
	 Eff: 5832,365074711621
	 DR Bracket: 0
	 Base: 0%
	 Effective Percent: 8,84%
Vers
	 Rating: 18112
	 Multiplicative Factor: 0%
	 Eff: 20451,881706746597
	 DR Bracket: 0
	 Base: 3%
	 Effective Percent: 26,22%
Leech
	 Rating: 3060
	 Multiplicative Factor: 0%
	 Eff: 5099,99025
	 DR Bracket: 0
	 Base: 2%
	 Effective Percent: 5%
Avoidance
	 Rating: -0
	 Multiplicative Factor: 0%
	 Eff: -0,32846701212770313
	 DR Bracket: 0
	 Base: 0%
	 Effective Percent: -0%
Mastery
	 Rating: 16442
	 Multiplicative Factor: 0%
	 Eff: 24141,57447518644
	 DR Bracket: 0
	 Base: 19,8%
	 Effective Percent: 62,08%
----------------------
02:06,690

Intellect
	 Rating: 140996
	 Multiplicative Factor: 8,15%
	 Eff: 140996
Stamina
	 Rating: 879789
	 Multiplicative Factor: 11,3%
	 Eff: 879789,0000000001
Crit
	 Rating: 23505
	 Multiplicative Factor: 0%
	 Eff: 26754,947279032065
	 DR Bracket: 1
	 Base: 5%
	 Effective Percent: 38,22%
	 Crit Inc Heal: 2,6
	 Crit Inc Damage: 2
Haste
	 Rating: 5832
	 Multiplicative Factor: 0%
	 Eff: 5832,365074711621
	 DR Bracket: 0
	 Base: 0%
	 Effective Percent: 8,84%
Vers
	 Rating: 18112
	 Multiplicative Factor: 0%
	 Eff: 20451,881706746597
	 DR Bracket: 0
	 Base: 3%
	 Effective Percent: 26,22%
Leech
	 Rating: 3060
	 Multiplicative Factor: 0%
	 Eff: 5099,99025
	 DR Bracket: 0
	 Base: 2%
	 Effective Percent: 5%
Avoidance
	 Rating: -0
	 Multiplicative Factor: 0%
	 Eff: -0,32846701212770313
	 DR Bracket: 0
	 Base: 0%
	 Effective Percent: -0%
Mastery
	 Rating: 16442
	 Multiplicative Factor: 0%
	 Eff: 24141,57447518644
	 DR Bracket: 0
	 Base: 19,8%
	 Effective Percent: 62,08%
----------------------
02:11,837

Intellect
	 Rating: 140996
	 Multiplicative Factor: 8,15%
	 Eff: 140996
Stamina
	 Rating: 879789
	 Multiplicative Factor: 11,3%
	 Eff: 879789,0000000001
Crit
	 Rating: 23505
	 Multiplicative Factor: 0%
	 Eff: 26754,947279032065
	 DR Bracket: 1
	 Base: 5%
	 Effective Percent: 38,22%
	 Crit Inc Heal: 2,6
	 Crit Inc Damage: 2
Haste
	 Rating: 5832
	 Multiplicative Factor: 0%
	 Eff: 5832,365074711621
	 DR Bracket: 0
	 Base: 0%
	 Effective Percent: 8,84%
Vers
	 Rating: 18112
	 Multiplicative Factor: 0%
	 Eff: 20451,881706746597
	 DR Bracket: 0
	 Base: 3%
	 Effective Percent: 26,22%
Leech
	 Rating: 3060
	 Multiplicative Factor: 0%
	 Eff: 5099,99025
	 DR Bracket: 0
	 Base: 2%
	 Effective Percent: 5%
Avoidance
	 Rating: -0
	 Multiplicative Factor: 0%
	 Eff: -0,32846701212770313
	 DR Bracket: 0
	 Base: 0%
	 Effective Percent: -0%
Mastery
	 Rating: 16442
	 Multiplicative Factor: 0%
	 Eff: 24141,57447518644
	 DR Bracket: 0
	 Base: 19,8%
	 Effective Percent: 62,08%
----------------------
02:16,872

Intellect
	 Rating: 140996
	 Multiplicative Factor: 8,15%
	 Eff: 140996
Stamina
	 Rating: 879789
	 Multiplicative Factor: 11,3%
	 Eff: 879789,0000000001
Crit
	 Rating: 23505
	 Multiplicative Factor: 0%
	 Eff: 26754,947279032065
	 DR Bracket: 1
	 Base: 5%
	 Effective Percent: 38,22%
	 Crit Inc Heal: 2
	 Crit Inc Damage: 2
Haste
	 Rating: 5832
	 Multiplicative Factor: 0%
	 Eff: 5832,365074711621
	 DR Bracket: 0
	 Base: 0%
	 Effective Percent: 8,84%
Vers
	 Rating: 18112
	 Multiplicative Factor: 0%
	 Eff: 20451,881706746597
	 DR Bracket: 0
	 Base: 3%
	 Effective Percent: 26,22%
Leech
	 Rating: 3060
	 Multiplicative Factor: 0%
	 Eff: 5099,99025
	 DR Bracket: 0
	 Base: 2%
	 Effective Percent: 5%
Avoidance
	 Rating: -0
	 Multiplicative Factor: 0%
	 Eff: -0,32846701212770313
	 DR Bracket: 0
	 Base: 0%
	 Effective Percent: -0%
Mastery
	 Rating: 16442
	 Multiplicative Factor: 0%
	 Eff: 24141,57447518644
	 DR Bracket: 0
	 Base: 19,8%
	 Effective Percent: 62,08%
----------------------
02:22,241

Intellect
	 Rating: 140996
	 Multiplicative Factor: 8,15%
	 Eff: 140996
Stamina
	 Rating: 879789
	 Multiplicative Factor: 11,3%
	 Eff: 879789,0000000001
Crit
	 Rating: 35475
	 Multiplicative Factor: 0%
	 Eff: 36732,675240039454
	 DR Bracket: 3
	 Base: 5%
	 Effective Percent: 52,48%
	 Crit Inc Heal: 2,6
	 Crit Inc Damage: 2
Haste
	 Rating: 5832
	 Multiplicative Factor: 0%
	 Eff: 5832,365074711621
	 DR Bracket: 0
	 Base: 0%
	 Effective Percent: 8,84%
Vers
	 Rating: 18112
	 Multiplicative Factor: 0%
	 Eff: 20451,881706746597
	 DR Bracket: 0
	 Base: 3%
	 Effective Percent: 26,22%
Leech
	 Rating: 3060
	 Multiplicative Factor: 0%
	 Eff: 5099,99025
	 DR Bracket: 0
	 Base: 2%
	 Effective Percent: 5%
Avoidance
	 Rating: -0
	 Multiplicative Factor: 0%
	 Eff: -0,32846701212770313
	 DR Bracket: 0
	 Base: 0%
	 Effective Percent: -0%
Mastery
	 Rating: 16442
	 Multiplicative Factor: 0%
	 Eff: 24141,57447518644
	 DR Bracket: 0
	 Base: 19,8%
	 Effective Percent: 62,08%
----------------------
02:27,241

Intellect
	 Rating: 140996
	 Multiplicative Factor: 8,15%
	 Eff: 140996
Stamina
	 Rating: 879789
	 Multiplicative Factor: 11,3%
	 Eff: 879789,0000000001
Crit
	 Rating: 35475
	 Multiplicative Factor: 0%
	 Eff: 36732,675240039454
	 DR Bracket: 3
	 Base: 5%
	 Effective Percent: 52,48%
	 Crit Inc Heal: 2,6
	 Crit Inc Damage: 2
Haste
	 Rating: 5832
	 Multiplicative Factor: 0%
	 Eff: 5832,365074711621
	 DR Bracket: 0
	 Base: 0%
	 Effective Percent: 8,84%
Vers
	 Rating: 18112
	 Multiplicative Factor: 0%
	 Eff: 20451,881706746597
	 DR Bracket: 0
	 Base: 3%
	 Effective Percent: 26,22%
Leech
	 Rating: 3060
	 Multiplicative Factor: 0%
	 Eff: 5099,99025
	 DR Bracket: 0
	 Base: 2%
	 Effective Percent: 5%
Avoidance
	 Rating: -0
	 Multiplicative Factor: 0%
	 Eff: -0,32846701212770313
	 DR Bracket: 0
	 Base: 0%
	 Effective Percent: -0%
Mastery
	 Rating: 16442
	 Multiplicative Factor: 0%
	 Eff: 24141,57447518644
	 DR Bracket: 0
	 Base: 19,8%
	 Effective Percent: 62,08%
----------------------
02:32,258

Intellect
	 Rating: 140996
	 Multiplicative Factor: 8,15%
	 Eff: 140996
Stamina
	 Rating: 879789
	 Multiplicative Factor: 11,3%
	 Eff: 879789,0000000001
Crit
	 Rating: 23505
	 Multiplicative Factor: 0%
	 Eff: 26754,947279032065
	 DR Bracket: 1
	 Base: 5%
	 Effective Percent: 38,22%
	 Crit Inc Heal: 2,6
	 Crit Inc Damage: 2
Haste
	 Rating: 5832
	 Multiplicative Factor: 0%
	 Eff: 5832,365074711621
	 DR Bracket: 0
	 Base: 0%
	 Effective Percent: 8,84%
Vers
	 Rating: 18112
	 Multiplicative Factor: 0%
	 Eff: 20451,881706746597
	 DR Bracket: 0
	 Base: 3%
	 Effective Percent: 26,22%
Leech
	 Rating: 3060
	 Multiplicative Factor: 0%
	 Eff: 5099,99025
	 DR Bracket: 0
	 Base: 2%
	 Effective Percent: 5%
Avoidance
	 Rating: -0
	 Multiplicative Factor: 0%
	 Eff: -0,32846701212770313
	 DR Bracket: 0
	 Base: 0%
	 Effective Percent: -0%
Mastery
	 Rating: 16442
	 Multiplicative Factor: 0%
	 Eff: 24141,57447518644
	 DR Bracket: 0
	 Base: 19,8%
	 Effective Percent: 62,08%
----------------------
02:37,305

Intellect
	 Rating: 140996
	 Multiplicative Factor: 8,15%
	 Eff: 140996
Stamina
	 Rating: 879789
	 Multiplicative Factor: 11,3%
	 Eff: 879789,0000000001
Crit
	 Rating: 23505
	 Multiplicative Factor: 0%
	 Eff: 26754,947279032065
	 DR Bracket: 1
	 Base: 5%
	 Effective Percent: 38,22%
	 Crit Inc Heal: 2
	 Crit Inc Damage: 2
Haste
	 Rating: 5832
	 Multiplicative Factor: 0%
	 Eff: 5832,365074711621
	 DR Bracket: 0
	 Base: 0%
	 Effective Percent: 8,84%
Vers
	 Rating: 18112
	 Multiplicative Factor: 0%
	 Eff: 20451,881706746597
	 DR Bracket: 0
	 Base: 3%
	 Effective Percent: 26,22%
Leech
	 Rating: 3060
	 Multiplicative Factor: 0%
	 Eff: 5099,99025
	 DR Bracket: 0
	 Base: 2%
	 Effective Percent: 5%
Avoidance
	 Rating: -0
	 Multiplicative Factor: 0%
	 Eff: -0,32846701212770313
	 DR Bracket: 0
	 Base: 0%
	 Effective Percent: -0%
Mastery
	 Rating: 16442
	 Multiplicative Factor: 0%
	 Eff: 24141,57447518644
	 DR Bracket: 0
	 Base: 19,8%
	 Effective Percent: 62,08%
----------------------
02:42,502

Intellect
	 Rating: 140996
	 Multiplicative Factor: 8,15%
	 Eff: 140996
Stamina
	 Rating: 879789
	 Multiplicative Factor: 11,3%
	 Eff: 879789,0000000001
Crit
	 Rating: 23505
	 Multiplicative Factor: 0%
	 Eff: 26754,947279032065
	 DR Bracket: 1
	 Base: 5%
	 Effective Percent: 38,22%
	 Crit Inc Heal: 2
	 Crit Inc Damage: 2
Haste
	 Rating: 5832
	 Multiplicative Factor: 0%
	 Eff: 5832,365074711621
	 DR Bracket: 0
	 Base: 0%
	 Effective Percent: 8,84%
Vers
	 Rating: 18112
	 Multiplicative Factor: 0%
	 Eff: 20451,881706746597
	 DR Bracket: 0
	 Base: 3%
	 Effective Percent: 26,22%
Leech
	 Rating: 3060
	 Multiplicative Factor: 0%
	 Eff: 5099,99025
	 DR Bracket: 0
	 Base: 2%
	 Effective Percent: 5%
Avoidance
	 Rating: -0
	 Multiplicative Factor: 0%
	 Eff: -0,32846701212770313
	 DR Bracket: 0
	 Base: 0%
	 Effective Percent: -0%
Mastery
	 Rating: 16442
	 Multiplicative Factor: 0%
	 Eff: 24141,57447518644
	 DR Bracket: 0
	 Base: 19,8%
	 Effective Percent: 62,08%
----------------------
02:47,726

Intellect
	 Rating: 140996
	 Multiplicative Factor: 8,15%
	 Eff: 140996
Stamina
	 Rating: 879789
	 Multiplicative Factor: 11,3%
	 Eff: 879789,0000000001
Crit
	 Rating: 23505
	 Multiplicative Factor: 0%
	 Eff: 26754,947279032065
	 DR Bracket: 1
	 Base: 5%
	 Effective Percent: 38,22%
	 Crit Inc Heal: 2
	 Crit Inc Damage: 2
Haste
	 Rating: 5832
	 Multiplicative Factor: 0%
	 Eff: 5832,365074711621
	 DR Bracket: 0
	 Base: 0%
	 Effective Percent: 8,84%
Vers
	 Rating: 18112
	 Multiplicative Factor: 0%
	 Eff: 20451,881706746597
	 DR Bracket: 0
	 Base: 3%
	 Effective Percent: 26,22%
Leech
	 Rating: 3060
	 Multiplicative Factor: 0%
	 Eff: 5099,99025
	 DR Bracket: 0
	 Base: 2%
	 Effective Percent: 5%
Avoidance
	 Rating: -0
	 Multiplicative Factor: 0%
	 Eff: -0,32846701212770313
	 DR Bracket: 0
	 Base: 0%
	 Effective Percent: -0%
Mastery
	 Rating: 16442
	 Multiplicative Factor: 0%
	 Eff: 24141,57447518644
	 DR Bracket: 0
	 Base: 19,8%
	 Effective Percent: 62,08%
----------------------
02:53,312

Intellect
	 Rating: 140996
	 Multiplicative Factor: 8,15%
	 Eff: 140996
Stamina
	 Rating: 879789
	 Multiplicative Factor: 11,3%
	 Eff: 879789,0000000001
Crit
	 Rating: 23505
	 Multiplicative Factor: 0%
	 Eff: 26754,947279032065
	 DR Bracket: 1
	 Base: 5%
	 Effective Percent: 38,22%
	 Crit Inc Heal: 2
	 Crit Inc Damage: 2
Haste
	 Rating: 5832
	 Multiplicative Factor: 0%
	 Eff: 5832,365074711621
	 DR Bracket: 0
	 Base: 0%
	 Effective Percent: 8,84%
Vers
	 Rating: 18112
	 Multiplicative Factor: 0%
	 Eff: 20451,881706746597
	 DR Bracket: 0
	 Base: 3%
	 Effective Percent: 26,22%
Leech
	 Rating: 3060
	 Multiplicative Factor: 0%
	 Eff: 5099,99025
	 DR Bracket: 0
	 Base: 2%
	 Effective Percent: 5%
Avoidance
	 Rating: -0
	 Multiplicative Factor: 0%
	 Eff: -0,32846701212770313
	 DR Bracket: 0
	 Base: 0%
	 Effective Percent: -0%
Mastery
	 Rating: 16442
	 Multiplicative Factor: 0%
	 Eff: 24141,57447518644
	 DR Bracket: 0
	 Base: 19,8%
	 Effective Percent: 62,08%
----------------------
03:04,207

Intellect
	 Rating: 140996
	 Multiplicative Factor: 8,15%
	 Eff: 140996
Stamina
	 Rating: 879789
	 Multiplicative Factor: 11,3%
	 Eff: 879789,0000000001
Crit
	 Rating: 23505
	 Multiplicative Factor: 0%
	 Eff: 26754,947279032065
	 DR Bracket: 1
	 Base: 5%
	 Effective Percent: 38,22%
	 Crit Inc Heal: 2
	 Crit Inc Damage: 2
Haste
	 Rating: 5832
	 Multiplicative Factor: 0%
	 Eff: 5832,365074711621
	 DR Bracket: 0
	 Base: 0%
	 Effective Percent: 8,84%
Vers
	 Rating: 18112
	 Multiplicative Factor: 0%
	 Eff: 20451,881706746597
	 DR Bracket: 0
	 Base: 3%
	 Effective Percent: 26,22%
Leech
	 Rating: 3060
	 Multiplicative Factor: 0%
	 Eff: 5099,99025
	 DR Bracket: 0
	 Base: 2%
	 Effective Percent: 5%
Avoidance
	 Rating: -0
	 Multiplicative Factor: 0%
	 Eff: -0,32846701212770313
	 DR Bracket: 0
	 Base: 0%
	 Effective Percent: -0%
Mastery
	 Rating: 23088
	 Multiplicative Factor: 0%
	 Eff: 30578,817027667796
	 DR Bracket: 1
	 Base: 19,8%
	 Effective Percent: 78,63%
----------------------
03:09,267

Intellect
	 Rating: 140996
	 Multiplicative Factor: 8,15%
	 Eff: 140996
Stamina
	 Rating: 879789
	 Multiplicative Factor: 11,3%
	 Eff: 879789,0000000001
Crit
	 Rating: 23505
	 Multiplicative Factor: 0%
	 Eff: 26754,947279032065
	 DR Bracket: 1
	 Base: 5%
	 Effective Percent: 38,22%
	 Crit Inc Heal: 2
	 Crit Inc Damage: 2
Haste
	 Rating: 5832
	 Multiplicative Factor: 0%
	 Eff: 5832,365074711621
	 DR Bracket: 0
	 Base: 0%
	 Effective Percent: 8,84%
Vers
	 Rating: 18112
	 Multiplicative Factor: 0%
	 Eff: 20451,881706746597
	 DR Bracket: 0
	 Base: 3%
	 Effective Percent: 26,22%
Leech
	 Rating: 3060
	 Multiplicative Factor: 0%
	 Eff: 5099,99025
	 DR Bracket: 0
	 Base: 2%
	 Effective Percent: 5%
Avoidance
	 Rating: -0
	 Multiplicative Factor: 0%
	 Eff: -0,32846701212770313
	 DR Bracket: 0
	 Base: 0%
	 Effective Percent: -0%
Mastery
	 Rating: 23088
	 Multiplicative Factor: 0%
	 Eff: 30578,817027667796
	 DR Bracket: 1
	 Base: 19,8%
	 Effective Percent: 78,63%
----------------------
03:14,301

Intellect
	 Rating: 140996
	 Multiplicative Factor: 8,15%
	 Eff: 140996
Stamina
	 Rating: 879789
	 Multiplicative Factor: 11,3%
	 Eff: 879789,0000000001
Crit
	 Rating: 23505
	 Multiplicative Factor: 0%
	 Eff: 26754,947279032065
	 DR Bracket: 1
	 Base: 5%
	 Effective Percent: 38,22%
	 Crit Inc Heal: 2,6
	 Crit Inc Damage: 2
Haste
	 Rating: 5832
	 Multiplicative Factor: 0%
	 Eff: 5832,365074711621
	 DR Bracket: 0
	 Base: 0%
	 Effective Percent: 8,84%
Vers
	 Rating: 18112
	 Multiplicative Factor: 0%
	 Eff: 20451,881706746597
	 DR Bracket: 0
	 Base: 3%
	 Effective Percent: 26,22%
Leech
	 Rating: 3060
	 Multiplicative Factor: 0%
	 Eff: 5099,99025
	 DR Bracket: 0
	 Base: 2%
	 Effective Percent: 5%
Avoidance
	 Rating: -0
	 Multiplicative Factor: 0%
	 Eff: -0,32846701212770313
	 DR Bracket: 0
	 Base: 0%
	 Effective Percent: -0%
Mastery
	 Rating: 23088
	 Multiplicative Factor: 0%
	 Eff: 30578,817027667796
	 DR Bracket: 1
	 Base: 19,8%
	 Effective Percent: 78,63%
----------------------
03:19,389

Intellect
	 Rating: 140996
	 Multiplicative Factor: 8,15%
	 Eff: 140996
Stamina
	 Rating: 879789
	 Multiplicative Factor: 11,3%
	 Eff: 879789,0000000001
Crit
	 Rating: 29490
	 Multiplicative Factor: 0%
	 Eff: 31992,29892784632
	 DR Bracket: 2
	 Base: 5%
	 Effective Percent: 45,7%
	 Crit Inc Heal: 2,6
	 Crit Inc Damage: 2
Haste
	 Rating: 5832
	 Multiplicative Factor: 0%
	 Eff: 5832,365074711621
	 DR Bracket: 0
	 Base: 0%
	 Effective Percent: 8,84%
Vers
	 Rating: 18112
	 Multiplicative Factor: 0%
	 Eff: 20451,881706746597
	 DR Bracket: 0
	 Base: 3%
	 Effective Percent: 26,22%
Leech
	 Rating: 3060
	 Multiplicative Factor: 0%
	 Eff: 5099,99025
	 DR Bracket: 0
	 Base: 2%
	 Effective Percent: 5%
Avoidance
	 Rating: -0
	 Multiplicative Factor: 0%
	 Eff: -0,32846701212770313
	 DR Bracket: 0
	 Base: 0%
	 Effective Percent: -0%
Mastery
	 Rating: 23088
	 Multiplicative Factor: 0%
	 Eff: 30578,817027667796
	 DR Bracket: 1
	 Base: 19,8%
	 Effective Percent: 78,63%
----------------------
03:24,448

Intellect
	 Rating: 140996
	 Multiplicative Factor: 8,15%
	 Eff: 140996
Stamina
	 Rating: 879789
	 Multiplicative Factor: 11,3%
	 Eff: 879789,0000000001
Crit
	 Rating: 29490
	 Multiplicative Factor: 0%
	 Eff: 31992,29892784632
	 DR Bracket: 2
	 Base: 5%
	 Effective Percent: 45,7%
	 Crit Inc Heal: 2,6
	 Crit Inc Damage: 2
Haste
	 Rating: 5832
	 Multiplicative Factor: 0%
	 Eff: 5832,365074711621
	 DR Bracket: 0
	 Base: 0%
	 Effective Percent: 8,84%
Vers
	 Rating: 18112
	 Multiplicative Factor: 0%
	 Eff: 20451,881706746597
	 DR Bracket: 0
	 Base: 3%
	 Effective Percent: 26,22%
Leech
	 Rating: 3060
	 Multiplicative Factor: 0%
	 Eff: 5099,99025
	 DR Bracket: 0
	 Base: 2%
	 Effective Percent: 5%
Avoidance
	 Rating: -0
	 Multiplicative Factor: 0%
	 Eff: -0,32846701212770313
	 DR Bracket: 0
	 Base: 0%
	 Effective Percent: -0%
Mastery
	 Rating: 23088
	 Multiplicative Factor: 0%
	 Eff: 30578,817027667796
	 DR Bracket: 1
	 Base: 19,8%
	 Effective Percent: 78,63%
----------------------
03:29,449

Intellect
	 Rating: 140996
	 Multiplicative Factor: 8,15%
	 Eff: 140996
Stamina
	 Rating: 879789
	 Multiplicative Factor: 11,3%
	 Eff: 879789,0000000001
Crit
	 Rating: 23505
	 Multiplicative Factor: 0%
	 Eff: 26754,947279032065
	 DR Bracket: 1
	 Base: 5%
	 Effective Percent: 38,22%
	 Crit Inc Heal: 2,6
	 Crit Inc Damage: 2
Haste
	 Rating: 5832
	 Multiplicative Factor: 0%
	 Eff: 5832,365074711621
	 DR Bracket: 0
	 Base: 0%
	 Effective Percent: 8,84%
Vers
	 Rating: 18112
	 Multiplicative Factor: 0%
	 Eff: 20451,881706746597
	 DR Bracket: 0
	 Base: 3%
	 Effective Percent: 26,22%
Leech
	 Rating: 3060
	 Multiplicative Factor: 0%
	 Eff: 5099,99025
	 DR Bracket: 0
	 Base: 2%
	 Effective Percent: 5%
Avoidance
	 Rating: -0
	 Multiplicative Factor: 0%
	 Eff: -0,32846701212770313
	 DR Bracket: 0
	 Base: 0%
	 Effective Percent: -0%
Mastery
	 Rating: 23088
	 Multiplicative Factor: 0%
	 Eff: 30578,817027667796
	 DR Bracket: 1
	 Base: 19,8%
	 Effective Percent: 78,63%
----------------------
03:34,470

Intellect
	 Rating: 140996
	 Multiplicative Factor: 8,15%
	 Eff: 140996
Stamina
	 Rating: 879789
	 Multiplicative Factor: 11,3%
	 Eff: 879789,0000000001
Crit
	 Rating: 23505
	 Multiplicative Factor: 0%
	 Eff: 26754,947279032065
	 DR Bracket: 1
	 Base: 5%
	 Effective Percent: 38,22%
	 Crit Inc Heal: 2,6
	 Crit Inc Damage: 2
Haste
	 Rating: 5832
	 Multiplicative Factor: 0%
	 Eff: 5832,365074711621
	 DR Bracket: 0
	 Base: 0%
	 Effective Percent: 8,84%
Vers
	 Rating: 18112
	 Multiplicative Factor: 0%
	 Eff: 20451,881706746597
	 DR Bracket: 0
	 Base: 3%
	 Effective Percent: 26,22%
Leech
	 Rating: 3060
	 Multiplicative Factor: 0%
	 Eff: 5099,99025
	 DR Bracket: 0
	 Base: 2%
	 Effective Percent: 5%
Avoidance
	 Rating: -0
	 Multiplicative Factor: 0%
	 Eff: -0,32846701212770313
	 DR Bracket: 0
	 Base: 0%
	 Effective Percent: -0%
Mastery
	 Rating: 23088
	 Multiplicative Factor: 0%
	 Eff: 30578,817027667796
	 DR Bracket: 1
	 Base: 19,8%
	 Effective Percent: 78,63%
----------------------
03:39,499

Intellect
	 Rating: 140996
	 Multiplicative Factor: 8,15%
	 Eff: 140996
Stamina
	 Rating: 879789
	 Multiplicative Factor: 11,3%
	 Eff: 879789,0000000001
Crit
	 Rating: 23505
	 Multiplicative Factor: 0%
	 Eff: 26754,947279032065
	 DR Bracket: 1
	 Base: 5%
	 Effective Percent: 38,22%
	 Crit Inc Heal: 2,6
	 Crit Inc Damage: 2
Haste
	 Rating: 5832
	 Multiplicative Factor: 0%
	 Eff: 5832,365074711621
	 DR Bracket: 0
	 Base: 0%
	 Effective Percent: 8,84%
Vers
	 Rating: 18112
	 Multiplicative Factor: 0%
	 Eff: 20451,881706746597
	 DR Bracket: 0
	 Base: 3%
	 Effective Percent: 26,22%
Leech
	 Rating: 3060
	 Multiplicative Factor: 0%
	 Eff: 5099,99025
	 DR Bracket: 0
	 Base: 2%
	 Effective Percent: 5%
Avoidance
	 Rating: -0
	 Multiplicative Factor: 0%
	 Eff: -0,32846701212770313
	 DR Bracket: 0
	 Base: 0%
	 Effective Percent: -0%
Mastery
	 Rating: 23088
	 Multiplicative Factor: 0%
	 Eff: 30578,817027667796
	 DR Bracket: 1
	 Base: 19,8%
	 Effective Percent: 78,63%
----------------------
03:44,559

Intellect
	 Rating: 140996
	 Multiplicative Factor: 8,15%
	 Eff: 140996
Stamina
	 Rating: 879789
	 Multiplicative Factor: 11,3%
	 Eff: 879789,0000000001
Crit
	 Rating: 23505
	 Multiplicative Factor: 0%
	 Eff: 26754,947279032065
	 DR Bracket: 1
	 Base: 5%
	 Effective Percent: 38,22%
	 Crit Inc Heal: 2,6
	 Crit Inc Damage: 2
Haste
	 Rating: 5832
	 Multiplicative Factor: 0%
	 Eff: 5832,365074711621
	 DR Bracket: 0
	 Base: 0%
	 Effective Percent: 8,84%
Vers
	 Rating: 18112
	 Multiplicative Factor: 0%
	 Eff: 20451,881706746597
	 DR Bracket: 0
	 Base: 3%
	 Effective Percent: 26,22%
Leech
	 Rating: 3060
	 Multiplicative Factor: 0%
	 Eff: 5099,99025
	 DR Bracket: 0
	 Base: 2%
	 Effective Percent: 5%
Avoidance
	 Rating: -0
	 Multiplicative Factor: 0%
	 Eff: -0,32846701212770313
	 DR Bracket: 0
	 Base: 0%
	 Effective Percent: -0%
Mastery
	 Rating: 23088
	 Multiplicative Factor: 0%
	 Eff: 30578,817027667796
	 DR Bracket: 1
	 Base: 19,8%
	 Effective Percent: 78,63%
----------------------
03:49,590

Intellect
	 Rating: 140996
	 Multiplicative Factor: 8,15%
	 Eff: 140996
Stamina
	 Rating: 879789
	 Multiplicative Factor: 11,3%
	 Eff: 879789,0000000001
Crit
	 Rating: 29490
	 Multiplicative Factor: 0%
	 Eff: 31992,29892784632
	 DR Bracket: 2
	 Base: 5%
	 Effective Percent: 45,7%
	 Crit Inc Heal: 2,6
	 Crit Inc Damage: 2
Haste
	 Rating: 5832
	 Multiplicative Factor: 0%
	 Eff: 5832,365074711621
	 DR Bracket: 0
	 Base: 0%
	 Effective Percent: 8,84%
Vers
	 Rating: 18112
	 Multiplicative Factor: 0%
	 Eff: 20451,881706746597
	 DR Bracket: 0
	 Base: 3%
	 Effective Percent: 26,22%
Leech
	 Rating: 3060
	 Multiplicative Factor: 0%
	 Eff: 5099,99025
	 DR Bracket: 0
	 Base: 2%
	 Effective Percent: 5%
Avoidance
	 Rating: -0
	 Multiplicative Factor: 0%
	 Eff: -0,32846701212770313
	 DR Bracket: 0
	 Base: 0%
	 Effective Percent: -0%
Mastery
	 Rating: 23088
	 Multiplicative Factor: 0%
	 Eff: 30578,817027667796
	 DR Bracket: 1
	 Base: 19,8%
	 Effective Percent: 78,63%
----------------------
03:54,643

Intellect
	 Rating: 140996
	 Multiplicative Factor: 8,15%
	 Eff: 140996
Stamina
	 Rating: 879789
	 Multiplicative Factor: 11,3%
	 Eff: 879789,0000000001
Crit
	 Rating: 29490
	 Multiplicative Factor: 0%
	 Eff: 31992,29892784632
	 DR Bracket: 2
	 Base: 5%
	 Effective Percent: 45,7%
	 Crit Inc Heal: 2,6
	 Crit Inc Damage: 2
Haste
	 Rating: 5832
	 Multiplicative Factor: 0%
	 Eff: 5832,365074711621
	 DR Bracket: 0
	 Base: 0%
	 Effective Percent: 8,84%
Vers
	 Rating: 18112
	 Multiplicative Factor: 0%
	 Eff: 20451,881706746597
	 DR Bracket: 0
	 Base: 3%
	 Effective Percent: 26,22%
Leech
	 Rating: 3060
	 Multiplicative Factor: 0%
	 Eff: 5099,99025
	 DR Bracket: 0
	 Base: 2%
	 Effective Percent: 5%
Avoidance
	 Rating: -0
	 Multiplicative Factor: 0%
	 Eff: -0,32846701212770313
	 DR Bracket: 0
	 Base: 0%
	 Effective Percent: -0%
Mastery
	 Rating: 23088
	 Multiplicative Factor: 0%
	 Eff: 30578,817027667796
	 DR Bracket: 1
	 Base: 19,8%
	 Effective Percent: 78,63%
----------------------
03:59,659

Intellect
	 Rating: 140996
	 Multiplicative Factor: 8,15%
	 Eff: 140996
Stamina
	 Rating: 879789
	 Multiplicative Factor: 11,3%
	 Eff: 879789,0000000001
Crit
	 Rating: 23505
	 Multiplicative Factor: 0%
	 Eff: 26754,947279032065
	 DR Bracket: 1
	 Base: 5%
	 Effective Percent: 38,22%
