-----------
EssenceRegenDummy
-----------
Azure Strike
-----------
Blessing of the Bronze
-----------
Cauterizing Flame
-----------
Chrono Flames
-----------
Chrono Flame
-----------
Consume Flame
	Eff: -40949070,53695907
-----------
Deep Breath
-----------
Disintegrate
-----------
Dream Breath
	Eff: -37860279,73166516
-----------
Dream Breath (Echo)
	Eff: -11055493,639187971
-----------
Dream Flight
	Eff: 1584473,8543838372
-----------
Echo
	Eff: -8615463,061309591
-----------
Emerald Blossom
-----------
Engulf
-----------
Enkindle
-----------
Expunge
-----------
Fire Breath
	Dmg: -2426425,0423508463
-----------
Fluttering Seedlings
-----------
Golden Hour
	Eff: -17547385,379814457
-----------
Landslide
-----------
Lifebind
	Eff: -40780353,9458046
-----------
Life-Giver's Flame
-----------
Living Flame
	Eff: -3631014,788276723
	Dmg: -6453827,188604263
-----------
Naturalize
-----------
Oppressing Roar
-----------
Panacea
	Eff: 950846,7237029403
-----------
Rewind
-----------
Renewing Blaze
-----------
Reversion
	Eff: -38754657,65161744
-----------
Reversion (Echo)
	Eff: -70240976,0133228
-----------
Sleep Walk
-----------
Source of Magic
-----------
Spatial Paradox
-----------
Spiritbloom
	Eff: 6575495,880118304
-----------
Spiritbloom (Echo)
	Eff: -3539431,9319861177
-----------
Stasis
-----------
Tail Swipe
-----------
Temporal Anomaly
	Eff: 17621128,23219398
-----------
Time Spiral
-----------
Unravel
-----------
Verdant Embrace
	Eff: 7118110,406732941
-----------
Zephyr
-----------
Leech
	Eff: -7452502,301189389
-----------
Blessing of Summer
-----------
Holy Bulwark
-----------
ZeroCIMDummy
-----------
Ethereal Reconstitution
	Eff: -2918121,745926453
-----------
Ethereal Guard
	Eff: -14736127,727570668
-----------
Stasis (Release)
-----------
Essence Bomb
-----------
Voidglass Barrier
	Eff: 20949762,15018406
-----------
Tip the Scales
-----------
Algari Mana Potion
-----------
Hover
-----------
Glide
-----------
Rescue
-----------
Twin Guardian
-----------
Emerald Communion
-----------
Stasis (Store)
-----------
Obsidian Scales
-----------
Time Dilation
-----------
Take Off
-----------
Whirling Surge
-----------
Surge Forward
-----------
Skyward Ascent
-----------
Shooting Star
-----------
Wing Buffet
-----------
Fury of the Aspects
-----------
Bombardments
-----------
Invigorating Healing Potion
	Eff: 1343486,128694171
