-----------
EssenceRegenDummy
-----------
Azure Strike
-----------
Blessing of the Bronze
-----------
Cauterizing Flame
-----------
Chrono Flames
-----------
Chrono Flame
-----------
Consume Flame
	Eff: -43920521,31577373
-----------
Deep Breath
-----------
Disintegrate
-----------
Dream Breath
	Eff: -41357666,55598427
-----------
Dream Breath (Echo)
	Eff: -7670454,093332719
-----------
Dream Flight
	Eff: -7232339,072893751
-----------
Echo
	Eff: -9316328,48657085
-----------
Emerald Blossom
-----------
Engulf
-----------
Enkindle
-----------
Expunge
-----------
Fire Breath
	Dmg: 558942,5061209917
-----------
Fluttering Seedlings
-----------
Golden Hour
	Eff: -9215297,195420276
-----------
Landslide
-----------
Lifebind
	Eff: -25532779,33870439
-----------
Life-Giver's Flame
-----------
Living Flame
	Eff: -2157683,003829093
	Dmg: -2570468,5305631333
-----------
Naturalize
-----------
Oppressing Roar
-----------
Panacea
	Eff: -84772,61264309773
-----------
Rewind
-----------
Renewing Blaze
-----------
Reversion
	Eff: -30622583,177930802
-----------
Reversion (Echo)
	Eff: -55368067,19415254
-----------
Sleep Walk
-----------
Source of Magic
-----------
Spatial Paradox
-----------
Spiritbloom
	Eff: 1388870,125748544
-----------
Spiritbloom (Echo)
	Eff: -4442274,384435633
-----------
Stasis
-----------
Tail Swipe
-----------
Temporal Anomaly
	Eff: 36886936,31286003
-----------
Time Spiral
-----------
Unravel
-----------
Verdant Embrace
	Eff: -869213,5330129063
-----------
Zephyr
-----------
Leech
	Eff: -6372237,522845536
-----------
Blessing of Summer
-----------
Holy Bulwark
-----------
ZeroCIMDummy
-----------
Ethereal Reconstitution
	Eff: 1329583,4153492625
-----------
Ethereal Guard
	Eff: 7178899,28867926
-----------
Stasis (Release)
-----------
Essence Bomb
-----------
Voidglass Barrier
	Eff: 26362711,137276486
-----------
Tip the Scales
-----------
Algari Mana Potion
-----------
Hover
-----------
Glide
-----------
Rescue
-----------
Twin Guardian
-----------
Emerald Communion
-----------
Stasis (Store)
-----------
Obsidian Scales
-----------
Time Dilation
-----------
Take Off
-----------
Whirling Surge
-----------
Surge Forward
-----------
Skyward Ascent
-----------
Shooting Star
-----------
Wing Buffet
-----------
Fury of the Aspects
-----------
Bombardments
-----------
Invigorating Healing Potion
	Eff: 1690612,8324416876
