-----------
EssenceRegenDummy
-----------
Azure Strike
-----------
Blessing of the Bronze
-----------
Cauterizing Flame
-----------
Chrono Flames
-----------
Chrono Flame
-----------
Consume Flame
	Eff: -15152572,987018602
-----------
Deep Breath
-----------
Disintegrate
-----------
Dream Breath
	Eff: 296796,26352217485
-----------
Dream Breath (Echo)
	Eff: -2953242,2898600325
-----------
Dream Flight
	Eff: 7623017,6090552285
-----------
Echo
	Eff: -2730849,599448121
-----------
Emerald Blossom
-----------
Engulf
-----------
Enkindle
-----------
Expunge
-----------
Fire Breath
	Dmg: 3593897,989359465
-----------
Fluttering Seedlings
-----------
Golden Hour
	Eff: -9215297,195420276
-----------
Landslide
-----------
Lifebind
	Eff: -18920319,098451704
-----------
Life-Giver's Flame
-----------
Living Flame
	Eff: -2079626,7666203307
	Dmg: -1040041,7232471632
-----------
Naturalize
-----------
Oppressing Roar
-----------
Panacea
	Eff: 330769,1641493732
-----------
Rewind
-----------
Renewing Blaze
-----------
Reversion
	Eff: -2350748,302861398
-----------
Reversion (Echo)
	Eff: -5264463,747116564
-----------
Sleep Walk
-----------
Source of Magic
-----------
Spatial Paradox
-----------
Spiritbloom
	Eff: 1645183,802647714
-----------
Spiritbloom (Echo)
	Eff: -4200475,096581701
-----------
Stasis
-----------
Tail Swipe
-----------
Temporal Anomaly
	Eff: -9419975,306016078
-----------
Time Spiral
-----------
Unravel
-----------
Verdant Embrace
	Eff: 4340371,03449647
-----------
Zephyr
-----------
Leech
	Eff: -104854,03460430482
-----------
Blessing of Summer
-----------
Holy Bulwark
-----------
ZeroCIMDummy
-----------
Ethereal Reconstitution
	Eff: 4758685,330982952
-----------
Ethereal Guard
	Eff: 22468693,689068366
-----------
Stasis (Release)
-----------
Essence Bomb
-----------
Voidglass Barrier
	Eff: 15179437,137080736
-----------
Tip the Scales
-----------
Algari Mana Potion
-----------
Hover
-----------
Glide
-----------
Rescue
-----------
Twin Guardian
-----------
Emerald Communion
-----------
Stasis (Store)
-----------
Obsidian Scales
-----------
Time Dilation
-----------
Take Off
-----------
Whirling Surge
-----------
Surge Forward
-----------
Skyward Ascent
-----------
Shooting Star
-----------
Wing Buffet
-----------
Fury of the Aspects
-----------
Bombardments
-----------
Invigorating Healing Potion
	Eff: 973441,2777031921
