-----------
EssenceRegenDummy
-----------
Azure Strike
-----------
Blessing of the Bronze
-----------
Cauterizing Flame
-----------
Chrono Flames
-----------
Chrono Flame
-----------
Consume Flame
	Eff: -788329,497014885
-----------
Deep Breath
-----------
Disintegrate
-----------
Dream Breath
	Eff: 8907956,510336842
-----------
Dream Breath (Echo)
	Eff: -2754432,9992619082
-----------
Dream Flight
	Eff: 10546818,993464401
-----------
Echo
	Eff: 194823,07566875254
-----------
Emerald Blossom
-----------
Engulf
-----------
Enkindle
-----------
Expunge
-----------
Fire Breath
	Dmg: 392505,853102418
-----------
Fluttering Seedlings
-----------
Golden Hour
	Eff: -9215297,195420276
-----------
Landslide
-----------
Lifebind
	Eff: -16882884,9134606
-----------
Life-Giver's Flame
-----------
Living Flame
	Eff: -1755366,967860499
	Dmg: -2476122,085181504
-----------
Naturalize
-----------
Oppressing Roar
-----------
Panacea
	Eff: 794917,9484566429
-----------
Rewind
-----------
Renewing Blaze
-----------
Reversion
	Eff: -574994,2908270805
-----------
Reversion (Echo)
	Eff: -1946371,3244125708
-----------
Sleep Walk
-----------
Source of Magic
-----------
Spatial Paradox
-----------
Spiritbloom
	Eff: 3399039,9929100713
-----------
Spiritbloom (Echo)
	Eff: -1569846,1060400757
-----------
Stasis
-----------
Tail Swipe
-----------
Temporal Anomaly
	Eff: -22787136,258537013
-----------
Time Spiral
-----------
Unravel
-----------
Verdant Embrace
	Eff: 7367136,619616819
-----------
Zephyr
-----------
Leech
	Eff: 379984,2221516352
-----------
Blessing of Summer
-----------
Holy Bulwark
-----------
ZeroCIMDummy
-----------
Ethereal Reconstitution
	Eff: 295288,0779650932
-----------
Ethereal Guard
	Eff: 3015458,5930246483
-----------
Stasis (Release)
-----------
Essence Bomb
-----------
Voidglass Barrier
	Eff: 2365697,6108254287
-----------
Tip the Scales
-----------
Algari Mana Potion
-----------
Hover
-----------
Glide
-----------
Rescue
-----------
Twin Guardian
-----------
Emerald Communion
-----------
Stasis (Store)
-----------
Obsidian Scales
-----------
Time Dilation
-----------
Take Off
-----------
Whirling Surge
-----------
Surge Forward
-----------
Skyward Ascent
-----------
Shooting Star
-----------
Wing Buffet
-----------
Fury of the Aspects
-----------
Bombardments
-----------
Invigorating Healing Potion
	Eff: 151709,69016471598
