-----------
EssenceRegenDummy
-----------
Azure Strike
-----------
Blessing of the Bronze
-----------
Cauterizing Flame
-----------
Chrono Flames
-----------
Chrono Flame
-----------
Consume Flame
	Eff: -12036417,382471187
-----------
Deep Breath
-----------
Disintegrate
-----------
Dream Breath
	Eff: 4513912,205377757
-----------
Dream Breath (Echo)
	Eff: -2285113,681809052
-----------
Dream Flight
	Eff: 8745301,432000373
-----------
Echo
	Eff: -1920871,6071101455
-----------
Emerald Blossom
-----------
Engulf
-----------
Enkindle
-----------
Expunge
-----------
Fire Breath
	Dmg: 3578839,2641099044
-----------
Fluttering Seedlings
-----------
Golden Hour
	Eff: -9215297,195420276
-----------
Landslide
-----------
Lifebind
	Eff: -17513722,65703633
-----------
Life-Giver's Flame
-----------
Living Flame
	Eff: -2100611,490876479
	Dmg: -995067,4445410448
-----------
Naturalize
-----------
Oppressing Roar
-----------
Panacea
	Eff: 365005,90108012274
-----------
Rewind
-----------
Renewing Blaze
-----------
Reversion
	Eff: 4993242,61206454
-----------
Reversion (Echo)
	Eff: 7865514,969106063
-----------
Sleep Walk
-----------
Source of Magic
-----------
Spatial Paradox
-----------
Spiritbloom
	Eff: 1295442,4020795983
-----------
Spiritbloom (Echo)
	Eff: -4716316,400475198
-----------
Stasis
-----------
Tail Swipe
-----------
Temporal Anomaly
	Eff: -27667186,92807663
-----------
Time Spiral
-----------
Unravel
-----------
Verdant Embrace
	Eff: 4872007,943779953
-----------
Zephyr
-----------
Leech
	Eff: 897556,0055187715
-----------
Blessing of Summer
-----------
Holy Bulwark
-----------
ZeroCIMDummy
-----------
Ethereal Reconstitution
	Eff: 4534327,255549327
-----------
Ethereal Guard
	Eff: 22913268,653262757
-----------
Stasis (Release)
-----------
Essence Bomb
-----------
Voidglass Barrier
	Eff: 8775972,560541192
-----------
Tip the Scales
-----------
Algari Mana Potion
-----------
Hover
-----------
Glide
-----------
Rescue
-----------
Twin Guardian
-----------
Emerald Communion
-----------
Stasis (Store)
-----------
Obsidian Scales
-----------
Time Dilation
-----------
Take Off
-----------
Whirling Surge
-----------
Surge Forward
-----------
Skyward Ascent
-----------
Shooting Star
-----------
Wing Buffet
-----------
Fury of the Aspects
-----------
Bombardments
-----------
Invigorating Healing Potion
	Eff: 562793,8549547773
