-----------
EssenceRegenDummy
-----------
Azure Strike
-----------
Blessing of the Bronze
-----------
Cauterizing Flame
-----------
Chrono Flames
-----------
Chrono Flame
-----------
Consume Flame
	Eff: -15314541,291319655
-----------
Deep Breath
-----------
Disintegrate
-----------
Dream Breath
	Eff: -10444850,136102336
-----------
Dream Breath (Echo)
	Eff: -5049881,860571488
-----------
Dream Flight
	Eff: 4603995,744483137
-----------
Echo
	Eff: -3313335,290756107
-----------
Emerald Blossom
-----------
Engulf
-----------
Enkindle
-----------
Expunge
-----------
Fire Breath
	Dmg: 37711,093342597145
-----------
Fluttering Seedlings
-----------
Golden Hour
	Eff: -9215297,195420276
-----------
Landslide
-----------
Lifebind
	Eff: -21081023,914860446
-----------
Life-Giver's Flame
-----------
Living Flame
	Eff: -1798735,345763181
	Dmg: -2740289,3747265516
-----------
Naturalize
-----------
Oppressing Roar
-----------
Panacea
	Eff: 552188,9827483825
-----------
Rewind
-----------
Renewing Blaze
-----------
Reversion
	Eff: -18284862,917216294
-----------
Reversion (Echo)
	Eff: -33159653,019601215
-----------
Sleep Walk
-----------
Source of Magic
-----------
Spatial Paradox
-----------
Spiritbloom
	Eff: 3658372,064026557
-----------
Spiritbloom (Echo)
	Eff: -1261773,8073572782
-----------
Stasis
-----------
Tail Swipe
-----------
Temporal Anomaly
	Eff: 16387579,928460557
-----------
Time Spiral
-----------
Unravel
-----------
Verdant Embrace
	Eff: 4553423,300786494
-----------
Zephyr
-----------
Leech
	Eff: -2827270,9046937074
-----------
Blessing of Summer
-----------
Holy Bulwark
-----------
ZeroCIMDummy
-----------
Ethereal Reconstitution
	Eff: 285210,1318838485
-----------
Ethereal Guard
	Eff: 984825,2846083572
-----------
Stasis (Release)
-----------
Essence Bomb
-----------
Voidglass Barrier
	Eff: 15179437,137080736
-----------
Tip the Scales
-----------
Algari Mana Potion
-----------
Hover
-----------
Glide
-----------
Rescue
-----------
Twin Guardian
-----------
Emerald Communion
-----------
Stasis (Store)
-----------
Obsidian Scales
-----------
Time Dilation
-----------
Take Off
-----------
Whirling Surge
-----------
Surge Forward
-----------
Skyward Ascent
-----------
Shooting Star
-----------
Wing Buffet
-----------
Fury of the Aspects
-----------
Bombardments
-----------
Invigorating Healing Potion
	Eff: 973441,2777031921
