-----------
EssenceRegenDummy
-----------
Azure Strike
-----------
Blessing of the Bronze
-----------
Cauterizing Flame
-----------
Chrono Flames
-----------
Chrono Flame
-----------
Consume Flame
	Eff: -5849522,379189544
-----------
Deep Breath
-----------
Disintegrate
-----------
Dream Breath
	Eff: 1930930,6043638121
-----------
Dream Breath (Echo)
	Eff: -3674687,1288612583
-----------
Dream Flight
	Eff: 8625674,976411285
-----------
Echo
	Eff: -1087993,6013011318
-----------
Emerald Blossom
-----------
Engulf
-----------
Enkindle
-----------
Expunge
-----------
Fire Breath
	Dmg: 320369,7155459177
-----------
Fluttering Seedlings
-----------
Golden Hour
	Eff: -9215297,195420276
-----------
Landslide
-----------
Lifebind
	Eff: -18737580,44254474
-----------
Life-Giver's Flame
-----------
Living Flame
	Eff: -1750168,152711877
	Dmg: -2560621,382058497
-----------
Naturalize
-----------
Oppressing Roar
-----------
Panacea
	Eff: 719461,582269083
-----------
Rewind
-----------
Renewing Blaze
-----------
Reversion
	Eff: -9093565,76589138
-----------
Reversion (Echo)
	Eff: -16873188,884754382
-----------
Sleep Walk
-----------
Source of Magic
-----------
Spatial Paradox
-----------
Spiritbloom
	Eff: 3716318,205640014
-----------
Spiritbloom (Echo)
	Eff: -1150669,036297014
-----------
Stasis
-----------
Tail Swipe
-----------
Temporal Anomaly
	Eff: -3189367,681987634
-----------
Time Spiral
-----------
Unravel
-----------
Verdant Embrace
	Eff: 6393400,812538148
-----------
Zephyr
-----------
Leech
	Eff: -955993,7969157045
-----------
Blessing of Summer
-----------
Holy Bulwark
-----------
ZeroCIMDummy
-----------
Ethereal Reconstitution
	Eff: 415842,7999790789
-----------
Ethereal Guard
	Eff: 2047240,0082931633
-----------
Stasis (Release)
-----------
Essence Bomb
-----------
Voidglass Barrier
	Eff: 8775972,560541192
-----------
Tip the Scales
-----------
Algari Mana Potion
-----------
Hover
-----------
Glide
-----------
Rescue
-----------
Twin Guardian
-----------
Emerald Communion
-----------
Stasis (Store)
-----------
Obsidian Scales
-----------
Time Dilation
-----------
Take Off
-----------
Whirling Surge
-----------
Surge Forward
-----------
Skyward Ascent
-----------
Shooting Star
-----------
Wing Buffet
-----------
Fury of the Aspects
-----------
Bombardments
-----------
Invigorating Healing Potion
	Eff: 562793,8549547773
