-----------
EssenceRegenDummy
-----------
Azure Strike
-----------
Blessing of the Bronze
-----------
Cauterizing Flame
-----------
Chrono Flames
-----------
Chrono Flame
-----------
Consume Flame
	Eff: -3849948,1221166295
-----------
Deep Breath
-----------
Disintegrate
-----------
Dream Breath
	Eff: 2339710,193534841
-----------
Dream Breath (Echo)
	Eff: -3444729,9621486925
-----------
Dream Flight
	Eff: 7278143,302572882
-----------
Echo
	Eff: -297930,366673423
-----------
Emerald Blossom
-----------
Engulf
-----------
Enkindle
-----------
Expunge
-----------
Fire Breath
	Dmg: -1209340,099720764
-----------
Fluttering Seedlings
-----------
Golden Hour
	Eff: -9215297,195420276
-----------
Landslide
-----------
Lifebind
	Eff: -16906660,11353048
-----------
Life-Giver's Flame
-----------
Living Flame
	Eff: -1733738,4821802024
	Dmg: -3194678,081380989
-----------
Naturalize
-----------
Oppressing Roar
-----------
Panacea
	Eff: 793839,9789094786
-----------
Rewind
-----------
Renewing Blaze
-----------
Reversion
	Eff: -1801029,126916601
-----------
Reversion (Echo)
	Eff: -4281266,948301569
-----------
Sleep Walk
-----------
Source of Magic
-----------
Spatial Paradox
-----------
Spiritbloom
	Eff: 3162192,3716064095
-----------
Spiritbloom (Echo)
	Eff: -1813419,282567277
-----------
Stasis
-----------
Tail Swipe
-----------
Temporal Anomaly
	Eff: -32687748,550511047
-----------
Time Spiral
-----------
Unravel
-----------
Verdant Embrace
	Eff: 6987784,143670778
-----------
Zephyr
-----------
Leech
	Eff: -428582,6856323965
-----------
Blessing of Summer
-----------
Holy Bulwark
-----------
ZeroCIMDummy
-----------
Ethereal Reconstitution
	Eff: -1938013,7236529766
-----------
Ethereal Guard
	Eff: -6718146,220644942
-----------
Stasis (Release)
-----------
Essence Bomb
-----------
Voidglass Barrier
	Eff: -4045774,625956028
-----------
Tip the Scales
-----------
Algari Mana Potion
-----------
Hover
-----------
Glide
-----------
Rescue
-----------
Twin Guardian
-----------
Emerald Communion
-----------
Stasis (Store)
-----------
Obsidian Scales
-----------
Time Dilation
-----------
Take Off
-----------
Whirling Surge
-----------
Surge Forward
-----------
Skyward Ascent
-----------
Shooting Star
-----------
Wing Buffet
-----------
Fury of the Aspects
-----------
Bombardments
-----------
Invigorating Healing Potion
	Eff: -259451,25538081676
