-----------
EssenceRegenDummy
-----------
Azure Strike
-----------
Blessing of the Bronze
-----------
Cauterizing Flame
-----------
Chrono Flames
-----------
Chrono Flame
-----------
Consume Flame
	Eff: -11542815,698108567
-----------
Deep Breath
-----------
Disintegrate
-----------
Dream Breath
	Eff: -918700,396318312
-----------
Dream Breath (Echo)
	Eff: -3680225,8588805255
-----------
Dream Flight
	Eff: 7759496,183532705
-----------
Echo
	Eff: -2287430,8259030813
-----------
Emerald Blossom
-----------
Engulf
-----------
Enkindle
-----------
Expunge
-----------
Fire Breath
	Dmg: 1829039,7582599826
-----------
Fluttering Seedlings
-----------
Golden Hour
	Eff: -9215297,195420276
-----------
Landslide
-----------
Lifebind
	Eff: -19618177,911486834
-----------
Life-Giver's Flame
-----------
Living Flame
	Eff: -1895602,537169708
	Dmg: -1886694,2406085723
-----------
Naturalize
-----------
Oppressing Roar
-----------
Panacea
	Eff: 522284,91944889526
-----------
Rewind
-----------
Renewing Blaze
-----------
Reversion
	Eff: -9740024,994512461
-----------
Reversion (Echo)
	Eff: -18147912,848629426
-----------
Sleep Walk
-----------
Source of Magic
-----------
Spatial Paradox
-----------
Spiritbloom
	Eff: 2971323,5878051673
-----------
Spiritbloom (Echo)
	Eff: -2254683,9330595187
-----------
Stasis
-----------
Tail Swipe
-----------
Temporal Anomaly
	Eff: 3824015,9622074077
-----------
Time Spiral
-----------
Unravel
-----------
Verdant Embrace
	Eff: 5177947,576821182
-----------
Zephyr
-----------
Leech
	Eff: -1076517,936737117
-----------
Blessing of Summer
-----------
Holy Bulwark
-----------
ZeroCIMDummy
-----------
Ethereal Reconstitution
	Eff: 2531248,7963988134
-----------
Ethereal Guard
	Eff: 11767052,057330484
-----------
Stasis (Release)
-----------
Essence Bomb
-----------
Voidglass Barrier
	Eff: 15178359,578721622
-----------
Tip the Scales
-----------
Algari Mana Potion
-----------
Hover
-----------
Glide
-----------
Rescue
-----------
Twin Guardian
-----------
Emerald Communion
-----------
Stasis (Store)
-----------
Obsidian Scales
-----------
Time Dilation
-----------
Take Off
-----------
Whirling Surge
-----------
Surge Forward
-----------
Skyward Ascent
-----------
Shooting Star
-----------
Wing Buffet
-----------
Fury of the Aspects
-----------
Bombardments
-----------
Invigorating Healing Potion
	Eff: 973372,1750232689
