-----------
EssenceRegenDummy
-----------
Azure Strike
-----------
Blessing of the Bronze
-----------
Cauterizing Flame
-----------
Chrono Flames
-----------
Chrono Flame
-----------
Consume Flame
	Eff: -26274965,165706355
-----------
Deep Breath
-----------
Disintegrate
-----------
Dream Breath
	Eff: -13532520,155977389
-----------
Dream Breath (Echo)
	Eff: -4415701,361293189
-----------
Dream Flight
	Eff: 2482303,1069157864
-----------
Echo
	Eff: -5140363,0893517025
-----------
Emerald Blossom
-----------
Engulf
-----------
Enkindle
-----------
Expunge
-----------
Fire Breath
	Dmg: 3188769,5682936674
-----------
Fluttering Seedlings
-----------
Golden Hour
	Eff: -9215297,195420276
-----------
Landslide
-----------
Lifebind
	Eff: -21192377,36337599
-----------
Life-Giver's Flame
-----------
Living Flame
	Eff: -2150909,7693522023
	Dmg: -1279299,119027354
-----------
Naturalize
-----------
Oppressing Roar
-----------
Panacea
	Eff: 134558,94062336837
-----------
Rewind
-----------
Renewing Blaze
-----------
Reversion
	Eff: -10587009,563478727
-----------
Reversion (Echo)
	Eff: -20941003,173460487
-----------
Sleep Walk
-----------
Source of Magic
-----------
Spatial Paradox
-----------
Spiritbloom
	Eff: 1240659,4673476992
-----------
Spiritbloom (Echo)
	Eff: -4721332,169813804
-----------
Stasis
-----------
Tail Swipe
-----------
Temporal Anomaly
	Eff: 7019981,212591097
-----------
Time Spiral
-----------
Unravel
-----------
Verdant Embrace
	Eff: 2338289,4923289404
-----------
Zephyr
-----------
Leech
	Eff: -2056676,7752385146
-----------
Blessing of Summer
-----------
Holy Bulwark
-----------
ZeroCIMDummy
-----------
Ethereal Reconstitution
	Eff: 4437815,846992185
-----------
Ethereal Guard
	Eff: 20527296,389633108
-----------
Stasis (Release)
-----------
Essence Bomb
-----------
Voidglass Barrier
	Eff: 20948684,591824934
-----------
Tip the Scales
-----------
Algari Mana Potion
-----------
Hover
-----------
Glide
-----------
Rescue
-----------
Twin Guardian
-----------
Emerald Communion
-----------
Stasis (Store)
-----------
Obsidian Scales
-----------
Time Dilation
-----------
Take Off
-----------
Whirling Surge
-----------
Surge Forward
-----------
Skyward Ascent
-----------
Shooting Star
-----------
Wing Buffet
-----------
Fury of the Aspects
-----------
Bombardments
-----------
Invigorating Healing Potion
	Eff: 1343417,026014248
