-----------
EssenceRegenDummy
-----------
Azure Strike
-----------
Blessing of the Bronze
-----------
Cauterizing Flame
-----------
Chrono Flames
-----------
Chrono Flame
-----------
Consume Flame
	Eff: -35738797,75223863
-----------
Deep Breath
-----------
Disintegrate
-----------
Dream Breath
	Eff: -18279591,67706226
-----------
Dream Breath (Echo)
	Eff: -4103686,8223942854
-----------
Dream Flight
	Eff: -248105,5767895872
-----------
Echo
	Eff: -6587919,7911400655
-----------
Emerald Blossom
-----------
Engulf
-----------
Enkindle
-----------
Expunge
-----------
Fire Breath
	Dmg: 5035559,346900325
-----------
Fluttering Seedlings
-----------
Golden Hour
	Eff: -9215297,195420276
-----------
Landslide
-----------
Lifebind
	Eff: -20858270,19484983
-----------
Life-Giver's Flame
-----------
Living Flame
	Eff: -2396900,768984572
	Dmg: -393341,32666762744
-----------
Naturalize
-----------
Oppressing Roar
-----------
Panacea
	Eff: -168531,96143635135
-----------
Rewind
-----------
Renewing Blaze
-----------
Reversion
	Eff: -3921653,8564444627
-----------
Reversion (Echo)
	Eff: -8613096,182110826
-----------
Sleep Walk
-----------
Source of Magic
-----------
Spatial Paradox
-----------
Spiritbloom
	Eff: -695432,4188951699
-----------
Spiritbloom (Echo)
	Eff: -7541714,249067898
-----------
Stasis
-----------
Tail Swipe
-----------
Temporal Anomaly
	Eff: -7650388,497498194
-----------
Time Spiral
-----------
Unravel
-----------
Verdant Embrace
	Eff: 434584,3336761178
-----------
Zephyr
-----------
Leech
	Eff: -1586820,7119038834
-----------
Blessing of Summer
-----------
Holy Bulwark
-----------
ZeroCIMDummy
-----------
Ethereal Reconstitution
	Eff: 6768656,952439219
-----------
Ethereal Guard
	Eff: 31228938,021370992
-----------
Stasis (Release)
-----------
Essence Bomb
-----------
Voidglass Barrier
	Eff: 20949762,15018406
-----------
Tip the Scales
-----------
Algari Mana Potion
-----------
Hover
-----------
Glide
-----------
Rescue
-----------
Twin Guardian
-----------
Emerald Communion
-----------
Stasis (Store)
-----------
Obsidian Scales
-----------
Time Dilation
-----------
Take Off
-----------
Whirling Surge
-----------
Surge Forward
-----------
Skyward Ascent
-----------
Shooting Star
-----------
Wing Buffet
-----------
Fury of the Aspects
-----------
Bombardments
-----------
Invigorating Healing Potion
	Eff: 1343486,128694171
