-----------
EssenceRegenDummy
-----------
Azure Strike
-----------
Blessing of the Bronze
-----------
Cauterizing Flame
-----------
Chrono Flames
-----------
Chrono Flame
-----------
Consume Flame
	Eff: -6858357,5847585825
-----------
Deep Breath
-----------
Disintegrate
-----------
Dream Breath
	Eff: -202822,567068502
-----------
Dream Breath (Echo)
	Eff: -3319088,0644386546
-----------
Dream Flight
	Eff: 5232902,821175665
-----------
Echo
	Eff: -632230,7213560628
-----------
Emerald Blossom
-----------
Engulf
-----------
Enkindle
-----------
Expunge
-----------
Fire Breath
	Dmg: -1484982,7563939258
-----------
Fluttering Seedlings
-----------
Golden Hour
	Eff: -9215297,195420276
-----------
Landslide
-----------
Lifebind
	Eff: -16040739,814697027
-----------
Life-Giver's Flame
-----------
Living Flame
	Eff: -1832777,4156784038
	Dmg: -3275036,999206353
-----------
Naturalize
-----------
Oppressing Roar
-----------
Panacea
	Eff: 705039,1231462536
-----------
Rewind
-----------
Renewing Blaze
-----------
Reversion
	Eff: 3262931,546386658
-----------
Reversion (Echo)
	Eff: 4796562,840597353
-----------
Sleep Walk
-----------
Source of Magic
-----------
Spatial Paradox
-----------
Spiritbloom
	Eff: 2097691,4285977595
-----------
Spiritbloom (Echo)
	Eff: -3253406,1285650507
-----------
Stasis
-----------
Tail Swipe
-----------
Temporal Anomaly
	Eff: -52881224,108036205
-----------
Time Spiral
-----------
Unravel
-----------
Verdant Embrace
	Eff: 6484445,08963078
-----------
Zephyr
-----------
Leech
	Eff: -170106,40654763294
-----------
Blessing of Summer
-----------
Holy Bulwark
-----------
ZeroCIMDummy
-----------
Ethereal Reconstitution
	Eff: -2492497,298010596
-----------
Ethereal Guard
	Eff: -6285728,121114129
-----------
Stasis (Release)
-----------
Essence Bomb
-----------
Voidglass Barrier
	Eff: -10457246,862737484
-----------
Tip the Scales
-----------
Algari Mana Potion
-----------
Hover
-----------
Glide
-----------
Rescue
-----------
Twin Guardian
-----------
Emerald Communion
-----------
Stasis (Store)
-----------
Obsidian Scales
-----------
Time Dilation
-----------
Take Off
-----------
Whirling Surge
-----------
Surge Forward
-----------
Skyward Ascent
-----------
Shooting Star
-----------
Wing Buffet
-----------
Fury of the Aspects
-----------
Bombardments
-----------
Invigorating Healing Potion
	Eff: -670612,2009263495
