-----------
EssenceRegenDummy
-----------
Azure Strike
-----------
Blessing of the Bronze
-----------
Cauterizing Flame
-----------
Chrono Flames
-----------
Chrono Flame
-----------
Consume Flame
	Eff: -42308200,1242515
-----------
Deep Breath
-----------
Disintegrate
-----------
Dream Breath
	Eff: -33358522,829343557
-----------
Dream Breath (Echo)
	Eff: -6373736,888105731
-----------
Dream Flight
	Eff: -5080547,381310605
-----------
Echo
	Eff: -8576852,355433648
-----------
Emerald Blossom
-----------
Engulf
-----------
Enkindle
-----------
Expunge
-----------
Fire Breath
	Dmg: 2511741,5349433646
-----------
Fluttering Seedlings
-----------
Golden Hour
	Eff: -9215297,195420276
-----------
Landslide
-----------
Lifebind
	Eff: -24033023,251242388
-----------
Life-Giver's Flame
-----------
Living Flame
	Eff: -2282660,9203355876
	Dmg: -1639938,5830323403
-----------
Naturalize
-----------
Oppressing Roar
-----------
Panacea
	Eff: -163082,4172109749
-----------
Rewind
-----------
Renewing Blaze
-----------
Reversion
	Eff: -21466225,49959801
-----------
Reversion (Echo)
	Eff: -39241430,24417916
-----------
Sleep Walk
-----------
Source of Magic
-----------
Spatial Paradox
-----------
Spiritbloom
	Eff: 377368,9492877492
-----------
Spiritbloom (Echo)
	Eff: -5882147,795834059
-----------
Stasis
-----------
Tail Swipe
-----------
Temporal Anomaly
	Eff: 22447705,832830187
-----------
Time Spiral
-----------
Unravel
-----------
Verdant Embrace
	Eff: -608703,903089209
-----------
Zephyr
-----------
Leech
	Eff: -4672016,989587092
-----------
Blessing of Summer
-----------
Holy Bulwark
-----------
ZeroCIMDummy
-----------
Ethereal Reconstitution
	Eff: 3778121,0545009538
-----------
Ethereal Guard
	Eff: 17962761,961370073
-----------
Stasis (Release)
-----------
Essence Bomb
-----------
Voidglass Barrier
	Eff: 26362711,137276486
-----------
Tip the Scales
-----------
Algari Mana Potion
-----------
Hover
-----------
Glide
-----------
Rescue
-----------
Twin Guardian
-----------
Emerald Communion
-----------
Stasis (Store)
-----------
Obsidian Scales
-----------
Time Dilation
-----------
Take Off
-----------
Whirling Surge
-----------
Surge Forward
-----------
Skyward Ascent
-----------
Shooting Star
-----------
Wing Buffet
-----------
Fury of the Aspects
-----------
Bombardments
-----------
Invigorating Healing Potion
	Eff: 1690612,8324416876
