-----------
EssenceRegenDummy
-----------
Azure Strike
-----------
Blessing of the Bronze
-----------
Cauterizing Flame
-----------
Chrono Flames
-----------
Chrono Flame
-----------
Consume Flame
	Eff: -4646913,579673007
-----------
Deep Breath
-----------
Disintegrate
-----------
Dream Breath
	Eff: 8072464,968574172
-----------
Dream Breath (Echo)
	Eff: -2596012,6899418687
-----------
Dream Flight
	Eff: 10658609,252147388
-----------
Echo
	Eff: -667252,8796406419
-----------
Emerald Blossom
-----------
Engulf
-----------
Enkindle
-----------
Expunge
-----------
Fire Breath
	Dmg: 1994052,6750287155
-----------
Fluttering Seedlings
-----------
Golden Hour
	Eff: -9215297,195420276
-----------
Landslide
-----------
Lifebind
	Eff: -17587717,054871544
-----------
Life-Giver's Flame
-----------
Living Flame
	Eff: -1877445,009498699
	Dmg: -1757700,2731082947
-----------
Naturalize
-----------
Oppressing Roar
-----------
Panacea
	Eff: 633727,7775145952
-----------
Rewind
-----------
Renewing Blaze
-----------
Reversion
	Eff: -323747,3828246287
-----------
Reversion (Echo)
	Eff: -2208468,319471703
-----------
Sleep Walk
-----------
Source of Magic
-----------
Spatial Paradox
-----------
Spiritbloom
	Eff: 2877842,4283548384
-----------
Spiritbloom (Echo)
	Eff: -2390059,600624524
-----------
Stasis
-----------
Tail Swipe
-----------
Temporal Anomaly
	Eff: -15102571,862567952
-----------
Time Spiral
-----------
Unravel
-----------
Verdant Embrace
	Eff: 6450685,520643497
-----------
Zephyr
-----------
Leech
	Eff: 479805,45272751956
-----------
Blessing of Summer
-----------
Holy Bulwark
-----------
ZeroCIMDummy
-----------
Ethereal Reconstitution
	Eff: 2528172,8297602627
-----------
Ethereal Guard
	Eff: 12747245,74006236
-----------
Stasis (Release)
-----------
Essence Bomb
-----------
Voidglass Barrier
	Eff: 8775972,560541192
-----------
Tip the Scales
-----------
Algari Mana Potion
-----------
Hover
-----------
Glide
-----------
Rescue
-----------
Twin Guardian
-----------
Emerald Communion
-----------
Stasis (Store)
-----------
Obsidian Scales
-----------
Time Dilation
-----------
Take Off
-----------
Whirling Surge
-----------
Surge Forward
-----------
Skyward Ascent
-----------
Shooting Star
-----------
Wing Buffet
-----------
Fury of the Aspects
-----------
Bombardments
-----------
Invigorating Healing Potion
	Eff: 562793,8549547773
