-----------
EssenceRegenDummy
-----------
Azure Strike
-----------
Blessing of the Bronze
-----------
Cauterizing Flame
-----------
Chrono Flames
-----------
Chrono Flame
-----------
Consume Flame
	Eff: -3381373,876729051
-----------
Deep Breath
-----------
Disintegrate
-----------
Dream Breath
	Eff: 10269867,687890274
-----------
Dream Breath (Echo)
	Eff: -2090043,1726817929
-----------
Dream Flight
	Eff: 10796421,738082245
-----------
Echo
	Eff: -195622,23810790916
-----------
Emerald Blossom
-----------
Engulf
-----------
Enkindle
-----------
Expunge
-----------
Fire Breath
	Dmg: 1890846,3034290504
-----------
Fluttering Seedlings
-----------
Golden Hour
	Eff: -9215297,195420276
-----------
Landslide
-----------
Lifebind
	Eff: -16345962,252856424
-----------
Life-Giver's Flame
-----------
Living Flame
	Eff: -1921975,728406126
	Dmg: -1755089,3574645545
-----------
Naturalize
-----------
Oppressing Roar
-----------
Panacea
	Eff: 631550,54876778
-----------
Rewind
-----------
Renewing Blaze
-----------
Reversion
	Eff: 5760908,257556583
-----------
Reversion (Echo)
	Eff: 10659284,637656154
-----------
Sleep Walk
-----------
Source of Magic
-----------
Spatial Paradox
-----------
Spiritbloom
	Eff: 2299656,295914741
-----------
Spiritbloom (Echo)
	Eff: -3196025,42630257
-----------
Stasis
-----------
Tail Swipe
-----------
Temporal Anomaly
	Eff: -34052477,807371825
-----------
Time Spiral
-----------
Unravel
-----------
Verdant Embrace
	Eff: 6676471,505727195
-----------
Zephyr
-----------
Leech
	Eff: 1269391,045215295
-----------
Blessing of Summer
-----------
Holy Bulwark
-----------
ZeroCIMDummy
-----------
Ethereal Reconstitution
	Eff: 2192010,808664521
-----------
Ethereal Guard
	Eff: 13179695,195486462
-----------
Stasis (Release)
-----------
Essence Bomb
-----------
Voidglass Barrier
	Eff: 2365697,6108254287
-----------
Tip the Scales
-----------
Algari Mana Potion
-----------
Hover
-----------
Glide
-----------
Rescue
-----------
Twin Guardian
-----------
Emerald Communion
-----------
Stasis (Store)
-----------
Obsidian Scales
-----------
Time Dilation
-----------
Take Off
-----------
Whirling Surge
-----------
Surge Forward
-----------
Skyward Ascent
-----------
Shooting Star
-----------
Wing Buffet
-----------
Fury of the Aspects
-----------
Bombardments
-----------
Invigorating Healing Potion
	Eff: 151709,69016471598
