-----------
EssenceRegenDummy
-----------
Azure Strike
-----------
Blessing of the Bronze
-----------
Cauterizing Flame
-----------
Chrono Flames
-----------
Chrono Flame
-----------
Consume Flame
	Eff: -6869159,635548074
-----------
Deep Breath
-----------
Disintegrate
-----------
Dream Breath
	Eff: -2365346,184276476
-----------
Dream Breath (Echo)
	Eff: -4180715,459708072
-----------
Dream Flight
	Eff: 6412438,321536031
-----------
Echo
	Eff: -1197340,828076731
-----------
Emerald Blossom
-----------
Engulf
-----------
Enkindle
-----------
Expunge
-----------
Fire Breath
	Dmg: -1190159,0536044838
-----------
Fluttering Seedlings
-----------
Golden Hour
	Eff: -9215297,195420276
-----------
Landslide
-----------
Lifebind
	Eff: -18576578,709162835
-----------
Life-Giver's Flame
-----------
Living Flame
	Eff: -1702917,0338441306
	Dmg: -3235378,82182317
-----------
Naturalize
-----------
Oppressing Roar
-----------
Panacea
	Eff: 759084,5056599615
-----------
Rewind
-----------
Renewing Blaze
-----------
Reversion
	Eff: -9976497,205958763
-----------
Reversion (Echo)
	Eff: -17678156,185176518
-----------
Sleep Walk
-----------
Source of Magic
-----------
Spatial Paradox
-----------
Spiritbloom
	Eff: 3713201,6111716204
-----------
Spiritbloom (Echo)
	Eff: -1091644,6767098005
-----------
Stasis
-----------
Tail Swipe
-----------
Temporal Anomaly
	Eff: -12496120,920287928
-----------
Time Spiral
-----------
Unravel
-----------
Verdant Embrace
	Eff: 6358373,622086934
-----------
Zephyr
-----------
Leech
	Eff: -1518641,2288919338
-----------
Blessing of Summer
-----------
Holy Bulwark
-----------
ZeroCIMDummy
-----------
Ethereal Reconstitution
	Eff: -1702169,439646792
-----------
Ethereal Guard
	Eff: -7684547,138744552
-----------
Stasis (Release)
-----------
Essence Bomb
-----------
Voidglass Barrier
	Eff: 2365697,6108254287
-----------
Tip the Scales
-----------
Algari Mana Potion
-----------
Hover
-----------
Glide
-----------
Rescue
-----------
Twin Guardian
-----------
Emerald Communion
-----------
Stasis (Store)
-----------
Obsidian Scales
-----------
Time Dilation
-----------
Take Off
-----------
Whirling Surge
-----------
Surge Forward
-----------
Skyward Ascent
-----------
Shooting Star
-----------
Wing Buffet
-----------
Fury of the Aspects
-----------
Bombardments
-----------
Invigorating Healing Potion
	Eff: 151709,69016471598
