-----------
EssenceRegenDummy
-----------
Azure Strike
-----------
Blessing of the Bronze
-----------
Cauterizing Flame
-----------
Chrono Flames
-----------
Chrono Flame
-----------
Consume Flame
	Eff: -31619119,4175713
-----------
Deep Breath
-----------
Disintegrate
-----------
Dream Breath
	Eff: -31025992,343009222
-----------
Dream Breath (Echo)
	Eff: -7079360,887941628
-----------
Dream Flight
	Eff: -2817556,571071036
-----------
Echo
	Eff: -6896992,786884461
-----------
Emerald Blossom
-----------
Engulf
-----------
Enkindle
-----------
Expunge
-----------
Fire Breath
	Dmg: -560510,006088215
-----------
Fluttering Seedlings
-----------
Golden Hour
	Eff: -9215297,195420276
-----------
Landslide
-----------
Lifebind
	Eff: -24149040,718417697
-----------
Life-Giver's Flame
-----------
Living Flame
	Eff: -1928092,9408716762
	Dmg: -3065879,1277591716
-----------
Naturalize
-----------
Oppressing Roar
-----------
Panacea
	Eff: 244089,2253690734
-----------
Rewind
-----------
Renewing Blaze
-----------
Reversion
	Eff: -28578416,511498768
-----------
Reversion (Echo)
	Eff: -51493298,737300955
-----------
Sleep Walk
-----------
Source of Magic
-----------
Spatial Paradox
-----------
Spiritbloom
	Eff: 2940495,1633402444
-----------
Spiritbloom (Echo)
	Eff: -2285129,934494584
-----------
Stasis
-----------
Tail Swipe
-----------
Temporal Anomaly
	Eff: 34028866,005165845
-----------
Time Spiral
-----------
Unravel
-----------
Verdant Embrace
	Eff: 1458144,5906524959
-----------
Zephyr
-----------
Leech
	Eff: -5499642,983179544
-----------
Blessing of Summer
-----------
Holy Bulwark
-----------
ZeroCIMDummy
-----------
Ethereal Reconstitution
	Eff: -263220,19650354586
-----------
Ethereal Guard
	Eff: -1038793,0557798182
-----------
Stasis (Release)
-----------
Essence Bomb
-----------
Voidglass Barrier
	Eff: 20949762,15018406
-----------
Tip the Scales
-----------
Algari Mana Potion
-----------
Hover
-----------
Glide
-----------
Rescue
-----------
Twin Guardian
-----------
Emerald Communion
-----------
Stasis (Store)
-----------
Obsidian Scales
-----------
Time Dilation
-----------
Take Off
-----------
Whirling Surge
-----------
Surge Forward
-----------
Skyward Ascent
-----------
Shooting Star
-----------
Wing Buffet
-----------
Fury of the Aspects
-----------
Bombardments
-----------
Invigorating Healing Potion
	Eff: 1343486,128694171
