-----------
EssenceRegenDummy
-----------
Azure Strike
-----------
Blessing of the Bronze
-----------
Cauterizing Flame
-----------
Chrono Flames
-----------
Chrono Flame
-----------
Consume Flame
	Eff: -26515240,503908
-----------
Deep Breath
-----------
Disintegrate
-----------
Dream Breath
	Eff: -28413035,674523633
-----------
Dream Breath (Echo)
	Eff: -7041946,0559025975
-----------
Dream Flight
	Eff: -1817534,1539677866
-----------
Echo
	Eff: -5862484,213967405
-----------
Emerald Blossom
-----------
Engulf
-----------
Enkindle
-----------
Expunge
-----------
Fire Breath
	Dmg: -1753871,4893731142
-----------
Fluttering Seedlings
-----------
Golden Hour
	Eff: -9215297,195420276
-----------
Landslide
-----------
Lifebind
	Eff: -23500348,160503156
-----------
Life-Giver's Flame
-----------
Living Flame
	Eff: -1802968,2469673688
	Dmg: -3593997,9346375423
-----------
Naturalize
-----------
Oppressing Roar
-----------
Panacea
	Eff: 406841,8535201403
-----------
Rewind
-----------
Renewing Blaze
-----------
Reversion
	Eff: -28444744,074190997
-----------
Reversion (Echo)
	Eff: -51159103,50896785
-----------
Sleep Walk
-----------
Source of Magic
-----------
Spatial Paradox
-----------
Spiritbloom
	Eff: 3660325,9866212797
-----------
Spiritbloom (Echo)
	Eff: -1276848,3543215857
-----------
Stasis
-----------
Tail Swipe
-----------
Temporal Anomaly
	Eff: 27863686,35986088
-----------
Time Spiral
-----------
Unravel
-----------
Verdant Embrace
	Eff: 2466369,774009171
-----------
Zephyr
-----------
Leech
	Eff: -5401946,098151416
-----------
Blessing of Summer
-----------
Holy Bulwark
-----------
ZeroCIMDummy
-----------
Ethereal Reconstitution
	Eff: -1961184,5675611976
-----------
Ethereal Guard
	Eff: -9799037,388082448
-----------
Stasis (Release)
-----------
Essence Bomb
-----------
Voidglass Barrier
	Eff: 15179437,137080736
-----------
Tip the Scales
-----------
Algari Mana Potion
-----------
Hover
-----------
Glide
-----------
Rescue
-----------
Twin Guardian
-----------
Emerald Communion
-----------
Stasis (Store)
-----------
Obsidian Scales
-----------
Time Dilation
-----------
Take Off
-----------
Whirling Surge
-----------
Surge Forward
-----------
Skyward Ascent
-----------
Shooting Star
-----------
Wing Buffet
-----------
Fury of the Aspects
-----------
Bombardments
-----------
Invigorating Healing Potion
	Eff: 973441,2777031921
