-----------
EssenceRegenDummy
-----------
Azure Strike
-----------
Blessing of the Bronze
-----------
Cauterizing Flame
-----------
Chrono Flames
-----------
Chrono Flame
-----------
Consume Flame
	Eff: -14473985,108263863
-----------
Deep Breath
-----------
Disintegrate
-----------
Dream Breath
	Eff: -12680968,934446251
-----------
Dream Breath (Echo)
	Eff: -5387648,748216468
-----------
Dream Flight
	Eff: 3373528,512522446
-----------
Echo
	Eff: -3077445,2846952253
-----------
Emerald Blossom
-----------
Engulf
-----------
Enkindle
-----------
Expunge
-----------
Fire Breath
	Dmg: -1378901,4562375795
-----------
Fluttering Seedlings
-----------
Golden Hour
	Eff: -9215297,195420276
-----------
Landslide
-----------
Lifebind
	Eff: -20763037,184585676
-----------
Life-Giver's Flame
-----------
Living Flame
	Eff: -1728267,7613713418
	Dmg: -3370342,552021303
-----------
Naturalize
-----------
Oppressing Roar
-----------
Panacea
	Eff: 628216,4325776981
-----------
Rewind
-----------
Renewing Blaze
-----------
Reversion
	Eff: -18588323,70590356
-----------
Reversion (Echo)
	Eff: -33757179,974545605
-----------
Sleep Walk
-----------
Source of Magic
-----------
Spatial Paradox
-----------
Spiritbloom
	Eff: 3876467,9429948544
-----------
Spiritbloom (Echo)
	Eff: -919754,1925064989
-----------
Stasis
-----------
Tail Swipe
-----------
Temporal Anomaly
	Eff: 7695431,607385779
-----------
Time Spiral
-----------
Unravel
-----------
Verdant Embrace
	Eff: 4824592,036395807
-----------
Zephyr
-----------
Leech
	Eff: -3188780,1049080547
-----------
Blessing of Summer
-----------
Holy Bulwark
-----------
ZeroCIMDummy
-----------
Ethereal Reconstitution
	Eff: -1714806,2641729047
-----------
Ethereal Guard
	Eff: -8736622,664397642
-----------
Stasis (Release)
-----------
Essence Bomb
-----------
Voidglass Barrier
	Eff: 8775972,560541192
-----------
Tip the Scales
-----------
Algari Mana Potion
-----------
Hover
-----------
Glide
-----------
Rescue
-----------
Twin Guardian
-----------
Emerald Communion
-----------
Stasis (Store)
-----------
Obsidian Scales
-----------
Time Dilation
-----------
Take Off
-----------
Whirling Surge
-----------
Surge Forward
-----------
Skyward Ascent
-----------
Shooting Star
-----------
Wing Buffet
-----------
Fury of the Aspects
-----------
Bombardments
-----------
Invigorating Healing Potion
	Eff: 562793,8549547773
