----------------------
00:00,082

Intellect
	 Rating: 140996
	 Multiplicative Factor: 8,15%
	 Eff: 140996
Stamina
	 Rating: 879789
	 Multiplicative Factor: 11,3%
	 Eff: 879789,0000000001
Crit
	 Rating: 7441
	 Multiplicative Factor: 0%
	 Eff: 10941,496976702292
	 DR Bracket: 0
	 Base: 5%
	 Effective Percent: 15,63%
	 Crit Inc Heal: 2
	 Crit Inc Damage: 2
Haste
	 Rating: 11187
	 Multiplicative Factor: 0%
	 Eff: 11187,36507471162
	 DR Bracket: 0
	 Base: 0%
	 Effective Percent: 16,95%
Vers
	 Rating: 23467
	 Multiplicative Factor: 0%
	 Eff: 25800,193536071936
	 DR Bracket: 1
	 Base: 3%
	 Effective Percent: 33,08%
Leech
	 Rating: 3060
	 Multiplicative Factor: 0%
	 Eff: 5099,99025
	 DR Bracket: 0
	 Base: 2%
	 Effective Percent: 5%
Avoidance
	 Rating: -0
	 Multiplicative Factor: 0%
	 Eff: -0,32846701212770313
	 DR Bracket: 0
	 Base: 0%
	 Effective Percent: -0%
Mastery
	 Rating: 21796
	 Multiplicative Factor: 0%
	 Eff: 29416,017027667796
	 DR Bracket: 1
	 Base: 19,8%
	 Effective Percent: 75,64%
----------------------
00:05,131

Intellect
	 Rating: 140996
	 Multiplicative Factor: 8,15%
	 Eff: 140996
Stamina
	 Rating: 879789
	 Multiplicative Factor: 11,3%
	 Eff: 879789,0000000001
Crit
	 Rating: 7441
	 Multiplicative Factor: 0%
	 Eff: 10941,496976702292
	 DR Bracket: 0
	 Base: 5%
	 Effective Percent: 15,63%
	 Crit Inc Heal: 2
	 Crit Inc Damage: 2
Haste
	 Rating: 11187
	 Multiplicative Factor: 0%
	 Eff: 11187,36507471162
	 DR Bracket: 0
	 Base: 0%
	 Effective Percent: 16,95%
Vers
	 Rating: 23467
	 Multiplicative Factor: 0%
	 Eff: 25800,193536071936
	 DR Bracket: 1
	 Base: 3%
	 Effective Percent: 33,08%
Leech
	 Rating: 3060
	 Multiplicative Factor: 0%
	 Eff: 5099,99025
	 DR Bracket: 0
	 Base: 2%
	 Effective Percent: 5%
Avoidance
	 Rating: -0
	 Multiplicative Factor: 0%
	 Eff: -0,32846701212770313
	 DR Bracket: 0
	 Base: 0%
	 Effective Percent: -0%
Mastery
	 Rating: 21796
	 Multiplicative Factor: 0%
	 Eff: 29416,017027667796
	 DR Bracket: 1
	 Base: 19,8%
	 Effective Percent: 75,64%
----------------------
00:10,246

Intellect
	 Rating: 140996
	 Multiplicative Factor: 8,15%
	 Eff: 140996
Stamina
	 Rating: 879789
	 Multiplicative Factor: 11,3%
	 Eff: 879789,0000000001
Crit
	 Rating: 7441
	 Multiplicative Factor: 0%
	 Eff: 10941,496976702292
	 DR Bracket: 0
	 Base: 5%
	 Effective Percent: 15,63%
	 Crit Inc Heal: 2
	 Crit Inc Damage: 2
Haste
	 Rating: 11187
	 Multiplicative Factor: 0%
	 Eff: 11187,36507471162
	 DR Bracket: 0
	 Base: 0%
	 Effective Percent: 16,95%
Vers
	 Rating: 23467
	 Multiplicative Factor: 0%
	 Eff: 25800,193536071936
	 DR Bracket: 1
	 Base: 3%
	 Effective Percent: 33,08%
Leech
	 Rating: 3060
	 Multiplicative Factor: 0%
	 Eff: 5099,99025
	 DR Bracket: 0
	 Base: 2%
	 Effective Percent: 5%
Avoidance
	 Rating: -0
	 Multiplicative Factor: 0%
	 Eff: -0,32846701212770313
	 DR Bracket: 0
	 Base: 0%
	 Effective Percent: -0%
Mastery
	 Rating: 21796
	 Multiplicative Factor: 0%
	 Eff: 29416,017027667796
	 DR Bracket: 1
	 Base: 19,8%
	 Effective Percent: 75,64%
----------------------
00:15,254

Intellect
	 Rating: 140996
	 Multiplicative Factor: 8,15%
	 Eff: 140996
Stamina
	 Rating: 879789
	 Multiplicative Factor: 11,3%
	 Eff: 879789,0000000001
Crit
	 Rating: 7441
	 Multiplicative Factor: 0%
	 Eff: 10941,496976702292
	 DR Bracket: 0
	 Base: 5%
	 Effective Percent: 15,63%
	 Crit Inc Heal: 2,6
	 Crit Inc Damage: 2
Haste
	 Rating: 11187
	 Multiplicative Factor: 0%
	 Eff: 11187,36507471162
	 DR Bracket: 0
	 Base: 0%
	 Effective Percent: 16,95%
Vers
	 Rating: 23467
	 Multiplicative Factor: 0%
	 Eff: 25800,193536071936
	 DR Bracket: 1
	 Base: 3%
	 Effective Percent: 33,08%
Leech
	 Rating: 3060
	 Multiplicative Factor: 0%
	 Eff: 5099,99025
	 DR Bracket: 0
	 Base: 2%
	 Effective Percent: 5%
Avoidance
	 Rating: -0
	 Multiplicative Factor: 0%
	 Eff: -0,32846701212770313
	 DR Bracket: 0
	 Base: 0%
	 Effective Percent: -0%
Mastery
	 Rating: 21796
	 Multiplicative Factor: 0%
	 Eff: 29416,017027667796
	 DR Bracket: 1
	 Base: 19,8%
	 Effective Percent: 75,64%
----------------------
00:20,254

Intellect
	 Rating: 140996
	 Multiplicative Factor: 8,15%
	 Eff: 140996
Stamina
	 Rating: 879789
	 Multiplicative Factor: 11,3%
	 Eff: 879789,0000000001
Crit
	 Rating: 7441
	 Multiplicative Factor: 0%
	 Eff: 10941,496976702292
	 DR Bracket: 0
	 Base: 5%
	 Effective Percent: 15,63%
	 Crit Inc Heal: 2,6
	 Crit Inc Damage: 2
Haste
	 Rating: 11187
	 Multiplicative Factor: 0%
	 Eff: 11187,36507471162
	 DR Bracket: 0
	 Base: 0%
	 Effective Percent: 16,95%
Vers
	 Rating: 23467
	 Multiplicative Factor: 0%
	 Eff: 25800,193536071936
	 DR Bracket: 1
	 Base: 3%
	 Effective Percent: 33,08%
Leech
	 Rating: 3060
	 Multiplicative Factor: 0%
	 Eff: 5099,99025
	 DR Bracket: 0
	 Base: 2%
	 Effective Percent: 5%
Avoidance
	 Rating: -0
	 Multiplicative Factor: 0%
	 Eff: -0,32846701212770313
	 DR Bracket: 0
	 Base: 0%
	 Effective Percent: -0%
Mastery
	 Rating: 21796
	 Multiplicative Factor: 0%
	 Eff: 29416,017027667796
	 DR Bracket: 1
	 Base: 19,8%
	 Effective Percent: 75,64%
----------------------
00:25,257

Intellect
	 Rating: 140996
	 Multiplicative Factor: 8,15%
	 Eff: 140996
Stamina
	 Rating: 879789
	 Multiplicative Factor: 11,3%
	 Eff: 879789,0000000001
Crit
	 Rating: 7441
	 Multiplicative Factor: 0%
	 Eff: 10941,496976702292
	 DR Bracket: 0
	 Base: 5%
	 Effective Percent: 15,63%
	 Crit Inc Heal: 2,6
	 Crit Inc Damage: 2
Haste
	 Rating: 11187
	 Multiplicative Factor: 0%
	 Eff: 11187,36507471162
	 DR Bracket: 0
	 Base: 0%
	 Effective Percent: 16,95%
Vers
	 Rating: 23467
	 Multiplicative Factor: 0%
	 Eff: 25800,193536071936
	 DR Bracket: 1
	 Base: 3%
	 Effective Percent: 33,08%
Leech
	 Rating: 3060
	 Multiplicative Factor: 0%
	 Eff: 5099,99025
	 DR Bracket: 0
	 Base: 2%
	 Effective Percent: 5%
Avoidance
	 Rating: -0
	 Multiplicative Factor: 0%
	 Eff: -0,32846701212770313
	 DR Bracket: 0
	 Base: 0%
	 Effective Percent: -0%
Mastery
	 Rating: 21796
	 Multiplicative Factor: 0%
	 Eff: 29416,017027667796
	 DR Bracket: 1
	 Base: 19,8%
	 Effective Percent: 75,64%
----------------------
00:30,263

Intellect
	 Rating: 140996
	 Multiplicative Factor: 8,15%
	 Eff: 140996
Stamina
	 Rating: 879789
	 Multiplicative Factor: 11,3%
	 Eff: 879789,0000000001
Crit
	 Rating: 7441
	 Multiplicative Factor: 0%
	 Eff: 10941,496976702292
	 DR Bracket: 0
	 Base: 5%
	 Effective Percent: 15,63%
	 Crit Inc Heal: 2
	 Crit Inc Damage: 2
Haste
	 Rating: 11187
	 Multiplicative Factor: 0%
	 Eff: 11187,36507471162
	 DR Bracket: 0
	 Base: 0%
	 Effective Percent: 16,95%
Vers
	 Rating: 23467
	 Multiplicative Factor: 0%
	 Eff: 25800,193536071936
	 DR Bracket: 1
	 Base: 3%
	 Effective Percent: 33,08%
Leech
	 Rating: 3060
	 Multiplicative Factor: 0%
	 Eff: 5099,99025
	 DR Bracket: 0
	 Base: 2%
	 Effective Percent: 5%
Avoidance
	 Rating: -0
	 Multiplicative Factor: 0%
	 Eff: -0,32846701212770313
	 DR Bracket: 0
	 Base: 0%
	 Effective Percent: -0%
Mastery
	 Rating: 21796
	 Multiplicative Factor: 0%
	 Eff: 29416,017027667796
	 DR Bracket: 1
	 Base: 19,8%
	 Effective Percent: 75,64%
----------------------
00:35,264

Intellect
	 Rating: 140996
	 Multiplicative Factor: 8,15%
	 Eff: 140996
Stamina
	 Rating: 879789
	 Multiplicative Factor: 11,3%
	 Eff: 879789,0000000001
Crit
	 Rating: 7441
	 Multiplicative Factor: 0%
	 Eff: 10941,496976702292
	 DR Bracket: 0
	 Base: 5%
	 Effective Percent: 15,63%
	 Crit Inc Heal: 2,6
	 Crit Inc Damage: 2
Haste
	 Rating: 11187
	 Multiplicative Factor: 0%
	 Eff: 11187,36507471162
	 DR Bracket: 0
	 Base: 0%
	 Effective Percent: 16,95%
Vers
	 Rating: 23467
	 Multiplicative Factor: 0%
	 Eff: 25800,193536071936
	 DR Bracket: 1
	 Base: 3%
	 Effective Percent: 33,08%
Leech
	 Rating: 3060
	 Multiplicative Factor: 0%
	 Eff: 5099,99025
	 DR Bracket: 0
	 Base: 2%
	 Effective Percent: 5%
Avoidance
	 Rating: -0
	 Multiplicative Factor: 0%
	 Eff: -0,32846701212770313
	 DR Bracket: 0
	 Base: 0%
	 Effective Percent: -0%
Mastery
	 Rating: 21796
	 Multiplicative Factor: 0%
	 Eff: 29416,017027667796
	 DR Bracket: 1
	 Base: 19,8%
	 Effective Percent: 75,64%
----------------------
00:40,346

Intellect
	 Rating: 140996
	 Multiplicative Factor: 8,15%
	 Eff: 140996
Stamina
	 Rating: 879789
	 Multiplicative Factor: 11,3%
	 Eff: 879789,0000000001
Crit
	 Rating: 7441
	 Multiplicative Factor: 0%
	 Eff: 10941,496976702292
	 DR Bracket: 0
	 Base: 5%
	 Effective Percent: 15,63%
	 Crit Inc Heal: 2,6
	 Crit Inc Damage: 2
Haste
	 Rating: 11187
	 Multiplicative Factor: 0%
	 Eff: 11187,36507471162
	 DR Bracket: 0
	 Base: 0%
	 Effective Percent: 16,95%
Vers
	 Rating: 23467
	 Multiplicative Factor: 0%
	 Eff: 25800,193536071936
	 DR Bracket: 1
	 Base: 3%
	 Effective Percent: 33,08%
Leech
	 Rating: 3060
	 Multiplicative Factor: 0%
	 Eff: 5099,99025
	 DR Bracket: 0
	 Base: 2%
	 Effective Percent: 5%
Avoidance
	 Rating: -0
	 Multiplicative Factor: 0%
	 Eff: -0,32846701212770313
	 DR Bracket: 0
	 Base: 0%
	 Effective Percent: -0%
Mastery
	 Rating: 21796
	 Multiplicative Factor: 0%
	 Eff: 29416,017027667796
	 DR Bracket: 1
	 Base: 19,8%
	 Effective Percent: 75,64%
----------------------
00:45,413

Intellect
	 Rating: 140996
	 Multiplicative Factor: 8,15%
	 Eff: 140996
Stamina
	 Rating: 879789
	 Multiplicative Factor: 11,3%
	 Eff: 879789,0000000001
Crit
	 Rating: 7441
	 Multiplicative Factor: 0%
	 Eff: 10941,496976702292
	 DR Bracket: 0
	 Base: 5%
	 Effective Percent: 15,63%
	 Crit Inc Heal: 2,6
	 Crit Inc Damage: 2
Haste
	 Rating: 11187
	 Multiplicative Factor: 0%
	 Eff: 11187,36507471162
	 DR Bracket: 0
	 Base: 0%
	 Effective Percent: 16,95%
Vers
	 Rating: 23467
	 Multiplicative Factor: 0%
	 Eff: 25800,193536071936
	 DR Bracket: 1
	 Base: 3%
	 Effective Percent: 33,08%
Leech
	 Rating: 3060
	 Multiplicative Factor: 0%
	 Eff: 5099,99025
	 DR Bracket: 0
	 Base: 2%
	 Effective Percent: 5%
Avoidance
	 Rating: -0
	 Multiplicative Factor: 0%
	 Eff: -0,32846701212770313
	 DR Bracket: 0
	 Base: 0%
	 Effective Percent: -0%
Mastery
	 Rating: 21796
	 Multiplicative Factor: 0%
	 Eff: 29416,017027667796
	 DR Bracket: 1
	 Base: 19,8%
	 Effective Percent: 75,64%
----------------------
00:50,423

Intellect
	 Rating: 140996
	 Multiplicative Factor: 8,15%
	 Eff: 140996
Stamina
	 Rating: 879789
	 Multiplicative Factor: 11,3%
	 Eff: 879789,0000000001
Crit
	 Rating: 7441
	 Multiplicative Factor: 0%
	 Eff: 10941,496976702292
	 DR Bracket: 0
	 Base: 5%
	 Effective Percent: 15,63%
	 Crit Inc Heal: 2,6
	 Crit Inc Damage: 2
Haste
	 Rating: 11187
	 Multiplicative Factor: 0%
	 Eff: 11187,36507471162
	 DR Bracket: 0
	 Base: 0%
	 Effective Percent: 16,95%
Vers
	 Rating: 23467
	 Multiplicative Factor: 0%
	 Eff: 25800,193536071936
	 DR Bracket: 1
	 Base: 3%
	 Effective Percent: 33,08%
Leech
	 Rating: 3060
	 Multiplicative Factor: 0%
	 Eff: 5099,99025
	 DR Bracket: 0
	 Base: 2%
	 Effective Percent: 5%
Avoidance
	 Rating: -0
	 Multiplicative Factor: 0%
	 Eff: -0,32846701212770313
	 DR Bracket: 0
	 Base: 0%
	 Effective Percent: -0%
Mastery
	 Rating: 21796
	 Multiplicative Factor: 0%
	 Eff: 29416,017027667796
	 DR Bracket: 1
	 Base: 19,8%
	 Effective Percent: 75,64%
----------------------
00:55,435

Intellect
	 Rating: 140996
	 Multiplicative Factor: 8,15%
	 Eff: 140996
Stamina
	 Rating: 879789
	 Multiplicative Factor: 11,3%
	 Eff: 879789,0000000001
Crit
	 Rating: 7441
	 Multiplicative Factor: 0%
	 Eff: 10941,496976702292
	 DR Bracket: 0
	 Base: 5%
	 Effective Percent: 15,63%
	 Crit Inc Heal: 2
	 Crit Inc Damage: 2
Haste
	 Rating: 11187
	 Multiplicative Factor: 0%
	 Eff: 11187,36507471162
	 DR Bracket: 0
	 Base: 0%
	 Effective Percent: 16,95%
Vers
	 Rating: 23467
	 Multiplicative Factor: 0%
	 Eff: 25800,193536071936
	 DR Bracket: 1
	 Base: 3%
	 Effective Percent: 33,08%
Leech
	 Rating: 3060
	 Multiplicative Factor: 0%
	 Eff: 5099,99025
	 DR Bracket: 0
	 Base: 2%
	 Effective Percent: 5%
Avoidance
	 Rating: -0
	 Multiplicative Factor: 0%
	 Eff: -0,32846701212770313
	 DR Bracket: 0
	 Base: 0%
	 Effective Percent: -0%
Mastery
	 Rating: 21796
	 Multiplicative Factor: 0%
	 Eff: 29416,017027667796
	 DR Bracket: 1
	 Base: 19,8%
	 Effective Percent: 75,64%
----------------------
01:00,503

Intellect
	 Rating: 140996
	 Multiplicative Factor: 8,15%
	 Eff: 140996
Stamina
	 Rating: 879789
	 Multiplicative Factor: 11,3%
	 Eff: 879789,0000000001
Crit
	 Rating: 7441
	 Multiplicative Factor: 0%
	 Eff: 10941,496976702292
	 DR Bracket: 0
	 Base: 5%
	 Effective Percent: 15,63%
	 Crit Inc Heal: 2,6
	 Crit Inc Damage: 2
Haste
	 Rating: 11187
	 Multiplicative Factor: 0%
	 Eff: 11187,36507471162
	 DR Bracket: 0
	 Base: 0%
	 Effective Percent: 16,95%
Vers
	 Rating: 23467
	 Multiplicative Factor: 0%
	 Eff: 25800,193536071936
	 DR Bracket: 1
	 Base: 3%
	 Effective Percent: 33,08%
Leech
	 Rating: 3060
	 Multiplicative Factor: 0%
	 Eff: 5099,99025
	 DR Bracket: 0
	 Base: 2%
	 Effective Percent: 5%
Avoidance
	 Rating: -0
	 Multiplicative Factor: 0%
	 Eff: -0,32846701212770313
	 DR Bracket: 0
	 Base: 0%
	 Effective Percent: -0%
Mastery
	 Rating: 21796
	 Multiplicative Factor: 0%
	 Eff: 29416,017027667796
	 DR Bracket: 1
	 Base: 19,8%
	 Effective Percent: 75,64%
----------------------
01:05,558

Intellect
	 Rating: 140996
	 Multiplicative Factor: 8,15%
	 Eff: 140996
Stamina
	 Rating: 879789
	 Multiplicative Factor: 11,3%
	 Eff: 879789,0000000001
Crit
	 Rating: 13426
	 Multiplicative Factor: 0%
	 Eff: 16926,373659807898
	 DR Bracket: 0
	 Base: 5%
	 Effective Percent: 24,18%
	 Crit Inc Heal: 2,6
	 Crit Inc Damage: 2
Haste
	 Rating: 11187
	 Multiplicative Factor: 0%
	 Eff: 11187,36507471162
	 DR Bracket: 0
	 Base: 0%
	 Effective Percent: 16,95%
Vers
	 Rating: 23467
	 Multiplicative Factor: 0%
	 Eff: 25800,193536071936
	 DR Bracket: 1
	 Base: 3%
	 Effective Percent: 33,08%
Leech
	 Rating: 3060
	 Multiplicative Factor: 0%
	 Eff: 5099,99025
	 DR Bracket: 0
	 Base: 2%
	 Effective Percent: 5%
Avoidance
	 Rating: -0
	 Multiplicative Factor: 0%
	 Eff: -0,32846701212770313
	 DR Bracket: 0
	 Base: 0%
	 Effective Percent: -0%
Mastery
	 Rating: 21796
	 Multiplicative Factor: 0%
	 Eff: 29416,017027667796
	 DR Bracket: 1
	 Base: 19,8%
	 Effective Percent: 75,64%
----------------------
01:10,692

Intellect
	 Rating: 140996
	 Multiplicative Factor: 8,15%
	 Eff: 140996
Stamina
	 Rating: 879789
	 Multiplicative Factor: 11,3%
	 Eff: 879789,0000000001
Crit
	 Rating: 13426
	 Multiplicative Factor: 0%
	 Eff: 16926,373659807898
	 DR Bracket: 0
	 Base: 5%
	 Effective Percent: 24,18%
	 Crit Inc Heal: 2,6
	 Crit Inc Damage: 2
Haste
	 Rating: 11187
	 Multiplicative Factor: 0%
	 Eff: 11187,36507471162
	 DR Bracket: 0
	 Base: 0%
	 Effective Percent: 16,95%
Vers
	 Rating: 23467
	 Multiplicative Factor: 0%
	 Eff: 25800,193536071936
	 DR Bracket: 1
	 Base: 3%
	 Effective Percent: 33,08%
Leech
	 Rating: 3060
	 Multiplicative Factor: 0%
	 Eff: 5099,99025
	 DR Bracket: 0
	 Base: 2%
	 Effective Percent: 5%
Avoidance
	 Rating: -0
	 Multiplicative Factor: 0%
	 Eff: -0,32846701212770313
	 DR Bracket: 0
	 Base: 0%
	 Effective Percent: -0%
Mastery
	 Rating: 21796
	 Multiplicative Factor: 0%
	 Eff: 29416,017027667796
	 DR Bracket: 1
	 Base: 19,8%
	 Effective Percent: 75,64%
----------------------
01:15,717

Intellect
	 Rating: 140996
	 Multiplicative Factor: 8,15%
	 Eff: 140996
Stamina
	 Rating: 879789
	 Multiplicative Factor: 11,3%
	 Eff: 879789,0000000001
Crit
	 Rating: 7441
	 Multiplicative Factor: 0%
	 Eff: 10941,496976702292
	 DR Bracket: 0
	 Base: 5%
	 Effective Percent: 15,63%
	 Crit Inc Heal: 2
	 Crit Inc Damage: 2
Haste
	 Rating: 11187
	 Multiplicative Factor: 0%
	 Eff: 11187,36507471162
	 DR Bracket: 0
	 Base: 0%
	 Effective Percent: 16,95%
Vers
	 Rating: 23467
	 Multiplicative Factor: 0%
	 Eff: 25800,193536071936
	 DR Bracket: 1
	 Base: 3%
	 Effective Percent: 33,08%
Leech
	 Rating: 3060
	 Multiplicative Factor: 0%
	 Eff: 5099,99025
	 DR Bracket: 0
	 Base: 2%
	 Effective Percent: 5%
Avoidance
	 Rating: -0
	 Multiplicative Factor: 0%
	 Eff: -0,32846701212770313
	 DR Bracket: 0
	 Base: 0%
	 Effective Percent: -0%
Mastery
	 Rating: 21796
	 Multiplicative Factor: 0%
	 Eff: 29416,017027667796
	 DR Bracket: 1
	 Base: 19,8%
	 Effective Percent: 75,64%
----------------------
01:20,757

Intellect
	 Rating: 140996
	 Multiplicative Factor: 8,15%
	 Eff: 140996
Stamina
	 Rating: 879789
	 Multiplicative Factor: 11,3%
	 Eff: 879789,0000000001
Crit
	 Rating: 7441
	 Multiplicative Factor: 0%
	 Eff: 10941,496976702292
	 DR Bracket: 0
	 Base: 5%
	 Effective Percent: 15,63%
	 Crit Inc Heal: 2,6
	 Crit Inc Damage: 2
Haste
	 Rating: 11187
	 Multiplicative Factor: 0%
	 Eff: 11187,36507471162
	 DR Bracket: 0
	 Base: 0%
	 Effective Percent: 16,95%
Vers
	 Rating: 23467
	 Multiplicative Factor: 0%
	 Eff: 25800,193536071936
	 DR Bracket: 1
	 Base: 3%
	 Effective Percent: 33,08%
Leech
	 Rating: 3060
	 Multiplicative Factor: 0%
	 Eff: 5099,99025
	 DR Bracket: 0
	 Base: 2%
	 Effective Percent: 5%
Avoidance
	 Rating: -0
	 Multiplicative Factor: 0%
	 Eff: -0,32846701212770313
	 DR Bracket: 0
	 Base: 0%
	 Effective Percent: -0%
Mastery
	 Rating: 21796
	 Multiplicative Factor: 0%
	 Eff: 29416,017027667796
	 DR Bracket: 1
	 Base: 19,8%
	 Effective Percent: 75,64%
----------------------
01:25,772

Intellect
	 Rating: 140996
	 Multiplicative Factor: 8,15%
	 Eff: 140996
Stamina
	 Rating: 879789
	 Multiplicative Factor: 11,3%
	 Eff: 879789,0000000001
Crit
	 Rating: 7441
	 Multiplicative Factor: 0%
	 Eff: 10941,496976702292
	 DR Bracket: 0
	 Base: 5%
	 Effective Percent: 15,63%
	 Crit Inc Heal: 2,6
	 Crit Inc Damage: 2
Haste
	 Rating: 11187
	 Multiplicative Factor: 0%
	 Eff: 11187,36507471162
	 DR Bracket: 0
	 Base: 0%
	 Effective Percent: 16,95%
Vers
	 Rating: 23467
	 Multiplicative Factor: 0%
	 Eff: 25800,193536071936
	 DR Bracket: 1
	 Base: 3%
	 Effective Percent: 33,08%
Leech
	 Rating: 3060
	 Multiplicative Factor: 0%
	 Eff: 5099,99025
	 DR Bracket: 0
	 Base: 2%
	 Effective Percent: 5%
Avoidance
	 Rating: -0
	 Multiplicative Factor: 0%
	 Eff: -0,32846701212770313
	 DR Bracket: 0
	 Base: 0%
	 Effective Percent: -0%
Mastery
	 Rating: 21796
	 Multiplicative Factor: 0%
	 Eff: 29416,017027667796
	 DR Bracket: 1
	 Base: 19,8%
	 Effective Percent: 75,64%
----------------------
01:30,928

Intellect
	 Rating: 140996
	 Multiplicative Factor: 8,15%
	 Eff: 140996
Stamina
	 Rating: 879789
	 Multiplicative Factor: 11,3%
	 Eff: 879789,0000000001
Crit
	 Rating: 7441
	 Multiplicative Factor: 0%
	 Eff: 10941,496976702292
	 DR Bracket: 0
	 Base: 5%
	 Effective Percent: 15,63%
	 Crit Inc Heal: 2,6
	 Crit Inc Damage: 2
Haste
	 Rating: 11187
	 Multiplicative Factor: 0%
	 Eff: 11187,36507471162
	 DR Bracket: 0
	 Base: 0%
	 Effective Percent: 16,95%
Vers
	 Rating: 23467
	 Multiplicative Factor: 0%
	 Eff: 25800,193536071936
	 DR Bracket: 1
	 Base: 3%
	 Effective Percent: 33,08%
Leech
	 Rating: 3060
	 Multiplicative Factor: 0%
	 Eff: 5099,99025
	 DR Bracket: 0
	 Base: 2%
	 Effective Percent: 5%
Avoidance
	 Rating: -0
	 Multiplicative Factor: 0%
	 Eff: -0,32846701212770313
	 DR Bracket: 0
	 Base: 0%
	 Effective Percent: -0%
Mastery
	 Rating: 21796
	 Multiplicative Factor: 0%
	 Eff: 29416,017027667796
	 DR Bracket: 1
	 Base: 19,8%
	 Effective Percent: 75,64%
----------------------
01:36,337

Intellect
	 Rating: 140996
	 Multiplicative Factor: 8,15%
	 Eff: 140996
Stamina
	 Rating: 879789
	 Multiplicative Factor: 11,3%
	 Eff: 879789,0000000001
Crit
	 Rating: 7441
	 Multiplicative Factor: 0%
	 Eff: 10941,496976702292
	 DR Bracket: 0
	 Base: 5%
	 Effective Percent: 15,63%
	 Crit Inc Heal: 2,6
	 Crit Inc Damage: 2
Haste
	 Rating: 11187
	 Multiplicative Factor: 0%
	 Eff: 11187,36507471162
	 DR Bracket: 0
	 Base: 0%
	 Effective Percent: 16,95%
Vers
	 Rating: 23467
	 Multiplicative Factor: 0%
	 Eff: 25800,193536071936
	 DR Bracket: 1
	 Base: 3%
	 Effective Percent: 33,08%
Leech
	 Rating: 3060
	 Multiplicative Factor: 0%
	 Eff: 5099,99025
	 DR Bracket: 0
	 Base: 2%
	 Effective Percent: 5%
Avoidance
	 Rating: -0
	 Multiplicative Factor: 0%
	 Eff: -0,32846701212770313
	 DR Bracket: 0
	 Base: 0%
	 Effective Percent: -0%
Mastery
	 Rating: 21796
	 Multiplicative Factor: 0%
	 Eff: 29416,017027667796
	 DR Bracket: 1
	 Base: 19,8%
	 Effective Percent: 75,64%
----------------------
01:41,374

Intellect
	 Rating: 140996
	 Multiplicative Factor: 8,15%
	 Eff: 140996
Stamina
	 Rating: 879789
	 Multiplicative Factor: 11,3%
	 Eff: 879789,0000000001
Crit
	 Rating: 7441
	 Multiplicative Factor: 0%
	 Eff: 10941,496976702292
	 DR Bracket: 0
	 Base: 5%
	 Effective Percent: 15,63%
	 Crit Inc Heal: 2
	 Crit Inc Damage: 2
Haste
	 Rating: 11187
	 Multiplicative Factor: 0%
	 Eff: 11187,36507471162
	 DR Bracket: 0
	 Base: 0%
	 Effective Percent: 16,95%
Vers
	 Rating: 23467
	 Multiplicative Factor: 0%
	 Eff: 25800,193536071936
	 DR Bracket: 1
	 Base: 3%
	 Effective Percent: 33,08%
Leech
	 Rating: 3060
	 Multiplicative Factor: 0%
	 Eff: 5099,99025
	 DR Bracket: 0
	 Base: 2%
	 Effective Percent: 5%
Avoidance
	 Rating: -0
	 Multiplicative Factor: 0%
	 Eff: -0,32846701212770313
	 DR Bracket: 0
	 Base: 0%
	 Effective Percent: -0%
Mastery
	 Rating: 21796
	 Multiplicative Factor: 0%
	 Eff: 29416,017027667796
	 DR Bracket: 1
	 Base: 19,8%
	 Effective Percent: 75,64%
----------------------
01:46,390

Intellect
	 Rating: 140996
	 Multiplicative Factor: 8,15%
	 Eff: 140996
Stamina
	 Rating: 879789
	 Multiplicative Factor: 11,3%
	 Eff: 879789,0000000001
Crit
	 Rating: 7441
	 Multiplicative Factor: 0%
	 Eff: 10941,496976702292
	 DR Bracket: 0
	 Base: 5%
	 Effective Percent: 15,63%
	 Crit Inc Heal: 2,6
	 Crit Inc Damage: 2
Haste
	 Rating: 11187
	 Multiplicative Factor: 0%
	 Eff: 11187,36507471162
	 DR Bracket: 0
	 Base: 0%
	 Effective Percent: 16,95%
Vers
	 Rating: 23467
	 Multiplicative Factor: 0%
	 Eff: 25800,193536071936
	 DR Bracket: 1
	 Base: 3%
	 Effective Percent: 33,08%
Leech
	 Rating: 3060
	 Multiplicative Factor: 0%
	 Eff: 5099,99025
	 DR Bracket: 0
	 Base: 2%
	 Effective Percent: 5%
Avoidance
	 Rating: -0
	 Multiplicative Factor: 0%
	 Eff: -0,32846701212770313
	 DR Bracket: 0
	 Base: 0%
	 Effective Percent: -0%
Mastery
	 Rating: 21796
	 Multiplicative Factor: 0%
	 Eff: 29416,017027667796
	 DR Bracket: 1
	 Base: 19,8%
	 Effective Percent: 75,64%
----------------------
01:51,451

Intellect
	 Rating: 140996
	 Multiplicative Factor: 8,15%
	 Eff: 140996
Stamina
	 Rating: 879789
	 Multiplicative Factor: 11,3%
	 Eff: 879789,0000000001
Crit
	 Rating: 7441
	 Multiplicative Factor: 0%
	 Eff: 10941,496976702292
	 DR Bracket: 0
	 Base: 5%
	 Effective Percent: 15,63%
	 Crit Inc Heal: 2,6
	 Crit Inc Damage: 2
Haste
	 Rating: 11187
	 Multiplicative Factor: 0%
	 Eff: 11187,36507471162
	 DR Bracket: 0
	 Base: 0%
	 Effective Percent: 16,95%
Vers
	 Rating: 23467
	 Multiplicative Factor: 0%
	 Eff: 25800,193536071936
	 DR Bracket: 1
	 Base: 3%
	 Effective Percent: 33,08%
Leech
	 Rating: 3060
	 Multiplicative Factor: 0%
	 Eff: 5099,99025
	 DR Bracket: 0
	 Base: 2%
	 Effective Percent: 5%
Avoidance
	 Rating: -0
	 Multiplicative Factor: 0%
	 Eff: -0,32846701212770313
	 DR Bracket: 0
	 Base: 0%
	 Effective Percent: -0%
Mastery
	 Rating: 21796
	 Multiplicative Factor: 0%
	 Eff: 29416,017027667796
	 DR Bracket: 1
	 Base: 19,8%
	 Effective Percent: 75,64%
----------------------
01:56,519

Intellect
	 Rating: 140996
	 Multiplicative Factor: 8,15%
	 Eff: 140996
Stamina
	 Rating: 879789
	 Multiplicative Factor: 11,3%
	 Eff: 879789,0000000001
Crit
	 Rating: 7441
	 Multiplicative Factor: 0%
	 Eff: 10941,496976702292
	 DR Bracket: 0
	 Base: 5%
	 Effective Percent: 15,63%
	 Crit Inc Heal: 2,6
	 Crit Inc Damage: 2
Haste
	 Rating: 11187
	 Multiplicative Factor: 0%
	 Eff: 11187,36507471162
	 DR Bracket: 0
	 Base: 0%
	 Effective Percent: 16,95%
Vers
	 Rating: 23467
	 Multiplicative Factor: 0%
	 Eff: 25800,193536071936
	 DR Bracket: 1
	 Base: 3%
	 Effective Percent: 33,08%
Leech
	 Rating: 3060
	 Multiplicative Factor: 0%
	 Eff: 5099,99025
	 DR Bracket: 0
	 Base: 2%
	 Effective Percent: 5%
Avoidance
	 Rating: -0
	 Multiplicative Factor: 0%
	 Eff: -0,32846701212770313
	 DR Bracket: 0
	 Base: 0%
	 Effective Percent: -0%
Mastery
	 Rating: 21796
	 Multiplicative Factor: 0%
	 Eff: 29416,017027667796
	 DR Bracket: 1
	 Base: 19,8%
	 Effective Percent: 75,64%
----------------------
02:01,621

Intellect
	 Rating: 140996
	 Multiplicative Factor: 8,15%
	 Eff: 140996
Stamina
	 Rating: 879789
	 Multiplicative Factor: 11,3%
	 Eff: 879789,0000000001
Crit
	 Rating: 7441
	 Multiplicative Factor: 0%
	 Eff: 10941,496976702292
	 DR Bracket: 0
	 Base: 5%
	 Effective Percent: 15,63%
	 Crit Inc Heal: 2,6
	 Crit Inc Damage: 2
Haste
	 Rating: 11187
	 Multiplicative Factor: 0%
	 Eff: 11187,36507471162
	 DR Bracket: 0
	 Base: 0%
	 Effective Percent: 16,95%
Vers
	 Rating: 23467
	 Multiplicative Factor: 0%
	 Eff: 25800,193536071936
	 DR Bracket: 1
	 Base: 3%
	 Effective Percent: 33,08%
Leech
	 Rating: 3060
	 Multiplicative Factor: 0%
	 Eff: 5099,99025
	 DR Bracket: 0
	 Base: 2%
	 Effective Percent: 5%
Avoidance
	 Rating: -0
	 Multiplicative Factor: 0%
	 Eff: -0,32846701212770313
	 DR Bracket: 0
	 Base: 0%
	 Effective Percent: -0%
Mastery
	 Rating: 21796
	 Multiplicative Factor: 0%
	 Eff: 29416,017027667796
	 DR Bracket: 1
	 Base: 19,8%
	 Effective Percent: 75,64%
----------------------
02:06,690

Intellect
	 Rating: 140996
	 Multiplicative Factor: 8,15%
	 Eff: 140996
Stamina
	 Rating: 879789
	 Multiplicative Factor: 11,3%
	 Eff: 879789,0000000001
Crit
	 Rating: 7441
	 Multiplicative Factor: 0%
	 Eff: 10941,496976702292
	 DR Bracket: 0
	 Base: 5%
	 Effective Percent: 15,63%
	 Crit Inc Heal: 2,6
	 Crit Inc Damage: 2
Haste
	 Rating: 11187
	 Multiplicative Factor: 0%
	 Eff: 11187,36507471162
	 DR Bracket: 0
	 Base: 0%
	 Effective Percent: 16,95%
Vers
	 Rating: 23467
	 Multiplicative Factor: 0%
	 Eff: 25800,193536071936
	 DR Bracket: 1
	 Base: 3%
	 Effective Percent: 33,08%
Leech
	 Rating: 3060
	 Multiplicative Factor: 0%
	 Eff: 5099,99025
	 DR Bracket: 0
	 Base: 2%
	 Effective Percent: 5%
Avoidance
	 Rating: -0
	 Multiplicative Factor: 0%
	 Eff: -0,32846701212770313
	 DR Bracket: 0
	 Base: 0%
	 Effective Percent: -0%
Mastery
	 Rating: 21796
	 Multiplicative Factor: 0%
	 Eff: 29416,017027667796
	 DR Bracket: 1
	 Base: 19,8%
	 Effective Percent: 75,64%
----------------------
02:11,837

Intellect
	 Rating: 140996
	 Multiplicative Factor: 8,15%
	 Eff: 140996
Stamina
	 Rating: 879789
	 Multiplicative Factor: 11,3%
	 Eff: 879789,0000000001
Crit
	 Rating: 7441
	 Multiplicative Factor: 0%
	 Eff: 10941,496976702292
	 DR Bracket: 0
	 Base: 5%
	 Effective Percent: 15,63%
	 Crit Inc Heal: 2,6
	 Crit Inc Damage: 2
Haste
	 Rating: 11187
	 Multiplicative Factor: 0%
	 Eff: 11187,36507471162
	 DR Bracket: 0
	 Base: 0%
	 Effective Percent: 16,95%
Vers
	 Rating: 23467
	 Multiplicative Factor: 0%
	 Eff: 25800,193536071936
	 DR Bracket: 1
	 Base: 3%
	 Effective Percent: 33,08%
Leech
	 Rating: 3060
	 Multiplicative Factor: 0%
	 Eff: 5099,99025
	 DR Bracket: 0
	 Base: 2%
	 Effective Percent: 5%
Avoidance
	 Rating: -0
	 Multiplicative Factor: 0%
	 Eff: -0,32846701212770313
	 DR Bracket: 0
	 Base: 0%
	 Effective Percent: -0%
Mastery
	 Rating: 21796
	 Multiplicative Factor: 0%
	 Eff: 29416,017027667796
	 DR Bracket: 1
	 Base: 19,8%
	 Effective Percent: 75,64%
----------------------
02:16,872

Intellect
	 Rating: 140996
	 Multiplicative Factor: 8,15%
	 Eff: 140996
Stamina
	 Rating: 879789
	 Multiplicative Factor: 11,3%
	 Eff: 879789,0000000001
Crit
	 Rating: 7441
	 Multiplicative Factor: 0%
	 Eff: 10941,496976702292
	 DR Bracket: 0
	 Base: 5%
	 Effective Percent: 15,63%
	 Crit Inc Heal: 2
	 Crit Inc Damage: 2
Haste
	 Rating: 11187
	 Multiplicative Factor: 0%
	 Eff: 11187,36507471162
	 DR Bracket: 0
	 Base: 0%
	 Effective Percent: 16,95%
Vers
	 Rating: 23467
	 Multiplicative Factor: 0%
	 Eff: 25800,193536071936
	 DR Bracket: 1
	 Base: 3%
	 Effective Percent: 33,08%
Leech
	 Rating: 3060
	 Multiplicative Factor: 0%
	 Eff: 5099,99025
	 DR Bracket: 0
	 Base: 2%
	 Effective Percent: 5%
Avoidance
	 Rating: -0
	 Multiplicative Factor: 0%
	 Eff: -0,32846701212770313
	 DR Bracket: 0
	 Base: 0%
	 Effective Percent: -0%
Mastery
	 Rating: 21796
	 Multiplicative Factor: 0%
	 Eff: 29416,017027667796
	 DR Bracket: 1
	 Base: 19,8%
	 Effective Percent: 75,64%
----------------------
02:22,241

Intellect
	 Rating: 140996
	 Multiplicative Factor: 8,15%
	 Eff: 140996
Stamina
	 Rating: 879789
	 Multiplicative Factor: 11,3%
	 Eff: 879789,0000000001
Crit
	 Rating: 19411
	 Multiplicative Factor: 0%
	 Eff: 22911,250342913503
	 DR Bracket: 0
	 Base: 5%
	 Effective Percent: 32,73%
	 Crit Inc Heal: 2,6
	 Crit Inc Damage: 2
Haste
	 Rating: 11187
	 Multiplicative Factor: 0%
	 Eff: 11187,36507471162
	 DR Bracket: 0
	 Base: 0%
	 Effective Percent: 16,95%
Vers
	 Rating: 23467
	 Multiplicative Factor: 0%
	 Eff: 25800,193536071936
	 DR Bracket: 1
	 Base: 3%
	 Effective Percent: 33,08%
Leech
	 Rating: 3060
	 Multiplicative Factor: 0%
	 Eff: 5099,99025
	 DR Bracket: 0
	 Base: 2%
	 Effective Percent: 5%
Avoidance
	 Rating: -0
	 Multiplicative Factor: 0%
	 Eff: -0,32846701212770313
	 DR Bracket: 0
	 Base: 0%
	 Effective Percent: -0%
Mastery
	 Rating: 21796
	 Multiplicative Factor: 0%
	 Eff: 29416,017027667796
	 DR Bracket: 1
	 Base: 19,8%
	 Effective Percent: 75,64%
----------------------
02:27,241

Intellect
	 Rating: 140996
	 Multiplicative Factor: 8,15%
	 Eff: 140996
Stamina
	 Rating: 879789
	 Multiplicative Factor: 11,3%
	 Eff: 879789,0000000001
Crit
	 Rating: 19411
	 Multiplicative Factor: 0%
	 Eff: 22911,250342913503
	 DR Bracket: 0
	 Base: 5%
	 Effective Percent: 32,73%
	 Crit Inc Heal: 2,6
	 Crit Inc Damage: 2
Haste
	 Rating: 11187
	 Multiplicative Factor: 0%
	 Eff: 11187,36507471162
	 DR Bracket: 0
	 Base: 0%
	 Effective Percent: 16,95%
Vers
	 Rating: 23467
	 Multiplicative Factor: 0%
	 Eff: 25800,193536071936
	 DR Bracket: 1
	 Base: 3%
	 Effective Percent: 33,08%
Leech
	 Rating: 3060
	 Multiplicative Factor: 0%
	 Eff: 5099,99025
	 DR Bracket: 0
	 Base: 2%
	 Effective Percent: 5%
Avoidance
	 Rating: -0
	 Multiplicative Factor: 0%
	 Eff: -0,32846701212770313
	 DR Bracket: 0
	 Base: 0%
	 Effective Percent: -0%
Mastery
	 Rating: 21796
	 Multiplicative Factor: 0%
	 Eff: 29416,017027667796
	 DR Bracket: 1
	 Base: 19,8%
	 Effective Percent: 75,64%
----------------------
02:32,258

Intellect
	 Rating: 140996
	 Multiplicative Factor: 8,15%
	 Eff: 140996
Stamina
	 Rating: 879789
	 Multiplicative Factor: 11,3%
	 Eff: 879789,0000000001
Crit
	 Rating: 7441
	 Multiplicative Factor: 0%
	 Eff: 10941,496976702292
	 DR Bracket: 0
	 Base: 5%
	 Effective Percent: 15,63%
	 Crit Inc Heal: 2,6
	 Crit Inc Damage: 2
Haste
	 Rating: 11187
	 Multiplicative Factor: 0%
	 Eff: 11187,36507471162
	 DR Bracket: 0
	 Base: 0%
	 Effective Percent: 16,95%
Vers
	 Rating: 23467
	 Multiplicative Factor: 0%
	 Eff: 25800,193536071936
	 DR Bracket: 1
	 Base: 3%
	 Effective Percent: 33,08%
Leech
	 Rating: 3060
	 Multiplicative Factor: 0%
	 Eff: 5099,99025
	 DR Bracket: 0
	 Base: 2%
	 Effective Percent: 5%
Avoidance
	 Rating: -0
	 Multiplicative Factor: 0%
	 Eff: -0,32846701212770313
	 DR Bracket: 0
	 Base: 0%
	 Effective Percent: -0%
Mastery
	 Rating: 21796
	 Multiplicative Factor: 0%
	 Eff: 29416,017027667796
	 DR Bracket: 1
	 Base: 19,8%
	 Effective Percent: 75,64%
----------------------
02:37,305

Intellect
	 Rating: 140996
	 Multiplicative Factor: 8,15%
	 Eff: 140996
Stamina
	 Rating: 879789
	 Multiplicative Factor: 11,3%
	 Eff: 879789,0000000001
Crit
	 Rating: 7441
	 Multiplicative Factor: 0%
	 Eff: 10941,496976702292
	 DR Bracket: 0
	 Base: 5%
	 Effective Percent: 15,63%
	 Crit Inc Heal: 2
	 Crit Inc Damage: 2
Haste
	 Rating: 11187
	 Multiplicative Factor: 0%
	 Eff: 11187,36507471162
	 DR Bracket: 0
	 Base: 0%
	 Effective Percent: 16,95%
Vers
	 Rating: 23467
	 Multiplicative Factor: 0%
	 Eff: 25800,193536071936
	 DR Bracket: 1
	 Base: 3%
	 Effective Percent: 33,08%
Leech
	 Rating: 3060
	 Multiplicative Factor: 0%
	 Eff: 5099,99025
	 DR Bracket: 0
	 Base: 2%
	 Effective Percent: 5%
Avoidance
	 Rating: -0
	 Multiplicative Factor: 0%
	 Eff: -0,32846701212770313
	 DR Bracket: 0
	 Base: 0%
	 Effective Percent: -0%
Mastery
	 Rating: 21796
	 Multiplicative Factor: 0%
	 Eff: 29416,017027667796
	 DR Bracket: 1
	 Base: 19,8%
	 Effective Percent: 75,64%
----------------------
02:42,502

Intellect
	 Rating: 140996
	 Multiplicative Factor: 8,15%
	 Eff: 140996
Stamina
	 Rating: 879789
	 Multiplicative Factor: 11,3%
	 Eff: 879789,0000000001
Crit
	 Rating: 7441
	 Multiplicative Factor: 0%
	 Eff: 10941,496976702292
	 DR Bracket: 0
	 Base: 5%
	 Effective Percent: 15,63%
	 Crit Inc Heal: 2
	 Crit Inc Damage: 2
Haste
	 Rating: 11187
	 Multiplicative Factor: 0%
	 Eff: 11187,36507471162
	 DR Bracket: 0
	 Base: 0%
	 Effective Percent: 16,95%
Vers
	 Rating: 23467
	 Multiplicative Factor: 0%
	 Eff: 25800,193536071936
	 DR Bracket: 1
	 Base: 3%
	 Effective Percent: 33,08%
Leech
	 Rating: 3060
	 Multiplicative Factor: 0%
	 Eff: 5099,99025
	 DR Bracket: 0
	 Base: 2%
	 Effective Percent: 5%
Avoidance
	 Rating: -0
	 Multiplicative Factor: 0%
	 Eff: -0,32846701212770313
	 DR Bracket: 0
	 Base: 0%
	 Effective Percent: -0%
Mastery
	 Rating: 21796
	 Multiplicative Factor: 0%
	 Eff: 29416,017027667796
	 DR Bracket: 1
	 Base: 19,8%
	 Effective Percent: 75,64%
----------------------
02:47,726

Intellect
	 Rating: 140996
	 Multiplicative Factor: 8,15%
	 Eff: 140996
Stamina
	 Rating: 879789
	 Multiplicative Factor: 11,3%
	 Eff: 879789,0000000001
Crit
	 Rating: 7441
	 Multiplicative Factor: 0%
	 Eff: 10941,496976702292
	 DR Bracket: 0
	 Base: 5%
	 Effective Percent: 15,63%
	 Crit Inc Heal: 2
	 Crit Inc Damage: 2
Haste
	 Rating: 11187
	 Multiplicative Factor: 0%
	 Eff: 11187,36507471162
	 DR Bracket: 0
	 Base: 0%
	 Effective Percent: 16,95%
Vers
	 Rating: 23467
	 Multiplicative Factor: 0%
	 Eff: 25800,193536071936
	 DR Bracket: 1
	 Base: 3%
	 Effective Percent: 33,08%
Leech
	 Rating: 3060
	 Multiplicative Factor: 0%
	 Eff: 5099,99025
	 DR Bracket: 0
	 Base: 2%
	 Effective Percent: 5%
Avoidance
	 Rating: -0
	 Multiplicative Factor: 0%
	 Eff: -0,32846701212770313
	 DR Bracket: 0
	 Base: 0%
	 Effective Percent: -0%
Mastery
	 Rating: 21796
	 Multiplicative Factor: 0%
	 Eff: 29416,017027667796
	 DR Bracket: 1
	 Base: 19,8%
	 Effective Percent: 75,64%
----------------------
02:53,312

Intellect
	 Rating: 140996
	 Multiplicative Factor: 8,15%
	 Eff: 140996
Stamina
	 Rating: 879789
	 Multiplicative Factor: 11,3%
	 Eff: 879789,0000000001
Crit
	 Rating: 7441
	 Multiplicative Factor: 0%
	 Eff: 10941,496976702292
	 DR Bracket: 0
	 Base: 5%
	 Effective Percent: 15,63%
	 Crit Inc Heal: 2
	 Crit Inc Damage: 2
Haste
	 Rating: 11187
	 Multiplicative Factor: 0%
	 Eff: 11187,36507471162
	 DR Bracket: 0
	 Base: 0%
	 Effective Percent: 16,95%
Vers
	 Rating: 23467
	 Multiplicative Factor: 0%
	 Eff: 25800,193536071936
	 DR Bracket: 1
	 Base: 3%
	 Effective Percent: 33,08%
Leech
	 Rating: 3060
	 Multiplicative Factor: 0%
	 Eff: 5099,99025
	 DR Bracket: 0
	 Base: 2%
	 Effective Percent: 5%
Avoidance
	 Rating: -0
	 Multiplicative Factor: 0%
	 Eff: -0,32846701212770313
	 DR Bracket: 0
	 Base: 0%
	 Effective Percent: -0%
Mastery
	 Rating: 21796
	 Multiplicative Factor: 0%
	 Eff: 29416,017027667796
	 DR Bracket: 1
	 Base: 19,8%
	 Effective Percent: 75,64%
----------------------
03:04,207

Intellect
	 Rating: 140996
	 Multiplicative Factor: 8,15%
	 Eff: 140996
Stamina
	 Rating: 879789
	 Multiplicative Factor: 11,3%
	 Eff: 879789,0000000001
Crit
	 Rating: 7441
	 Multiplicative Factor: 0%
	 Eff: 10941,496976702292
	 DR Bracket: 0
	 Base: 5%
	 Effective Percent: 15,63%
	 Crit Inc Heal: 2
	 Crit Inc Damage: 2
Haste
	 Rating: 11187
	 Multiplicative Factor: 0%
	 Eff: 11187,36507471162
	 DR Bracket: 0
	 Base: 0%
	 Effective Percent: 16,95%
Vers
	 Rating: 23467
	 Multiplicative Factor: 0%
	 Eff: 25800,193536071936
	 DR Bracket: 1
	 Base: 3%
	 Effective Percent: 33,08%
Leech
	 Rating: 3060
	 Multiplicative Factor: 0%
	 Eff: 5099,99025
	 DR Bracket: 0
	 Base: 2%
	 Effective Percent: 5%
Avoidance
	 Rating: -0
	 Multiplicative Factor: 0%
	 Eff: -0,32846701212770313
	 DR Bracket: 0
	 Base: 0%
	 Effective Percent: -0%
Mastery
	 Rating: 28442
	 Multiplicative Factor: 0%
	 Eff: 35353,259580149155
	 DR Bracket: 2
	 Base: 19,8%
	 Effective Percent: 90,91%
----------------------
03:09,267

Intellect
	 Rating: 140996
	 Multiplicative Factor: 8,15%
	 Eff: 140996
Stamina
	 Rating: 879789
	 Multiplicative Factor: 11,3%
	 Eff: 879789,0000000001
Crit
	 Rating: 7441
	 Multiplicative Factor: 0%
	 Eff: 10941,496976702292
	 DR Bracket: 0
	 Base: 5%
	 Effective Percent: 15,63%
	 Crit Inc Heal: 2
	 Crit Inc Damage: 2
Haste
	 Rating: 11187
	 Multiplicative Factor: 0%
	 Eff: 11187,36507471162
	 DR Bracket: 0
	 Base: 0%
	 Effective Percent: 16,95%
Vers
	 Rating: 23467
	 Multiplicative Factor: 0%
	 Eff: 25800,193536071936
	 DR Bracket: 1
	 Base: 3%
	 Effective Percent: 33,08%
Leech
	 Rating: 3060
	 Multiplicative Factor: 0%
	 Eff: 5099,99025
	 DR Bracket: 0
	 Base: 2%
	 Effective Percent: 5%
Avoidance
	 Rating: -0
	 Multiplicative Factor: 0%
	 Eff: -0,32846701212770313
	 DR Bracket: 0
	 Base: 0%
	 Effective Percent: -0%
Mastery
	 Rating: 28442
	 Multiplicative Factor: 0%
	 Eff: 35353,259580149155
	 DR Bracket: 2
	 Base: 19,8%
	 Effective Percent: 90,91%
----------------------
03:14,301

Intellect
	 Rating: 140996
	 Multiplicative Factor: 8,15%
	 Eff: 140996
Stamina
	 Rating: 879789
	 Multiplicative Factor: 11,3%
	 Eff: 879789,0000000001
Crit
	 Rating: 7441
	 Multiplicative Factor: 0%
	 Eff: 10941,496976702292
	 DR Bracket: 0
	 Base: 5%
	 Effective Percent: 15,63%
	 Crit Inc Heal: 2,6
	 Crit Inc Damage: 2
Haste
	 Rating: 11187
	 Multiplicative Factor: 0%
	 Eff: 11187,36507471162
	 DR Bracket: 0
	 Base: 0%
	 Effective Percent: 16,95%
Vers
	 Rating: 23467
	 Multiplicative Factor: 0%
	 Eff: 25800,193536071936
	 DR Bracket: 1
	 Base: 3%
	 Effective Percent: 33,08%
Leech
	 Rating: 3060
	 Multiplicative Factor: 0%
	 Eff: 5099,99025
	 DR Bracket: 0
	 Base: 2%
	 Effective Percent: 5%
Avoidance
	 Rating: -0
	 Multiplicative Factor: 0%
	 Eff: -0,32846701212770313
	 DR Bracket: 0
	 Base: 0%
	 Effective Percent: -0%
Mastery
	 Rating: 28442
	 Multiplicative Factor: 0%
	 Eff: 35353,259580149155
	 DR Bracket: 2
	 Base: 19,8%
	 Effective Percent: 90,91%
----------------------
03:19,389

Intellect
	 Rating: 140996
	 Multiplicative Factor: 8,15%
	 Eff: 140996
Stamina
	 Rating: 879789
	 Multiplicative Factor: 11,3%
	 Eff: 879789,0000000001
Crit
	 Rating: 13426
	 Multiplicative Factor: 0%
	 Eff: 16926,373659807898
	 DR Bracket: 0
	 Base: 5%
	 Effective Percent: 24,18%
	 Crit Inc Heal: 2,6
	 Crit Inc Damage: 2
Haste
	 Rating: 11187
	 Multiplicative Factor: 0%
	 Eff: 11187,36507471162
	 DR Bracket: 0
	 Base: 0%
	 Effective Percent: 16,95%
Vers
	 Rating: 23467
	 Multiplicative Factor: 0%
	 Eff: 25800,193536071936
	 DR Bracket: 1
	 Base: 3%
	 Effective Percent: 33,08%
Leech
	 Rating: 3060
	 Multiplicative Factor: 0%
	 Eff: 5099,99025
	 DR Bracket: 0
	 Base: 2%
	 Effective Percent: 5%
Avoidance
	 Rating: -0
	 Multiplicative Factor: 0%
	 Eff: -0,32846701212770313
	 DR Bracket: 0
	 Base: 0%
	 Effective Percent: -0%
Mastery
	 Rating: 28442
	 Multiplicative Factor: 0%
	 Eff: 35353,259580149155
	 DR Bracket: 2
	 Base: 19,8%
	 Effective Percent: 90,91%
----------------------
03:24,448

Intellect
	 Rating: 140996
	 Multiplicative Factor: 8,15%
	 Eff: 140996
Stamina
	 Rating: 879789
	 Multiplicative Factor: 11,3%
	 Eff: 879789,0000000001
Crit
	 Rating: 13426
	 Multiplicative Factor: 0%
	 Eff: 16926,373659807898
	 DR Bracket: 0
	 Base: 5%
	 Effective Percent: 24,18%
	 Crit Inc Heal: 2,6
	 Crit Inc Damage: 2
Haste
	 Rating: 11187
	 Multiplicative Factor: 0%
	 Eff: 11187,36507471162
	 DR Bracket: 0
	 Base: 0%
	 Effective Percent: 16,95%
Vers
	 Rating: 23467
	 Multiplicative Factor: 0%
	 Eff: 25800,193536071936
	 DR Bracket: 1
	 Base: 3%
	 Effective Percent: 33,08%
Leech
	 Rating: 3060
	 Multiplicative Factor: 0%
	 Eff: 5099,99025
	 DR Bracket: 0
	 Base: 2%
	 Effective Percent: 5%
Avoidance
	 Rating: -0
	 Multiplicative Factor: 0%
	 Eff: -0,32846701212770313
	 DR Bracket: 0
	 Base: 0%
	 Effective Percent: -0%
Mastery
	 Rating: 28442
	 Multiplicative Factor: 0%
	 Eff: 35353,259580149155
	 DR Bracket: 2
	 Base: 19,8%
	 Effective Percent: 90,91%
----------------------
03:29,449

Intellect
	 Rating: 140996
	 Multiplicative Factor: 8,15%
	 Eff: 140996
Stamina
	 Rating: 879789
	 Multiplicative Factor: 11,3%
	 Eff: 879789,0000000001
Crit
	 Rating: 7441
	 Multiplicative Factor: 0%
	 Eff: 10941,496976702292
	 DR Bracket: 0
	 Base: 5%
	 Effective Percent: 15,63%
	 Crit Inc Heal: 2,6
	 Crit Inc Damage: 2
Haste
	 Rating: 11187
	 Multiplicative Factor: 0%
	 Eff: 11187,36507471162
	 DR Bracket: 0
	 Base: 0%
	 Effective Percent: 16,95%
Vers
	 Rating: 23467
	 Multiplicative Factor: 0%
	 Eff: 25800,193536071936
	 DR Bracket: 1
	 Base: 3%
	 Effective Percent: 33,08%
Leech
	 Rating: 3060
	 Multiplicative Factor: 0%
	 Eff: 5099,99025
	 DR Bracket: 0
	 Base: 2%
	 Effective Percent: 5%
Avoidance
	 Rating: -0
	 Multiplicative Factor: 0%
	 Eff: -0,32846701212770313
	 DR Bracket: 0
	 Base: 0%
	 Effective Percent: -0%
Mastery
	 Rating: 28442
	 Multiplicative Factor: 0%
	 Eff: 35353,259580149155
	 DR Bracket: 2
	 Base: 19,8%
	 Effective Percent: 90,91%
----------------------
03:34,470

Intellect
	 Rating: 140996
	 Multiplicative Factor: 8,15%
	 Eff: 140996
Stamina
	 Rating: 879789
	 Multiplicative Factor: 11,3%
	 Eff: 879789,0000000001
Crit
	 Rating: 7441
	 Multiplicative Factor: 0%
	 Eff: 10941,496976702292
	 DR Bracket: 0
	 Base: 5%
	 Effective Percent: 15,63%
	 Crit Inc Heal: 2,6
	 Crit Inc Damage: 2
Haste
	 Rating: 11187
	 Multiplicative Factor: 0%
	 Eff: 11187,36507471162
	 DR Bracket: 0
	 Base: 0%
	 Effective Percent: 16,95%
Vers
	 Rating: 23467
	 Multiplicative Factor: 0%
	 Eff: 25800,193536071936
	 DR Bracket: 1
	 Base: 3%
	 Effective Percent: 33,08%
Leech
	 Rating: 3060
	 Multiplicative Factor: 0%
	 Eff: 5099,99025
	 DR Bracket: 0
	 Base: 2%
	 Effective Percent: 5%
Avoidance
	 Rating: -0
	 Multiplicative Factor: 0%
	 Eff: -0,32846701212770313
	 DR Bracket: 0
	 Base: 0%
	 Effective Percent: -0%
Mastery
	 Rating: 28442
	 Multiplicative Factor: 0%
	 Eff: 35353,259580149155
	 DR Bracket: 2
	 Base: 19,8%
	 Effective Percent: 90,91%
----------------------
03:39,499

Intellect
	 Rating: 140996
	 Multiplicative Factor: 8,15%
	 Eff: 140996
Stamina
	 Rating: 879789
	 Multiplicative Factor: 11,3%
	 Eff: 879789,0000000001
Crit
	 Rating: 7441
	 Multiplicative Factor: 0%
	 Eff: 10941,496976702292
	 DR Bracket: 0
	 Base: 5%
	 Effective Percent: 15,63%
	 Crit Inc Heal: 2,6
	 Crit Inc Damage: 2
Haste
	 Rating: 11187
	 Multiplicative Factor: 0%
	 Eff: 11187,36507471162
	 DR Bracket: 0
	 Base: 0%
	 Effective Percent: 16,95%
Vers
	 Rating: 23467
	 Multiplicative Factor: 0%
	 Eff: 25800,193536071936
	 DR Bracket: 1
	 Base: 3%
	 Effective Percent: 33,08%
Leech
	 Rating: 3060
	 Multiplicative Factor: 0%
	 Eff: 5099,99025
	 DR Bracket: 0
	 Base: 2%
	 Effective Percent: 5%
Avoidance
	 Rating: -0
	 Multiplicative Factor: 0%
	 Eff: -0,32846701212770313
	 DR Bracket: 0
	 Base: 0%
	 Effective Percent: -0%
Mastery
	 Rating: 28442
	 Multiplicative Factor: 0%
	 Eff: 35353,259580149155
	 DR Bracket: 2
	 Base: 19,8%
	 Effective Percent: 90,91%
----------------------
03:44,559

Intellect
	 Rating: 140996
	 Multiplicative Factor: 8,15%
	 Eff: 140996
Stamina
	 Rating: 879789
	 Multiplicative Factor: 11,3%
	 Eff: 879789,0000000001
Crit
	 Rating: 7441
	 Multiplicative Factor: 0%
	 Eff: 10941,496976702292
	 DR Bracket: 0
	 Base: 5%
	 Effective Percent: 15,63%
	 Crit Inc Heal: 2,6
	 Crit Inc Damage: 2
Haste
	 Rating: 11187
	 Multiplicative Factor: 0%
	 Eff: 11187,36507471162
	 DR Bracket: 0
	 Base: 0%
	 Effective Percent: 16,95%
Vers
	 Rating: 23467
	 Multiplicative Factor: 0%
	 Eff: 25800,193536071936
	 DR Bracket: 1
	 Base: 3%
	 Effective Percent: 33,08%
Leech
	 Rating: 3060
	 Multiplicative Factor: 0%
	 Eff: 5099,99025
	 DR Bracket: 0
	 Base: 2%
	 Effective Percent: 5%
Avoidance
	 Rating: -0
	 Multiplicative Factor: 0%
	 Eff: -0,32846701212770313
	 DR Bracket: 0
	 Base: 0%
	 Effective Percent: -0%
Mastery
	 Rating: 28442
	 Multiplicative Factor: 0%
	 Eff: 35353,259580149155
	 DR Bracket: 2
	 Base: 19,8%
	 Effective Percent: 90,91%
----------------------
03:49,590

Intellect
	 Rating: 140996
	 Multiplicative Factor: 8,15%
	 Eff: 140996
Stamina
	 Rating: 879789
	 Multiplicative Factor: 11,3%
	 Eff: 879789,0000000001
Crit
	 Rating: 13426
	 Multiplicative Factor: 0%
	 Eff: 16926,373659807898
	 DR Bracket: 0
	 Base: 5%
	 Effective Percent: 24,18%
	 Crit Inc Heal: 2,6
	 Crit Inc Damage: 2
Haste
	 Rating: 11187
	 Multiplicative Factor: 0%
	 Eff: 11187,36507471162
	 DR Bracket: 0
	 Base: 0%
	 Effective Percent: 16,95%
Vers
	 Rating: 23467
	 Multiplicative Factor: 0%
	 Eff: 25800,193536071936
	 DR Bracket: 1
	 Base: 3%
	 Effective Percent: 33,08%
Leech
	 Rating: 3060
	 Multiplicative Factor: 0%
	 Eff: 5099,99025
	 DR Bracket: 0
	 Base: 2%
	 Effective Percent: 5%
Avoidance
	 Rating: -0
	 Multiplicative Factor: 0%
	 Eff: -0,32846701212770313
	 DR Bracket: 0
	 Base: 0%
	 Effective Percent: -0%
Mastery
	 Rating: 28442
	 Multiplicative Factor: 0%
	 Eff: 35353,259580149155
	 DR Bracket: 2
	 Base: 19,8%
	 Effective Percent: 90,91%
----------------------
03:54,643

Intellect
	 Rating: 140996
	 Multiplicative Factor: 8,15%
	 Eff: 140996
Stamina
	 Rating: 879789
	 Multiplicative Factor: 11,3%
	 Eff: 879789,0000000001
Crit
	 Rating: 13426
	 Multiplicative Factor: 0%
	 Eff: 16926,373659807898
	 DR Bracket: 0
	 Base: 5%
	 Effective Percent: 24,18%
	 Crit Inc Heal: 2,6
	 Crit Inc Damage: 2
Haste
	 Rating: 11187
	 Multiplicative Factor: 0%
	 Eff: 11187,36507471162
	 DR Bracket: 0
	 Base: 0%
	 Effective Percent: 16,95%
Vers
	 Rating: 23467
	 Multiplicative Factor: 0%
	 Eff: 25800,193536071936
	 DR Bracket: 1
	 Base: 3%
	 Effective Percent: 33,08%
Leech
	 Rating: 3060
	 Multiplicative Factor: 0%
	 Eff: 5099,99025
	 DR Bracket: 0
	 Base: 2%
	 Effective Percent: 5%
Avoidance
	 Rating: -0
	 Multiplicative Factor: 0%
	 Eff: -0,32846701212770313
	 DR Bracket: 0
	 Base: 0%
	 Effective Percent: -0%
Mastery
	 Rating: 28442
	 Multiplicative Factor: 0%
	 Eff: 35353,259580149155
	 DR Bracket: 2
	 Base: 19,8%
	 Effective Percent: 90,91%
----------------------
03:59,659

Intellect
	 Rating: 140996
	 Multiplicative Factor: 8,15%
	 Eff: 140996
