-----------
EssenceRegenDummy
-----------
Azure Strike
-----------
Blessing of the Bronze
-----------
Cauterizing Flame
-----------
Chrono Flames
-----------
Chrono Flame
-----------
Consume Flame
	Eff: -28407944,623608842
-----------
Deep Breath
-----------
Disintegrate
-----------
Dream Breath
	Eff: -9220946,213359762
-----------
Dream Breath (Echo)
	Eff: -3057237,899513032
-----------
Dream Flight
	Eff: 3112782,930287415
-----------
Echo
	Eff: -4993324,407085425
-----------
Emerald Blossom
-----------
Engulf
-----------
Enkindle
-----------
Expunge
-----------
Fire Breath
	Dmg: 5264776,715171829
-----------
Fluttering Seedlings
-----------
Golden Hour
	Eff: -9215297,195420276
-----------
Landslide
-----------
Lifebind
	Eff: -19191845,122714467
-----------
Life-Giver's Flame
-----------
Living Flame
	Eff: -2365818,525931552
	Dmg: -235979,5374370789
-----------
Naturalize
-----------
Oppressing Roar
-----------
Panacea
	Eff: -50857,39794995841
-----------
Rewind
-----------
Renewing Blaze
-----------
Reversion
	Eff: 2717576,9765867954
-----------
Reversion (Echo)
	Eff: 3273178,4619195703
-----------
Sleep Walk
-----------
Source of Magic
-----------
Spatial Paradox
-----------
Spiritbloom
	Eff: -549073,803175105
-----------
Spiritbloom (Echo)
	Eff: -7404902,073074508
-----------
Stasis
-----------
Tail Swipe
-----------
Temporal Anomaly
	Eff: -23442349,092458464
-----------
Time Spiral
-----------
Unravel
-----------
Verdant Embrace
	Eff: 1697549,2146625288
-----------
Zephyr
-----------
Leech
	Eff: -206873,7920360138
-----------
Blessing of Summer
-----------
Holy Bulwark
-----------
ZeroCIMDummy
-----------
Ethereal Reconstitution
	Eff: 6873822,330399819
-----------
Ethereal Guard
	Eff: 32634716,602268763
-----------
Stasis (Release)
-----------
Essence Bomb
-----------
Voidglass Barrier
	Eff: 15179437,137080736
-----------
Tip the Scales
-----------
Algari Mana Potion
-----------
Hover
-----------
Glide
-----------
Rescue
-----------
Twin Guardian
-----------
Emerald Communion
-----------
Stasis (Store)
-----------
Obsidian Scales
-----------
Time Dilation
-----------
Take Off
-----------
Whirling Surge
-----------
Surge Forward
-----------
Skyward Ascent
-----------
Shooting Star
-----------
Wing Buffet
-----------
Fury of the Aspects
-----------
Bombardments
-----------
Invigorating Healing Potion
	Eff: 973441,2777031921
