-----------
EssenceRegenDummy
-----------
Azure Strike
-----------
Blessing of the Bronze
-----------
Cauterizing Flame
-----------
Chrono Flames
-----------
Chrono Flame
-----------
Consume Flame
	Eff: -25253546,4606729
-----------
Deep Breath
-----------
Disintegrate
-----------
Dream Breath
	Eff: -18134613,829522055
-----------
Dream Breath (Echo)
	Eff: -5432227,700306286
-----------
Dream Flight
	Eff: 1499424,355951596
-----------
Echo
	Eff: -5307022,782057822
-----------
Emerald Blossom
-----------
Engulf
-----------
Enkindle
-----------
Expunge
-----------
Fire Breath
	Dmg: 1314018,356127631
-----------
Fluttering Seedlings
-----------
Golden Hour
	Eff: -9215297,195420276
-----------
Landslide
-----------
Lifebind
	Eff: -22274899,693775244
-----------
Life-Giver's Flame
-----------
Living Flame
	Eff: -1998206,7460750667
	Dmg: -2172638,4342062296
-----------
Naturalize
-----------
Oppressing Roar
-----------
Panacea
	Eff: 269127,0798712844
-----------
Rewind
-----------
Renewing Blaze
-----------
Reversion
	Eff: -19203191,153262485
-----------
Reversion (Echo)
	Eff: -35008493,03529883
-----------
Sleep Walk
-----------
Source of Magic
-----------
Spatial Paradox
-----------
Spiritbloom
	Eff: 2412409,908612116
-----------
Spiritbloom (Echo)
	Eff: -3028473,7319430956
-----------
Stasis
-----------
Tail Swipe
-----------
Temporal Anomaly
	Eff: 20882116,7655288
-----------
Time Spiral
-----------
Unravel
-----------
Verdant Embrace
	Eff: 2607769,0276260134
-----------
Zephyr
-----------
Leech
	Eff: -3393958,8387550204
-----------
Blessing of Summer
-----------
Holy Bulwark
-----------
ZeroCIMDummy
-----------
Ethereal Reconstitution
	Eff: 2087139,2851536511
-----------
Ethereal Guard
	Eff: 9743433,716942314
-----------
Stasis (Release)
-----------
Essence Bomb
-----------
Voidglass Barrier
	Eff: 20948684,591824934
-----------
Tip the Scales
-----------
Algari Mana Potion
-----------
Hover
-----------
Glide
-----------
Rescue
-----------
Twin Guardian
-----------
Emerald Communion
-----------
Stasis (Store)
-----------
Obsidian Scales
-----------
Time Dilation
-----------
Take Off
-----------
Whirling Surge
-----------
Surge Forward
-----------
Skyward Ascent
-----------
Shooting Star
-----------
Wing Buffet
-----------
Fury of the Aspects
-----------
Bombardments
-----------
Invigorating Healing Potion
	Eff: 1343417,026014248
