-----------
EssenceRegenDummy
-----------
Azure Strike
-----------
Blessing of the Bronze
-----------
Cauterizing Flame
-----------
Chrono Flames
-----------
Chrono Flame
-----------
Consume Flame
	Eff: -1558979,221055824
-----------
Deep Breath
-----------
Disintegrate
-----------
Dream Breath
	Eff: 8860732,109579915
-----------
Dream Breath (Echo)
	Eff: -2428748,5200357367
-----------
Dream Flight
	Eff: 9632157,326983025
-----------
Echo
	Eff: 285586,59060263657
-----------
Emerald Blossom
-----------
Engulf
-----------
Enkindle
-----------
Expunge
-----------
Fire Breath
	Dmg: 203062,9930954919
-----------
Fluttering Seedlings
-----------
Golden Hour
	Eff: -9215297,195420276
-----------
Landslide
-----------
Lifebind
	Eff: -15804223,024741702
-----------
Life-Giver's Flame
-----------
Living Flame
	Eff: -1826065,4146927465
	Dmg: -2514999,837526029
-----------
Naturalize
-----------
Oppressing Roar
-----------
Panacea
	Eff: 751681,8828408095
-----------
Rewind
-----------
Renewing Blaze
-----------
Reversion
	Eff: 6084604,917850121
-----------
Reversion (Echo)
	Eff: 9791146,08895322
-----------
Sleep Walk
-----------
Source of Magic
-----------
Spatial Paradox
-----------
Spiritbloom
	Eff: 2582991,6789312954
-----------
Spiritbloom (Echo)
	Eff: -2683231,141649396
-----------
Stasis
-----------
Tail Swipe
-----------
Temporal Anomaly
	Eff: -42388565,23265399
-----------
Time Spiral
-----------
Unravel
-----------
Verdant Embrace
	Eff: 7249990,224287709
-----------
Zephyr
-----------
Leech
	Eff: 963386,8267329517
-----------
Blessing of Summer
-----------
Holy Bulwark
-----------
ZeroCIMDummy
-----------
Ethereal Reconstitution
	Eff: -150076,63788152838
-----------
Ethereal Guard
	Eff: 3447876,692555462
-----------
Stasis (Release)
-----------
Essence Bomb
-----------
Voidglass Barrier
	Eff: -4045774,625956028
-----------
Tip the Scales
-----------
Algari Mana Potion
-----------
Hover
-----------
Glide
-----------
Rescue
-----------
Twin Guardian
-----------
Emerald Communion
-----------
Stasis (Store)
-----------
Obsidian Scales
-----------
Time Dilation
-----------
Take Off
-----------
Whirling Surge
-----------
Surge Forward
-----------
Skyward Ascent
-----------
Shooting Star
-----------
Wing Buffet
-----------
Fury of the Aspects
-----------
Bombardments
-----------
Invigorating Healing Potion
	Eff: -259451,25538081676
