-----------
EssenceRegenDummy
-----------
Azure Strike
-----------
Blessing of the Bronze
-----------
Cauterizing Flame
-----------
Chrono Flames
-----------
Chrono Flame
-----------
Consume Flame
	Eff: -49138065,7555311
-----------
Deep Breath
-----------
Disintegrate
-----------
Dream Breath
	Eff: -34680738,320649266
-----------
Dream Breath (Echo)
	Eff: -5768323,739485599
-----------
Dream Flight
	Eff: -6674311,868099862
-----------
Echo
	Eff: -9402812,118452631
-----------
Emerald Blossom
-----------
Engulf
-----------
Enkindle
-----------
Expunge
-----------
Fire Breath
	Dmg: 4464540,563765735
-----------
Fluttering Seedlings
-----------
Golden Hour
	Eff: -9215297,195420276
-----------
Landslide
-----------
Lifebind
	Eff: -23354957,379248254
-----------
Life-Giver's Flame
-----------
Living Flame
	Eff: -2496274,498204821
	Dmg: -709408,6355015481
-----------
Naturalize
-----------
Oppressing Roar
-----------
Panacea
	Eff: -407273,4339233625
-----------
Rewind
-----------
Renewing Blaze
-----------
Reversion
	Eff: -13796200,025814584
-----------
Reversion (Echo)
	Eff: -26885608,93069346
-----------
Sleep Walk
-----------
Source of Magic
-----------
Spatial Paradox
-----------
Spiritbloom
	Eff: -1401940,0199172625
-----------
Spiritbloom (Echo)
	Eff: -8443747,767129999
-----------
Stasis
-----------
Tail Swipe
-----------
Temporal Anomaly
	Eff: 7163521,795697165
-----------
Time Spiral
-----------
Unravel
-----------
Verdant Embrace
	Eff: -1940747,2032357687
-----------
Zephyr
-----------
Leech
	Eff: -3864903,973861805
-----------
Blessing of Summer
-----------
Holy Bulwark
-----------
ZeroCIMDummy
-----------
Ethereal Reconstitution
	Eff: 6226658,6936526485
-----------
Ethereal Guard
	Eff: 28746624,634060875
-----------
Stasis (Release)
-----------
Essence Bomb
-----------
Voidglass Barrier
	Eff: 26362711,137276486
-----------
Tip the Scales
-----------
Algari Mana Potion
-----------
Hover
-----------
Glide
-----------
Rescue
-----------
Twin Guardian
-----------
Emerald Communion
-----------
Stasis (Store)
-----------
Obsidian Scales
-----------
Time Dilation
-----------
Take Off
-----------
Whirling Surge
-----------
Surge Forward
-----------
Skyward Ascent
-----------
Shooting Star
-----------
Wing Buffet
-----------
Fury of the Aspects
-----------
Bombardments
-----------
Invigorating Healing Potion
	Eff: 1690612,8324416876
