-----------
EssenceRegenDummy
-----------
Azure Strike
-----------
Blessing of the Bronze
-----------
Cauterizing Flame
-----------
Chrono Flames
-----------
Chrono Flame
-----------
Consume Flame
	Eff: -13132616,72498874
-----------
Deep Breath
-----------
Disintegrate
-----------
Dream Breath
	Eff: -10464795,062649176
-----------
Dream Breath (Echo)
	Eff: -1341317,0315416285
-----------
Dream Flight
	Eff: -2102353,7812578636
-----------
Echo
	Eff: -2988283,6538062757
-----------
Emerald Blossom
-----------
Engulf
-----------
Enkindle
-----------
Expunge
-----------
Fire Breath
	Dmg: 1944772,5053920501
-----------
Fluttering Seedlings
-----------
Golden Hour
	Eff: -884764,9565320604
-----------
Landslide
-----------
Lifebind
	Eff: -4855821,567260778
-----------
Life-Giver's Flame
-----------
Living Flame
	Eff: -387829,4755538865
	Dmg: 739685,1297708249
-----------
Naturalize
-----------
Oppressing Roar
-----------
Panacea
	Eff: -244537,9288156242
-----------
Rewind
-----------
Renewing Blaze
-----------
Reversion
	Eff: -9023914,939536752
-----------
Reversion (Echo)
	Eff: -16227593,43528777
-----------
Sleep Walk
-----------
Source of Magic
-----------
Spatial Paradox
-----------
Spiritbloom
	Eff: -317554,89792537654
-----------
Spiritbloom (Echo)
	Eff: -1171189,0182244345
-----------
Stasis
-----------
Tail Swipe
-----------
Temporal Anomaly
	Eff: 29310697,355986405
-----------
Time Spiral
-----------
Unravel
-----------
Verdant Embrace
	Eff: -1843051,5007512355
-----------
Zephyr
-----------
Leech
	Eff: -1488956,1420816286
-----------
Blessing of Summer
-----------
Holy Bulwark
-----------
ZeroCIMDummy
-----------
Ethereal Reconstitution
	Eff: 2977657,049367674
-----------
Ethereal Guard
	Eff: 14071959,27780286
-----------
Stasis (Release)
-----------
Essence Bomb
-----------
Voidglass Barrier
	Eff: 15179437,137080736
-----------
Tip the Scales
-----------
Algari Mana Potion
-----------
Hover
-----------
Glide
-----------
Rescue
-----------
Twin Guardian
-----------
Emerald Communion
-----------
Stasis (Store)
-----------
Obsidian Scales
-----------
Time Dilation
-----------
Take Off
-----------
Whirling Surge
-----------
Surge Forward
-----------
Skyward Ascent
-----------
Shooting Star
-----------
Wing Buffet
-----------
Fury of the Aspects
-----------
Bombardments
-----------
Invigorating Healing Potion
	Eff: 973441,2777031921
