-----------
EssenceRegenDummy
-----------
Azure Strike
-----------
Blessing of the Bronze
-----------
Cauterizing Flame
-----------
Chrono Flames
-----------
Chrono Flame
-----------
Consume Flame
	Eff: -28038220,549313713
-----------
Deep Breath
-----------
Disintegrate
-----------
Dream Breath
	Eff: -22891017,336714167
-----------
Dream Breath (Echo)
	Eff: -2122686,1952157444
-----------
Dream Flight
	Eff: -7279520,55230186
-----------
Echo
	Eff: -5847192,5965975
-----------
Emerald Blossom
-----------
Engulf
-----------
Enkindle
-----------
Expunge
-----------
Fire Breath
	Dmg: 3309864,060900524
-----------
Fluttering Seedlings
-----------
Golden Hour
	Eff: -884764,9565320604
-----------
Landslide
-----------
Lifebind
	Eff: -6535943,318390471
-----------
Life-Giver's Flame
-----------
Living Flame
	Eff: -698613,0550534725
	Dmg: 1469019,221682917
-----------
Naturalize
-----------
Oppressing Roar
-----------
Panacea
	Eff: -608491,7949663093
-----------
Rewind
-----------
Renewing Blaze
-----------
Reversion
	Eff: -10880607,023590922
-----------
Reversion (Echo)
	Eff: -19866913,906224895
-----------
Sleep Walk
-----------
Source of Magic
-----------
Spatial Paradox
-----------
Spiritbloom
	Eff: -2000308,9322585578
-----------
Spiritbloom (Echo)
	Eff: -3701967,5617888626
-----------
Stasis
-----------
Tail Swipe
-----------
Temporal Anomaly
	Eff: 32728223,703287996
-----------
Time Spiral
-----------
Unravel
-----------
Verdant Embrace
	Eff: -4489221,327694159
-----------
Zephyr
-----------
Leech
	Eff: -2493935,7011195137
-----------
Blessing of Summer
-----------
Holy Bulwark
-----------
ZeroCIMDummy
-----------
Ethereal Reconstitution
	Eff: 4904934,5494467765
-----------
Ethereal Guard
	Eff: 23439846,429752838
-----------
Stasis (Release)
-----------
Essence Bomb
-----------
Voidglass Barrier
	Eff: 20949762,15018406
-----------
Tip the Scales
-----------
Algari Mana Potion
-----------
Hover
-----------
Glide
-----------
Rescue
-----------
Twin Guardian
-----------
Emerald Communion
-----------
Stasis (Store)
-----------
Obsidian Scales
-----------
Time Dilation
-----------
Take Off
-----------
Whirling Surge
-----------
Surge Forward
-----------
Skyward Ascent
-----------
Shooting Star
-----------
Wing Buffet
-----------
Fury of the Aspects
-----------
Bombardments
-----------
Invigorating Healing Potion
	Eff: 1343486,128694171
