-----------
EssenceRegenDummy
-----------
Azure Strike
-----------
Blessing of the Bronze
-----------
Cauterizing Flame
-----------
Chrono Flames
-----------
Chrono Flame
-----------
Consume Flame
	Eff: 565362,156121929
-----------
Deep Breath
-----------
Disintegrate
-----------
Dream Breath
	Eff: 2850429,898412157
-----------
Dream Breath (Echo)
	Eff: -5324,405303796856
-----------
Dream Flight
	Eff: 1887823,5292150765
-----------
Echo
	Eff: 144860,24335101116
-----------
Emerald Blossom
-----------
Engulf
-----------
Enkindle
-----------
Expunge
-----------
Fire Breath
	Dmg: 631732,7615764732
-----------
Fluttering Seedlings
-----------
Golden Hour
	Eff: -884764,9565320604
-----------
Landslide
-----------
Lifebind
	Eff: -1595595,2170710682
-----------
Life-Giver's Flame
-----------
Living Flame
	Eff: -177596,1988801126
	Dmg: 103698,89787437988
-----------
Naturalize
-----------
Oppressing Roar
-----------
Panacea
	Eff: 65293,67411974307
-----------
Rewind
-----------
Renewing Blaze
-----------
Reversion
	Eff: 461052,93036045437
-----------
Reversion (Echo)
	Eff: 759764,1065701002
-----------
Sleep Walk
-----------
Source of Magic
-----------
Spatial Paradox
-----------
Spiritbloom
	Eff: 298873,2687197228
-----------
Spiritbloom (Echo)
	Eff: -179998,90353070793
-----------
Stasis
-----------
Tail Swipe
-----------
Temporal Anomaly
	Eff: 850291,1739164687
-----------
Time Spiral
-----------
Unravel
-----------
Verdant Embrace
	Eff: 731478,6559184623
-----------
Zephyr
-----------
Leech
	Eff: 310732,40475712676
-----------
Blessing of Summer
-----------
Holy Bulwark
-----------
ZeroCIMDummy
-----------
Ethereal Reconstitution
	Eff: 852425,5092450787
-----------
Ethereal Guard
	Eff: 4053238,802428661
-----------
Stasis (Release)
-----------
Essence Bomb
-----------
Voidglass Barrier
	Eff: 2365697,6108254287
-----------
Tip the Scales
-----------
Algari Mana Potion
-----------
Hover
-----------
Glide
-----------
Rescue
-----------
Twin Guardian
-----------
Emerald Communion
-----------
Stasis (Store)
-----------
Obsidian Scales
-----------
Time Dilation
-----------
Take Off
-----------
Whirling Surge
-----------
Surge Forward
-----------
Skyward Ascent
-----------
Shooting Star
-----------
Wing Buffet
-----------
Fury of the Aspects
-----------
Bombardments
-----------
Invigorating Healing Potion
	Eff: 151709,69016471598
