-----------
EssenceRegenDummy
-----------
Azure Strike
-----------
Blessing of the Bronze
-----------
Cauterizing Flame
-----------
Chrono Flames
-----------
Chrono Flame
-----------
Consume Flame
	Eff: -19637534,006312102
-----------
Deep Breath
-----------
Disintegrate
-----------
Dream Breath
	Eff: -23665865,906235345
-----------
Dream Breath (Echo)
	Eff: -3132602,0337728513
-----------
Dream Flight
	Eff: -6423113,83619319
-----------
Echo
	Eff: -4613071,292435266
-----------
Emerald Blossom
-----------
Engulf
-----------
Enkindle
-----------
Expunge
-----------
Fire Breath
	Dmg: 29157,462188832113
-----------
Fluttering Seedlings
-----------
Golden Hour
	Eff: -884764,9565320604
-----------
Landslide
-----------
Lifebind
	Eff: -6883846,40538877
-----------
Life-Giver's Flame
-----------
Living Flame
	Eff: -301754,3242022975
	Dmg: -356852,4178237313
-----------
Naturalize
-----------
Oppressing Roar
-----------
Panacea
	Eff: -268460,79486344336
-----------
Rewind
-----------
Renewing Blaze
-----------
Reversion
	Eff: -18698739,03679291
-----------
Reversion (Echo)
	Eff: -32867921,291501977
-----------
Sleep Walk
-----------
Source of Magic
-----------
Spatial Paradox
-----------
Spiritbloom
	Eff: 187125,99468988256
-----------
Spiritbloom (Echo)
	Eff: -411514,5231175213
-----------
Stasis
-----------
Tail Swipe
-----------
Temporal Anomaly
	Eff: 42745832,86198743
-----------
Time Spiral
-----------
Unravel
-----------
Verdant Embrace
	Eff: -2941639,2806508127
-----------
Zephyr
-----------
Leech
	Eff: -3636413,8002808485
-----------
Blessing of Summer
-----------
Holy Bulwark
-----------
ZeroCIMDummy
-----------
Ethereal Reconstitution
	Eff: 575783,2118770826
-----------
Ethereal Guard
	Eff: 3289845,9771292186
-----------
Stasis (Release)
-----------
Essence Bomb
-----------
Voidglass Barrier
	Eff: 15180514,69543987
-----------
Tip the Scales
-----------
Algari Mana Potion
-----------
Hover
-----------
Glide
-----------
Rescue
-----------
Twin Guardian
-----------
Emerald Communion
-----------
Stasis (Store)
-----------
Obsidian Scales
-----------
Time Dilation
-----------
Take Off
-----------
Whirling Surge
-----------
Surge Forward
-----------
Skyward Ascent
-----------
Shooting Star
-----------
Wing Buffet
-----------
Fury of the Aspects
-----------
Bombardments
-----------
Invigorating Healing Potion
	Eff: 973510,3803831162
