-----------
EssenceRegenDummy
-----------
Azure Strike
-----------
Blessing of the Bronze
-----------
Cauterizing Flame
-----------
Chrono Flames
-----------
Chrono Flame
-----------
Consume Flame
	Eff: -51108044,672143094
-----------
Deep Breath
-----------
Disintegrate
-----------
Dream Breath
	Eff: -43754025,93883904
-----------
Dream Breath (Echo)
	Eff: -3551274,192434002
-----------
Dream Flight
	Eff: -16220222,809685275
-----------
Echo
	Eff: -10108174,442916123
-----------
Emerald Blossom
-----------
Engulf
-----------
Enkindle
-----------
Expunge
-----------
Fire Breath
	Dmg: 4590637,407473893
-----------
Fluttering Seedlings
-----------
Golden Hour
	Eff: -884764,9565320604
-----------
Landslide
-----------
Lifebind
	Eff: -8784548,123837171
-----------
Life-Giver's Flame
-----------
Living Flame
	Eff: -1117768,9017361952
	Dmg: 2153304,2148021944
-----------
Naturalize
-----------
Oppressing Roar
-----------
Panacea
	Eff: -1115918,019187227
-----------
Rewind
-----------
Renewing Blaze
-----------
Reversion
	Eff: -13751436,975499429
-----------
Reversion (Echo)
	Eff: -25491568,896298848
-----------
Sleep Walk
-----------
Source of Magic
-----------
Spatial Paradox
-----------
Spiritbloom
	Eff: -4556508,334701081
-----------
Spiritbloom (Echo)
	Eff: -7514262,412674011
-----------
Stasis
-----------
Tail Swipe
-----------
Temporal Anomaly
	Eff: 32881240,379394542
-----------
Time Spiral
-----------
Unravel
-----------
Verdant Embrace
	Eff: -8485571,202665197
-----------
Zephyr
-----------
Leech
	Eff: -4253224,665076461
-----------
Blessing of Summer
-----------
Holy Bulwark
-----------
ZeroCIMDummy
-----------
Ethereal Reconstitution
	Eff: 6713169,054737833
-----------
Ethereal Guard
	Eff: 32229103,186568357
-----------
Stasis (Release)
-----------
Essence Bomb
-----------
Voidglass Barrier
	Eff: 26363668,966929056
-----------
Tip the Scales
-----------
Algari Mana Potion
-----------
Hover
-----------
Glide
-----------
Rescue
-----------
Twin Guardian
-----------
Emerald Communion
-----------
Stasis (Store)
-----------
Obsidian Scales
-----------
Time Dilation
-----------
Take Off
-----------
Whirling Surge
-----------
Surge Forward
-----------
Skyward Ascent
-----------
Shooting Star
-----------
Wing Buffet
-----------
Fury of the Aspects
-----------
Bombardments
-----------
Invigorating Healing Potion
	Eff: 1690674,2570460625
