-----------
EssenceRegenDummy
-----------
Azure Strike
-----------
Blessing of the Bronze
-----------
Cauterizing Flame
-----------
Chrono Flames
-----------
Chrono Flame
-----------
Consume Flame
	Eff: -7280612,925315894
-----------
Deep Breath
-----------
Disintegrate
-----------
Dream Breath
	Eff: -7670833,214862842
-----------
Dream Breath (Echo)
	Eff: -1325819,715420327
-----------
Dream Flight
	Eff: -1202583,1882165207
-----------
Echo
	Eff: -1775122,9884980142
-----------
Emerald Blossom
-----------
Engulf
-----------
Enkindle
-----------
Expunge
-----------
Fire Breath
	Dmg: 430181,7339670921
-----------
Fluttering Seedlings
-----------
Golden Hour
	Eff: -884764,9565320604
-----------
Landslide
-----------
Lifebind
	Eff: -3959148,7109601693
-----------
Life-Giver's Flame
-----------
Living Flame
	Eff: -209804,3602398053
	Dmg: -69522,63394154946
-----------
Naturalize
-----------
Oppressing Roar
-----------
Panacea
	Eff: -58880,68484812367
-----------
Rewind
-----------
Renewing Blaze
-----------
Reversion
	Eff: -8696570,384915004
-----------
Reversion (Echo)
	Eff: -15492633,29573947
-----------
Sleep Walk
-----------
Source of Magic
-----------
Spatial Paradox
-----------
Spiritbloom
	Eff: 424045,40383901156
-----------
Spiritbloom (Echo)
	Eff: -27258,98237062106
-----------
Stasis
-----------
Tail Swipe
-----------
Temporal Anomaly
	Eff: 21811347,47338441
-----------
Time Spiral
-----------
Unravel
-----------
Verdant Embrace
	Eff: -715272,3093311312
-----------
Zephyr
-----------
Leech
	Eff: -1394474,9349093253
-----------
Blessing of Summer
-----------
Holy Bulwark
-----------
ZeroCIMDummy
-----------
Ethereal Reconstitution
	Eff: 839312,0396020298
-----------
Ethereal Guard
	Eff: 3678139,6319045112
-----------
Stasis (Release)
-----------
Essence Bomb
-----------
Voidglass Barrier
	Eff: 8777169,847606884
-----------
Tip the Scales
-----------
Algari Mana Potion
-----------
Hover
-----------
Glide
-----------
Rescue
-----------
Twin Guardian
-----------
Emerald Communion
-----------
Stasis (Store)
-----------
Obsidian Scales
-----------
Time Dilation
-----------
Take Off
-----------
Whirling Surge
-----------
Surge Forward
-----------
Skyward Ascent
-----------
Shooting Star
-----------
Wing Buffet
-----------
Fury of the Aspects
-----------
Bombardments
-----------
Invigorating Healing Potion
	Eff: 562870,6357102478
