-----------
EssenceRegenDummy
-----------
Azure Strike
-----------
Blessing of the Bronze
-----------
Cauterizing Flame
-----------
Chrono Flames
-----------
Chrono Flame
-----------
Consume Flame
	Eff: -1490200,1674643194
-----------
Deep Breath
-----------
Disintegrate
-----------
Dream Breath
	Eff: -1355240,2717044547
-----------
Dream Breath (Echo)
	Eff: -136413,4346418654
-----------
Dream Flight
	Eff: -1442733,543908202
-----------
Echo
	Eff: 157278,8417418425
-----------
Emerald Blossom
-----------
Engulf
-----------
Enkindle
-----------
Expunge
-----------
Fire Breath
	Dmg: -1101734,6418763627
-----------
Fluttering Seedlings
-----------
Golden Hour
	Eff: -884764,9565320604
-----------
Landslide
-----------
Lifebind
	Eff: -41317,0324055584
-----------
Life-Giver's Flame
-----------
Living Flame
	Eff: -220230,23941765586
	Dmg: -767066,1980258699
-----------
Naturalize
-----------
Oppressing Roar
-----------
Panacea
	Eff: 55273,69933382483
-----------
Rewind
-----------
Renewing Blaze
-----------
Reversion
	Eff: 6858466,36619512
-----------
Reversion (Echo)
	Eff: 11659497,777675286
-----------
Sleep Walk
-----------
Source of Magic
-----------
Spatial Paradox
-----------
Spiritbloom
	Eff: -638689,5510760704
-----------
Spiritbloom (Echo)
	Eff: -1460286,640791425
-----------
Stasis
-----------
Tail Swipe
-----------
Temporal Anomaly
	Eff: -31329484,700852595
-----------
Time Spiral
-----------
Unravel
-----------
Verdant Embrace
	Eff: 598315,7579528056
-----------
Zephyr
-----------
Leech
	Eff: 367779,88373490464
-----------
Blessing of Summer
-----------
Holy Bulwark
-----------
ZeroCIMDummy
-----------
Ethereal Reconstitution
	Eff: -1787989,6452175335
-----------
Ethereal Guard
	Eff: -6064282,470135458
-----------
Stasis (Release)
-----------
Essence Bomb
-----------
Voidglass Barrier
	Eff: -10457246,862737484
-----------
Tip the Scales
-----------
Algari Mana Potion
-----------
Hover
-----------
Glide
-----------
Rescue
-----------
Twin Guardian
-----------
Emerald Communion
-----------
Stasis (Store)
-----------
Obsidian Scales
-----------
Time Dilation
-----------
Take Off
-----------
Whirling Surge
-----------
Surge Forward
-----------
Skyward Ascent
-----------
Shooting Star
-----------
Wing Buffet
-----------
Fury of the Aspects
-----------
Bombardments
-----------
Invigorating Healing Potion
	Eff: -670612,2009263495
