-----------
EssenceRegenDummy
-----------
Azure Strike
-----------
Blessing of the Bronze
-----------
Cauterizing Flame
-----------
Chrono Flames
-----------
Chrono Flame
-----------
Consume Flame
	Eff: -2377335,2217090717
-----------
Deep Breath
-----------
Disintegrate
-----------
Dream Breath
	Eff: -3669246,7573235696
-----------
Dream Breath (Echo)
	Eff: -725800,1350955812
-----------
Dream Flight
	Eff: -1245104,463181852
-----------
Echo
	Eff: -333362,94133385364
-----------
Emerald Blossom
-----------
Engulf
-----------
Enkindle
-----------
Expunge
-----------
Fire Breath
	Dmg: -983873,5483181397
-----------
Fluttering Seedlings
-----------
Golden Hour
	Eff: -884764,9565320604
-----------
Landslide
-----------
Lifebind
	Eff: -1600842,6112371893
-----------
Life-Giver's Flame
-----------
Living Flame
	Eff: -149814,10372485907
	Dmg: -763248,6740623558
-----------
Naturalize
-----------
Oppressing Roar
-----------
Panacea
	Eff: 65006,962520485904
-----------
Rewind
-----------
Renewing Blaze
-----------
Reversion
	Eff: -738001,7369329608
-----------
Reversion (Echo)
	Eff: -1315397,1192474156
-----------
Sleep Walk
-----------
Source of Magic
-----------
Spatial Paradox
-----------
Spiritbloom
	Eff: 99295,95402060219
-----------
Spiritbloom (Echo)
	Eff: -410252,3220793462
-----------
Stasis
-----------
Tail Swipe
-----------
Temporal Anomaly
	Eff: -9737064,060505707
-----------
Time Spiral
-----------
Unravel
-----------
Verdant Embrace
	Eff: 372683,2518913731
-----------
Zephyr
-----------
Leech
	Eff: -487248,48360644013
-----------
Blessing of Summer
-----------
Holy Bulwark
-----------
ZeroCIMDummy
-----------
Ethereal Reconstitution
	Eff: -1412922,896332274
-----------
Ethereal Guard
	Eff: -6355524,699737999
-----------
Stasis (Release)
-----------
Essence Bomb
-----------
Voidglass Barrier
	Eff: -4045774,625956028
-----------
Tip the Scales
-----------
Algari Mana Potion
-----------
Hover
-----------
Glide
-----------
Rescue
-----------
Twin Guardian
-----------
Emerald Communion
-----------
Stasis (Store)
-----------
Obsidian Scales
-----------
Time Dilation
-----------
Take Off
-----------
Whirling Surge
-----------
Surge Forward
-----------
Skyward Ascent
-----------
Shooting Star
-----------
Wing Buffet
-----------
Fury of the Aspects
-----------
Bombardments
-----------
Invigorating Healing Potion
	Eff: -259451,25538081676
