-----------
EssenceRegenDummy
-----------
Azure Strike
-----------
Blessing of the Bronze
-----------
Cauterizing Flame
-----------
Chrono Flames
-----------
Chrono Flame
-----------
Consume Flame
	Eff: 1138196,1654730046
-----------
Deep Breath
-----------
Disintegrate
-----------
Dream Breath
	Eff: 9171764,826116487
-----------
Dream Breath (Echo)
	Eff: 1518690,5946839324
-----------
Dream Flight
	Eff: 3122933,5319832354
-----------
Echo
	Eff: 676299,221635541
-----------
Emerald Blossom
-----------
Engulf
-----------
Enkindle
-----------
Expunge
-----------
Fire Breath
	Dmg: 2121593,822068557
-----------
Fluttering Seedlings
-----------
Golden Hour
	Eff: -884764,9565320604
-----------
Landslide
-----------
Lifebind
	Eff: 752029,1011148703
-----------
Life-Giver's Flame
-----------
Living Flame
	Eff: -415053,1977180884
	Dmg: 1029089,4882965533
-----------
Naturalize
-----------
Oppressing Roar
-----------
Panacea
	Eff: -55203,52853452781
-----------
Rewind
-----------
Renewing Blaze
-----------
Reversion
	Eff: 15172464,064023623
-----------
Reversion (Echo)
	Eff: 27725547,497367363
-----------
Sleep Walk
-----------
Source of Magic
-----------
Spatial Paradox
-----------
Spiritbloom
	Eff: -1233048,7931352556
-----------
Spiritbloom (Echo)
	Eff: -2531333,44128858
-----------
Stasis
-----------
Tail Swipe
-----------
Temporal Anomaly
	Eff: -31464582,096420776
-----------
Time Spiral
-----------
Unravel
-----------
Verdant Embrace
	Eff: 672508,6188703422
-----------
Zephyr
-----------
Leech
	Eff: 2340341,511765839
-----------
Blessing of Summer
-----------
Holy Bulwark
-----------
ZeroCIMDummy
-----------
Ethereal Reconstitution
	Eff: 2512177,185653981
-----------
Ethereal Guard
	Eff: 14510503,945231592
-----------
Stasis (Release)
-----------
Essence Bomb
-----------
Voidglass Barrier
	Eff: -4045774,625956028
-----------
Tip the Scales
-----------
Algari Mana Potion
-----------
Hover
-----------
Glide
-----------
Rescue
-----------
Twin Guardian
-----------
Emerald Communion
-----------
Stasis (Store)
-----------
Obsidian Scales
-----------
Time Dilation
-----------
Take Off
-----------
Whirling Surge
-----------
Surge Forward
-----------
Skyward Ascent
-----------
Shooting Star
-----------
Wing Buffet
-----------
Fury of the Aspects
-----------
Bombardments
-----------
Invigorating Healing Potion
	Eff: -259451,25538081676
