-----------
EssenceRegenDummy
-----------
Azure Strike
-----------
Blessing of the Bronze
-----------
Cauterizing Flame
-----------
Chrono Flames
-----------
Chrono Flame
-----------
Consume Flame
	Eff: -5690885,832057625
-----------
Deep Breath
-----------
Disintegrate
-----------
Dream Breath
	Eff: 5674807,686133342
-----------
Dream Breath (Echo)
	Eff: 1494734,583871137
-----------
Dream Flight
	Eff: 2124270,3065228886
-----------
Echo
	Eff: -697354,0411128127
-----------
Emerald Blossom
-----------
Engulf
-----------
Enkindle
-----------
Expunge
-----------
Fire Breath
	Dmg: 3926728,6435067155
-----------
Fluttering Seedlings
-----------
Golden Hour
	Eff: -884764,9565320604
-----------
Landslide
-----------
Lifebind
	Eff: -308062,0493069608
-----------
Life-Giver's Flame
-----------
Living Flame
	Eff: -603290,2992161526
	Dmg: 2005424,5190531418
-----------
Naturalize
-----------
Oppressing Roar
-----------
Panacea
	Eff: -269886,0350493174
-----------
Rewind
-----------
Renewing Blaze
-----------
Reversion
	Eff: 14627736,20994964
-----------
Reversion (Echo)
	Eff: 25406340,913105566
-----------
Sleep Walk
-----------
Source of Magic
-----------
Spatial Paradox
-----------
Spiritbloom
	Eff: -1990350,7184653596
-----------
Spiritbloom (Echo)
	Eff: -3785615,9597220817
-----------
Stasis
-----------
Tail Swipe
-----------
Temporal Anomaly
	Eff: -23901916,085482504
-----------
Time Spiral
-----------
Unravel
-----------
Verdant Embrace
	Eff: -707177,9839518592
-----------
Zephyr
-----------
Leech
	Eff: 2184127,9773223307
-----------
Blessing of Summer
-----------
Holy Bulwark
-----------
ZeroCIMDummy
-----------
Ethereal Reconstitution
	Eff: 5017076,772252329
-----------
Ethereal Guard
	Eff: 24919267,447398257
-----------
Stasis (Release)
-----------
Essence Bomb
-----------
Voidglass Barrier
	Eff: 2365697,6108254287
-----------
Tip the Scales
-----------
Algari Mana Potion
-----------
Hover
-----------
Glide
-----------
Rescue
-----------
Twin Guardian
-----------
Emerald Communion
-----------
Stasis (Store)
-----------
Obsidian Scales
-----------
Time Dilation
-----------
Take Off
-----------
Whirling Surge
-----------
Surge Forward
-----------
Skyward Ascent
-----------
Shooting Star
-----------
Wing Buffet
-----------
Fury of the Aspects
-----------
Bombardments
-----------
Invigorating Healing Potion
	Eff: 151709,69016471598
