-----------
EssenceRegenDummy
-----------
Azure Strike
-----------
Blessing of the Bronze
-----------
Cauterizing Flame
-----------
Chrono Flames
-----------
Chrono Flame
-----------
Consume Flame
	Eff: -14176429,06443777
-----------
Deep Breath
-----------
Disintegrate
-----------
Dream Breath
	Eff: -5661784,623495432
-----------
Dream Breath (Echo)
	Eff: -233830,44191183092
-----------
Dream Flight
	Eff: -1062177,431250336
-----------
Echo
	Eff: -2817970,105720484
-----------
Emerald Blossom
-----------
Engulf
-----------
Enkindle
-----------
Expunge
-----------
Fire Breath
	Dmg: 3860625,856238987
-----------
Fluttering Seedlings
-----------
Golden Hour
	Eff: -884764,9565320604
-----------
Landslide
-----------
Lifebind
	Eff: -3689337,3086097264
-----------
Life-Giver's Flame
-----------
Living Flame
	Eff: -575287,8594870553
	Dmg: 1836349,3655762272
-----------
Naturalize
-----------
Oppressing Roar
-----------
Panacea
	Eff: -373136,2905078283
-----------
Rewind
-----------
Renewing Blaze
-----------
Reversion
	Eff: -545710,0400665844
-----------
Reversion (Echo)
	Eff: -1471534,9008923979
-----------
Sleep Walk
-----------
Source of Magic
-----------
Spatial Paradox
-----------
Spiritbloom
	Eff: -1437323,573489168
-----------
Spiritbloom (Echo)
	Eff: -2901161,7685590875
-----------
Stasis
-----------
Tail Swipe
-----------
Temporal Anomaly
	Eff: 15144647,654753814
-----------
Time Spiral
-----------
Unravel
-----------
Verdant Embrace
	Eff: -2100576,253210925
-----------
Zephyr
-----------
Leech
	Eff: -118306,42677526377
-----------
Blessing of Summer
-----------
Holy Bulwark
-----------
ZeroCIMDummy
-----------
Ethereal Reconstitution
	Eff: 5379869,960889107
-----------
Ethereal Guard
	Eff: 24855821,950493664
-----------
Stasis (Release)
-----------
Essence Bomb
-----------
Voidglass Barrier
	Eff: 15179437,137080736
-----------
Tip the Scales
-----------
Algari Mana Potion
-----------
Hover
-----------
Glide
-----------
Rescue
-----------
Twin Guardian
-----------
Emerald Communion
-----------
Stasis (Store)
-----------
Obsidian Scales
-----------
Time Dilation
-----------
Take Off
-----------
Whirling Surge
-----------
Surge Forward
-----------
Skyward Ascent
-----------
Shooting Star
-----------
Wing Buffet
-----------
Fury of the Aspects
-----------
Bombardments
-----------
Invigorating Healing Potion
	Eff: 973441,2777031921
