-----------
EssenceRegenDummy
-----------
Azure Strike
-----------
Blessing of the Bronze
-----------
Cauterizing Flame
-----------
Chrono Flames
-----------
Chrono Flame
-----------
Consume Flame
	Eff: -29693482,31866964
-----------
Deep Breath
-----------
Disintegrate
-----------
Dream Breath
	Eff: -31183518,59018993
-----------
Dream Breath (Echo)
	Eff: -3540855,4239380797
-----------
Dream Flight
	Eff: -9484364,591451388
-----------
Echo
	Eff: -6606363,024709926
-----------
Emerald Blossom
-----------
Engulf
-----------
Enkindle
-----------
Expunge
-----------
Fire Breath
	Dmg: 1305056,5866569078
-----------
Fluttering Seedlings
-----------
Golden Hour
	Eff: -884764,9565320604
-----------
Landslide
-----------
Lifebind
	Eff: -8185975,683500054
-----------
Life-Giver's Flame
-----------
Living Flame
	Eff: -544483,1126810529
	Dmg: 321436,26304654626
-----------
Naturalize
-----------
Oppressing Roar
-----------
Panacea
	Eff: -533311,1873718835
-----------
Rewind
-----------
Renewing Blaze
-----------
Reversion
	Eff: -20677802,821816627
-----------
Reversion (Echo)
	Eff: -36983124,73747555
-----------
Sleep Walk
-----------
Source of Magic
-----------
Spatial Paradox
-----------
Spiritbloom
	Eff: -1029226,5314222088
-----------
Spiritbloom (Echo)
	Eff: -2223746,334447813
-----------
Stasis
-----------
Tail Swipe
-----------
Temporal Anomaly
	Eff: 47552010,87310591
-----------
Time Spiral
-----------
Unravel
-----------
Verdant Embrace
	Eff: -4739321,201776803
-----------
Zephyr
-----------
Leech
	Eff: -4263682,106285199
-----------
Blessing of Summer
-----------
Holy Bulwark
-----------
ZeroCIMDummy
-----------
Ethereal Reconstitution
	Eff: 2391185,5729848286
-----------
Ethereal Guard
	Eff: 12655983,757062044
-----------
Stasis (Release)
-----------
Essence Bomb
-----------
Voidglass Barrier
	Eff: 20949762,15018406
-----------
Tip the Scales
-----------
Algari Mana Potion
-----------
Hover
-----------
Glide
-----------
Rescue
-----------
Twin Guardian
-----------
Emerald Communion
-----------
Stasis (Store)
-----------
Obsidian Scales
-----------
Time Dilation
-----------
Take Off
-----------
Whirling Surge
-----------
Surge Forward
-----------
Skyward Ascent
-----------
Shooting Star
-----------
Wing Buffet
-----------
Fury of the Aspects
-----------
Bombardments
-----------
Invigorating Healing Potion
	Eff: 1343486,128694171
