-----------
EssenceRegenDummy
-----------
Azure Strike
-----------
Blessing of the Bronze
-----------
Cauterizing Flame
-----------
Chrono Flames
-----------
Chrono Flame
-----------
Consume Flame
	Eff: -3455900,4486280284
-----------
Deep Breath
-----------
Disintegrate
-----------
Dream Breath
	Eff: 2037028,6928579183
-----------
Dream Breath (Echo)
	Eff: 153005,93538214292
-----------
Dream Flight
	Eff: 1946799,0192009797
-----------
Echo
	Eff: -734737,8164270527
-----------
Emerald Blossom
-----------
Engulf
-----------
Enkindle
-----------
Expunge
-----------
Fire Breath
	Dmg: 2247037,3709463626
-----------
Fluttering Seedlings
-----------
Golden Hour
	Eff: -884764,9565320604
-----------
Landslide
-----------
Lifebind
	Eff: -2360041,295760557
-----------
Life-Giver's Flame
-----------
Living Flame
	Eff: -327841,5503396315
	Dmg: 970484,5748396975
-----------
Naturalize
-----------
Oppressing Roar
-----------
Panacea
	Eff: -87260,91126833115
-----------
Rewind
-----------
Renewing Blaze
-----------
Reversion
	Eff: 443732,83901075576
-----------
Reversion (Echo)
	Eff: 619237,6655387201
-----------
Sleep Walk
-----------
Source of Magic
-----------
Spatial Paradox
-----------
Spiritbloom
	Eff: -227697,0335296971
-----------
Spiritbloom (Echo)
	Eff: -1034471,7576668009
-----------
Stasis
-----------
Tail Swipe
-----------
Temporal Anomaly
	Eff: 9067885,266341653
-----------
Time Spiral
-----------
Unravel
-----------
Verdant Embrace
	Eff: -123065,76519393189
-----------
Zephyr
-----------
Leech
	Eff: 412703,26908783906
-----------
Blessing of Summer
-----------
Holy Bulwark
-----------
ZeroCIMDummy
-----------
Ethereal Reconstitution
	Eff: 3117350,8805730175
-----------
Ethereal Guard
	Eff: 14460058,55790957
-----------
Stasis (Release)
-----------
Essence Bomb
-----------
Voidglass Barrier
	Eff: 8775972,560541192
-----------
Tip the Scales
-----------
Algari Mana Potion
-----------
Hover
-----------
Glide
-----------
Rescue
-----------
Twin Guardian
-----------
Emerald Communion
-----------
Stasis (Store)
-----------
Obsidian Scales
-----------
Time Dilation
-----------
Take Off
-----------
Whirling Surge
-----------
Surge Forward
-----------
Skyward Ascent
-----------
Shooting Star
-----------
Wing Buffet
-----------
Fury of the Aspects
-----------
Bombardments
-----------
Invigorating Healing Potion
	Eff: 562793,8549547773
