-----------
EssenceRegenDummy
-----------
Azure Strike
-----------
Blessing of the Bronze
-----------
Cauterizing Flame
-----------
Chrono Flames
-----------
Chrono Flame
-----------
Consume Flame
	Eff: 3752900,2019869266
-----------
Deep Breath
-----------
Disintegrate
-----------
Dream Breath
	Eff: 7704712,593108987
-----------
Dream Breath (Echo)
	Eff: 804694,4603079961
-----------
Dream Flight
	Eff: 2825955,966378153
-----------
Echo
	Eff: 1070025,2908506333
-----------
Emerald Blossom
-----------
Engulf
-----------
Enkindle
-----------
Expunge
-----------
Fire Breath
	Dmg: 611561,2850454174
-----------
Fluttering Seedlings
-----------
Golden Hour
	Eff: -883209,0110261039
-----------
Landslide
-----------
Lifebind
	Eff: 188076,07746393664
-----------
Life-Giver's Flame
-----------
Living Flame
	Eff: -213046,97530051926
	Dmg: 156608,42658158252
-----------
Naturalize
-----------
Oppressing Roar
-----------
Panacea
	Eff: 98659,79187295759
-----------
Rewind
-----------
Renewing Blaze
-----------
Reversion
	Eff: 8423834,051233558
-----------
Reversion (Echo)
	Eff: 14939381,34082721
-----------
Sleep Walk
-----------
Source of Magic
-----------
Spatial Paradox
-----------
Spiritbloom
	Eff: -197365,15932198125
-----------
Spiritbloom (Echo)
	Eff: -892009,8944284576
-----------
Stasis
-----------
Tail Swipe
-----------
Temporal Anomaly
	Eff: -20106604,161766052
-----------
Time Spiral
-----------
Unravel
-----------
Verdant Embrace
	Eff: 1322473,2027233348
-----------
Zephyr
-----------
Leech
	Eff: 1426707,3402174665
-----------
Blessing of Summer
-----------
Holy Bulwark
-----------
ZeroCIMDummy
-----------
Ethereal Reconstitution
	Eff: 600696,2790160757
-----------
Ethereal Guard
	Eff: 4346547,267976788
-----------
Stasis (Release)
-----------
Essence Bomb
-----------
Voidglass Barrier
	Eff: -4045774,625956028
-----------
Tip the Scales
-----------
Algari Mana Potion
-----------
Hover
-----------
Glide
-----------
Rescue
-----------
Twin Guardian
-----------
Emerald Communion
-----------
Stasis (Store)
-----------
Obsidian Scales
-----------
Time Dilation
-----------
Take Off
-----------
Whirling Surge
-----------
Surge Forward
-----------
Skyward Ascent
-----------
Shooting Star
-----------
Wing Buffet
-----------
Fury of the Aspects
-----------
Bombardments
-----------
Invigorating Healing Potion
	Eff: -259451,25538081676
