-----------
EssenceRegenDummy
-----------
Azure Strike
-----------
Blessing of the Bronze
-----------
Cauterizing Flame
-----------
Chrono Flames
-----------
Chrono Flame
-----------
Consume Flame
	Eff: -46851510,91996336
-----------
Deep Breath
-----------
Disintegrate
-----------
Dream Breath
	Eff: -46095002,9666891
-----------
Dream Breath (Echo)
	Eff: -4532403,193034156
-----------
Dream Flight
	Eff: -15905807,646961337
-----------
Echo
	Eff: -9863309,919021958
-----------
Emerald Blossom
-----------
Engulf
-----------
Enkindle
-----------
Expunge
-----------
Fire Breath
	Dmg: 2502370,2781950315
-----------
Fluttering Seedlings
-----------
Golden Hour
	Eff: -884764,9565320604
-----------
Landslide
-----------
Lifebind
	Eff: -9960086,140935164
-----------
Life-Giver's Flame
-----------
Living Flame
	Eff: -889431,4901900468
	Dmg: 957947,6524245207
-----------
Naturalize
-----------
Oppressing Roar
-----------
Panacea
	Eff: -937086,1340667635
-----------
Rewind
-----------
Renewing Blaze
-----------
Reversion
	Eff: -22376719,021503545
-----------
Reversion (Echo)
	Eff: -40383858,850027785
-----------
Sleep Walk
-----------
Source of Magic
-----------
Spatial Paradox
-----------
Spiritbloom
	Eff: -2998620,4610096165
-----------
Spiritbloom (Echo)
	Eff: -5140745,73397542
-----------
Stasis
-----------
Tail Swipe
-----------
Temporal Anomaly
	Eff: 49225707,29662831
-----------
Time Spiral
-----------
Unravel
-----------
Verdant Embrace
	Eff: -7720619,288789506
-----------
Zephyr
-----------
Leech
	Eff: -5478890,488257045
-----------
Blessing of Summer
-----------
Holy Bulwark
-----------
ZeroCIMDummy
-----------
Ethereal Reconstitution
	Eff: 4094773,310386181
-----------
Ethereal Guard
	Eff: 21445240,513877563
-----------
Stasis (Release)
-----------
Essence Bomb
-----------
Voidglass Barrier
	Eff: 26363668,966929056
-----------
Tip the Scales
-----------
Algari Mana Potion
-----------
Hover
-----------
Glide
-----------
Rescue
-----------
Twin Guardian
-----------
Emerald Communion
-----------
Stasis (Store)
-----------
Obsidian Scales
-----------
Time Dilation
-----------
Take Off
-----------
Whirling Surge
-----------
Surge Forward
-----------
Skyward Ascent
-----------
Shooting Star
-----------
Wing Buffet
-----------
Fury of the Aspects
-----------
Bombardments
-----------
Invigorating Healing Potion
	Eff: 1690674,2570460625
