-----------
EssenceRegenDummy
-----------
Azure Strike
-----------
Blessing of the Bronze
-----------
Cauterizing Flame
-----------
Chrono Flames
-----------
Chrono Flame
-----------
Consume Flame
	Eff: -8155777,861492909
-----------
Deep Breath
-----------
Disintegrate
-----------
Dream Breath
	Eff: -11917407,40003844
-----------
Dream Breath (Echo)
	Eff: -1847890,8285201958
-----------
Dream Flight
	Eff: -3291704,245571416
-----------
Echo
	Eff: -1866892,5155390124
-----------
Emerald Blossom
-----------
Engulf
-----------
Enkindle
-----------
Expunge
-----------
Fire Breath
	Dmg: -1086586,6610423217
-----------
Fluttering Seedlings
-----------
Golden Hour
	Eff: -884764,9565320604
-----------
Landslide
-----------
Lifebind
	Eff: -3788114,922231105
-----------
Life-Giver's Flame
-----------
Living Flame
	Eff: -150993,13249698898
	Dmg: -879893,8471772074
-----------
Naturalize
-----------
Oppressing Roar
-----------
Panacea
	Eff: -20989,391323188014
-----------
Rewind
-----------
Renewing Blaze
-----------
Reversion
	Eff: -9518432,926518155
-----------
Reversion (Echo)
	Eff: -16916394,74872632
-----------
Sleep Walk
-----------
Source of Magic
-----------
Spatial Paradox
-----------
Spiritbloom
	Eff: 450313,75970026164
-----------
Spiritbloom (Echo)
	Eff: 53504,416978037334
-----------
Stasis
-----------
Tail Swipe
-----------
Temporal Anomaly
	Eff: 11857105,354496596
-----------
Time Spiral
-----------
Unravel
-----------
Verdant Embrace
	Eff: -752015,3243880298
-----------
Zephyr
-----------
Leech
	Eff: -1965705,7638461078
-----------
Blessing of Summer
-----------
Holy Bulwark
-----------
ZeroCIMDummy
-----------
Ethereal Reconstitution
	Eff: -1302107,4049303047
-----------
Ethereal Guard
	Eff: -6730623,870262145
-----------
Stasis (Release)
-----------
Essence Bomb
-----------
Voidglass Barrier
	Eff: 2365697,6108254287
-----------
Tip the Scales
-----------
Algari Mana Potion
-----------
Hover
-----------
Glide
-----------
Rescue
-----------
Twin Guardian
-----------
Emerald Communion
-----------
Stasis (Store)
-----------
Obsidian Scales
-----------
Time Dilation
-----------
Take Off
-----------
Whirling Surge
-----------
Surge Forward
-----------
Skyward Ascent
-----------
Shooting Star
-----------
Wing Buffet
-----------
Fury of the Aspects
-----------
Bombardments
-----------
Invigorating Healing Potion
	Eff: 151709,69016471598
