-----------
EssenceRegenDummy
-----------
Azure Strike
-----------
Blessing of the Bronze
-----------
Cauterizing Flame
-----------
Chrono Flames
-----------
Chrono Flame
-----------
Consume Flame
	Eff: 810500,4612050402
-----------
Deep Breath
-----------
Disintegrate
-----------
Dream Breath
	Eff: 5234199,14972916
-----------
Dream Breath (Echo)
	Eff: 950139,8022497485
-----------
Dream Flight
	Eff: 885315,3524282675
-----------
Echo
	Eff: 743260,5826594641
-----------
Emerald Blossom
-----------
Engulf
-----------
Enkindle
-----------
Expunge
-----------
Fire Breath
	Dmg: 316707,3583140831
-----------
Fluttering Seedlings
-----------
Golden Hour
	Eff: -884764,9565320604
-----------
Landslide
-----------
Lifebind
	Eff: 1190754,5290953957
-----------
Life-Giver's Flame
-----------
Living Flame
	Eff: -331617,44529816625
	Dmg: 52898,4703705135
-----------
Naturalize
-----------
Oppressing Roar
-----------
Panacea
	Eff: 15677,091738291754
-----------
Rewind
-----------
Renewing Blaze
-----------
Reversion
	Eff: 15115887,967944762
-----------
Reversion (Echo)
	Eff: 26122272,45421232
-----------
Sleep Walk
-----------
Source of Magic
-----------
Spatial Paradox
-----------
Spiritbloom
	Eff: -1182640,857161059
-----------
Spiritbloom (Echo)
	Eff: -2333826,048157762
-----------
Stasis
-----------
Tail Swipe
-----------
Temporal Anomaly
	Eff: -41071821,42501945
-----------
Time Spiral
-----------
Unravel
-----------
Verdant Embrace
	Eff: 844542,5647926754
-----------
Zephyr
-----------
Leech
	Eff: 1776335,072539005
-----------
Blessing of Summer
-----------
Holy Bulwark
-----------
ZeroCIMDummy
-----------
Ethereal Reconstitution
	Eff: 7592,933683883748
-----------
Ethereal Guard
	Eff: 4103526,7538035326
-----------
Stasis (Release)
-----------
Essence Bomb
-----------
Voidglass Barrier
	Eff: -10457246,862737484
-----------
Tip the Scales
-----------
Algari Mana Potion
-----------
Hover
-----------
Glide
-----------
Rescue
-----------
Twin Guardian
-----------
Emerald Communion
-----------
Stasis (Store)
-----------
Obsidian Scales
-----------
Time Dilation
-----------
Take Off
-----------
Whirling Surge
-----------
Surge Forward
-----------
Skyward Ascent
-----------
Shooting Star
-----------
Wing Buffet
-----------
Fury of the Aspects
-----------
Bombardments
-----------
Invigorating Healing Potion
	Eff: -670612,2009263495
