-----------
EssenceRegenDummy
-----------
Azure Strike
-----------
Blessing of the Bronze
-----------
Cauterizing Flame
-----------
Chrono Flames
-----------
Chrono Flame
-----------
Consume Flame
	Eff: -7116332,531298267
-----------
Deep Breath
-----------
Disintegrate
-----------
Dream Breath
	Eff: 3389142,101811192
-----------
Dream Breath (Echo)
	Eff: 940461,2186560382
-----------
Dream Flight
	Eff: 1880492,0835396198
-----------
Echo
	Eff: -1184322,3420958004
-----------
Emerald Blossom
-----------
Engulf
-----------
Enkindle
-----------
Expunge
-----------
Fire Breath
	Dmg: 4037133,0260683796
-----------
Fluttering Seedlings
-----------
Golden Hour
	Eff: -884764,9565320604
-----------
Landslide
-----------
Lifebind
	Eff: -1649790,7297948517
-----------
Life-Giver's Flame
-----------
Living Flame
	Eff: -552045,9532200327
	Dmg: 2002080,2043634527
-----------
Naturalize
-----------
Oppressing Roar
-----------
Panacea
	Eff: -268893,965801034
-----------
Rewind
-----------
Renewing Blaze
-----------
Reversion
	Eff: 7525034,261254667
-----------
Reversion (Echo)
	Eff: 12948826,703371013
-----------
Sleep Walk
-----------
Source of Magic
-----------
Spatial Paradox
-----------
Spiritbloom
	Eff: -1485432,5942156226
-----------
Spiritbloom (Echo)
	Eff: -3007910,0904831025
-----------
Stasis
-----------
Tail Swipe
-----------
Temporal Anomaly
	Eff: -4364609,3648889875
-----------
Time Spiral
-----------
Unravel
-----------
Verdant Embrace
	Eff: -917349,0960484573
-----------
Zephyr
-----------
Leech
	Eff: 1377146,4355431711
-----------
Blessing of Summer
-----------
Holy Bulwark
-----------
ZeroCIMDummy
-----------
Ethereal Reconstitution
	Eff: 5376645,880983203
-----------
Ethereal Guard
	Eff: 25162008,036364526
-----------
Stasis (Release)
-----------
Essence Bomb
-----------
Voidglass Barrier
	Eff: 8777169,847606884
-----------
Tip the Scales
-----------
Algari Mana Potion
-----------
Hover
-----------
Glide
-----------
Rescue
-----------
Twin Guardian
-----------
Emerald Communion
-----------
Stasis (Store)
-----------
Obsidian Scales
-----------
Time Dilation
-----------
Take Off
-----------
Whirling Surge
-----------
Surge Forward
-----------
Skyward Ascent
-----------
Shooting Star
-----------
Wing Buffet
-----------
Fury of the Aspects
-----------
Bombardments
-----------
Invigorating Healing Potion
	Eff: 562870,6357102478
