-----------
EssenceRegenDummy
-----------
Azure Strike
-----------
Blessing of the Bronze
-----------
Cauterizing Flame
-----------
Chrono Flames
-----------
Chrono Flame
-----------
Consume Flame
	Eff: -23847533,992725283
-----------
Deep Breath
-----------
Disintegrate
-----------
Dream Breath
	Eff: -10330804,40603403
-----------
Dream Breath (Echo)
	Eff: 109969,4537837232
-----------
Dream Flight
	Eff: -3675705,5801285245
-----------
Echo
	Eff: -4297222,043493926
-----------
Emerald Blossom
-----------
Engulf
-----------
Enkindle
-----------
Expunge
-----------
Fire Breath
	Dmg: 5747917,517262875
-----------
Fluttering Seedlings
-----------
Golden Hour
	Eff: -884764,9565320604
-----------
Landslide
-----------
Lifebind
	Eff: -3409999,4818911664
-----------
Life-Giver's Flame
-----------
Living Flame
	Eff: -877263,5037216521
	Dmg: 2923958,9187358324
-----------
Naturalize
-----------
Oppressing Roar
-----------
Panacea
	Eff: -662777,2306056519
-----------
Rewind
-----------
Renewing Blaze
-----------
Reversion
	Eff: 6185063,560870094
-----------
Reversion (Echo)
	Eff: 10090747,917815732
-----------
Sleep Walk
-----------
Source of Magic
-----------
Spatial Paradox
-----------
Spiritbloom
	Eff: -3287504,1277810964
-----------
Spiritbloom (Echo)
	Eff: -5783346,519491313
-----------
Stasis
-----------
Tail Swipe
-----------
Temporal Anomaly
	Eff: 152783,9306318469
-----------
Time Spiral
-----------
Unravel
-----------
Verdant Embrace
	Eff: -3919792,233539852
-----------
Zephyr
-----------
Leech
	Eff: 347872,19823714887
-----------
Blessing of Summer
-----------
Holy Bulwark
-----------
ZeroCIMDummy
-----------
Ethereal Reconstitution
	Eff: 7761830,348710019
-----------
Ethereal Guard
	Eff: 35557577,05428002
-----------
Stasis (Release)
-----------
Essence Bomb
-----------
Voidglass Barrier
	Eff: 15180514,69543987
-----------
Tip the Scales
-----------
Algari Mana Potion
-----------
Hover
-----------
Glide
-----------
Rescue
-----------
Twin Guardian
-----------
Emerald Communion
-----------
Stasis (Store)
-----------
Obsidian Scales
-----------
Time Dilation
-----------
Take Off
-----------
Whirling Surge
-----------
Surge Forward
-----------
Skyward Ascent
-----------
Shooting Star
-----------
Wing Buffet
-----------
Fury of the Aspects
-----------
Bombardments
-----------
Invigorating Healing Potion
	Eff: 973510,3803831162
