-----------
EssenceRegenDummy
-----------
Azure Strike
-----------
Blessing of the Bronze
-----------
Cauterizing Flame
-----------
Chrono Flames
-----------
Chrono Flame
-----------
Consume Flame
	Eff: -18641589,63510177
-----------
Deep Breath
-----------
Disintegrate
-----------
Dream Breath
	Eff: -25869191,770823088
-----------
Dream Breath (Echo)
	Eff: -3474825,4256280554
-----------
Dream Flight
	Eff: -7544900,894385306
-----------
Echo
	Eff: -4360709,000192128
-----------
Emerald Blossom
-----------
Engulf
-----------
Enkindle
-----------
Expunge
-----------
Fire Breath
	Dmg: -1387240,3898076972
-----------
Fluttering Seedlings
-----------
Golden Hour
	Eff: -884764,9565320604
-----------
Landslide
-----------
Lifebind
	Eff: -6534046,59355044
-----------
Life-Giver's Flame
-----------
Living Flame
	Eff: -214953,30705906329
	Dmg: -1109832,502372931
-----------
Naturalize
-----------
Oppressing Roar
-----------
Panacea
	Eff: -196735,7933289615
-----------
Rewind
-----------
Renewing Blaze
-----------
Reversion
	Eff: -18552102,43061506
-----------
Reversion (Echo)
	Eff: -33113242,548124738
-----------
Sleep Walk
-----------
Source of Magic
-----------
Spatial Paradox
-----------
Spiritbloom
	Eff: 425876,82490940654
-----------
Spiritbloom (Echo)
	Eff: -42576,76989003364
-----------
Stasis
-----------
Tail Swipe
-----------
Temporal Anomaly
	Eff: 33449331,995832354
-----------
Time Spiral
-----------
Unravel
-----------
Verdant Embrace
	Eff: -2694859,477791974
-----------
Zephyr
-----------
Leech
	Eff: -3975588,0921685304
-----------
Blessing of Summer
-----------
Holy Bulwark
-----------
ZeroCIMDummy
-----------
Ethereal Reconstitution
	Eff: -1439526,584541524
-----------
Ethereal Guard
	Eff: -7107666,787472036
-----------
Stasis (Release)
-----------
Essence Bomb
-----------
Voidglass Barrier
	Eff: 8775972,560541192
-----------
Tip the Scales
-----------
Algari Mana Potion
-----------
Hover
-----------
Glide
-----------
Rescue
-----------
Twin Guardian
-----------
Emerald Communion
-----------
Stasis (Store)
-----------
Obsidian Scales
-----------
Time Dilation
-----------
Take Off
-----------
Whirling Surge
-----------
Surge Forward
-----------
Skyward Ascent
-----------
Shooting Star
-----------
Wing Buffet
-----------
Fury of the Aspects
-----------
Bombardments
-----------
Invigorating Healing Potion
	Eff: 562793,8549547773
