-----------
EssenceRegenDummy
-----------
Azure Strike
-----------
Blessing of the Bronze
-----------
Cauterizing Flame
-----------
Chrono Flames
-----------
Chrono Flame
-----------
Consume Flame
	Eff: 1781451,790510671
-----------
Deep Breath
-----------
Disintegrate
-----------
Dream Breath
	Eff: 9126001,620746521
-----------
Dream Breath (Echo)
	Eff: 1156676,1112129556
-----------
Dream Flight
	Eff: 3929008,8892484317
-----------
Echo
	Eff: 570317,3251404134
-----------
Emerald Blossom
-----------
Engulf
-----------
Enkindle
-----------
Expunge
-----------
Fire Breath
	Dmg: 2324177,1367534674
-----------
Fluttering Seedlings
-----------
Golden Hour
	Eff: -884764,9565320604
-----------
Landslide
-----------
Lifebind
	Eff: -428327,5079188024
-----------
Life-Giver's Flame
-----------
Living Flame
	Eff: -332203,23842959
	Dmg: 1079031,4035670115
-----------
Naturalize
-----------
Oppressing Roar
-----------
Panacea
	Eff: -15777,763773917526
-----------
Rewind
-----------
Renewing Blaze
-----------
Reversion
	Eff: 8584692,935135545
-----------
Reversion (Echo)
	Eff: 15000981,906859696
-----------
Sleep Walk
-----------
Source of Magic
-----------
Spatial Paradox
-----------
Spiritbloom
	Eff: -494004,6059783102
-----------
Spiritbloom (Echo)
	Eff: -1433282,6137811423
-----------
Stasis
-----------
Tail Swipe
-----------
Temporal Anomaly
	Eff: -11196455,966287896
-----------
Time Spiral
-----------
Unravel
-----------
Verdant Embrace
	Eff: 785648,1129805669
-----------
Zephyr
-----------
Leech
	Eff: 1736469,8185294885
-----------
Blessing of Summer
-----------
Holy Bulwark
-----------
ZeroCIMDummy
-----------
Ethereal Reconstitution
	Eff: 2988434,038916289
-----------
Ethereal Guard
	Eff: 14753244,534197865
-----------
Stasis (Release)
-----------
Essence Bomb
-----------
Voidglass Barrier
	Eff: 2365697,6108254287
-----------
Tip the Scales
-----------
Algari Mana Potion
-----------
Hover
-----------
Glide
-----------
Rescue
-----------
Twin Guardian
-----------
Emerald Communion
-----------
Stasis (Store)
-----------
Obsidian Scales
-----------
Time Dilation
-----------
Take Off
-----------
Whirling Surge
-----------
Surge Forward
-----------
Skyward Ascent
-----------
Shooting Star
-----------
Wing Buffet
-----------
Fury of the Aspects
-----------
Bombardments
-----------
Invigorating Healing Potion
	Eff: 151709,69016471598
