-----------
EssenceRegenDummy
-----------
Azure Strike
-----------
Blessing of the Bronze
-----------
Cauterizing Flame
-----------
Chrono Flames
-----------
Chrono Flame
-----------
Consume Flame
	Eff: -4515614,606803182
-----------
Deep Breath
-----------
Disintegrate
-----------
Dream Breath
	Eff: 983938,9670675533
-----------
Dream Breath (Echo)
	Eff: 4244104,119268195
-----------
Dream Flight
	Eff: -5219513,315861281
-----------
Echo
	Eff: -683829,4585045177
-----------
Emerald Blossom
-----------
Engulf
-----------
Enkindle
-----------
Expunge
-----------
Fire Breath
	Dmg: 4180574,3916030037
-----------
Fluttering Seedlings
-----------
Golden Hour
	Eff: 7121140,246178057
-----------
Landslide
-----------
Lifebind
	Eff: 14631369,071537877
-----------
Life-Giver's Flame
-----------
Living Flame
	Eff: 700081,3605605852
	Dmg: 4495646,452379705
-----------
Naturalize
-----------
Oppressing Roar
-----------
Panacea
	Eff: -869419,2696132838
-----------
Rewind
-----------
Renewing Blaze
-----------
Reversion
	Eff: 16601912,327270454
-----------
Reversion (Echo)
	Eff: 29600054,571244635
-----------
Sleep Walk
-----------
Source of Magic
-----------
Spatial Paradox
-----------
Spiritbloom
	Eff: -4620550,077595733
-----------
Spiritbloom (Echo)
	Eff: -2621967,782686859
-----------
Stasis
-----------
Tail Swipe
-----------
Temporal Anomaly
	Eff: -2728573,1001188853
-----------
Time Spiral
-----------
Unravel
-----------
Verdant Embrace
	Eff: -6182628,585578502
-----------
Zephyr
-----------
Leech
	Eff: 2304259,014414978
-----------
Blessing of Summer
-----------
Holy Bulwark
-----------
ZeroCIMDummy
-----------
Ethereal Reconstitution
	Eff: 5576632,564790365
-----------
Ethereal Guard
	Eff: 26033628,408839423
-----------
Stasis (Release)
-----------
Essence Bomb
-----------
Voidglass Barrier
	Eff: 2365697,6108254287
-----------
Tip the Scales
-----------
Algari Mana Potion
-----------
Hover
-----------
Glide
-----------
Rescue
-----------
Twin Guardian
-----------
Emerald Communion
-----------
Stasis (Store)
-----------
Obsidian Scales
-----------
Time Dilation
-----------
Take Off
-----------
Whirling Surge
-----------
Surge Forward
-----------
Skyward Ascent
-----------
Shooting Star
-----------
Wing Buffet
-----------
Fury of the Aspects
-----------
Bombardments
-----------
Invigorating Healing Potion
	Eff: 151709,69016471598
