-----------
EssenceRegenDummy
-----------
Azure Strike
-----------
Blessing of the Bronze
-----------
Cauterizing Flame
-----------
Chrono Flames
-----------
Chrono Flame
-----------
Consume Flame
	Eff: 1277752,1382957685
-----------
Deep Breath
-----------
Disintegrate
-----------
Dream Breath
	Eff: -1888063,1668438027
-----------
Dream Breath (Echo)
	Eff: 3046845,5812739437
-----------
Dream Flight
	Eff: -6228482,365337081
-----------
Echo
	Eff: 281771,9404486153
-----------
Emerald Blossom
-----------
Engulf
-----------
Enkindle
-----------
Expunge
-----------
Fire Breath
	Dmg: 666310,4556238584
-----------
Fluttering Seedlings
-----------
Golden Hour
	Eff: 7121140,246178057
-----------
Landslide
-----------
Lifebind
	Eff: 14493705,100333665
-----------
Life-Giver's Flame
-----------
Living Flame
	Eff: 1095793,2277974803
	Dmg: 2261131,036659783
-----------
Naturalize
-----------
Oppressing Roar
-----------
Panacea
	Eff: -588996,4170531586
-----------
Rewind
-----------
Renewing Blaze
-----------
Reversion
	Eff: 8795127,215744091
-----------
Reversion (Echo)
	Eff: 15972391,14508179
-----------
Sleep Walk
-----------
Source of Magic
-----------
Spatial Paradox
-----------
Spiritbloom
	Eff: -3119209,965723342
-----------
Spiritbloom (Echo)
	Eff: -72203,40467618548
-----------
Stasis
-----------
Tail Swipe
-----------
Temporal Anomaly
	Eff: 1298906,0296484213
-----------
Time Spiral
-----------
Unravel
-----------
Verdant Embrace
	Eff: -4931501,013244493
-----------
Zephyr
-----------
Leech
	Eff: 980569,9519618353
-----------
Blessing of Summer
-----------
Holy Bulwark
-----------
ZeroCIMDummy
-----------
Ethereal Reconstitution
	Eff: 900909,1798021036
-----------
Ethereal Guard
	Eff: 4276010,301639369
-----------
Stasis (Release)
-----------
Essence Bomb
-----------
Voidglass Barrier
	Eff: -4045774,625956028
-----------
Tip the Scales
-----------
Algari Mana Potion
-----------
Hover
-----------
Glide
-----------
Rescue
-----------
Twin Guardian
-----------
Emerald Communion
-----------
Stasis (Store)
-----------
Obsidian Scales
-----------
Time Dilation
-----------
Take Off
-----------
Whirling Surge
-----------
Surge Forward
-----------
Skyward Ascent
-----------
Shooting Star
-----------
Wing Buffet
-----------
Fury of the Aspects
-----------
Bombardments
-----------
Invigorating Healing Potion
	Eff: -259451,25538081676
