-----------
EssenceRegenDummy
-----------
Azure Strike
-----------
Blessing of the Bronze
-----------
Cauterizing Flame
-----------
Chrono Flames
-----------
Chrono Flame
-----------
Consume Flame
	Eff: 2298174,4683455843
-----------
Deep Breath
-----------
Disintegrate
-----------
Dream Breath
	Eff: 527517,2153968293
-----------
Dream Breath (Echo)
	Eff: 3690202,378935971
-----------
Dream Flight
	Eff: -6340735,718588354
-----------
Echo
	Eff: 789665,2850916602
-----------
Emerald Blossom
-----------
Engulf
-----------
Enkindle
-----------
Expunge
-----------
Fire Breath
	Dmg: 541389,6366015064
-----------
Fluttering Seedlings
-----------
Golden Hour
	Eff: 7122540,597133415
-----------
Landslide
-----------
Lifebind
	Eff: 16128157,53330068
-----------
Life-Giver's Flame
-----------
Living Flame
	Eff: 1017432,7693235868
	Dmg: 2257029,5994935026
-----------
Naturalize
-----------
Oppressing Roar
-----------
Panacea
	Eff: -597598,3647107264
-----------
Rewind
-----------
Renewing Blaze
-----------
Reversion
	Eff: 16169573,274294179
-----------
Reversion (Echo)
	Eff: 29029506,912705034
-----------
Sleep Walk
-----------
Source of Magic
-----------
Spatial Paradox
-----------
Spiritbloom
	Eff: -3793770,3115540305
-----------
Spiritbloom (Echo)
	Eff: -1109146,1869269656
-----------
Stasis
-----------
Tail Swipe
-----------
Temporal Anomaly
	Eff: -20965278,855512872
-----------
Time Spiral
-----------
Unravel
-----------
Verdant Embrace
	Eff: -4722190,214170145
-----------
Zephyr
-----------
Leech
	Eff: 1840231,7931816722
-----------
Blessing of Summer
-----------
Holy Bulwark
-----------
ZeroCIMDummy
-----------
Ethereal Reconstitution
	Eff: 502862,6086708773
-----------
Ethereal Guard
	Eff: 3920149,777086373
-----------
Stasis (Release)
-----------
Essence Bomb
-----------
Voidglass Barrier
	Eff: -10457246,862737484
-----------
Tip the Scales
-----------
Algari Mana Potion
-----------
Hover
-----------
Glide
-----------
Rescue
-----------
Twin Guardian
-----------
Emerald Communion
-----------
Stasis (Store)
-----------
Obsidian Scales
-----------
Time Dilation
-----------
Take Off
-----------
Whirling Surge
-----------
Surge Forward
-----------
Skyward Ascent
-----------
Shooting Star
-----------
Wing Buffet
-----------
Fury of the Aspects
-----------
Bombardments
-----------
Invigorating Healing Potion
	Eff: -670612,2009263495
