-----------
EssenceRegenDummy
-----------
Azure Strike
-----------
Blessing of the Bronze
-----------
Cauterizing Flame
-----------
Chrono Flames
-----------
Chrono Flame
-----------
Consume Flame
	Eff: 2495338,855237013
-----------
Deep Breath
-----------
Disintegrate
-----------
Dream Breath
	Eff: 4450411,942846773
-----------
Dream Breath (Echo)
	Eff: 4278819,484173213
-----------
Dream Flight
	Eff: -4197097,39660101
-----------
Echo
	Eff: 707752,7865691871
-----------
Emerald Blossom
-----------
Engulf
-----------
Enkindle
-----------
Expunge
-----------
Fire Breath
	Dmg: 2360838,335892544
-----------
Fluttering Seedlings
-----------
Golden Hour
	Eff: 7121140,246178057
-----------
Landslide
-----------
Lifebind
	Eff: 15719178,608600132
-----------
Life-Giver's Flame
-----------
Living Flame
	Eff: 919055,5851462935
	Dmg: 3376073,5927005564
-----------
Naturalize
-----------
Oppressing Roar
-----------
Panacea
	Eff: -665404,6172666316
-----------
Rewind
-----------
Renewing Blaze
-----------
Reversion
	Eff: 17015737,037028734
-----------
Reversion (Echo)
	Eff: 30505781,5893701
-----------
Sleep Walk
-----------
Source of Magic
-----------
Spatial Paradox
-----------
Spiritbloom
	Eff: -3866481,4212293467
-----------
Spiritbloom (Echo)
	Eff: -1327029,9857174968
-----------
Stasis
-----------
Tail Swipe
-----------
Temporal Anomaly
	Eff: -10762671,411257744
-----------
Time Spiral
-----------
Unravel
-----------
Verdant Embrace
	Eff: -4880447,3890805105
-----------
Zephyr
-----------
Leech
	Eff: 2420206,244498895
-----------
Blessing of Summer
-----------
Holy Bulwark
-----------
ZeroCIMDummy
-----------
Ethereal Reconstitution
	Eff: 3039547,269837452
-----------
Ethereal Guard
	Eff: 14976016,033408556
-----------
Stasis (Release)
-----------
Essence Bomb
-----------
Voidglass Barrier
	Eff: -4045774,625956028
-----------
Tip the Scales
-----------
Algari Mana Potion
-----------
Hover
-----------
Glide
-----------
Rescue
-----------
Twin Guardian
-----------
Emerald Communion
-----------
Stasis (Store)
-----------
Obsidian Scales
-----------
Time Dilation
-----------
Take Off
-----------
Whirling Surge
-----------
Surge Forward
-----------
Skyward Ascent
-----------
Shooting Star
-----------
Wing Buffet
-----------
Fury of the Aspects
-----------
Bombardments
-----------
Invigorating Healing Potion
	Eff: -259451,25538081676
