----------------------
00:00,082

Intellect
	 Rating: 140996
	 Multiplicative Factor: 8,15%
	 Eff: 140996
Stamina
	 Rating: 879789
	 Multiplicative Factor: 11,3%
	 Eff: 879789,0000000001
Crit
	 Rating: 2086
	 Multiplicative Factor: 0%
	 Eff: 5586,496976702294
	 DR Bracket: 0
	 Base: 5%
	 Effective Percent: 7,98%
	 Crit Inc Heal: 2
	 Crit Inc Damage: 2
Haste
	 Rating: 21896
	 Multiplicative Factor: 0%
	 Eff: 21686,728567240458
	 DR Bracket: 1
	 Base: 0%
	 Effective Percent: 32,86%
Vers
	 Rating: 23467
	 Multiplicative Factor: 0%
	 Eff: 25800,193536071936
	 DR Bracket: 1
	 Base: 3%
	 Effective Percent: 33,08%
Leech
	 Rating: 3060
	 Multiplicative Factor: 0%
	 Eff: 5099,99025
	 DR Bracket: 0
	 Base: 2%
	 Effective Percent: 5%
Avoidance
	 Rating: -0
	 Multiplicative Factor: 0%
	 Eff: -0,32846701212770313
	 DR Bracket: 0
	 Base: 0%
	 Effective Percent: -0%
Mastery
	 Rating: 16442
	 Multiplicative Factor: 0%
	 Eff: 24141,57447518644
	 DR Bracket: 0
	 Base: 19,8%
	 Effective Percent: 62,08%
----------------------
00:05,131

Intellect
	 Rating: 140996
	 Multiplicative Factor: 8,15%
	 Eff: 140996
Stamina
	 Rating: 879789
	 Multiplicative Factor: 11,3%
	 Eff: 879789,0000000001
Crit
	 Rating: 2086
	 Multiplicative Factor: 0%
	 Eff: 5586,496976702294
	 DR Bracket: 0
	 Base: 5%
	 Effective Percent: 7,98%
	 Crit Inc Heal: 2
	 Crit Inc Damage: 2
Haste
	 Rating: 21896
	 Multiplicative Factor: 0%
	 Eff: 21686,728567240458
	 DR Bracket: 1
	 Base: 0%
	 Effective Percent: 32,86%
Vers
	 Rating: 23467
	 Multiplicative Factor: 0%
	 Eff: 25800,193536071936
	 DR Bracket: 1
	 Base: 3%
	 Effective Percent: 33,08%
Leech
	 Rating: 3060
	 Multiplicative Factor: 0%
	 Eff: 5099,99025
	 DR Bracket: 0
	 Base: 2%
	 Effective Percent: 5%
Avoidance
	 Rating: -0
	 Multiplicative Factor: 0%
	 Eff: -0,32846701212770313
	 DR Bracket: 0
	 Base: 0%
	 Effective Percent: -0%
Mastery
	 Rating: 16442
	 Multiplicative Factor: 0%
	 Eff: 24141,57447518644
	 DR Bracket: 0
	 Base: 19,8%
	 Effective Percent: 62,08%
----------------------
00:10,246

Intellect
	 Rating: 140996
	 Multiplicative Factor: 8,15%
	 Eff: 140996
Stamina
	 Rating: 879789
	 Multiplicative Factor: 11,3%
	 Eff: 879789,0000000001
Crit
	 Rating: 2086
	 Multiplicative Factor: 0%
	 Eff: 5586,496976702294
	 DR Bracket: 0
	 Base: 5%
	 Effective Percent: 7,98%
	 Crit Inc Heal: 2
	 Crit Inc Damage: 2
Haste
	 Rating: 21896
	 Multiplicative Factor: 0%
	 Eff: 21686,728567240458
	 DR Bracket: 1
	 Base: 0%
	 Effective Percent: 32,86%
Vers
	 Rating: 23467
	 Multiplicative Factor: 0%
	 Eff: 25800,193536071936
	 DR Bracket: 1
	 Base: 3%
	 Effective Percent: 33,08%
Leech
	 Rating: 3060
	 Multiplicative Factor: 0%
	 Eff: 5099,99025
	 DR Bracket: 0
	 Base: 2%
	 Effective Percent: 5%
Avoidance
	 Rating: -0
	 Multiplicative Factor: 0%
	 Eff: -0,32846701212770313
	 DR Bracket: 0
	 Base: 0%
	 Effective Percent: -0%
Mastery
	 Rating: 16442
	 Multiplicative Factor: 0%
	 Eff: 24141,57447518644
	 DR Bracket: 0
	 Base: 19,8%
	 Effective Percent: 62,08%
----------------------
00:15,254

Intellect
	 Rating: 140996
	 Multiplicative Factor: 8,15%
	 Eff: 140996
Stamina
	 Rating: 879789
	 Multiplicative Factor: 11,3%
	 Eff: 879789,0000000001
Crit
	 Rating: 2086
	 Multiplicative Factor: 0%
	 Eff: 5586,496976702294
	 DR Bracket: 0
	 Base: 5%
	 Effective Percent: 7,98%
	 Crit Inc Heal: 2,6
	 Crit Inc Damage: 2
Haste
	 Rating: 21896
	 Multiplicative Factor: 0%
	 Eff: 21686,728567240458
	 DR Bracket: 1
	 Base: 0%
	 Effective Percent: 32,86%
Vers
	 Rating: 23467
	 Multiplicative Factor: 0%
	 Eff: 25800,193536071936
	 DR Bracket: 1
	 Base: 3%
	 Effective Percent: 33,08%
Leech
	 Rating: 3060
	 Multiplicative Factor: 0%
	 Eff: 5099,99025
	 DR Bracket: 0
	 Base: 2%
	 Effective Percent: 5%
Avoidance
	 Rating: -0
	 Multiplicative Factor: 0%
	 Eff: -0,32846701212770313
	 DR Bracket: 0
	 Base: 0%
	 Effective Percent: -0%
Mastery
	 Rating: 16442
	 Multiplicative Factor: 0%
	 Eff: 24141,57447518644
	 DR Bracket: 0
	 Base: 19,8%
	 Effective Percent: 62,08%
----------------------
00:20,254

Intellect
	 Rating: 140996
	 Multiplicative Factor: 8,15%
	 Eff: 140996
Stamina
	 Rating: 879789
	 Multiplicative Factor: 11,3%
	 Eff: 879789,0000000001
Crit
	 Rating: 2086
	 Multiplicative Factor: 0%
	 Eff: 5586,496976702294
	 DR Bracket: 0
	 Base: 5%
	 Effective Percent: 7,98%
	 Crit Inc Heal: 2,6
	 Crit Inc Damage: 2
Haste
	 Rating: 21896
	 Multiplicative Factor: 0%
	 Eff: 21686,728567240458
	 DR Bracket: 1
	 Base: 0%
	 Effective Percent: 32,86%
Vers
	 Rating: 23467
	 Multiplicative Factor: 0%
	 Eff: 25800,193536071936
	 DR Bracket: 1
	 Base: 3%
	 Effective Percent: 33,08%
Leech
	 Rating: 3060
	 Multiplicative Factor: 0%
	 Eff: 5099,99025
	 DR Bracket: 0
	 Base: 2%
	 Effective Percent: 5%
Avoidance
	 Rating: -0
	 Multiplicative Factor: 0%
	 Eff: -0,32846701212770313
	 DR Bracket: 0
	 Base: 0%
	 Effective Percent: -0%
Mastery
	 Rating: 16442
	 Multiplicative Factor: 0%
	 Eff: 24141,57447518644
	 DR Bracket: 0
	 Base: 19,8%
	 Effective Percent: 62,08%
----------------------
00:25,257

Intellect
	 Rating: 140996
	 Multiplicative Factor: 8,15%
	 Eff: 140996
Stamina
	 Rating: 879789
	 Multiplicative Factor: 11,3%
	 Eff: 879789,0000000001
Crit
	 Rating: 2086
	 Multiplicative Factor: 0%
	 Eff: 5586,496976702294
	 DR Bracket: 0
	 Base: 5%
	 Effective Percent: 7,98%
	 Crit Inc Heal: 2,6
	 Crit Inc Damage: 2
Haste
	 Rating: 21896
	 Multiplicative Factor: 0%
	 Eff: 21686,728567240458
	 DR Bracket: 1
	 Base: 0%
	 Effective Percent: 32,86%
Vers
	 Rating: 23467
	 Multiplicative Factor: 0%
	 Eff: 25800,193536071936
	 DR Bracket: 1
	 Base: 3%
	 Effective Percent: 33,08%
Leech
	 Rating: 3060
	 Multiplicative Factor: 0%
	 Eff: 5099,99025
	 DR Bracket: 0
	 Base: 2%
	 Effective Percent: 5%
Avoidance
	 Rating: -0
	 Multiplicative Factor: 0%
	 Eff: -0,32846701212770313
	 DR Bracket: 0
	 Base: 0%
	 Effective Percent: -0%
Mastery
	 Rating: 16442
	 Multiplicative Factor: 0%
	 Eff: 24141,57447518644
	 DR Bracket: 0
	 Base: 19,8%
	 Effective Percent: 62,08%
----------------------
00:30,263

Intellect
	 Rating: 140996
	 Multiplicative Factor: 8,15%
	 Eff: 140996
Stamina
	 Rating: 879789
	 Multiplicative Factor: 11,3%
	 Eff: 879789,0000000001
Crit
	 Rating: 2086
	 Multiplicative Factor: 0%
	 Eff: 5586,496976702294
	 DR Bracket: 0
	 Base: 5%
	 Effective Percent: 7,98%
	 Crit Inc Heal: 2
	 Crit Inc Damage: 2
Haste
	 Rating: 21896
	 Multiplicative Factor: 0%
	 Eff: 21686,728567240458
	 DR Bracket: 1
	 Base: 0%
	 Effective Percent: 32,86%
Vers
	 Rating: 23467
	 Multiplicative Factor: 0%
	 Eff: 25800,193536071936
	 DR Bracket: 1
	 Base: 3%
	 Effective Percent: 33,08%
Leech
	 Rating: 3060
	 Multiplicative Factor: 0%
	 Eff: 5099,99025
	 DR Bracket: 0
	 Base: 2%
	 Effective Percent: 5%
Avoidance
	 Rating: -0
	 Multiplicative Factor: 0%
	 Eff: -0,32846701212770313
	 DR Bracket: 0
	 Base: 0%
	 Effective Percent: -0%
Mastery
	 Rating: 16442
	 Multiplicative Factor: 0%
	 Eff: 24141,57447518644
	 DR Bracket: 0
	 Base: 19,8%
	 Effective Percent: 62,08%
----------------------
00:35,264

Intellect
	 Rating: 140996
	 Multiplicative Factor: 8,15%
	 Eff: 140996
Stamina
	 Rating: 879789
	 Multiplicative Factor: 11,3%
	 Eff: 879789,0000000001
Crit
	 Rating: 2086
	 Multiplicative Factor: 0%
	 Eff: 5586,496976702294
	 DR Bracket: 0
	 Base: 5%
	 Effective Percent: 7,98%
	 Crit Inc Heal: 2,6
	 Crit Inc Damage: 2
Haste
	 Rating: 21896
	 Multiplicative Factor: 0%
	 Eff: 21686,728567240458
	 DR Bracket: 1
	 Base: 0%
	 Effective Percent: 32,86%
Vers
	 Rating: 23467
	 Multiplicative Factor: 0%
	 Eff: 25800,193536071936
	 DR Bracket: 1
	 Base: 3%
	 Effective Percent: 33,08%
Leech
	 Rating: 3060
	 Multiplicative Factor: 0%
	 Eff: 5099,99025
	 DR Bracket: 0
	 Base: 2%
	 Effective Percent: 5%
Avoidance
	 Rating: -0
	 Multiplicative Factor: 0%
	 Eff: -0,32846701212770313
	 DR Bracket: 0
	 Base: 0%
	 Effective Percent: -0%
Mastery
	 Rating: 16442
	 Multiplicative Factor: 0%
	 Eff: 24141,57447518644
	 DR Bracket: 0
	 Base: 19,8%
	 Effective Percent: 62,08%
----------------------
00:40,346

Intellect
	 Rating: 140996
	 Multiplicative Factor: 8,15%
	 Eff: 140996
Stamina
	 Rating: 879789
	 Multiplicative Factor: 11,3%
	 Eff: 879789,0000000001
Crit
	 Rating: 2086
	 Multiplicative Factor: 0%
	 Eff: 5586,496976702294
	 DR Bracket: 0
	 Base: 5%
	 Effective Percent: 7,98%
	 Crit Inc Heal: 2,6
	 Crit Inc Damage: 2
Haste
	 Rating: 21896
	 Multiplicative Factor: 0%
	 Eff: 21686,728567240458
	 DR Bracket: 1
	 Base: 0%
	 Effective Percent: 32,86%
Vers
	 Rating: 23467
	 Multiplicative Factor: 0%
	 Eff: 25800,193536071936
	 DR Bracket: 1
	 Base: 3%
	 Effective Percent: 33,08%
Leech
	 Rating: 3060
	 Multiplicative Factor: 0%
	 Eff: 5099,99025
	 DR Bracket: 0
	 Base: 2%
	 Effective Percent: 5%
Avoidance
	 Rating: -0
	 Multiplicative Factor: 0%
	 Eff: -0,32846701212770313
	 DR Bracket: 0
	 Base: 0%
	 Effective Percent: -0%
Mastery
	 Rating: 16442
	 Multiplicative Factor: 0%
	 Eff: 24141,57447518644
	 DR Bracket: 0
	 Base: 19,8%
	 Effective Percent: 62,08%
----------------------
00:45,413

Intellect
	 Rating: 140996
	 Multiplicative Factor: 8,15%
	 Eff: 140996
Stamina
	 Rating: 879789
	 Multiplicative Factor: 11,3%
	 Eff: 879789,0000000001
Crit
	 Rating: 2086
	 Multiplicative Factor: 0%
	 Eff: 5586,496976702294
	 DR Bracket: 0
	 Base: 5%
	 Effective Percent: 7,98%
	 Crit Inc Heal: 2,6
	 Crit Inc Damage: 2
Haste
	 Rating: 21896
	 Multiplicative Factor: 0%
	 Eff: 21686,728567240458
	 DR Bracket: 1
	 Base: 0%
	 Effective Percent: 32,86%
Vers
	 Rating: 23467
	 Multiplicative Factor: 0%
	 Eff: 25800,193536071936
	 DR Bracket: 1
	 Base: 3%
	 Effective Percent: 33,08%
Leech
	 Rating: 3060
	 Multiplicative Factor: 0%
	 Eff: 5099,99025
	 DR Bracket: 0
	 Base: 2%
	 Effective Percent: 5%
Avoidance
	 Rating: -0
	 Multiplicative Factor: 0%
	 Eff: -0,32846701212770313
	 DR Bracket: 0
	 Base: 0%
	 Effective Percent: -0%
Mastery
	 Rating: 16442
	 Multiplicative Factor: 0%
	 Eff: 24141,57447518644
	 DR Bracket: 0
	 Base: 19,8%
	 Effective Percent: 62,08%
----------------------
00:50,423

Intellect
	 Rating: 140996
	 Multiplicative Factor: 8,15%
	 Eff: 140996
Stamina
	 Rating: 879789
	 Multiplicative Factor: 11,3%
	 Eff: 879789,0000000001
Crit
	 Rating: 2086
	 Multiplicative Factor: 0%
	 Eff: 5586,496976702294
	 DR Bracket: 0
	 Base: 5%
	 Effective Percent: 7,98%
	 Crit Inc Heal: 2,6
	 Crit Inc Damage: 2
Haste
	 Rating: 21896
	 Multiplicative Factor: 0%
	 Eff: 21686,728567240458
	 DR Bracket: 1
	 Base: 0%
	 Effective Percent: 32,86%
Vers
	 Rating: 23467
	 Multiplicative Factor: 0%
	 Eff: 25800,193536071936
	 DR Bracket: 1
	 Base: 3%
	 Effective Percent: 33,08%
Leech
	 Rating: 3060
	 Multiplicative Factor: 0%
	 Eff: 5099,99025
	 DR Bracket: 0
	 Base: 2%
	 Effective Percent: 5%
Avoidance
	 Rating: -0
	 Multiplicative Factor: 0%
	 Eff: -0,32846701212770313
	 DR Bracket: 0
	 Base: 0%
	 Effective Percent: -0%
Mastery
	 Rating: 16442
	 Multiplicative Factor: 0%
	 Eff: 24141,57447518644
	 DR Bracket: 0
	 Base: 19,8%
	 Effective Percent: 62,08%
----------------------
00:55,435

Intellect
	 Rating: 140996
	 Multiplicative Factor: 8,15%
	 Eff: 140996
Stamina
	 Rating: 879789
	 Multiplicative Factor: 11,3%
	 Eff: 879789,0000000001
Crit
	 Rating: 2086
	 Multiplicative Factor: 0%
	 Eff: 5586,496976702294
	 DR Bracket: 0
	 Base: 5%
	 Effective Percent: 7,98%
	 Crit Inc Heal: 2
	 Crit Inc Damage: 2
Haste
	 Rating: 21896
	 Multiplicative Factor: 0%
	 Eff: 21686,728567240458
	 DR Bracket: 1
	 Base: 0%
	 Effective Percent: 32,86%
Vers
	 Rating: 23467
	 Multiplicative Factor: 0%
	 Eff: 25800,193536071936
	 DR Bracket: 1
	 Base: 3%
	 Effective Percent: 33,08%
Leech
	 Rating: 3060
	 Multiplicative Factor: 0%
	 Eff: 5099,99025
	 DR Bracket: 0
	 Base: 2%
	 Effective Percent: 5%
Avoidance
	 Rating: -0
	 Multiplicative Factor: 0%
	 Eff: -0,32846701212770313
	 DR Bracket: 0
	 Base: 0%
	 Effective Percent: -0%
Mastery
	 Rating: 16442
	 Multiplicative Factor: 0%
	 Eff: 24141,57447518644
	 DR Bracket: 0
	 Base: 19,8%
	 Effective Percent: 62,08%
----------------------
01:00,503

Intellect
	 Rating: 140996
	 Multiplicative Factor: 8,15%
	 Eff: 140996
Stamina
	 Rating: 879789
	 Multiplicative Factor: 11,3%
	 Eff: 879789,0000000001
Crit
	 Rating: 2086
	 Multiplicative Factor: 0%
	 Eff: 5586,496976702294
	 DR Bracket: 0
	 Base: 5%
	 Effective Percent: 7,98%
	 Crit Inc Heal: 2,6
	 Crit Inc Damage: 2
Haste
	 Rating: 21896
	 Multiplicative Factor: 0%
	 Eff: 21686,728567240458
	 DR Bracket: 1
	 Base: 0%
	 Effective Percent: 32,86%
Vers
	 Rating: 23467
	 Multiplicative Factor: 0%
	 Eff: 25800,193536071936
	 DR Bracket: 1
	 Base: 3%
	 Effective Percent: 33,08%
Leech
	 Rating: 3060
	 Multiplicative Factor: 0%
	 Eff: 5099,99025
	 DR Bracket: 0
	 Base: 2%
	 Effective Percent: 5%
Avoidance
	 Rating: -0
	 Multiplicative Factor: 0%
	 Eff: -0,32846701212770313
	 DR Bracket: 0
	 Base: 0%
	 Effective Percent: -0%
Mastery
	 Rating: 16442
	 Multiplicative Factor: 0%
	 Eff: 24141,57447518644
	 DR Bracket: 0
	 Base: 19,8%
	 Effective Percent: 62,08%
----------------------
01:05,558

Intellect
	 Rating: 140996
	 Multiplicative Factor: 8,15%
	 Eff: 140996
Stamina
	 Rating: 879789
	 Multiplicative Factor: 11,3%
	 Eff: 879789,0000000001
Crit
	 Rating: 8071
	 Multiplicative Factor: 0%
	 Eff: 11571,3736598079
	 DR Bracket: 0
	 Base: 5%
	 Effective Percent: 16,53%
	 Crit Inc Heal: 2,6
	 Crit Inc Damage: 2
Haste
	 Rating: 21896
	 Multiplicative Factor: 0%
	 Eff: 21686,728567240458
	 DR Bracket: 1
	 Base: 0%
	 Effective Percent: 32,86%
Vers
	 Rating: 23467
	 Multiplicative Factor: 0%
	 Eff: 25800,193536071936
	 DR Bracket: 1
	 Base: 3%
	 Effective Percent: 33,08%
Leech
	 Rating: 3060
	 Multiplicative Factor: 0%
	 Eff: 5099,99025
	 DR Bracket: 0
	 Base: 2%
	 Effective Percent: 5%
Avoidance
	 Rating: -0
	 Multiplicative Factor: 0%
	 Eff: -0,32846701212770313
	 DR Bracket: 0
	 Base: 0%
	 Effective Percent: -0%
Mastery
	 Rating: 16442
	 Multiplicative Factor: 0%
	 Eff: 24141,57447518644
	 DR Bracket: 0
	 Base: 19,8%
	 Effective Percent: 62,08%
----------------------
01:10,692

Intellect
	 Rating: 140996
	 Multiplicative Factor: 8,15%
	 Eff: 140996
Stamina
	 Rating: 879789
	 Multiplicative Factor: 11,3%
	 Eff: 879789,0000000001
Crit
	 Rating: 8071
	 Multiplicative Factor: 0%
	 Eff: 11571,3736598079
	 DR Bracket: 0
	 Base: 5%
	 Effective Percent: 16,53%
	 Crit Inc Heal: 2,6
	 Crit Inc Damage: 2
Haste
	 Rating: 21896
	 Multiplicative Factor: 0%
	 Eff: 21686,728567240458
	 DR Bracket: 1
	 Base: 0%
	 Effective Percent: 32,86%
Vers
	 Rating: 23467
	 Multiplicative Factor: 0%
	 Eff: 25800,193536071936
	 DR Bracket: 1
	 Base: 3%
	 Effective Percent: 33,08%
Leech
	 Rating: 3060
	 Multiplicative Factor: 0%
	 Eff: 5099,99025
	 DR Bracket: 0
	 Base: 2%
	 Effective Percent: 5%
Avoidance
	 Rating: -0
	 Multiplicative Factor: 0%
	 Eff: -0,32846701212770313
	 DR Bracket: 0
	 Base: 0%
	 Effective Percent: -0%
Mastery
	 Rating: 16442
	 Multiplicative Factor: 0%
	 Eff: 24141,57447518644
	 DR Bracket: 0
	 Base: 19,8%
	 Effective Percent: 62,08%
----------------------
01:15,717

Intellect
	 Rating: 140996
	 Multiplicative Factor: 8,15%
	 Eff: 140996
Stamina
	 Rating: 879789
	 Multiplicative Factor: 11,3%
	 Eff: 879789,0000000001
Crit
	 Rating: 2086
	 Multiplicative Factor: 0%
	 Eff: 5586,496976702294
	 DR Bracket: 0
	 Base: 5%
	 Effective Percent: 7,98%
	 Crit Inc Heal: 2
	 Crit Inc Damage: 2
Haste
	 Rating: 21896
	 Multiplicative Factor: 0%
	 Eff: 21686,728567240458
	 DR Bracket: 1
	 Base: 0%
	 Effective Percent: 32,86%
Vers
	 Rating: 23467
	 Multiplicative Factor: 0%
	 Eff: 25800,193536071936
	 DR Bracket: 1
	 Base: 3%
	 Effective Percent: 33,08%
Leech
	 Rating: 3060
	 Multiplicative Factor: 0%
	 Eff: 5099,99025
	 DR Bracket: 0
	 Base: 2%
	 Effective Percent: 5%
Avoidance
	 Rating: -0
	 Multiplicative Factor: 0%
	 Eff: -0,32846701212770313
	 DR Bracket: 0
	 Base: 0%
	 Effective Percent: -0%
Mastery
	 Rating: 16442
	 Multiplicative Factor: 0%
	 Eff: 24141,57447518644
	 DR Bracket: 0
	 Base: 19,8%
	 Effective Percent: 62,08%
----------------------
01:20,757

Intellect
	 Rating: 140996
	 Multiplicative Factor: 8,15%
	 Eff: 140996
Stamina
	 Rating: 879789
	 Multiplicative Factor: 11,3%
	 Eff: 879789,0000000001
Crit
	 Rating: 2086
	 Multiplicative Factor: 0%
	 Eff: 5586,496976702294
	 DR Bracket: 0
	 Base: 5%
	 Effective Percent: 7,98%
	 Crit Inc Heal: 2,6
	 Crit Inc Damage: 2
Haste
	 Rating: 21896
	 Multiplicative Factor: 0%
	 Eff: 21686,728567240458
	 DR Bracket: 1
	 Base: 0%
	 Effective Percent: 32,86%
Vers
	 Rating: 23467
	 Multiplicative Factor: 0%
	 Eff: 25800,193536071936
	 DR Bracket: 1
	 Base: 3%
	 Effective Percent: 33,08%
Leech
	 Rating: 3060
	 Multiplicative Factor: 0%
	 Eff: 5099,99025
	 DR Bracket: 0
	 Base: 2%
	 Effective Percent: 5%
Avoidance
	 Rating: -0
	 Multiplicative Factor: 0%
	 Eff: -0,32846701212770313
	 DR Bracket: 0
	 Base: 0%
	 Effective Percent: -0%
Mastery
	 Rating: 16442
	 Multiplicative Factor: 0%
	 Eff: 24141,57447518644
	 DR Bracket: 0
	 Base: 19,8%
	 Effective Percent: 62,08%
----------------------
01:25,772

Intellect
	 Rating: 140996
	 Multiplicative Factor: 8,15%
	 Eff: 140996
Stamina
	 Rating: 879789
	 Multiplicative Factor: 11,3%
	 Eff: 879789,0000000001
Crit
	 Rating: 2086
	 Multiplicative Factor: 0%
	 Eff: 5586,496976702294
	 DR Bracket: 0
	 Base: 5%
	 Effective Percent: 7,98%
	 Crit Inc Heal: 2,6
	 Crit Inc Damage: 2
Haste
	 Rating: 21896
	 Multiplicative Factor: 0%
	 Eff: 21686,728567240458
	 DR Bracket: 1
	 Base: 0%
	 Effective Percent: 32,86%
Vers
	 Rating: 23467
	 Multiplicative Factor: 0%
	 Eff: 25800,193536071936
	 DR Bracket: 1
	 Base: 3%
	 Effective Percent: 33,08%
Leech
	 Rating: 3060
	 Multiplicative Factor: 0%
	 Eff: 5099,99025
	 DR Bracket: 0
	 Base: 2%
	 Effective Percent: 5%
Avoidance
	 Rating: -0
	 Multiplicative Factor: 0%
	 Eff: -0,32846701212770313
	 DR Bracket: 0
	 Base: 0%
	 Effective Percent: -0%
Mastery
	 Rating: 16442
	 Multiplicative Factor: 0%
	 Eff: 24141,57447518644
	 DR Bracket: 0
	 Base: 19,8%
	 Effective Percent: 62,08%
----------------------
01:30,928

Intellect
	 Rating: 140996
	 Multiplicative Factor: 8,15%
	 Eff: 140996
Stamina
	 Rating: 879789
	 Multiplicative Factor: 11,3%
	 Eff: 879789,0000000001
Crit
	 Rating: 2086
	 Multiplicative Factor: 0%
	 Eff: 5586,496976702294
	 DR Bracket: 0
	 Base: 5%
	 Effective Percent: 7,98%
	 Crit Inc Heal: 2,6
	 Crit Inc Damage: 2
Haste
	 Rating: 21896
	 Multiplicative Factor: 0%
	 Eff: 21686,728567240458
	 DR Bracket: 1
	 Base: 0%
	 Effective Percent: 32,86%
Vers
	 Rating: 23467
	 Multiplicative Factor: 0%
	 Eff: 25800,193536071936
	 DR Bracket: 1
	 Base: 3%
	 Effective Percent: 33,08%
Leech
	 Rating: 3060
	 Multiplicative Factor: 0%
	 Eff: 5099,99025
	 DR Bracket: 0
	 Base: 2%
	 Effective Percent: 5%
Avoidance
	 Rating: -0
	 Multiplicative Factor: 0%
	 Eff: -0,32846701212770313
	 DR Bracket: 0
	 Base: 0%
	 Effective Percent: -0%
Mastery
	 Rating: 16442
	 Multiplicative Factor: 0%
	 Eff: 24141,57447518644
	 DR Bracket: 0
	 Base: 19,8%
	 Effective Percent: 62,08%
----------------------
01:36,337

Intellect
	 Rating: 140996
	 Multiplicative Factor: 8,15%
	 Eff: 140996
Stamina
	 Rating: 879789
	 Multiplicative Factor: 11,3%
	 Eff: 879789,0000000001
Crit
	 Rating: 2086
	 Multiplicative Factor: 0%
	 Eff: 5586,496976702294
	 DR Bracket: 0
	 Base: 5%
	 Effective Percent: 7,98%
	 Crit Inc Heal: 2,6
	 Crit Inc Damage: 2
Haste
	 Rating: 21896
	 Multiplicative Factor: 0%
	 Eff: 21686,728567240458
	 DR Bracket: 1
	 Base: 0%
	 Effective Percent: 32,86%
Vers
	 Rating: 23467
	 Multiplicative Factor: 0%
	 Eff: 25800,193536071936
	 DR Bracket: 1
	 Base: 3%
	 Effective Percent: 33,08%
Leech
	 Rating: 3060
	 Multiplicative Factor: 0%
	 Eff: 5099,99025
	 DR Bracket: 0
	 Base: 2%
	 Effective Percent: 5%
Avoidance
	 Rating: -0
	 Multiplicative Factor: 0%
	 Eff: -0,32846701212770313
	 DR Bracket: 0
	 Base: 0%
	 Effective Percent: -0%
Mastery
	 Rating: 16442
	 Multiplicative Factor: 0%
	 Eff: 24141,57447518644
	 DR Bracket: 0
	 Base: 19,8%
	 Effective Percent: 62,08%
----------------------
01:41,374

Intellect
	 Rating: 140996
	 Multiplicative Factor: 8,15%
	 Eff: 140996
Stamina
	 Rating: 879789
	 Multiplicative Factor: 11,3%
	 Eff: 879789,0000000001
Crit
	 Rating: 2086
	 Multiplicative Factor: 0%
	 Eff: 5586,496976702294
	 DR Bracket: 0
	 Base: 5%
	 Effective Percent: 7,98%
	 Crit Inc Heal: 2
	 Crit Inc Damage: 2
Haste
	 Rating: 21896
	 Multiplicative Factor: 0%
	 Eff: 21686,728567240458
	 DR Bracket: 1
	 Base: 0%
	 Effective Percent: 32,86%
Vers
	 Rating: 23467
	 Multiplicative Factor: 0%
	 Eff: 25800,193536071936
	 DR Bracket: 1
	 Base: 3%
	 Effective Percent: 33,08%
Leech
	 Rating: 3060
	 Multiplicative Factor: 0%
	 Eff: 5099,99025
	 DR Bracket: 0
	 Base: 2%
	 Effective Percent: 5%
Avoidance
	 Rating: -0
	 Multiplicative Factor: 0%
	 Eff: -0,32846701212770313
	 DR Bracket: 0
	 Base: 0%
	 Effective Percent: -0%
Mastery
	 Rating: 16442
	 Multiplicative Factor: 0%
	 Eff: 24141,57447518644
	 DR Bracket: 0
	 Base: 19,8%
	 Effective Percent: 62,08%
----------------------
01:46,390

Intellect
	 Rating: 140996
	 Multiplicative Factor: 8,15%
	 Eff: 140996
Stamina
	 Rating: 879789
	 Multiplicative Factor: 11,3%
	 Eff: 879789,0000000001
Crit
	 Rating: 2086
	 Multiplicative Factor: 0%
	 Eff: 5586,496976702294
	 DR Bracket: 0
	 Base: 5%
	 Effective Percent: 7,98%
	 Crit Inc Heal: 2,6
	 Crit Inc Damage: 2
Haste
	 Rating: 21896
	 Multiplicative Factor: 0%
	 Eff: 21686,728567240458
	 DR Bracket: 1
	 Base: 0%
	 Effective Percent: 32,86%
Vers
	 Rating: 23467
	 Multiplicative Factor: 0%
	 Eff: 25800,193536071936
	 DR Bracket: 1
	 Base: 3%
	 Effective Percent: 33,08%
Leech
	 Rating: 3060
	 Multiplicative Factor: 0%
	 Eff: 5099,99025
	 DR Bracket: 0
	 Base: 2%
	 Effective Percent: 5%
Avoidance
	 Rating: -0
	 Multiplicative Factor: 0%
	 Eff: -0,32846701212770313
	 DR Bracket: 0
	 Base: 0%
	 Effective Percent: -0%
Mastery
	 Rating: 16442
	 Multiplicative Factor: 0%
	 Eff: 24141,57447518644
	 DR Bracket: 0
	 Base: 19,8%
	 Effective Percent: 62,08%
----------------------
01:51,451

Intellect
	 Rating: 140996
	 Multiplicative Factor: 8,15%
	 Eff: 140996
Stamina
	 Rating: 879789
	 Multiplicative Factor: 11,3%
	 Eff: 879789,0000000001
Crit
	 Rating: 2086
	 Multiplicative Factor: 0%
	 Eff: 5586,496976702294
	 DR Bracket: 0
	 Base: 5%
	 Effective Percent: 7,98%
	 Crit Inc Heal: 2,6
	 Crit Inc Damage: 2
Haste
	 Rating: 21896
	 Multiplicative Factor: 0%
	 Eff: 21686,728567240458
	 DR Bracket: 1
	 Base: 0%
	 Effective Percent: 32,86%
Vers
	 Rating: 23467
	 Multiplicative Factor: 0%
	 Eff: 25800,193536071936
	 DR Bracket: 1
	 Base: 3%
	 Effective Percent: 33,08%
Leech
	 Rating: 3060
	 Multiplicative Factor: 0%
	 Eff: 5099,99025
	 DR Bracket: 0
	 Base: 2%
	 Effective Percent: 5%
Avoidance
	 Rating: -0
	 Multiplicative Factor: 0%
	 Eff: -0,32846701212770313
	 DR Bracket: 0
	 Base: 0%
	 Effective Percent: -0%
Mastery
	 Rating: 16442
	 Multiplicative Factor: 0%
	 Eff: 24141,57447518644
	 DR Bracket: 0
	 Base: 19,8%
	 Effective Percent: 62,08%
----------------------
01:56,519

Intellect
	 Rating: 140996
	 Multiplicative Factor: 8,15%
	 Eff: 140996
Stamina
	 Rating: 879789
	 Multiplicative Factor: 11,3%
	 Eff: 879789,0000000001
Crit
	 Rating: 2086
	 Multiplicative Factor: 0%
	 Eff: 5586,496976702294
	 DR Bracket: 0
	 Base: 5%
	 Effective Percent: 7,98%
	 Crit Inc Heal: 2,6
	 Crit Inc Damage: 2
Haste
	 Rating: 21896
	 Multiplicative Factor: 0%
	 Eff: 21686,728567240458
	 DR Bracket: 1
	 Base: 0%
	 Effective Percent: 32,86%
Vers
	 Rating: 23467
	 Multiplicative Factor: 0%
	 Eff: 25800,193536071936
	 DR Bracket: 1
	 Base: 3%
	 Effective Percent: 33,08%
Leech
	 Rating: 3060
	 Multiplicative Factor: 0%
	 Eff: 5099,99025
	 DR Bracket: 0
	 Base: 2%
	 Effective Percent: 5%
Avoidance
	 Rating: -0
	 Multiplicative Factor: 0%
	 Eff: -0,32846701212770313
	 DR Bracket: 0
	 Base: 0%
	 Effective Percent: -0%
Mastery
	 Rating: 16442
	 Multiplicative Factor: 0%
	 Eff: 24141,57447518644
	 DR Bracket: 0
	 Base: 19,8%
	 Effective Percent: 62,08%
----------------------
02:01,621

Intellect
	 Rating: 140996
	 Multiplicative Factor: 8,15%
	 Eff: 140996
Stamina
	 Rating: 879789
	 Multiplicative Factor: 11,3%
	 Eff: 879789,0000000001
Crit
	 Rating: 2086
	 Multiplicative Factor: 0%
	 Eff: 5586,496976702294
	 DR Bracket: 0
	 Base: 5%
	 Effective Percent: 7,98%
	 Crit Inc Heal: 2,6
	 Crit Inc Damage: 2
Haste
	 Rating: 21896
	 Multiplicative Factor: 0%
	 Eff: 21686,728567240458
	 DR Bracket: 1
	 Base: 0%
	 Effective Percent: 32,86%
Vers
	 Rating: 23467
	 Multiplicative Factor: 0%
	 Eff: 25800,193536071936
	 DR Bracket: 1
	 Base: 3%
	 Effective Percent: 33,08%
Leech
	 Rating: 3060
	 Multiplicative Factor: 0%
	 Eff: 5099,99025
	 DR Bracket: 0
	 Base: 2%
	 Effective Percent: 5%
Avoidance
	 Rating: -0
	 Multiplicative Factor: 0%
	 Eff: -0,32846701212770313
	 DR Bracket: 0
	 Base: 0%
	 Effective Percent: -0%
Mastery
	 Rating: 16442
	 Multiplicative Factor: 0%
	 Eff: 24141,57447518644
	 DR Bracket: 0
	 Base: 19,8%
	 Effective Percent: 62,08%
----------------------
02:06,690

Intellect
	 Rating: 140996
	 Multiplicative Factor: 8,15%
	 Eff: 140996
Stamina
	 Rating: 879789
	 Multiplicative Factor: 11,3%
	 Eff: 879789,0000000001
Crit
	 Rating: 2086
	 Multiplicative Factor: 0%
	 Eff: 5586,496976702294
	 DR Bracket: 0
	 Base: 5%
	 Effective Percent: 7,98%
	 Crit Inc Heal: 2,6
	 Crit Inc Damage: 2
Haste
	 Rating: 21896
	 Multiplicative Factor: 0%
	 Eff: 21686,728567240458
	 DR Bracket: 1
	 Base: 0%
	 Effective Percent: 32,86%
Vers
	 Rating: 23467
	 Multiplicative Factor: 0%
	 Eff: 25800,193536071936
	 DR Bracket: 1
	 Base: 3%
	 Effective Percent: 33,08%
Leech
	 Rating: 3060
	 Multiplicative Factor: 0%
	 Eff: 5099,99025
	 DR Bracket: 0
	 Base: 2%
	 Effective Percent: 5%
Avoidance
	 Rating: -0
	 Multiplicative Factor: 0%
	 Eff: -0,32846701212770313
	 DR Bracket: 0
	 Base: 0%
	 Effective Percent: -0%
Mastery
	 Rating: 16442
	 Multiplicative Factor: 0%
	 Eff: 24141,57447518644
	 DR Bracket: 0
	 Base: 19,8%
	 Effective Percent: 62,08%
----------------------
02:11,837

Intellect
	 Rating: 140996
	 Multiplicative Factor: 8,15%
	 Eff: 140996
Stamina
	 Rating: 879789
	 Multiplicative Factor: 11,3%
	 Eff: 879789,0000000001
Crit
	 Rating: 2086
	 Multiplicative Factor: 0%
	 Eff: 5586,496976702294
	 DR Bracket: 0
	 Base: 5%
	 Effective Percent: 7,98%
	 Crit Inc Heal: 2,6
	 Crit Inc Damage: 2
Haste
	 Rating: 21896
	 Multiplicative Factor: 0%
	 Eff: 21686,728567240458
	 DR Bracket: 1
	 Base: 0%
	 Effective Percent: 32,86%
Vers
	 Rating: 23467
	 Multiplicative Factor: 0%
	 Eff: 25800,193536071936
	 DR Bracket: 1
	 Base: 3%
	 Effective Percent: 33,08%
Leech
	 Rating: 3060
	 Multiplicative Factor: 0%
	 Eff: 5099,99025
	 DR Bracket: 0
	 Base: 2%
	 Effective Percent: 5%
Avoidance
	 Rating: -0
	 Multiplicative Factor: 0%
	 Eff: -0,32846701212770313
	 DR Bracket: 0
	 Base: 0%
	 Effective Percent: -0%
Mastery
	 Rating: 16442
	 Multiplicative Factor: 0%
	 Eff: 24141,57447518644
	 DR Bracket: 0
	 Base: 19,8%
	 Effective Percent: 62,08%
----------------------
02:16,872

Intellect
	 Rating: 140996
	 Multiplicative Factor: 8,15%
	 Eff: 140996
Stamina
	 Rating: 879789
	 Multiplicative Factor: 11,3%
	 Eff: 879789,0000000001
Crit
	 Rating: 2086
	 Multiplicative Factor: 0%
	 Eff: 5586,496976702294
	 DR Bracket: 0
	 Base: 5%
	 Effective Percent: 7,98%
	 Crit Inc Heal: 2
	 Crit Inc Damage: 2
Haste
	 Rating: 21896
	 Multiplicative Factor: 0%
	 Eff: 21686,728567240458
	 DR Bracket: 1
	 Base: 0%
	 Effective Percent: 32,86%
Vers
	 Rating: 23467
	 Multiplicative Factor: 0%
	 Eff: 25800,193536071936
	 DR Bracket: 1
	 Base: 3%
	 Effective Percent: 33,08%
Leech
	 Rating: 3060
	 Multiplicative Factor: 0%
	 Eff: 5099,99025
	 DR Bracket: 0
	 Base: 2%
	 Effective Percent: 5%
Avoidance
	 Rating: -0
	 Multiplicative Factor: 0%
	 Eff: -0,32846701212770313
	 DR Bracket: 0
	 Base: 0%
	 Effective Percent: -0%
Mastery
	 Rating: 16442
	 Multiplicative Factor: 0%
	 Eff: 24141,57447518644
	 DR Bracket: 0
	 Base: 19,8%
	 Effective Percent: 62,08%
----------------------
02:22,241

Intellect
	 Rating: 140996
	 Multiplicative Factor: 8,15%
	 Eff: 140996
Stamina
	 Rating: 879789
	 Multiplicative Factor: 11,3%
	 Eff: 879789,0000000001
Crit
	 Rating: 14056
	 Multiplicative Factor: 0%
	 Eff: 17556,250342913503
	 DR Bracket: 0
	 Base: 5%
	 Effective Percent: 25,08%
	 Crit Inc Heal: 2,6
	 Crit Inc Damage: 2
Haste
	 Rating: 21896
	 Multiplicative Factor: 0%
	 Eff: 21686,728567240458
	 DR Bracket: 1
	 Base: 0%
	 Effective Percent: 32,86%
Vers
	 Rating: 23467
	 Multiplicative Factor: 0%
	 Eff: 25800,193536071936
	 DR Bracket: 1
	 Base: 3%
	 Effective Percent: 33,08%
Leech
	 Rating: 3060
	 Multiplicative Factor: 0%
	 Eff: 5099,99025
	 DR Bracket: 0
	 Base: 2%
	 Effective Percent: 5%
Avoidance
	 Rating: -0
	 Multiplicative Factor: 0%
	 Eff: -0,32846701212770313
	 DR Bracket: 0
	 Base: 0%
	 Effective Percent: -0%
Mastery
	 Rating: 16442
	 Multiplicative Factor: 0%
	 Eff: 24141,57447518644
	 DR Bracket: 0
	 Base: 19,8%
	 Effective Percent: 62,08%
----------------------
02:27,241

Intellect
	 Rating: 140996
	 Multiplicative Factor: 8,15%
	 Eff: 140996
Stamina
	 Rating: 879789
	 Multiplicative Factor: 11,3%
	 Eff: 879789,0000000001
Crit
	 Rating: 14056
	 Multiplicative Factor: 0%
	 Eff: 17556,250342913503
	 DR Bracket: 0
	 Base: 5%
	 Effective Percent: 25,08%
	 Crit Inc Heal: 2,6
	 Crit Inc Damage: 2
Haste
	 Rating: 21896
	 Multiplicative Factor: 0%
	 Eff: 21686,728567240458
	 DR Bracket: 1
	 Base: 0%
	 Effective Percent: 32,86%
Vers
	 Rating: 23467
	 Multiplicative Factor: 0%
	 Eff: 25800,193536071936
	 DR Bracket: 1
	 Base: 3%
	 Effective Percent: 33,08%
Leech
	 Rating: 3060
	 Multiplicative Factor: 0%
	 Eff: 5099,99025
	 DR Bracket: 0
	 Base: 2%
	 Effective Percent: 5%
Avoidance
	 Rating: -0
	 Multiplicative Factor: 0%
	 Eff: -0,32846701212770313
	 DR Bracket: 0
	 Base: 0%
	 Effective Percent: -0%
Mastery
	 Rating: 16442
	 Multiplicative Factor: 0%
	 Eff: 24141,57447518644
	 DR Bracket: 0
	 Base: 19,8%
	 Effective Percent: 62,08%
----------------------
02:32,258

Intellect
	 Rating: 140996
	 Multiplicative Factor: 8,15%
	 Eff: 140996
Stamina
	 Rating: 879789
	 Multiplicative Factor: 11,3%
	 Eff: 879789,0000000001
Crit
	 Rating: 2086
	 Multiplicative Factor: 0%
	 Eff: 5586,496976702294
	 DR Bracket: 0
	 Base: 5%
	 Effective Percent: 7,98%
	 Crit Inc Heal: 2,6
	 Crit Inc Damage: 2
Haste
	 Rating: 21896
	 Multiplicative Factor: 0%
	 Eff: 21686,728567240458
	 DR Bracket: 1
	 Base: 0%
	 Effective Percent: 32,86%
Vers
	 Rating: 23467
	 Multiplicative Factor: 0%
	 Eff: 25800,193536071936
	 DR Bracket: 1
	 Base: 3%
	 Effective Percent: 33,08%
Leech
	 Rating: 3060
	 Multiplicative Factor: 0%
	 Eff: 5099,99025
	 DR Bracket: 0
	 Base: 2%
	 Effective Percent: 5%
Avoidance
	 Rating: -0
	 Multiplicative Factor: 0%
	 Eff: -0,32846701212770313
	 DR Bracket: 0
	 Base: 0%
	 Effective Percent: -0%
Mastery
	 Rating: 16442
	 Multiplicative Factor: 0%
	 Eff: 24141,57447518644
	 DR Bracket: 0
	 Base: 19,8%
	 Effective Percent: 62,08%
----------------------
02:37,305

Intellect
	 Rating: 140996
	 Multiplicative Factor: 8,15%
	 Eff: 140996
Stamina
	 Rating: 879789
	 Multiplicative Factor: 11,3%
	 Eff: 879789,0000000001
Crit
	 Rating: 2086
	 Multiplicative Factor: 0%
	 Eff: 5586,496976702294
	 DR Bracket: 0
	 Base: 5%
	 Effective Percent: 7,98%
	 Crit Inc Heal: 2
	 Crit Inc Damage: 2
Haste
	 Rating: 21896
	 Multiplicative Factor: 0%
	 Eff: 21686,728567240458
	 DR Bracket: 1
	 Base: 0%
	 Effective Percent: 32,86%
Vers
	 Rating: 23467
	 Multiplicative Factor: 0%
	 Eff: 25800,193536071936
	 DR Bracket: 1
	 Base: 3%
	 Effective Percent: 33,08%
Leech
	 Rating: 3060
	 Multiplicative Factor: 0%
	 Eff: 5099,99025
	 DR Bracket: 0
	 Base: 2%
	 Effective Percent: 5%
Avoidance
	 Rating: -0
	 Multiplicative Factor: 0%
	 Eff: -0,32846701212770313
	 DR Bracket: 0
	 Base: 0%
	 Effective Percent: -0%
Mastery
	 Rating: 16442
	 Multiplicative Factor: 0%
	 Eff: 24141,57447518644
	 DR Bracket: 0
	 Base: 19,8%
	 Effective Percent: 62,08%
----------------------
02:42,502

Intellect
	 Rating: 140996
	 Multiplicative Factor: 8,15%
	 Eff: 140996
Stamina
	 Rating: 879789
	 Multiplicative Factor: 11,3%
	 Eff: 879789,0000000001
Crit
	 Rating: 2086
	 Multiplicative Factor: 0%
	 Eff: 5586,496976702294
	 DR Bracket: 0
	 Base: 5%
	 Effective Percent: 7,98%
	 Crit Inc Heal: 2
	 Crit Inc Damage: 2
Haste
	 Rating: 21896
	 Multiplicative Factor: 0%
	 Eff: 21686,728567240458
	 DR Bracket: 1
	 Base: 0%
	 Effective Percent: 32,86%
Vers
	 Rating: 23467
	 Multiplicative Factor: 0%
	 Eff: 25800,193536071936
	 DR Bracket: 1
	 Base: 3%
	 Effective Percent: 33,08%
Leech
	 Rating: 3060
	 Multiplicative Factor: 0%
	 Eff: 5099,99025
	 DR Bracket: 0
	 Base: 2%
	 Effective Percent: 5%
Avoidance
	 Rating: -0
	 Multiplicative Factor: 0%
	 Eff: -0,32846701212770313
	 DR Bracket: 0
	 Base: 0%
	 Effective Percent: -0%
Mastery
	 Rating: 16442
	 Multiplicative Factor: 0%
	 Eff: 24141,57447518644
	 DR Bracket: 0
	 Base: 19,8%
	 Effective Percent: 62,08%
----------------------
02:47,726

Intellect
	 Rating: 140996
	 Multiplicative Factor: 8,15%
	 Eff: 140996
Stamina
	 Rating: 879789
	 Multiplicative Factor: 11,3%
	 Eff: 879789,0000000001
Crit
	 Rating: 2086
	 Multiplicative Factor: 0%
	 Eff: 5586,496976702294
	 DR Bracket: 0
	 Base: 5%
	 Effective Percent: 7,98%
	 Crit Inc Heal: 2
	 Crit Inc Damage: 2
Haste
	 Rating: 21896
	 Multiplicative Factor: 0%
	 Eff: 21686,728567240458
	 DR Bracket: 1
	 Base: 0%
	 Effective Percent: 32,86%
Vers
	 Rating: 23467
	 Multiplicative Factor: 0%
	 Eff: 25800,193536071936
	 DR Bracket: 1
	 Base: 3%
	 Effective Percent: 33,08%
Leech
	 Rating: 3060
	 Multiplicative Factor: 0%
	 Eff: 5099,99025
	 DR Bracket: 0
	 Base: 2%
	 Effective Percent: 5%
Avoidance
	 Rating: -0
	 Multiplicative Factor: 0%
	 Eff: -0,32846701212770313
	 DR Bracket: 0
	 Base: 0%
	 Effective Percent: -0%
Mastery
	 Rating: 16442
	 Multiplicative Factor: 0%
	 Eff: 24141,57447518644
	 DR Bracket: 0
	 Base: 19,8%
	 Effective Percent: 62,08%
----------------------
02:53,312

Intellect
	 Rating: 140996
	 Multiplicative Factor: 8,15%
	 Eff: 140996
Stamina
	 Rating: 879789
	 Multiplicative Factor: 11,3%
	 Eff: 879789,0000000001
Crit
	 Rating: 2086
	 Multiplicative Factor: 0%
	 Eff: 5586,496976702294
	 DR Bracket: 0
	 Base: 5%
	 Effective Percent: 7,98%
	 Crit Inc Heal: 2
	 Crit Inc Damage: 2
Haste
	 Rating: 21896
	 Multiplicative Factor: 0%
	 Eff: 21686,728567240458
	 DR Bracket: 1
	 Base: 0%
	 Effective Percent: 32,86%
Vers
	 Rating: 23467
	 Multiplicative Factor: 0%
	 Eff: 25800,193536071936
	 DR Bracket: 1
	 Base: 3%
	 Effective Percent: 33,08%
Leech
	 Rating: 3060
	 Multiplicative Factor: 0%
	 Eff: 5099,99025
	 DR Bracket: 0
	 Base: 2%
	 Effective Percent: 5%
Avoidance
	 Rating: -0
	 Multiplicative Factor: 0%
	 Eff: -0,32846701212770313
	 DR Bracket: 0
	 Base: 0%
	 Effective Percent: -0%
Mastery
	 Rating: 16442
	 Multiplicative Factor: 0%
	 Eff: 24141,57447518644
	 DR Bracket: 0
	 Base: 19,8%
	 Effective Percent: 62,08%
----------------------
03:04,207

Intellect
	 Rating: 140996
	 Multiplicative Factor: 8,15%
	 Eff: 140996
Stamina
	 Rating: 879789
	 Multiplicative Factor: 11,3%
	 Eff: 879789,0000000001
Crit
	 Rating: 2086
	 Multiplicative Factor: 0%
	 Eff: 5586,496976702294
	 DR Bracket: 0
	 Base: 5%
	 Effective Percent: 7,98%
	 Crit Inc Heal: 2
	 Crit Inc Damage: 2
Haste
	 Rating: 21896
	 Multiplicative Factor: 0%
	 Eff: 21686,728567240458
	 DR Bracket: 1
	 Base: 0%
	 Effective Percent: 32,86%
Vers
	 Rating: 23467
	 Multiplicative Factor: 0%
	 Eff: 25800,193536071936
	 DR Bracket: 1
	 Base: 3%
	 Effective Percent: 33,08%
Leech
	 Rating: 3060
	 Multiplicative Factor: 0%
	 Eff: 5099,99025
	 DR Bracket: 0
	 Base: 2%
	 Effective Percent: 5%
Avoidance
	 Rating: -0
	 Multiplicative Factor: 0%
	 Eff: -0,32846701212770313
	 DR Bracket: 0
	 Base: 0%
	 Effective Percent: -0%
Mastery
	 Rating: 23088
	 Multiplicative Factor: 0%
	 Eff: 30578,817027667796
	 DR Bracket: 1
	 Base: 19,8%
	 Effective Percent: 78,63%
----------------------
03:09,267

Intellect
	 Rating: 140996
	 Multiplicative Factor: 8,15%
	 Eff: 140996
Stamina
	 Rating: 879789
	 Multiplicative Factor: 11,3%
	 Eff: 879789,0000000001
Crit
	 Rating: 2086
	 Multiplicative Factor: 0%
	 Eff: 5586,496976702294
	 DR Bracket: 0
	 Base: 5%
	 Effective Percent: 7,98%
	 Crit Inc Heal: 2
	 Crit Inc Damage: 2
Haste
	 Rating: 21896
	 Multiplicative Factor: 0%
	 Eff: 21686,728567240458
	 DR Bracket: 1
	 Base: 0%
	 Effective Percent: 32,86%
Vers
	 Rating: 23467
	 Multiplicative Factor: 0%
	 Eff: 25800,193536071936
	 DR Bracket: 1
	 Base: 3%
	 Effective Percent: 33,08%
Leech
	 Rating: 3060
	 Multiplicative Factor: 0%
	 Eff: 5099,99025
	 DR Bracket: 0
	 Base: 2%
	 Effective Percent: 5%
Avoidance
	 Rating: -0
	 Multiplicative Factor: 0%
	 Eff: -0,32846701212770313
	 DR Bracket: 0
	 Base: 0%
	 Effective Percent: -0%
Mastery
	 Rating: 23088
	 Multiplicative Factor: 0%
	 Eff: 30578,817027667796
	 DR Bracket: 1
	 Base: 19,8%
	 Effective Percent: 78,63%
----------------------
03:14,301

Intellect
	 Rating: 140996
	 Multiplicative Factor: 8,15%
	 Eff: 140996
Stamina
	 Rating: 879789
	 Multiplicative Factor: 11,3%
	 Eff: 879789,0000000001
Crit
	 Rating: 2086
	 Multiplicative Factor: 0%
	 Eff: 5586,496976702294
	 DR Bracket: 0
	 Base: 5%
	 Effective Percent: 7,98%
	 Crit Inc Heal: 2,6
	 Crit Inc Damage: 2
Haste
	 Rating: 21896
	 Multiplicative Factor: 0%
	 Eff: 21686,728567240458
	 DR Bracket: 1
	 Base: 0%
	 Effective Percent: 32,86%
Vers
	 Rating: 23467
	 Multiplicative Factor: 0%
	 Eff: 25800,193536071936
	 DR Bracket: 1
	 Base: 3%
	 Effective Percent: 33,08%
Leech
	 Rating: 3060
	 Multiplicative Factor: 0%
	 Eff: 5099,99025
	 DR Bracket: 0
	 Base: 2%
	 Effective Percent: 5%
Avoidance
	 Rating: -0
	 Multiplicative Factor: 0%
	 Eff: -0,32846701212770313
	 DR Bracket: 0
	 Base: 0%
	 Effective Percent: -0%
Mastery
	 Rating: 23088
	 Multiplicative Factor: 0%
	 Eff: 30578,817027667796
	 DR Bracket: 1
	 Base: 19,8%
	 Effective Percent: 78,63%
----------------------
03:19,389

Intellect
	 Rating: 140996
	 Multiplicative Factor: 8,15%
	 Eff: 140996
Stamina
	 Rating: 879789
	 Multiplicative Factor: 11,3%
	 Eff: 879789,0000000001
Crit
	 Rating: 8071
	 Multiplicative Factor: 0%
	 Eff: 11571,3736598079
	 DR Bracket: 0
	 Base: 5%
	 Effective Percent: 16,53%
	 Crit Inc Heal: 2,6
	 Crit Inc Damage: 2
Haste
	 Rating: 21896
	 Multiplicative Factor: 0%
	 Eff: 21686,728567240458
	 DR Bracket: 1
	 Base: 0%
	 Effective Percent: 32,86%
Vers
	 Rating: 23467
	 Multiplicative Factor: 0%
	 Eff: 25800,193536071936
	 DR Bracket: 1
	 Base: 3%
	 Effective Percent: 33,08%
Leech
	 Rating: 3060
	 Multiplicative Factor: 0%
	 Eff: 5099,99025
	 DR Bracket: 0
	 Base: 2%
	 Effective Percent: 5%
Avoidance
	 Rating: -0
	 Multiplicative Factor: 0%
	 Eff: -0,32846701212770313
	 DR Bracket: 0
	 Base: 0%
	 Effective Percent: -0%
Mastery
	 Rating: 23088
	 Multiplicative Factor: 0%
	 Eff: 30578,817027667796
	 DR Bracket: 1
	 Base: 19,8%
	 Effective Percent: 78,63%
----------------------
03:24,448

Intellect
	 Rating: 140996
	 Multiplicative Factor: 8,15%
	 Eff: 140996
Stamina
	 Rating: 879789
	 Multiplicative Factor: 11,3%
	 Eff: 879789,0000000001
Crit
	 Rating: 8071
	 Multiplicative Factor: 0%
	 Eff: 11571,3736598079
	 DR Bracket: 0
	 Base: 5%
	 Effective Percent: 16,53%
	 Crit Inc Heal: 2,6
	 Crit Inc Damage: 2
Haste
	 Rating: 21896
	 Multiplicative Factor: 0%
	 Eff: 21686,728567240458
	 DR Bracket: 1
	 Base: 0%
	 Effective Percent: 32,86%
Vers
	 Rating: 23467
	 Multiplicative Factor: 0%
	 Eff: 25800,193536071936
	 DR Bracket: 1
	 Base: 3%
	 Effective Percent: 33,08%
Leech
	 Rating: 3060
	 Multiplicative Factor: 0%
	 Eff: 5099,99025
	 DR Bracket: 0
	 Base: 2%
	 Effective Percent: 5%
Avoidance
	 Rating: -0
	 Multiplicative Factor: 0%
	 Eff: -0,32846701212770313
	 DR Bracket: 0
	 Base: 0%
	 Effective Percent: -0%
Mastery
	 Rating: 23088
	 Multiplicative Factor: 0%
	 Eff: 30578,817027667796
	 DR Bracket: 1
	 Base: 19,8%
	 Effective Percent: 78,63%
----------------------
03:29,449

Intellect
	 Rating: 140996
	 Multiplicative Factor: 8,15%
	 Eff: 140996
Stamina
	 Rating: 879789
	 Multiplicative Factor: 11,3%
	 Eff: 879789,0000000001
Crit
	 Rating: 2086
	 Multiplicative Factor: 0%
	 Eff: 5586,496976702294
	 DR Bracket: 0
	 Base: 5%
	 Effective Percent: 7,98%
	 Crit Inc Heal: 2,6
	 Crit Inc Damage: 2
Haste
	 Rating: 21896
	 Multiplicative Factor: 0%
	 Eff: 21686,728567240458
	 DR Bracket: 1
	 Base: 0%
	 Effective Percent: 32,86%
Vers
	 Rating: 23467
	 Multiplicative Factor: 0%
	 Eff: 25800,193536071936
	 DR Bracket: 1
	 Base: 3%
	 Effective Percent: 33,08%
Leech
	 Rating: 3060
	 Multiplicative Factor: 0%
	 Eff: 5099,99025
	 DR Bracket: 0
	 Base: 2%
	 Effective Percent: 5%
Avoidance
	 Rating: -0
	 Multiplicative Factor: 0%
	 Eff: -0,32846701212770313
	 DR Bracket: 0
	 Base: 0%
	 Effective Percent: -0%
Mastery
	 Rating: 23088
	 Multiplicative Factor: 0%
	 Eff: 30578,817027667796
	 DR Bracket: 1
	 Base: 19,8%
	 Effective Percent: 78,63%
----------------------
03:34,470

Intellect
	 Rating: 140996
	 Multiplicative Factor: 8,15%
	 Eff: 140996
Stamina
	 Rating: 879789
	 Multiplicative Factor: 11,3%
	 Eff: 879789,0000000001
Crit
	 Rating: 2086
	 Multiplicative Factor: 0%
	 Eff: 5586,496976702294
	 DR Bracket: 0
	 Base: 5%
	 Effective Percent: 7,98%
	 Crit Inc Heal: 2,6
	 Crit Inc Damage: 2
Haste
	 Rating: 21896
	 Multiplicative Factor: 0%
	 Eff: 21686,728567240458
	 DR Bracket: 1
	 Base: 0%
	 Effective Percent: 32,86%
Vers
	 Rating: 23467
	 Multiplicative Factor: 0%
	 Eff: 25800,193536071936
	 DR Bracket: 1
	 Base: 3%
	 Effective Percent: 33,08%
Leech
	 Rating: 3060
	 Multiplicative Factor: 0%
	 Eff: 5099,99025
	 DR Bracket: 0
	 Base: 2%
	 Effective Percent: 5%
Avoidance
	 Rating: -0
	 Multiplicative Factor: 0%
	 Eff: -0,32846701212770313
	 DR Bracket: 0
	 Base: 0%
	 Effective Percent: -0%
Mastery
	 Rating: 23088
	 Multiplicative Factor: 0%
	 Eff: 30578,817027667796
	 DR Bracket: 1
	 Base: 19,8%
	 Effective Percent: 78,63%
----------------------
03:39,499

Intellect
	 Rating: 140996
	 Multiplicative Factor: 8,15%
	 Eff: 140996
Stamina
	 Rating: 879789
	 Multiplicative Factor: 11,3%
	 Eff: 879789,0000000001
Crit
	 Rating: 2086
	 Multiplicative Factor: 0%
	 Eff: 5586,496976702294
	 DR Bracket: 0
	 Base: 5%
	 Effective Percent: 7,98%
	 Crit Inc Heal: 2,6
	 Crit Inc Damage: 2
Haste
	 Rating: 21896
	 Multiplicative Factor: 0%
	 Eff: 21686,728567240458
	 DR Bracket: 1
	 Base: 0%
	 Effective Percent: 32,86%
Vers
	 Rating: 23467
	 Multiplicative Factor: 0%
	 Eff: 25800,193536071936
	 DR Bracket: 1
	 Base: 3%
	 Effective Percent: 33,08%
Leech
	 Rating: 3060
	 Multiplicative Factor: 0%
	 Eff: 5099,99025
	 DR Bracket: 0
	 Base: 2%
	 Effective Percent: 5%
Avoidance
	 Rating: -0
	 Multiplicative Factor: 0%
	 Eff: -0,32846701212770313
	 DR Bracket: 0
	 Base: 0%
	 Effective Percent: -0%
Mastery
	 Rating: 23088
	 Multiplicative Factor: 0%
	 Eff: 30578,817027667796
	 DR Bracket: 1
	 Base: 19,8%
	 Effective Percent: 78,63%
----------------------
03:44,559

Intellect
	 Rating: 140996
	 Multiplicative Factor: 8,15%
	 Eff: 140996
Stamina
	 Rating: 879789
	 Multiplicative Factor: 11,3%
	 Eff: 879789,0000000001
Crit
	 Rating: 2086
	 Multiplicative Factor: 0%
	 Eff: 5586,496976702294
	 DR Bracket: 0
	 Base: 5%
	 Effective Percent: 7,98%
	 Crit Inc Heal: 2,6
	 Crit Inc Damage: 2
Haste
	 Rating: 21896
	 Multiplicative Factor: 0%
	 Eff: 21686,728567240458
	 DR Bracket: 1
	 Base: 0%
	 Effective Percent: 32,86%
Vers
	 Rating: 23467
	 Multiplicative Factor: 0%
	 Eff: 25800,193536071936
	 DR Bracket: 1
	 Base: 3%
	 Effective Percent: 33,08%
Leech
	 Rating: 3060
	 Multiplicative Factor: 0%
	 Eff: 5099,99025
	 DR Bracket: 0
	 Base: 2%
	 Effective Percent: 5%
Avoidance
	 Rating: -0
	 Multiplicative Factor: 0%
	 Eff: -0,32846701212770313
	 DR Bracket: 0
	 Base: 0%
	 Effective Percent: -0%
Mastery
	 Rating: 23088
	 Multiplicative Factor: 0%
	 Eff: 30578,817027667796
	 DR Bracket: 1
	 Base: 19,8%
	 Effective Percent: 78,63%
----------------------
03:49,590

Intellect
	 Rating: 140996
	 Multiplicative Factor: 8,15%
	 Eff: 140996
Stamina
	 Rating: 879789
	 Multiplicative Factor: 11,3%
	 Eff: 879789,0000000001
Crit
	 Rating: 8071
	 Multiplicative Factor: 0%
	 Eff: 11571,3736598079
	 DR Bracket: 0
	 Base: 5%
	 Effective Percent: 16,53%
	 Crit Inc Heal: 2,6
	 Crit Inc Damage: 2
Haste
	 Rating: 21896
	 Multiplicative Factor: 0%
	 Eff: 21686,728567240458
	 DR Bracket: 1
	 Base: 0%
	 Effective Percent: 32,86%
Vers
	 Rating: 23467
	 Multiplicative Factor: 0%
	 Eff: 25800,193536071936
	 DR Bracket: 1
	 Base: 3%
	 Effective Percent: 33,08%
Leech
	 Rating: 3060
	 Multiplicative Factor: 0%
	 Eff: 5099,99025
	 DR Bracket: 0
	 Base: 2%
	 Effective Percent: 5%
Avoidance
	 Rating: -0
	 Multiplicative Factor: 0%
	 Eff: -0,32846701212770313
	 DR Bracket: 0
	 Base: 0%
	 Effective Percent: -0%
Mastery
	 Rating: 23088
	 Multiplicative Factor: 0%
	 Eff: 30578,817027667796
	 DR Bracket: 1
	 Base: 19,8%
	 Effective Percent: 78,63%
----------------------
03:54,643

Intellect
	 Rating: 140996
	 Multiplicative Factor: 8,15%
	 Eff: 140996
Stamina
	 Rating: 879789
	 Multiplicative Factor: 11,3%
	 Eff: 879789,0000000001
Crit
	 Rating: 8071
	 Multiplicative Factor: 0%
	 Eff: 11571,3736598079
	 DR Bracket: 0
	 Base: 5%
	 Effective Percent: 16,53%
	 Crit Inc Heal: 2,6
	 Crit Inc Damage: 2
Haste
	 Rating: 21896
	 Multiplicative Factor: 0%
	 Eff: 21686,728567240458
	 DR Bracket: 1
	 Base: 0%
	 Effective Percent: 32,86%
Vers
	 Rating: 23467
	 Multiplicative Factor: 0%
	 Eff: 25800,193536071936
	 DR Bracket: 1
	 Base: 3%
	 Effective Percent: 33,08%
Leech
	 Rating: 3060
	 Multiplicative Factor: 0%
	 Eff: 5099,99025
	 DR Bracket: 0
	 Base: 2%
	 Effective Percent: 5%
Avoidance
	 Rating: -0
	 Multiplicative Factor: 0%
	 Eff: -0,32846701212770313
	 DR Bracket: 0
	 Base: 0%
	 Effective Percent: -0%
Mastery
	 Rating: 23088
	 Multiplicative Factor: 0%
	 Eff: 30578,817027667796
	 DR Bracket: 1
	 Base: 19,8%
	 Effective Percent: 78,63%
----------------------
03:59,659

Intellect
	 Rating: 140996
	 Multiplicative Factor: 8,15%
	 Eff: 140996
Stamina
	 Rating: 879789
	 Multiplicative Factor: 11,3%
	 Eff: 879789,0000000001
Crit
	 Rating: 2086
	 Multiplicative Factor: 0%
	 Eff: 5586,496976702294
	 DR Bracket: 0
	 Base: 5%
	 Effective Percent: 7,98%
	 Crit Inc Heal: 2
	 Crit Inc Damage: 2
Haste
	 Rating: 21896
	 Multiplicative Factor: 0%
	 Eff: 21686,728567240458
	 DR Bracket: 1
	 Base: 0%
	 Effective Percent: 32,86%
Vers
	 Rating: 23467
	 Multiplicative Factor: 0%
	 Eff: 25800,193536071936
	 DR Bracket: 1
	 Base: 3%
	 Effective Percent: 33,08%
Leech
	 Rating: 3060
	 Multiplicative Factor: 0%
	 Eff: 5099,99025
	 DR Bracket: 0
	 Base: 2%
	 Effective Percent: 5%
Avoidance
	 Rating: -0
	 Multiplicative Factor: 0%
	 Eff: -0,32846701212770313
	 DR Bracket: 0
	 Base: 0%
	 Effective Percent: -0%
Mastery
	 Rating: 23088
	 Multiplicative Factor: 0%
	 Eff: 30578,817027667796
	 DR Bracket: 1
	 Base: 19,8%
	 Effective Percent: 78,63%
----------------------
04:04,719

Intellect
	 Rating: 140996
	 Multiplicative Factor: 8,15%
	 Eff: 140996
Stamina
	 Rating: 879789
	 Multiplicative Factor: 11,3%
	 Eff: 879789,0000000001
Crit
	 Rating: 2086
	 Multiplicative Factor: 0%
	 Eff: 5586,496976702294
	 DR Bracket: 0
	 Base: 5%
	 Effective Percent: 7,98%
	 Crit Inc Heal: 2
	 Crit Inc Damage: 2
Haste
	 Rating: 21896
	 Multiplicative Factor: 0%
	 Eff: 21686,728567240458
	 DR Bracket: 1
	 Base: 0%
	 Effective Percent: 32,86%
Vers
	 Rating: 23467
	 Multiplicative Factor: 0%
	 Eff: 25800,193536071936
	 DR Bracket: 1
	 Base: 3%
	 Effective Percent: 33,08%
Leech
	 Rating: 3060
	 Multiplicative Factor: 0%
	 Eff: 5099,99025
	 DR Bracket: 0
	 Base: 2%
	 Effective Percent: 5%
Avoidance
	 Rating: -0
	 Multiplicative Factor: 0%
	 Eff: -0,32846701212770313
	 DR Bracket: 0
	 Base: 0%
	 Effective Percent: -0%
Mastery
	 Rating: 23088
	 Multiplicative Factor: 0%
	 Eff: 30578,817027667796
	 DR Bracket: 1
	 Base: 19,8%
	 Effective Percent: 78,63%
----------------------
04:09,820

Intellect
	 Rating: 140996
	 Multiplicative Factor: 8,15%
	 Eff: 140996
Stamina
	 Rating: 879789
	 Multiplicative Factor: 11,3%
	 Eff: 879789,0000000001
Crit
	 Rating: 2086
	 Multiplicative Factor: 0%
	 Eff: 5586,496976702294
	 DR Bracket: 0
	 Base: 5%
	 Effective Percent: 7,98%
	 Crit Inc Heal: 2
	 Crit Inc Damage: 2
Haste
	 Rating: 21896
	 Multiplicative Factor: 0%
	 Eff: 21686,728567240458
	 DR Bracket: 1
	 Base: 0%
	 Effective Percent: 32,86%
Vers
	 Rating: 23467
	 Multiplicative Factor: 0%
	 Eff: 25800,193536071936
	 DR Bracket: 1
	 Base: 3%
	 Effective Percent: 33,08%
Leech
	 Rating: 3060
	 Multiplicative Factor: 0%
	 Eff: 5099,99025
	 DR Bracket: 0
	 Base: 2%
	 Effective Percent: 5%
Avoidance
	 Rating: -0
	 Multiplicative Factor: 0%
	 Eff: -0,32846701212770313
	 DR Bracket: 0
	 Base: 0%
	 Effective Percent: -0%
Mastery
	 Rating: 23088
	 Multiplicative Factor: 0%
	 Eff: 30578,817027667796
	 DR Bracket: 1
	 Base: 19,8%
	 Effective Percent: 78,63%
----------------------
04:22,951

Intellect
	 Rating: 140996
	 Multiplicative Factor: 8,15%
	 Eff: 140996
Stamina
	 Rating: 879789
	 Multiplicative Factor: 11,3%
	 Eff: 879789,0000000001
Crit
	 Rating: 2086
	 Multiplicative Factor: 0%
	 Eff: 5586,496976702294
	 DR Bracket: 0
	 Base: 5%
	 Effective Percent: 7,98%
	 Crit Inc Heal: 2
	 Crit Inc Damage: 2
Haste
	 Rating: 21896
	 Multiplicative Factor: 0%
	 Eff: 21686,728567240458
	 DR Bracket: 1
	 Base: 0%
	 Effective Percent: 32,86%
Vers
	 Rating: 23467
	 Multiplicative Factor: 0%
	 Eff: 25800,193536071936
	 DR Bracket: 1
	 Base: 3%
	 Effective Percent: 33,08%
Leech
	 Rating: 3060
	 Multiplicative Factor: 0%
	 Eff: 5099,99025
	 DR Bracket: 0
	 Base: 2%
	 Effective Percent: 5%
Avoidance
	 Rating: -0
	 Multiplicative Factor: 0%
	 Eff: -0,32846701212770313
	 DR Bracket: 0
	 Base: 0%
	 Effective Percent: -0%
Mastery
	 Rating: 26411
	 Multiplicative Factor: 0%
	 Eff: 33569,517027667796
	 DR Bracket: 1
	 Base: 19,8%
	 Effective Percent: 86,32%
----------------------
04:28,161

Intellect
	 Rating: 140996
	 Multiplicative Factor: 8,15%
	 Eff: 140996
Stamina
	 Rating: 879789
	 Multiplicative Factor: 11,3%
	 Eff: 879789,0000000001
Crit
	 Rating: 2086
	 Multiplicative Factor: 0%
	 Eff: 5586,496976702294
	 DR Bracket: 0
	 Base: 5%
	 Effective Percent: 7,98%
	 Crit Inc Heal: 2,6
	 Crit Inc Damage: 2
Haste
	 Rating: 21896
	 Multiplicative Factor: 0%
	 Eff: 21686,728567240458
	 DR Bracket: 1
	 Base: 0%
	 Effective Percent: 32,86%
Vers
	 Rating: 23467
	 Multiplicative Factor: 0%
	 Eff: 25800,193536071936
	 DR Bracket: 1
	 Base: 3%
	 Effective Percent: 33,08%
Leech
	 Rating: 3060
	 Multiplicative Factor: 0%
	 Eff: 5099,99025
	 DR Bracket: 0
	 Base: 2%
	 Effective Percent: 5%
Avoidance
	 Rating: -0
	 Multiplicative Factor: 0%
	 Eff: -0,32846701212770313
	 DR Bracket: 0
	 Base: 0%
	 Effective Percent: -0%
Mastery
	 Rating: 26411
	 Multiplicative Factor: 0%
	 Eff: 33569,517027667796
	 DR Bracket: 1
	 Base: 19,8%
	 Effective Percent: 86,32%
----------------------
04:33,241

Intellect
	 Rating: 140996
	 Multiplicative Factor: 8,15%
	 Eff: 140996
Stamina
	 Rating: 879789
	 Multiplicative Factor: 11,3%
	 Eff: 879789,0000000001
Crit
	 Rating: 8071
	 Multiplicative Factor: 0%
	 Eff: 11571,3736598079
	 DR Bracket: 0
	 Base: 5%
	 Effective Percent: 16,53%
	 Crit Inc Heal: 2,6
	 Crit Inc Damage: 2
Haste
	 Rating: 21896
	 Multiplicative Factor: 0%
	 Eff: 21686,728567240458
	 DR Bracket: 1
	 Base: 0%
	 Effective Percent: 32,86%
Vers
	 Rating: 23467
	 Multiplicative Factor: 0%
	 Eff: 25800,193536071936
	 DR Bracket: 1
	 Base: 3%
	 Effective Percent: 33,08%
Leech
	 Rating: 3060
	 Multiplicative Factor: 0%
	 Eff: 5099,99025
	 DR Bracket: 0
	 Base: 2%
	 Effective Percent: 5%
Avoidance
	 Rating: -0
	 Multiplicative Factor: 0%
	 Eff: -0,32846701212770313
	 DR Bracket: 0
	 Base: 0%
	 Effective Percent: -0%
Mastery
	 Rating: 26411
	 Multiplicative Factor: 0%
	 Eff: 33569,517027667796
	 DR Bracket: 1
	 Base: 19,8%
	 Effective Percent: 86,32%
----------------------
04:38,282

Intellect
	 Rating: 140996
	 Multiplicative Factor: 8,15%
	 Eff: 140996
Stamina
	 Rating: 879789
	 Multiplicative Factor: 11,3%
	 Eff: 879789,0000000001
Crit
	 Rating: 8071
	 Multiplicative Factor: 0%
	 Eff: 11571,3736598079
	 DR Bracket: 0
	 Base: 5%
	 Effective Percent: 16,53%
	 Crit Inc Heal: 2
	 Crit Inc Damage: 2
Haste
	 Rating: 21896
	 Multiplicative Factor: 0%
	 Eff: 21686,728567240458
	 DR Bracket: 1
	 Base: 0%
	 Effective Percent: 32,86%
Vers
	 Rating: 23467
	 Multiplicative Factor: 0%
	 Eff: 25800,193536071936
	 DR Bracket: 1
	 Base: 3%
	 Effective Percent: 33,08%
Leech
	 Rating: 3060
	 Multiplicative Factor: 0%
	 Eff: 5099,99025
	 DR Bracket: 0
	 Base: 2%
	 Effective Percent: 5%
Avoidance
	 Rating: -0
	 Multiplicative Factor: 0%
	 Eff: -0,32846701212770313
	 DR Bracket: 0
	 Base: 0%
	 Effective Percent: -0%
Mastery
	 Rating: 26411
	 Multiplicative Factor: 0%
	 Eff: 33569,517027667796
	 DR Bracket: 1
	 Base: 19,8%
	 Effective Percent: 86,32%
----------------------
04:43,471

Intellect
	 Rating: 140996
	 Multiplicative Factor: 8,15%
	 Eff: 140996
Stamina
	 Rating: 879789
	 Multiplicative Factor: 11,3%
	 Eff: 879789,0000000001
Crit
	 Rating: 2086
	 Multiplicative Factor: 0%
	 Eff: 5586,496976702294
	 DR Bracket: 0
	 Base: 5%
	 Effective Percent: 7,98%
	 Crit Inc Heal: 2
	 Crit Inc Damage: 2
Haste
	 Rating: 21896
	 Multiplicative Factor: 0%
	 Eff: 21686,728567240458
	 DR Bracket: 1
	 Base: 0%
	 Effective Percent: 32,86%
Vers
	 Rating: 23467
	 Multiplicative Factor: 0%
	 Eff: 25800,193536071936
	 DR Bracket: 1
	 Base: 3%
	 Effective Percent: 33,08%
Leech
	 Rating: 3060
	 Multiplicative Factor: 0%
	 Eff: 5099,99025
	 DR Bracket: 0
	 Base: 2%
	 Effective Percent: 5%
Avoidance
	 Rating: -0
	 Multiplicative Factor: 0%
	 Eff: -0,32846701212770313
	 DR Bracket: 0
	 Base: 0%
	 Effective Percent: -0%
Mastery
	 Rating: 26411
	 Multiplicative Factor: 0%
	 Eff: 33569,517027667796
	 DR Bracket: 1
	 Base: 19,8%
	 Effective Percent: 86,32%
----------------------
04:48,715

Intellect
	 Rating: 140996
	 Multiplicative Factor: 8,15%
	 Eff: 140996
Stamina
	 Rating: 879789
	 Multiplicative Factor: 11,3%
	 Eff: 879789,0000000001
Crit
	 Rating: 2086
	 Multiplicative Factor: 0%
	 Eff: 5586,496976702294
	 DR Bracket: 0
	 Base: 5%
	 Effective Percent: 7,98%
	 Crit Inc Heal: 2
	 Crit Inc Damage: 2
Haste
	 Rating: 21896
	 Multiplicative Factor: 0%
	 Eff: 21686,728567240458
	 DR Bracket: 1
	 Base: 0%
	 Effective Percent: 32,86%
Vers
	 Rating: 23467
	 Multiplicative Factor: 0%
	 Eff: 25800,193536071936
	 DR Bracket: 1
	 Base: 3%
	 Effective Percent: 33,08%
Leech
	 Rating: 3060
	 Multiplicative Factor: 0%
	 Eff: 5099,99025
	 DR Bracket: 0
	 Base: 2%
	 Effective Percent: 5%
Avoidance
	 Rating: -0
	 Multiplicative Factor: 0%
	 Eff: -0,32846701212770313
	 DR Bracket: 0
	 Base: 0%
	 Effective Percent: -0%
Mastery
	 Rating: 26411
	 Multiplicative Factor: 0%
	 Eff: 33569,517027667796
	 DR Bracket: 1
	 Base: 19,8%
	 Effective Percent: 86,32%
----------------------
04:54,093

Intellect
	 Rating: 140996
	 Multiplicative Factor: 8,15%
	 Eff: 140996
Stamina
	 Rating: 879789
	 Multiplicative Factor: 11,3%
	 Eff: 879789,0000000001
Crit
	 Rating: 2086
	 Multiplicative Factor: 0%
	 Eff: 5586,496976702294
	 DR Bracket: 0
	 Base: 5%
	 Effective Percent: 7,98%
	 Crit Inc Heal: 2,6
	 Crit Inc Damage: 2
Haste
	 Rating: 21896
	 Multiplicative Factor: 0%
	 Eff: 21686,728567240458
	 DR Bracket: 1
	 Base: 0%
	 Effective Percent: 32,86%
Vers
	 Rating: 23467
	 Multiplicative Factor: 0%
	 Eff: 25800,193536071936
	 DR Bracket: 1
	 Base: 3%
	 Effective Percent: 33,08%
Leech
	 Rating: 3060
	 Multiplicative Factor: 0%
	 Eff: 5099,99025
	 DR Bracket: 0
	 Base: 2%
	 Effective Percent: 5%
Avoidance
	 Rating: -0
	 Multiplicative Factor: 0%
	 Eff: -0,32846701212770313
	 DR Bracket: 0
	 Base: 0%
	 Effective Percent: -0%
Mastery
	 Rating: 26411
	 Multiplicative Factor: 0%
	 Eff: 33569,517027667796
	 DR Bracket: 1
	 Base: 19,8%
	 Effective Percent: 86,32%
----------------------
04:59,126

Intellect
	 Rating: 140996
	 Multiplicative Factor: 8,15%
	 Eff: 140996
Stamina
	 Rating: 879789
	 Multiplicative Factor: 11,3%
	 Eff: 879789,0000000001
Crit
	 Rating: 2086
	 Multiplicative Factor: 0%
	 Eff: 5586,496976702294
	 DR Bracket: 0
	 Base: 5%
	 Effective Percent: 7,98%
	 Crit Inc Heal: 2,6
	 Crit Inc Damage: 2
Haste
	 Rating: 21896
	 Multiplicative Factor: 0%
	 Eff: 21686,728567240458
	 DR Bracket: 1
	 Base: 0%
	 Effective Percent: 32,86%
Vers
	 Rating: 23467
	 Multiplicative Factor: 0%
	 Eff: 25800,193536071936
	 DR Bracket: 1
	 Base: 3%
	 Effective Percent: 33,08%
Leech
	 Rating: 3060
	 Multiplicative Factor: 0%
	 Eff: 5099,99025
	 DR Bracket: 0
	 Base: 2%
	 Effective Percent: 5%
Avoidance
	 Rating: -0
	 Multiplicative Factor: 0%
	 Eff: -0,32846701212770313
	 DR Bracket: 0
	 Base: 0%
	 Effective Percent: -0%
Mastery
	 Rating: 26411
	 Multiplicative Factor: 0%
	 Eff: 33569,517027667796
	 DR Bracket: 1
	 Base: 19,8%
	 Effective Percent: 86,32%
----------------------
05:04,322

Intellect
	 Rating: 140996
	 Multiplicative Factor: 8,15%
	 Eff: 140996
Stamina
	 Rating: 879789
	 Multiplicative Factor: 11,3%
	 Eff: 879789,0000000001
Crit
	 Rating: 2086
	 Multiplicative Factor: 0%
	 Eff: 5586,496976702294
	 DR Bracket: 0
	 Base: 5%
	 Effective Percent: 7,98%
	 Crit Inc Heal: 2,6
	 Crit Inc Damage: 2
Haste
	 Rating: 21896
	 Multiplicative Factor: 0%
	 Eff: 21686,728567240458
	 DR Bracket: 1
	 Base: 0%
	 Effective Percent: 32,86%
Vers
	 Rating: 23467
	 Multiplicative Factor: 0%
	 Eff: 25800,193536071936
	 DR Bracket: 1
	 Base: 3%
	 Effective Percent: 33,08%
Leech
	 Rating: 3060
	 Multiplicative Factor: 0%
	 Eff: 5099,99025
	 DR Bracket: 0
	 Base: 2%
	 Effective Percent: 5%
Avoidance
	 Rating: -0
	 Multiplicative Factor: 0%
	 Eff: -0,32846701212770313
	 DR Bracket: 0
	 Base: 0%
	 Effective Percent: -0%
Mastery
	 Rating: 26411
	 Multiplicative Factor: 0%
	 Eff: 33569,517027667796
	 DR Bracket: 1
	 Base: 19,8%
	 Effective Percent: 86,32%
----------------------
05:09,553

Intellect
	 Rating: 140996
	 Multiplicative Factor: 8,15%
	 Eff: 140996
Stamina
	 Rating: 879789
	 Multiplicative Factor: 11,3%
	 Eff: 879789,0000000001
Crit
	 Rating: 2086
	 Multiplicative Factor: 0%
	 Eff: 5586,496976702294
	 DR Bracket: 0
	 Base: 5%
	 Effective Percent: 7,98%
	 Crit Inc Heal: 2,6
	 Crit Inc Damage: 2
Haste
	 Rating: 21896
	 Multiplicative Factor: 0%
	 Eff: 21686,728567240458
	 DR Bracket: 1
	 Base: 0%
	 Effective Percent: 32,86%
Vers
	 Rating: 23467
	 Multiplicative Factor: 0%
	 Eff: 25800,193536071936
	 DR Bracket: 1
	 Base: 3%
	 Effective Percent: 33,08%
Leech
	 Rating: 3060
	 Multiplicative Factor: 0%
	 Eff: 5099,99025
	 DR Bracket: 0
	 Base: 2%
	 Effective Percent: 5%
Avoidance
	 Rating: -0
	 Multiplicative Factor: 0%
	 Eff: -0,32846701212770313
	 DR Bracket: 0
	 Base: 0%
	 Effective Percent: -0%
Mastery
	 Rating: 26411
	 Multiplicative Factor: 0%
	 Eff: 33569,517027667796
	 DR Bracket: 1
	 Base: 19,8%
	 Effective Percent: 86,32%
----------------------
05:14,589

Intellect
	 Rating: 140996
	 Multiplicative Factor: 8,15%
	 Eff: 140996
Stamina
	 Rating: 879789
	 Multiplicative Factor: 11,3%
	 Eff: 879789,0000000001
Crit
	 Rating: 2086
	 Multiplicative Factor: 0%
	 Eff: 5586,496976702294
	 DR Bracket: 0
	 Base: 5%
	 Effective Percent: 7,98%
	 Crit Inc Heal: 2
	 Crit Inc Damage: 2
Haste
	 Rating: 21896
	 Multiplicative Factor: 0%
	 Eff: 21686,728567240458
	 DR Bracket: 1
	 Base: 0%
	 Effective Percent: 32,86%
Vers
	 Rating: 23467
	 Multiplicative Factor: 0%
	 Eff: 25800,193536071936
	 DR Bracket: 1
	 Base: 3%
	 Effective Percent: 33,08%
Leech
	 Rating: 3060
	 Multiplicative Factor: 0%
	 Eff: 5099,99025
	 DR Bracket: 0
	 Base: 2%
	 Effective Percent: 5%
Avoidance
	 Rating: -0
	 Multiplicative Factor: 0%
	 Eff: -0,32846701212770313
	 DR Bracket: 0
	 Base: 0%
	 Effective Percent: -0%
Mastery
	 Rating: 26411
	 Multiplicative Factor: 0%
	 Eff: 33569,517027667796
	 DR Bracket: 1
	 Base: 19,8%
	 Effective Percent: 86,32%
----------------------
05:19,649

Intellect
	 Rating: 140996
	 Multiplicative Factor: 8,15%
	 Eff: 140996
Stamina
	 Rating: 879789
	 Multiplicative Factor: 11,3%
	 Eff: 879789,0000000001
Crit
	 Rating: 2086
	 Multiplicative Factor: 0%
	 Eff: 5586,496976702294
	 DR Bracket: 0
	 Base: 5%
	 Effective Percent: 7,98%
	 Crit Inc Heal: 2,6
	 Crit Inc Damage: 2
Haste
	 Rating: 21896
	 Multiplicative Factor: 0%
	 Eff: 21686,728567240458
	 DR Bracket: 1
	 Base: 0%
	 Effective Percent: 32,86%
Vers
	 Rating: 23467
	 Multiplicative Factor: 0%
	 Eff: 25800,193536071936
	 DR Bracket: 1
	 Base: 3%
	 Effective Percent: 33,08%
Leech
	 Rating: 3060
	 Multiplicative Factor: 0%
	 Eff: 5099,99025
	 DR Bracket: 0
	 Base: 2%
	 Effective Percent: 5%
Avoidance
	 Rating: -0
	 Multiplicative Factor: 0%
	 Eff: -0,32846701212770313
	 DR Bracket: 0
	 Base: 0%
	 Effective Percent: -0%
Mastery
	 Rating: 26411
	 Multiplicative Factor: 0%
	 Eff: 33569,517027667796
	 DR Bracket: 1
	 Base: 19,8%
	 Effective Percent: 86,32%
----------------------
05:24,705

Intellect
	 Rating: 140996
	 Multiplicative Factor: 8,15%
	 Eff: 140996
Stamina
	 Rating: 879789
	 Multiplicative Factor: 11,3%
	 Eff: 879789,0000000001
Crit
	 Rating: 2086
	 Multiplicative Factor: 0%
	 Eff: 5586,496976702294
	 DR Bracket: 0
	 Base: 5%
	 Effective Percent: 7,98%
	 Crit Inc Heal: 2,6
	 Crit Inc Damage: 2
Haste
	 Rating: 21896
	 Multiplicative Factor: 0%
	 Eff: 21686,728567240458
	 DR Bracket: 1
	 Base: 0%
	 Effective Percent: 32,86%
Vers
	 Rating: 23467
	 Multiplicative Factor: 0%
	 Eff: 25800,193536071936
	 DR Bracket: 1
	 Base: 3%
	 Effective Percent: 33,08%
Leech
	 Rating: 3060
	 Multiplicative Factor: 0%
	 Eff: 5099,99025
	 DR Bracket: 0
	 Base: 2%
	 Effective Percent: 5%
Avoidance
	 Rating: -0
	 Multiplicative Factor: 0%
	 Eff: -0,32846701212770313
	 DR Bracket: 0
	 Base: 0%
	 Effective Percent: -0%
Mastery
	 Rating: 26411
	 Multiplicative Factor: 0%
	 Eff: 33569,517027667796
	 DR Bracket: 1
	 Base: 19,8%
	 Effective Percent: 86,32%
----------------------
05:29,834

Intellect
	 Rating: 140996
	 Multiplicative Factor: 8,15%
	 Eff: 140996
Stamina
	 Rating: 879789
	 Multiplicative Factor: 11,3%
	 Eff: 879789,0000000001
Crit
	 Rating: 2086
	 Multiplicative Factor: 0%
	 Eff: 5586,496976702294
	 DR Bracket: 0
	 Base: 5%
	 Effective Percent: 7,98%
	 Crit Inc Heal: 2,6
	 Crit Inc Damage: 2
Haste
	 Rating: 21896
	 Multiplicative Factor: 0%
	 Eff: 21686,728567240458
	 DR Bracket: 1
	 Base: 0%
	 Effective Percent: 32,86%
Vers
	 Rating: 23467
	 Multiplicative Factor: 0%
	 Eff: 25800,193536071936
	 DR Bracket: 1
	 Base: 3%
	 Effective Percent: 33,08%
Leech
	 Rating: 3060
	 Multiplicative Factor: 0%
	 Eff: 5099,99025
	 DR Bracket: 0
	 Base: 2%
	 Effective Percent: 5%
Avoidance
	 Rating: -0
	 Multiplicative Factor: 0%
	 Eff: -0,32846701212770313
	 DR Bracket: 0
	 Base: 0%
	 Effective Percent: -0%
Mastery
	 Rating: 26411
	 Multiplicative Factor: 0%
	 Eff: 33569,517027667796
	 DR Bracket: 1
	 Base: 19,8%
	 Effective Percent: 86,32%
----------------------
05:34,980

Intellect
	 Rating: 140996
	 Multiplicative Factor: 8,15%
	 Eff: 140996
Stamina
	 Rating: 879789
	 Multiplicative Factor: 11,3%
	 Eff: 879789,0000000001
Crit
	 Rating: 8071
	 Multiplicative Factor: 0%
	 Eff: 11571,3736598079
	 DR Bracket: 0
	 Base: 5%
	 Effective Percent: 16,53%
	 Crit Inc Heal: 2
	 Crit Inc Damage: 2
Haste
	 Rating: 21896
	 Multiplicative Factor: 0%
	 Eff: 21686,728567240458
	 DR Bracket: 1
	 Base: 0%
	 Effective Percent: 32,86%
Vers
	 Rating: 23467
	 Multiplicative Factor: 0%
	 Eff: 25800,193536071936
	 DR Bracket: 1
	 Base: 3%
	 Effective Percent: 33,08%
Leech
	 Rating: 3060
	 Multiplicative Factor: 0%
	 Eff: 5099,99025
	 DR Bracket: 0
	 Base: 2%
	 Effective Percent: 5%
Avoidance
	 Rating: -0
	 Multiplicative Factor: 0%
	 Eff: -0,32846701212770313
	 DR Bracket: 0
	 Base: 0%
	 Effective Percent: -0%
Mastery
	 Rating: 26411
	 Multiplicative Factor: 0%
	 Eff: 33569,517027667796
	 DR Bracket: 1
	 Base: 19,8%
	 Effective Percent: 86,32%
----------------------
05:40,093

Intellect
	 Rating: 140996
	 Multiplicative Factor: 8,15%
	 Eff: 140996
Stamina
	 Rating: 879789
	 Multiplicative Factor: 11,3%
	 Eff: 879789,0000000001
Crit
	 Rating: 8071
	 Multiplicative Factor: 0%
	 Eff: 11571,3736598079
	 DR Bracket: 0
	 Base: 5%
	 Effective Percent: 16,53%
	 Crit Inc Heal: 2
	 Crit Inc Damage: 2
Haste
	 Rating: 21896
	 Multiplicative Factor: 0%
	 Eff: 21686,728567240458
	 DR Bracket: 1
	 Base: 0%
	 Effective Percent: 32,86%
Vers
	 Rating: 23467
	 Multiplicative Factor: 0%
	 Eff: 25800,193536071936
	 DR Bracket: 1
	 Base: 3%
	 Effective Percent: 33,08%
Leech
	 Rating: 3060
	 Multiplicative Factor: 0%
	 Eff: 5099,99025
	 DR Bracket: 0
	 Base: 2%
	 Effective Percent: 5%
Avoidance
	 Rating: -0
	 Multiplicative Factor: 0%
	 Eff: -0,32846701212770313
	 DR Bracket: 0
	 Base: 0%
	 Effective Percent: -0%
Mastery
	 Rating: 26411
	 Multiplicative Factor: 0%
	 Eff: 33569,517027667796
	 DR Bracket: 1
	 Base: 19,8%
	 Effective Percent: 86,32%
----------------------
05:45,346

Intellect
	 Rating: 140996
	 Multiplicative Factor: 8,15%
	 Eff: 140996
Stamina
	 Rating: 879789
	 Multiplicative Factor: 11,3%
	 Eff: 879789,0000000001
Crit
	 Rating: 2086
	 Multiplicative Factor: 0%
	 Eff: 5586,496976702294
	 DR Bracket: 0
	 Base: 5%
	 Effective Percent: 7,98%
	 Crit Inc Heal: 2
	 Crit Inc Damage: 2
Haste
	 Rating: 21896
	 Multiplicative Factor: 0%
	 Eff: 21686,728567240458
	 DR Bracket: 1
	 Base: 0%
	 Effective Percent: 32,86%
Vers
	 Rating: 23467
	 Multiplicative Factor: 0%
	 Eff: 25800,193536071936
	 DR Bracket: 1
	 Base: 3%
	 Effective Percent: 33,08%
Leech
	 Rating: 3060
	 Multiplicative Factor: 0%
	 Eff: 5099,99025
	 DR Bracket: 0
	 Base: 2%
	 Effective Percent: 5%
Avoidance
	 Rating: -0
	 Multiplicative Factor: 0%
	 Eff: -0,32846701212770313
	 DR Bracket: 0
	 Base: 0%
	 Effective Percent: -0%
Mastery
	 Rating: 26411
	 Multiplicative Factor: 0%
	 Eff: 33569,517027667796
	 DR Bracket: 1
	 Base: 19,8%
	 Effective Percent: 86,32%
----------------------
05:50,495

Intellect
	 Rating: 140996
	 Multiplicative Factor: 8,15%
	 Eff: 140996
Stamina
	 Rating: 879789
	 Multiplicative Factor: 11,3%
	 Eff: 879789,0000000001
Crit
	 Rating: 2086
	 Multiplicative Factor: 0%
	 Eff: 5586,496976702294
	 DR Bracket: 0
	 Base: 5%
	 Effective Percent: 7,98%
	 Crit Inc Heal: 2,6
	 Crit Inc Damage: 2
Haste
	 Rating: 21896
	 Multiplicative Factor: 0%
	 Eff: 47992,74713741259
	 DR Bracket: 1
	 Base: 30%
	 Effective Percent: 72,72%
Vers
	 Rating: 23467
	 Multiplicative Factor: 0%
	 Eff: 25800,193536071936
	 DR Bracket: 1
	 Base: 3%
	 Effective Percent: 33,08%
Leech
	 Rating: 3060
	 Multiplicative Factor: 0%
	 Eff: 5099,99025
	 DR Bracket: 0
	 Base: 2%
	 Effective Percent: 5%
Avoidance
	 Rating: -0
	 Multiplicative Factor: 0%
	 Eff: -0,32846701212770313
	 DR Bracket: 0
	 Base: 0%
	 Effective Percent: -0%
Mastery
	 Rating: 26411
	 Multiplicative Factor: 0%
	 Eff: 33569,517027667796
	 DR Bracket: 1
	 Base: 19,8%
	 Effective Percent: 86,32%
----------------------
05:55,701

Intellect
	 Rating: 140996
	 Multiplicative Factor: 8,15%
	 Eff: 140996
Stamina
	 Rating: 879789
	 Multiplicative Factor: 11,3%
	 Eff: 879789,0000000001
Crit
	 Rating: 2086
	 Multiplicative Factor: 0%
	 Eff: 5586,496976702294
	 DR Bracket: 0
	 Base: 5%
	 Effective Percent: 7,98%
	 Crit Inc Heal: 2,6
	 Crit Inc Damage: 2
Haste
	 Rating: 21896
	 Multiplicative Factor: 0%
	 Eff: 47992,74713741259
	 DR Bracket: 1
	 Base: 30%
	 Effective Percent: 72,72%
Vers
	 Rating: 23467
	 Multiplicative Factor: 0%
	 Eff: 25800,193536071936
	 DR Bracket: 1
	 Base: 3%
	 Effective Percent: 33,08%
Leech
	 Rating: 3060
	 Multiplicative Factor: 0%
	 Eff: 5099,99025
	 DR Bracket: 0
	 Base: 2%
	 Effective Percent: 5%
Avoidance
	 Rating: -0
	 Multiplicative Factor: 0%
	 Eff: -0,32846701212770313
	 DR Bracket: 0
	 Base: 0%
	 Effective Percent: -0%
Mastery
	 Rating: 26411
	 Multiplicative Factor: 0%
	 Eff: 33569,517027667796
	 DR Bracket: 1
	 Base: 19,8%
	 Effective Percent: 86,32%
----------------------
06:00,763

Intellect
	 Rating: 140996
	 Multiplicative Factor: 8,15%
	 Eff: 140996
Stamina
	 Rating: 879789
	 Multiplicative Factor: 11,3%
	 Eff: 879789,0000000001
Crit
	 Rating: 2086
	 Multiplicative Factor: 0%
	 Eff: 5586,496976702294
	 DR Bracket: 0
	 Base: 5%
	 Effective Percent: 7,98%
	 Crit Inc Heal: 2,6
	 Crit Inc Damage: 2
Haste
	 Rating: 21896
	 Multiplicative Factor: 0%
	 Eff: 47992,74713741259
	 DR Bracket: 1
	 Base: 30%
	 Effective Percent: 72,72%
Vers
	 Rating: 23467
	 Multiplicative Factor: 0%
	 Eff: 25800,193536071936
	 DR Bracket: 1
	 Base: 3%
	 Effective Percent: 33,08%
Leech
	 Rating: 3060
	 Multiplicative Factor: 0%
	 Eff: 5099,99025
	 DR Bracket: 0
	 Base: 2%
	 Effective Percent: 5%
Avoidance
	 Rating: -0
	 Multiplicative Factor: 0%
	 Eff: -0,32846701212770313
	 DR Bracket: 0
	 Base: 0%
	 Effective Percent: -0%
Mastery
	 Rating: 26411
	 Multiplicative Factor: 0%
	 Eff: 33569,517027667796
	 DR Bracket: 1
	 Base: 19,8%
	 Effective Percent: 86,32%
----------------------
06:05,929

Intellect
	 Rating: 140996
	 Multiplicative Factor: 8,15%
	 Eff: 140996
Stamina
	 Rating: 879789
	 Multiplicative Factor: 11,3%
	 Eff: 879789,0000000001
Crit
	 Rating: 2086
	 Multiplicative Factor: 0%
	 Eff: 5586,496976702294
	 DR Bracket: 0
	 Base: 5%
	 Effective Percent: 7,98%
	 Crit Inc Heal: 2,6
	 Crit Inc Damage: 2
Haste
	 Rating: 21896
	 Multiplicative Factor: 0%
	 Eff: 47992,74713741259
	 DR Bracket: 1
	 Base: 30%
	 Effective Percent: 72,72%
Vers
	 Rating: 23467
	 Multiplicative Factor: 0%
	 Eff: 25800,193536071936
	 DR Bracket: 1
	 Base: 3%
	 Effective Percent: 33,08%
Leech
	 Rating: 3060
	 Multiplicative Factor: 0%
	 Eff: 5099,99025
	 DR Bracket: 0
	 Base: 2%
	 Effective Percent: 5%
Avoidance
	 Rating: -0
	 Multiplicative Factor: 0%
	 Eff: -0,32846701212770313
	 DR Bracket: 0
	 Base: 0%
	 Effective Percent: -0%
Mastery
	 Rating: 26411
	 Multiplicative Factor: 0%
	 Eff: 33569,517027667796
	 DR Bracket: 1
	 Base: 19,8%
	 Effective Percent: 86,32%
----------------------
06:11,000

Intellect
	 Rating: 140996
	 Multiplicative Factor: 8,15%
	 Eff: 140996
Stamina
	 Rating: 879789
	 Multiplicative Factor: 11,3%
	 Eff: 879789,0000000001
Crit
	 Rating: 2086
	 Multiplicative Factor: 0%
	 Eff: 5586,496976702294
	 DR Bracket: 0
	 Base: 5%
	 Effective Percent: 7,98%
	 Crit Inc Heal: 2,6
	 Crit Inc Damage: 2
Haste
	 Rating: 21896
	 Multiplicative Factor: 0%
	 Eff: 47992,74713741259
	 DR Bracket: 1
	 Base: 30%
	 Effective Percent: 72,72%
Vers
	 Rating: 23467
	 Multiplicative Factor: 0%
	 Eff: 25800,193536071936
	 DR Bracket: 1
	 Base: 3%
	 Effective Percent: 33,08%
Leech
	 Rating: 3060
	 Multiplicative Factor: 0%
	 Eff: 5099,99025
	 DR Bracket: 0
	 Base: 2%
	 Effective Percent: 5%
Avoidance
	 Rating: -0
	 Multiplicative Factor: 0%
	 Eff: -0,32846701212770313
	 DR Bracket: 0
	 Base: 0%
	 Effective Percent: -0%
Mastery
	 Rating: 26411
	 Multiplicative Factor: 0%
	 Eff: 33569,517027667796
	 DR Bracket: 1
	 Base: 19,8%
	 Effective Percent: 86,32%
----------------------
06:16,115

Intellect
	 Rating: 140996
	 Multiplicative Factor: 8,15%
	 Eff: 140996
Stamina
	 Rating: 879789
	 Multiplicative Factor: 11,3%
	 Eff: 879789,0000000001
Crit
	 Rating: 2086
	 Multiplicative Factor: 0%
	 Eff: 5586,496976702294
	 DR Bracket: 0
	 Base: 5%
	 Effective Percent: 7,98%
	 Crit Inc Heal: 2,6
	 Crit Inc Damage: 2
Haste
	 Rating: 21896
	 Multiplicative Factor: 0%
	 Eff: 47992,74713741259
	 DR Bracket: 1
	 Base: 30%
	 Effective Percent: 72,72%
Vers
	 Rating: 23467
	 Multiplicative Factor: 0%
	 Eff: 25800,193536071936
	 DR Bracket: 1
	 Base: 3%
	 Effective Percent: 33,08%
Leech
	 Rating: 3060
	 Multiplicative Factor: 0%
	 Eff: 5099,99025
	 DR Bracket: 0
	 Base: 2%
	 Effective Percent: 5%
Avoidance
	 Rating: -0
	 Multiplicative Factor: 0%
	 Eff: -0,32846701212770313
	 DR Bracket: 0
	 Base: 0%
	 Effective Percent: -0%
Mastery
	 Rating: 26411
	 Multiplicative Factor: 0%
	 Eff: 33569,517027667796
	 DR Bracket: 1
	 Base: 19,8%
	 Effective Percent: 86,32%
----------------------
06:21,137

Intellect
	 Rating: 140996
	 Multiplicative Factor: 8,15%
	 Eff: 140996
Stamina
	 Rating: 879789
	 Multiplicative Factor: 11,3%
	 Eff: 879789,0000000001
Crit
	 Rating: 8071
	 Multiplicative Factor: 0%
	 Eff: 11571,3736598079
	 DR Bracket: 0
	 Base: 5%
	 Effective Percent: 16,53%
	 Crit Inc Heal: 2,6
	 Crit Inc Damage: 2
Haste
	 Rating: 21896
	 Multiplicative Factor: 0%
	 Eff: 47992,74713741259
	 DR Bracket: 1
	 Base: 30%
	 Effective Percent: 72,72%
Vers
	 Rating: 23467
	 Multiplicative Factor: 0%
	 Eff: 25800,193536071936
	 DR Bracket: 1
	 Base: 3%
	 Effective Percent: 33,08%
Leech
	 Rating: 3060
	 Multiplicative Factor: 0%
	 Eff: 5099,99025
	 DR Bracket: 0
	 Base: 2%
	 Effective Percent: 5%
Avoidance
	 Rating: -0
	 Multiplicative Factor: 0%
	 Eff: -0,32846701212770313
	 DR Bracket: 0
	 Base: 0%
	 Effective Percent: -0%
Mastery
	 Rating: 26411
	 Multiplicative Factor: 0%
	 Eff: 33569,517027667796
	 DR Bracket: 1
	 Base: 19,8%
	 Effective Percent: 86,32%
----------------------
06:26,141

Intellect
	 Rating: 140996
	 Multiplicative Factor: 8,15%
	 Eff: 140996
Stamina
	 Rating: 879789
	 Multiplicative Factor: 11,3%
	 Eff: 879789,0000000001
Crit
	 Rating: 8071
	 Multiplicative Factor: 0%
	 Eff: 11571,3736598079
	 DR Bracket: 0
	 Base: 5%
	 Effective Percent: 16,53%
	 Crit Inc Heal: 2,6
	 Crit Inc Damage: 2
Haste
	 Rating: 21896
	 Multiplicative Factor: 0%
	 Eff: 47992,74713741259
	 DR Bracket: 1
	 Base: 30%
	 Effective Percent: 72,72%
Vers
	 Rating: 23467
	 Multiplicative Factor: 0%
	 Eff: 25800,193536071936
	 DR Bracket: 1
	 Base: 3%
	 Effective Percent: 33,08%
Leech
	 Rating: 3060
	 Multiplicative Factor: 0%
	 Eff: 5099,99025
	 DR Bracket: 0
	 Base: 2%
	 Effective Percent: 5%
Avoidance
	 Rating: -0
	 Multiplicative Factor: 0%
	 Eff: -0,32846701212770313
	 DR Bracket: 0
	 Base: 0%
	 Effective Percent: -0%
Mastery
	 Rating: 26411
	 Multiplicative Factor: 0%
	 Eff: 33569,517027667796
	 DR Bracket: 1
	 Base: 19,8%
	 Effective Percent: 86,32%
----------------------
06:31,300

Intellect
	 Rating: 140996
	 Multiplicative Factor: 8,15%
	 Eff: 140996
Stamina
	 Rating: 879789
	 Multiplicative Factor: 11,3%
	 Eff: 879789,0000000001
Crit
	 Rating: 2086
	 Multiplicative Factor: 0%
	 Eff: 5586,496976702294
	 DR Bracket: 0
	 Base: 5%
	 Effective Percent: 7,98%
	 Crit Inc Heal: 2,6
	 Crit Inc Damage: 2
Haste
	 Rating: 21896
	 Multiplicative Factor: 0%
	 Eff: 21686,728567240458
	 DR Bracket: 1
	 Base: 0%
	 Effective Percent: 32,86%
Vers
	 Rating: 23467
	 Multiplicative Factor: 0%
	 Eff: 25800,193536071936
	 DR Bracket: 1
	 Base: 3%
	 Effective Percent: 33,08%
Leech
	 Rating: 3060
	 Multiplicative Factor: 0%
	 Eff: 5099,99025
	 DR Bracket: 0
	 Base: 2%
	 Effective Percent: 5%
Avoidance
	 Rating: -0
	 Multiplicative Factor: 0%
	 Eff: -0,32846701212770313
	 DR Bracket: 0
	 Base: 0%
	 Effective Percent: -0%
Mastery
	 Rating: 26411
	 Multiplicative Factor: 0%
	 Eff: 33569,517027667796
	 DR Bracket: 1
	 Base: 19,8%
	 Effective Percent: 86,32%
----------------------
06:36,525

Intellect
	 Rating: 140996
	 Multiplicative Factor: 8,15%
	 Eff: 140996
Stamina
	 Rating: 879789
	 Multiplicative Factor: 11,3%
	 Eff: 879789,0000000001
Crit
	 Rating: 2086
	 Multiplicative Factor: 0%
	 Eff: 5586,496976702294
	 DR Bracket: 0
	 Base: 5%
	 Effective Percent: 7,98%
	 Crit Inc Heal: 2,6
	 Crit Inc Damage: 2
Haste
	 Rating: 21896
	 Multiplicative Factor: 0%
	 Eff: 21686,728567240458
	 DR Bracket: 1
	 Base: 0%
	 Effective Percent: 32,86%
Vers
	 Rating: 23467
	 Multiplicative Factor: 0%
	 Eff: 25800,193536071936
	 DR Bracket: 1
	 Base: 3%
	 Effective Percent: 33,08%
Leech
	 Rating: 3060
	 Multiplicative Factor: 0%
	 Eff: 5099,99025
	 DR Bracket: 0
	 Base: 2%
	 Effective Percent: 5%
Avoidance
	 Rating: -0
	 Multiplicative Factor: 0%
	 Eff: -0,32846701212770313
	 DR Bracket: 0
	 Base: 0%
	 Effective Percent: -0%
Mastery
	 Rating: 26411
	 Multiplicative Factor: 0%
	 Eff: 33569,517027667796
	 DR Bracket: 1
	 Base: 19,8%
	 Effective Percent: 86,32%
----------------------
06:41,558

Intellect
	 Rating: 140996
	 Multiplicative Factor: 8,15%
	 Eff: 140996
Stamina
	 Rating: 879789
	 Multiplicative Factor: 11,3%
	 Eff: 879789,0000000001
Crit
	 Rating: 2086
	 Multiplicative Factor: 0%
	 Eff: 5586,496976702294
	 DR Bracket: 0
	 Base: 5%
	 Effective Percent: 7,98%
	 Crit Inc Heal: 2,6
	 Crit Inc Damage: 2
Haste
	 Rating: 21896
	 Multiplicative Factor: 0%
	 Eff: 21686,728567240458
	 DR Bracket: 1
	 Base: 0%
	 Effective Percent: 32,86%
Vers
	 Rating: 23467
	 Multiplicative Factor: 0%
	 Eff: 25800,193536071936
	 DR Bracket: 1
	 Base: 3%
	 Effective Percent: 33,08%
Leech
	 Rating: 3060
	 Multiplicative Factor: 0%
	 Eff: 5099,99025
	 DR Bracket: 0
	 Base: 2%
	 Effective Percent: 5%
Avoidance
	 Rating: -0
	 Multiplicative Factor: 0%
	 Eff: -0,32846701212770313
	 DR Bracket: 0
	 Base: 0%
	 Effective Percent: -0%
Mastery
	 Rating: 26411
	 Multiplicative Factor: 0%
	 Eff: 33569,517027667796
	 DR Bracket: 1
	 Base: 19,8%
	 Effective Percent: 86,32%
----------------------
06:46,587

Intellect
	 Rating: 140996
	 Multiplicative Factor: 8,15%
	 Eff: 140996
Stamina
	 Rating: 879789
	 Multiplicative Factor: 11,3%
	 Eff: 879789,0000000001
Crit
	 Rating: 2086
	 Multiplicative Factor: 0%
	 Eff: 5586,496976702294
	 DR Bracket: 0
	 Base: 5%
	 Effective Percent: 7,98%
	 Crit Inc Heal: 2,6
	 Crit Inc Damage: 2
Haste
	 Rating: 21896
	 Multiplicative Factor: 0%
	 Eff: 21686,728567240458
	 DR Bracket: 1
	 Base: 0%
	 Effective Percent: 32,86%
Vers
	 Rating: 23467
	 Multiplicative Factor: 0%
	 Eff: 25800,193536071936
	 DR Bracket: 1
	 Base: 3%
	 Effective Percent: 33,08%
Leech
	 Rating: 3060
	 Multiplicative Factor: 0%
	 Eff: 5099,99025
	 DR Bracket: 0
	 Base: 2%
	 Effective Percent: 5%
Avoidance
	 Rating: -0
	 Multiplicative Factor: 0%
	 Eff: -0,32846701212770313
	 DR Bracket: 0
	 Base: 0%
	 Effective Percent: -0%
Mastery
	 Rating: 26411
	 Multiplicative Factor: 0%
	 Eff: 33569,517027667796
	 DR Bracket: 1
	 Base: 19,8%
	 Effective Percent: 86,32%
----------------------
06:51,642

Intellect
	 Rating: 140996
	 Multiplicative Factor: 8,15%
	 Eff: 140996
Stamina
	 Rating: 879789
	 Multiplicative Factor: 11,3%
	 Eff: 879789,0000000001
Crit
	 Rating: 2086
	 Multiplicative Factor: 0%
	 Eff: 5586,496976702294
	 DR Bracket: 0
	 Base: 5%
	 Effective Percent: 7,98%
	 Crit Inc Heal: 2,6
	 Crit Inc Damage: 2
Haste
	 Rating: 21896
	 Multiplicative Factor: 0%
	 Eff: 21686,728567240458
	 DR Bracket: 1
	 Base: 0%
	 Effective Percent: 32,86%
Vers
	 Rating: 23467
	 Multiplicative Factor: 0%
	 Eff: 25800,193536071936
	 DR Bracket: 1
	 Base: 3%
	 Effective Percent: 33,08%
Leech
	 Rating: 3060
	 Multiplicative Factor: 0%
	 Eff: 5099,99025
	 DR Bracket: 0
	 Base: 2%
	 Effective Percent: 5%
Avoidance
	 Rating: -0
	 Multiplicative Factor: 0%
	 Eff: -0,32846701212770313
	 DR Bracket: 0
	 Base: 0%
	 Effective Percent: -0%
Mastery
	 Rating: 26411
	 Multiplicative Factor: 0%
	 Eff: 33569,517027667796
	 DR Bracket: 1
	 Base: 19,8%
	 Effective Percent: 86,32%
----------------------
06:56,708

Intellect
	 Rating: 140996
	 Multiplicative Factor: 8,15%
	 Eff: 140996
Stamina
	 Rating: 879789
	 Multiplicative Factor: 11,3%
	 Eff: 879789,0000000001
Crit
	 Rating: 2086
	 Multiplicative Factor: 0%
	 Eff: 5586,496976702294
	 DR Bracket: 0
	 Base: 5%
	 Effective Percent: 7,98%
	 Crit Inc Heal: 2,6
	 Crit Inc Damage: 2
Haste
	 Rating: 21896
	 Multiplicative Factor: 0%
	 Eff: 21686,728567240458
	 DR Bracket: 1
	 Base: 0%
	 Effective Percent: 32,86%
Vers
	 Rating: 23467
	 Multiplicative Factor: 0%
	 Eff: 25800,193536071936
	 DR Bracket: 1
	 Base: 3%
	 Effective Percent: 33,08%
Leech
	 Rating: 3060
	 Multiplicative Factor: 0%
	 Eff: 5099,99025
	 DR Bracket: 0
	 Base: 2%
	 Effective Percent: 5%
Avoidance
	 Rating: -0
	 Multiplicative Factor: 0%
	 Eff: -0,32846701212770313
	 DR Bracket: 0
	 Base: 0%
	 Effective Percent: -0%
Mastery
	 Rating: 26411
	 Multiplicative Factor: 0%
	 Eff: 33569,517027667796
	 DR Bracket: 1
	 Base: 19,8%
	 Effective Percent: 86,32%
----------------------
07:02,005

Intellect
	 Rating: 140996
	 Multiplicative Factor: 8,15%
	 Eff: 140996
Stamina
	 Rating: 879789
	 Multiplicative Factor: 11,3%
	 Eff: 879789,0000000001
Crit
	 Rating: 2086
	 Multiplicative Factor: 0%
	 Eff: 5586,496976702294
	 DR Bracket: 0
	 Base: 5%
	 Effective Percent: 7,98%
	 Crit Inc Heal: 2,6
	 Crit Inc Damage: 2
Haste
	 Rating: 21896
	 Multiplicative Factor: 0%
	 Eff: 21686,728567240458
	 DR Bracket: 1
	 Base: 0%
	 Effective Percent: 32,86%
Vers
	 Rating: 23467
	 Multiplicative Factor: 0%
	 Eff: 25800,193536071936
	 DR Bracket: 1
	 Base: 3%
	 Effective Percent: 33,08%
Leech
	 Rating: 3060
	 Multiplicative Factor: 0%
	 Eff: 5099,99025
	 DR Bracket: 0
	 Base: 2%
	 Effective Percent: 5%
Avoidance
	 Rating: -0
	 Multiplicative Factor: 0%
	 Eff: -0,32846701212770313
	 DR Bracket: 0
	 Base: 0%
	 Effective Percent: -0%
Mastery
	 Rating: 26411
	 Multiplicative Factor: 0%
	 Eff: 33569,517027667796
	 DR Bracket: 1
	 Base: 19,8%
	 Effective Percent: 86,32%
----------------------
07:07,011

Intellect
	 Rating: 140996
	 Multiplicative Factor: 8,15%
	 Eff: 140996
Stamina
	 Rating: 879789
	 Multiplicative Factor: 11,3%
	 Eff: 879789,0000000001
Crit
	 Rating: 2086
	 Multiplicative Factor: 0%
	 Eff: 5586,496976702294
	 DR Bracket: 0
	 Base: 5%
	 Effective Percent: 7,98%
	 Crit Inc Heal: 2,6
	 Crit Inc Damage: 2
Haste
	 Rating: 21896
	 Multiplicative Factor: 0%
	 Eff: 21686,728567240458
	 DR Bracket: 1
	 Base: 0%
	 Effective Percent: 32,86%
Vers
	 Rating: 23467
	 Multiplicative Factor: 0%
	 Eff: 25800,193536071936
	 DR Bracket: 1
	 Base: 3%
	 Effective Percent: 33,08%
Leech
	 Rating: 3060
	 Multiplicative Factor: 0%
	 Eff: 5099,99025
	 DR Bracket: 0
	 Base: 2%
	 Effective Percent: 5%
Avoidance
	 Rating: -0
	 Multiplicative Factor: 0%
	 Eff: -0,32846701212770313
	 DR Bracket: 0
	 Base: 0%
	 Effective Percent: -0%
Mastery
	 Rating: 26411
	 Multiplicative Factor: 0%
	 Eff: 33569,517027667796
	 DR Bracket: 1
	 Base: 19,8%
	 Effective Percent: 86,32%
----------------------
07:12,143

Intellect
	 Rating: 140996
	 Multiplicative Factor: 8,15%
	 Eff: 140996
Stamina
	 Rating: 879789
	 Multiplicative Factor: 11,3%
	 Eff: 879789,0000000001
Crit
	 Rating: 2086
	 Multiplicative Factor: 0%
	 Eff: 5586,496976702294
	 DR Bracket: 0
	 Base: 5%
	 Effective Percent: 7,98%
	 Crit Inc Heal: 2,6
	 Crit Inc Damage: 2
Haste
	 Rating: 21896
	 Multiplicative Factor: 0%
	 Eff: 21686,728567240458
	 DR Bracket: 1
	 Base: 0%
	 Effective Percent: 32,86%
Vers
	 Rating: 23467
	 Multiplicative Factor: 0%
	 Eff: 25800,193536071936
	 DR Bracket: 1
	 Base: 3%
	 Effective Percent: 33,08%
Leech
	 Rating: 3060
	 Multiplicative Factor: 0%
	 Eff: 5099,99025
	 DR Bracket: 0
	 Base: 2%
	 Effective Percent: 5%
Avoidance
	 Rating: -0
	 Multiplicative Factor: 0%
	 Eff: -0,32846701212770313
	 DR Bracket: 0
	 Base: 0%
	 Effective Percent: -0%
Mastery
	 Rating: 26411
	 Multiplicative Factor: 0%
	 Eff: 33569,517027667796
	 DR Bracket: 1
	 Base: 19,8%
	 Effective Percent: 86,32%
----------------------
07:17,265

Intellect
	 Rating: 140996
	 Multiplicative Factor: 8,15%
	 Eff: 140996
Stamina
	 Rating: 879789
	 Multiplicative Factor: 11,3%
	 Eff: 879789,0000000001
Crit
	 Rating: 2086
	 Multiplicative Factor: 0%
	 Eff: 5586,496976702294
	 DR Bracket: 0
	 Base: 5%
	 Effective Percent: 7,98%
	 Crit Inc Heal: 2,6
	 Crit Inc Damage: 2
Haste
	 Rating: 21896
	 Multiplicative Factor: 0%
	 Eff: 21686,728567240458
	 DR Bracket: 1
	 Base: 0%
	 Effective Percent: 32,86%
Vers
	 Rating: 23467
	 Multiplicative Factor: 0%
	 Eff: 25800,193536071936
	 DR Bracket: 1
	 Base: 3%
	 Effective Percent: 33,08%
Leech
	 Rating: 3060
	 Multiplicative Factor: 0%
	 Eff: 5099,99025
	 DR Bracket: 0
	 Base: 2%
	 Effective Percent: 5%
Avoidance
	 Rating: -0
	 Multiplicative Factor: 0%
	 Eff: -0,32846701212770313
	 DR Bracket: 0
	 Base: 0%
	 Effective Percent: -0%
Mastery
	 Rating: 26411
	 Multiplicative Factor: 0%
	 Eff: 33569,517027667796
	 DR Bracket: 1
	 Base: 19,8%
	 Effective Percent: 86,32%
----------------------
07:22,704

Intellect
	 Rating: 140996
	 Multiplicative Factor: 8,15%
	 Eff: 140996
Stamina
	 Rating: 879789
	 Multiplicative Factor: 11,3%
	 Eff: 879789,0000000001
Crit
	 Rating: 2086
	 Multiplicative Factor: 0%
	 Eff: 5586,496976702294
	 DR Bracket: 0
	 Base: 5%
	 Effective Percent: 7,98%
	 Crit Inc Heal: 2,6
	 Crit Inc Damage: 2
Haste
	 Rating: 21896
	 Multiplicative Factor: 0%
	 Eff: 21686,728567240458
	 DR Bracket: 1
	 Base: 0%
	 Effective Percent: 32,86%
Vers
	 Rating: 23467
	 Multiplicative Factor: 0%
	 Eff: 25800,193536071936
	 DR Bracket: 1
	 Base: 3%
	 Effective Percent: 33,08%
Leech
	 Rating: 3060
	 Multiplicative Factor: 0%
	 Eff: 5099,99025
	 DR Bracket: 0
	 Base: 2%
	 Effective Percent: 5%
Avoidance
	 Rating: -0
	 Multiplicative Factor: 0%
	 Eff: -0,32846701212770313
	 DR Bracket: 0
	 Base: 0%
	 Effective Percent: -0%
Mastery
	 Rating: 26411
	 Multiplicative Factor: 0%
	 Eff: 33569,517027667796
	 DR Bracket: 1
	 Base: 19,8%
	 Effective Percent: 86,32%
----------------------
07:27,932

Intellect
	 Rating: 140996
	 Multiplicative Factor: 8,15%
	 Eff: 140996
Stamina
	 Rating: 879789
	 Multiplicative Factor: 11,3%
	 Eff: 879789,0000000001
Crit
	 Rating: 8071
	 Multiplicative Factor: 0%
	 Eff: 11571,3736598079
	 DR Bracket: 0
	 Base: 5%
	 Effective Percent: 16,53%
	 Crit Inc Heal: 2,6
	 Crit Inc Damage: 2
Haste
	 Rating: 21896
	 Multiplicative Factor: 0%
	 Eff: 21686,728567240458
	 DR Bracket: 1
	 Base: 0%
	 Effective Percent: 32,86%
Vers
	 Rating: 23467
	 Multiplicative Factor: 0%
	 Eff: 25800,193536071936
	 DR Bracket: 1
	 Base: 3%
	 Effective Percent: 33,08%
Leech
	 Rating: 3060
	 Multiplicative Factor: 0%
	 Eff: 5099,99025
	 DR Bracket: 0
	 Base: 2%
	 Effective Percent: 5%
Avoidance
	 Rating: -0
	 Multiplicative Factor: 0%
	 Eff: -0,32846701212770313
	 DR Bracket: 0
	 Base: 0%
	 Effective Percent: -0%
Mastery
	 Rating: 26411
	 Multiplicative Factor: 0%
	 Eff: 33569,517027667796
	 DR Bracket: 1
	 Base: 19,8%
	 Effective Percent: 86,32%
----------------------
07:33,019

Intellect
	 Rating: 140996
	 Multiplicative Factor: 8,15%
	 Eff: 140996
Stamina
	 Rating: 879789
	 Multiplicative Factor: 11,3%
	 Eff: 879789,0000000001
Crit
	 Rating: 8071
	 Multiplicative Factor: 0%
	 Eff: 11571,3736598079
	 DR Bracket: 0
	 Base: 5%
	 Effective Percent: 16,53%
	 Crit Inc Heal: 2,6
	 Crit Inc Damage: 2
Haste
	 Rating: 21896
	 Multiplicative Factor: 0%
	 Eff: 21686,728567240458
	 DR Bracket: 1
	 Base: 0%
	 Effective Percent: 32,86%
Vers
	 Rating: 23467
	 Multiplicative Factor: 0%
	 Eff: 25800,193536071936
	 DR Bracket: 1
	 Base: 3%
	 Effective Percent: 33,08%
Leech
	 Rating: 3060
	 Multiplicative Factor: 0%
	 Eff: 5099,99025
	 DR Bracket: 0
	 Base: 2%
	 Effective Percent: 5%
Avoidance
	 Rating: -0
	 Multiplicative Factor: 0%
	 Eff: -0,32846701212770313
	 DR Bracket: 0
	 Base: 0%
	 Effective Percent: -0%
Mastery
	 Rating: 26411
	 Multiplicative Factor: 0%
	 Eff: 33569,517027667796
	 DR Bracket: 1
	 Base: 19,8%
	 Effective Percent: 86,32%
----------------------
07:38,133

Intellect
	 Rating: 140996
	 Multiplicative Factor: 8,15%
	 Eff: 140996
Stamina
	 Rating: 879789
	 Multiplicative Factor: 11,3%
	 Eff: 879789,0000000001
Crit
	 Rating: 2086
	 Multiplicative Factor: 0%
	 Eff: 5586,496976702294
	 DR Bracket: 0
	 Base: 5%
	 Effective Percent: 7,98%
	 Crit Inc Heal: 2,6
	 Crit Inc Damage: 2
Haste
	 Rating: 21896
	 Multiplicative Factor: 0%
	 Eff: 21686,728567240458
	 DR Bracket: 1
	 Base: 0%
	 Effective Percent: 32,86%
Vers
	 Rating: 23467
	 Multiplicative Factor: 0%
	 Eff: 25800,193536071936
	 DR Bracket: 1
	 Base: 3%
	 Effective Percent: 33,08%
Leech
	 Rating: 3060
	 Multiplicative Factor: 0%
	 Eff: 5099,99025
	 DR Bracket: 0
	 Base: 2%
	 Effective Percent: 5%
Avoidance
	 Rating: -0
	 Multiplicative Factor: 0%
	 Eff: -0,32846701212770313
	 DR Bracket: 0
	 Base: 0%
	 Effective Percent: -0%
Mastery
	 Rating: 26411
	 Multiplicative Factor: 0%
	 Eff: 33569,517027667796
	 DR Bracket: 1
	 Base: 19,8%
	 Effective Percent: 86,32%
----------------------
07:43,207

Intellect
	 Rating: 140996
	 Multiplicative Factor: 8,15%
	 Eff: 140996
Stamina
	 Rating: 879789
	 Multiplicative Factor: 11,3%
	 Eff: 879789,0000000001
Crit
	 Rating: 2086
	 Multiplicative Factor: 0%
	 Eff: 5586,496976702294
	 DR Bracket: 0
	 Base: 5%
	 Effective Percent: 7,98%
	 Crit Inc Heal: 2,6
	 Crit Inc Damage: 2
Haste
	 Rating: 21896
	 Multiplicative Factor: 0%
	 Eff: 21686,728567240458
	 DR Bracket: 1
	 Base: 0%
	 Effective Percent: 32,86%
Vers
	 Rating: 23467
	 Multiplicative Factor: 0%
	 Eff: 25800,193536071936
	 DR Bracket: 1
	 Base: 3%
	 Effective Percent: 33,08%
Leech
	 Rating: 3060
	 Multiplicative Factor: 0%
	 Eff: 5099,99025
	 DR Bracket: 0
	 Base: 2%
	 Effective Percent: 5%
Avoidance
	 Rating: -0
	 Multiplicative Factor: 0%
	 Eff: -0,32846701212770313
	 DR Bracket: 0
	 Base: 0%
	 Effective Percent: -0%
Mastery
	 Rating: 26411
	 Multiplicative Factor: 0%
	 Eff: 33569,517027667796
	 DR Bracket: 1
	 Base: 19,8%
	 Effective Percent: 86,32%
----------------------
07:48,230

Intellect
	 Rating: 140996
	 Multiplicative Factor: 8,15%
	 Eff: 140996
Stamina
	 Rating: 879789
	 Multiplicative Factor: 11,3%
	 Eff: 879789,0000000001
Crit
	 Rating: 2086
	 Multiplicative Factor: 0%
	 Eff: 5586,496976702294
	 DR Bracket: 0
	 Base: 5%
	 Effective Percent: 7,98%
	 Crit Inc Heal: 2,6
	 Crit Inc Damage: 2
Haste
	 Rating: 21896
	 Multiplicative Factor: 0%
	 Eff: 21686,728567240458
	 DR Bracket: 1
	 Base: 0%
	 Effective Percent: 32,86%
Vers
	 Rating: 23467
	 Multiplicative Factor: 0%
	 Eff: 25800,193536071936
	 DR Bracket: 1
	 Base: 3%
	 Effective Percent: 33,08%
Leech
	 Rating: 3060
	 Multiplicative Factor: 0%
	 Eff: 5099,99025
	 DR Bracket: 0
	 Base: 2%
	 Effective Percent: 5%
Avoidance
	 Rating: -0
	 Multiplicative Factor: 0%
	 Eff: -0,32846701212770313
	 DR Bracket: 0
	 Base: 0%
	 Effective Percent: -0%
Mastery
	 Rating: 26411
	 Multiplicative Factor: 0%
	 Eff: 33569,517027667796
	 DR Bracket: 1
	 Base: 19,8%
	 Effective Percent: 86,32%
----------------------
07:53,361

Intellect
	 Rating: 140996
	 Multiplicative Factor: 8,15%
	 Eff: 140996
Stamina
	 Rating: 879789
	 Multiplicative Factor: 11,3%
	 Eff: 879789,0000000001
Crit
	 Rating: 2086
	 Multiplicative Factor: 0%
	 Eff: 5586,496976702294
	 DR Bracket: 0
	 Base: 5%
	 Effective Percent: 7,98%
	 Crit Inc Heal: 2,6
	 Crit Inc Damage: 2
Haste
	 Rating: 21896
	 Multiplicative Factor: 0%
	 Eff: 21686,728567240458
	 DR Bracket: 1
	 Base: 0%
	 Effective Percent: 32,86%
Vers
	 Rating: 23467
	 Multiplicative Factor: 0%
	 Eff: 25800,193536071936
	 DR Bracket: 1
	 Base: 3%
	 Effective Percent: 33,08%
Leech
	 Rating: 3060
	 Multiplicative Factor: 0%
	 Eff: 5099,99025
	 DR Bracket: 0
	 Base: 2%
	 Effective Percent: 5%
Avoidance
	 Rating: -0
	 Multiplicative Factor: 0%
	 Eff: -0,32846701212770313
	 DR Bracket: 0
	 Base: 0%
	 Effective Percent: -0%
Mastery
	 Rating: 26411
	 Multiplicative Factor: 0%
	 Eff: 33569,517027667796
	 DR Bracket: 1
	 Base: 19,8%
	 Effective Percent: 86,32%
----------------------
07:58,411

Intellect
	 Rating: 140996
	 Multiplicative Factor: 8,15%
	 Eff: 140996
Stamina
	 Rating: 879789
	 Multiplicative Factor: 11,3%
	 Eff: 879789,0000000001
Crit
	 Rating: 2086
	 Multiplicative Factor: 0%
	 Eff: 5586,496976702294
	 DR Bracket: 0
	 Base: 5%
	 Effective Percent: 7,98%
	 Crit Inc Heal: 2
	 Crit Inc Damage: 2
Haste
	 Rating: 21896
	 Multiplicative Factor: 0%
	 Eff: 21686,728567240458
	 DR Bracket: 1
	 Base: 0%
	 Effective Percent: 32,86%
Vers
	 Rating: 23467
	 Multiplicative Factor: 0%
	 Eff: 25800,193536071936
	 DR Bracket: 1
	 Base: 3%
	 Effective Percent: 33,08%
Leech
	 Rating: 3060
	 Multiplicative Factor: 0%
	 Eff: 5099,99025
	 DR Bracket: 0
	 Base: 2%
	 Effective Percent: 5%
Avoidance
	 Rating: -0
	 Multiplicative Factor: 0%
	 Eff: -0,32846701212770313
	 DR Bracket: 0
	 Base: 0%
	 Effective Percent: -0%
Mastery
	 Rating: 26411
	 Multiplicative Factor: 0%
	 Eff: 33569,517027667796
	 DR Bracket: 1
	 Base: 19,8%
	 Effective Percent: 86,32%
----------------------
08:03,451

Intellect
	 Rating: 140996
	 Multiplicative Factor: 8,15%
	 Eff: 140996
Stamina
	 Rating: 879789
	 Multiplicative Factor: 11,3%
	 Eff: 879789,0000000001
Crit
	 Rating: 2086
	 Multiplicative Factor: 0%
	 Eff: 5586,496976702294
	 DR Bracket: 0
	 Base: 5%
	 Effective Percent: 7,98%
	 Crit Inc Heal: 2
	 Crit Inc Damage: 2
Haste
	 Rating: 21896
	 Multiplicative Factor: 0%
	 Eff: 21686,728567240458
	 DR Bracket: 1
	 Base: 0%
	 Effective Percent: 32,86%
Vers
	 Rating: 23467
	 Multiplicative Factor: 0%
	 Eff: 25800,193536071936
	 DR Bracket: 1
	 Base: 3%
	 Effective Percent: 33,08%
Leech
	 Rating: 3060
	 Multiplicative Factor: 0%
	 Eff: 5099,99025
	 DR Bracket: 0
	 Base: 2%
	 Effective Percent: 5%
Avoidance
	 Rating: -0
	 Multiplicative Factor: 0%
	 Eff: -0,32846701212770313
	 DR Bracket: 0
	 Base: 0%
	 Effective Percent: -0%
Mastery
	 Rating: 26411
	 Multiplicative Factor: 0%
	 Eff: 33569,517027667796
	 DR Bracket: 1
	 Base: 19,8%
	 Effective Percent: 86,32%
----------------------
08:08,470

Intellect
	 Rating: 140996
	 Multiplicative Factor: 8,15%
	 Eff: 140996
Stamina
	 Rating: 879789
	 Multiplicative Factor: 11,3%
	 Eff: 879789,0000000001
Crit
	 Rating: 2086
	 Multiplicative Factor: 0%
	 Eff: 5586,496976702294
	 DR Bracket: 0
	 Base: 5%
	 Effective Percent: 7,98%
	 Crit Inc Heal: 2
	 Crit Inc Damage: 2
Haste
	 Rating: 21896
	 Multiplicative Factor: 0%
	 Eff: 21686,728567240458
	 DR Bracket: 1
	 Base: 0%
	 Effective Percent: 32,86%
Vers
	 Rating: 23467
	 Multiplicative Factor: 0%
	 Eff: 25800,193536071936
	 DR Bracket: 1
	 Base: 3%
	 Effective Percent: 33,08%
Leech
	 Rating: 3060
	 Multiplicative Factor: 0%
	 Eff: 5099,99025
	 DR Bracket: 0
	 Base: 2%
	 Effective Percent: 5%
Avoidance
	 Rating: -0
	 Multiplicative Factor: 0%
	 Eff: -0,32846701212770313
	 DR Bracket: 0
	 Base: 0%
	 Effective Percent: -0%
Mastery
	 Rating: 26411
	 Multiplicative Factor: 0%
	 Eff: 33569,517027667796
	 DR Bracket: 1
	 Base: 19,8%
	 Effective Percent: 86,32%
----------------------
08:13,586

Intellect
	 Rating: 140996
	 Multiplicative Factor: 8,15%
	 Eff: 140996
Stamina
	 Rating: 879789
	 Multiplicative Factor: 11,3%
	 Eff: 879789,0000000001
Crit
	 Rating: 2086
	 Multiplicative Factor: 0%
	 Eff: 5586,496976702294
	 DR Bracket: 0
	 Base: 5%
	 Effective Percent: 7,98%
	 Crit Inc Heal: 2,6
	 Crit Inc Damage: 2
Haste
	 Rating: 21896
	 Multiplicative Factor: 0%
	 Eff: 21686,728567240458
	 DR Bracket: 1
	 Base: 0%
	 Effective Percent: 32,86%
Vers
	 Rating: 23467
	 Multiplicative Factor: 0%
	 Eff: 25800,193536071936
	 DR Bracket: 1
	 Base: 3%
	 Effective Percent: 33,08%
Leech
	 Rating: 3060
	 Multiplicative Factor: 0%
	 Eff: 5099,99025
	 DR Bracket: 0
	 Base: 2%
	 Effective Percent: 5%
Avoidance
	 Rating: -0
	 Multiplicative Factor: 0%
	 Eff: -0,32846701212770313
	 DR Bracket: 0
	 Base: 0%
	 Effective Percent: -0%
Mastery
	 Rating: 26411
	 Multiplicative Factor: 0%
	 Eff: 33569,517027667796
	 DR Bracket: 1
	 Base: 19,8%
	 Effective Percent: 86,32%
----------------------
08:18,644

Intellect
	 Rating: 140996
	 Multiplicative Factor: 8,15%
	 Eff: 140996
Stamina
	 Rating: 879789
	 Multiplicative Factor: 11,3%
	 Eff: 879789,0000000001
Crit
	 Rating: 2086
	 Multiplicative Factor: 0%
	 Eff: 5586,496976702294
	 DR Bracket: 0
	 Base: 5%
	 Effective Percent: 7,98%
	 Crit Inc Heal: 2,6
	 Crit Inc Damage: 2
Haste
	 Rating: 21896
	 Multiplicative Factor: 0%
	 Eff: 21686,728567240458
	 DR Bracket: 1
	 Base: 0%
	 Effective Percent: 32,86%
Vers
	 Rating: 23467
	 Multiplicative Factor: 0%
	 Eff: 25800,193536071936
	 DR Bracket: 1
	 Base: 3%
	 Effective Percent: 33,08%
Leech
	 Rating: 3060
	 Multiplicative Factor: 0%
	 Eff: 5099,99025
	 DR Bracket: 0
	 Base: 2%
	 Effective Percent: 5%
Avoidance
	 Rating: -0
	 Multiplicative Factor: 0%
	 Eff: -0,32846701212770313
	 DR Bracket: 0
	 Base: 0%
	 Effective Percent: -0%
Mastery
	 Rating: 26411
	 Multiplicative Factor: 0%
	 Eff: 33569,517027667796
	 DR Bracket: 1
	 Base: 19,8%
	 Effective Percent: 86,32%
----------------------
08:24,567

Intellect
	 Rating: 136889
	 Multiplicative Factor: 5%
	 Eff: 136889,3203883495
Stamina
	 Rating: 837894
	 Multiplicative Factor: 6%
	 Eff: 837894,2857142857
Crit
	 Rating: 2086
	 Multiplicative Factor: 0%
	 Eff: 5586,496976702294
	 DR Bracket: 0
	 Base: 5%
	 Effective Percent: 7,98%
	 Crit Inc Heal: 2
	 Crit Inc Damage: 2
Haste
	 Rating: 21896
	 Multiplicative Factor: 0%
	 Eff: 21686,728567240458
	 DR Bracket: 1
	 Base: 0%
	 Effective Percent: 32,86%
Vers
	 Rating: 23467
	 Multiplicative Factor: 0%
	 Eff: 23460,193536071936
	 DR Bracket: 1
	 Base: 0%
	 Effective Percent: 30,08%
Leech
	 Rating: 3060
	 Multiplicative Factor: 0%
	 Eff: 5099,99025
	 DR Bracket: 0
	 Base: 2%
	 Effective Percent: 5%
Avoidance
	 Rating: -0
	 Multiplicative Factor: 0%
	 Eff: -0,32846701212770313
	 DR Bracket: 0
	 Base: 0%
	 Effective Percent: -0%
Mastery
	 Rating: 26411
	 Multiplicative Factor: 0%
	 Eff: 32169,517027667796
	 DR Bracket: 1
	 Base: 16,2%
	 Effective Percent: 82,72%
----------------------
08:30,642

Intellect
	 Rating: 136889
	 Multiplicative Factor: 5%
	 Eff: 136889,3203883495
Stamina
	 Rating: 837894
	 Multiplicative Factor: 6%
	 Eff: 837894,2857142857
Crit
	 Rating: 2086
	 Multiplicative Factor: 0%
	 Eff: 5586,496976702294
	 DR Bracket: 0
	 Base: 5%
	 Effective Percent: 7,98%
	 Crit Inc Heal: 2
	 Crit Inc Damage: 2
Haste
	 Rating: 21896
	 Multiplicative Factor: 0%
	 Eff: 21686,728567240458
	 DR Bracket: 1
	 Base: 0%
	 Effective Percent: 32,86%
Vers
	 Rating: 23467
	 Multiplicative Factor: 0%
	 Eff: 23460,193536071936
	 DR Bracket: 1
	 Base: 0%
	 Effective Percent: 30,08%
Leech
	 Rating: 3060
	 Multiplicative Factor: 0%
	 Eff: 5099,99025
	 DR Bracket: 0
	 Base: 2%
	 Effective Percent: 5%
Avoidance
	 Rating: -0
	 Multiplicative Factor: 0%
	 Eff: -0,32846701212770313
	 DR Bracket: 0
	 Base: 0%
	 Effective Percent: -0%
Mastery
	 Rating: 26411
	 Multiplicative Factor: 0%
	 Eff: 32169,517027667796
	 DR Bracket: 1
	 Base: 16,2%
	 Effective Percent: 82,72%
