-----------
EssenceRegenDummy
-----------
Azure Strike
-----------
Blessing of the Bronze
-----------
Cauterizing Flame
-----------
Chrono Flames
-----------
Chrono Flame
-----------
Consume Flame
	Eff: -308922,8478231124
-----------
Deep Breath
-----------
Disintegrate
-----------
Dream Breath
	Eff: 2071753,7251161037
-----------
Dream Breath (Echo)
	Eff: 4445737,142373445
-----------
Dream Flight
	Eff: -6006888,413459101
-----------
Echo
	Eff: 397129,9298466963
-----------
Emerald Blossom
-----------
Engulf
-----------
Enkindle
-----------
Expunge
-----------
Fire Breath
	Dmg: 2047701,557692413
-----------
Fluttering Seedlings
-----------
Golden Hour
	Eff: 7121140,246178057
-----------
Landslide
-----------
Lifebind
	Eff: 16721003,42821924
-----------
Life-Giver's Flame
-----------
Living Flame
	Eff: 787479,0174801227
	Dmg: 3250867,3959583226
-----------
Naturalize
-----------
Oppressing Roar
-----------
Panacea
	Eff: -742071,3156118193
-----------
Rewind
-----------
Renewing Blaze
-----------
Reversion
	Eff: 23045805,695178904
-----------
Reversion (Echo)
	Eff: 41052057,33698022
-----------
Sleep Walk
-----------
Source of Magic
-----------
Spatial Paradox
-----------
Spiritbloom
	Eff: -4766245,560240339
-----------
Spiritbloom (Echo)
	Eff: -2744213,8982858984
-----------
Stasis
-----------
Tail Swipe
-----------
Temporal Anomaly
	Eff: -32294247,40265185
-----------
Time Spiral
-----------
Unravel
-----------
Verdant Embrace
	Eff: -5332487,074797853
-----------
Zephyr
-----------
Leech
	Eff: 2741284,558576805
-----------
Blessing of Summer
-----------
Holy Bulwark
-----------
ZeroCIMDummy
-----------
Ethereal Reconstitution
	Eff: 2409640,410954154
-----------
Ethereal Guard
	Eff: 14084426,571178114
-----------
Stasis (Release)
-----------
Essence Bomb
-----------
Voidglass Barrier
	Eff: -10457246,862737484
-----------
Tip the Scales
-----------
Algari Mana Potion
-----------
Hover
-----------
Glide
-----------
Rescue
-----------
Twin Guardian
-----------
Emerald Communion
-----------
Stasis (Store)
-----------
Obsidian Scales
-----------
Time Dilation
-----------
Take Off
-----------
Whirling Surge
-----------
Surge Forward
-----------
Skyward Ascent
-----------
Shooting Star
-----------
Wing Buffet
-----------
Fury of the Aspects
-----------
Bombardments
-----------
Invigorating Healing Potion
	Eff: -670612,2009263495
