-----------
EssenceRegenDummy
-----------
Azure Strike
-----------
Blessing of the Bronze
-----------
Cauterizing Flame
-----------
Chrono Flames
-----------
Chrono Flame
-----------
Consume Flame
	Eff: -59332174,95754288
-----------
Deep Breath
-----------
Disintegrate
-----------
Dream Breath
	Eff: -59549822,34515735
-----------
Dream Breath (Echo)
	Eff: -2250331,434425301
-----------
Dream Flight
	Eff: -27320159,92882298
-----------
Echo
	Eff: -12061834,861242238
-----------
Emerald Blossom
-----------
Engulf
-----------
Enkindle
-----------
Expunge
-----------
Fire Breath
	Dmg: 4369875,520945693
-----------
Fluttering Seedlings
-----------
Golden Hour
	Eff: 7121140,246178057
-----------
Landslide
-----------
Lifebind
	Eff: 4159635,9618500127
-----------
Life-Giver's Flame
-----------
Living Flame
	Eff: -22349,7694086103
	Dmg: 4348783,056413738
-----------
Naturalize
-----------
Oppressing Roar
-----------
Panacea
	Eff: -1824639,6936898814
-----------
Rewind
-----------
Renewing Blaze
-----------
Reversion
	Eff: -17165631,893347748
-----------
Reversion (Echo)
	Eff: -31094437,153871495
-----------
Sleep Walk
-----------
Source of Magic
-----------
Spatial Paradox
-----------
Spiritbloom
	Eff: -7711484,802032955
-----------
Spiritbloom (Echo)
	Eff: -7369641,826989701
-----------
Stasis
-----------
Tail Swipe
-----------
Temporal Anomaly
	Eff: 57594262,89393084
-----------
Time Spiral
-----------
Unravel
-----------
Verdant Embrace
	Eff: -15031072,446957022
-----------
Zephyr
-----------
Leech
	Eff: -5500698,827191867
-----------
Blessing of Summer
-----------
Holy Bulwark
-----------
ZeroCIMDummy
-----------
Ethereal Reconstitution
	Eff: 6751937,471764582
-----------
Ethereal Guard
	Eff: 35154248,59525061
-----------
Stasis (Release)
-----------
Essence Bomb
-----------
Voidglass Barrier
	Eff: 26363668,966929056
-----------
Tip the Scales
-----------
Algari Mana Potion
-----------
Hover
-----------
Glide
-----------
Rescue
-----------
Twin Guardian
-----------
Emerald Communion
-----------
Stasis (Store)
-----------
Obsidian Scales
-----------
Time Dilation
-----------
Take Off
-----------
Whirling Surge
-----------
Surge Forward
-----------
Skyward Ascent
-----------
Shooting Star
-----------
Wing Buffet
-----------
Fury of the Aspects
-----------
Bombardments
-----------
Invigorating Healing Potion
	Eff: 1690674,2570460625
