-----------
EssenceRegenDummy
-----------
Azure Strike
-----------
Blessing of the Bronze
-----------
Cauterizing Flame
-----------
Chrono Flames
-----------
Chrono Flame
-----------
Consume Flame
	Eff: -9890612,069177605
-----------
Deep Breath
-----------
Disintegrate
-----------
Dream Breath
	Eff: -6126016,118263359
-----------
Dream Breath (Echo)
	Eff: 3168428,4273903477
-----------
Dream Flight
	Eff: -7263988,732744359
-----------
Echo
	Eff: -1995279,5557558273
-----------
Emerald Blossom
-----------
Engulf
-----------
Enkindle
-----------
Expunge
-----------
Fire Breath
	Dmg: 4098625,9806463216
-----------
Fluttering Seedlings
-----------
Golden Hour
	Eff: 7121140,246178057
-----------
Landslide
-----------
Lifebind
	Eff: 12618924,112214027
-----------
Life-Giver's Flame
-----------
Living Flame
	Eff: 702970,8074510619
	Dmg: 4363989,184267243
-----------
Naturalize
-----------
Oppressing Roar
-----------
Panacea
	Eff: -936642,7883186114
-----------
Rewind
-----------
Renewing Blaze
-----------
Reversion
	Eff: 8248434,686675657
-----------
Reversion (Echo)
	Eff: 14847620,519821052
-----------
Sleep Walk
-----------
Source of Magic
-----------
Spatial Paradox
-----------
Spiritbloom
	Eff: -4409699,030269238
-----------
Spiritbloom (Echo)
	Eff: -2256379,8565433645
-----------
Stasis
-----------
Tail Swipe
-----------
Temporal Anomaly
	Eff: 18022750,693599217
-----------
Time Spiral
-----------
Unravel
-----------
Verdant Embrace
	Eff: -7027409,394716319
-----------
Zephyr
-----------
Leech
	Eff: 969202,7391303394
-----------
Blessing of Summer
-----------
Holy Bulwark
-----------
ZeroCIMDummy
-----------
Ethereal Reconstitution
	Eff: 5713585,668144874
-----------
Ethereal Guard
	Eff: 26389170,138892192
-----------
Stasis (Release)
-----------
Essence Bomb
-----------
Voidglass Barrier
	Eff: 8775972,560541192
-----------
Tip the Scales
-----------
Algari Mana Potion
-----------
Hover
-----------
Glide
-----------
Rescue
-----------
Twin Guardian
-----------
Emerald Communion
-----------
Stasis (Store)
-----------
Obsidian Scales
-----------
Time Dilation
-----------
Take Off
-----------
Whirling Surge
-----------
Surge Forward
-----------
Skyward Ascent
-----------
Shooting Star
-----------
Wing Buffet
-----------
Fury of the Aspects
-----------
Bombardments
-----------
Invigorating Healing Potion
	Eff: 562793,8549547773
