-----------
EssenceRegenDummy
-----------
Azure Strike
-----------
Blessing of the Bronze
-----------
Cauterizing Flame
-----------
Chrono Flames
-----------
Chrono Flame
-----------
Consume Flame
	Eff: -8838866,950245077
-----------
Deep Breath
-----------
Disintegrate
-----------
Dream Breath
	Eff: -11050738,956353696
-----------
Dream Breath (Echo)
	Eff: 1986025,805557365
-----------
Dream Flight
	Eff: -8342542,232509101
-----------
Echo
	Eff: -2166887,455104731
-----------
Emerald Blossom
-----------
Engulf
-----------
Enkindle
-----------
Expunge
-----------
Fire Breath
	Dmg: 2168212,500951921
-----------
Fluttering Seedlings
-----------
Golden Hour
	Eff: 7121140,246178057
-----------
Landslide
-----------
Lifebind
	Eff: 11369619,762597587
-----------
Life-Giver's Flame
-----------
Living Flame
	Eff: 918625,2584120958
	Dmg: 3102373,0393978157
-----------
Naturalize
-----------
Oppressing Roar
-----------
Panacea
	Eff: -814670,4657082252
-----------
Rewind
-----------
Renewing Blaze
-----------
Reversion
	Eff: -399979,390067696
-----------
Reversion (Echo)
	Eff: -242252,8784541285
-----------
Sleep Walk
-----------
Source of Magic
-----------
Spatial Paradox
-----------
Spiritbloom
	Eff: -3347626,5096894433
-----------
Spiritbloom (Echo)
	Eff: -513259,63532513333
-----------
Stasis
-----------
Tail Swipe
-----------
Temporal Anomaly
	Eff: 32296459,73567765
-----------
Time Spiral
-----------
Unravel
-----------
Verdant Embrace
	Eff: -6783153,622140041
-----------
Zephyr
-----------
Leech
	Eff: -424683,964609106
-----------
Blessing of Summer
-----------
Holy Bulwark
-----------
ZeroCIMDummy
-----------
Ethereal Reconstitution
	Eff: 3293116,3856463386
-----------
Ethereal Guard
	Eff: 15605307,4662014
-----------
Stasis (Release)
-----------
Essence Bomb
-----------
Voidglass Barrier
	Eff: 8775972,560541192
-----------
Tip the Scales
-----------
Algari Mana Potion
-----------
Hover
-----------
Glide
-----------
Rescue
-----------
Twin Guardian
-----------
Emerald Communion
-----------
Stasis (Store)
-----------
Obsidian Scales
-----------
Time Dilation
-----------
Take Off
-----------
Whirling Surge
-----------
Surge Forward
-----------
Skyward Ascent
-----------
Shooting Star
-----------
Wing Buffet
-----------
Fury of the Aspects
-----------
Bombardments
-----------
Invigorating Healing Potion
	Eff: 562793,8549547773
