-----------
EssenceRegenDummy
-----------
Azure Strike
-----------
Blessing of the Bronze
-----------
Cauterizing Flame
-----------
Chrono Flames
-----------
Chrono Flame
-----------
Consume Flame
	Eff: -7454124,149236499
-----------
Deep Breath
-----------
Disintegrate
-----------
Dream Breath
	Eff: -16667385,289784145
-----------
Dream Breath (Echo)
	Eff: 1095779,3641051394
-----------
Dream Flight
	Eff: -11303011,258865364
-----------
Echo
	Eff: -1732457,4121645708
-----------
Emerald Blossom
-----------
Engulf
-----------
Enkindle
-----------
Expunge
-----------
Fire Breath
	Dmg: -1054124,325891626
-----------
Fluttering Seedlings
-----------
Golden Hour
	Eff: 7121140,246178057
-----------
Landslide
-----------
Lifebind
	Eff: 12145673,825552925
-----------
Life-Giver's Flame
-----------
Living Flame
	Eff: 1126204,2831643447
	Dmg: 1136745,8625060825
-----------
Naturalize
-----------
Oppressing Roar
-----------
Panacea
	Eff: -670316,4714481862
-----------
Rewind
-----------
Renewing Blaze
-----------
Reversion
	Eff: -1531876,7103290055
-----------
Reversion (Echo)
	Eff: -2079570,102243546
-----------
Sleep Walk
-----------
Source of Magic
-----------
Spatial Paradox
-----------
Spiritbloom
	Eff: -2976480,347797417
-----------
Spiritbloom (Echo)
	Eff: 161587,37305381452
-----------
Stasis
-----------
Tail Swipe
-----------
Temporal Anomaly
	Eff: 12319270,288284251
-----------
Time Spiral
-----------
Unravel
-----------
Verdant Embrace
	Eff: -6329664,262938177
-----------
Zephyr
-----------
Leech
	Eff: -1311910,0288001413
-----------
Blessing of Summer
-----------
Holy Bulwark
-----------
ZeroCIMDummy
-----------
Ethereal Reconstitution
	Eff: -1256276,0994156639
-----------
Ethereal Guard
	Eff: -6507852,371051442
-----------
Stasis (Release)
-----------
Essence Bomb
-----------
Voidglass Barrier
	Eff: -4045774,625956028
-----------
Tip the Scales
-----------
Algari Mana Potion
-----------
Hover
-----------
Glide
-----------
Rescue
-----------
Twin Guardian
-----------
Emerald Communion
-----------
Stasis (Store)
-----------
Obsidian Scales
-----------
Time Dilation
-----------
Take Off
-----------
Whirling Surge
-----------
Surge Forward
-----------
Skyward Ascent
-----------
Shooting Star
-----------
Wing Buffet
-----------
Fury of the Aspects
-----------
Bombardments
-----------
Invigorating Healing Potion
	Eff: -259451,25538081676
