----------------------
00:00,082

Intellect
	 Rating: 140996
	 Multiplicative Factor: 8,15%
	 Eff: 140996
Stamina
	 Rating: 879789
	 Multiplicative Factor: 11,3%
	 Eff: 879789,0000000001
Crit
	 Rating: 18150
	 Multiplicative Factor: 0%
	 Eff: 21650,496976702292
	 DR Bracket: 0
	 Base: 5%
	 Effective Percent: 30,93%
	 Crit Inc Heal: 2
	 Crit Inc Damage: 2
Haste
	 Rating: 21896
	 Multiplicative Factor: 0%
	 Eff: 21686,728567240458
	 DR Bracket: 1
	 Base: 0%
	 Effective Percent: 32,86%
Vers
	 Rating: 12758
	 Multiplicative Factor: 0%
	 Eff: 15097,881706746599
	 DR Bracket: 0
	 Base: 3%
	 Effective Percent: 19,36%
Leech
	 Rating: 3060
	 Multiplicative Factor: 0%
	 Eff: 5099,99025
	 DR Bracket: 0
	 Base: 2%
	 Effective Percent: 5%
Avoidance
	 Rating: -0
	 Multiplicative Factor: 0%
	 Eff: -0,32846701212770313
	 DR Bracket: 0
	 Base: 0%
	 Effective Percent: -0%
Mastery
	 Rating: 11087
	 Multiplicative Factor: 0%
	 Eff: 18786,574475186444
	 DR Bracket: 0
	 Base: 19,8%
	 Effective Percent: 48,31%
----------------------
00:05,131

Intellect
	 Rating: 140996
	 Multiplicative Factor: 8,15%
	 Eff: 140996
Stamina
	 Rating: 879789
	 Multiplicative Factor: 11,3%
	 Eff: 879789,0000000001
Crit
	 Rating: 18150
	 Multiplicative Factor: 0%
	 Eff: 21650,496976702292
	 DR Bracket: 0
	 Base: 5%
	 Effective Percent: 30,93%
	 Crit Inc Heal: 2
	 Crit Inc Damage: 2
Haste
	 Rating: 21896
	 Multiplicative Factor: 0%
	 Eff: 21686,728567240458
	 DR Bracket: 1
	 Base: 0%
	 Effective Percent: 32,86%
Vers
	 Rating: 12758
	 Multiplicative Factor: 0%
	 Eff: 15097,881706746599
	 DR Bracket: 0
	 Base: 3%
	 Effective Percent: 19,36%
Leech
	 Rating: 3060
	 Multiplicative Factor: 0%
	 Eff: 5099,99025
	 DR Bracket: 0
	 Base: 2%
	 Effective Percent: 5%
Avoidance
	 Rating: -0
	 Multiplicative Factor: 0%
	 Eff: -0,32846701212770313
	 DR Bracket: 0
	 Base: 0%
	 Effective Percent: -0%
Mastery
	 Rating: 11087
	 Multiplicative Factor: 0%
	 Eff: 18786,574475186444
	 DR Bracket: 0
	 Base: 19,8%
	 Effective Percent: 48,31%
----------------------
00:10,246

Intellect
	 Rating: 140996
	 Multiplicative Factor: 8,15%
	 Eff: 140996
Stamina
	 Rating: 879789
	 Multiplicative Factor: 11,3%
	 Eff: 879789,0000000001
Crit
	 Rating: 18150
	 Multiplicative Factor: 0%
	 Eff: 21650,496976702292
	 DR Bracket: 0
	 Base: 5%
	 Effective Percent: 30,93%
	 Crit Inc Heal: 2
	 Crit Inc Damage: 2
Haste
	 Rating: 21896
	 Multiplicative Factor: 0%
	 Eff: 21686,728567240458
	 DR Bracket: 1
	 Base: 0%
	 Effective Percent: 32,86%
Vers
	 Rating: 12758
	 Multiplicative Factor: 0%
	 Eff: 15097,881706746599
	 DR Bracket: 0
	 Base: 3%
	 Effective Percent: 19,36%
Leech
	 Rating: 3060
	 Multiplicative Factor: 0%
	 Eff: 5099,99025
	 DR Bracket: 0
	 Base: 2%
	 Effective Percent: 5%
Avoidance
	 Rating: -0
	 Multiplicative Factor: 0%
	 Eff: -0,32846701212770313
	 DR Bracket: 0
	 Base: 0%
	 Effective Percent: -0%
Mastery
	 Rating: 11087
	 Multiplicative Factor: 0%
	 Eff: 18786,574475186444
	 DR Bracket: 0
	 Base: 19,8%
	 Effective Percent: 48,31%
----------------------
00:15,254

Intellect
	 Rating: 140996
	 Multiplicative Factor: 8,15%
	 Eff: 140996
Stamina
	 Rating: 879789
	 Multiplicative Factor: 11,3%
	 Eff: 879789,0000000001
Crit
	 Rating: 18150
	 Multiplicative Factor: 0%
	 Eff: 21650,496976702292
	 DR Bracket: 0
	 Base: 5%
	 Effective Percent: 30,93%
	 Crit Inc Heal: 2,6
	 Crit Inc Damage: 2
Haste
	 Rating: 21896
	 Multiplicative Factor: 0%
	 Eff: 21686,728567240458
	 DR Bracket: 1
	 Base: 0%
	 Effective Percent: 32,86%
Vers
	 Rating: 12758
	 Multiplicative Factor: 0%
	 Eff: 15097,881706746599
	 DR Bracket: 0
	 Base: 3%
	 Effective Percent: 19,36%
Leech
	 Rating: 3060
	 Multiplicative Factor: 0%
	 Eff: 5099,99025
	 DR Bracket: 0
	 Base: 2%
	 Effective Percent: 5%
Avoidance
	 Rating: -0
	 Multiplicative Factor: 0%
	 Eff: -0,32846701212770313
	 DR Bracket: 0
	 Base: 0%
	 Effective Percent: -0%
Mastery
	 Rating: 11087
	 Multiplicative Factor: 0%
	 Eff: 18786,574475186444
	 DR Bracket: 0
	 Base: 19,8%
	 Effective Percent: 48,31%
----------------------
00:20,254

Intellect
	 Rating: 140996
	 Multiplicative Factor: 8,15%
	 Eff: 140996
Stamina
	 Rating: 879789
	 Multiplicative Factor: 11,3%
	 Eff: 879789,0000000001
Crit
	 Rating: 18150
	 Multiplicative Factor: 0%
	 Eff: 21650,496976702292
	 DR Bracket: 0
	 Base: 5%
	 Effective Percent: 30,93%
	 Crit Inc Heal: 2,6
	 Crit Inc Damage: 2
Haste
	 Rating: 21896
	 Multiplicative Factor: 0%
	 Eff: 21686,728567240458
	 DR Bracket: 1
	 Base: 0%
	 Effective Percent: 32,86%
Vers
	 Rating: 12758
	 Multiplicative Factor: 0%
	 Eff: 15097,881706746599
	 DR Bracket: 0
	 Base: 3%
	 Effective Percent: 19,36%
Leech
	 Rating: 3060
	 Multiplicative Factor: 0%
	 Eff: 5099,99025
	 DR Bracket: 0
	 Base: 2%
	 Effective Percent: 5%
Avoidance
	 Rating: -0
	 Multiplicative Factor: 0%
	 Eff: -0,32846701212770313
	 DR Bracket: 0
	 Base: 0%
	 Effective Percent: -0%
Mastery
	 Rating: 11087
	 Multiplicative Factor: 0%
	 Eff: 18786,574475186444
	 DR Bracket: 0
	 Base: 19,8%
	 Effective Percent: 48,31%
----------------------
00:25,257

Intellect
	 Rating: 140996
	 Multiplicative Factor: 8,15%
	 Eff: 140996
Stamina
	 Rating: 879789
	 Multiplicative Factor: 11,3%
	 Eff: 879789,0000000001
Crit
	 Rating: 18150
	 Multiplicative Factor: 0%
	 Eff: 21650,496976702292
	 DR Bracket: 0
	 Base: 5%
	 Effective Percent: 30,93%
	 Crit Inc Heal: 2,6
	 Crit Inc Damage: 2
Haste
	 Rating: 21896
	 Multiplicative Factor: 0%
	 Eff: 21686,728567240458
	 DR Bracket: 1
	 Base: 0%
	 Effective Percent: 32,86%
Vers
	 Rating: 12758
	 Multiplicative Factor: 0%
	 Eff: 15097,881706746599
	 DR Bracket: 0
	 Base: 3%
	 Effective Percent: 19,36%
Leech
	 Rating: 3060
	 Multiplicative Factor: 0%
	 Eff: 5099,99025
	 DR Bracket: 0
	 Base: 2%
	 Effective Percent: 5%
Avoidance
	 Rating: -0
	 Multiplicative Factor: 0%
	 Eff: -0,32846701212770313
	 DR Bracket: 0
	 Base: 0%
	 Effective Percent: -0%
Mastery
	 Rating: 11087
	 Multiplicative Factor: 0%
	 Eff: 18786,574475186444
	 DR Bracket: 0
	 Base: 19,8%
	 Effective Percent: 48,31%
----------------------
00:30,263

Intellect
	 Rating: 140996
	 Multiplicative Factor: 8,15%
	 Eff: 140996
Stamina
	 Rating: 879789
	 Multiplicative Factor: 11,3%
	 Eff: 879789,0000000001
Crit
	 Rating: 18150
	 Multiplicative Factor: 0%
	 Eff: 21650,496976702292
	 DR Bracket: 0
	 Base: 5%
	 Effective Percent: 30,93%
	 Crit Inc Heal: 2
	 Crit Inc Damage: 2
Haste
	 Rating: 21896
	 Multiplicative Factor: 0%
	 Eff: 21686,728567240458
	 DR Bracket: 1
	 Base: 0%
	 Effective Percent: 32,86%
Vers
	 Rating: 12758
	 Multiplicative Factor: 0%
	 Eff: 15097,881706746599
	 DR Bracket: 0
	 Base: 3%
	 Effective Percent: 19,36%
Leech
	 Rating: 3060
	 Multiplicative Factor: 0%
	 Eff: 5099,99025
	 DR Bracket: 0
	 Base: 2%
	 Effective Percent: 5%
Avoidance
	 Rating: -0
	 Multiplicative Factor: 0%
	 Eff: -0,32846701212770313
	 DR Bracket: 0
	 Base: 0%
	 Effective Percent: -0%
Mastery
	 Rating: 11087
	 Multiplicative Factor: 0%
	 Eff: 18786,574475186444
	 DR Bracket: 0
	 Base: 19,8%
	 Effective Percent: 48,31%
----------------------
00:35,264

Intellect
	 Rating: 140996
	 Multiplicative Factor: 8,15%
	 Eff: 140996
Stamina
	 Rating: 879789
	 Multiplicative Factor: 11,3%
	 Eff: 879789,0000000001
Crit
	 Rating: 18150
	 Multiplicative Factor: 0%
	 Eff: 21650,496976702292
	 DR Bracket: 0
	 Base: 5%
	 Effective Percent: 30,93%
	 Crit Inc Heal: 2,6
	 Crit Inc Damage: 2
Haste
	 Rating: 21896
	 Multiplicative Factor: 0%
	 Eff: 21686,728567240458
	 DR Bracket: 1
	 Base: 0%
	 Effective Percent: 32,86%
Vers
	 Rating: 12758
	 Multiplicative Factor: 0%
	 Eff: 15097,881706746599
	 DR Bracket: 0
	 Base: 3%
	 Effective Percent: 19,36%
Leech
	 Rating: 3060
	 Multiplicative Factor: 0%
	 Eff: 5099,99025
	 DR Bracket: 0
	 Base: 2%
	 Effective Percent: 5%
Avoidance
	 Rating: -0
	 Multiplicative Factor: 0%
	 Eff: -0,32846701212770313
	 DR Bracket: 0
	 Base: 0%
	 Effective Percent: -0%
Mastery
	 Rating: 11087
	 Multiplicative Factor: 0%
	 Eff: 18786,574475186444
	 DR Bracket: 0
	 Base: 19,8%
	 Effective Percent: 48,31%
----------------------
00:40,346

Intellect
	 Rating: 140996
	 Multiplicative Factor: 8,15%
	 Eff: 140996
Stamina
	 Rating: 879789
	 Multiplicative Factor: 11,3%
	 Eff: 879789,0000000001
Crit
	 Rating: 18150
	 Multiplicative Factor: 0%
	 Eff: 21650,496976702292
	 DR Bracket: 0
	 Base: 5%
	 Effective Percent: 30,93%
	 Crit Inc Heal: 2,6
	 Crit Inc Damage: 2
Haste
	 Rating: 21896
	 Multiplicative Factor: 0%
	 Eff: 21686,728567240458
	 DR Bracket: 1
	 Base: 0%
	 Effective Percent: 32,86%
Vers
	 Rating: 12758
	 Multiplicative Factor: 0%
	 Eff: 15097,881706746599
	 DR Bracket: 0
	 Base: 3%
	 Effective Percent: 19,36%
Leech
	 Rating: 3060
	 Multiplicative Factor: 0%
	 Eff: 5099,99025
	 DR Bracket: 0
	 Base: 2%
	 Effective Percent: 5%
Avoidance
	 Rating: -0
	 Multiplicative Factor: 0%
	 Eff: -0,32846701212770313
	 DR Bracket: 0
	 Base: 0%
	 Effective Percent: -0%
Mastery
	 Rating: 11087
	 Multiplicative Factor: 0%
	 Eff: 18786,574475186444
	 DR Bracket: 0
	 Base: 19,8%
	 Effective Percent: 48,31%
----------------------
00:45,413

Intellect
	 Rating: 140996
	 Multiplicative Factor: 8,15%
	 Eff: 140996
Stamina
	 Rating: 879789
	 Multiplicative Factor: 11,3%
	 Eff: 879789,0000000001
Crit
	 Rating: 18150
	 Multiplicative Factor: 0%
	 Eff: 21650,496976702292
	 DR Bracket: 0
	 Base: 5%
	 Effective Percent: 30,93%
	 Crit Inc Heal: 2,6
	 Crit Inc Damage: 2
Haste
	 Rating: 21896
	 Multiplicative Factor: 0%
	 Eff: 21686,728567240458
	 DR Bracket: 1
	 Base: 0%
	 Effective Percent: 32,86%
Vers
	 Rating: 12758
	 Multiplicative Factor: 0%
	 Eff: 15097,881706746599
	 DR Bracket: 0
	 Base: 3%
	 Effective Percent: 19,36%
Leech
	 Rating: 3060
	 Multiplicative Factor: 0%
	 Eff: 5099,99025
	 DR Bracket: 0
	 Base: 2%
	 Effective Percent: 5%
Avoidance
	 Rating: -0
	 Multiplicative Factor: 0%
	 Eff: -0,32846701212770313
	 DR Bracket: 0
	 Base: 0%
	 Effective Percent: -0%
Mastery
	 Rating: 11087
	 Multiplicative Factor: 0%
	 Eff: 18786,574475186444
	 DR Bracket: 0
	 Base: 19,8%
	 Effective Percent: 48,31%
----------------------
00:50,423

Intellect
	 Rating: 140996
	 Multiplicative Factor: 8,15%
	 Eff: 140996
Stamina
	 Rating: 879789
	 Multiplicative Factor: 11,3%
	 Eff: 879789,0000000001
Crit
	 Rating: 18150
	 Multiplicative Factor: 0%
	 Eff: 21650,496976702292
	 DR Bracket: 0
	 Base: 5%
	 Effective Percent: 30,93%
	 Crit Inc Heal: 2,6
	 Crit Inc Damage: 2
Haste
	 Rating: 21896
	 Multiplicative Factor: 0%
	 Eff: 21686,728567240458
	 DR Bracket: 1
	 Base: 0%
	 Effective Percent: 32,86%
Vers
	 Rating: 12758
	 Multiplicative Factor: 0%
	 Eff: 15097,881706746599
	 DR Bracket: 0
	 Base: 3%
	 Effective Percent: 19,36%
Leech
	 Rating: 3060
	 Multiplicative Factor: 0%
	 Eff: 5099,99025
	 DR Bracket: 0
	 Base: 2%
	 Effective Percent: 5%
Avoidance
	 Rating: -0
	 Multiplicative Factor: 0%
	 Eff: -0,32846701212770313
	 DR Bracket: 0
	 Base: 0%
	 Effective Percent: -0%
Mastery
	 Rating: 11087
	 Multiplicative Factor: 0%
	 Eff: 18786,574475186444
	 DR Bracket: 0
	 Base: 19,8%
	 Effective Percent: 48,31%
----------------------
00:55,435

Intellect
	 Rating: 140996
	 Multiplicative Factor: 8,15%
	 Eff: 140996
Stamina
	 Rating: 879789
	 Multiplicative Factor: 11,3%
	 Eff: 879789,0000000001
Crit
	 Rating: 18150
	 Multiplicative Factor: 0%
	 Eff: 21650,496976702292
	 DR Bracket: 0
	 Base: 5%
	 Effective Percent: 30,93%
	 Crit Inc Heal: 2
	 Crit Inc Damage: 2
Haste
	 Rating: 21896
	 Multiplicative Factor: 0%
	 Eff: 21686,728567240458
	 DR Bracket: 1
	 Base: 0%
	 Effective Percent: 32,86%
Vers
	 Rating: 12758
	 Multiplicative Factor: 0%
	 Eff: 15097,881706746599
	 DR Bracket: 0
	 Base: 3%
	 Effective Percent: 19,36%
Leech
	 Rating: 3060
	 Multiplicative Factor: 0%
	 Eff: 5099,99025
	 DR Bracket: 0
	 Base: 2%
	 Effective Percent: 5%
Avoidance
	 Rating: -0
	 Multiplicative Factor: 0%
	 Eff: -0,32846701212770313
	 DR Bracket: 0
	 Base: 0%
	 Effective Percent: -0%
Mastery
	 Rating: 11087
	 Multiplicative Factor: 0%
	 Eff: 18786,574475186444
	 DR Bracket: 0
	 Base: 19,8%
	 Effective Percent: 48,31%
----------------------
01:00,503

Intellect
	 Rating: 140996
	 Multiplicative Factor: 8,15%
	 Eff: 140996
Stamina
	 Rating: 879789
	 Multiplicative Factor: 11,3%
	 Eff: 879789,0000000001
Crit
	 Rating: 18150
	 Multiplicative Factor: 0%
	 Eff: 21650,496976702292
	 DR Bracket: 0
	 Base: 5%
	 Effective Percent: 30,93%
	 Crit Inc Heal: 2,6
	 Crit Inc Damage: 2
Haste
	 Rating: 21896
	 Multiplicative Factor: 0%
	 Eff: 21686,728567240458
	 DR Bracket: 1
	 Base: 0%
	 Effective Percent: 32,86%
Vers
	 Rating: 12758
	 Multiplicative Factor: 0%
	 Eff: 15097,881706746599
	 DR Bracket: 0
	 Base: 3%
	 Effective Percent: 19,36%
Leech
	 Rating: 3060
	 Multiplicative Factor: 0%
	 Eff: 5099,99025
	 DR Bracket: 0
	 Base: 2%
	 Effective Percent: 5%
Avoidance
	 Rating: -0
	 Multiplicative Factor: 0%
	 Eff: -0,32846701212770313
	 DR Bracket: 0
	 Base: 0%
	 Effective Percent: -0%
Mastery
	 Rating: 11087
	 Multiplicative Factor: 0%
	 Eff: 18786,574475186444
	 DR Bracket: 0
	 Base: 19,8%
	 Effective Percent: 48,31%
----------------------
01:05,558

Intellect
	 Rating: 140996
	 Multiplicative Factor: 8,15%
	 Eff: 140996
Stamina
	 Rating: 879789
	 Multiplicative Factor: 11,3%
	 Eff: 879789,0000000001
Crit
	 Rating: 24135
	 Multiplicative Factor: 0%
	 Eff: 27321,83629382711
	 DR Bracket: 1
	 Base: 5%
	 Effective Percent: 39,03%
	 Crit Inc Heal: 2,6
	 Crit Inc Damage: 2
Haste
	 Rating: 21896
	 Multiplicative Factor: 0%
	 Eff: 21686,728567240458
	 DR Bracket: 1
	 Base: 0%
	 Effective Percent: 32,86%
Vers
	 Rating: 12758
	 Multiplicative Factor: 0%
	 Eff: 15097,881706746599
	 DR Bracket: 0
	 Base: 3%
	 Effective Percent: 19,36%
Leech
	 Rating: 3060
	 Multiplicative Factor: 0%
	 Eff: 5099,99025
	 DR Bracket: 0
	 Base: 2%
	 Effective Percent: 5%
Avoidance
	 Rating: -0
	 Multiplicative Factor: 0%
	 Eff: -0,32846701212770313
	 DR Bracket: 0
	 Base: 0%
	 Effective Percent: -0%
Mastery
	 Rating: 11087
	 Multiplicative Factor: 0%
	 Eff: 18786,574475186444
	 DR Bracket: 0
	 Base: 19,8%
	 Effective Percent: 48,31%
----------------------
01:10,692

Intellect
	 Rating: 140996
	 Multiplicative Factor: 8,15%
	 Eff: 140996
Stamina
	 Rating: 879789
	 Multiplicative Factor: 11,3%
	 Eff: 879789,0000000001
Crit
	 Rating: 24135
	 Multiplicative Factor: 0%
	 Eff: 27321,83629382711
	 DR Bracket: 1
	 Base: 5%
	 Effective Percent: 39,03%
	 Crit Inc Heal: 2,6
	 Crit Inc Damage: 2
Haste
	 Rating: 21896
	 Multiplicative Factor: 0%
	 Eff: 21686,728567240458
	 DR Bracket: 1
	 Base: 0%
	 Effective Percent: 32,86%
Vers
	 Rating: 12758
	 Multiplicative Factor: 0%
	 Eff: 15097,881706746599
	 DR Bracket: 0
	 Base: 3%
	 Effective Percent: 19,36%
Leech
	 Rating: 3060
	 Multiplicative Factor: 0%
	 Eff: 5099,99025
	 DR Bracket: 0
	 Base: 2%
	 Effective Percent: 5%
Avoidance
	 Rating: -0
	 Multiplicative Factor: 0%
	 Eff: -0,32846701212770313
	 DR Bracket: 0
	 Base: 0%
	 Effective Percent: -0%
Mastery
	 Rating: 11087
	 Multiplicative Factor: 0%
	 Eff: 18786,574475186444
	 DR Bracket: 0
	 Base: 19,8%
	 Effective Percent: 48,31%
----------------------
01:15,717

Intellect
	 Rating: 140996
	 Multiplicative Factor: 8,15%
	 Eff: 140996
Stamina
	 Rating: 879789
	 Multiplicative Factor: 11,3%
	 Eff: 879789,0000000001
Crit
	 Rating: 18150
	 Multiplicative Factor: 0%
	 Eff: 21650,496976702292
	 DR Bracket: 0
	 Base: 5%
	 Effective Percent: 30,93%
	 Crit Inc Heal: 2
	 Crit Inc Damage: 2
Haste
	 Rating: 21896
	 Multiplicative Factor: 0%
	 Eff: 21686,728567240458
	 DR Bracket: 1
	 Base: 0%
	 Effective Percent: 32,86%
Vers
	 Rating: 12758
	 Multiplicative Factor: 0%
	 Eff: 15097,881706746599
	 DR Bracket: 0
	 Base: 3%
	 Effective Percent: 19,36%
Leech
	 Rating: 3060
	 Multiplicative Factor: 0%
	 Eff: 5099,99025
	 DR Bracket: 0
	 Base: 2%
	 Effective Percent: 5%
Avoidance
	 Rating: -0
	 Multiplicative Factor: 0%
	 Eff: -0,32846701212770313
	 DR Bracket: 0
	 Base: 0%
	 Effective Percent: -0%
Mastery
	 Rating: 11087
	 Multiplicative Factor: 0%
	 Eff: 18786,574475186444
	 DR Bracket: 0
	 Base: 19,8%
	 Effective Percent: 48,31%
----------------------
01:20,757

Intellect
	 Rating: 140996
	 Multiplicative Factor: 8,15%
	 Eff: 140996
Stamina
	 Rating: 879789
	 Multiplicative Factor: 11,3%
	 Eff: 879789,0000000001
Crit
	 Rating: 18150
	 Multiplicative Factor: 0%
	 Eff: 21650,496976702292
	 DR Bracket: 0
	 Base: 5%
	 Effective Percent: 30,93%
	 Crit Inc Heal: 2,6
	 Crit Inc Damage: 2
Haste
	 Rating: 21896
	 Multiplicative Factor: 0%
	 Eff: 21686,728567240458
	 DR Bracket: 1
	 Base: 0%
	 Effective Percent: 32,86%
Vers
	 Rating: 12758
	 Multiplicative Factor: 0%
	 Eff: 15097,881706746599
	 DR Bracket: 0
	 Base: 3%
	 Effective Percent: 19,36%
Leech
	 Rating: 3060
	 Multiplicative Factor: 0%
	 Eff: 5099,99025
	 DR Bracket: 0
	 Base: 2%
	 Effective Percent: 5%
Avoidance
	 Rating: -0
	 Multiplicative Factor: 0%
	 Eff: -0,32846701212770313
	 DR Bracket: 0
	 Base: 0%
	 Effective Percent: -0%
Mastery
	 Rating: 11087
	 Multiplicative Factor: 0%
	 Eff: 18786,574475186444
	 DR Bracket: 0
	 Base: 19,8%
	 Effective Percent: 48,31%
----------------------
01:25,772

Intellect
	 Rating: 140996
	 Multiplicative Factor: 8,15%
	 Eff: 140996
Stamina
	 Rating: 879789
	 Multiplicative Factor: 11,3%
	 Eff: 879789,0000000001
Crit
	 Rating: 18150
	 Multiplicative Factor: 0%
	 Eff: 21650,496976702292
	 DR Bracket: 0
	 Base: 5%
	 Effective Percent: 30,93%
	 Crit Inc Heal: 2,6
	 Crit Inc Damage: 2
Haste
	 Rating: 21896
	 Multiplicative Factor: 0%
	 Eff: 21686,728567240458
	 DR Bracket: 1
	 Base: 0%
	 Effective Percent: 32,86%
Vers
	 Rating: 12758
	 Multiplicative Factor: 0%
	 Eff: 15097,881706746599
	 DR Bracket: 0
	 Base: 3%
	 Effective Percent: 19,36%
Leech
	 Rating: 3060
	 Multiplicative Factor: 0%
	 Eff: 5099,99025
	 DR Bracket: 0
	 Base: 2%
	 Effective Percent: 5%
Avoidance
	 Rating: -0
	 Multiplicative Factor: 0%
	 Eff: -0,32846701212770313
	 DR Bracket: 0
	 Base: 0%
	 Effective Percent: -0%
Mastery
	 Rating: 11087
	 Multiplicative Factor: 0%
	 Eff: 18786,574475186444
	 DR Bracket: 0
	 Base: 19,8%
	 Effective Percent: 48,31%
----------------------
01:30,928

Intellect
	 Rating: 140996
	 Multiplicative Factor: 8,15%
	 Eff: 140996
Stamina
	 Rating: 879789
	 Multiplicative Factor: 11,3%
	 Eff: 879789,0000000001
Crit
	 Rating: 18150
	 Multiplicative Factor: 0%
	 Eff: 21650,496976702292
	 DR Bracket: 0
	 Base: 5%
	 Effective Percent: 30,93%
	 Crit Inc Heal: 2,6
	 Crit Inc Damage: 2
Haste
	 Rating: 21896
	 Multiplicative Factor: 0%
	 Eff: 21686,728567240458
	 DR Bracket: 1
	 Base: 0%
	 Effective Percent: 32,86%
Vers
	 Rating: 12758
	 Multiplicative Factor: 0%
	 Eff: 15097,881706746599
	 DR Bracket: 0
	 Base: 3%
	 Effective Percent: 19,36%
Leech
	 Rating: 3060
	 Multiplicative Factor: 0%
	 Eff: 5099,99025
	 DR Bracket: 0
	 Base: 2%
	 Effective Percent: 5%
Avoidance
	 Rating: -0
	 Multiplicative Factor: 0%
	 Eff: -0,32846701212770313
	 DR Bracket: 0
	 Base: 0%
	 Effective Percent: -0%
Mastery
	 Rating: 11087
	 Multiplicative Factor: 0%
	 Eff: 18786,574475186444
	 DR Bracket: 0
	 Base: 19,8%
	 Effective Percent: 48,31%
----------------------
01:36,337

Intellect
	 Rating: 140996
	 Multiplicative Factor: 8,15%
	 Eff: 140996
Stamina
	 Rating: 879789
	 Multiplicative Factor: 11,3%
	 Eff: 879789,0000000001
Crit
	 Rating: 18150
	 Multiplicative Factor: 0%
	 Eff: 21650,496976702292
	 DR Bracket: 0
	 Base: 5%
	 Effective Percent: 30,93%
	 Crit Inc Heal: 2,6
	 Crit Inc Damage: 2
Haste
	 Rating: 21896
	 Multiplicative Factor: 0%
	 Eff: 21686,728567240458
	 DR Bracket: 1
	 Base: 0%
	 Effective Percent: 32,86%
Vers
	 Rating: 12758
	 Multiplicative Factor: 0%
	 Eff: 15097,881706746599
	 DR Bracket: 0
	 Base: 3%
	 Effective Percent: 19,36%
Leech
	 Rating: 3060
	 Multiplicative Factor: 0%
	 Eff: 5099,99025
	 DR Bracket: 0
	 Base: 2%
	 Effective Percent: 5%
Avoidance
	 Rating: -0
	 Multiplicative Factor: 0%
	 Eff: -0,32846701212770313
	 DR Bracket: 0
	 Base: 0%
	 Effective Percent: -0%
Mastery
	 Rating: 11087
	 Multiplicative Factor: 0%
	 Eff: 18786,574475186444
	 DR Bracket: 0
	 Base: 19,8%
	 Effective Percent: 48,31%
----------------------
01:41,374

Intellect
	 Rating: 140996
	 Multiplicative Factor: 8,15%
	 Eff: 140996
Stamina
	 Rating: 879789
	 Multiplicative Factor: 11,3%
	 Eff: 879789,0000000001
Crit
	 Rating: 18150
	 Multiplicative Factor: 0%
	 Eff: 21650,496976702292
	 DR Bracket: 0
	 Base: 5%
	 Effective Percent: 30,93%
	 Crit Inc Heal: 2
	 Crit Inc Damage: 2
Haste
	 Rating: 21896
	 Multiplicative Factor: 0%
	 Eff: 21686,728567240458
	 DR Bracket: 1
	 Base: 0%
	 Effective Percent: 32,86%
Vers
	 Rating: 12758
	 Multiplicative Factor: 0%
	 Eff: 15097,881706746599
	 DR Bracket: 0
	 Base: 3%
	 Effective Percent: 19,36%
Leech
	 Rating: 3060
	 Multiplicative Factor: 0%
	 Eff: 5099,99025
	 DR Bracket: 0
	 Base: 2%
	 Effective Percent: 5%
Avoidance
	 Rating: -0
	 Multiplicative Factor: 0%
	 Eff: -0,32846701212770313
	 DR Bracket: 0
	 Base: 0%
	 Effective Percent: -0%
Mastery
	 Rating: 11087
	 Multiplicative Factor: 0%
	 Eff: 18786,574475186444
	 DR Bracket: 0
	 Base: 19,8%
	 Effective Percent: 48,31%
----------------------
01:46,390

Intellect
	 Rating: 140996
	 Multiplicative Factor: 8,15%
	 Eff: 140996
Stamina
	 Rating: 879789
	 Multiplicative Factor: 11,3%
	 Eff: 879789,0000000001
Crit
	 Rating: 18150
	 Multiplicative Factor: 0%
	 Eff: 21650,496976702292
	 DR Bracket: 0
	 Base: 5%
	 Effective Percent: 30,93%
	 Crit Inc Heal: 2,6
	 Crit Inc Damage: 2
Haste
	 Rating: 21896
	 Multiplicative Factor: 0%
	 Eff: 21686,728567240458
	 DR Bracket: 1
	 Base: 0%
	 Effective Percent: 32,86%
Vers
	 Rating: 12758
	 Multiplicative Factor: 0%
	 Eff: 15097,881706746599
	 DR Bracket: 0
	 Base: 3%
	 Effective Percent: 19,36%
Leech
	 Rating: 3060
	 Multiplicative Factor: 0%
	 Eff: 5099,99025
	 DR Bracket: 0
	 Base: 2%
	 Effective Percent: 5%
Avoidance
	 Rating: -0
	 Multiplicative Factor: 0%
	 Eff: -0,32846701212770313
	 DR Bracket: 0
	 Base: 0%
	 Effective Percent: -0%
Mastery
	 Rating: 11087
	 Multiplicative Factor: 0%
	 Eff: 18786,574475186444
	 DR Bracket: 0
	 Base: 19,8%
	 Effective Percent: 48,31%
----------------------
01:51,451

Intellect
	 Rating: 140996
	 Multiplicative Factor: 8,15%
	 Eff: 140996
Stamina
	 Rating: 879789
	 Multiplicative Factor: 11,3%
	 Eff: 879789,0000000001
Crit
	 Rating: 18150
	 Multiplicative Factor: 0%
	 Eff: 21650,496976702292
	 DR Bracket: 0
	 Base: 5%
	 Effective Percent: 30,93%
	 Crit Inc Heal: 2,6
	 Crit Inc Damage: 2
Haste
	 Rating: 21896
	 Multiplicative Factor: 0%
	 Eff: 21686,728567240458
	 DR Bracket: 1
	 Base: 0%
	 Effective Percent: 32,86%
Vers
	 Rating: 12758
	 Multiplicative Factor: 0%
	 Eff: 15097,881706746599
	 DR Bracket: 0
	 Base: 3%
	 Effective Percent: 19,36%
Leech
	 Rating: 3060
	 Multiplicative Factor: 0%
	 Eff: 5099,99025
	 DR Bracket: 0
	 Base: 2%
	 Effective Percent: 5%
Avoidance
	 Rating: -0
	 Multiplicative Factor: 0%
	 Eff: -0,32846701212770313
	 DR Bracket: 0
	 Base: 0%
	 Effective Percent: -0%
Mastery
	 Rating: 11087
	 Multiplicative Factor: 0%
	 Eff: 18786,574475186444
	 DR Bracket: 0
	 Base: 19,8%
	 Effective Percent: 48,31%
----------------------
01:56,519

Intellect
	 Rating: 140996
	 Multiplicative Factor: 8,15%
	 Eff: 140996
Stamina
	 Rating: 879789
	 Multiplicative Factor: 11,3%
	 Eff: 879789,0000000001
Crit
	 Rating: 18150
	 Multiplicative Factor: 0%
	 Eff: 21650,496976702292
	 DR Bracket: 0
	 Base: 5%
	 Effective Percent: 30,93%
	 Crit Inc Heal: 2,6
	 Crit Inc Damage: 2
Haste
	 Rating: 21896
	 Multiplicative Factor: 0%
	 Eff: 21686,728567240458
	 DR Bracket: 1
	 Base: 0%
	 Effective Percent: 32,86%
Vers
	 Rating: 12758
	 Multiplicative Factor: 0%
	 Eff: 15097,881706746599
	 DR Bracket: 0
	 Base: 3%
	 Effective Percent: 19,36%
Leech
	 Rating: 3060
	 Multiplicative Factor: 0%
	 Eff: 5099,99025
	 DR Bracket: 0
	 Base: 2%
	 Effective Percent: 5%
Avoidance
	 Rating: -0
	 Multiplicative Factor: 0%
	 Eff: -0,32846701212770313
	 DR Bracket: 0
	 Base: 0%
	 Effective Percent: -0%
Mastery
	 Rating: 11087
	 Multiplicative Factor: 0%
	 Eff: 18786,574475186444
	 DR Bracket: 0
	 Base: 19,8%
	 Effective Percent: 48,31%
----------------------
02:01,621

Intellect
	 Rating: 140996
	 Multiplicative Factor: 8,15%
	 Eff: 140996
Stamina
	 Rating: 879789
	 Multiplicative Factor: 11,3%
	 Eff: 879789,0000000001
Crit
	 Rating: 18150
	 Multiplicative Factor: 0%
	 Eff: 21650,496976702292
	 DR Bracket: 0
	 Base: 5%
	 Effective Percent: 30,93%
	 Crit Inc Heal: 2,6
	 Crit Inc Damage: 2
Haste
	 Rating: 21896
	 Multiplicative Factor: 0%
	 Eff: 21686,728567240458
	 DR Bracket: 1
	 Base: 0%
	 Effective Percent: 32,86%
Vers
	 Rating: 12758
	 Multiplicative Factor: 0%
	 Eff: 15097,881706746599
	 DR Bracket: 0
	 Base: 3%
	 Effective Percent: 19,36%
Leech
	 Rating: 3060
	 Multiplicative Factor: 0%
	 Eff: 5099,99025
	 DR Bracket: 0
	 Base: 2%
	 Effective Percent: 5%
Avoidance
	 Rating: -0
	 Multiplicative Factor: 0%
	 Eff: -0,32846701212770313
	 DR Bracket: 0
	 Base: 0%
	 Effective Percent: -0%
Mastery
	 Rating: 11087
	 Multiplicative Factor: 0%
	 Eff: 18786,574475186444
	 DR Bracket: 0
	 Base: 19,8%
	 Effective Percent: 48,31%
----------------------
02:06,690

Intellect
	 Rating: 140996
	 Multiplicative Factor: 8,15%
	 Eff: 140996
Stamina
	 Rating: 879789
	 Multiplicative Factor: 11,3%
	 Eff: 879789,0000000001
Crit
	 Rating: 18150
	 Multiplicative Factor: 0%
	 Eff: 21650,496976702292
	 DR Bracket: 0
	 Base: 5%
	 Effective Percent: 30,93%
	 Crit Inc Heal: 2,6
	 Crit Inc Damage: 2
Haste
	 Rating: 21896
	 Multiplicative Factor: 0%
	 Eff: 21686,728567240458
	 DR Bracket: 1
	 Base: 0%
	 Effective Percent: 32,86%
Vers
	 Rating: 12758
	 Multiplicative Factor: 0%
	 Eff: 15097,881706746599
	 DR Bracket: 0
	 Base: 3%
	 Effective Percent: 19,36%
Leech
	 Rating: 3060
	 Multiplicative Factor: 0%
	 Eff: 5099,99025
	 DR Bracket: 0
	 Base: 2%
	 Effective Percent: 5%
Avoidance
	 Rating: -0
	 Multiplicative Factor: 0%
	 Eff: -0,32846701212770313
	 DR Bracket: 0
	 Base: 0%
	 Effective Percent: -0%
Mastery
	 Rating: 11087
	 Multiplicative Factor: 0%
	 Eff: 18786,574475186444
	 DR Bracket: 0
	 Base: 19,8%
	 Effective Percent: 48,31%
----------------------
02:11,837

Intellect
	 Rating: 140996
	 Multiplicative Factor: 8,15%
	 Eff: 140996
Stamina
	 Rating: 879789
	 Multiplicative Factor: 11,3%
	 Eff: 879789,0000000001
Crit
	 Rating: 18150
	 Multiplicative Factor: 0%
	 Eff: 21650,496976702292
	 DR Bracket: 0
	 Base: 5%
	 Effective Percent: 30,93%
	 Crit Inc Heal: 2,6
	 Crit Inc Damage: 2
Haste
	 Rating: 21896
	 Multiplicative Factor: 0%
	 Eff: 21686,728567240458
	 DR Bracket: 1
	 Base: 0%
	 Effective Percent: 32,86%
Vers
	 Rating: 12758
	 Multiplicative Factor: 0%
	 Eff: 15097,881706746599
	 DR Bracket: 0
	 Base: 3%
	 Effective Percent: 19,36%
Leech
	 Rating: 3060
	 Multiplicative Factor: 0%
	 Eff: 5099,99025
	 DR Bracket: 0
	 Base: 2%
	 Effective Percent: 5%
Avoidance
	 Rating: -0
	 Multiplicative Factor: 0%
	 Eff: -0,32846701212770313
	 DR Bracket: 0
	 Base: 0%
	 Effective Percent: -0%
Mastery
	 Rating: 11087
	 Multiplicative Factor: 0%
	 Eff: 18786,574475186444
	 DR Bracket: 0
	 Base: 19,8%
	 Effective Percent: 48,31%
----------------------
02:16,872

Intellect
	 Rating: 140996
	 Multiplicative Factor: 8,15%
	 Eff: 140996
Stamina
	 Rating: 879789
	 Multiplicative Factor: 11,3%
	 Eff: 879789,0000000001
Crit
	 Rating: 18150
	 Multiplicative Factor: 0%
	 Eff: 21650,496976702292
	 DR Bracket: 0
	 Base: 5%
	 Effective Percent: 30,93%
	 Crit Inc Heal: 2
	 Crit Inc Damage: 2
Haste
	 Rating: 21896
	 Multiplicative Factor: 0%
	 Eff: 21686,728567240458
	 DR Bracket: 1
	 Base: 0%
	 Effective Percent: 32,86%
Vers
	 Rating: 12758
	 Multiplicative Factor: 0%
	 Eff: 15097,881706746599
	 DR Bracket: 0
	 Base: 3%
	 Effective Percent: 19,36%
Leech
	 Rating: 3060
	 Multiplicative Factor: 0%
	 Eff: 5099,99025
	 DR Bracket: 0
	 Base: 2%
	 Effective Percent: 5%
Avoidance
	 Rating: -0
	 Multiplicative Factor: 0%
	 Eff: -0,32846701212770313
	 DR Bracket: 0
	 Base: 0%
	 Effective Percent: -0%
Mastery
	 Rating: 11087
	 Multiplicative Factor: 0%
	 Eff: 18786,574475186444
	 DR Bracket: 0
	 Base: 19,8%
	 Effective Percent: 48,31%
----------------------
02:22,241

Intellect
	 Rating: 140996
	 Multiplicative Factor: 8,15%
	 Eff: 140996
Stamina
	 Rating: 879789
	 Multiplicative Factor: 11,3%
	 Eff: 879789,0000000001
Crit
	 Rating: 30120
	 Multiplicative Factor: 0%
	 Eff: 32496,200274330804
	 DR Bracket: 2
	 Base: 5%
	 Effective Percent: 46,42%
	 Crit Inc Heal: 2,6
	 Crit Inc Damage: 2
Haste
	 Rating: 21896
	 Multiplicative Factor: 0%
	 Eff: 21686,728567240458
	 DR Bracket: 1
	 Base: 0%
	 Effective Percent: 32,86%
Vers
	 Rating: 12758
	 Multiplicative Factor: 0%
	 Eff: 15097,881706746599
	 DR Bracket: 0
	 Base: 3%
	 Effective Percent: 19,36%
Leech
	 Rating: 3060
	 Multiplicative Factor: 0%
	 Eff: 5099,99025
	 DR Bracket: 0
	 Base: 2%
	 Effective Percent: 5%
Avoidance
	 Rating: -0
	 Multiplicative Factor: 0%
	 Eff: -0,32846701212770313
	 DR Bracket: 0
	 Base: 0%
	 Effective Percent: -0%
Mastery
	 Rating: 11087
	 Multiplicative Factor: 0%
	 Eff: 18786,574475186444
	 DR Bracket: 0
	 Base: 19,8%
	 Effective Percent: 48,31%
----------------------
02:27,241

Intellect
	 Rating: 140996
	 Multiplicative Factor: 8,15%
	 Eff: 140996
Stamina
	 Rating: 879789
	 Multiplicative Factor: 11,3%
	 Eff: 879789,0000000001
Crit
	 Rating: 30120
	 Multiplicative Factor: 0%
	 Eff: 32496,200274330804
	 DR Bracket: 2
	 Base: 5%
	 Effective Percent: 46,42%
	 Crit Inc Heal: 2,6
	 Crit Inc Damage: 2
Haste
	 Rating: 21896
	 Multiplicative Factor: 0%
	 Eff: 21686,728567240458
	 DR Bracket: 1
	 Base: 0%
	 Effective Percent: 32,86%
Vers
	 Rating: 12758
	 Multiplicative Factor: 0%
	 Eff: 15097,881706746599
	 DR Bracket: 0
	 Base: 3%
	 Effective Percent: 19,36%
Leech
	 Rating: 3060
	 Multiplicative Factor: 0%
	 Eff: 5099,99025
	 DR Bracket: 0
	 Base: 2%
	 Effective Percent: 5%
Avoidance
	 Rating: -0
	 Multiplicative Factor: 0%
	 Eff: -0,32846701212770313
	 DR Bracket: 0
	 Base: 0%
	 Effective Percent: -0%
Mastery
	 Rating: 11087
	 Multiplicative Factor: 0%
	 Eff: 18786,574475186444
	 DR Bracket: 0
	 Base: 19,8%
	 Effective Percent: 48,31%
----------------------
02:32,258

Intellect
	 Rating: 140996
	 Multiplicative Factor: 8,15%
	 Eff: 140996
Stamina
	 Rating: 879789
	 Multiplicative Factor: 11,3%
	 Eff: 879789,0000000001
Crit
	 Rating: 18150
	 Multiplicative Factor: 0%
	 Eff: 21650,496976702292
	 DR Bracket: 0
	 Base: 5%
	 Effective Percent: 30,93%
	 Crit Inc Heal: 2,6
	 Crit Inc Damage: 2
Haste
	 Rating: 21896
	 Multiplicative Factor: 0%
	 Eff: 21686,728567240458
	 DR Bracket: 1
	 Base: 0%
	 Effective Percent: 32,86%
Vers
	 Rating: 12758
	 Multiplicative Factor: 0%
	 Eff: 15097,881706746599
	 DR Bracket: 0
	 Base: 3%
	 Effective Percent: 19,36%
Leech
	 Rating: 3060
	 Multiplicative Factor: 0%
	 Eff: 5099,99025
	 DR Bracket: 0
	 Base: 2%
	 Effective Percent: 5%
Avoidance
	 Rating: -0
	 Multiplicative Factor: 0%
	 Eff: -0,32846701212770313
	 DR Bracket: 0
	 Base: 0%
	 Effective Percent: -0%
Mastery
	 Rating: 11087
	 Multiplicative Factor: 0%
	 Eff: 18786,574475186444
	 DR Bracket: 0
	 Base: 19,8%
	 Effective Percent: 48,31%
----------------------
02:37,305

Intellect
	 Rating: 140996
	 Multiplicative Factor: 8,15%
	 Eff: 140996
Stamina
	 Rating: 879789
	 Multiplicative Factor: 11,3%
	 Eff: 879789,0000000001
Crit
	 Rating: 18150
	 Multiplicative Factor: 0%
	 Eff: 21650,496976702292
	 DR Bracket: 0
	 Base: 5%
	 Effective Percent: 30,93%
	 Crit Inc Heal: 2
	 Crit Inc Damage: 2
Haste
	 Rating: 21896
	 Multiplicative Factor: 0%
	 Eff: 21686,728567240458
	 DR Bracket: 1
	 Base: 0%
	 Effective Percent: 32,86%
Vers
	 Rating: 12758
	 Multiplicative Factor: 0%
	 Eff: 15097,881706746599
	 DR Bracket: 0
	 Base: 3%
	 Effective Percent: 19,36%
Leech
	 Rating: 3060
	 Multiplicative Factor: 0%
	 Eff: 5099,99025
	 DR Bracket: 0
	 Base: 2%
	 Effective Percent: 5%
Avoidance
	 Rating: -0
	 Multiplicative Factor: 0%
	 Eff: -0,32846701212770313
	 DR Bracket: 0
	 Base: 0%
	 Effective Percent: -0%
Mastery
	 Rating: 11087
	 Multiplicative Factor: 0%
	 Eff: 18786,574475186444
	 DR Bracket: 0
	 Base: 19,8%
	 Effective Percent: 48,31%
----------------------
02:42,502

Intellect
	 Rating: 140996
	 Multiplicative Factor: 8,15%
	 Eff: 140996
Stamina
	 Rating: 879789
	 Multiplicative Factor: 11,3%
	 Eff: 879789,0000000001
Crit
	 Rating: 18150
	 Multiplicative Factor: 0%
	 Eff: 21650,496976702292
	 DR Bracket: 0
	 Base: 5%
	 Effective Percent: 30,93%
	 Crit Inc Heal: 2
	 Crit Inc Damage: 2
Haste
	 Rating: 21896
	 Multiplicative Factor: 0%
	 Eff: 21686,728567240458
	 DR Bracket: 1
	 Base: 0%
	 Effective Percent: 32,86%
Vers
	 Rating: 12758
	 Multiplicative Factor: 0%
	 Eff: 15097,881706746599
	 DR Bracket: 0
	 Base: 3%
	 Effective Percent: 19,36%
Leech
	 Rating: 3060
	 Multiplicative Factor: 0%
	 Eff: 5099,99025
	 DR Bracket: 0
	 Base: 2%
	 Effective Percent: 5%
Avoidance
	 Rating: -0
	 Multiplicative Factor: 0%
	 Eff: -0,32846701212770313
	 DR Bracket: 0
	 Base: 0%
	 Effective Percent: -0%
Mastery
	 Rating: 11087
	 Multiplicative Factor: 0%
	 Eff: 18786,574475186444
	 DR Bracket: 0
	 Base: 19,8%
	 Effective Percent: 48,31%
----------------------
02:47,726

Intellect
	 Rating: 140996
	 Multiplicative Factor: 8,15%
	 Eff: 140996
Stamina
	 Rating: 879789
	 Multiplicative Factor: 11,3%
	 Eff: 879789,0000000001
Crit
	 Rating: 18150
	 Multiplicative Factor: 0%
	 Eff: 21650,496976702292
	 DR Bracket: 0
	 Base: 5%
	 Effective Percent: 30,93%
	 Crit Inc Heal: 2
	 Crit Inc Damage: 2
Haste
	 Rating: 21896
	 Multiplicative Factor: 0%
	 Eff: 21686,728567240458
	 DR Bracket: 1
	 Base: 0%
	 Effective Percent: 32,86%
Vers
	 Rating: 12758
	 Multiplicative Factor: 0%
	 Eff: 15097,881706746599
	 DR Bracket: 0
	 Base: 3%
	 Effective Percent: 19,36%
Leech
	 Rating: 3060
	 Multiplicative Factor: 0%
	 Eff: 5099,99025
	 DR Bracket: 0
	 Base: 2%
	 Effective Percent: 5%
Avoidance
	 Rating: -0
	 Multiplicative Factor: 0%
	 Eff: -0,32846701212770313
	 DR Bracket: 0
	 Base: 0%
	 Effective Percent: -0%
Mastery
	 Rating: 11087
	 Multiplicative Factor: 0%
	 Eff: 18786,574475186444
	 DR Bracket: 0
	 Base: 19,8%
	 Effective Percent: 48,31%
----------------------
02:53,312

Intellect
	 Rating: 140996
	 Multiplicative Factor: 8,15%
	 Eff: 140996
Stamina
	 Rating: 879789
	 Multiplicative Factor: 11,3%
	 Eff: 879789,0000000001
Crit
	 Rating: 18150
	 Multiplicative Factor: 0%
	 Eff: 21650,496976702292
	 DR Bracket: 0
	 Base: 5%
	 Effective Percent: 30,93%
	 Crit Inc Heal: 2
	 Crit Inc Damage: 2
Haste
	 Rating: 21896
	 Multiplicative Factor: 0%
	 Eff: 21686,728567240458
	 DR Bracket: 1
	 Base: 0%
	 Effective Percent: 32,86%
Vers
	 Rating: 12758
	 Multiplicative Factor: 0%
	 Eff: 15097,881706746599
	 DR Bracket: 0
	 Base: 3%
	 Effective Percent: 19,36%
Leech
	 Rating: 3060
	 Multiplicative Factor: 0%
	 Eff: 5099,99025
	 DR Bracket: 0
	 Base: 2%
	 Effective Percent: 5%
Avoidance
	 Rating: -0
	 Multiplicative Factor: 0%
	 Eff: -0,32846701212770313
	 DR Bracket: 0
	 Base: 0%
	 Effective Percent: -0%
Mastery
	 Rating: 11087
	 Multiplicative Factor: 0%
	 Eff: 18786,574475186444
	 DR Bracket: 0
	 Base: 19,8%
	 Effective Percent: 48,31%
----------------------
03:04,207

Intellect
	 Rating: 140996
	 Multiplicative Factor: 8,15%
	 Eff: 140996
Stamina
	 Rating: 879789
	 Multiplicative Factor: 11,3%
	 Eff: 879789,0000000001
Crit
	 Rating: 18150
	 Multiplicative Factor: 0%
	 Eff: 21650,496976702292
	 DR Bracket: 0
	 Base: 5%
	 Effective Percent: 30,93%
	 Crit Inc Heal: 2
	 Crit Inc Damage: 2
Haste
	 Rating: 21896
	 Multiplicative Factor: 0%
	 Eff: 21686,728567240458
	 DR Bracket: 1
	 Base: 0%
	 Effective Percent: 32,86%
Vers
	 Rating: 12758
	 Multiplicative Factor: 0%
	 Eff: 15097,881706746599
	 DR Bracket: 0
	 Base: 3%
	 Effective Percent: 19,36%
Leech
	 Rating: 3060
	 Multiplicative Factor: 0%
	 Eff: 5099,99025
	 DR Bracket: 0
	 Base: 2%
	 Effective Percent: 5%
Avoidance
	 Rating: -0
	 Multiplicative Factor: 0%
	 Eff: -0,32846701212770313
	 DR Bracket: 0
	 Base: 0%
	 Effective Percent: -0%
Mastery
	 Rating: 17733
	 Multiplicative Factor: 0%
	 Eff: 25432,574475186444
	 DR Bracket: 0
	 Base: 19,8%
	 Effective Percent: 65,4%
----------------------
03:09,267

Intellect
	 Rating: 140996
	 Multiplicative Factor: 8,15%
	 Eff: 140996
Stamina
	 Rating: 879789
	 Multiplicative Factor: 11,3%
	 Eff: 879789,0000000001
Crit
	 Rating: 18150
	 Multiplicative Factor: 0%
	 Eff: 21650,496976702292
	 DR Bracket: 0
	 Base: 5%
	 Effective Percent: 30,93%
	 Crit Inc Heal: 2
	 Crit Inc Damage: 2
Haste
	 Rating: 21896
	 Multiplicative Factor: 0%
	 Eff: 21686,728567240458
	 DR Bracket: 1
	 Base: 0%
	 Effective Percent: 32,86%
Vers
	 Rating: 12758
	 Multiplicative Factor: 0%
	 Eff: 15097,881706746599
	 DR Bracket: 0
	 Base: 3%
	 Effective Percent: 19,36%
Leech
	 Rating: 3060
	 Multiplicative Factor: 0%
	 Eff: 5099,99025
	 DR Bracket: 0
	 Base: 2%
	 Effective Percent: 5%
Avoidance
	 Rating: -0
	 Multiplicative Factor: 0%
	 Eff: -0,32846701212770313
	 DR Bracket: 0
	 Base: 0%
	 Effective Percent: -0%
Mastery
	 Rating: 17733
	 Multiplicative Factor: 0%
	 Eff: 25432,574475186444
	 DR Bracket: 0
	 Base: 19,8%
	 Effective Percent: 65,4%
----------------------
03:14,301

Intellect
	 Rating: 140996
	 Multiplicative Factor: 8,15%
	 Eff: 140996
Stamina
	 Rating: 879789
	 Multiplicative Factor: 11,3%
	 Eff: 879789,0000000001
Crit
	 Rating: 18150
	 Multiplicative Factor: 0%
	 Eff: 21650,496976702292
	 DR Bracket: 0
	 Base: 5%
	 Effective Percent: 30,93%
	 Crit Inc Heal: 2,6
	 Crit Inc Damage: 2
Haste
	 Rating: 21896
	 Multiplicative Factor: 0%
	 Eff: 21686,728567240458
	 DR Bracket: 1
	 Base: 0%
	 Effective Percent: 32,86%
Vers
	 Rating: 12758
	 Multiplicative Factor: 0%
	 Eff: 15097,881706746599
	 DR Bracket: 0
	 Base: 3%
	 Effective Percent: 19,36%
Leech
	 Rating: 3060
	 Multiplicative Factor: 0%
	 Eff: 5099,99025
	 DR Bracket: 0
	 Base: 2%
	 Effective Percent: 5%
Avoidance
	 Rating: -0
	 Multiplicative Factor: 0%
	 Eff: -0,32846701212770313
	 DR Bracket: 0
	 Base: 0%
	 Effective Percent: -0%
Mastery
	 Rating: 17733
	 Multiplicative Factor: 0%
	 Eff: 25432,574475186444
	 DR Bracket: 0
	 Base: 19,8%
	 Effective Percent: 65,4%
----------------------
03:19,389

Intellect
	 Rating: 140996
	 Multiplicative Factor: 8,15%
	 Eff: 140996
Stamina
	 Rating: 879789
	 Multiplicative Factor: 11,3%
	 Eff: 879789,0000000001
Crit
	 Rating: 24135
	 Multiplicative Factor: 0%
	 Eff: 27321,83629382711
	 DR Bracket: 1
	 Base: 5%
	 Effective Percent: 39,03%
	 Crit Inc Heal: 2,6
	 Crit Inc Damage: 2
Haste
	 Rating: 21896
	 Multiplicative Factor: 0%
	 Eff: 21686,728567240458
	 DR Bracket: 1
	 Base: 0%
	 Effective Percent: 32,86%
Vers
	 Rating: 12758
	 Multiplicative Factor: 0%
	 Eff: 15097,881706746599
	 DR Bracket: 0
	 Base: 3%
	 Effective Percent: 19,36%
Leech
	 Rating: 3060
	 Multiplicative Factor: 0%
	 Eff: 5099,99025
	 DR Bracket: 0
	 Base: 2%
	 Effective Percent: 5%
Avoidance
	 Rating: -0
	 Multiplicative Factor: 0%
	 Eff: -0,32846701212770313
	 DR Bracket: 0
	 Base: 0%
	 Effective Percent: -0%
Mastery
	 Rating: 17733
	 Multiplicative Factor: 0%
	 Eff: 25432,574475186444
	 DR Bracket: 0
	 Base: 19,8%
	 Effective Percent: 65,4%
----------------------
03:24,448

Intellect
	 Rating: 140996
	 Multiplicative Factor: 8,15%
	 Eff: 140996
Stamina
	 Rating: 879789
	 Multiplicative Factor: 11,3%
	 Eff: 879789,0000000001
Crit
	 Rating: 24135
	 Multiplicative Factor: 0%
	 Eff: 27321,83629382711
	 DR Bracket: 1
	 Base: 5%
	 Effective Percent: 39,03%
	 Crit Inc Heal: 2,6
	 Crit Inc Damage: 2
Haste
	 Rating: 21896
	 Multiplicative Factor: 0%
	 Eff: 21686,728567240458
	 DR Bracket: 1
	 Base: 0%
	 Effective Percent: 32,86%
Vers
	 Rating: 12758
	 Multiplicative Factor: 0%
	 Eff: 15097,881706746599
	 DR Bracket: 0
	 Base: 3%
	 Effective Percent: 19,36%
Leech
	 Rating: 3060
	 Multiplicative Factor: 0%
	 Eff: 5099,99025
	 DR Bracket: 0
	 Base: 2%
	 Effective Percent: 5%
Avoidance
	 Rating: -0
	 Multiplicative Factor: 0%
	 Eff: -0,32846701212770313
	 DR Bracket: 0
	 Base: 0%
	 Effective Percent: -0%
Mastery
	 Rating: 17733
	 Multiplicative Factor: 0%
	 Eff: 25432,574475186444
	 DR Bracket: 0
	 Base: 19,8%
	 Effective Percent: 65,4%
----------------------
03:29,449

Intellect
	 Rating: 140996
	 Multiplicative Factor: 8,15%
	 Eff: 140996
Stamina
	 Rating: 879789
	 Multiplicative Factor: 11,3%
	 Eff: 879789,0000000001
Crit
	 Rating: 18150
	 Multiplicative Factor: 0%
	 Eff: 21650,496976702292
	 DR Bracket: 0
	 Base: 5%
	 Effective Percent: 30,93%
	 Crit Inc Heal: 2,6
	 Crit Inc Damage: 2
Haste
	 Rating: 21896
	 Multiplicative Factor: 0%
	 Eff: 21686,728567240458
	 DR Bracket: 1
	 Base: 0%
	 Effective Percent: 32,86%
Vers
	 Rating: 12758
	 Multiplicative Factor: 0%
	 Eff: 15097,881706746599
	 DR Bracket: 0
	 Base: 3%
	 Effective Percent: 19,36%
Leech
	 Rating: 3060
	 Multiplicative Factor: 0%
	 Eff: 5099,99025
	 DR Bracket: 0
	 Base: 2%
	 Effective Percent: 5%
Avoidance
	 Rating: -0
	 Multiplicative Factor: 0%
	 Eff: -0,32846701212770313
	 DR Bracket: 0
	 Base: 0%
	 Effective Percent: -0%
Mastery
	 Rating: 17733
	 Multiplicative Factor: 0%
	 Eff: 25432,574475186444
	 DR Bracket: 0
	 Base: 19,8%
	 Effective Percent: 65,4%
----------------------
03:34,470

Intellect
	 Rating: 140996
	 Multiplicative Factor: 8,15%
	 Eff: 140996
Stamina
	 Rating: 879789
	 Multiplicative Factor: 11,3%
	 Eff: 879789,0000000001
Crit
	 Rating: 18150
	 Multiplicative Factor: 0%
	 Eff: 21650,496976702292
	 DR Bracket: 0
	 Base: 5%
	 Effective Percent: 30,93%
	 Crit Inc Heal: 2,6
	 Crit Inc Damage: 2
Haste
	 Rating: 21896
	 Multiplicative Factor: 0%
	 Eff: 21686,728567240458
	 DR Bracket: 1
	 Base: 0%
	 Effective Percent: 32,86%
Vers
	 Rating: 12758
	 Multiplicative Factor: 0%
	 Eff: 15097,881706746599
	 DR Bracket: 0
	 Base: 3%
	 Effective Percent: 19,36%
Leech
	 Rating: 3060
	 Multiplicative Factor: 0%
	 Eff: 5099,99025
	 DR Bracket: 0
	 Base: 2%
	 Effective Percent: 5%
Avoidance
	 Rating: -0
	 Multiplicative Factor: 0%
	 Eff: -0,32846701212770313
	 DR Bracket: 0
	 Base: 0%
	 Effective Percent: -0%
Mastery
	 Rating: 17733
	 Multiplicative Factor: 0%
	 Eff: 25432,574475186444
	 DR Bracket: 0
	 Base: 19,8%
	 Effective Percent: 65,4%
----------------------
03:39,499

Intellect
	 Rating: 140996
	 Multiplicative Factor: 8,15%
	 Eff: 140996
Stamina
	 Rating: 879789
	 Multiplicative Factor: 11,3%
	 Eff: 879789,0000000001
Crit
	 Rating: 18150
	 Multiplicative Factor: 0%
	 Eff: 21650,496976702292
	 DR Bracket: 0
	 Base: 5%
	 Effective Percent: 30,93%
	 Crit Inc Heal: 2,6
	 Crit Inc Damage: 2
Haste
	 Rating: 21896
	 Multiplicative Factor: 0%
	 Eff: 21686,728567240458
	 DR Bracket: 1
	 Base: 0%
	 Effective Percent: 32,86%
Vers
	 Rating: 12758
	 Multiplicative Factor: 0%
	 Eff: 15097,881706746599
	 DR Bracket: 0
	 Base: 3%
	 Effective Percent: 19,36%
Leech
	 Rating: 3060
	 Multiplicative Factor: 0%
	 Eff: 5099,99025
	 DR Bracket: 0
	 Base: 2%
	 Effective Percent: 5%
Avoidance
	 Rating: -0
	 Multiplicative Factor: 0%
	 Eff: -0,32846701212770313
	 DR Bracket: 0
	 Base: 0%
	 Effective Percent: -0%
Mastery
	 Rating: 17733
	 Multiplicative Factor: 0%
	 Eff: 25432,574475186444
	 DR Bracket: 0
	 Base: 19,8%
	 Effective Percent: 65,4%
----------------------
03:44,559

Intellect
	 Rating: 140996
	 Multiplicative Factor: 8,15%
	 Eff: 140996
Stamina
	 Rating: 879789
	 Multiplicative Factor: 11,3%
	 Eff: 879789,0000000001
Crit
	 Rating: 18150
	 Multiplicative Factor: 0%
	 Eff: 21650,496976702292
	 DR Bracket: 0
	 Base: 5%
	 Effective Percent: 30,93%
	 Crit Inc Heal: 2,6
	 Crit Inc Damage: 2
Haste
	 Rating: 21896
	 Multiplicative Factor: 0%
	 Eff: 21686,728567240458
	 DR Bracket: 1
	 Base: 0%
	 Effective Percent: 32,86%
Vers
	 Rating: 12758
	 Multiplicative Factor: 0%
	 Eff: 15097,881706746599
	 DR Bracket: 0
	 Base: 3%
	 Effective Percent: 19,36%
Leech
	 Rating: 3060
	 Multiplicative Factor: 0%
	 Eff: 5099,99025
	 DR Bracket: 0
	 Base: 2%
	 Effective Percent: 5%
Avoidance
	 Rating: -0
	 Multiplicative Factor: 0%
	 Eff: -0,32846701212770313
	 DR Bracket: 0
	 Base: 0%
	 Effective Percent: -0%
Mastery
	 Rating: 17733
	 Multiplicative Factor: 0%
	 Eff: 25432,574475186444
	 DR Bracket: 0
	 Base: 19,8%
	 Effective Percent: 65,4%
----------------------
03:49,590

Intellect
	 Rating: 140996
	 Multiplicative Factor: 8,15%
	 Eff: 140996
Stamina
	 Rating: 879789
	 Multiplicative Factor: 11,3%
	 Eff: 879789,0000000001
Crit
	 Rating: 24135
	 Multiplicative Factor: 0%
	 Eff: 27321,83629382711
	 DR Bracket: 1
	 Base: 5%
	 Effective Percent: 39,03%
	 Crit Inc Heal: 2,6
	 Crit Inc Damage: 2
Haste
	 Rating: 21896
	 Multiplicative Factor: 0%
	 Eff: 21686,728567240458
	 DR Bracket: 1
	 Base: 0%
	 Effective Percent: 32,86%
Vers
	 Rating: 12758
	 Multiplicative Factor: 0%
	 Eff: 15097,881706746599
	 DR Bracket: 0
	 Base: 3%
	 Effective Percent: 19,36%
Leech
	 Rating: 3060
	 Multiplicative Factor: 0%
	 Eff: 5099,99025
	 DR Bracket: 0
	 Base: 2%
	 Effective Percent: 5%
Avoidance
	 Rating: -0
	 Multiplicative Factor: 0%
	 Eff: -0,32846701212770313
	 DR Bracket: 0
	 Base: 0%
	 Effective Percent: -0%
Mastery
	 Rating: 17733
	 Multiplicative Factor: 0%
	 Eff: 25432,574475186444
	 DR Bracket: 0
	 Base: 19,8%
	 Effective Percent: 65,4%
----------------------
03:54,643

Intellect
	 Rating: 140996
	 Multiplicative Factor: 8,15%
	 Eff: 140996
Stamina
	 Rating: 879789
	 Multiplicative Factor: 11,3%
	 Eff: 879789,0000000001
Crit
	 Rating: 24135
	 Multiplicative Factor: 0%
	 Eff: 27321,83629382711
	 DR Bracket: 1
	 Base: 5%
	 Effective Percent: 39,03%
	 Crit Inc Heal: 2,6
	 Crit Inc Damage: 2
Haste
	 Rating: 21896
	 Multiplicative Factor: 0%
	 Eff: 21686,728567240458
	 DR Bracket: 1
	 Base: 0%
	 Effective Percent: 32,86%
Vers
	 Rating: 12758
	 Multiplicative Factor: 0%
	 Eff: 15097,881706746599
	 DR Bracket: 0
	 Base: 3%
	 Effective Percent: 19,36%
Leech
	 Rating: 3060
	 Multiplicative Factor: 0%
	 Eff: 5099,99025
	 DR Bracket: 0
	 Base: 2%
	 Effective Percent: 5%
Avoidance
	 Rating: -0
	 Multiplicative Factor: 0%
	 Eff: -0,32846701212770313
	 DR Bracket: 0
	 Base: 0%
	 Effective Percent: -0%
Mastery
	 Rating: 17733
	 Multiplicative Factor: 0%
	 Eff: 25432,574475186444
	 DR Bracket: 0
	 Base: 19,8%
	 Effective Percent: 65,4%
----------------------
03:59,659

Intellect
	 Rating: 140996
	 Multiplicative Factor: 8,15%
	 Eff: 140996
Stamina
	 Rating: 879789
	 Multiplicative Factor: 11,3%
	 Eff: 879789,0000000001
Crit
	 Rating: 18150
	 Multiplicative Factor: 0%
	 Eff: 21650,496976702292
	 DR Bracket: 0
	 Base: 5%
	 Effective Percent: 30,93%
	 Crit Inc Heal: 2
	 Crit Inc Damage: 2
Haste
	 Rating: 21896
	 Multiplicative Factor: 0%
	 Eff: 21686,728567240458
	 DR Bracket: 1
	 Base: 0%
	 Effective Percent: 32,86%
