-----------
EssenceRegenDummy
-----------
Azure Strike
-----------
Blessing of the Bronze
-----------
Cauterizing Flame
-----------
Chrono Flames
-----------
Chrono Flame
-----------
Consume Flame
	Eff: -18021442,042603377
-----------
Deep Breath
-----------
Disintegrate
-----------
Dream Breath
	Eff: -8323915,139904941
-----------
Dream Breath (Echo)
	Eff: 4135154,478894191
-----------
Dream Flight
	Eff: -9380351,548964249
-----------
Echo
	Eff: -2989052,9684547065
-----------
Emerald Blossom
-----------
Engulf
-----------
Enkindle
-----------
Expunge
-----------
Fire Breath
	Dmg: 5883023,810273285
-----------
Fluttering Seedlings
-----------
Golden Hour
	Eff: 7121140,246178057
-----------
Landslide
-----------
Lifebind
	Eff: 14288975,60528788
-----------
Life-Giver's Flame
-----------
Living Flame
	Eff: 300145,3550584754
	Dmg: 5619275,656596185
-----------
Naturalize
-----------
Oppressing Roar
-----------
Panacea
	Eff: -1211698,2512235572
-----------
Rewind
-----------
Renewing Blaze
-----------
Reversion
	Eff: 21768977,947078127
-----------
Reversion (Echo)
	Eff: 38320256,87521112
-----------
Sleep Walk
-----------
Source of Magic
-----------
Spatial Paradox
-----------
Spiritbloom
	Eff: -6588568,903591769
-----------
Spiritbloom (Echo)
	Eff: -5886941,331649357
-----------
Stasis
-----------
Tail Swipe
-----------
Temporal Anomaly
	Eff: -17015894,934023757
-----------
Time Spiral
-----------
Unravel
-----------
Verdant Embrace
	Eff: -8552962,443091074
-----------
Zephyr
-----------
Leech
	Eff: 2226009,9205214875
-----------
Blessing of Summer
-----------
Holy Bulwark
-----------
ZeroCIMDummy
-----------
Ethereal Reconstitution
	Eff: 7731734,368073248
-----------
Ethereal Guard
	Eff: 36199651,32203982
-----------
Stasis (Release)
-----------
Essence Bomb
-----------
Voidglass Barrier
	Eff: 2365697,6108254287
-----------
Tip the Scales
-----------
Algari Mana Potion
-----------
Hover
-----------
Glide
-----------
Rescue
-----------
Twin Guardian
-----------
Emerald Communion
-----------
Stasis (Store)
-----------
Obsidian Scales
-----------
Time Dilation
-----------
Take Off
-----------
Whirling Surge
-----------
Surge Forward
-----------
Skyward Ascent
-----------
Shooting Star
-----------
Wing Buffet
-----------
Fury of the Aspects
-----------
Bombardments
-----------
Invigorating Healing Potion
	Eff: 151709,69016471598
