-----------
EssenceRegenDummy
-----------
Azure Strike
-----------
Blessing of the Bronze
-----------
Cauterizing Flame
-----------
Chrono Flames
-----------
Chrono Flame
-----------
Consume Flame
	Eff: -16092975,913660953
-----------
Deep Breath
-----------
Disintegrate
-----------
Dream Breath
	Eff: -28523562,557651818
-----------
Dream Breath (Echo)
	Eff: -450027,4108640896
-----------
Dream Flight
	Eff: -14559581,770736253
-----------
Echo
	Eff: -3874635,2582396097
-----------
Emerald Blossom
-----------
Engulf
-----------
Enkindle
-----------
Expunge
-----------
Fire Breath
	Dmg: -1268239,3969767152
-----------
Fluttering Seedlings
-----------
Golden Hour
	Eff: 7121140,246178057
-----------
Landslide
-----------
Lifebind
	Eff: 9386147,71184264
-----------
Life-Giver's Flame
-----------
Living Flame
	Eff: 1086695,2291933661
	Dmg: 926644,1587111932
-----------
Naturalize
-----------
Oppressing Roar
-----------
Panacea
	Eff: -801190,049658192
-----------
Rewind
-----------
Renewing Blaze
-----------
Reversion
	Eff: -10119213,214987881
-----------
Reversion (Echo)
	Eff: -17741213,7115194
-----------
Sleep Walk
-----------
Source of Magic
-----------
Spatial Paradox
-----------
Spiritbloom
	Eff: -2813178,9901742954
-----------
Spiritbloom (Echo)
	Eff: 356899,90584013704
-----------
Stasis
-----------
Tail Swipe
-----------
Temporal Anomaly
	Eff: 35259550,84233619
-----------
Time Spiral
-----------
Unravel
-----------
Verdant Embrace
	Eff: -7863411,074741305
-----------
Zephyr
-----------
Leech
	Eff: -3110631,9337319587
-----------
Blessing of Summer
-----------
Holy Bulwark
-----------
ZeroCIMDummy
-----------
Ethereal Reconstitution
	Eff: -1270207,020622552
-----------
Ethereal Guard
	Eff: -6234102,668311392
-----------
Stasis (Release)
-----------
Essence Bomb
-----------
Voidglass Barrier
	Eff: 2365697,6108254287
-----------
Tip the Scales
-----------
Algari Mana Potion
-----------
Hover
-----------
Glide
-----------
Rescue
-----------
Twin Guardian
-----------
Emerald Communion
-----------
Stasis (Store)
-----------
Obsidian Scales
-----------
Time Dilation
-----------
Take Off
-----------
Whirling Surge
-----------
Surge Forward
-----------
Skyward Ascent
-----------
Shooting Star
-----------
Wing Buffet
-----------
Fury of the Aspects
-----------
Bombardments
-----------
Invigorating Healing Potion
	Eff: 151709,69016471598
