-----------
EssenceRegenDummy
-----------
Azure Strike
-----------
Blessing of the Bronze
-----------
Cauterizing Flame
-----------
Chrono Flames
-----------
Chrono Flame
-----------
Consume Flame
	Eff: -19634325,775132757
-----------
Deep Breath
-----------
Disintegrate
-----------
Dream Breath
	Eff: -10675372,542101543
-----------
Dream Breath (Echo)
	Eff: 3539596,51880671
-----------
Dream Flight
	Eff: -9747734,543740118
-----------
Echo
	Eff: -3485602,1207012795
-----------
Emerald Blossom
-----------
Engulf
-----------
Enkindle
-----------
Expunge
-----------
Fire Breath
	Dmg: 6000314,012533575
-----------
Fluttering Seedlings
-----------
Golden Hour
	Eff: 7122540,597133415
-----------
Landslide
-----------
Lifebind
	Eff: 12903316,899350611
-----------
Life-Giver's Flame
-----------
Living Flame
	Eff: 355782,0327248977
	Dmg: 5615642,226423129
-----------
Naturalize
-----------
Oppressing Roar
-----------
Panacea
	Eff: -1211447,51666976
-----------
Rewind
-----------
Renewing Blaze
-----------
Reversion
	Eff: 14932046,934418533
-----------
Reversion (Echo)
	Eff: 26219557,882063463
-----------
Sleep Walk
-----------
Source of Magic
-----------
Spatial Paradox
-----------
Spiritbloom
	Eff: -6165008,101473073
-----------
Spiritbloom (Echo)
	Eff: -5160337,096975185
-----------
Stasis
-----------
Tail Swipe
-----------
Temporal Anomaly
	Eff: 2917535,5047600553
-----------
Time Spiral
-----------
Unravel
-----------
Verdant Embrace
	Eff: -8753661,540535402
-----------
Zephyr
-----------
Leech
	Eff: 1437403,7129823668
-----------
Blessing of Summer
-----------
Holy Bulwark
-----------
ZeroCIMDummy
-----------
Ethereal Reconstitution
	Eff: 8113722,83039134
-----------
Ethereal Guard
	Eff: 37091262,4483033
-----------
Stasis (Release)
-----------
Essence Bomb
-----------
Voidglass Barrier
	Eff: 8775972,560541192
-----------
Tip the Scales
-----------
Algari Mana Potion
-----------
Hover
-----------
Glide
-----------
Rescue
-----------
Twin Guardian
-----------
Emerald Communion
-----------
Stasis (Store)
-----------
Obsidian Scales
-----------
Time Dilation
-----------
Take Off
-----------
Whirling Surge
-----------
Surge Forward
-----------
Skyward Ascent
-----------
Shooting Star
-----------
Wing Buffet
-----------
Fury of the Aspects
-----------
Bombardments
-----------
Invigorating Healing Potion
	Eff: 562793,8549547773
