-----------
EssenceRegenDummy
-----------
Azure Strike
-----------
Blessing of the Bronze
-----------
Cauterizing Flame
-----------
Chrono Flames
-----------
Chrono Flame
-----------
Consume Flame
	Eff: -4986197,683237638
-----------
Deep Breath
-----------
Disintegrate
-----------
Dream Breath
	Eff: 1119650,7382593884
-----------
Dream Breath (Echo)
	Eff: 4640073,977671367
-----------
Dream Flight
	Eff: -5893933,284651433
-----------
Echo
	Eff: -561479,1625811287
-----------
Emerald Blossom
-----------
Engulf
-----------
Enkindle
-----------
Expunge
-----------
Fire Breath
	Dmg: 3965362,683982849
-----------
Fluttering Seedlings
-----------
Golden Hour
	Eff: 7121140,246178057
-----------
Landslide
-----------
Lifebind
	Eff: 15850289,596200585
-----------
Life-Giver's Flame
-----------
Living Flame
	Eff: 609164,8569086343
	Dmg: 4435071,526277253
-----------
Naturalize
-----------
Oppressing Roar
-----------
Panacea
	Eff: -904896,5539087042
-----------
Rewind
-----------
Renewing Blaze
-----------
Reversion
	Eff: 23105032,584367543
-----------
Reversion (Echo)
	Eff: 41025821,45570659
-----------
Sleep Walk
-----------
Source of Magic
-----------
Spatial Paradox
-----------
Spiritbloom
	Eff: -5276757,547101568
-----------
Spiritbloom (Echo)
	Eff: -3682259,201428526
-----------
Stasis
-----------
Tail Swipe
-----------
Temporal Anomaly
	Eff: -23483772,748112988
-----------
Time Spiral
-----------
Unravel
-----------
Verdant Embrace
	Eff: -6287405,971065018
-----------
Zephyr
-----------
Leech
	Eff: 2877681,9805877935
-----------
Blessing of Summer
-----------
Holy Bulwark
-----------
ZeroCIMDummy
-----------
Ethereal Reconstitution
	Eff: 5070687,389513699
-----------
Ethereal Guard
	Eff: 25142038,946608964
-----------
Stasis (Release)
-----------
Essence Bomb
-----------
Voidglass Barrier
	Eff: -4045774,625956028
-----------
Tip the Scales
-----------
Algari Mana Potion
-----------
Hover
-----------
Glide
-----------
Rescue
-----------
Twin Guardian
-----------
Emerald Communion
-----------
Stasis (Store)
-----------
Obsidian Scales
-----------
Time Dilation
-----------
Take Off
-----------
Whirling Surge
-----------
Surge Forward
-----------
Skyward Ascent
-----------
Shooting Star
-----------
Wing Buffet
-----------
Fury of the Aspects
-----------
Bombardments
-----------
Invigorating Healing Potion
	Eff: -259451,25538081676
