-----------
EssenceRegenDummy
-----------
Azure Strike
-----------
Blessing of the Bronze
-----------
Cauterizing Flame
-----------
Chrono Flames
-----------
Chrono Flame
-----------
Consume Flame
	Eff: -838571,950753465
-----------
Deep Breath
-----------
Disintegrate
-----------
Dream Breath
	Eff: -473953,0188040103
-----------
Dream Breath (Echo)
	Eff: 3404242,952027293
-----------
Dream Flight
	Eff: -5212459,201502655
-----------
Echo
	Eff: -232209,03545419592
-----------
Emerald Blossom
-----------
Engulf
-----------
Enkindle
-----------
Expunge
-----------
Fire Breath
	Dmg: 2382322,2144221095
-----------
Fluttering Seedlings
-----------
Golden Hour
	Eff: 7119739,895222697
-----------
Landslide
-----------
Lifebind
	Eff: 13856753,856655326
-----------
Life-Giver's Flame
-----------
Living Flame
	Eff: 957023,2902329884
	Dmg: 3312096,9979305044
-----------
Naturalize
-----------
Oppressing Roar
-----------
Panacea
	Eff: -697557,7206075466
-----------
Rewind
-----------
Renewing Blaze
-----------
Reversion
	Eff: 9265448,348315358
-----------
Reversion (Echo)
	Eff: 16823774,860553615
-----------
Sleep Walk
-----------
Source of Magic
-----------
Spatial Paradox
-----------
Spiritbloom
	Eff: -3430658,943569785
-----------
Spiritbloom (Echo)
	Eff: -639550,3319335397
-----------
Stasis
-----------
Tail Swipe
-----------
Temporal Anomaly
	Eff: 10765062,514455141
-----------
Time Spiral
-----------
Unravel
-----------
Verdant Embrace
	Eff: -5430610,113565119
-----------
Zephyr
-----------
Leech
	Eff: 1316599,311137647
-----------
Blessing of Summer
-----------
Holy Bulwark
-----------
ZeroCIMDummy
-----------
Ethereal Reconstitution
	Eff: 3307042,7025160524
-----------
Ethereal Guard
	Eff: 15331649,571476819
-----------
Stasis (Release)
-----------
Essence Bomb
-----------
Voidglass Barrier
	Eff: 2365697,6108254287
-----------
Tip the Scales
-----------
Algari Mana Potion
-----------
Hover
-----------
Glide
-----------
Rescue
-----------
Twin Guardian
-----------
Emerald Communion
-----------
Stasis (Store)
-----------
Obsidian Scales
-----------
Time Dilation
-----------
Take Off
-----------
Whirling Surge
-----------
Surge Forward
-----------
Skyward Ascent
-----------
Shooting Star
-----------
Wing Buffet
-----------
Fury of the Aspects
-----------
Bombardments
-----------
Invigorating Healing Potion
	Eff: 151709,69016471598
