-----------
EssenceRegenDummy
-----------
Azure Strike
-----------
Blessing of the Bronze
-----------
Cauterizing Flame
-----------
Chrono Flames
-----------
Chrono Flame
-----------
Consume Flame
	Eff: -26795162,476584196
-----------
Deep Breath
-----------
Disintegrate
-----------
Dream Breath
	Eff: -19667510,20060976
-----------
Dream Breath (Echo)
	Eff: 2291252,0481037423
-----------
Dream Flight
	Eff: -12724482,079620792
-----------
Echo
	Eff: -5108612,478326605
-----------
Emerald Blossom
-----------
Engulf
-----------
Enkindle
-----------
Expunge
-----------
Fire Breath
	Dmg: 5812800,387636203
-----------
Fluttering Seedlings
-----------
Golden Hour
	Eff: 7121140,246178057
-----------
Landslide
-----------
Lifebind
	Eff: 10761782,889899468
-----------
Life-Giver's Flame
-----------
Living Flame
	Eff: 328422,6405135124
	Dmg: 5414203,126394628
-----------
Naturalize
-----------
Oppressing Roar
-----------
Panacea
	Eff: -1307339,6174711338
-----------
Rewind
-----------
Renewing Blaze
-----------
Reversion
	Eff: 6277459,170148645
-----------
Reversion (Echo)
	Eff: 10549293,688963408
-----------
Sleep Walk
-----------
Source of Magic
-----------
Spatial Paradox
-----------
Spiritbloom
	Eff: -6167382,149058857
-----------
Spiritbloom (Echo)
	Eff: -5094301,789969551
-----------
Stasis
-----------
Tail Swipe
-----------
Temporal Anomaly
	Eff: 22822269,477196496
-----------
Time Spiral
-----------
Unravel
-----------
Verdant Embrace
	Eff: -9848014,264021665
-----------
Zephyr
-----------
Leech
	Eff: -89781,99357533036
-----------
Blessing of Summer
-----------
Holy Bulwark
-----------
ZeroCIMDummy
-----------
Ethereal Reconstitution
	Eff: 8117142,918431515
-----------
Ethereal Guard
	Eff: 37432972,01967861
-----------
Stasis (Release)
-----------
Essence Bomb
-----------
Voidglass Barrier
	Eff: 15179437,137080736
-----------
Tip the Scales
-----------
Algari Mana Potion
-----------
Hover
-----------
Glide
-----------
Rescue
-----------
Twin Guardian
-----------
Emerald Communion
-----------
Stasis (Store)
-----------
Obsidian Scales
-----------
Time Dilation
-----------
Take Off
-----------
Whirling Surge
-----------
Surge Forward
-----------
Skyward Ascent
-----------
Shooting Star
-----------
Wing Buffet
-----------
Fury of the Aspects
-----------
Bombardments
-----------
Invigorating Healing Potion
	Eff: 973441,2777031921
