-----------
EssenceRegenDummy
-----------
Azure Strike
-----------
Blessing of the Bronze
-----------
Cauterizing Flame
-----------
Chrono Flames
-----------
Chrono Flame
-----------
Consume Flame
	Eff: -21357239,023713946
-----------
Deep Breath
-----------
Disintegrate
-----------
Dream Breath
	Eff: -27082434,66750396
-----------
Dream Breath (Echo)
	Eff: 48836,68900418154
-----------
Dream Flight
	Eff: -13560252,461460339
-----------
Echo
	Eff: -5018475,944650763
-----------
Emerald Blossom
-----------
Engulf
-----------
Enkindle
-----------
Expunge
-----------
Fire Breath
	Dmg: 1742237,4014705576
-----------
Fluttering Seedlings
-----------
Golden Hour
	Eff: 7121140,246178057
-----------
Landslide
-----------
Lifebind
	Eff: 8319958,027490906
-----------
Life-Giver's Flame
-----------
Living Flame
	Eff: 812424,5438475957
	Dmg: 2753898,4631328066
-----------
Naturalize
-----------
Oppressing Roar
-----------
Panacea
	Eff: -1011463,3671302747
-----------
Rewind
-----------
Renewing Blaze
-----------
Reversion
	Eff: -11826609,19179165
-----------
Reversion (Echo)
	Eff: -17878878,774944182
-----------
Sleep Walk
-----------
Source of Magic
-----------
Spatial Paradox
-----------
Spiritbloom
	Eff: -3606971,7971260436
-----------
Spiritbloom (Echo)
	Eff: -923813,8899562838
-----------
Stasis
-----------
Tail Swipe
-----------
Temporal Anomaly
	Eff: 53801143,69063386
-----------
Time Spiral
-----------
Unravel
-----------
Verdant Embrace
	Eff: -8864942,769192822
-----------
Zephyr
-----------
Leech
	Eff: -2703405,1499293917
-----------
Blessing of Summer
-----------
Holy Bulwark
-----------
ZeroCIMDummy
-----------
Ethereal Reconstitution
	Eff: 3013224,6262482135
-----------
Ethereal Guard
	Eff: 15865246,67429699
-----------
Stasis (Release)
-----------
Essence Bomb
-----------
Voidglass Barrier
	Eff: 15179437,137080736
-----------
Tip the Scales
-----------
Algari Mana Potion
-----------
Hover
-----------
Glide
-----------
Rescue
-----------
Twin Guardian
-----------
Emerald Communion
-----------
Stasis (Store)
-----------
Obsidian Scales
-----------
Time Dilation
-----------
Take Off
-----------
Whirling Surge
-----------
Surge Forward
-----------
Skyward Ascent
-----------
Shooting Star
-----------
Wing Buffet
-----------
Fury of the Aspects
-----------
Bombardments
-----------
Invigorating Healing Potion
	Eff: 973441,2777031921
