-----------
EssenceRegenDummy
-----------
Azure Strike
-----------
Blessing of the Bronze
-----------
Cauterizing Flame
-----------
Chrono Flames
-----------
Chrono Flame
-----------
Consume Flame
	Eff: -15392323,813735351
-----------
Deep Breath
-----------
Disintegrate
-----------
Dream Breath
	Eff: -24375267,356759418
-----------
Dream Breath (Echo)
	Eff: 77070,41050162134
-----------
Dream Flight
	Eff: -12619714,82114798
-----------
Echo
	Eff: -3803852,272206997
-----------
Emerald Blossom
-----------
Engulf
-----------
Enkindle
-----------
Expunge
-----------
Fire Breath
	Dmg: 238083,26462965363
-----------
Fluttering Seedlings
-----------
Golden Hour
	Eff: 7122540,597133415
-----------
Landslide
-----------
Lifebind
	Eff: 9261778,641826367
-----------
Life-Giver's Flame
-----------
Living Flame
	Eff: 1017869,5214842436
	Dmg: 1841272,996152901
-----------
Naturalize
-----------
Oppressing Roar
-----------
Panacea
	Eff: -837451,5040629455
-----------
Rewind
-----------
Renewing Blaze
-----------
Reversion
	Eff: -10136563,984818859
-----------
Reversion (Echo)
	Eff: -17075984,541759744
-----------
Sleep Walk
-----------
Source of Magic
-----------
Spatial Paradox
-----------
Spiritbloom
	Eff: -2869437,0998695707
-----------
Spiritbloom (Echo)
	Eff: 252328,44660100504
-----------
Stasis
-----------
Tail Swipe
-----------
Temporal Anomaly
	Eff: 45834352,05863369
-----------
Time Spiral
-----------
Unravel
-----------
Verdant Embrace
	Eff: -7825916,027185187
-----------
Zephyr
-----------
Leech
	Eff: -2584808,106654707
-----------
Blessing of Summer
-----------
Holy Bulwark
-----------
ZeroCIMDummy
-----------
Ethereal Reconstitution
	Eff: 873051,5364442936
-----------
Ethereal Guard
	Eff: 4823531,371152483
-----------
Stasis (Release)
-----------
Essence Bomb
-----------
Voidglass Barrier
	Eff: 8775972,560541192
-----------
Tip the Scales
-----------
Algari Mana Potion
-----------
Hover
-----------
Glide
-----------
Rescue
-----------
Twin Guardian
-----------
Emerald Communion
-----------
Stasis (Store)
-----------
Obsidian Scales
-----------
Time Dilation
-----------
Take Off
-----------
Whirling Surge
-----------
Surge Forward
-----------
Skyward Ascent
-----------
Shooting Star
-----------
Wing Buffet
-----------
Fury of the Aspects
-----------
Bombardments
-----------
Invigorating Healing Potion
	Eff: 562793,8549547773
