-----------
EssenceRegenDummy
-----------
Azure Strike
-----------
Blessing of the Bronze
-----------
Cauterizing Flame
-----------
Chrono Flames
-----------
Chrono Flame
-----------
Consume Flame
	Eff: -19676816,49503765
-----------
Deep Breath
-----------
Disintegrate
-----------
Dream Breath
	Eff: -18594939,35817519
-----------
Dream Breath (Echo)
	Eff: 1573362,2996848614
-----------
Dream Flight
	Eff: -11325548,737188991
-----------
Echo
	Eff: -4247765,768095811
-----------
Emerald Blossom
-----------
Engulf
-----------
Enkindle
-----------
Expunge
-----------
Fire Breath
	Dmg: 3777518,8945533796
-----------
Fluttering Seedlings
-----------
Golden Hour
	Eff: 7121140,246178057
-----------
Landslide
-----------
Lifebind
	Eff: 10019442,986315468
-----------
Life-Giver's Flame
-----------
Living Flame
	Eff: 633774,0152057058
	Dmg: 4084050,7947637164
-----------
Naturalize
-----------
Oppressing Roar
-----------
Panacea
	Eff: -1083308,1805744353
-----------
Rewind
-----------
Renewing Blaze
-----------
Reversion
	Eff: -1233802,7597861907
-----------
Reversion (Echo)
	Eff: -2847219,010662951
-----------
Sleep Walk
-----------
Source of Magic
-----------
Spatial Paradox
-----------
Spiritbloom
	Eff: -4534966,876699818
-----------
Spiritbloom (Echo)
	Eff: -2424504,776907664
-----------
Stasis
-----------
Tail Swipe
-----------
Temporal Anomaly
	Eff: 38752027,96668526
-----------
Time Spiral
-----------
Unravel
-----------
Verdant Embrace
	Eff: -8625939,928289903
-----------
Zephyr
-----------
Leech
	Eff: -949603,0775511889
-----------
Blessing of Summer
-----------
Holy Bulwark
-----------
ZeroCIMDummy
-----------
Ethereal Reconstitution
	Eff: 5565183,77233986
-----------
Ethereal Guard
	Eff: 26649109,34698779
-----------
Stasis (Release)
-----------
Essence Bomb
-----------
Voidglass Barrier
	Eff: 15179437,137080736
-----------
Tip the Scales
-----------
Algari Mana Potion
-----------
Hover
-----------
Glide
-----------
Rescue
-----------
Twin Guardian
-----------
Emerald Communion
-----------
Stasis (Store)
-----------
Obsidian Scales
-----------
Time Dilation
-----------
Take Off
-----------
Whirling Surge
-----------
Surge Forward
-----------
Skyward Ascent
-----------
Shooting Star
-----------
Wing Buffet
-----------
Fury of the Aspects
-----------
Bombardments
-----------
Invigorating Healing Potion
	Eff: 973441,2777031921
