-----------
EssenceRegenDummy
-----------
Azure Strike
-----------
Blessing of the Bronze
-----------
Cauterizing Flame
-----------
Chrono Flames
-----------
Chrono Flame
-----------
Consume Flame
	Eff: -3815671,5381526602
-----------
Deep Breath
-----------
Disintegrate
-----------
Dream Breath
	Eff: -10826081,974470496
-----------
Dream Breath (Echo)
	Eff: 2075312,296978113
-----------
Dream Flight
	Eff: -10321159,106143543
-----------
Echo
	Eff: -610009,8387179184
-----------
Emerald Blossom
-----------
Engulf
-----------
Enkindle
-----------
Expunge
-----------
Fire Breath
	Dmg: -1050007,5606704077
-----------
Fluttering Seedlings
-----------
Golden Hour
	Eff: 7121140,246178057
-----------
Landslide
-----------
Lifebind
	Eff: 14255160,278422043
-----------
Life-Giver's Flame
-----------
Living Flame
	Eff: 1089555,3349925792
	Dmg: 1209603,781039469
-----------
Naturalize
-----------
Oppressing Roar
-----------
Panacea
	Eff: -629197,3419708456
-----------
Rewind
-----------
Renewing Blaze
-----------
Reversion
	Eff: 7070554,941761561
-----------
Reversion (Echo)
	Eff: 12648966,815064196
-----------
Sleep Walk
-----------
Source of Magic
-----------
Spatial Paradox
-----------
Spiritbloom
	Eff: -3515214,6015336136
-----------
Spiritbloom (Echo)
	Eff: -628431,7823902539
-----------
Stasis
-----------
Tail Swipe
-----------
Temporal Anomaly
	Eff: -10621010,265767753
-----------
Time Spiral
-----------
Unravel
-----------
Verdant Embrace
	Eff: -5614013,922182501
-----------
Zephyr
-----------
Leech
	Eff: -70101,97246081573
-----------
Blessing of Summer
-----------
Holy Bulwark
-----------
ZeroCIMDummy
-----------
Ethereal Reconstitution
	Eff: -1505653,7667919365
-----------
Ethereal Guard
	Eff: -6781602,073791483
-----------
Stasis (Release)
-----------
Essence Bomb
-----------
Voidglass Barrier
	Eff: -10457246,862737484
-----------
Tip the Scales
-----------
Algari Mana Potion
-----------
Hover
-----------
Glide
-----------
Rescue
-----------
Twin Guardian
-----------
Emerald Communion
-----------
Stasis (Store)
-----------
Obsidian Scales
-----------
Time Dilation
-----------
Take Off
-----------
Whirling Surge
-----------
Surge Forward
-----------
Skyward Ascent
-----------
Shooting Star
-----------
Wing Buffet
-----------
Fury of the Aspects
-----------
Bombardments
-----------
Invigorating Healing Potion
	Eff: -670612,2009263495
