-----------
EssenceRegenDummy
-----------
Azure Strike
-----------
Blessing of the Bronze
-----------
Cauterizing Flame
-----------
Chrono Flames
-----------
Chrono Flame
-----------
Consume Flame
	Eff: -40631465,613230005
-----------
Deep Breath
-----------
Disintegrate
-----------
Dream Breath
	Eff: -36679199,75896781
-----------
Dream Breath (Echo)
	Eff: 293908,7884982823
-----------
Dream Flight
	Eff: -18860499,700448964
-----------
Echo
	Eff: -8101121,270991747
-----------
Emerald Blossom
-----------
Engulf
-----------
Enkindle
-----------
Expunge
-----------
Fire Breath
	Dmg: 5227705,871579481
-----------
Fluttering Seedlings
-----------
Golden Hour
	Eff: 7121140,246178057
-----------
Landslide
-----------
Lifebind
	Eff: 7849312,346726294
-----------
Life-Giver's Flame
-----------
Living Flame
	Eff: 190436,0547900173
	Dmg: 4968665,621454323
-----------
Naturalize
-----------
Oppressing Roar
-----------
Panacea
	Eff: -1523322,0484511522
-----------
Rewind
-----------
Renewing Blaze
-----------
Reversion
	Eff: -3904877,2812704826
-----------
Reversion (Echo)
	Eff: -7577159,765701909
-----------
Sleep Walk
-----------
Source of Magic
-----------
Spatial Paradox
-----------
Spiritbloom
	Eff: -6737402,864079477
-----------
Spiritbloom (Echo)
	Eff: -5919359,951787363
-----------
Stasis
-----------
Tail Swipe
-----------
Temporal Anomaly
	Eff: 40762321,724018306
-----------
Time Spiral
-----------
Unravel
-----------
Verdant Embrace
	Eff: -12051941,07870853
-----------
Zephyr
-----------
Leech
	Eff: -2432682,126954397
-----------
Blessing of Summer
-----------
Holy Bulwark
-----------
ZeroCIMDummy
-----------
Ethereal Reconstitution
	Eff: 7612601,559412078
-----------
Ethereal Guard
	Eff: 36600960,48487553
-----------
Stasis (Release)
-----------
Essence Bomb
-----------
Voidglass Barrier
	Eff: 20949762,15018406
-----------
Tip the Scales
-----------
Algari Mana Potion
-----------
Hover
-----------
Glide
-----------
Rescue
-----------
Twin Guardian
-----------
Emerald Communion
-----------
Stasis (Store)
-----------
Obsidian Scales
-----------
Time Dilation
-----------
Take Off
-----------
Whirling Surge
-----------
Surge Forward
-----------
Skyward Ascent
-----------
Shooting Star
-----------
Wing Buffet
-----------
Fury of the Aspects
-----------
Bombardments
-----------
Invigorating Healing Potion
	Eff: 1343486,128694171
