-----------
EssenceRegenDummy
-----------
Azure Strike
-----------
Blessing of the Bronze
-----------
Cauterizing Flame
-----------
Chrono Flames
-----------
Chrono Flame
-----------
Consume Flame
	Eff: -36290314,31225175
-----------
Deep Breath
-----------
Disintegrate
-----------
Dream Breath
	Eff: -39189964,567822106
-----------
Dream Breath (Echo)
	Eff: -767682,6209074905
-----------
Dream Flight
	Eff: -18625180,53575199
-----------
Echo
	Eff: -7851388,975101426
-----------
Emerald Blossom
-----------
Engulf
-----------
Enkindle
-----------
Expunge
-----------
Fire Breath
	Dmg: 3097925,140857915
-----------
Fluttering Seedlings
-----------
Golden Hour
	Eff: 7121140,246178057
-----------
Landslide
-----------
Lifebind
	Eff: 6574611,323727703
-----------
Life-Giver's Flame
-----------
Living Flame
	Eff: 456319,5586537728
	Dmg: 3576753,5864557363
-----------
Naturalize
-----------
Oppressing Roar
-----------
Panacea
	Eff: -1351637,3559633726
-----------
Rewind
-----------
Renewing Blaze
-----------
Reversion
	Eff: -12784854,592881678
-----------
Reversion (Echo)
	Eff: -21908853,765356302
-----------
Sleep Walk
-----------
Source of Magic
-----------
Spatial Paradox
-----------
Spiritbloom
	Eff: -5241777,515473482
-----------
Spiritbloom (Echo)
	Eff: -3498659,067564682
-----------
Stasis
-----------
Tail Swipe
-----------
Temporal Anomaly
	Eff: 57431707,649879985
-----------
Time Spiral
-----------
Unravel
-----------
Verdant Embrace
	Eff: -11317561,22238021
-----------
Zephyr
-----------
Leech
	Eff: -3666242,8478278765
-----------
Blessing of Summer
-----------
Holy Bulwark
-----------
ZeroCIMDummy
-----------
Ethereal Reconstitution
	Eff: 4942153,548458008
-----------
Ethereal Guard
	Eff: 25817097,812184755
-----------
Stasis (Release)
-----------
Essence Bomb
-----------
Voidglass Barrier
	Eff: 20949762,15018406
-----------
Tip the Scales
-----------
Algari Mana Potion
-----------
Hover
-----------
Glide
-----------
Rescue
-----------
Twin Guardian
-----------
Emerald Communion
-----------
Stasis (Store)
-----------
Obsidian Scales
-----------
Time Dilation
-----------
Take Off
-----------
Whirling Surge
-----------
Surge Forward
-----------
Skyward Ascent
-----------
Shooting Star
-----------
Wing Buffet
-----------
Fury of the Aspects
-----------
Bombardments
-----------
Invigorating Healing Potion
	Eff: 1343486,128694171
