-----------
EssenceRegenDummy
-----------
Azure Strike
-----------
Blessing of the Bronze
-----------
Cauterizing Flame
-----------
Chrono Flames
-----------
Chrono Flame
-----------
Consume Flame
	Eff: -4680643,247865204
-----------
Deep Breath
-----------
Disintegrate
-----------
Dream Breath
	Eff: -10266548,18387783
-----------
Dream Breath (Echo)
	Eff: 1832621,8272339643
-----------
Dream Flight
	Eff: -8334440,609541976
-----------
Echo
	Eff: -1277321,0214956622
-----------
Emerald Blossom
-----------
Engulf
-----------
Enkindle
-----------
Expunge
-----------
Fire Breath
	Dmg: 557194,5374707051
-----------
Fluttering Seedlings
-----------
Golden Hour
	Eff: 7121140,246178057
-----------
Landslide
-----------
Lifebind
	Eff: 12221726,143219532
-----------
Life-Giver's Flame
-----------
Living Flame
	Eff: 1092610,4575121775
	Dmg: 2119651,2254956453
-----------
Naturalize
-----------
Oppressing Roar
-----------
Panacea
	Eff: -670828,9262118883
-----------
Rewind
-----------
Renewing Blaze
-----------
Reversion
	Eff: 367940,3683870852
-----------
Reversion (Echo)
	Eff: 1140976,8943279388
-----------
Sleep Walk
-----------
Source of Magic
-----------
Spatial Paradox
-----------
Spiritbloom
	Eff: -2814931,453714012
-----------
Spiritbloom (Echo)
	Eff: 372259,2813110363
-----------
Stasis
-----------
Tail Swipe
-----------
Temporal Anomaly
	Eff: 23566607,230742376
-----------
Time Spiral
-----------
Unravel
-----------
Verdant Embrace
	Eff: -5991543,058579648
-----------
Zephyr
-----------
Leech
	Eff: -481481,3456549982
-----------
Blessing of Summer
-----------
Holy Bulwark
-----------
ZeroCIMDummy
-----------
Ethereal Reconstitution
	Eff: 1018632,5528867956
-----------
Ethereal Guard
	Eff: 4549760,004379411
-----------
Stasis (Release)
-----------
Essence Bomb
-----------
Voidglass Barrier
	Eff: 2365697,6108254287
-----------
Tip the Scales
-----------
Algari Mana Potion
-----------
Hover
-----------
Glide
-----------
Rescue
-----------
Twin Guardian
-----------
Emerald Communion
-----------
Stasis (Store)
-----------
Obsidian Scales
-----------
Time Dilation
-----------
Take Off
-----------
Whirling Surge
-----------
Surge Forward
-----------
Skyward Ascent
-----------
Shooting Star
-----------
Wing Buffet
-----------
Fury of the Aspects
-----------
Bombardments
-----------
Invigorating Healing Potion
	Eff: 151709,69016471598
