-----------
EssenceRegenDummy
-----------
Azure Strike
-----------
Blessing of the Bronze
-----------
Cauterizing Flame
-----------
Chrono Flames
-----------
Chrono Flame
-----------
Consume Flame
	Eff: 7310,025396801343
-----------
Deep Breath
-----------
Disintegrate
-----------
Dream Breath
	Eff: 8686,199533171193
-----------
Dream Breath (Echo)
	Eff: 791,7155174126841
-----------
Dream Flight
	Eff: 3428,671505516555
-----------
Echo
	Eff: 1478,9866996092685
-----------
Emerald Blossom
-----------
Engulf
-----------
Enkindle
-----------
Expunge
-----------
Fire Breath
	Dmg: 316,234685714684
-----------
Fluttering Seedlings
-----------
Golden Hour
-----------
Landslide
-----------
Lifebind
	Eff: 1035,1210100604285
-----------
Life-Giver's Flame
-----------
Living Flame
	Eff: 98,61952442140318
	Dmg: 184,0092071419349
-----------
Naturalize
-----------
Oppressing Roar
-----------
Panacea
	Eff: 137,8302484514014
-----------
Rewind
-----------
Renewing Blaze
-----------
Reversion
	Eff: 2818,7454061892754
-----------
Reversion (Echo)
	Eff: 5090,582253458416
-----------
Sleep Walk
-----------
Source of Magic
-----------
Spatial Paradox
-----------
Spiritbloom
	Eff: 580,3218390090032
-----------
Spiritbloom (Echo)
	Eff: 868,572510111997
-----------
Stasis
-----------
Tail Swipe
-----------
Temporal Anomaly
	Eff: -1,063472154783085E-08
-----------
Time Spiral
-----------
Unravel
-----------
Verdant Embrace
	Eff: 1257,6509592395478
-----------
Zephyr
-----------
Leech
	Eff: 982,9158040292878
-----------
Blessing of Summer
-----------
Holy Bulwark
-----------
ZeroCIMDummy
-----------
Ethereal Reconstitution
	Eff: 396,5141928840184
-----------
Ethereal Guard
	Eff: 2013,7932161879744
-----------
Stasis (Release)
-----------
Essence Bomb
-----------
Voidglass Barrier
-----------
Tip the Scales
-----------
Algari Mana Potion
-----------
Hover
-----------
Glide
-----------
Rescue
-----------
Twin Guardian
-----------
Emerald Communion
-----------
Stasis (Store)
-----------
Obsidian Scales
-----------
Time Dilation
-----------
Take Off
-----------
Whirling Surge
-----------
Surge Forward
-----------
Skyward Ascent
-----------
Shooting Star
-----------
Wing Buffet
-----------
Fury of the Aspects
-----------
Bombardments
-----------
Invigorating Healing Potion
