-----------
EssenceRegenDummy
-----------
Azure Strike
-----------
Blessing of the Bronze
-----------
Cauterizing Flame
-----------
Chrono Flames
-----------
Chrono Flame
-----------
Consume Flame
	Eff: 6956,004451857261
-----------
Deep Breath
-----------
Disintegrate
-----------
Dream Breath
	Eff: 6879,9051377004225
-----------
Dream Breath (Echo)
	Eff: 1702,1602212363414
-----------
Dream Flight
	Eff: 1672,582468983957
-----------
Echo
	Eff: 2732,89490539534
-----------
Emerald Blossom
-----------
Engulf
-----------
Enkindle
-----------
Expunge
-----------
Fire Breath
	Dmg: 330,35672000834893
-----------
Fluttering Seedlings
-----------
Golden Hour
	Eff: 1555,945505950761
-----------
Landslide
-----------
Lifebind
	Eff: 6070,825598648402
-----------
Life-Giver's Flame
-----------
Living Flame
	Eff: 152,75668395706452
	Dmg: 251,99570723960642
-----------
Naturalize
-----------
Oppressing Roar
-----------
Panacea
	Eff: -1,0477378964424133E-09
-----------
Rewind
-----------
Renewing Blaze
-----------
Reversion
	Eff: 2898,5658679774433
-----------
Reversion (Echo)
	Eff: 7177,218350733585
-----------
Sleep Walk
-----------
Source of Magic
-----------
Spatial Paradox
-----------
Spiritbloom
	Eff: -3,725290298461914E-09
-----------
Spiritbloom (Echo)
	Eff: 1822,1763235869366
-----------
Stasis
-----------
Tail Swipe
-----------
Temporal Anomaly
	Eff: 4374,472337836773
-----------
Time Spiral
-----------
Unravel
-----------
Verdant Embrace
	Eff: -6,6356733441352844E-09
-----------
Zephyr
-----------
Leech
	Eff: 1038,9503203015865
-----------
Blessing of Summer
-----------
Holy Bulwark
-----------
ZeroCIMDummy
-----------
Ethereal Reconstitution
	Eff: 463,6164962073526
-----------
Ethereal Guard
	Eff: 2145,8099867571855
-----------
Stasis (Release)
-----------
Essence Bomb
-----------
Voidglass Barrier
-----------
Tip the Scales
-----------
Algari Mana Potion
-----------
Hover
-----------
Glide
-----------
Rescue
-----------
Twin Guardian
-----------
Emerald Communion
-----------
Stasis (Store)
-----------
Obsidian Scales
-----------
Time Dilation
-----------
Take Off
-----------
Whirling Surge
-----------
Surge Forward
-----------
Skyward Ascent
-----------
Shooting Star
-----------
Wing Buffet
-----------
Fury of the Aspects
-----------
Bombardments
-----------
Invigorating Healing Potion
