-----------
EssenceRegenDummy
-----------
Azure Strike
-----------
Blessing of the Bronze
-----------
Cauterizing Flame
-----------
Chrono Flames
-----------
Chrono Flame
-----------
Consume Flame
	Eff: 4434,379575930189
-----------
Deep Breath
-----------
Disintegrate
-----------
Dream Breath
	Eff: 5106,664463017058
-----------
Dream Breath (Echo)
	Eff: 415,9708751422331
-----------
Dream Flight
	Eff: 2162,5432641986995
-----------
Echo
	Eff: 851,9499298294832
-----------
Emerald Blossom
-----------
Engulf
-----------
Enkindle
-----------
Expunge
-----------
Fire Breath
	Dmg: 210,598929618267
-----------
Fluttering Seedlings
-----------
Golden Hour
-----------
Landslide
-----------
Lifebind
	Eff: 430,2695215227759
-----------
Life-Giver's Flame
-----------
Living Flame
	Eff: 69,59877748473082
	Dmg: 114,81391649285797
-----------
Naturalize
-----------
Oppressing Roar
-----------
Panacea
	Eff: 86,75016660278197
-----------
Rewind
-----------
Renewing Blaze
-----------
Reversion
	Eff: 860,7227697890203
-----------
Reversion (Echo)
	Eff: 1597,7331721568287
-----------
Sleep Walk
-----------
Source of Magic
-----------
Spatial Paradox
-----------
Spiritbloom
	Eff: 453,516297131835
-----------
Spiritbloom (Echo)
	Eff: 673,0263032054863
-----------
Stasis
-----------
Tail Swipe
-----------
Temporal Anomaly
	Eff: 2788,680042502686
-----------
Time Spiral
-----------
Unravel
-----------
Verdant Embrace
	Eff: 749,5598170683079
-----------
Zephyr
-----------
Leech
	Eff: 493,50353957268635
-----------
Blessing of Summer
-----------
Holy Bulwark
-----------
ZeroCIMDummy
-----------
Ethereal Reconstitution
-----------
Ethereal Guard
-----------
Stasis (Release)
-----------
Essence Bomb
-----------
Voidglass Barrier
-----------
Tip the Scales
-----------
Algari Mana Potion
-----------
Hover
-----------
Glide
-----------
Rescue
-----------
Twin Guardian
-----------
Emerald Communion
-----------
Stasis (Store)
-----------
Obsidian Scales
-----------
Time Dilation
-----------
Take Off
-----------
Whirling Surge
-----------
Surge Forward
-----------
Skyward Ascent
-----------
Shooting Star
-----------
Wing Buffet
-----------
Fury of the Aspects
-----------
Bombardments
-----------
Invigorating Healing Potion
