----------------------
00:00,082

Intellect
	 Rating: 140996
	 Multiplicative Factor: 8,15%
	 Eff: 140996
Stamina
	 Rating: 879789
	 Multiplicative Factor: 11,3%
	 Eff: 879789,0000000001
Crit
	 Rating: 12085
	 Multiplicative Factor: 0%
	 Eff: 15585
	 DR Bracket: 0
	 Base: 5%
	 Effective Percent: 22,26%
	 Crit Inc Heal: 2
	 Crit Inc Damage: 2
Haste
	 Rating: 17110
	 Multiplicative Factor: 0%
	 Eff: 17109,999999999996
	 DR Bracket: 0
	 Base: 0%
	 Effective Percent: 25,92%
Vers
	 Rating: 10782
	 Multiplicative Factor: 0%
	 Eff: 13122
	 DR Bracket: 0
	 Base: 3%
	 Effective Percent: 16,82%
Leech
	 Rating: 3061
	 Multiplicative Factor: 0%
	 Eff: 5100,99025
	 DR Bracket: 0
	 Base: 2%
	 Effective Percent: 5%
Avoidance
	 Rating: 1224
	 Multiplicative Factor: 0%
	 Eff: 1224
	 DR Bracket: 0
	 Base: 0%
	 Effective Percent: 2,25%
Mastery
	 Rating: 23927
	 Multiplicative Factor: 0%
	 Eff: 31334,299999999996
	 DR Bracket: 1
	 Base: 19,8%
	 Effective Percent: 80,57%
----------------------
00:05,131

Intellect
	 Rating: 140996
	 Multiplicative Factor: 8,15%
	 Eff: 140996
Stamina
	 Rating: 879789
	 Multiplicative Factor: 11,3%
	 Eff: 879789,0000000001
Crit
	 Rating: 12085
	 Multiplicative Factor: 0%
	 Eff: 15585
	 DR Bracket: 0
	 Base: 5%
	 Effective Percent: 22,26%
	 Crit Inc Heal: 2
	 Crit Inc Damage: 2
Haste
	 Rating: 17110
	 Multiplicative Factor: 0%
	 Eff: 17109,999999999996
	 DR Bracket: 0
	 Base: 0%
	 Effective Percent: 25,92%
Vers
	 Rating: 10782
	 Multiplicative Factor: 0%
	 Eff: 13122
	 DR Bracket: 0
	 Base: 3%
	 Effective Percent: 16,82%
Leech
	 Rating: 3061
	 Multiplicative Factor: 0%
	 Eff: 5100,99025
	 DR Bracket: 0
	 Base: 2%
	 Effective Percent: 5%
Avoidance
	 Rating: 1224
	 Multiplicative Factor: 0%
	 Eff: 1224
	 DR Bracket: 0
	 Base: 0%
	 Effective Percent: 2,25%
Mastery
	 Rating: 23927
	 Multiplicative Factor: 0%
	 Eff: 31334,299999999996
	 DR Bracket: 1
	 Base: 19,8%
	 Effective Percent: 80,57%
----------------------
00:10,246

Intellect
	 Rating: 140996
	 Multiplicative Factor: 8,15%
	 Eff: 140996
Stamina
	 Rating: 879789
	 Multiplicative Factor: 11,3%
	 Eff: 879789,0000000001
Crit
	 Rating: 12085
	 Multiplicative Factor: 0%
	 Eff: 15585
	 DR Bracket: 0
	 Base: 5%
	 Effective Percent: 22,26%
	 Crit Inc Heal: 2
	 Crit Inc Damage: 2
Haste
	 Rating: 17110
	 Multiplicative Factor: 0%
	 Eff: 17109,999999999996
	 DR Bracket: 0
	 Base: 0%
	 Effective Percent: 25,92%
Vers
	 Rating: 10782
	 Multiplicative Factor: 0%
	 Eff: 13122
	 DR Bracket: 0
	 Base: 3%
	 Effective Percent: 16,82%
Leech
	 Rating: 3061
	 Multiplicative Factor: 0%
	 Eff: 5100,99025
	 DR Bracket: 0
	 Base: 2%
	 Effective Percent: 5%
Avoidance
	 Rating: 1224
	 Multiplicative Factor: 0%
	 Eff: 1224
	 DR Bracket: 0
	 Base: 0%
	 Effective Percent: 2,25%
Mastery
	 Rating: 23927
	 Multiplicative Factor: 0%
	 Eff: 31334,299999999996
	 DR Bracket: 1
	 Base: 19,8%
	 Effective Percent: 80,57%
----------------------
00:15,254

Intellect
	 Rating: 140996
	 Multiplicative Factor: 8,15%
	 Eff: 140996
Stamina
	 Rating: 879789
	 Multiplicative Factor: 11,3%
	 Eff: 879789,0000000001
Crit
	 Rating: 12085
	 Multiplicative Factor: 0%
	 Eff: 15585
	 DR Bracket: 0
	 Base: 5%
	 Effective Percent: 22,26%
	 Crit Inc Heal: 2,6
	 Crit Inc Damage: 2
Haste
	 Rating: 17110
	 Multiplicative Factor: 0%
	 Eff: 17109,999999999996
	 DR Bracket: 0
	 Base: 0%
	 Effective Percent: 25,92%
Vers
	 Rating: 10782
	 Multiplicative Factor: 0%
	 Eff: 13122
	 DR Bracket: 0
	 Base: 3%
	 Effective Percent: 16,82%
Leech
	 Rating: 3061
	 Multiplicative Factor: 0%
	 Eff: 5100,99025
	 DR Bracket: 0
	 Base: 2%
	 Effective Percent: 5%
Avoidance
	 Rating: 1224
	 Multiplicative Factor: 0%
	 Eff: 1224
	 DR Bracket: 0
	 Base: 0%
	 Effective Percent: 2,25%
Mastery
	 Rating: 23927
	 Multiplicative Factor: 0%
	 Eff: 31334,299999999996
	 DR Bracket: 1
	 Base: 19,8%
	 Effective Percent: 80,57%
----------------------
00:20,254

Intellect
	 Rating: 140996
	 Multiplicative Factor: 8,15%
	 Eff: 140996
Stamina
	 Rating: 879789
	 Multiplicative Factor: 11,3%
	 Eff: 879789,0000000001
Crit
	 Rating: 12085
	 Multiplicative Factor: 0%
	 Eff: 15585
	 DR Bracket: 0
	 Base: 5%
	 Effective Percent: 22,26%
	 Crit Inc Heal: 2,6
	 Crit Inc Damage: 2
Haste
	 Rating: 17110
	 Multiplicative Factor: 0%
	 Eff: 17109,999999999996
	 DR Bracket: 0
	 Base: 0%
	 Effective Percent: 25,92%
Vers
	 Rating: 10782
	 Multiplicative Factor: 0%
	 Eff: 13122
	 DR Bracket: 0
	 Base: 3%
	 Effective Percent: 16,82%
Leech
	 Rating: 3061
	 Multiplicative Factor: 0%
	 Eff: 5100,99025
	 DR Bracket: 0
	 Base: 2%
	 Effective Percent: 5%
Avoidance
	 Rating: 1224
	 Multiplicative Factor: 0%
	 Eff: 1224
	 DR Bracket: 0
	 Base: 0%
	 Effective Percent: 2,25%
Mastery
	 Rating: 23927
	 Multiplicative Factor: 0%
	 Eff: 31334,299999999996
	 DR Bracket: 1
	 Base: 19,8%
	 Effective Percent: 80,57%
----------------------
00:25,257

Intellect
	 Rating: 140996
	 Multiplicative Factor: 8,15%
	 Eff: 140996
Stamina
	 Rating: 879789
	 Multiplicative Factor: 11,3%
	 Eff: 879789,0000000001
Crit
	 Rating: 12085
	 Multiplicative Factor: 0%
	 Eff: 15585
	 DR Bracket: 0
	 Base: 5%
	 Effective Percent: 22,26%
	 Crit Inc Heal: 2,6
	 Crit Inc Damage: 2
Haste
	 Rating: 17110
	 Multiplicative Factor: 0%
	 Eff: 17109,999999999996
	 DR Bracket: 0
	 Base: 0%
	 Effective Percent: 25,92%
Vers
	 Rating: 10782
	 Multiplicative Factor: 0%
	 Eff: 13122
	 DR Bracket: 0
	 Base: 3%
	 Effective Percent: 16,82%
Leech
	 Rating: 3061
	 Multiplicative Factor: 0%
	 Eff: 5100,99025
	 DR Bracket: 0
	 Base: 2%
	 Effective Percent: 5%
Avoidance
	 Rating: 1224
	 Multiplicative Factor: 0%
	 Eff: 1224
	 DR Bracket: 0
	 Base: 0%
	 Effective Percent: 2,25%
Mastery
	 Rating: 23927
	 Multiplicative Factor: 0%
	 Eff: 31334,299999999996
	 DR Bracket: 1
	 Base: 19,8%
	 Effective Percent: 80,57%
----------------------
00:30,263

Intellect
	 Rating: 140996
	 Multiplicative Factor: 8,15%
	 Eff: 140996
Stamina
	 Rating: 879789
	 Multiplicative Factor: 11,3%
	 Eff: 879789,0000000001
Crit
	 Rating: 12085
	 Multiplicative Factor: 0%
	 Eff: 15585
	 DR Bracket: 0
	 Base: 5%
	 Effective Percent: 22,26%
	 Crit Inc Heal: 2
	 Crit Inc Damage: 2
Haste
	 Rating: 17110
	 Multiplicative Factor: 0%
	 Eff: 17109,999999999996
	 DR Bracket: 0
	 Base: 0%
	 Effective Percent: 25,92%
Vers
	 Rating: 10782
	 Multiplicative Factor: 0%
	 Eff: 13122
	 DR Bracket: 0
	 Base: 3%
	 Effective Percent: 16,82%
Leech
	 Rating: 3061
	 Multiplicative Factor: 0%
	 Eff: 5100,99025
	 DR Bracket: 0
	 Base: 2%
	 Effective Percent: 5%
Avoidance
	 Rating: 1224
	 Multiplicative Factor: 0%
	 Eff: 1224
	 DR Bracket: 0
	 Base: 0%
	 Effective Percent: 2,25%
Mastery
	 Rating: 23927
	 Multiplicative Factor: 0%
	 Eff: 31334,299999999996
	 DR Bracket: 1
	 Base: 19,8%
	 Effective Percent: 80,57%
----------------------
00:35,264

Intellect
	 Rating: 140996
	 Multiplicative Factor: 8,15%
	 Eff: 140996
Stamina
	 Rating: 879789
	 Multiplicative Factor: 11,3%
	 Eff: 879789,0000000001
Crit
	 Rating: 12085
	 Multiplicative Factor: 0%
	 Eff: 15585
	 DR Bracket: 0
	 Base: 5%
	 Effective Percent: 22,26%
	 Crit Inc Heal: 2,6
	 Crit Inc Damage: 2
Haste
	 Rating: 17110
	 Multiplicative Factor: 0%
	 Eff: 17109,999999999996
	 DR Bracket: 0
	 Base: 0%
	 Effective Percent: 25,92%
Vers
	 Rating: 10782
	 Multiplicative Factor: 0%
	 Eff: 13122
	 DR Bracket: 0
	 Base: 3%
	 Effective Percent: 16,82%
Leech
	 Rating: 3061
	 Multiplicative Factor: 0%
	 Eff: 5100,99025
	 DR Bracket: 0
	 Base: 2%
	 Effective Percent: 5%
Avoidance
	 Rating: 1224
	 Multiplicative Factor: 0%
	 Eff: 1224
	 DR Bracket: 0
	 Base: 0%
	 Effective Percent: 2,25%
Mastery
	 Rating: 23927
	 Multiplicative Factor: 0%
	 Eff: 31334,299999999996
	 DR Bracket: 1
	 Base: 19,8%
	 Effective Percent: 80,57%
----------------------
00:40,346

Intellect
	 Rating: 140996
	 Multiplicative Factor: 8,15%
	 Eff: 140996
Stamina
	 Rating: 879789
	 Multiplicative Factor: 11,3%
	 Eff: 879789,0000000001
Crit
	 Rating: 12085
	 Multiplicative Factor: 0%
	 Eff: 15585
	 DR Bracket: 0
	 Base: 5%
	 Effective Percent: 22,26%
	 Crit Inc Heal: 2,6
	 Crit Inc Damage: 2
Haste
	 Rating: 17110
	 Multiplicative Factor: 0%
	 Eff: 17109,999999999996
	 DR Bracket: 0
	 Base: 0%
	 Effective Percent: 25,92%
Vers
	 Rating: 10782
	 Multiplicative Factor: 0%
	 Eff: 13122
	 DR Bracket: 0
	 Base: 3%
	 Effective Percent: 16,82%
Leech
	 Rating: 3061
	 Multiplicative Factor: 0%
	 Eff: 5100,99025
	 DR Bracket: 0
	 Base: 2%
	 Effective Percent: 5%
Avoidance
	 Rating: 1224
	 Multiplicative Factor: 0%
	 Eff: 1224
	 DR Bracket: 0
	 Base: 0%
	 Effective Percent: 2,25%
Mastery
	 Rating: 23927
	 Multiplicative Factor: 0%
	 Eff: 31334,299999999996
	 DR Bracket: 1
	 Base: 19,8%
	 Effective Percent: 80,57%
----------------------
00:45,413

Intellect
	 Rating: 140996
	 Multiplicative Factor: 8,15%
	 Eff: 140996
Stamina
	 Rating: 879789
	 Multiplicative Factor: 11,3%
	 Eff: 879789,0000000001
Crit
	 Rating: 12085
	 Multiplicative Factor: 0%
	 Eff: 15585
	 DR Bracket: 0
	 Base: 5%
	 Effective Percent: 22,26%
	 Crit Inc Heal: 2,6
	 Crit Inc Damage: 2
Haste
	 Rating: 17110
	 Multiplicative Factor: 0%
	 Eff: 17109,999999999996
	 DR Bracket: 0
	 Base: 0%
	 Effective Percent: 25,92%
Vers
	 Rating: 10782
	 Multiplicative Factor: 0%
	 Eff: 13122
	 DR Bracket: 0
	 Base: 3%
	 Effective Percent: 16,82%
Leech
	 Rating: 3061
	 Multiplicative Factor: 0%
	 Eff: 5100,99025
	 DR Bracket: 0
	 Base: 2%
	 Effective Percent: 5%
Avoidance
	 Rating: 1224
	 Multiplicative Factor: 0%
	 Eff: 1224
	 DR Bracket: 0
	 Base: 0%
	 Effective Percent: 2,25%
Mastery
	 Rating: 23927
	 Multiplicative Factor: 0%
	 Eff: 31334,299999999996
	 DR Bracket: 1
	 Base: 19,8%
	 Effective Percent: 80,57%
----------------------
00:50,423

Intellect
	 Rating: 140996
	 Multiplicative Factor: 8,15%
	 Eff: 140996
Stamina
	 Rating: 879789
	 Multiplicative Factor: 11,3%
	 Eff: 879789,0000000001
Crit
	 Rating: 12085
	 Multiplicative Factor: 0%
	 Eff: 15585
	 DR Bracket: 0
	 Base: 5%
	 Effective Percent: 22,26%
	 Crit Inc Heal: 2,6
	 Crit Inc Damage: 2
Haste
	 Rating: 17110
	 Multiplicative Factor: 0%
	 Eff: 17109,999999999996
	 DR Bracket: 0
	 Base: 0%
	 Effective Percent: 25,92%
Vers
	 Rating: 10782
	 Multiplicative Factor: 0%
	 Eff: 13122
	 DR Bracket: 0
	 Base: 3%
	 Effective Percent: 16,82%
Leech
	 Rating: 3061
	 Multiplicative Factor: 0%
	 Eff: 5100,99025
	 DR Bracket: 0
	 Base: 2%
	 Effective Percent: 5%
Avoidance
	 Rating: 1224
	 Multiplicative Factor: 0%
	 Eff: 1224
	 DR Bracket: 0
	 Base: 0%
	 Effective Percent: 2,25%
Mastery
	 Rating: 23927
	 Multiplicative Factor: 0%
	 Eff: 31334,299999999996
	 DR Bracket: 1
	 Base: 19,8%
	 Effective Percent: 80,57%
----------------------
00:55,435

Intellect
	 Rating: 140996
	 Multiplicative Factor: 8,15%
	 Eff: 140996
Stamina
	 Rating: 879789
	 Multiplicative Factor: 11,3%
	 Eff: 879789,0000000001
Crit
	 Rating: 12085
	 Multiplicative Factor: 0%
	 Eff: 15585
	 DR Bracket: 0
	 Base: 5%
	 Effective Percent: 22,26%
	 Crit Inc Heal: 2
	 Crit Inc Damage: 2
Haste
	 Rating: 17110
	 Multiplicative Factor: 0%
	 Eff: 17109,999999999996
	 DR Bracket: 0
	 Base: 0%
	 Effective Percent: 25,92%
Vers
	 Rating: 10782
	 Multiplicative Factor: 0%
	 Eff: 13122
	 DR Bracket: 0
	 Base: 3%
	 Effective Percent: 16,82%
Leech
	 Rating: 3061
	 Multiplicative Factor: 0%
	 Eff: 5100,99025
	 DR Bracket: 0
	 Base: 2%
	 Effective Percent: 5%
Avoidance
	 Rating: 1224
	 Multiplicative Factor: 0%
	 Eff: 1224
	 DR Bracket: 0
	 Base: 0%
	 Effective Percent: 2,25%
Mastery
	 Rating: 23927
	 Multiplicative Factor: 0%
	 Eff: 31334,299999999996
	 DR Bracket: 1
	 Base: 19,8%
	 Effective Percent: 80,57%
----------------------
01:00,503

Intellect
	 Rating: 140996
	 Multiplicative Factor: 8,15%
	 Eff: 140996
Stamina
	 Rating: 879789
	 Multiplicative Factor: 11,3%
	 Eff: 879789,0000000001
Crit
	 Rating: 12085
	 Multiplicative Factor: 0%
	 Eff: 15585
	 DR Bracket: 0
	 Base: 5%
	 Effective Percent: 22,26%
	 Crit Inc Heal: 2,6
	 Crit Inc Damage: 2
Haste
	 Rating: 17110
	 Multiplicative Factor: 0%
	 Eff: 17109,999999999996
	 DR Bracket: 0
	 Base: 0%
	 Effective Percent: 25,92%
Vers
	 Rating: 10782
	 Multiplicative Factor: 0%
	 Eff: 13122
	 DR Bracket: 0
	 Base: 3%
	 Effective Percent: 16,82%
Leech
	 Rating: 3061
	 Multiplicative Factor: 0%
	 Eff: 5100,99025
	 DR Bracket: 0
	 Base: 2%
	 Effective Percent: 5%
Avoidance
	 Rating: 1224
	 Multiplicative Factor: 0%
	 Eff: 1224
	 DR Bracket: 0
	 Base: 0%
	 Effective Percent: 2,25%
Mastery
	 Rating: 23927
	 Multiplicative Factor: 0%
	 Eff: 31334,299999999996
	 DR Bracket: 1
	 Base: 19,8%
	 Effective Percent: 80,57%
----------------------
01:05,558

Intellect
	 Rating: 140996
	 Multiplicative Factor: 8,15%
	 Eff: 140996
Stamina
	 Rating: 879789
	 Multiplicative Factor: 11,3%
	 Eff: 879789,0000000001
Crit
	 Rating: 18070
	 Multiplicative Factor: 0%
	 Eff: 21569,876683105605
	 DR Bracket: 0
	 Base: 5%
	 Effective Percent: 30,81%
	 Crit Inc Heal: 2,6
	 Crit Inc Damage: 2
Haste
	 Rating: 17110
	 Multiplicative Factor: 0%
	 Eff: 17109,999999999996
	 DR Bracket: 0
	 Base: 0%
	 Effective Percent: 25,92%
Vers
	 Rating: 10782
	 Multiplicative Factor: 0%
	 Eff: 13122
	 DR Bracket: 0
	 Base: 3%
	 Effective Percent: 16,82%
Leech
	 Rating: 3061
	 Multiplicative Factor: 0%
	 Eff: 5100,99025
	 DR Bracket: 0
	 Base: 2%
	 Effective Percent: 5%
Avoidance
	 Rating: 1224
	 Multiplicative Factor: 0%
	 Eff: 1224
	 DR Bracket: 0
	 Base: 0%
	 Effective Percent: 2,25%
Mastery
	 Rating: 23927
	 Multiplicative Factor: 0%
	 Eff: 31334,299999999996
	 DR Bracket: 1
	 Base: 19,8%
	 Effective Percent: 80,57%
----------------------
01:10,692

Intellect
	 Rating: 140996
	 Multiplicative Factor: 8,15%
	 Eff: 140996
Stamina
	 Rating: 879789
	 Multiplicative Factor: 11,3%
	 Eff: 879789,0000000001
Crit
	 Rating: 18070
	 Multiplicative Factor: 0%
	 Eff: 21569,876683105605
	 DR Bracket: 0
	 Base: 5%
	 Effective Percent: 30,81%
	 Crit Inc Heal: 2,6
	 Crit Inc Damage: 2
Haste
	 Rating: 17110
	 Multiplicative Factor: 0%
	 Eff: 17109,999999999996
	 DR Bracket: 0
	 Base: 0%
	 Effective Percent: 25,92%
Vers
	 Rating: 10782
	 Multiplicative Factor: 0%
	 Eff: 13122
	 DR Bracket: 0
	 Base: 3%
	 Effective Percent: 16,82%
Leech
	 Rating: 3061
	 Multiplicative Factor: 0%
	 Eff: 5100,99025
	 DR Bracket: 0
	 Base: 2%
	 Effective Percent: 5%
Avoidance
	 Rating: 1224
	 Multiplicative Factor: 0%
	 Eff: 1224
	 DR Bracket: 0
	 Base: 0%
	 Effective Percent: 2,25%
Mastery
	 Rating: 23927
	 Multiplicative Factor: 0%
	 Eff: 31334,299999999996
	 DR Bracket: 1
	 Base: 19,8%
	 Effective Percent: 80,57%
----------------------
01:15,717

Intellect
	 Rating: 140996
	 Multiplicative Factor: 8,15%
	 Eff: 140996
Stamina
	 Rating: 879789
	 Multiplicative Factor: 11,3%
	 Eff: 879789,0000000001
Crit
	 Rating: 12085
	 Multiplicative Factor: 0%
	 Eff: 15585
	 DR Bracket: 0
	 Base: 5%
	 Effective Percent: 22,26%
	 Crit Inc Heal: 2
	 Crit Inc Damage: 2
Haste
	 Rating: 17110
	 Multiplicative Factor: 0%
	 Eff: 17109,999999999996
	 DR Bracket: 0
	 Base: 0%
	 Effective Percent: 25,92%
Vers
	 Rating: 10782
	 Multiplicative Factor: 0%
	 Eff: 13122
	 DR Bracket: 0
	 Base: 3%
	 Effective Percent: 16,82%
Leech
	 Rating: 3061
	 Multiplicative Factor: 0%
	 Eff: 5100,99025
	 DR Bracket: 0
	 Base: 2%
	 Effective Percent: 5%
Avoidance
	 Rating: 1224
	 Multiplicative Factor: 0%
	 Eff: 1224
	 DR Bracket: 0
	 Base: 0%
	 Effective Percent: 2,25%
Mastery
	 Rating: 23927
	 Multiplicative Factor: 0%
	 Eff: 31334,299999999996
	 DR Bracket: 1
	 Base: 19,8%
	 Effective Percent: 80,57%
----------------------
01:20,757

Intellect
	 Rating: 140996
	 Multiplicative Factor: 8,15%
	 Eff: 140996
Stamina
	 Rating: 879789
	 Multiplicative Factor: 11,3%
	 Eff: 879789,0000000001
Crit
	 Rating: 12085
	 Multiplicative Factor: 0%
	 Eff: 15585
	 DR Bracket: 0
	 Base: 5%
	 Effective Percent: 22,26%
	 Crit Inc Heal: 2,6
	 Crit Inc Damage: 2
Haste
	 Rating: 17110
	 Multiplicative Factor: 0%
	 Eff: 17109,999999999996
	 DR Bracket: 0
	 Base: 0%
	 Effective Percent: 25,92%
Vers
	 Rating: 10782
	 Multiplicative Factor: 0%
	 Eff: 13122
	 DR Bracket: 0
	 Base: 3%
	 Effective Percent: 16,82%
Leech
	 Rating: 3061
	 Multiplicative Factor: 0%
	 Eff: 5100,99025
	 DR Bracket: 0
	 Base: 2%
	 Effective Percent: 5%
Avoidance
	 Rating: 1224
	 Multiplicative Factor: 0%
	 Eff: 1224
	 DR Bracket: 0
	 Base: 0%
	 Effective Percent: 2,25%
Mastery
	 Rating: 23927
	 Multiplicative Factor: 0%
	 Eff: 31334,299999999996
	 DR Bracket: 1
	 Base: 19,8%
	 Effective Percent: 80,57%
----------------------
01:25,772

Intellect
	 Rating: 140996
	 Multiplicative Factor: 8,15%
	 Eff: 140996
Stamina
	 Rating: 879789
	 Multiplicative Factor: 11,3%
	 Eff: 879789,0000000001
Crit
	 Rating: 12085
	 Multiplicative Factor: 0%
	 Eff: 15585
	 DR Bracket: 0
	 Base: 5%
	 Effective Percent: 22,26%
	 Crit Inc Heal: 2,6
	 Crit Inc Damage: 2
Haste
	 Rating: 17110
	 Multiplicative Factor: 0%
	 Eff: 17109,999999999996
	 DR Bracket: 0
	 Base: 0%
	 Effective Percent: 25,92%
Vers
	 Rating: 10782
	 Multiplicative Factor: 0%
	 Eff: 13122
	 DR Bracket: 0
	 Base: 3%
	 Effective Percent: 16,82%
Leech
	 Rating: 3061
	 Multiplicative Factor: 0%
	 Eff: 5100,99025
	 DR Bracket: 0
	 Base: 2%
	 Effective Percent: 5%
Avoidance
	 Rating: 1224
	 Multiplicative Factor: 0%
	 Eff: 1224
	 DR Bracket: 0
	 Base: 0%
	 Effective Percent: 2,25%
Mastery
	 Rating: 23927
	 Multiplicative Factor: 0%
	 Eff: 31334,299999999996
	 DR Bracket: 1
	 Base: 19,8%
	 Effective Percent: 80,57%
----------------------
01:30,928

Intellect
	 Rating: 140996
	 Multiplicative Factor: 8,15%
	 Eff: 140996
Stamina
	 Rating: 879789
	 Multiplicative Factor: 11,3%
	 Eff: 879789,0000000001
Crit
	 Rating: 12085
	 Multiplicative Factor: 0%
	 Eff: 15585
	 DR Bracket: 0
	 Base: 5%
	 Effective Percent: 22,26%
	 Crit Inc Heal: 2,6
	 Crit Inc Damage: 2
Haste
	 Rating: 17110
	 Multiplicative Factor: 0%
	 Eff: 17109,999999999996
	 DR Bracket: 0
	 Base: 0%
	 Effective Percent: 25,92%
Vers
	 Rating: 10782
	 Multiplicative Factor: 0%
	 Eff: 13122
	 DR Bracket: 0
	 Base: 3%
	 Effective Percent: 16,82%
Leech
	 Rating: 3061
	 Multiplicative Factor: 0%
	 Eff: 5100,99025
	 DR Bracket: 0
	 Base: 2%
	 Effective Percent: 5%
Avoidance
	 Rating: 1224
	 Multiplicative Factor: 0%
	 Eff: 1224
	 DR Bracket: 0
	 Base: 0%
	 Effective Percent: 2,25%
Mastery
	 Rating: 23927
	 Multiplicative Factor: 0%
	 Eff: 31334,299999999996
	 DR Bracket: 1
	 Base: 19,8%
	 Effective Percent: 80,57%
----------------------
01:36,337

Intellect
	 Rating: 140996
	 Multiplicative Factor: 8,15%
	 Eff: 140996
Stamina
	 Rating: 879789
	 Multiplicative Factor: 11,3%
	 Eff: 879789,0000000001
Crit
	 Rating: 12085
	 Multiplicative Factor: 0%
	 Eff: 15585
	 DR Bracket: 0
	 Base: 5%
	 Effective Percent: 22,26%
	 Crit Inc Heal: 2,6
	 Crit Inc Damage: 2
Haste
	 Rating: 17110
	 Multiplicative Factor: 0%
	 Eff: 17109,999999999996
	 DR Bracket: 0
	 Base: 0%
	 Effective Percent: 25,92%
Vers
	 Rating: 10782
	 Multiplicative Factor: 0%
	 Eff: 13122
	 DR Bracket: 0
	 Base: 3%
	 Effective Percent: 16,82%
Leech
	 Rating: 3061
	 Multiplicative Factor: 0%
	 Eff: 5100,99025
	 DR Bracket: 0
	 Base: 2%
	 Effective Percent: 5%
Avoidance
	 Rating: 1224
	 Multiplicative Factor: 0%
	 Eff: 1224
	 DR Bracket: 0
	 Base: 0%
	 Effective Percent: 2,25%
Mastery
	 Rating: 23927
	 Multiplicative Factor: 0%
	 Eff: 31334,299999999996
	 DR Bracket: 1
	 Base: 19,8%
	 Effective Percent: 80,57%
----------------------
01:41,374

Intellect
	 Rating: 140996
	 Multiplicative Factor: 8,15%
	 Eff: 140996
Stamina
	 Rating: 879789
	 Multiplicative Factor: 11,3%
	 Eff: 879789,0000000001
Crit
	 Rating: 12085
	 Multiplicative Factor: 0%
	 Eff: 15585
	 DR Bracket: 0
	 Base: 5%
	 Effective Percent: 22,26%
	 Crit Inc Heal: 2
	 Crit Inc Damage: 2
Haste
	 Rating: 17110
	 Multiplicative Factor: 0%
	 Eff: 17109,999999999996
	 DR Bracket: 0
	 Base: 0%
	 Effective Percent: 25,92%
Vers
	 Rating: 10782
	 Multiplicative Factor: 0%
	 Eff: 13122
	 DR Bracket: 0
	 Base: 3%
	 Effective Percent: 16,82%
Leech
	 Rating: 3061
	 Multiplicative Factor: 0%
	 Eff: 5100,99025
	 DR Bracket: 0
	 Base: 2%
	 Effective Percent: 5%
Avoidance
	 Rating: 1224
	 Multiplicative Factor: 0%
	 Eff: 1224
	 DR Bracket: 0
	 Base: 0%
	 Effective Percent: 2,25%
Mastery
	 Rating: 23927
	 Multiplicative Factor: 0%
	 Eff: 31334,299999999996
	 DR Bracket: 1
	 Base: 19,8%
	 Effective Percent: 80,57%
----------------------
01:46,390

Intellect
	 Rating: 140996
	 Multiplicative Factor: 8,15%
	 Eff: 140996
Stamina
	 Rating: 879789
	 Multiplicative Factor: 11,3%
	 Eff: 879789,0000000001
Crit
	 Rating: 12085
	 Multiplicative Factor: 0%
	 Eff: 15585
	 DR Bracket: 0
	 Base: 5%
	 Effective Percent: 22,26%
	 Crit Inc Heal: 2,6
	 Crit Inc Damage: 2
Haste
	 Rating: 17110
	 Multiplicative Factor: 0%
	 Eff: 17109,999999999996
	 DR Bracket: 0
	 Base: 0%
	 Effective Percent: 25,92%
Vers
	 Rating: 10782
	 Multiplicative Factor: 0%
	 Eff: 13122
	 DR Bracket: 0
	 Base: 3%
	 Effective Percent: 16,82%
Leech
	 Rating: 3061
	 Multiplicative Factor: 0%
	 Eff: 5100,99025
	 DR Bracket: 0
	 Base: 2%
	 Effective Percent: 5%
Avoidance
	 Rating: 1224
	 Multiplicative Factor: 0%
	 Eff: 1224
	 DR Bracket: 0
	 Base: 0%
	 Effective Percent: 2,25%
Mastery
	 Rating: 23927
	 Multiplicative Factor: 0%
	 Eff: 31334,299999999996
	 DR Bracket: 1
	 Base: 19,8%
	 Effective Percent: 80,57%
----------------------
01:51,451

Intellect
	 Rating: 140996
	 Multiplicative Factor: 8,15%
	 Eff: 140996
Stamina
	 Rating: 879789
	 Multiplicative Factor: 11,3%
	 Eff: 879789,0000000001
Crit
	 Rating: 12085
	 Multiplicative Factor: 0%
	 Eff: 15585
	 DR Bracket: 0
	 Base: 5%
	 Effective Percent: 22,26%
	 Crit Inc Heal: 2,6
	 Crit Inc Damage: 2
Haste
	 Rating: 17110
	 Multiplicative Factor: 0%
	 Eff: 17109,999999999996
	 DR Bracket: 0
	 Base: 0%
	 Effective Percent: 25,92%
Vers
	 Rating: 10782
	 Multiplicative Factor: 0%
	 Eff: 13122
	 DR Bracket: 0
	 Base: 3%
	 Effective Percent: 16,82%
Leech
	 Rating: 3061
	 Multiplicative Factor: 0%
	 Eff: 5100,99025
	 DR Bracket: 0
	 Base: 2%
	 Effective Percent: 5%
Avoidance
	 Rating: 1224
	 Multiplicative Factor: 0%
	 Eff: 1224
	 DR Bracket: 0
	 Base: 0%
	 Effective Percent: 2,25%
Mastery
	 Rating: 23927
	 Multiplicative Factor: 0%
	 Eff: 31334,299999999996
	 DR Bracket: 1
	 Base: 19,8%
	 Effective Percent: 80,57%
----------------------
01:56,519

Intellect
	 Rating: 140996
	 Multiplicative Factor: 8,15%
	 Eff: 140996
Stamina
	 Rating: 879789
	 Multiplicative Factor: 11,3%
	 Eff: 879789,0000000001
Crit
	 Rating: 12085
	 Multiplicative Factor: 0%
	 Eff: 15585
	 DR Bracket: 0
	 Base: 5%
	 Effective Percent: 22,26%
	 Crit Inc Heal: 2,6
	 Crit Inc Damage: 2
Haste
	 Rating: 17110
	 Multiplicative Factor: 0%
	 Eff: 17109,999999999996
	 DR Bracket: 0
	 Base: 0%
	 Effective Percent: 25,92%
Vers
	 Rating: 10782
	 Multiplicative Factor: 0%
	 Eff: 13122
	 DR Bracket: 0
	 Base: 3%
	 Effective Percent: 16,82%
Leech
	 Rating: 3061
	 Multiplicative Factor: 0%
	 Eff: 5100,99025
	 DR Bracket: 0
	 Base: 2%
	 Effective Percent: 5%
Avoidance
	 Rating: 1224
	 Multiplicative Factor: 0%
	 Eff: 1224
	 DR Bracket: 0
	 Base: 0%
	 Effective Percent: 2,25%
Mastery
	 Rating: 23927
	 Multiplicative Factor: 0%
	 Eff: 31334,299999999996
	 DR Bracket: 1
	 Base: 19,8%
	 Effective Percent: 80,57%
----------------------
02:01,621

Intellect
	 Rating: 140996
	 Multiplicative Factor: 8,15%
	 Eff: 140996
Stamina
	 Rating: 879789
	 Multiplicative Factor: 11,3%
	 Eff: 879789,0000000001
Crit
	 Rating: 12085
	 Multiplicative Factor: 0%
	 Eff: 15585
	 DR Bracket: 0
	 Base: 5%
	 Effective Percent: 22,26%
	 Crit Inc Heal: 2,6
	 Crit Inc Damage: 2
Haste
	 Rating: 17110
	 Multiplicative Factor: 0%
	 Eff: 17109,999999999996
	 DR Bracket: 0
	 Base: 0%
	 Effective Percent: 25,92%
Vers
	 Rating: 10782
	 Multiplicative Factor: 0%
	 Eff: 13122
	 DR Bracket: 0
	 Base: 3%
	 Effective Percent: 16,82%
Leech
	 Rating: 3061
	 Multiplicative Factor: 0%
	 Eff: 5100,99025
	 DR Bracket: 0
	 Base: 2%
	 Effective Percent: 5%
Avoidance
	 Rating: 1224
	 Multiplicative Factor: 0%
	 Eff: 1224
	 DR Bracket: 0
	 Base: 0%
	 Effective Percent: 2,25%
Mastery
	 Rating: 23927
	 Multiplicative Factor: 0%
	 Eff: 31334,299999999996
	 DR Bracket: 1
	 Base: 19,8%
	 Effective Percent: 80,57%
----------------------
02:06,690

Intellect
	 Rating: 140996
	 Multiplicative Factor: 8,15%
	 Eff: 140996
Stamina
	 Rating: 879789
	 Multiplicative Factor: 11,3%
	 Eff: 879789,0000000001
Crit
	 Rating: 12085
	 Multiplicative Factor: 0%
	 Eff: 15585
	 DR Bracket: 0
	 Base: 5%
	 Effective Percent: 22,26%
	 Crit Inc Heal: 2,6
	 Crit Inc Damage: 2
Haste
	 Rating: 17110
	 Multiplicative Factor: 0%
	 Eff: 17109,999999999996
	 DR Bracket: 0
	 Base: 0%
	 Effective Percent: 25,92%
Vers
	 Rating: 10782
	 Multiplicative Factor: 0%
	 Eff: 13122
	 DR Bracket: 0
	 Base: 3%
	 Effective Percent: 16,82%
Leech
	 Rating: 3061
	 Multiplicative Factor: 0%
	 Eff: 5100,99025
	 DR Bracket: 0
	 Base: 2%
	 Effective Percent: 5%
Avoidance
	 Rating: 1224
	 Multiplicative Factor: 0%
	 Eff: 1224
	 DR Bracket: 0
	 Base: 0%
	 Effective Percent: 2,25%
Mastery
	 Rating: 23927
	 Multiplicative Factor: 0%
	 Eff: 31334,299999999996
	 DR Bracket: 1
	 Base: 19,8%
	 Effective Percent: 80,57%
----------------------
02:11,837

Intellect
	 Rating: 140996
	 Multiplicative Factor: 8,15%
	 Eff: 140996
Stamina
	 Rating: 879789
	 Multiplicative Factor: 11,3%
	 Eff: 879789,0000000001
Crit
	 Rating: 12085
	 Multiplicative Factor: 0%
	 Eff: 15585
	 DR Bracket: 0
	 Base: 5%
	 Effective Percent: 22,26%
	 Crit Inc Heal: 2,6
	 Crit Inc Damage: 2
Haste
	 Rating: 17110
	 Multiplicative Factor: 0%
	 Eff: 17109,999999999996
	 DR Bracket: 0
	 Base: 0%
	 Effective Percent: 25,92%
Vers
	 Rating: 10782
	 Multiplicative Factor: 0%
	 Eff: 13122
	 DR Bracket: 0
	 Base: 3%
	 Effective Percent: 16,82%
Leech
	 Rating: 3061
	 Multiplicative Factor: 0%
	 Eff: 5100,99025
	 DR Bracket: 0
	 Base: 2%
	 Effective Percent: 5%
Avoidance
	 Rating: 1224
	 Multiplicative Factor: 0%
	 Eff: 1224
	 DR Bracket: 0
	 Base: 0%
	 Effective Percent: 2,25%
Mastery
	 Rating: 23927
	 Multiplicative Factor: 0%
	 Eff: 31334,299999999996
	 DR Bracket: 1
	 Base: 19,8%
	 Effective Percent: 80,57%
----------------------
02:16,872

Intellect
	 Rating: 140996
	 Multiplicative Factor: 8,15%
	 Eff: 140996
Stamina
	 Rating: 879789
	 Multiplicative Factor: 11,3%
	 Eff: 879789,0000000001
Crit
	 Rating: 12085
	 Multiplicative Factor: 0%
	 Eff: 15585
	 DR Bracket: 0
	 Base: 5%
	 Effective Percent: 22,26%
	 Crit Inc Heal: 2
	 Crit Inc Damage: 2
Haste
	 Rating: 17110
	 Multiplicative Factor: 0%
	 Eff: 17109,999999999996
	 DR Bracket: 0
	 Base: 0%
	 Effective Percent: 25,92%
Vers
	 Rating: 10782
	 Multiplicative Factor: 0%
	 Eff: 13122
	 DR Bracket: 0
	 Base: 3%
	 Effective Percent: 16,82%
Leech
	 Rating: 3061
	 Multiplicative Factor: 0%
	 Eff: 5100,99025
	 DR Bracket: 0
	 Base: 2%
	 Effective Percent: 5%
Avoidance
	 Rating: 1224
	 Multiplicative Factor: 0%
	 Eff: 1224
	 DR Bracket: 0
	 Base: 0%
	 Effective Percent: 2,25%
Mastery
	 Rating: 23927
	 Multiplicative Factor: 0%
	 Eff: 31334,299999999996
	 DR Bracket: 1
	 Base: 19,8%
	 Effective Percent: 80,57%
----------------------
02:22,241

Intellect
	 Rating: 140996
	 Multiplicative Factor: 8,15%
	 Eff: 140996
Stamina
	 Rating: 879789
	 Multiplicative Factor: 11,3%
	 Eff: 879789,0000000001
Crit
	 Rating: 24055
	 Multiplicative Factor: 0%
	 Eff: 27249,27802959009
	 DR Bracket: 1
	 Base: 5%
	 Effective Percent: 38,93%
	 Crit Inc Heal: 2,6
	 Crit Inc Damage: 2
Haste
	 Rating: 17110
	 Multiplicative Factor: 0%
	 Eff: 17109,999999999996
	 DR Bracket: 0
	 Base: 0%
	 Effective Percent: 25,92%
Vers
	 Rating: 10782
	 Multiplicative Factor: 0%
	 Eff: 13122
	 DR Bracket: 0
	 Base: 3%
	 Effective Percent: 16,82%
Leech
	 Rating: 3061
	 Multiplicative Factor: 0%
	 Eff: 5100,99025
	 DR Bracket: 0
	 Base: 2%
	 Effective Percent: 5%
Avoidance
	 Rating: 1224
	 Multiplicative Factor: 0%
	 Eff: 1224
	 DR Bracket: 0
	 Base: 0%
	 Effective Percent: 2,25%
Mastery
	 Rating: 23927
	 Multiplicative Factor: 0%
	 Eff: 31334,299999999996
	 DR Bracket: 1
	 Base: 19,8%
	 Effective Percent: 80,57%
----------------------
02:27,241

Intellect
	 Rating: 140996
	 Multiplicative Factor: 8,15%
	 Eff: 140996
Stamina
	 Rating: 879789
	 Multiplicative Factor: 11,3%
	 Eff: 879789,0000000001
Crit
	 Rating: 24055
	 Multiplicative Factor: 0%
	 Eff: 27249,27802959009
	 DR Bracket: 1
	 Base: 5%
	 Effective Percent: 38,93%
	 Crit Inc Heal: 2,6
	 Crit Inc Damage: 2
Haste
	 Rating: 17110
	 Multiplicative Factor: 0%
	 Eff: 17109,999999999996
	 DR Bracket: 0
	 Base: 0%
	 Effective Percent: 25,92%
Vers
	 Rating: 10782
	 Multiplicative Factor: 0%
	 Eff: 13122
	 DR Bracket: 0
	 Base: 3%
	 Effective Percent: 16,82%
Leech
	 Rating: 3061
	 Multiplicative Factor: 0%
	 Eff: 5100,99025
	 DR Bracket: 0
	 Base: 2%
	 Effective Percent: 5%
Avoidance
	 Rating: 1224
	 Multiplicative Factor: 0%
	 Eff: 1224
	 DR Bracket: 0
	 Base: 0%
	 Effective Percent: 2,25%
Mastery
	 Rating: 23927
	 Multiplicative Factor: 0%
	 Eff: 31334,299999999996
	 DR Bracket: 1
	 Base: 19,8%
	 Effective Percent: 80,57%
----------------------
02:32,258

Intellect
	 Rating: 140996
	 Multiplicative Factor: 8,15%
	 Eff: 140996
Stamina
	 Rating: 879789
	 Multiplicative Factor: 11,3%
	 Eff: 879789,0000000001
Crit
	 Rating: 12085
	 Multiplicative Factor: 0%
	 Eff: 15585
	 DR Bracket: 0
	 Base: 5%
	 Effective Percent: 22,26%
	 Crit Inc Heal: 2,6
	 Crit Inc Damage: 2
Haste
	 Rating: 17110
	 Multiplicative Factor: 0%
	 Eff: 17109,999999999996
	 DR Bracket: 0
	 Base: 0%
	 Effective Percent: 25,92%
Vers
	 Rating: 10782
	 Multiplicative Factor: 0%
	 Eff: 13122
	 DR Bracket: 0
	 Base: 3%
	 Effective Percent: 16,82%
Leech
	 Rating: 3061
	 Multiplicative Factor: 0%
	 Eff: 5100,99025
	 DR Bracket: 0
	 Base: 2%
	 Effective Percent: 5%
Avoidance
	 Rating: 1224
	 Multiplicative Factor: 0%
	 Eff: 1224
	 DR Bracket: 0
	 Base: 0%
	 Effective Percent: 2,25%
Mastery
	 Rating: 23927
	 Multiplicative Factor: 0%
	 Eff: 31334,299999999996
	 DR Bracket: 1
	 Base: 19,8%
	 Effective Percent: 80,57%
----------------------
02:37,305

Intellect
	 Rating: 140996
	 Multiplicative Factor: 8,15%
	 Eff: 140996
Stamina
	 Rating: 879789
	 Multiplicative Factor: 11,3%
	 Eff: 879789,0000000001
Crit
	 Rating: 12085
	 Multiplicative Factor: 0%
	 Eff: 15585
	 DR Bracket: 0
	 Base: 5%
	 Effective Percent: 22,26%
	 Crit Inc Heal: 2
	 Crit Inc Damage: 2
Haste
	 Rating: 17110
	 Multiplicative Factor: 0%
	 Eff: 17109,999999999996
	 DR Bracket: 0
	 Base: 0%
	 Effective Percent: 25,92%
Vers
	 Rating: 10782
	 Multiplicative Factor: 0%
	 Eff: 13122
	 DR Bracket: 0
	 Base: 3%
	 Effective Percent: 16,82%
Leech
	 Rating: 3061
	 Multiplicative Factor: 0%
	 Eff: 5100,99025
	 DR Bracket: 0
	 Base: 2%
	 Effective Percent: 5%
Avoidance
	 Rating: 1224
	 Multiplicative Factor: 0%
	 Eff: 1224
	 DR Bracket: 0
	 Base: 0%
	 Effective Percent: 2,25%
Mastery
	 Rating: 23927
	 Multiplicative Factor: 0%
	 Eff: 31334,299999999996
	 DR Bracket: 1
	 Base: 19,8%
	 Effective Percent: 80,57%
----------------------
02:42,502

Intellect
	 Rating: 140996
	 Multiplicative Factor: 8,15%
	 Eff: 140996
Stamina
	 Rating: 879789
	 Multiplicative Factor: 11,3%
	 Eff: 879789,0000000001
Crit
	 Rating: 12085
	 Multiplicative Factor: 0%
	 Eff: 15585
	 DR Bracket: 0
	 Base: 5%
	 Effective Percent: 22,26%
	 Crit Inc Heal: 2
	 Crit Inc Damage: 2
Haste
	 Rating: 17110
	 Multiplicative Factor: 0%
	 Eff: 17109,999999999996
	 DR Bracket: 0
	 Base: 0%
	 Effective Percent: 25,92%
Vers
	 Rating: 10782
	 Multiplicative Factor: 0%
	 Eff: 13122
	 DR Bracket: 0
	 Base: 3%
	 Effective Percent: 16,82%
Leech
	 Rating: 3061
	 Multiplicative Factor: 0%
	 Eff: 5100,99025
	 DR Bracket: 0
	 Base: 2%
	 Effective Percent: 5%
Avoidance
	 Rating: 1224
	 Multiplicative Factor: 0%
	 Eff: 1224
	 DR Bracket: 0
	 Base: 0%
	 Effective Percent: 2,25%
Mastery
	 Rating: 23927
	 Multiplicative Factor: 0%
	 Eff: 31334,299999999996
	 DR Bracket: 1
	 Base: 19,8%
	 Effective Percent: 80,57%
----------------------
02:47,726

Intellect
	 Rating: 140996
	 Multiplicative Factor: 8,15%
	 Eff: 140996
Stamina
	 Rating: 879789
	 Multiplicative Factor: 11,3%
	 Eff: 879789,0000000001
Crit
	 Rating: 12085
	 Multiplicative Factor: 0%
	 Eff: 15585
	 DR Bracket: 0
	 Base: 5%
	 Effective Percent: 22,26%
	 Crit Inc Heal: 2
	 Crit Inc Damage: 2
Haste
	 Rating: 17110
	 Multiplicative Factor: 0%
	 Eff: 17109,999999999996
	 DR Bracket: 0
	 Base: 0%
	 Effective Percent: 25,92%
Vers
	 Rating: 10782
	 Multiplicative Factor: 0%
	 Eff: 13122
	 DR Bracket: 0
	 Base: 3%
	 Effective Percent: 16,82%
Leech
	 Rating: 3061
	 Multiplicative Factor: 0%
	 Eff: 5100,99025
	 DR Bracket: 0
	 Base: 2%
	 Effective Percent: 5%
Avoidance
	 Rating: 1224
	 Multiplicative Factor: 0%
	 Eff: 1224
	 DR Bracket: 0
	 Base: 0%
	 Effective Percent: 2,25%
Mastery
	 Rating: 23927
	 Multiplicative Factor: 0%
	 Eff: 31334,299999999996
	 DR Bracket: 1
	 Base: 19,8%
	 Effective Percent: 80,57%
----------------------
02:53,312

Intellect
	 Rating: 140996
	 Multiplicative Factor: 8,15%
	 Eff: 140996
Stamina
	 Rating: 879789
	 Multiplicative Factor: 11,3%
	 Eff: 879789,0000000001
Crit
	 Rating: 12085
	 Multiplicative Factor: 0%
	 Eff: 15585
	 DR Bracket: 0
	 Base: 5%
	 Effective Percent: 22,26%
	 Crit Inc Heal: 2
	 Crit Inc Damage: 2
Haste
	 Rating: 17110
	 Multiplicative Factor: 0%
	 Eff: 17109,999999999996
	 DR Bracket: 0
	 Base: 0%
	 Effective Percent: 25,92%
Vers
	 Rating: 10782
	 Multiplicative Factor: 0%
	 Eff: 13122
	 DR Bracket: 0
	 Base: 3%
	 Effective Percent: 16,82%
Leech
	 Rating: 3061
	 Multiplicative Factor: 0%
	 Eff: 5100,99025
	 DR Bracket: 0
	 Base: 2%
	 Effective Percent: 5%
Avoidance
	 Rating: 1224
	 Multiplicative Factor: 0%
	 Eff: 1224
	 DR Bracket: 0
	 Base: 0%
	 Effective Percent: 2,25%
Mastery
	 Rating: 23927
	 Multiplicative Factor: 0%
	 Eff: 31334,299999999996
	 DR Bracket: 1
	 Base: 19,8%
	 Effective Percent: 80,57%
----------------------
03:04,207

Intellect
	 Rating: 140996
	 Multiplicative Factor: 8,15%
	 Eff: 140996
Stamina
	 Rating: 879789
	 Multiplicative Factor: 11,3%
	 Eff: 879789,0000000001
Crit
	 Rating: 12085
	 Multiplicative Factor: 0%
	 Eff: 15585
	 DR Bracket: 0
	 Base: 5%
	 Effective Percent: 22,26%
	 Crit Inc Heal: 2
	 Crit Inc Damage: 2
Haste
	 Rating: 17110
	 Multiplicative Factor: 0%
	 Eff: 17109,999999999996
	 DR Bracket: 0
	 Base: 0%
	 Effective Percent: 25,92%
Vers
	 Rating: 10782
	 Multiplicative Factor: 0%
	 Eff: 13122
	 DR Bracket: 0
	 Base: 3%
	 Effective Percent: 16,82%
Leech
	 Rating: 3061
	 Multiplicative Factor: 0%
	 Eff: 5100,99025
	 DR Bracket: 0
	 Base: 2%
	 Effective Percent: 5%
Avoidance
	 Rating: 1224
	 Multiplicative Factor: 0%
	 Eff: 1224
	 DR Bracket: 0
	 Base: 0%
	 Effective Percent: 2,25%
Mastery
	 Rating: 30573
	 Multiplicative Factor: 0%
	 Eff: 37058,399999999994
	 DR Bracket: 2
	 Base: 19,8%
	 Effective Percent: 95,29%
----------------------
03:09,267

Intellect
	 Rating: 140996
	 Multiplicative Factor: 8,15%
	 Eff: 140996
Stamina
	 Rating: 879789
	 Multiplicative Factor: 11,3%
	 Eff: 879789,0000000001
Crit
	 Rating: 12085
	 Multiplicative Factor: 0%
	 Eff: 15585
	 DR Bracket: 0
	 Base: 5%
	 Effective Percent: 22,26%
	 Crit Inc Heal: 2
	 Crit Inc Damage: 2
Haste
	 Rating: 17110
	 Multiplicative Factor: 0%
	 Eff: 17109,999999999996
	 DR Bracket: 0
	 Base: 0%
	 Effective Percent: 25,92%
Vers
	 Rating: 10782
	 Multiplicative Factor: 0%
	 Eff: 13122
	 DR Bracket: 0
	 Base: 3%
	 Effective Percent: 16,82%
Leech
	 Rating: 3061
	 Multiplicative Factor: 0%
	 Eff: 5100,99025
	 DR Bracket: 0
	 Base: 2%
	 Effective Percent: 5%
Avoidance
	 Rating: 1224
	 Multiplicative Factor: 0%
	 Eff: 1224
	 DR Bracket: 0
	 Base: 0%
	 Effective Percent: 2,25%
Mastery
	 Rating: 30573
	 Multiplicative Factor: 0%
	 Eff: 37058,399999999994
	 DR Bracket: 2
	 Base: 19,8%
	 Effective Percent: 95,29%
----------------------
03:14,301

Intellect
	 Rating: 140996
	 Multiplicative Factor: 8,15%
	 Eff: 140996
Stamina
	 Rating: 879789
	 Multiplicative Factor: 11,3%
	 Eff: 879789,0000000001
Crit
	 Rating: 12085
	 Multiplicative Factor: 0%
	 Eff: 15585
	 DR Bracket: 0
	 Base: 5%
	 Effective Percent: 22,26%
	 Crit Inc Heal: 2,6
	 Crit Inc Damage: 2
Haste
	 Rating: 17110
	 Multiplicative Factor: 0%
	 Eff: 17109,999999999996
	 DR Bracket: 0
	 Base: 0%
	 Effective Percent: 25,92%
Vers
	 Rating: 10782
	 Multiplicative Factor: 0%
	 Eff: 13122
	 DR Bracket: 0
	 Base: 3%
	 Effective Percent: 16,82%
Leech
	 Rating: 3061
	 Multiplicative Factor: 0%
	 Eff: 5100,99025
	 DR Bracket: 0
	 Base: 2%
	 Effective Percent: 5%
Avoidance
	 Rating: 1224
	 Multiplicative Factor: 0%
	 Eff: 1224
	 DR Bracket: 0
	 Base: 0%
	 Effective Percent: 2,25%
Mastery
	 Rating: 30573
	 Multiplicative Factor: 0%
	 Eff: 37058,399999999994
	 DR Bracket: 2
	 Base: 19,8%
	 Effective Percent: 95,29%
----------------------
03:19,389

Intellect
	 Rating: 140996
	 Multiplicative Factor: 8,15%
	 Eff: 140996
Stamina
	 Rating: 879789
	 Multiplicative Factor: 11,3%
	 Eff: 879789,0000000001
Crit
	 Rating: 18070
	 Multiplicative Factor: 0%
	 Eff: 21569,876683105605
	 DR Bracket: 0
	 Base: 5%
	 Effective Percent: 30,81%
	 Crit Inc Heal: 2,6
	 Crit Inc Damage: 2
Haste
	 Rating: 17110
	 Multiplicative Factor: 0%
	 Eff: 17109,999999999996
	 DR Bracket: 0
	 Base: 0%
	 Effective Percent: 25,92%
Vers
	 Rating: 10782
	 Multiplicative Factor: 0%
	 Eff: 13122
	 DR Bracket: 0
	 Base: 3%
	 Effective Percent: 16,82%
Leech
	 Rating: 3061
	 Multiplicative Factor: 0%
	 Eff: 5100,99025
	 DR Bracket: 0
	 Base: 2%
	 Effective Percent: 5%
Avoidance
	 Rating: 1224
	 Multiplicative Factor: 0%
	 Eff: 1224
	 DR Bracket: 0
	 Base: 0%
	 Effective Percent: 2,25%
Mastery
	 Rating: 30573
	 Multiplicative Factor: 0%
	 Eff: 37058,399999999994
	 DR Bracket: 2
	 Base: 19,8%
	 Effective Percent: 95,29%
----------------------
03:24,448

Intellect
	 Rating: 140996
	 Multiplicative Factor: 8,15%
	 Eff: 140996
Stamina
	 Rating: 879789
	 Multiplicative Factor: 11,3%
	 Eff: 879789,0000000001
Crit
	 Rating: 18070
	 Multiplicative Factor: 0%
	 Eff: 21569,876683105605
	 DR Bracket: 0
	 Base: 5%
	 Effective Percent: 30,81%
	 Crit Inc Heal: 2,6
	 Crit Inc Damage: 2
Haste
	 Rating: 17110
	 Multiplicative Factor: 0%
	 Eff: 17109,999999999996
	 DR Bracket: 0
	 Base: 0%
	 Effective Percent: 25,92%
Vers
	 Rating: 10782
	 Multiplicative Factor: 0%
	 Eff: 13122
	 DR Bracket: 0
	 Base: 3%
	 Effective Percent: 16,82%
Leech
	 Rating: 3061
	 Multiplicative Factor: 0%
	 Eff: 5100,99025
	 DR Bracket: 0
	 Base: 2%
	 Effective Percent: 5%
Avoidance
	 Rating: 1224
	 Multiplicative Factor: 0%
	 Eff: 1224
	 DR Bracket: 0
	 Base: 0%
	 Effective Percent: 2,25%
Mastery
	 Rating: 30573
	 Multiplicative Factor: 0%
	 Eff: 37058,399999999994
	 DR Bracket: 2
	 Base: 19,8%
	 Effective Percent: 95,29%
----------------------
03:29,449

Intellect
	 Rating: 140996
	 Multiplicative Factor: 8,15%
	 Eff: 140996
Stamina
	 Rating: 879789
	 Multiplicative Factor: 11,3%
	 Eff: 879789,0000000001
Crit
	 Rating: 12085
	 Multiplicative Factor: 0%
	 Eff: 15585
	 DR Bracket: 0
	 Base: 5%
	 Effective Percent: 22,26%
	 Crit Inc Heal: 2,6
	 Crit Inc Damage: 2
Haste
	 Rating: 17110
	 Multiplicative Factor: 0%
	 Eff: 17109,999999999996
	 DR Bracket: 0
	 Base: 0%
	 Effective Percent: 25,92%
Vers
	 Rating: 10782
	 Multiplicative Factor: 0%
	 Eff: 13122
	 DR Bracket: 0
	 Base: 3%
	 Effective Percent: 16,82%
Leech
	 Rating: 3061
	 Multiplicative Factor: 0%
	 Eff: 5100,99025
	 DR Bracket: 0
	 Base: 2%
	 Effective Percent: 5%
Avoidance
	 Rating: 1224
	 Multiplicative Factor: 0%
	 Eff: 1224
	 DR Bracket: 0
	 Base: 0%
	 Effective Percent: 2,25%
Mastery
	 Rating: 30573
	 Multiplicative Factor: 0%
	 Eff: 37058,399999999994
	 DR Bracket: 2
	 Base: 19,8%
	 Effective Percent: 95,29%
----------------------
03:34,470

Intellect
	 Rating: 140996
	 Multiplicative Factor: 8,15%
	 Eff: 140996
Stamina
	 Rating: 879789
	 Multiplicative Factor: 11,3%
	 Eff: 879789,0000000001
Crit
	 Rating: 12085
	 Multiplicative Factor: 0%
	 Eff: 15585
	 DR Bracket: 0
	 Base: 5%
	 Effective Percent: 22,26%
	 Crit Inc Heal: 2,6
	 Crit Inc Damage: 2
Haste
	 Rating: 17110
	 Multiplicative Factor: 0%
	 Eff: 17109,999999999996
	 DR Bracket: 0
	 Base: 0%
	 Effective Percent: 25,92%
Vers
	 Rating: 10782
	 Multiplicative Factor: 0%
	 Eff: 13122
	 DR Bracket: 0
	 Base: 3%
	 Effective Percent: 16,82%
Leech
	 Rating: 3061
	 Multiplicative Factor: 0%
	 Eff: 5100,99025
	 DR Bracket: 0
	 Base: 2%
	 Effective Percent: 5%
Avoidance
	 Rating: 1224
	 Multiplicative Factor: 0%
	 Eff: 1224
	 DR Bracket: 0
	 Base: 0%
	 Effective Percent: 2,25%
Mastery
	 Rating: 30573
	 Multiplicative Factor: 0%
	 Eff: 37058,399999999994
	 DR Bracket: 2
	 Base: 19,8%
	 Effective Percent: 95,29%
----------------------
03:39,499

Intellect
	 Rating: 140996
	 Multiplicative Factor: 8,15%
	 Eff: 140996
Stamina
	 Rating: 879789
	 Multiplicative Factor: 11,3%
	 Eff: 879789,0000000001
Crit
	 Rating: 12085
	 Multiplicative Factor: 0%
	 Eff: 15585
	 DR Bracket: 0
	 Base: 5%
	 Effective Percent: 22,26%
	 Crit Inc Heal: 2,6
	 Crit Inc Damage: 2
Haste
	 Rating: 17110
	 Multiplicative Factor: 0%
	 Eff: 17109,999999999996
	 DR Bracket: 0
	 Base: 0%
	 Effective Percent: 25,92%
Vers
	 Rating: 10782
	 Multiplicative Factor: 0%
	 Eff: 13122
	 DR Bracket: 0
	 Base: 3%
	 Effective Percent: 16,82%
Leech
	 Rating: 3061
	 Multiplicative Factor: 0%
	 Eff: 5100,99025
	 DR Bracket: 0
	 Base: 2%
	 Effective Percent: 5%
Avoidance
	 Rating: 1224
	 Multiplicative Factor: 0%
	 Eff: 1224
	 DR Bracket: 0
	 Base: 0%
	 Effective Percent: 2,25%
Mastery
	 Rating: 30573
	 Multiplicative Factor: 0%
	 Eff: 37058,399999999994
	 DR Bracket: 2
	 Base: 19,8%
	 Effective Percent: 95,29%
----------------------
03:44,559

Intellect
	 Rating: 140996
	 Multiplicative Factor: 8,15%
	 Eff: 140996
Stamina
	 Rating: 879789
	 Multiplicative Factor: 11,3%
	 Eff: 879789,0000000001
Crit
	 Rating: 12085
	 Multiplicative Factor: 0%
	 Eff: 15585
	 DR Bracket: 0
	 Base: 5%
	 Effective Percent: 22,26%
	 Crit Inc Heal: 2,6
	 Crit Inc Damage: 2
Haste
	 Rating: 17110
	 Multiplicative Factor: 0%
	 Eff: 17109,999999999996
	 DR Bracket: 0
	 Base: 0%
	 Effective Percent: 25,92%
Vers
	 Rating: 10782
	 Multiplicative Factor: 0%
	 Eff: 13122
	 DR Bracket: 0
	 Base: 3%
	 Effective Percent: 16,82%
Leech
	 Rating: 3061
	 Multiplicative Factor: 0%
	 Eff: 5100,99025
	 DR Bracket: 0
	 Base: 2%
	 Effective Percent: 5%
Avoidance
	 Rating: 1224
	 Multiplicative Factor: 0%
	 Eff: 1224
	 DR Bracket: 0
	 Base: 0%
	 Effective Percent: 2,25%
Mastery
	 Rating: 30573
	 Multiplicative Factor: 0%
	 Eff: 37058,399999999994
	 DR Bracket: 2
	 Base: 19,8%
	 Effective Percent: 95,29%
----------------------
03:49,590

Intellect
	 Rating: 140996
	 Multiplicative Factor: 8,15%
	 Eff: 140996
Stamina
	 Rating: 879789
	 Multiplicative Factor: 11,3%
	 Eff: 879789,0000000001
Crit
	 Rating: 18070
	 Multiplicative Factor: 0%
	 Eff: 21569,876683105605
	 DR Bracket: 0
	 Base: 5%
	 Effective Percent: 30,81%
	 Crit Inc Heal: 2,6
	 Crit Inc Damage: 2
Haste
	 Rating: 17110
	 Multiplicative Factor: 0%
	 Eff: 17109,999999999996
	 DR Bracket: 0
	 Base: 0%
	 Effective Percent: 25,92%
Vers
	 Rating: 10782
	 Multiplicative Factor: 0%
	 Eff: 13122
	 DR Bracket: 0
	 Base: 3%
	 Effective Percent: 16,82%
Leech
	 Rating: 3061
	 Multiplicative Factor: 0%
	 Eff: 5100,99025
	 DR Bracket: 0
	 Base: 2%
	 Effective Percent: 5%
Avoidance
	 Rating: 1224
	 Multiplicative Factor: 0%
	 Eff: 1224
	 DR Bracket: 0
	 Base: 0%
	 Effective Percent: 2,25%
Mastery
	 Rating: 30573
	 Multiplicative Factor: 0%
	 Eff: 37058,399999999994
	 DR Bracket: 2
	 Base: 19,8%
	 Effective Percent: 95,29%
----------------------
03:54,643

Intellect
	 Rating: 140996
	 Multiplicative Factor: 8,15%
	 Eff: 140996
Stamina
	 Rating: 879789
	 Multiplicative Factor: 11,3%
	 Eff: 879789,0000000001
Crit
	 Rating: 18070
	 Multiplicative Factor: 0%
	 Eff: 21569,876683105605
	 DR Bracket: 0
	 Base: 5%
	 Effective Percent: 30,81%
	 Crit Inc Heal: 2,6
	 Crit Inc Damage: 2
Haste
	 Rating: 17110
	 Multiplicative Factor: 0%
	 Eff: 17109,999999999996
	 DR Bracket: 0
	 Base: 0%
	 Effective Percent: 25,92%
Vers
	 Rating: 10782
	 Multiplicative Factor: 0%
	 Eff: 13122
	 DR Bracket: 0
	 Base: 3%
	 Effective Percent: 16,82%
Leech
	 Rating: 3061
	 Multiplicative Factor: 0%
	 Eff: 5100,99025
	 DR Bracket: 0
	 Base: 2%
	 Effective Percent: 5%
Avoidance
	 Rating: 1224
	 Multiplicative Factor: 0%
	 Eff: 1224
	 DR Bracket: 0
	 Base: 0%
	 Effective Percent: 2,25%
Mastery
	 Rating: 30573
	 Multiplicative Factor: 0%
	 Eff: 37058,399999999994
	 DR Bracket: 2
	 Base: 19,8%
	 Effective Percent: 95,29%
----------------------
03:59,659

Intellect
	 Rating: 140996
	 Multiplicative Factor: 8,15%
	 Eff: 140996
Stamina
	 Rating: 879789
	 Multiplicative Factor: 11,3%
	 Eff: 879789,0000000001
Crit
	 Rating: 12085
	 Multiplicative Factor: 0%
	 Eff: 15585
	 DR Bracket: 0
	 Base: 5%
	 Effective Percent: 22,26%
	 Crit Inc Heal: 2
	 Crit Inc Damage: 2
Haste
	 Rating: 17110
	 Multiplicative Factor: 0%
	 Eff: 17109,999999999996
	 DR Bracket: 0
	 Base: 0%
	 Effective Percent: 25,92%
Vers
	 Rating: 10782
	 Multiplicative Factor: 0%
	 Eff: 13122
	 DR Bracket: 0
	 Base: 3%
	 Effective Percent: 16,82%
Leech
	 Rating: 3061
	 Multiplicative Factor: 0%
	 Eff: 5100,99025
	 DR Bracket: 0
	 Base: 2%
	 Effective Percent: 5%
Avoidance
	 Rating: 1224
	 Multiplicative Factor: 0%
	 Eff: 1224
	 DR Bracket: 0
	 Base: 0%
	 Effective Percent: 2,25%
Mastery
	 Rating: 30573
	 Multiplicative Factor: 0%
	 Eff: 37058,399999999994
	 DR Bracket: 2
	 Base: 19,8%
	 Effective Percent: 95,29%
----------------------
04:04,719

Intellect
	 Rating: 140996
	 Multiplicative Factor: 8,15%
	 Eff: 140996
Stamina
	 Rating: 879789
	 Multiplicative Factor: 11,3%
	 Eff: 879789,0000000001
Crit
	 Rating: 12085
	 Multiplicative Factor: 0%
	 Eff: 15585
	 DR Bracket: 0
	 Base: 5%
	 Effective Percent: 22,26%
	 Crit Inc Heal: 2
	 Crit Inc Damage: 2
Haste
	 Rating: 17110
	 Multiplicative Factor: 0%
	 Eff: 17109,999999999996
	 DR Bracket: 0
	 Base: 0%
	 Effective Percent: 25,92%
Vers
	 Rating: 10782
	 Multiplicative Factor: 0%
	 Eff: 13122
	 DR Bracket: 0
	 Base: 3%
	 Effective Percent: 16,82%
Leech
	 Rating: 3061
	 Multiplicative Factor: 0%
	 Eff: 5100,99025
	 DR Bracket: 0
	 Base: 2%
	 Effective Percent: 5%
Avoidance
	 Rating: 1224
	 Multiplicative Factor: 0%
	 Eff: 1224
	 DR Bracket: 0
	 Base: 0%
	 Effective Percent: 2,25%
Mastery
	 Rating: 30573
	 Multiplicative Factor: 0%
	 Eff: 37058,399999999994
	 DR Bracket: 2
	 Base: 19,8%
	 Effective Percent: 95,29%
----------------------
04:09,820

Intellect
	 Rating: 140996
	 Multiplicative Factor: 8,15%
	 Eff: 140996
Stamina
	 Rating: 879789
	 Multiplicative Factor: 11,3%
	 Eff: 879789,0000000001
Crit
	 Rating: 12085
	 Multiplicative Factor: 0%
	 Eff: 15585
	 DR Bracket: 0
	 Base: 5%
	 Effective Percent: 22,26%
	 Crit Inc Heal: 2
	 Crit Inc Damage: 2
Haste
	 Rating: 17110
	 Multiplicative Factor: 0%
	 Eff: 17109,999999999996
	 DR Bracket: 0
	 Base: 0%
	 Effective Percent: 25,92%
Vers
	 Rating: 10782
	 Multiplicative Factor: 0%
	 Eff: 13122
	 DR Bracket: 0
	 Base: 3%
	 Effective Percent: 16,82%
Leech
	 Rating: 3061
	 Multiplicative Factor: 0%
	 Eff: 5100,99025
	 DR Bracket: 0
	 Base: 2%
	 Effective Percent: 5%
Avoidance
	 Rating: 1224
	 Multiplicative Factor: 0%
	 Eff: 1224
	 DR Bracket: 0
	 Base: 0%
	 Effective Percent: 2,25%
Mastery
	 Rating: 30573
	 Multiplicative Factor: 0%
	 Eff: 37058,399999999994
	 DR Bracket: 2
	 Base: 19,8%
	 Effective Percent: 95,29%
----------------------
04:22,951

Intellect
	 Rating: 140996
	 Multiplicative Factor: 8,15%
	 Eff: 140996
Stamina
	 Rating: 879789
	 Multiplicative Factor: 11,3%
	 Eff: 879789,0000000001
Crit
	 Rating: 12085
	 Multiplicative Factor: 0%
	 Eff: 15585
	 DR Bracket: 0
	 Base: 5%
	 Effective Percent: 22,26%
	 Crit Inc Heal: 2
	 Crit Inc Damage: 2
Haste
	 Rating: 17110
	 Multiplicative Factor: 0%
	 Eff: 17109,999999999996
	 DR Bracket: 0
	 Base: 0%
	 Effective Percent: 25,92%
Vers
	 Rating: 10782
	 Multiplicative Factor: 0%
	 Eff: 13122
	 DR Bracket: 0
	 Base: 3%
	 Effective Percent: 16,82%
Leech
	 Rating: 3061
	 Multiplicative Factor: 0%
	 Eff: 5100,99025
	 DR Bracket: 0
	 Base: 2%
	 Effective Percent: 5%
Avoidance
	 Rating: 1224
	 Multiplicative Factor: 0%
	 Eff: 1224
	 DR Bracket: 0
	 Base: 0%
	 Effective Percent: 2,25%
Mastery
	 Rating: 33896
	 Multiplicative Factor: 0%
	 Eff: 39716,799999999996
	 DR Bracket: 2
	 Base: 19,8%
	 Effective Percent: 102,13%
----------------------
04:28,161

Intellect
	 Rating: 140996
	 Multiplicative Factor: 8,15%
	 Eff: 140996
Stamina
	 Rating: 879789
	 Multiplicative Factor: 11,3%
	 Eff: 879789,0000000001
Crit
	 Rating: 12085
	 Multiplicative Factor: 0%
	 Eff: 15585
	 DR Bracket: 0
	 Base: 5%
	 Effective Percent: 22,26%
	 Crit Inc Heal: 2,6
	 Crit Inc Damage: 2
Haste
	 Rating: 17110
	 Multiplicative Factor: 0%
	 Eff: 17109,999999999996
	 DR Bracket: 0
	 Base: 0%
	 Effective Percent: 25,92%
Vers
	 Rating: 10782
	 Multiplicative Factor: 0%
	 Eff: 13122
	 DR Bracket: 0
	 Base: 3%
	 Effective Percent: 16,82%
Leech
	 Rating: 3061
	 Multiplicative Factor: 0%
	 Eff: 5100,99025
	 DR Bracket: 0
	 Base: 2%
	 Effective Percent: 5%
Avoidance
	 Rating: 1224
	 Multiplicative Factor: 0%
	 Eff: 1224
	 DR Bracket: 0
	 Base: 0%
	 Effective Percent: 2,25%
Mastery
	 Rating: 33896
	 Multiplicative Factor: 0%
	 Eff: 39716,799999999996
	 DR Bracket: 2
	 Base: 19,8%
	 Effective Percent: 102,13%
----------------------
04:33,241

Intellect
	 Rating: 140996
	 Multiplicative Factor: 8,15%
	 Eff: 140996
Stamina
	 Rating: 879789
	 Multiplicative Factor: 11,3%
	 Eff: 879789,0000000001
Crit
	 Rating: 18070
	 Multiplicative Factor: 0%
	 Eff: 21569,876683105605
	 DR Bracket: 0
	 Base: 5%
	 Effective Percent: 30,81%
	 Crit Inc Heal: 2,6
	 Crit Inc Damage: 2
Haste
	 Rating: 17110
	 Multiplicative Factor: 0%
	 Eff: 17109,999999999996
	 DR Bracket: 0
	 Base: 0%
	 Effective Percent: 25,92%
Vers
	 Rating: 10782
	 Multiplicative Factor: 0%
	 Eff: 13122
	 DR Bracket: 0
	 Base: 3%
	 Effective Percent: 16,82%
Leech
	 Rating: 3061
	 Multiplicative Factor: 0%
	 Eff: 5100,99025
	 DR Bracket: 0
	 Base: 2%
	 Effective Percent: 5%
Avoidance
	 Rating: 1224
	 Multiplicative Factor: 0%
	 Eff: 1224
	 DR Bracket: 0
	 Base: 0%
	 Effective Percent: 2,25%
Mastery
	 Rating: 33896
	 Multiplicative Factor: 0%
	 Eff: 39716,799999999996
	 DR Bracket: 2
	 Base: 19,8%
	 Effective Percent: 102,13%
----------------------
04:38,282

Intellect
	 Rating: 140996
	 Multiplicative Factor: 8,15%
	 Eff: 140996
Stamina
	 Rating: 879789
	 Multiplicative Factor: 11,3%
	 Eff: 879789,0000000001
Crit
	 Rating: 18070
	 Multiplicative Factor: 0%
	 Eff: 21569,876683105605
	 DR Bracket: 0
	 Base: 5%
	 Effective Percent: 30,81%
	 Crit Inc Heal: 2
	 Crit Inc Damage: 2
Haste
	 Rating: 17110
	 Multiplicative Factor: 0%
	 Eff: 17109,999999999996
	 DR Bracket: 0
	 Base: 0%
	 Effective Percent: 25,92%
Vers
	 Rating: 10782
	 Multiplicative Factor: 0%
	 Eff: 13122
	 DR Bracket: 0
	 Base: 3%
	 Effective Percent: 16,82%
Leech
	 Rating: 3061
	 Multiplicative Factor: 0%
	 Eff: 5100,99025
	 DR Bracket: 0
	 Base: 2%
	 Effective Percent: 5%
Avoidance
	 Rating: 1224
	 Multiplicative Factor: 0%
	 Eff: 1224
	 DR Bracket: 0
	 Base: 0%
	 Effective Percent: 2,25%
Mastery
	 Rating: 33896
	 Multiplicative Factor: 0%
	 Eff: 39716,799999999996
	 DR Bracket: 2
	 Base: 19,8%
	 Effective Percent: 102,13%
----------------------
04:43,471

Intellect
	 Rating: 140996
	 Multiplicative Factor: 8,15%
	 Eff: 140996
Stamina
	 Rating: 879789
	 Multiplicative Factor: 11,3%
	 Eff: 879789,0000000001
Crit
	 Rating: 12085
	 Multiplicative Factor: 0%
	 Eff: 15585
	 DR Bracket: 0
	 Base: 5%
	 Effective Percent: 22,26%
	 Crit Inc Heal: 2
	 Crit Inc Damage: 2
Haste
	 Rating: 17110
	 Multiplicative Factor: 0%
	 Eff: 17109,999999999996
	 DR Bracket: 0
	 Base: 0%
	 Effective Percent: 25,92%
Vers
	 Rating: 10782
	 Multiplicative Factor: 0%
	 Eff: 13122
	 DR Bracket: 0
	 Base: 3%
	 Effective Percent: 16,82%
Leech
	 Rating: 3061
	 Multiplicative Factor: 0%
	 Eff: 5100,99025
	 DR Bracket: 0
	 Base: 2%
	 Effective Percent: 5%
Avoidance
	 Rating: 1224
	 Multiplicative Factor: 0%
	 Eff: 1224
	 DR Bracket: 0
	 Base: 0%
	 Effective Percent: 2,25%
Mastery
	 Rating: 33896
	 Multiplicative Factor: 0%
	 Eff: 39716,799999999996
	 DR Bracket: 2
	 Base: 19,8%
	 Effective Percent: 102,13%
----------------------
04:48,715

Intellect
	 Rating: 140996
	 Multiplicative Factor: 8,15%
	 Eff: 140996
Stamina
	 Rating: 879789
	 Multiplicative Factor: 11,3%
	 Eff: 879789,0000000001
Crit
	 Rating: 12085
	 Multiplicative Factor: 0%
	 Eff: 15585
	 DR Bracket: 0
	 Base: 5%
	 Effective Percent: 22,26%
	 Crit Inc Heal: 2
	 Crit Inc Damage: 2
Haste
	 Rating: 17110
	 Multiplicative Factor: 0%
	 Eff: 17109,999999999996
	 DR Bracket: 0
	 Base: 0%
	 Effective Percent: 25,92%
Vers
	 Rating: 10782
	 Multiplicative Factor: 0%
	 Eff: 13122
	 DR Bracket: 0
	 Base: 3%
	 Effective Percent: 16,82%
Leech
	 Rating: 3061
	 Multiplicative Factor: 0%
	 Eff: 5100,99025
	 DR Bracket: 0
	 Base: 2%
	 Effective Percent: 5%
Avoidance
	 Rating: 1224
	 Multiplicative Factor: 0%
	 Eff: 1224
	 DR Bracket: 0
	 Base: 0%
	 Effective Percent: 2,25%
Mastery
	 Rating: 33896
	 Multiplicative Factor: 0%
	 Eff: 39716,799999999996
	 DR Bracket: 2
	 Base: 19,8%
	 Effective Percent: 102,13%
----------------------
04:54,093

Intellect
	 Rating: 140996
	 Multiplicative Factor: 8,15%
	 Eff: 140996
Stamina
	 Rating: 879789
	 Multiplicative Factor: 11,3%
	 Eff: 879789,0000000001
Crit
	 Rating: 12085
	 Multiplicative Factor: 0%
	 Eff: 15585
	 DR Bracket: 0
	 Base: 5%
	 Effective Percent: 22,26%
	 Crit Inc Heal: 2,6
	 Crit Inc Damage: 2
Haste
	 Rating: 17110
	 Multiplicative Factor: 0%
	 Eff: 17109,999999999996
	 DR Bracket: 0
	 Base: 0%
	 Effective Percent: 25,92%
Vers
	 Rating: 10782
	 Multiplicative Factor: 0%
	 Eff: 13122
	 DR Bracket: 0
	 Base: 3%
	 Effective Percent: 16,82%
Leech
	 Rating: 3061
	 Multiplicative Factor: 0%
	 Eff: 5100,99025
	 DR Bracket: 0
	 Base: 2%
	 Effective Percent: 5%
Avoidance
	 Rating: 1224
	 Multiplicative Factor: 0%
	 Eff: 1224
	 DR Bracket: 0
	 Base: 0%
	 Effective Percent: 2,25%
Mastery
	 Rating: 33896
	 Multiplicative Factor: 0%
	 Eff: 39716,799999999996
	 DR Bracket: 2
	 Base: 19,8%
	 Effective Percent: 102,13%
----------------------
04:59,126

Intellect
	 Rating: 140996
	 Multiplicative Factor: 8,15%
	 Eff: 140996
Stamina
	 Rating: 879789
	 Multiplicative Factor: 11,3%
	 Eff: 879789,0000000001
Crit
	 Rating: 12085
	 Multiplicative Factor: 0%
	 Eff: 15585
	 DR Bracket: 0
	 Base: 5%
	 Effective Percent: 22,26%
	 Crit Inc Heal: 2,6
	 Crit Inc Damage: 2
Haste
	 Rating: 17110
	 Multiplicative Factor: 0%
	 Eff: 17109,999999999996
	 DR Bracket: 0
	 Base: 0%
	 Effective Percent: 25,92%
Vers
	 Rating: 10782
	 Multiplicative Factor: 0%
	 Eff: 13122
	 DR Bracket: 0
	 Base: 3%
	 Effective Percent: 16,82%
Leech
	 Rating: 3061
	 Multiplicative Factor: 0%
	 Eff: 5100,99025
	 DR Bracket: 0
	 Base: 2%
	 Effective Percent: 5%
Avoidance
	 Rating: 1224
	 Multiplicative Factor: 0%
	 Eff: 1224
	 DR Bracket: 0
	 Base: 0%
	 Effective Percent: 2,25%
Mastery
	 Rating: 33896
	 Multiplicative Factor: 0%
	 Eff: 39716,799999999996
	 DR Bracket: 2
	 Base: 19,8%
	 Effective Percent: 102,13%
----------------------
05:04,322

Intellect
	 Rating: 140996
	 Multiplicative Factor: 8,15%
	 Eff: 140996
Stamina
	 Rating: 879789
	 Multiplicative Factor: 11,3%
	 Eff: 879789,0000000001
Crit
	 Rating: 12085
	 Multiplicative Factor: 0%
	 Eff: 15585
	 DR Bracket: 0
	 Base: 5%
	 Effective Percent: 22,26%
	 Crit Inc Heal: 2,6
	 Crit Inc Damage: 2
Haste
	 Rating: 17110
	 Multiplicative Factor: 0%
	 Eff: 17109,999999999996
	 DR Bracket: 0
	 Base: 0%
	 Effective Percent: 25,92%
Vers
	 Rating: 10782
	 Multiplicative Factor: 0%
	 Eff: 13122
	 DR Bracket: 0
	 Base: 3%
	 Effective Percent: 16,82%
Leech
	 Rating: 3061
	 Multiplicative Factor: 0%
	 Eff: 5100,99025
	 DR Bracket: 0
	 Base: 2%
	 Effective Percent: 5%
Avoidance
	 Rating: 1224
	 Multiplicative Factor: 0%
	 Eff: 1224
	 DR Bracket: 0
	 Base: 0%
	 Effective Percent: 2,25%
Mastery
	 Rating: 33896
	 Multiplicative Factor: 0%
	 Eff: 39716,799999999996
	 DR Bracket: 2
	 Base: 19,8%
	 Effective Percent: 102,13%
----------------------
05:09,553

Intellect
	 Rating: 140996
	 Multiplicative Factor: 8,15%
	 Eff: 140996
Stamina
	 Rating: 879789
	 Multiplicative Factor: 11,3%
	 Eff: 879789,0000000001
Crit
	 Rating: 12085
	 Multiplicative Factor: 0%
	 Eff: 15585
	 DR Bracket: 0
	 Base: 5%
	 Effective Percent: 22,26%
	 Crit Inc Heal: 2,6
	 Crit Inc Damage: 2
Haste
	 Rating: 17110
	 Multiplicative Factor: 0%
	 Eff: 17109,999999999996
	 DR Bracket: 0
	 Base: 0%
	 Effective Percent: 25,92%
Vers
	 Rating: 10782
	 Multiplicative Factor: 0%
	 Eff: 13122
	 DR Bracket: 0
	 Base: 3%
	 Effective Percent: 16,82%
Leech
	 Rating: 3061
	 Multiplicative Factor: 0%
	 Eff: 5100,99025
	 DR Bracket: 0
	 Base: 2%
	 Effective Percent: 5%
Avoidance
	 Rating: 1224
	 Multiplicative Factor: 0%
	 Eff: 1224
	 DR Bracket: 0
	 Base: 0%
	 Effective Percent: 2,25%
Mastery
	 Rating: 33896
	 Multiplicative Factor: 0%
	 Eff: 39716,799999999996
	 DR Bracket: 2
	 Base: 19,8%
	 Effective Percent: 102,13%
----------------------
05:14,589

Intellect
	 Rating: 140996
	 Multiplicative Factor: 8,15%
	 Eff: 140996
Stamina
	 Rating: 879789
	 Multiplicative Factor: 11,3%
	 Eff: 879789,0000000001
Crit
	 Rating: 12085
	 Multiplicative Factor: 0%
	 Eff: 15585
	 DR Bracket: 0
	 Base: 5%
	 Effective Percent: 22,26%
	 Crit Inc Heal: 2
	 Crit Inc Damage: 2
Haste
	 Rating: 17110
	 Multiplicative Factor: 0%
	 Eff: 17109,999999999996
	 DR Bracket: 0
	 Base: 0%
	 Effective Percent: 25,92%
Vers
	 Rating: 10782
	 Multiplicative Factor: 0%
	 Eff: 13122
	 DR Bracket: 0
	 Base: 3%
	 Effective Percent: 16,82%
Leech
	 Rating: 3061
	 Multiplicative Factor: 0%
	 Eff: 5100,99025
	 DR Bracket: 0
	 Base: 2%
	 Effective Percent: 5%
Avoidance
	 Rating: 1224
	 Multiplicative Factor: 0%
	 Eff: 1224
	 DR Bracket: 0
	 Base: 0%
	 Effective Percent: 2,25%
Mastery
	 Rating: 33896
	 Multiplicative Factor: 0%
	 Eff: 39716,799999999996
	 DR Bracket: 2
	 Base: 19,8%
	 Effective Percent: 102,13%
----------------------
05:19,649

Intellect
	 Rating: 140996
	 Multiplicative Factor: 8,15%
	 Eff: 140996
Stamina
	 Rating: 879789
	 Multiplicative Factor: 11,3%
	 Eff: 879789,0000000001
Crit
	 Rating: 12085
	 Multiplicative Factor: 0%
	 Eff: 15585
	 DR Bracket: 0
	 Base: 5%
	 Effective Percent: 22,26%
	 Crit Inc Heal: 2,6
	 Crit Inc Damage: 2
Haste
	 Rating: 17110
	 Multiplicative Factor: 0%
	 Eff: 17109,999999999996
	 DR Bracket: 0
	 Base: 0%
	 Effective Percent: 25,92%
Vers
	 Rating: 10782
	 Multiplicative Factor: 0%
	 Eff: 13122
	 DR Bracket: 0
	 Base: 3%
	 Effective Percent: 16,82%
Leech
	 Rating: 3061
	 Multiplicative Factor: 0%
	 Eff: 5100,99025
	 DR Bracket: 0
	 Base: 2%
	 Effective Percent: 5%
Avoidance
	 Rating: 1224
	 Multiplicative Factor: 0%
	 Eff: 1224
	 DR Bracket: 0
	 Base: 0%
	 Effective Percent: 2,25%
Mastery
	 Rating: 33896
	 Multiplicative Factor: 0%
	 Eff: 39716,799999999996
	 DR Bracket: 2
	 Base: 19,8%
	 Effective Percent: 102,13%
----------------------
05:24,705

Intellect
	 Rating: 140996
	 Multiplicative Factor: 8,15%
	 Eff: 140996
Stamina
	 Rating: 879789
	 Multiplicative Factor: 11,3%
	 Eff: 879789,0000000001
Crit
	 Rating: 12085
	 Multiplicative Factor: 0%
	 Eff: 15585
	 DR Bracket: 0
	 Base: 5%
	 Effective Percent: 22,26%
	 Crit Inc Heal: 2,6
	 Crit Inc Damage: 2
Haste
	 Rating: 17110
	 Multiplicative Factor: 0%
	 Eff: 17109,999999999996
	 DR Bracket: 0
	 Base: 0%
	 Effective Percent: 25,92%
Vers
	 Rating: 10782
	 Multiplicative Factor: 0%
	 Eff: 13122
	 DR Bracket: 0
	 Base: 3%
	 Effective Percent: 16,82%
Leech
	 Rating: 3061
	 Multiplicative Factor: 0%
	 Eff: 5100,99025
	 DR Bracket: 0
	 Base: 2%
	 Effective Percent: 5%
Avoidance
	 Rating: 1224
	 Multiplicative Factor: 0%
	 Eff: 1224
	 DR Bracket: 0
	 Base: 0%
	 Effective Percent: 2,25%
Mastery
	 Rating: 33896
	 Multiplicative Factor: 0%
	 Eff: 39716,799999999996
	 DR Bracket: 2
	 Base: 19,8%
	 Effective Percent: 102,13%
----------------------
05:29,834

Intellect
	 Rating: 140996
	 Multiplicative Factor: 8,15%
	 Eff: 140996
Stamina
	 Rating: 879789
	 Multiplicative Factor: 11,3%
	 Eff: 879789,0000000001
Crit
	 Rating: 12085
	 Multiplicative Factor: 0%
	 Eff: 15585
	 DR Bracket: 0
	 Base: 5%
	 Effective Percent: 22,26%
	 Crit Inc Heal: 2,6
	 Crit Inc Damage: 2
Haste
	 Rating: 17110
	 Multiplicative Factor: 0%
	 Eff: 17109,999999999996
	 DR Bracket: 0
	 Base: 0%
	 Effective Percent: 25,92%
Vers
	 Rating: 10782
	 Multiplicative Factor: 0%
	 Eff: 13122
	 DR Bracket: 0
	 Base: 3%
	 Effective Percent: 16,82%
Leech
	 Rating: 3061
	 Multiplicative Factor: 0%
	 Eff: 5100,99025
	 DR Bracket: 0
	 Base: 2%
	 Effective Percent: 5%
Avoidance
	 Rating: 1224
	 Multiplicative Factor: 0%
	 Eff: 1224
	 DR Bracket: 0
	 Base: 0%
	 Effective Percent: 2,25%
Mastery
	 Rating: 33896
	 Multiplicative Factor: 0%
	 Eff: 39716,799999999996
	 DR Bracket: 2
	 Base: 19,8%
	 Effective Percent: 102,13%
----------------------
05:34,980

Intellect
	 Rating: 140996
	 Multiplicative Factor: 8,15%
	 Eff: 140996
Stamina
	 Rating: 879789
	 Multiplicative Factor: 11,3%
	 Eff: 879789,0000000001
Crit
	 Rating: 18070
	 Multiplicative Factor: 0%
	 Eff: 21569,876683105605
	 DR Bracket: 0
	 Base: 5%
	 Effective Percent: 30,81%
	 Crit Inc Heal: 2
	 Crit Inc Damage: 2
Haste
	 Rating: 17110
	 Multiplicative Factor: 0%
	 Eff: 17109,999999999996
	 DR Bracket: 0
	 Base: 0%
	 Effective Percent: 25,92%
Vers
	 Rating: 10782
	 Multiplicative Factor: 0%
	 Eff: 13122
	 DR Bracket: 0
	 Base: 3%
	 Effective Percent: 16,82%
Leech
	 Rating: 3061
	 Multiplicative Factor: 0%
	 Eff: 5100,99025
	 DR Bracket: 0
	 Base: 2%
	 Effective Percent: 5%
Avoidance
	 Rating: 1224
	 Multiplicative Factor: 0%
	 Eff: 1224
	 DR Bracket: 0
	 Base: 0%
	 Effective Percent: 2,25%
Mastery
	 Rating: 33896
	 Multiplicative Factor: 0%
	 Eff: 39716,799999999996
	 DR Bracket: 2
	 Base: 19,8%
	 Effective Percent: 102,13%
----------------------
05:40,093

Intellect
	 Rating: 140996
	 Multiplicative Factor: 8,15%
	 Eff: 140996
Stamina
	 Rating: 879789
	 Multiplicative Factor: 11,3%
	 Eff: 879789,0000000001
Crit
	 Rating: 18070
	 Multiplicative Factor: 0%
	 Eff: 21569,876683105605
	 DR Bracket: 0
	 Base: 5%
	 Effective Percent: 30,81%
	 Crit Inc Heal: 2
	 Crit Inc Damage: 2
Haste
	 Rating: 17110
	 Multiplicative Factor: 0%
	 Eff: 17109,999999999996
	 DR Bracket: 0
	 Base: 0%
	 Effective Percent: 25,92%
Vers
	 Rating: 10782
	 Multiplicative Factor: 0%
	 Eff: 13122
	 DR Bracket: 0
	 Base: 3%
	 Effective Percent: 16,82%
Leech
	 Rating: 3061
	 Multiplicative Factor: 0%
	 Eff: 5100,99025
	 DR Bracket: 0
	 Base: 2%
	 Effective Percent: 5%
Avoidance
	 Rating: 1224
	 Multiplicative Factor: 0%
	 Eff: 1224
	 DR Bracket: 0
	 Base: 0%
	 Effective Percent: 2,25%
Mastery
	 Rating: 33896
	 Multiplicative Factor: 0%
	 Eff: 39716,799999999996
	 DR Bracket: 2
	 Base: 19,8%
	 Effective Percent: 102,13%
----------------------
05:45,346

Intellect
	 Rating: 140996
	 Multiplicative Factor: 8,15%
	 Eff: 140996
Stamina
	 Rating: 879789
	 Multiplicative Factor: 11,3%
	 Eff: 879789,0000000001
Crit
	 Rating: 12085
	 Multiplicative Factor: 0%
	 Eff: 15585
	 DR Bracket: 0
	 Base: 5%
	 Effective Percent: 22,26%
	 Crit Inc Heal: 2
	 Crit Inc Damage: 2
Haste
	 Rating: 17110
	 Multiplicative Factor: 0%
	 Eff: 17109,999999999996
	 DR Bracket: 0
	 Base: 0%
	 Effective Percent: 25,92%
Vers
	 Rating: 10782
	 Multiplicative Factor: 0%
	 Eff: 13122
	 DR Bracket: 0
	 Base: 3%
	 Effective Percent: 16,82%
Leech
	 Rating: 3061
	 Multiplicative Factor: 0%
	 Eff: 5100,99025
	 DR Bracket: 0
	 Base: 2%
	 Effective Percent: 5%
Avoidance
	 Rating: 1224
	 Multiplicative Factor: 0%
	 Eff: 1224
	 DR Bracket: 0
	 Base: 0%
	 Effective Percent: 2,25%
Mastery
	 Rating: 33896
	 Multiplicative Factor: 0%
	 Eff: 39716,799999999996
	 DR Bracket: 2
	 Base: 19,8%
	 Effective Percent: 102,13%
----------------------
05:50,495

Intellect
	 Rating: 140996
	 Multiplicative Factor: 8,15%
	 Eff: 140996
Stamina
	 Rating: 879789
	 Multiplicative Factor: 11,3%
	 Eff: 879789,0000000001
Crit
	 Rating: 12085
	 Multiplicative Factor: 0%
	 Eff: 15585
	 DR Bracket: 0
	 Base: 5%
	 Effective Percent: 22,26%
	 Crit Inc Heal: 2,6
	 Crit Inc Damage: 2
Haste
	 Rating: 17110
	 Multiplicative Factor: 0%
	 Eff: 42043
	 DR Bracket: 0
	 Base: 30%
	 Effective Percent: 63,7%
Vers
	 Rating: 10782
	 Multiplicative Factor: 0%
	 Eff: 13122
	 DR Bracket: 0
	 Base: 3%
	 Effective Percent: 16,82%
Leech
	 Rating: 3061
	 Multiplicative Factor: 0%
	 Eff: 5100,99025
	 DR Bracket: 0
	 Base: 2%
	 Effective Percent: 5%
Avoidance
	 Rating: 1224
	 Multiplicative Factor: 0%
	 Eff: 1224
	 DR Bracket: 0
	 Base: 0%
	 Effective Percent: 2,25%
Mastery
	 Rating: 33896
	 Multiplicative Factor: 0%
	 Eff: 39716,799999999996
	 DR Bracket: 2
	 Base: 19,8%
	 Effective Percent: 102,13%
----------------------
05:55,701

Intellect
	 Rating: 140996
	 Multiplicative Factor: 8,15%
	 Eff: 140996
Stamina
	 Rating: 879789
	 Multiplicative Factor: 11,3%
	 Eff: 879789,0000000001
Crit
	 Rating: 12085
	 Multiplicative Factor: 0%
	 Eff: 15585
	 DR Bracket: 0
	 Base: 5%
	 Effective Percent: 22,26%
	 Crit Inc Heal: 2,6
	 Crit Inc Damage: 2
Haste
	 Rating: 17110
	 Multiplicative Factor: 0%
	 Eff: 42043
	 DR Bracket: 0
	 Base: 30%
	 Effective Percent: 63,7%
Vers
	 Rating: 10782
	 Multiplicative Factor: 0%
	 Eff: 13122
	 DR Bracket: 0
	 Base: 3%
	 Effective Percent: 16,82%
Leech
	 Rating: 3061
	 Multiplicative Factor: 0%
	 Eff: 5100,99025
	 DR Bracket: 0
	 Base: 2%
	 Effective Percent: 5%
Avoidance
	 Rating: 1224
	 Multiplicative Factor: 0%
	 Eff: 1224
	 DR Bracket: 0
	 Base: 0%
	 Effective Percent: 2,25%
Mastery
	 Rating: 33896
	 Multiplicative Factor: 0%
	 Eff: 39716,799999999996
	 DR Bracket: 2
	 Base: 19,8%
	 Effective Percent: 102,13%
----------------------
06:00,763

Intellect
	 Rating: 140996
	 Multiplicative Factor: 8,15%
	 Eff: 140996
Stamina
	 Rating: 879789
	 Multiplicative Factor: 11,3%
	 Eff: 879789,0000000001
Crit
	 Rating: 12085
	 Multiplicative Factor: 0%
	 Eff: 15585
	 DR Bracket: 0
	 Base: 5%
	 Effective Percent: 22,26%
	 Crit Inc Heal: 2,6
	 Crit Inc Damage: 2
Haste
	 Rating: 17110
	 Multiplicative Factor: 0%
	 Eff: 42043
	 DR Bracket: 0
	 Base: 30%
	 Effective Percent: 63,7%
Vers
	 Rating: 10782
	 Multiplicative Factor: 0%
	 Eff: 13122
	 DR Bracket: 0
	 Base: 3%
	 Effective Percent: 16,82%
Leech
	 Rating: 3061
	 Multiplicative Factor: 0%
	 Eff: 5100,99025
	 DR Bracket: 0
	 Base: 2%
	 Effective Percent: 5%
Avoidance
	 Rating: 1224
	 Multiplicative Factor: 0%
	 Eff: 1224
	 DR Bracket: 0
	 Base: 0%
	 Effective Percent: 2,25%
Mastery
	 Rating: 33896
	 Multiplicative Factor: 0%
	 Eff: 39716,799999999996
	 DR Bracket: 2
	 Base: 19,8%
	 Effective Percent: 102,13%
----------------------
06:05,929

Intellect
	 Rating: 140996
	 Multiplicative Factor: 8,15%
	 Eff: 140996
Stamina
	 Rating: 879789
	 Multiplicative Factor: 11,3%
	 Eff: 879789,0000000001
Crit
	 Rating: 12085
	 Multiplicative Factor: 0%
	 Eff: 15585
	 DR Bracket: 0
	 Base: 5%
	 Effective Percent: 22,26%
	 Crit Inc Heal: 2,6
	 Crit Inc Damage: 2
Haste
	 Rating: 17110
	 Multiplicative Factor: 0%
	 Eff: 42043
	 DR Bracket: 0
	 Base: 30%
	 Effective Percent: 63,7%
Vers
	 Rating: 10782
	 Multiplicative Factor: 0%
	 Eff: 13122
	 DR Bracket: 0
	 Base: 3%
	 Effective Percent: 16,82%
Leech
	 Rating: 3061
	 Multiplicative Factor: 0%
	 Eff: 5100,99025
	 DR Bracket: 0
	 Base: 2%
	 Effective Percent: 5%
Avoidance
	 Rating: 1224
	 Multiplicative Factor: 0%
	 Eff: 1224
	 DR Bracket: 0
	 Base: 0%
	 Effective Percent: 2,25%
Mastery
	 Rating: 33896
	 Multiplicative Factor: 0%
	 Eff: 39716,799999999996
	 DR Bracket: 2
	 Base: 19,8%
	 Effective Percent: 102,13%
----------------------
06:11,000

Intellect
	 Rating: 140996
	 Multiplicative Factor: 8,15%
	 Eff: 140996
Stamina
	 Rating: 879789
	 Multiplicative Factor: 11,3%
	 Eff: 879789,0000000001
Crit
	 Rating: 12085
	 Multiplicative Factor: 0%
	 Eff: 15585
	 DR Bracket: 0
	 Base: 5%
	 Effective Percent: 22,26%
	 Crit Inc Heal: 2,6
	 Crit Inc Damage: 2
Haste
	 Rating: 17110
	 Multiplicative Factor: 0%
	 Eff: 42043
	 DR Bracket: 0
	 Base: 30%
	 Effective Percent: 63,7%
Vers
	 Rating: 10782
	 Multiplicative Factor: 0%
	 Eff: 13122
	 DR Bracket: 0
	 Base: 3%
	 Effective Percent: 16,82%
Leech
	 Rating: 3061
	 Multiplicative Factor: 0%
	 Eff: 5100,99025
	 DR Bracket: 0
	 Base: 2%
	 Effective Percent: 5%
Avoidance
	 Rating: 1224
	 Multiplicative Factor: 0%
	 Eff: 1224
	 DR Bracket: 0
	 Base: 0%
	 Effective Percent: 2,25%
Mastery
	 Rating: 33896
	 Multiplicative Factor: 0%
	 Eff: 39716,799999999996
	 DR Bracket: 2
	 Base: 19,8%
	 Effective Percent: 102,13%
----------------------
06:16,115

Intellect
	 Rating: 140996
	 Multiplicative Factor: 8,15%
	 Eff: 140996
Stamina
	 Rating: 879789
	 Multiplicative Factor: 11,3%
	 Eff: 879789,0000000001
Crit
	 Rating: 12085
	 Multiplicative Factor: 0%
	 Eff: 15585
	 DR Bracket: 0
	 Base: 5%
	 Effective Percent: 22,26%
	 Crit Inc Heal: 2,6
	 Crit Inc Damage: 2
Haste
	 Rating: 17110
	 Multiplicative Factor: 0%
	 Eff: 42043
	 DR Bracket: 0
	 Base: 30%
	 Effective Percent: 63,7%
Vers
	 Rating: 10782
	 Multiplicative Factor: 0%
	 Eff: 13122
	 DR Bracket: 0
	 Base: 3%
	 Effective Percent: 16,82%
Leech
	 Rating: 3061
	 Multiplicative Factor: 0%
	 Eff: 5100,99025
	 DR Bracket: 0
	 Base: 2%
	 Effective Percent: 5%
Avoidance
	 Rating: 1224
	 Multiplicative Factor: 0%
	 Eff: 1224
	 DR Bracket: 0
	 Base: 0%
	 Effective Percent: 2,25%
Mastery
	 Rating: 33896
	 Multiplicative Factor: 0%
	 Eff: 39716,799999999996
	 DR Bracket: 2
	 Base: 19,8%
	 Effective Percent: 102,13%
----------------------
06:21,137

Intellect
	 Rating: 140996
	 Multiplicative Factor: 8,15%
	 Eff: 140996
Stamina
	 Rating: 879789
	 Multiplicative Factor: 11,3%
	 Eff: 879789,0000000001
Crit
	 Rating: 18070
	 Multiplicative Factor: 0%
	 Eff: 21569,876683105605
	 DR Bracket: 0
	 Base: 5%
	 Effective Percent: 30,81%
	 Crit Inc Heal: 2,6
	 Crit Inc Damage: 2
Haste
	 Rating: 17110
	 Multiplicative Factor: 0%
	 Eff: 42043
	 DR Bracket: 0
	 Base: 30%
	 Effective Percent: 63,7%
Vers
	 Rating: 10782
	 Multiplicative Factor: 0%
	 Eff: 13122
	 DR Bracket: 0
	 Base: 3%
	 Effective Percent: 16,82%
Leech
	 Rating: 3061
	 Multiplicative Factor: 0%
	 Eff: 5100,99025
	 DR Bracket: 0
	 Base: 2%
	 Effective Percent: 5%
Avoidance
	 Rating: 1224
	 Multiplicative Factor: 0%
	 Eff: 1224
	 DR Bracket: 0
	 Base: 0%
	 Effective Percent: 2,25%
Mastery
	 Rating: 33896
	 Multiplicative Factor: 0%
	 Eff: 39716,799999999996
	 DR Bracket: 2
	 Base: 19,8%
	 Effective Percent: 102,13%
----------------------
06:26,141

Intellect
	 Rating: 140996
	 Multiplicative Factor: 8,15%
	 Eff: 140996
Stamina
	 Rating: 879789
	 Multiplicative Factor: 11,3%
	 Eff: 879789,0000000001
Crit
	 Rating: 18070
	 Multiplicative Factor: 0%
	 Eff: 21569,876683105605
	 DR Bracket: 0
	 Base: 5%
	 Effective Percent: 30,81%
	 Crit Inc Heal: 2,6
	 Crit Inc Damage: 2
Haste
	 Rating: 17110
	 Multiplicative Factor: 0%
	 Eff: 42043
	 DR Bracket: 0
	 Base: 30%
	 Effective Percent: 63,7%
Vers
	 Rating: 10782
	 Multiplicative Factor: 0%
	 Eff: 13122
	 DR Bracket: 0
	 Base: 3%
	 Effective Percent: 16,82%
Leech
	 Rating: 3061
	 Multiplicative Factor: 0%
	 Eff: 5100,99025
	 DR Bracket: 0
	 Base: 2%
	 Effective Percent: 5%
Avoidance
	 Rating: 1224
	 Multiplicative Factor: 0%
	 Eff: 1224
	 DR Bracket: 0
	 Base: 0%
	 Effective Percent: 2,25%
Mastery
	 Rating: 33896
	 Multiplicative Factor: 0%
	 Eff: 39716,799999999996
	 DR Bracket: 2
	 Base: 19,8%
	 Effective Percent: 102,13%
----------------------
06:31,300

Intellect
	 Rating: 140996
	 Multiplicative Factor: 8,15%
	 Eff: 140996
Stamina
	 Rating: 879789
	 Multiplicative Factor: 11,3%
	 Eff: 879789,0000000001
Crit
	 Rating: 12085
	 Multiplicative Factor: 0%
	 Eff: 15585
	 DR Bracket: 0
	 Base: 5%
	 Effective Percent: 22,26%
	 Crit Inc Heal: 2,6
	 Crit Inc Damage: 2
Haste
	 Rating: 17110
	 Multiplicative Factor: 0%
	 Eff: 17109,999999999996
	 DR Bracket: 0
	 Base: 0%
	 Effective Percent: 25,92%
Vers
	 Rating: 10782
	 Multiplicative Factor: 0%
	 Eff: 13122
	 DR Bracket: 0
	 Base: 3%
	 Effective Percent: 16,82%
Leech
	 Rating: 3061
	 Multiplicative Factor: 0%
	 Eff: 5100,99025
	 DR Bracket: 0
	 Base: 2%
	 Effective Percent: 5%
Avoidance
	 Rating: 1224
	 Multiplicative Factor: 0%
	 Eff: 1224
	 DR Bracket: 0
	 Base: 0%
	 Effective Percent: 2,25%
Mastery
	 Rating: 33896
	 Multiplicative Factor: 0%
	 Eff: 39716,799999999996
	 DR Bracket: 2
	 Base: 19,8%
	 Effective Percent: 102,13%
----------------------
06:36,525

Intellect
	 Rating: 140996
	 Multiplicative Factor: 8,15%
	 Eff: 140996
Stamina
	 Rating: 879789
	 Multiplicative Factor: 11,3%
	 Eff: 879789,0000000001
Crit
	 Rating: 12085
	 Multiplicative Factor: 0%
	 Eff: 15585
	 DR Bracket: 0
	 Base: 5%
	 Effective Percent: 22,26%
	 Crit Inc Heal: 2,6
	 Crit Inc Damage: 2
Haste
	 Rating: 17110
	 Multiplicative Factor: 0%
	 Eff: 17109,999999999996
	 DR Bracket: 0
	 Base: 0%
	 Effective Percent: 25,92%
Vers
	 Rating: 10782
	 Multiplicative Factor: 0%
	 Eff: 13122
	 DR Bracket: 0
	 Base: 3%
	 Effective Percent: 16,82%
Leech
	 Rating: 3061
	 Multiplicative Factor: 0%
	 Eff: 5100,99025
	 DR Bracket: 0
	 Base: 2%
	 Effective Percent: 5%
Avoidance
	 Rating: 1224
	 Multiplicative Factor: 0%
	 Eff: 1224
	 DR Bracket: 0
	 Base: 0%
	 Effective Percent: 2,25%
Mastery
	 Rating: 33896
	 Multiplicative Factor: 0%
	 Eff: 39716,799999999996
	 DR Bracket: 2
	 Base: 19,8%
	 Effective Percent: 102,13%
----------------------
06:41,558

Intellect
	 Rating: 140996
	 Multiplicative Factor: 8,15%
	 Eff: 140996
Stamina
	 Rating: 879789
	 Multiplicative Factor: 11,3%
	 Eff: 879789,0000000001
Crit
	 Rating: 12085
	 Multiplicative Factor: 0%
	 Eff: 15585
	 DR Bracket: 0
	 Base: 5%
	 Effective Percent: 22,26%
	 Crit Inc Heal: 2,6
	 Crit Inc Damage: 2
Haste
	 Rating: 17110
	 Multiplicative Factor: 0%
	 Eff: 17109,999999999996
	 DR Bracket: 0
	 Base: 0%
	 Effective Percent: 25,92%
Vers
	 Rating: 10782
	 Multiplicative Factor: 0%
	 Eff: 13122
	 DR Bracket: 0
	 Base: 3%
	 Effective Percent: 16,82%
Leech
	 Rating: 3061
	 Multiplicative Factor: 0%
	 Eff: 5100,99025
	 DR Bracket: 0
	 Base: 2%
	 Effective Percent: 5%
Avoidance
	 Rating: 1224
	 Multiplicative Factor: 0%
	 Eff: 1224
	 DR Bracket: 0
	 Base: 0%
	 Effective Percent: 2,25%
Mastery
	 Rating: 33896
	 Multiplicative Factor: 0%
	 Eff: 39716,799999999996
	 DR Bracket: 2
	 Base: 19,8%
	 Effective Percent: 102,13%
----------------------
06:46,587

Intellect
	 Rating: 140996
	 Multiplicative Factor: 8,15%
	 Eff: 140996
Stamina
	 Rating: 879789
	 Multiplicative Factor: 11,3%
	 Eff: 879789,0000000001
Crit
	 Rating: 12085
	 Multiplicative Factor: 0%
	 Eff: 15585
	 DR Bracket: 0
	 Base: 5%
	 Effective Percent: 22,26%
	 Crit Inc Heal: 2,6
	 Crit Inc Damage: 2
Haste
	 Rating: 17110
	 Multiplicative Factor: 0%
	 Eff: 17109,999999999996
	 DR Bracket: 0
	 Base: 0%
	 Effective Percent: 25,92%
Vers
	 Rating: 10782
	 Multiplicative Factor: 0%
	 Eff: 13122
	 DR Bracket: 0
	 Base: 3%
	 Effective Percent: 16,82%
Leech
	 Rating: 3061
	 Multiplicative Factor: 0%
	 Eff: 5100,99025
	 DR Bracket: 0
	 Base: 2%
	 Effective Percent: 5%
Avoidance
	 Rating: 1224
	 Multiplicative Factor: 0%
	 Eff: 1224
	 DR Bracket: 0
	 Base: 0%
	 Effective Percent: 2,25%
Mastery
	 Rating: 33896
	 Multiplicative Factor: 0%
	 Eff: 39716,799999999996
	 DR Bracket: 2
	 Base: 19,8%
	 Effective Percent: 102,13%
----------------------
06:51,642

Intellect
	 Rating: 140996
	 Multiplicative Factor: 8,15%
	 Eff: 140996
Stamina
	 Rating: 879789
	 Multiplicative Factor: 11,3%
	 Eff: 879789,0000000001
Crit
	 Rating: 12085
	 Multiplicative Factor: 0%
	 Eff: 15585
	 DR Bracket: 0
	 Base: 5%
	 Effective Percent: 22,26%
	 Crit Inc Heal: 2,6
	 Crit Inc Damage: 2
Haste
	 Rating: 17110
	 Multiplicative Factor: 0%
	 Eff: 17109,999999999996
	 DR Bracket: 0
	 Base: 0%
	 Effective Percent: 25,92%
Vers
	 Rating: 10782
	 Multiplicative Factor: 0%
	 Eff: 13122
	 DR Bracket: 0
	 Base: 3%
	 Effective Percent: 16,82%
Leech
	 Rating: 3061
	 Multiplicative Factor: 0%
	 Eff: 5100,99025
	 DR Bracket: 0
	 Base: 2%
	 Effective Percent: 5%
Avoidance
	 Rating: 1224
	 Multiplicative Factor: 0%
	 Eff: 1224
	 DR Bracket: 0
	 Base: 0%
	 Effective Percent: 2,25%
Mastery
	 Rating: 33896
	 Multiplicative Factor: 0%
	 Eff: 39716,799999999996
	 DR Bracket: 2
	 Base: 19,8%
	 Effective Percent: 102,13%
----------------------
06:56,708

Intellect
	 Rating: 140996
	 Multiplicative Factor: 8,15%
	 Eff: 140996
Stamina
	 Rating: 879789
	 Multiplicative Factor: 11,3%
	 Eff: 879789,0000000001
Crit
	 Rating: 12085
	 Multiplicative Factor: 0%
	 Eff: 15585
	 DR Bracket: 0
	 Base: 5%
	 Effective Percent: 22,26%
	 Crit Inc Heal: 2,6
	 Crit Inc Damage: 2
Haste
	 Rating: 17110
	 Multiplicative Factor: 0%
	 Eff: 17109,999999999996
	 DR Bracket: 0
	 Base: 0%
	 Effective Percent: 25,92%
Vers
	 Rating: 10782
	 Multiplicative Factor: 0%
	 Eff: 13122
	 DR Bracket: 0
	 Base: 3%
	 Effective Percent: 16,82%
Leech
	 Rating: 3061
	 Multiplicative Factor: 0%
	 Eff: 5100,99025
	 DR Bracket: 0
	 Base: 2%
	 Effective Percent: 5%
Avoidance
	 Rating: 1224
	 Multiplicative Factor: 0%
	 Eff: 1224
	 DR Bracket: 0
	 Base: 0%
	 Effective Percent: 2,25%
Mastery
	 Rating: 33896
	 Multiplicative Factor: 0%
	 Eff: 39716,799999999996
	 DR Bracket: 2
	 Base: 19,8%
	 Effective Percent: 102,13%
----------------------
07:02,005

Intellect
	 Rating: 140996
	 Multiplicative Factor: 8,15%
	 Eff: 140996
Stamina
	 Rating: 879789
	 Multiplicative Factor: 11,3%
	 Eff: 879789,0000000001
Crit
	 Rating: 12085
	 Multiplicative Factor: 0%
	 Eff: 15585
	 DR Bracket: 0
	 Base: 5%
	 Effective Percent: 22,26%
	 Crit Inc Heal: 2,6
	 Crit Inc Damage: 2
Haste
	 Rating: 17110
	 Multiplicative Factor: 0%
	 Eff: 17109,999999999996
	 DR Bracket: 0
	 Base: 0%
	 Effective Percent: 25,92%
Vers
	 Rating: 10782
	 Multiplicative Factor: 0%
	 Eff: 13122
	 DR Bracket: 0
	 Base: 3%
	 Effective Percent: 16,82%
Leech
	 Rating: 3061
	 Multiplicative Factor: 0%
	 Eff: 5100,99025
	 DR Bracket: 0
	 Base: 2%
	 Effective Percent: 5%
Avoidance
	 Rating: 1224
	 Multiplicative Factor: 0%
	 Eff: 1224
	 DR Bracket: 0
	 Base: 0%
	 Effective Percent: 2,25%
Mastery
	 Rating: 33896
	 Multiplicative Factor: 0%
	 Eff: 39716,799999999996
	 DR Bracket: 2
	 Base: 19,8%
	 Effective Percent: 102,13%
----------------------
07:07,011

Intellect
	 Rating: 140996
	 Multiplicative Factor: 8,15%
	 Eff: 140996
Stamina
	 Rating: 879789
	 Multiplicative Factor: 11,3%
	 Eff: 879789,0000000001
Crit
	 Rating: 12085
	 Multiplicative Factor: 0%
	 Eff: 15585
	 DR Bracket: 0
	 Base: 5%
	 Effective Percent: 22,26%
	 Crit Inc Heal: 2,6
	 Crit Inc Damage: 2
Haste
	 Rating: 17110
	 Multiplicative Factor: 0%
	 Eff: 17109,999999999996
	 DR Bracket: 0
	 Base: 0%
	 Effective Percent: 25,92%
Vers
	 Rating: 10782
	 Multiplicative Factor: 0%
	 Eff: 13122
	 DR Bracket: 0
	 Base: 3%
	 Effective Percent: 16,82%
Leech
	 Rating: 3061
	 Multiplicative Factor: 0%
	 Eff: 5100,99025
	 DR Bracket: 0
	 Base: 2%
	 Effective Percent: 5%
Avoidance
	 Rating: 1224
	 Multiplicative Factor: 0%
	 Eff: 1224
	 DR Bracket: 0
	 Base: 0%
	 Effective Percent: 2,25%
Mastery
	 Rating: 33896
	 Multiplicative Factor: 0%
	 Eff: 39716,799999999996
	 DR Bracket: 2
	 Base: 19,8%
	 Effective Percent: 102,13%
----------------------
07:12,143

Intellect
	 Rating: 140996
	 Multiplicative Factor: 8,15%
	 Eff: 140996
Stamina
	 Rating: 879789
	 Multiplicative Factor: 11,3%
	 Eff: 879789,0000000001
Crit
	 Rating: 12085
	 Multiplicative Factor: 0%
	 Eff: 15585
	 DR Bracket: 0
	 Base: 5%
	 Effective Percent: 22,26%
	 Crit Inc Heal: 2,6
	 Crit Inc Damage: 2
Haste
	 Rating: 17110
	 Multiplicative Factor: 0%
	 Eff: 17109,999999999996
	 DR Bracket: 0
	 Base: 0%
	 Effective Percent: 25,92%
Vers
	 Rating: 10782
	 Multiplicative Factor: 0%
	 Eff: 13122
	 DR Bracket: 0
	 Base: 3%
	 Effective Percent: 16,82%
Leech
	 Rating: 3061
	 Multiplicative Factor: 0%
	 Eff: 5100,99025
	 DR Bracket: 0
	 Base: 2%
	 Effective Percent: 5%
Avoidance
	 Rating: 1224
	 Multiplicative Factor: 0%
	 Eff: 1224
	 DR Bracket: 0
	 Base: 0%
	 Effective Percent: 2,25%
Mastery
	 Rating: 33896
	 Multiplicative Factor: 0%
	 Eff: 39716,799999999996
	 DR Bracket: 2
	 Base: 19,8%
	 Effective Percent: 102,13%
----------------------
07:17,265

Intellect
	 Rating: 140996
	 Multiplicative Factor: 8,15%
	 Eff: 140996
Stamina
	 Rating: 879789
	 Multiplicative Factor: 11,3%
	 Eff: 879789,0000000001
Crit
	 Rating: 12085
	 Multiplicative Factor: 0%
	 Eff: 15585
	 DR Bracket: 0
	 Base: 5%
	 Effective Percent: 22,26%
	 Crit Inc Heal: 2,6
	 Crit Inc Damage: 2
Haste
	 Rating: 17110
	 Multiplicative Factor: 0%
	 Eff: 17109,999999999996
	 DR Bracket: 0
	 Base: 0%
	 Effective Percent: 25,92%
Vers
	 Rating: 10782
	 Multiplicative Factor: 0%
	 Eff: 13122
	 DR Bracket: 0
	 Base: 3%
	 Effective Percent: 16,82%
Leech
	 Rating: 3061
	 Multiplicative Factor: 0%
	 Eff: 5100,99025
	 DR Bracket: 0
	 Base: 2%
	 Effective Percent: 5%
Avoidance
	 Rating: 1224
	 Multiplicative Factor: 0%
	 Eff: 1224
	 DR Bracket: 0
	 Base: 0%
	 Effective Percent: 2,25%
Mastery
	 Rating: 33896
	 Multiplicative Factor: 0%
	 Eff: 39716,799999999996
	 DR Bracket: 2
	 Base: 19,8%
	 Effective Percent: 102,13%
----------------------
07:22,704

Intellect
	 Rating: 140996
	 Multiplicative Factor: 8,15%
	 Eff: 140996
Stamina
	 Rating: 879789
	 Multiplicative Factor: 11,3%
	 Eff: 879789,0000000001
Crit
	 Rating: 12085
	 Multiplicative Factor: 0%
	 Eff: 15585
	 DR Bracket: 0
	 Base: 5%
	 Effective Percent: 22,26%
	 Crit Inc Heal: 2,6
	 Crit Inc Damage: 2
Haste
	 Rating: 17110
	 Multiplicative Factor: 0%
	 Eff: 17109,999999999996
	 DR Bracket: 0
	 Base: 0%
	 Effective Percent: 25,92%
Vers
	 Rating: 10782
	 Multiplicative Factor: 0%
	 Eff: 13122
	 DR Bracket: 0
	 Base: 3%
	 Effective Percent: 16,82%
Leech
	 Rating: 3061
	 Multiplicative Factor: 0%
	 Eff: 5100,99025
	 DR Bracket: 0
	 Base: 2%
	 Effective Percent: 5%
Avoidance
	 Rating: 1224
	 Multiplicative Factor: 0%
	 Eff: 1224
	 DR Bracket: 0
	 Base: 0%
	 Effective Percent: 2,25%
Mastery
	 Rating: 33896
	 Multiplicative Factor: 0%
	 Eff: 39716,799999999996
	 DR Bracket: 2
	 Base: 19,8%
	 Effective Percent: 102,13%
----------------------
07:27,932

Intellect
	 Rating: 140996
	 Multiplicative Factor: 8,15%
	 Eff: 140996
Stamina
	 Rating: 879789
	 Multiplicative Factor: 11,3%
	 Eff: 879789,0000000001
Crit
	 Rating: 18070
	 Multiplicative Factor: 0%
	 Eff: 21569,876683105605
	 DR Bracket: 0
	 Base: 5%
	 Effective Percent: 30,81%
	 Crit Inc Heal: 2,6
	 Crit Inc Damage: 2
Haste
	 Rating: 17110
	 Multiplicative Factor: 0%
	 Eff: 17109,999999999996
	 DR Bracket: 0
	 Base: 0%
	 Effective Percent: 25,92%
Vers
	 Rating: 10782
	 Multiplicative Factor: 0%
	 Eff: 13122
	 DR Bracket: 0
	 Base: 3%
	 Effective Percent: 16,82%
Leech
	 Rating: 3061
	 Multiplicative Factor: 0%
	 Eff: 5100,99025
	 DR Bracket: 0
	 Base: 2%
	 Effective Percent: 5%
Avoidance
	 Rating: 1224
	 Multiplicative Factor: 0%
	 Eff: 1224
	 DR Bracket: 0
	 Base: 0%
	 Effective Percent: 2,25%
Mastery
	 Rating: 33896
	 Multiplicative Factor: 0%
	 Eff: 39716,799999999996
	 DR Bracket: 2
	 Base: 19,8%
	 Effective Percent: 102,13%
----------------------
07:33,019

Intellect
	 Rating: 140996
	 Multiplicative Factor: 8,15%
	 Eff: 140996
Stamina
	 Rating: 879789
	 Multiplicative Factor: 11,3%
	 Eff: 879789,0000000001
Crit
	 Rating: 18070
	 Multiplicative Factor: 0%
	 Eff: 21569,876683105605
	 DR Bracket: 0
	 Base: 5%
	 Effective Percent: 30,81%
	 Crit Inc Heal: 2,6
	 Crit Inc Damage: 2
Haste
	 Rating: 17110
	 Multiplicative Factor: 0%
	 Eff: 17109,999999999996
	 DR Bracket: 0
	 Base: 0%
	 Effective Percent: 25,92%
Vers
	 Rating: 10782
	 Multiplicative Factor: 0%
	 Eff: 13122
	 DR Bracket: 0
	 Base: 3%
	 Effective Percent: 16,82%
Leech
	 Rating: 3061
	 Multiplicative Factor: 0%
	 Eff: 5100,99025
	 DR Bracket: 0
	 Base: 2%
	 Effective Percent: 5%
Avoidance
	 Rating: 1224
	 Multiplicative Factor: 0%
	 Eff: 1224
	 DR Bracket: 0
	 Base: 0%
	 Effective Percent: 2,25%
Mastery
	 Rating: 33896
	 Multiplicative Factor: 0%
	 Eff: 39716,799999999996
	 DR Bracket: 2
	 Base: 19,8%
	 Effective Percent: 102,13%
----------------------
07:38,133

Intellect
	 Rating: 140996
	 Multiplicative Factor: 8,15%
	 Eff: 140996
Stamina
	 Rating: 879789
	 Multiplicative Factor: 11,3%
	 Eff: 879789,0000000001
Crit
	 Rating: 12085
	 Multiplicative Factor: 0%
	 Eff: 15585
	 DR Bracket: 0
	 Base: 5%
	 Effective Percent: 22,26%
	 Crit Inc Heal: 2,6
	 Crit Inc Damage: 2
Haste
	 Rating: 17110
	 Multiplicative Factor: 0%
	 Eff: 17109,999999999996
	 DR Bracket: 0
	 Base: 0%
	 Effective Percent: 25,92%
Vers
	 Rating: 10782
	 Multiplicative Factor: 0%
	 Eff: 13122
	 DR Bracket: 0
	 Base: 3%
	 Effective Percent: 16,82%
Leech
	 Rating: 3061
	 Multiplicative Factor: 0%
	 Eff: 5100,99025
	 DR Bracket: 0
	 Base: 2%
	 Effective Percent: 5%
Avoidance
	 Rating: 1224
	 Multiplicative Factor: 0%
	 Eff: 1224
	 DR Bracket: 0
	 Base: 0%
	 Effective Percent: 2,25%
Mastery
	 Rating: 33896
	 Multiplicative Factor: 0%
	 Eff: 39716,799999999996
	 DR Bracket: 2
	 Base: 19,8%
	 Effective Percent: 102,13%
----------------------
07:43,207

Intellect
	 Rating: 140996
	 Multiplicative Factor: 8,15%
	 Eff: 140996
Stamina
	 Rating: 879789
	 Multiplicative Factor: 11,3%
	 Eff: 879789,0000000001
Crit
	 Rating: 12085
	 Multiplicative Factor: 0%
	 Eff: 15585
	 DR Bracket: 0
	 Base: 5%
	 Effective Percent: 22,26%
	 Crit Inc Heal: 2,6
	 Crit Inc Damage: 2
Haste
	 Rating: 17110
	 Multiplicative Factor: 0%
	 Eff: 17109,999999999996
	 DR Bracket: 0
	 Base: 0%
	 Effective Percent: 25,92%
Vers
	 Rating: 10782
	 Multiplicative Factor: 0%
	 Eff: 13122
	 DR Bracket: 0
	 Base: 3%
	 Effective Percent: 16,82%
Leech
	 Rating: 3061
	 Multiplicative Factor: 0%
	 Eff: 5100,99025
	 DR Bracket: 0
	 Base: 2%
	 Effective Percent: 5%
Avoidance
	 Rating: 1224
	 Multiplicative Factor: 0%
	 Eff: 1224
	 DR Bracket: 0
	 Base: 0%
	 Effective Percent: 2,25%
Mastery
	 Rating: 33896
	 Multiplicative Factor: 0%
	 Eff: 39716,799999999996
	 DR Bracket: 2
	 Base: 19,8%
	 Effective Percent: 102,13%
----------------------
07:48,230

Intellect
	 Rating: 140996
	 Multiplicative Factor: 8,15%
	 Eff: 140996
Stamina
	 Rating: 879789
	 Multiplicative Factor: 11,3%
	 Eff: 879789,0000000001
Crit
	 Rating: 12085
	 Multiplicative Factor: 0%
	 Eff: 15585
	 DR Bracket: 0
	 Base: 5%
	 Effective Percent: 22,26%
	 Crit Inc Heal: 2,6
	 Crit Inc Damage: 2
Haste
	 Rating: 17110
	 Multiplicative Factor: 0%
	 Eff: 17109,999999999996
	 DR Bracket: 0
	 Base: 0%
	 Effective Percent: 25,92%
Vers
	 Rating: 10782
	 Multiplicative Factor: 0%
	 Eff: 13122
	 DR Bracket: 0
	 Base: 3%
	 Effective Percent: 16,82%
Leech
	 Rating: 3061
	 Multiplicative Factor: 0%
	 Eff: 5100,99025
	 DR Bracket: 0
	 Base: 2%
	 Effective Percent: 5%
Avoidance
	 Rating: 1224
	 Multiplicative Factor: 0%
	 Eff: 1224
	 DR Bracket: 0
	 Base: 0%
	 Effective Percent: 2,25%
Mastery
	 Rating: 33896
	 Multiplicative Factor: 0%
	 Eff: 39716,799999999996
	 DR Bracket: 2
	 Base: 19,8%
	 Effective Percent: 102,13%
----------------------
07:53,361

Intellect
	 Rating: 140996
	 Multiplicative Factor: 8,15%
	 Eff: 140996
Stamina
	 Rating: 879789
	 Multiplicative Factor: 11,3%
	 Eff: 879789,0000000001
Crit
	 Rating: 12085
	 Multiplicative Factor: 0%
	 Eff: 15585
	 DR Bracket: 0
	 Base: 5%
	 Effective Percent: 22,26%
	 Crit Inc Heal: 2,6
	 Crit Inc Damage: 2
Haste
	 Rating: 17110
	 Multiplicative Factor: 0%
	 Eff: 17109,999999999996
	 DR Bracket: 0
	 Base: 0%
	 Effective Percent: 25,92%
Vers
	 Rating: 10782
	 Multiplicative Factor: 0%
	 Eff: 13122
	 DR Bracket: 0
	 Base: 3%
	 Effective Percent: 16,82%
Leech
	 Rating: 3061
	 Multiplicative Factor: 0%
	 Eff: 5100,99025
	 DR Bracket: 0
	 Base: 2%
	 Effective Percent: 5%
Avoidance
	 Rating: 1224
	 Multiplicative Factor: 0%
	 Eff: 1224
	 DR Bracket: 0
	 Base: 0%
	 Effective Percent: 2,25%
Mastery
	 Rating: 33896
	 Multiplicative Factor: 0%
	 Eff: 39716,799999999996
	 DR Bracket: 2
	 Base: 19,8%
	 Effective Percent: 102,13%
----------------------
07:58,411

Intellect
	 Rating: 140996
	 Multiplicative Factor: 8,15%
	 Eff: 140996
Stamina
	 Rating: 879789
	 Multiplicative Factor: 11,3%
	 Eff: 879789,0000000001
Crit
	 Rating: 12085
	 Multiplicative Factor: 0%
	 Eff: 15585
	 DR Bracket: 0
	 Base: 5%
	 Effective Percent: 22,26%
	 Crit Inc Heal: 2
	 Crit Inc Damage: 2
Haste
	 Rating: 17110
	 Multiplicative Factor: 0%
	 Eff: 17109,999999999996
	 DR Bracket: 0
	 Base: 0%
	 Effective Percent: 25,92%
Vers
	 Rating: 10782
	 Multiplicative Factor: 0%
	 Eff: 13122
	 DR Bracket: 0
	 Base: 3%
	 Effective Percent: 16,82%
Leech
	 Rating: 3061
	 Multiplicative Factor: 0%
	 Eff: 5100,99025
	 DR Bracket: 0
	 Base: 2%
	 Effective Percent: 5%
Avoidance
	 Rating: 1224
	 Multiplicative Factor: 0%
	 Eff: 1224
	 DR Bracket: 0
	 Base: 0%
	 Effective Percent: 2,25%
Mastery
	 Rating: 33896
	 Multiplicative Factor: 0%
	 Eff: 39716,799999999996
	 DR Bracket: 2
	 Base: 19,8%
	 Effective Percent: 102,13%
----------------------
08:03,451

Intellect
	 Rating: 140996
	 Multiplicative Factor: 8,15%
	 Eff: 140996
Stamina
	 Rating: 879789
	 Multiplicative Factor: 11,3%
	 Eff: 879789,0000000001
Crit
	 Rating: 12085
	 Multiplicative Factor: 0%
	 Eff: 15585
	 DR Bracket: 0
	 Base: 5%
	 Effective Percent: 22,26%
	 Crit Inc Heal: 2
	 Crit Inc Damage: 2
Haste
	 Rating: 17110
	 Multiplicative Factor: 0%
	 Eff: 17109,999999999996
	 DR Bracket: 0
	 Base: 0%
	 Effective Percent: 25,92%
Vers
	 Rating: 10782
	 Multiplicative Factor: 0%
	 Eff: 13122
	 DR Bracket: 0
	 Base: 3%
	 Effective Percent: 16,82%
Leech
	 Rating: 3061
	 Multiplicative Factor: 0%
	 Eff: 5100,99025
	 DR Bracket: 0
	 Base: 2%
	 Effective Percent: 5%
Avoidance
	 Rating: 1224
	 Multiplicative Factor: 0%
	 Eff: 1224
	 DR Bracket: 0
	 Base: 0%
	 Effective Percent: 2,25%
Mastery
	 Rating: 33896
	 Multiplicative Factor: 0%
	 Eff: 39716,799999999996
	 DR Bracket: 2
	 Base: 19,8%
	 Effective Percent: 102,13%
----------------------
08:08,470

Intellect
	 Rating: 140996
	 Multiplicative Factor: 8,15%
	 Eff: 140996
Stamina
	 Rating: 879789
	 Multiplicative Factor: 11,3%
	 Eff: 879789,0000000001
Crit
	 Rating: 12085
	 Multiplicative Factor: 0%
	 Eff: 15585
	 DR Bracket: 0
	 Base: 5%
	 Effective Percent: 22,26%
	 Crit Inc Heal: 2
	 Crit Inc Damage: 2
Haste
	 Rating: 17110
	 Multiplicative Factor: 0%
	 Eff: 17109,999999999996
	 DR Bracket: 0
	 Base: 0%
	 Effective Percent: 25,92%
Vers
	 Rating: 10782
	 Multiplicative Factor: 0%
	 Eff: 13122
	 DR Bracket: 0
	 Base: 3%
	 Effective Percent: 16,82%
Leech
	 Rating: 3061
	 Multiplicative Factor: 0%
	 Eff: 5100,99025
	 DR Bracket: 0
	 Base: 2%
	 Effective Percent: 5%
Avoidance
	 Rating: 1224
	 Multiplicative Factor: 0%
	 Eff: 1224
	 DR Bracket: 0
	 Base: 0%
	 Effective Percent: 2,25%
Mastery
	 Rating: 33896
	 Multiplicative Factor: 0%
	 Eff: 39716,799999999996
	 DR Bracket: 2
	 Base: 19,8%
	 Effective Percent: 102,13%
----------------------
08:13,586

Intellect
	 Rating: 140996
	 Multiplicative Factor: 8,15%
	 Eff: 140996
Stamina
	 Rating: 879789
	 Multiplicative Factor: 11,3%
	 Eff: 879789,0000000001
Crit
	 Rating: 12085
	 Multiplicative Factor: 0%
	 Eff: 15585
	 DR Bracket: 0
	 Base: 5%
	 Effective Percent: 22,26%
	 Crit Inc Heal: 2,6
	 Crit Inc Damage: 2
Haste
	 Rating: 17110
	 Multiplicative Factor: 0%
	 Eff: 17109,999999999996
	 DR Bracket: 0
	 Base: 0%
	 Effective Percent: 25,92%
Vers
	 Rating: 10782
	 Multiplicative Factor: 0%
	 Eff: 13122
	 DR Bracket: 0
	 Base: 3%
	 Effective Percent: 16,82%
Leech
	 Rating: 3061
	 Multiplicative Factor: 0%
	 Eff: 5100,99025
	 DR Bracket: 0
	 Base: 2%
	 Effective Percent: 5%
Avoidance
	 Rating: 1224
	 Multiplicative Factor: 0%
	 Eff: 1224
	 DR Bracket: 0
	 Base: 0%
	 Effective Percent: 2,25%
Mastery
	 Rating: 33896
	 Multiplicative Factor: 0%
	 Eff: 39716,799999999996
	 DR Bracket: 2
	 Base: 19,8%
	 Effective Percent: 102,13%
----------------------
08:18,644

Intellect
	 Rating: 140996
	 Multiplicative Factor: 8,15%
	 Eff: 140996
Stamina
	 Rating: 879789
	 Multiplicative Factor: 11,3%
	 Eff: 879789,0000000001
Crit
	 Rating: 12085
	 Multiplicative Factor: 0%
	 Eff: 15585
	 DR Bracket: 0
	 Base: 5%
	 Effective Percent: 22,26%
	 Crit Inc Heal: 2,6
	 Crit Inc Damage: 2
Haste
	 Rating: 17110
	 Multiplicative Factor: 0%
	 Eff: 17109,999999999996
	 DR Bracket: 0
	 Base: 0%
	 Effective Percent: 25,92%
Vers
	 Rating: 10782
	 Multiplicative Factor: 0%
	 Eff: 13122
	 DR Bracket: 0
	 Base: 3%
	 Effective Percent: 16,82%
Leech
	 Rating: 3061
	 Multiplicative Factor: 0%
	 Eff: 5100,99025
	 DR Bracket: 0
	 Base: 2%
	 Effective Percent: 5%
Avoidance
	 Rating: 1224
	 Multiplicative Factor: 0%
	 Eff: 1224
	 DR Bracket: 0
	 Base: 0%
	 Effective Percent: 2,25%
Mastery
	 Rating: 33896
	 Multiplicative Factor: 0%
	 Eff: 39716,799999999996
	 DR Bracket: 2
	 Base: 19,8%
	 Effective Percent: 102,13%
----------------------
08:24,567

Intellect
	 Rating: 136889
	 Multiplicative Factor: 5%
	 Eff: 136889,3203883495
Stamina
	 Rating: 837894
	 Multiplicative Factor: 6%
	 Eff: 837894,2857142857
Crit
	 Rating: 12085
	 Multiplicative Factor: 0%
	 Eff: 15585
	 DR Bracket: 0
	 Base: 5%
	 Effective Percent: 22,26%
	 Crit Inc Heal: 2
	 Crit Inc Damage: 2
Haste
	 Rating: 17110
	 Multiplicative Factor: 0%
	 Eff: 17109,999999999996
	 DR Bracket: 0
	 Base: 0%
	 Effective Percent: 25,92%
Vers
	 Rating: 10782
	 Multiplicative Factor: 0%
	 Eff: 10782
	 DR Bracket: 0
	 Base: 0%
	 Effective Percent: 13,82%
Leech
	 Rating: 3061
	 Multiplicative Factor: 0%
	 Eff: 5100,99025
	 DR Bracket: 0
	 Base: 2%
	 Effective Percent: 5%
Avoidance
	 Rating: 1224
	 Multiplicative Factor: 0%
	 Eff: 1224
	 DR Bracket: 0
	 Base: 0%
	 Effective Percent: 2,25%
Mastery
	 Rating: 33896
	 Multiplicative Factor: 0%
	 Eff: 38316,799999999996
	 DR Bracket: 2
	 Base: 16,2%
	 Effective Percent: 98,53%
----------------------
08:30,642

Intellect
	 Rating: 136889
	 Multiplicative Factor: 5%
	 Eff: 136889,3203883495
Stamina
	 Rating: 837894
	 Multiplicative Factor: 6%
	 Eff: 837894,2857142857
Crit
	 Rating: 12085
	 Multiplicative Factor: 0%
	 Eff: 15585
	 DR Bracket: 0
	 Base: 5%
	 Effective Percent: 22,26%
	 Crit Inc Heal: 2
	 Crit Inc Damage: 2
Haste
	 Rating: 17110
	 Multiplicative Factor: 0%
	 Eff: 17109,999999999996
	 DR Bracket: 0
	 Base: 0%
	 Effective Percent: 25,92%
Vers
	 Rating: 10782
	 Multiplicative Factor: 0%
	 Eff: 10782
	 DR Bracket: 0
	 Base: 0%
	 Effective Percent: 13,82%
Leech
	 Rating: 3061
	 Multiplicative Factor: 0%
	 Eff: 5100,99025
	 DR Bracket: 0
	 Base: 2%
	 Effective Percent: 5%
Avoidance
	 Rating: 1224
	 Multiplicative Factor: 0%
	 Eff: 1224
	 DR Bracket: 0
	 Base: 0%
	 Effective Percent: 2,25%
Mastery
	 Rating: 33896
	 Multiplicative Factor: 0%
	 Eff: 38316,799999999996
	 DR Bracket: 2
	 Base: 16,2%
	 Effective Percent: 98,53%
