-----------
EssenceRegenDummy
-----------
Azure Strike
-----------
Blessing of the Bronze
-----------
Cauterizing Flame
-----------
Chrono Flames
-----------
Chrono Flame
-----------
Consume Flame
	Eff: -5,1404754231043626E-08
-----------
Deep Breath
-----------
Disintegrate
-----------
Dream Breath
	Eff: -4,736830305773765E-08
-----------
Dream Breath (Echo)
	Eff: -4,016328603029251E-09
-----------
Dream Flight
	Eff: -2,6917405193671584E-08
-----------
Echo
	Eff: -6,606569513678551E-09
-----------
Emerald Blossom
-----------
Engulf
-----------
Enkindle
-----------
Expunge
-----------
Fire Breath
-----------
Fluttering Seedlings
-----------
Golden Hour
-----------
Landslide
-----------
Lifebind
-----------
Life-Giver's Flame
-----------
Living Flame
	Eff: -1,3969838619232178E-09
	Dmg: -8,149072527885437E-10
-----------
Naturalize
-----------
Oppressing Roar
-----------
Panacea
	Eff: -1,0477378964424133E-09
-----------
Rewind
-----------
Renewing Blaze
-----------
Reversion
	Eff: -6,098161975387484E-09
-----------
Reversion (Echo)
	Eff: -1,1906195140909404E-08
-----------
Sleep Walk
-----------
Source of Magic
-----------
Spatial Paradox
-----------
Spiritbloom
	Eff: -3,725290298461914E-09
-----------
Spiritbloom (Echo)
	Eff: -5,587935447692871E-09
-----------
Stasis
-----------
Tail Swipe
-----------
Temporal Anomaly
	Eff: -1,063472154783085E-08
-----------
Time Spiral
-----------
Unravel
-----------
Verdant Embrace
	Eff: -6,6356733441352844E-09
-----------
Zephyr
-----------
Leech
	Eff: 19789,73074439262
-----------
Blessing of Summer
-----------
Holy Bulwark
-----------
ZeroCIMDummy
-----------
Ethereal Reconstitution
-----------
Ethereal Guard
-----------
Stasis (Release)
-----------
Essence Bomb
-----------
Voidglass Barrier
-----------
Tip the Scales
-----------
Algari Mana Potion
-----------
Hover
-----------
Glide
-----------
Rescue
-----------
Twin Guardian
-----------
Emerald Communion
-----------
Stasis (Store)
-----------
Obsidian Scales
-----------
Time Dilation
-----------
Take Off
-----------
Whirling Surge
-----------
Surge Forward
-----------
Skyward Ascent
-----------
Shooting Star
-----------
Wing Buffet
-----------
Fury of the Aspects
-----------
Bombardments
-----------
Invigorating Healing Potion
