-----------
EssenceRegenDummy
-----------
Azure Strike
-----------
Blessing of the Bronze
-----------
Cauterizing Flame
-----------
Chrono Flames
-----------
Chrono Flame
-----------
Consume Flame
	Eff: 6055,71065497268
-----------
Deep Breath
-----------
Disintegrate
-----------
Dream Breath
	Eff: 6346,170482844202
-----------
Dream Breath (Echo)
	Eff: 478,03921378011
-----------
Dream Flight
	Eff: 2622,459229723492
-----------
Echo
	Eff: 1170,6333002347092
-----------
Emerald Blossom
-----------
Engulf
-----------
Enkindle
-----------
Expunge
-----------
Fire Breath
-----------
Fluttering Seedlings
-----------
Golden Hour
-----------
Landslide
-----------
Lifebind
	Eff: 659,7331390414988
-----------
Life-Giver's Flame
-----------
Living Flame
	Eff: 107,9033770491369
	Dmg: -8,149072527885437E-10
-----------
Naturalize
-----------
Oppressing Roar
-----------
Panacea
	Eff: 127,54625013342593
-----------
Rewind
-----------
Renewing Blaze
-----------
Reversion
	Eff: 1043,6186278958448
-----------
Reversion (Echo)
	Eff: 1957,1139458722275
-----------
Sleep Walk
-----------
Source of Magic
-----------
Spatial Paradox
-----------
Spiritbloom
	Eff: 641,4791369556915
-----------
Spiritbloom (Echo)
	Eff: 963,0667760025244
-----------
Stasis
-----------
Tail Swipe
-----------
Temporal Anomaly
	Eff: 2076,8751483088945
-----------
Time Spiral
-----------
Unravel
-----------
Verdant Embrace
	Eff: 1047,3474900392757
-----------
Zephyr
-----------
Leech
	Eff: 598,1335718159189
-----------
Blessing of Summer
-----------
Holy Bulwark
-----------
ZeroCIMDummy
-----------
Ethereal Reconstitution
-----------
Ethereal Guard
-----------
Stasis (Release)
-----------
Essence Bomb
-----------
Voidglass Barrier
-----------
Tip the Scales
-----------
Algari Mana Potion
-----------
Hover
-----------
Glide
-----------
Rescue
-----------
Twin Guardian
-----------
Emerald Communion
-----------
Stasis (Store)
-----------
Obsidian Scales
-----------
Time Dilation
-----------
Take Off
-----------
Whirling Surge
-----------
Surge Forward
-----------
Skyward Ascent
-----------
Shooting Star
-----------
Wing Buffet
-----------
Fury of the Aspects
-----------
Bombardments
-----------
Invigorating Healing Potion
