----------------------
00:13,034

Intellect
	 Rating: 140996
	 Multiplicative Factor: 8,15%
	 Eff: 140996
Stamina
	 Rating: 879789
	 Multiplicative Factor: 11,3%
	 Eff: 879789
Crit
	 Rating: 12085
	 Multiplicative Factor: 0%
	 Eff: 15585
	 DR Bracket: 0
	 Base: 5%
	 Effective Percent: 22,26%
	 Crit Inc Heal: 2,6
	 Crit Inc Damage: 2
Haste
	 Rating: 17110
	 Multiplicative Factor: 0%
	 Eff: 17110
	 DR Bracket: 0
	 Base: 0%
	 Effective Percent: 25,92%
Vers
	 Rating: 10782
	 Multiplicative Factor: 0%
	 Eff: 13122
	 DR Bracket: 0
	 Base: 3%
	 Effective Percent: 16,82%
Leech
	 Rating: 3060
	 Multiplicative Factor: 0%
	 Eff: 5099,99025
	 DR Bracket: 0
	 Base: 2%
	 Effective Percent: 5%
Avoidance
	 Rating: 1224
	 Multiplicative Factor: 0%
	 Eff: 1224
	 DR Bracket: 0
	 Base: 0%
	 Effective Percent: 2,25%
Mastery
	 Rating: 23927
	 Multiplicative Factor: 0%
	 Eff: 31334,3
	 DR Bracket: 1
	 Base: 19,8%
	 Effective Percent: 80,57%
----------------------
00:30,067

Intellect
	 Rating: 140996
	 Multiplicative Factor: 8,15%
	 Eff: 140996
Stamina
	 Rating: 879789
	 Multiplicative Factor: 11,3%
	 Eff: 879789
Crit
	 Rating: 12085
	 Multiplicative Factor: 0%
	 Eff: 15585
	 DR Bracket: 0
	 Base: 5%
	 Effective Percent: 22,26%
	 Crit Inc Heal: 2
	 Crit Inc Damage: 2
Haste
	 Rating: 17110
	 Multiplicative Factor: 0%
	 Eff: 17110
	 DR Bracket: 0
	 Base: 0%
	 Effective Percent: 25,92%
Vers
	 Rating: 10782
	 Multiplicative Factor: 0%
	 Eff: 13122
	 DR Bracket: 0
	 Base: 3%
	 Effective Percent: 16,82%
Leech
	 Rating: 3060
	 Multiplicative Factor: 0%
	 Eff: 5099,99025
	 DR Bracket: 0
	 Base: 2%
	 Effective Percent: 5%
Avoidance
	 Rating: 1224
	 Multiplicative Factor: 0%
	 Eff: 1224
	 DR Bracket: 0
	 Base: 0%
	 Effective Percent: 2,25%
Mastery
	 Rating: 23927
	 Multiplicative Factor: 0%
	 Eff: 31334,3
	 DR Bracket: 1
	 Base: 19,8%
	 Effective Percent: 80,57%
----------------------
00:33,551

Intellect
	 Rating: 140996
	 Multiplicative Factor: 8,15%
	 Eff: 140996
Stamina
	 Rating: 879789
	 Multiplicative Factor: 11,3%
	 Eff: 879789
Crit
	 Rating: 12085
	 Multiplicative Factor: 0%
	 Eff: 15585
	 DR Bracket: 0
	 Base: 5%
	 Effective Percent: 22,26%
	 Crit Inc Heal: 2,6
	 Crit Inc Damage: 2
Haste
	 Rating: 17110
	 Multiplicative Factor: 0%
	 Eff: 17110
	 DR Bracket: 0
	 Base: 0%
	 Effective Percent: 25,92%
Vers
	 Rating: 10782
	 Multiplicative Factor: 0%
	 Eff: 13122
	 DR Bracket: 0
	 Base: 3%
	 Effective Percent: 16,82%
Leech
	 Rating: 3060
	 Multiplicative Factor: 0%
	 Eff: 5099,99025
	 DR Bracket: 0
	 Base: 2%
	 Effective Percent: 5%
Avoidance
	 Rating: 1224
	 Multiplicative Factor: 0%
	 Eff: 1224
	 DR Bracket: 0
	 Base: 0%
	 Effective Percent: 2,25%
Mastery
	 Rating: 23927
	 Multiplicative Factor: 0%
	 Eff: 31334,3
	 DR Bracket: 1
	 Base: 19,8%
	 Effective Percent: 80,57%
----------------------
00:52,905

Intellect
	 Rating: 140996
	 Multiplicative Factor: 8,15%
	 Eff: 140996
Stamina
	 Rating: 879789
	 Multiplicative Factor: 11,3%
	 Eff: 879789
Crit
	 Rating: 12085
	 Multiplicative Factor: 0%
	 Eff: 15585
	 DR Bracket: 0
	 Base: 5%
	 Effective Percent: 22,26%
	 Crit Inc Heal: 2
	 Crit Inc Damage: 2
Haste
	 Rating: 17110
	 Multiplicative Factor: 0%
	 Eff: 17110
	 DR Bracket: 0
	 Base: 0%
	 Effective Percent: 25,92%
Vers
	 Rating: 10782
	 Multiplicative Factor: 0%
	 Eff: 13122
	 DR Bracket: 0
	 Base: 3%
	 Effective Percent: 16,82%
Leech
	 Rating: 3060
	 Multiplicative Factor: 0%
	 Eff: 5099,99025
	 DR Bracket: 0
	 Base: 2%
	 Effective Percent: 5%
Avoidance
	 Rating: 1224
	 Multiplicative Factor: 0%
	 Eff: 1224
	 DR Bracket: 0
	 Base: 0%
	 Effective Percent: 2,25%
Mastery
	 Rating: 23927
	 Multiplicative Factor: 0%
	 Eff: 31334,3
	 DR Bracket: 1
	 Base: 19,8%
	 Effective Percent: 80,57%
----------------------
00:57,118

Intellect
	 Rating: 140996
	 Multiplicative Factor: 8,15%
	 Eff: 140996
Stamina
	 Rating: 879789
	 Multiplicative Factor: 11,3%
	 Eff: 879789
Crit
	 Rating: 12085
	 Multiplicative Factor: 0%
	 Eff: 15585
	 DR Bracket: 0
	 Base: 5%
	 Effective Percent: 22,26%
	 Crit Inc Heal: 2,6
	 Crit Inc Damage: 2
Haste
	 Rating: 17110
	 Multiplicative Factor: 0%
	 Eff: 17110
	 DR Bracket: 0
	 Base: 0%
	 Effective Percent: 25,92%
Vers
	 Rating: 10782
	 Multiplicative Factor: 0%
	 Eff: 13122
	 DR Bracket: 0
	 Base: 3%
	 Effective Percent: 16,82%
Leech
	 Rating: 3060
	 Multiplicative Factor: 0%
	 Eff: 5099,99025
	 DR Bracket: 0
	 Base: 2%
	 Effective Percent: 5%
Avoidance
	 Rating: 1224
	 Multiplicative Factor: 0%
	 Eff: 1224
	 DR Bracket: 0
	 Base: 0%
	 Effective Percent: 2,25%
Mastery
	 Rating: 23927
	 Multiplicative Factor: 0%
	 Eff: 31334,3
	 DR Bracket: 1
	 Base: 19,8%
	 Effective Percent: 80,57%
----------------------
01:03,128

Intellect
	 Rating: 140996
	 Multiplicative Factor: 8,15%
	 Eff: 140996
Stamina
	 Rating: 879789
	 Multiplicative Factor: 11,3%
	 Eff: 879789
Crit
	 Rating: 18070
	 Multiplicative Factor: 0%
	 Eff: 21569,876683105605
	 DR Bracket: 0
	 Base: 5%
	 Effective Percent: 30,81%
	 Crit Inc Heal: 2,6
	 Crit Inc Damage: 2
Haste
	 Rating: 17110
	 Multiplicative Factor: 0%
	 Eff: 17110
	 DR Bracket: 0
	 Base: 0%
	 Effective Percent: 25,92%
Vers
	 Rating: 10782
	 Multiplicative Factor: 0%
	 Eff: 13122
	 DR Bracket: 0
	 Base: 3%
	 Effective Percent: 16,82%
Leech
	 Rating: 3060
	 Multiplicative Factor: 0%
	 Eff: 5099,99025
	 DR Bracket: 0
	 Base: 2%
	 Effective Percent: 5%
Avoidance
	 Rating: 1224
	 Multiplicative Factor: 0%
	 Eff: 1224
	 DR Bracket: 0
	 Base: 0%
	 Effective Percent: 2,25%
Mastery
	 Rating: 23927
	 Multiplicative Factor: 0%
	 Eff: 31334,3
	 DR Bracket: 1
	 Base: 19,8%
	 Effective Percent: 80,57%
----------------------
01:13,130

Intellect
	 Rating: 140996
	 Multiplicative Factor: 8,15%
	 Eff: 140996
Stamina
	 Rating: 879789
	 Multiplicative Factor: 11,3%
	 Eff: 879789
Crit
	 Rating: 12085
	 Multiplicative Factor: 0%
	 Eff: 15585
	 DR Bracket: 0
	 Base: 5%
	 Effective Percent: 22,26%
	 Crit Inc Heal: 2,6
	 Crit Inc Damage: 2
Haste
	 Rating: 17110
	 Multiplicative Factor: 0%
	 Eff: 17110
	 DR Bracket: 0
	 Base: 0%
	 Effective Percent: 25,92%
Vers
	 Rating: 10782
	 Multiplicative Factor: 0%
	 Eff: 13122
	 DR Bracket: 0
	 Base: 3%
	 Effective Percent: 16,82%
Leech
	 Rating: 3060
	 Multiplicative Factor: 0%
	 Eff: 5099,99025
	 DR Bracket: 0
	 Base: 2%
	 Effective Percent: 5%
Avoidance
	 Rating: 1224
	 Multiplicative Factor: 0%
	 Eff: 1224
	 DR Bracket: 0
	 Base: 0%
	 Effective Percent: 2,25%
Mastery
	 Rating: 23927
	 Multiplicative Factor: 0%
	 Eff: 31334,3
	 DR Bracket: 1
	 Base: 19,8%
	 Effective Percent: 80,57%
----------------------
01:14,402

Intellect
	 Rating: 140996
	 Multiplicative Factor: 8,15%
	 Eff: 140996
Stamina
	 Rating: 879789
	 Multiplicative Factor: 11,3%
	 Eff: 879789
Crit
	 Rating: 12085
	 Multiplicative Factor: 0%
	 Eff: 15585
	 DR Bracket: 0
	 Base: 5%
	 Effective Percent: 22,26%
	 Crit Inc Heal: 2
	 Crit Inc Damage: 2
Haste
	 Rating: 17110
	 Multiplicative Factor: 0%
	 Eff: 17110
	 DR Bracket: 0
	 Base: 0%
	 Effective Percent: 25,92%
Vers
	 Rating: 10782
	 Multiplicative Factor: 0%
	 Eff: 13122
	 DR Bracket: 0
	 Base: 3%
	 Effective Percent: 16,82%
Leech
	 Rating: 3060
	 Multiplicative Factor: 0%
	 Eff: 5099,99025
	 DR Bracket: 0
	 Base: 2%
	 Effective Percent: 5%
Avoidance
	 Rating: 1224
	 Multiplicative Factor: 0%
	 Eff: 1224
	 DR Bracket: 0
	 Base: 0%
	 Effective Percent: 2,25%
Mastery
	 Rating: 23927
	 Multiplicative Factor: 0%
	 Eff: 31334,3
	 DR Bracket: 1
	 Base: 19,8%
	 Effective Percent: 80,57%
----------------------
01:19,487

Intellect
	 Rating: 140996
	 Multiplicative Factor: 8,15%
	 Eff: 140996
Stamina
	 Rating: 879789
	 Multiplicative Factor: 11,3%
	 Eff: 879789
Crit
	 Rating: 12085
	 Multiplicative Factor: 0%
	 Eff: 15585
	 DR Bracket: 0
	 Base: 5%
	 Effective Percent: 22,26%
	 Crit Inc Heal: 2,6
	 Crit Inc Damage: 2
Haste
	 Rating: 17110
	 Multiplicative Factor: 0%
	 Eff: 17110
	 DR Bracket: 0
	 Base: 0%
	 Effective Percent: 25,92%
Vers
	 Rating: 10782
	 Multiplicative Factor: 0%
	 Eff: 13122
	 DR Bracket: 0
	 Base: 3%
	 Effective Percent: 16,82%
Leech
	 Rating: 3060
	 Multiplicative Factor: 0%
	 Eff: 5099,99025
	 DR Bracket: 0
	 Base: 2%
	 Effective Percent: 5%
Avoidance
	 Rating: 1224
	 Multiplicative Factor: 0%
	 Eff: 1224
	 DR Bracket: 0
	 Base: 0%
	 Effective Percent: 2,25%
Mastery
	 Rating: 23927
	 Multiplicative Factor: 0%
	 Eff: 31334,3
	 DR Bracket: 1
	 Base: 19,8%
	 Effective Percent: 80,57%
----------------------
01:38,917

Intellect
	 Rating: 140996
	 Multiplicative Factor: 8,15%
	 Eff: 140996
Stamina
	 Rating: 879789
	 Multiplicative Factor: 11,3%
	 Eff: 879789
Crit
	 Rating: 12085
	 Multiplicative Factor: 0%
	 Eff: 15585
	 DR Bracket: 0
	 Base: 5%
	 Effective Percent: 22,26%
	 Crit Inc Heal: 2
	 Crit Inc Damage: 2
Haste
	 Rating: 17110
	 Multiplicative Factor: 0%
	 Eff: 17110
	 DR Bracket: 0
	 Base: 0%
	 Effective Percent: 25,92%
Vers
	 Rating: 10782
	 Multiplicative Factor: 0%
	 Eff: 13122
	 DR Bracket: 0
	 Base: 3%
	 Effective Percent: 16,82%
Leech
	 Rating: 3060
	 Multiplicative Factor: 0%
	 Eff: 5099,99025
	 DR Bracket: 0
	 Base: 2%
	 Effective Percent: 5%
Avoidance
	 Rating: 1224
	 Multiplicative Factor: 0%
	 Eff: 1224
	 DR Bracket: 0
	 Base: 0%
	 Effective Percent: 2,25%
Mastery
	 Rating: 23927
	 Multiplicative Factor: 0%
	 Eff: 31334,3
	 DR Bracket: 1
	 Base: 19,8%
	 Effective Percent: 80,57%
----------------------
01:41,989

Intellect
	 Rating: 140996
	 Multiplicative Factor: 8,15%
	 Eff: 140996
Stamina
	 Rating: 879789
	 Multiplicative Factor: 11,3%
	 Eff: 879789
Crit
	 Rating: 12085
	 Multiplicative Factor: 0%
	 Eff: 15585
	 DR Bracket: 0
	 Base: 5%
	 Effective Percent: 22,26%
	 Crit Inc Heal: 2,6
	 Crit Inc Damage: 2
Haste
	 Rating: 17110
	 Multiplicative Factor: 0%
	 Eff: 17110
	 DR Bracket: 0
	 Base: 0%
	 Effective Percent: 25,92%
Vers
	 Rating: 10782
	 Multiplicative Factor: 0%
	 Eff: 13122
	 DR Bracket: 0
	 Base: 3%
	 Effective Percent: 16,82%
Leech
	 Rating: 3060
	 Multiplicative Factor: 0%
	 Eff: 5099,99025
	 DR Bracket: 0
	 Base: 2%
	 Effective Percent: 5%
Avoidance
	 Rating: 1224
	 Multiplicative Factor: 0%
	 Eff: 1224
	 DR Bracket: 0
	 Base: 0%
	 Effective Percent: 2,25%
Mastery
	 Rating: 23927
	 Multiplicative Factor: 0%
	 Eff: 31334,3
	 DR Bracket: 1
	 Base: 19,8%
	 Effective Percent: 80,57%
----------------------
02:16,807

Intellect
	 Rating: 140996
	 Multiplicative Factor: 8,15%
	 Eff: 140996
Stamina
	 Rating: 879789
	 Multiplicative Factor: 11,3%
	 Eff: 879789
Crit
	 Rating: 12085
	 Multiplicative Factor: 0%
	 Eff: 15585
	 DR Bracket: 0
	 Base: 5%
	 Effective Percent: 22,26%
	 Crit Inc Heal: 2
	 Crit Inc Damage: 2
Haste
	 Rating: 17110
	 Multiplicative Factor: 0%
	 Eff: 17110
	 DR Bracket: 0
	 Base: 0%
	 Effective Percent: 25,92%
Vers
	 Rating: 10782
	 Multiplicative Factor: 0%
	 Eff: 13122
	 DR Bracket: 0
	 Base: 3%
	 Effective Percent: 16,82%
Leech
	 Rating: 3060
	 Multiplicative Factor: 0%
	 Eff: 5099,99025
	 DR Bracket: 0
	 Base: 2%
	 Effective Percent: 5%
Avoidance
	 Rating: 1224
	 Multiplicative Factor: 0%
	 Eff: 1224
	 DR Bracket: 0
	 Base: 0%
	 Effective Percent: 2,25%
Mastery
	 Rating: 23927
	 Multiplicative Factor: 0%
	 Eff: 31334,3
	 DR Bracket: 1
	 Base: 19,8%
	 Effective Percent: 80,57%
----------------------
02:17,338

Intellect
	 Rating: 140996
	 Multiplicative Factor: 8,15%
	 Eff: 140996
Stamina
	 Rating: 879789
	 Multiplicative Factor: 11,3%
	 Eff: 879789
Crit
	 Rating: 12085
	 Multiplicative Factor: 0%
	 Eff: 15585
	 DR Bracket: 0
	 Base: 5%
	 Effective Percent: 22,26%
	 Crit Inc Heal: 2,6
	 Crit Inc Damage: 2
Haste
	 Rating: 17110
	 Multiplicative Factor: 0%
	 Eff: 17110
	 DR Bracket: 0
	 Base: 0%
	 Effective Percent: 25,92%
Vers
	 Rating: 10782
	 Multiplicative Factor: 0%
	 Eff: 13122
	 DR Bracket: 0
	 Base: 3%
	 Effective Percent: 16,82%
Leech
	 Rating: 3060
	 Multiplicative Factor: 0%
	 Eff: 5099,99025
	 DR Bracket: 0
	 Base: 2%
	 Effective Percent: 5%
Avoidance
	 Rating: 1224
	 Multiplicative Factor: 0%
	 Eff: 1224
	 DR Bracket: 0
	 Base: 0%
	 Effective Percent: 2,25%
Mastery
	 Rating: 23927
	 Multiplicative Factor: 0%
	 Eff: 31334,3
	 DR Bracket: 1
	 Base: 19,8%
	 Effective Percent: 80,57%
----------------------
02:18,404

Intellect
	 Rating: 140996
	 Multiplicative Factor: 8,15%
	 Eff: 140996
Stamina
	 Rating: 879789
	 Multiplicative Factor: 11,3%
	 Eff: 879789
Crit
	 Rating: 18070
	 Multiplicative Factor: 0%
	 Eff: 21569,876683105605
	 DR Bracket: 0
	 Base: 5%
	 Effective Percent: 30,81%
	 Crit Inc Heal: 2,6
	 Crit Inc Damage: 2
Haste
	 Rating: 17110
	 Multiplicative Factor: 0%
	 Eff: 17110
	 DR Bracket: 0
	 Base: 0%
	 Effective Percent: 25,92%
Vers
	 Rating: 10782
	 Multiplicative Factor: 0%
	 Eff: 13122
	 DR Bracket: 0
	 Base: 3%
	 Effective Percent: 16,82%
Leech
	 Rating: 3060
	 Multiplicative Factor: 0%
	 Eff: 5099,99025
	 DR Bracket: 0
	 Base: 2%
	 Effective Percent: 5%
Avoidance
	 Rating: 1224
	 Multiplicative Factor: 0%
	 Eff: 1224
	 DR Bracket: 0
	 Base: 0%
	 Effective Percent: 2,25%
Mastery
	 Rating: 23927
	 Multiplicative Factor: 0%
	 Eff: 31334,3
	 DR Bracket: 1
	 Base: 19,8%
	 Effective Percent: 80,57%
----------------------
02:18,820

Intellect
	 Rating: 140996
	 Multiplicative Factor: 8,15%
	 Eff: 140996
Stamina
	 Rating: 879789
	 Multiplicative Factor: 11,3%
	 Eff: 879789
Crit
	 Rating: 24055
	 Multiplicative Factor: 0%
	 Eff: 27249,27802959009
	 DR Bracket: 1
	 Base: 5%
	 Effective Percent: 38,93%
	 Crit Inc Heal: 2,6
	 Crit Inc Damage: 2
Haste
	 Rating: 17110
	 Multiplicative Factor: 0%
	 Eff: 17110
	 DR Bracket: 0
	 Base: 0%
	 Effective Percent: 25,92%
Vers
	 Rating: 10782
	 Multiplicative Factor: 0%
	 Eff: 13122
	 DR Bracket: 0
	 Base: 3%
	 Effective Percent: 16,82%
Leech
	 Rating: 3060
	 Multiplicative Factor: 0%
	 Eff: 5099,99025
	 DR Bracket: 0
	 Base: 2%
	 Effective Percent: 5%
Avoidance
	 Rating: 1224
	 Multiplicative Factor: 0%
	 Eff: 1224
	 DR Bracket: 0
	 Base: 0%
	 Effective Percent: 2,25%
Mastery
	 Rating: 23927
	 Multiplicative Factor: 0%
	 Eff: 31334,3
	 DR Bracket: 1
	 Base: 19,8%
	 Effective Percent: 80,57%
----------------------
02:28,392

Intellect
	 Rating: 140996
	 Multiplicative Factor: 8,15%
	 Eff: 140996
Stamina
	 Rating: 879789
	 Multiplicative Factor: 11,3%
	 Eff: 879789
Crit
	 Rating: 18070
	 Multiplicative Factor: 0%
	 Eff: 21569,876683105605
	 DR Bracket: 0
	 Base: 5%
	 Effective Percent: 30,81%
	 Crit Inc Heal: 2,6
	 Crit Inc Damage: 2
Haste
	 Rating: 17110
	 Multiplicative Factor: 0%
	 Eff: 17110
	 DR Bracket: 0
	 Base: 0%
	 Effective Percent: 25,92%
Vers
	 Rating: 10782
	 Multiplicative Factor: 0%
	 Eff: 13122
	 DR Bracket: 0
	 Base: 3%
	 Effective Percent: 16,82%
Leech
	 Rating: 3060
	 Multiplicative Factor: 0%
	 Eff: 5099,99025
	 DR Bracket: 0
	 Base: 2%
	 Effective Percent: 5%
Avoidance
	 Rating: 1224
	 Multiplicative Factor: 0%
	 Eff: 1224
	 DR Bracket: 0
	 Base: 0%
	 Effective Percent: 2,25%
Mastery
	 Rating: 23927
	 Multiplicative Factor: 0%
	 Eff: 31334,3
	 DR Bracket: 1
	 Base: 19,8%
	 Effective Percent: 80,57%
----------------------
02:28,825

Intellect
	 Rating: 140996
	 Multiplicative Factor: 8,15%
	 Eff: 140996
Stamina
	 Rating: 879789
	 Multiplicative Factor: 11,3%
	 Eff: 879789
Crit
	 Rating: 12085
	 Multiplicative Factor: 0%
	 Eff: 15585
	 DR Bracket: 0
	 Base: 5%
	 Effective Percent: 22,26%
	 Crit Inc Heal: 2,6
	 Crit Inc Damage: 2
Haste
	 Rating: 17110
	 Multiplicative Factor: 0%
	 Eff: 17110
	 DR Bracket: 0
	 Base: 0%
	 Effective Percent: 25,92%
Vers
	 Rating: 10782
	 Multiplicative Factor: 0%
	 Eff: 13122
	 DR Bracket: 0
	 Base: 3%
	 Effective Percent: 16,82%
Leech
	 Rating: 3060
	 Multiplicative Factor: 0%
	 Eff: 5099,99025
	 DR Bracket: 0
	 Base: 2%
	 Effective Percent: 5%
Avoidance
	 Rating: 1224
	 Multiplicative Factor: 0%
	 Eff: 1224
	 DR Bracket: 0
	 Base: 0%
	 Effective Percent: 2,25%
Mastery
	 Rating: 23927
	 Multiplicative Factor: 0%
	 Eff: 31334,3
	 DR Bracket: 1
	 Base: 19,8%
	 Effective Percent: 80,57%
----------------------
02:32,477

Intellect
	 Rating: 140996
	 Multiplicative Factor: 8,15%
	 Eff: 140996
Stamina
	 Rating: 879789
	 Multiplicative Factor: 11,3%
	 Eff: 879789
Crit
	 Rating: 12085
	 Multiplicative Factor: 0%
	 Eff: 15585
	 DR Bracket: 0
	 Base: 5%
	 Effective Percent: 22,26%
	 Crit Inc Heal: 2
	 Crit Inc Damage: 2
Haste
	 Rating: 17110
	 Multiplicative Factor: 0%
	 Eff: 17110
	 DR Bracket: 0
	 Base: 0%
	 Effective Percent: 25,92%
Vers
	 Rating: 10782
	 Multiplicative Factor: 0%
	 Eff: 13122
	 DR Bracket: 0
	 Base: 3%
	 Effective Percent: 16,82%
Leech
	 Rating: 3060
	 Multiplicative Factor: 0%
	 Eff: 5099,99025
	 DR Bracket: 0
	 Base: 2%
	 Effective Percent: 5%
Avoidance
	 Rating: 1224
	 Multiplicative Factor: 0%
	 Eff: 1224
	 DR Bracket: 0
	 Base: 0%
	 Effective Percent: 2,25%
Mastery
	 Rating: 23927
	 Multiplicative Factor: 0%
	 Eff: 31334,3
	 DR Bracket: 1
	 Base: 19,8%
	 Effective Percent: 80,57%
----------------------
02:53,675

Intellect
	 Rating: 140996
	 Multiplicative Factor: 8,15%
	 Eff: 140996
Stamina
	 Rating: 879789
	 Multiplicative Factor: 11,3%
	 Eff: 879789
Crit
	 Rating: 12085
	 Multiplicative Factor: 0%
	 Eff: 15585
	 DR Bracket: 0
	 Base: 5%
	 Effective Percent: 22,26%
	 Crit Inc Heal: 2
	 Crit Inc Damage: 2
Haste
	 Rating: 17110
	 Multiplicative Factor: 0%
	 Eff: 17110
	 DR Bracket: 0
	 Base: 0%
	 Effective Percent: 25,92%
Vers
	 Rating: 10782
	 Multiplicative Factor: 0%
	 Eff: 13122
	 DR Bracket: 0
	 Base: 3%
	 Effective Percent: 16,82%
Leech
	 Rating: 3060
	 Multiplicative Factor: 0%
	 Eff: 5099,99025
	 DR Bracket: 0
	 Base: 2%
	 Effective Percent: 5%
Avoidance
	 Rating: 1224
	 Multiplicative Factor: 0%
	 Eff: 1224
	 DR Bracket: 0
	 Base: 0%
	 Effective Percent: 2,25%
Mastery
	 Rating: 27250
	 Multiplicative Factor: 0%
	 Eff: 34325
	 DR Bracket: 1
	 Base: 19,8%
	 Effective Percent: 88,26%
----------------------
02:53,677

Intellect
	 Rating: 140996
	 Multiplicative Factor: 8,15%
	 Eff: 140996
Stamina
	 Rating: 923778
	 Multiplicative Factor: 16,87%
	 Eff: 923778,45
Crit
	 Rating: 12085
	 Multiplicative Factor: 0%
	 Eff: 15585
	 DR Bracket: 0
	 Base: 5%
	 Effective Percent: 22,26%
	 Crit Inc Heal: 2
	 Crit Inc Damage: 2
Haste
	 Rating: 17110
	 Multiplicative Factor: 0%
	 Eff: 17110
	 DR Bracket: 0
	 Base: 0%
	 Effective Percent: 25,92%
Vers
	 Rating: 10782
	 Multiplicative Factor: 0%
	 Eff: 13122
	 DR Bracket: 0
	 Base: 3%
	 Effective Percent: 16,82%
Leech
	 Rating: 3060
	 Multiplicative Factor: 0%
	 Eff: 5099,99025
	 DR Bracket: 0
	 Base: 2%
	 Effective Percent: 5%
Avoidance
	 Rating: 1224
	 Multiplicative Factor: 0%
	 Eff: 1224
	 DR Bracket: 0
	 Base: 0%
	 Effective Percent: 2,25%
Mastery
	 Rating: 27250
	 Multiplicative Factor: 0%
	 Eff: 34325
	 DR Bracket: 1
	 Base: 19,8%
	 Effective Percent: 88,26%
----------------------
02:53,677

Intellect
	 Rating: 145226
	 Multiplicative Factor: 11,39%
	 Eff: 145225,88
Stamina
	 Rating: 879789
	 Multiplicative Factor: 11,3%
	 Eff: 879789
Crit
	 Rating: 12085
	 Multiplicative Factor: 0%
	 Eff: 15585
	 DR Bracket: 0
	 Base: 5%
	 Effective Percent: 22,26%
	 Crit Inc Heal: 2
	 Crit Inc Damage: 2
Haste
	 Rating: 17110
	 Multiplicative Factor: 0%
	 Eff: 17110
	 DR Bracket: 0
	 Base: 0%
	 Effective Percent: 25,92%
Vers
	 Rating: 10782
	 Multiplicative Factor: 0%
	 Eff: 13122
	 DR Bracket: 0
	 Base: 3%
	 Effective Percent: 16,82%
Leech
	 Rating: 3060
	 Multiplicative Factor: 0%
	 Eff: 5099,99025
	 DR Bracket: 0
	 Base: 2%
	 Effective Percent: 5%
Avoidance
	 Rating: 1224
	 Multiplicative Factor: 0%
	 Eff: 1224
	 DR Bracket: 0
	 Base: 0%
	 Effective Percent: 2,25%
Mastery
	 Rating: 27250
	 Multiplicative Factor: 0%
	 Eff: 34325
	 DR Bracket: 1
	 Base: 19,8%
	 Effective Percent: 88,26%
----------------------
02:53,677

Intellect
	 Rating: 140996
	 Multiplicative Factor: 8,15%
	 Eff: 140996
Stamina
	 Rating: 879789
	 Multiplicative Factor: 11,3%
	 Eff: 879789
Crit
	 Rating: 12085
	 Multiplicative Factor: 0%
	 Eff: 15585
	 DR Bracket: 0
	 Base: 5%
	 Effective Percent: 22,26%
	 Crit Inc Heal: 2
	 Crit Inc Damage: 2
Haste
	 Rating: 17110
	 Multiplicative Factor: 0%
	 Eff: 17110
	 DR Bracket: 0
	 Base: 0%
	 Effective Percent: 25,92%
Vers
	 Rating: 10782
	 Multiplicative Factor: 0%
	 Eff: 13122
	 DR Bracket: 0
	 Base: 3%
	 Effective Percent: 16,82%
Leech
	 Rating: 3060
	 Multiplicative Factor: 0%
	 Eff: 5099,99025
	 DR Bracket: 0
	 Base: 2%
	 Effective Percent: 5%
Avoidance
	 Rating: 1224
	 Multiplicative Factor: 0%
	 Eff: 1224
	 DR Bracket: 0
	 Base: 0%
	 Effective Percent: 2,25%
Mastery
	 Rating: 27250
	 Multiplicative Factor: 0%
	 Eff: 35725
	 DR Bracket: 1
	 Base: 23,4%
	 Effective Percent: 91,86%
----------------------
02:53,677

Intellect
	 Rating: 140996
	 Multiplicative Factor: 8,15%
	 Eff: 140996
Stamina
	 Rating: 879789
	 Multiplicative Factor: 11,3%
	 Eff: 879789
Crit
	 Rating: 12085
	 Multiplicative Factor: 0%
	 Eff: 15585
	 DR Bracket: 0
	 Base: 5%
	 Effective Percent: 22,26%
	 Crit Inc Heal: 2
	 Crit Inc Damage: 2
Haste
	 Rating: 17110
	 Multiplicative Factor: 0%
	 Eff: 17110
	 DR Bracket: 0
	 Base: 0%
	 Effective Percent: 25,92%
Vers
	 Rating: 10782
	 Multiplicative Factor: 0%
	 Eff: 15462
	 DR Bracket: 0
	 Base: 6%
	 Effective Percent: 19,82%
Leech
	 Rating: 3060
	 Multiplicative Factor: 0%
	 Eff: 5099,99025
	 DR Bracket: 0
	 Base: 2%
	 Effective Percent: 5%
Avoidance
	 Rating: 1224
	 Multiplicative Factor: 0%
	 Eff: 1224
	 DR Bracket: 0
	 Base: 0%
	 Effective Percent: 2,25%
Mastery
	 Rating: 27250
	 Multiplicative Factor: 0%
	 Eff: 34325
	 DR Bracket: 1
	 Base: 19,8%
	 Effective Percent: 88,26%
----------------------
03:02,220

Intellect
	 Rating: 140996
	 Multiplicative Factor: 8,15%
	 Eff: 140996
Stamina
	 Rating: 879789
	 Multiplicative Factor: 11,3%
	 Eff: 879789
Crit
	 Rating: 12085
	 Multiplicative Factor: 0%
	 Eff: 15585
	 DR Bracket: 0
	 Base: 5%
	 Effective Percent: 22,26%
	 Crit Inc Heal: 2
	 Crit Inc Damage: 2
Haste
	 Rating: 17110
	 Multiplicative Factor: 0%
	 Eff: 17110
	 DR Bracket: 0
	 Base: 0%
	 Effective Percent: 25,92%
Vers
	 Rating: 10782
	 Multiplicative Factor: 0%
	 Eff: 13122
	 DR Bracket: 0
	 Base: 3%
	 Effective Percent: 16,82%
Leech
	 Rating: 3060
	 Multiplicative Factor: 0%
	 Eff: 5099,99025
	 DR Bracket: 0
	 Base: 2%
	 Effective Percent: 5%
Avoidance
	 Rating: 1224
	 Multiplicative Factor: 0%
	 Eff: 1224
	 DR Bracket: 0
	 Base: 0%
	 Effective Percent: 2,25%
Mastery
	 Rating: 30573
	 Multiplicative Factor: 0%
	 Eff: 37058,4
	 DR Bracket: 2
	 Base: 19,8%
	 Effective Percent: 95,29%
----------------------
03:02,222

Intellect
	 Rating: 140996
	 Multiplicative Factor: 8,15%
	 Eff: 140996
Stamina
	 Rating: 923778
	 Multiplicative Factor: 16,87%
	 Eff: 923778,45
Crit
	 Rating: 12085
	 Multiplicative Factor: 0%
	 Eff: 15585
	 DR Bracket: 0
	 Base: 5%
	 Effective Percent: 22,26%
	 Crit Inc Heal: 2
	 Crit Inc Damage: 2
Haste
	 Rating: 17110
	 Multiplicative Factor: 0%
	 Eff: 17110
	 DR Bracket: 0
	 Base: 0%
	 Effective Percent: 25,92%
Vers
	 Rating: 10782
	 Multiplicative Factor: 0%
	 Eff: 13122
	 DR Bracket: 0
	 Base: 3%
	 Effective Percent: 16,82%
Leech
	 Rating: 3060
	 Multiplicative Factor: 0%
	 Eff: 5099,99025
	 DR Bracket: 0
	 Base: 2%
	 Effective Percent: 5%
Avoidance
	 Rating: 1224
	 Multiplicative Factor: 0%
	 Eff: 1224
	 DR Bracket: 0
	 Base: 0%
	 Effective Percent: 2,25%
Mastery
	 Rating: 30573
	 Multiplicative Factor: 0%
	 Eff: 37058,4
	 DR Bracket: 2
	 Base: 19,8%
	 Effective Percent: 95,29%
----------------------
03:02,222

Intellect
	 Rating: 140996
	 Multiplicative Factor: 8,15%
	 Eff: 140996
Stamina
	 Rating: 879789
	 Multiplicative Factor: 11,3%
	 Eff: 879789
Crit
	 Rating: 12085
	 Multiplicative Factor: 0%
	 Eff: 15585
	 DR Bracket: 0
	 Base: 5%
	 Effective Percent: 22,26%
	 Crit Inc Heal: 2
	 Crit Inc Damage: 2
Haste
	 Rating: 17110
	 Multiplicative Factor: 0%
	 Eff: 17110
	 DR Bracket: 0
	 Base: 0%
	 Effective Percent: 25,92%
Vers
	 Rating: 10782
	 Multiplicative Factor: 0%
	 Eff: 15462
	 DR Bracket: 0
	 Base: 6%
	 Effective Percent: 19,82%
Leech
	 Rating: 3060
	 Multiplicative Factor: 0%
	 Eff: 5099,99025
	 DR Bracket: 0
	 Base: 2%
	 Effective Percent: 5%
Avoidance
	 Rating: 1224
	 Multiplicative Factor: 0%
	 Eff: 1224
	 DR Bracket: 0
	 Base: 0%
	 Effective Percent: 2,25%
Mastery
	 Rating: 30573
	 Multiplicative Factor: 0%
	 Eff: 37058,4
	 DR Bracket: 2
	 Base: 19,8%
	 Effective Percent: 95,29%
----------------------
03:02,222

Intellect
	 Rating: 145226
	 Multiplicative Factor: 11,39%
	 Eff: 145225,88
Stamina
	 Rating: 879789
	 Multiplicative Factor: 11,3%
	 Eff: 879789
Crit
	 Rating: 12085
	 Multiplicative Factor: 0%
	 Eff: 15585
	 DR Bracket: 0
	 Base: 5%
	 Effective Percent: 22,26%
	 Crit Inc Heal: 2
	 Crit Inc Damage: 2
Haste
	 Rating: 17110
	 Multiplicative Factor: 0%
	 Eff: 17110
	 DR Bracket: 0
	 Base: 0%
	 Effective Percent: 25,92%
Vers
	 Rating: 10782
	 Multiplicative Factor: 0%
	 Eff: 13122
	 DR Bracket: 0
	 Base: 3%
	 Effective Percent: 16,82%
Leech
	 Rating: 3060
	 Multiplicative Factor: 0%
	 Eff: 5099,99025
	 DR Bracket: 0
	 Base: 2%
	 Effective Percent: 5%
Avoidance
	 Rating: 1224
	 Multiplicative Factor: 0%
	 Eff: 1224
	 DR Bracket: 0
	 Base: 0%
	 Effective Percent: 2,25%
Mastery
	 Rating: 30573
	 Multiplicative Factor: 0%
	 Eff: 37058,4
	 DR Bracket: 2
	 Base: 19,8%
	 Effective Percent: 95,29%
----------------------
03:02,222

Intellect
	 Rating: 140996
	 Multiplicative Factor: 8,15%
	 Eff: 140996
Stamina
	 Rating: 879789
	 Multiplicative Factor: 11,3%
	 Eff: 879789
Crit
	 Rating: 12085
	 Multiplicative Factor: 0%
	 Eff: 15585
	 DR Bracket: 0
	 Base: 5%
	 Effective Percent: 22,26%
	 Crit Inc Heal: 2
	 Crit Inc Damage: 2
Haste
	 Rating: 17110
	 Multiplicative Factor: 0%
	 Eff: 17110
	 DR Bracket: 0
	 Base: 0%
	 Effective Percent: 25,92%
Vers
	 Rating: 10782
	 Multiplicative Factor: 0%
	 Eff: 13122
	 DR Bracket: 0
	 Base: 3%
	 Effective Percent: 16,82%
Leech
	 Rating: 3060
	 Multiplicative Factor: 0%
	 Eff: 5099,99025
	 DR Bracket: 0
	 Base: 2%
	 Effective Percent: 5%
Avoidance
	 Rating: 1224
	 Multiplicative Factor: 0%
	 Eff: 1224
	 DR Bracket: 0
	 Base: 0%
	 Effective Percent: 2,25%
Mastery
	 Rating: 30573
	 Multiplicative Factor: 0%
	 Eff: 38458,4
	 DR Bracket: 2
	 Base: 23,4%
	 Effective Percent: 98,89%
----------------------
03:09,439

Intellect
	 Rating: 140996
	 Multiplicative Factor: 8,15%
	 Eff: 140996
Stamina
	 Rating: 879789
	 Multiplicative Factor: 11,3%
	 Eff: 879789
Crit
	 Rating: 12085
	 Multiplicative Factor: 0%
	 Eff: 15585
	 DR Bracket: 0
	 Base: 5%
	 Effective Percent: 22,26%
	 Crit Inc Heal: 2,6
	 Crit Inc Damage: 2
Haste
	 Rating: 17110
	 Multiplicative Factor: 0%
	 Eff: 17110
	 DR Bracket: 0
	 Base: 0%
	 Effective Percent: 25,92%
Vers
	 Rating: 10782
	 Multiplicative Factor: 0%
	 Eff: 13122
	 DR Bracket: 0
	 Base: 3%
	 Effective Percent: 16,82%
Leech
	 Rating: 3060
	 Multiplicative Factor: 0%
	 Eff: 5099,99025
	 DR Bracket: 0
	 Base: 2%
	 Effective Percent: 5%
Avoidance
	 Rating: 1224
	 Multiplicative Factor: 0%
	 Eff: 1224
	 DR Bracket: 0
	 Base: 0%
	 Effective Percent: 2,25%
Mastery
	 Rating: 30573
	 Multiplicative Factor: 0%
	 Eff: 37058,4
	 DR Bracket: 2
	 Base: 19,8%
	 Effective Percent: 95,29%
----------------------
03:18,556

Intellect
	 Rating: 140996
	 Multiplicative Factor: 8,15%
	 Eff: 140996
Stamina
	 Rating: 879789
	 Multiplicative Factor: 11,3%
	 Eff: 879789
Crit
	 Rating: 18070
	 Multiplicative Factor: 0%
	 Eff: 21569,876683105605
	 DR Bracket: 0
	 Base: 5%
	 Effective Percent: 30,81%
	 Crit Inc Heal: 2,6
	 Crit Inc Damage: 2
Haste
	 Rating: 17110
	 Multiplicative Factor: 0%
	 Eff: 17110
	 DR Bracket: 0
	 Base: 0%
	 Effective Percent: 25,92%
Vers
	 Rating: 10782
	 Multiplicative Factor: 0%
	 Eff: 13122
	 DR Bracket: 0
	 Base: 3%
	 Effective Percent: 16,82%
Leech
	 Rating: 3060
	 Multiplicative Factor: 0%
	 Eff: 5099,99025
	 DR Bracket: 0
	 Base: 2%
	 Effective Percent: 5%
Avoidance
	 Rating: 1224
	 Multiplicative Factor: 0%
	 Eff: 1224
	 DR Bracket: 0
	 Base: 0%
	 Effective Percent: 2,25%
Mastery
	 Rating: 30573
	 Multiplicative Factor: 0%
	 Eff: 37058,4
	 DR Bracket: 2
	 Base: 19,8%
	 Effective Percent: 95,29%
----------------------
03:28,542

Intellect
	 Rating: 140996
	 Multiplicative Factor: 8,15%
	 Eff: 140996
Stamina
	 Rating: 879789
	 Multiplicative Factor: 11,3%
	 Eff: 879789
Crit
	 Rating: 12085
	 Multiplicative Factor: 0%
	 Eff: 15585
	 DR Bracket: 0
	 Base: 5%
	 Effective Percent: 22,26%
	 Crit Inc Heal: 2,6
	 Crit Inc Damage: 2
Haste
	 Rating: 17110
	 Multiplicative Factor: 0%
	 Eff: 17110
	 DR Bracket: 0
	 Base: 0%
	 Effective Percent: 25,92%
Vers
	 Rating: 10782
	 Multiplicative Factor: 0%
	 Eff: 13122
	 DR Bracket: 0
	 Base: 3%
	 Effective Percent: 16,82%
Leech
	 Rating: 3060
	 Multiplicative Factor: 0%
	 Eff: 5099,99025
	 DR Bracket: 0
	 Base: 2%
	 Effective Percent: 5%
Avoidance
	 Rating: 1224
	 Multiplicative Factor: 0%
	 Eff: 1224
	 DR Bracket: 0
	 Base: 0%
	 Effective Percent: 2,25%
Mastery
	 Rating: 30573
	 Multiplicative Factor: 0%
	 Eff: 37058,4
	 DR Bracket: 2
	 Base: 19,8%
	 Effective Percent: 95,29%
----------------------
03:30,471

Intellect
	 Rating: 140996
	 Multiplicative Factor: 8,15%
	 Eff: 140996
Stamina
	 Rating: 879789
	 Multiplicative Factor: 11,3%
	 Eff: 879789
Crit
	 Rating: 12085
	 Multiplicative Factor: 0%
	 Eff: 15585
	 DR Bracket: 0
	 Base: 5%
	 Effective Percent: 22,26%
	 Crit Inc Heal: 2
	 Crit Inc Damage: 2
Haste
	 Rating: 17110
	 Multiplicative Factor: 0%
	 Eff: 17110
	 DR Bracket: 0
	 Base: 0%
	 Effective Percent: 25,92%
Vers
	 Rating: 10782
	 Multiplicative Factor: 0%
	 Eff: 13122
	 DR Bracket: 0
	 Base: 3%
	 Effective Percent: 16,82%
Leech
	 Rating: 3060
	 Multiplicative Factor: 0%
	 Eff: 5099,99025
	 DR Bracket: 0
	 Base: 2%
	 Effective Percent: 5%
Avoidance
	 Rating: 1224
	 Multiplicative Factor: 0%
	 Eff: 1224
	 DR Bracket: 0
	 Base: 0%
	 Effective Percent: 2,25%
Mastery
	 Rating: 30573
	 Multiplicative Factor: 0%
	 Eff: 37058,4
	 DR Bracket: 2
	 Base: 19,8%
	 Effective Percent: 95,29%
----------------------
03:32,492

Intellect
	 Rating: 140996
	 Multiplicative Factor: 8,15%
	 Eff: 140996
Stamina
	 Rating: 879789
	 Multiplicative Factor: 11,3%
	 Eff: 879789
Crit
	 Rating: 12085
	 Multiplicative Factor: 0%
	 Eff: 15585
	 DR Bracket: 0
	 Base: 5%
	 Effective Percent: 22,26%
	 Crit Inc Heal: 2,6
	 Crit Inc Damage: 2
Haste
	 Rating: 17110
	 Multiplicative Factor: 0%
	 Eff: 17110
	 DR Bracket: 0
	 Base: 0%
	 Effective Percent: 25,92%
Vers
	 Rating: 10782
	 Multiplicative Factor: 0%
	 Eff: 13122
	 DR Bracket: 0
	 Base: 3%
	 Effective Percent: 16,82%
Leech
	 Rating: 3060
	 Multiplicative Factor: 0%
	 Eff: 5099,99025
	 DR Bracket: 0
	 Base: 2%
	 Effective Percent: 5%
Avoidance
	 Rating: 1224
	 Multiplicative Factor: 0%
	 Eff: 1224
	 DR Bracket: 0
	 Base: 0%
	 Effective Percent: 2,25%
Mastery
	 Rating: 30573
	 Multiplicative Factor: 0%
	 Eff: 37058,4
	 DR Bracket: 2
	 Base: 19,8%
	 Effective Percent: 95,29%
----------------------
03:45,531

Intellect
	 Rating: 140996
	 Multiplicative Factor: 8,15%
	 Eff: 140996
Stamina
	 Rating: 879789
	 Multiplicative Factor: 11,3%
	 Eff: 879789
Crit
	 Rating: 18070
	 Multiplicative Factor: 0%
	 Eff: 21569,876683105605
	 DR Bracket: 0
	 Base: 5%
	 Effective Percent: 30,81%
	 Crit Inc Heal: 2,6
	 Crit Inc Damage: 2
Haste
	 Rating: 17110
	 Multiplicative Factor: 0%
	 Eff: 17110
	 DR Bracket: 0
	 Base: 0%
	 Effective Percent: 25,92%
Vers
	 Rating: 10782
	 Multiplicative Factor: 0%
	 Eff: 13122
	 DR Bracket: 0
	 Base: 3%
	 Effective Percent: 16,82%
Leech
	 Rating: 3060
	 Multiplicative Factor: 0%
	 Eff: 5099,99025
	 DR Bracket: 0
	 Base: 2%
	 Effective Percent: 5%
Avoidance
	 Rating: 1224
	 Multiplicative Factor: 0%
	 Eff: 1224
	 DR Bracket: 0
	 Base: 0%
	 Effective Percent: 2,25%
Mastery
	 Rating: 30573
	 Multiplicative Factor: 0%
	 Eff: 37058,4
	 DR Bracket: 2
	 Base: 19,8%
	 Effective Percent: 95,29%
----------------------
03:55,014

Intellect
	 Rating: 140996
	 Multiplicative Factor: 8,15%
	 Eff: 140996
Stamina
	 Rating: 879789
	 Multiplicative Factor: 11,3%
	 Eff: 879789
Crit
	 Rating: 18070
	 Multiplicative Factor: 0%
	 Eff: 21569,876683105605
	 DR Bracket: 0
	 Base: 5%
	 Effective Percent: 30,81%
	 Crit Inc Heal: 2
	 Crit Inc Damage: 2
Haste
	 Rating: 17110
	 Multiplicative Factor: 0%
	 Eff: 17110
	 DR Bracket: 0
	 Base: 0%
	 Effective Percent: 25,92%
Vers
	 Rating: 10782
	 Multiplicative Factor: 0%
	 Eff: 13122
	 DR Bracket: 0
	 Base: 3%
	 Effective Percent: 16,82%
Leech
	 Rating: 3060
	 Multiplicative Factor: 0%
	 Eff: 5099,99025
	 DR Bracket: 0
	 Base: 2%
	 Effective Percent: 5%
Avoidance
	 Rating: 1224
	 Multiplicative Factor: 0%
	 Eff: 1224
	 DR Bracket: 0
	 Base: 0%
	 Effective Percent: 2,25%
Mastery
	 Rating: 30573
	 Multiplicative Factor: 0%
	 Eff: 37058,4
	 DR Bracket: 2
	 Base: 19,8%
	 Effective Percent: 95,29%
----------------------
03:55,536

Intellect
	 Rating: 140996
	 Multiplicative Factor: 8,15%
	 Eff: 140996
Stamina
	 Rating: 879789
	 Multiplicative Factor: 11,3%
	 Eff: 879789
Crit
	 Rating: 12085
	 Multiplicative Factor: 0%
	 Eff: 15585
	 DR Bracket: 0
	 Base: 5%
	 Effective Percent: 22,26%
	 Crit Inc Heal: 2
	 Crit Inc Damage: 2
Haste
	 Rating: 17110
	 Multiplicative Factor: 0%
	 Eff: 17110
	 DR Bracket: 0
	 Base: 0%
	 Effective Percent: 25,92%
Vers
	 Rating: 10782
	 Multiplicative Factor: 0%
	 Eff: 13122
	 DR Bracket: 0
	 Base: 3%
	 Effective Percent: 16,82%
Leech
	 Rating: 3060
	 Multiplicative Factor: 0%
	 Eff: 5099,99025
	 DR Bracket: 0
	 Base: 2%
	 Effective Percent: 5%
Avoidance
	 Rating: 1224
	 Multiplicative Factor: 0%
	 Eff: 1224
	 DR Bracket: 0
	 Base: 0%
	 Effective Percent: 2,25%
Mastery
	 Rating: 30573
	 Multiplicative Factor: 0%
	 Eff: 37058,4
	 DR Bracket: 2
	 Base: 19,8%
	 Effective Percent: 95,29%
----------------------
04:20,003

Intellect
	 Rating: 140996
	 Multiplicative Factor: 8,15%
	 Eff: 140996
Stamina
	 Rating: 879789
	 Multiplicative Factor: 11,3%
	 Eff: 879789
Crit
	 Rating: 12085
	 Multiplicative Factor: 0%
	 Eff: 15585
	 DR Bracket: 0
	 Base: 5%
	 Effective Percent: 22,26%
	 Crit Inc Heal: 2
	 Crit Inc Damage: 2
Haste
	 Rating: 17110
	 Multiplicative Factor: 0%
	 Eff: 17110
	 DR Bracket: 0
	 Base: 0%
	 Effective Percent: 25,92%
Vers
	 Rating: 10782
	 Multiplicative Factor: 0%
	 Eff: 13122
	 DR Bracket: 0
	 Base: 3%
	 Effective Percent: 16,82%
Leech
	 Rating: 3060
	 Multiplicative Factor: 0%
	 Eff: 5099,99025
	 DR Bracket: 0
	 Base: 2%
	 Effective Percent: 5%
Avoidance
	 Rating: 1224
	 Multiplicative Factor: 0%
	 Eff: 1224
	 DR Bracket: 0
	 Base: 0%
	 Effective Percent: 2,25%
Mastery
	 Rating: 33896
	 Multiplicative Factor: 0%
	 Eff: 39716,8
	 DR Bracket: 2
	 Base: 19,8%
	 Effective Percent: 102,13%
----------------------
04:20,005

Intellect
	 Rating: 140996
	 Multiplicative Factor: 8,15%
	 Eff: 140996
Stamina
	 Rating: 879789
	 Multiplicative Factor: 11,3%
	 Eff: 879789
Crit
	 Rating: 12085
	 Multiplicative Factor: 0%
	 Eff: 15585
	 DR Bracket: 0
	 Base: 5%
	 Effective Percent: 22,26%
	 Crit Inc Heal: 2
	 Crit Inc Damage: 2
Haste
	 Rating: 17110
	 Multiplicative Factor: 0%
	 Eff: 17110
	 DR Bracket: 0
	 Base: 0%
	 Effective Percent: 25,92%
Vers
	 Rating: 10782
	 Multiplicative Factor: 0%
	 Eff: 13122
	 DR Bracket: 0
	 Base: 3%
	 Effective Percent: 16,82%
Leech
	 Rating: 3060
	 Multiplicative Factor: 0%
	 Eff: 5099,99025
	 DR Bracket: 0
	 Base: 2%
	 Effective Percent: 5%
Avoidance
	 Rating: 1224
	 Multiplicative Factor: 0%
	 Eff: 1224
	 DR Bracket: 0
	 Base: 0%
	 Effective Percent: 2,25%
Mastery
	 Rating: 33896
	 Multiplicative Factor: 0%
	 Eff: 41116,8
	 DR Bracket: 2
	 Base: 23,4%
	 Effective Percent: 105,73%
----------------------
04:20,006

Intellect
	 Rating: 140996
	 Multiplicative Factor: 8,15%
	 Eff: 140996
Stamina
	 Rating: 923778
	 Multiplicative Factor: 16,87%
	 Eff: 923778,45
Crit
	 Rating: 12085
	 Multiplicative Factor: 0%
	 Eff: 15585
	 DR Bracket: 0
	 Base: 5%
	 Effective Percent: 22,26%
	 Crit Inc Heal: 2
	 Crit Inc Damage: 2
Haste
	 Rating: 17110
	 Multiplicative Factor: 0%
	 Eff: 17110
	 DR Bracket: 0
	 Base: 0%
	 Effective Percent: 25,92%
Vers
	 Rating: 10782
	 Multiplicative Factor: 0%
	 Eff: 13122
	 DR Bracket: 0
	 Base: 3%
	 Effective Percent: 16,82%
Leech
	 Rating: 3060
	 Multiplicative Factor: 0%
	 Eff: 5099,99025
	 DR Bracket: 0
	 Base: 2%
	 Effective Percent: 5%
Avoidance
	 Rating: 1224
	 Multiplicative Factor: 0%
	 Eff: 1224
	 DR Bracket: 0
	 Base: 0%
	 Effective Percent: 2,25%
Mastery
	 Rating: 33896
	 Multiplicative Factor: 0%
	 Eff: 39716,8
	 DR Bracket: 2
	 Base: 19,8%
	 Effective Percent: 102,13%
----------------------
04:20,006

Intellect
	 Rating: 140996
	 Multiplicative Factor: 8,15%
	 Eff: 140996
Stamina
	 Rating: 879789
	 Multiplicative Factor: 11,3%
	 Eff: 879789
Crit
	 Rating: 12085
	 Multiplicative Factor: 0%
	 Eff: 15585
	 DR Bracket: 0
	 Base: 5%
	 Effective Percent: 22,26%
	 Crit Inc Heal: 2
	 Crit Inc Damage: 2
Haste
	 Rating: 17110
	 Multiplicative Factor: 0%
	 Eff: 17110
	 DR Bracket: 0
	 Base: 0%
	 Effective Percent: 25,92%
Vers
	 Rating: 10782
	 Multiplicative Factor: 0%
	 Eff: 15462
	 DR Bracket: 0
	 Base: 6%
	 Effective Percent: 19,82%
Leech
	 Rating: 3060
	 Multiplicative Factor: 0%
	 Eff: 5099,99025
	 DR Bracket: 0
	 Base: 2%
	 Effective Percent: 5%
Avoidance
	 Rating: 1224
	 Multiplicative Factor: 0%
	 Eff: 1224
	 DR Bracket: 0
	 Base: 0%
	 Effective Percent: 2,25%
Mastery
	 Rating: 33896
	 Multiplicative Factor: 0%
	 Eff: 39716,8
	 DR Bracket: 2
	 Base: 19,8%
	 Effective Percent: 102,13%
----------------------
04:20,006

Intellect
	 Rating: 145226
	 Multiplicative Factor: 11,39%
	 Eff: 145225,88
Stamina
	 Rating: 879789
	 Multiplicative Factor: 11,3%
	 Eff: 879789
Crit
	 Rating: 12085
	 Multiplicative Factor: 0%
	 Eff: 15585
	 DR Bracket: 0
	 Base: 5%
	 Effective Percent: 22,26%
	 Crit Inc Heal: 2
	 Crit Inc Damage: 2
Haste
	 Rating: 17110
	 Multiplicative Factor: 0%
	 Eff: 17110
	 DR Bracket: 0
	 Base: 0%
	 Effective Percent: 25,92%
Vers
	 Rating: 10782
	 Multiplicative Factor: 0%
	 Eff: 13122
	 DR Bracket: 0
	 Base: 3%
	 Effective Percent: 16,82%
Leech
	 Rating: 3060
	 Multiplicative Factor: 0%
	 Eff: 5099,99025
	 DR Bracket: 0
	 Base: 2%
	 Effective Percent: 5%
Avoidance
	 Rating: 1224
	 Multiplicative Factor: 0%
	 Eff: 1224
	 DR Bracket: 0
	 Base: 0%
	 Effective Percent: 2,25%
Mastery
	 Rating: 33896
	 Multiplicative Factor: 0%
	 Eff: 39716,8
	 DR Bracket: 2
	 Base: 19,8%
	 Effective Percent: 102,13%
----------------------
04:26,890

Intellect
	 Rating: 140996
	 Multiplicative Factor: 8,15%
	 Eff: 140996
Stamina
	 Rating: 879789
	 Multiplicative Factor: 11,3%
	 Eff: 879789
Crit
	 Rating: 12085
	 Multiplicative Factor: 0%
	 Eff: 15585
	 DR Bracket: 0
	 Base: 5%
	 Effective Percent: 22,26%
	 Crit Inc Heal: 2,6
	 Crit Inc Damage: 2
Haste
	 Rating: 17110
	 Multiplicative Factor: 0%
	 Eff: 17110
	 DR Bracket: 0
	 Base: 0%
	 Effective Percent: 25,92%
Vers
	 Rating: 10782
	 Multiplicative Factor: 0%
	 Eff: 13122
	 DR Bracket: 0
	 Base: 3%
	 Effective Percent: 16,82%
Leech
	 Rating: 3060
	 Multiplicative Factor: 0%
	 Eff: 5099,99025
	 DR Bracket: 0
	 Base: 2%
	 Effective Percent: 5%
Avoidance
	 Rating: 1224
	 Multiplicative Factor: 0%
	 Eff: 1224
	 DR Bracket: 0
	 Base: 0%
	 Effective Percent: 2,25%
Mastery
	 Rating: 33896
	 Multiplicative Factor: 0%
	 Eff: 39716,8
	 DR Bracket: 2
	 Base: 19,8%
	 Effective Percent: 102,13%
----------------------
04:31,603

Intellect
	 Rating: 140996
	 Multiplicative Factor: 8,15%
	 Eff: 140996
Stamina
	 Rating: 879789
	 Multiplicative Factor: 11,3%
	 Eff: 879789
Crit
	 Rating: 18070
	 Multiplicative Factor: 0%
	 Eff: 21569,876683105605
	 DR Bracket: 0
	 Base: 5%
	 Effective Percent: 30,81%
	 Crit Inc Heal: 2,6
	 Crit Inc Damage: 2
Haste
	 Rating: 17110
	 Multiplicative Factor: 0%
	 Eff: 17110
	 DR Bracket: 0
	 Base: 0%
	 Effective Percent: 25,92%
Vers
	 Rating: 10782
	 Multiplicative Factor: 0%
	 Eff: 13122
	 DR Bracket: 0
	 Base: 3%
	 Effective Percent: 16,82%
Leech
	 Rating: 3060
	 Multiplicative Factor: 0%
	 Eff: 5099,99025
	 DR Bracket: 0
	 Base: 2%
	 Effective Percent: 5%
Avoidance
	 Rating: 1224
	 Multiplicative Factor: 0%
	 Eff: 1224
	 DR Bracket: 0
	 Base: 0%
	 Effective Percent: 2,25%
Mastery
	 Rating: 33896
	 Multiplicative Factor: 0%
	 Eff: 39716,8
	 DR Bracket: 2
	 Base: 19,8%
	 Effective Percent: 102,13%
----------------------
04:36,907

Intellect
	 Rating: 140996
	 Multiplicative Factor: 8,15%
	 Eff: 140996
Stamina
	 Rating: 879789
	 Multiplicative Factor: 11,3%
	 Eff: 879789
Crit
	 Rating: 18070
	 Multiplicative Factor: 0%
	 Eff: 21569,876683105605
	 DR Bracket: 0
	 Base: 5%
	 Effective Percent: 30,81%
	 Crit Inc Heal: 2
	 Crit Inc Damage: 2
Haste
	 Rating: 17110
	 Multiplicative Factor: 0%
	 Eff: 17110
	 DR Bracket: 0
	 Base: 0%
	 Effective Percent: 25,92%
Vers
	 Rating: 10782
	 Multiplicative Factor: 0%
	 Eff: 13122
	 DR Bracket: 0
	 Base: 3%
	 Effective Percent: 16,82%
Leech
	 Rating: 3060
	 Multiplicative Factor: 0%
	 Eff: 5099,99025
	 DR Bracket: 0
	 Base: 2%
	 Effective Percent: 5%
Avoidance
	 Rating: 1224
	 Multiplicative Factor: 0%
	 Eff: 1224
	 DR Bracket: 0
	 Base: 0%
	 Effective Percent: 2,25%
Mastery
	 Rating: 33896
	 Multiplicative Factor: 0%
	 Eff: 39716,8
	 DR Bracket: 2
	 Base: 19,8%
	 Effective Percent: 102,13%
----------------------
04:41,618

Intellect
	 Rating: 140996
	 Multiplicative Factor: 8,15%
	 Eff: 140996
Stamina
	 Rating: 879789
	 Multiplicative Factor: 11,3%
	 Eff: 879789
Crit
	 Rating: 12085
	 Multiplicative Factor: 0%
	 Eff: 15585
	 DR Bracket: 0
	 Base: 5%
	 Effective Percent: 22,26%
	 Crit Inc Heal: 2
	 Crit Inc Damage: 2
Haste
	 Rating: 17110
	 Multiplicative Factor: 0%
	 Eff: 17110
	 DR Bracket: 0
	 Base: 0%
	 Effective Percent: 25,92%
Vers
	 Rating: 10782
	 Multiplicative Factor: 0%
	 Eff: 13122
	 DR Bracket: 0
	 Base: 3%
	 Effective Percent: 16,82%
Leech
	 Rating: 3060
	 Multiplicative Factor: 0%
	 Eff: 5099,99025
	 DR Bracket: 0
	 Base: 2%
	 Effective Percent: 5%
Avoidance
	 Rating: 1224
	 Multiplicative Factor: 0%
	 Eff: 1224
	 DR Bracket: 0
	 Base: 0%
	 Effective Percent: 2,25%
Mastery
	 Rating: 33896
	 Multiplicative Factor: 0%
	 Eff: 39716,8
	 DR Bracket: 2
	 Base: 19,8%
	 Effective Percent: 102,13%
----------------------
04:50,858

Intellect
	 Rating: 140996
	 Multiplicative Factor: 8,15%
	 Eff: 140996
Stamina
	 Rating: 879789
	 Multiplicative Factor: 11,3%
	 Eff: 879789
Crit
	 Rating: 12085
	 Multiplicative Factor: 0%
	 Eff: 15585
	 DR Bracket: 0
	 Base: 5%
	 Effective Percent: 22,26%
	 Crit Inc Heal: 2,6
	 Crit Inc Damage: 2
Haste
	 Rating: 17110
	 Multiplicative Factor: 0%
	 Eff: 17110
	 DR Bracket: 0
	 Base: 0%
	 Effective Percent: 25,92%
Vers
	 Rating: 10782
	 Multiplicative Factor: 0%
	 Eff: 13122
	 DR Bracket: 0
	 Base: 3%
	 Effective Percent: 16,82%
Leech
	 Rating: 3060
	 Multiplicative Factor: 0%
	 Eff: 5099,99025
	 DR Bracket: 0
	 Base: 2%
	 Effective Percent: 5%
Avoidance
	 Rating: 1224
	 Multiplicative Factor: 0%
	 Eff: 1224
	 DR Bracket: 0
	 Base: 0%
	 Effective Percent: 2,25%
Mastery
	 Rating: 33896
	 Multiplicative Factor: 0%
	 Eff: 39716,8
	 DR Bracket: 2
	 Base: 19,8%
	 Effective Percent: 102,13%
----------------------
05:14,259

Intellect
	 Rating: 140996
	 Multiplicative Factor: 8,15%
	 Eff: 140996
Stamina
	 Rating: 879789
	 Multiplicative Factor: 11,3%
	 Eff: 879789
Crit
	 Rating: 12085
	 Multiplicative Factor: 0%
	 Eff: 15585
	 DR Bracket: 0
	 Base: 5%
	 Effective Percent: 22,26%
	 Crit Inc Heal: 2
	 Crit Inc Damage: 2
Haste
	 Rating: 17110
	 Multiplicative Factor: 0%
	 Eff: 17110
	 DR Bracket: 0
	 Base: 0%
	 Effective Percent: 25,92%
Vers
	 Rating: 10782
	 Multiplicative Factor: 0%
	 Eff: 13122
	 DR Bracket: 0
	 Base: 3%
	 Effective Percent: 16,82%
Leech
	 Rating: 3060
	 Multiplicative Factor: 0%
	 Eff: 5099,99025
	 DR Bracket: 0
	 Base: 2%
	 Effective Percent: 5%
Avoidance
	 Rating: 1224
	 Multiplicative Factor: 0%
	 Eff: 1224
	 DR Bracket: 0
	 Base: 0%
	 Effective Percent: 2,25%
Mastery
	 Rating: 33896
	 Multiplicative Factor: 0%
	 Eff: 39716,8
	 DR Bracket: 2
	 Base: 19,8%
	 Effective Percent: 102,13%
----------------------
05:16,681

Intellect
	 Rating: 140996
	 Multiplicative Factor: 8,15%
	 Eff: 140996
Stamina
	 Rating: 879789
	 Multiplicative Factor: 11,3%
	 Eff: 879789
Crit
	 Rating: 12085
	 Multiplicative Factor: 0%
	 Eff: 15585
	 DR Bracket: 0
	 Base: 5%
	 Effective Percent: 22,26%
	 Crit Inc Heal: 2,6
	 Crit Inc Damage: 2
Haste
	 Rating: 17110
	 Multiplicative Factor: 0%
	 Eff: 17110
	 DR Bracket: 0
	 Base: 0%
	 Effective Percent: 25,92%
Vers
	 Rating: 10782
	 Multiplicative Factor: 0%
	 Eff: 13122
	 DR Bracket: 0
	 Base: 3%
	 Effective Percent: 16,82%
Leech
	 Rating: 3060
	 Multiplicative Factor: 0%
	 Eff: 5099,99025
	 DR Bracket: 0
	 Base: 2%
	 Effective Percent: 5%
Avoidance
	 Rating: 1224
	 Multiplicative Factor: 0%
	 Eff: 1224
	 DR Bracket: 0
	 Base: 0%
	 Effective Percent: 2,25%
Mastery
	 Rating: 33896
	 Multiplicative Factor: 0%
	 Eff: 39716,8
	 DR Bracket: 2
	 Base: 19,8%
	 Effective Percent: 102,13%
----------------------
05:31,126

Intellect
	 Rating: 140996
	 Multiplicative Factor: 8,15%
	 Eff: 140996
Stamina
	 Rating: 879789
	 Multiplicative Factor: 11,3%
	 Eff: 879789
Crit
	 Rating: 18070
	 Multiplicative Factor: 0%
	 Eff: 21569,876683105605
	 DR Bracket: 0
	 Base: 5%
	 Effective Percent: 30,81%
	 Crit Inc Heal: 2,6
	 Crit Inc Damage: 2
Haste
	 Rating: 17110
	 Multiplicative Factor: 0%
	 Eff: 17110
	 DR Bracket: 0
	 Base: 0%
	 Effective Percent: 25,92%
Vers
	 Rating: 10782
	 Multiplicative Factor: 0%
	 Eff: 13122
	 DR Bracket: 0
	 Base: 3%
	 Effective Percent: 16,82%
Leech
	 Rating: 3060
	 Multiplicative Factor: 0%
	 Eff: 5099,99025
	 DR Bracket: 0
	 Base: 2%
	 Effective Percent: 5%
Avoidance
	 Rating: 1224
	 Multiplicative Factor: 0%
	 Eff: 1224
	 DR Bracket: 0
	 Base: 0%
	 Effective Percent: 2,25%
Mastery
	 Rating: 33896
	 Multiplicative Factor: 0%
	 Eff: 39716,8
	 DR Bracket: 2
	 Base: 19,8%
	 Effective Percent: 102,13%
----------------------
05:33,859

Intellect
	 Rating: 140996
	 Multiplicative Factor: 8,15%
	 Eff: 140996
Stamina
	 Rating: 879789
	 Multiplicative Factor: 11,3%
	 Eff: 879789
Crit
	 Rating: 18070
	 Multiplicative Factor: 0%
	 Eff: 21569,876683105605
	 DR Bracket: 0
	 Base: 5%
	 Effective Percent: 30,81%
	 Crit Inc Heal: 2
	 Crit Inc Damage: 2
Haste
	 Rating: 17110
	 Multiplicative Factor: 0%
	 Eff: 17110
	 DR Bracket: 0
	 Base: 0%
	 Effective Percent: 25,92%
Vers
	 Rating: 10782
	 Multiplicative Factor: 0%
	 Eff: 13122
	 DR Bracket: 0
	 Base: 3%
	 Effective Percent: 16,82%
Leech
	 Rating: 3060
	 Multiplicative Factor: 0%
	 Eff: 5099,99025
	 DR Bracket: 0
	 Base: 2%
	 Effective Percent: 5%
Avoidance
	 Rating: 1224
	 Multiplicative Factor: 0%
	 Eff: 1224
	 DR Bracket: 0
	 Base: 0%
	 Effective Percent: 2,25%
Mastery
	 Rating: 33896
	 Multiplicative Factor: 0%
	 Eff: 39716,8
	 DR Bracket: 2
	 Base: 19,8%
	 Effective Percent: 102,13%
----------------------
05:41,124

Intellect
	 Rating: 140996
	 Multiplicative Factor: 8,15%
	 Eff: 140996
Stamina
	 Rating: 879789
	 Multiplicative Factor: 11,3%
	 Eff: 879789
Crit
	 Rating: 12085
	 Multiplicative Factor: 0%
	 Eff: 15585
	 DR Bracket: 0
	 Base: 5%
	 Effective Percent: 22,26%
	 Crit Inc Heal: 2
	 Crit Inc Damage: 2
Haste
	 Rating: 17110
	 Multiplicative Factor: 0%
	 Eff: 17110
	 DR Bracket: 0
	 Base: 0%
	 Effective Percent: 25,92%
Vers
	 Rating: 10782
	 Multiplicative Factor: 0%
	 Eff: 13122
	 DR Bracket: 0
	 Base: 3%
	 Effective Percent: 16,82%
Leech
	 Rating: 3060
	 Multiplicative Factor: 0%
	 Eff: 5099,99025
	 DR Bracket: 0
	 Base: 2%
	 Effective Percent: 5%
Avoidance
	 Rating: 1224
	 Multiplicative Factor: 0%
	 Eff: 1224
	 DR Bracket: 0
	 Base: 0%
	 Effective Percent: 2,25%
Mastery
	 Rating: 33896
	 Multiplicative Factor: 0%
	 Eff: 39716,8
	 DR Bracket: 2
	 Base: 19,8%
	 Effective Percent: 102,13%
----------------------
05:48,043

Intellect
	 Rating: 140996
	 Multiplicative Factor: 8,15%
	 Eff: 140996
Stamina
	 Rating: 879789
	 Multiplicative Factor: 11,3%
	 Eff: 879789
Crit
	 Rating: 12085
	 Multiplicative Factor: 0%
	 Eff: 15585
	 DR Bracket: 0
	 Base: 5%
	 Effective Percent: 22,26%
	 Crit Inc Heal: 2
	 Crit Inc Damage: 2
Haste
	 Rating: 17110
	 Multiplicative Factor: 0%
	 Eff: 42043
	 DR Bracket: 0
	 Base: 30%
	 Effective Percent: 63,7%
Vers
	 Rating: 10782
	 Multiplicative Factor: 0%
	 Eff: 13122
	 DR Bracket: 0
	 Base: 3%
	 Effective Percent: 16,82%
Leech
	 Rating: 3060
	 Multiplicative Factor: 0%
	 Eff: 5099,99025
	 DR Bracket: 0
	 Base: 2%
	 Effective Percent: 5%
Avoidance
	 Rating: 1224
	 Multiplicative Factor: 0%
	 Eff: 1224
	 DR Bracket: 0
	 Base: 0%
	 Effective Percent: 2,25%
Mastery
	 Rating: 33896
	 Multiplicative Factor: 0%
	 Eff: 39716,8
	 DR Bracket: 2
	 Base: 19,8%
	 Effective Percent: 102,13%
----------------------
05:49,831

Intellect
	 Rating: 140996
	 Multiplicative Factor: 8,15%
	 Eff: 140996
Stamina
	 Rating: 879789
	 Multiplicative Factor: 11,3%
	 Eff: 879789
Crit
	 Rating: 12085
	 Multiplicative Factor: 0%
	 Eff: 15585
	 DR Bracket: 0
	 Base: 5%
	 Effective Percent: 22,26%
	 Crit Inc Heal: 2,6
	 Crit Inc Damage: 2
Haste
	 Rating: 17110
	 Multiplicative Factor: 0%
	 Eff: 42043
	 DR Bracket: 0
	 Base: 30%
	 Effective Percent: 63,7%
Vers
	 Rating: 10782
	 Multiplicative Factor: 0%
	 Eff: 13122
	 DR Bracket: 0
	 Base: 3%
	 Effective Percent: 16,82%
Leech
	 Rating: 3060
	 Multiplicative Factor: 0%
	 Eff: 5099,99025
	 DR Bracket: 0
	 Base: 2%
	 Effective Percent: 5%
Avoidance
	 Rating: 1224
	 Multiplicative Factor: 0%
	 Eff: 1224
	 DR Bracket: 0
	 Base: 0%
	 Effective Percent: 2,25%
Mastery
	 Rating: 33896
	 Multiplicative Factor: 0%
	 Eff: 39716,8
	 DR Bracket: 2
	 Base: 19,8%
	 Effective Percent: 102,13%
----------------------
06:18,138

Intellect
	 Rating: 140996
	 Multiplicative Factor: 8,15%
	 Eff: 140996
Stamina
	 Rating: 879789
	 Multiplicative Factor: 11,3%
	 Eff: 879789
Crit
	 Rating: 18070
	 Multiplicative Factor: 0%
	 Eff: 21569,876683105605
	 DR Bracket: 0
	 Base: 5%
	 Effective Percent: 30,81%
	 Crit Inc Heal: 2,6
	 Crit Inc Damage: 2
Haste
	 Rating: 17110
	 Multiplicative Factor: 0%
	 Eff: 42043
	 DR Bracket: 0
	 Base: 30%
	 Effective Percent: 63,7%
Vers
	 Rating: 10782
	 Multiplicative Factor: 0%
	 Eff: 13122
	 DR Bracket: 0
	 Base: 3%
	 Effective Percent: 16,82%
Leech
	 Rating: 3060
	 Multiplicative Factor: 0%
	 Eff: 5099,99025
	 DR Bracket: 0
	 Base: 2%
	 Effective Percent: 5%
Avoidance
	 Rating: 1224
	 Multiplicative Factor: 0%
	 Eff: 1224
	 DR Bracket: 0
	 Base: 0%
	 Effective Percent: 2,25%
Mastery
	 Rating: 33896
	 Multiplicative Factor: 0%
	 Eff: 39716,8
	 DR Bracket: 2
	 Base: 19,8%
	 Effective Percent: 102,13%
----------------------
06:28,037

Intellect
	 Rating: 140996
	 Multiplicative Factor: 8,15%
	 Eff: 140996
Stamina
	 Rating: 879789
	 Multiplicative Factor: 11,3%
	 Eff: 879789
Crit
	 Rating: 18070
	 Multiplicative Factor: 0%
	 Eff: 21569,876683105605
	 DR Bracket: 0
	 Base: 5%
	 Effective Percent: 30,81%
	 Crit Inc Heal: 2,6
	 Crit Inc Damage: 2
Haste
	 Rating: 17110
	 Multiplicative Factor: 0%
	 Eff: 17110
	 DR Bracket: 0
	 Base: 0%
	 Effective Percent: 25,92%
Vers
	 Rating: 10782
	 Multiplicative Factor: 0%
	 Eff: 13122
	 DR Bracket: 0
	 Base: 3%
	 Effective Percent: 16,82%
Leech
	 Rating: 3060
	 Multiplicative Factor: 0%
	 Eff: 5099,99025
	 DR Bracket: 0
	 Base: 2%
	 Effective Percent: 5%
Avoidance
	 Rating: 1224
	 Multiplicative Factor: 0%
	 Eff: 1224
	 DR Bracket: 0
	 Base: 0%
	 Effective Percent: 2,25%
Mastery
	 Rating: 33896
	 Multiplicative Factor: 0%
	 Eff: 39716,8
	 DR Bracket: 2
	 Base: 19,8%
	 Effective Percent: 102,13%
----------------------
06:28,150

Intellect
	 Rating: 140996
	 Multiplicative Factor: 8,15%
	 Eff: 140996
Stamina
	 Rating: 879789
	 Multiplicative Factor: 11,3%
	 Eff: 879789
Crit
	 Rating: 12085
	 Multiplicative Factor: 0%
	 Eff: 15585
	 DR Bracket: 0
	 Base: 5%
	 Effective Percent: 22,26%
	 Crit Inc Heal: 2,6
	 Crit Inc Damage: 2
Haste
	 Rating: 17110
	 Multiplicative Factor: 0%
	 Eff: 17110
	 DR Bracket: 0
	 Base: 0%
	 Effective Percent: 25,92%
Vers
	 Rating: 10782
	 Multiplicative Factor: 0%
	 Eff: 13122
	 DR Bracket: 0
	 Base: 3%
	 Effective Percent: 16,82%
Leech
	 Rating: 3060
	 Multiplicative Factor: 0%
	 Eff: 5099,99025
	 DR Bracket: 0
	 Base: 2%
	 Effective Percent: 5%
Avoidance
	 Rating: 1224
	 Multiplicative Factor: 0%
	 Eff: 1224
	 DR Bracket: 0
	 Base: 0%
	 Effective Percent: 2,25%
Mastery
	 Rating: 33896
	 Multiplicative Factor: 0%
	 Eff: 39716,8
	 DR Bracket: 2
	 Base: 19,8%
	 Effective Percent: 102,13%
----------------------
06:31,492

Intellect
	 Rating: 140996
	 Multiplicative Factor: 8,15%
	 Eff: 140996
Stamina
	 Rating: 879789
	 Multiplicative Factor: 11,3%
	 Eff: 879789
Crit
	 Rating: 12085
	 Multiplicative Factor: 0%
	 Eff: 15585
	 DR Bracket: 0
	 Base: 5%
	 Effective Percent: 22,26%
	 Crit Inc Heal: 2
	 Crit Inc Damage: 2
Haste
	 Rating: 17110
	 Multiplicative Factor: 0%
	 Eff: 17110
	 DR Bracket: 0
	 Base: 0%
	 Effective Percent: 25,92%
Vers
	 Rating: 10782
	 Multiplicative Factor: 0%
	 Eff: 13122
	 DR Bracket: 0
	 Base: 3%
	 Effective Percent: 16,82%
Leech
	 Rating: 3060
	 Multiplicative Factor: 0%
	 Eff: 5099,99025
	 DR Bracket: 0
	 Base: 2%
	 Effective Percent: 5%
Avoidance
	 Rating: 1224
	 Multiplicative Factor: 0%
	 Eff: 1224
	 DR Bracket: 0
	 Base: 0%
	 Effective Percent: 2,25%
Mastery
	 Rating: 33896
	 Multiplicative Factor: 0%
	 Eff: 39716,8
	 DR Bracket: 2
	 Base: 19,8%
	 Effective Percent: 102,13%
----------------------
06:35,298

Intellect
	 Rating: 140996
	 Multiplicative Factor: 8,15%
	 Eff: 140996
Stamina
	 Rating: 879789
	 Multiplicative Factor: 11,3%
	 Eff: 879789
Crit
	 Rating: 12085
	 Multiplicative Factor: 0%
	 Eff: 15585
	 DR Bracket: 0
	 Base: 5%
	 Effective Percent: 22,26%
	 Crit Inc Heal: 2,6
	 Crit Inc Damage: 2
Haste
	 Rating: 17110
	 Multiplicative Factor: 0%
	 Eff: 17110
	 DR Bracket: 0
	 Base: 0%
	 Effective Percent: 25,92%
Vers
	 Rating: 10782
	 Multiplicative Factor: 0%
	 Eff: 13122
	 DR Bracket: 0
	 Base: 3%
	 Effective Percent: 16,82%
Leech
	 Rating: 3060
	 Multiplicative Factor: 0%
	 Eff: 5099,99025
	 DR Bracket: 0
	 Base: 2%
	 Effective Percent: 5%
Avoidance
	 Rating: 1224
	 Multiplicative Factor: 0%
	 Eff: 1224
	 DR Bracket: 0
	 Base: 0%
	 Effective Percent: 2,25%
Mastery
	 Rating: 33896
	 Multiplicative Factor: 0%
	 Eff: 39716,8
	 DR Bracket: 2
	 Base: 19,8%
	 Effective Percent: 102,13%
----------------------
07:23,543

Intellect
	 Rating: 140996
	 Multiplicative Factor: 8,15%
	 Eff: 140996
Stamina
	 Rating: 879789
	 Multiplicative Factor: 11,3%
	 Eff: 879789
Crit
	 Rating: 18070
	 Multiplicative Factor: 0%
	 Eff: 21569,876683105605
	 DR Bracket: 0
	 Base: 5%
	 Effective Percent: 30,81%
	 Crit Inc Heal: 2,6
	 Crit Inc Damage: 2
Haste
	 Rating: 17110
	 Multiplicative Factor: 0%
	 Eff: 17110
	 DR Bracket: 0
	 Base: 0%
	 Effective Percent: 25,92%
Vers
	 Rating: 10782
	 Multiplicative Factor: 0%
	 Eff: 13122
	 DR Bracket: 0
	 Base: 3%
	 Effective Percent: 16,82%
Leech
	 Rating: 3060
	 Multiplicative Factor: 0%
	 Eff: 5099,99025
	 DR Bracket: 0
	 Base: 2%
	 Effective Percent: 5%
Avoidance
	 Rating: 1224
	 Multiplicative Factor: 0%
	 Eff: 1224
	 DR Bracket: 0
	 Base: 0%
	 Effective Percent: 2,25%
Mastery
	 Rating: 33896
	 Multiplicative Factor: 0%
	 Eff: 39716,8
	 DR Bracket: 2
	 Base: 19,8%
	 Effective Percent: 102,13%
----------------------
07:33,565

Intellect
	 Rating: 140996
	 Multiplicative Factor: 8,15%
	 Eff: 140996
Stamina
	 Rating: 879789
	 Multiplicative Factor: 11,3%
	 Eff: 879789
Crit
	 Rating: 12085
	 Multiplicative Factor: 0%
	 Eff: 15585
	 DR Bracket: 0
	 Base: 5%
	 Effective Percent: 22,26%
	 Crit Inc Heal: 2,6
	 Crit Inc Damage: 2
Haste
	 Rating: 17110
	 Multiplicative Factor: 0%
	 Eff: 17110
	 DR Bracket: 0
	 Base: 0%
	 Effective Percent: 25,92%
Vers
	 Rating: 10782
	 Multiplicative Factor: 0%
	 Eff: 13122
	 DR Bracket: 0
	 Base: 3%
	 Effective Percent: 16,82%
Leech
	 Rating: 3060
	 Multiplicative Factor: 0%
	 Eff: 5099,99025
	 DR Bracket: 0
	 Base: 2%
	 Effective Percent: 5%
Avoidance
	 Rating: 1224
	 Multiplicative Factor: 0%
	 Eff: 1224
	 DR Bracket: 0
	 Base: 0%
	 Effective Percent: 2,25%
Mastery
	 Rating: 33896
	 Multiplicative Factor: 0%
	 Eff: 39716,8
	 DR Bracket: 2
	 Base: 19,8%
	 Effective Percent: 102,13%
----------------------
07:55,602

Intellect
	 Rating: 140996
	 Multiplicative Factor: 8,15%
	 Eff: 140996
Stamina
	 Rating: 879789
	 Multiplicative Factor: 11,3%
	 Eff: 879789
Crit
	 Rating: 12085
	 Multiplicative Factor: 0%
	 Eff: 15585
	 DR Bracket: 0
	 Base: 5%
	 Effective Percent: 22,26%
	 Crit Inc Heal: 2
	 Crit Inc Damage: 2
Haste
	 Rating: 17110
	 Multiplicative Factor: 0%
	 Eff: 17110
	 DR Bracket: 0
	 Base: 0%
	 Effective Percent: 25,92%
Vers
	 Rating: 10782
	 Multiplicative Factor: 0%
	 Eff: 13122
	 DR Bracket: 0
	 Base: 3%
	 Effective Percent: 16,82%
Leech
	 Rating: 3060
	 Multiplicative Factor: 0%
	 Eff: 5099,99025
	 DR Bracket: 0
	 Base: 2%
	 Effective Percent: 5%
Avoidance
	 Rating: 1224
	 Multiplicative Factor: 0%
	 Eff: 1224
	 DR Bracket: 0
	 Base: 0%
	 Effective Percent: 2,25%
Mastery
	 Rating: 33896
	 Multiplicative Factor: 0%
	 Eff: 39716,8
	 DR Bracket: 2
	 Base: 19,8%
	 Effective Percent: 102,13%
----------------------
08:10,900

Intellect
	 Rating: 140996
	 Multiplicative Factor: 8,15%
	 Eff: 140996
Stamina
	 Rating: 879789
	 Multiplicative Factor: 11,3%
	 Eff: 879789
Crit
	 Rating: 12085
	 Multiplicative Factor: 0%
	 Eff: 15585
	 DR Bracket: 0
	 Base: 5%
	 Effective Percent: 22,26%
	 Crit Inc Heal: 2,6
	 Crit Inc Damage: 2
Haste
	 Rating: 17110
	 Multiplicative Factor: 0%
	 Eff: 17110
	 DR Bracket: 0
	 Base: 0%
	 Effective Percent: 25,92%
Vers
	 Rating: 10782
	 Multiplicative Factor: 0%
	 Eff: 13122
	 DR Bracket: 0
	 Base: 3%
	 Effective Percent: 16,82%
Leech
	 Rating: 3060
	 Multiplicative Factor: 0%
	 Eff: 5099,99025
	 DR Bracket: 0
	 Base: 2%
	 Effective Percent: 5%
Avoidance
	 Rating: 1224
	 Multiplicative Factor: 0%
	 Eff: 1224
	 DR Bracket: 0
	 Base: 0%
	 Effective Percent: 2,25%
Mastery
	 Rating: 33896
	 Multiplicative Factor: 0%
	 Eff: 39716,8
	 DR Bracket: 2
	 Base: 19,8%
	 Effective Percent: 102,13%
----------------------
08:19,566

Intellect
	 Rating: 140996
	 Multiplicative Factor: 8,15%
	 Eff: 140996
Stamina
	 Rating: 879789
	 Multiplicative Factor: 11,3%
	 Eff: 879789
Crit
	 Rating: 12085
	 Multiplicative Factor: 0%
	 Eff: 15585
	 DR Bracket: 0
	 Base: 5%
	 Effective Percent: 22,26%
	 Crit Inc Heal: 2
	 Crit Inc Damage: 2
Haste
	 Rating: 17110
	 Multiplicative Factor: 0%
	 Eff: 17110
	 DR Bracket: 0
	 Base: 0%
	 Effective Percent: 25,92%
Vers
	 Rating: 10782
	 Multiplicative Factor: 0%
	 Eff: 13122
	 DR Bracket: 0
	 Base: 3%
	 Effective Percent: 16,82%
Leech
	 Rating: 3060
	 Multiplicative Factor: 0%
	 Eff: 5099,99025
	 DR Bracket: 0
	 Base: 2%
	 Effective Percent: 5%
Avoidance
	 Rating: 1224
	 Multiplicative Factor: 0%
	 Eff: 1224
	 DR Bracket: 0
	 Base: 0%
	 Effective Percent: 2,25%
Mastery
	 Rating: 33896
	 Multiplicative Factor: 0%
	 Eff: 39716,8
	 DR Bracket: 2
	 Base: 19,8%
	 Effective Percent: 102,13%
----------------------
08:19,566

Intellect
	 Rating: 140996
	 Multiplicative Factor: 8,15%
	 Eff: 140996
Stamina
	 Rating: 837894
	 Multiplicative Factor: 6%
	 Eff: 837894,2857142856
Crit
	 Rating: 12085
	 Multiplicative Factor: 0%
	 Eff: 15585
	 DR Bracket: 0
	 Base: 5%
	 Effective Percent: 22,26%
	 Crit Inc Heal: 2
	 Crit Inc Damage: 2
Haste
	 Rating: 17110
	 Multiplicative Factor: 0%
	 Eff: 17110
	 DR Bracket: 0
	 Base: 0%
	 Effective Percent: 25,92%
Vers
	 Rating: 10782
	 Multiplicative Factor: 0%
	 Eff: 13122
	 DR Bracket: 0
	 Base: 3%
	 Effective Percent: 16,82%
Leech
	 Rating: 3060
	 Multiplicative Factor: 0%
	 Eff: 5099,99025
	 DR Bracket: 0
	 Base: 2%
	 Effective Percent: 5%
Avoidance
	 Rating: 1224
	 Multiplicative Factor: 0%
	 Eff: 1224
	 DR Bracket: 0
	 Base: 0%
	 Effective Percent: 2,25%
Mastery
	 Rating: 33896
	 Multiplicative Factor: 0%
	 Eff: 39716,8
	 DR Bracket: 2
	 Base: 19,8%
	 Effective Percent: 102,13%
----------------------
08:19,567

Intellect
	 Rating: 140996
	 Multiplicative Factor: 8,15%
	 Eff: 140996
Stamina
	 Rating: 837894
	 Multiplicative Factor: 6%
	 Eff: 837894,2857142856
Crit
	 Rating: 12085
	 Multiplicative Factor: 0%
	 Eff: 15585
	 DR Bracket: 0
	 Base: 5%
	 Effective Percent: 22,26%
	 Crit Inc Heal: 2
	 Crit Inc Damage: 2
Haste
	 Rating: 17110
	 Multiplicative Factor: 0%
	 Eff: 17110
	 DR Bracket: 0
	 Base: 0%
	 Effective Percent: 25,92%
Vers
	 Rating: 10782
	 Multiplicative Factor: 0%
	 Eff: 13122
	 DR Bracket: 0
	 Base: 3%
	 Effective Percent: 16,82%
Leech
	 Rating: 3060
	 Multiplicative Factor: 0%
	 Eff: 5099,99025
	 DR Bracket: 0
	 Base: 2%
	 Effective Percent: 5%
Avoidance
	 Rating: 1224
	 Multiplicative Factor: 0%
	 Eff: 1224
	 DR Bracket: 0
	 Base: 0%
	 Effective Percent: 2,25%
Mastery
	 Rating: 33896
	 Multiplicative Factor: 0%
	 Eff: 38316,8
	 DR Bracket: 2
	 Base: 16,2%
	 Effective Percent: 98,53%
----------------------
08:19,567

Intellect
	 Rating: 136889
	 Multiplicative Factor: 5%
	 Eff: 136889,3203883495
Stamina
	 Rating: 837894
	 Multiplicative Factor: 6%
	 Eff: 837894,2857142856
Crit
	 Rating: 12085
	 Multiplicative Factor: 0%
	 Eff: 15585
	 DR Bracket: 0
	 Base: 5%
	 Effective Percent: 22,26%
	 Crit Inc Heal: 2
	 Crit Inc Damage: 2
Haste
	 Rating: 17110
	 Multiplicative Factor: 0%
	 Eff: 17110
	 DR Bracket: 0
	 Base: 0%
	 Effective Percent: 25,92%
Vers
	 Rating: 10782
	 Multiplicative Factor: 0%
	 Eff: 13122
	 DR Bracket: 0
	 Base: 3%
	 Effective Percent: 16,82%
Leech
	 Rating: 3060
	 Multiplicative Factor: 0%
	 Eff: 5099,99025
	 DR Bracket: 0
	 Base: 2%
	 Effective Percent: 5%
Avoidance
	 Rating: 1224
	 Multiplicative Factor: 0%
	 Eff: 1224
	 DR Bracket: 0
	 Base: 0%
	 Effective Percent: 2,25%
Mastery
	 Rating: 33896
	 Multiplicative Factor: 0%
	 Eff: 38316,8
	 DR Bracket: 2
	 Base: 16,2%
	 Effective Percent: 98,53%
----------------------
08:19,567

Intellect
	 Rating: 136889
	 Multiplicative Factor: 5%
	 Eff: 136889,3203883495
Stamina
	 Rating: 837894
	 Multiplicative Factor: 6%
	 Eff: 837894,2857142856
Crit
	 Rating: 12085
	 Multiplicative Factor: 0%
	 Eff: 15585
	 DR Bracket: 0
	 Base: 5%
	 Effective Percent: 22,26%
	 Crit Inc Heal: 2
	 Crit Inc Damage: 2
Haste
	 Rating: 17110
	 Multiplicative Factor: 0%
	 Eff: 17110
	 DR Bracket: 0
	 Base: 0%
	 Effective Percent: 25,92%
Vers
	 Rating: 10782
	 Multiplicative Factor: 0%
	 Eff: 10782
	 DR Bracket: 0
	 Base: 0%
	 Effective Percent: 13,82%
Leech
	 Rating: 3060
	 Multiplicative Factor: 0%
	 Eff: 5099,99025
	 DR Bracket: 0
	 Base: 2%
	 Effective Percent: 5%
Avoidance
	 Rating: 1224
	 Multiplicative Factor: 0%
	 Eff: 1224
	 DR Bracket: 0
	 Base: 0%
	 Effective Percent: 2,25%
Mastery
	 Rating: 33896
	 Multiplicative Factor: 0%
	 Eff: 38316,8
	 DR Bracket: 2
	 Base: 16,2%
	 Effective Percent: 98,53%
