-----------
EssenceRegenDummy
-----------
Azure Strike
-----------
Blessing of the Bronze
-----------
Cauterizing Flame
-----------
Chrono Flames
-----------
Chrono Flame
-----------
Consume Flame
	Eff: 6344,39026794344
-----------
Deep Breath
-----------
Disintegrate
-----------
Dream Breath
	Eff: 7306,943449630049
-----------
Dream Breath (Echo)
	Eff: 595,1411075225024
-----------
Dream Flight
	Eff: 3094,01083160702
-----------
Echo
	Eff: 1218,9084743467683
-----------
Emerald Blossom
-----------
Engulf
-----------
Enkindle
-----------
Expunge
-----------
Fire Breath
	Dmg: 301,30974956641876
-----------
Fluttering Seedlings
-----------
Golden Hour
-----------
Landslide
-----------
Lifebind
	Eff: 648,3337592413377
-----------
Life-Giver's Flame
-----------
Living Flame
	Eff: 99,57690788060427
	Dmg: 164,2674655948067
-----------
Naturalize
-----------
Oppressing Roar
-----------
Panacea
	Eff: 124,11587761342525
-----------
Rewind
-----------
Renewing Blaze
-----------
Reversion
	Eff: 1231,6677277565914
-----------
Reversion (Echo)
	Eff: 2285,9213142696517
-----------
Sleep Walk
-----------
Source of Magic
-----------
Spatial Paradox
-----------
Spiritbloom
	Eff: 648,8583876517368
-----------
Spiritbloom (Echo)
	Eff: 962,917462297366
-----------
Stasis
-----------
Tail Swipe
-----------
Temporal Anomaly
	Eff: 3989,8421456871997
-----------
Time Spiral
-----------
Unravel
-----------
Verdant Embrace
	Eff: 1072,4160905095341
-----------
Zephyr
-----------
Leech
	Eff: 725,0762530472421
-----------
Blessing of Summer
-----------
Holy Bulwark
-----------
ZeroCIMDummy
-----------
Ethereal Reconstitution
	Eff: 422,8525164063176
-----------
Ethereal Guard
	Eff: 1957,1373323689722
-----------
Stasis (Release)
-----------
Essence Bomb
-----------
Voidglass Barrier
	Eff: 1197,2870656922696
-----------
Tip the Scales
-----------
Algari Mana Potion
-----------
Hover
-----------
Glide
-----------
Rescue
-----------
Twin Guardian
-----------
Emerald Communion
-----------
Stasis (Store)
-----------
Obsidian Scales
-----------
Time Dilation
-----------
Take Off
-----------
Whirling Surge
-----------
Surge Forward
-----------
Skyward Ascent
-----------
Shooting Star
-----------
Wing Buffet
-----------
Fury of the Aspects
-----------
Bombardments
-----------
Invigorating Healing Potion
	Eff: 76,78075547050685
