-----------
EssenceRegenDummy
-----------
Azure Strike
-----------
Blessing of the Bronze
-----------
Cauterizing Flame
-----------
Chrono Flames
-----------
Chrono Flame
-----------
Consume Flame
	Eff: -28089952,939439803
-----------
Deep Breath
-----------
Disintegrate
-----------
Dream Breath
	Eff: 14700965,823989633
-----------
Dream Breath (Echo)
-----------
Dream Flight
	Eff: 29301857,50813232
-----------
Echo
	Eff: -4597942,929845129
-----------
Emerald Blossom
-----------
Engulf
-----------
Enkindle
-----------
Expunge
-----------
Fire Breath
-----------
Fluttering Seedlings
-----------
Golden Hour
	Eff: -35542995,52767438
-----------
Landslide
-----------
Lifebind
	Eff: -33918146,32178903
-----------
Life-Giver's Flame
-----------
Living Flame
	Dmg: -25989435,154097814
-----------
Naturalize
-----------
Oppressing Roar
-----------
Panacea
	Eff: 1866910,3572562556
-----------
Rewind
-----------
Renewing Blaze
-----------
Reversion
	Eff: -9722708,44987464
-----------
Reversion (Echo)
	Eff: -41699022,75961664
-----------
Sleep Walk
-----------
Source of Magic
-----------
Spatial Paradox
-----------
Spiritbloom
	Eff: 2537320,965207486
-----------
Spiritbloom (Echo)
	Eff: -6062214,650079077
-----------
Stasis
-----------
Tail Swipe
-----------
Temporal Anomaly
	Eff: -57436293,207796045
-----------
Time Spiral
-----------
Unravel
-----------
Verdant Embrace
	Eff: 17911328,519433167
-----------
Zephyr
-----------
Leech
	Eff: -20030727,66454362
-----------
Blessing of Summer
-----------
Holy Bulwark
-----------
ZeroCIMDummy
-----------
Barrier of the Oathsworn
-----------
Voidglass Barrier
	Eff: 28658324,749555063
-----------
Stasis (Store)
-----------
Ethereal Reconstitution
	Eff: 4946873,3029989805
-----------
Shattered Soul's Embrace
-----------
Ethereal Guard
	Eff: 24317135,467954725
-----------
Essence Bomb
-----------
Lightforged Blessing
	SupEff: -2,9103830456733704E-11
-----------
Stasis (Release)
-----------
Hover
-----------
Algari Mana Potion
-----------
Glide
-----------
Time Dilation
-----------
Melee
	Dmg: 9002,461802318203
-----------
Rescue
-----------
Twin Guardian
-----------
Tip the Scales
-----------
Emerald Communion
-----------
Obsidian Scales
-----------
Take Off
-----------
Whirling Surge
-----------
Surge Forward
-----------
Shooting Star
-----------
Skyward Ascent
-----------
Voidglass Shards
