-----------
EssenceRegenDummy
-----------
Azure Strike
-----------
Blessing of the Bronze
-----------
Cauterizing Flame
-----------
Chrono Flames
-----------
Chrono Flame
-----------
Consume Flame
	Eff: -14004346,758878235
-----------
Deep Breath
-----------
Disintegrate
-----------
Dream Breath
	Eff: 22416430,51152158
-----------
Dream Breath (Echo)
-----------
Dream Flight
	Eff: 30303380,652252465
-----------
Echo
	Eff: -3234246,4475641595
-----------
Emerald Blossom
-----------
Engulf
-----------
Enkindle
-----------
Expunge
-----------
Fire Breath
-----------
Fluttering Seedlings
-----------
Golden Hour
	Eff: -35542995,52767438
-----------
Landslide
-----------
Lifebind
	Eff: -33242545,914824896
-----------
Life-Giver's Flame
-----------
Living Flame
	Dmg: -25543141,624095783
-----------
Naturalize
-----------
Oppressing Roar
-----------
Panacea
	Eff: 2154930,981048033
-----------
Rewind
-----------
Renewing Blaze
-----------
Reversion
	Eff: -8754558,419547938
-----------
Reversion (Echo)
	Eff: -31004935,762887612
-----------
Sleep Walk
-----------
Source of Magic
-----------
Spatial Paradox
-----------
Spiritbloom
	Eff: 3270244,869105541
-----------
Spiritbloom (Echo)
	Eff: -3359007,6436828976
-----------
Stasis
-----------
Tail Swipe
-----------
Temporal Anomaly
	Eff: -60019144,18878052
-----------
Time Spiral
-----------
Unravel
-----------
Verdant Embrace
	Eff: 20163441,707868982
-----------
Zephyr
-----------
Leech
	Eff: -19525396,09359475
-----------
Blessing of Summer
-----------
Holy Bulwark
-----------
ZeroCIMDummy
-----------
Barrier of the Oathsworn
-----------
Voidglass Barrier
	Eff: 13418959,672356643
-----------
Stasis (Store)
-----------
Ethereal Reconstitution
	Eff: -1859339,0596737359
-----------
Shattered Soul's Embrace
-----------
Ethereal Guard
	Eff: 6150327,880061956
-----------
Essence Bomb
-----------
Lightforged Blessing
	SupEff: -2,9103830456733704E-11
-----------
Stasis (Release)
-----------
Hover
-----------
Algari Mana Potion
-----------
Glide
-----------
Time Dilation
-----------
Melee
	Dmg: 867,6470092338768
-----------
Rescue
-----------
Twin Guardian
-----------
Tip the Scales
-----------
Emerald Communion
-----------
Obsidian Scales
-----------
Take Off
-----------
Whirling Surge
-----------
Surge Forward
-----------
Shooting Star
-----------
Skyward Ascent
-----------
Voidglass Shards
