-----------
EssenceRegenDummy
-----------
Azure Strike
-----------
Blessing of the Bronze
-----------
Cauterizing Flame
-----------
Chrono Flames
-----------
Chrono Flame
-----------
Consume Flame
	Eff: -58950900,92198752
-----------
Deep Breath
-----------
Disintegrate
-----------
Dream Breath
	Eff: -39467286,83201337
-----------
Dream Breath (Echo)
-----------
Dream Flight
	Eff: 9221277,685602054
-----------
Echo
	Eff: -8796192,21915475
-----------
Emerald Blossom
-----------
Engulf
-----------
Enkindle
-----------
Expunge
-----------
Fire Breath
-----------
Fluttering Seedlings
-----------
Golden Hour
	Eff: -35542995,52767438
-----------
Landslide
-----------
Lifebind
	Eff: -36593205,55660571
-----------
Life-Giver's Flame
-----------
Living Flame
	Dmg: -25616683,582643494
-----------
Naturalize
-----------
Oppressing Roar
-----------
Panacea
	Eff: 1259403,4150707459
-----------
Rewind
-----------
Renewing Blaze
-----------
Reversion
	Eff: -38575798,53544062
-----------
Reversion (Echo)
	Eff: -147768509,87203094
-----------
Sleep Walk
-----------
Source of Magic
-----------
Spatial Paradox
-----------
Spiritbloom
	Eff: 3749217,780532293
-----------
Spiritbloom (Echo)
	Eff: -7114115,935850862
-----------
Stasis
-----------
Tail Swipe
-----------
Temporal Anomaly
	Eff: 13881069,544852365
-----------
Time Spiral
-----------
Unravel
-----------
Verdant Embrace
	Eff: 2742213,031320395
-----------
Zephyr
-----------
Leech
	Eff: -26264197,46147402
-----------
Blessing of Summer
-----------
Holy Bulwark
-----------
ZeroCIMDummy
-----------
Barrier of the Oathsworn
-----------
Voidglass Barrier
	Eff: 41934969,34348534
-----------
Stasis (Store)
-----------
Ethereal Reconstitution
	Eff: -639006,4702660651
-----------
Shattered Soul's Embrace
-----------
Ethereal Guard
	Eff: -7752075,2419572435
-----------
Essence Bomb
-----------
Lightforged Blessing
	SupEff: -2,9103830456733704E-11
-----------
Stasis (Release)
-----------
Hover
-----------
Algari Mana Potion
-----------
Glide
-----------
Time Dilation
-----------
Melee
	Dmg: -3374,619770243402
-----------
Rescue
-----------
Twin Guardian
-----------
Tip the Scales
-----------
Emerald Communion
-----------
Obsidian Scales
-----------
Take Off
-----------
Whirling Surge
-----------
Surge Forward
-----------
Shooting Star
-----------
Skyward Ascent
-----------
Voidglass Shards
