-----------
EssenceRegenDummy
-----------
Azure Strike
-----------
Blessing of the Bronze
-----------
Cauterizing Flame
-----------
Chrono Flames
-----------
Chrono Flame
-----------
Consume Flame
	Eff: -49757991,66961863
-----------
Deep Breath
-----------
Disintegrate
-----------
Dream Breath
	Eff: -4924769,8788006455
-----------
Dream Breath (Echo)
-----------
Dream Flight
	Eff: 23487693,40761833
-----------
Echo
	Eff: -7588519,589739769
-----------
Emerald Blossom
-----------
Engulf
-----------
Enkindle
-----------
Expunge
-----------
Fire Breath
-----------
Fluttering Seedlings
-----------
Golden Hour
	Eff: -35542995,52767438
-----------
Landslide
-----------
Lifebind
	Eff: -34929021,68943642
-----------
Life-Giver's Flame
-----------
Living Flame
	Dmg: -26190857,613063052
-----------
Naturalize
-----------
Oppressing Roar
-----------
Panacea
	Eff: 1448995,8630612367
-----------
Rewind
-----------
Renewing Blaze
-----------
Reversion
	Eff: -13559477,636586491
-----------
Reversion (Echo)
	Eff: -52047013,693394944
-----------
Sleep Walk
-----------
Source of Magic
-----------
Spatial Paradox
-----------
Spiritbloom
	Eff: 1663704,9406364004
-----------
Spiritbloom (Echo)
	Eff: -9305535,715574168
-----------
Stasis
-----------
Tail Swipe
-----------
Temporal Anomaly
	Eff: -62753123,17466127
-----------
Time Spiral
-----------
Unravel
-----------
Verdant Embrace
	Eff: 14927196,629185654
-----------
Zephyr
-----------
Leech
	Eff: -21299771,21767632
-----------
Blessing of Summer
-----------
Holy Bulwark
-----------
ZeroCIMDummy
-----------
Barrier of the Oathsworn
-----------
Voidglass Barrier
	Eff: 35537234,09607479
-----------
Stasis (Store)
-----------
Ethereal Reconstitution
	Eff: 8018676,263135211
-----------
Shattered Soul's Embrace
-----------
Ethereal Guard
	Eff: 32515477,402882032
-----------
Essence Bomb
-----------
Lightforged Blessing
	SupEff: -2,9103830456733704E-11
-----------
Stasis (Release)
-----------
Hover
-----------
Algari Mana Potion
-----------
Glide
-----------
Time Dilation
-----------
Melee
	Dmg: 12673,667031925383
-----------
Rescue
-----------
Twin Guardian
-----------
Tip the Scales
-----------
Emerald Communion
-----------
Obsidian Scales
-----------
Take Off
-----------
Whirling Surge
-----------
Surge Forward
-----------
Shooting Star
-----------
Skyward Ascent
-----------
Voidglass Shards
