-----------
EssenceRegenDummy
-----------
Azure Strike
-----------
Blessing of the Bronze
-----------
Cauterizing Flame
-----------
Chrono Flames
-----------
Chrono Flame
-----------
Consume Flame
	Eff: -51637098,92222144
-----------
Deep Breath
-----------
Disintegrate
-----------
Dream Breath
	Eff: -16940526,921681143
-----------
Dream Breath (Echo)
-----------
Dream Flight
	Eff: 18450135,922718745
-----------
Echo
	Eff: -7643203,797973487
-----------
Emerald Blossom
-----------
Engulf
-----------
Enkindle
-----------
Expunge
-----------
Fire Breath
-----------
Fluttering Seedlings
-----------
Golden Hour
	Eff: -35542995,52767438
-----------
Landslide
-----------
Lifebind
	Eff: -35638939,61749876
-----------
Life-Giver's Flame
-----------
Living Flame
	Dmg: -25999805,826054305
-----------
Naturalize
-----------
Oppressing Roar
-----------
Panacea
	Eff: 1415971,4227033008
-----------
Rewind
-----------
Renewing Blaze
-----------
Reversion
	Eff: -26237885,714276224
-----------
Reversion (Echo)
	Eff: -94585962,52019963
-----------
Sleep Walk
-----------
Source of Magic
-----------
Spatial Paradox
-----------
Spiritbloom
	Eff: 2611884,043795762
-----------
Spiritbloom (Echo)
	Eff: -8176036,538816713
-----------
Stasis
-----------
Tail Swipe
-----------
Temporal Anomaly
	Eff: -26391587,135493014
-----------
Time Spiral
-----------
Unravel
-----------
Verdant Embrace
	Eff: 9862116,844071412
-----------
Zephyr
-----------
Leech
	Eff: -23340064,224758614
-----------
Blessing of Summer
-----------
Holy Bulwark
-----------
ZeroCIMDummy
-----------
Barrier of the Oathsworn
-----------
Voidglass Barrier
	Eff: 41934969,34348534
-----------
Stasis (Store)
-----------
Ethereal Reconstitution
	Eff: 5154117,518542585
-----------
Shattered Soul's Embrace
-----------
Ethereal Guard
	Eff: 16343185,381552583
-----------
Essence Bomb
-----------
Lightforged Blessing
	SupEff: -2,9103830456733704E-11
-----------
Stasis (Release)
-----------
Hover
-----------
Algari Mana Potion
-----------
Glide
-----------
Time Dilation
-----------
Melee
	Dmg: 6417,26602685563
-----------
Rescue
-----------
Twin Guardian
-----------
Tip the Scales
-----------
Emerald Communion
-----------
Obsidian Scales
-----------
Take Off
-----------
Whirling Surge
-----------
Surge Forward
-----------
Shooting Star
-----------
Skyward Ascent
-----------
Voidglass Shards
