-----------
EssenceRegenDummy
-----------
Azure Strike
-----------
Blessing of the Bronze
-----------
Cauterizing Flame
-----------
Chrono Flames
-----------
Chrono Flame
-----------
Consume Flame
	Eff: -24060563,60279336
-----------
Deep Breath
-----------
Disintegrate
-----------
Dream Breath
	Eff: 6615604,613817626
-----------
Dream Breath (Echo)
-----------
Dream Flight
	Eff: 25314250,708547212
-----------
Echo
	Eff: -3980305,2347100275
-----------
Emerald Blossom
-----------
Engulf
-----------
Enkindle
-----------
Expunge
-----------
Fire Breath
-----------
Fluttering Seedlings
-----------
Golden Hour
	Eff: -35542995,52767438
-----------
Landslide
-----------
Lifebind
	Eff: -34424591,92282026
-----------
Life-Giver's Flame
-----------
Living Flame
	Dmg: -25642586,130377144
-----------
Naturalize
-----------
Oppressing Roar
-----------
Panacea
	Eff: 1936249,7725073844
-----------
Rewind
-----------
Renewing Blaze
-----------
Reversion
	Eff: -23117800,325529855
-----------
Reversion (Echo)
	Eff: -85303329,09061067
-----------
Sleep Walk
-----------
Source of Magic
-----------
Spatial Paradox
-----------
Spiritbloom
	Eff: 3866335,1938789845
-----------
Spiritbloom (Echo)
	Eff: -3663841,487613746
-----------
Stasis
-----------
Tail Swipe
-----------
Temporal Anomaly
	Eff: -20522810,95723499
-----------
Time Spiral
-----------
Unravel
-----------
Verdant Embrace
	Eff: 13568728,897588298
-----------
Zephyr
-----------
Leech
	Eff: -21936000,22119209
-----------
Blessing of Summer
-----------
Holy Bulwark
-----------
ZeroCIMDummy
-----------
Barrier of the Oathsworn
-----------
Voidglass Barrier
	Eff: 28658324,749555063
-----------
Stasis (Store)
-----------
Ethereal Reconstitution
	Eff: -297769,71726146434
-----------
Shattered Soul's Embrace
-----------
Ethereal Guard
	Eff: 516131,7917904865
-----------
Essence Bomb
-----------
Lightforged Blessing
	SupEff: -2,9103830456733704E-11
-----------
Stasis (Release)
-----------
Hover
-----------
Algari Mana Potion
-----------
Glide
-----------
Time Dilation
-----------
Melee
	Dmg: 137,65145126202333
-----------
Rescue
-----------
Twin Guardian
-----------
Tip the Scales
-----------
Emerald Communion
-----------
Obsidian Scales
-----------
Take Off
-----------
Whirling Surge
-----------
Surge Forward
-----------
Shooting Star
-----------
Skyward Ascent
-----------
Voidglass Shards
