-----------
EssenceRegenDummy
-----------
Azure Strike
-----------
Blessing of the Bronze
-----------
Cauterizing Flame
-----------
Chrono Flames
-----------
Chrono Flame
-----------
Consume Flame
	Eff: -61176238,82914815
-----------
Deep Breath
-----------
Disintegrate
-----------
Dream Breath
	Eff: -20143437,527410362
-----------
Dream Breath (Echo)
-----------
Dream Flight
	Eff: 18248258,13904559
-----------
Echo
	Eff: -9075691,461199053
-----------
Emerald Blossom
-----------
Engulf
-----------
Enkindle
-----------
Expunge
-----------
Fire Breath
-----------
Fluttering Seedlings
-----------
Golden Hour
	Eff: -35542995,52767438
-----------
Landslide
-----------
Lifebind
	Eff: -35646459,85800043
-----------
Life-Giver's Flame
-----------
Living Flame
	Dmg: -26191366,947759714
-----------
Naturalize
-----------
Oppressing Roar
-----------
Panacea
	Eff: 1234470,8988515453
-----------
Rewind
-----------
Renewing Blaze
-----------
Reversion
	Eff: -19389458,821686007
-----------
Reversion (Echo)
	Eff: -70680060,14931573
-----------
Sleep Walk
-----------
Source of Magic
-----------
Spatial Paradox
-----------
Spiritbloom
	Eff: 1676255,1772987237
-----------
Spiritbloom (Echo)
	Eff: -10341089,705348697
-----------
Stasis
-----------
Tail Swipe
-----------
Temporal Anomaly
	Eff: -48690410,16960816
-----------
Time Spiral
-----------
Unravel
-----------
Verdant Embrace
	Eff: 11189829,504370302
-----------
Zephyr
-----------
Leech
	Eff: -22731106,13869615
-----------
Blessing of Summer
-----------
Holy Bulwark
-----------
ZeroCIMDummy
-----------
Barrier of the Oathsworn
-----------
Voidglass Barrier
	Eff: 41934969,34348534
-----------
Stasis (Store)
-----------
Ethereal Reconstitution
	Eff: 8050679,512946908
-----------
Shattered Soul's Embrace
-----------
Ethereal Guard
	Eff: 28390815,693307497
-----------
Essence Bomb
-----------
Lightforged Blessing
	SupEff: -2,9103830456733704E-11
-----------
Stasis (Release)
-----------
Hover
-----------
Algari Mana Potion
-----------
Glide
-----------
Time Dilation
-----------
Melee
	Dmg: 11313,20892540514
-----------
Rescue
-----------
Twin Guardian
-----------
Tip the Scales
-----------
Emerald Communion
-----------
Obsidian Scales
-----------
Take Off
-----------
Whirling Surge
-----------
Surge Forward
-----------
Shooting Star
-----------
Skyward Ascent
-----------
Voidglass Shards
