-----------
EssenceRegenDummy
-----------
Azure Strike
-----------
Blessing of the Bronze
-----------
Cauterizing Flame
-----------
Chrono Flames
-----------
Chrono Flame
-----------
Consume Flame
	Eff: -36879928,09896354
-----------
Deep Breath
-----------
Disintegrate
-----------
Dream Breath
	Eff: 2559383,72474609
-----------
Dream Breath (Echo)
-----------
Dream Flight
	Eff: 25229629,41040533
-----------
Echo
	Eff: -5630262,760422991
-----------
Emerald Blossom
-----------
Engulf
-----------
Enkindle
-----------
Expunge
-----------
Fire Breath
-----------
Fluttering Seedlings
-----------
Golden Hour
	Eff: -35542995,52767438
-----------
Landslide
-----------
Lifebind
	Eff: -34559228,46649158
-----------
Life-Giver's Flame
-----------
Living Flame
	Dmg: -26011523,843342327
-----------
Naturalize
-----------
Oppressing Roar
-----------
Panacea
	Eff: 1696113,376581236
-----------
Rewind
-----------
Renewing Blaze
-----------
Reversion
	Eff: -17014906,654501446
-----------
Reversion (Echo)
	Eff: -58474760,61989002
-----------
Sleep Walk
-----------
Source of Magic
-----------
Spatial Paradox
-----------
Spiritbloom
	Eff: 2657782,27682703
-----------
Spiritbloom (Echo)
	Eff: -6747441,581560474
-----------
Stasis
-----------
Tail Swipe
-----------
Temporal Anomaly
	Eff: -41351376,778056435
-----------
Time Spiral
-----------
Unravel
-----------
Verdant Embrace
	Eff: 14399520,349957373
-----------
Zephyr
-----------
Leech
	Eff: -21283343,41305794
-----------
Blessing of Summer
-----------
Holy Bulwark
-----------
ZeroCIMDummy
-----------
Barrier of the Oathsworn
-----------
Voidglass Barrier
	Eff: 35537234,09607479
-----------
Stasis (Store)
-----------
Ethereal Reconstitution
	Eff: 5307001,905302083
-----------
Shattered Soul's Embrace
-----------
Ethereal Guard
	Eff: 20764092,096279923
-----------
Essence Bomb
-----------
Lightforged Blessing
	SupEff: -2,9103830456733704E-11
-----------
Stasis (Release)
-----------
Hover
-----------
Algari Mana Potion
-----------
Glide
-----------
Time Dilation
-----------
Melee
	Dmg: 8090,23231136379
-----------
Rescue
-----------
Twin Guardian
-----------
Tip the Scales
-----------
Emerald Communion
-----------
Obsidian Scales
-----------
Take Off
-----------
Whirling Surge
-----------
Surge Forward
-----------
Shooting Star
-----------
Skyward Ascent
-----------
Voidglass Shards
