-----------
EssenceRegenDummy
-----------
Azure Strike
-----------
Blessing of the Bronze
-----------
Cauterizing Flame
-----------
Chrono Flames
-----------
Chrono Flame
-----------
Consume Flame
	Eff: -38741228,744919375
-----------
Deep Breath
-----------
Disintegrate
-----------
Dream Breath
	Eff: -13058977,829471916
-----------
Dream Breath (Echo)
-----------
Dream Flight
	Eff: 18503516,841037434
-----------
Echo
	Eff: -5933951,816919517
-----------
Emerald Blossom
-----------
Engulf
-----------
Enkindle
-----------
Expunge
-----------
Fire Breath
-----------
Fluttering Seedlings
-----------
Golden Hour
	Eff: -35542995,52767438
-----------
Landslide
-----------
Lifebind
	Eff: -35374751,847314894
-----------
Life-Giver's Flame
-----------
Living Flame
	Dmg: -25643814,521651573
-----------
Naturalize
-----------
Oppressing Roar
-----------
Panacea
	Eff: 1648783,98973093
-----------
Rewind
-----------
Renewing Blaze
-----------
Reversion
	Eff: -30778560,38376998
-----------
Reversion (Echo)
	Eff: -112404461,35825661
-----------
Sleep Walk
-----------
Source of Magic
-----------
Spatial Paradox
-----------
Spiritbloom
	Eff: 3888322,906807673
-----------
Spiritbloom (Echo)
	Eff: -5037585,313734018
-----------
Stasis
-----------
Tail Swipe
-----------
Temporal Anomaly
	Eff: -2698880,021987696
-----------
Time Spiral
-----------
Unravel
-----------
Verdant Embrace
	Eff: 8620140,47369186
-----------
Zephyr
-----------
Leech
	Eff: -23830132,050698556
-----------
Blessing of Summer
-----------
Holy Bulwark
-----------
ZeroCIMDummy
-----------
Barrier of the Oathsworn
-----------
Voidglass Barrier
	Eff: 35537234,09607479
-----------
Stasis (Store)
-----------
Ethereal Reconstitution
	Eff: -253066,00782893924
-----------
Shattered Soul's Embrace
-----------
Ethereal Guard
	Eff: -3331168,5272299126
-----------
Essence Bomb
-----------
Lightforged Blessing
	SupEff: -2,9103830456733704E-11
-----------
Stasis (Release)
-----------
Hover
-----------
Algari Mana Potion
-----------
Glide
-----------
Time Dilation
-----------
Melee
	Dmg: -1307,7281214993018
-----------
Rescue
-----------
Twin Guardian
-----------
Tip the Scales
-----------
Emerald Communion
-----------
Obsidian Scales
-----------
Take Off
-----------
Whirling Surge
-----------
Surge Forward
-----------
Shooting Star
-----------
Skyward Ascent
-----------
Voidglass Shards
