-----------
EssenceRegenDummy
-----------
Azure Strike
-----------
Blessing of the Bronze
-----------
Cauterizing Flame
-----------
Chrono Flames
-----------
Chrono Flame
-----------
Consume Flame
	Eff: -16357341,627305184
-----------
Deep Breath
-----------
Disintegrate
-----------
Dream Breath
	Eff: 17819450,156220518
-----------
Dream Breath (Echo)
-----------
Dream Flight
	Eff: 29010585,0173771
-----------
Echo
	Eff: -3179527,3762830338
-----------
Emerald Blossom
-----------
Engulf
-----------
Enkindle
-----------
Expunge
-----------
Fire Breath
-----------
Fluttering Seedlings
-----------
Golden Hour
	Eff: -35542995,52767438
-----------
Landslide
-----------
Lifebind
	Eff: -33715611,70454149
-----------
Life-Giver's Flame
-----------
Living Flame
	Dmg: -25604584,77162539
-----------
Naturalize
-----------
Oppressing Roar
-----------
Panacea
	Eff: 2095335,2262638963
-----------
Rewind
-----------
Renewing Blaze
-----------
Reversion
	Eff: -14787534,336878175
-----------
Reversion (Echo)
	Eff: -58390544,525893316
-----------
Sleep Walk
-----------
Source of Magic
-----------
Spatial Paradox
-----------
Spiritbloom
	Eff: 3634694,6888213297
-----------
Spiritbloom (Echo)
	Eff: -3184002,1039852486
-----------
Stasis
-----------
Tail Swipe
-----------
Temporal Anomaly
	Eff: -40212235,25711671
-----------
Time Spiral
-----------
Unravel
-----------
Verdant Embrace
	Eff: 17379442,71748747
-----------
Zephyr
-----------
Leech
	Eff: -20529033,754656527
-----------
Blessing of Summer
-----------
Holy Bulwark
-----------
ZeroCIMDummy
-----------
Barrier of the Oathsworn
-----------
Voidglass Barrier
	Eff: 21060791,13705134
-----------
Stasis (Store)
-----------
Ethereal Reconstitution
	Eff: -901240,6757106392
-----------
Shattered Soul's Embrace
-----------
Ethereal Guard
	Eff: 3506761,986958067
-----------
Essence Bomb
-----------
Lightforged Blessing
	SupEff: -2,9103830456733704E-11
-----------
Stasis (Release)
-----------
Hover
-----------
Algari Mana Potion
-----------
Glide
-----------
Time Dilation
-----------
Melee
	Dmg: 797,4583363356414
-----------
Rescue
-----------
Twin Guardian
-----------
Tip the Scales
-----------
Emerald Communion
-----------
Obsidian Scales
-----------
Take Off
-----------
Whirling Surge
-----------
Surge Forward
-----------
Shooting Star
-----------
Skyward Ascent
-----------
Voidglass Shards
