-----------
EssenceRegenDummy
-----------
Azure Strike
-----------
Blessing of the Bronze
-----------
Cauterizing Flame
-----------
Chrono Flames
-----------
Chrono Flame
-----------
Consume Flame
	Eff: -77511802,98401639
-----------
Deep Breath
-----------
Disintegrate
-----------
Dream Breath
	Eff: -31337884,61484022
-----------
Dream Breath (Echo)
-----------
Dream Flight
	Eff: 15257100,318727983
-----------
Echo
	Eff: -11570162,60813829
-----------
Emerald Blossom
-----------
Engulf
-----------
Enkindle
-----------
Expunge
-----------
Fire Breath
-----------
Fluttering Seedlings
-----------
Golden Hour
	Eff: -35542995,52767438
-----------
Landslide
-----------
Lifebind
	Eff: -36096556,4472709
-----------
Life-Giver's Flame
-----------
Living Flame
	Dmg: -26378217,68044934
-----------
Naturalize
-----------
Oppressing Roar
-----------
Panacea
	Eff: 918729,3837450565
-----------
Rewind
-----------
Renewing Blaze
-----------
Reversion
	Eff: -16262257,086577158
-----------
Reversion (Echo)
	Eff: -57730951,286793925
-----------
Sleep Walk
-----------
Source of Magic
-----------
Spatial Paradox
-----------
Spiritbloom
	Eff: 563452,9984107632
-----------
Spiritbloom (Echo)
	Eff: -13391140,815749237
-----------
Stasis
-----------
Tail Swipe
-----------
Temporal Anomaly
	Eff: -70989233,2037234
-----------
Time Spiral
-----------
Unravel
-----------
Verdant Embrace
	Eff: 11147314,736645963
-----------
Zephyr
-----------
Leech
	Eff: -22842346,15787239
-----------
Blessing of Summer
-----------
Holy Bulwark
-----------
ZeroCIMDummy
-----------
Barrier of the Oathsworn
-----------
Voidglass Barrier
	Eff: 41934969,34348534
-----------
Stasis (Store)
-----------
Ethereal Reconstitution
	Eff: 10876016,544370715
-----------
Shattered Soul's Embrace
-----------
Ethereal Guard
	Eff: 40142200,9999096
-----------
Essence Bomb
-----------
Lightforged Blessing
	SupEff: -2,9103830456733704E-11
-----------
Stasis (Release)
-----------
Hover
-----------
Algari Mana Potion
-----------
Glide
-----------
Time Dilation
-----------
Melee
	Dmg: 16088,763117488998
-----------
Rescue
-----------
Twin Guardian
-----------
Tip the Scales
-----------
Emerald Communion
-----------
Obsidian Scales
-----------
Take Off
-----------
Whirling Surge
-----------
Surge Forward
-----------
Shooting Star
-----------
Skyward Ascent
-----------
Voidglass Shards
