-----------
EssenceRegenDummy
-----------
Azure Strike
-----------
Blessing of the Bronze
-----------
Cauterizing Flame
-----------
Chrono Flames
-----------
Chrono Flame
-----------
Consume Flame
	Eff: -21576302,654301465
-----------
Deep Breath
-----------
Disintegrate
-----------
Dream Breath
	Eff: 15777890,36042159
-----------
Dream Breath (Echo)
-----------
Dream Flight
	Eff: 29115791,283439834
-----------
Echo
	Eff: -3583073,371937516
-----------
Emerald Blossom
-----------
Engulf
-----------
Enkindle
-----------
Expunge
-----------
Fire Breath
-----------
Fluttering Seedlings
-----------
Golden Hour
	Eff: -35542995,52767438
-----------
Landslide
-----------
Lifebind
	Eff: -33824174,096005574
-----------
Life-Giver's Flame
-----------
Living Flame
	Dmg: -25818190,174972527
-----------
Naturalize
-----------
Oppressing Roar
-----------
Panacea
	Eff: 1988436,2766760318
-----------
Rewind
-----------
Renewing Blaze
-----------
Reversion
	Eff: -11965887,01702364
-----------
Reversion (Echo)
	Eff: -59094381,93549622
-----------
Sleep Walk
-----------
Source of Magic
-----------
Spatial Paradox
-----------
Spiritbloom
	Eff: 3340257,6312692147
-----------
Spiritbloom (Echo)
	Eff: -4255040,569051061
-----------
Stasis
-----------
Tail Swipe
-----------
Temporal Anomaly
	Eff: -38245734,43038418
-----------
Time Spiral
-----------
Unravel
-----------
Verdant Embrace
	Eff: 16532328,97316793
-----------
Zephyr
-----------
Leech
	Eff: -20554365,562773976
-----------
Blessing of Summer
-----------
Holy Bulwark
-----------
ZeroCIMDummy
-----------
Barrier of the Oathsworn
-----------
Voidglass Barrier
	Eff: 28659585,777849562
-----------
Stasis (Store)
-----------
Ethereal Reconstitution
	Eff: 2357512,9136142577
-----------
Shattered Soul's Embrace
-----------
Ethereal Guard
	Eff: 12565265,372105021
-----------
Essence Bomb
-----------
Lightforged Blessing
	SupEff: -2,9103830456733704E-11
-----------
Stasis (Release)
-----------
Hover
-----------
Algari Mana Potion
-----------
Glide
-----------
Time Dilation
-----------
Melee
	Dmg: 4625,490675139879
-----------
Rescue
-----------
Twin Guardian
-----------
Tip the Scales
-----------
Emerald Communion
-----------
Obsidian Scales
-----------
Take Off
-----------
Whirling Surge
-----------
Surge Forward
-----------
Shooting Star
-----------
Skyward Ascent
-----------
Voidglass Shards
