-----------
EssenceRegenDummy
-----------
Azure Strike
-----------
Blessing of the Bronze
-----------
Cauterizing Flame
-----------
Chrono Flames
-----------
Chrono Flame
-----------
Consume Flame
	Eff: -51079130,4947935
-----------
Deep Breath
-----------
Disintegrate
-----------
Dream Breath
	Eff: -23465786,16978414
-----------
Dream Breath (Echo)
-----------
Dream Flight
	Eff: 15503457,15819207
-----------
Echo
	Eff: -7559482,311666138
-----------
Emerald Blossom
-----------
Engulf
-----------
Enkindle
-----------
Expunge
-----------
Fire Breath
-----------
Fluttering Seedlings
-----------
Golden Hour
	Eff: -35542995,52767438
-----------
Landslide
-----------
Lifebind
	Eff: -35905101,87173927
-----------
Life-Giver's Flame
-----------
Living Flame
	Dmg: -25808244,704348896
-----------
Naturalize
-----------
Oppressing Roar
-----------
Panacea
	Eff: 1419339,7620436775
-----------
Rewind
-----------
Renewing Blaze
-----------
Reversion
	Eff: -31890004,749757957
-----------
Reversion (Echo)
	Eff: -116236451,26666795
-----------
Sleep Walk
-----------
Source of Magic
-----------
Spatial Paradox
-----------
Spiritbloom
	Eff: 3314401,443020341
-----------
Spiritbloom (Echo)
	Eff: -7067634,700936738
-----------
Stasis
-----------
Tail Swipe
-----------
Temporal Anomaly
	Eff: -5456360,735022174
-----------
Time Spiral
-----------
Unravel
-----------
Verdant Embrace
	Eff: 7030656,323864409
-----------
Zephyr
-----------
Leech
	Eff: -24438080,898443215
-----------
Blessing of Summer
-----------
Holy Bulwark
-----------
ZeroCIMDummy
-----------
Barrier of the Oathsworn
-----------
Voidglass Barrier
	Eff: 41934969,34348534
-----------
Stasis (Store)
-----------
Ethereal Reconstitution
	Eff: 2257555,5241382616
-----------
Shattered Soul's Embrace
-----------
Ethereal Guard
	Eff: 4295555,069797676
-----------
Essence Bomb
-----------
Lightforged Blessing
	SupEff: -2,9103830456733704E-11
-----------
Stasis (Release)
-----------
Hover
-----------
Algari Mana Potion
-----------
Glide
-----------
Time Dilation
-----------
Melee
	Dmg: 1521,323128306114
-----------
Rescue
-----------
Twin Guardian
-----------
Tip the Scales
-----------
Emerald Communion
-----------
Obsidian Scales
-----------
Take Off
-----------
Whirling Surge
-----------
Surge Forward
-----------
Shooting Star
-----------
Skyward Ascent
-----------
Voidglass Shards
