-----------
EssenceRegenDummy
-----------
Azure Strike
-----------
Blessing of the Bronze
-----------
Cauterizing Flame
-----------
Chrono Flames
-----------
Chrono Flame
-----------
Consume Flame
	Eff: -47714427,03404088
-----------
Deep Breath
-----------
Disintegrate
-----------
Dream Breath
	Eff: -24671648,105306428
-----------
Dream Breath (Echo)
-----------
Dream Flight
	Eff: 8410233,79503504
-----------
Echo
	Eff: -6310108,374838055
-----------
Emerald Blossom
-----------
Engulf
-----------
Enkindle
-----------
Expunge
-----------
Fire Breath
-----------
Fluttering Seedlings
-----------
Golden Hour
	Eff: -24770423,895227414
-----------
Landslide
-----------
Lifebind
	Eff: -25863230,69621518
-----------
Life-Giver's Flame
-----------
Living Flame
	Dmg: -15900801,124777779
-----------
Naturalize
-----------
Oppressing Roar
-----------
Panacea
	Eff: 695770,5496057705
-----------
Rewind
-----------
Renewing Blaze
-----------
Reversion
	Eff: -24747447,85835669
-----------
Reversion (Echo)
	Eff: -91852921,26081176
-----------
Sleep Walk
-----------
Source of Magic
-----------
Spatial Paradox
-----------
Spiritbloom
	Eff: 1674116,7023781794
-----------
Spiritbloom (Echo)
	Eff: -7002901,54239707
-----------
Stasis
-----------
Tail Swipe
-----------
Temporal Anomaly
	Eff: 3982593,6387048303
-----------
Time Spiral
-----------
Unravel
-----------
Verdant Embrace
	Eff: 2313803,508280016
-----------
Zephyr
-----------
Leech
	Eff: -23291569,2224871
-----------
Blessing of Summer
-----------
Holy Bulwark
-----------
ZeroCIMDummy
-----------
Barrier of the Oathsworn
-----------
Voidglass Barrier
	Eff: 41934969,34348534
-----------
Stasis (Store)
-----------
Ethereal Reconstitution
	Eff: 7355091,92602702
-----------
Shattered Soul's Embrace
-----------
Ethereal Guard
	Eff: 19780764,874610264
-----------
Essence Bomb
-----------
Lightforged Blessing
	SupEff: -2,9103830456733704E-11
-----------
Stasis (Release)
-----------
Hover
-----------
Algari Mana Potion
-----------
Glide
-----------
Time Dilation
-----------
Melee
	Dmg: 7265,395480538449
-----------
Rescue
-----------
Twin Guardian
-----------
Tip the Scales
-----------
Emerald Communion
-----------
Obsidian Scales
-----------
Take Off
-----------
Whirling Surge
-----------
Surge Forward
-----------
Shooting Star
-----------
Skyward Ascent
-----------
Voidglass Shards
