-----------
EssenceRegenDummy
-----------
Azure Strike
-----------
Blessing of the Bronze
-----------
Cauterizing Flame
-----------
Chrono Flames
-----------
Chrono Flame
-----------
Consume Flame
	Eff: -2936932,0653957822
-----------
Deep Breath
-----------
Disintegrate
-----------
Dream Breath
	Eff: 24913342,719325583
-----------
Dream Breath (Echo)
-----------
Dream Flight
	Eff: 23058991,171084654
-----------
Echo
	Eff: -1335005,9770267468
-----------
Emerald Blossom
-----------
Engulf
-----------
Enkindle
-----------
Expunge
-----------
Fire Breath
-----------
Fluttering Seedlings
-----------
Golden Hour
	Eff: -24770423,895227414
-----------
Landslide
-----------
Lifebind
	Eff: -22666471,615461256
-----------
Life-Giver's Flame
-----------
Living Flame
	Dmg: -16596979,089541994
-----------
Naturalize
-----------
Oppressing Roar
-----------
Panacea
	Eff: 1513354,8001388256
-----------
Rewind
-----------
Renewing Blaze
-----------
Reversion
	Eff: -237450,34986959992
-----------
Reversion (Echo)
	Eff: -5363376,949311184
-----------
Sleep Walk
-----------
Source of Magic
-----------
Spatial Paradox
-----------
Spiritbloom
	Eff: 1988545,7704984054
-----------
Spiritbloom (Echo)
	Eff: -1865519,3335860898
-----------
Stasis
-----------
Tail Swipe
-----------
Temporal Anomaly
	Eff: -53813436,11162079
-----------
Time Spiral
-----------
Unravel
-----------
Verdant Embrace
	Eff: 15620059,55322985
-----------
Zephyr
-----------
Leech
	Eff: -18220854,318043023
-----------
Blessing of Summer
-----------
Holy Bulwark
-----------
ZeroCIMDummy
-----------
Barrier of the Oathsworn
-----------
Voidglass Barrier
	Eff: 5777128,207661958
-----------
Stasis (Store)
-----------
Ethereal Reconstitution
	Eff: -789858,1833394332
-----------
Shattered Soul's Embrace
-----------
Ethereal Guard
	Eff: 9004933,681939498
-----------
Essence Bomb
-----------
Lightforged Blessing
	SupEff: -2,9103830456733704E-11
-----------
Stasis (Release)
-----------
Hover
-----------
Algari Mana Potion
-----------
Glide
-----------
Time Dilation
-----------
Melee
	Dmg: 2145,8952316135674
-----------
Rescue
-----------
Twin Guardian
-----------
Tip the Scales
-----------
Emerald Communion
-----------
Obsidian Scales
-----------
Take Off
-----------
Whirling Surge
-----------
Surge Forward
-----------
Shooting Star
-----------
Skyward Ascent
-----------
Voidglass Shards
