-----------
EssenceRegenDummy
-----------
Azure Strike
-----------
Blessing of the Bronze
-----------
Cauterizing Flame
-----------
Chrono Flames
-----------
Chrono Flame
-----------
Consume Flame
	Eff: -19684636,731122874
-----------
Deep Breath
-----------
Disintegrate
-----------
Dream Breath
	Eff: -1488456,591446519
-----------
Dream Breath (Echo)
-----------
Dream Flight
	Eff: 15087476,76800756
-----------
Echo
	Eff: -2612908,232370047
-----------
Emerald Blossom
-----------
Engulf
-----------
Enkindle
-----------
Expunge
-----------
Fire Breath
-----------
Fluttering Seedlings
-----------
Golden Hour
	Eff: -24770423,895227414
-----------
Landslide
-----------
Lifebind
	Eff: -24609875,070399337
-----------
Life-Giver's Flame
-----------
Living Flame
	Dmg: -16386699,204488864
-----------
Naturalize
-----------
Oppressing Roar
-----------
Panacea
	Eff: 1177866,4365664735
-----------
Rewind
-----------
Renewing Blaze
-----------
Reversion
	Eff: -22711644,52658487
-----------
Reversion (Echo)
	Eff: -83883829,79018334
-----------
Sleep Walk
-----------
Source of Magic
-----------
Spatial Paradox
-----------
Spiritbloom
	Eff: 2874148,182333179
-----------
Spiritbloom (Echo)
	Eff: -2411301,6232665265
-----------
Stasis
-----------
Tail Swipe
-----------
Temporal Anomaly
	Eff: 10330743,556158943
-----------
Time Spiral
-----------
Unravel
-----------
Verdant Embrace
	Eff: 5643921,225805908
-----------
Zephyr
-----------
Leech
	Eff: -21953579,037480865
-----------
Blessing of Summer
-----------
Holy Bulwark
-----------
ZeroCIMDummy
-----------
Barrier of the Oathsworn
-----------
Voidglass Barrier
	Eff: 28658324,749555063
-----------
Stasis (Store)
-----------
Ethereal Reconstitution
	Eff: 1719455,8257541624
-----------
Shattered Soul's Embrace
-----------
Ethereal Guard
	Eff: 2660924,9134937897
-----------
Essence Bomb
-----------
Lightforged Blessing
	SupEff: -2,9103830456733704E-11
-----------
Stasis (Release)
-----------
Hover
-----------
Algari Mana Potion
-----------
Glide
-----------
Time Dilation
-----------
Melee
	Dmg: 914,9746186441844
-----------
Rescue
-----------
Twin Guardian
-----------
Tip the Scales
-----------
Emerald Communion
-----------
Obsidian Scales
-----------
Take Off
-----------
Whirling Surge
-----------
Surge Forward
-----------
Shooting Star
-----------
Skyward Ascent
-----------
Voidglass Shards
