-----------
EssenceRegenDummy
-----------
Azure Strike
-----------
Blessing of the Bronze
-----------
Cauterizing Flame
-----------
Chrono Flames
-----------
Chrono Flame
-----------
Consume Flame
	Eff: -37644095,67329994
-----------
Deep Breath
-----------
Disintegrate
-----------
Dream Breath
	Eff: -25237087,176073078
-----------
Dream Breath (Echo)
-----------
Dream Flight
	Eff: 7135173,90066447
-----------
Echo
	Eff: -5057703,333589673
-----------
Emerald Blossom
-----------
Engulf
-----------
Enkindle
-----------
Expunge
-----------
Fire Breath
-----------
Fluttering Seedlings
-----------
Golden Hour
	Eff: -24770423,895227414
-----------
Landslide
-----------
Lifebind
	Eff: -25791139,994346477
-----------
Life-Giver's Flame
-----------
Living Flame
	Dmg: -16396749,136226377
-----------
Naturalize
-----------
Oppressing Roar
-----------
Panacea
	Eff: 854616,7108104652
-----------
Rewind
-----------
Renewing Blaze
-----------
Reversion
	Eff: -30642940,95695569
-----------
Reversion (Echo)
	Eff: -115062143,582804
-----------
Sleep Walk
-----------
Source of Magic
-----------
Spatial Paradox
-----------
Spiritbloom
	Eff: 2849320,1609281907
-----------
Spiritbloom (Echo)
	Eff: -4150705,542950319
-----------
Stasis
-----------
Tail Swipe
-----------
Temporal Anomaly
	Eff: 29610569,92174428
-----------
Time Spiral
-----------
Unravel
-----------
Verdant Embrace
	Eff: 321402,2796377884
-----------
Zephyr
-----------
Leech
	Eff: -24161053,9026553
-----------
Blessing of Summer
-----------
Holy Bulwark
-----------
ZeroCIMDummy
-----------
Barrier of the Oathsworn
-----------
Voidglass Barrier
	Eff: 35537234,09607479
-----------
Stasis (Store)
-----------
Ethereal Reconstitution
	Eff: 1632284,7882744828
-----------
Shattered Soul's Embrace
-----------
Ethereal Guard
	Eff: -516555,543283071
-----------
Essence Bomb
-----------
Lightforged Blessing
	SupEff: -2,9103830456733704E-11
-----------
Stasis (Release)
-----------
Hover
-----------
Algari Mana Potion
-----------
Glide
-----------
Time Dilation
-----------
Melee
	Dmg: -877,5411180709343
-----------
Rescue
-----------
Twin Guardian
-----------
Tip the Scales
-----------
Emerald Communion
-----------
Obsidian Scales
-----------
Take Off
-----------
Whirling Surge
-----------
Surge Forward
-----------
Shooting Star
-----------
Skyward Ascent
-----------
Voidglass Shards
