-----------
EssenceRegenDummy
-----------
Azure Strike
-----------
Blessing of the Bronze
-----------
Cauterizing Flame
-----------
Chrono Flames
-----------
Chrono Flame
-----------
Consume Flame
	Eff: -6506775,33855756
-----------
Deep Breath
-----------
Disintegrate
-----------
Dream Breath
	Eff: 23003443,991367903
-----------
Dream Breath (Echo)
-----------
Dream Flight
	Eff: 23584451,45783591
-----------
Echo
	Eff: -972995,0520995163
-----------
Emerald Blossom
-----------
Engulf
-----------
Enkindle
-----------
Expunge
-----------
Fire Breath
-----------
Fluttering Seedlings
-----------
Golden Hour
	Eff: -24770423,895227414
-----------
Landslide
-----------
Lifebind
	Eff: -23227533,99555389
-----------
Life-Giver's Flame
-----------
Living Flame
	Dmg: -16190751,16639268
-----------
Naturalize
-----------
Oppressing Roar
-----------
Panacea
	Eff: 1425964,8593355138
-----------
Rewind
-----------
Renewing Blaze
-----------
Reversion
	Eff: -8218982,403713781
-----------
Reversion (Echo)
	Eff: -28561419,971942317
-----------
Sleep Walk
-----------
Source of Magic
-----------
Spatial Paradox
-----------
Spiritbloom
	Eff: 2195602,206886461
-----------
Spiritbloom (Echo)
	Eff: -2218306,850924613
-----------
Stasis
-----------
Tail Swipe
-----------
Temporal Anomaly
	Eff: -29137686,673943184
-----------
Time Spiral
-----------
Unravel
-----------
Verdant Embrace
	Eff: 12676947,550676959
-----------
Zephyr
-----------
Leech
	Eff: -18947920,26243988
-----------
Blessing of Summer
-----------
Holy Bulwark
-----------
ZeroCIMDummy
-----------
Barrier of the Oathsworn
-----------
Voidglass Barrier
	Eff: 21062192,279600788
-----------
Stasis (Store)
-----------
Ethereal Reconstitution
	Eff: 3938928,7025785744
-----------
Shattered Soul's Embrace
-----------
Ethereal Guard
	Eff: 16961197,70788674
-----------
Essence Bomb
-----------
Lightforged Blessing
	SupEff: -2,9103830456733704E-11
-----------
Stasis (Release)
-----------
Hover
-----------
Algari Mana Potion
-----------
Glide
-----------
Time Dilation
-----------
Melee
	Dmg: 6483,16742648491
-----------
Rescue
-----------
Twin Guardian
-----------
Tip the Scales
-----------
Emerald Communion
-----------
Obsidian Scales
-----------
Take Off
-----------
Whirling Surge
-----------
Surge Forward
-----------
Shooting Star
-----------
Skyward Ascent
-----------
Voidglass Shards
