-----------
EssenceRegenDummy
-----------
Azure Strike
-----------
Blessing of the Bronze
-----------
Cauterizing Flame
-----------
Chrono Flames
-----------
Chrono Flame
-----------
Consume Flame
	Eff: -9054793,759662507
-----------
Deep Breath
-----------
Disintegrate
-----------
Dream Breath
	Eff: 13479376,719838563
-----------
Dream Breath (Echo)
-----------
Dream Flight
	Eff: 19913390,072519153
-----------
Echo
	Eff: -1380433,8018708322
-----------
Emerald Blossom
-----------
Engulf
-----------
Enkindle
-----------
Expunge
-----------
Fire Breath
-----------
Fluttering Seedlings
-----------
Golden Hour
	Eff: -24770423,895227414
-----------
Landslide
-----------
Lifebind
	Eff: -23687538,496994734
-----------
Life-Giver's Flame
-----------
Living Flame
	Dmg: -16427780,335836904
-----------
Naturalize
-----------
Oppressing Roar
-----------
Panacea
	Eff: 1376483,3897349422
-----------
Rewind
-----------
Renewing Blaze
-----------
Reversion
	Eff: -14033764,011914054
-----------
Reversion (Echo)
	Eff: -53316714,77327086
-----------
Sleep Walk
-----------
Source of Magic
-----------
Spatial Paradox
-----------
Spiritbloom
	Eff: 2694226,43005483
-----------
Spiritbloom (Echo)
	Eff: -1612274,4253684278
-----------
Stasis
-----------
Tail Swipe
-----------
Temporal Anomaly
	Eff: -10966953,518585023
-----------
Time Spiral
-----------
Unravel
-----------
Verdant Embrace
	Eff: 9867723,671166843
-----------
Zephyr
-----------
Leech
	Eff: -20248782,268367086
-----------
Blessing of Summer
-----------
Holy Bulwark
-----------
ZeroCIMDummy
-----------
Barrier of the Oathsworn
-----------
Voidglass Barrier
	Eff: 21060791,13705134
-----------
Stasis (Store)
-----------
Ethereal Reconstitution
	Eff: 1216376,4759977567
-----------
Shattered Soul's Embrace
-----------
Ethereal Guard
	Eff: 4911760,6643149555
-----------
Essence Bomb
-----------
Lightforged Blessing
	SupEff: -2,9103830456733704E-11
-----------
Stasis (Release)
-----------
Hover
-----------
Algari Mana Potion
-----------
Glide
-----------
Time Dilation
-----------
Melee
	Dmg: 1881,6813795273847
-----------
Rescue
-----------
Twin Guardian
-----------
Tip the Scales
-----------
Emerald Communion
-----------
Obsidian Scales
-----------
Take Off
-----------
Whirling Surge
-----------
Surge Forward
-----------
Shooting Star
-----------
Skyward Ascent
-----------
Voidglass Shards
