-----------
EssenceRegenDummy
-----------
Azure Strike
-----------
Blessing of the Bronze
-----------
Cauterizing Flame
-----------
Chrono Flames
-----------
Chrono Flame
-----------
Consume Flame
	Eff: -39954366,35165063
-----------
Deep Breath
-----------
Disintegrate
-----------
Dream Breath
	Eff: -4564968,728464936
-----------
Dream Breath (Echo)
-----------
Dream Flight
	Eff: 15891151,577188643
-----------
Echo
	Eff: -5347870,009598019
-----------
Emerald Blossom
-----------
Engulf
-----------
Enkindle
-----------
Expunge
-----------
Fire Breath
-----------
Fluttering Seedlings
-----------
Golden Hour
	Eff: -24770423,895227414
-----------
Landslide
-----------
Lifebind
	Eff: -24727063,370830163
-----------
Life-Giver's Flame
-----------
Living Flame
	Dmg: -15611337,237324934
-----------
Naturalize
-----------
Oppressing Roar
-----------
Panacea
	Eff: 830687,2241135121
-----------
Rewind
-----------
Renewing Blaze
-----------
Reversion
	Eff: -10254682,395421054
-----------
Reversion (Echo)
	Eff: -38754911,02528707
-----------
Sleep Walk
-----------
Source of Magic
-----------
Spatial Paradox
-----------
Spiritbloom
	Eff: 859752,3771856914
-----------
Spiritbloom (Echo)
	Eff: -7500840,754096556
-----------
Stasis
-----------
Tail Swipe
-----------
Temporal Anomaly
	Eff: -35349027,6387768
-----------
Time Spiral
-----------
Unravel
-----------
Verdant Embrace
	Eff: 8429173,041143809
-----------
Zephyr
-----------
Leech
	Eff: -20555279,76561388
-----------
Blessing of Summer
-----------
Holy Bulwark
-----------
ZeroCIMDummy
-----------
Barrier of the Oathsworn
-----------
Voidglass Barrier
	Eff: 35537234,09607479
-----------
Stasis (Store)
-----------
Ethereal Reconstitution
	Eff: 10653623,375323461
-----------
Shattered Soul's Embrace
-----------
Ethereal Guard
	Eff: 35626335,39198167
-----------
Essence Bomb
-----------
Lightforged Blessing
	SupEff: -2,9103830456733704E-11
-----------
Stasis (Release)
-----------
Hover
-----------
Algari Mana Potion
-----------
Glide
-----------
Time Dilation
-----------
Melee
	Dmg: 14370,866710243567
-----------
Rescue
-----------
Twin Guardian
-----------
Tip the Scales
-----------
Emerald Communion
-----------
Obsidian Scales
-----------
Take Off
-----------
Whirling Surge
-----------
Surge Forward
-----------
Shooting Star
-----------
Skyward Ascent
-----------
Voidglass Shards
