-----------
EssenceRegenDummy
-----------
Azure Strike
-----------
Blessing of the Bronze
-----------
Cauterizing Flame
-----------
Chrono Flames
-----------
Chrono Flame
-----------
Consume Flame
	Eff: -13186119,752274886
-----------
Deep Breath
-----------
Disintegrate
-----------
Dream Breath
	Eff: 22167311,702344872
-----------
Dream Breath (Echo)
-----------
Dream Flight
	Eff: 23699582,888536375
-----------
Echo
	Eff: -2013696,6739199513
-----------
Emerald Blossom
-----------
Engulf
-----------
Enkindle
-----------
Expunge
-----------
Fire Breath
-----------
Fluttering Seedlings
-----------
Golden Hour
	Eff: -24770423,895227414
-----------
Landslide
-----------
Lifebind
	Eff: -23089778,609339047
-----------
Life-Giver's Flame
-----------
Living Flame
	Dmg: -15959622,109396854
-----------
Naturalize
-----------
Oppressing Roar
-----------
Panacea
	Eff: 1310758,3617248307
-----------
Rewind
-----------
Renewing Blaze
-----------
Reversion
	Eff: -575718,5069038008
-----------
Reversion (Echo)
	Eff: -2190009,3136774525
-----------
Sleep Walk
-----------
Source of Magic
-----------
Spatial Paradox
-----------
Spiritbloom
	Eff: 1434488,4139652275
-----------
Spiritbloom (Echo)
	Eff: -4071322,325247868
-----------
Stasis
-----------
Tail Swipe
-----------
Temporal Anomaly
	Eff: -48814283,711428165
-----------
Time Spiral
-----------
Unravel
-----------
Verdant Embrace
	Eff: 13983960,889908092
-----------
Zephyr
-----------
Leech
	Eff: -18178376,86109514
-----------
Blessing of Summer
-----------
Holy Bulwark
-----------
ZeroCIMDummy
-----------
Barrier of the Oathsworn
-----------
Voidglass Barrier
	Eff: 21060791,13705134
-----------
Stasis (Store)
-----------
Ethereal Reconstitution
	Eff: 6593699,991130783
-----------
Shattered Soul's Embrace
-----------
Ethereal Guard
	Eff: 28712764,340479206
-----------
Essence Bomb
-----------
Lightforged Blessing
	SupEff: -2,9103830456733704E-11
-----------
Stasis (Release)
-----------
Hover
-----------
Algari Mana Potion
-----------
Glide
-----------
Time Dilation
-----------
Melee
	Dmg: 10970,756264849486
-----------
Rescue
-----------
Twin Guardian
-----------
Tip the Scales
-----------
Emerald Communion
-----------
Obsidian Scales
-----------
Take Off
-----------
Whirling Surge
-----------
Surge Forward
-----------
Shooting Star
-----------
Skyward Ascent
-----------
Voidglass Shards
