-----------
EssenceRegenDummy
-----------
Azure Strike
-----------
Blessing of the Bronze
-----------
Cauterizing Flame
-----------
Chrono Flames
-----------
Chrono Flame
-----------
Consume Flame
	Eff: -30051153,382175956
-----------
Deep Breath
-----------
Disintegrate
-----------
Dream Breath
	Eff: -1580936,1271042428
-----------
Dream Breath (Echo)
-----------
Dream Flight
	Eff: 16173124,086019818
-----------
Echo
	Eff: -3860709,6845076242
-----------
Emerald Blossom
-----------
Engulf
-----------
Enkindle
-----------
Expunge
-----------
Fire Breath
-----------
Fluttering Seedlings
-----------
Golden Hour
	Eff: -24770423,895227414
-----------
Landslide
-----------
Lifebind
	Eff: -24669830,738269556
-----------
Life-Giver's Flame
-----------
Living Flame
	Dmg: -15873141,203625415
-----------
Naturalize
-----------
Oppressing Roar
-----------
Panacea
	Eff: 1004886,0226950964
-----------
Rewind
-----------
Renewing Blaze
-----------
Reversion
	Eff: -16497970,503180597
-----------
Reversion (Echo)
	Eff: -59536706,43400041
-----------
Sleep Walk
-----------
Source of Magic
-----------
Spatial Paradox
-----------
Spiritbloom
	Eff: 1757741,1047287306
-----------
Spiritbloom (Echo)
	Eff: -5253155,657997622
-----------
Stasis
-----------
Tail Swipe
-----------
Temporal Anomaly
	Eff: -12199142,467775533
-----------
Time Spiral
-----------
Unravel
-----------
Verdant Embrace
	Eff: 7154873,962676499
-----------
Zephyr
-----------
Leech
	Eff: -21103451,459212847
-----------
Blessing of Summer
-----------
Holy Bulwark
-----------
ZeroCIMDummy
-----------
Barrier of the Oathsworn
-----------
Voidglass Barrier
	Eff: 35537234,09607479
-----------
Stasis (Store)
-----------
Ethereal Reconstitution
	Eff: 7646510,512973803
-----------
Shattered Soul's Embrace
-----------
Ethereal Guard
	Eff: 23578705,080226757
-----------
Essence Bomb
-----------
Lightforged Blessing
	SupEff: -2,9103830456733704E-11
-----------
Stasis (Release)
-----------
Hover
-----------
Algari Mana Potion
-----------
Glide
-----------
Time Dilation
-----------
Melee
	Dmg: 9288,064100805403
-----------
Rescue
-----------
Twin Guardian
-----------
Tip the Scales
-----------
Emerald Communion
-----------
Obsidian Scales
-----------
Take Off
-----------
Whirling Surge
-----------
Surge Forward
-----------
Shooting Star
-----------
Skyward Ascent
-----------
Voidglass Shards
