-----------
EssenceRegenDummy
-----------
Azure Strike
-----------
Blessing of the Bronze
-----------
Cauterizing Flame
-----------
Chrono Flames
-----------
Chrono Flame
-----------
Consume Flame
	Eff: -3228156,3425303167
-----------
Deep Breath
-----------
Disintegrate
-----------
Dream Breath
	Eff: 22582051,178968772
-----------
Dream Breath (Echo)
-----------
Dream Flight
	Eff: 22675833,46036986
-----------
Echo
	Eff: -916454,8773433638
-----------
Emerald Blossom
-----------
Engulf
-----------
Enkindle
-----------
Expunge
-----------
Fire Breath
-----------
Fluttering Seedlings
-----------
Golden Hour
	Eff: -24770423,895227414
-----------
Landslide
-----------
Lifebind
	Eff: -23059114,813089043
-----------
Life-Giver's Flame
-----------
Living Flame
	Dmg: -16496698,153758334
-----------
Naturalize
-----------
Oppressing Roar
-----------
Panacea
	Eff: 1492543,1036644673
-----------
Rewind
-----------
Renewing Blaze
-----------
Reversion
	Eff: -6602427,093862307
-----------
Reversion (Echo)
	Eff: -29537718,7868419
-----------
Sleep Walk
-----------
Source of Magic
-----------
Spatial Paradox
-----------
Spiritbloom
	Eff: 2403731,5762201743
-----------
Spiritbloom (Echo)
	Eff: -1401526,7476251763
-----------
Stasis
-----------
Tail Swipe
-----------
Temporal Anomaly
	Eff: -32388828,0284209
-----------
Time Spiral
-----------
Unravel
-----------
Verdant Embrace
	Eff: 13241361,407220326
-----------
Zephyr
-----------
Leech
	Eff: -19022720,007928085
-----------
Blessing of Summer
-----------
Holy Bulwark
-----------
ZeroCIMDummy
-----------
Barrier of the Oathsworn
-----------
Voidglass Barrier
	Eff: 13418959,672356643
-----------
Stasis (Store)
-----------
Ethereal Reconstitution
	Eff: 393379,4792248344
-----------
Shattered Soul's Embrace
-----------
Ethereal Guard
	Eff: 7105475,646800015
-----------
Essence Bomb
-----------
Lightforged Blessing
	SupEff: -2,9103830456733704E-11
-----------
Stasis (Release)
-----------
Hover
-----------
Algari Mana Potion
-----------
Glide
-----------
Time Dilation
-----------
Melee
	Dmg: 2318,2385008117817
-----------
Rescue
-----------
Twin Guardian
-----------
Tip the Scales
-----------
Emerald Communion
-----------
Obsidian Scales
-----------
Take Off
-----------
Whirling Surge
-----------
Surge Forward
-----------
Shooting Star
-----------
Skyward Ascent
-----------
Voidglass Shards
