-----------
EssenceRegenDummy
-----------
Azure Strike
-----------
Blessing of the Bronze
-----------
Cauterizing Flame
-----------
Chrono Flames
-----------
Chrono Flame
-----------
Consume Flame
	Eff: -68351060,08100595
-----------
Deep Breath
-----------
Disintegrate
-----------
Dream Breath
	Eff: -30889871,017837286
-----------
Dream Breath (Echo)
-----------
Dream Flight
	Eff: 7822650,430725169
-----------
Echo
	Eff: -9409100,79330804
-----------
Emerald Blossom
-----------
Engulf
-----------
Enkindle
-----------
Expunge
-----------
Fire Breath
-----------
Fluttering Seedlings
-----------
Golden Hour
	Eff: -24770423,895227414
-----------
Landslide
-----------
Lifebind
	Eff: -25981271,620640654
-----------
Life-Giver's Flame
-----------
Living Flame
	Dmg: -15355245,616738485
-----------
Naturalize
-----------
Oppressing Roar
-----------
Panacea
	Eff: 332769,50190225954
-----------
Rewind
-----------
Renewing Blaze
-----------
Reversion
	Eff: -10530683,84829779
-----------
Reversion (Echo)
	Eff: -50992330,04548417
-----------
Sleep Walk
-----------
Source of Magic
-----------
Spatial Paradox
-----------
Spiritbloom
	Eff: -197141,03061590093
-----------
Spiritbloom (Echo)
	Eff: -11686699,8890852
-----------
Stasis
-----------
Tail Swipe
-----------
Temporal Anomaly
	Eff: -44257880,117225274
-----------
Time Spiral
-----------
Unravel
-----------
Verdant Embrace
	Eff: 4969228,8288778085
-----------
Zephyr
-----------
Leech
	Eff: -22167519,59790698
-----------
Blessing of Summer
-----------
Holy Bulwark
-----------
ZeroCIMDummy
-----------
Barrier of the Oathsworn
-----------
Voidglass Barrier
	Eff: 41934969,34348534
-----------
Stasis (Store)
-----------
Ethereal Reconstitution
	Eff: 13621410,227208648
-----------
Shattered Soul's Embrace
-----------
Ethereal Guard
	Eff: 43876025,498120084
-----------
Essence Bomb
-----------
Lightforged Blessing
	SupEff: -2,9103830456733704E-11
-----------
Stasis (Release)
-----------
Hover
-----------
Algari Mana Potion
-----------
Glide
-----------
Time Dilation
-----------
Melee
	Dmg: 17857,102699644696
-----------
Rescue
-----------
Twin Guardian
-----------
Tip the Scales
-----------
Emerald Communion
-----------
Obsidian Scales
-----------
Take Off
-----------
Whirling Surge
-----------
Surge Forward
-----------
Shooting Star
-----------
Skyward Ascent
-----------
Voidglass Shards
