-----------
EssenceRegenDummy
-----------
Azure Strike
-----------
Blessing of the Bronze
-----------
Cauterizing Flame
-----------
Chrono Flames
-----------
Chrono Flame
-----------
Consume Flame
	Eff: -56913397,499176435
-----------
Deep Breath
-----------
Disintegrate
-----------
Dream Breath
	Eff: -15747101,993627558
-----------
Dream Breath (Echo)
-----------
Dream Flight
	Eff: 12833230,645082192
-----------
Echo
	Eff: -7937545,730404974
-----------
Emerald Blossom
-----------
Engulf
-----------
Enkindle
-----------
Expunge
-----------
Fire Breath
-----------
Fluttering Seedlings
-----------
Golden Hour
	Eff: -24770423,895227414
-----------
Landslide
-----------
Lifebind
	Eff: -25124230,59389963
-----------
Life-Giver's Flame
-----------
Living Flame
	Dmg: -15355970,895298993
-----------
Naturalize
-----------
Oppressing Roar
-----------
Panacea
	Eff: 527647,9191757304
-----------
Rewind
-----------
Renewing Blaze
-----------
Reversion
	Eff: -6702024,417711814
-----------
Reversion (Echo)
	Eff: -16619045,544761658
-----------
Sleep Walk
-----------
Source of Magic
-----------
Spatial Paradox
-----------
Spiritbloom
	Eff: -208282,02022233536
-----------
Spiritbloom (Echo)
	Eff: -10667300,834228735
-----------
Stasis
-----------
Tail Swipe
-----------
Temporal Anomaly
	Eff: -58498912,80977813
-----------
Time Spiral
-----------
Unravel
-----------
Verdant Embrace
	Eff: 8388368,632966977
-----------
Zephyr
-----------
Leech
	Eff: -20501776,789202243
-----------
Blessing of Summer
-----------
Holy Bulwark
-----------
ZeroCIMDummy
-----------
Barrier of the Oathsworn
-----------
Voidglass Barrier
	Eff: 35537234,09607479
-----------
Stasis (Store)
-----------
Ethereal Reconstitution
	Eff: 13586792,885964144
-----------
Shattered Soul's Embrace
-----------
Ethereal Guard
	Eff: 47377720,69858379
-----------
Essence Bomb
-----------
Lightforged Blessing
	SupEff: -2,9103830456733704E-11
-----------
Stasis (Release)
-----------
Hover
-----------
Algari Mana Potion
-----------
Glide
-----------
Time Dilation
-----------
Melee
	Dmg: 19328,68582946337
-----------
Rescue
-----------
Twin Guardian
-----------
Tip the Scales
-----------
Emerald Communion
-----------
Obsidian Scales
-----------
Take Off
-----------
Whirling Surge
-----------
Surge Forward
-----------
Shooting Star
-----------
Skyward Ascent
-----------
Voidglass Shards
