-----------
EssenceRegenDummy
-----------
Azure Strike
-----------
Blessing of the Bronze
-----------
Cauterizing Flame
-----------
Chrono Flames
-----------
Chrono Flame
-----------
Consume Flame
	Eff: -14439552,915060386
-----------
Deep Breath
-----------
Disintegrate
-----------
Dream Breath
	Eff: 11498587,303971192
-----------
Dream Breath (Echo)
-----------
Dream Flight
	Eff: 19974606,428633496
-----------
Echo
	Eff: -1785077,4498628057
-----------
Emerald Blossom
-----------
Engulf
-----------
Enkindle
-----------
Expunge
-----------
Fire Breath
-----------
Fluttering Seedlings
-----------
Golden Hour
	Eff: -24770423,895227414
-----------
Landslide
-----------
Lifebind
	Eff: -23934038,64231483
-----------
Life-Giver's Flame
-----------
Living Flame
	Dmg: -16136646,05116799
-----------
Naturalize
-----------
Oppressing Roar
-----------
Panacea
	Eff: 1277243,6626676552
-----------
Rewind
-----------
Renewing Blaze
-----------
Reversion
	Eff: -14327270,724043326
-----------
Reversion (Echo)
	Eff: -54994762,02204755
-----------
Sleep Walk
-----------
Source of Magic
-----------
Spatial Paradox
-----------
Spiritbloom
	Eff: 2411828,572586588
-----------
Spiritbloom (Echo)
	Eff: -2708085,933916646
-----------
Stasis
-----------
Tail Swipe
-----------
Temporal Anomaly
	Eff: -8839824,84955463
-----------
Time Spiral
-----------
Unravel
-----------
Verdant Embrace
	Eff: 9090891,960133832
-----------
Zephyr
-----------
Leech
	Eff: -20328200,545535896
-----------
Blessing of Summer
-----------
Holy Bulwark
-----------
ZeroCIMDummy
-----------
Barrier of the Oathsworn
-----------
Voidglass Barrier
	Eff: 28659585,777849562
-----------
Stasis (Store)
-----------
Ethereal Reconstitution
	Eff: 4591602,572497627
-----------
Shattered Soul's Embrace
-----------
Ethereal Guard
	Eff: 14710181,283883896
-----------
Essence Bomb
-----------
Lightforged Blessing
	SupEff: -2,9103830456733704E-11
-----------
Stasis (Release)
-----------
Hover
-----------
Algari Mana Potion
-----------
Glide
-----------
Time Dilation
-----------
Melee
	Dmg: 5769,347810393801
-----------
Rescue
-----------
Twin Guardian
-----------
Tip the Scales
-----------
Emerald Communion
-----------
Obsidian Scales
-----------
Take Off
-----------
Whirling Surge
-----------
Surge Forward
-----------
Shooting Star
-----------
Skyward Ascent
-----------
Voidglass Shards
