-----------
EssenceRegenDummy
-----------
Azure Strike
-----------
Blessing of the Bronze
-----------
Cauterizing Flame
-----------
Chrono Flames
-----------
Chrono Flame
-----------
Consume Flame
	Eff: -29471889,40020515
-----------
Deep Breath
-----------
Disintegrate
-----------
Dream Breath
	Eff: -8557718,09964616
-----------
Dream Breath (Echo)
-----------
Dream Flight
	Eff: 13315370,146971894
-----------
Echo
	Eff: -3773792,864216455
-----------
Emerald Blossom
-----------
Engulf
-----------
Enkindle
-----------
Expunge
-----------
Fire Breath
-----------
Fluttering Seedlings
-----------
Golden Hour
	Eff: -24770423,895227414
-----------
Landslide
-----------
Lifebind
	Eff: -25008256,66755619
-----------
Life-Giver's Flame
-----------
Living Flame
	Dmg: -16134945,169925895
-----------
Naturalize
-----------
Oppressing Roar
-----------
Panacea
	Eff: 1008118,8545010688
-----------
Rewind
-----------
Renewing Blaze
-----------
Reversion
	Eff: -22998552,368041288
-----------
Reversion (Echo)
	Eff: -83877544,63047455
-----------
Sleep Walk
-----------
Source of Magic
-----------
Spatial Paradox
-----------
Spiritbloom
	Eff: 2431996,3869202845
-----------
Spiritbloom (Echo)
	Eff: -4102450,294266475
-----------
Stasis
-----------
Tail Swipe
-----------
Temporal Anomaly
	Eff: 9535102,718992732
-----------
Time Spiral
-----------
Unravel
-----------
Verdant Embrace
	Eff: 4437322,462637265
-----------
Zephyr
-----------
Leech
	Eff: -22290161,97031506
-----------
Blessing of Summer
-----------
Holy Bulwark
-----------
ZeroCIMDummy
-----------
Barrier of the Oathsworn
-----------
Voidglass Barrier
	Eff: 35537234,09607479
-----------
Stasis (Store)
-----------
Ethereal Reconstitution
	Eff: 4639397,650624142
-----------
Shattered Soul's Embrace
-----------
Ethereal Guard
	Eff: 11531074,768471848
-----------
Essence Bomb
-----------
Lightforged Blessing
	SupEff: -2,9103830456733704E-11
-----------
Stasis (Release)
-----------
Hover
-----------
Algari Mana Potion
-----------
Glide
-----------
Time Dilation
-----------
Melee
	Dmg: 4205,261491367235
-----------
Rescue
-----------
Twin Guardian
-----------
Tip the Scales
-----------
Emerald Communion
-----------
Obsidian Scales
-----------
Take Off
-----------
Whirling Surge
-----------
Surge Forward
-----------
Shooting Star
-----------
Skyward Ascent
-----------
Voidglass Shards
