-----------
EssenceRegenDummy
-----------
Azure Strike
-----------
Blessing of the Bronze
-----------
Cauterizing Flame
-----------
Chrono Flames
-----------
Chrono Flame
-----------
Consume Flame
	Eff: -31064502,16627091
-----------
Deep Breath
-----------
Disintegrate
-----------
Dream Breath
	Eff: 7625956,1955834115
-----------
Dream Breath (Echo)
-----------
Dream Flight
	Eff: 19805503,831500225
-----------
Echo
	Eff: -4322000,016316074
-----------
Emerald Blossom
-----------
Engulf
-----------
Enkindle
-----------
Expunge
-----------
Fire Breath
-----------
Fluttering Seedlings
-----------
Golden Hour
	Eff: -24770423,895227414
-----------
Landslide
-----------
Lifebind
	Eff: -23925090,21978545
-----------
Life-Giver's Flame
-----------
Living Flame
	Dmg: -15642790,921599254
-----------
Naturalize
-----------
Oppressing Roar
-----------
Panacea
	Eff: 987077,201617192
-----------
Rewind
-----------
Renewing Blaze
-----------
Reversion
	Eff: -3593546,2662238404
-----------
Reversion (Echo)
	Eff: -8867553,74947432
-----------
Sleep Walk
-----------
Source of Magic
-----------
Spatial Paradox
-----------
Spiritbloom
	Eff: 749689,8078853105
-----------
Spiritbloom (Echo)
	Eff: -6819984,314661956
-----------
Stasis
-----------
Tail Swipe
-----------
Temporal Anomaly
	Eff: -51704461,28409536
-----------
Time Spiral
-----------
Unravel
-----------
Verdant Embrace
	Eff: 11667104,2277004
-----------
Zephyr
-----------
Leech
	Eff: -19076722,031641096
-----------
Blessing of Summer
-----------
Holy Bulwark
-----------
ZeroCIMDummy
-----------
Barrier of the Oathsworn
-----------
Voidglass Barrier
	Eff: 28658324,749555063
-----------
Stasis (Store)
-----------
Ethereal Reconstitution
	Eff: 10264078,726227319
-----------
Shattered Soul's Embrace
-----------
Ethereal Guard
	Eff: 38509558,90141295
-----------
Essence Bomb
-----------
Lightforged Blessing
	SupEff: -2,9103830456733704E-11
-----------
Stasis (Release)
-----------
Hover
-----------
Algari Mana Potion
-----------
Glide
-----------
Time Dilation
-----------
Melee
	Dmg: 15357,608986964764
-----------
Rescue
-----------
Twin Guardian
-----------
Tip the Scales
-----------
Emerald Communion
-----------
Obsidian Scales
-----------
Take Off
-----------
Whirling Surge
-----------
Surge Forward
-----------
Shooting Star
-----------
Skyward Ascent
-----------
Voidglass Shards
