-----------
EssenceRegenDummy
-----------
Azure Strike
-----------
Blessing of the Bronze
-----------
Cauterizing Flame
-----------
Chrono Flames
-----------
Chrono Flame
-----------
Consume Flame
	Eff: -50133544,671382956
-----------
Deep Breath
-----------
Disintegrate
-----------
Dream Breath
	Eff: -35415629,622870505
-----------
Dream Breath (Echo)
-----------
Dream Flight
	Eff: 4236048,9973728685
-----------
Echo
	Eff: -6690042,471101961
-----------
Emerald Blossom
-----------
Engulf
-----------
Enkindle
-----------
Expunge
-----------
Fire Breath
-----------
Fluttering Seedlings
-----------
Golden Hour
	Eff: -24770423,895227414
-----------
Landslide
-----------
Lifebind
	Eff: -26363614,412404336
-----------
Life-Giver's Flame
-----------
Living Flame
	Dmg: -16173578,878797423
-----------
Naturalize
-----------
Oppressing Roar
-----------
Panacea
	Eff: 643371,4004757343
-----------
Rewind
-----------
Renewing Blaze
-----------
Reversion
	Eff: -32274532,840351433
-----------
Reversion (Echo)
	Eff: -118655396,42902756
-----------
Sleep Walk
-----------
Source of Magic
-----------
Spatial Paradox
-----------
Spiritbloom
	Eff: 2301410,6423459966
-----------
Spiritbloom (Echo)
	Eff: -6208441,153817683
-----------
Stasis
-----------
Tail Swipe
-----------
Temporal Anomaly
	Eff: 26627852,49836023
-----------
Time Spiral
-----------
Unravel
-----------
Verdant Embrace
	Eff: -1088550,1653175822
-----------
Zephyr
-----------
Leech
	Eff: -24758499,28414719
-----------
Blessing of Summer
-----------
Holy Bulwark
-----------
ZeroCIMDummy
-----------
Barrier of the Oathsworn
-----------
Voidglass Barrier
	Eff: 41934969,34348534
-----------
Stasis (Store)
-----------
Ethereal Reconstitution
	Eff: 4221932,775436202
-----------
Shattered Soul's Embrace
-----------
Ethereal Guard
	Eff: 7733134,56285534
-----------
Essence Bomb
-----------
Lightforged Blessing
	SupEff: -2,9103830456733704E-11
-----------
Stasis (Release)
-----------
Hover
-----------
Algari Mana Potion
-----------
Glide
-----------
Time Dilation
-----------
Melee
	Dmg: 1969,541870985322
-----------
Rescue
-----------
Twin Guardian
-----------
Tip the Scales
-----------
Emerald Communion
-----------
Obsidian Scales
-----------
Take Off
-----------
Whirling Surge
-----------
Surge Forward
-----------
Shooting Star
-----------
Skyward Ascent
-----------
Voidglass Shards
