-----------
EssenceRegenDummy
-----------
Azure Strike
-----------
Blessing of the Bronze
-----------
Cauterizing Flame
-----------
Chrono Flames
-----------
Chrono Flame
-----------
Consume Flame
	Eff: -4025690,6407060167
-----------
Deep Breath
-----------
Disintegrate
-----------
Dream Breath
	Eff: 27824087,63613598
-----------
Dream Breath (Echo)
-----------
Dream Flight
	Eff: 24840473,447385184
-----------
Echo
	Eff: -1034116,3404063256
-----------
Emerald Blossom
-----------
Engulf
-----------
Enkindle
-----------
Expunge
-----------
Fire Breath
-----------
Fluttering Seedlings
-----------
Golden Hour
	Eff: -24770423,895227414
-----------
Landslide
-----------
Lifebind
	Eff: -22578230,841941368
-----------
Life-Giver's Flame
-----------
Living Flame
	Dmg: -16278300,599469425
-----------
Naturalize
-----------
Oppressing Roar
-----------
Panacea
	Eff: 1481373,2621116806
-----------
Rewind
-----------
Renewing Blaze
-----------
Reversion
	Eff: 2920967,5113227465
-----------
Reversion (Echo)
	Eff: -3213907,0927961515
-----------
Sleep Walk
-----------
Source of Magic
-----------
Spatial Paradox
-----------
Spiritbloom
	Eff: 1855084,2949735078
-----------
Spiritbloom (Echo)
	Eff: -2391722,582656254
-----------
Stasis
-----------
Tail Swipe
-----------
Temporal Anomaly
	Eff: -49558016,27636052
-----------
Time Spiral
-----------
Unravel
-----------
Verdant Embrace
	Eff: 15298889,065978847
-----------
Zephyr
-----------
Leech
	Eff: -17905980,38888572
-----------
Blessing of Summer
-----------
Holy Bulwark
-----------
ZeroCIMDummy
-----------
Barrier of the Oathsworn
-----------
Voidglass Barrier
	Eff: 13418959,672356643
-----------
Stasis (Store)
-----------
Ethereal Reconstitution
	Eff: 2901920,9038956705
-----------
Shattered Soul's Embrace
-----------
Ethereal Guard
	Eff: 18858849,01120936
-----------
Essence Bomb
-----------
Lightforged Blessing
	SupEff: -2,9103830456733704E-11
-----------
Stasis (Release)
-----------
Hover
-----------
Algari Mana Potion
-----------
Glide
-----------
Time Dilation
-----------
Melee
	Dmg: 6558,325748231526
-----------
Rescue
-----------
Twin Guardian
-----------
Tip the Scales
-----------
Emerald Communion
-----------
Obsidian Scales
-----------
Take Off
-----------
Whirling Surge
-----------
Surge Forward
-----------
Shooting Star
-----------
Skyward Ascent
-----------
Voidglass Shards
