-----------
EssenceRegenDummy
-----------
Azure Strike
-----------
Blessing of the Bronze
-----------
Cauterizing Flame
-----------
Chrono Flames
-----------
Chrono Flame
-----------
Consume Flame
	Eff: -54797155,05840662
-----------
Deep Breath
-----------
Disintegrate
-----------
Dream Breath
	Eff: -24059586,694289695
-----------
Dream Breath (Echo)
-----------
Dream Flight
	Eff: 9367500,968138624
-----------
Echo
	Eff: -7355994,715581499
-----------
Emerald Blossom
-----------
Engulf
-----------
Enkindle
-----------
Expunge
-----------
Fire Breath
-----------
Fluttering Seedlings
-----------
Golden Hour
	Eff: -24770423,895227414
-----------
Landslide
-----------
Lifebind
	Eff: -25787514,542757634
-----------
Life-Giver's Flame
-----------
Living Flame
	Dmg: -15628023,370758133
-----------
Naturalize
-----------
Oppressing Roar
-----------
Panacea
	Eff: 574004,6820234329
-----------
Rewind
-----------
Renewing Blaze
-----------
Reversion
	Eff: -18177765,661318645
-----------
Reversion (Echo)
	Eff: -68241539,27495481
-----------
Sleep Walk
-----------
Source of Magic
-----------
Spatial Paradox
-----------
Spiritbloom
	Eff: 817487,4444150107
-----------
Spiritbloom (Echo)
	Eff: -8918152,184913814
-----------
Stasis
-----------
Tail Swipe
-----------
Temporal Anomaly
	Eff: -20137643,23926024
-----------
Time Spiral
-----------
Unravel
-----------
Verdant Embrace
	Eff: 4248757,059777339
-----------
Zephyr
-----------
Leech
	Eff: -22466427,491220795
-----------
Blessing of Summer
-----------
Holy Bulwark
-----------
ZeroCIMDummy
-----------
Barrier of the Oathsworn
-----------
Voidglass Barrier
	Eff: 41934969,34348534
-----------
Stasis (Store)
-----------
Ethereal Reconstitution
	Eff: 10488251,076617839
-----------
Shattered Soul's Embrace
-----------
Ethereal Guard
	Eff: 31828395,186365165
-----------
Essence Bomb
-----------
Lightforged Blessing
	SupEff: -2,9103830456733704E-11
-----------
Stasis (Release)
-----------
Hover
-----------
Algari Mana Potion
-----------
Glide
-----------
Time Dilation
-----------
Melee
	Dmg: 12561,249090091575
-----------
Rescue
-----------
Twin Guardian
-----------
Tip the Scales
-----------
Emerald Communion
-----------
Obsidian Scales
-----------
Take Off
-----------
Whirling Surge
-----------
Surge Forward
-----------
Shooting Star
-----------
Skyward Ascent
-----------
Voidglass Shards
