-----------
EssenceRegenDummy
-----------
Azure Strike
-----------
Blessing of the Bronze
-----------
Cauterizing Flame
-----------
Chrono Flames
-----------
Chrono Flame
-----------
Consume Flame
	Eff: -17763053,483389396
-----------
Deep Breath
-----------
Disintegrate
-----------
Dream Breath
	Eff: 14976296,640871111
-----------
Dream Breath (Echo)
-----------
Dream Flight
	Eff: 21606836,73344299
-----------
Echo
	Eff: -2299296,3171068197
-----------
Emerald Blossom
-----------
Engulf
-----------
Enkindle
-----------
Expunge
-----------
Fire Breath
-----------
Fluttering Seedlings
-----------
Golden Hour
	Eff: -24770423,895227414
-----------
Landslide
-----------
Lifebind
	Eff: -23753043,1397642
-----------
Life-Giver's Flame
-----------
Living Flame
	Dmg: -15886639,048907526
-----------
Naturalize
-----------
Oppressing Roar
-----------
Panacea
	Eff: 1223044,3343892142
-----------
Rewind
-----------
Renewing Blaze
-----------
Reversion
	Eff: -9255676,194660775
-----------
Reversion (Echo)
	Eff: -32324054,714686994
-----------
Sleep Walk
-----------
Source of Magic
-----------
Spatial Paradox
-----------
Spiritbloom
	Eff: 1699011,4249302011
-----------
Spiritbloom (Echo)
	Eff: -4177653,4378826558
-----------
Stasis
-----------
Tail Swipe
-----------
Temporal Anomaly
	Eff: -29594718,529436365
-----------
Time Spiral
-----------
Unravel
-----------
Verdant Embrace
	Eff: 11162753,25548307
-----------
Zephyr
-----------
Leech
	Eff: -19406668,752113044
-----------
Blessing of Summer
-----------
Holy Bulwark
-----------
ZeroCIMDummy
-----------
Barrier of the Oathsworn
-----------
Voidglass Barrier
	Eff: 28659585,777849562
-----------
Stasis (Store)
-----------
Ethereal Reconstitution
	Eff: 7463214,041179709
-----------
Shattered Soul's Embrace
-----------
Ethereal Guard
	Eff: 26757811,595638823
-----------
Essence Bomb
-----------
Lightforged Blessing
	SupEff: -2,9103830456733704E-11
-----------
Stasis (Release)
-----------
Hover
-----------
Algari Mana Potion
-----------
Glide
-----------
Time Dilation
-----------
Melee
	Dmg: 10623,117833147502
-----------
Rescue
-----------
Twin Guardian
-----------
Tip the Scales
-----------
Emerald Communion
-----------
Obsidian Scales
-----------
Take Off
-----------
Whirling Surge
-----------
Surge Forward
-----------
Shooting Star
-----------
Skyward Ascent
-----------
Voidglass Shards
