-----------
EssenceRegenDummy
-----------
Azure Strike
-----------
Blessing of the Bronze
-----------
Cauterizing Flame
-----------
Chrono Flames
-----------
Chrono Flame
-----------
Consume Flame
	Eff: -21965123,387076225
-----------
Deep Breath
-----------
Disintegrate
-----------
Dream Breath
	Eff: -16643149,877089905
-----------
Dream Breath (Echo)
-----------
Dream Flight
	Eff: 3602100,829254807
-----------
Echo
	Eff: -2306777,880131865
-----------
Emerald Blossom
-----------
Engulf
-----------
Enkindle
-----------
Expunge
-----------
Fire Breath
-----------
Fluttering Seedlings
-----------
Golden Hour
	Eff: -13997852,262780454
-----------
Landslide
-----------
Lifebind
	Eff: -15050971,343063796
-----------
Life-Giver's Flame
-----------
Living Flame
	Dmg: -7981959,150224864
-----------
Naturalize
-----------
Oppressing Roar
-----------
Panacea
	Eff: 419483,1006255627
-----------
Rewind
-----------
Renewing Blaze
-----------
Reversion
	Eff: -22857272,086813066
-----------
Reversion (Echo)
	Eff: -83233759,21623941
-----------
Sleep Walk
-----------
Source of Magic
-----------
Spatial Paradox
-----------
Spiritbloom
	Eff: 1881961,1707873733
-----------
Spiritbloom (Echo)
	Eff: -1970004,0301953438
-----------
Stasis
-----------
Tail Swipe
-----------
Temporal Anomaly
	Eff: 41184298,06955287
-----------
Time Spiral
-----------
Unravel
-----------
Verdant Embrace
	Eff: -2280886,445976478
-----------
Zephyr
-----------
Leech
	Eff: -22421936,00781626
-----------
Blessing of Summer
-----------
Holy Bulwark
-----------
ZeroCIMDummy
-----------
Barrier of the Oathsworn
-----------
Voidglass Barrier
	Eff: 28658324,749555063
-----------
Stasis (Store)
-----------
Ethereal Reconstitution
	Eff: 3302991,7945145904
-----------
Shattered Soul's Embrace
-----------
Ethereal Guard
	Eff: 4805718,035197081
-----------
Essence Bomb
-----------
Lightforged Blessing
	SupEff: -2,9103830456733704E-11
-----------
Stasis (Release)
-----------
Hover
-----------
Algari Mana Potion
-----------
Glide
-----------
Time Dilation
-----------
Melee
	Dmg: 959,2496429686089
-----------
Rescue
-----------
Twin Guardian
-----------
Tip the Scales
-----------
Emerald Communion
-----------
Obsidian Scales
-----------
Take Off
-----------
Whirling Surge
-----------
Surge Forward
-----------
Shooting Star
-----------
Skyward Ascent
-----------
Voidglass Shards
