-----------
EssenceRegenDummy
-----------
Azure Strike
-----------
Blessing of the Bronze
-----------
Cauterizing Flame
-----------
Chrono Flames
-----------
Chrono Flame
-----------
Consume Flame
	Eff: -24338939,993556976
-----------
Deep Breath
-----------
Disintegrate
-----------
Dream Breath
	Eff: 5126946,456179603
-----------
Dream Breath (Echo)
-----------
Dream Flight
	Eff: 12051530,659205453
-----------
Echo
	Eff: -2604873,5367221255
-----------
Emerald Blossom
-----------
Engulf
-----------
Enkindle
-----------
Expunge
-----------
Fire Breath
-----------
Fluttering Seedlings
-----------
Golden Hour
	Eff: -13997852,262780454
-----------
Landslide
-----------
Lifebind
	Eff: -13883933,31362456
-----------
Life-Giver's Flame
-----------
Living Flame
	Dmg: -5955087,922842519
-----------
Naturalize
-----------
Oppressing Roar
-----------
Panacea
	Eff: 396614,5399378366
-----------
Rewind
-----------
Renewing Blaze
-----------
Reversion
	Eff: -1868310,5289686623
-----------
Reversion (Echo)
	Eff: -6494776,544512356
-----------
Sleep Walk
-----------
Source of Magic
-----------
Spatial Paradox
-----------
Spiritbloom
	Eff: -17998,716421449324
-----------
Spiritbloom (Echo)
	Eff: -5410935,709951252
-----------
Stasis
-----------
Tail Swipe
-----------
Temporal Anomaly
	Eff: -25532204,139990054
-----------
Time Spiral
-----------
Unravel
-----------
Verdant Embrace
	Eff: 5461431,559626253
-----------
Zephyr
-----------
Leech
	Eff: -18736260,63477031
-----------
Blessing of Summer
-----------
Holy Bulwark
-----------
ZeroCIMDummy
-----------
Barrier of the Oathsworn
-----------
Voidglass Barrier
	Eff: 28659585,777849562
-----------
Stasis (Store)
-----------
Ethereal Reconstitution
	Eff: 12568915,168745162
-----------
Shattered Soul's Embrace
-----------
Ethereal Guard
	Eff: 40950357,81917259
-----------
Essence Bomb
-----------
Lightforged Blessing
	SupEff: -2,9103830456733704E-11
-----------
Stasis (Release)
-----------
Hover
-----------
Algari Mana Potion
-----------
Glide
-----------
Time Dilation
-----------
Melee
	Dmg: 16620,744991155116
-----------
Rescue
-----------
Twin Guardian
-----------
Tip the Scales
-----------
Emerald Communion
-----------
Obsidian Scales
-----------
Take Off
-----------
Whirling Surge
-----------
Surge Forward
-----------
Shooting Star
-----------
Skyward Ascent
-----------
Voidglass Shards
