-----------
EssenceRegenDummy
-----------
Azure Strike
-----------
Blessing of the Bronze
-----------
Cauterizing Flame
-----------
Chrono Flames
-----------
Chrono Flame
-----------
Consume Flame
	Eff: -50176431,305969454
-----------
Deep Breath
-----------
Disintegrate
-----------
Dream Breath
	Eff: -39237280,25799243
-----------
Dream Breath (Echo)
-----------
Dream Flight
	Eff: -2837236,108470572
-----------
Echo
	Eff: -5998273,601966694
-----------
Emerald Blossom
-----------
Engulf
-----------
Enkindle
-----------
Expunge
-----------
Fire Breath
-----------
Fluttering Seedlings
-----------
Golden Hour
	Eff: -13997852,262780454
-----------
Landslide
-----------
Lifebind
	Eff: -16435160,365038522
-----------
Life-Giver's Flame
-----------
Living Flame
	Dmg: -6730474,174951353
-----------
Naturalize
-----------
Oppressing Roar
-----------
Panacea
	Eff: -24430,323491759205
-----------
Rewind
-----------
Renewing Blaze
-----------
Reversion
	Eff: -25746235,708173346
-----------
Reversion (Echo)
	Eff: -93674138,61585881
-----------
Sleep Walk
-----------
Source of Magic
-----------
Spatial Paradox
-----------
Spiritbloom
	Eff: 736349,3609605943
-----------
Spiritbloom (Echo)
	Eff: -6597337,5224137595
-----------
Stasis
-----------
Tail Swipe
-----------
Temporal Anomaly
	Eff: 34356774,412902646
-----------
Time Spiral
-----------
Unravel
-----------
Verdant Embrace
	Eff: -5234509,82751138
-----------
Zephyr
-----------
Leech
	Eff: -23779172,26060184
-----------
Blessing of Summer
-----------
Holy Bulwark
-----------
ZeroCIMDummy
-----------
Barrier of the Oathsworn
-----------
Voidglass Barrier
	Eff: 41934969,34348534
-----------
Stasis (Store)
-----------
Ethereal Reconstitution
	Eff: 9082872,021138467
-----------
Shattered Soul's Embrace
-----------
Ethereal Guard
	Eff: 23218344,367667906
-----------
Essence Bomb
-----------
Lightforged Blessing
	SupEff: -2,9103830456733704E-11
-----------
Stasis (Release)
-----------
Hover
-----------
Algari Mana Potion
-----------
Glide
-----------
Time Dilation
-----------
Melee
	Dmg: 7313,703512214044
-----------
Rescue
-----------
Twin Guardian
-----------
Tip the Scales
-----------
Emerald Communion
-----------
Obsidian Scales
-----------
Take Off
-----------
Whirling Surge
-----------
Surge Forward
-----------
Shooting Star
-----------
Skyward Ascent
-----------
Voidglass Shards
