-----------
EssenceRegenDummy
-----------
Azure Strike
-----------
Blessing of the Bronze
-----------
Cauterizing Flame
-----------
Chrono Flames
-----------
Chrono Flame
-----------
Consume Flame
	Eff: -13572902,047798702
-----------
Deep Breath
-----------
Disintegrate
-----------
Dream Breath
	Eff: 546284,5770676703
-----------
Dream Breath (Echo)
-----------
Dream Flight
	Eff: 9647771,13498773
-----------
Echo
	Eff: -988216,1040156297
-----------
Emerald Blossom
-----------
Engulf
-----------
Enkindle
-----------
Expunge
-----------
Fire Breath
-----------
Fluttering Seedlings
-----------
Golden Hour
	Eff: -13997852,262780454
-----------
Landslide
-----------
Lifebind
	Eff: -14184671,819274914
-----------
Life-Giver's Flame
-----------
Living Flame
	Dmg: -7306256,1629442135
-----------
Naturalize
-----------
Oppressing Roar
-----------
Panacea
	Eff: 566051,0486592782
-----------
Rewind
-----------
Renewing Blaze
-----------
Reversion
	Eff: -14490691,163026592
-----------
Reversion (Echo)
	Eff: -51989570,30896831
-----------
Sleep Walk
-----------
Source of Magic
-----------
Spatial Paradox
-----------
Spiritbloom
	Eff: 1483399,513903962
-----------
Spiritbloom (Echo)
	Eff: -1920615,548551938
-----------
Stasis
-----------
Tail Swipe
-----------
Temporal Anomaly
	Eff: 20566084,73127489
-----------
Time Spiral
-----------
Unravel
-----------
Verdant Embrace
	Eff: 1649454,9470997276
-----------
Zephyr
-----------
Leech
	Eff: -20508226,221811093
-----------
Blessing of Summer
-----------
Holy Bulwark
-----------
ZeroCIMDummy
-----------
Barrier of the Oathsworn
-----------
Voidglass Barrier
	Eff: 28659585,777849562
-----------
Stasis (Store)
-----------
Ethereal Reconstitution
	Eff: 6391998,904928315
-----------
Shattered Soul's Embrace
-----------
Ethereal Guard
	Eff: 16855097,195662763
-----------
Essence Bomb
-----------
Lightforged Blessing
	SupEff: -2,9103830456733704E-11
-----------
Stasis (Release)
-----------
Hover
-----------
Algari Mana Potion
-----------
Glide
-----------
Time Dilation
-----------
Melee
	Dmg: 6180,150460400635
-----------
Rescue
-----------
Twin Guardian
-----------
Tip the Scales
-----------
Emerald Communion
-----------
Obsidian Scales
-----------
Take Off
-----------
Whirling Surge
-----------
Surge Forward
-----------
Shooting Star
-----------
Skyward Ascent
-----------
Voidglass Shards
