-----------
EssenceRegenDummy
-----------
Azure Strike
-----------
Blessing of the Bronze
-----------
Cauterizing Flame
-----------
Chrono Flames
-----------
Chrono Flame
-----------
Consume Flame
	Eff: -50652287,710796565
-----------
Deep Breath
-----------
Disintegrate
-----------
Dream Breath
	Eff: -18068830,04942773
-----------
Dream Breath (Echo)
-----------
Dream Flight
	Eff: 5217253,7022704035
-----------
Echo
	Eff: -6270255,4596915655
-----------
Emerald Blossom
-----------
Engulf
-----------
Enkindle
-----------
Expunge
-----------
Fire Breath
-----------
Fluttering Seedlings
-----------
Golden Hour
	Eff: -13997852,262780454
-----------
Landslide
-----------
Lifebind
	Eff: -15178451,551827837
-----------
Life-Giver's Flame
-----------
Living Flame
	Dmg: -5211150,631307535
-----------
Naturalize
-----------
Oppressing Roar
-----------
Panacea
	Eff: -34738,928354211675
-----------
Rewind
-----------
Renewing Blaze
-----------
Reversion
	Eff: -4441682,273005901
-----------
Reversion (Echo)
	Eff: -16828585,524165463
-----------
Sleep Walk
-----------
Source of Magic
-----------
Spatial Paradox
-----------
Spiritbloom
	Eff: -938277,522455645
-----------
Spiritbloom (Echo)
	Eff: -9330394,758681856
-----------
Stasis
-----------
Tail Swipe
-----------
Temporal Anomaly
	Eff: -32842956,048290048
-----------
Time Spiral
-----------
Unravel
-----------
Verdant Embrace
	Eff: 2458825,732330244
-----------
Zephyr
-----------
Leech
	Eff: -20178063,241974268
-----------
Blessing of Summer
-----------
Holy Bulwark
-----------
ZeroCIMDummy
-----------
Barrier of the Oathsworn
-----------
Voidglass Barrier
	Eff: 35537234,09607479
-----------
Stasis (Store)
-----------
Ethereal Reconstitution
	Eff: 16000244,845344832
-----------
Shattered Soul's Embrace
-----------
Ethereal Guard
	Eff: 50488578,68768344
-----------
Essence Bomb
-----------
Lightforged Blessing
	SupEff: -2,9103830456733704E-11
-----------
Stasis (Release)
-----------
Hover
-----------
Algari Mana Potion
-----------
Glide
-----------
Time Dilation
-----------
Melee
	Dmg: 20651,50110912334
-----------
Rescue
-----------
Twin Guardian
-----------
Tip the Scales
-----------
Emerald Communion
-----------
Obsidian Scales
-----------
Take Off
-----------
Whirling Surge
-----------
Surge Forward
-----------
Shooting Star
-----------
Skyward Ascent
-----------
Voidglass Shards
