-----------
EssenceRegenDummy
-----------
Azure Strike
-----------
Blessing of the Bronze
-----------
Cauterizing Flame
-----------
Chrono Flames
-----------
Chrono Flame
-----------
Consume Flame
	Eff: -41755883,952537455
-----------
Deep Breath
-----------
Disintegrate
-----------
Dream Breath
	Eff: -5968368,827062446
-----------
Dream Breath (Echo)
-----------
Dream Flight
	Eff: 8953085,05205566
-----------
Echo
	Eff: -5264544,381635938
-----------
Emerald Blossom
-----------
Engulf
-----------
Enkindle
-----------
Expunge
-----------
Fire Breath
-----------
Fluttering Seedlings
-----------
Golden Hour
	Eff: -13997852,262780454
-----------
Landslide
-----------
Lifebind
	Eff: -14336408,017487897
-----------
Life-Giver's Flame
-----------
Living Flame
	Dmg: -5296146,689100698
-----------
Naturalize
-----------
Oppressing Roar
-----------
Panacea
	Eff: 107244,04597812842
-----------
Rewind
-----------
Renewing Blaze
-----------
Reversion
	Eff: 2478801,532591958
-----------
Reversion (Echo)
	Eff: 10260266,753653405
-----------
Sleep Walk
-----------
Source of Magic
-----------
Spatial Paradox
-----------
Spiritbloom
	Eff: -1037941,3494368638
-----------
Spiritbloom (Echo)
	Eff: -8663022,019569062
-----------
Stasis
-----------
Tail Swipe
-----------
Temporal Anomaly
	Eff: -49311334,724457234
-----------
Time Spiral
-----------
Unravel
-----------
Verdant Embrace
	Eff: 5422879,935967635
-----------
Zephyr
-----------
Leech
	Eff: -18770086,851352174
-----------
Blessing of Summer
-----------
Holy Bulwark
-----------
ZeroCIMDummy
-----------
Barrier of the Oathsworn
-----------
Voidglass Barrier
	Eff: 28658324,749555063
-----------
Stasis (Store)
-----------
Ethereal Reconstitution
	Eff: 15581284,149455657
-----------
Shattered Soul's Embrace
-----------
Ethereal Guard
	Eff: 52701982,33487116
-----------
Essence Bomb
-----------
Lightforged Blessing
	SupEff: -2,9103830456733704E-11
-----------
Stasis (Release)
-----------
Hover
-----------
Algari Mana Potion
-----------
Glide
-----------
Time Dilation
-----------
Melee
	Dmg: 21712,756171611323
-----------
Rescue
-----------
Twin Guardian
-----------
Tip the Scales
-----------
Emerald Communion
-----------
Obsidian Scales
-----------
Take Off
-----------
Whirling Surge
-----------
Surge Forward
-----------
Shooting Star
-----------
Skyward Ascent
-----------
Voidglass Shards
