-----------
EssenceRegenDummy
-----------
Azure Strike
-----------
Blessing of the Bronze
-----------
Cauterizing Flame
-----------
Chrono Flames
-----------
Chrono Flame
-----------
Consume Flame
	Eff: -6101815,336801474
-----------
Deep Breath
-----------
Disintegrate
-----------
Dream Breath
	Eff: 19533515,51186038
-----------
Dream Breath (Echo)
-----------
Dream Flight
	Eff: 15894396,528582081
-----------
Echo
	Eff: -267416,4342854989
-----------
Emerald Blossom
-----------
Engulf
-----------
Enkindle
-----------
Expunge
-----------
Fire Breath
-----------
Fluttering Seedlings
-----------
Golden Hour
	Eff: -13997852,262780454
-----------
Landslide
-----------
Lifebind
	Eff: -12927805,540897474
-----------
Life-Giver's Flame
-----------
Living Flame
	Dmg: -6776878,174437002
-----------
Naturalize
-----------
Oppressing Roar
-----------
Panacea
	Eff: 700468,6662137456
-----------
Rewind
-----------
Renewing Blaze
-----------
Reversion
	Eff: 2087790,0604861781
-----------
Reversion (Echo)
	Eff: -144768,9071303346
-----------
Sleep Walk
-----------
Source of Magic
-----------
Spatial Paradox
-----------
Spiritbloom
	Eff: 639905,3032622815
-----------
Spiritbloom (Echo)
	Eff: -2610090,1132118185
-----------
Stasis
-----------
Tail Swipe
-----------
Temporal Anomaly
	Eff: -22423191,04902313
-----------
Time Spiral
-----------
Unravel
-----------
Verdant Embrace
	Eff: 7587258,821762125
-----------
Zephyr
-----------
Leech
	Eff: -17835528,755721517
-----------
Blessing of Summer
-----------
Holy Bulwark
-----------
ZeroCIMDummy
-----------
Barrier of the Oathsworn
-----------
Voidglass Barrier
	Eff: 21062192,279600788
-----------
Stasis (Store)
-----------
Ethereal Reconstitution
	Eff: 8778497,198947955
-----------
Shattered Soul's Embrace
-----------
Ethereal Guard
	Eff: 30413963,130415853
-----------
Essence Bomb
-----------
Lightforged Blessing
	SupEff: -2,9103830456733704E-11
-----------
Stasis (Release)
-----------
Hover
-----------
Algari Mana Potion
-----------
Glide
-----------
Time Dilation
-----------
Melee
	Dmg: 12168,17066534537
-----------
Rescue
-----------
Twin Guardian
-----------
Tip the Scales
-----------
Emerald Communion
-----------
Obsidian Scales
-----------
Take Off
-----------
Whirling Surge
-----------
Surge Forward
-----------
Shooting Star
-----------
Skyward Ascent
-----------
Voidglass Shards
