-----------
EssenceRegenDummy
-----------
Azure Strike
-----------
Blessing of the Bronze
-----------
Cauterizing Flame
-----------
Chrono Flames
-----------
Chrono Flame
-----------
Consume Flame
	Eff: -14167835,672684737
-----------
Deep Breath
-----------
Disintegrate
-----------
Dream Breath
	Eff: 7890548,617990399
-----------
Dream Breath (Echo)
-----------
Dream Flight
	Eff: 12405038,577461774
-----------
Echo
	Eff: -1077484,1071520783
-----------
Emerald Blossom
-----------
Engulf
-----------
Enkindle
-----------
Expunge
-----------
Fire Breath
-----------
Fluttering Seedlings
-----------
Golden Hour
	Eff: -13997852,262780454
-----------
Landslide
-----------
Lifebind
	Eff: -13817906,763490822
-----------
Life-Giver's Flame
-----------
Living Flame
	Dmg: -6630672,042893367
-----------
Naturalize
-----------
Oppressing Roar
-----------
Panacea
	Eff: 562963,8892092344
-----------
Rewind
-----------
Renewing Blaze
-----------
Reversion
	Eff: -7993091,672034623
-----------
Reversion (Echo)
	Eff: -28013517,02034063
-----------
Sleep Walk
-----------
Source of Magic
-----------
Spatial Paradox
-----------
Spiritbloom
	Eff: 839526,3738556503
-----------
Spiritbloom (Echo)
	Eff: -3102448,58932088
-----------
Stasis
-----------
Tail Swipe
-----------
Temporal Anomaly
	Eff: -1756092,5067009104
-----------
Time Spiral
-----------
Unravel
-----------
Verdant Embrace
	Eff: 4244552,773973201
-----------
Zephyr
-----------
Leech
	Eff: -19311485,466180895
-----------
Blessing of Summer
-----------
Holy Bulwark
-----------
ZeroCIMDummy
-----------
Barrier of the Oathsworn
-----------
Voidglass Barrier
	Eff: 28659585,777849562
-----------
Stasis (Store)
-----------
Ethereal Reconstitution
	Eff: 9480457,036836738
-----------
Shattered Soul's Embrace
-----------
Ethereal Guard
	Eff: 28902727,507417686
-----------
Essence Bomb
-----------
Lightforged Blessing
	SupEff: -2,9103830456733704E-11
-----------
Stasis (Release)
-----------
Hover
-----------
Algari Mana Potion
-----------
Glide
-----------
Time Dilation
-----------
Melee
	Dmg: 11400,447725777878
-----------
Rescue
-----------
Twin Guardian
-----------
Tip the Scales
-----------
Emerald Communion
-----------
Obsidian Scales
-----------
Take Off
-----------
Whirling Surge
-----------
Surge Forward
-----------
Shooting Star
-----------
Skyward Ascent
-----------
Voidglass Shards
