-----------
EssenceRegenDummy
-----------
Azure Strike
-----------
Blessing of the Bronze
-----------
Cauterizing Flame
-----------
Chrono Flames
-----------
Chrono Flame
-----------
Consume Flame
	Eff: -19662910,011949513
-----------
Deep Breath
-----------
Disintegrate
-----------
Dream Breath
	Eff: 12371349,37723245
-----------
Dream Breath (Echo)
-----------
Dream Flight
	Eff: 14055546,846386163
-----------
Echo
	Eff: -2329623,7619394786
-----------
Emerald Blossom
-----------
Engulf
-----------
Enkindle
-----------
Expunge
-----------
Fire Breath
-----------
Fluttering Seedlings
-----------
Golden Hour
	Eff: -13997852,262780454
-----------
Landslide
-----------
Lifebind
	Eff: -13196320,64283008
-----------
Life-Giver's Flame
-----------
Living Flame
	Dmg: -6152307,185717136
-----------
Naturalize
-----------
Oppressing Roar
-----------
Panacea
	Eff: 476787,40034352103
-----------
Rewind
-----------
Renewing Blaze
-----------
Reversion
	Eff: 5901224,573493319
-----------
Reversion (Echo)
	Eff: 21844877,319351435
-----------
Sleep Walk
-----------
Source of Magic
-----------
Spatial Paradox
-----------
Spiritbloom
	Eff: -259960,65892098122
-----------
Spiritbloom (Echo)
	Eff: -5303941,15098746
-----------
Stasis
-----------
Tail Swipe
-----------
Temporal Anomaly
	Eff: -44963565,31436377
-----------
Time Spiral
-----------
Unravel
-----------
Verdant Embrace
	Eff: 8065223,113000324
-----------
Zephyr
-----------
Leech
	Eff: -17562553,901839525
-----------
Blessing of Summer
-----------
Holy Bulwark
-----------
ZeroCIMDummy
-----------
Barrier of the Oathsworn
-----------
Voidglass Barrier
	Eff: 21060791,13705134
-----------
Stasis (Store)
-----------
Ethereal Reconstitution
	Eff: 11633740,696860658
-----------
Shattered Soul's Embrace
-----------
Ethereal Guard
	Eff: 42165393,32959099
-----------
Essence Bomb
-----------
Lightforged Blessing
	SupEff: -2,9103830456733704E-11
-----------
Stasis (Release)
-----------
Hover
-----------
Algari Mana Potion
-----------
Glide
-----------
Time Dilation
-----------
Melee
	Dmg: 16994,63496654467
-----------
Rescue
-----------
Twin Guardian
-----------
Tip the Scales
-----------
Emerald Communion
-----------
Obsidian Scales
-----------
Take Off
-----------
Whirling Surge
-----------
Surge Forward
-----------
Shooting Star
-----------
Skyward Ascent
-----------
Voidglass Shards
