-----------
EssenceRegenDummy
-----------
Azure Strike
-----------
Blessing of the Bronze
-----------
Cauterizing Flame
-----------
Chrono Flames
-----------
Chrono Flame
-----------
Consume Flame
	Eff: 2360613,9930866244
-----------
Deep Breath
-----------
Disintegrate
-----------
Dream Breath
	Eff: 21875382,254912958
-----------
Dream Breath (Echo)
-----------
Dream Flight
	Eff: 14769736,395974861
-----------
Echo
	Eff: -425912,5575192234
-----------
Emerald Blossom
-----------
Engulf
-----------
Enkindle
-----------
Expunge
-----------
Fire Breath
-----------
Fluttering Seedlings
-----------
Golden Hour
	Eff: -13997852,262780454
-----------
Landslide
-----------
Lifebind
	Eff: -12174732,50424425
-----------
Life-Giver's Flame
-----------
Living Flame
	Dmg: -8735764,353094926
-----------
Naturalize
-----------
Oppressing Roar
-----------
Panacea
	Eff: 871778,6192296166
-----------
Rewind
-----------
Renewing Blaze
-----------
Reversion
	Eff: 7059319,95860061
-----------
Reversion (Echo)
	Eff: 25207887,729364038
-----------
Sleep Walk
-----------
Source of Magic
-----------
Spatial Paradox
-----------
Spiritbloom
	Eff: 706846,6718912665
-----------
Spiritbloom (Echo)
	Eff: -1150643,8789596222
-----------
Stasis
-----------
Tail Swipe
-----------
Temporal Anomaly
	Eff: -50843002,15981366
-----------
Time Spiral
-----------
Unravel
-----------
Verdant Embrace
	Eff: 11076677,39859071
-----------
Zephyr
-----------
Leech
	Eff: -17198129,138931412
-----------
Blessing of Summer
-----------
Holy Bulwark
-----------
ZeroCIMDummy
-----------
Barrier of the Oathsworn
-----------
Voidglass Barrier
	Eff: -1864703,257032736
-----------
Stasis (Store)
-----------
Ethereal Reconstitution
	Eff: -277938,7913260885
-----------
Shattered Soul's Embrace
-----------
Ethereal Guard
	Eff: 10371323,767888203
-----------
Essence Bomb
-----------
Lightforged Blessing
	SupEff: -2,9103830456733704E-11
-----------
Stasis (Release)
-----------
Hover
-----------
Algari Mana Potion
-----------
Glide
-----------
Time Dilation
-----------
Melee
	Dmg: 2757,7435285981774
-----------
Rescue
-----------
Twin Guardian
-----------
Tip the Scales
-----------
Emerald Communion
-----------
Obsidian Scales
-----------
Take Off
-----------
Whirling Surge
-----------
Surge Forward
-----------
Shooting Star
-----------
Skyward Ascent
-----------
Voidglass Shards
