-----------
EssenceRegenDummy
-----------
Azure Strike
-----------
Blessing of the Bronze
-----------
Cauterizing Flame
-----------
Chrono Flames
-----------
Chrono Flame
-----------
Consume Flame
	Eff: -8061687,123467746
-----------
Deep Breath
-----------
Disintegrate
-----------
Dream Breath
	Eff: 2456192,5405466016
-----------
Dream Breath (Echo)
-----------
Dream Flight
	Eff: 9623199,033209896
-----------
Echo
	Eff: -587287,2786634094
-----------
Emerald Blossom
-----------
Engulf
-----------
Enkindle
-----------
Expunge
-----------
Fire Breath
-----------
Fluttering Seedlings
-----------
Golden Hour
	Eff: -13997852,262780454
-----------
Landslide
-----------
Lifebind
	Eff: -13916518,991816483
-----------
Life-Giver's Flame
-----------
Living Flame
	Dmg: -8057755,879020235
-----------
Naturalize
-----------
Oppressing Roar
-----------
Panacea
	Eff: 657631,5532059879
-----------
Rewind
-----------
Renewing Blaze
-----------
Reversion
	Eff: -13546946,821148364
-----------
Reversion (Echo)
	Eff: -51825233,29096218
-----------
Sleep Walk
-----------
Source of Magic
-----------
Spatial Paradox
-----------
Spiritbloom
	Eff: 1753758,171288332
-----------
Spiritbloom (Echo)
	Eff: -809502,1930803428
-----------
Stasis
-----------
Tail Swipe
-----------
Temporal Anomaly
	Eff: 18278328,219946615
-----------
Time Spiral
-----------
Unravel
-----------
Verdant Embrace
	Eff: 2356004,6248462116
-----------
Zephyr
-----------
Leech
	Eff: -20453939,37132006
-----------
Blessing of Summer
-----------
Holy Bulwark
-----------
ZeroCIMDummy
-----------
Barrier of the Oathsworn
-----------
Voidglass Barrier
	Eff: 21060791,13705134
-----------
Stasis (Store)
-----------
Ethereal Reconstitution
	Eff: 2922910,561712863
-----------
Shattered Soul's Embrace
-----------
Ethereal Guard
	Eff: 6316759,341671831
-----------
Essence Bomb
-----------
Lightforged Blessing
	SupEff: -2,9103830456733704E-11
-----------
Stasis (Release)
-----------
Hover
-----------
Algari Mana Potion
-----------
Glide
-----------
Time Dilation
-----------
Melee
	Dmg: 2271,0671564869917
-----------
Rescue
-----------
Twin Guardian
-----------
Tip the Scales
-----------
Emerald Communion
-----------
Obsidian Scales
-----------
Take Off
-----------
Whirling Surge
-----------
Surge Forward
-----------
Shooting Star
-----------
Skyward Ascent
-----------
Voidglass Shards
