-----------
EssenceRegenDummy
-----------
Azure Strike
-----------
Blessing of the Bronze
-----------
Cauterizing Flame
-----------
Chrono Flames
-----------
Chrono Flame
-----------
Consume Flame
	Eff: -36661320,14635232
-----------
Deep Breath
-----------
Disintegrate
-----------
Dream Breath
	Eff: -11374005,749292964
-----------
Dream Breath (Echo)
-----------
Dream Flight
	Eff: 6831553,741619887
-----------
Echo
	Eff: -4150944,420405059
-----------
Emerald Blossom
-----------
Engulf
-----------
Enkindle
-----------
Expunge
-----------
Fire Breath
-----------
Fluttering Seedlings
-----------
Golden Hour
	Eff: -13997852,262780454
-----------
Landslide
-----------
Lifebind
	Eff: -14888068,341387026
-----------
Life-Giver's Flame
-----------
Living Flame
	Dmg: -5918613,224753875
-----------
Naturalize
-----------
Oppressing Roar
-----------
Panacea
	Eff: 196791,41470443073
-----------
Rewind
-----------
Renewing Blaze
-----------
Reversion
	Eff: -9830463,3254237
-----------
Reversion (Echo)
	Eff: -34512294,62827304
-----------
Sleep Walk
-----------
Source of Magic
-----------
Spatial Paradox
-----------
Spiritbloom
	Eff: 35532,6771303936
-----------
Spiritbloom (Echo)
	Eff: -6472571,786992587
-----------
Stasis
-----------
Tail Swipe
-----------
Temporal Anomaly
	Eff: -7944932,102892372
-----------
Time Spiral
-----------
Unravel
-----------
Verdant Embrace
	Eff: 1767338,3805264607
-----------
Zephyr
-----------
Leech
	Eff: -20453034,265671786
-----------
Blessing of Summer
-----------
Holy Bulwark
-----------
ZeroCIMDummy
-----------
Barrier of the Oathsworn
-----------
Voidglass Barrier
	Eff: 35537234,09607479
-----------
Stasis (Store)
-----------
Ethereal Reconstitution
	Eff: 12766053,077211032
-----------
Shattered Soul's Embrace
-----------
Ethereal Guard
	Eff: 38440948,37592851
-----------
Essence Bomb
-----------
Lightforged Blessing
	SupEff: -2,9103830456733704E-11
-----------
Stasis (Release)
-----------
Hover
-----------
Algari Mana Potion
-----------
Glide
-----------
Time Dilation
-----------
Melee
	Dmg: 15184,87610667856
-----------
Rescue
-----------
Twin Guardian
-----------
Tip the Scales
-----------
Emerald Communion
-----------
Obsidian Scales
-----------
Take Off
-----------
Whirling Surge
-----------
Surge Forward
-----------
Shooting Star
-----------
Skyward Ascent
-----------
Voidglass Shards
