-----------
EssenceRegenDummy
-----------
Azure Strike
-----------
Blessing of the Bronze
-----------
Cauterizing Flame
-----------
Chrono Flames
-----------
Chrono Flame
-----------
Consume Flame
	Eff: 3280126,7434051074
-----------
Deep Breath
-----------
Disintegrate
-----------
Dream Breath
	Eff: 25116192,790699806
-----------
Dream Breath (Echo)
-----------
Dream Flight
	Eff: 17050380,603508025
-----------
Echo
	Eff: 722020,6734303519
-----------
Emerald Blossom
-----------
Engulf
-----------
Enkindle
-----------
Expunge
-----------
Fire Breath
-----------
Fluttering Seedlings
-----------
Golden Hour
	Eff: -13997852,262780454
-----------
Landslide
-----------
Lifebind
	Eff: -12495387,441126702
-----------
Life-Giver's Flame
-----------
Living Flame
	Dmg: -7603515,805743434
-----------
Naturalize
-----------
Oppressing Roar
-----------
Panacea
	Eff: 860216,516695022
-----------
Rewind
-----------
Renewing Blaze
-----------
Reversion
	Eff: 1022132,9483182406
-----------
Reversion (Echo)
	Eff: 5622689,969879291
-----------
Sleep Walk
-----------
Source of Magic
-----------
Spatial Paradox
-----------
Spiritbloom
	Eff: 1044192,8977875985
-----------
Spiritbloom (Echo)
	Eff: -895653,3021087539
-----------
Stasis
-----------
Tail Swipe
-----------
Temporal Anomaly
	Eff: -23226897,29300921
-----------
Time Spiral
-----------
Unravel
-----------
Verdant Embrace
	Eff: 8799526,298152233
-----------
Zephyr
-----------
Leech
	Eff: -17519210,282580737
-----------
Blessing of Summer
-----------
Holy Bulwark
-----------
ZeroCIMDummy
-----------
Barrier of the Oathsworn
-----------
Voidglass Barrier
	Eff: 13418959,672356643
-----------
Stasis (Store)
-----------
Ethereal Reconstitution
	Eff: 4965716,687178673
-----------
Shattered Soul's Embrace
-----------
Ethereal Guard
	Eff: 19816205,731066532
-----------
Essence Bomb
-----------
Lightforged Blessing
	SupEff: -2,9103830456733704E-11
-----------
Stasis (Release)
-----------
Hover
-----------
Algari Mana Potion
-----------
Glide
-----------
Time Dilation
-----------
Melee
	Dmg: 7689,58866147508
-----------
Rescue
-----------
Twin Guardian
-----------
Tip the Scales
-----------
Emerald Communion
-----------
Obsidian Scales
-----------
Take Off
-----------
Whirling Surge
-----------
Surge Forward
-----------
Shooting Star
-----------
Skyward Ascent
-----------
Voidglass Shards
