-----------
EssenceRegenDummy
-----------
Azure Strike
-----------
Blessing of the Bronze
-----------
Cauterizing Flame
-----------
Chrono Flames
-----------
Chrono Flame
-----------
Consume Flame
	Eff: -31847325,836279925
-----------
Deep Breath
-----------
Disintegrate
-----------
Dream Breath
	Eff: -23520759,736987215
-----------
Dream Breath (Echo)
-----------
Dream Flight
	Eff: 1880448,696264189
-----------
Echo
	Eff: -3463517,7167025586
-----------
Emerald Blossom
-----------
Engulf
-----------
Enkindle
-----------
Expunge
-----------
Fire Breath
-----------
Fluttering Seedlings
-----------
Golden Hour
	Eff: -13997852,262780454
-----------
Landslide
-----------
Lifebind
	Eff: -15525319,5935321
-----------
Life-Giver's Flame
-----------
Living Flame
	Dmg: -7333538,411646556
-----------
Naturalize
-----------
Oppressing Roar
-----------
Panacea
	Eff: 263367,52566820657
-----------
Rewind
-----------
Renewing Blaze
-----------
Reversion
	Eff: -23692900,085325696
-----------
Reversion (Echo)
	Eff: -86486145,44822563
-----------
Sleep Walk
-----------
Source of Magic
-----------
Spatial Paradox
-----------
Spiritbloom
	Eff: 1459757,9784196233
-----------
Spiritbloom (Echo)
	Eff: -3675482,750152594
-----------
Stasis
-----------
Tail Swipe
-----------
Temporal Anomaly
	Eff: 40328575,26706939
-----------
Time Spiral
-----------
Unravel
-----------
Verdant Embrace
	Eff: -3355250,1748197284
-----------
Zephyr
-----------
Leech
	Eff: -22812276,158040985
-----------
Blessing of Summer
-----------
Holy Bulwark
-----------
ZeroCIMDummy
-----------
Barrier of the Oathsworn
-----------
Voidglass Barrier
	Eff: 35537234,09607479
-----------
Stasis (Store)
-----------
Ethereal Reconstitution
	Eff: 6297669,54094341
-----------
Shattered Soul's Embrace
-----------
Ethereal Guard
	Eff: 14345687,752418675
-----------
Essence Bomb
-----------
Lightforged Blessing
	SupEff: -2,9103830456733704E-11
-----------
Stasis (Release)
-----------
Hover
-----------
Algari Mana Potion
-----------
Glide
-----------
Time Dilation
-----------
Melee
	Dmg: 4251,626101788979
-----------
Rescue
-----------
Twin Guardian
-----------
Tip the Scales
-----------
Emerald Communion
-----------
Obsidian Scales
-----------
Take Off
-----------
Whirling Surge
-----------
Surge Forward
-----------
Shooting Star
-----------
Skyward Ascent
-----------
Voidglass Shards
