-----------
EssenceRegenDummy
-----------
Azure Strike
-----------
Blessing of the Bronze
-----------
Cauterizing Flame
-----------
Chrono Flames
-----------
Chrono Flame
-----------
Consume Flame
	Eff: -2713662,0646590586
-----------
Deep Breath
-----------
Disintegrate
-----------
Dream Breath
	Eff: 15784611,782383287
-----------
Dream Breath (Echo)
-----------
Dream Flight
	Eff: 14357822,769323304
-----------
Echo
	Eff: 256805,63272806647
-----------
Emerald Blossom
-----------
Engulf
-----------
Enkindle
-----------
Expunge
-----------
Fire Breath
-----------
Fluttering Seedlings
-----------
Golden Hour
	Eff: -13997852,262780454
-----------
Landslide
-----------
Lifebind
	Eff: -13194472,967976166
-----------
Life-Giver's Flame
-----------
Living Flame
	Dmg: -7417247,742172455
-----------
Naturalize
-----------
Oppressing Roar
-----------
Panacea
	Eff: 751842,8761620261
-----------
Rewind
-----------
Renewing Blaze
-----------
Reversion
	Eff: -5956333,838294654
-----------
Reversion (Echo)
	Eff: -20803374,059207544
-----------
Sleep Walk
-----------
Source of Magic
-----------
Spatial Paradox
-----------
Spiritbloom
	Eff: 1315567,1419164904
-----------
Spiritbloom (Echo)
	Eff: -1111934,826390241
-----------
Stasis
-----------
Tail Swipe
-----------
Temporal Anomaly
	Eff: -1264548,3803337775
-----------
Time Spiral
-----------
Unravel
-----------
Verdant Embrace
	Eff: 5623392,468582066
-----------
Zephyr
-----------
Leech
	Eff: -18783954,180229913
-----------
Blessing of Summer
-----------
Holy Bulwark
-----------
ZeroCIMDummy
-----------
Barrier of the Oathsworn
-----------
Voidglass Barrier
	Eff: 21062192,279600788
-----------
Stasis (Store)
-----------
Ethereal Reconstitution
	Eff: 5851023,713114105
-----------
Shattered Soul's Embrace
-----------
Ethereal Guard
	Eff: 18366332,818660926
-----------
Essence Bomb
-----------
Lightforged Blessing
	SupEff: -2,9103830456733704E-11
-----------
Stasis (Release)
-----------
Hover
-----------
Algari Mana Potion
-----------
Glide
-----------
Time Dilation
-----------
Melee
	Dmg: 7219,9793090586045
-----------
Rescue
-----------
Twin Guardian
-----------
Tip the Scales
-----------
Emerald Communion
-----------
Obsidian Scales
-----------
Take Off
-----------
Whirling Surge
-----------
Surge Forward
-----------
Shooting Star
-----------
Skyward Ascent
-----------
Voidglass Shards
