-----------
EssenceRegenDummy
-----------
Azure Strike
-----------
Blessing of the Bronze
-----------
Cauterizing Flame
-----------
Chrono Flames
-----------
Chrono Flame
-----------
Consume Flame
	Eff: -65411576,59043109
-----------
Deep Breath
-----------
Disintegrate
-----------
Dream Breath
	Eff: -37347639,726325706
-----------
Dream Breath (Echo)
-----------
Dream Flight
	Eff: -1016128,195199934
-----------
Echo
	Eff: -8248004,256234853
-----------
Emerald Blossom
-----------
Engulf
-----------
Enkindle
-----------
Expunge
-----------
Fire Breath
-----------
Fluttering Seedlings
-----------
Golden Hour
	Eff: -13997852,262780454
-----------
Landslide
-----------
Lifebind
	Eff: -16320897,983088205
-----------
Life-Giver's Flame
-----------
Living Flame
	Dmg: -5256240,915461955
-----------
Naturalize
-----------
Oppressing Roar
-----------
Panacea
	Eff: -267962,058656435
-----------
Rewind
-----------
Renewing Blaze
-----------
Reversion
	Eff: -12915281,107446086
-----------
Reversion (Echo)
	Eff: -47166562,416053906
-----------
Sleep Walk
-----------
Source of Magic
-----------
Spatial Paradox
-----------
Spiritbloom
	Eff: -976909,1549657425
-----------
Spiritbloom (Echo)
	Eff: -10717095,007738478
-----------
Stasis
-----------
Tail Swipe
-----------
Temporal Anomaly
	Eff: -17526527,030727252
-----------
Time Spiral
-----------
Unravel
-----------
Verdant Embrace
	Eff: -1364602,724516732
-----------
Zephyr
-----------
Leech
	Eff: -22103580,313252326
-----------
Blessing of Summer
-----------
Holy Bulwark
-----------
ZeroCIMDummy
-----------
Barrier of the Oathsworn
-----------
Voidglass Barrier
	Eff: 41934969,34348534
-----------
Stasis (Store)
-----------
Ethereal Reconstitution
	Eff: 15822384,63469308
-----------
Shattered Soul's Embrace
-----------
Ethereal Guard
	Eff: 47313604,99117772
-----------
Essence Bomb
-----------
Lightforged Blessing
	SupEff: -2,9103830456733704E-11
-----------
Stasis (Release)
-----------
Hover
-----------
Algari Mana Potion
-----------
Glide
-----------
Time Dilation
-----------
Melee
	Dmg: 18705,232153327517
-----------
Rescue
-----------
Twin Guardian
-----------
Tip the Scales
-----------
Emerald Communion
-----------
Obsidian Scales
-----------
Take Off
-----------
Whirling Surge
-----------
Surge Forward
-----------
Shooting Star
-----------
Skyward Ascent
-----------
Voidglass Shards
