-----------
EssenceRegenDummy
-----------
Azure Strike
-----------
Blessing of the Bronze
-----------
Cauterizing Flame
-----------
Chrono Flames
-----------
Chrono Flame
-----------
Consume Flame
	Eff: -54314083,45039265
-----------
Deep Breath
-----------
Disintegrate
-----------
Dream Breath
	Eff: -34332327,41952407
-----------
Dream Breath (Echo)
-----------
Dream Flight
	Eff: -630422,6145631975
-----------
Echo
	Eff: -6581499,500990438
-----------
Emerald Blossom
-----------
Engulf
-----------
Enkindle
-----------
Expunge
-----------
Fire Breath
-----------
Fluttering Seedlings
-----------
Golden Hour
	Eff: -13997852,262780454
-----------
Landslide
-----------
Lifebind
	Eff: -16195127,632803261
-----------
Life-Giver's Flame
-----------
Living Flame
	Dmg: -5993357,545206653
-----------
Naturalize
-----------
Oppressing Roar
-----------
Panacea
	Eff: -86461,53480467967
-----------
Rewind
-----------
Renewing Blaze
-----------
Reversion
	Eff: -18954130,860575434
-----------
Reversion (Echo)
	Eff: -67546828,2811937
-----------
Sleep Walk
-----------
Source of Magic
-----------
Spatial Paradox
-----------
Spiritbloom
	Eff: -41280,288468700455
-----------
Spiritbloom (Echo)
	Eff: -8198349,827582328
-----------
Stasis
-----------
Tail Swipe
-----------
Temporal Anomaly
	Eff: 8415123,691087727
-----------
Time Spiral
-----------
Unravel
-----------
Verdant Embrace
	Eff: -2692315,38481563
-----------
Zephyr
-----------
Leech
	Eff: -22657264,904465348
-----------
Blessing of Summer
-----------
Holy Bulwark
-----------
ZeroCIMDummy
-----------
Barrier of the Oathsworn
-----------
Voidglass Barrier
	Eff: 41934969,34348534
-----------
Stasis (Store)
-----------
Ethereal Reconstitution
	Eff: 12452628,327915778
-----------
Shattered Soul's Embrace
-----------
Ethereal Guard
	Eff: 35265974,679422826
-----------
Essence Bomb
-----------
Lightforged Blessing
	SupEff: -2,9103830456733704E-11
-----------
Stasis (Release)
-----------
Hover
-----------
Algari Mana Potion
-----------
Glide
-----------
Time Dilation
-----------
Melee
	Dmg: 13009,467832770777
-----------
Rescue
-----------
Twin Guardian
-----------
Tip the Scales
-----------
Emerald Communion
-----------
Obsidian Scales
-----------
Take Off
-----------
Whirling Surge
-----------
Surge Forward
-----------
Shooting Star
-----------
Skyward Ascent
-----------
Voidglass Shards
