-----------
EssenceRegenDummy
-----------
Azure Strike
-----------
Blessing of the Bronze
-----------
Cauterizing Flame
-----------
Chrono Flames
-----------
Chrono Flame
-----------
Consume Flame
	Eff: -29350200,73895943
-----------
Deep Breath
-----------
Disintegrate
-----------
Dream Breath
	Eff: -12280816,108243363
-----------
Dream Breath (Echo)
-----------
Dream Flight
	Eff: 5957631,165952095
-----------
Echo
	Eff: -3071332,172492854
-----------
Emerald Blossom
-----------
Engulf
-----------
Enkindle
-----------
Expunge
-----------
Fire Breath
-----------
Fluttering Seedlings
-----------
Golden Hour
	Eff: -13997852,262780454
-----------
Landslide
-----------
Lifebind
	Eff: -14967499,92064957
-----------
Life-Giver's Flame
-----------
Living Flame
	Dmg: -6626075,818200216
-----------
Naturalize
-----------
Oppressing Roar
-----------
Panacea
	Eff: 313658,6688089557
-----------
Rewind
-----------
Renewing Blaze
-----------
Reversion
	Eff: -16143953,85568922
-----------
Reversion (Echo)
	Eff: -58240759,11465461
-----------
Sleep Walk
-----------
Source of Magic
-----------
Spatial Paradox
-----------
Spiritbloom
	Eff: 857699,9326304339
-----------
Spiritbloom (Echo)
	Eff: -4495561,503051991
-----------
Stasis
-----------
Tail Swipe
-----------
Temporal Anomaly
	Eff: 16953091,842505317
-----------
Time Spiral
-----------
Unravel
-----------
Verdant Embrace
	Eff: -89772,42460437352
-----------
Zephyr
-----------
Leech
	Eff: -21289491,24786152
-----------
Blessing of Summer
-----------
Holy Bulwark
-----------
ZeroCIMDummy
-----------
Barrier of the Oathsworn
-----------
Voidglass Barrier
	Eff: 35537234,09607479
-----------
Stasis (Store)
-----------
Ethereal Reconstitution
	Eff: 9531861,30907722
-----------
Shattered Soul's Embrace
-----------
Ethereal Guard
	Eff: 26393318,0641736
-----------
Essence Bomb
-----------
Lightforged Blessing
	SupEff: -2,9103830456733704E-11
-----------
Stasis (Release)
-----------
Hover
-----------
Algari Mana Potion
-----------
Glide
-----------
Time Dilation
-----------
Melee
	Dmg: 9718,251104233768
-----------
Rescue
-----------
Twin Guardian
-----------
Tip the Scales
-----------
Emerald Communion
-----------
Obsidian Scales
-----------
Take Off
-----------
Whirling Surge
-----------
Surge Forward
-----------
Shooting Star
-----------
Skyward Ascent
-----------
Voidglass Shards
