-----------
EssenceRegenDummy
-----------
Azure Strike
-----------
Blessing of the Bronze
-----------
Cauterizing Flame
-----------
Chrono Flames
-----------
Chrono Flame
-----------
Consume Flame
	Eff: 690241,3418198759
-----------
Deep Breath
-----------
Disintegrate
-----------
Dream Breath
	Eff: 15325317,784697676
-----------
Dream Breath (Echo)
-----------
Dream Flight
	Eff: 13518329,57555613
-----------
Echo
	Eff: 307972,6336015318
-----------
Emerald Blossom
-----------
Engulf
-----------
Enkindle
-----------
Expunge
-----------
Fire Breath
-----------
Fluttering Seedlings
-----------
Golden Hour
	Eff: -13997852,262780454
-----------
Landslide
-----------
Lifebind
	Eff: -13090193,535060927
-----------
Life-Giver's Flame
-----------
Living Flame
	Dmg: -8208569,270296755
-----------
Naturalize
-----------
Oppressing Roar
-----------
Panacea
	Eff: 813453,257204984
-----------
Rewind
-----------
Renewing Blaze
-----------
Reversion
	Eff: -6447767,408651868
-----------
Reversion (Echo)
	Eff: -23279759,09748529
-----------
Sleep Walk
-----------
Source of Magic
-----------
Spatial Paradox
-----------
Spiritbloom
	Eff: 1515283,6193649713
-----------
Spiritbloom (Echo)
	Eff: -279947,37759770104
-----------
Stasis
-----------
Tail Swipe
-----------
Temporal Anomaly
	Eff: -4761196,190710675
-----------
Time Spiral
-----------
Unravel
-----------
Verdant Embrace
	Eff: 6145139,523105846
-----------
Zephyr
-----------
Leech
	Eff: -18934903,17122028
-----------
Blessing of Summer
-----------
Holy Bulwark
-----------
ZeroCIMDummy
-----------
Barrier of the Oathsworn
-----------
Voidglass Barrier
	Eff: 13418959,672356643
-----------
Stasis (Store)
-----------
Ethereal Reconstitution
	Eff: 2199692,0910137654
-----------
Shattered Soul's Embrace
-----------
Ethereal Guard
	Eff: 7766366,466192488
-----------
Essence Bomb
-----------
Lightforged Blessing
	SupEff: -2,9103830456733704E-11
-----------
Stasis (Release)
-----------
Hover
-----------
Algari Mana Potion
-----------
Glide
-----------
Time Dilation
-----------
Melee
	Dmg: 3014,2879066601163
-----------
Rescue
-----------
Twin Guardian
-----------
Tip the Scales
-----------
Emerald Communion
-----------
Obsidian Scales
-----------
Take Off
-----------
Whirling Surge
-----------
Surge Forward
-----------
Shooting Star
-----------
Skyward Ascent
-----------
Voidglass Shards
