-----------
EssenceRegenDummy
-----------
Azure Strike
-----------
Blessing of the Bronze
-----------
Cauterizing Flame
-----------
Chrono Flames
-----------
Chrono Flame
-----------
Consume Flame
	Eff: 5931359,436124735
-----------
Deep Breath
-----------
Disintegrate
-----------
Dream Breath
	Eff: 22182873,03887881
-----------
Dream Breath (Echo)
-----------
Dream Flight
	Eff: 9007539,745611697
-----------
Echo
	Eff: 682498,126591196
-----------
Emerald Blossom
-----------
Engulf
-----------
Enkindle
-----------
Expunge
-----------
Fire Breath
-----------
Fluttering Seedlings
-----------
Golden Hour
	Eff: -3225280,630333476
-----------
Landslide
-----------
Lifebind
	Eff: -1681739,666380312
-----------
Life-Giver's Flame
-----------
Living Flame
	Dmg: -555871,1265752893
-----------
Naturalize
-----------
Oppressing Roar
-----------
Panacea
	Eff: 277097,0474516824
-----------
Rewind
-----------
Renewing Blaze
-----------
Reversion
	Eff: 14077339,674766447
-----------
Reversion (Echo)
	Eff: 55207360,764218956
-----------
Sleep Walk
-----------
Source of Magic
-----------
Spatial Paradox
-----------
Spiritbloom
	Eff: -542593,2660430266
-----------
Spiritbloom (Echo)
	Eff: -1054230,8543041642
-----------
Stasis
-----------
Tail Swipe
-----------
Temporal Anomaly
	Eff: -43895897,20530566
-----------
Time Spiral
-----------
Unravel
-----------
Verdant Embrace
	Eff: 6781782,20290654
-----------
Zephyr
-----------
Leech
	Eff: -15953252,82515379
-----------
Blessing of Summer
-----------
Holy Bulwark
-----------
ZeroCIMDummy
-----------
Barrier of the Oathsworn
-----------
Voidglass Barrier
	Eff: -1864703,257032736
-----------
Stasis (Store)
-----------
Ethereal Reconstitution
	Eff: 3925759,6879223688
-----------
Shattered Soul's Embrace
-----------
Ethereal Guard
	Eff: 21591629,18310676
-----------
Essence Bomb
-----------
Lightforged Blessing
	SupEff: -2,9103830456733704E-11
-----------
Stasis (Release)
-----------
Hover
-----------
Algari Mana Potion
-----------
Glide
-----------
Time Dilation
-----------
Melee
	Dmg: 7782,022342200753
-----------
Rescue
-----------
Twin Guardian
-----------
Tip the Scales
-----------
Emerald Communion
-----------
Obsidian Scales
-----------
Take Off
-----------
Whirling Surge
-----------
Surge Forward
-----------
Shooting Star
-----------
Skyward Ascent
-----------
Voidglass Shards
