-----------
EssenceRegenDummy
-----------
Azure Strike
-----------
Blessing of the Bronze
-----------
Cauterizing Flame
-----------
Chrono Flames
-----------
Chrono Flame
-----------
Consume Flame
	Eff: -1351806,8673788137
-----------
Deep Breath
-----------
Disintegrate
-----------
Dream Breath
	Eff: 1755137,8390639892
-----------
Dream Breath (Echo)
-----------
Dream Flight
	Eff: 3233818,019009011
-----------
Echo
	Eff: 582095,2363089018
-----------
Emerald Blossom
-----------
Engulf
-----------
Enkindle
-----------
Expunge
-----------
Fire Breath
-----------
Fluttering Seedlings
-----------
Golden Hour
	Eff: -3225280,630333476
-----------
Landslide
-----------
Lifebind
	Eff: -3420254,7292237366
-----------
Life-Giver's Flame
-----------
Living Flame
	Dmg: -682594,7894614956
-----------
Naturalize
-----------
Oppressing Roar
-----------
Panacea
	Eff: 134363,4107455007
-----------
Rewind
-----------
Renewing Blaze
-----------
Reversion
	Eff: -6743919,7146455115
-----------
Reversion (Echo)
	Eff: -23123283,06961711
-----------
Sleep Walk
-----------
Source of Magic
-----------
Spatial Paradox
-----------
Spiritbloom
	Eff: 626835,6625097683
-----------
Spiritbloom (Echo)
	Eff: 115209,92678826652
-----------
Stasis
-----------
Tail Swipe
-----------
Temporal Anomaly
	Eff: 22866435,646999516
-----------
Time Spiral
-----------
Unravel
-----------
Verdant Embrace
	Eff: -951082,3610086385
-----------
Zephyr
-----------
Leech
	Eff: -19341478,88469041
-----------
Blessing of Summer
-----------
Holy Bulwark
-----------
ZeroCIMDummy
-----------
Barrier of the Oathsworn
-----------
Voidglass Barrier
	Eff: 13418959,672356643
-----------
Stasis (Store)
-----------
Ethereal Reconstitution
	Eff: 3617659,953604535
-----------
Shattered Soul's Embrace
-----------
Ethereal Guard
	Eff: 8427257,285584962
-----------
Essence Bomb
-----------
Lightforged Blessing
	SupEff: -2,9103830456733704E-11
-----------
Stasis (Release)
-----------
Hover
-----------
Algari Mana Potion
-----------
Glide
-----------
Time Dilation
-----------
Melee
	Dmg: 3053,9337137942694
-----------
Rescue
-----------
Twin Guardian
-----------
Tip the Scales
-----------
Emerald Communion
-----------
Obsidian Scales
-----------
Take Off
-----------
Whirling Surge
-----------
Surge Forward
-----------
Shooting Star
-----------
Skyward Ascent
-----------
Voidglass Shards
