-----------
EssenceRegenDummy
-----------
Azure Strike
-----------
Blessing of the Bronze
-----------
Cauterizing Flame
-----------
Chrono Flames
-----------
Chrono Flame
-----------
Consume Flame
	Eff: -38194793,20996445
-----------
Deep Breath
-----------
Disintegrate
-----------
Dream Breath
	Eff: -10814450,04262373
-----------
Dream Breath (Echo)
-----------
Dream Flight
	Eff: 1220978,964734826
-----------
Echo
	Eff: -4060941,2957156207
-----------
Emerald Blossom
-----------
Engulf
-----------
Enkindle
-----------
Expunge
-----------
Fire Breath
-----------
Fluttering Seedlings
-----------
Golden Hour
	Eff: -3225280,630333476
-----------
Landslide
-----------
Lifebind
	Eff: -4395207,861295989
-----------
Life-Giver's Flame
-----------
Living Flame
	Dmg: 3976463,2032224815
-----------
Naturalize
-----------
Oppressing Roar
-----------
Panacea
	Eff: -429815,2545135411
-----------
Rewind
-----------
Renewing Blaze
-----------
Reversion
	Eff: 3558833,209396964
-----------
Reversion (Echo)
	Eff: 15781498,410369288
-----------
Sleep Walk
-----------
Source of Magic
-----------
Spatial Paradox
-----------
Spiritbloom
	Eff: -1735008,8577731003
-----------
Spiritbloom (Echo)
	Eff: -7671880,959516298
-----------
Stasis
-----------
Tail Swipe
-----------
Temporal Anomaly
	Eff: -24808424,00043285
-----------
Time Spiral
-----------
Unravel
-----------
Verdant Embrace
	Eff: -239890,1362305713
-----------
Zephyr
-----------
Leech
	Eff: -18525648,1552152
-----------
Blessing of Summer
-----------
Holy Bulwark
-----------
ZeroCIMDummy
-----------
Barrier of the Oathsworn
-----------
Voidglass Barrier
	Eff: 28659585,777849562
-----------
Stasis (Store)
-----------
Ethereal Reconstitution
	Eff: 17674616,296310622
-----------
Shattered Soul's Embrace
-----------
Ethereal Guard
	Eff: 55142904,042706385
-----------
Essence Bomb
-----------
Lightforged Blessing
	SupEff: -2,9103830456733704E-11
-----------
Stasis (Release)
-----------
Hover
-----------
Algari Mana Potion
-----------
Glide
-----------
Time Dilation
-----------
Melee
	Dmg: 22618,37214916274
-----------
Rescue
-----------
Twin Guardian
-----------
Tip the Scales
-----------
Emerald Communion
-----------
Obsidian Scales
-----------
Take Off
-----------
Whirling Surge
-----------
Surge Forward
-----------
Shooting Star
-----------
Skyward Ascent
-----------
Voidglass Shards
