-----------
EssenceRegenDummy
-----------
Azure Strike
-----------
Blessing of the Bronze
-----------
Cauterizing Flame
-----------
Chrono Flames
-----------
Chrono Flame
-----------
Consume Flame
	Eff: 630819,0655572263
-----------
Deep Breath
-----------
Disintegrate
-----------
Dream Breath
	Eff: 19276324,307154015
-----------
Dream Breath (Echo)
-----------
Dream Flight
	Eff: 9243234,293689158
-----------
Echo
	Eff: 905692,6497225433
-----------
Emerald Blossom
-----------
Engulf
-----------
Enkindle
-----------
Expunge
-----------
Fire Breath
-----------
Fluttering Seedlings
-----------
Golden Hour
	Eff: -3223305,461350629
-----------
Landslide
-----------
Lifebind
	Eff: -2324628,1096043703
-----------
Life-Giver's Flame
-----------
Living Flame
	Dmg: 1291075,2673055937
-----------
Naturalize
-----------
Oppressing Roar
-----------
Panacea
	Eff: 174740,02155794136
-----------
Rewind
-----------
Renewing Blaze
-----------
Reversion
	Eff: 9031060,100417603
-----------
Reversion (Echo)
	Eff: 30054082,08174024
-----------
Sleep Walk
-----------
Source of Magic
-----------
Spatial Paradox
-----------
Spiritbloom
	Eff: -425590,9679957571
-----------
Spiritbloom (Echo)
	Eff: -1705054,932994463
-----------
Stasis
-----------
Tail Swipe
-----------
Temporal Anomaly
	Eff: -18282698,24498764
-----------
Time Spiral
-----------
Unravel
-----------
Verdant Embrace
	Eff: 3990191,5316270003
-----------
Zephyr
-----------
Leech
	Eff: -16680195,557135534
-----------
Blessing of Summer
-----------
Holy Bulwark
-----------
ZeroCIMDummy
-----------
Barrier of the Oathsworn
-----------
Voidglass Barrier
	Eff: 13418959,672356643
-----------
Stasis (Store)
-----------
Ethereal Reconstitution
	Eff: 9537878,023309605
-----------
Shattered Soul's Embrace
-----------
Ethereal Guard
	Eff: 32524848,037648365
-----------
Essence Bomb
-----------
Lightforged Blessing
	SupEff: -2,9103830456733704E-11
-----------
Stasis (Release)
-----------
Hover
-----------
Algari Mana Potion
-----------
Glide
-----------
Time Dilation
-----------
Melee
	Dmg: 13060,209376908835
-----------
Rescue
-----------
Twin Guardian
-----------
Tip the Scales
-----------
Emerald Communion
-----------
Obsidian Scales
-----------
Take Off
-----------
Whirling Surge
-----------
Surge Forward
-----------
Shooting Star
-----------
Skyward Ascent
-----------
Voidglass Shards
