-----------
EssenceRegenDummy
-----------
Azure Strike
-----------
Blessing of the Bronze
-----------
Cauterizing Flame
-----------
Chrono Flames
-----------
Chrono Flame
-----------
Consume Flame
	Eff: -23896193,90148358
-----------
Deep Breath
-----------
Disintegrate
-----------
Dream Breath
	Eff: -4288253,55873752
-----------
Dream Breath (Echo)
-----------
Dream Flight
	Eff: 2888206,7924048253
-----------
Echo
	Eff: -1895031,0953511768
-----------
Emerald Blossom
-----------
Engulf
-----------
Enkindle
-----------
Expunge
-----------
Fire Breath
-----------
Fluttering Seedlings
-----------
Golden Hour
	Eff: -3225280,630333476
-----------
Landslide
-----------
Lifebind
	Eff: -4101354,686537018
-----------
Life-Giver's Flame
-----------
Living Flame
	Dmg: 2875301,96538125
-----------
Naturalize
-----------
Oppressing Roar
-----------
Panacea
	Eff: -208717,73709093558
-----------
Rewind
-----------
Renewing Blaze
-----------
Reversion
	Eff: -1743688,5828554195
-----------
Reversion (Echo)
	Eff: -3682877,80763022
-----------
Sleep Walk
-----------
Source of Magic
-----------
Spatial Paradox
-----------
Spiritbloom
	Eff: -805078,8333755976
-----------
Spiritbloom (Echo)
	Eff: -4751220,513515187
-----------
Stasis
-----------
Tail Swipe
-----------
Temporal Anomaly
	Eff: 637054,7578008503
-----------
Time Spiral
-----------
Unravel
-----------
Verdant Embrace
	Eff: -900218,8637452377
-----------
Zephyr
-----------
Leech
	Eff: -18838936,311859082
-----------
Blessing of Summer
-----------
Holy Bulwark
-----------
ZeroCIMDummy
-----------
Barrier of the Oathsworn
-----------
Voidglass Barrier
	Eff: 28659585,777849562
-----------
Stasis (Store)
-----------
Ethereal Reconstitution
	Eff: 14369311,501175849
-----------
Shattered Soul's Embrace
-----------
Ethereal Guard
	Eff: 43095273,73095147
-----------
Essence Bomb
-----------
Lightforged Blessing
	SupEff: -2,9103830456733704E-11
-----------
Stasis (Release)
-----------
Hover
-----------
Algari Mana Potion
-----------
Glide
-----------
Time Dilation
-----------
Melee
	Dmg: 17031,54764116196
-----------
Rescue
-----------
Twin Guardian
-----------
Tip the Scales
-----------
Emerald Communion
-----------
Obsidian Scales
-----------
Take Off
-----------
Whirling Surge
-----------
Surge Forward
-----------
Shooting Star
-----------
Skyward Ascent
-----------
Voidglass Shards
