-----------
EssenceRegenDummy
-----------
Azure Strike
-----------
Blessing of the Bronze
-----------
Cauterizing Flame
-----------
Chrono Flames
-----------
Chrono Flame
-----------
Consume Flame
	Eff: -34777070,169314116
-----------
Deep Breath
-----------
Disintegrate
-----------
Dream Breath
	Eff: -29540256,218671296
-----------
Dream Breath (Echo)
-----------
Dream Flight
	Eff: -5416849,349797853
-----------
Echo
	Eff: -3262130,2243786724
-----------
Emerald Blossom
-----------
Engulf
-----------
Enkindle
-----------
Expunge
-----------
Fire Breath
-----------
Fluttering Seedlings
-----------
Golden Hour
	Eff: -3225280,630333476
-----------
Landslide
-----------
Lifebind
	Eff: -5617386,061447817
-----------
Life-Giver's Flame
-----------
Living Flame
	Dmg: 1729672,3129332617
-----------
Naturalize
-----------
Oppressing Roar
-----------
Panacea
	Eff: -377568,6850771847
-----------
Rewind
-----------
Renewing Blaze
-----------
Reversion
	Eff: -17618533,181382887
-----------
Reversion (Echo)
	Eff: -61222870,44178797
-----------
Sleep Walk
-----------
Source of Magic
-----------
Spatial Paradox
-----------
Spiritbloom
	Eff: -42341,239467862644
-----------
Spiritbloom (Echo)
	Eff: -4474659,11672356
-----------
Stasis
-----------
Tail Swipe
-----------
Temporal Anomaly
	Eff: 46105326,15278624
-----------
Time Spiral
-----------
Unravel
-----------
Verdant Embrace
	Eff: -7334418,811885244
-----------
Zephyr
-----------
Leech
	Eff: -21979858,44674424
-----------
Blessing of Summer
-----------
Holy Bulwark
-----------
ZeroCIMDummy
-----------
Barrier of the Oathsworn
-----------
Voidglass Barrier
	Eff: 35537234,09607479
-----------
Stasis (Store)
-----------
Ethereal Reconstitution
	Eff: 10963054,29361235
-----------
Shattered Soul's Embrace
-----------
Ethereal Guard
	Eff: 29207931,048120435
-----------
Essence Bomb
-----------
Lightforged Blessing
	SupEff: -2,9103830456733704E-11
-----------
Stasis (Release)
-----------
Hover
-----------
Algari Mana Potion
-----------
Glide
-----------
Time Dilation
-----------
Melee
	Dmg: 9380,793321648902
-----------
Rescue
-----------
Twin Guardian
-----------
Tip the Scales
-----------
Emerald Communion
-----------
Obsidian Scales
-----------
Take Off
-----------
Whirling Surge
-----------
Surge Forward
-----------
Shooting Star
-----------
Skyward Ascent
-----------
Voidglass Shards
