-----------
EssenceRegenDummy
-----------
Azure Strike
-----------
Blessing of the Bronze
-----------
Cauterizing Flame
-----------
Chrono Flames
-----------
Chrono Flame
-----------
Consume Flame
	Eff: -4863821,264373111
-----------
Deep Breath
-----------
Disintegrate
-----------
Dream Breath
	Eff: 2240607,344446298
-----------
Dream Breath (Echo)
-----------
Dream Flight
	Eff: 4007345,197346939
-----------
Echo
	Eff: 537655,4810919564
-----------
Emerald Blossom
-----------
Engulf
-----------
Enkindle
-----------
Expunge
-----------
Fire Breath
-----------
Fluttering Seedlings
-----------
Golden Hour
	Eff: -3225280,630333476
-----------
Landslide
-----------
Lifebind
	Eff: -3579876,969415984
-----------
Life-Giver's Flame
-----------
Living Flame
	Dmg: 549467,5209020646
-----------
Naturalize
-----------
Oppressing Roar
-----------
Panacea
	Eff: 77720,89298853971
-----------
Rewind
-----------
Renewing Blaze
-----------
Reversion
	Eff: -6611089,885151722
-----------
Reversion (Echo)
	Eff: -23582617,44855563
-----------
Sleep Walk
-----------
Source of Magic
-----------
Spatial Paradox
-----------
Spiritbloom
	Eff: 435532,0769465169
-----------
Spiritbloom (Echo)
	Eff: -725459,2385724415
-----------
Stasis
-----------
Tail Swipe
-----------
Temporal Anomaly
	Eff: 26608589,91327565
-----------
Time Spiral
-----------
Unravel
-----------
Verdant Embrace
	Eff: -1430162,6135128217
-----------
Zephyr
-----------
Leech
	Eff: -19243568,151894823
-----------
Blessing of Summer
-----------
Holy Bulwark
-----------
ZeroCIMDummy
-----------
Barrier of the Oathsworn
-----------
Voidglass Barrier
	Eff: 21062192,279600788
-----------
Stasis (Store)
-----------
Ethereal Reconstitution
	Eff: 7352031,488548038
-----------
Shattered Soul's Embrace
-----------
Ethereal Guard
	Eff: 19771467,929435115
-----------
Essence Bomb
-----------
Lightforged Blessing
	SupEff: -2,9103830456733704E-11
-----------
Stasis (Release)
-----------
Hover
-----------
Algari Mana Potion
-----------
Glide
-----------
Time Dilation
-----------
Melee
	Dmg: 7261,94687852312
-----------
Rescue
-----------
Twin Guardian
-----------
Tip the Scales
-----------
Emerald Communion
-----------
Obsidian Scales
-----------
Take Off
-----------
Whirling Surge
-----------
Surge Forward
-----------
Shooting Star
-----------
Skyward Ascent
-----------
Voidglass Shards
