-----------
EssenceRegenDummy
-----------
Azure Strike
-----------
Blessing of the Bronze
-----------
Cauterizing Flame
-----------
Chrono Flames
-----------
Chrono Flame
-----------
Consume Flame
	Eff: -13378021,718720865
-----------
Deep Breath
-----------
Disintegrate
-----------
Dream Breath
	Eff: -15250102,38165524
-----------
Dream Breath (Echo)
-----------
Dream Flight
	Eff: -1859988,1005507044
-----------
Echo
	Eff: -800087,8066607717
-----------
Emerald Blossom
-----------
Engulf
-----------
Enkindle
-----------
Expunge
-----------
Fire Breath
-----------
Fluttering Seedlings
-----------
Golden Hour
	Eff: -3225280,630333476
-----------
Landslide
-----------
Lifebind
	Eff: -4509588,72270841
-----------
Life-Giver's Flame
-----------
Living Flame
	Dmg: -494511,4011753844
-----------
Naturalize
-----------
Oppressing Roar
-----------
Panacea
	Eff: -61220,28332296731
-----------
Rewind
-----------
Renewing Blaze
-----------
Reversion
	Eff: -15082285,731266454
-----------
Reversion (Echo)
	Eff: -54244522,76489441
-----------
Sleep Walk
-----------
Source of Magic
-----------
Spatial Paradox
-----------
Spiritbloom
	Eff: 813289,912521832
-----------
Spiritbloom (Echo)
	Eff: -775685,407120967
-----------
Stasis
-----------
Tail Swipe
-----------
Temporal Anomaly
	Eff: 47523609,95847832
-----------
Time Spiral
-----------
Unravel
-----------
Verdant Embrace
	Eff: -5155714,42147442
-----------
Zephyr
-----------
Leech
	Eff: -21161946,543231547
-----------
Blessing of Summer
-----------
Holy Bulwark
-----------
ZeroCIMDummy
-----------
Barrier of the Oathsworn
-----------
Voidglass Barrier
	Eff: 21060791,13705134
-----------
Stasis (Store)
-----------
Ethereal Reconstitution
	Eff: 4218361,581434685
-----------
Shattered Soul's Embrace
-----------
Ethereal Guard
	Eff: 7721758,019028722
-----------
Essence Bomb
-----------
Lightforged Blessing
	SupEff: -2,9103830456733704E-11
-----------
Stasis (Release)
-----------
Hover
-----------
Algari Mana Potion
-----------
Glide
-----------
Time Dilation
-----------
Melee
	Dmg: 1965,6156672144753
-----------
Rescue
-----------
Twin Guardian
-----------
Tip the Scales
-----------
Emerald Communion
-----------
Obsidian Scales
-----------
Take Off
-----------
Whirling Surge
-----------
Surge Forward
-----------
Shooting Star
-----------
Skyward Ascent
-----------
Voidglass Shards
