-----------
EssenceRegenDummy
-----------
Azure Strike
-----------
Blessing of the Bronze
-----------
Cauterizing Flame
-----------
Chrono Flames
-----------
Chrono Flame
-----------
Consume Flame
	Eff: -39027090,859997846
-----------
Deep Breath
-----------
Disintegrate
-----------
Dream Breath
	Eff: -24283910,079152532
-----------
Dream Breath (Echo)
-----------
Dream Flight
	Eff: -3300267,152155101
-----------
Echo
	Eff: -3861195,1171426564
-----------
Emerald Blossom
-----------
Engulf
-----------
Enkindle
-----------
Expunge
-----------
Fire Breath
-----------
Fluttering Seedlings
-----------
Golden Hour
	Eff: -3225280,630333476
-----------
Landslide
-----------
Lifebind
	Eff: -5355900,707305003
-----------
Life-Giver's Flame
-----------
Living Flame
	Dmg: 2882793,533525458
-----------
Naturalize
-----------
Oppressing Roar
-----------
Panacea
	Eff: -437104,39470465085
-----------
Rewind
-----------
Renewing Blaze
-----------
Reversion
	Eff: -10258285,187754149
-----------
Reversion (Echo)
	Eff: -36539672,71089907
-----------
Sleep Walk
-----------
Source of Magic
-----------
Spatial Paradox
-----------
Spiritbloom
	Eff: -788687,022924902
-----------
Spiritbloom (Echo)
	Eff: -6119151,013457029
-----------
Stasis
-----------
Tail Swipe
-----------
Temporal Anomaly
	Eff: 19459163,432992097
-----------
Time Spiral
-----------
Unravel
-----------
Verdant Embrace
	Eff: -4894496,280090888
-----------
Zephyr
-----------
Leech
	Eff: -20856596,549390547
-----------
Blessing of Summer
-----------
Holy Bulwark
-----------
ZeroCIMDummy
-----------
Barrier of the Oathsworn
-----------
Voidglass Barrier
	Eff: 35537234,09607479
-----------
Stasis (Store)
-----------
Ethereal Reconstitution
	Eff: 14424324,967530306
-----------
Shattered Soul's Embrace
-----------
Ethereal Guard
	Eff: 41255561,35987535
-----------
Essence Bomb
-----------
Lightforged Blessing
	SupEff: -2,9103830456733704E-11
-----------
Stasis (Release)
-----------
Hover
-----------
Algari Mana Potion
-----------
Glide
-----------
Time Dilation
-----------
Melee
	Dmg: 15231,24071710031
-----------
Rescue
-----------
Twin Guardian
-----------
Tip the Scales
-----------
Emerald Communion
-----------
Obsidian Scales
-----------
Take Off
-----------
Whirling Surge
-----------
Surge Forward
-----------
Shooting Star
-----------
Skyward Ascent
-----------
Voidglass Shards
