-----------
EssenceRegenDummy
-----------
Azure Strike
-----------
Blessing of the Bronze
-----------
Cauterizing Flame
-----------
Chrono Flames
-----------
Chrono Flame
-----------
Consume Flame
	Eff: -50425964,862360224
-----------
Deep Breath
-----------
Disintegrate
-----------
Dream Breath
	Eff: -27087891,418976407
-----------
Dream Breath (Echo)
-----------
Dream Flight
	Eff: -3758672,107005619
-----------
Echo
	Eff: -5572958,079250973
-----------
Emerald Blossom
-----------
Engulf
-----------
Enkindle
-----------
Expunge
-----------
Fire Breath
-----------
Fluttering Seedlings
-----------
Golden Hour
	Eff: -3225280,630333476
-----------
Landslide
-----------
Lifebind
	Eff: -5494022,075156815
-----------
Life-Giver's Flame
-----------
Living Flame
	Dmg: 4035914,7541176574
-----------
Naturalize
-----------
Oppressing Roar
-----------
Panacea
	Eff: -611303,1932862347
-----------
Rewind
-----------
Renewing Blaze
-----------
Reversion
	Eff: -4459399,010103327
-----------
Reversion (Echo)
	Eff: -15116420,367629193
-----------
Sleep Walk
-----------
Source of Magic
-----------
Spatial Paradox
-----------
Spiritbloom
	Eff: -1686675,7504679416
-----------
Spiritbloom (Echo)
	Eff: -8706299,172987957
-----------
Stasis
-----------
Tail Swipe
-----------
Temporal Anomaly
	Eff: -7186999,286802025
-----------
Time Spiral
-----------
Unravel
-----------
Verdant Embrace
	Eff: -3620197,2016235758
-----------
Zephyr
-----------
Leech
	Eff: -20279043,26785864
-----------
Blessing of Summer
-----------
Holy Bulwark
-----------
ZeroCIMDummy
-----------
Barrier of the Oathsworn
-----------
Voidglass Barrier
	Eff: 35537234,09607479
-----------
Stasis (Store)
-----------
Ethereal Reconstitution
	Eff: 17885595,64144826
-----------
Shattered Soul's Embrace
-----------
Ethereal Guard
	Eff: 53303191,67163028
-----------
Essence Bomb
-----------
Lightforged Blessing
	SupEff: -2,9103830456733704E-11
-----------
Stasis (Release)
-----------
Hover
-----------
Algari Mana Potion
-----------
Glide
-----------
Time Dilation
-----------
Melee
	Dmg: 21081,68811255172
-----------
Rescue
-----------
Twin Guardian
-----------
Tip the Scales
-----------
Emerald Communion
-----------
Obsidian Scales
-----------
Take Off
-----------
Whirling Surge
-----------
Surge Forward
-----------
Shooting Star
-----------
Skyward Ascent
-----------
Voidglass Shards
