-----------
EssenceRegenDummy
-----------
Azure Strike
-----------
Blessing of the Bronze
-----------
Cauterizing Flame
-----------
Chrono Flames
-----------
Chrono Flame
-----------
Consume Flame
	Eff: -16424318,46318752
-----------
Deep Breath
-----------
Disintegrate
-----------
Dream Breath
	Eff: -5459183,817519648
-----------
Dream Breath (Echo)
-----------
Dream Flight
	Eff: 2096477,149143408
-----------
Echo
	Eff: -791680,4607134863
-----------
Emerald Blossom
-----------
Engulf
-----------
Enkindle
-----------
Expunge
-----------
Fire Breath
-----------
Fluttering Seedlings
-----------
Golden Hour
	Eff: -3225280,630333476
-----------
Landslide
-----------
Lifebind
	Eff: -4175301,666396565
-----------
Life-Giver's Flame
-----------
Living Flame
	Dmg: 1774140,7275400194
-----------
Naturalize
-----------
Oppressing Roar
-----------
Panacea
	Eff: -97116,5559707463
-----------
Rewind
-----------
Renewing Blaze
-----------
Reversion
	Eff: -7815155,38021027
-----------
Reversion (Echo)
	Eff: -27142753,067943297
-----------
Sleep Walk
-----------
Source of Magic
-----------
Spatial Paradox
-----------
Spiritbloom
	Eff: -19958,677218898403
-----------
Spiritbloom (Echo)
	Eff: -2730739,960715372
-----------
Stasis
-----------
Tail Swipe
-----------
Temporal Anomaly
	Eff: 26082533,516034592
-----------
Time Spiral
-----------
Unravel
-----------
Verdant Embrace
	Eff: -2673647,7075366788
-----------
Zephyr
-----------
Leech
	Eff: -19676844,578048103
-----------
Blessing of Summer
-----------
Holy Bulwark
-----------
ZeroCIMDummy
-----------
Barrier of the Oathsworn
-----------
Voidglass Barrier
	Eff: 28659585,777849562
-----------
Stasis (Store)
-----------
Ethereal Reconstitution
	Eff: 11064006,706041088
-----------
Shattered Soul's Embrace
-----------
Ethereal Guard
	Eff: 31047643,41919656
-----------
Essence Bomb
-----------
Lightforged Blessing
	SupEff: -2,9103830456733704E-11
-----------
Stasis (Release)
-----------
Hover
-----------
Algari Mana Potion
-----------
Glide
-----------
Time Dilation
-----------
Melee
	Dmg: 11444,723133161175
-----------
Rescue
-----------
Twin Guardian
-----------
Tip the Scales
-----------
Emerald Communion
-----------
Obsidian Scales
-----------
Take Off
-----------
Whirling Surge
-----------
Surge Forward
-----------
Shooting Star
-----------
Skyward Ascent
-----------
Voidglass Shards
