-----------
EssenceRegenDummy
-----------
Azure Strike
-----------
Blessing of the Bronze
-----------
Cauterizing Flame
-----------
Chrono Flames
-----------
Chrono Flame
-----------
Consume Flame
	Eff: -59727024,00510574
-----------
Deep Breath
-----------
Disintegrate
-----------
Dream Breath
	Eff: -50961659,703113325
-----------
Dream Breath (Echo)
-----------
Dream Flight
	Eff: -11745512,6090599
-----------
Echo
	Eff: -6752205,817425845
-----------
Emerald Blossom
-----------
Engulf
-----------
Enkindle
-----------
Expunge
-----------
Fire Breath
-----------
Fluttering Seedlings
-----------
Golden Hour
	Eff: -3225280,630333476
-----------
Landslide
-----------
Lifebind
	Eff: -6946884,060920511
-----------
Life-Giver's Flame
-----------
Living Flame
	Dmg: 2712630,528894712
-----------
Naturalize
-----------
Oppressing Roar
-----------
Panacea
	Eff: -746927,7516327923
-----------
Rewind
-----------
Renewing Blaze
-----------
Reversion
	Eff: -21129224,675448794
-----------
Reversion (Echo)
	Eff: -71958910,97499174
-----------
Sleep Walk
-----------
Source of Magic
-----------
Spatial Paradox
-----------
Spiritbloom
	Eff: -900048,0213524147
-----------
Spiritbloom (Echo)
	Eff: -8181682,633354257
-----------
Stasis
-----------
Tail Swipe
-----------
Temporal Anomaly
	Eff: 36967890,6214357
-----------
Time Spiral
-----------
Unravel
-----------
Verdant Embrace
	Eff: -9633387,8294086
-----------
Zephyr
-----------
Leech
	Eff: -23348371,832035337
-----------
Blessing of Summer
-----------
Holy Bulwark
-----------
ZeroCIMDummy
-----------
Barrier of the Oathsworn
-----------
Voidglass Barrier
	Eff: 41934969,34348534
-----------
Stasis (Store)
-----------
Ethereal Reconstitution
	Eff: 13943811,26684074
-----------
Shattered Soul's Embrace
-----------
Ethereal Guard
	Eff: 38703554,172480516
-----------
Essence Bomb
-----------
Lightforged Blessing
	SupEff: -2,9103830456733704E-11
-----------
Stasis (Release)
-----------
Hover
-----------
Algari Mana Potion
-----------
Glide
-----------
Time Dilation
-----------
Melee
	Dmg: 12657,865153442768
-----------
Rescue
-----------
Twin Guardian
-----------
Tip the Scales
-----------
Emerald Communion
-----------
Obsidian Scales
-----------
Take Off
-----------
Whirling Surge
-----------
Surge Forward
-----------
Shooting Star
-----------
Skyward Ascent
-----------
Voidglass Shards
