-----------
EssenceRegenDummy
-----------
Azure Strike
-----------
Blessing of the Bronze
-----------
Cauterizing Flame
-----------
Chrono Flames
-----------
Chrono Flame
-----------
Consume Flame
	Eff: -67879441,26520126
-----------
Deep Breath
-----------
Disintegrate
-----------
Dream Breath
	Eff: -49684080,58246354
-----------
Dream Breath (Echo)
-----------
Dream Flight
	Eff: -10881671,868892848
-----------
Echo
	Eff: -7956050,130950559
-----------
Emerald Blossom
-----------
Engulf
-----------
Enkindle
-----------
Expunge
-----------
Fire Breath
-----------
Fluttering Seedlings
-----------
Golden Hour
	Eff: -3225280,630333476
-----------
Landslide
-----------
Lifebind
	Eff: -6873125,383016938
-----------
Life-Giver's Flame
-----------
Living Flame
	Dmg: 3914086,034364464
-----------
Naturalize
-----------
Oppressing Roar
-----------
Panacea
	Eff: -868693,6192151306
-----------
Rewind
-----------
Renewing Blaze
-----------
Reversion
	Eff: -13719833,578201966
-----------
Reversion (Echo)
	Eff: -48209499,854852535
-----------
Sleep Walk
-----------
Source of Magic
-----------
Spatial Paradox
-----------
Spiritbloom
	Eff: -1756677,2793155815
-----------
Spiritbloom (Echo)
	Eff: -10386189,476162238
-----------
Stasis
-----------
Tail Swipe
-----------
Temporal Anomaly
	Eff: 9204826,055770835
-----------
Time Spiral
-----------
Unravel
-----------
Verdant Embrace
	Eff: -7698434,2779112775
-----------
Zephyr
-----------
Leech
	Eff: -22463032,867215913
-----------
Blessing of Summer
-----------
Holy Bulwark
-----------
ZeroCIMDummy
-----------
Barrier of the Oathsworn
-----------
Voidglass Barrier
	Eff: 41934969,34348534
-----------
Stasis (Store)
-----------
Ethereal Reconstitution
	Eff: 17550164,72980454
-----------
Shattered Soul's Embrace
-----------
Ethereal Guard
	Eff: 50751184,48423541
-----------
Essence Bomb
-----------
Lightforged Blessing
	SupEff: -2,9103830456733704E-11
-----------
Stasis (Release)
-----------
Hover
-----------
Algari Mana Potion
-----------
Glide
-----------
Time Dilation
-----------
Melee
	Dmg: 18753,540185003112
-----------
Rescue
-----------
Twin Guardian
-----------
Tip the Scales
-----------
Emerald Communion
-----------
Obsidian Scales
-----------
Take Off
-----------
Whirling Surge
-----------
Surge Forward
-----------
Shooting Star
-----------
Skyward Ascent
-----------
Voidglass Shards
