-----------
EssenceRegenDummy
-----------
Azure Strike
-----------
Blessing of the Bronze
-----------
Cauterizing Flame
-----------
Chrono Flames
-----------
Chrono Flame
-----------
Consume Flame
	Eff: 6741844,221775754
-----------
Deep Breath
-----------
Disintegrate
-----------
Dream Breath
	Eff: 16584390,819815647
-----------
Dream Breath (Echo)
-----------
Dream Flight
	Eff: 7064833,250123391
-----------
Echo
	Eff: 802070,1950127154
-----------
Emerald Blossom
-----------
Engulf
-----------
Enkindle
-----------
Expunge
-----------
Fire Breath
-----------
Fluttering Seedlings
-----------
Golden Hour
	Eff: -3225280,630333476
-----------
Landslide
-----------
Lifebind
	Eff: -2073659,259966142
-----------
Life-Giver's Flame
-----------
Living Flame
	Dmg: -1405161,451040168
-----------
Naturalize
-----------
Oppressing Roar
-----------
Panacea
	Eff: 286958,8584656088
-----------
Rewind
-----------
Renewing Blaze
-----------
Reversion
	Eff: 7989905,235839556
-----------
Reversion (Echo)
	Eff: 30269990,472859886
-----------
Sleep Walk
-----------
Source of Magic
-----------
Spatial Paradox
-----------
Spiritbloom
	Eff: -58194,64898213852
-----------
Spiritbloom (Echo)
	Eff: -47956,06343503995
-----------
Stasis
-----------
Tail Swipe
-----------
Temporal Anomaly
	Eff: -26447912,975957908
-----------
Time Spiral
-----------
Unravel
-----------
Verdant Embrace
	Eff: 4965198,786686035
-----------
Zephyr
-----------
Leech
	Eff: -17014584,53750154
-----------
Blessing of Summer
-----------
Holy Bulwark
-----------
ZeroCIMDummy
-----------
Barrier of the Oathsworn
-----------
Voidglass Barrier
	Eff: -1864703,257032736
-----------
Stasis (Store)
-----------
Ethereal Reconstitution
	Eff: 1376484,1727229632
-----------
Shattered Soul's Embrace
-----------
Ethereal Guard
	Eff: 9838255,81869744
-----------
Essence Bomb
-----------
Lightforged Blessing
	SupEff: -2,9103830456733704E-11
-----------
Stasis (Release)
-----------
Hover
-----------
Algari Mana Potion
-----------
Glide
-----------
Time Dilation
-----------
Melee
	Dmg: 3473,0838906163935
-----------
Rescue
-----------
Twin Guardian
-----------
Tip the Scales
-----------
Emerald Communion
-----------
Obsidian Scales
-----------
Take Off
-----------
Whirling Surge
-----------
Surge Forward
-----------
Shooting Star
-----------
Skyward Ascent
-----------
Voidglass Shards
