-----------
EssenceRegenDummy
-----------
Azure Strike
-----------
Blessing of the Bronze
-----------
Cauterizing Flame
-----------
Chrono Flames
-----------
Chrono Flame
-----------
Consume Flame
	Eff: 5354815,112786733
-----------
Deep Breath
-----------
Disintegrate
-----------
Dream Breath
	Eff: 12366635,572887646
-----------
Dream Breath (Echo)
-----------
Dream Flight
	Eff: 6208758,469233715
-----------
Echo
	Eff: 1116147,903533398
-----------
Emerald Blossom
-----------
Engulf
-----------
Enkindle
-----------
Expunge
-----------
Fire Breath
-----------
Fluttering Seedlings
-----------
Golden Hour
	Eff: -3225280,630333476
-----------
Landslide
-----------
Lifebind
	Eff: -2603216,312479599
-----------
Life-Giver's Flame
-----------
Living Flame
	Dmg: -986144,8060830878
-----------
Naturalize
-----------
Oppressing Roar
-----------
Panacea
	Eff: 250423,12467502727
-----------
Rewind
-----------
Renewing Blaze
-----------
Reversion
	Eff: 1055004,088191148
-----------
Reversion (Echo)
	Eff: 5242988,022046906
-----------
Sleep Walk
-----------
Source of Magic
-----------
Spatial Paradox
-----------
Spiritbloom
	Eff: 336340,8086751136
-----------
Spiritbloom (Echo)
	Eff: 357786,3746835741
-----------
Stasis
-----------
Tail Swipe
-----------
Temporal Anomaly
	Eff: -1790738,6644792028
-----------
Time Spiral
-----------
Unravel
-----------
Verdant Embrace
	Eff: 2422555,375044851
-----------
Zephyr
-----------
Leech
	Eff: -17951367,774838295
-----------
Blessing of Summer
-----------
Holy Bulwark
-----------
ZeroCIMDummy
-----------
Barrier of the Oathsworn
-----------
Voidglass Barrier
	Eff: 5777128,207661958
-----------
Stasis (Store)
-----------
Ethereal Reconstitution
	Eff: 2670367,4840339646
-----------
Shattered Soul's Embrace
-----------
Ethereal Guard
	Eff: 9132756,552141204
-----------
Essence Bomb
-----------
Lightforged Blessing
	SupEff: -2,9103830456733704E-11
-----------
Stasis (Release)
-----------
Hover
-----------
Algari Mana Potion
-----------
Glide
-----------
Time Dilation
-----------
Melee
	Dmg: 3556,423121594915
-----------
Rescue
-----------
Twin Guardian
-----------
Tip the Scales
-----------
Emerald Communion
-----------
Obsidian Scales
-----------
Take Off
-----------
Whirling Surge
-----------
Surge Forward
-----------
Shooting Star
-----------
Skyward Ascent
-----------
Voidglass Shards
