-----------
EssenceRegenDummy
-----------
Azure Strike
-----------
Blessing of the Bronze
-----------
Cauterizing Flame
-----------
Chrono Flames
-----------
Chrono Flame
-----------
Consume Flame
	Eff: 1125602,2834714854
-----------
Deep Breath
-----------
Disintegrate
-----------
Dream Breath
	Eff: 21914948,75381225
-----------
Dream Breath (Echo)
-----------
Dream Flight
	Eff: 9587560,812900767
-----------
Echo
	Eff: 467880,62382990867
-----------
Emerald Blossom
-----------
Engulf
-----------
Enkindle
-----------
Expunge
-----------
Fire Breath
-----------
Fluttering Seedlings
-----------
Golden Hour
	Eff: -3225280,630333476
-----------
Landslide
-----------
Lifebind
	Eff: -1939258,4870546423
-----------
Life-Giver's Flame
-----------
Living Flame
	Dmg: 847755,1616039993
-----------
Naturalize
-----------
Oppressing Roar
-----------
Panacea
	Eff: 191969,01892804162
-----------
Rewind
-----------
Renewing Blaze
-----------
Reversion
	Eff: 13812916,472694246
-----------
Reversion (Echo)
	Eff: 53161445,15655231
-----------
Sleep Walk
-----------
Source of Magic
-----------
Spatial Paradox
-----------
Spiritbloom
	Eff: -784036,9444491683
-----------
Spiritbloom (Echo)
	Eff: -2159525,7291464554
-----------
Stasis
-----------
Tail Swipe
-----------
Temporal Anomaly
	Eff: -40534816,15754757
-----------
Time Spiral
-----------
Unravel
-----------
Verdant Embrace
	Eff: 6083428,1498264875
-----------
Zephyr
-----------
Leech
	Eff: -15917594,592001671
-----------
Blessing of Summer
-----------
Holy Bulwark
-----------
ZeroCIMDummy
-----------
Barrier of the Oathsworn
-----------
Voidglass Barrier
	Eff: 5777128,207661958
-----------
Stasis (Store)
-----------
Ethereal Reconstitution
	Eff: 8175100,259478427
-----------
Shattered Soul's Embrace
-----------
Ethereal Guard
	Eff: 32933760,228305463
-----------
Essence Bomb
-----------
Lightforged Blessing
	SupEff: -2,9103830456733704E-11
-----------
Stasis (Release)
-----------
Hover
-----------
Algari Mana Potion
-----------
Glide
-----------
Time Dilation
-----------
Melee
	Dmg: 12860,852784213792
-----------
Rescue
-----------
Twin Guardian
-----------
Tip the Scales
-----------
Emerald Communion
-----------
Obsidian Scales
-----------
Take Off
-----------
Whirling Surge
-----------
Surge Forward
-----------
Shooting Star
-----------
Skyward Ascent
-----------
Voidglass Shards
