-----------
EssenceRegenDummy
-----------
Azure Strike
-----------
Blessing of the Bronze
-----------
Cauterizing Flame
-----------
Chrono Flames
-----------
Chrono Flame
-----------
Consume Flame
	Eff: 4056299,67913868
-----------
Deep Breath
-----------
Disintegrate
-----------
Dream Breath
	Eff: 15307305,17319483
-----------
Dream Breath (Echo)
-----------
Dream Flight
	Eff: 7801661,921633738
-----------
Echo
	Eff: 1435690,0800427734
-----------
Emerald Blossom
-----------
Engulf
-----------
Enkindle
-----------
Expunge
-----------
Fire Breath
-----------
Fluttering Seedlings
-----------
Golden Hour
	Eff: -3223305,461350629
-----------
Landslide
-----------
Lifebind
	Eff: -2654231,624517469
-----------
Life-Giver's Flame
-----------
Living Flame
	Dmg: 304985,6475238262
-----------
Naturalize
-----------
Oppressing Roar
-----------
Panacea
	Eff: 223272,0677371121
-----------
Rewind
-----------
Renewing Blaze
-----------
Reversion
	Eff: 1365562,8598200157
-----------
Reversion (Echo)
	Eff: 5340343,407127136
-----------
Sleep Walk
-----------
Source of Magic
-----------
Spatial Paradox
-----------
Spiritbloom
	Eff: 212691,38394854678
-----------
Spiritbloom (Echo)
	Eff: -190394,44424483436
-----------
Stasis
-----------
Tail Swipe
-----------
Temporal Anomaly
	Eff: 3109049,5449412162
-----------
Time Spiral
-----------
Unravel
-----------
Verdant Embrace
	Eff: 2134971,711444772
-----------
Zephyr
-----------
Leech
	Eff: -17699616,585163023
-----------
Blessing of Summer
-----------
Holy Bulwark
-----------
ZeroCIMDummy
-----------
Barrier of the Oathsworn
-----------
Voidglass Barrier
	Eff: 13418959,672356643
-----------
Stasis (Store)
-----------
Ethereal Reconstitution
	Eff: 6578152,51297087
-----------
Shattered Soul's Embrace
-----------
Ethereal Guard
	Eff: 20477217,725893438
-----------
Essence Bomb
-----------
Lightforged Blessing
	SupEff: -2,9103830456733704E-11
-----------
Stasis (Release)
-----------
Hover
-----------
Algari Mana Potion
-----------
Glide
-----------
Time Dilation
-----------
Melee
	Dmg: 8057,503713438726
-----------
Rescue
-----------
Twin Guardian
-----------
Tip the Scales
-----------
Emerald Communion
-----------
Obsidian Scales
-----------
Take Off
-----------
Whirling Surge
-----------
Surge Forward
-----------
Shooting Star
-----------
Skyward Ascent
-----------
Voidglass Shards
