-----------
EssenceRegenDummy
-----------
Azure Strike
-----------
Blessing of the Bronze
-----------
Cauterizing Flame
-----------
Chrono Flames
-----------
Chrono Flame
-----------
Consume Flame
	Eff: -18976350,052516285
-----------
Deep Breath
-----------
Disintegrate
-----------
Dream Breath
	Eff: -17079017,820288863
-----------
Dream Breath (Echo)
-----------
Dream Flight
	Eff: -1864714,597497525
-----------
Echo
	Eff: -1192489,3343959681
-----------
Emerald Blossom
-----------
Engulf
-----------
Enkindle
-----------
Expunge
-----------
Fire Breath
-----------
Fluttering Seedlings
-----------
Golden Hour
	Eff: -3225280,630333476
-----------
Landslide
-----------
Lifebind
	Eff: -4779347,580027155
-----------
Life-Giver's Flame
-----------
Living Flame
	Dmg: 672979,4896987893
-----------
Naturalize
-----------
Oppressing Roar
-----------
Panacea
	Eff: -145141,56534909847
-----------
Rewind
-----------
Renewing Blaze
-----------
Reversion
	Eff: -15116558,25293987
-----------
Reversion (Echo)
	Eff: -56081251,107429855
-----------
Sleep Walk
-----------
Source of Magic
-----------
Spatial Paradox
-----------
Spiritbloom
	Eff: 554970,4552213333
-----------
Spiritbloom (Echo)
	Eff: -1892629,4129569225
-----------
Stasis
-----------
Tail Swipe
-----------
Temporal Anomaly
	Eff: 49971994,312104486
-----------
Time Spiral
-----------
Unravel
-----------
Verdant Embrace
	Eff: -5791982,06593437
-----------
Zephyr
-----------
Leech
	Eff: -21224515,792699907
-----------
Blessing of Summer
-----------
Holy Bulwark
-----------
ZeroCIMDummy
-----------
Barrier of the Oathsworn
-----------
Voidglass Barrier
	Eff: 28659585,777849562
-----------
Stasis (Store)
-----------
Ethereal Reconstitution
	Eff: 7758701,91090632
-----------
Shattered Soul's Embrace
-----------
Ethereal Guard
	Eff: 19000013,10744164
-----------
Essence Bomb
-----------
Lightforged Blessing
	SupEff: -2,9103830456733704E-11
-----------
Stasis (Release)
-----------
Hover
-----------
Algari Mana Potion
-----------
Glide
-----------
Time Dilation
-----------
Melee
	Dmg: 5857,898625160386
-----------
Rescue
-----------
Twin Guardian
-----------
Tip the Scales
-----------
Emerald Communion
-----------
Obsidian Scales
-----------
Take Off
-----------
Whirling Surge
-----------
Surge Forward
-----------
Shooting Star
-----------
Skyward Ascent
-----------
Voidglass Shards
