-----------
EssenceRegenDummy
-----------
Azure Strike
-----------
Blessing of the Bronze
-----------
Cauterizing Flame
-----------
Chrono Flames
-----------
Chrono Flame
-----------
Consume Flame
	Eff: 7964385,57257582
-----------
Deep Breath
-----------
Disintegrate
-----------
Dream Breath
	Eff: 22328285,235411733
-----------
Dream Breath (Echo)
-----------
Dream Flight
	Eff: 9592280,19096249
-----------
Echo
	Eff: 1533444,7695115616
-----------
Emerald Blossom
-----------
Engulf
-----------
Enkindle
-----------
Expunge
-----------
Fire Breath
-----------
Fluttering Seedlings
-----------
Golden Hour
	Eff: -3223305,461350629
-----------
Landslide
-----------
Lifebind
	Eff: -2002263,6574598453
-----------
Life-Giver's Flame
-----------
Living Flame
	Dmg: -56323,28445500671
-----------
Naturalize
-----------
Oppressing Roar
-----------
Panacea
	Eff: 294338,38050881913
-----------
Rewind
-----------
Renewing Blaze
-----------
Reversion
	Eff: 8490638,515557988
-----------
Reversion (Echo)
	Eff: 31212162,89804963
-----------
Sleep Walk
-----------
Source of Magic
-----------
Spatial Paradox
-----------
Spiritbloom
	Eff: -107310,16773460555
-----------
Spiritbloom (Echo)
	Eff: -262445,81092065386
-----------
Stasis
-----------
Tail Swipe
-----------
Temporal Anomaly
	Eff: -20391292,582866192
-----------
Time Spiral
-----------
Unravel
-----------
Verdant Embrace
	Eff: 4920372,604529863
-----------
Zephyr
-----------
Leech
	Eff: -16582654,884898111
-----------
Blessing of Summer
-----------
Holy Bulwark
-----------
ZeroCIMDummy
-----------
Barrier of the Oathsworn
-----------
Voidglass Barrier
	Eff: 5777128,207661958
-----------
Stasis (Store)
-----------
Ethereal Reconstitution
	Eff: 5457551,143084759
-----------
Shattered Soul's Embrace
-----------
Ethereal Guard
	Eff: 21182580,559032377
-----------
Essence Bomb
-----------
Lightforged Blessing
	SupEff: -2,9103830456733704E-11
-----------
Stasis (Release)
-----------
Hover
-----------
Algari Mana Potion
-----------
Glide
-----------
Time Dilation
-----------
Melee
	Dmg: 8267,081322808626
-----------
Rescue
-----------
Twin Guardian
-----------
Tip the Scales
-----------
Emerald Communion
-----------
Obsidian Scales
-----------
Take Off
-----------
Whirling Surge
-----------
Surge Forward
-----------
Shooting Star
-----------
Skyward Ascent
-----------
Voidglass Shards
