-----------
EssenceRegenDummy
-----------
Azure Strike
-----------
Blessing of the Bronze
-----------
Cauterizing Flame
-----------
Chrono Flames
-----------
Chrono Flame
-----------
Consume Flame
	Eff: -15785187,06540682
-----------
Deep Breath
-----------
Disintegrate
-----------
Dream Breath
	Eff: 7310308,352964216
-----------
Dream Breath (Echo)
-----------
Dream Flight
	Eff: 6232769,989549798
-----------
Echo
	Eff: -1102326,403283986
-----------
Emerald Blossom
-----------
Engulf
-----------
Enkindle
-----------
Expunge
-----------
Fire Breath
-----------
Fluttering Seedlings
-----------
Golden Hour
	Eff: -3225280,630333476
-----------
Landslide
-----------
Lifebind
	Eff: -3196758,280357057
-----------
Life-Giver's Flame
-----------
Living Flame
	Dmg: 2636994,817518671
-----------
Naturalize
-----------
Oppressing Roar
-----------
Panacea
	Eff: -82883,80541731966
-----------
Rewind
-----------
Renewing Blaze
-----------
Reversion
	Eff: 6286518,457138868
-----------
Reversion (Echo)
	Eff: 24803341,833196133
-----------
Sleep Walk
-----------
Source of Magic
-----------
Spatial Paradox
-----------
Spiritbloom
	Eff: -987606,3705348958
-----------
Spiritbloom (Echo)
	Eff: -4266136,267338002
-----------
Stasis
-----------
Tail Swipe
-----------
Temporal Anomaly
	Eff: -20154785,62945679
-----------
Time Spiral
-----------
Unravel
-----------
Verdant Embrace
	Eff: 2183116,241232232
-----------
Zephyr
-----------
Leech
	Eff: -17396533,586251263
-----------
Blessing of Summer
-----------
Holy Bulwark
-----------
ZeroCIMDummy
-----------
Barrier of the Oathsworn
-----------
Voidglass Barrier
	Eff: 21062192,279600788
-----------
Stasis (Store)
-----------
Ethereal Reconstitution
	Eff: 13618065,69531734
-----------
Shattered Soul's Embrace
-----------
Ethereal Guard
	Eff: 43866728,55294498
-----------
Essence Bomb
-----------
Lightforged Blessing
	SupEff: -2,9103830456733704E-11
-----------
Stasis (Release)
-----------
Hover
-----------
Algari Mana Potion
-----------
Glide
-----------
Time Dilation
-----------
Melee
	Dmg: 17853,173904205833
-----------
Rescue
-----------
Twin Guardian
-----------
Tip the Scales
-----------
Emerald Communion
-----------
Obsidian Scales
-----------
Take Off
-----------
Whirling Surge
-----------
Surge Forward
-----------
Shooting Star
-----------
Skyward Ascent
-----------
Voidglass Shards
