-----------
EssenceRegenDummy
-----------
Azure Strike
-----------
Blessing of the Bronze
-----------
Cauterizing Flame
-----------
Chrono Flames
-----------
Chrono Flame
-----------
Consume Flame
	Eff: -5467338,340706238
-----------
Deep Breath
-----------
Disintegrate
-----------
Dream Breath
	Eff: 9848370,909422819
-----------
Dream Breath (Echo)
-----------
Dream Flight
	Eff: 6647701,585233781
-----------
Echo
	Eff: 447099,5568519657
-----------
Emerald Blossom
-----------
Engulf
-----------
Enkindle
-----------
Expunge
-----------
Fire Breath
-----------
Fluttering Seedlings
-----------
Golden Hour
	Eff: -3225280,630333476
-----------
Landslide
-----------
Lifebind
	Eff: -3150436,0368244164
-----------
Life-Giver's Flame
-----------
Living Flame
	Dmg: 1593231,1692103678
-----------
Naturalize
-----------
Oppressing Roar
-----------
Panacea
	Eff: 74794,6504912969
-----------
Rewind
-----------
Renewing Blaze
-----------
Reversion
	Eff: 257650,577501112
-----------
Reversion (Echo)
	Eff: 2848179,745090271
-----------
Sleep Walk
-----------
Source of Magic
-----------
Spatial Paradox
-----------
Spiritbloom
	Eff: -174779,43294831755
-----------
Spiritbloom (Echo)
	Eff: -1924343,2680561894
-----------
Stasis
-----------
Tail Swipe
-----------
Temporal Anomaly
	Eff: 3964357,715720462
-----------
Time Spiral
-----------
Unravel
-----------
Verdant Embrace
	Eff: 1029666,7760546901
-----------
Zephyr
-----------
Leech
	Eff: -17985196,999855623
-----------
Blessing of Summer
-----------
Holy Bulwark
-----------
ZeroCIMDummy
-----------
Barrier of the Oathsworn
-----------
Voidglass Barrier
	Eff: 21062192,279600788
-----------
Stasis (Store)
-----------
Ethereal Reconstitution
	Eff: 10485048,591932682
-----------
Shattered Soul's Embrace
-----------
Ethereal Guard
	Eff: 31819098,241190042
-----------
Essence Bomb
-----------
Lightforged Blessing
	SupEff: -2,9103830456733704E-11
-----------
Stasis (Release)
-----------
Hover
-----------
Algari Mana Potion
-----------
Glide
-----------
Time Dilation
-----------
Melee
	Dmg: 12557,560391364474
-----------
Rescue
-----------
Twin Guardian
-----------
Tip the Scales
-----------
Emerald Communion
-----------
Obsidian Scales
-----------
Take Off
-----------
Whirling Surge
-----------
Surge Forward
-----------
Shooting Star
-----------
Skyward Ascent
-----------
Voidglass Shards
