-----------
EssenceRegenDummy
-----------
Azure Strike
-----------
Blessing of the Bronze
-----------
Cauterizing Flame
-----------
Chrono Flames
-----------
Chrono Flame
-----------
Consume Flame
	Eff: -33454285,118948348
-----------
Deep Breath
-----------
Disintegrate
-----------
Dream Breath
	Eff: -3604102,424987466
-----------
Dream Breath (Echo)
-----------
Dream Flight
	Eff: 3126131,968214809
-----------
Echo
	Eff: -3800523,2454177975
-----------
Emerald Blossom
-----------
Engulf
-----------
Enkindle
-----------
Expunge
-----------
Fire Breath
-----------
Fluttering Seedlings
-----------
Golden Hour
	Eff: -3225280,630333476
-----------
Landslide
-----------
Lifebind
	Eff: -3798524,053588609
-----------
Life-Giver's Flame
-----------
Living Flame
	Dmg: 3655007,737962576
-----------
Naturalize
-----------
Oppressing Roar
-----------
Panacea
	Eff: -357183,5610377887
-----------
Rewind
-----------
Renewing Blaze
-----------
Reversion
	Eff: 9642806,10552984
-----------
Reversion (Echo)
	Eff: 37273025,870265774
-----------
Sleep Walk
-----------
Source of Magic
-----------
Spatial Paradox
-----------
Spiritbloom
	Eff: -1954409,73180719
-----------
Spiritbloom (Echo)
	Eff: -7565257,321382347
-----------
Stasis
-----------
Tail Swipe
-----------
Temporal Anomaly
	Eff: -44277518,88310365
-----------
Time Spiral
-----------
Unravel
-----------
Verdant Embrace
	Eff: 2146485,3360925494
-----------
Zephyr
-----------
Leech
	Eff: -17511355,651761744
-----------
Blessing of Summer
-----------
Holy Bulwark
-----------
ZeroCIMDummy
-----------
Barrier of the Oathsworn
-----------
Voidglass Barrier
	Eff: 21060791,13705134
-----------
Stasis (Store)
-----------
Ethereal Reconstitution
	Eff: 16673781,402590543
-----------
Shattered Soul's Embrace
-----------
Ethereal Guard
	Eff: 55618022,31870279
-----------
Essence Bomb
-----------
Lightforged Blessing
	SupEff: -2,9103830456733704E-11
-----------
Stasis (Release)
-----------
Hover
-----------
Algari Mana Potion
-----------
Glide
-----------
Time Dilation
-----------
Melee
	Dmg: 23018,51366823985
-----------
Rescue
-----------
Twin Guardian
-----------
Tip the Scales
-----------
Emerald Communion
-----------
Obsidian Scales
-----------
Take Off
-----------
Whirling Surge
-----------
Surge Forward
-----------
Shooting Star
-----------
Skyward Ascent
-----------
Voidglass Shards
