-----------
EssenceRegenDummy
-----------
Azure Strike
-----------
Blessing of the Bronze
-----------
Cauterizing Flame
-----------
Chrono Flames
-----------
Chrono Flame
-----------
Consume Flame
	Eff: -3328348,1079519377
-----------
Deep Breath
-----------
Disintegrate
-----------
Dream Breath
	Eff: 5458360,9534534775
-----------
Dream Breath (Echo)
-----------
Dream Flight
	Eff: -337001,7332389554
-----------
Echo
	Eff: 821913,7130882256
-----------
Emerald Blossom
-----------
Engulf
-----------
Enkindle
-----------
Expunge
-----------
Fire Breath
-----------
Fluttering Seedlings
-----------
Golden Hour
	Eff: 6998572,026813079
-----------
Landslide
-----------
Lifebind
	Eff: 6738288,792763798
-----------
Life-Giver's Flame
-----------
Living Flame
	Dmg: 8381846,508824011
-----------
Naturalize
-----------
Oppressing Roar
-----------
Panacea
	Eff: -416319,97244912916
-----------
Rewind
-----------
Renewing Blaze
-----------
Reversion
	Eff: 7292155,744171449
-----------
Reversion (Echo)
	Eff: 28661747,777527004
-----------
Sleep Walk
-----------
Source of Magic
-----------
Spatial Paradox
-----------
Spiritbloom
	Eff: -1195205,0852550184
-----------
Spiritbloom (Echo)
	Eff: -1634709,7357201704
-----------
Stasis
-----------
Tail Swipe
-----------
Temporal Anomaly
	Eff: 5370712,626921144
-----------
Time Spiral
-----------
Unravel
-----------
Verdant Embrace
	Eff: -2204616,3361109975
-----------
Zephyr
-----------
Leech
	Eff: -17184770,53027206
-----------
Blessing of Summer
-----------
Holy Bulwark
-----------
ZeroCIMDummy
-----------
Barrier of the Oathsworn
-----------
Voidglass Barrier
	Eff: 13418959,672356643
-----------
Stasis (Store)
-----------
Ethereal Reconstitution
	Eff: 10732024,304040523
-----------
Shattered Soul's Embrace
-----------
Ethereal Guard
	Eff: 32536078,92362777
-----------
Essence Bomb
-----------
Lightforged Blessing
	SupEff: -2,9103830456733704E-11
-----------
Stasis (Release)
-----------
Hover
-----------
Algari Mana Potion
-----------
Glide
-----------
Time Dilation
-----------
Melee
	Dmg: 12842,032944535542
-----------
Rescue
-----------
Twin Guardian
-----------
Tip the Scales
-----------
Emerald Communion
-----------
Obsidian Scales
-----------
Take Off
-----------
Whirling Surge
-----------
Surge Forward
-----------
Shooting Star
-----------
Skyward Ascent
-----------
Voidglass Shards
