-----------
EssenceRegenDummy
-----------
Azure Strike
-----------
Blessing of the Bronze
-----------
Cauterizing Flame
-----------
Chrono Flames
-----------
Chrono Flame
-----------
Consume Flame
	Eff: -12288709,315706287
-----------
Deep Breath
-----------
Disintegrate
-----------
Dream Breath
	Eff: -7595679,8081608135
-----------
Dream Breath (Echo)
-----------
Dream Flight
	Eff: -3992335,728051895
-----------
Echo
	Eff: -62310,63734930626
-----------
Emerald Blossom
-----------
Engulf
-----------
Enkindle
-----------
Expunge
-----------
Fire Breath
-----------
Fluttering Seedlings
-----------
Golden Hour
	Eff: 6998572,026813079
-----------
Landslide
-----------
Lifebind
	Eff: 5744499,838238887
-----------
Life-Giver's Flame
-----------
Living Flame
	Dmg: 8717827,369712655
-----------
Naturalize
-----------
Oppressing Roar
-----------
Panacea
	Eff: -550963,0500343093
-----------
Rewind
-----------
Renewing Blaze
-----------
Reversion
	Eff: -796069,0351030154
-----------
Reversion (Echo)
	Eff: -1936470,8742837987
-----------
Sleep Walk
-----------
Source of Magic
-----------
Spatial Paradox
-----------
Spiritbloom
	Eff: -989642,9693483503
-----------
Spiritbloom (Echo)
	Eff: -2166088,9791851174
-----------
Stasis
-----------
Tail Swipe
-----------
Temporal Anomaly
	Eff: 29003479,389664587
-----------
Time Spiral
-----------
Unravel
-----------
Verdant Embrace
	Eff: -5528451,667257549
-----------
Zephyr
-----------
Leech
	Eff: -18753483,870673127
-----------
Blessing of Summer
-----------
Holy Bulwark
-----------
ZeroCIMDummy
-----------
Barrier of the Oathsworn
-----------
Voidglass Barrier
	Eff: 21060791,13705134
-----------
Stasis (Store)
-----------
Ethereal Reconstitution
	Eff: 11554213,438840427
-----------
Shattered Soul's Embrace
-----------
Ethereal Guard
	Eff: 32536785,135245267
-----------
Essence Bomb
-----------
Lightforged Blessing
	SupEff: -2,9103830456733704E-11
-----------
Stasis (Release)
-----------
Hover
-----------
Algari Mana Potion
-----------
Glide
-----------
Time Dilation
-----------
Melee
	Dmg: 11997,104267645564
-----------
Rescue
-----------
Twin Guardian
-----------
Tip the Scales
-----------
Emerald Communion
-----------
Obsidian Scales
-----------
Take Off
-----------
Whirling Surge
-----------
Surge Forward
-----------
Shooting Star
-----------
Skyward Ascent
-----------
Voidglass Shards
