-----------
EssenceRegenDummy
-----------
Azure Strike
-----------
Blessing of the Bronze
-----------
Cauterizing Flame
-----------
Chrono Flames
-----------
Chrono Flame
-----------
Consume Flame
	Eff: -13682273,488333618
-----------
Deep Breath
-----------
Disintegrate
-----------
Dream Breath
	Eff: 3133769,7686544885
-----------
Dream Breath (Echo)
-----------
Dream Flight
	Eff: -800568,4816809581
-----------
Echo
	Eff: -732929,8596100538
-----------
Emerald Blossom
-----------
Engulf
-----------
Enkindle
-----------
Expunge
-----------
Fire Breath
-----------
Fluttering Seedlings
-----------
Golden Hour
	Eff: 6998572,026813079
-----------
Landslide
-----------
Lifebind
	Eff: 6646874,322694212
-----------
Life-Giver's Flame
-----------
Living Flame
	Dmg: 9729532,653396823
-----------
Naturalize
-----------
Oppressing Roar
-----------
Panacea
	Eff: -565275,2188912856
-----------
Rewind
-----------
Renewing Blaze
-----------
Reversion
	Eff: 12928274,319475427
-----------
Reversion (Echo)
	Eff: 49859827,55245693
-----------
Sleep Walk
-----------
Source of Magic
-----------
Spatial Paradox
-----------
Spiritbloom
	Eff: -1963064,182462323
-----------
Spiritbloom (Echo)
	Eff: -3984690,881772279
-----------
Stasis
-----------
Tail Swipe
-----------
Temporal Anomaly
	Eff: -18832763,998671833
-----------
Time Spiral
-----------
Unravel
-----------
Verdant Embrace
	Eff: -1114978,89417873
-----------
Zephyr
-----------
Leech
	Eff: -16610936,153076347
-----------
Blessing of Summer
-----------
Holy Bulwark
-----------
ZeroCIMDummy
-----------
Barrier of the Oathsworn
-----------
Voidglass Barrier
	Eff: 13418959,672356643
-----------
Stasis (Store)
-----------
Ethereal Reconstitution
	Eff: 13875996,092098067
-----------
Shattered Soul's Embrace
-----------
Ethereal Guard
	Eff: 44583709,23538266
-----------
Essence Bomb
-----------
Lightforged Blessing
	SupEff: -2,9103830456733704E-11
-----------
Stasis (Release)
-----------
Hover
-----------
Algari Mana Potion
-----------
Glide
-----------
Time Dilation
-----------
Melee
	Dmg: 18156,16272277489
-----------
Rescue
-----------
Twin Guardian
-----------
Tip the Scales
-----------
Emerald Communion
-----------
Obsidian Scales
-----------
Take Off
-----------
Whirling Surge
-----------
Surge Forward
-----------
Shooting Star
-----------
Skyward Ascent
-----------
Voidglass Shards
