-----------
EssenceRegenDummy
-----------
Azure Strike
-----------
Blessing of the Bronze
-----------
Cauterizing Flame
-----------
Chrono Flames
-----------
Chrono Flame
-----------
Consume Flame
	Eff: -13046813,56846361
-----------
Deep Breath
-----------
Disintegrate
-----------
Dream Breath
	Eff: 5825510,785128137
-----------
Dream Breath (Echo)
-----------
Dream Flight
	Eff: -480836,05192097375
-----------
Echo
	Eff: -1173403,228434212
-----------
Emerald Blossom
-----------
Engulf
-----------
Enkindle
-----------
Expunge
-----------
Fire Breath
-----------
Fluttering Seedlings
-----------
Golden Hour
	Eff: 6998572,026813079
-----------
Landslide
-----------
Lifebind
	Eff: 7118952,168390624
-----------
Life-Giver's Flame
-----------
Living Flame
	Dmg: 9125624,542529777
-----------
Naturalize
-----------
Oppressing Roar
-----------
Panacea
	Eff: -549826,9574645566
-----------
Rewind
-----------
Renewing Blaze
-----------
Reversion
	Eff: 19069850,368546367
-----------
Reversion (Echo)
	Eff: 72176738,75877805
-----------
Sleep Walk
-----------
Source of Magic
-----------
Spatial Paradox
-----------
Spiritbloom
	Eff: -2291144,732312467
-----------
Spiritbloom (Echo)
	Eff: -4424130,763600345
-----------
Stasis
-----------
Tail Swipe
-----------
Temporal Anomaly
	Eff: -41048371,60014815
-----------
Time Spiral
-----------
Unravel
-----------
Verdant Embrace
	Eff: 818573,9684501055
-----------
Zephyr
-----------
Leech
	Eff: -15848916,831977336
-----------
Blessing of Summer
-----------
Holy Bulwark
-----------
ZeroCIMDummy
-----------
Barrier of the Oathsworn
-----------
Voidglass Barrier
	Eff: 5777128,207661958
-----------
Stasis (Store)
-----------
Ethereal Reconstitution
	Eff: 12428768,46552755
-----------
Shattered Soul's Embrace
-----------
Ethereal Guard
	Eff: 44286758,0186124
-----------
Essence Bomb
-----------
Lightforged Blessing
	SupEff: -2,9103830456733704E-11
-----------
Stasis (Release)
-----------
Hover
-----------
Algari Mana Potion
-----------
Glide
-----------
Time Dilation
-----------
Melee
	Dmg: 17944,613833841613
-----------
Rescue
-----------
Twin Guardian
-----------
Tip the Scales
-----------
Emerald Communion
-----------
Obsidian Scales
-----------
Take Off
-----------
Whirling Surge
-----------
Surge Forward
-----------
Shooting Star
-----------
Skyward Ascent
-----------
Voidglass Shards
