-----------
EssenceRegenDummy
-----------
Azure Strike
-----------
Blessing of the Bronze
-----------
Cauterizing Flame
-----------
Chrono Flames
-----------
Chrono Flame
-----------
Consume Flame
	Eff: -11266858,381553803
-----------
Deep Breath
-----------
Disintegrate
-----------
Dream Breath
	Eff: -19903005,457775667
-----------
Dream Breath (Echo)
-----------
Dream Flight
	Eff: -8520074,037065703
-----------
Echo
	Eff: -429557,19454425224
-----------
Emerald Blossom
-----------
Engulf
-----------
Enkindle
-----------
Expunge
-----------
Fire Breath
-----------
Fluttering Seedlings
-----------
Golden Hour
	Eff: 6998572,026813079
-----------
Landslide
-----------
Lifebind
	Eff: 5257558,851211908
-----------
Life-Giver's Flame
-----------
Living Flame
	Dmg: 5686474,219678387
-----------
Naturalize
-----------
Oppressing Roar
-----------
Panacea
	Eff: -544813,4096411512
-----------
Rewind
-----------
Renewing Blaze
-----------
Reversion
	Eff: -8498575,117950855
-----------
Reversion (Echo)
	Eff: -30112587,17490019
-----------
Sleep Walk
-----------
Source of Magic
-----------
Spatial Paradox
-----------
Spiritbloom
	Eff: -261809,2831528736
-----------
Spiritbloom (Echo)
	Eff: -482085,20245231676
-----------
Stasis
-----------
Tail Swipe
-----------
Temporal Anomaly
	Eff: 49083257,59496757
-----------
Time Spiral
-----------
Unravel
-----------
Verdant Embrace
	Eff: -8047833,780149903
-----------
Zephyr
-----------
Leech
	Eff: -20406481,14906544
-----------
Blessing of Summer
-----------
Holy Bulwark
-----------
ZeroCIMDummy
-----------
Barrier of the Oathsworn
-----------
Voidglass Barrier
	Eff: 13418959,672356643
-----------
Stasis (Store)
-----------
Ethereal Reconstitution
	Eff: 4444080,727925416
-----------
Shattered Soul's Embrace
-----------
Ethereal Guard
	Eff: 8440818,30011793
-----------
Essence Bomb
-----------
Lightforged Blessing
	SupEff: -2,9103830456733704E-11
-----------
Stasis (Release)
-----------
Hover
-----------
Algari Mana Potion
-----------
Glide
-----------
Time Dilation
-----------
Melee
	Dmg: 2213,7733880568358
-----------
Rescue
-----------
Twin Guardian
-----------
Tip the Scales
-----------
Emerald Communion
-----------
Obsidian Scales
-----------
Take Off
-----------
Whirling Surge
-----------
Surge Forward
-----------
Shooting Star
-----------
Skyward Ascent
-----------
Voidglass Shards
