-----------
EssenceRegenDummy
-----------
Azure Strike
-----------
Blessing of the Bronze
-----------
Cauterizing Flame
-----------
Chrono Flames
-----------
Chrono Flame
-----------
Consume Flame
	Eff: 4090054,0740618315
-----------
Deep Breath
-----------
Disintegrate
-----------
Dream Breath
	Eff: 8413314,99252355
-----------
Dream Breath (Echo)
-----------
Dream Flight
	Eff: 33489,63428481701
-----------
Echo
	Eff: 1441567,8874380472
-----------
Emerald Blossom
-----------
Engulf
-----------
Enkindle
-----------
Expunge
-----------
Fire Breath
-----------
Fluttering Seedlings
-----------
Golden Hour
	Eff: 6998572,026813079
-----------
Landslide
-----------
Lifebind
	Eff: 7121969,642226962
-----------
Life-Giver's Flame
-----------
Living Flame
	Dmg: 6619269,94025151
-----------
Naturalize
-----------
Oppressing Roar
-----------
Panacea
	Eff: -305201,8441143046
-----------
Rewind
-----------
Renewing Blaze
-----------
Reversion
	Eff: 7745873,999211135
-----------
Reversion (Echo)
	Eff: 29801529,237139244
-----------
Sleep Walk
-----------
Source of Magic
-----------
Spatial Paradox
-----------
Spiritbloom
	Eff: -889982,1969785169
-----------
Spiritbloom (Echo)
	Eff: -185799,7302458852
-----------
Stasis
-----------
Tail Swipe
-----------
Temporal Anomaly
	Eff: 3130855,8943995545
-----------
Time Spiral
-----------
Unravel
-----------
Verdant Embrace
	Eff: -1352809,5551779203
-----------
Zephyr
-----------
Leech
	Eff: -17081979,424728073
-----------
Blessing of Summer
-----------
Holy Bulwark
-----------
ZeroCIMDummy
-----------
Barrier of the Oathsworn
-----------
Voidglass Barrier
	Eff: 5777128,207661958
-----------
Stasis (Store)
-----------
Ethereal Reconstitution
	Eff: 6581777,909036489
-----------
Shattered Soul's Embrace
-----------
Ethereal Guard
	Eff: 20487742,400255337
-----------
Essence Bomb
-----------
Lightforged Blessing
	SupEff: -2,9103830456733704E-11
-----------
Stasis (Release)
-----------
Hover
-----------
Algari Mana Potion
-----------
Glide
-----------
Time Dilation
-----------
Melee
	Dmg: 8061,679531644664
-----------
Rescue
-----------
Twin Guardian
-----------
Tip the Scales
-----------
Emerald Communion
-----------
Obsidian Scales
-----------
Take Off
-----------
Whirling Surge
-----------
Surge Forward
-----------
Shooting Star
-----------
Skyward Ascent
-----------
Voidglass Shards
