-----------
EssenceRegenDummy
-----------
Azure Strike
-----------
Blessing of the Bronze
-----------
Cauterizing Flame
-----------
Chrono Flames
-----------
Chrono Flame
-----------
Consume Flame
	Eff: -77458168,98294288
-----------
Deep Breath
-----------
Disintegrate
-----------
Dream Breath
	Eff: -69553518,73293154
-----------
Dream Breath (Echo)
-----------
Dream Flight
	Eff: -22080719,540826816
-----------
Echo
	Eff: -8842240,248623393
-----------
Emerald Blossom
-----------
Engulf
-----------
Enkindle
-----------
Expunge
-----------
Fire Breath
-----------
Fluttering Seedlings
-----------
Golden Hour
	Eff: 6996794,37472851
-----------
Landslide
-----------
Lifebind
	Eff: 1623814,177541079
-----------
Life-Giver's Flame
-----------
Living Flame
	Dmg: 11673176,613603547
-----------
Naturalize
-----------
Oppressing Roar
-----------
Panacea
	Eff: -1469425,179773826
-----------
Rewind
-----------
Renewing Blaze
-----------
Reversion
	Eff: -16323133,555380868
-----------
Reversion (Echo)
	Eff: -57185024,51822105
-----------
Sleep Walk
-----------
Source of Magic
-----------
Spatial Paradox
-----------
Spiritbloom
	Eff: -2536445,403665424
-----------
Spiritbloom (Echo)
	Eff: -10927003,038236849
-----------
Stasis
-----------
Tail Swipe
-----------
Temporal Anomaly
	Eff: 34570161,795470186
-----------
Time Spiral
-----------
Unravel
-----------
Verdant Embrace
	Eff: -14032265,831305822
-----------
Zephyr
-----------
Leech
	Eff: -23470756,742448308
-----------
Blessing of Summer
-----------
Holy Bulwark
-----------
ZeroCIMDummy
-----------
Barrier of the Oathsworn
-----------
Voidglass Barrier
	Eff: 41934969,34348534
-----------
Stasis (Store)
-----------
Ethereal Reconstitution
	Eff: 18556348,296991937
-----------
Shattered Soul's Embrace
-----------
Ethereal Guard
	Eff: 53397443,569989204
-----------
Essence Bomb
-----------
Lightforged Blessing
	SupEff: -2,9103830456733704E-11
-----------
Stasis (Release)
-----------
Hover
-----------
Algari Mana Potion
-----------
Glide
-----------
Time Dilation
-----------
Melee
	Dmg: 17728,931097555356
-----------
Rescue
-----------
Twin Guardian
-----------
Tip the Scales
-----------
Emerald Communion
-----------
Obsidian Scales
-----------
Take Off
-----------
Whirling Surge
-----------
Surge Forward
-----------
Shooting Star
-----------
Skyward Ascent
-----------
Voidglass Shards
