----------------------
00:00,607

Intellect
	 Rating: 150648
	 Multiplicative Factor: 5%
	 Eff: 150648
Stamina
	 Rating: 874055
	 Multiplicative Factor: 11,3%
	 Eff: 874054,9999999999
Crit
	 Rating: 5979
	 Multiplicative Factor: 0%
	 Eff: 9479,110422791577
	 DR Bracket: 0
	 Base: 5%
	 Effective Percent: 13,54%
	 Crit Inc Heal: 2
	 Crit Inc Damage: 2
Haste
	 Rating: 22588
	 Multiplicative Factor: 0%
	 Eff: 22309,277606924414
	 DR Bracket: 1
	 Base: 0%
	 Effective Percent: 33,8%
Vers
	 Rating: 7354
	 Multiplicative Factor: 0%
	 Eff: 9694,155213531936
	 DR Bracket: 0
	 Base: 3%
	 Effective Percent: 12,43%
Leech
	 Rating: 3060
	 Multiplicative Factor: 0%
	 Eff: 5099,661782987872
	 DR Bracket: 0
	 Base: 2%
	 Effective Percent: 5%
Avoidance
	 Rating: -0
	 Multiplicative Factor: 0%
	 Eff: -0,1802869113739689
	 DR Bracket: 0
	 Base: 0%
	 Effective Percent: -0%
Mastery
	 Rating: 28116
	 Multiplicative Factor: 0%
	 Eff: 35092,79834234929
	 DR Bracket: 2
	 Base: 19,8%
	 Effective Percent: 90,24%
----------------------
00:05,630

Intellect
	 Rating: 150648
	 Multiplicative Factor: 5%
	 Eff: 150648
Stamina
	 Rating: 874055
	 Multiplicative Factor: 11,3%
	 Eff: 874054,9999999999
Crit
	 Rating: 5979
	 Multiplicative Factor: 0%
	 Eff: 9479,110422791577
	 DR Bracket: 0
	 Base: 5%
	 Effective Percent: 13,54%
	 Crit Inc Heal: 2
	 Crit Inc Damage: 2
Haste
	 Rating: 22588
	 Multiplicative Factor: 0%
	 Eff: 22309,277606924414
	 DR Bracket: 1
	 Base: 0%
	 Effective Percent: 33,8%
Vers
	 Rating: 7354
	 Multiplicative Factor: 0%
	 Eff: 9694,155213531936
	 DR Bracket: 0
	 Base: 3%
	 Effective Percent: 12,43%
Leech
	 Rating: 3060
	 Multiplicative Factor: 0%
	 Eff: 5099,661782987872
	 DR Bracket: 0
	 Base: 2%
	 Effective Percent: 5%
Avoidance
	 Rating: -0
	 Multiplicative Factor: 0%
	 Eff: -0,1802869113739689
	 DR Bracket: 0
	 Base: 0%
	 Effective Percent: -0%
Mastery
	 Rating: 28116
	 Multiplicative Factor: 0%
	 Eff: 35092,79834234929
	 DR Bracket: 2
	 Base: 19,8%
	 Effective Percent: 90,24%
----------------------
00:10,631

Intellect
	 Rating: 150648
	 Multiplicative Factor: 5%
	 Eff: 150648
Stamina
	 Rating: 874055
	 Multiplicative Factor: 11,3%
	 Eff: 874054,9999999999
Crit
	 Rating: 5979
	 Multiplicative Factor: 0%
	 Eff: 9479,110422791577
	 DR Bracket: 0
	 Base: 5%
	 Effective Percent: 13,54%
	 Crit Inc Heal: 2
	 Crit Inc Damage: 2
Haste
	 Rating: 22588
	 Multiplicative Factor: 0%
	 Eff: 22309,277606924414
	 DR Bracket: 1
	 Base: 0%
	 Effective Percent: 33,8%
Vers
	 Rating: 7354
	 Multiplicative Factor: 0%
	 Eff: 9694,155213531936
	 DR Bracket: 0
	 Base: 3%
	 Effective Percent: 12,43%
Leech
	 Rating: 3060
	 Multiplicative Factor: 0%
	 Eff: 5099,661782987872
	 DR Bracket: 0
	 Base: 2%
	 Effective Percent: 5%
Avoidance
	 Rating: -0
	 Multiplicative Factor: 0%
	 Eff: -0,1802869113739689
	 DR Bracket: 0
	 Base: 0%
	 Effective Percent: -0%
Mastery
	 Rating: 28116
	 Multiplicative Factor: 0%
	 Eff: 35092,79834234929
	 DR Bracket: 2
	 Base: 19,8%
	 Effective Percent: 90,24%
----------------------
00:15,636

Intellect
	 Rating: 150648
	 Multiplicative Factor: 5%
	 Eff: 150648
Stamina
	 Rating: 874055
	 Multiplicative Factor: 11,3%
	 Eff: 874054,9999999999
Crit
	 Rating: 5979
	 Multiplicative Factor: 0%
	 Eff: 9479,110422791577
	 DR Bracket: 0
	 Base: 5%
	 Effective Percent: 13,54%
	 Crit Inc Heal: 2
	 Crit Inc Damage: 2
Haste
	 Rating: 22588
	 Multiplicative Factor: 0%
	 Eff: 22309,277606924414
	 DR Bracket: 1
	 Base: 0%
	 Effective Percent: 33,8%
Vers
	 Rating: 7354
	 Multiplicative Factor: 0%
	 Eff: 9694,155213531936
	 DR Bracket: 0
	 Base: 3%
	 Effective Percent: 12,43%
Leech
	 Rating: 3060
	 Multiplicative Factor: 0%
	 Eff: 5099,661782987872
	 DR Bracket: 0
	 Base: 2%
	 Effective Percent: 5%
Avoidance
	 Rating: -0
	 Multiplicative Factor: 0%
	 Eff: -0,1802869113739689
	 DR Bracket: 0
	 Base: 0%
	 Effective Percent: -0%
Mastery
	 Rating: 28116
	 Multiplicative Factor: 0%
	 Eff: 35092,79834234929
	 DR Bracket: 2
	 Base: 19,8%
	 Effective Percent: 90,24%
----------------------
00:20,651

Intellect
	 Rating: 150648
	 Multiplicative Factor: 5%
	 Eff: 150648
Stamina
	 Rating: 874055
	 Multiplicative Factor: 11,3%
	 Eff: 874054,9999999999
Crit
	 Rating: 5979
	 Multiplicative Factor: 0%
	 Eff: 9479,110422791577
	 DR Bracket: 0
	 Base: 5%
	 Effective Percent: 13,54%
	 Crit Inc Heal: 2
	 Crit Inc Damage: 2
Haste
	 Rating: 22588
	 Multiplicative Factor: 0%
	 Eff: 22309,277606924414
	 DR Bracket: 1
	 Base: 0%
	 Effective Percent: 33,8%
Vers
	 Rating: 7354
	 Multiplicative Factor: 0%
	 Eff: 9694,155213531936
	 DR Bracket: 0
	 Base: 3%
	 Effective Percent: 12,43%
Leech
	 Rating: 3060
	 Multiplicative Factor: 0%
	 Eff: 5099,661782987872
	 DR Bracket: 0
	 Base: 2%
	 Effective Percent: 5%
Avoidance
	 Rating: -0
	 Multiplicative Factor: 0%
	 Eff: -0,1802869113739689
	 DR Bracket: 0
	 Base: 0%
	 Effective Percent: -0%
Mastery
	 Rating: 28116
	 Multiplicative Factor: 0%
	 Eff: 35092,79834234929
	 DR Bracket: 2
	 Base: 19,8%
	 Effective Percent: 90,24%
----------------------
00:25,765

Intellect
	 Rating: 150648
	 Multiplicative Factor: 5%
	 Eff: 150648
Stamina
	 Rating: 874055
	 Multiplicative Factor: 11,3%
	 Eff: 874054,9999999999
Crit
	 Rating: 5979
	 Multiplicative Factor: 0%
	 Eff: 9479,110422791577
	 DR Bracket: 0
	 Base: 5%
	 Effective Percent: 13,54%
	 Crit Inc Heal: 2
	 Crit Inc Damage: 2
Haste
	 Rating: 22588
	 Multiplicative Factor: 0%
	 Eff: 22309,277606924414
	 DR Bracket: 1
	 Base: 0%
	 Effective Percent: 33,8%
Vers
	 Rating: 7354
	 Multiplicative Factor: 0%
	 Eff: 9694,155213531936
	 DR Bracket: 0
	 Base: 3%
	 Effective Percent: 12,43%
Leech
	 Rating: 3060
	 Multiplicative Factor: 0%
	 Eff: 5099,661782987872
	 DR Bracket: 0
	 Base: 2%
	 Effective Percent: 5%
Avoidance
	 Rating: -0
	 Multiplicative Factor: 0%
	 Eff: -0,1802869113739689
	 DR Bracket: 0
	 Base: 0%
	 Effective Percent: -0%
Mastery
	 Rating: 28116
	 Multiplicative Factor: 0%
	 Eff: 35092,79834234929
	 DR Bracket: 2
	 Base: 19,8%
	 Effective Percent: 90,24%
----------------------
00:30,777

Intellect
	 Rating: 150648
	 Multiplicative Factor: 5%
	 Eff: 150648
Stamina
	 Rating: 874055
	 Multiplicative Factor: 11,3%
	 Eff: 874054,9999999999
Crit
	 Rating: 5979
	 Multiplicative Factor: 0%
	 Eff: 9479,110422791577
	 DR Bracket: 0
	 Base: 5%
	 Effective Percent: 13,54%
	 Crit Inc Heal: 2,6
	 Crit Inc Damage: 2
Haste
	 Rating: 22588
	 Multiplicative Factor: 0%
	 Eff: 22309,277606924414
	 DR Bracket: 1
	 Base: 0%
	 Effective Percent: 33,8%
Vers
	 Rating: 7354
	 Multiplicative Factor: 0%
	 Eff: 9694,155213531936
	 DR Bracket: 0
	 Base: 3%
	 Effective Percent: 12,43%
Leech
	 Rating: 3060
	 Multiplicative Factor: 0%
	 Eff: 5099,661782987872
	 DR Bracket: 0
	 Base: 2%
	 Effective Percent: 5%
Avoidance
	 Rating: -0
	 Multiplicative Factor: 0%
	 Eff: -0,1802869113739689
	 DR Bracket: 0
	 Base: 0%
	 Effective Percent: -0%
Mastery
	 Rating: 28116
	 Multiplicative Factor: 0%
	 Eff: 35092,79834234929
	 DR Bracket: 2
	 Base: 19,8%
	 Effective Percent: 90,24%
----------------------
00:35,797

Intellect
	 Rating: 150648
	 Multiplicative Factor: 5%
	 Eff: 150648
Stamina
	 Rating: 874055
	 Multiplicative Factor: 11,3%
	 Eff: 874054,9999999999
Crit
	 Rating: 5979
	 Multiplicative Factor: 0%
	 Eff: 9479,110422791577
	 DR Bracket: 0
	 Base: 5%
	 Effective Percent: 13,54%
	 Crit Inc Heal: 2,6
	 Crit Inc Damage: 2
Haste
	 Rating: 22588
	 Multiplicative Factor: 0%
	 Eff: 22309,277606924414
	 DR Bracket: 1
	 Base: 0%
	 Effective Percent: 33,8%
Vers
	 Rating: 7354
	 Multiplicative Factor: 0%
	 Eff: 9694,155213531936
	 DR Bracket: 0
	 Base: 3%
	 Effective Percent: 12,43%
Leech
	 Rating: 3060
	 Multiplicative Factor: 0%
	 Eff: 5099,661782987872
	 DR Bracket: 0
	 Base: 2%
	 Effective Percent: 5%
Avoidance
	 Rating: -0
	 Multiplicative Factor: 0%
	 Eff: -0,1802869113739689
	 DR Bracket: 0
	 Base: 0%
	 Effective Percent: -0%
Mastery
	 Rating: 28116
	 Multiplicative Factor: 0%
	 Eff: 35092,79834234929
	 DR Bracket: 2
	 Base: 19,8%
	 Effective Percent: 90,24%
----------------------
00:41,058

Intellect
	 Rating: 150648
	 Multiplicative Factor: 5%
	 Eff: 150648
Stamina
	 Rating: 874055
	 Multiplicative Factor: 11,3%
	 Eff: 874054,9999999999
Crit
	 Rating: 5979
	 Multiplicative Factor: 0%
	 Eff: 9479,110422791577
	 DR Bracket: 0
	 Base: 5%
	 Effective Percent: 13,54%
	 Crit Inc Heal: 2,6
	 Crit Inc Damage: 2
Haste
	 Rating: 22588
	 Multiplicative Factor: 0%
	 Eff: 22309,277606924414
	 DR Bracket: 1
	 Base: 0%
	 Effective Percent: 33,8%
Vers
	 Rating: 7354
	 Multiplicative Factor: 0%
	 Eff: 9694,155213531936
	 DR Bracket: 0
	 Base: 3%
	 Effective Percent: 12,43%
Leech
	 Rating: 3060
	 Multiplicative Factor: 0%
	 Eff: 5099,661782987872
	 DR Bracket: 0
	 Base: 2%
	 Effective Percent: 5%
Avoidance
	 Rating: -0
	 Multiplicative Factor: 0%
	 Eff: -0,1802869113739689
	 DR Bracket: 0
	 Base: 0%
	 Effective Percent: -0%
Mastery
	 Rating: 28116
	 Multiplicative Factor: 0%
	 Eff: 35092,79834234929
	 DR Bracket: 2
	 Base: 19,8%
	 Effective Percent: 90,24%
----------------------
00:46,067

Intellect
	 Rating: 150648
	 Multiplicative Factor: 5%
	 Eff: 150648
Stamina
	 Rating: 874055
	 Multiplicative Factor: 11,3%
	 Eff: 874054,9999999999
Crit
	 Rating: 5979
	 Multiplicative Factor: 0%
	 Eff: 9479,110422791577
	 DR Bracket: 0
	 Base: 5%
	 Effective Percent: 13,54%
	 Crit Inc Heal: 2,6
	 Crit Inc Damage: 2
Haste
	 Rating: 22588
	 Multiplicative Factor: 0%
	 Eff: 22309,277606924414
	 DR Bracket: 1
	 Base: 0%
	 Effective Percent: 33,8%
Vers
	 Rating: 7354
	 Multiplicative Factor: 0%
	 Eff: 9694,155213531936
	 DR Bracket: 0
	 Base: 3%
	 Effective Percent: 12,43%
Leech
	 Rating: 3060
	 Multiplicative Factor: 0%
	 Eff: 5099,661782987872
	 DR Bracket: 0
	 Base: 2%
	 Effective Percent: 5%
Avoidance
	 Rating: -0
	 Multiplicative Factor: 0%
	 Eff: -0,1802869113739689
	 DR Bracket: 0
	 Base: 0%
	 Effective Percent: -0%
Mastery
	 Rating: 28116
	 Multiplicative Factor: 0%
	 Eff: 35092,79834234929
	 DR Bracket: 2
	 Base: 19,8%
	 Effective Percent: 90,24%
----------------------
00:51,137

Intellect
	 Rating: 150648
	 Multiplicative Factor: 5%
	 Eff: 150648
Stamina
	 Rating: 874055
	 Multiplicative Factor: 11,3%
	 Eff: 874054,9999999999
Crit
	 Rating: 5979
	 Multiplicative Factor: 0%
	 Eff: 9479,110422791577
	 DR Bracket: 0
	 Base: 5%
	 Effective Percent: 13,54%
	 Crit Inc Heal: 2,6
	 Crit Inc Damage: 2
Haste
	 Rating: 22588
	 Multiplicative Factor: 0%
	 Eff: 22309,277606924414
	 DR Bracket: 1
	 Base: 0%
	 Effective Percent: 33,8%
Vers
	 Rating: 7354
	 Multiplicative Factor: 0%
	 Eff: 9694,155213531936
	 DR Bracket: 0
	 Base: 3%
	 Effective Percent: 12,43%
Leech
	 Rating: 3060
	 Multiplicative Factor: 0%
	 Eff: 5099,661782987872
	 DR Bracket: 0
	 Base: 2%
	 Effective Percent: 5%
Avoidance
	 Rating: -0
	 Multiplicative Factor: 0%
	 Eff: -0,1802869113739689
	 DR Bracket: 0
	 Base: 0%
	 Effective Percent: -0%
Mastery
	 Rating: 28116
	 Multiplicative Factor: 0%
	 Eff: 35092,79834234929
	 DR Bracket: 2
	 Base: 19,8%
	 Effective Percent: 90,24%
----------------------
00:56,155

Intellect
	 Rating: 150648
	 Multiplicative Factor: 5%
	 Eff: 150648
Stamina
	 Rating: 874055
	 Multiplicative Factor: 11,3%
	 Eff: 874054,9999999999
Crit
	 Rating: 5979
	 Multiplicative Factor: 0%
	 Eff: 9479,110422791577
	 DR Bracket: 0
	 Base: 5%
	 Effective Percent: 13,54%
	 Crit Inc Heal: 2,6
	 Crit Inc Damage: 2
Haste
	 Rating: 22588
	 Multiplicative Factor: 0%
	 Eff: 22309,277606924414
	 DR Bracket: 1
	 Base: 0%
	 Effective Percent: 33,8%
Vers
	 Rating: 7354
	 Multiplicative Factor: 0%
	 Eff: 9694,155213531936
	 DR Bracket: 0
	 Base: 3%
	 Effective Percent: 12,43%
Leech
	 Rating: 3060
	 Multiplicative Factor: 0%
	 Eff: 5099,661782987872
	 DR Bracket: 0
	 Base: 2%
	 Effective Percent: 5%
Avoidance
	 Rating: -0
	 Multiplicative Factor: 0%
	 Eff: -0,1802869113739689
	 DR Bracket: 0
	 Base: 0%
	 Effective Percent: -0%
Mastery
	 Rating: 28116
	 Multiplicative Factor: 0%
	 Eff: 35092,79834234929
	 DR Bracket: 2
	 Base: 19,8%
	 Effective Percent: 90,24%
----------------------
01:01,320

Intellect
	 Rating: 150648
	 Multiplicative Factor: 5%
	 Eff: 150648
Stamina
	 Rating: 874055
	 Multiplicative Factor: 11,3%
	 Eff: 874054,9999999999
Crit
	 Rating: 5979
	 Multiplicative Factor: 0%
	 Eff: 9479,110422791577
	 DR Bracket: 0
	 Base: 5%
	 Effective Percent: 13,54%
	 Crit Inc Heal: 2,6
	 Crit Inc Damage: 2
Haste
	 Rating: 22588
	 Multiplicative Factor: 0%
	 Eff: 22309,277606924414
	 DR Bracket: 1
	 Base: 0%
	 Effective Percent: 33,8%
Vers
	 Rating: 7354
	 Multiplicative Factor: 0%
	 Eff: 9694,155213531936
	 DR Bracket: 0
	 Base: 3%
	 Effective Percent: 12,43%
Leech
	 Rating: 3060
	 Multiplicative Factor: 0%
	 Eff: 5099,661782987872
	 DR Bracket: 0
	 Base: 2%
	 Effective Percent: 5%
Avoidance
	 Rating: -0
	 Multiplicative Factor: 0%
	 Eff: -0,1802869113739689
	 DR Bracket: 0
	 Base: 0%
	 Effective Percent: -0%
Mastery
	 Rating: 28116
	 Multiplicative Factor: 0%
	 Eff: 35092,79834234929
	 DR Bracket: 2
	 Base: 19,8%
	 Effective Percent: 90,24%
----------------------
01:06,515

Intellect
	 Rating: 150648
	 Multiplicative Factor: 5%
	 Eff: 150648
Stamina
	 Rating: 874055
	 Multiplicative Factor: 11,3%
	 Eff: 874054,9999999999
Crit
	 Rating: 5979
	 Multiplicative Factor: 0%
	 Eff: 9479,110422791577
	 DR Bracket: 0
	 Base: 5%
	 Effective Percent: 13,54%
	 Crit Inc Heal: 2,6
	 Crit Inc Damage: 2
Haste
	 Rating: 22588
	 Multiplicative Factor: 0%
	 Eff: 22309,277606924414
	 DR Bracket: 1
	 Base: 0%
	 Effective Percent: 33,8%
Vers
	 Rating: 7354
	 Multiplicative Factor: 0%
	 Eff: 9694,155213531936
	 DR Bracket: 0
	 Base: 3%
	 Effective Percent: 12,43%
Leech
	 Rating: 3060
	 Multiplicative Factor: 0%
	 Eff: 5099,661782987872
	 DR Bracket: 0
	 Base: 2%
	 Effective Percent: 5%
Avoidance
	 Rating: -0
	 Multiplicative Factor: 0%
	 Eff: -0,1802869113739689
	 DR Bracket: 0
	 Base: 0%
	 Effective Percent: -0%
Mastery
	 Rating: 28116
	 Multiplicative Factor: 0%
	 Eff: 35092,79834234929
	 DR Bracket: 2
	 Base: 19,8%
	 Effective Percent: 90,24%
----------------------
01:11,606

Intellect
	 Rating: 150648
	 Multiplicative Factor: 5%
	 Eff: 150648
Stamina
	 Rating: 874055
	 Multiplicative Factor: 11,3%
	 Eff: 874054,9999999999
Crit
	 Rating: 5979
	 Multiplicative Factor: 0%
	 Eff: 9479,110422791577
	 DR Bracket: 0
	 Base: 5%
	 Effective Percent: 13,54%
	 Crit Inc Heal: 2,6
	 Crit Inc Damage: 2
Haste
	 Rating: 22588
	 Multiplicative Factor: 0%
	 Eff: 22309,277606924414
	 DR Bracket: 1
	 Base: 0%
	 Effective Percent: 33,8%
Vers
	 Rating: 7354
	 Multiplicative Factor: 0%
	 Eff: 9694,155213531936
	 DR Bracket: 0
	 Base: 3%
	 Effective Percent: 12,43%
Leech
	 Rating: 3060
	 Multiplicative Factor: 0%
	 Eff: 5099,661782987872
	 DR Bracket: 0
	 Base: 2%
	 Effective Percent: 5%
Avoidance
	 Rating: -0
	 Multiplicative Factor: 0%
	 Eff: -0,1802869113739689
	 DR Bracket: 0
	 Base: 0%
	 Effective Percent: -0%
Mastery
	 Rating: 28116
	 Multiplicative Factor: 0%
	 Eff: 35092,79834234929
	 DR Bracket: 2
	 Base: 19,8%
	 Effective Percent: 90,24%
----------------------
01:16,627

Intellect
	 Rating: 150648
	 Multiplicative Factor: 5%
	 Eff: 150648
Stamina
	 Rating: 874055
	 Multiplicative Factor: 11,3%
	 Eff: 874054,9999999999
Crit
	 Rating: 5979
	 Multiplicative Factor: 0%
	 Eff: 9479,110422791577
	 DR Bracket: 0
	 Base: 5%
	 Effective Percent: 13,54%
	 Crit Inc Heal: 2,6
	 Crit Inc Damage: 2
Haste
	 Rating: 22588
	 Multiplicative Factor: 0%
	 Eff: 22309,277606924414
	 DR Bracket: 1
	 Base: 0%
	 Effective Percent: 33,8%
Vers
	 Rating: 7354
	 Multiplicative Factor: 0%
	 Eff: 9694,155213531936
	 DR Bracket: 0
	 Base: 3%
	 Effective Percent: 12,43%
Leech
	 Rating: 3060
	 Multiplicative Factor: 0%
	 Eff: 5099,661782987872
	 DR Bracket: 0
	 Base: 2%
	 Effective Percent: 5%
Avoidance
	 Rating: -0
	 Multiplicative Factor: 0%
	 Eff: -0,1802869113739689
	 DR Bracket: 0
	 Base: 0%
	 Effective Percent: -0%
Mastery
	 Rating: 28116
	 Multiplicative Factor: 0%
	 Eff: 35092,79834234929
	 DR Bracket: 2
	 Base: 19,8%
	 Effective Percent: 90,24%
----------------------
01:21,719

Intellect
	 Rating: 150648
	 Multiplicative Factor: 5%
	 Eff: 150648
Stamina
	 Rating: 874055
	 Multiplicative Factor: 11,3%
	 Eff: 874054,9999999999
Crit
	 Rating: 5979
	 Multiplicative Factor: 0%
	 Eff: 9479,110422791577
	 DR Bracket: 0
	 Base: 5%
	 Effective Percent: 13,54%
	 Crit Inc Heal: 2,6
	 Crit Inc Damage: 2
Haste
	 Rating: 22588
	 Multiplicative Factor: 0%
	 Eff: 22309,277606924414
	 DR Bracket: 1
	 Base: 0%
	 Effective Percent: 33,8%
Vers
	 Rating: 7354
	 Multiplicative Factor: 0%
	 Eff: 9694,155213531936
	 DR Bracket: 0
	 Base: 3%
	 Effective Percent: 12,43%
Leech
	 Rating: 3060
	 Multiplicative Factor: 0%
	 Eff: 5099,661782987872
	 DR Bracket: 0
	 Base: 2%
	 Effective Percent: 5%
Avoidance
	 Rating: -0
	 Multiplicative Factor: 0%
	 Eff: -0,1802869113739689
	 DR Bracket: 0
	 Base: 0%
	 Effective Percent: -0%
Mastery
	 Rating: 28116
	 Multiplicative Factor: 0%
	 Eff: 35092,79834234929
	 DR Bracket: 2
	 Base: 19,8%
	 Effective Percent: 90,24%
----------------------
01:26,741

Intellect
	 Rating: 150648
	 Multiplicative Factor: 5%
	 Eff: 150648
Stamina
	 Rating: 874055
	 Multiplicative Factor: 11,3%
	 Eff: 874054,9999999999
Crit
	 Rating: 5979
	 Multiplicative Factor: 0%
	 Eff: 9479,110422791577
	 DR Bracket: 0
	 Base: 5%
	 Effective Percent: 13,54%
	 Crit Inc Heal: 2,6
	 Crit Inc Damage: 2
Haste
	 Rating: 22588
	 Multiplicative Factor: 0%
	 Eff: 22309,277606924414
	 DR Bracket: 1
	 Base: 0%
	 Effective Percent: 33,8%
Vers
	 Rating: 7354
	 Multiplicative Factor: 0%
	 Eff: 9694,155213531936
	 DR Bracket: 0
	 Base: 3%
	 Effective Percent: 12,43%
Leech
	 Rating: 3060
	 Multiplicative Factor: 0%
	 Eff: 5099,661782987872
	 DR Bracket: 0
	 Base: 2%
	 Effective Percent: 5%
Avoidance
	 Rating: -0
	 Multiplicative Factor: 0%
	 Eff: -0,1802869113739689
	 DR Bracket: 0
	 Base: 0%
	 Effective Percent: -0%
Mastery
	 Rating: 28116
	 Multiplicative Factor: 0%
	 Eff: 35092,79834234929
	 DR Bracket: 2
	 Base: 19,8%
	 Effective Percent: 90,24%
----------------------
01:31,867

Intellect
	 Rating: 150648
	 Multiplicative Factor: 5%
	 Eff: 150648
Stamina
	 Rating: 874055
	 Multiplicative Factor: 11,3%
	 Eff: 874054,9999999999
Crit
	 Rating: 5979
	 Multiplicative Factor: 0%
	 Eff: 9479,110422791577
	 DR Bracket: 0
	 Base: 5%
	 Effective Percent: 13,54%
	 Crit Inc Heal: 2
	 Crit Inc Damage: 2
Haste
	 Rating: 22588
	 Multiplicative Factor: 0%
	 Eff: 22309,277606924414
	 DR Bracket: 1
	 Base: 0%
	 Effective Percent: 33,8%
Vers
	 Rating: 7354
	 Multiplicative Factor: 0%
	 Eff: 9694,155213531936
	 DR Bracket: 0
	 Base: 3%
	 Effective Percent: 12,43%
Leech
	 Rating: 3060
	 Multiplicative Factor: 0%
	 Eff: 5099,661782987872
	 DR Bracket: 0
	 Base: 2%
	 Effective Percent: 5%
Avoidance
	 Rating: -0
	 Multiplicative Factor: 0%
	 Eff: -0,1802869113739689
	 DR Bracket: 0
	 Base: 0%
	 Effective Percent: -0%
Mastery
	 Rating: 28116
	 Multiplicative Factor: 0%
	 Eff: 35092,79834234929
	 DR Bracket: 2
	 Base: 19,8%
	 Effective Percent: 90,24%
----------------------
01:36,944

Intellect
	 Rating: 150648
	 Multiplicative Factor: 5%
	 Eff: 150648
Stamina
	 Rating: 874055
	 Multiplicative Factor: 11,3%
	 Eff: 874054,9999999999
Crit
	 Rating: 5979
	 Multiplicative Factor: 0%
	 Eff: 9479,110422791577
	 DR Bracket: 0
	 Base: 5%
	 Effective Percent: 13,54%
	 Crit Inc Heal: 2,6
	 Crit Inc Damage: 2
Haste
	 Rating: 22588
	 Multiplicative Factor: 0%
	 Eff: 22309,277606924414
	 DR Bracket: 1
	 Base: 0%
	 Effective Percent: 33,8%
Vers
	 Rating: 7354
	 Multiplicative Factor: 0%
	 Eff: 9694,155213531936
	 DR Bracket: 0
	 Base: 3%
	 Effective Percent: 12,43%
Leech
	 Rating: 3060
	 Multiplicative Factor: 0%
	 Eff: 5099,661782987872
	 DR Bracket: 0
	 Base: 2%
	 Effective Percent: 5%
Avoidance
	 Rating: -0
	 Multiplicative Factor: 0%
	 Eff: -0,1802869113739689
	 DR Bracket: 0
	 Base: 0%
	 Effective Percent: -0%
Mastery
	 Rating: 28116
	 Multiplicative Factor: 0%
	 Eff: 35092,79834234929
	 DR Bracket: 2
	 Base: 19,8%
	 Effective Percent: 90,24%
----------------------
01:41,988

Intellect
	 Rating: 150648
	 Multiplicative Factor: 5%
	 Eff: 150648
Stamina
	 Rating: 874055
	 Multiplicative Factor: 11,3%
	 Eff: 874054,9999999999
Crit
	 Rating: 5979
	 Multiplicative Factor: 0%
	 Eff: 9479,110422791577
	 DR Bracket: 0
	 Base: 5%
	 Effective Percent: 13,54%
	 Crit Inc Heal: 2,6
	 Crit Inc Damage: 2
Haste
	 Rating: 22588
	 Multiplicative Factor: 0%
	 Eff: 22309,277606924414
	 DR Bracket: 1
	 Base: 0%
	 Effective Percent: 33,8%
Vers
	 Rating: 7354
	 Multiplicative Factor: 0%
	 Eff: 9694,155213531936
	 DR Bracket: 0
	 Base: 3%
	 Effective Percent: 12,43%
Leech
	 Rating: 3060
	 Multiplicative Factor: 0%
	 Eff: 5099,661782987872
	 DR Bracket: 0
	 Base: 2%
	 Effective Percent: 5%
Avoidance
	 Rating: -0
	 Multiplicative Factor: 0%
	 Eff: -0,1802869113739689
	 DR Bracket: 0
	 Base: 0%
	 Effective Percent: -0%
Mastery
	 Rating: 28116
	 Multiplicative Factor: 0%
	 Eff: 35092,79834234929
	 DR Bracket: 2
	 Base: 19,8%
	 Effective Percent: 90,24%
----------------------
01:46,998

Intellect
	 Rating: 150648
	 Multiplicative Factor: 5%
	 Eff: 150648
Stamina
	 Rating: 874055
	 Multiplicative Factor: 11,3%
	 Eff: 874054,9999999999
Crit
	 Rating: 5979
	 Multiplicative Factor: 0%
	 Eff: 9479,110422791577
	 DR Bracket: 0
	 Base: 5%
	 Effective Percent: 13,54%
	 Crit Inc Heal: 2,6
	 Crit Inc Damage: 2
Haste
	 Rating: 22588
	 Multiplicative Factor: 0%
	 Eff: 22309,277606924414
	 DR Bracket: 1
	 Base: 0%
	 Effective Percent: 33,8%
Vers
	 Rating: 7354
	 Multiplicative Factor: 0%
	 Eff: 9694,155213531936
	 DR Bracket: 0
	 Base: 3%
	 Effective Percent: 12,43%
Leech
	 Rating: 3060
	 Multiplicative Factor: 0%
	 Eff: 5099,661782987872
	 DR Bracket: 0
	 Base: 2%
	 Effective Percent: 5%
Avoidance
	 Rating: -0
	 Multiplicative Factor: 0%
	 Eff: -0,1802869113739689
	 DR Bracket: 0
	 Base: 0%
	 Effective Percent: -0%
Mastery
	 Rating: 28116
	 Multiplicative Factor: 0%
	 Eff: 35092,79834234929
	 DR Bracket: 2
	 Base: 19,8%
	 Effective Percent: 90,24%
----------------------
01:52,025

Intellect
	 Rating: 150648
	 Multiplicative Factor: 5%
	 Eff: 150648
Stamina
	 Rating: 874055
	 Multiplicative Factor: 11,3%
	 Eff: 874054,9999999999
Crit
	 Rating: 5979
	 Multiplicative Factor: 0%
	 Eff: 9479,110422791577
	 DR Bracket: 0
	 Base: 5%
	 Effective Percent: 13,54%
	 Crit Inc Heal: 2,6
	 Crit Inc Damage: 2
Haste
	 Rating: 22588
	 Multiplicative Factor: 0%
	 Eff: 22309,277606924414
	 DR Bracket: 1
	 Base: 0%
	 Effective Percent: 33,8%
Vers
	 Rating: 7354
	 Multiplicative Factor: 0%
	 Eff: 9694,155213531936
	 DR Bracket: 0
	 Base: 3%
	 Effective Percent: 12,43%
Leech
	 Rating: 3060
	 Multiplicative Factor: 0%
	 Eff: 5099,661782987872
	 DR Bracket: 0
	 Base: 2%
	 Effective Percent: 5%
Avoidance
	 Rating: -0
	 Multiplicative Factor: 0%
	 Eff: -0,1802869113739689
	 DR Bracket: 0
	 Base: 0%
	 Effective Percent: -0%
Mastery
	 Rating: 28116
	 Multiplicative Factor: 0%
	 Eff: 35092,79834234929
	 DR Bracket: 2
	 Base: 19,8%
	 Effective Percent: 90,24%
----------------------
01:57,204

Intellect
	 Rating: 150648
	 Multiplicative Factor: 5%
	 Eff: 150648
Stamina
	 Rating: 874055
	 Multiplicative Factor: 11,3%
	 Eff: 874054,9999999999
Crit
	 Rating: 5979
	 Multiplicative Factor: 0%
	 Eff: 9479,110422791577
	 DR Bracket: 0
	 Base: 5%
	 Effective Percent: 13,54%
	 Crit Inc Heal: 2,6
	 Crit Inc Damage: 2
Haste
	 Rating: 22588
	 Multiplicative Factor: 0%
	 Eff: 22309,277606924414
	 DR Bracket: 1
	 Base: 0%
	 Effective Percent: 33,8%
Vers
	 Rating: 7354
	 Multiplicative Factor: 0%
	 Eff: 9694,155213531936
	 DR Bracket: 0
	 Base: 3%
	 Effective Percent: 12,43%
Leech
	 Rating: 3060
	 Multiplicative Factor: 0%
	 Eff: 5099,661782987872
	 DR Bracket: 0
	 Base: 2%
	 Effective Percent: 5%
Avoidance
	 Rating: -0
	 Multiplicative Factor: 0%
	 Eff: -0,1802869113739689
	 DR Bracket: 0
	 Base: 0%
	 Effective Percent: -0%
Mastery
	 Rating: 28116
	 Multiplicative Factor: 0%
	 Eff: 35092,79834234929
	 DR Bracket: 2
	 Base: 19,8%
	 Effective Percent: 90,24%
----------------------
02:02,353

Intellect
	 Rating: 150648
	 Multiplicative Factor: 5%
	 Eff: 150648
Stamina
	 Rating: 874055
	 Multiplicative Factor: 11,3%
	 Eff: 874054,9999999999
Crit
	 Rating: 5979
	 Multiplicative Factor: 0%
	 Eff: 9479,110422791577
	 DR Bracket: 0
	 Base: 5%
	 Effective Percent: 13,54%
	 Crit Inc Heal: 2,6
	 Crit Inc Damage: 2
Haste
	 Rating: 22588
	 Multiplicative Factor: 0%
	 Eff: 22309,277606924414
	 DR Bracket: 1
	 Base: 0%
	 Effective Percent: 33,8%
Vers
	 Rating: 7354
	 Multiplicative Factor: 0%
	 Eff: 9694,155213531936
	 DR Bracket: 0
	 Base: 3%
	 Effective Percent: 12,43%
Leech
	 Rating: 3060
	 Multiplicative Factor: 0%
	 Eff: 5099,661782987872
	 DR Bracket: 0
	 Base: 2%
	 Effective Percent: 5%
Avoidance
	 Rating: -0
	 Multiplicative Factor: 0%
	 Eff: -0,1802869113739689
	 DR Bracket: 0
	 Base: 0%
	 Effective Percent: -0%
Mastery
	 Rating: 28116
	 Multiplicative Factor: 0%
	 Eff: 35092,79834234929
	 DR Bracket: 2
	 Base: 19,8%
	 Effective Percent: 90,24%
----------------------
02:07,446

Intellect
	 Rating: 150648
	 Multiplicative Factor: 5%
	 Eff: 150648
Stamina
	 Rating: 874055
	 Multiplicative Factor: 11,3%
	 Eff: 874054,9999999999
Crit
	 Rating: 5979
	 Multiplicative Factor: 0%
	 Eff: 9479,110422791577
	 DR Bracket: 0
	 Base: 5%
	 Effective Percent: 13,54%
	 Crit Inc Heal: 2,6
	 Crit Inc Damage: 2
Haste
	 Rating: 22588
	 Multiplicative Factor: 0%
	 Eff: 22309,277606924414
	 DR Bracket: 1
	 Base: 0%
	 Effective Percent: 33,8%
Vers
	 Rating: 7354
	 Multiplicative Factor: 0%
	 Eff: 9694,155213531936
	 DR Bracket: 0
	 Base: 3%
	 Effective Percent: 12,43%
Leech
	 Rating: 3060
	 Multiplicative Factor: 0%
	 Eff: 5099,661782987872
	 DR Bracket: 0
	 Base: 2%
	 Effective Percent: 5%
Avoidance
	 Rating: -0
	 Multiplicative Factor: 0%
	 Eff: -0,1802869113739689
	 DR Bracket: 0
	 Base: 0%
	 Effective Percent: -0%
Mastery
	 Rating: 28116
	 Multiplicative Factor: 0%
	 Eff: 35092,79834234929
	 DR Bracket: 2
	 Base: 19,8%
	 Effective Percent: 90,24%
----------------------
02:12,499

Intellect
	 Rating: 150648
	 Multiplicative Factor: 5%
	 Eff: 150648
Stamina
	 Rating: 874055
	 Multiplicative Factor: 11,3%
	 Eff: 874054,9999999999
Crit
	 Rating: 5979
	 Multiplicative Factor: 0%
	 Eff: 9479,110422791577
	 DR Bracket: 0
	 Base: 5%
	 Effective Percent: 13,54%
	 Crit Inc Heal: 2,6
	 Crit Inc Damage: 2
Haste
	 Rating: 22588
	 Multiplicative Factor: 0%
	 Eff: 22309,277606924414
	 DR Bracket: 1
	 Base: 0%
	 Effective Percent: 33,8%
Vers
	 Rating: 7354
	 Multiplicative Factor: 0%
	 Eff: 9694,155213531936
	 DR Bracket: 0
	 Base: 3%
	 Effective Percent: 12,43%
Leech
	 Rating: 3060
	 Multiplicative Factor: 0%
	 Eff: 5099,661782987872
	 DR Bracket: 0
	 Base: 2%
	 Effective Percent: 5%
Avoidance
	 Rating: -0
	 Multiplicative Factor: 0%
	 Eff: -0,1802869113739689
	 DR Bracket: 0
	 Base: 0%
	 Effective Percent: -0%
Mastery
	 Rating: 28116
	 Multiplicative Factor: 0%
	 Eff: 35092,79834234929
	 DR Bracket: 2
	 Base: 19,8%
	 Effective Percent: 90,24%
----------------------
02:17,559

Intellect
	 Rating: 150648
	 Multiplicative Factor: 5%
	 Eff: 150648
Stamina
	 Rating: 874055
	 Multiplicative Factor: 11,3%
	 Eff: 874054,9999999999
Crit
	 Rating: 5979
	 Multiplicative Factor: 0%
	 Eff: 9479,110422791577
	 DR Bracket: 0
	 Base: 5%
	 Effective Percent: 13,54%
	 Crit Inc Heal: 2,6
	 Crit Inc Damage: 2
Haste
	 Rating: 22588
	 Multiplicative Factor: 0%
	 Eff: 22309,277606924414
	 DR Bracket: 1
	 Base: 0%
	 Effective Percent: 33,8%
Vers
	 Rating: 7354
	 Multiplicative Factor: 0%
	 Eff: 9694,155213531936
	 DR Bracket: 0
	 Base: 3%
	 Effective Percent: 12,43%
Leech
	 Rating: 3060
	 Multiplicative Factor: 0%
	 Eff: 5099,661782987872
	 DR Bracket: 0
	 Base: 2%
	 Effective Percent: 5%
Avoidance
	 Rating: -0
	 Multiplicative Factor: 0%
	 Eff: -0,1802869113739689
	 DR Bracket: 0
	 Base: 0%
	 Effective Percent: -0%
Mastery
	 Rating: 28116
	 Multiplicative Factor: 0%
	 Eff: 35092,79834234929
	 DR Bracket: 2
	 Base: 19,8%
	 Effective Percent: 90,24%
----------------------
02:22,711

Intellect
	 Rating: 150648
	 Multiplicative Factor: 5%
	 Eff: 150648
Stamina
	 Rating: 874055
	 Multiplicative Factor: 11,3%
	 Eff: 874054,9999999999
Crit
	 Rating: 5979
	 Multiplicative Factor: 0%
	 Eff: 9479,110422791577
	 DR Bracket: 0
	 Base: 5%
	 Effective Percent: 13,54%
	 Crit Inc Heal: 2
	 Crit Inc Damage: 2
Haste
	 Rating: 22588
	 Multiplicative Factor: 0%
	 Eff: 22309,277606924414
	 DR Bracket: 1
	 Base: 0%
	 Effective Percent: 33,8%
Vers
	 Rating: 7354
	 Multiplicative Factor: 0%
	 Eff: 9694,155213531936
	 DR Bracket: 0
	 Base: 3%
	 Effective Percent: 12,43%
Leech
	 Rating: 3060
	 Multiplicative Factor: 0%
	 Eff: 5099,661782987872
	 DR Bracket: 0
	 Base: 2%
	 Effective Percent: 5%
Avoidance
	 Rating: -0
	 Multiplicative Factor: 0%
	 Eff: -0,1802869113739689
	 DR Bracket: 0
	 Base: 0%
	 Effective Percent: -0%
Mastery
	 Rating: 28116
	 Multiplicative Factor: 0%
	 Eff: 35092,79834234929
	 DR Bracket: 2
	 Base: 19,8%
	 Effective Percent: 90,24%
----------------------
02:28,381

Intellect
	 Rating: 150648
	 Multiplicative Factor: 5%
	 Eff: 150648
Stamina
	 Rating: 874055
	 Multiplicative Factor: 11,3%
	 Eff: 874054,9999999999
Crit
	 Rating: 5979
	 Multiplicative Factor: 0%
	 Eff: 9479,110422791577
	 DR Bracket: 0
	 Base: 5%
	 Effective Percent: 13,54%
	 Crit Inc Heal: 2
	 Crit Inc Damage: 2
Haste
	 Rating: 22588
	 Multiplicative Factor: 0%
	 Eff: 22309,277606924414
	 DR Bracket: 1
	 Base: 0%
	 Effective Percent: 33,8%
Vers
	 Rating: 7354
	 Multiplicative Factor: 0%
	 Eff: 9694,155213531936
	 DR Bracket: 0
	 Base: 3%
	 Effective Percent: 12,43%
Leech
	 Rating: 3060
	 Multiplicative Factor: 0%
	 Eff: 5099,661782987872
	 DR Bracket: 0
	 Base: 2%
	 Effective Percent: 5%
Avoidance
	 Rating: -0
	 Multiplicative Factor: 0%
	 Eff: -0,1802869113739689
	 DR Bracket: 0
	 Base: 0%
	 Effective Percent: -0%
Mastery
	 Rating: 28116
	 Multiplicative Factor: 0%
	 Eff: 35092,79834234929
	 DR Bracket: 2
	 Base: 19,8%
	 Effective Percent: 90,24%
----------------------
02:33,575

Intellect
	 Rating: 150648
	 Multiplicative Factor: 5%
	 Eff: 150648
Stamina
	 Rating: 874055
	 Multiplicative Factor: 11,3%
	 Eff: 874054,9999999999
Crit
	 Rating: 5979
	 Multiplicative Factor: 0%
	 Eff: 9479,110422791577
	 DR Bracket: 0
	 Base: 5%
	 Effective Percent: 13,54%
	 Crit Inc Heal: 2
	 Crit Inc Damage: 2
Haste
	 Rating: 22588
	 Multiplicative Factor: 0%
	 Eff: 22309,277606924414
	 DR Bracket: 1
	 Base: 0%
	 Effective Percent: 33,8%
Vers
	 Rating: 7354
	 Multiplicative Factor: 0%
	 Eff: 9694,155213531936
	 DR Bracket: 0
	 Base: 3%
	 Effective Percent: 12,43%
Leech
	 Rating: 3060
	 Multiplicative Factor: 0%
	 Eff: 5099,661782987872
	 DR Bracket: 0
	 Base: 2%
	 Effective Percent: 5%
Avoidance
	 Rating: -0
	 Multiplicative Factor: 0%
	 Eff: -0,1802869113739689
	 DR Bracket: 0
	 Base: 0%
	 Effective Percent: -0%
Mastery
	 Rating: 28116
	 Multiplicative Factor: 0%
	 Eff: 35092,79834234929
	 DR Bracket: 2
	 Base: 19,8%
	 Effective Percent: 90,24%
----------------------
02:38,591

Intellect
	 Rating: 150648
	 Multiplicative Factor: 5%
	 Eff: 150648
Stamina
	 Rating: 874055
	 Multiplicative Factor: 11,3%
	 Eff: 874054,9999999999
Crit
	 Rating: 5979
	 Multiplicative Factor: 0%
	 Eff: 9479,110422791577
	 DR Bracket: 0
	 Base: 5%
	 Effective Percent: 13,54%
	 Crit Inc Heal: 2
	 Crit Inc Damage: 2
Haste
	 Rating: 22588
	 Multiplicative Factor: 0%
	 Eff: 22309,277606924414
	 DR Bracket: 1
	 Base: 0%
	 Effective Percent: 33,8%
Vers
	 Rating: 7354
	 Multiplicative Factor: 0%
	 Eff: 9694,155213531936
	 DR Bracket: 0
	 Base: 3%
	 Effective Percent: 12,43%
Leech
	 Rating: 3060
	 Multiplicative Factor: 0%
	 Eff: 5099,661782987872
	 DR Bracket: 0
	 Base: 2%
	 Effective Percent: 5%
Avoidance
	 Rating: -0
	 Multiplicative Factor: 0%
	 Eff: -0,1802869113739689
	 DR Bracket: 0
	 Base: 0%
	 Effective Percent: -0%
Mastery
	 Rating: 28116
	 Multiplicative Factor: 0%
	 Eff: 35092,79834234929
	 DR Bracket: 2
	 Base: 19,8%
	 Effective Percent: 90,24%
----------------------
02:43,596

Intellect
	 Rating: 150648
	 Multiplicative Factor: 5%
	 Eff: 150648
Stamina
	 Rating: 874055
	 Multiplicative Factor: 11,3%
	 Eff: 874054,9999999999
Crit
	 Rating: 5979
	 Multiplicative Factor: 0%
	 Eff: 9479,110422791577
	 DR Bracket: 0
	 Base: 5%
	 Effective Percent: 13,54%
	 Crit Inc Heal: 2
	 Crit Inc Damage: 2
Haste
	 Rating: 22588
	 Multiplicative Factor: 0%
	 Eff: 22309,277606924414
	 DR Bracket: 1
	 Base: 0%
	 Effective Percent: 33,8%
Vers
	 Rating: 7354
	 Multiplicative Factor: 0%
	 Eff: 9694,155213531936
	 DR Bracket: 0
	 Base: 3%
	 Effective Percent: 12,43%
Leech
	 Rating: 3060
	 Multiplicative Factor: 0%
	 Eff: 5099,661782987872
	 DR Bracket: 0
	 Base: 2%
	 Effective Percent: 5%
Avoidance
	 Rating: -0
	 Multiplicative Factor: 0%
	 Eff: -0,1802869113739689
	 DR Bracket: 0
	 Base: 0%
	 Effective Percent: -0%
Mastery
	 Rating: 28116
	 Multiplicative Factor: 0%
	 Eff: 35092,79834234929
	 DR Bracket: 2
	 Base: 19,8%
	 Effective Percent: 90,24%
----------------------
02:50,575

Intellect
	 Rating: 150648
	 Multiplicative Factor: 5%
	 Eff: 150648
Stamina
	 Rating: 874055
	 Multiplicative Factor: 11,3%
	 Eff: 874054,9999999999
Crit
	 Rating: 5979
	 Multiplicative Factor: 0%
	 Eff: 9479,110422791577
	 DR Bracket: 0
	 Base: 5%
	 Effective Percent: 13,54%
	 Crit Inc Heal: 2
	 Crit Inc Damage: 2
Haste
	 Rating: 22588
	 Multiplicative Factor: 0%
	 Eff: 22309,277606924414
	 DR Bracket: 1
	 Base: 0%
	 Effective Percent: 33,8%
Vers
	 Rating: 7354
	 Multiplicative Factor: 0%
	 Eff: 9694,155213531936
	 DR Bracket: 0
	 Base: 3%
	 Effective Percent: 12,43%
Leech
	 Rating: 3060
	 Multiplicative Factor: 0%
	 Eff: 5099,661782987872
	 DR Bracket: 0
	 Base: 2%
	 Effective Percent: 5%
Avoidance
	 Rating: -0
	 Multiplicative Factor: 0%
	 Eff: -0,1802869113739689
	 DR Bracket: 0
	 Base: 0%
	 Effective Percent: -0%
Mastery
	 Rating: 28116
	 Multiplicative Factor: 0%
	 Eff: 35092,79834234929
	 DR Bracket: 2
	 Base: 19,8%
	 Effective Percent: 90,24%
----------------------
02:55,584

Intellect
	 Rating: 150648
	 Multiplicative Factor: 5%
	 Eff: 150648
Stamina
	 Rating: 874055
	 Multiplicative Factor: 11,3%
	 Eff: 874054,9999999999
Crit
	 Rating: 5979
	 Multiplicative Factor: 0%
	 Eff: 9479,110422791577
	 DR Bracket: 0
	 Base: 5%
	 Effective Percent: 13,54%
	 Crit Inc Heal: 2,6
	 Crit Inc Damage: 2
Haste
	 Rating: 22588
	 Multiplicative Factor: 0%
	 Eff: 22309,277606924414
	 DR Bracket: 1
	 Base: 0%
	 Effective Percent: 33,8%
Vers
	 Rating: 7354
	 Multiplicative Factor: 0%
	 Eff: 9694,155213531936
	 DR Bracket: 0
	 Base: 3%
	 Effective Percent: 12,43%
Leech
	 Rating: 3060
	 Multiplicative Factor: 0%
	 Eff: 5099,661782987872
	 DR Bracket: 0
	 Base: 2%
	 Effective Percent: 5%
Avoidance
	 Rating: -0
	 Multiplicative Factor: 0%
	 Eff: -0,1802869113739689
	 DR Bracket: 0
	 Base: 0%
	 Effective Percent: -0%
Mastery
	 Rating: 28116
	 Multiplicative Factor: 0%
	 Eff: 35092,79834234929
	 DR Bracket: 2
	 Base: 19,8%
	 Effective Percent: 90,24%
----------------------
03:00,607

Intellect
	 Rating: 150648
	 Multiplicative Factor: 5%
	 Eff: 150648
Stamina
	 Rating: 874055
	 Multiplicative Factor: 11,3%
	 Eff: 874054,9999999999
Crit
	 Rating: 5979
	 Multiplicative Factor: 0%
	 Eff: 9479,110422791577
	 DR Bracket: 0
	 Base: 5%
	 Effective Percent: 13,54%
	 Crit Inc Heal: 2,6
	 Crit Inc Damage: 2
Haste
	 Rating: 22588
	 Multiplicative Factor: 0%
	 Eff: 22309,277606924414
	 DR Bracket: 1
	 Base: 0%
	 Effective Percent: 33,8%
Vers
	 Rating: 7354
	 Multiplicative Factor: 0%
	 Eff: 9694,155213531936
	 DR Bracket: 0
	 Base: 3%
	 Effective Percent: 12,43%
Leech
	 Rating: 3060
	 Multiplicative Factor: 0%
	 Eff: 5099,661782987872
	 DR Bracket: 0
	 Base: 2%
	 Effective Percent: 5%
Avoidance
	 Rating: -0
	 Multiplicative Factor: 0%
	 Eff: -0,1802869113739689
	 DR Bracket: 0
	 Base: 0%
	 Effective Percent: -0%
Mastery
	 Rating: 28116
	 Multiplicative Factor: 0%
	 Eff: 35092,79834234929
	 DR Bracket: 2
	 Base: 19,8%
	 Effective Percent: 90,24%
----------------------
03:05,774

Intellect
	 Rating: 150648
	 Multiplicative Factor: 5%
	 Eff: 150648
Stamina
	 Rating: 874055
	 Multiplicative Factor: 11,3%
	 Eff: 874054,9999999999
Crit
	 Rating: 5979
	 Multiplicative Factor: 0%
	 Eff: 9479,110422791577
	 DR Bracket: 0
	 Base: 5%
	 Effective Percent: 13,54%
	 Crit Inc Heal: 2,6
	 Crit Inc Damage: 2
Haste
	 Rating: 22588
	 Multiplicative Factor: 0%
	 Eff: 22309,277606924414
	 DR Bracket: 1
	 Base: 0%
	 Effective Percent: 33,8%
Vers
	 Rating: 7354
	 Multiplicative Factor: 0%
	 Eff: 9694,155213531936
	 DR Bracket: 0
	 Base: 3%
	 Effective Percent: 12,43%
Leech
	 Rating: 3060
	 Multiplicative Factor: 0%
	 Eff: 5099,661782987872
	 DR Bracket: 0
	 Base: 2%
	 Effective Percent: 5%
Avoidance
	 Rating: -0
	 Multiplicative Factor: 0%
	 Eff: -0,1802869113739689
	 DR Bracket: 0
	 Base: 0%
	 Effective Percent: -0%
Mastery
	 Rating: 28116
	 Multiplicative Factor: 0%
	 Eff: 35092,79834234929
	 DR Bracket: 2
	 Base: 19,8%
	 Effective Percent: 90,24%
----------------------
03:10,778

Intellect
	 Rating: 150648
	 Multiplicative Factor: 5%
	 Eff: 150648
Stamina
	 Rating: 874055
	 Multiplicative Factor: 11,3%
	 Eff: 874054,9999999999
Crit
	 Rating: 5979
	 Multiplicative Factor: 0%
	 Eff: 9479,110422791577
	 DR Bracket: 0
	 Base: 5%
	 Effective Percent: 13,54%
	 Crit Inc Heal: 2,6
	 Crit Inc Damage: 2
Haste
	 Rating: 22588
	 Multiplicative Factor: 0%
	 Eff: 22309,277606924414
	 DR Bracket: 1
	 Base: 0%
	 Effective Percent: 33,8%
Vers
	 Rating: 7354
	 Multiplicative Factor: 0%
	 Eff: 9694,155213531936
	 DR Bracket: 0
	 Base: 3%
	 Effective Percent: 12,43%
Leech
	 Rating: 3060
	 Multiplicative Factor: 0%
	 Eff: 5099,661782987872
	 DR Bracket: 0
	 Base: 2%
	 Effective Percent: 5%
Avoidance
	 Rating: -0
	 Multiplicative Factor: 0%
	 Eff: -0,1802869113739689
	 DR Bracket: 0
	 Base: 0%
	 Effective Percent: -0%
Mastery
	 Rating: 28116
	 Multiplicative Factor: 0%
	 Eff: 35092,79834234929
	 DR Bracket: 2
	 Base: 19,8%
	 Effective Percent: 90,24%
----------------------
03:15,818

Intellect
	 Rating: 150648
	 Multiplicative Factor: 5%
	 Eff: 150648
Stamina
	 Rating: 874055
	 Multiplicative Factor: 11,3%
	 Eff: 874054,9999999999
Crit
	 Rating: 5979
	 Multiplicative Factor: 0%
	 Eff: 9479,110422791577
	 DR Bracket: 0
	 Base: 5%
	 Effective Percent: 13,54%
	 Crit Inc Heal: 2,6
	 Crit Inc Damage: 2
Haste
	 Rating: 22588
	 Multiplicative Factor: 0%
	 Eff: 22309,277606924414
	 DR Bracket: 1
	 Base: 0%
	 Effective Percent: 33,8%
Vers
	 Rating: 7354
	 Multiplicative Factor: 0%
	 Eff: 9694,155213531936
	 DR Bracket: 0
	 Base: 3%
	 Effective Percent: 12,43%
Leech
	 Rating: 3060
	 Multiplicative Factor: 0%
	 Eff: 5099,661782987872
	 DR Bracket: 0
	 Base: 2%
	 Effective Percent: 5%
Avoidance
	 Rating: -0
	 Multiplicative Factor: 0%
	 Eff: -0,1802869113739689
	 DR Bracket: 0
	 Base: 0%
	 Effective Percent: -0%
Mastery
	 Rating: 28116
	 Multiplicative Factor: 0%
	 Eff: 35092,79834234929
	 DR Bracket: 2
	 Base: 19,8%
	 Effective Percent: 90,24%
----------------------
03:20,818

Intellect
	 Rating: 150648
	 Multiplicative Factor: 5%
	 Eff: 150648
Stamina
	 Rating: 874055
	 Multiplicative Factor: 11,3%
	 Eff: 874054,9999999999
Crit
	 Rating: 5979
	 Multiplicative Factor: 0%
	 Eff: 9479,110422791577
	 DR Bracket: 0
	 Base: 5%
	 Effective Percent: 13,54%
	 Crit Inc Heal: 2,6
	 Crit Inc Damage: 2
Haste
	 Rating: 22588
	 Multiplicative Factor: 0%
	 Eff: 22309,277606924414
	 DR Bracket: 1
	 Base: 0%
	 Effective Percent: 33,8%
Vers
	 Rating: 7354
	 Multiplicative Factor: 0%
	 Eff: 9694,155213531936
	 DR Bracket: 0
	 Base: 3%
	 Effective Percent: 12,43%
Leech
	 Rating: 3060
	 Multiplicative Factor: 0%
	 Eff: 5099,661782987872
	 DR Bracket: 0
	 Base: 2%
	 Effective Percent: 5%
Avoidance
	 Rating: -0
	 Multiplicative Factor: 0%
	 Eff: -0,1802869113739689
	 DR Bracket: 0
	 Base: 0%
	 Effective Percent: -0%
Mastery
	 Rating: 28116
	 Multiplicative Factor: 0%
	 Eff: 35092,79834234929
	 DR Bracket: 2
	 Base: 19,8%
	 Effective Percent: 90,24%
----------------------
03:25,856

Intellect
	 Rating: 150648
	 Multiplicative Factor: 5%
	 Eff: 150648
Stamina
	 Rating: 874055
	 Multiplicative Factor: 11,3%
	 Eff: 874054,9999999999
Crit
	 Rating: 5979
	 Multiplicative Factor: 0%
	 Eff: 9479,110422791577
	 DR Bracket: 0
	 Base: 5%
	 Effective Percent: 13,54%
	 Crit Inc Heal: 2,6
	 Crit Inc Damage: 2
Haste
	 Rating: 22588
	 Multiplicative Factor: 0%
	 Eff: 22309,277606924414
	 DR Bracket: 1
	 Base: 0%
	 Effective Percent: 33,8%
Vers
	 Rating: 7354
	 Multiplicative Factor: 0%
	 Eff: 9694,155213531936
	 DR Bracket: 0
	 Base: 3%
	 Effective Percent: 12,43%
Leech
	 Rating: 3060
	 Multiplicative Factor: 0%
	 Eff: 5099,661782987872
	 DR Bracket: 0
	 Base: 2%
	 Effective Percent: 5%
Avoidance
	 Rating: -0
	 Multiplicative Factor: 0%
	 Eff: -0,1802869113739689
	 DR Bracket: 0
	 Base: 0%
	 Effective Percent: -0%
Mastery
	 Rating: 28116
	 Multiplicative Factor: 0%
	 Eff: 35092,79834234929
	 DR Bracket: 2
	 Base: 19,8%
	 Effective Percent: 90,24%
----------------------
03:31,032

Intellect
	 Rating: 150648
	 Multiplicative Factor: 5%
	 Eff: 150648
Stamina
	 Rating: 874055
	 Multiplicative Factor: 11,3%
	 Eff: 874054,9999999999
Crit
	 Rating: 5979
	 Multiplicative Factor: 0%
	 Eff: 9479,110422791577
	 DR Bracket: 0
	 Base: 5%
	 Effective Percent: 13,54%
	 Crit Inc Heal: 2
	 Crit Inc Damage: 2
Haste
	 Rating: 22588
	 Multiplicative Factor: 0%
	 Eff: 22309,277606924414
	 DR Bracket: 1
	 Base: 0%
	 Effective Percent: 33,8%
Vers
	 Rating: 7354
	 Multiplicative Factor: 0%
	 Eff: 9694,155213531936
	 DR Bracket: 0
	 Base: 3%
	 Effective Percent: 12,43%
Leech
	 Rating: 3060
	 Multiplicative Factor: 0%
	 Eff: 5099,661782987872
	 DR Bracket: 0
	 Base: 2%
	 Effective Percent: 5%
Avoidance
	 Rating: -0
	 Multiplicative Factor: 0%
	 Eff: -0,1802869113739689
	 DR Bracket: 0
	 Base: 0%
	 Effective Percent: -0%
Mastery
	 Rating: 28116
	 Multiplicative Factor: 0%
	 Eff: 35092,79834234929
	 DR Bracket: 2
	 Base: 19,8%
	 Effective Percent: 90,24%
----------------------
03:36,227

Intellect
	 Rating: 150648
	 Multiplicative Factor: 5%
	 Eff: 150648
Stamina
	 Rating: 874055
	 Multiplicative Factor: 11,3%
	 Eff: 874054,9999999999
Crit
	 Rating: 5979
	 Multiplicative Factor: 0%
	 Eff: 9479,110422791577
	 DR Bracket: 0
	 Base: 5%
	 Effective Percent: 13,54%
	 Crit Inc Heal: 2,6
	 Crit Inc Damage: 2
Haste
	 Rating: 22588
	 Multiplicative Factor: 0%
	 Eff: 22309,277606924414
	 DR Bracket: 1
	 Base: 0%
	 Effective Percent: 33,8%
Vers
	 Rating: 7354
	 Multiplicative Factor: 0%
	 Eff: 9694,155213531936
	 DR Bracket: 0
	 Base: 3%
	 Effective Percent: 12,43%
Leech
	 Rating: 3060
	 Multiplicative Factor: 0%
	 Eff: 5099,661782987872
	 DR Bracket: 0
	 Base: 2%
	 Effective Percent: 5%
Avoidance
	 Rating: -0
	 Multiplicative Factor: 0%
	 Eff: -0,1802869113739689
	 DR Bracket: 0
	 Base: 0%
	 Effective Percent: -0%
Mastery
	 Rating: 28116
	 Multiplicative Factor: 0%
	 Eff: 35092,79834234929
	 DR Bracket: 2
	 Base: 19,8%
	 Effective Percent: 90,24%
----------------------
03:41,276

Intellect
	 Rating: 150648
	 Multiplicative Factor: 5%
	 Eff: 150648
Stamina
	 Rating: 874055
	 Multiplicative Factor: 11,3%
	 Eff: 874054,9999999999
Crit
	 Rating: 5979
	 Multiplicative Factor: 0%
	 Eff: 9479,110422791577
	 DR Bracket: 0
	 Base: 5%
	 Effective Percent: 13,54%
	 Crit Inc Heal: 2,6
	 Crit Inc Damage: 2
Haste
	 Rating: 22588
	 Multiplicative Factor: 0%
	 Eff: 22309,277606924414
	 DR Bracket: 1
	 Base: 0%
	 Effective Percent: 33,8%
Vers
	 Rating: 7354
	 Multiplicative Factor: 0%
	 Eff: 9694,155213531936
	 DR Bracket: 0
	 Base: 3%
	 Effective Percent: 12,43%
Leech
	 Rating: 3060
	 Multiplicative Factor: 0%
	 Eff: 5099,661782987872
	 DR Bracket: 0
	 Base: 2%
	 Effective Percent: 5%
Avoidance
	 Rating: -0
	 Multiplicative Factor: 0%
	 Eff: -0,1802869113739689
	 DR Bracket: 0
	 Base: 0%
	 Effective Percent: -0%
Mastery
	 Rating: 28116
	 Multiplicative Factor: 0%
	 Eff: 35092,79834234929
	 DR Bracket: 2
	 Base: 19,8%
	 Effective Percent: 90,24%
----------------------
03:46,429

Intellect
	 Rating: 150648
	 Multiplicative Factor: 5%
	 Eff: 150648
Stamina
	 Rating: 874055
	 Multiplicative Factor: 11,3%
	 Eff: 874054,9999999999
Crit
	 Rating: 5979
	 Multiplicative Factor: 0%
	 Eff: 9479,110422791577
	 DR Bracket: 0
	 Base: 5%
	 Effective Percent: 13,54%
	 Crit Inc Heal: 2,6
	 Crit Inc Damage: 2
Haste
	 Rating: 22588
	 Multiplicative Factor: 0%
	 Eff: 22309,277606924414
	 DR Bracket: 1
	 Base: 0%
	 Effective Percent: 33,8%
Vers
	 Rating: 7354
	 Multiplicative Factor: 0%
	 Eff: 9694,155213531936
	 DR Bracket: 0
	 Base: 3%
	 Effective Percent: 12,43%
Leech
	 Rating: 3060
	 Multiplicative Factor: 0%
	 Eff: 5099,661782987872
	 DR Bracket: 0
	 Base: 2%
	 Effective Percent: 5%
Avoidance
	 Rating: -0
	 Multiplicative Factor: 0%
	 Eff: -0,1802869113739689
	 DR Bracket: 0
	 Base: 0%
	 Effective Percent: -0%
Mastery
	 Rating: 28116
	 Multiplicative Factor: 0%
	 Eff: 35092,79834234929
	 DR Bracket: 2
	 Base: 19,8%
	 Effective Percent: 90,24%
----------------------
03:51,963

Intellect
	 Rating: 150648
	 Multiplicative Factor: 5%
	 Eff: 150648
Stamina
	 Rating: 874055
	 Multiplicative Factor: 11,3%
	 Eff: 874054,9999999999
Crit
	 Rating: 5979
	 Multiplicative Factor: 0%
	 Eff: 9479,110422791577
	 DR Bracket: 0
	 Base: 5%
	 Effective Percent: 13,54%
	 Crit Inc Heal: 2,6
	 Crit Inc Damage: 2
Haste
	 Rating: 22588
	 Multiplicative Factor: 0%
	 Eff: 22309,277606924414
	 DR Bracket: 1
	 Base: 0%
	 Effective Percent: 33,8%
Vers
	 Rating: 7354
	 Multiplicative Factor: 0%
	 Eff: 9694,155213531936
	 DR Bracket: 0
	 Base: 3%
	 Effective Percent: 12,43%
Leech
	 Rating: 3060
	 Multiplicative Factor: 0%
	 Eff: 5099,661782987872
	 DR Bracket: 0
	 Base: 2%
	 Effective Percent: 5%
Avoidance
	 Rating: -0
	 Multiplicative Factor: 0%
	 Eff: -0,1802869113739689
	 DR Bracket: 0
	 Base: 0%
	 Effective Percent: -0%
Mastery
	 Rating: 28116
	 Multiplicative Factor: 0%
	 Eff: 35092,79834234929
	 DR Bracket: 2
	 Base: 19,8%
	 Effective Percent: 90,24%
----------------------
03:57,025

Intellect
	 Rating: 150648
	 Multiplicative Factor: 5%
	 Eff: 150648
Stamina
	 Rating: 874055
	 Multiplicative Factor: 11,3%
	 Eff: 874054,9999999999
Crit
	 Rating: 5979
	 Multiplicative Factor: 0%
	 Eff: 9479,110422791577
	 DR Bracket: 0
	 Base: 5%
	 Effective Percent: 13,54%
	 Crit Inc Heal: 2
	 Crit Inc Damage: 2
Haste
	 Rating: 22588
	 Multiplicative Factor: 0%
	 Eff: 22309,277606924414
	 DR Bracket: 1
	 Base: 0%
	 Effective Percent: 33,8%
Vers
	 Rating: 7354
	 Multiplicative Factor: 0%
	 Eff: 9694,155213531936
	 DR Bracket: 0
	 Base: 3%
	 Effective Percent: 12,43%
Leech
	 Rating: 3060
	 Multiplicative Factor: 0%
	 Eff: 5099,661782987872
	 DR Bracket: 0
	 Base: 2%
	 Effective Percent: 5%
Avoidance
	 Rating: -0
	 Multiplicative Factor: 0%
	 Eff: -0,1802869113739689
	 DR Bracket: 0
	 Base: 0%
	 Effective Percent: -0%
Mastery
	 Rating: 28116
	 Multiplicative Factor: 0%
	 Eff: 35092,79834234929
	 DR Bracket: 2
	 Base: 19,8%
	 Effective Percent: 90,24%
----------------------
04:02,141

Intellect
	 Rating: 150648
	 Multiplicative Factor: 5%
	 Eff: 150648
Stamina
	 Rating: 874055
	 Multiplicative Factor: 11,3%
	 Eff: 874054,9999999999
Crit
	 Rating: 5979
	 Multiplicative Factor: 0%
	 Eff: 9479,110422791577
	 DR Bracket: 0
	 Base: 5%
	 Effective Percent: 13,54%
	 Crit Inc Heal: 2
	 Crit Inc Damage: 2
Haste
	 Rating: 22588
	 Multiplicative Factor: 0%
	 Eff: 22309,277606924414
	 DR Bracket: 1
	 Base: 0%
	 Effective Percent: 33,8%
Vers
	 Rating: 7354
	 Multiplicative Factor: 0%
	 Eff: 9694,155213531936
	 DR Bracket: 0
	 Base: 3%
	 Effective Percent: 12,43%
Leech
	 Rating: 3060
	 Multiplicative Factor: 0%
	 Eff: 5099,661782987872
	 DR Bracket: 0
	 Base: 2%
	 Effective Percent: 5%
Avoidance
	 Rating: -0
	 Multiplicative Factor: 0%
	 Eff: -0,1802869113739689
	 DR Bracket: 0
	 Base: 0%
	 Effective Percent: -0%
Mastery
	 Rating: 28116
	 Multiplicative Factor: 0%
	 Eff: 35092,79834234929
	 DR Bracket: 2
	 Base: 19,8%
	 Effective Percent: 90,24%
----------------------
04:07,187

Intellect
	 Rating: 150648
	 Multiplicative Factor: 5%
	 Eff: 150648
Stamina
	 Rating: 874055
	 Multiplicative Factor: 11,3%
	 Eff: 874054,9999999999
Crit
	 Rating: 5979
	 Multiplicative Factor: 0%
	 Eff: 9479,110422791577
	 DR Bracket: 0
	 Base: 5%
	 Effective Percent: 13,54%
	 Crit Inc Heal: 2
	 Crit Inc Damage: 2
Haste
	 Rating: 22588
	 Multiplicative Factor: 0%
	 Eff: 22309,277606924414
	 DR Bracket: 1
	 Base: 0%
	 Effective Percent: 33,8%
Vers
	 Rating: 7354
	 Multiplicative Factor: 0%
	 Eff: 9694,155213531936
	 DR Bracket: 0
	 Base: 3%
	 Effective Percent: 12,43%
Leech
	 Rating: 3060
	 Multiplicative Factor: 0%
	 Eff: 5099,661782987872
	 DR Bracket: 0
	 Base: 2%
	 Effective Percent: 5%
Avoidance
	 Rating: -0
	 Multiplicative Factor: 0%
	 Eff: -0,1802869113739689
	 DR Bracket: 0
	 Base: 0%
	 Effective Percent: -0%
Mastery
	 Rating: 28116
	 Multiplicative Factor: 0%
	 Eff: 35092,79834234929
	 DR Bracket: 2
	 Base: 19,8%
	 Effective Percent: 90,24%
----------------------
04:16,077

Intellect
	 Rating: 150648
	 Multiplicative Factor: 5%
	 Eff: 150648
Stamina
	 Rating: 874055
	 Multiplicative Factor: 11,3%
	 Eff: 874054,9999999999
Crit
	 Rating: 5979
	 Multiplicative Factor: 0%
	 Eff: 9479,110422791577
	 DR Bracket: 0
	 Base: 5%
	 Effective Percent: 13,54%
	 Crit Inc Heal: 2
	 Crit Inc Damage: 2
Haste
	 Rating: 22588
	 Multiplicative Factor: 0%
	 Eff: 22309,277606924414
	 DR Bracket: 1
	 Base: 0%
	 Effective Percent: 33,8%
Vers
	 Rating: 7354
	 Multiplicative Factor: 0%
	 Eff: 9694,155213531936
	 DR Bracket: 0
	 Base: 3%
	 Effective Percent: 12,43%
Leech
	 Rating: 3060
	 Multiplicative Factor: 0%
	 Eff: 5099,661782987872
	 DR Bracket: 0
	 Base: 2%
	 Effective Percent: 5%
Avoidance
	 Rating: -0
	 Multiplicative Factor: 0%
	 Eff: -0,1802869113739689
	 DR Bracket: 0
	 Base: 0%
	 Effective Percent: -0%
Mastery
	 Rating: 31439
	 Multiplicative Factor: 0%
	 Eff: 37751,19834234929
	 DR Bracket: 2
	 Base: 19,8%
	 Effective Percent: 97,07%
----------------------
04:21,470

Intellect
	 Rating: 150648
	 Multiplicative Factor: 5%
	 Eff: 150648
Stamina
	 Rating: 874055
	 Multiplicative Factor: 11,3%
	 Eff: 874054,9999999999
Crit
	 Rating: 5979
	 Multiplicative Factor: 0%
	 Eff: 9479,110422791577
	 DR Bracket: 0
	 Base: 5%
	 Effective Percent: 13,54%
	 Crit Inc Heal: 2,6
	 Crit Inc Damage: 2
Haste
	 Rating: 22588
	 Multiplicative Factor: 0%
	 Eff: 22309,277606924414
	 DR Bracket: 1
	 Base: 0%
	 Effective Percent: 33,8%
Vers
	 Rating: 7354
	 Multiplicative Factor: 0%
	 Eff: 9694,155213531936
	 DR Bracket: 0
	 Base: 3%
	 Effective Percent: 12,43%
Leech
	 Rating: 3060
	 Multiplicative Factor: 0%
	 Eff: 5099,661782987872
	 DR Bracket: 0
	 Base: 2%
	 Effective Percent: 5%
Avoidance
	 Rating: -0
	 Multiplicative Factor: 0%
	 Eff: -0,1802869113739689
	 DR Bracket: 0
	 Base: 0%
	 Effective Percent: -0%
Mastery
	 Rating: 31439
	 Multiplicative Factor: 0%
	 Eff: 37751,19834234929
	 DR Bracket: 2
	 Base: 19,8%
	 Effective Percent: 97,07%
----------------------
04:26,604

Intellect
	 Rating: 150648
	 Multiplicative Factor: 5%
	 Eff: 150648
Stamina
	 Rating: 874055
	 Multiplicative Factor: 11,3%
	 Eff: 874054,9999999999
Crit
	 Rating: 5979
	 Multiplicative Factor: 0%
	 Eff: 9479,110422791577
	 DR Bracket: 0
	 Base: 5%
	 Effective Percent: 13,54%
	 Crit Inc Heal: 2,6
	 Crit Inc Damage: 2
Haste
	 Rating: 22588
	 Multiplicative Factor: 0%
	 Eff: 22309,277606924414
	 DR Bracket: 1
	 Base: 0%
	 Effective Percent: 33,8%
Vers
	 Rating: 7354
	 Multiplicative Factor: 0%
	 Eff: 9694,155213531936
	 DR Bracket: 0
	 Base: 3%
	 Effective Percent: 12,43%
Leech
	 Rating: 3060
	 Multiplicative Factor: 0%
	 Eff: 5099,661782987872
	 DR Bracket: 0
	 Base: 2%
	 Effective Percent: 5%
Avoidance
	 Rating: -0
	 Multiplicative Factor: 0%
	 Eff: -0,1802869113739689
	 DR Bracket: 0
	 Base: 0%
	 Effective Percent: -0%
Mastery
	 Rating: 31439
	 Multiplicative Factor: 0%
	 Eff: 37751,19834234929
	 DR Bracket: 2
	 Base: 19,8%
	 Effective Percent: 97,07%
----------------------
04:31,686

Intellect
	 Rating: 150648
	 Multiplicative Factor: 5%
	 Eff: 150648
Stamina
	 Rating: 874055
	 Multiplicative Factor: 11,3%
	 Eff: 874054,9999999999
Crit
	 Rating: 5979
	 Multiplicative Factor: 0%
	 Eff: 9479,110422791577
	 DR Bracket: 0
	 Base: 5%
	 Effective Percent: 13,54%
	 Crit Inc Heal: 2
	 Crit Inc Damage: 2
Haste
	 Rating: 22588
	 Multiplicative Factor: 0%
	 Eff: 22309,277606924414
	 DR Bracket: 1
	 Base: 0%
	 Effective Percent: 33,8%
Vers
	 Rating: 7354
	 Multiplicative Factor: 0%
	 Eff: 9694,155213531936
	 DR Bracket: 0
	 Base: 3%
	 Effective Percent: 12,43%
Leech
	 Rating: 3060
	 Multiplicative Factor: 0%
	 Eff: 5099,661782987872
	 DR Bracket: 0
	 Base: 2%
	 Effective Percent: 5%
Avoidance
	 Rating: -0
	 Multiplicative Factor: 0%
	 Eff: -0,1802869113739689
	 DR Bracket: 0
	 Base: 0%
	 Effective Percent: -0%
Mastery
	 Rating: 31439
	 Multiplicative Factor: 0%
	 Eff: 37751,19834234929
	 DR Bracket: 2
	 Base: 19,8%
	 Effective Percent: 97,07%
----------------------
04:36,756

Intellect
	 Rating: 150648
	 Multiplicative Factor: 5%
	 Eff: 150648
Stamina
	 Rating: 874055
	 Multiplicative Factor: 11,3%
	 Eff: 874054,9999999999
Crit
	 Rating: 5979
	 Multiplicative Factor: 0%
	 Eff: 9479,110422791577
	 DR Bracket: 0
	 Base: 5%
	 Effective Percent: 13,54%
	 Crit Inc Heal: 2,6
	 Crit Inc Damage: 2
Haste
	 Rating: 22588
	 Multiplicative Factor: 0%
	 Eff: 22309,277606924414
	 DR Bracket: 1
	 Base: 0%
	 Effective Percent: 33,8%
Vers
	 Rating: 7354
	 Multiplicative Factor: 0%
	 Eff: 9694,155213531936
	 DR Bracket: 0
	 Base: 3%
	 Effective Percent: 12,43%
Leech
	 Rating: 3060
	 Multiplicative Factor: 0%
	 Eff: 5099,661782987872
	 DR Bracket: 0
	 Base: 2%
	 Effective Percent: 5%
Avoidance
	 Rating: -0
	 Multiplicative Factor: 0%
	 Eff: -0,1802869113739689
	 DR Bracket: 0
	 Base: 0%
	 Effective Percent: -0%
Mastery
	 Rating: 31439
	 Multiplicative Factor: 0%
	 Eff: 37751,19834234929
	 DR Bracket: 2
	 Base: 19,8%
	 Effective Percent: 97,07%
----------------------
04:41,791

Intellect
	 Rating: 150648
	 Multiplicative Factor: 5%
	 Eff: 150648
Stamina
	 Rating: 874055
	 Multiplicative Factor: 11,3%
	 Eff: 874054,9999999999
Crit
	 Rating: 5979
	 Multiplicative Factor: 0%
	 Eff: 9479,110422791577
	 DR Bracket: 0
	 Base: 5%
	 Effective Percent: 13,54%
	 Crit Inc Heal: 2,6
	 Crit Inc Damage: 2
Haste
	 Rating: 22588
	 Multiplicative Factor: 0%
	 Eff: 22309,277606924414
	 DR Bracket: 1
	 Base: 0%
	 Effective Percent: 33,8%
Vers
	 Rating: 7354
	 Multiplicative Factor: 0%
	 Eff: 9694,155213531936
	 DR Bracket: 0
	 Base: 3%
	 Effective Percent: 12,43%
Leech
	 Rating: 3060
	 Multiplicative Factor: 0%
	 Eff: 5099,661782987872
	 DR Bracket: 0
	 Base: 2%
	 Effective Percent: 5%
Avoidance
	 Rating: -0
	 Multiplicative Factor: 0%
	 Eff: -0,1802869113739689
	 DR Bracket: 0
	 Base: 0%
	 Effective Percent: -0%
Mastery
	 Rating: 31439
	 Multiplicative Factor: 0%
	 Eff: 37751,19834234929
	 DR Bracket: 2
	 Base: 19,8%
	 Effective Percent: 97,07%
----------------------
04:46,916

Intellect
	 Rating: 150648
	 Multiplicative Factor: 5%
	 Eff: 150648
Stamina
	 Rating: 874055
	 Multiplicative Factor: 11,3%
	 Eff: 874054,9999999999
Crit
	 Rating: 5979
	 Multiplicative Factor: 0%
	 Eff: 9479,110422791577
	 DR Bracket: 0
	 Base: 5%
	 Effective Percent: 13,54%
	 Crit Inc Heal: 2,6
	 Crit Inc Damage: 2
Haste
	 Rating: 22588
	 Multiplicative Factor: 0%
	 Eff: 22309,277606924414
	 DR Bracket: 1
	 Base: 0%
	 Effective Percent: 33,8%
Vers
	 Rating: 7354
	 Multiplicative Factor: 0%
	 Eff: 9694,155213531936
	 DR Bracket: 0
	 Base: 3%
	 Effective Percent: 12,43%
Leech
	 Rating: 3060
	 Multiplicative Factor: 0%
	 Eff: 5099,661782987872
	 DR Bracket: 0
	 Base: 2%
	 Effective Percent: 5%
Avoidance
	 Rating: -0
	 Multiplicative Factor: 0%
	 Eff: -0,1802869113739689
	 DR Bracket: 0
	 Base: 0%
	 Effective Percent: -0%
Mastery
	 Rating: 31439
	 Multiplicative Factor: 0%
	 Eff: 37751,19834234929
	 DR Bracket: 2
	 Base: 19,8%
	 Effective Percent: 97,07%
----------------------
04:51,992

Intellect
	 Rating: 150648
	 Multiplicative Factor: 5%
	 Eff: 150648
Stamina
	 Rating: 874055
	 Multiplicative Factor: 11,3%
	 Eff: 874054,9999999999
Crit
	 Rating: 5979
	 Multiplicative Factor: 0%
	 Eff: 9479,110422791577
	 DR Bracket: 0
	 Base: 5%
	 Effective Percent: 13,54%
	 Crit Inc Heal: 2,6
	 Crit Inc Damage: 2
Haste
	 Rating: 22588
	 Multiplicative Factor: 0%
	 Eff: 22309,277606924414
	 DR Bracket: 1
	 Base: 0%
	 Effective Percent: 33,8%
Vers
	 Rating: 7354
	 Multiplicative Factor: 0%
	 Eff: 9694,155213531936
	 DR Bracket: 0
	 Base: 3%
	 Effective Percent: 12,43%
Leech
	 Rating: 3060
	 Multiplicative Factor: 0%
	 Eff: 5099,661782987872
	 DR Bracket: 0
	 Base: 2%
	 Effective Percent: 5%
Avoidance
	 Rating: -0
	 Multiplicative Factor: 0%
	 Eff: -0,1802869113739689
	 DR Bracket: 0
	 Base: 0%
	 Effective Percent: -0%
Mastery
	 Rating: 31439
	 Multiplicative Factor: 0%
	 Eff: 37751,19834234929
	 DR Bracket: 2
	 Base: 19,8%
	 Effective Percent: 97,07%
----------------------
04:57,083

Intellect
	 Rating: 150648
	 Multiplicative Factor: 5%
	 Eff: 150648
Stamina
	 Rating: 874055
	 Multiplicative Factor: 11,3%
	 Eff: 874054,9999999999
Crit
	 Rating: 5979
	 Multiplicative Factor: 0%
	 Eff: 9479,110422791577
	 DR Bracket: 0
	 Base: 5%
	 Effective Percent: 13,54%
	 Crit Inc Heal: 2,6
	 Crit Inc Damage: 2
Haste
	 Rating: 22588
	 Multiplicative Factor: 0%
	 Eff: 22309,277606924414
	 DR Bracket: 1
	 Base: 0%
	 Effective Percent: 33,8%
Vers
	 Rating: 7354
	 Multiplicative Factor: 0%
	 Eff: 9694,155213531936
	 DR Bracket: 0
	 Base: 3%
	 Effective Percent: 12,43%
Leech
	 Rating: 3060
	 Multiplicative Factor: 0%
	 Eff: 5099,661782987872
	 DR Bracket: 0
	 Base: 2%
	 Effective Percent: 5%
Avoidance
	 Rating: -0
	 Multiplicative Factor: 0%
	 Eff: -0,1802869113739689
	 DR Bracket: 0
	 Base: 0%
	 Effective Percent: -0%
Mastery
	 Rating: 31439
	 Multiplicative Factor: 0%
	 Eff: 37751,19834234929
	 DR Bracket: 2
	 Base: 19,8%
	 Effective Percent: 97,07%
----------------------
05:02,114

Intellect
	 Rating: 150648
	 Multiplicative Factor: 5%
	 Eff: 150648
Stamina
	 Rating: 874055
	 Multiplicative Factor: 11,3%
	 Eff: 874054,9999999999
Crit
	 Rating: 5979
	 Multiplicative Factor: 0%
	 Eff: 9479,110422791577
	 DR Bracket: 0
	 Base: 5%
	 Effective Percent: 13,54%
	 Crit Inc Heal: 2,6
	 Crit Inc Damage: 2
Haste
	 Rating: 22588
	 Multiplicative Factor: 0%
	 Eff: 22309,277606924414
	 DR Bracket: 1
	 Base: 0%
	 Effective Percent: 33,8%
Vers
	 Rating: 7354
	 Multiplicative Factor: 0%
	 Eff: 9694,155213531936
	 DR Bracket: 0
	 Base: 3%
	 Effective Percent: 12,43%
Leech
	 Rating: 3060
	 Multiplicative Factor: 0%
	 Eff: 5099,661782987872
	 DR Bracket: 0
	 Base: 2%
	 Effective Percent: 5%
Avoidance
	 Rating: -0
	 Multiplicative Factor: 0%
	 Eff: -0,1802869113739689
	 DR Bracket: 0
	 Base: 0%
	 Effective Percent: -0%
Mastery
	 Rating: 31439
	 Multiplicative Factor: 0%
	 Eff: 37751,19834234929
	 DR Bracket: 2
	 Base: 19,8%
	 Effective Percent: 97,07%
----------------------
05:07,223

Intellect
	 Rating: 150648
	 Multiplicative Factor: 5%
	 Eff: 150648
Stamina
	 Rating: 874055
	 Multiplicative Factor: 11,3%
	 Eff: 874054,9999999999
Crit
	 Rating: 5979
	 Multiplicative Factor: 0%
	 Eff: 9479,110422791577
	 DR Bracket: 0
	 Base: 5%
	 Effective Percent: 13,54%
	 Crit Inc Heal: 2,6
	 Crit Inc Damage: 2
Haste
	 Rating: 22588
	 Multiplicative Factor: 0%
	 Eff: 22309,277606924414
	 DR Bracket: 1
	 Base: 0%
	 Effective Percent: 33,8%
Vers
	 Rating: 7354
	 Multiplicative Factor: 0%
	 Eff: 9694,155213531936
	 DR Bracket: 0
	 Base: 3%
	 Effective Percent: 12,43%
Leech
	 Rating: 3060
	 Multiplicative Factor: 0%
	 Eff: 5099,661782987872
	 DR Bracket: 0
	 Base: 2%
	 Effective Percent: 5%
Avoidance
	 Rating: -0
	 Multiplicative Factor: 0%
	 Eff: -0,1802869113739689
	 DR Bracket: 0
	 Base: 0%
	 Effective Percent: -0%
Mastery
	 Rating: 31439
	 Multiplicative Factor: 0%
	 Eff: 37751,19834234929
	 DR Bracket: 2
	 Base: 19,8%
	 Effective Percent: 97,07%
----------------------
05:12,293

Intellect
	 Rating: 150648
	 Multiplicative Factor: 5%
	 Eff: 150648
Stamina
	 Rating: 874055
	 Multiplicative Factor: 11,3%
	 Eff: 874054,9999999999
Crit
	 Rating: 5979
	 Multiplicative Factor: 0%
	 Eff: 9479,110422791577
	 DR Bracket: 0
	 Base: 5%
	 Effective Percent: 13,54%
	 Crit Inc Heal: 2,6
	 Crit Inc Damage: 2
Haste
	 Rating: 22588
	 Multiplicative Factor: 0%
	 Eff: 22309,277606924414
	 DR Bracket: 1
	 Base: 0%
	 Effective Percent: 33,8%
Vers
	 Rating: 7354
	 Multiplicative Factor: 0%
	 Eff: 9694,155213531936
	 DR Bracket: 0
	 Base: 3%
	 Effective Percent: 12,43%
Leech
	 Rating: 3060
	 Multiplicative Factor: 0%
	 Eff: 5099,661782987872
	 DR Bracket: 0
	 Base: 2%
	 Effective Percent: 5%
Avoidance
	 Rating: -0
	 Multiplicative Factor: 0%
	 Eff: -0,1802869113739689
	 DR Bracket: 0
	 Base: 0%
	 Effective Percent: -0%
Mastery
	 Rating: 31439
	 Multiplicative Factor: 0%
	 Eff: 37751,19834234929
	 DR Bracket: 2
	 Base: 19,8%
	 Effective Percent: 97,07%
----------------------
05:17,305

Intellect
	 Rating: 150648
	 Multiplicative Factor: 5%
	 Eff: 150648
Stamina
	 Rating: 874055
	 Multiplicative Factor: 11,3%
	 Eff: 874054,9999999999
Crit
	 Rating: 5979
	 Multiplicative Factor: 0%
	 Eff: 9479,110422791577
	 DR Bracket: 0
	 Base: 5%
	 Effective Percent: 13,54%
	 Crit Inc Heal: 2
	 Crit Inc Damage: 2
Haste
	 Rating: 22588
	 Multiplicative Factor: 0%
	 Eff: 22309,277606924414
	 DR Bracket: 1
	 Base: 0%
	 Effective Percent: 33,8%
Vers
	 Rating: 7354
	 Multiplicative Factor: 0%
	 Eff: 9694,155213531936
	 DR Bracket: 0
	 Base: 3%
	 Effective Percent: 12,43%
Leech
	 Rating: 3060
	 Multiplicative Factor: 0%
	 Eff: 5099,661782987872
	 DR Bracket: 0
	 Base: 2%
	 Effective Percent: 5%
Avoidance
	 Rating: -0
	 Multiplicative Factor: 0%
	 Eff: -0,1802869113739689
	 DR Bracket: 0
	 Base: 0%
	 Effective Percent: -0%
Mastery
	 Rating: 31439
	 Multiplicative Factor: 0%
	 Eff: 37751,19834234929
	 DR Bracket: 2
	 Base: 19,8%
	 Effective Percent: 97,07%
----------------------
05:22,380

Intellect
	 Rating: 150648
	 Multiplicative Factor: 5%
	 Eff: 150648
Stamina
	 Rating: 874055
	 Multiplicative Factor: 11,3%
	 Eff: 874054,9999999999
Crit
	 Rating: 5979
	 Multiplicative Factor: 0%
	 Eff: 9479,110422791577
	 DR Bracket: 0
	 Base: 5%
	 Effective Percent: 13,54%
	 Crit Inc Heal: 2
	 Crit Inc Damage: 2
Haste
	 Rating: 22588
	 Multiplicative Factor: 0%
	 Eff: 22309,277606924414
	 DR Bracket: 1
	 Base: 0%
	 Effective Percent: 33,8%
Vers
	 Rating: 7354
	 Multiplicative Factor: 0%
	 Eff: 9694,155213531936
	 DR Bracket: 0
	 Base: 3%
	 Effective Percent: 12,43%
Leech
	 Rating: 3060
	 Multiplicative Factor: 0%
	 Eff: 5099,661782987872
	 DR Bracket: 0
	 Base: 2%
	 Effective Percent: 5%
Avoidance
	 Rating: -0
	 Multiplicative Factor: 0%
	 Eff: -0,1802869113739689
	 DR Bracket: 0
	 Base: 0%
	 Effective Percent: -0%
Mastery
	 Rating: 31439
	 Multiplicative Factor: 0%
	 Eff: 37751,19834234929
	 DR Bracket: 2
	 Base: 19,8%
	 Effective Percent: 97,07%
----------------------
05:27,453

Intellect
	 Rating: 150648
	 Multiplicative Factor: 5%
	 Eff: 150648
Stamina
	 Rating: 874055
	 Multiplicative Factor: 11,3%
	 Eff: 874054,9999999999
Crit
	 Rating: 5979
	 Multiplicative Factor: 0%
	 Eff: 9479,110422791577
	 DR Bracket: 0
	 Base: 5%
	 Effective Percent: 13,54%
	 Crit Inc Heal: 2
	 Crit Inc Damage: 2
Haste
	 Rating: 22588
	 Multiplicative Factor: 0%
	 Eff: 22309,277606924414
	 DR Bracket: 1
	 Base: 0%
	 Effective Percent: 33,8%
Vers
	 Rating: 7354
	 Multiplicative Factor: 0%
	 Eff: 9694,155213531936
	 DR Bracket: 0
	 Base: 3%
	 Effective Percent: 12,43%
Leech
	 Rating: 3060
	 Multiplicative Factor: 0%
	 Eff: 5099,661782987872
	 DR Bracket: 0
	 Base: 2%
	 Effective Percent: 5%
Avoidance
	 Rating: -0
	 Multiplicative Factor: 0%
	 Eff: -0,1802869113739689
	 DR Bracket: 0
	 Base: 0%
	 Effective Percent: -0%
Mastery
	 Rating: 31439
	 Multiplicative Factor: 0%
	 Eff: 37751,19834234929
	 DR Bracket: 2
	 Base: 19,8%
	 Effective Percent: 97,07%
----------------------
05:32,648

Intellect
	 Rating: 150648
	 Multiplicative Factor: 5%
	 Eff: 150648
Stamina
	 Rating: 874055
	 Multiplicative Factor: 11,3%
	 Eff: 874054,9999999999
Crit
	 Rating: 5979
	 Multiplicative Factor: 0%
	 Eff: 9479,110422791577
	 DR Bracket: 0
	 Base: 5%
	 Effective Percent: 13,54%
	 Crit Inc Heal: 2
	 Crit Inc Damage: 2
Haste
	 Rating: 22588
	 Multiplicative Factor: 0%
	 Eff: 22309,277606924414
	 DR Bracket: 1
	 Base: 0%
	 Effective Percent: 33,8%
Vers
	 Rating: 7354
	 Multiplicative Factor: 0%
	 Eff: 9694,155213531936
	 DR Bracket: 0
	 Base: 3%
	 Effective Percent: 12,43%
Leech
	 Rating: 3060
	 Multiplicative Factor: 0%
	 Eff: 5099,661782987872
	 DR Bracket: 0
	 Base: 2%
	 Effective Percent: 5%
Avoidance
	 Rating: -0
	 Multiplicative Factor: 0%
	 Eff: -0,1802869113739689
	 DR Bracket: 0
	 Base: 0%
	 Effective Percent: -0%
Mastery
	 Rating: 31439
	 Multiplicative Factor: 0%
	 Eff: 37751,19834234929
	 DR Bracket: 2
	 Base: 19,8%
	 Effective Percent: 97,07%
----------------------
05:37,665

Intellect
	 Rating: 150648
	 Multiplicative Factor: 5%
	 Eff: 150648
Stamina
	 Rating: 874055
	 Multiplicative Factor: 11,3%
	 Eff: 874054,9999999999
Crit
	 Rating: 5979
	 Multiplicative Factor: 0%
	 Eff: 9479,110422791577
	 DR Bracket: 0
	 Base: 5%
	 Effective Percent: 13,54%
	 Crit Inc Heal: 2
	 Crit Inc Damage: 2
Haste
	 Rating: 22588
	 Multiplicative Factor: 0%
	 Eff: 22309,277606924414
	 DR Bracket: 1
	 Base: 0%
	 Effective Percent: 33,8%
Vers
	 Rating: 7354
	 Multiplicative Factor: 0%
	 Eff: 9694,155213531936
	 DR Bracket: 0
	 Base: 3%
	 Effective Percent: 12,43%
Leech
	 Rating: 3060
	 Multiplicative Factor: 0%
	 Eff: 5099,661782987872
	 DR Bracket: 0
	 Base: 2%
	 Effective Percent: 5%
Avoidance
	 Rating: -0
	 Multiplicative Factor: 0%
	 Eff: -0,1802869113739689
	 DR Bracket: 0
	 Base: 0%
	 Effective Percent: -0%
Mastery
	 Rating: 31439
	 Multiplicative Factor: 0%
	 Eff: 37751,19834234929
	 DR Bracket: 2
	 Base: 19,8%
	 Effective Percent: 97,07%
----------------------
05:42,681

Intellect
	 Rating: 150648
	 Multiplicative Factor: 5%
	 Eff: 150648
Stamina
	 Rating: 874055
	 Multiplicative Factor: 11,3%
	 Eff: 874054,9999999999
Crit
	 Rating: 5979
	 Multiplicative Factor: 0%
	 Eff: 9479,110422791577
	 DR Bracket: 0
	 Base: 5%
	 Effective Percent: 13,54%
	 Crit Inc Heal: 2
	 Crit Inc Damage: 2
Haste
	 Rating: 22588
	 Multiplicative Factor: 0%
	 Eff: 48802,06088900174
	 DR Bracket: 1
	 Base: 30%
	 Effective Percent: 73,94%
Vers
	 Rating: 7354
	 Multiplicative Factor: 0%
	 Eff: 9694,155213531936
	 DR Bracket: 0
	 Base: 3%
	 Effective Percent: 12,43%
Leech
	 Rating: 3060
	 Multiplicative Factor: 0%
	 Eff: 5099,661782987872
	 DR Bracket: 0
	 Base: 2%
	 Effective Percent: 5%
Avoidance
	 Rating: -0
	 Multiplicative Factor: 0%
	 Eff: -0,1802869113739689
	 DR Bracket: 0
	 Base: 0%
	 Effective Percent: -0%
Mastery
	 Rating: 31439
	 Multiplicative Factor: 0%
	 Eff: 37751,19834234929
	 DR Bracket: 2
	 Base: 19,8%
	 Effective Percent: 97,07%
----------------------
05:47,866

Intellect
	 Rating: 150648
	 Multiplicative Factor: 5%
	 Eff: 150648
Stamina
	 Rating: 874055
	 Multiplicative Factor: 11,3%
	 Eff: 874054,9999999999
Crit
	 Rating: 5979
	 Multiplicative Factor: 0%
	 Eff: 9479,110422791577
	 DR Bracket: 0
	 Base: 5%
	 Effective Percent: 13,54%
	 Crit Inc Heal: 2
	 Crit Inc Damage: 2
Haste
	 Rating: 22588
	 Multiplicative Factor: 0%
	 Eff: 48802,06088900174
	 DR Bracket: 1
	 Base: 30%
	 Effective Percent: 73,94%
Vers
	 Rating: 7354
	 Multiplicative Factor: 0%
	 Eff: 9694,155213531936
	 DR Bracket: 0
	 Base: 3%
	 Effective Percent: 12,43%
Leech
	 Rating: 3060
	 Multiplicative Factor: 0%
	 Eff: 5099,661782987872
	 DR Bracket: 0
	 Base: 2%
	 Effective Percent: 5%
Avoidance
	 Rating: -0
	 Multiplicative Factor: 0%
	 Eff: -0,1802869113739689
	 DR Bracket: 0
	 Base: 0%
	 Effective Percent: -0%
Mastery
	 Rating: 31439
	 Multiplicative Factor: 0%
	 Eff: 37751,19834234929
	 DR Bracket: 2
	 Base: 19,8%
	 Effective Percent: 97,07%
----------------------
05:53,721

Intellect
	 Rating: 150648
	 Multiplicative Factor: 5%
	 Eff: 150648
Stamina
	 Rating: 874055
	 Multiplicative Factor: 11,3%
	 Eff: 874054,9999999999
Crit
	 Rating: 5979
	 Multiplicative Factor: 0%
	 Eff: 9479,110422791577
	 DR Bracket: 0
	 Base: 5%
	 Effective Percent: 13,54%
	 Crit Inc Heal: 2,6
	 Crit Inc Damage: 2
Haste
	 Rating: 22588
	 Multiplicative Factor: 0%
	 Eff: 48802,06088900174
	 DR Bracket: 1
	 Base: 30%
	 Effective Percent: 73,94%
Vers
	 Rating: 7354
	 Multiplicative Factor: 0%
	 Eff: 9694,155213531936
	 DR Bracket: 0
	 Base: 3%
	 Effective Percent: 12,43%
Leech
	 Rating: 3060
	 Multiplicative Factor: 0%
	 Eff: 5099,661782987872
	 DR Bracket: 0
	 Base: 2%
	 Effective Percent: 5%
Avoidance
	 Rating: -0
	 Multiplicative Factor: 0%
	 Eff: -0,1802869113739689
	 DR Bracket: 0
	 Base: 0%
	 Effective Percent: -0%
Mastery
	 Rating: 31439
	 Multiplicative Factor: 0%
	 Eff: 37751,19834234929
	 DR Bracket: 2
	 Base: 19,8%
	 Effective Percent: 97,07%
----------------------
05:58,791

Intellect
	 Rating: 150648
	 Multiplicative Factor: 5%
	 Eff: 150648
Stamina
	 Rating: 874055
	 Multiplicative Factor: 11,3%
	 Eff: 874054,9999999999
Crit
	 Rating: 5979
	 Multiplicative Factor: 0%
	 Eff: 9479,110422791577
	 DR Bracket: 0
	 Base: 5%
	 Effective Percent: 13,54%
	 Crit Inc Heal: 2,6
	 Crit Inc Damage: 2
Haste
	 Rating: 22588
	 Multiplicative Factor: 0%
	 Eff: 48802,06088900174
	 DR Bracket: 1
	 Base: 30%
	 Effective Percent: 73,94%
Vers
	 Rating: 7354
	 Multiplicative Factor: 0%
	 Eff: 9694,155213531936
	 DR Bracket: 0
	 Base: 3%
	 Effective Percent: 12,43%
Leech
	 Rating: 3060
	 Multiplicative Factor: 0%
	 Eff: 5099,661782987872
	 DR Bracket: 0
	 Base: 2%
	 Effective Percent: 5%
Avoidance
	 Rating: -0
	 Multiplicative Factor: 0%
	 Eff: -0,1802869113739689
	 DR Bracket: 0
	 Base: 0%
	 Effective Percent: -0%
Mastery
	 Rating: 31439
	 Multiplicative Factor: 0%
	 Eff: 37751,19834234929
	 DR Bracket: 2
	 Base: 19,8%
	 Effective Percent: 97,07%
----------------------
06:03,815

Intellect
	 Rating: 150648
	 Multiplicative Factor: 5%
	 Eff: 150648
Stamina
	 Rating: 874055
	 Multiplicative Factor: 11,3%
	 Eff: 874054,9999999999
Crit
	 Rating: 5979
	 Multiplicative Factor: 0%
	 Eff: 9479,110422791577
	 DR Bracket: 0
	 Base: 5%
	 Effective Percent: 13,54%
	 Crit Inc Heal: 2,6
	 Crit Inc Damage: 2
Haste
	 Rating: 22588
	 Multiplicative Factor: 0%
	 Eff: 48802,06088900174
	 DR Bracket: 1
	 Base: 30%
	 Effective Percent: 73,94%
Vers
	 Rating: 7354
	 Multiplicative Factor: 0%
	 Eff: 9694,155213531936
	 DR Bracket: 0
	 Base: 3%
	 Effective Percent: 12,43%
Leech
	 Rating: 3060
	 Multiplicative Factor: 0%
	 Eff: 5099,661782987872
	 DR Bracket: 0
	 Base: 2%
	 Effective Percent: 5%
Avoidance
	 Rating: -0
	 Multiplicative Factor: 0%
	 Eff: -0,1802869113739689
	 DR Bracket: 0
	 Base: 0%
	 Effective Percent: -0%
Mastery
	 Rating: 31439
	 Multiplicative Factor: 0%
	 Eff: 37751,19834234929
	 DR Bracket: 2
	 Base: 19,8%
	 Effective Percent: 97,07%
----------------------
06:08,981

Intellect
	 Rating: 150648
	 Multiplicative Factor: 5%
	 Eff: 150648
Stamina
	 Rating: 874055
	 Multiplicative Factor: 11,3%
	 Eff: 874054,9999999999
Crit
	 Rating: 5979
	 Multiplicative Factor: 0%
	 Eff: 9479,110422791577
	 DR Bracket: 0
	 Base: 5%
	 Effective Percent: 13,54%
	 Crit Inc Heal: 2,6
	 Crit Inc Damage: 2
Haste
	 Rating: 22588
	 Multiplicative Factor: 0%
	 Eff: 48802,06088900174
	 DR Bracket: 1
	 Base: 30%
	 Effective Percent: 73,94%
Vers
	 Rating: 7354
	 Multiplicative Factor: 0%
	 Eff: 9694,155213531936
	 DR Bracket: 0
	 Base: 3%
	 Effective Percent: 12,43%
Leech
	 Rating: 3060
	 Multiplicative Factor: 0%
	 Eff: 5099,661782987872
	 DR Bracket: 0
	 Base: 2%
	 Effective Percent: 5%
Avoidance
	 Rating: -0
	 Multiplicative Factor: 0%
	 Eff: -0,1802869113739689
	 DR Bracket: 0
	 Base: 0%
	 Effective Percent: -0%
Mastery
	 Rating: 31439
	 Multiplicative Factor: 0%
	 Eff: 37751,19834234929
	 DR Bracket: 2
	 Base: 19,8%
	 Effective Percent: 97,07%
----------------------
06:14,163

Intellect
	 Rating: 150648
	 Multiplicative Factor: 5%
	 Eff: 150648
Stamina
	 Rating: 874055
	 Multiplicative Factor: 11,3%
	 Eff: 874054,9999999999
Crit
	 Rating: 5979
	 Multiplicative Factor: 0%
	 Eff: 9479,110422791577
	 DR Bracket: 0
	 Base: 5%
	 Effective Percent: 13,54%
	 Crit Inc Heal: 2,6
	 Crit Inc Damage: 2
Haste
	 Rating: 22588
	 Multiplicative Factor: 0%
	 Eff: 48802,06088900174
	 DR Bracket: 1
	 Base: 30%
	 Effective Percent: 73,94%
Vers
	 Rating: 7354
	 Multiplicative Factor: 0%
	 Eff: 9694,155213531936
	 DR Bracket: 0
	 Base: 3%
	 Effective Percent: 12,43%
Leech
	 Rating: 3060
	 Multiplicative Factor: 0%
	 Eff: 5099,661782987872
	 DR Bracket: 0
	 Base: 2%
	 Effective Percent: 5%
Avoidance
	 Rating: -0
	 Multiplicative Factor: 0%
	 Eff: -0,1802869113739689
	 DR Bracket: 0
	 Base: 0%
	 Effective Percent: -0%
Mastery
	 Rating: 31439
	 Multiplicative Factor: 0%
	 Eff: 37751,19834234929
	 DR Bracket: 2
	 Base: 19,8%
	 Effective Percent: 97,07%
----------------------
06:19,184

Intellect
	 Rating: 150648
	 Multiplicative Factor: 5%
	 Eff: 150648
Stamina
	 Rating: 874055
	 Multiplicative Factor: 11,3%
	 Eff: 874054,9999999999
Crit
	 Rating: 5979
	 Multiplicative Factor: 0%
	 Eff: 9479,110422791577
	 DR Bracket: 0
	 Base: 5%
	 Effective Percent: 13,54%
	 Crit Inc Heal: 2,6
	 Crit Inc Damage: 2
Haste
	 Rating: 22588
	 Multiplicative Factor: 0%
	 Eff: 48802,06088900174
	 DR Bracket: 1
	 Base: 30%
	 Effective Percent: 73,94%
Vers
	 Rating: 7354
	 Multiplicative Factor: 0%
	 Eff: 9694,155213531936
	 DR Bracket: 0
	 Base: 3%
	 Effective Percent: 12,43%
Leech
	 Rating: 3060
	 Multiplicative Factor: 0%
	 Eff: 5099,661782987872
	 DR Bracket: 0
	 Base: 2%
	 Effective Percent: 5%
Avoidance
	 Rating: -0
	 Multiplicative Factor: 0%
	 Eff: -0,1802869113739689
	 DR Bracket: 0
	 Base: 0%
	 Effective Percent: -0%
Mastery
	 Rating: 31439
	 Multiplicative Factor: 0%
	 Eff: 37751,19834234929
	 DR Bracket: 2
	 Base: 19,8%
	 Effective Percent: 97,07%
----------------------
06:24,319

Intellect
	 Rating: 150648
	 Multiplicative Factor: 5%
	 Eff: 150648
Stamina
	 Rating: 874055
	 Multiplicative Factor: 11,3%
	 Eff: 874054,9999999999
Crit
	 Rating: 5979
	 Multiplicative Factor: 0%
	 Eff: 9479,110422791577
	 DR Bracket: 0
	 Base: 5%
	 Effective Percent: 13,54%
	 Crit Inc Heal: 2,6
	 Crit Inc Damage: 2
Haste
	 Rating: 22588
	 Multiplicative Factor: 0%
	 Eff: 22309,277606924414
	 DR Bracket: 1
	 Base: 0%
	 Effective Percent: 33,8%
Vers
	 Rating: 7354
	 Multiplicative Factor: 0%
	 Eff: 9694,155213531936
	 DR Bracket: 0
	 Base: 3%
	 Effective Percent: 12,43%
Leech
	 Rating: 3060
	 Multiplicative Factor: 0%
	 Eff: 5099,661782987872
	 DR Bracket: 0
	 Base: 2%
	 Effective Percent: 5%
Avoidance
	 Rating: -0
	 Multiplicative Factor: 0%
	 Eff: -0,1802869113739689
	 DR Bracket: 0
	 Base: 0%
	 Effective Percent: -0%
Mastery
	 Rating: 31439
	 Multiplicative Factor: 0%
	 Eff: 37751,19834234929
	 DR Bracket: 2
	 Base: 19,8%
	 Effective Percent: 97,07%
----------------------
06:29,325

Intellect
	 Rating: 150648
	 Multiplicative Factor: 5%
	 Eff: 150648
Stamina
	 Rating: 874055
	 Multiplicative Factor: 11,3%
	 Eff: 874054,9999999999
Crit
	 Rating: 5979
	 Multiplicative Factor: 0%
	 Eff: 9479,110422791577
	 DR Bracket: 0
	 Base: 5%
	 Effective Percent: 13,54%
	 Crit Inc Heal: 2,6
	 Crit Inc Damage: 2
Haste
	 Rating: 22588
	 Multiplicative Factor: 0%
	 Eff: 22309,277606924414
	 DR Bracket: 1
	 Base: 0%
	 Effective Percent: 33,8%
Vers
	 Rating: 7354
	 Multiplicative Factor: 0%
	 Eff: 9694,155213531936
	 DR Bracket: 0
	 Base: 3%
	 Effective Percent: 12,43%
Leech
	 Rating: 3060
	 Multiplicative Factor: 0%
	 Eff: 5099,661782987872
	 DR Bracket: 0
	 Base: 2%
	 Effective Percent: 5%
Avoidance
	 Rating: -0
	 Multiplicative Factor: 0%
	 Eff: -0,1802869113739689
	 DR Bracket: 0
	 Base: 0%
	 Effective Percent: -0%
Mastery
	 Rating: 31439
	 Multiplicative Factor: 0%
	 Eff: 37751,19834234929
	 DR Bracket: 2
	 Base: 19,8%
	 Effective Percent: 97,07%
----------------------
06:34,391

Intellect
	 Rating: 150648
	 Multiplicative Factor: 5%
	 Eff: 150648
Stamina
	 Rating: 874055
	 Multiplicative Factor: 11,3%
	 Eff: 874054,9999999999
Crit
	 Rating: 5979
	 Multiplicative Factor: 0%
	 Eff: 9479,110422791577
	 DR Bracket: 0
	 Base: 5%
	 Effective Percent: 13,54%
	 Crit Inc Heal: 2,6
	 Crit Inc Damage: 2
Haste
	 Rating: 22588
	 Multiplicative Factor: 0%
	 Eff: 22309,277606924414
	 DR Bracket: 1
	 Base: 0%
	 Effective Percent: 33,8%
Vers
	 Rating: 7354
	 Multiplicative Factor: 0%
	 Eff: 9694,155213531936
	 DR Bracket: 0
	 Base: 3%
	 Effective Percent: 12,43%
Leech
	 Rating: 3060
	 Multiplicative Factor: 0%
	 Eff: 5099,661782987872
	 DR Bracket: 0
	 Base: 2%
	 Effective Percent: 5%
Avoidance
	 Rating: -0
	 Multiplicative Factor: 0%
	 Eff: -0,1802869113739689
	 DR Bracket: 0
	 Base: 0%
	 Effective Percent: -0%
Mastery
	 Rating: 31439
	 Multiplicative Factor: 0%
	 Eff: 37751,19834234929
	 DR Bracket: 2
	 Base: 19,8%
	 Effective Percent: 97,07%
----------------------
06:39,460

Intellect
	 Rating: 150648
	 Multiplicative Factor: 5%
	 Eff: 150648
Stamina
	 Rating: 874055
	 Multiplicative Factor: 11,3%
	 Eff: 874054,9999999999
Crit
	 Rating: 5979
	 Multiplicative Factor: 0%
	 Eff: 9479,110422791577
	 DR Bracket: 0
	 Base: 5%
	 Effective Percent: 13,54%
	 Crit Inc Heal: 2,6
	 Crit Inc Damage: 2
Haste
	 Rating: 22588
	 Multiplicative Factor: 0%
	 Eff: 22309,277606924414
	 DR Bracket: 1
	 Base: 0%
	 Effective Percent: 33,8%
Vers
	 Rating: 7354
	 Multiplicative Factor: 0%
	 Eff: 9694,155213531936
	 DR Bracket: 0
	 Base: 3%
	 Effective Percent: 12,43%
Leech
	 Rating: 3060
	 Multiplicative Factor: 0%
	 Eff: 5099,661782987872
	 DR Bracket: 0
	 Base: 2%
	 Effective Percent: 5%
Avoidance
	 Rating: -0
	 Multiplicative Factor: 0%
	 Eff: -0,1802869113739689
	 DR Bracket: 0
	 Base: 0%
	 Effective Percent: -0%
Mastery
	 Rating: 31439
	 Multiplicative Factor: 0%
	 Eff: 37751,19834234929
	 DR Bracket: 2
	 Base: 19,8%
	 Effective Percent: 97,07%
----------------------
06:44,576

Intellect
	 Rating: 150648
	 Multiplicative Factor: 5%
	 Eff: 150648
Stamina
	 Rating: 874055
	 Multiplicative Factor: 11,3%
	 Eff: 874054,9999999999
Crit
	 Rating: 5979
	 Multiplicative Factor: 0%
	 Eff: 9479,110422791577
	 DR Bracket: 0
	 Base: 5%
	 Effective Percent: 13,54%
	 Crit Inc Heal: 2,6
	 Crit Inc Damage: 2
Haste
	 Rating: 22588
	 Multiplicative Factor: 0%
	 Eff: 22309,277606924414
	 DR Bracket: 1
	 Base: 0%
	 Effective Percent: 33,8%
Vers
	 Rating: 7354
	 Multiplicative Factor: 0%
	 Eff: 9694,155213531936
	 DR Bracket: 0
	 Base: 3%
	 Effective Percent: 12,43%
Leech
	 Rating: 3060
	 Multiplicative Factor: 0%
	 Eff: 5099,661782987872
	 DR Bracket: 0
	 Base: 2%
	 Effective Percent: 5%
Avoidance
	 Rating: -0
	 Multiplicative Factor: 0%
	 Eff: -0,1802869113739689
	 DR Bracket: 0
	 Base: 0%
	 Effective Percent: -0%
Mastery
	 Rating: 31439
	 Multiplicative Factor: 0%
	 Eff: 37751,19834234929
	 DR Bracket: 2
	 Base: 19,8%
	 Effective Percent: 97,07%
----------------------
06:49,649

Intellect
	 Rating: 150648
	 Multiplicative Factor: 5%
	 Eff: 150648
Stamina
	 Rating: 874055
	 Multiplicative Factor: 11,3%
	 Eff: 874054,9999999999
Crit
	 Rating: 5979
	 Multiplicative Factor: 0%
	 Eff: 9479,110422791577
	 DR Bracket: 0
	 Base: 5%
	 Effective Percent: 13,54%
	 Crit Inc Heal: 2,6
	 Crit Inc Damage: 2
Haste
	 Rating: 22588
	 Multiplicative Factor: 0%
	 Eff: 22309,277606924414
	 DR Bracket: 1
	 Base: 0%
	 Effective Percent: 33,8%
Vers
	 Rating: 7354
	 Multiplicative Factor: 0%
	 Eff: 9694,155213531936
	 DR Bracket: 0
	 Base: 3%
	 Effective Percent: 12,43%
Leech
	 Rating: 3060
	 Multiplicative Factor: 0%
	 Eff: 5099,661782987872
	 DR Bracket: 0
	 Base: 2%
	 Effective Percent: 5%
Avoidance
	 Rating: -0
	 Multiplicative Factor: 0%
	 Eff: -0,1802869113739689
	 DR Bracket: 0
	 Base: 0%
	 Effective Percent: -0%
Mastery
	 Rating: 31439
	 Multiplicative Factor: 0%
	 Eff: 37751,19834234929
	 DR Bracket: 2
	 Base: 19,8%
	 Effective Percent: 97,07%
----------------------
06:54,669

Intellect
	 Rating: 150648
	 Multiplicative Factor: 5%
	 Eff: 150648
Stamina
	 Rating: 874055
	 Multiplicative Factor: 11,3%
	 Eff: 874054,9999999999
Crit
	 Rating: 5979
	 Multiplicative Factor: 0%
	 Eff: 9479,110422791577
	 DR Bracket: 0
	 Base: 5%
	 Effective Percent: 13,54%
	 Crit Inc Heal: 2,6
	 Crit Inc Damage: 2
Haste
	 Rating: 22588
	 Multiplicative Factor: 0%
	 Eff: 22309,277606924414
	 DR Bracket: 1
	 Base: 0%
	 Effective Percent: 33,8%
Vers
	 Rating: 7354
	 Multiplicative Factor: 0%
	 Eff: 9694,155213531936
	 DR Bracket: 0
	 Base: 3%
	 Effective Percent: 12,43%
Leech
	 Rating: 3060
	 Multiplicative Factor: 0%
	 Eff: 5099,661782987872
	 DR Bracket: 0
	 Base: 2%
	 Effective Percent: 5%
Avoidance
	 Rating: -0
	 Multiplicative Factor: 0%
	 Eff: -0,1802869113739689
	 DR Bracket: 0
	 Base: 0%
	 Effective Percent: -0%
Mastery
	 Rating: 31439
	 Multiplicative Factor: 0%
	 Eff: 37751,19834234929
	 DR Bracket: 2
	 Base: 19,8%
	 Effective Percent: 97,07%
----------------------
06:59,727

Intellect
	 Rating: 150648
	 Multiplicative Factor: 5%
	 Eff: 150648
Stamina
	 Rating: 874055
	 Multiplicative Factor: 11,3%
	 Eff: 874054,9999999999
Crit
	 Rating: 5979
	 Multiplicative Factor: 0%
	 Eff: 9479,110422791577
	 DR Bracket: 0
	 Base: 5%
	 Effective Percent: 13,54%
	 Crit Inc Heal: 2,6
	 Crit Inc Damage: 2
Haste
	 Rating: 22588
	 Multiplicative Factor: 0%
	 Eff: 22309,277606924414
	 DR Bracket: 1
	 Base: 0%
	 Effective Percent: 33,8%
Vers
	 Rating: 7354
	 Multiplicative Factor: 0%
	 Eff: 9694,155213531936
	 DR Bracket: 0
	 Base: 3%
	 Effective Percent: 12,43%
Leech
	 Rating: 3060
	 Multiplicative Factor: 0%
	 Eff: 5099,661782987872
	 DR Bracket: 0
	 Base: 2%
	 Effective Percent: 5%
Avoidance
	 Rating: -0
	 Multiplicative Factor: 0%
	 Eff: -0,1802869113739689
	 DR Bracket: 0
	 Base: 0%
	 Effective Percent: -0%
Mastery
	 Rating: 31439
	 Multiplicative Factor: 0%
	 Eff: 37751,19834234929
	 DR Bracket: 2
	 Base: 19,8%
	 Effective Percent: 97,07%
----------------------
07:04,799

Intellect
	 Rating: 150648
	 Multiplicative Factor: 5%
	 Eff: 150648
Stamina
	 Rating: 874055
	 Multiplicative Factor: 11,3%
	 Eff: 874054,9999999999
Crit
	 Rating: 5979
	 Multiplicative Factor: 0%
	 Eff: 9479,110422791577
	 DR Bracket: 0
	 Base: 5%
	 Effective Percent: 13,54%
	 Crit Inc Heal: 2
	 Crit Inc Damage: 2
Haste
	 Rating: 22588
	 Multiplicative Factor: 0%
	 Eff: 22309,277606924414
	 DR Bracket: 1
	 Base: 0%
	 Effective Percent: 33,8%
Vers
	 Rating: 7354
	 Multiplicative Factor: 0%
	 Eff: 9694,155213531936
	 DR Bracket: 0
	 Base: 3%
	 Effective Percent: 12,43%
Leech
	 Rating: 3060
	 Multiplicative Factor: 0%
	 Eff: 5099,661782987872
	 DR Bracket: 0
	 Base: 2%
	 Effective Percent: 5%
Avoidance
	 Rating: -0
	 Multiplicative Factor: 0%
	 Eff: -0,1802869113739689
	 DR Bracket: 0
	 Base: 0%
	 Effective Percent: -0%
Mastery
	 Rating: 31439
	 Multiplicative Factor: 0%
	 Eff: 37751,19834234929
	 DR Bracket: 2
	 Base: 19,8%
	 Effective Percent: 97,07%
----------------------
07:09,984

Intellect
	 Rating: 150648
	 Multiplicative Factor: 5%
	 Eff: 150648
Stamina
	 Rating: 874055
	 Multiplicative Factor: 11,3%
	 Eff: 874054,9999999999
Crit
	 Rating: 5979
	 Multiplicative Factor: 0%
	 Eff: 9479,110422791577
	 DR Bracket: 0
	 Base: 5%
	 Effective Percent: 13,54%
	 Crit Inc Heal: 2,6
	 Crit Inc Damage: 2
Haste
	 Rating: 22588
	 Multiplicative Factor: 0%
	 Eff: 22309,277606924414
	 DR Bracket: 1
	 Base: 0%
	 Effective Percent: 33,8%
Vers
	 Rating: 7354
	 Multiplicative Factor: 0%
	 Eff: 9694,155213531936
	 DR Bracket: 0
	 Base: 3%
	 Effective Percent: 12,43%
Leech
	 Rating: 3060
	 Multiplicative Factor: 0%
	 Eff: 5099,661782987872
	 DR Bracket: 0
	 Base: 2%
	 Effective Percent: 5%
Avoidance
	 Rating: -0
	 Multiplicative Factor: 0%
	 Eff: -0,1802869113739689
	 DR Bracket: 0
	 Base: 0%
	 Effective Percent: -0%
Mastery
	 Rating: 31439
	 Multiplicative Factor: 0%
	 Eff: 37751,19834234929
	 DR Bracket: 2
	 Base: 19,8%
	 Effective Percent: 97,07%
----------------------
07:15,155

Intellect
	 Rating: 150648
	 Multiplicative Factor: 5%
	 Eff: 150648
Stamina
	 Rating: 874055
	 Multiplicative Factor: 11,3%
	 Eff: 874054,9999999999
Crit
	 Rating: 5979
	 Multiplicative Factor: 0%
	 Eff: 9479,110422791577
	 DR Bracket: 0
	 Base: 5%
	 Effective Percent: 13,54%
	 Crit Inc Heal: 2,6
	 Crit Inc Damage: 2
Haste
	 Rating: 22588
	 Multiplicative Factor: 0%
	 Eff: 22309,277606924414
	 DR Bracket: 1
	 Base: 0%
	 Effective Percent: 33,8%
Vers
	 Rating: 7354
	 Multiplicative Factor: 0%
	 Eff: 9694,155213531936
	 DR Bracket: 0
	 Base: 3%
	 Effective Percent: 12,43%
Leech
	 Rating: 3060
	 Multiplicative Factor: 0%
	 Eff: 5099,661782987872
	 DR Bracket: 0
	 Base: 2%
	 Effective Percent: 5%
Avoidance
	 Rating: -0
	 Multiplicative Factor: 0%
	 Eff: -0,1802869113739689
	 DR Bracket: 0
	 Base: 0%
	 Effective Percent: -0%
Mastery
	 Rating: 31439
	 Multiplicative Factor: 0%
	 Eff: 37751,19834234929
	 DR Bracket: 2
	 Base: 19,8%
	 Effective Percent: 97,07%
----------------------
07:20,225

Intellect
	 Rating: 150648
	 Multiplicative Factor: 5%
	 Eff: 150648
Stamina
	 Rating: 874055
	 Multiplicative Factor: 11,3%
	 Eff: 874054,9999999999
Crit
	 Rating: 5979
	 Multiplicative Factor: 0%
	 Eff: 9479,110422791577
	 DR Bracket: 0
	 Base: 5%
	 Effective Percent: 13,54%
	 Crit Inc Heal: 2,6
	 Crit Inc Damage: 2
Haste
	 Rating: 22588
	 Multiplicative Factor: 0%
	 Eff: 22309,277606924414
	 DR Bracket: 1
	 Base: 0%
	 Effective Percent: 33,8%
Vers
	 Rating: 7354
	 Multiplicative Factor: 0%
	 Eff: 9694,155213531936
	 DR Bracket: 0
	 Base: 3%
	 Effective Percent: 12,43%
Leech
	 Rating: 3060
	 Multiplicative Factor: 0%
	 Eff: 5099,661782987872
	 DR Bracket: 0
	 Base: 2%
	 Effective Percent: 5%
Avoidance
	 Rating: -0
	 Multiplicative Factor: 0%
	 Eff: -0,1802869113739689
	 DR Bracket: 0
	 Base: 0%
	 Effective Percent: -0%
Mastery
	 Rating: 31439
	 Multiplicative Factor: 0%
	 Eff: 37751,19834234929
	 DR Bracket: 2
	 Base: 19,8%
	 Effective Percent: 97,07%
----------------------
07:25,312

Intellect
	 Rating: 150648
	 Multiplicative Factor: 5%
	 Eff: 150648
Stamina
	 Rating: 874055
	 Multiplicative Factor: 11,3%
	 Eff: 874054,9999999999
Crit
	 Rating: 5979
	 Multiplicative Factor: 0%
	 Eff: 9479,110422791577
	 DR Bracket: 0
	 Base: 5%
	 Effective Percent: 13,54%
	 Crit Inc Heal: 2,6
	 Crit Inc Damage: 2
Haste
	 Rating: 22588
	 Multiplicative Factor: 0%
	 Eff: 22309,277606924414
	 DR Bracket: 1
	 Base: 0%
	 Effective Percent: 33,8%
Vers
	 Rating: 7354
	 Multiplicative Factor: 0%
	 Eff: 9694,155213531936
	 DR Bracket: 0
	 Base: 3%
	 Effective Percent: 12,43%
Leech
	 Rating: 3060
	 Multiplicative Factor: 0%
	 Eff: 5099,661782987872
	 DR Bracket: 0
	 Base: 2%
	 Effective Percent: 5%
Avoidance
	 Rating: -0
	 Multiplicative Factor: 0%
	 Eff: -0,1802869113739689
	 DR Bracket: 0
	 Base: 0%
	 Effective Percent: -0%
Mastery
	 Rating: 31439
	 Multiplicative Factor: 0%
	 Eff: 37751,19834234929
	 DR Bracket: 2
	 Base: 19,8%
	 Effective Percent: 97,07%
----------------------
07:30,344

Intellect
	 Rating: 150648
	 Multiplicative Factor: 5%
	 Eff: 150648
Stamina
	 Rating: 874055
	 Multiplicative Factor: 11,3%
	 Eff: 874054,9999999999
Crit
	 Rating: 5979
	 Multiplicative Factor: 0%
	 Eff: 9479,110422791577
	 DR Bracket: 0
	 Base: 5%
	 Effective Percent: 13,54%
	 Crit Inc Heal: 2,6
	 Crit Inc Damage: 2
Haste
	 Rating: 22588
	 Multiplicative Factor: 0%
	 Eff: 22309,277606924414
	 DR Bracket: 1
	 Base: 0%
	 Effective Percent: 33,8%
Vers
	 Rating: 7354
	 Multiplicative Factor: 0%
	 Eff: 9694,155213531936
	 DR Bracket: 0
	 Base: 3%
	 Effective Percent: 12,43%
Leech
	 Rating: 3060
	 Multiplicative Factor: 0%
	 Eff: 5099,661782987872
	 DR Bracket: 0
	 Base: 2%
	 Effective Percent: 5%
Avoidance
	 Rating: -0
	 Multiplicative Factor: 0%
	 Eff: -0,1802869113739689
	 DR Bracket: 0
	 Base: 0%
	 Effective Percent: -0%
Mastery
	 Rating: 31439
	 Multiplicative Factor: 0%
	 Eff: 37751,19834234929
	 DR Bracket: 2
	 Base: 19,8%
	 Effective Percent: 97,07%
----------------------
07:35,368

Intellect
	 Rating: 150648
	 Multiplicative Factor: 5%
	 Eff: 150648
Stamina
	 Rating: 874055
	 Multiplicative Factor: 11,3%
	 Eff: 874054,9999999999
Crit
	 Rating: 5979
	 Multiplicative Factor: 0%
	 Eff: 9479,110422791577
	 DR Bracket: 0
	 Base: 5%
	 Effective Percent: 13,54%
	 Crit Inc Heal: 2,6
	 Crit Inc Damage: 2
Haste
	 Rating: 22588
	 Multiplicative Factor: 0%
	 Eff: 22309,277606924414
	 DR Bracket: 1
	 Base: 0%
	 Effective Percent: 33,8%
Vers
	 Rating: 7354
	 Multiplicative Factor: 0%
	 Eff: 9694,155213531936
	 DR Bracket: 0
	 Base: 3%
	 Effective Percent: 12,43%
Leech
	 Rating: 3060
	 Multiplicative Factor: 0%
	 Eff: 5099,661782987872
	 DR Bracket: 0
	 Base: 2%
	 Effective Percent: 5%
Avoidance
	 Rating: -0
	 Multiplicative Factor: 0%
	 Eff: -0,1802869113739689
	 DR Bracket: 0
	 Base: 0%
	 Effective Percent: -0%
Mastery
	 Rating: 31439
	 Multiplicative Factor: 0%
	 Eff: 37751,19834234929
	 DR Bracket: 2
	 Base: 19,8%
	 Effective Percent: 97,07%
----------------------
07:40,369

Intellect
	 Rating: 150648
	 Multiplicative Factor: 5%
	 Eff: 150648
Stamina
	 Rating: 874055
	 Multiplicative Factor: 11,3%
	 Eff: 874054,9999999999
Crit
	 Rating: 5979
	 Multiplicative Factor: 0%
	 Eff: 9479,110422791577
	 DR Bracket: 0
	 Base: 5%
	 Effective Percent: 13,54%
	 Crit Inc Heal: 2,6
	 Crit Inc Damage: 2
Haste
	 Rating: 22588
	 Multiplicative Factor: 0%
	 Eff: 22309,277606924414
	 DR Bracket: 1
	 Base: 0%
	 Effective Percent: 33,8%
Vers
	 Rating: 7354
	 Multiplicative Factor: 0%
	 Eff: 9694,155213531936
	 DR Bracket: 0
	 Base: 3%
	 Effective Percent: 12,43%
Leech
	 Rating: 3060
	 Multiplicative Factor: 0%
	 Eff: 5099,661782987872
	 DR Bracket: 0
	 Base: 2%
	 Effective Percent: 5%
Avoidance
	 Rating: -0
	 Multiplicative Factor: 0%
	 Eff: -0,1802869113739689
	 DR Bracket: 0
	 Base: 0%
	 Effective Percent: -0%
Mastery
	 Rating: 31439
	 Multiplicative Factor: 0%
	 Eff: 37751,19834234929
	 DR Bracket: 2
	 Base: 19,8%
	 Effective Percent: 97,07%
----------------------
07:45,514

Intellect
	 Rating: 150648
	 Multiplicative Factor: 5%
	 Eff: 150648
Stamina
	 Rating: 874055
	 Multiplicative Factor: 11,3%
	 Eff: 874054,9999999999
Crit
	 Rating: 5979
	 Multiplicative Factor: 0%
	 Eff: 9479,110422791577
	 DR Bracket: 0
	 Base: 5%
	 Effective Percent: 13,54%
	 Crit Inc Heal: 2,6
	 Crit Inc Damage: 2
Haste
	 Rating: 22588
	 Multiplicative Factor: 0%
	 Eff: 22309,277606924414
	 DR Bracket: 1
	 Base: 0%
	 Effective Percent: 33,8%
Vers
	 Rating: 7354
	 Multiplicative Factor: 0%
	 Eff: 9694,155213531936
	 DR Bracket: 0
	 Base: 3%
	 Effective Percent: 12,43%
Leech
	 Rating: 3060
	 Multiplicative Factor: 0%
	 Eff: 5099,661782987872
	 DR Bracket: 0
	 Base: 2%
	 Effective Percent: 5%
Avoidance
	 Rating: -0
	 Multiplicative Factor: 0%
	 Eff: -0,1802869113739689
	 DR Bracket: 0
	 Base: 0%
	 Effective Percent: -0%
Mastery
	 Rating: 31439
	 Multiplicative Factor: 0%
	 Eff: 37751,19834234929
	 DR Bracket: 2
	 Base: 19,8%
	 Effective Percent: 97,07%
----------------------
07:50,545

Intellect
	 Rating: 150648
	 Multiplicative Factor: 5%
	 Eff: 150648
Stamina
	 Rating: 874055
	 Multiplicative Factor: 11,3%
	 Eff: 874054,9999999999
Crit
	 Rating: 5979
	 Multiplicative Factor: 0%
	 Eff: 9479,110422791577
	 DR Bracket: 0
	 Base: 5%
	 Effective Percent: 13,54%
	 Crit Inc Heal: 2,6
	 Crit Inc Damage: 2
Haste
	 Rating: 22588
	 Multiplicative Factor: 0%
	 Eff: 22309,277606924414
	 DR Bracket: 1
	 Base: 0%
	 Effective Percent: 33,8%
Vers
	 Rating: 7354
	 Multiplicative Factor: 0%
	 Eff: 9694,155213531936
	 DR Bracket: 0
	 Base: 3%
	 Effective Percent: 12,43%
Leech
	 Rating: 3060
	 Multiplicative Factor: 0%
	 Eff: 5099,661782987872
	 DR Bracket: 0
	 Base: 2%
	 Effective Percent: 5%
Avoidance
	 Rating: -0
	 Multiplicative Factor: 0%
	 Eff: -0,1802869113739689
	 DR Bracket: 0
	 Base: 0%
	 Effective Percent: -0%
Mastery
	 Rating: 31439
	 Multiplicative Factor: 0%
	 Eff: 37751,19834234929
	 DR Bracket: 2
	 Base: 19,8%
	 Effective Percent: 97,07%
----------------------
07:55,633

Intellect
	 Rating: 150648
	 Multiplicative Factor: 5%
	 Eff: 150648
Stamina
	 Rating: 874055
	 Multiplicative Factor: 11,3%
	 Eff: 874054,9999999999
Crit
	 Rating: 5979
	 Multiplicative Factor: 0%
	 Eff: 9479,110422791577
	 DR Bracket: 0
	 Base: 5%
	 Effective Percent: 13,54%
	 Crit Inc Heal: 2,6
	 Crit Inc Damage: 2
Haste
	 Rating: 22588
	 Multiplicative Factor: 0%
	 Eff: 22309,277606924414
	 DR Bracket: 1
	 Base: 0%
	 Effective Percent: 33,8%
Vers
	 Rating: 7354
	 Multiplicative Factor: 0%
	 Eff: 9694,155213531936
	 DR Bracket: 0
	 Base: 3%
	 Effective Percent: 12,43%
Leech
	 Rating: 3060
	 Multiplicative Factor: 0%
	 Eff: 5099,661782987872
	 DR Bracket: 0
	 Base: 2%
	 Effective Percent: 5%
Avoidance
	 Rating: -0
	 Multiplicative Factor: 0%
	 Eff: -0,1802869113739689
	 DR Bracket: 0
	 Base: 0%
	 Effective Percent: -0%
Mastery
	 Rating: 31439
	 Multiplicative Factor: 0%
	 Eff: 37751,19834234929
	 DR Bracket: 2
	 Base: 19,8%
	 Effective Percent: 97,07%
----------------------
08:00,651

Intellect
	 Rating: 150648
	 Multiplicative Factor: 5%
	 Eff: 150648
Stamina
	 Rating: 874055
	 Multiplicative Factor: 11,3%
	 Eff: 874054,9999999999
Crit
	 Rating: 5979
	 Multiplicative Factor: 0%
	 Eff: 9479,110422791577
	 DR Bracket: 0
	 Base: 5%
	 Effective Percent: 13,54%
	 Crit Inc Heal: 2,6
	 Crit Inc Damage: 2
Haste
	 Rating: 22588
	 Multiplicative Factor: 0%
	 Eff: 22309,277606924414
	 DR Bracket: 1
	 Base: 0%
	 Effective Percent: 33,8%
Vers
	 Rating: 7354
	 Multiplicative Factor: 0%
	 Eff: 9694,155213531936
	 DR Bracket: 0
	 Base: 3%
	 Effective Percent: 12,43%
Leech
	 Rating: 3060
	 Multiplicative Factor: 0%
	 Eff: 5099,661782987872
	 DR Bracket: 0
	 Base: 2%
	 Effective Percent: 5%
Avoidance
	 Rating: -0
	 Multiplicative Factor: 0%
	 Eff: -0,1802869113739689
	 DR Bracket: 0
	 Base: 0%
	 Effective Percent: -0%
Mastery
	 Rating: 31439
	 Multiplicative Factor: 0%
	 Eff: 37751,19834234929
	 DR Bracket: 2
	 Base: 19,8%
	 Effective Percent: 97,07%
----------------------
08:05,796

Intellect
	 Rating: 150648
	 Multiplicative Factor: 5%
	 Eff: 150648
Stamina
	 Rating: 874055
	 Multiplicative Factor: 11,3%
	 Eff: 874054,9999999999
Crit
	 Rating: 5979
	 Multiplicative Factor: 0%
	 Eff: 9479,110422791577
	 DR Bracket: 0
	 Base: 5%
	 Effective Percent: 13,54%
	 Crit Inc Heal: 2,6
	 Crit Inc Damage: 2
Haste
	 Rating: 22588
	 Multiplicative Factor: 0%
	 Eff: 22309,277606924414
	 DR Bracket: 1
	 Base: 0%
	 Effective Percent: 33,8%
Vers
	 Rating: 7354
	 Multiplicative Factor: 0%
	 Eff: 9694,155213531936
	 DR Bracket: 0
	 Base: 3%
	 Effective Percent: 12,43%
Leech
	 Rating: 3060
	 Multiplicative Factor: 0%
	 Eff: 5099,661782987872
	 DR Bracket: 0
	 Base: 2%
	 Effective Percent: 5%
Avoidance
	 Rating: -0
	 Multiplicative Factor: 0%
	 Eff: -0,1802869113739689
	 DR Bracket: 0
	 Base: 0%
	 Effective Percent: -0%
Mastery
	 Rating: 31439
	 Multiplicative Factor: 0%
	 Eff: 37751,19834234929
	 DR Bracket: 2
	 Base: 19,8%
	 Effective Percent: 97,07%
----------------------
08:10,834

Intellect
	 Rating: 150648
	 Multiplicative Factor: 5%
	 Eff: 150648
Stamina
	 Rating: 874055
	 Multiplicative Factor: 11,3%
	 Eff: 874054,9999999999
Crit
	 Rating: 5979
	 Multiplicative Factor: 0%
	 Eff: 9479,110422791577
	 DR Bracket: 0
	 Base: 5%
	 Effective Percent: 13,54%
	 Crit Inc Heal: 2,6
	 Crit Inc Damage: 2
Haste
	 Rating: 22588
	 Multiplicative Factor: 0%
	 Eff: 22309,277606924414
	 DR Bracket: 1
	 Base: 0%
	 Effective Percent: 33,8%
Vers
	 Rating: 7354
	 Multiplicative Factor: 0%
	 Eff: 9694,155213531936
	 DR Bracket: 0
	 Base: 3%
	 Effective Percent: 12,43%
Leech
	 Rating: 3060
	 Multiplicative Factor: 0%
	 Eff: 5099,661782987872
	 DR Bracket: 0
	 Base: 2%
	 Effective Percent: 5%
Avoidance
	 Rating: -0
	 Multiplicative Factor: 0%
	 Eff: -0,1802869113739689
	 DR Bracket: 0
	 Base: 0%
	 Effective Percent: -0%
Mastery
	 Rating: 31439
	 Multiplicative Factor: 0%
	 Eff: 37751,19834234929
	 DR Bracket: 2
	 Base: 19,8%
	 Effective Percent: 97,07%
----------------------
08:16,108

Intellect
	 Rating: 150648
	 Multiplicative Factor: 5%
	 Eff: 150648
Stamina
	 Rating: 874055
	 Multiplicative Factor: 11,3%
	 Eff: 874054,9999999999
Crit
	 Rating: 5979
	 Multiplicative Factor: 0%
	 Eff: 9479,110422791577
	 DR Bracket: 0
	 Base: 5%
	 Effective Percent: 13,54%
	 Crit Inc Heal: 2,6
	 Crit Inc Damage: 2
Haste
	 Rating: 22588
	 Multiplicative Factor: 0%
	 Eff: 22309,277606924414
	 DR Bracket: 1
	 Base: 0%
	 Effective Percent: 33,8%
Vers
	 Rating: 7354
	 Multiplicative Factor: 0%
	 Eff: 9694,155213531936
	 DR Bracket: 0
	 Base: 3%
	 Effective Percent: 12,43%
Leech
	 Rating: 3060
	 Multiplicative Factor: 0%
	 Eff: 5099,661782987872
	 DR Bracket: 0
	 Base: 2%
	 Effective Percent: 5%
Avoidance
	 Rating: -0
	 Multiplicative Factor: 0%
	 Eff: -0,1802869113739689
	 DR Bracket: 0
	 Base: 0%
	 Effective Percent: -0%
Mastery
	 Rating: 31439
	 Multiplicative Factor: 0%
	 Eff: 37751,19834234929
	 DR Bracket: 2
	 Base: 19,8%
	 Effective Percent: 97,07%
