-----------
EssenceRegenDummy
-----------
Azure Strike
-----------
Blessing of the Bronze
-----------
Cauterizing Flame
-----------
Chrono Flames
-----------
Chrono Flame
-----------
Consume Flame
	Eff: -34209043,75679902
-----------
Deep Breath
-----------
Disintegrate
-----------
Dream Breath
	Eff: -12517080,565612607
-----------
Dream Breath (Echo)
-----------
Dream Flight
	Eff: -4973754,638108211
-----------
Echo
	Eff: -3354075,8244646043
-----------
Emerald Blossom
-----------
Engulf
-----------
Enkindle
-----------
Expunge
-----------
Fire Breath
-----------
Fluttering Seedlings
-----------
Golden Hour
	Eff: 6998572,026813079
-----------
Landslide
-----------
Lifebind
	Eff: 5501678,288998512
-----------
Life-Giver's Flame
-----------
Living Flame
	Dmg: 11571018,785080379
-----------
Naturalize
-----------
Oppressing Roar
-----------
Panacea
	Eff: -866316,7636079252
-----------
Rewind
-----------
Renewing Blaze
-----------
Reversion
	Eff: 10387295,046856314
-----------
Reversion (Echo)
	Eff: 41406555,17588864
-----------
Sleep Walk
-----------
Source of Magic
-----------
Spatial Paradox
-----------
Spiritbloom
	Eff: -2615280,357687272
-----------
Spiritbloom (Echo)
	Eff: -7141242,919286796
-----------
Stasis
-----------
Tail Swipe
-----------
Temporal Anomaly
	Eff: -22237792,184055395
-----------
Time Spiral
-----------
Unravel
-----------
Verdant Embrace
	Eff: -3221576,1326946714
-----------
Zephyr
-----------
Leech
	Eff: -17585045,65941328
-----------
Blessing of Summer
-----------
Holy Bulwark
-----------
ZeroCIMDummy
-----------
Barrier of the Oathsworn
-----------
Voidglass Barrier
	Eff: 21060791,13705134
-----------
Stasis (Store)
-----------
Ethereal Reconstitution
	Eff: 18210327,959248684
-----------
Shattered Soul's Embrace
-----------
Ethereal Guard
	Eff: 56632045,75875509
-----------
Essence Bomb
-----------
Lightforged Blessing
	SupEff: -2,9103830456733704E-11
-----------
Stasis (Release)
-----------
Hover
-----------
Algari Mana Potion
-----------
Glide
-----------
Time Dilation
-----------
Melee
	Dmg: 23247,66844720728
-----------
Rescue
-----------
Twin Guardian
-----------
Tip the Scales
-----------
Emerald Communion
-----------
Obsidian Scales
-----------
Take Off
-----------
Whirling Surge
-----------
Surge Forward
-----------
Shooting Star
-----------
Skyward Ascent
-----------
Voidglass Shards
