-----------
EssenceRegenDummy
-----------
Azure Strike
-----------
Blessing of the Bronze
-----------
Cauterizing Flame
-----------
Chrono Flames
-----------
Chrono Flame
-----------
Consume Flame
	Eff: -2722720,816753136
-----------
Deep Breath
-----------
Disintegrate
-----------
Dream Breath
	Eff: -2307980,4589907527
-----------
Dream Breath (Echo)
-----------
Dream Flight
	Eff: -2855323,383788648
-----------
Echo
	Eff: 912786,2687293828
-----------
Emerald Blossom
-----------
Engulf
-----------
Enkindle
-----------
Expunge
-----------
Fire Breath
-----------
Fluttering Seedlings
-----------
Golden Hour
	Eff: 6998572,026813079
-----------
Landslide
-----------
Lifebind
	Eff: 6244510,444439736
-----------
Life-Giver's Flame
-----------
Living Flame
	Dmg: 7034160,3642512
-----------
Naturalize
-----------
Oppressing Roar
-----------
Panacea
	Eff: -413555,61780210666
-----------
Rewind
-----------
Renewing Blaze
-----------
Reversion
	Eff: -190689,9707716124
-----------
Reversion (Echo)
	Eff: 1161873,1261410227
-----------
Sleep Walk
-----------
Source of Magic
-----------
Spatial Paradox
-----------
Spiritbloom
	Eff: -618657,7006487359
-----------
Spiritbloom (Echo)
	Eff: -431633,7736458939
-----------
Stasis
-----------
Tail Swipe
-----------
Temporal Anomaly
	Eff: 28094121,03552097
-----------
Time Spiral
-----------
Unravel
-----------
Verdant Embrace
	Eff: -4528361,142066229
-----------
Zephyr
-----------
Leech
	Eff: -18479458,328476887
-----------
Blessing of Summer
-----------
Holy Bulwark
-----------
ZeroCIMDummy
-----------
Barrier of the Oathsworn
-----------
Voidglass Barrier
	Eff: 13418959,672356643
-----------
Stasis (Store)
-----------
Ethereal Reconstitution
	Eff: 7588052,515982969
-----------
Shattered Soul's Embrace
-----------
Ethereal Guard
	Eff: 20488448,611872848
-----------
Essence Bomb
-----------
Lightforged Blessing
	SupEff: -2,9103830456733704E-11
-----------
Stasis (Release)
-----------
Hover
-----------
Algari Mana Potion
-----------
Glide
-----------
Time Dilation
-----------
Melee
	Dmg: 7527,90316629619
-----------
Rescue
-----------
Twin Guardian
-----------
Tip the Scales
-----------
Emerald Communion
-----------
Obsidian Scales
-----------
Take Off
-----------
Whirling Surge
-----------
Surge Forward
-----------
Shooting Star
-----------
Skyward Ascent
-----------
Voidglass Shards
