-----------
EssenceRegenDummy
-----------
Azure Strike
-----------
Blessing of the Bronze
-----------
Cauterizing Flame
-----------
Chrono Flames
-----------
Chrono Flame
-----------
Consume Flame
	Eff: -14858308,122944219
-----------
Deep Breath
-----------
Disintegrate
-----------
Dream Breath
	Eff: -19407083,755590938
-----------
Dream Breath (Echo)
-----------
Dream Flight
	Eff: -7807941,218845585
-----------
Echo
	Eff: -465878,5273595359
-----------
Emerald Blossom
-----------
Engulf
-----------
Enkindle
-----------
Expunge
-----------
Fire Breath
-----------
Fluttering Seedlings
-----------
Golden Hour
	Eff: 6998572,026813079
-----------
Landslide
-----------
Lifebind
	Eff: 5076890,891089912
-----------
Life-Giver's Flame
-----------
Living Flame
	Dmg: 7291231,662028796
-----------
Naturalize
-----------
Oppressing Roar
-----------
Panacea
	Eff: -596484,3133220978
-----------
Rewind
-----------
Renewing Blaze
-----------
Reversion
	Eff: -8749470,799116326
-----------
Reversion (Echo)
	Eff: -31285962,511192434
-----------
Sleep Walk
-----------
Source of Magic
-----------
Spatial Paradox
-----------
Spiritbloom
	Eff: -444687,31502569537
-----------
Spiritbloom (Echo)
	Eff: -1322209,196168779
-----------
Stasis
-----------
Tail Swipe
-----------
Temporal Anomaly
	Eff: 53057386,17664245
-----------
Time Spiral
-----------
Unravel
-----------
Verdant Embrace
	Eff: -8484214,116560962
-----------
Zephyr
-----------
Leech
	Eff: -20329807,957378957
-----------
Blessing of Summer
-----------
Holy Bulwark
-----------
ZeroCIMDummy
-----------
Barrier of the Oathsworn
-----------
Voidglass Barrier
	Eff: 21060791,13705134
-----------
Stasis (Store)
-----------
Ethereal Reconstitution
	Eff: 8226156,178636291
-----------
Shattered Soul's Embrace
-----------
Ethereal Guard
	Eff: 20489154,82349034
-----------
Essence Bomb
-----------
Lightforged Blessing
	SupEff: -2,9103830456733704E-11
-----------
Stasis (Release)
-----------
Hover
-----------
Algari Mana Potion
-----------
Glide
-----------
Time Dilation
-----------
Melee
	Dmg: 6371,822177864709
-----------
Rescue
-----------
Twin Guardian
-----------
Tip the Scales
-----------
Emerald Communion
-----------
Obsidian Scales
-----------
Take Off
-----------
Whirling Surge
-----------
Surge Forward
-----------
Shooting Star
-----------
Skyward Ascent
-----------
Voidglass Shards
