-----------
EssenceRegenDummy
-----------
Azure Strike
-----------
Blessing of the Bronze
-----------
Cauterizing Flame
-----------
Chrono Flames
-----------
Chrono Flame
-----------
Consume Flame
	Eff: 2981444,915311736
-----------
Deep Breath
-----------
Disintegrate
-----------
Dream Breath
	Eff: 2751748,05729053
-----------
Dream Breath (Echo)
-----------
Dream Flight
	Eff: -2368580,753886242
-----------
Echo
	Eff: 705038,8885661921
-----------
Emerald Blossom
-----------
Engulf
-----------
Enkindle
-----------
Expunge
-----------
Fire Breath
-----------
Fluttering Seedlings
-----------
Golden Hour
	Eff: 6998572,026813079
-----------
Landslide
-----------
Lifebind
	Eff: 7038736,772280887
-----------
Life-Giver's Flame
-----------
Living Flame
	Dmg: 4856693,371679002
-----------
Naturalize
-----------
Oppressing Roar
-----------
Panacea
	Eff: -312696,494324464
-----------
Rewind
-----------
Renewing Blaze
-----------
Reversion
	Eff: 7357694,026023846
-----------
Reversion (Echo)
	Eff: 27518332,861546222
-----------
Sleep Walk
-----------
Source of Magic
-----------
Spatial Paradox
-----------
Spiritbloom
	Eff: -842792,7152684425
-----------
Spiritbloom (Echo)
	Eff: 33270,2286195755
-----------
Stasis
-----------
Tail Swipe
-----------
Temporal Anomaly
	Eff: -3301179,6749725
-----------
Time Spiral
-----------
Unravel
-----------
Verdant Embrace
	Eff: -1300625,375856901
-----------
Zephyr
-----------
Leech
	Eff: -17533589,161044184
-----------
Blessing of Summer
-----------
Holy Bulwark
-----------
ZeroCIMDummy
-----------
Barrier of the Oathsworn
-----------
Voidglass Barrier
	Eff: -1864703,257032736
-----------
Stasis (Store)
-----------
Ethereal Reconstitution
	Eff: 2431531,5140324505
-----------
Shattered Soul's Embrace
-----------
Ethereal Guard
	Eff: 8439405,87688293
-----------
Essence Bomb
-----------
Lightforged Blessing
	SupEff: -2,9103830456733704E-11
-----------
Stasis (Release)
-----------
Hover
-----------
Algari Mana Potion
-----------
Glide
-----------
Time Dilation
-----------
Melee
	Dmg: 3281,326118753783
-----------
Rescue
-----------
Twin Guardian
-----------
Tip the Scales
-----------
Emerald Communion
-----------
Obsidian Scales
-----------
Take Off
-----------
Whirling Surge
-----------
Surge Forward
-----------
Shooting Star
-----------
Skyward Ascent
-----------
Voidglass Shards
