-----------
EssenceRegenDummy
-----------
Azure Strike
-----------
Blessing of the Bronze
-----------
Cauterizing Flame
-----------
Chrono Flames
-----------
Chrono Flame
-----------
Consume Flame
	Eff: -1231455,0916337823
-----------
Deep Breath
-----------
Disintegrate
-----------
Dream Breath
	Eff: 12515821,684168898
-----------
Dream Breath (Echo)
-----------
Dream Flight
	Eff: 804828,448842318
-----------
Echo
	Eff: 59262,33987456799
-----------
Emerald Blossom
-----------
Engulf
-----------
Enkindle
-----------
Expunge
-----------
Fire Breath
-----------
Fluttering Seedlings
-----------
Golden Hour
	Eff: 6998572,026813079
-----------
Landslide
-----------
Lifebind
	Eff: 7763342,260999686
-----------
Life-Giver's Flame
-----------
Living Flame
	Dmg: 7207169,193124721
-----------
Naturalize
-----------
Oppressing Roar
-----------
Panacea
	Eff: -367511,7654474698
-----------
Rewind
-----------
Renewing Blaze
-----------
Reversion
	Eff: 20250235,63814856
-----------
Reversion (Echo)
	Eff: 75839820,21675986
-----------
Sleep Walk
-----------
Source of Magic
-----------
Spatial Paradox
-----------
Spiritbloom
	Eff: -1893411,7506207004
-----------
Spiritbloom (Echo)
	Eff: -2474304,927867181
-----------
Stasis
-----------
Tail Swipe
-----------
Temporal Anomaly
	Eff: -41894820,89856582
-----------
Time Spiral
-----------
Unravel
-----------
Verdant Embrace
	Eff: 2132259,2430659514
-----------
Zephyr
-----------
Leech
	Eff: -15489557,114857366
-----------
Blessing of Summer
-----------
Holy Bulwark
-----------
ZeroCIMDummy
-----------
Barrier of the Oathsworn
-----------
Voidglass Barrier
	Eff: -1864703,257032736
-----------
Stasis (Store)
-----------
Ethereal Reconstitution
	Eff: 7914877,692885661
-----------
Shattered Soul's Embrace
-----------
Ethereal Guard
	Eff: 32238421,49523996
-----------
Essence Bomb
-----------
Lightforged Blessing
	SupEff: -2,9103830456733704E-11
-----------
Stasis (Release)
-----------
Hover
-----------
Algari Mana Potion
-----------
Glide
-----------
Time Dilation
-----------
Melee
	Dmg: 12549,606872456714
-----------
Rescue
-----------
Twin Guardian
-----------
Tip the Scales
-----------
Emerald Communion
-----------
Obsidian Scales
-----------
Take Off
-----------
Whirling Surge
-----------
Surge Forward
-----------
Shooting Star
-----------
Skyward Ascent
-----------
Voidglass Shards
