-----------
EssenceRegenDummy
-----------
Azure Strike
-----------
Blessing of the Bronze
-----------
Cauterizing Flame
-----------
Chrono Flames
-----------
Chrono Flame
-----------
Consume Flame
	Eff: -30707434,952853423
-----------
Deep Breath
-----------
Disintegrate
-----------
Dream Breath
	Eff: -21316636,690166473
-----------
Dream Breath (Echo)
-----------
Dream Flight
	Eff: -7633459,38378487
-----------
Echo
	Eff: -2380721,0276523423
-----------
Emerald Blossom
-----------
Engulf
-----------
Enkindle
-----------
Expunge
-----------
Fire Breath
-----------
Fluttering Seedlings
-----------
Golden Hour
	Eff: 6998572,026813079
-----------
Landslide
-----------
Lifebind
	Eff: 4749539,937265531
-----------
Life-Giver's Flame
-----------
Living Flame
	Dmg: 10391734,563996473
-----------
Naturalize
-----------
Oppressing Roar
-----------
Panacea
	Eff: -814119,1277279619
-----------
Rewind
-----------
Renewing Blaze
-----------
Reversion
	Eff: -2728849,2190301707
-----------
Reversion (Echo)
	Eff: -8194409,269084094
-----------
Sleep Walk
-----------
Source of Magic
-----------
Spatial Paradox
-----------
Spiritbloom
	Eff: -1592306,2682482288
-----------
Spiritbloom (Echo)
	Eff: -4987586,476235088
-----------
Stasis
-----------
Tail Swipe
-----------
Temporal Anomaly
	Eff: 25469672,690071497
-----------
Time Spiral
-----------
Unravel
-----------
Verdant Embrace
	Eff: -7262303,348907531
-----------
Zephyr
-----------
Leech
	Eff: -19576659,897180267
-----------
Blessing of Summer
-----------
Holy Bulwark
-----------
ZeroCIMDummy
-----------
Barrier of the Oathsworn
-----------
Voidglass Barrier
	Eff: 28658324,749555063
-----------
Stasis (Store)
-----------
Ethereal Reconstitution
	Eff: 15497383,484296551
-----------
Shattered Soul's Embrace
-----------
Ethereal Guard
	Eff: 44515280,36037324
-----------
Essence Bomb
-----------
Lightforged Blessing
	SupEff: -2,9103830456733704E-11
-----------
Stasis (Release)
-----------
Hover
-----------
Algari Mana Potion
-----------
Glide
-----------
Time Dilation
-----------
Melee
	Dmg: 16440,398489117524
-----------
Rescue
-----------
Twin Guardian
-----------
Tip the Scales
-----------
Emerald Communion
-----------
Obsidian Scales
-----------
Take Off
-----------
Whirling Surge
-----------
Surge Forward
-----------
Shooting Star
-----------
Skyward Ascent
-----------
Voidglass Shards
