-----------
EssenceRegenDummy
-----------
Azure Strike
-----------
Blessing of the Bronze
-----------
Cauterizing Flame
-----------
Chrono Flames
-----------
Chrono Flame
-----------
Consume Flame
	Eff: -26396259,811145715
-----------
Deep Breath
-----------
Disintegrate
-----------
Dream Breath
	Eff: -26833385,163303036
-----------
Dream Breath (Echo)
-----------
Dream Flight
	Eff: -9653334,626884684
-----------
Echo
	Eff: -1773036,0628202262
-----------
Emerald Blossom
-----------
Engulf
-----------
Enkindle
-----------
Expunge
-----------
Fire Breath
-----------
Fluttering Seedlings
-----------
Golden Hour
	Eff: 6998572,026813079
-----------
Landslide
-----------
Lifebind
	Eff: 4474586,769146713
-----------
Life-Giver's Flame
-----------
Living Flame
	Dmg: 8886686,712889407
-----------
Naturalize
-----------
Oppressing Roar
-----------
Panacea
	Eff: -757266,6066358882
-----------
Rewind
-----------
Renewing Blaze
-----------
Reversion
	Eff: -9959681,516730433
-----------
Reversion (Echo)
	Eff: -33408644,183154605
-----------
Sleep Walk
-----------
Source of Magic
-----------
Spatial Paradox
-----------
Spiritbloom
	Eff: -879597,2124314797
-----------
Spiritbloom (Echo)
	Eff: -3319431,636076741
-----------
Stasis
-----------
Tail Swipe
-----------
Temporal Anomaly
	Eff: 52499252,708656244
-----------
Time Spiral
-----------
Unravel
-----------
Verdant Embrace
	Eff: -9592262,092489379
-----------
Zephyr
-----------
Leech
	Eff: -20721544,01544754
-----------
Blessing of Summer
-----------
Holy Bulwark
-----------
ZeroCIMDummy
-----------
Barrier of the Oathsworn
-----------
Voidglass Barrier
	Eff: 28658324,749555063
-----------
Stasis (Store)
-----------
Ethereal Reconstitution
	Eff: 11986307,85098792
-----------
Shattered Soul's Embrace
-----------
Ethereal Guard
	Eff: 32467650,048618335
-----------
Essence Bomb
-----------
Lightforged Blessing
	SupEff: -2,9103830456733704E-11
-----------
Stasis (Release)
-----------
Hover
-----------
Algari Mana Potion
-----------
Glide
-----------
Time Dilation
-----------
Melee
	Dmg: 10505,767762630074
-----------
Rescue
-----------
Twin Guardian
-----------
Tip the Scales
-----------
Emerald Communion
-----------
Obsidian Scales
-----------
Take Off
-----------
Whirling Surge
-----------
Surge Forward
-----------
Shooting Star
-----------
Skyward Ascent
-----------
Voidglass Shards
