-----------
EssenceRegenDummy
-----------
Azure Strike
-----------
Blessing of the Bronze
-----------
Cauterizing Flame
-----------
Chrono Flames
-----------
Chrono Flame
-----------
Consume Flame
	Eff: -57157040,71401468
-----------
Deep Breath
-----------
Disintegrate
-----------
Dream Breath
	Eff: -43481061,624039695
-----------
Dream Breath (Echo)
-----------
Dream Flight
	Eff: -14039634,64690263
-----------
Echo
	Eff: -6027722,391611358
-----------
Emerald Blossom
-----------
Engulf
-----------
Enkindle
-----------
Expunge
-----------
Fire Breath
-----------
Fluttering Seedlings
-----------
Golden Hour
	Eff: 6996794,37472851
-----------
Landslide
-----------
Lifebind
	Eff: 3230660,621900808
-----------
Life-Giver's Flame
-----------
Living Flame
	Dmg: 11905743,581395889
-----------
Naturalize
-----------
Oppressing Roar
-----------
Panacea
	Eff: -1187867,4582182579
-----------
Rewind
-----------
Renewing Blaze
-----------
Reversion
	Eff: -6456414,119426368
-----------
Reversion (Echo)
	Eff: -21776703,037164878
-----------
Sleep Walk
-----------
Source of Magic
-----------
Spatial Paradox
-----------
Spiritbloom
	Eff: -2435073,9784802385
-----------
Spiritbloom (Echo)
	Eff: -8934516,404098704
-----------
Stasis
-----------
Tail Swipe
-----------
Temporal Anomaly
	Eff: 17157894,69864523
-----------
Time Spiral
-----------
Unravel
-----------
Verdant Embrace
	Eff: -9699220,1355774
-----------
Zephyr
-----------
Leech
	Eff: -21034631,809079066
-----------
Blessing of Summer
-----------
Holy Bulwark
-----------
ZeroCIMDummy
-----------
Barrier of the Oathsworn
-----------
Voidglass Barrier
	Eff: 35537234,09607479
-----------
Stasis (Store)
-----------
Ethereal Reconstitution
	Eff: 19066775,45963137
-----------
Shattered Soul's Embrace
-----------
Ethereal Guard
	Eff: 55358318,890356906
-----------
Essence Bomb
-----------
Lightforged Blessing
	SupEff: -2,9103830456733704E-11
-----------
Stasis (Release)
-----------
Hover
-----------
Algari Mana Potion
-----------
Glide
-----------
Time Dilation
-----------
Melee
	Dmg: 20462,507238003327
-----------
Rescue
-----------
Twin Guardian
-----------
Tip the Scales
-----------
Emerald Communion
-----------
Obsidian Scales
-----------
Take Off
-----------
Whirling Surge
-----------
Surge Forward
-----------
Shooting Star
-----------
Skyward Ascent
-----------
Voidglass Shards
