-----------
EssenceRegenDummy
-----------
Azure Strike
-----------
Blessing of the Bronze
-----------
Cauterizing Flame
-----------
Chrono Flames
-----------
Chrono Flame
-----------
Consume Flame
	Eff: 664387,3498534462
-----------
Deep Breath
-----------
Disintegrate
-----------
Dream Breath
	Eff: 12531778,945825659
-----------
Dream Breath (Echo)
-----------
Dream Flight
	Eff: 1381729,1317661726
-----------
Echo
	Eff: 911541,6616975107
-----------
Emerald Blossom
-----------
Engulf
-----------
Enkindle
-----------
Expunge
-----------
Fire Breath
-----------
Fluttering Seedlings
-----------
Golden Hour
	Eff: 6998572,026813079
-----------
Landslide
-----------
Lifebind
	Eff: 7429769,487898522
-----------
Life-Giver's Flame
-----------
Living Flame
	Dmg: 7888046,52171327
-----------
Naturalize
-----------
Oppressing Roar
-----------
Panacea
	Eff: -350892,24754430464
-----------
Rewind
-----------
Renewing Blaze
-----------
Reversion
	Eff: 14365584,66431559
-----------
Reversion (Echo)
	Eff: 54600769,9399787
-----------
Sleep Walk
-----------
Source of Magic
-----------
Spatial Paradox
-----------
Spiritbloom
	Eff: -1490891,914547789
-----------
Spiritbloom (Echo)
	Eff: -1700542,5123858252
-----------
Stasis
-----------
Tail Swipe
-----------
Temporal Anomaly
	Eff: -18262054,135822322
-----------
Time Spiral
-----------
Unravel
-----------
Verdant Embrace
	Eff: 393783,64887778606
-----------
Zephyr
-----------
Leech
	Eff: -16073114,631462822
-----------
Blessing of Summer
-----------
Holy Bulwark
-----------
ZeroCIMDummy
-----------
Barrier of the Oathsworn
-----------
Voidglass Barrier
	Eff: 5777128,207661958
-----------
Stasis (Store)
-----------
Ethereal Reconstitution
	Eff: 9541664,224947458
-----------
Shattered Soul's Embrace
-----------
Ethereal Guard
	Eff: 32535372,712010268
-----------
Essence Bomb
-----------
Lightforged Blessing
	SupEff: -2,9103830456733704E-11
-----------
Stasis (Release)
-----------
Hover
-----------
Algari Mana Potion
-----------
Glide
-----------
Time Dilation
-----------
Melee
	Dmg: 13064,656998342507
-----------
Rescue
-----------
Twin Guardian
-----------
Tip the Scales
-----------
Emerald Communion
-----------
Obsidian Scales
-----------
Take Off
-----------
Whirling Surge
-----------
Surge Forward
-----------
Shooting Star
-----------
Skyward Ascent
-----------
Voidglass Shards
