-----------
EssenceRegenDummy
-----------
Azure Strike
-----------
Blessing of the Bronze
-----------
Cauterizing Flame
-----------
Chrono Flames
-----------
Chrono Flame
-----------
Consume Flame
	Eff: -19812018,311707146
-----------
Deep Breath
-----------
Disintegrate
-----------
Dream Breath
	Eff: -6211438,811483021
-----------
Dream Breath (Echo)
-----------
Dream Flight
	Eff: -3280396,8553181626
-----------
Echo
	Eff: -1173256,3194424724
-----------
Emerald Blossom
-----------
Engulf
-----------
Enkindle
-----------
Expunge
-----------
Fire Breath
-----------
Fluttering Seedlings
-----------
Golden Hour
	Eff: 6998572,026813079
-----------
Landslide
-----------
Lifebind
	Eff: 5825854,045252293
-----------
Life-Giver's Flame
-----------
Living Flame
	Dmg: 10144423,07739652
-----------
Naturalize
-----------
Oppressing Roar
-----------
Panacea
	Eff: -656745,9913550927
-----------
Rewind
-----------
Renewing Blaze
-----------
Reversion
	Eff: 5356680,016612666
-----------
Reversion (Echo)
	Eff: 22000911,980395455
-----------
Sleep Walk
-----------
Source of Magic
-----------
Spatial Paradox
-----------
Spiritbloom
	Eff: -1733831,5036887233
-----------
Spiritbloom (Echo)
	Eff: -4200477,754085524
-----------
Stasis
-----------
Tail Swipe
-----------
Temporal Anomaly
	Eff: 3382843,602804605
-----------
Time Spiral
-----------
Unravel
-----------
Verdant Embrace
	Eff: -3847479,141372372
-----------
Zephyr
-----------
Leech
	Eff: -17897502,95119764
-----------
Blessing of Summer
-----------
Holy Bulwark
-----------
ZeroCIMDummy
-----------
Barrier of the Oathsworn
-----------
Voidglass Barrier
	Eff: 21060791,13705134
-----------
Stasis (Store)
-----------
Ethereal Reconstitution
	Eff: 14882270,699044557
-----------
Shattered Soul's Embrace
-----------
Ethereal Guard
	Eff: 44584415,44700019
-----------
Essence Bomb
-----------
Lightforged Blessing
	SupEff: -2,9103830456733704E-11
-----------
Stasis (Release)
-----------
Hover
-----------
Algari Mana Potion
-----------
Glide
-----------
Time Dilation
-----------
Melee
	Dmg: 17622,386357426425
-----------
Rescue
-----------
Twin Guardian
-----------
Tip the Scales
-----------
Emerald Communion
-----------
Obsidian Scales
-----------
Take Off
-----------
Whirling Surge
-----------
Surge Forward
-----------
Shooting Star
-----------
Skyward Ascent
-----------
Voidglass Shards
