-----------
EssenceRegenDummy
-----------
Azure Strike
-----------
Blessing of the Bronze
-----------
Cauterizing Flame
-----------
Chrono Flames
-----------
Chrono Flame
-----------
Consume Flame
	Eff: 5580016,549500675
-----------
Deep Breath
-----------
Disintegrate
-----------
Dream Breath
	Eff: 12756802,598951891
-----------
Dream Breath (Echo)
-----------
Dream Flight
	Eff: 858497,8353747983
-----------
Echo
	Eff: 1120466,3287664442
-----------
Emerald Blossom
-----------
Engulf
-----------
Enkindle
-----------
Expunge
-----------
Fire Breath
-----------
Fluttering Seedlings
-----------
Golden Hour
	Eff: 6998572,026813079
-----------
Landslide
-----------
Lifebind
	Eff: 7686441,327669462
-----------
Life-Giver's Flame
-----------
Living Flame
	Dmg: 6046560,390029712
-----------
Naturalize
-----------
Oppressing Roar
-----------
Panacea
	Eff: -271422,9922586934
-----------
Rewind
-----------
Renewing Blaze
-----------
Reversion
	Eff: 14667536,192884736
-----------
Reversion (Echo)
	Eff: 54903086,009000465
-----------
Sleep Walk
-----------
Source of Magic
-----------
Spatial Paradox
-----------
Spiritbloom
	Eff: -1258660,8040150446
-----------
Spiritbloom (Echo)
	Eff: -584707,0659687589
-----------
Stasis
-----------
Tail Swipe
-----------
Temporal Anomaly
	Eff: -21832409,24672191
-----------
Time Spiral
-----------
Unravel
-----------
Verdant Embrace
	Eff: 1042440,6441039541
-----------
Zephyr
-----------
Leech
	Eff: -16144394,50465811
-----------
Blessing of Summer
-----------
Holy Bulwark
-----------
ZeroCIMDummy
-----------
Barrier of the Oathsworn
-----------
Voidglass Barrier
	Eff: -1864703,257032736
-----------
Stasis (Store)
-----------
Ethereal Reconstitution
	Eff: 5207332,357796843
-----------
Shattered Soul's Embrace
-----------
Ethereal Guard
	Eff: 20487036,18863783
-----------
Essence Bomb
-----------
Lightforged Blessing
	SupEff: -2,9103830456733704E-11
-----------
Stasis (Release)
-----------
Hover
-----------
Algari Mana Potion
-----------
Glide
-----------
Time Dilation
-----------
Melee
	Dmg: 7973,151273910127
-----------
Rescue
-----------
Twin Guardian
-----------
Tip the Scales
-----------
Emerald Communion
-----------
Obsidian Scales
-----------
Take Off
-----------
Whirling Surge
-----------
Surge Forward
-----------
Shooting Star
-----------
Skyward Ascent
-----------
Voidglass Shards
