-----------
EssenceRegenDummy
-----------
Azure Strike
-----------
Blessing of the Bronze
-----------
Cauterizing Flame
-----------
Chrono Flames
-----------
Chrono Flame
-----------
Consume Flame
	Eff: -48845497,35411471
-----------
Deep Breath
-----------
Disintegrate
-----------
Dream Breath
	Eff: -45010295,61341991
-----------
Dream Breath (Echo)
-----------
Dream Flight
	Eff: -14826180,404906828
-----------
Echo
	Eff: -4800380,378659433
-----------
Emerald Blossom
-----------
Engulf
-----------
Enkindle
-----------
Expunge
-----------
Fire Breath
-----------
Fluttering Seedlings
-----------
Golden Hour
	Eff: 6996794,37472851
-----------
Landslide
-----------
Lifebind
	Eff: 3181188,2650075536
-----------
Life-Giver's Flame
-----------
Living Flame
	Dmg: 10329737,643136408
-----------
Naturalize
-----------
Oppressing Roar
-----------
Panacea
	Eff: -1071000,2041137328
-----------
Rewind
-----------
Renewing Blaze
-----------
Reversion
	Eff: -14319507,980424738
-----------
Reversion (Echo)
	Eff: -42211561,28837081
-----------
Sleep Walk
-----------
Source of Magic
-----------
Spatial Paradox
-----------
Spiritbloom
	Eff: -1612906,7229801987
-----------
Spiritbloom (Echo)
	Eff: -6686980,044437431
-----------
Stasis
-----------
Tail Swipe
-----------
Temporal Anomaly
	Eff: 45462863,345272444
-----------
Time Spiral
-----------
Unravel
-----------
Verdant Embrace
	Eff: -11556330,940708235
-----------
Zephyr
-----------
Leech
	Eff: -21882246,175067775
-----------
Blessing of Summer
-----------
Holy Bulwark
-----------
ZeroCIMDummy
-----------
Barrier of the Oathsworn
-----------
Voidglass Barrier
	Eff: 35537234,09607479
-----------
Stasis (Store)
-----------
Ethereal Reconstitution
	Eff: 15390029,996016819
-----------
Shattered Soul's Embrace
-----------
Ethereal Guard
	Eff: 43310688,57860196
-----------
Essence Bomb
-----------
Lightforged Blessing
	SupEff: -2,9103830456733704E-11
-----------
Stasis (Release)
-----------
Hover
-----------
Algari Mana Potion
-----------
Glide
-----------
Time Dilation
-----------
Melee
	Dmg: 14247,851422891139
-----------
Rescue
-----------
Twin Guardian
-----------
Tip the Scales
-----------
Emerald Communion
-----------
Obsidian Scales
-----------
Take Off
-----------
Whirling Surge
-----------
Surge Forward
-----------
Shooting Star
-----------
Skyward Ascent
-----------
Voidglass Shards
