-----------
EssenceRegenDummy
-----------
Azure Strike
-----------
Blessing of the Bronze
-----------
Cauterizing Flame
-----------
Chrono Flames
-----------
Chrono Flame
-----------
Consume Flame
	Eff: -42270329,775969565
-----------
Deep Breath
-----------
Disintegrate
-----------
Dream Breath
	Eff: -23912657,270680103
-----------
Dream Breath (Echo)
-----------
Dream Flight
	Eff: -8151154,205681612
-----------
Echo
	Eff: -4117114,9108431125
-----------
Emerald Blossom
-----------
Engulf
-----------
Enkindle
-----------
Expunge
-----------
Fire Breath
-----------
Fluttering Seedlings
-----------
Golden Hour
	Eff: 6998572,026813079
-----------
Landslide
-----------
Lifebind
	Eff: 4581096,351413768
-----------
Life-Giver's Flame
-----------
Living Flame
	Dmg: 11896782,41510354
-----------
Naturalize
-----------
Oppressing Roar
-----------
Panacea
	Eff: -980467,0377897314
-----------
Rewind
-----------
Renewing Blaze
-----------
Reversion
	Eff: 2699174,854292859
-----------
Reversion (Echo)
	Eff: 12962871,33202506
-----------
Sleep Walk
-----------
Source of Magic
-----------
Spatial Paradox
-----------
Spiritbloom
	Eff: -2449823,939449923
-----------
Spiritbloom (Echo)
	Eff: -7611961,66050987
-----------
Stasis
-----------
Tail Swipe
-----------
Temporal Anomaly
	Eff: -1559907,328513239
-----------
Time Spiral
-----------
Unravel
-----------
Verdant Embrace
	Eff: -6045435,0913609695
-----------
Zephyr
-----------
Leech
	Eff: -18999792,055428486
-----------
Blessing of Summer
-----------
Holy Bulwark
-----------
ZeroCIMDummy
-----------
Barrier of the Oathsworn
-----------
Voidglass Barrier
	Eff: 28658324,749555063
-----------
Stasis (Store)
-----------
Ethereal Reconstitution
	Eff: 19008459,11760519
-----------
Shattered Soul's Embrace
-----------
Ethereal Guard
	Eff: 56562910,67212817
-----------
Essence Bomb
-----------
Lightforged Blessing
	SupEff: -2,9103830456733704E-11
-----------
Stasis (Release)
-----------
Hover
-----------
Algari Mana Potion
-----------
Glide
-----------
Time Dilation
-----------
Melee
	Dmg: 22375,029215604973
-----------
Rescue
-----------
Twin Guardian
-----------
Tip the Scales
-----------
Emerald Communion
-----------
Obsidian Scales
-----------
Take Off
-----------
Whirling Surge
-----------
Surge Forward
-----------
Shooting Star
-----------
Skyward Ascent
-----------
Voidglass Shards
