-----------
EssenceRegenDummy
-----------
Azure Strike
-----------
Blessing of the Bronze
-----------
Cauterizing Flame
-----------
Chrono Flames
-----------
Chrono Flame
-----------
Consume Flame
	Eff: -1317328,8442060403
-----------
Deep Breath
-----------
Disintegrate
-----------
Dream Breath
	Eff: -5203371,288926803
-----------
Dream Breath (Echo)
-----------
Dream Flight
	Eff: -4353590,72243793
-----------
Echo
	Eff: 588205,6533393676
-----------
Emerald Blossom
-----------
Engulf
-----------
Enkindle
-----------
Expunge
-----------
Fire Breath
-----------
Fluttering Seedlings
-----------
Golden Hour
	Eff: 6998572,026813079
-----------
Landslide
-----------
Lifebind
	Eff: 6285678,452793281
-----------
Life-Giver's Flame
-----------
Living Flame
	Dmg: 5350493,358789748
-----------
Naturalize
-----------
Oppressing Roar
-----------
Panacea
	Eff: -388993,38295009994
-----------
Rewind
-----------
Renewing Blaze
-----------
Reversion
	Eff: -1108625,3161339844
-----------
Reversion (Echo)
	Eff: 1112918,8476748455
-----------
Sleep Walk
-----------
Source of Magic
-----------
Spatial Paradox
-----------
Spiritbloom
	Eff: -500281,25412418507
-----------
Spiritbloom (Echo)
	Eff: 119931,71504646912
-----------
Stasis
-----------
Tail Swipe
-----------
Temporal Anomaly
	Eff: 22891038,95999757
-----------
Time Spiral
-----------
Unravel
-----------
Verdant Embrace
	Eff: -4258736,695904575
-----------
Zephyr
-----------
Leech
	Eff: -18739775,918982007
-----------
Blessing of Summer
-----------
Holy Bulwark
-----------
ZeroCIMDummy
-----------
Barrier of the Oathsworn
-----------
Voidglass Barrier
	Eff: 5777128,207661958
-----------
Stasis (Store)
-----------
Ethereal Reconstitution
	Eff: 3621891,593125519
-----------
Shattered Soul's Embrace
-----------
Ethereal Guard
	Eff: 8440112,088500427
-----------
Essence Bomb
-----------
Lightforged Blessing
	SupEff: -2,9103830456733704E-11
-----------
Stasis (Release)
-----------
Hover
-----------
Algari Mana Potion
-----------
Glide
-----------
Time Dilation
-----------
Melee
	Dmg: 3058,7020649468177
-----------
Rescue
-----------
Twin Guardian
-----------
Tip the Scales
-----------
Emerald Communion
-----------
Obsidian Scales
-----------
Take Off
-----------
Whirling Surge
-----------
Surge Forward
-----------
Shooting Star
-----------
Skyward Ascent
-----------
Voidglass Shards
