-----------
EssenceRegenDummy
-----------
Azure Strike
-----------
Blessing of the Bronze
-----------
Cauterizing Flame
-----------
Chrono Flames
-----------
Chrono Flame
-----------
Consume Flame
	Eff: -31413139,5785904
-----------
Deep Breath
-----------
Disintegrate
-----------
Dream Breath
	Eff: -7532534,051431052
-----------
Dream Breath (Echo)
-----------
Dream Flight
	Eff: -3887162,2338889614
-----------
Echo
	Eff: -3440466,2172820056
-----------
Emerald Blossom
-----------
Engulf
-----------
Enkindle
-----------
Expunge
-----------
Fire Breath
-----------
Fluttering Seedlings
-----------
Golden Hour
	Eff: 6998572,026813079
-----------
Landslide
-----------
Lifebind
	Eff: 6097761,077351004
-----------
Life-Giver's Flame
-----------
Living Flame
	Dmg: 11044079,891934829
-----------
Naturalize
-----------
Oppressing Roar
-----------
Panacea
	Eff: -824400,394932765
-----------
Rewind
-----------
Renewing Blaze
-----------
Reversion
	Eff: 16975892,538715
-----------
Reversion (Echo)
	Eff: 65098617,79657674
-----------
Sleep Walk
-----------
Source of Magic
-----------
Spatial Paradox
-----------
Spiritbloom
	Eff: -2876327,236915053
-----------
Spiritbloom (Echo)
	Eff: -7295262,056067107
-----------
Stasis
-----------
Tail Swipe
-----------
Temporal Anomaly
	Eff: -43036240,62426475
-----------
Time Spiral
-----------
Unravel
-----------
Verdant Embrace
	Eff: -1149870,2408780027
-----------
Zephyr
-----------
Leech
	Eff: -16658411,610536816
-----------
Blessing of Summer
-----------
Holy Bulwark
-----------
ZeroCIMDummy
-----------
Barrier of the Oathsworn
-----------
Voidglass Barrier
	Eff: 13418959,672356643
-----------
Stasis (Store)
-----------
Ethereal Reconstitution
	Eff: 16942659,23816944
-----------
Shattered Soul's Embrace
-----------
Ethereal Guard
	Eff: 56335094,541984804
-----------
Essence Bomb
-----------
Lightforged Blessing
	SupEff: -2,9103830456733704E-11
-----------
Stasis (Release)
-----------
Hover
-----------
Algari Mana Potion
-----------
Glide
-----------
Time Dilation
-----------
Melee
	Dmg: 23339,6207952265
-----------
Rescue
-----------
Twin Guardian
-----------
Tip the Scales
-----------
Emerald Communion
-----------
Obsidian Scales
-----------
Take Off
-----------
Whirling Surge
-----------
Surge Forward
-----------
Shooting Star
-----------
Skyward Ascent
-----------
Voidglass Shards
