----------------------
00:25,783

Intellect
	 Rating: 150648
	 Multiplicative Factor: 5%
	 Eff: 150648
Stamina
	 Rating: 874055
	 Multiplicative Factor: 11,3%
	 Eff: 874055
Crit
	 Rating: 9635
	 Multiplicative Factor: 0%
	 Eff: 13135
	 DR Bracket: 0
	 Base: 5%
	 Effective Percent: 18,76%
	 Crit Inc Heal: 2,6
	 Crit Inc Damage: 2
Haste
	 Rating: 18766
	 Multiplicative Factor: 0%
	 Eff: 18766
	 DR Bracket: 0
	 Base: 0%
	 Effective Percent: 28,43%
Vers
	 Rating: 3231
	 Multiplicative Factor: 0%
	 Eff: 5571
	 DR Bracket: 0
	 Base: 3%
	 Effective Percent: 7,14%
Leech
	 Rating: 4284
	 Multiplicative Factor: 0%
	 Eff: 6323,99025
	 DR Bracket: 0
	 Base: 2%
	 Effective Percent: 6,2%
Avoidance
	 Rating: 1618
	 Multiplicative Factor: 0%
	 Eff: 1618
	 DR Bracket: 0
	 Base: 0%
	 Effective Percent: 2,97%
Mastery
	 Rating: 32419
	 Multiplicative Factor: 0%
	 Eff: 38535,2
	 DR Bracket: 2
	 Base: 19,8%
	 Effective Percent: 99,09%
----------------------
00:42,339

Intellect
	 Rating: 150648
	 Multiplicative Factor: 5%
	 Eff: 150648
Stamina
	 Rating: 874055
	 Multiplicative Factor: 11,3%
	 Eff: 874055
Crit
	 Rating: 9635
	 Multiplicative Factor: 0%
	 Eff: 13135
	 DR Bracket: 0
	 Base: 5%
	 Effective Percent: 18,76%
	 Crit Inc Heal: 2
	 Crit Inc Damage: 2
Haste
	 Rating: 18766
	 Multiplicative Factor: 0%
	 Eff: 18766
	 DR Bracket: 0
	 Base: 0%
	 Effective Percent: 28,43%
Vers
	 Rating: 3231
	 Multiplicative Factor: 0%
	 Eff: 5571
	 DR Bracket: 0
	 Base: 3%
	 Effective Percent: 7,14%
Leech
	 Rating: 4284
	 Multiplicative Factor: 0%
	 Eff: 6323,99025
	 DR Bracket: 0
	 Base: 2%
	 Effective Percent: 6,2%
Avoidance
	 Rating: 1618
	 Multiplicative Factor: 0%
	 Eff: 1618
	 DR Bracket: 0
	 Base: 0%
	 Effective Percent: 2,97%
Mastery
	 Rating: 32419
	 Multiplicative Factor: 0%
	 Eff: 38535,2
	 DR Bracket: 2
	 Base: 19,8%
	 Effective Percent: 99,09%
----------------------
00:42,909

Intellect
	 Rating: 150648
	 Multiplicative Factor: 5%
	 Eff: 150648
Stamina
	 Rating: 874055
	 Multiplicative Factor: 11,3%
	 Eff: 874055
Crit
	 Rating: 9635
	 Multiplicative Factor: 0%
	 Eff: 13135
	 DR Bracket: 0
	 Base: 5%
	 Effective Percent: 18,76%
	 Crit Inc Heal: 2,6
	 Crit Inc Damage: 2
Haste
	 Rating: 18766
	 Multiplicative Factor: 0%
	 Eff: 18766
	 DR Bracket: 0
	 Base: 0%
	 Effective Percent: 28,43%
Vers
	 Rating: 3231
	 Multiplicative Factor: 0%
	 Eff: 5571
	 DR Bracket: 0
	 Base: 3%
	 Effective Percent: 7,14%
Leech
	 Rating: 4284
	 Multiplicative Factor: 0%
	 Eff: 6323,99025
	 DR Bracket: 0
	 Base: 2%
	 Effective Percent: 6,2%
Avoidance
	 Rating: 1618
	 Multiplicative Factor: 0%
	 Eff: 1618
	 DR Bracket: 0
	 Base: 0%
	 Effective Percent: 2,97%
Mastery
	 Rating: 32419
	 Multiplicative Factor: 0%
	 Eff: 38535,2
	 DR Bracket: 2
	 Base: 19,8%
	 Effective Percent: 99,09%
----------------------
00:52,936

Intellect
	 Rating: 150648
	 Multiplicative Factor: 5%
	 Eff: 150648
Stamina
	 Rating: 874055
	 Multiplicative Factor: 11,3%
	 Eff: 874055
Crit
	 Rating: 9635
	 Multiplicative Factor: 0%
	 Eff: 13135
	 DR Bracket: 0
	 Base: 5%
	 Effective Percent: 18,76%
	 Crit Inc Heal: 2
	 Crit Inc Damage: 2
Haste
	 Rating: 18766
	 Multiplicative Factor: 0%
	 Eff: 18766
	 DR Bracket: 0
	 Base: 0%
	 Effective Percent: 28,43%
Vers
	 Rating: 3231
	 Multiplicative Factor: 0%
	 Eff: 5571
	 DR Bracket: 0
	 Base: 3%
	 Effective Percent: 7,14%
Leech
	 Rating: 4284
	 Multiplicative Factor: 0%
	 Eff: 6323,99025
	 DR Bracket: 0
	 Base: 2%
	 Effective Percent: 6,2%
Avoidance
	 Rating: 1618
	 Multiplicative Factor: 0%
	 Eff: 1618
	 DR Bracket: 0
	 Base: 0%
	 Effective Percent: 2,97%
Mastery
	 Rating: 32419
	 Multiplicative Factor: 0%
	 Eff: 38535,2
	 DR Bracket: 2
	 Base: 19,8%
	 Effective Percent: 99,09%
----------------------
00:55,730

Intellect
	 Rating: 150648
	 Multiplicative Factor: 5%
	 Eff: 150648
Stamina
	 Rating: 874055
	 Multiplicative Factor: 11,3%
	 Eff: 874055
Crit
	 Rating: 9635
	 Multiplicative Factor: 0%
	 Eff: 13135
	 DR Bracket: 0
	 Base: 5%
	 Effective Percent: 18,76%
	 Crit Inc Heal: 2,6
	 Crit Inc Damage: 2
Haste
	 Rating: 18766
	 Multiplicative Factor: 0%
	 Eff: 18766
	 DR Bracket: 0
	 Base: 0%
	 Effective Percent: 28,43%
Vers
	 Rating: 3231
	 Multiplicative Factor: 0%
	 Eff: 5571
	 DR Bracket: 0
	 Base: 3%
	 Effective Percent: 7,14%
Leech
	 Rating: 4284
	 Multiplicative Factor: 0%
	 Eff: 6323,99025
	 DR Bracket: 0
	 Base: 2%
	 Effective Percent: 6,2%
Avoidance
	 Rating: 1618
	 Multiplicative Factor: 0%
	 Eff: 1618
	 DR Bracket: 0
	 Base: 0%
	 Effective Percent: 2,97%
Mastery
	 Rating: 32419
	 Multiplicative Factor: 0%
	 Eff: 38535,2
	 DR Bracket: 2
	 Base: 19,8%
	 Effective Percent: 99,09%
----------------------
01:05,739

Intellect
	 Rating: 150648
	 Multiplicative Factor: 5%
	 Eff: 150648
Stamina
	 Rating: 874055
	 Multiplicative Factor: 11,3%
	 Eff: 874055
Crit
	 Rating: 9635
	 Multiplicative Factor: 0%
	 Eff: 13135
	 DR Bracket: 0
	 Base: 5%
	 Effective Percent: 18,76%
	 Crit Inc Heal: 2
	 Crit Inc Damage: 2
Haste
	 Rating: 18766
	 Multiplicative Factor: 0%
	 Eff: 18766
	 DR Bracket: 0
	 Base: 0%
	 Effective Percent: 28,43%
Vers
	 Rating: 3231
	 Multiplicative Factor: 0%
	 Eff: 5571
	 DR Bracket: 0
	 Base: 3%
	 Effective Percent: 7,14%
Leech
	 Rating: 4284
	 Multiplicative Factor: 0%
	 Eff: 6323,99025
	 DR Bracket: 0
	 Base: 2%
	 Effective Percent: 6,2%
Avoidance
	 Rating: 1618
	 Multiplicative Factor: 0%
	 Eff: 1618
	 DR Bracket: 0
	 Base: 0%
	 Effective Percent: 2,97%
Mastery
	 Rating: 32419
	 Multiplicative Factor: 0%
	 Eff: 38535,2
	 DR Bracket: 2
	 Base: 19,8%
	 Effective Percent: 99,09%
----------------------
01:05,764

Intellect
	 Rating: 150648
	 Multiplicative Factor: 5%
	 Eff: 150648
Stamina
	 Rating: 874055
	 Multiplicative Factor: 11,3%
	 Eff: 874055
Crit
	 Rating: 9635
	 Multiplicative Factor: 0%
	 Eff: 13135
	 DR Bracket: 0
	 Base: 5%
	 Effective Percent: 18,76%
	 Crit Inc Heal: 2,6
	 Crit Inc Damage: 2
Haste
	 Rating: 18766
	 Multiplicative Factor: 0%
	 Eff: 18766
	 DR Bracket: 0
	 Base: 0%
	 Effective Percent: 28,43%
Vers
	 Rating: 3231
	 Multiplicative Factor: 0%
	 Eff: 5571
	 DR Bracket: 0
	 Base: 3%
	 Effective Percent: 7,14%
Leech
	 Rating: 4284
	 Multiplicative Factor: 0%
	 Eff: 6323,99025
	 DR Bracket: 0
	 Base: 2%
	 Effective Percent: 6,2%
Avoidance
	 Rating: 1618
	 Multiplicative Factor: 0%
	 Eff: 1618
	 DR Bracket: 0
	 Base: 0%
	 Effective Percent: 2,97%
Mastery
	 Rating: 32419
	 Multiplicative Factor: 0%
	 Eff: 38535,2
	 DR Bracket: 2
	 Base: 19,8%
	 Effective Percent: 99,09%
----------------------
01:15,681

Intellect
	 Rating: 150648
	 Multiplicative Factor: 5%
	 Eff: 150648
Stamina
	 Rating: 917758
	 Multiplicative Factor: 16,87%
	 Eff: 917757,7499999999
Crit
	 Rating: 9635
	 Multiplicative Factor: 0%
	 Eff: 13135
	 DR Bracket: 0
	 Base: 5%
	 Effective Percent: 18,76%
	 Crit Inc Heal: 2,6
	 Crit Inc Damage: 2
Haste
	 Rating: 18766
	 Multiplicative Factor: 0%
	 Eff: 18766
	 DR Bracket: 0
	 Base: 0%
	 Effective Percent: 28,43%
Vers
	 Rating: 3231
	 Multiplicative Factor: 0%
	 Eff: 5571
	 DR Bracket: 0
	 Base: 3%
	 Effective Percent: 7,14%
Leech
	 Rating: 4284
	 Multiplicative Factor: 0%
	 Eff: 6323,99025
	 DR Bracket: 0
	 Base: 2%
	 Effective Percent: 6,2%
Avoidance
	 Rating: 1618
	 Multiplicative Factor: 0%
	 Eff: 1618
	 DR Bracket: 0
	 Base: 0%
	 Effective Percent: 2,97%
Mastery
	 Rating: 32419
	 Multiplicative Factor: 0%
	 Eff: 38535,2
	 DR Bracket: 2
	 Base: 19,8%
	 Effective Percent: 99,09%
----------------------
01:15,681

Intellect
	 Rating: 150648
	 Multiplicative Factor: 5%
	 Eff: 150648
Stamina
	 Rating: 874055
	 Multiplicative Factor: 11,3%
	 Eff: 874054,9999999999
Crit
	 Rating: 9635
	 Multiplicative Factor: 0%
	 Eff: 13135
	 DR Bracket: 0
	 Base: 5%
	 Effective Percent: 18,76%
	 Crit Inc Heal: 2,6
	 Crit Inc Damage: 2
Haste
	 Rating: 18766
	 Multiplicative Factor: 0%
	 Eff: 18766
	 DR Bracket: 0
	 Base: 0%
	 Effective Percent: 28,43%
Vers
	 Rating: 3231
	 Multiplicative Factor: 0%
	 Eff: 5571
	 DR Bracket: 0
	 Base: 3%
	 Effective Percent: 7,14%
Leech
	 Rating: 4284
	 Multiplicative Factor: 0%
	 Eff: 6323,99025
	 DR Bracket: 0
	 Base: 2%
	 Effective Percent: 6,2%
Avoidance
	 Rating: 1618
	 Multiplicative Factor: 0%
	 Eff: 1618
	 DR Bracket: 0
	 Base: 0%
	 Effective Percent: 2,97%
Mastery
	 Rating: 32419
	 Multiplicative Factor: 0%
	 Eff: 38535,2
	 DR Bracket: 2
	 Base: 19,8%
	 Effective Percent: 99,09%
----------------------
01:29,947

Intellect
	 Rating: 150648
	 Multiplicative Factor: 5%
	 Eff: 150648
Stamina
	 Rating: 874055
	 Multiplicative Factor: 11,3%
	 Eff: 874054,9999999999
Crit
	 Rating: 9635
	 Multiplicative Factor: 0%
	 Eff: 13135
	 DR Bracket: 0
	 Base: 5%
	 Effective Percent: 18,76%
	 Crit Inc Heal: 2
	 Crit Inc Damage: 2
Haste
	 Rating: 18766
	 Multiplicative Factor: 0%
	 Eff: 18766
	 DR Bracket: 0
	 Base: 0%
	 Effective Percent: 28,43%
Vers
	 Rating: 3231
	 Multiplicative Factor: 0%
	 Eff: 5571
	 DR Bracket: 0
	 Base: 3%
	 Effective Percent: 7,14%
Leech
	 Rating: 4284
	 Multiplicative Factor: 0%
	 Eff: 6323,99025
	 DR Bracket: 0
	 Base: 2%
	 Effective Percent: 6,2%
Avoidance
	 Rating: 1618
	 Multiplicative Factor: 0%
	 Eff: 1618
	 DR Bracket: 0
	 Base: 0%
	 Effective Percent: 2,97%
Mastery
	 Rating: 32419
	 Multiplicative Factor: 0%
	 Eff: 38535,2
	 DR Bracket: 2
	 Base: 19,8%
	 Effective Percent: 99,09%
----------------------
01:35,373

Intellect
	 Rating: 150648
	 Multiplicative Factor: 5%
	 Eff: 150648
Stamina
	 Rating: 874055
	 Multiplicative Factor: 11,3%
	 Eff: 874054,9999999999
Crit
	 Rating: 9635
	 Multiplicative Factor: 0%
	 Eff: 13135
	 DR Bracket: 0
	 Base: 5%
	 Effective Percent: 18,76%
	 Crit Inc Heal: 2,6
	 Crit Inc Damage: 2
Haste
	 Rating: 18766
	 Multiplicative Factor: 0%
	 Eff: 18766
	 DR Bracket: 0
	 Base: 0%
	 Effective Percent: 28,43%
Vers
	 Rating: 3231
	 Multiplicative Factor: 0%
	 Eff: 5571
	 DR Bracket: 0
	 Base: 3%
	 Effective Percent: 7,14%
Leech
	 Rating: 4284
	 Multiplicative Factor: 0%
	 Eff: 6323,99025
	 DR Bracket: 0
	 Base: 2%
	 Effective Percent: 6,2%
Avoidance
	 Rating: 1618
	 Multiplicative Factor: 0%
	 Eff: 1618
	 DR Bracket: 0
	 Base: 0%
	 Effective Percent: 2,97%
Mastery
	 Rating: 32419
	 Multiplicative Factor: 0%
	 Eff: 38535,2
	 DR Bracket: 2
	 Base: 19,8%
	 Effective Percent: 99,09%
----------------------
02:20,042

Intellect
	 Rating: 150648
	 Multiplicative Factor: 5%
	 Eff: 150648
Stamina
	 Rating: 874055
	 Multiplicative Factor: 11,3%
	 Eff: 874054,9999999999
Crit
	 Rating: 9635
	 Multiplicative Factor: 0%
	 Eff: 13135
	 DR Bracket: 0
	 Base: 5%
	 Effective Percent: 18,76%
	 Crit Inc Heal: 2
	 Crit Inc Damage: 2
Haste
	 Rating: 18766
	 Multiplicative Factor: 0%
	 Eff: 18766
	 DR Bracket: 0
	 Base: 0%
	 Effective Percent: 28,43%
Vers
	 Rating: 3231
	 Multiplicative Factor: 0%
	 Eff: 5571
	 DR Bracket: 0
	 Base: 3%
	 Effective Percent: 7,14%
Leech
	 Rating: 4284
	 Multiplicative Factor: 0%
	 Eff: 6323,99025
	 DR Bracket: 0
	 Base: 2%
	 Effective Percent: 6,2%
Avoidance
	 Rating: 1618
	 Multiplicative Factor: 0%
	 Eff: 1618
	 DR Bracket: 0
	 Base: 0%
	 Effective Percent: 2,97%
Mastery
	 Rating: 32419
	 Multiplicative Factor: 0%
	 Eff: 38535,2
	 DR Bracket: 2
	 Base: 19,8%
	 Effective Percent: 99,09%
----------------------
02:54,486

Intellect
	 Rating: 150648
	 Multiplicative Factor: 5%
	 Eff: 150648
Stamina
	 Rating: 874055
	 Multiplicative Factor: 11,3%
	 Eff: 874054,9999999999
Crit
	 Rating: 9635
	 Multiplicative Factor: 0%
	 Eff: 13135
	 DR Bracket: 0
	 Base: 5%
	 Effective Percent: 18,76%
	 Crit Inc Heal: 2,6
	 Crit Inc Damage: 2
Haste
	 Rating: 18766
	 Multiplicative Factor: 0%
	 Eff: 18766
	 DR Bracket: 0
	 Base: 0%
	 Effective Percent: 28,43%
Vers
	 Rating: 3231
	 Multiplicative Factor: 0%
	 Eff: 5571
	 DR Bracket: 0
	 Base: 3%
	 Effective Percent: 7,14%
Leech
	 Rating: 4284
	 Multiplicative Factor: 0%
	 Eff: 6323,99025
	 DR Bracket: 0
	 Base: 2%
	 Effective Percent: 6,2%
Avoidance
	 Rating: 1618
	 Multiplicative Factor: 0%
	 Eff: 1618
	 DR Bracket: 0
	 Base: 0%
	 Effective Percent: 2,97%
Mastery
	 Rating: 32419
	 Multiplicative Factor: 0%
	 Eff: 38535,2
	 DR Bracket: 2
	 Base: 19,8%
	 Effective Percent: 99,09%
----------------------
03:19,889

Intellect
	 Rating: 150648
	 Multiplicative Factor: 5%
	 Eff: 150648
Stamina
	 Rating: 874055
	 Multiplicative Factor: 11,3%
	 Eff: 874054,9999999999
Crit
	 Rating: 9635
	 Multiplicative Factor: 0%
	 Eff: 13135
	 DR Bracket: 0
	 Base: 5%
	 Effective Percent: 18,76%
	 Crit Inc Heal: 2
	 Crit Inc Damage: 2
Haste
	 Rating: 18766
	 Multiplicative Factor: 0%
	 Eff: 18766
	 DR Bracket: 0
	 Base: 0%
	 Effective Percent: 28,43%
Vers
	 Rating: 3231
	 Multiplicative Factor: 0%
	 Eff: 5571
	 DR Bracket: 0
	 Base: 3%
	 Effective Percent: 7,14%
Leech
	 Rating: 4284
	 Multiplicative Factor: 0%
	 Eff: 6323,99025
	 DR Bracket: 0
	 Base: 2%
	 Effective Percent: 6,2%
Avoidance
	 Rating: 1618
	 Multiplicative Factor: 0%
	 Eff: 1618
	 DR Bracket: 0
	 Base: 0%
	 Effective Percent: 2,97%
Mastery
	 Rating: 32419
	 Multiplicative Factor: 0%
	 Eff: 38535,2
	 DR Bracket: 2
	 Base: 19,8%
	 Effective Percent: 99,09%
----------------------
03:20,197

Intellect
	 Rating: 150648
	 Multiplicative Factor: 5%
	 Eff: 150648
Stamina
	 Rating: 874055
	 Multiplicative Factor: 11,3%
	 Eff: 874054,9999999999
Crit
	 Rating: 9635
	 Multiplicative Factor: 0%
	 Eff: 13135
	 DR Bracket: 0
	 Base: 5%
	 Effective Percent: 18,76%
	 Crit Inc Heal: 2,6
	 Crit Inc Damage: 2
Haste
	 Rating: 18766
	 Multiplicative Factor: 0%
	 Eff: 18766
	 DR Bracket: 0
	 Base: 0%
	 Effective Percent: 28,43%
Vers
	 Rating: 3231
	 Multiplicative Factor: 0%
	 Eff: 5571
	 DR Bracket: 0
	 Base: 3%
	 Effective Percent: 7,14%
Leech
	 Rating: 4284
	 Multiplicative Factor: 0%
	 Eff: 6323,99025
	 DR Bracket: 0
	 Base: 2%
	 Effective Percent: 6,2%
Avoidance
	 Rating: 1618
	 Multiplicative Factor: 0%
	 Eff: 1618
	 DR Bracket: 0
	 Base: 0%
	 Effective Percent: 2,97%
Mastery
	 Rating: 32419
	 Multiplicative Factor: 0%
	 Eff: 38535,2
	 DR Bracket: 2
	 Base: 19,8%
	 Effective Percent: 99,09%
----------------------
03:30,198

Intellect
	 Rating: 150648
	 Multiplicative Factor: 5%
	 Eff: 150648
Stamina
	 Rating: 874055
	 Multiplicative Factor: 11,3%
	 Eff: 874054,9999999999
Crit
	 Rating: 9635
	 Multiplicative Factor: 0%
	 Eff: 13135
	 DR Bracket: 0
	 Base: 5%
	 Effective Percent: 18,76%
	 Crit Inc Heal: 2
	 Crit Inc Damage: 2
Haste
	 Rating: 18766
	 Multiplicative Factor: 0%
	 Eff: 18766
	 DR Bracket: 0
	 Base: 0%
	 Effective Percent: 28,43%
Vers
	 Rating: 3231
	 Multiplicative Factor: 0%
	 Eff: 5571
	 DR Bracket: 0
	 Base: 3%
	 Effective Percent: 7,14%
Leech
	 Rating: 4284
	 Multiplicative Factor: 0%
	 Eff: 6323,99025
	 DR Bracket: 0
	 Base: 2%
	 Effective Percent: 6,2%
Avoidance
	 Rating: 1618
	 Multiplicative Factor: 0%
	 Eff: 1618
	 DR Bracket: 0
	 Base: 0%
	 Effective Percent: 2,97%
Mastery
	 Rating: 32419
	 Multiplicative Factor: 0%
	 Eff: 38535,2
	 DR Bracket: 2
	 Base: 19,8%
	 Effective Percent: 99,09%
----------------------
03:32,544

Intellect
	 Rating: 150648
	 Multiplicative Factor: 5%
	 Eff: 150648
Stamina
	 Rating: 874055
	 Multiplicative Factor: 11,3%
	 Eff: 874054,9999999999
Crit
	 Rating: 9635
	 Multiplicative Factor: 0%
	 Eff: 13135
	 DR Bracket: 0
	 Base: 5%
	 Effective Percent: 18,76%
	 Crit Inc Heal: 2,6
	 Crit Inc Damage: 2
Haste
	 Rating: 18766
	 Multiplicative Factor: 0%
	 Eff: 18766
	 DR Bracket: 0
	 Base: 0%
	 Effective Percent: 28,43%
Vers
	 Rating: 3231
	 Multiplicative Factor: 0%
	 Eff: 5571
	 DR Bracket: 0
	 Base: 3%
	 Effective Percent: 7,14%
Leech
	 Rating: 4284
	 Multiplicative Factor: 0%
	 Eff: 6323,99025
	 DR Bracket: 0
	 Base: 2%
	 Effective Percent: 6,2%
Avoidance
	 Rating: 1618
	 Multiplicative Factor: 0%
	 Eff: 1618
	 DR Bracket: 0
	 Base: 0%
	 Effective Percent: 2,97%
Mastery
	 Rating: 32419
	 Multiplicative Factor: 0%
	 Eff: 38535,2
	 DR Bracket: 2
	 Base: 19,8%
	 Effective Percent: 99,09%
----------------------
03:54,565

Intellect
	 Rating: 150648
	 Multiplicative Factor: 5%
	 Eff: 150648
Stamina
	 Rating: 874055
	 Multiplicative Factor: 11,3%
	 Eff: 874054,9999999999
Crit
	 Rating: 9635
	 Multiplicative Factor: 0%
	 Eff: 13135
	 DR Bracket: 0
	 Base: 5%
	 Effective Percent: 18,76%
	 Crit Inc Heal: 2
	 Crit Inc Damage: 2
Haste
	 Rating: 18766
	 Multiplicative Factor: 0%
	 Eff: 18766
	 DR Bracket: 0
	 Base: 0%
	 Effective Percent: 28,43%
Vers
	 Rating: 3231
	 Multiplicative Factor: 0%
	 Eff: 5571
	 DR Bracket: 0
	 Base: 3%
	 Effective Percent: 7,14%
Leech
	 Rating: 4284
	 Multiplicative Factor: 0%
	 Eff: 6323,99025
	 DR Bracket: 0
	 Base: 2%
	 Effective Percent: 6,2%
Avoidance
	 Rating: 1618
	 Multiplicative Factor: 0%
	 Eff: 1618
	 DR Bracket: 0
	 Base: 0%
	 Effective Percent: 2,97%
Mastery
	 Rating: 32419
	 Multiplicative Factor: 0%
	 Eff: 38535,2
	 DR Bracket: 2
	 Base: 19,8%
	 Effective Percent: 99,09%
----------------------
04:13,131

Intellect
	 Rating: 150648
	 Multiplicative Factor: 5%
	 Eff: 150648
Stamina
	 Rating: 874055
	 Multiplicative Factor: 11,3%
	 Eff: 874054,9999999999
Crit
	 Rating: 9635
	 Multiplicative Factor: 0%
	 Eff: 13135
	 DR Bracket: 0
	 Base: 5%
	 Effective Percent: 18,76%
	 Crit Inc Heal: 2
	 Crit Inc Damage: 2
Haste
	 Rating: 18766
	 Multiplicative Factor: 0%
	 Eff: 18766
	 DR Bracket: 0
	 Base: 0%
	 Effective Percent: 28,43%
Vers
	 Rating: 3231
	 Multiplicative Factor: 0%
	 Eff: 5571
	 DR Bracket: 0
	 Base: 3%
	 Effective Percent: 7,14%
Leech
	 Rating: 4284
	 Multiplicative Factor: 0%
	 Eff: 6323,99025
	 DR Bracket: 0
	 Base: 2%
	 Effective Percent: 6,2%
Avoidance
	 Rating: 1618
	 Multiplicative Factor: 0%
	 Eff: 1618
	 DR Bracket: 0
	 Base: 0%
	 Effective Percent: 2,97%
Mastery
	 Rating: 32419
	 Multiplicative Factor: 0%
	 Eff: 39935,2
	 DR Bracket: 2
	 Base: 23,4%
	 Effective Percent: 102,69%
----------------------
00:00,000

Intellect
	 Rating: 150648
	 Multiplicative Factor: 5%
	 Eff: 150648
Stamina
	 Rating: 874055
	 Multiplicative Factor: 11,3%
	 Eff: 874054,9999999999
Crit
	 Rating: 9635
	 Multiplicative Factor: 0%
	 Eff: 13135
	 DR Bracket: 0
	 Base: 5%
	 Effective Percent: 18,76%
	 Crit Inc Heal: 2
	 Crit Inc Damage: 2
Haste
	 Rating: 18766
	 Multiplicative Factor: 0%
	 Eff: 18766
	 DR Bracket: 0
	 Base: 0%
	 Effective Percent: 28,43%
Vers
	 Rating: 3231
	 Multiplicative Factor: 0%
	 Eff: 5571
	 DR Bracket: 0
	 Base: 3%
	 Effective Percent: 7,14%
Leech
	 Rating: 4284
	 Multiplicative Factor: 0%
	 Eff: 6323,99025
	 DR Bracket: 0
	 Base: 2%
	 Effective Percent: 6,2%
Avoidance
	 Rating: 1618
	 Multiplicative Factor: 0%
	 Eff: 1618
	 DR Bracket: 0
	 Base: 0%
	 Effective Percent: 2,97%
Mastery
	 Rating: 32419
	 Multiplicative Factor: 0%
	 Eff: 38535,2
	 DR Bracket: 2
	 Base: 19,8%
	 Effective Percent: 99,09%
----------------------
04:13,132

Intellect
	 Rating: 150648
	 Multiplicative Factor: 5%
	 Eff: 150648
Stamina
	 Rating: 874055
	 Multiplicative Factor: 11,3%
	 Eff: 874054,9999999999
Crit
	 Rating: 9635
	 Multiplicative Factor: 0%
	 Eff: 13135
	 DR Bracket: 0
	 Base: 5%
	 Effective Percent: 18,76%
	 Crit Inc Heal: 2
	 Crit Inc Damage: 2
Haste
	 Rating: 18766
	 Multiplicative Factor: 0%
	 Eff: 18766
	 DR Bracket: 0
	 Base: 0%
	 Effective Percent: 28,43%
Vers
	 Rating: 3231
	 Multiplicative Factor: 0%
	 Eff: 7911
	 DR Bracket: 0
	 Base: 6%
	 Effective Percent: 10,14%
Leech
	 Rating: 4284
	 Multiplicative Factor: 0%
	 Eff: 6323,99025
	 DR Bracket: 0
	 Base: 2%
	 Effective Percent: 6,2%
Avoidance
	 Rating: 1618
	 Multiplicative Factor: 0%
	 Eff: 1618
	 DR Bracket: 0
	 Base: 0%
	 Effective Percent: 2,97%
Mastery
	 Rating: 32419
	 Multiplicative Factor: 0%
	 Eff: 38535,2
	 DR Bracket: 2
	 Base: 19,8%
	 Effective Percent: 99,09%
----------------------
00:00,000

Intellect
	 Rating: 150648
	 Multiplicative Factor: 5%
	 Eff: 150648
Stamina
	 Rating: 874055
	 Multiplicative Factor: 11,3%
	 Eff: 874054,9999999999
Crit
	 Rating: 9635
	 Multiplicative Factor: 0%
	 Eff: 13135
	 DR Bracket: 0
	 Base: 5%
	 Effective Percent: 18,76%
	 Crit Inc Heal: 2
	 Crit Inc Damage: 2
Haste
	 Rating: 18766
	 Multiplicative Factor: 0%
	 Eff: 18766
	 DR Bracket: 0
	 Base: 0%
	 Effective Percent: 28,43%
Vers
	 Rating: 3231
	 Multiplicative Factor: 0%
	 Eff: 5571
	 DR Bracket: 0
	 Base: 3%
	 Effective Percent: 7,14%
Leech
	 Rating: 4284
	 Multiplicative Factor: 0%
	 Eff: 6323,99025
	 DR Bracket: 0
	 Base: 2%
	 Effective Percent: 6,2%
Avoidance
	 Rating: 1618
	 Multiplicative Factor: 0%
	 Eff: 1618
	 DR Bracket: 0
	 Base: 0%
	 Effective Percent: 2,97%
Mastery
	 Rating: 32419
	 Multiplicative Factor: 0%
	 Eff: 38535,2
	 DR Bracket: 2
	 Base: 19,8%
	 Effective Percent: 99,09%
----------------------
04:13,133

Intellect
	 Rating: 150648
	 Multiplicative Factor: 5%
	 Eff: 150648
Stamina
	 Rating: 874055
	 Multiplicative Factor: 11,3%
	 Eff: 874054,9999999999
Crit
	 Rating: 9635
	 Multiplicative Factor: 0%
	 Eff: 13135
	 DR Bracket: 0
	 Base: 5%
	 Effective Percent: 18,76%
	 Crit Inc Heal: 2
	 Crit Inc Damage: 2
Haste
	 Rating: 18766
	 Multiplicative Factor: 0%
	 Eff: 18766
	 DR Bracket: 0
	 Base: 0%
	 Effective Percent: 28,43%
Vers
	 Rating: 3231
	 Multiplicative Factor: 0%
	 Eff: 5571
	 DR Bracket: 0
	 Base: 3%
	 Effective Percent: 7,14%
Leech
	 Rating: 4284
	 Multiplicative Factor: 0%
	 Eff: 6323,99025
	 DR Bracket: 0
	 Base: 2%
	 Effective Percent: 6,2%
Avoidance
	 Rating: 1618
	 Multiplicative Factor: 0%
	 Eff: 1618
	 DR Bracket: 0
	 Base: 0%
	 Effective Percent: 2,97%
Mastery
	 Rating: 35742
	 Multiplicative Factor: 0%
	 Eff: 41119,4
	 DR Bracket: 3
	 Base: 19,8%
	 Effective Percent: 105,74%
----------------------
04:13,133

Intellect
	 Rating: 150648
	 Multiplicative Factor: 5%
	 Eff: 150648
Stamina
	 Rating: 917758
	 Multiplicative Factor: 16,87%
	 Eff: 917757,7499999999
Crit
	 Rating: 9635
	 Multiplicative Factor: 0%
	 Eff: 13135
	 DR Bracket: 0
	 Base: 5%
	 Effective Percent: 18,76%
	 Crit Inc Heal: 2
	 Crit Inc Damage: 2
Haste
	 Rating: 18766
	 Multiplicative Factor: 0%
	 Eff: 18766
	 DR Bracket: 0
	 Base: 0%
	 Effective Percent: 28,43%
Vers
	 Rating: 3231
	 Multiplicative Factor: 0%
	 Eff: 5571
	 DR Bracket: 0
	 Base: 3%
	 Effective Percent: 7,14%
Leech
	 Rating: 4284
	 Multiplicative Factor: 0%
	 Eff: 6323,99025
	 DR Bracket: 0
	 Base: 2%
	 Effective Percent: 6,2%
Avoidance
	 Rating: 1618
	 Multiplicative Factor: 0%
	 Eff: 1618
	 DR Bracket: 0
	 Base: 0%
	 Effective Percent: 2,97%
Mastery
	 Rating: 35742
	 Multiplicative Factor: 0%
	 Eff: 41119,4
	 DR Bracket: 3
	 Base: 19,8%
	 Effective Percent: 105,74%
----------------------
00:00,000

Intellect
	 Rating: 150648
	 Multiplicative Factor: 5%
	 Eff: 150648
Stamina
	 Rating: 874055
	 Multiplicative Factor: 11,3%
	 Eff: 874054,9999999999
Crit
	 Rating: 9635
	 Multiplicative Factor: 0%
	 Eff: 13135
	 DR Bracket: 0
	 Base: 5%
	 Effective Percent: 18,76%
	 Crit Inc Heal: 2
	 Crit Inc Damage: 2
Haste
	 Rating: 18766
	 Multiplicative Factor: 0%
	 Eff: 18766
	 DR Bracket: 0
	 Base: 0%
	 Effective Percent: 28,43%
Vers
	 Rating: 3231
	 Multiplicative Factor: 0%
	 Eff: 5571
	 DR Bracket: 0
	 Base: 3%
	 Effective Percent: 7,14%
Leech
	 Rating: 4284
	 Multiplicative Factor: 0%
	 Eff: 6323,99025
	 DR Bracket: 0
	 Base: 2%
	 Effective Percent: 6,2%
Avoidance
	 Rating: 1618
	 Multiplicative Factor: 0%
	 Eff: 1618
	 DR Bracket: 0
	 Base: 0%
	 Effective Percent: 2,97%
Mastery
	 Rating: 35742
	 Multiplicative Factor: 0%
	 Eff: 41119,4
	 DR Bracket: 3
	 Base: 19,8%
	 Effective Percent: 105,74%
----------------------
04:18,626

Intellect
	 Rating: 150648
	 Multiplicative Factor: 5%
	 Eff: 150648
Stamina
	 Rating: 874055
	 Multiplicative Factor: 11,3%
	 Eff: 874054,9999999999
Crit
	 Rating: 9635
	 Multiplicative Factor: 0%
	 Eff: 13135
	 DR Bracket: 0
	 Base: 5%
	 Effective Percent: 18,76%
	 Crit Inc Heal: 2,6
	 Crit Inc Damage: 2
Haste
	 Rating: 18766
	 Multiplicative Factor: 0%
	 Eff: 18766
	 DR Bracket: 0
	 Base: 0%
	 Effective Percent: 28,43%
Vers
	 Rating: 3231
	 Multiplicative Factor: 0%
	 Eff: 5571
	 DR Bracket: 0
	 Base: 3%
	 Effective Percent: 7,14%
Leech
	 Rating: 4284
	 Multiplicative Factor: 0%
	 Eff: 6323,99025
	 DR Bracket: 0
	 Base: 2%
	 Effective Percent: 6,2%
Avoidance
	 Rating: 1618
	 Multiplicative Factor: 0%
	 Eff: 1618
	 DR Bracket: 0
	 Base: 0%
	 Effective Percent: 2,97%
Mastery
	 Rating: 35742
	 Multiplicative Factor: 0%
	 Eff: 41119,4
	 DR Bracket: 3
	 Base: 19,8%
	 Effective Percent: 105,74%
----------------------
04:31,474

Intellect
	 Rating: 150648
	 Multiplicative Factor: 5%
	 Eff: 150648
Stamina
	 Rating: 874055
	 Multiplicative Factor: 11,3%
	 Eff: 874054,9999999999
Crit
	 Rating: 9635
	 Multiplicative Factor: 0%
	 Eff: 13135
	 DR Bracket: 0
	 Base: 5%
	 Effective Percent: 18,76%
	 Crit Inc Heal: 2
	 Crit Inc Damage: 2
Haste
	 Rating: 18766
	 Multiplicative Factor: 0%
	 Eff: 18766
	 DR Bracket: 0
	 Base: 0%
	 Effective Percent: 28,43%
Vers
	 Rating: 3231
	 Multiplicative Factor: 0%
	 Eff: 5571
	 DR Bracket: 0
	 Base: 3%
	 Effective Percent: 7,14%
Leech
	 Rating: 4284
	 Multiplicative Factor: 0%
	 Eff: 6323,99025
	 DR Bracket: 0
	 Base: 2%
	 Effective Percent: 6,2%
Avoidance
	 Rating: 1618
	 Multiplicative Factor: 0%
	 Eff: 1618
	 DR Bracket: 0
	 Base: 0%
	 Effective Percent: 2,97%
Mastery
	 Rating: 35742
	 Multiplicative Factor: 0%
	 Eff: 41119,4
	 DR Bracket: 3
	 Base: 19,8%
	 Effective Percent: 105,74%
----------------------
04:31,822

Intellect
	 Rating: 150648
	 Multiplicative Factor: 5%
	 Eff: 150648
Stamina
	 Rating: 874055
	 Multiplicative Factor: 11,3%
	 Eff: 874054,9999999999
Crit
	 Rating: 9635
	 Multiplicative Factor: 0%
	 Eff: 13135
	 DR Bracket: 0
	 Base: 5%
	 Effective Percent: 18,76%
	 Crit Inc Heal: 2,6
	 Crit Inc Damage: 2
Haste
	 Rating: 18766
	 Multiplicative Factor: 0%
	 Eff: 18766
	 DR Bracket: 0
	 Base: 0%
	 Effective Percent: 28,43%
Vers
	 Rating: 3231
	 Multiplicative Factor: 0%
	 Eff: 5571
	 DR Bracket: 0
	 Base: 3%
	 Effective Percent: 7,14%
Leech
	 Rating: 4284
	 Multiplicative Factor: 0%
	 Eff: 6323,99025
	 DR Bracket: 0
	 Base: 2%
	 Effective Percent: 6,2%
Avoidance
	 Rating: 1618
	 Multiplicative Factor: 0%
	 Eff: 1618
	 DR Bracket: 0
	 Base: 0%
	 Effective Percent: 2,97%
Mastery
	 Rating: 35742
	 Multiplicative Factor: 0%
	 Eff: 41119,4
	 DR Bracket: 3
	 Base: 19,8%
	 Effective Percent: 105,74%
----------------------
04:41,819

Intellect
	 Rating: 150648
	 Multiplicative Factor: 5%
	 Eff: 150648
Stamina
	 Rating: 874055
	 Multiplicative Factor: 11,3%
	 Eff: 874054,9999999999
Crit
	 Rating: 9635
	 Multiplicative Factor: 0%
	 Eff: 13135
	 DR Bracket: 0
	 Base: 5%
	 Effective Percent: 18,76%
	 Crit Inc Heal: 2
	 Crit Inc Damage: 2
Haste
	 Rating: 18766
	 Multiplicative Factor: 0%
	 Eff: 18766
	 DR Bracket: 0
	 Base: 0%
	 Effective Percent: 28,43%
Vers
	 Rating: 3231
	 Multiplicative Factor: 0%
	 Eff: 5571
	 DR Bracket: 0
	 Base: 3%
	 Effective Percent: 7,14%
Leech
	 Rating: 4284
	 Multiplicative Factor: 0%
	 Eff: 6323,99025
	 DR Bracket: 0
	 Base: 2%
	 Effective Percent: 6,2%
Avoidance
	 Rating: 1618
	 Multiplicative Factor: 0%
	 Eff: 1618
	 DR Bracket: 0
	 Base: 0%
	 Effective Percent: 2,97%
Mastery
	 Rating: 35742
	 Multiplicative Factor: 0%
	 Eff: 41119,4
	 DR Bracket: 3
	 Base: 19,8%
	 Effective Percent: 105,74%
----------------------
04:43,572

Intellect
	 Rating: 150648
	 Multiplicative Factor: 5%
	 Eff: 150648
Stamina
	 Rating: 874055
	 Multiplicative Factor: 11,3%
	 Eff: 874054,9999999999
Crit
	 Rating: 9635
	 Multiplicative Factor: 0%
	 Eff: 13135
	 DR Bracket: 0
	 Base: 5%
	 Effective Percent: 18,76%
	 Crit Inc Heal: 2,6
	 Crit Inc Damage: 2
Haste
	 Rating: 18766
	 Multiplicative Factor: 0%
	 Eff: 18766
	 DR Bracket: 0
	 Base: 0%
	 Effective Percent: 28,43%
Vers
	 Rating: 3231
	 Multiplicative Factor: 0%
	 Eff: 5571
	 DR Bracket: 0
	 Base: 3%
	 Effective Percent: 7,14%
Leech
	 Rating: 4284
	 Multiplicative Factor: 0%
	 Eff: 6323,99025
	 DR Bracket: 0
	 Base: 2%
	 Effective Percent: 6,2%
Avoidance
	 Rating: 1618
	 Multiplicative Factor: 0%
	 Eff: 1618
	 DR Bracket: 0
	 Base: 0%
	 Effective Percent: 2,97%
Mastery
	 Rating: 35742
	 Multiplicative Factor: 0%
	 Eff: 41119,4
	 DR Bracket: 3
	 Base: 19,8%
	 Effective Percent: 105,74%
----------------------
05:16,755

Intellect
	 Rating: 150648
	 Multiplicative Factor: 5%
	 Eff: 150648
Stamina
	 Rating: 874055
	 Multiplicative Factor: 11,3%
	 Eff: 874054,9999999999
Crit
	 Rating: 9635
	 Multiplicative Factor: 0%
	 Eff: 13135
	 DR Bracket: 0
	 Base: 5%
	 Effective Percent: 18,76%
	 Crit Inc Heal: 2
	 Crit Inc Damage: 2
Haste
	 Rating: 18766
	 Multiplicative Factor: 0%
	 Eff: 18766
	 DR Bracket: 0
	 Base: 0%
	 Effective Percent: 28,43%
Vers
	 Rating: 3231
	 Multiplicative Factor: 0%
	 Eff: 5571
	 DR Bracket: 0
	 Base: 3%
	 Effective Percent: 7,14%
Leech
	 Rating: 4284
	 Multiplicative Factor: 0%
	 Eff: 6323,99025
	 DR Bracket: 0
	 Base: 2%
	 Effective Percent: 6,2%
Avoidance
	 Rating: 1618
	 Multiplicative Factor: 0%
	 Eff: 1618
	 DR Bracket: 0
	 Base: 0%
	 Effective Percent: 2,97%
Mastery
	 Rating: 35742
	 Multiplicative Factor: 0%
	 Eff: 41119,4
	 DR Bracket: 3
	 Base: 19,8%
	 Effective Percent: 105,74%
----------------------
05:35,330

Intellect
	 Rating: 150648
	 Multiplicative Factor: 5%
	 Eff: 150648
Stamina
	 Rating: 917758
	 Multiplicative Factor: 16,87%
	 Eff: 917757,7499999999
Crit
	 Rating: 9635
	 Multiplicative Factor: 0%
	 Eff: 13135
	 DR Bracket: 0
	 Base: 5%
	 Effective Percent: 18,76%
	 Crit Inc Heal: 2
	 Crit Inc Damage: 2
Haste
	 Rating: 18766
	 Multiplicative Factor: 0%
	 Eff: 18766
	 DR Bracket: 0
	 Base: 0%
	 Effective Percent: 28,43%
Vers
	 Rating: 3231
	 Multiplicative Factor: 0%
	 Eff: 5571
	 DR Bracket: 0
	 Base: 3%
	 Effective Percent: 7,14%
Leech
	 Rating: 4284
	 Multiplicative Factor: 0%
	 Eff: 6323,99025
	 DR Bracket: 0
	 Base: 2%
	 Effective Percent: 6,2%
Avoidance
	 Rating: 1618
	 Multiplicative Factor: 0%
	 Eff: 1618
	 DR Bracket: 0
	 Base: 0%
	 Effective Percent: 2,97%
Mastery
	 Rating: 35742
	 Multiplicative Factor: 0%
	 Eff: 41119,4
	 DR Bracket: 3
	 Base: 19,8%
	 Effective Percent: 105,74%
----------------------
05:35,330

Intellect
	 Rating: 150648
	 Multiplicative Factor: 5%
	 Eff: 150648
Stamina
	 Rating: 874055
	 Multiplicative Factor: 11,3%
	 Eff: 874054,9999999999
Crit
	 Rating: 9635
	 Multiplicative Factor: 0%
	 Eff: 13135
	 DR Bracket: 0
	 Base: 5%
	 Effective Percent: 18,76%
	 Crit Inc Heal: 2
	 Crit Inc Damage: 2
Haste
	 Rating: 18766
	 Multiplicative Factor: 0%
	 Eff: 18766
	 DR Bracket: 0
	 Base: 0%
	 Effective Percent: 28,43%
Vers
	 Rating: 3231
	 Multiplicative Factor: 0%
	 Eff: 5571
	 DR Bracket: 0
	 Base: 3%
	 Effective Percent: 7,14%
Leech
	 Rating: 4284
	 Multiplicative Factor: 0%
	 Eff: 6323,99025
	 DR Bracket: 0
	 Base: 2%
	 Effective Percent: 6,2%
Avoidance
	 Rating: 1618
	 Multiplicative Factor: 0%
	 Eff: 1618
	 DR Bracket: 0
	 Base: 0%
	 Effective Percent: 2,97%
Mastery
	 Rating: 35742
	 Multiplicative Factor: 0%
	 Eff: 41119,4
	 DR Bracket: 3
	 Base: 19,8%
	 Effective Percent: 105,74%
----------------------
05:40,051

Intellect
	 Rating: 150648
	 Multiplicative Factor: 5%
	 Eff: 150648
Stamina
	 Rating: 874055
	 Multiplicative Factor: 11,3%
	 Eff: 874054,9999999999
Crit
	 Rating: 9635
	 Multiplicative Factor: 0%
	 Eff: 13135
	 DR Bracket: 0
	 Base: 5%
	 Effective Percent: 18,76%
	 Crit Inc Heal: 2
	 Crit Inc Damage: 2
Haste
	 Rating: 18766
	 Multiplicative Factor: 0%
	 Eff: 44195,8
	 DR Bracket: 0
	 Base: 30%
	 Effective Percent: 66,96%
Vers
	 Rating: 3231
	 Multiplicative Factor: 0%
	 Eff: 5571
	 DR Bracket: 0
	 Base: 3%
	 Effective Percent: 7,14%
Leech
	 Rating: 4284
	 Multiplicative Factor: 0%
	 Eff: 6323,99025
	 DR Bracket: 0
	 Base: 2%
	 Effective Percent: 6,2%
Avoidance
	 Rating: 1618
	 Multiplicative Factor: 0%
	 Eff: 1618
	 DR Bracket: 0
	 Base: 0%
	 Effective Percent: 2,97%
Mastery
	 Rating: 35742
	 Multiplicative Factor: 0%
	 Eff: 41119,4
	 DR Bracket: 3
	 Base: 19,8%
	 Effective Percent: 105,74%
----------------------
05:48,438

Intellect
	 Rating: 150648
	 Multiplicative Factor: 5%
	 Eff: 150648
Stamina
	 Rating: 874055
	 Multiplicative Factor: 11,3%
	 Eff: 874054,9999999999
Crit
	 Rating: 9635
	 Multiplicative Factor: 0%
	 Eff: 13135
	 DR Bracket: 0
	 Base: 5%
	 Effective Percent: 18,76%
	 Crit Inc Heal: 2,6
	 Crit Inc Damage: 2
Haste
	 Rating: 18766
	 Multiplicative Factor: 0%
	 Eff: 44195,8
	 DR Bracket: 0
	 Base: 30%
	 Effective Percent: 66,96%
Vers
	 Rating: 3231
	 Multiplicative Factor: 0%
	 Eff: 5571
	 DR Bracket: 0
	 Base: 3%
	 Effective Percent: 7,14%
Leech
	 Rating: 4284
	 Multiplicative Factor: 0%
	 Eff: 6323,99025
	 DR Bracket: 0
	 Base: 2%
	 Effective Percent: 6,2%
Avoidance
	 Rating: 1618
	 Multiplicative Factor: 0%
	 Eff: 1618
	 DR Bracket: 0
	 Base: 0%
	 Effective Percent: 2,97%
Mastery
	 Rating: 35742
	 Multiplicative Factor: 0%
	 Eff: 41119,4
	 DR Bracket: 3
	 Base: 19,8%
	 Effective Percent: 105,74%
----------------------
06:20,085

Intellect
	 Rating: 150648
	 Multiplicative Factor: 5%
	 Eff: 150648
Stamina
	 Rating: 874055
	 Multiplicative Factor: 11,3%
	 Eff: 874054,9999999999
Crit
	 Rating: 9635
	 Multiplicative Factor: 0%
	 Eff: 13135
	 DR Bracket: 0
	 Base: 5%
	 Effective Percent: 18,76%
	 Crit Inc Heal: 2,6
	 Crit Inc Damage: 2
Haste
	 Rating: 18766
	 Multiplicative Factor: 0%
	 Eff: 18766
	 DR Bracket: 0
	 Base: 0%
	 Effective Percent: 28,43%
Vers
	 Rating: 3231
	 Multiplicative Factor: 0%
	 Eff: 5571
	 DR Bracket: 0
	 Base: 3%
	 Effective Percent: 7,14%
Leech
	 Rating: 4284
	 Multiplicative Factor: 0%
	 Eff: 6323,99025
	 DR Bracket: 0
	 Base: 2%
	 Effective Percent: 6,2%
Avoidance
	 Rating: 1618
	 Multiplicative Factor: 0%
	 Eff: 1618
	 DR Bracket: 0
	 Base: 0%
	 Effective Percent: 2,97%
Mastery
	 Rating: 35742
	 Multiplicative Factor: 0%
	 Eff: 41119,4
	 DR Bracket: 3
	 Base: 19,8%
	 Effective Percent: 105,74%
----------------------
06:24,583

Intellect
	 Rating: 150648
	 Multiplicative Factor: 5%
	 Eff: 150648
Stamina
	 Rating: 874055
	 Multiplicative Factor: 11,3%
	 Eff: 874054,9999999999
Crit
	 Rating: 9635
	 Multiplicative Factor: 0%
	 Eff: 13135
	 DR Bracket: 0
	 Base: 5%
	 Effective Percent: 18,76%
	 Crit Inc Heal: 2
	 Crit Inc Damage: 2
Haste
	 Rating: 18766
	 Multiplicative Factor: 0%
	 Eff: 18766
	 DR Bracket: 0
	 Base: 0%
	 Effective Percent: 28,43%
Vers
	 Rating: 3231
	 Multiplicative Factor: 0%
	 Eff: 5571
	 DR Bracket: 0
	 Base: 3%
	 Effective Percent: 7,14%
Leech
	 Rating: 4284
	 Multiplicative Factor: 0%
	 Eff: 6323,99025
	 DR Bracket: 0
	 Base: 2%
	 Effective Percent: 6,2%
Avoidance
	 Rating: 1618
	 Multiplicative Factor: 0%
	 Eff: 1618
	 DR Bracket: 0
	 Base: 0%
	 Effective Percent: 2,97%
Mastery
	 Rating: 35742
	 Multiplicative Factor: 0%
	 Eff: 41119,4
	 DR Bracket: 3
	 Base: 19,8%
	 Effective Percent: 105,74%
----------------------
06:25,458

Intellect
	 Rating: 150648
	 Multiplicative Factor: 5%
	 Eff: 150648
Stamina
	 Rating: 874055
	 Multiplicative Factor: 11,3%
	 Eff: 874054,9999999999
Crit
	 Rating: 9635
	 Multiplicative Factor: 0%
	 Eff: 13135
	 DR Bracket: 0
	 Base: 5%
	 Effective Percent: 18,76%
	 Crit Inc Heal: 2,6
	 Crit Inc Damage: 2
Haste
	 Rating: 18766
	 Multiplicative Factor: 0%
	 Eff: 18766
	 DR Bracket: 0
	 Base: 0%
	 Effective Percent: 28,43%
Vers
	 Rating: 3231
	 Multiplicative Factor: 0%
	 Eff: 5571
	 DR Bracket: 0
	 Base: 3%
	 Effective Percent: 7,14%
Leech
	 Rating: 4284
	 Multiplicative Factor: 0%
	 Eff: 6323,99025
	 DR Bracket: 0
	 Base: 2%
	 Effective Percent: 6,2%
Avoidance
	 Rating: 1618
	 Multiplicative Factor: 0%
	 Eff: 1618
	 DR Bracket: 0
	 Base: 0%
	 Effective Percent: 2,97%
Mastery
	 Rating: 35742
	 Multiplicative Factor: 0%
	 Eff: 41119,4
	 DR Bracket: 3
	 Base: 19,8%
	 Effective Percent: 105,74%
----------------------
07:04,634

Intellect
	 Rating: 150648
	 Multiplicative Factor: 5%
	 Eff: 150648
Stamina
	 Rating: 874055
	 Multiplicative Factor: 11,3%
	 Eff: 874054,9999999999
Crit
	 Rating: 9635
	 Multiplicative Factor: 0%
	 Eff: 13135
	 DR Bracket: 0
	 Base: 5%
	 Effective Percent: 18,76%
	 Crit Inc Heal: 2
	 Crit Inc Damage: 2
Haste
	 Rating: 18766
	 Multiplicative Factor: 0%
	 Eff: 18766
	 DR Bracket: 0
	 Base: 0%
	 Effective Percent: 28,43%
Vers
	 Rating: 3231
	 Multiplicative Factor: 0%
	 Eff: 5571
	 DR Bracket: 0
	 Base: 3%
	 Effective Percent: 7,14%
Leech
	 Rating: 4284
	 Multiplicative Factor: 0%
	 Eff: 6323,99025
	 DR Bracket: 0
	 Base: 2%
	 Effective Percent: 6,2%
Avoidance
	 Rating: 1618
	 Multiplicative Factor: 0%
	 Eff: 1618
	 DR Bracket: 0
	 Base: 0%
	 Effective Percent: 2,97%
Mastery
	 Rating: 35742
	 Multiplicative Factor: 0%
	 Eff: 41119,4
	 DR Bracket: 3
	 Base: 19,8%
	 Effective Percent: 105,74%
----------------------
07:05,314

Intellect
	 Rating: 150648
	 Multiplicative Factor: 5%
	 Eff: 150648
Stamina
	 Rating: 874055
	 Multiplicative Factor: 11,3%
	 Eff: 874054,9999999999
Crit
	 Rating: 9635
	 Multiplicative Factor: 0%
	 Eff: 13135
	 DR Bracket: 0
	 Base: 5%
	 Effective Percent: 18,76%
	 Crit Inc Heal: 2,6
	 Crit Inc Damage: 2
Haste
	 Rating: 18766
	 Multiplicative Factor: 0%
	 Eff: 18766
	 DR Bracket: 0
	 Base: 0%
	 Effective Percent: 28,43%
Vers
	 Rating: 3231
	 Multiplicative Factor: 0%
	 Eff: 5571
	 DR Bracket: 0
	 Base: 3%
	 Effective Percent: 7,14%
Leech
	 Rating: 4284
	 Multiplicative Factor: 0%
	 Eff: 6323,99025
	 DR Bracket: 0
	 Base: 2%
	 Effective Percent: 6,2%
Avoidance
	 Rating: 1618
	 Multiplicative Factor: 0%
	 Eff: 1618
	 DR Bracket: 0
	 Base: 0%
	 Effective Percent: 2,97%
Mastery
	 Rating: 35742
	 Multiplicative Factor: 0%
	 Eff: 41119,4
	 DR Bracket: 3
	 Base: 19,8%
	 Effective Percent: 105,74%
----------------------
08:18,473

Intellect
	 Rating: 150648
	 Multiplicative Factor: 5%
	 Eff: 150648
Stamina
	 Rating: 874055
	 Multiplicative Factor: 11,3%
	 Eff: 874054,9999999999
Crit
	 Rating: 9635
	 Multiplicative Factor: 0%
	 Eff: 13135
	 DR Bracket: 0
	 Base: 5%
	 Effective Percent: 18,76%
	 Crit Inc Heal: 2
	 Crit Inc Damage: 2
Haste
	 Rating: 18766
	 Multiplicative Factor: 0%
	 Eff: 18766
	 DR Bracket: 0
	 Base: 0%
	 Effective Percent: 28,43%
Vers
	 Rating: 3231
	 Multiplicative Factor: 0%
	 Eff: 5571
	 DR Bracket: 0
	 Base: 3%
	 Effective Percent: 7,14%
Leech
	 Rating: 4284
	 Multiplicative Factor: 0%
	 Eff: 6323,99025
	 DR Bracket: 0
	 Base: 2%
	 Effective Percent: 6,2%
Avoidance
	 Rating: 1618
	 Multiplicative Factor: 0%
	 Eff: 1618
	 DR Bracket: 0
	 Base: 0%
	 Effective Percent: 2,97%
Mastery
	 Rating: 35742
	 Multiplicative Factor: 0%
	 Eff: 41119,4
	 DR Bracket: 3
	 Base: 19,8%
	 Effective Percent: 105,74%
