----------------------
00:00,240

Intellect
	 Rating: 132189
	 Multiplicative Factor: 8,15%
Stamina
	 Rating: 866337
	 Multiplicative Factor: 9,2%
Crit
	 Rating: 2928
	 Multiplicative Factor: 0%
	 DR Bracket: 0
	 Base: 5%
	 Effective Percent: 9,18%
	 Crit Inc Heal: 2
	 Crit Inc Damage: 2
Haste
	 Rating: 33879
	 Multiplicative Factor: 0%
	 DR Bracket: 3
	 Base: 36%
	 Effective Percent: 101,19%
Vers
	 Rating: 4885
	 Multiplicative Factor: 0%
	 DR Bracket: 0
	 Base: 3%
	 Effective Percent: 9,26%
Leech
	 Rating: 3060
	 Multiplicative Factor: 0%
	 DR Bracket: 0
	 Base: 0%
	 Effective Percent: 3%
Avoidance
	 Rating: 0
	 Multiplicative Factor: 0%
	 DR Bracket: 0
	 Base: 0%
	 Effective Percent: 0%
Mastery
	 Rating: 21729
	 Multiplicative Factor: 0%
	 DR Bracket: 1
	 Base: 13,08%
	 Effective Percent: 35,6%
----------------------
00:09,138

Intellect
	 Rating: 132189
	 Multiplicative Factor: 8,15%
Stamina
	 Rating: 866337
	 Multiplicative Factor: 9,2%
Crit
	 Rating: 2928
	 Multiplicative Factor: 0%
	 DR Bracket: 0
	 Base: 11%
	 Effective Percent: 15,18%
	 Crit Inc Heal: 2
	 Crit Inc Damage: 2
Haste
	 Rating: 33879
	 Multiplicative Factor: 0%
	 DR Bracket: 3
	 Base: 36%
	 Effective Percent: 101,19%
Vers
	 Rating: 4885
	 Multiplicative Factor: 0%
	 DR Bracket: 0
	 Base: 3%
	 Effective Percent: 9,26%
Leech
	 Rating: 3060
	 Multiplicative Factor: 0%
	 DR Bracket: 0
	 Base: 0%
	 Effective Percent: 3%
Avoidance
	 Rating: 0
	 Multiplicative Factor: 0%
	 DR Bracket: 0
	 Base: 0%
	 Effective Percent: 0%
Mastery
	 Rating: 21729
	 Multiplicative Factor: 0%
	 DR Bracket: 1
	 Base: 13,08%
	 Effective Percent: 35,6%
----------------------
00:09,138

Intellect
	 Rating: 132189
	 Multiplicative Factor: 8,15%
Stamina
	 Rating: 866337
	 Multiplicative Factor: 9,2%
Crit
	 Rating: 2928
	 Multiplicative Factor: 0%
	 DR Bracket: 0
	 Base: 11%
	 Effective Percent: 15,18%
	 Crit Inc Heal: 2
	 Crit Inc Damage: 2
Haste
	 Rating: 33879
	 Multiplicative Factor: 0%
	 DR Bracket: 3
	 Base: 30%
	 Effective Percent: 92,31%
Vers
	 Rating: 4885
	 Multiplicative Factor: 0%
	 DR Bracket: 0
	 Base: 3%
	 Effective Percent: 9,26%
Leech
	 Rating: 3060
	 Multiplicative Factor: 0%
	 DR Bracket: 0
	 Base: 0%
	 Effective Percent: 3%
Avoidance
	 Rating: 0
	 Multiplicative Factor: 0%
	 DR Bracket: 0
	 Base: 0%
	 Effective Percent: 0%
Mastery
	 Rating: 21729
	 Multiplicative Factor: 0%
	 DR Bracket: 1
	 Base: 13,08%
	 Effective Percent: 35,6%
----------------------
00:12,226

Intellect
	 Rating: 132189
	 Multiplicative Factor: 8,15%
Stamina
	 Rating: 866337
	 Multiplicative Factor: 9,2%
Crit
	 Rating: 2928
	 Multiplicative Factor: 0%
	 DR Bracket: 0
	 Base: 5%
	 Effective Percent: 9,18%
	 Crit Inc Heal: 2
	 Crit Inc Damage: 2
Haste
	 Rating: 33879
	 Multiplicative Factor: 0%
	 DR Bracket: 3
	 Base: 30%
	 Effective Percent: 92,31%
Vers
	 Rating: 4885
	 Multiplicative Factor: 0%
	 DR Bracket: 0
	 Base: 3%
	 Effective Percent: 9,26%
Leech
	 Rating: 3060
	 Multiplicative Factor: 0%
	 DR Bracket: 0
	 Base: 0%
	 Effective Percent: 3%
Avoidance
	 Rating: 0
	 Multiplicative Factor: 0%
	 DR Bracket: 0
	 Base: 0%
	 Effective Percent: 0%
Mastery
	 Rating: 21729
	 Multiplicative Factor: 0%
	 DR Bracket: 1
	 Base: 13,08%
	 Effective Percent: 35,6%
----------------------
00:12,227

Intellect
	 Rating: 132189
	 Multiplicative Factor: 8,15%
Stamina
	 Rating: 866337
	 Multiplicative Factor: 9,2%
Crit
	 Rating: 2928
	 Multiplicative Factor: 0%
	 DR Bracket: 0
	 Base: 5%
	 Effective Percent: 9,18%
	 Crit Inc Heal: 2
	 Crit Inc Damage: 2
Haste
	 Rating: 33879
	 Multiplicative Factor: 0%
	 DR Bracket: 3
	 Base: 36%
	 Effective Percent: 101,19%
Vers
	 Rating: 4885
	 Multiplicative Factor: 0%
	 DR Bracket: 0
	 Base: 3%
	 Effective Percent: 9,26%
Leech
	 Rating: 3060
	 Multiplicative Factor: 0%
	 DR Bracket: 0
	 Base: 0%
	 Effective Percent: 3%
Avoidance
	 Rating: 0
	 Multiplicative Factor: 0%
	 DR Bracket: 0
	 Base: 0%
	 Effective Percent: 0%
Mastery
	 Rating: 21729
	 Multiplicative Factor: 0%
	 DR Bracket: 1
	 Base: 13,08%
	 Effective Percent: 35,6%
----------------------
00:40,247

Intellect
	 Rating: 132189
	 Multiplicative Factor: 8,15%
Stamina
	 Rating: 866337
	 Multiplicative Factor: 9,2%
Crit
	 Rating: 2928
	 Multiplicative Factor: 0%
	 DR Bracket: 0
	 Base: 5%
	 Effective Percent: 9,18%
	 Crit Inc Heal: 2
	 Crit Inc Damage: 2
Haste
	 Rating: 33879
	 Multiplicative Factor: 0%
	 DR Bracket: 3
	 Base: 6%
	 Effective Percent: 56,81%
Vers
	 Rating: 4885
	 Multiplicative Factor: 0%
	 DR Bracket: 0
	 Base: 3%
	 Effective Percent: 9,26%
Leech
	 Rating: 3060
	 Multiplicative Factor: 0%
	 DR Bracket: 0
	 Base: 0%
	 Effective Percent: 3%
Avoidance
	 Rating: 0
	 Multiplicative Factor: 0%
	 DR Bracket: 0
	 Base: 0%
	 Effective Percent: 0%
Mastery
	 Rating: 21729
	 Multiplicative Factor: 0%
	 DR Bracket: 1
	 Base: 13,08%
	 Effective Percent: 35,6%
----------------------
01:23,864

Intellect
	 Rating: 132189
	 Multiplicative Factor: 8,15%
Stamina
	 Rating: 866337
	 Multiplicative Factor: 9,2%
Crit
	 Rating: 2928
	 Multiplicative Factor: 0%
	 DR Bracket: 0
	 Base: 5%
	 Effective Percent: 9,18%
	 Crit Inc Heal: 2
	 Crit Inc Damage: 2
Haste
	 Rating: 33879
	 Multiplicative Factor: 0%
	 DR Bracket: 3
	 Base: 6%
	 Effective Percent: 56,81%
Vers
	 Rating: 4885
	 Multiplicative Factor: 0%
	 DR Bracket: 0
	 Base: 9%
	 Effective Percent: 15,26%
Leech
	 Rating: 3060
	 Multiplicative Factor: 0%
	 DR Bracket: 0
	 Base: 0%
	 Effective Percent: 3%
Avoidance
	 Rating: 0
	 Multiplicative Factor: 0%
	 DR Bracket: 0
	 Base: 0%
	 Effective Percent: 0%
Mastery
	 Rating: 21729
	 Multiplicative Factor: 0%
	 DR Bracket: 1
	 Base: 13,08%
	 Effective Percent: 35,6%
----------------------
01:23,864

Intellect
	 Rating: 132189
	 Multiplicative Factor: 8,15%
Stamina
	 Rating: 866337
	 Multiplicative Factor: 9,2%
Crit
	 Rating: 2928
	 Multiplicative Factor: 0%
	 DR Bracket: 0
	 Base: 5%
	 Effective Percent: 9,18%
	 Crit Inc Heal: 2
	 Crit Inc Damage: 2
Haste
	 Rating: 33879
	 Multiplicative Factor: 0%
	 DR Bracket: 3
	 Base: 0%
	 Effective Percent: 47,93%
Vers
	 Rating: 4885
	 Multiplicative Factor: 0%
	 DR Bracket: 0
	 Base: 9%
	 Effective Percent: 15,26%
Leech
	 Rating: 3060
	 Multiplicative Factor: 0%
	 DR Bracket: 0
	 Base: 0%
	 Effective Percent: 3%
Avoidance
	 Rating: 0
	 Multiplicative Factor: 0%
	 DR Bracket: 0
	 Base: 0%
	 Effective Percent: 0%
Mastery
	 Rating: 21729
	 Multiplicative Factor: 0%
	 DR Bracket: 1
	 Base: 13,08%
	 Effective Percent: 35,6%
----------------------
01:27,392

Intellect
	 Rating: 132189
	 Multiplicative Factor: 8,15%
Stamina
	 Rating: 866337
	 Multiplicative Factor: 9,2%
Crit
	 Rating: 2928
	 Multiplicative Factor: 0%
	 DR Bracket: 0
	 Base: 5%
	 Effective Percent: 9,18%
	 Crit Inc Heal: 2
	 Crit Inc Damage: 2
Haste
	 Rating: 33879
	 Multiplicative Factor: 0%
	 DR Bracket: 3
	 Base: 0%
	 Effective Percent: 47,93%
Vers
	 Rating: 4885
	 Multiplicative Factor: 0%
	 DR Bracket: 0
	 Base: 3%
	 Effective Percent: 9,26%
Leech
	 Rating: 3060
	 Multiplicative Factor: 0%
	 DR Bracket: 0
	 Base: 0%
	 Effective Percent: 3%
Avoidance
	 Rating: 0
	 Multiplicative Factor: 0%
	 DR Bracket: 0
	 Base: 0%
	 Effective Percent: 0%
Mastery
	 Rating: 21729
	 Multiplicative Factor: 0%
	 DR Bracket: 1
	 Base: 13,08%
	 Effective Percent: 35,6%
----------------------
01:27,393

Intellect
	 Rating: 132189
	 Multiplicative Factor: 8,15%
Stamina
	 Rating: 866337
	 Multiplicative Factor: 9,2%
Crit
	 Rating: 2928
	 Multiplicative Factor: 0%
	 DR Bracket: 0
	 Base: 5%
	 Effective Percent: 9,18%
	 Crit Inc Heal: 2
	 Crit Inc Damage: 2
Haste
	 Rating: 33879
	 Multiplicative Factor: 0%
	 DR Bracket: 3
	 Base: 6%
	 Effective Percent: 56,81%
Vers
	 Rating: 4885
	 Multiplicative Factor: 0%
	 DR Bracket: 0
	 Base: 3%
	 Effective Percent: 9,26%
Leech
	 Rating: 3060
	 Multiplicative Factor: 0%
	 DR Bracket: 0
	 Base: 0%
	 Effective Percent: 3%
Avoidance
	 Rating: 0
	 Multiplicative Factor: 0%
	 DR Bracket: 0
	 Base: 0%
	 Effective Percent: 0%
Mastery
	 Rating: 21729
	 Multiplicative Factor: 0%
	 DR Bracket: 1
	 Base: 13,08%
	 Effective Percent: 35,6%
----------------------
02:03,593

Intellect
	 Rating: 132189
	 Multiplicative Factor: 8,15%
Stamina
	 Rating: 866337
	 Multiplicative Factor: 9,2%
Crit
	 Rating: 2928
	 Multiplicative Factor: 0%
	 DR Bracket: 0
	 Base: 5%
	 Effective Percent: 9,18%
	 Crit Inc Heal: 2
	 Crit Inc Damage: 2
Haste
	 Rating: 33879
	 Multiplicative Factor: 0%
	 DR Bracket: 3
	 Base: 6%
	 Effective Percent: 56,81%
Vers
	 Rating: 4885
	 Multiplicative Factor: 0%
	 DR Bracket: 0
	 Base: 9%
	 Effective Percent: 15,26%
Leech
	 Rating: 3060
	 Multiplicative Factor: 0%
	 DR Bracket: 0
	 Base: 0%
	 Effective Percent: 3%
Avoidance
	 Rating: 0
	 Multiplicative Factor: 0%
	 DR Bracket: 0
	 Base: 0%
	 Effective Percent: 0%
Mastery
	 Rating: 21729
	 Multiplicative Factor: 0%
	 DR Bracket: 1
	 Base: 13,08%
	 Effective Percent: 35,6%
----------------------
02:03,593

Intellect
	 Rating: 132189
	 Multiplicative Factor: 8,15%
Stamina
	 Rating: 866337
	 Multiplicative Factor: 9,2%
Crit
	 Rating: 2928
	 Multiplicative Factor: 0%
	 DR Bracket: 0
	 Base: 5%
	 Effective Percent: 9,18%
	 Crit Inc Heal: 2
	 Crit Inc Damage: 2
Haste
	 Rating: 33879
	 Multiplicative Factor: 0%
	 DR Bracket: 3
	 Base: 0%
	 Effective Percent: 47,93%
Vers
	 Rating: 4885
	 Multiplicative Factor: 0%
	 DR Bracket: 0
	 Base: 9%
	 Effective Percent: 15,26%
Leech
	 Rating: 3060
	 Multiplicative Factor: 0%
	 DR Bracket: 0
	 Base: 0%
	 Effective Percent: 3%
Avoidance
	 Rating: 0
	 Multiplicative Factor: 0%
	 DR Bracket: 0
	 Base: 0%
	 Effective Percent: 0%
Mastery
	 Rating: 21729
	 Multiplicative Factor: 0%
	 DR Bracket: 1
	 Base: 13,08%
	 Effective Percent: 35,6%
----------------------
02:07,559

Intellect
	 Rating: 132189
	 Multiplicative Factor: 8,15%
Stamina
	 Rating: 866337
	 Multiplicative Factor: 9,2%
Crit
	 Rating: 2928
	 Multiplicative Factor: 0%
	 DR Bracket: 0
	 Base: 5%
	 Effective Percent: 9,18%
	 Crit Inc Heal: 2
	 Crit Inc Damage: 2
Haste
	 Rating: 33879
	 Multiplicative Factor: 0%
	 DR Bracket: 3
	 Base: 0%
	 Effective Percent: 47,93%
Vers
	 Rating: 4885
	 Multiplicative Factor: 0%
	 DR Bracket: 0
	 Base: 3%
	 Effective Percent: 9,26%
Leech
	 Rating: 3060
	 Multiplicative Factor: 0%
	 DR Bracket: 0
	 Base: 0%
	 Effective Percent: 3%
Avoidance
	 Rating: 0
	 Multiplicative Factor: 0%
	 DR Bracket: 0
	 Base: 0%
	 Effective Percent: 0%
Mastery
	 Rating: 21729
	 Multiplicative Factor: 0%
	 DR Bracket: 1
	 Base: 13,08%
	 Effective Percent: 35,6%
----------------------
02:07,559

Intellect
	 Rating: 132189
	 Multiplicative Factor: 8,15%
Stamina
	 Rating: 866337
	 Multiplicative Factor: 9,2%
Crit
	 Rating: 2928
	 Multiplicative Factor: 0%
	 DR Bracket: 0
	 Base: 5%
	 Effective Percent: 9,18%
	 Crit Inc Heal: 2
	 Crit Inc Damage: 2
Haste
	 Rating: 33879
	 Multiplicative Factor: 0%
	 DR Bracket: 3
	 Base: 6%
	 Effective Percent: 56,81%
Vers
	 Rating: 4885
	 Multiplicative Factor: 0%
	 DR Bracket: 0
	 Base: 3%
	 Effective Percent: 9,26%
Leech
	 Rating: 3060
	 Multiplicative Factor: 0%
	 DR Bracket: 0
	 Base: 0%
	 Effective Percent: 3%
Avoidance
	 Rating: 0
	 Multiplicative Factor: 0%
	 DR Bracket: 0
	 Base: 0%
	 Effective Percent: 0%
Mastery
	 Rating: 21729
	 Multiplicative Factor: 0%
	 DR Bracket: 1
	 Base: 13,08%
	 Effective Percent: 35,6%
