----------------------
00:05,962

Intellect
	 Rating: 133287
	 Multiplicative Factor: 12,48%
Stamina
	 Rating: 774072
	 Multiplicative Factor: 11,3%
Crit
	 Rating: 10079
	 Multiplicative Factor: 0%
	 DR Bracket: 0
	 Base: 9%
	 Effective Percent: 23,4%
	 Crit Inc Heal: 2
	 Crit Inc Damage: 2
Haste
	 Rating: 17320
	 Multiplicative Factor: 0%
	 DR Bracket: 0
	 Base: 1%
	 Effective Percent: 27,24%
Vers
	 Rating: 9017
	 Multiplicative Factor: 0%
	 DR Bracket: 0
	 Base: 3%
	 Effective Percent: 14,56%
Leech
	 Rating: 3658
	 Multiplicative Factor: 0%
	 DR Bracket: 0
	 Base: 0%
	 Effective Percent: 3,59%
Avoidance
	 Rating: 0
	 Multiplicative Factor: 0%
	 DR Bracket: 0
	 Base: 0%
	 Effective Percent: 0%
Mastery
	 Rating: 22952
	 Multiplicative Factor: 0%
	 DR Bracket: 1
	 Base: 21%
	 Effective Percent: 69,76%
----------------------
00:06,044

Intellect
	 Rating: 133287
	 Multiplicative Factor: 12,48%
Stamina
	 Rating: 774072
	 Multiplicative Factor: 11,3%
Crit
	 Rating: 10079
	 Multiplicative Factor: 0%
	 DR Bracket: 0
	 Base: 9%
	 Effective Percent: 23,4%
	 Crit Inc Heal: 2
	 Crit Inc Damage: 2
Haste
	 Rating: 17320
	 Multiplicative Factor: 0%
	 DR Bracket: 0
	 Base: 3%
	 Effective Percent: 29,24%
Vers
	 Rating: 9017
	 Multiplicative Factor: 0%
	 DR Bracket: 0
	 Base: 3%
	 Effective Percent: 14,56%
Leech
	 Rating: 3658
	 Multiplicative Factor: 0%
	 DR Bracket: 0
	 Base: 0%
	 Effective Percent: 3,59%
Avoidance
	 Rating: 0
	 Multiplicative Factor: 0%
	 DR Bracket: 0
	 Base: 0%
	 Effective Percent: 0%
Mastery
	 Rating: 22952
	 Multiplicative Factor: 0%
	 DR Bracket: 1
	 Base: 21%
	 Effective Percent: 69,76%
----------------------
00:07,156

Intellect
	 Rating: 133287
	 Multiplicative Factor: 12,48%
Stamina
	 Rating: 774072
	 Multiplicative Factor: 11,3%
Crit
	 Rating: 10079
	 Multiplicative Factor: 0%
	 DR Bracket: 0
	 Base: 9%
	 Effective Percent: 23,4%
	 Crit Inc Heal: 2
	 Crit Inc Damage: 2
Haste
	 Rating: 17320
	 Multiplicative Factor: 0%
	 DR Bracket: 0
	 Base: 4%
	 Effective Percent: 30,24%
Vers
	 Rating: 9017
	 Multiplicative Factor: 0%
	 DR Bracket: 0
	 Base: 3%
	 Effective Percent: 14,56%
Leech
	 Rating: 3658
	 Multiplicative Factor: 0%
	 DR Bracket: 0
	 Base: 0%
	 Effective Percent: 3,59%
Avoidance
	 Rating: 0
	 Multiplicative Factor: 0%
	 DR Bracket: 0
	 Base: 0%
	 Effective Percent: 0%
Mastery
	 Rating: 22952
	 Multiplicative Factor: 0%
	 DR Bracket: 1
	 Base: 21%
	 Effective Percent: 69,76%
----------------------
00:07,220

Intellect
	 Rating: 133287
	 Multiplicative Factor: 12,48%
Stamina
	 Rating: 774072
	 Multiplicative Factor: 11,3%
Crit
	 Rating: 10079
	 Multiplicative Factor: 0%
	 DR Bracket: 0
	 Base: 9%
	 Effective Percent: 23,4%
	 Crit Inc Heal: 2
	 Crit Inc Damage: 2
Haste
	 Rating: 17320
	 Multiplicative Factor: 0%
	 DR Bracket: 0
	 Base: 6%
	 Effective Percent: 32,24%
Vers
	 Rating: 9017
	 Multiplicative Factor: 0%
	 DR Bracket: 0
	 Base: 3%
	 Effective Percent: 14,56%
Leech
	 Rating: 3658
	 Multiplicative Factor: 0%
	 DR Bracket: 0
	 Base: 0%
	 Effective Percent: 3,59%
Avoidance
	 Rating: 0
	 Multiplicative Factor: 0%
	 DR Bracket: 0
	 Base: 0%
	 Effective Percent: 0%
Mastery
	 Rating: 22952
	 Multiplicative Factor: 0%
	 DR Bracket: 1
	 Base: 21%
	 Effective Percent: 69,76%
----------------------
00:09,429

Intellect
	 Rating: 133287
	 Multiplicative Factor: 12,48%
Stamina
	 Rating: 774072
	 Multiplicative Factor: 11,3%
Crit
	 Rating: 10079
	 Multiplicative Factor: 0%
	 DR Bracket: 0
	 Base: 9%
	 Effective Percent: 23,4%
	 Crit Inc Heal: 2
	 Crit Inc Damage: 2
Haste
	 Rating: 17320
	 Multiplicative Factor: 0%
	 DR Bracket: 0
	 Base: 7%
	 Effective Percent: 33,24%
Vers
	 Rating: 9017
	 Multiplicative Factor: 0%
	 DR Bracket: 0
	 Base: 3%
	 Effective Percent: 14,56%
Leech
	 Rating: 3658
	 Multiplicative Factor: 0%
	 DR Bracket: 0
	 Base: 0%
	 Effective Percent: 3,59%
Avoidance
	 Rating: 0
	 Multiplicative Factor: 0%
	 DR Bracket: 0
	 Base: 0%
	 Effective Percent: 0%
Mastery
	 Rating: 22952
	 Multiplicative Factor: 0%
	 DR Bracket: 1
	 Base: 21%
	 Effective Percent: 69,76%
----------------------
00:12,767

Intellect
	 Rating: 133287
	 Multiplicative Factor: 12,48%
Stamina
	 Rating: 774072
	 Multiplicative Factor: 11,3%
Crit
	 Rating: 10079
	 Multiplicative Factor: 0%
	 DR Bracket: 0
	 Base: 9%
	 Effective Percent: 23,4%
	 Crit Inc Heal: 2
	 Crit Inc Damage: 2
Haste
	 Rating: 17320
	 Multiplicative Factor: 0%
	 DR Bracket: 0
	 Base: 8%
	 Effective Percent: 34,24%
Vers
	 Rating: 9017
	 Multiplicative Factor: 0%
	 DR Bracket: 0
	 Base: 3%
	 Effective Percent: 14,56%
Leech
	 Rating: 3658
	 Multiplicative Factor: 0%
	 DR Bracket: 0
	 Base: 0%
	 Effective Percent: 3,59%
Avoidance
	 Rating: 0
	 Multiplicative Factor: 0%
	 DR Bracket: 0
	 Base: 0%
	 Effective Percent: 0%
Mastery
	 Rating: 22952
	 Multiplicative Factor: 0%
	 DR Bracket: 1
	 Base: 21%
	 Effective Percent: 69,76%
----------------------
00:13,879

Intellect
	 Rating: 133287
	 Multiplicative Factor: 12,48%
Stamina
	 Rating: 774072
	 Multiplicative Factor: 11,3%
Crit
	 Rating: 10079
	 Multiplicative Factor: 0%
	 DR Bracket: 0
	 Base: 9%
	 Effective Percent: 23,4%
	 Crit Inc Heal: 2
	 Crit Inc Damage: 2
Haste
	 Rating: 17320
	 Multiplicative Factor: 0%
	 DR Bracket: 0
	 Base: 9%
	 Effective Percent: 35,24%
Vers
	 Rating: 9017
	 Multiplicative Factor: 0%
	 DR Bracket: 0
	 Base: 3%
	 Effective Percent: 14,56%
Leech
	 Rating: 3658
	 Multiplicative Factor: 0%
	 DR Bracket: 0
	 Base: 0%
	 Effective Percent: 3,59%
Avoidance
	 Rating: 0
	 Multiplicative Factor: 0%
	 DR Bracket: 0
	 Base: 0%
	 Effective Percent: 0%
Mastery
	 Rating: 22952
	 Multiplicative Factor: 0%
	 DR Bracket: 1
	 Base: 21%
	 Effective Percent: 69,76%
----------------------
00:18,040

Intellect
	 Rating: 133287
	 Multiplicative Factor: 12,48%
Stamina
	 Rating: 774072
	 Multiplicative Factor: 11,3%
Crit
	 Rating: 10079
	 Multiplicative Factor: 0%
	 DR Bracket: 0
	 Base: 9%
	 Effective Percent: 23,4%
	 Crit Inc Heal: 2
	 Crit Inc Damage: 2
Haste
	 Rating: 17320
	 Multiplicative Factor: 0%
	 DR Bracket: 0
	 Base: 7%
	 Effective Percent: 33,24%
Vers
	 Rating: 9017
	 Multiplicative Factor: 0%
	 DR Bracket: 0
	 Base: 3%
	 Effective Percent: 14,56%
Leech
	 Rating: 3658
	 Multiplicative Factor: 0%
	 DR Bracket: 0
	 Base: 0%
	 Effective Percent: 3,59%
Avoidance
	 Rating: 0
	 Multiplicative Factor: 0%
	 DR Bracket: 0
	 Base: 0%
	 Effective Percent: 0%
Mastery
	 Rating: 22952
	 Multiplicative Factor: 0%
	 DR Bracket: 1
	 Base: 21%
	 Effective Percent: 69,76%
----------------------
00:19,214

Intellect
	 Rating: 133287
	 Multiplicative Factor: 12,48%
Stamina
	 Rating: 774072
	 Multiplicative Factor: 11,3%
Crit
	 Rating: 10079
	 Multiplicative Factor: 0%
	 DR Bracket: 0
	 Base: 9%
	 Effective Percent: 23,4%
	 Crit Inc Heal: 2
	 Crit Inc Damage: 2
Haste
	 Rating: 17320
	 Multiplicative Factor: 0%
	 DR Bracket: 0
	 Base: 5%
	 Effective Percent: 31,24%
Vers
	 Rating: 9017
	 Multiplicative Factor: 0%
	 DR Bracket: 0
	 Base: 3%
	 Effective Percent: 14,56%
Leech
	 Rating: 3658
	 Multiplicative Factor: 0%
	 DR Bracket: 0
	 Base: 0%
	 Effective Percent: 3,59%
Avoidance
	 Rating: 0
	 Multiplicative Factor: 0%
	 DR Bracket: 0
	 Base: 0%
	 Effective Percent: 0%
Mastery
	 Rating: 22952
	 Multiplicative Factor: 0%
	 DR Bracket: 1
	 Base: 21%
	 Effective Percent: 69,76%
----------------------
00:26,576

Intellect
	 Rating: 133287
	 Multiplicative Factor: 12,48%
Stamina
	 Rating: 774072
	 Multiplicative Factor: 11,3%
Crit
	 Rating: 10079
	 Multiplicative Factor: 0%
	 DR Bracket: 0
	 Base: 9%
	 Effective Percent: 23,4%
	 Crit Inc Heal: 2
	 Crit Inc Damage: 2
Haste
	 Rating: 17320
	 Multiplicative Factor: 0%
	 DR Bracket: 0
	 Base: 7%
	 Effective Percent: 33,24%
Vers
	 Rating: 9017
	 Multiplicative Factor: 0%
	 DR Bracket: 0
	 Base: 3%
	 Effective Percent: 14,56%
Leech
	 Rating: 3658
	 Multiplicative Factor: 0%
	 DR Bracket: 0
	 Base: 0%
	 Effective Percent: 3,59%
Avoidance
	 Rating: 0
	 Multiplicative Factor: 0%
	 DR Bracket: 0
	 Base: 0%
	 Effective Percent: 0%
Mastery
	 Rating: 22952
	 Multiplicative Factor: 0%
	 DR Bracket: 1
	 Base: 21%
	 Effective Percent: 69,76%
----------------------
00:26,577

Intellect
	 Rating: 133287
	 Multiplicative Factor: 12,48%
Stamina
	 Rating: 774072
	 Multiplicative Factor: 11,3%
Crit
	 Rating: 10079
	 Multiplicative Factor: 0%
	 DR Bracket: 0
	 Base: 9%
	 Effective Percent: 23,4%
	 Crit Inc Heal: 2
	 Crit Inc Damage: 2
Haste
	 Rating: 17320
	 Multiplicative Factor: 0%
	 DR Bracket: 0
	 Base: 9%
	 Effective Percent: 35,24%
Vers
	 Rating: 9017
	 Multiplicative Factor: 0%
	 DR Bracket: 0
	 Base: 3%
	 Effective Percent: 14,56%
Leech
	 Rating: 3658
	 Multiplicative Factor: 0%
	 DR Bracket: 0
	 Base: 0%
	 Effective Percent: 3,59%
Avoidance
	 Rating: 0
	 Multiplicative Factor: 0%
	 DR Bracket: 0
	 Base: 0%
	 Effective Percent: 0%
Mastery
	 Rating: 22952
	 Multiplicative Factor: 0%
	 DR Bracket: 1
	 Base: 21%
	 Effective Percent: 69,76%
----------------------
00:26,577

Intellect
	 Rating: 133287
	 Multiplicative Factor: 12,48%
Stamina
	 Rating: 774072
	 Multiplicative Factor: 11,3%
Crit
	 Rating: 10079
	 Multiplicative Factor: 0%
	 DR Bracket: 0
	 Base: 9%
	 Effective Percent: 23,4%
	 Crit Inc Heal: 2
	 Crit Inc Damage: 2
Haste
	 Rating: 17320
	 Multiplicative Factor: 0%
	 DR Bracket: 0
	 Base: 11%
	 Effective Percent: 37,24%
Vers
	 Rating: 9017
	 Multiplicative Factor: 0%
	 DR Bracket: 0
	 Base: 3%
	 Effective Percent: 14,56%
Leech
	 Rating: 3658
	 Multiplicative Factor: 0%
	 DR Bracket: 0
	 Base: 0%
	 Effective Percent: 3,59%
Avoidance
	 Rating: 0
	 Multiplicative Factor: 0%
	 DR Bracket: 0
	 Base: 0%
	 Effective Percent: 0%
Mastery
	 Rating: 22952
	 Multiplicative Factor: 0%
	 DR Bracket: 1
	 Base: 21%
	 Effective Percent: 69,76%
----------------------
00:26,577

Intellect
	 Rating: 133287
	 Multiplicative Factor: 12,48%
Stamina
	 Rating: 774072
	 Multiplicative Factor: 11,3%
Crit
	 Rating: 10079
	 Multiplicative Factor: 0%
	 DR Bracket: 0
	 Base: 9%
	 Effective Percent: 23,4%
	 Crit Inc Heal: 2
	 Crit Inc Damage: 2
Haste
	 Rating: 17320
	 Multiplicative Factor: 0%
	 DR Bracket: 0
	 Base: 13%
	 Effective Percent: 39,24%
Vers
	 Rating: 9017
	 Multiplicative Factor: 0%
	 DR Bracket: 0
	 Base: 3%
	 Effective Percent: 14,56%
Leech
	 Rating: 3658
	 Multiplicative Factor: 0%
	 DR Bracket: 0
	 Base: 0%
	 Effective Percent: 3,59%
Avoidance
	 Rating: 0
	 Multiplicative Factor: 0%
	 DR Bracket: 0
	 Base: 0%
	 Effective Percent: 0%
Mastery
	 Rating: 22952
	 Multiplicative Factor: 0%
	 DR Bracket: 1
	 Base: 21%
	 Effective Percent: 69,76%
----------------------
00:37,434

Intellect
	 Rating: 133287
	 Multiplicative Factor: 12,48%
Stamina
	 Rating: 774072
	 Multiplicative Factor: 11,3%
Crit
	 Rating: 10079
	 Multiplicative Factor: 0%
	 DR Bracket: 0
	 Base: 9%
	 Effective Percent: 23,4%
	 Crit Inc Heal: 2
	 Crit Inc Damage: 2
Haste
	 Rating: 17320
	 Multiplicative Factor: 0%
	 DR Bracket: 0
	 Base: 15%
	 Effective Percent: 41,24%
Vers
	 Rating: 9017
	 Multiplicative Factor: 0%
	 DR Bracket: 0
	 Base: 3%
	 Effective Percent: 14,56%
Leech
	 Rating: 3658
	 Multiplicative Factor: 0%
	 DR Bracket: 0
	 Base: 0%
	 Effective Percent: 3,59%
Avoidance
	 Rating: 0
	 Multiplicative Factor: 0%
	 DR Bracket: 0
	 Base: 0%
	 Effective Percent: 0%
Mastery
	 Rating: 22952
	 Multiplicative Factor: 0%
	 DR Bracket: 1
	 Base: 21%
	 Effective Percent: 69,76%
----------------------
00:38,579

Intellect
	 Rating: 133287
	 Multiplicative Factor: 12,48%
Stamina
	 Rating: 774072
	 Multiplicative Factor: 11,3%
Crit
	 Rating: 10079
	 Multiplicative Factor: 0%
	 DR Bracket: 0
	 Base: 9%
	 Effective Percent: 23,4%
	 Crit Inc Heal: 2
	 Crit Inc Damage: 2
Haste
	 Rating: 17320
	 Multiplicative Factor: 0%
	 DR Bracket: 0
	 Base: 13%
	 Effective Percent: 39,24%
Vers
	 Rating: 9017
	 Multiplicative Factor: 0%
	 DR Bracket: 0
	 Base: 3%
	 Effective Percent: 14,56%
Leech
	 Rating: 3658
	 Multiplicative Factor: 0%
	 DR Bracket: 0
	 Base: 0%
	 Effective Percent: 3,59%
Avoidance
	 Rating: 0
	 Multiplicative Factor: 0%
	 DR Bracket: 0
	 Base: 0%
	 Effective Percent: 0%
Mastery
	 Rating: 22952
	 Multiplicative Factor: 0%
	 DR Bracket: 1
	 Base: 21%
	 Effective Percent: 69,76%
----------------------
00:38,579

Intellect
	 Rating: 133287
	 Multiplicative Factor: 12,48%
Stamina
	 Rating: 774072
	 Multiplicative Factor: 11,3%
Crit
	 Rating: 10079
	 Multiplicative Factor: 0%
	 DR Bracket: 0
	 Base: 9%
	 Effective Percent: 23,4%
	 Crit Inc Heal: 2
	 Crit Inc Damage: 2
Haste
	 Rating: 17320
	 Multiplicative Factor: 0%
	 DR Bracket: 0
	 Base: 11%
	 Effective Percent: 37,24%
Vers
	 Rating: 9017
	 Multiplicative Factor: 0%
	 DR Bracket: 0
	 Base: 3%
	 Effective Percent: 14,56%
Leech
	 Rating: 3658
	 Multiplicative Factor: 0%
	 DR Bracket: 0
	 Base: 0%
	 Effective Percent: 3,59%
Avoidance
	 Rating: 0
	 Multiplicative Factor: 0%
	 DR Bracket: 0
	 Base: 0%
	 Effective Percent: 0%
Mastery
	 Rating: 22952
	 Multiplicative Factor: 0%
	 DR Bracket: 1
	 Base: 21%
	 Effective Percent: 69,76%
----------------------
00:38,579

Intellect
	 Rating: 133287
	 Multiplicative Factor: 12,48%
Stamina
	 Rating: 774072
	 Multiplicative Factor: 11,3%
Crit
	 Rating: 10079
	 Multiplicative Factor: 0%
	 DR Bracket: 0
	 Base: 9%
	 Effective Percent: 23,4%
	 Crit Inc Heal: 2
	 Crit Inc Damage: 2
Haste
	 Rating: 17320
	 Multiplicative Factor: 0%
	 DR Bracket: 0
	 Base: 9%
	 Effective Percent: 35,24%
Vers
	 Rating: 9017
	 Multiplicative Factor: 0%
	 DR Bracket: 0
	 Base: 3%
	 Effective Percent: 14,56%
Leech
	 Rating: 3658
	 Multiplicative Factor: 0%
	 DR Bracket: 0
	 Base: 0%
	 Effective Percent: 3,59%
Avoidance
	 Rating: 0
	 Multiplicative Factor: 0%
	 DR Bracket: 0
	 Base: 0%
	 Effective Percent: 0%
Mastery
	 Rating: 22952
	 Multiplicative Factor: 0%
	 DR Bracket: 1
	 Base: 21%
	 Effective Percent: 69,76%
----------------------
00:38,579

Intellect
	 Rating: 133287
	 Multiplicative Factor: 12,48%
Stamina
	 Rating: 774072
	 Multiplicative Factor: 11,3%
Crit
	 Rating: 10079
	 Multiplicative Factor: 0%
	 DR Bracket: 0
	 Base: 9%
	 Effective Percent: 23,4%
	 Crit Inc Heal: 2
	 Crit Inc Damage: 2
Haste
	 Rating: 17320
	 Multiplicative Factor: 0%
	 DR Bracket: 0
	 Base: 7%
	 Effective Percent: 33,24%
Vers
	 Rating: 9017
	 Multiplicative Factor: 0%
	 DR Bracket: 0
	 Base: 3%
	 Effective Percent: 14,56%
Leech
	 Rating: 3658
	 Multiplicative Factor: 0%
	 DR Bracket: 0
	 Base: 0%
	 Effective Percent: 3,59%
Avoidance
	 Rating: 0
	 Multiplicative Factor: 0%
	 DR Bracket: 0
	 Base: 0%
	 Effective Percent: 0%
Mastery
	 Rating: 22952
	 Multiplicative Factor: 0%
	 DR Bracket: 1
	 Base: 21%
	 Effective Percent: 69,76%
----------------------
00:39,523

Intellect
	 Rating: 133287
	 Multiplicative Factor: 12,48%
Stamina
	 Rating: 774072
	 Multiplicative Factor: 11,3%
Crit
	 Rating: 10079
	 Multiplicative Factor: 0%
	 DR Bracket: 0
	 Base: 9%
	 Effective Percent: 23,4%
	 Crit Inc Heal: 2
	 Crit Inc Damage: 2
Haste
	 Rating: 17320
	 Multiplicative Factor: 0%
	 DR Bracket: 0
	 Base: 9%
	 Effective Percent: 35,24%
Vers
	 Rating: 9017
	 Multiplicative Factor: 0%
	 DR Bracket: 0
	 Base: 3%
	 Effective Percent: 14,56%
Leech
	 Rating: 3658
	 Multiplicative Factor: 0%
	 DR Bracket: 0
	 Base: 0%
	 Effective Percent: 3,59%
Avoidance
	 Rating: 0
	 Multiplicative Factor: 0%
	 DR Bracket: 0
	 Base: 0%
	 Effective Percent: 0%
Mastery
	 Rating: 22952
	 Multiplicative Factor: 0%
	 DR Bracket: 1
	 Base: 21%
	 Effective Percent: 69,76%
----------------------
00:48,288

Intellect
	 Rating: 133287
	 Multiplicative Factor: 12,48%
Stamina
	 Rating: 774072
	 Multiplicative Factor: 11,3%
Crit
	 Rating: 10079
	 Multiplicative Factor: 0%
	 DR Bracket: 0
	 Base: 9%
	 Effective Percent: 23,4%
	 Crit Inc Heal: 2
	 Crit Inc Damage: 2
Haste
	 Rating: 17320
	 Multiplicative Factor: 0%
	 DR Bracket: 0
	 Base: 11%
	 Effective Percent: 37,24%
Vers
	 Rating: 9017
	 Multiplicative Factor: 0%
	 DR Bracket: 0
	 Base: 3%
	 Effective Percent: 14,56%
Leech
	 Rating: 3658
	 Multiplicative Factor: 0%
	 DR Bracket: 0
	 Base: 0%
	 Effective Percent: 3,59%
Avoidance
	 Rating: 0
	 Multiplicative Factor: 0%
	 DR Bracket: 0
	 Base: 0%
	 Effective Percent: 0%
Mastery
	 Rating: 22952
	 Multiplicative Factor: 0%
	 DR Bracket: 1
	 Base: 21%
	 Effective Percent: 69,76%
----------------------
00:49,443

Intellect
	 Rating: 133287
	 Multiplicative Factor: 12,48%
Stamina
	 Rating: 774072
	 Multiplicative Factor: 11,3%
Crit
	 Rating: 10079
	 Multiplicative Factor: 0%
	 DR Bracket: 0
	 Base: 9%
	 Effective Percent: 23,4%
	 Crit Inc Heal: 2
	 Crit Inc Damage: 2
Haste
	 Rating: 17320
	 Multiplicative Factor: 0%
	 DR Bracket: 0
	 Base: 9%
	 Effective Percent: 35,24%
Vers
	 Rating: 9017
	 Multiplicative Factor: 0%
	 DR Bracket: 0
	 Base: 3%
	 Effective Percent: 14,56%
Leech
	 Rating: 3658
	 Multiplicative Factor: 0%
	 DR Bracket: 0
	 Base: 0%
	 Effective Percent: 3,59%
Avoidance
	 Rating: 0
	 Multiplicative Factor: 0%
	 DR Bracket: 0
	 Base: 0%
	 Effective Percent: 0%
Mastery
	 Rating: 22952
	 Multiplicative Factor: 0%
	 DR Bracket: 1
	 Base: 21%
	 Effective Percent: 69,76%
----------------------
00:51,554

Intellect
	 Rating: 133287
	 Multiplicative Factor: 12,48%
Stamina
	 Rating: 774072
	 Multiplicative Factor: 11,3%
Crit
	 Rating: 10079
	 Multiplicative Factor: 0%
	 DR Bracket: 0
	 Base: 9%
	 Effective Percent: 23,4%
	 Crit Inc Heal: 2
	 Crit Inc Damage: 2
Haste
	 Rating: 17320
	 Multiplicative Factor: 0%
	 DR Bracket: 0
	 Base: 7%
	 Effective Percent: 33,24%
Vers
	 Rating: 9017
	 Multiplicative Factor: 0%
	 DR Bracket: 0
	 Base: 3%
	 Effective Percent: 14,56%
Leech
	 Rating: 3658
	 Multiplicative Factor: 0%
	 DR Bracket: 0
	 Base: 0%
	 Effective Percent: 3,59%
Avoidance
	 Rating: 0
	 Multiplicative Factor: 0%
	 DR Bracket: 0
	 Base: 0%
	 Effective Percent: 0%
Mastery
	 Rating: 22952
	 Multiplicative Factor: 0%
	 DR Bracket: 1
	 Base: 21%
	 Effective Percent: 69,76%
----------------------
00:51,787

Intellect
	 Rating: 133287
	 Multiplicative Factor: 12,48%
Stamina
	 Rating: 774072
	 Multiplicative Factor: 11,3%
Crit
	 Rating: 10079
	 Multiplicative Factor: 0%
	 DR Bracket: 0
	 Base: 9%
	 Effective Percent: 23,4%
	 Crit Inc Heal: 2
	 Crit Inc Damage: 2
Haste
	 Rating: 17320
	 Multiplicative Factor: 0%
	 DR Bracket: 0
	 Base: 9%
	 Effective Percent: 35,24%
Vers
	 Rating: 9017
	 Multiplicative Factor: 0%
	 DR Bracket: 0
	 Base: 3%
	 Effective Percent: 14,56%
Leech
	 Rating: 3658
	 Multiplicative Factor: 0%
	 DR Bracket: 0
	 Base: 0%
	 Effective Percent: 3,59%
Avoidance
	 Rating: 0
	 Multiplicative Factor: 0%
	 DR Bracket: 0
	 Base: 0%
	 Effective Percent: 0%
Mastery
	 Rating: 22952
	 Multiplicative Factor: 0%
	 DR Bracket: 1
	 Base: 21%
	 Effective Percent: 69,76%
----------------------
00:53,997

Intellect
	 Rating: 133287
	 Multiplicative Factor: 12,48%
Stamina
	 Rating: 774072
	 Multiplicative Factor: 11,3%
Crit
	 Rating: 10079
	 Multiplicative Factor: 0%
	 DR Bracket: 0
	 Base: 9%
	 Effective Percent: 23,4%
	 Crit Inc Heal: 2
	 Crit Inc Damage: 2
Haste
	 Rating: 17320
	 Multiplicative Factor: 0%
	 DR Bracket: 0
	 Base: 11%
	 Effective Percent: 37,24%
Vers
	 Rating: 9017
	 Multiplicative Factor: 0%
	 DR Bracket: 0
	 Base: 3%
	 Effective Percent: 14,56%
Leech
	 Rating: 3658
	 Multiplicative Factor: 0%
	 DR Bracket: 0
	 Base: 0%
	 Effective Percent: 3,59%
Avoidance
	 Rating: 0
	 Multiplicative Factor: 0%
	 DR Bracket: 0
	 Base: 0%
	 Effective Percent: 0%
Mastery
	 Rating: 22952
	 Multiplicative Factor: 0%
	 DR Bracket: 1
	 Base: 21%
	 Effective Percent: 69,76%
----------------------
01:00,299

Intellect
	 Rating: 133287
	 Multiplicative Factor: 12,48%
Stamina
	 Rating: 774072
	 Multiplicative Factor: 11,3%
Crit
	 Rating: 10079
	 Multiplicative Factor: 0%
	 DR Bracket: 0
	 Base: 9%
	 Effective Percent: 23,4%
	 Crit Inc Heal: 2
	 Crit Inc Damage: 2
Haste
	 Rating: 17320
	 Multiplicative Factor: 0%
	 DR Bracket: 0
	 Base: 9%
	 Effective Percent: 35,24%
Vers
	 Rating: 9017
	 Multiplicative Factor: 0%
	 DR Bracket: 0
	 Base: 3%
	 Effective Percent: 14,56%
Leech
	 Rating: 3658
	 Multiplicative Factor: 0%
	 DR Bracket: 0
	 Base: 0%
	 Effective Percent: 3,59%
Avoidance
	 Rating: 0
	 Multiplicative Factor: 0%
	 DR Bracket: 0
	 Base: 0%
	 Effective Percent: 0%
Mastery
	 Rating: 22952
	 Multiplicative Factor: 0%
	 DR Bracket: 1
	 Base: 21%
	 Effective Percent: 69,76%
----------------------
01:03,031

Intellect
	 Rating: 133287
	 Multiplicative Factor: 12,48%
Stamina
	 Rating: 774072
	 Multiplicative Factor: 11,3%
Crit
	 Rating: 10079
	 Multiplicative Factor: 0%
	 DR Bracket: 0
	 Base: 9%
	 Effective Percent: 23,4%
	 Crit Inc Heal: 2
	 Crit Inc Damage: 2
Haste
	 Rating: 17320
	 Multiplicative Factor: 0%
	 DR Bracket: 0
	 Base: 11%
	 Effective Percent: 37,24%
Vers
	 Rating: 9017
	 Multiplicative Factor: 0%
	 DR Bracket: 0
	 Base: 3%
	 Effective Percent: 14,56%
Leech
	 Rating: 3658
	 Multiplicative Factor: 0%
	 DR Bracket: 0
	 Base: 0%
	 Effective Percent: 3,59%
Avoidance
	 Rating: 0
	 Multiplicative Factor: 0%
	 DR Bracket: 0
	 Base: 0%
	 Effective Percent: 0%
Mastery
	 Rating: 22952
	 Multiplicative Factor: 0%
	 DR Bracket: 1
	 Base: 21%
	 Effective Percent: 69,76%
----------------------
01:03,802

Intellect
	 Rating: 133287
	 Multiplicative Factor: 12,48%
Stamina
	 Rating: 774072
	 Multiplicative Factor: 11,3%
Crit
	 Rating: 10079
	 Multiplicative Factor: 0%
	 DR Bracket: 0
	 Base: 9%
	 Effective Percent: 23,4%
	 Crit Inc Heal: 2
	 Crit Inc Damage: 2
Haste
	 Rating: 17320
	 Multiplicative Factor: 0%
	 DR Bracket: 0
	 Base: 9%
	 Effective Percent: 35,24%
Vers
	 Rating: 9017
	 Multiplicative Factor: 0%
	 DR Bracket: 0
	 Base: 3%
	 Effective Percent: 14,56%
Leech
	 Rating: 3658
	 Multiplicative Factor: 0%
	 DR Bracket: 0
	 Base: 0%
	 Effective Percent: 3,59%
Avoidance
	 Rating: 0
	 Multiplicative Factor: 0%
	 DR Bracket: 0
	 Base: 0%
	 Effective Percent: 0%
Mastery
	 Rating: 22952
	 Multiplicative Factor: 0%
	 DR Bracket: 1
	 Base: 21%
	 Effective Percent: 69,76%
----------------------
01:05,693

Intellect
	 Rating: 133287
	 Multiplicative Factor: 12,48%
Stamina
	 Rating: 774072
	 Multiplicative Factor: 11,3%
Crit
	 Rating: 10079
	 Multiplicative Factor: 0%
	 DR Bracket: 0
	 Base: 9%
	 Effective Percent: 23,4%
	 Crit Inc Heal: 2
	 Crit Inc Damage: 2
Haste
	 Rating: 17320
	 Multiplicative Factor: 0%
	 DR Bracket: 0
	 Base: 11%
	 Effective Percent: 37,24%
Vers
	 Rating: 9017
	 Multiplicative Factor: 0%
	 DR Bracket: 0
	 Base: 3%
	 Effective Percent: 14,56%
Leech
	 Rating: 3658
	 Multiplicative Factor: 0%
	 DR Bracket: 0
	 Base: 0%
	 Effective Percent: 3,59%
Avoidance
	 Rating: 0
	 Multiplicative Factor: 0%
	 DR Bracket: 0
	 Base: 0%
	 Effective Percent: 0%
Mastery
	 Rating: 22952
	 Multiplicative Factor: 0%
	 DR Bracket: 1
	 Base: 21%
	 Effective Percent: 69,76%
----------------------
01:06,031

Intellect
	 Rating: 133287
	 Multiplicative Factor: 12,48%
Stamina
	 Rating: 774072
	 Multiplicative Factor: 11,3%
Crit
	 Rating: 10079
	 Multiplicative Factor: 0%
	 DR Bracket: 0
	 Base: 9%
	 Effective Percent: 23,4%
	 Crit Inc Heal: 2
	 Crit Inc Damage: 2
Haste
	 Rating: 17320
	 Multiplicative Factor: 0%
	 DR Bracket: 0
	 Base: 9%
	 Effective Percent: 35,24%
Vers
	 Rating: 9017
	 Multiplicative Factor: 0%
	 DR Bracket: 0
	 Base: 3%
	 Effective Percent: 14,56%
Leech
	 Rating: 3658
	 Multiplicative Factor: 0%
	 DR Bracket: 0
	 Base: 0%
	 Effective Percent: 3,59%
Avoidance
	 Rating: 0
	 Multiplicative Factor: 0%
	 DR Bracket: 0
	 Base: 0%
	 Effective Percent: 0%
Mastery
	 Rating: 22952
	 Multiplicative Factor: 0%
	 DR Bracket: 1
	 Base: 21%
	 Effective Percent: 69,76%
----------------------
01:09,065

Intellect
	 Rating: 133287
	 Multiplicative Factor: 12,48%
Stamina
	 Rating: 774072
	 Multiplicative Factor: 11,3%
Crit
	 Rating: 10079
	 Multiplicative Factor: 0%
	 DR Bracket: 0
	 Base: 9%
	 Effective Percent: 23,4%
	 Crit Inc Heal: 2
	 Crit Inc Damage: 2
Haste
	 Rating: 17320
	 Multiplicative Factor: 0%
	 DR Bracket: 0
	 Base: 11%
	 Effective Percent: 37,24%
Vers
	 Rating: 9017
	 Multiplicative Factor: 0%
	 DR Bracket: 0
	 Base: 3%
	 Effective Percent: 14,56%
Leech
	 Rating: 3658
	 Multiplicative Factor: 0%
	 DR Bracket: 0
	 Base: 0%
	 Effective Percent: 3,59%
Avoidance
	 Rating: 0
	 Multiplicative Factor: 0%
	 DR Bracket: 0
	 Base: 0%
	 Effective Percent: 0%
Mastery
	 Rating: 22952
	 Multiplicative Factor: 0%
	 DR Bracket: 1
	 Base: 21%
	 Effective Percent: 69,76%
----------------------
01:12,405

Intellect
	 Rating: 133287
	 Multiplicative Factor: 12,48%
Stamina
	 Rating: 774072
	 Multiplicative Factor: 11,3%
Crit
	 Rating: 15930
	 Multiplicative Factor: 0%
	 DR Bracket: 0
	 Base: 9%
	 Effective Percent: 31,76%
	 Crit Inc Heal: 2
	 Crit Inc Damage: 2
Haste
	 Rating: 17320
	 Multiplicative Factor: 0%
	 DR Bracket: 0
	 Base: 11%
	 Effective Percent: 37,24%
Vers
	 Rating: 9017
	 Multiplicative Factor: 0%
	 DR Bracket: 0
	 Base: 3%
	 Effective Percent: 14,56%
Leech
	 Rating: 3658
	 Multiplicative Factor: 0%
	 DR Bracket: 0
	 Base: 0%
	 Effective Percent: 3,59%
Avoidance
	 Rating: 0
	 Multiplicative Factor: 0%
	 DR Bracket: 0
	 Base: 0%
	 Effective Percent: 0%
Mastery
	 Rating: 22952
	 Multiplicative Factor: 0%
	 DR Bracket: 1
	 Base: 21%
	 Effective Percent: 69,76%
----------------------
01:15,041

Intellect
	 Rating: 133287
	 Multiplicative Factor: 12,48%
Stamina
	 Rating: 774072
	 Multiplicative Factor: 11,3%
Crit
	 Rating: 15930
	 Multiplicative Factor: 0%
	 DR Bracket: 0
	 Base: 9%
	 Effective Percent: 31,76%
	 Crit Inc Heal: 2
	 Crit Inc Damage: 2
Haste
	 Rating: 17320
	 Multiplicative Factor: 0%
	 DR Bracket: 0
	 Base: 9%
	 Effective Percent: 35,24%
Vers
	 Rating: 9017
	 Multiplicative Factor: 0%
	 DR Bracket: 0
	 Base: 3%
	 Effective Percent: 14,56%
Leech
	 Rating: 3658
	 Multiplicative Factor: 0%
	 DR Bracket: 0
	 Base: 0%
	 Effective Percent: 3,59%
Avoidance
	 Rating: 0
	 Multiplicative Factor: 0%
	 DR Bracket: 0
	 Base: 0%
	 Effective Percent: 0%
Mastery
	 Rating: 22952
	 Multiplicative Factor: 0%
	 DR Bracket: 1
	 Base: 21%
	 Effective Percent: 69,76%
----------------------
01:17,705

Intellect
	 Rating: 133287
	 Multiplicative Factor: 12,48%
Stamina
	 Rating: 774072
	 Multiplicative Factor: 11,3%
Crit
	 Rating: 15930
	 Multiplicative Factor: 0%
	 DR Bracket: 0
	 Base: 9%
	 Effective Percent: 31,76%
	 Crit Inc Heal: 2
	 Crit Inc Damage: 2
Haste
	 Rating: 17320
	 Multiplicative Factor: 0%
	 DR Bracket: 0
	 Base: 7%
	 Effective Percent: 33,24%
Vers
	 Rating: 9017
	 Multiplicative Factor: 0%
	 DR Bracket: 0
	 Base: 3%
	 Effective Percent: 14,56%
Leech
	 Rating: 3658
	 Multiplicative Factor: 0%
	 DR Bracket: 0
	 Base: 0%
	 Effective Percent: 3,59%
Avoidance
	 Rating: 0
	 Multiplicative Factor: 0%
	 DR Bracket: 0
	 Base: 0%
	 Effective Percent: 0%
Mastery
	 Rating: 22952
	 Multiplicative Factor: 0%
	 DR Bracket: 1
	 Base: 21%
	 Effective Percent: 69,76%
----------------------
01:21,051

Intellect
	 Rating: 133287
	 Multiplicative Factor: 12,48%
Stamina
	 Rating: 774072
	 Multiplicative Factor: 11,3%
Crit
	 Rating: 15930
	 Multiplicative Factor: 0%
	 DR Bracket: 0
	 Base: 9%
	 Effective Percent: 31,76%
	 Crit Inc Heal: 2
	 Crit Inc Damage: 2
Haste
	 Rating: 17320
	 Multiplicative Factor: 0%
	 DR Bracket: 0
	 Base: 5%
	 Effective Percent: 31,24%
Vers
	 Rating: 9017
	 Multiplicative Factor: 0%
	 DR Bracket: 0
	 Base: 3%
	 Effective Percent: 14,56%
Leech
	 Rating: 3658
	 Multiplicative Factor: 0%
	 DR Bracket: 0
	 Base: 0%
	 Effective Percent: 3,59%
Avoidance
	 Rating: 0
	 Multiplicative Factor: 0%
	 DR Bracket: 0
	 Base: 0%
	 Effective Percent: 0%
Mastery
	 Rating: 22952
	 Multiplicative Factor: 0%
	 DR Bracket: 1
	 Base: 21%
	 Effective Percent: 69,76%
----------------------
01:21,850

Intellect
	 Rating: 133287
	 Multiplicative Factor: 12,48%
Stamina
	 Rating: 774072
	 Multiplicative Factor: 11,3%
Crit
	 Rating: 21780
	 Multiplicative Factor: 0%
	 DR Bracket: 1
	 Base: 9%
	 Effective Percent: 40%
	 Crit Inc Heal: 2
	 Crit Inc Damage: 2
Haste
	 Rating: 17320
	 Multiplicative Factor: 0%
	 DR Bracket: 0
	 Base: 5%
	 Effective Percent: 31,24%
Vers
	 Rating: 9017
	 Multiplicative Factor: 0%
	 DR Bracket: 0
	 Base: 3%
	 Effective Percent: 14,56%
Leech
	 Rating: 3658
	 Multiplicative Factor: 0%
	 DR Bracket: 0
	 Base: 0%
	 Effective Percent: 3,59%
Avoidance
	 Rating: 0
	 Multiplicative Factor: 0%
	 DR Bracket: 0
	 Base: 0%
	 Effective Percent: 0%
Mastery
	 Rating: 22952
	 Multiplicative Factor: 0%
	 DR Bracket: 1
	 Base: 21%
	 Effective Percent: 69,76%
----------------------
01:22,423

Intellect
	 Rating: 133287
	 Multiplicative Factor: 12,48%
Stamina
	 Rating: 774072
	 Multiplicative Factor: 11,3%
Crit
	 Rating: 15930
	 Multiplicative Factor: 0%
	 DR Bracket: 0
	 Base: 9%
	 Effective Percent: 31,76%
	 Crit Inc Heal: 2
	 Crit Inc Damage: 2
Haste
	 Rating: 17320
	 Multiplicative Factor: 0%
	 DR Bracket: 0
	 Base: 5%
	 Effective Percent: 31,24%
Vers
	 Rating: 9017
	 Multiplicative Factor: 0%
	 DR Bracket: 0
	 Base: 3%
	 Effective Percent: 14,56%
Leech
	 Rating: 3658
	 Multiplicative Factor: 0%
	 DR Bracket: 0
	 Base: 0%
	 Effective Percent: 3,59%
Avoidance
	 Rating: 0
	 Multiplicative Factor: 0%
	 DR Bracket: 0
	 Base: 0%
	 Effective Percent: 0%
Mastery
	 Rating: 22952
	 Multiplicative Factor: 0%
	 DR Bracket: 1
	 Base: 21%
	 Effective Percent: 69,76%
----------------------
01:31,864

Intellect
	 Rating: 133287
	 Multiplicative Factor: 12,48%
Stamina
	 Rating: 774072
	 Multiplicative Factor: 11,3%
Crit
	 Rating: 10079
	 Multiplicative Factor: 0%
	 DR Bracket: 0
	 Base: 9%
	 Effective Percent: 23,4%
	 Crit Inc Heal: 2
	 Crit Inc Damage: 2
Haste
	 Rating: 17320
	 Multiplicative Factor: 0%
	 DR Bracket: 0
	 Base: 5%
	 Effective Percent: 31,24%
Vers
	 Rating: 9017
	 Multiplicative Factor: 0%
	 DR Bracket: 0
	 Base: 3%
	 Effective Percent: 14,56%
Leech
	 Rating: 3658
	 Multiplicative Factor: 0%
	 DR Bracket: 0
	 Base: 0%
	 Effective Percent: 3,59%
Avoidance
	 Rating: 0
	 Multiplicative Factor: 0%
	 DR Bracket: 0
	 Base: 0%
	 Effective Percent: 0%
Mastery
	 Rating: 22952
	 Multiplicative Factor: 0%
	 DR Bracket: 1
	 Base: 21%
	 Effective Percent: 69,76%
----------------------
01:32,978

Intellect
	 Rating: 133287
	 Multiplicative Factor: 12,48%
Stamina
	 Rating: 774072
	 Multiplicative Factor: 11,3%
Crit
	 Rating: 10079
	 Multiplicative Factor: 0%
	 DR Bracket: 0
	 Base: 9%
	 Effective Percent: 23,4%
	 Crit Inc Heal: 2
	 Crit Inc Damage: 2
Haste
	 Rating: 17320
	 Multiplicative Factor: 0%
	 DR Bracket: 0
	 Base: 7%
	 Effective Percent: 33,24%
Vers
	 Rating: 9017
	 Multiplicative Factor: 0%
	 DR Bracket: 0
	 Base: 3%
	 Effective Percent: 14,56%
Leech
	 Rating: 3658
	 Multiplicative Factor: 0%
	 DR Bracket: 0
	 Base: 0%
	 Effective Percent: 3,59%
Avoidance
	 Rating: 0
	 Multiplicative Factor: 0%
	 DR Bracket: 0
	 Base: 0%
	 Effective Percent: 0%
Mastery
	 Rating: 22952
	 Multiplicative Factor: 0%
	 DR Bracket: 1
	 Base: 21%
	 Effective Percent: 69,76%
----------------------
01:34,109

Intellect
	 Rating: 133287
	 Multiplicative Factor: 12,48%
Stamina
	 Rating: 774072
	 Multiplicative Factor: 11,3%
Crit
	 Rating: 10079
	 Multiplicative Factor: 0%
	 DR Bracket: 0
	 Base: 9%
	 Effective Percent: 23,4%
	 Crit Inc Heal: 2
	 Crit Inc Damage: 2
Haste
	 Rating: 17320
	 Multiplicative Factor: 0%
	 DR Bracket: 0
	 Base: 9%
	 Effective Percent: 35,24%
Vers
	 Rating: 9017
	 Multiplicative Factor: 0%
	 DR Bracket: 0
	 Base: 3%
	 Effective Percent: 14,56%
Leech
	 Rating: 3658
	 Multiplicative Factor: 0%
	 DR Bracket: 0
	 Base: 0%
	 Effective Percent: 3,59%
Avoidance
	 Rating: 0
	 Multiplicative Factor: 0%
	 DR Bracket: 0
	 Base: 0%
	 Effective Percent: 0%
Mastery
	 Rating: 22952
	 Multiplicative Factor: 0%
	 DR Bracket: 1
	 Base: 21%
	 Effective Percent: 69,76%
----------------------
01:42,885

Intellect
	 Rating: 133287
	 Multiplicative Factor: 12,48%
Stamina
	 Rating: 774072
	 Multiplicative Factor: 11,3%
Crit
	 Rating: 10079
	 Multiplicative Factor: 0%
	 DR Bracket: 0
	 Base: 9%
	 Effective Percent: 23,4%
	 Crit Inc Heal: 2
	 Crit Inc Damage: 2
Haste
	 Rating: 17320
	 Multiplicative Factor: 0%
	 DR Bracket: 0
	 Base: 11%
	 Effective Percent: 37,24%
Vers
	 Rating: 9017
	 Multiplicative Factor: 0%
	 DR Bracket: 0
	 Base: 3%
	 Effective Percent: 14,56%
Leech
	 Rating: 3658
	 Multiplicative Factor: 0%
	 DR Bracket: 0
	 Base: 0%
	 Effective Percent: 3,59%
Avoidance
	 Rating: 0
	 Multiplicative Factor: 0%
	 DR Bracket: 0
	 Base: 0%
	 Effective Percent: 0%
Mastery
	 Rating: 22952
	 Multiplicative Factor: 0%
	 DR Bracket: 1
	 Base: 21%
	 Effective Percent: 69,76%
----------------------
01:45,007

Intellect
	 Rating: 133287
	 Multiplicative Factor: 12,48%
Stamina
	 Rating: 774072
	 Multiplicative Factor: 11,3%
Crit
	 Rating: 10079
	 Multiplicative Factor: 0%
	 DR Bracket: 0
	 Base: 9%
	 Effective Percent: 23,4%
	 Crit Inc Heal: 2
	 Crit Inc Damage: 2
Haste
	 Rating: 17320
	 Multiplicative Factor: 0%
	 DR Bracket: 0
	 Base: 9%
	 Effective Percent: 35,24%
Vers
	 Rating: 9017
	 Multiplicative Factor: 0%
	 DR Bracket: 0
	 Base: 3%
	 Effective Percent: 14,56%
Leech
	 Rating: 3658
	 Multiplicative Factor: 0%
	 DR Bracket: 0
	 Base: 0%
	 Effective Percent: 3,59%
Avoidance
	 Rating: 0
	 Multiplicative Factor: 0%
	 DR Bracket: 0
	 Base: 0%
	 Effective Percent: 0%
Mastery
	 Rating: 22952
	 Multiplicative Factor: 0%
	 DR Bracket: 1
	 Base: 21%
	 Effective Percent: 69,76%
----------------------
01:46,131

Intellect
	 Rating: 133287
	 Multiplicative Factor: 12,48%
Stamina
	 Rating: 774072
	 Multiplicative Factor: 11,3%
Crit
	 Rating: 10079
	 Multiplicative Factor: 0%
	 DR Bracket: 0
	 Base: 9%
	 Effective Percent: 23,4%
	 Crit Inc Heal: 2
	 Crit Inc Damage: 2
Haste
	 Rating: 17320
	 Multiplicative Factor: 0%
	 DR Bracket: 0
	 Base: 7%
	 Effective Percent: 33,24%
Vers
	 Rating: 9017
	 Multiplicative Factor: 0%
	 DR Bracket: 0
	 Base: 3%
	 Effective Percent: 14,56%
Leech
	 Rating: 3658
	 Multiplicative Factor: 0%
	 DR Bracket: 0
	 Base: 0%
	 Effective Percent: 3,59%
Avoidance
	 Rating: 0
	 Multiplicative Factor: 0%
	 DR Bracket: 0
	 Base: 0%
	 Effective Percent: 0%
Mastery
	 Rating: 22952
	 Multiplicative Factor: 0%
	 DR Bracket: 1
	 Base: 21%
	 Effective Percent: 69,76%
----------------------
01:54,894

Intellect
	 Rating: 133287
	 Multiplicative Factor: 12,48%
Stamina
	 Rating: 774072
	 Multiplicative Factor: 11,3%
Crit
	 Rating: 10079
	 Multiplicative Factor: 0%
	 DR Bracket: 0
	 Base: 9%
	 Effective Percent: 23,4%
	 Crit Inc Heal: 2
	 Crit Inc Damage: 2
Haste
	 Rating: 17320
	 Multiplicative Factor: 0%
	 DR Bracket: 0
	 Base: 5%
	 Effective Percent: 31,24%
Vers
	 Rating: 9017
	 Multiplicative Factor: 0%
	 DR Bracket: 0
	 Base: 3%
	 Effective Percent: 14,56%
Leech
	 Rating: 3658
	 Multiplicative Factor: 0%
	 DR Bracket: 0
	 Base: 0%
	 Effective Percent: 3,59%
Avoidance
	 Rating: 0
	 Multiplicative Factor: 0%
	 DR Bracket: 0
	 Base: 0%
	 Effective Percent: 0%
Mastery
	 Rating: 22952
	 Multiplicative Factor: 0%
	 DR Bracket: 1
	 Base: 21%
	 Effective Percent: 69,76%
----------------------
01:55,857

Intellect
	 Rating: 133287
	 Multiplicative Factor: 12,48%
Stamina
	 Rating: 774072
	 Multiplicative Factor: 11,3%
Crit
	 Rating: 10079
	 Multiplicative Factor: 0%
	 DR Bracket: 0
	 Base: 9%
	 Effective Percent: 23,4%
	 Crit Inc Heal: 2
	 Crit Inc Damage: 2
Haste
	 Rating: 17320
	 Multiplicative Factor: 0%
	 DR Bracket: 0
	 Base: 7%
	 Effective Percent: 33,24%
Vers
	 Rating: 9017
	 Multiplicative Factor: 0%
	 DR Bracket: 0
	 Base: 3%
	 Effective Percent: 14,56%
Leech
	 Rating: 3658
	 Multiplicative Factor: 0%
	 DR Bracket: 0
	 Base: 0%
	 Effective Percent: 3,59%
Avoidance
	 Rating: 0
	 Multiplicative Factor: 0%
	 DR Bracket: 0
	 Base: 0%
	 Effective Percent: 0%
Mastery
	 Rating: 22952
	 Multiplicative Factor: 0%
	 DR Bracket: 1
	 Base: 21%
	 Effective Percent: 69,76%
----------------------
02:02,664

Intellect
	 Rating: 133287
	 Multiplicative Factor: 12,48%
Stamina
	 Rating: 774072
	 Multiplicative Factor: 11,3%
Crit
	 Rating: 10079
	 Multiplicative Factor: 0%
	 DR Bracket: 0
	 Base: 9%
	 Effective Percent: 23,4%
	 Crit Inc Heal: 2
	 Crit Inc Damage: 2
Haste
	 Rating: 17320
	 Multiplicative Factor: 0%
	 DR Bracket: 0
	 Base: 9%
	 Effective Percent: 35,24%
Vers
	 Rating: 9017
	 Multiplicative Factor: 0%
	 DR Bracket: 0
	 Base: 3%
	 Effective Percent: 14,56%
Leech
	 Rating: 3658
	 Multiplicative Factor: 0%
	 DR Bracket: 0
	 Base: 0%
	 Effective Percent: 3,59%
Avoidance
	 Rating: 0
	 Multiplicative Factor: 0%
	 DR Bracket: 0
	 Base: 0%
	 Effective Percent: 0%
Mastery
	 Rating: 22952
	 Multiplicative Factor: 0%
	 DR Bracket: 1
	 Base: 21%
	 Effective Percent: 69,76%
----------------------
02:03,778

Intellect
	 Rating: 133287
	 Multiplicative Factor: 12,48%
Stamina
	 Rating: 774072
	 Multiplicative Factor: 11,3%
Crit
	 Rating: 10079
	 Multiplicative Factor: 0%
	 DR Bracket: 0
	 Base: 9%
	 Effective Percent: 23,4%
	 Crit Inc Heal: 2
	 Crit Inc Damage: 2
Haste
	 Rating: 17320
	 Multiplicative Factor: 0%
	 DR Bracket: 0
	 Base: 11%
	 Effective Percent: 37,24%
Vers
	 Rating: 9017
	 Multiplicative Factor: 0%
	 DR Bracket: 0
	 Base: 3%
	 Effective Percent: 14,56%
Leech
	 Rating: 3658
	 Multiplicative Factor: 0%
	 DR Bracket: 0
	 Base: 0%
	 Effective Percent: 3,59%
Avoidance
	 Rating: 0
	 Multiplicative Factor: 0%
	 DR Bracket: 0
	 Base: 0%
	 Effective Percent: 0%
Mastery
	 Rating: 22952
	 Multiplicative Factor: 0%
	 DR Bracket: 1
	 Base: 21%
	 Effective Percent: 69,76%
----------------------
02:05,036

Intellect
	 Rating: 133287
	 Multiplicative Factor: 12,48%
Stamina
	 Rating: 774072
	 Multiplicative Factor: 11,3%
Crit
	 Rating: 15930
	 Multiplicative Factor: 0%
	 DR Bracket: 0
	 Base: 9%
	 Effective Percent: 31,76%
	 Crit Inc Heal: 2
	 Crit Inc Damage: 2
Haste
	 Rating: 17320
	 Multiplicative Factor: 0%
	 DR Bracket: 0
	 Base: 11%
	 Effective Percent: 37,24%
Vers
	 Rating: 9017
	 Multiplicative Factor: 0%
	 DR Bracket: 0
	 Base: 3%
	 Effective Percent: 14,56%
Leech
	 Rating: 3658
	 Multiplicative Factor: 0%
	 DR Bracket: 0
	 Base: 0%
	 Effective Percent: 3,59%
Avoidance
	 Rating: 0
	 Multiplicative Factor: 0%
	 DR Bracket: 0
	 Base: 0%
	 Effective Percent: 0%
Mastery
	 Rating: 22952
	 Multiplicative Factor: 0%
	 DR Bracket: 1
	 Base: 21%
	 Effective Percent: 69,76%
----------------------
02:07,854

Intellect
	 Rating: 133287
	 Multiplicative Factor: 12,48%
Stamina
	 Rating: 774072
	 Multiplicative Factor: 11,3%
Crit
	 Rating: 15930
	 Multiplicative Factor: 0%
	 DR Bracket: 0
	 Base: 9%
	 Effective Percent: 31,76%
	 Crit Inc Heal: 2
	 Crit Inc Damage: 2
Haste
	 Rating: 17320
	 Multiplicative Factor: 0%
	 DR Bracket: 0
	 Base: 9%
	 Effective Percent: 35,24%
Vers
	 Rating: 9017
	 Multiplicative Factor: 0%
	 DR Bracket: 0
	 Base: 3%
	 Effective Percent: 14,56%
Leech
	 Rating: 3658
	 Multiplicative Factor: 0%
	 DR Bracket: 0
	 Base: 0%
	 Effective Percent: 3,59%
Avoidance
	 Rating: 0
	 Multiplicative Factor: 0%
	 DR Bracket: 0
	 Base: 0%
	 Effective Percent: 0%
Mastery
	 Rating: 22952
	 Multiplicative Factor: 0%
	 DR Bracket: 1
	 Base: 21%
	 Effective Percent: 69,76%
----------------------
02:14,671

Intellect
	 Rating: 133287
	 Multiplicative Factor: 12,48%
Stamina
	 Rating: 774072
	 Multiplicative Factor: 11,3%
Crit
	 Rating: 15930
	 Multiplicative Factor: 0%
	 DR Bracket: 0
	 Base: 9%
	 Effective Percent: 31,76%
	 Crit Inc Heal: 2
	 Crit Inc Damage: 2
Haste
	 Rating: 17320
	 Multiplicative Factor: 0%
	 DR Bracket: 0
	 Base: 7%
	 Effective Percent: 33,24%
Vers
	 Rating: 9017
	 Multiplicative Factor: 0%
	 DR Bracket: 0
	 Base: 3%
	 Effective Percent: 14,56%
Leech
	 Rating: 3658
	 Multiplicative Factor: 0%
	 DR Bracket: 0
	 Base: 0%
	 Effective Percent: 3,59%
Avoidance
	 Rating: 0
	 Multiplicative Factor: 0%
	 DR Bracket: 0
	 Base: 0%
	 Effective Percent: 0%
Mastery
	 Rating: 22952
	 Multiplicative Factor: 0%
	 DR Bracket: 1
	 Base: 21%
	 Effective Percent: 69,76%
----------------------
02:15,037

Intellect
	 Rating: 133287
	 Multiplicative Factor: 12,48%
Stamina
	 Rating: 774072
	 Multiplicative Factor: 11,3%
Crit
	 Rating: 10079
	 Multiplicative Factor: 0%
	 DR Bracket: 0
	 Base: 9%
	 Effective Percent: 23,4%
	 Crit Inc Heal: 2
	 Crit Inc Damage: 2
Haste
	 Rating: 17320
	 Multiplicative Factor: 0%
	 DR Bracket: 0
	 Base: 7%
	 Effective Percent: 33,24%
Vers
	 Rating: 9017
	 Multiplicative Factor: 0%
	 DR Bracket: 0
	 Base: 3%
	 Effective Percent: 14,56%
Leech
	 Rating: 3658
	 Multiplicative Factor: 0%
	 DR Bracket: 0
	 Base: 0%
	 Effective Percent: 3,59%
Avoidance
	 Rating: 0
	 Multiplicative Factor: 0%
	 DR Bracket: 0
	 Base: 0%
	 Effective Percent: 0%
Mastery
	 Rating: 22952
	 Multiplicative Factor: 0%
	 DR Bracket: 1
	 Base: 21%
	 Effective Percent: 69,76%
----------------------
02:15,803

Intellect
	 Rating: 133287
	 Multiplicative Factor: 12,48%
Stamina
	 Rating: 774072
	 Multiplicative Factor: 11,3%
Crit
	 Rating: 10079
	 Multiplicative Factor: 0%
	 DR Bracket: 0
	 Base: 9%
	 Effective Percent: 23,4%
	 Crit Inc Heal: 2
	 Crit Inc Damage: 2
Haste
	 Rating: 17320
	 Multiplicative Factor: 0%
	 DR Bracket: 0
	 Base: 5%
	 Effective Percent: 31,24%
Vers
	 Rating: 9017
	 Multiplicative Factor: 0%
	 DR Bracket: 0
	 Base: 3%
	 Effective Percent: 14,56%
Leech
	 Rating: 3658
	 Multiplicative Factor: 0%
	 DR Bracket: 0
	 Base: 0%
	 Effective Percent: 3,59%
Avoidance
	 Rating: 0
	 Multiplicative Factor: 0%
	 DR Bracket: 0
	 Base: 0%
	 Effective Percent: 0%
Mastery
	 Rating: 22952
	 Multiplicative Factor: 0%
	 DR Bracket: 1
	 Base: 21%
	 Effective Percent: 69,76%
----------------------
02:34,119

Intellect
	 Rating: 133287
	 Multiplicative Factor: 12,48%
Stamina
	 Rating: 774072
	 Multiplicative Factor: 11,3%
Crit
	 Rating: 10079
	 Multiplicative Factor: 0%
	 DR Bracket: 0
	 Base: 9%
	 Effective Percent: 23,4%
	 Crit Inc Heal: 2
	 Crit Inc Damage: 2
Haste
	 Rating: 17320
	 Multiplicative Factor: 0%
	 DR Bracket: 0
	 Base: 7%
	 Effective Percent: 33,24%
Vers
	 Rating: 9017
	 Multiplicative Factor: 0%
	 DR Bracket: 0
	 Base: 3%
	 Effective Percent: 14,56%
Leech
	 Rating: 3658
	 Multiplicative Factor: 0%
	 DR Bracket: 0
	 Base: 0%
	 Effective Percent: 3,59%
Avoidance
	 Rating: 0
	 Multiplicative Factor: 0%
	 DR Bracket: 0
	 Base: 0%
	 Effective Percent: 0%
Mastery
	 Rating: 22952
	 Multiplicative Factor: 0%
	 DR Bracket: 1
	 Base: 21%
	 Effective Percent: 69,76%
----------------------
02:38,704

Intellect
	 Rating: 133287
	 Multiplicative Factor: 12,48%
Stamina
	 Rating: 774072
	 Multiplicative Factor: 11,3%
Crit
	 Rating: 10079
	 Multiplicative Factor: 0%
	 DR Bracket: 0
	 Base: 9%
	 Effective Percent: 23,4%
	 Crit Inc Heal: 2
	 Crit Inc Damage: 2
Haste
	 Rating: 17320
	 Multiplicative Factor: 0%
	 DR Bracket: 0
	 Base: 9%
	 Effective Percent: 35,24%
Vers
	 Rating: 9017
	 Multiplicative Factor: 0%
	 DR Bracket: 0
	 Base: 3%
	 Effective Percent: 14,56%
Leech
	 Rating: 3658
	 Multiplicative Factor: 0%
	 DR Bracket: 0
	 Base: 0%
	 Effective Percent: 3,59%
Avoidance
	 Rating: 0
	 Multiplicative Factor: 0%
	 DR Bracket: 0
	 Base: 0%
	 Effective Percent: 0%
Mastery
	 Rating: 22952
	 Multiplicative Factor: 0%
	 DR Bracket: 1
	 Base: 21%
	 Effective Percent: 69,76%
----------------------
02:46,121

Intellect
	 Rating: 133287
	 Multiplicative Factor: 12,48%
Stamina
	 Rating: 774072
	 Multiplicative Factor: 11,3%
Crit
	 Rating: 10079
	 Multiplicative Factor: 0%
	 DR Bracket: 0
	 Base: 9%
	 Effective Percent: 23,4%
	 Crit Inc Heal: 2
	 Crit Inc Damage: 2
Haste
	 Rating: 17320
	 Multiplicative Factor: 0%
	 DR Bracket: 0
	 Base: 7%
	 Effective Percent: 33,24%
Vers
	 Rating: 9017
	 Multiplicative Factor: 0%
	 DR Bracket: 0
	 Base: 3%
	 Effective Percent: 14,56%
Leech
	 Rating: 3658
	 Multiplicative Factor: 0%
	 DR Bracket: 0
	 Base: 0%
	 Effective Percent: 3,59%
Avoidance
	 Rating: 0
	 Multiplicative Factor: 0%
	 DR Bracket: 0
	 Base: 0%
	 Effective Percent: 0%
Mastery
	 Rating: 22952
	 Multiplicative Factor: 0%
	 DR Bracket: 1
	 Base: 21%
	 Effective Percent: 69,76%
----------------------
02:46,401

Intellect
	 Rating: 133287
	 Multiplicative Factor: 12,48%
Stamina
	 Rating: 774072
	 Multiplicative Factor: 11,3%
Crit
	 Rating: 10079
	 Multiplicative Factor: 0%
	 DR Bracket: 0
	 Base: 9%
	 Effective Percent: 23,4%
	 Crit Inc Heal: 2
	 Crit Inc Damage: 2
Haste
	 Rating: 17320
	 Multiplicative Factor: 0%
	 DR Bracket: 0
	 Base: 9%
	 Effective Percent: 35,24%
Vers
	 Rating: 9017
	 Multiplicative Factor: 0%
	 DR Bracket: 0
	 Base: 3%
	 Effective Percent: 14,56%
Leech
	 Rating: 3658
	 Multiplicative Factor: 0%
	 DR Bracket: 0
	 Base: 0%
	 Effective Percent: 3,59%
Avoidance
	 Rating: 0
	 Multiplicative Factor: 0%
	 DR Bracket: 0
	 Base: 0%
	 Effective Percent: 0%
Mastery
	 Rating: 22952
	 Multiplicative Factor: 0%
	 DR Bracket: 1
	 Base: 21%
	 Effective Percent: 69,76%
----------------------
02:46,401

Intellect
	 Rating: 133287
	 Multiplicative Factor: 12,48%
Stamina
	 Rating: 774072
	 Multiplicative Factor: 11,3%
Crit
	 Rating: 10079
	 Multiplicative Factor: 0%
	 DR Bracket: 0
	 Base: 9%
	 Effective Percent: 23,4%
	 Crit Inc Heal: 2
	 Crit Inc Damage: 2
Haste
	 Rating: 17320
	 Multiplicative Factor: 0%
	 DR Bracket: 0
	 Base: 11%
	 Effective Percent: 37,24%
Vers
	 Rating: 9017
	 Multiplicative Factor: 0%
	 DR Bracket: 0
	 Base: 3%
	 Effective Percent: 14,56%
Leech
	 Rating: 3658
	 Multiplicative Factor: 0%
	 DR Bracket: 0
	 Base: 0%
	 Effective Percent: 3,59%
Avoidance
	 Rating: 0
	 Multiplicative Factor: 0%
	 DR Bracket: 0
	 Base: 0%
	 Effective Percent: 0%
Mastery
	 Rating: 22952
	 Multiplicative Factor: 0%
	 DR Bracket: 1
	 Base: 21%
	 Effective Percent: 69,76%
----------------------
02:46,401

Intellect
	 Rating: 133287
	 Multiplicative Factor: 12,48%
Stamina
	 Rating: 774072
	 Multiplicative Factor: 11,3%
Crit
	 Rating: 10079
	 Multiplicative Factor: 0%
	 DR Bracket: 0
	 Base: 9%
	 Effective Percent: 23,4%
	 Crit Inc Heal: 2
	 Crit Inc Damage: 2
Haste
	 Rating: 17320
	 Multiplicative Factor: 0%
	 DR Bracket: 0
	 Base: 13%
	 Effective Percent: 39,24%
Vers
	 Rating: 9017
	 Multiplicative Factor: 0%
	 DR Bracket: 0
	 Base: 3%
	 Effective Percent: 14,56%
Leech
	 Rating: 3658
	 Multiplicative Factor: 0%
	 DR Bracket: 0
	 Base: 0%
	 Effective Percent: 3,59%
Avoidance
	 Rating: 0
	 Multiplicative Factor: 0%
	 DR Bracket: 0
	 Base: 0%
	 Effective Percent: 0%
Mastery
	 Rating: 22952
	 Multiplicative Factor: 0%
	 DR Bracket: 1
	 Base: 21%
	 Effective Percent: 69,76%
----------------------
02:46,401

Intellect
	 Rating: 133287
	 Multiplicative Factor: 12,48%
Stamina
	 Rating: 774072
	 Multiplicative Factor: 11,3%
Crit
	 Rating: 10079
	 Multiplicative Factor: 0%
	 DR Bracket: 0
	 Base: 9%
	 Effective Percent: 23,4%
	 Crit Inc Heal: 2
	 Crit Inc Damage: 2
Haste
	 Rating: 17320
	 Multiplicative Factor: 0%
	 DR Bracket: 0
	 Base: 15%
	 Effective Percent: 41,24%
Vers
	 Rating: 9017
	 Multiplicative Factor: 0%
	 DR Bracket: 0
	 Base: 3%
	 Effective Percent: 14,56%
Leech
	 Rating: 3658
	 Multiplicative Factor: 0%
	 DR Bracket: 0
	 Base: 0%
	 Effective Percent: 3,59%
Avoidance
	 Rating: 0
	 Multiplicative Factor: 0%
	 DR Bracket: 0
	 Base: 0%
	 Effective Percent: 0%
Mastery
	 Rating: 22952
	 Multiplicative Factor: 0%
	 DR Bracket: 1
	 Base: 21%
	 Effective Percent: 69,76%
----------------------
02:46,869

Intellect
	 Rating: 133287
	 Multiplicative Factor: 12,48%
Stamina
	 Rating: 774072
	 Multiplicative Factor: 11,3%
Crit
	 Rating: 10079
	 Multiplicative Factor: 0%
	 DR Bracket: 0
	 Base: 9%
	 Effective Percent: 23,4%
	 Crit Inc Heal: 2
	 Crit Inc Damage: 2
Haste
	 Rating: 17320
	 Multiplicative Factor: 0%
	 DR Bracket: 0
	 Base: 17%
	 Effective Percent: 43,24%
Vers
	 Rating: 9017
	 Multiplicative Factor: 0%
	 DR Bracket: 0
	 Base: 3%
	 Effective Percent: 14,56%
Leech
	 Rating: 3658
	 Multiplicative Factor: 0%
	 DR Bracket: 0
	 Base: 0%
	 Effective Percent: 3,59%
Avoidance
	 Rating: 0
	 Multiplicative Factor: 0%
	 DR Bracket: 0
	 Base: 0%
	 Effective Percent: 0%
Mastery
	 Rating: 22952
	 Multiplicative Factor: 0%
	 DR Bracket: 1
	 Base: 21%
	 Effective Percent: 69,76%
----------------------
02:50,709

Intellect
	 Rating: 133287
	 Multiplicative Factor: 12,48%
Stamina
	 Rating: 774072
	 Multiplicative Factor: 11,3%
Crit
	 Rating: 10079
	 Multiplicative Factor: 0%
	 DR Bracket: 0
	 Base: 9%
	 Effective Percent: 23,4%
	 Crit Inc Heal: 2
	 Crit Inc Damage: 2
Haste
	 Rating: 17320
	 Multiplicative Factor: 0%
	 DR Bracket: 0
	 Base: 15%
	 Effective Percent: 41,24%
Vers
	 Rating: 9017
	 Multiplicative Factor: 0%
	 DR Bracket: 0
	 Base: 3%
	 Effective Percent: 14,56%
Leech
	 Rating: 3658
	 Multiplicative Factor: 0%
	 DR Bracket: 0
	 Base: 0%
	 Effective Percent: 3,59%
Avoidance
	 Rating: 0
	 Multiplicative Factor: 0%
	 DR Bracket: 0
	 Base: 0%
	 Effective Percent: 0%
Mastery
	 Rating: 22952
	 Multiplicative Factor: 0%
	 DR Bracket: 1
	 Base: 21%
	 Effective Percent: 69,76%
----------------------
02:58,410

Intellect
	 Rating: 133287
	 Multiplicative Factor: 12,48%
Stamina
	 Rating: 774072
	 Multiplicative Factor: 11,3%
Crit
	 Rating: 10079
	 Multiplicative Factor: 0%
	 DR Bracket: 0
	 Base: 9%
	 Effective Percent: 23,4%
	 Crit Inc Heal: 2
	 Crit Inc Damage: 2
Haste
	 Rating: 17320
	 Multiplicative Factor: 0%
	 DR Bracket: 0
	 Base: 13%
	 Effective Percent: 39,24%
Vers
	 Rating: 9017
	 Multiplicative Factor: 0%
	 DR Bracket: 0
	 Base: 3%
	 Effective Percent: 14,56%
Leech
	 Rating: 3658
	 Multiplicative Factor: 0%
	 DR Bracket: 0
	 Base: 0%
	 Effective Percent: 3,59%
Avoidance
	 Rating: 0
	 Multiplicative Factor: 0%
	 DR Bracket: 0
	 Base: 0%
	 Effective Percent: 0%
Mastery
	 Rating: 22952
	 Multiplicative Factor: 0%
	 DR Bracket: 1
	 Base: 21%
	 Effective Percent: 69,76%
----------------------
02:58,410

Intellect
	 Rating: 133287
	 Multiplicative Factor: 12,48%
Stamina
	 Rating: 774072
	 Multiplicative Factor: 11,3%
Crit
	 Rating: 10079
	 Multiplicative Factor: 0%
	 DR Bracket: 0
	 Base: 9%
	 Effective Percent: 23,4%
	 Crit Inc Heal: 2
	 Crit Inc Damage: 2
Haste
	 Rating: 17320
	 Multiplicative Factor: 0%
	 DR Bracket: 0
	 Base: 11%
	 Effective Percent: 37,24%
Vers
	 Rating: 9017
	 Multiplicative Factor: 0%
	 DR Bracket: 0
	 Base: 3%
	 Effective Percent: 14,56%
Leech
	 Rating: 3658
	 Multiplicative Factor: 0%
	 DR Bracket: 0
	 Base: 0%
	 Effective Percent: 3,59%
Avoidance
	 Rating: 0
	 Multiplicative Factor: 0%
	 DR Bracket: 0
	 Base: 0%
	 Effective Percent: 0%
Mastery
	 Rating: 22952
	 Multiplicative Factor: 0%
	 DR Bracket: 1
	 Base: 21%
	 Effective Percent: 69,76%
----------------------
02:58,410

Intellect
	 Rating: 133287
	 Multiplicative Factor: 12,48%
Stamina
	 Rating: 774072
	 Multiplicative Factor: 11,3%
Crit
	 Rating: 10079
	 Multiplicative Factor: 0%
	 DR Bracket: 0
	 Base: 9%
	 Effective Percent: 23,4%
	 Crit Inc Heal: 2
	 Crit Inc Damage: 2
Haste
	 Rating: 17320
	 Multiplicative Factor: 0%
	 DR Bracket: 0
	 Base: 9%
	 Effective Percent: 35,24%
Vers
	 Rating: 9017
	 Multiplicative Factor: 0%
	 DR Bracket: 0
	 Base: 3%
	 Effective Percent: 14,56%
Leech
	 Rating: 3658
	 Multiplicative Factor: 0%
	 DR Bracket: 0
	 Base: 0%
	 Effective Percent: 3,59%
Avoidance
	 Rating: 0
	 Multiplicative Factor: 0%
	 DR Bracket: 0
	 Base: 0%
	 Effective Percent: 0%
Mastery
	 Rating: 22952
	 Multiplicative Factor: 0%
	 DR Bracket: 1
	 Base: 21%
	 Effective Percent: 69,76%
----------------------
02:58,410

Intellect
	 Rating: 133287
	 Multiplicative Factor: 12,48%
Stamina
	 Rating: 774072
	 Multiplicative Factor: 11,3%
Crit
	 Rating: 10079
	 Multiplicative Factor: 0%
	 DR Bracket: 0
	 Base: 9%
	 Effective Percent: 23,4%
	 Crit Inc Heal: 2
	 Crit Inc Damage: 2
Haste
	 Rating: 17320
	 Multiplicative Factor: 0%
	 DR Bracket: 0
	 Base: 7%
	 Effective Percent: 33,24%
Vers
	 Rating: 9017
	 Multiplicative Factor: 0%
	 DR Bracket: 0
	 Base: 3%
	 Effective Percent: 14,56%
Leech
	 Rating: 3658
	 Multiplicative Factor: 0%
	 DR Bracket: 0
	 Base: 0%
	 Effective Percent: 3,59%
Avoidance
	 Rating: 0
	 Multiplicative Factor: 0%
	 DR Bracket: 0
	 Base: 0%
	 Effective Percent: 0%
Mastery
	 Rating: 22952
	 Multiplicative Factor: 0%
	 DR Bracket: 1
	 Base: 21%
	 Effective Percent: 69,76%
----------------------
02:58,867

Intellect
	 Rating: 133287
	 Multiplicative Factor: 12,48%
Stamina
	 Rating: 774072
	 Multiplicative Factor: 11,3%
Crit
	 Rating: 10079
	 Multiplicative Factor: 0%
	 DR Bracket: 0
	 Base: 9%
	 Effective Percent: 23,4%
	 Crit Inc Heal: 2
	 Crit Inc Damage: 2
Haste
	 Rating: 17320
	 Multiplicative Factor: 0%
	 DR Bracket: 0
	 Base: 5%
	 Effective Percent: 31,24%
Vers
	 Rating: 9017
	 Multiplicative Factor: 0%
	 DR Bracket: 0
	 Base: 3%
	 Effective Percent: 14,56%
Leech
	 Rating: 3658
	 Multiplicative Factor: 0%
	 DR Bracket: 0
	 Base: 0%
	 Effective Percent: 3,59%
Avoidance
	 Rating: 0
	 Multiplicative Factor: 0%
	 DR Bracket: 0
	 Base: 0%
	 Effective Percent: 0%
Mastery
	 Rating: 22952
	 Multiplicative Factor: 0%
	 DR Bracket: 1
	 Base: 21%
	 Effective Percent: 69,76%
----------------------
02:59,982

Intellect
	 Rating: 133287
	 Multiplicative Factor: 12,48%
Stamina
	 Rating: 774072
	 Multiplicative Factor: 11,3%
Crit
	 Rating: 15930
	 Multiplicative Factor: 0%
	 DR Bracket: 0
	 Base: 9%
	 Effective Percent: 31,76%
	 Crit Inc Heal: 2
	 Crit Inc Damage: 2
Haste
	 Rating: 17320
	 Multiplicative Factor: 0%
	 DR Bracket: 0
	 Base: 5%
	 Effective Percent: 31,24%
Vers
	 Rating: 9017
	 Multiplicative Factor: 0%
	 DR Bracket: 0
	 Base: 3%
	 Effective Percent: 14,56%
Leech
	 Rating: 3658
	 Multiplicative Factor: 0%
	 DR Bracket: 0
	 Base: 0%
	 Effective Percent: 3,59%
Avoidance
	 Rating: 0
	 Multiplicative Factor: 0%
	 DR Bracket: 0
	 Base: 0%
	 Effective Percent: 0%
Mastery
	 Rating: 22952
	 Multiplicative Factor: 0%
	 DR Bracket: 1
	 Base: 21%
	 Effective Percent: 69,76%
----------------------
03:04,696

Intellect
	 Rating: 133287
	 Multiplicative Factor: 12,48%
Stamina
	 Rating: 774072
	 Multiplicative Factor: 11,3%
Crit
	 Rating: 15930
	 Multiplicative Factor: 0%
	 DR Bracket: 0
	 Base: 9%
	 Effective Percent: 31,76%
	 Crit Inc Heal: 2
	 Crit Inc Damage: 2
Haste
	 Rating: 17320
	 Multiplicative Factor: 0%
	 DR Bracket: 0
	 Base: 7%
	 Effective Percent: 33,24%
Vers
	 Rating: 9017
	 Multiplicative Factor: 0%
	 DR Bracket: 0
	 Base: 3%
	 Effective Percent: 14,56%
Leech
	 Rating: 3658
	 Multiplicative Factor: 0%
	 DR Bracket: 0
	 Base: 0%
	 Effective Percent: 3,59%
Avoidance
	 Rating: 0
	 Multiplicative Factor: 0%
	 DR Bracket: 0
	 Base: 0%
	 Effective Percent: 0%
Mastery
	 Rating: 22952
	 Multiplicative Factor: 0%
	 DR Bracket: 1
	 Base: 21%
	 Effective Percent: 69,76%
----------------------
03:05,858

Intellect
	 Rating: 133287
	 Multiplicative Factor: 12,48%
Stamina
	 Rating: 774072
	 Multiplicative Factor: 11,3%
Crit
	 Rating: 15930
	 Multiplicative Factor: 0%
	 DR Bracket: 0
	 Base: 9%
	 Effective Percent: 31,76%
	 Crit Inc Heal: 2
	 Crit Inc Damage: 2
Haste
	 Rating: 17320
	 Multiplicative Factor: 0%
	 DR Bracket: 0
	 Base: 9%
	 Effective Percent: 35,24%
Vers
	 Rating: 9017
	 Multiplicative Factor: 0%
	 DR Bracket: 0
	 Base: 3%
	 Effective Percent: 14,56%
Leech
	 Rating: 3658
	 Multiplicative Factor: 0%
	 DR Bracket: 0
	 Base: 0%
	 Effective Percent: 3,59%
Avoidance
	 Rating: 0
	 Multiplicative Factor: 0%
	 DR Bracket: 0
	 Base: 0%
	 Effective Percent: 0%
Mastery
	 Rating: 22952
	 Multiplicative Factor: 0%
	 DR Bracket: 1
	 Base: 21%
	 Effective Percent: 69,76%
----------------------
03:09,977

Intellect
	 Rating: 133287
	 Multiplicative Factor: 12,48%
Stamina
	 Rating: 774072
	 Multiplicative Factor: 11,3%
Crit
	 Rating: 10079
	 Multiplicative Factor: 0%
	 DR Bracket: 0
	 Base: 9%
	 Effective Percent: 23,4%
	 Crit Inc Heal: 2
	 Crit Inc Damage: 2
Haste
	 Rating: 17320
	 Multiplicative Factor: 0%
	 DR Bracket: 0
	 Base: 9%
	 Effective Percent: 35,24%
Vers
	 Rating: 9017
	 Multiplicative Factor: 0%
	 DR Bracket: 0
	 Base: 3%
	 Effective Percent: 14,56%
Leech
	 Rating: 3658
	 Multiplicative Factor: 0%
	 DR Bracket: 0
	 Base: 0%
	 Effective Percent: 3,59%
Avoidance
	 Rating: 0
	 Multiplicative Factor: 0%
	 DR Bracket: 0
	 Base: 0%
	 Effective Percent: 0%
Mastery
	 Rating: 22952
	 Multiplicative Factor: 0%
	 DR Bracket: 1
	 Base: 21%
	 Effective Percent: 69,76%
----------------------
03:14,388

Intellect
	 Rating: 133287
	 Multiplicative Factor: 12,48%
Stamina
	 Rating: 774072
	 Multiplicative Factor: 11,3%
Crit
	 Rating: 15930
	 Multiplicative Factor: 0%
	 DR Bracket: 0
	 Base: 9%
	 Effective Percent: 31,76%
	 Crit Inc Heal: 2
	 Crit Inc Damage: 2
Haste
	 Rating: 17320
	 Multiplicative Factor: 0%
	 DR Bracket: 0
	 Base: 9%
	 Effective Percent: 35,24%
Vers
	 Rating: 9017
	 Multiplicative Factor: 0%
	 DR Bracket: 0
	 Base: 3%
	 Effective Percent: 14,56%
Leech
	 Rating: 3658
	 Multiplicative Factor: 0%
	 DR Bracket: 0
	 Base: 0%
	 Effective Percent: 3,59%
Avoidance
	 Rating: 0
	 Multiplicative Factor: 0%
	 DR Bracket: 0
	 Base: 0%
	 Effective Percent: 0%
Mastery
	 Rating: 22952
	 Multiplicative Factor: 0%
	 DR Bracket: 1
	 Base: 21%
	 Effective Percent: 69,76%
----------------------
03:16,717

Intellect
	 Rating: 133287
	 Multiplicative Factor: 12,48%
Stamina
	 Rating: 774072
	 Multiplicative Factor: 11,3%
Crit
	 Rating: 15930
	 Multiplicative Factor: 0%
	 DR Bracket: 0
	 Base: 9%
	 Effective Percent: 31,76%
	 Crit Inc Heal: 2
	 Crit Inc Damage: 2
Haste
	 Rating: 17320
	 Multiplicative Factor: 0%
	 DR Bracket: 0
	 Base: 7%
	 Effective Percent: 33,24%
Vers
	 Rating: 9017
	 Multiplicative Factor: 0%
	 DR Bracket: 0
	 Base: 3%
	 Effective Percent: 14,56%
Leech
	 Rating: 3658
	 Multiplicative Factor: 0%
	 DR Bracket: 0
	 Base: 0%
	 Effective Percent: 3,59%
Avoidance
	 Rating: 0
	 Multiplicative Factor: 0%
	 DR Bracket: 0
	 Base: 0%
	 Effective Percent: 0%
Mastery
	 Rating: 22952
	 Multiplicative Factor: 0%
	 DR Bracket: 1
	 Base: 21%
	 Effective Percent: 69,76%
----------------------
03:17,854

Intellect
	 Rating: 133287
	 Multiplicative Factor: 12,48%
Stamina
	 Rating: 774072
	 Multiplicative Factor: 11,3%
Crit
	 Rating: 15930
	 Multiplicative Factor: 0%
	 DR Bracket: 0
	 Base: 9%
	 Effective Percent: 31,76%
	 Crit Inc Heal: 2
	 Crit Inc Damage: 2
Haste
	 Rating: 17320
	 Multiplicative Factor: 0%
	 DR Bracket: 0
	 Base: 5%
	 Effective Percent: 31,24%
Vers
	 Rating: 9017
	 Multiplicative Factor: 0%
	 DR Bracket: 0
	 Base: 3%
	 Effective Percent: 14,56%
Leech
	 Rating: 3658
	 Multiplicative Factor: 0%
	 DR Bracket: 0
	 Base: 0%
	 Effective Percent: 3,59%
Avoidance
	 Rating: 0
	 Multiplicative Factor: 0%
	 DR Bracket: 0
	 Base: 0%
	 Effective Percent: 0%
Mastery
	 Rating: 22952
	 Multiplicative Factor: 0%
	 DR Bracket: 1
	 Base: 21%
	 Effective Percent: 69,76%
----------------------
03:18,004

Intellect
	 Rating: 133287
	 Multiplicative Factor: 12,48%
Stamina
	 Rating: 774072
	 Multiplicative Factor: 11,3%
Crit
	 Rating: 15930
	 Multiplicative Factor: 0%
	 DR Bracket: 0
	 Base: 9%
	 Effective Percent: 31,76%
	 Crit Inc Heal: 2
	 Crit Inc Damage: 2
Haste
	 Rating: 17320
	 Multiplicative Factor: 0%
	 DR Bracket: 0
	 Base: 7%
	 Effective Percent: 33,24%
Vers
	 Rating: 9017
	 Multiplicative Factor: 0%
	 DR Bracket: 0
	 Base: 3%
	 Effective Percent: 14,56%
Leech
	 Rating: 3658
	 Multiplicative Factor: 0%
	 DR Bracket: 0
	 Base: 0%
	 Effective Percent: 3,59%
Avoidance
	 Rating: 0
	 Multiplicative Factor: 0%
	 DR Bracket: 0
	 Base: 0%
	 Effective Percent: 0%
Mastery
	 Rating: 22952
	 Multiplicative Factor: 0%
	 DR Bracket: 1
	 Base: 21%
	 Effective Percent: 69,76%
----------------------
03:24,386

Intellect
	 Rating: 133287
	 Multiplicative Factor: 12,48%
Stamina
	 Rating: 774072
	 Multiplicative Factor: 11,3%
Crit
	 Rating: 10079
	 Multiplicative Factor: 0%
	 DR Bracket: 0
	 Base: 9%
	 Effective Percent: 23,4%
	 Crit Inc Heal: 2
	 Crit Inc Damage: 2
Haste
	 Rating: 17320
	 Multiplicative Factor: 0%
	 DR Bracket: 0
	 Base: 7%
	 Effective Percent: 33,24%
Vers
	 Rating: 9017
	 Multiplicative Factor: 0%
	 DR Bracket: 0
	 Base: 3%
	 Effective Percent: 14,56%
Leech
	 Rating: 3658
	 Multiplicative Factor: 0%
	 DR Bracket: 0
	 Base: 0%
	 Effective Percent: 3,59%
Avoidance
	 Rating: 0
	 Multiplicative Factor: 0%
	 DR Bracket: 0
	 Base: 0%
	 Effective Percent: 0%
Mastery
	 Rating: 22952
	 Multiplicative Factor: 0%
	 DR Bracket: 1
	 Base: 21%
	 Effective Percent: 69,76%
----------------------
03:30,014

Intellect
	 Rating: 133287
	 Multiplicative Factor: 12,48%
Stamina
	 Rating: 774072
	 Multiplicative Factor: 11,3%
Crit
	 Rating: 10079
	 Multiplicative Factor: 0%
	 DR Bracket: 0
	 Base: 9%
	 Effective Percent: 23,4%
	 Crit Inc Heal: 2
	 Crit Inc Damage: 2
Haste
	 Rating: 17320
	 Multiplicative Factor: 0%
	 DR Bracket: 0
	 Base: 5%
	 Effective Percent: 31,24%
Vers
	 Rating: 9017
	 Multiplicative Factor: 0%
	 DR Bracket: 0
	 Base: 3%
	 Effective Percent: 14,56%
Leech
	 Rating: 3658
	 Multiplicative Factor: 0%
	 DR Bracket: 0
	 Base: 0%
	 Effective Percent: 3,59%
Avoidance
	 Rating: 0
	 Multiplicative Factor: 0%
	 DR Bracket: 0
	 Base: 0%
	 Effective Percent: 0%
Mastery
	 Rating: 22952
	 Multiplicative Factor: 0%
	 DR Bracket: 1
	 Base: 21%
	 Effective Percent: 69,76%
----------------------
03:35,492

Intellect
	 Rating: 133287
	 Multiplicative Factor: 12,48%
Stamina
	 Rating: 774072
	 Multiplicative Factor: 11,3%
Crit
	 Rating: 10079
	 Multiplicative Factor: 0%
	 DR Bracket: 0
	 Base: 9%
	 Effective Percent: 23,4%
	 Crit Inc Heal: 2
	 Crit Inc Damage: 2
Haste
	 Rating: 17320
	 Multiplicative Factor: 0%
	 DR Bracket: 0
	 Base: 7%
	 Effective Percent: 33,24%
Vers
	 Rating: 9017
	 Multiplicative Factor: 0%
	 DR Bracket: 0
	 Base: 3%
	 Effective Percent: 14,56%
Leech
	 Rating: 3658
	 Multiplicative Factor: 0%
	 DR Bracket: 0
	 Base: 0%
	 Effective Percent: 3,59%
Avoidance
	 Rating: 0
	 Multiplicative Factor: 0%
	 DR Bracket: 0
	 Base: 0%
	 Effective Percent: 0%
Mastery
	 Rating: 22952
	 Multiplicative Factor: 0%
	 DR Bracket: 1
	 Base: 21%
	 Effective Percent: 69,76%
----------------------
03:37,288

Intellect
	 Rating: 133287
	 Multiplicative Factor: 12,48%
Stamina
	 Rating: 774072
	 Multiplicative Factor: 11,3%
Crit
	 Rating: 10079
	 Multiplicative Factor: 0%
	 DR Bracket: 0
	 Base: 9%
	 Effective Percent: 23,4%
	 Crit Inc Heal: 2
	 Crit Inc Damage: 2
Haste
	 Rating: 17320
	 Multiplicative Factor: 0%
	 DR Bracket: 0
	 Base: 9%
	 Effective Percent: 35,24%
Vers
	 Rating: 9017
	 Multiplicative Factor: 0%
	 DR Bracket: 0
	 Base: 3%
	 Effective Percent: 14,56%
Leech
	 Rating: 3658
	 Multiplicative Factor: 0%
	 DR Bracket: 0
	 Base: 0%
	 Effective Percent: 3,59%
Avoidance
	 Rating: 0
	 Multiplicative Factor: 0%
	 DR Bracket: 0
	 Base: 0%
	 Effective Percent: 0%
Mastery
	 Rating: 22952
	 Multiplicative Factor: 0%
	 DR Bracket: 1
	 Base: 21%
	 Effective Percent: 69,76%
----------------------
03:45,097

Intellect
	 Rating: 133287
	 Multiplicative Factor: 12,48%
Stamina
	 Rating: 774072
	 Multiplicative Factor: 11,3%
Crit
	 Rating: 10079
	 Multiplicative Factor: 0%
	 DR Bracket: 0
	 Base: 9%
	 Effective Percent: 23,4%
	 Crit Inc Heal: 2
	 Crit Inc Damage: 2
Haste
	 Rating: 17320
	 Multiplicative Factor: 0%
	 DR Bracket: 0
	 Base: 11%
	 Effective Percent: 37,24%
Vers
	 Rating: 9017
	 Multiplicative Factor: 0%
	 DR Bracket: 0
	 Base: 3%
	 Effective Percent: 14,56%
Leech
	 Rating: 3658
	 Multiplicative Factor: 0%
	 DR Bracket: 0
	 Base: 0%
	 Effective Percent: 3,59%
Avoidance
	 Rating: 0
	 Multiplicative Factor: 0%
	 DR Bracket: 0
	 Base: 0%
	 Effective Percent: 0%
Mastery
	 Rating: 22952
	 Multiplicative Factor: 0%
	 DR Bracket: 1
	 Base: 21%
	 Effective Percent: 69,76%
----------------------
03:47,501

Intellect
	 Rating: 133287
	 Multiplicative Factor: 12,48%
Stamina
	 Rating: 774072
	 Multiplicative Factor: 11,3%
Crit
	 Rating: 10079
	 Multiplicative Factor: 0%
	 DR Bracket: 0
	 Base: 9%
	 Effective Percent: 23,4%
	 Crit Inc Heal: 2
	 Crit Inc Damage: 2
Haste
	 Rating: 17320
	 Multiplicative Factor: 0%
	 DR Bracket: 0
	 Base: 9%
	 Effective Percent: 35,24%
Vers
	 Rating: 9017
	 Multiplicative Factor: 0%
	 DR Bracket: 0
	 Base: 3%
	 Effective Percent: 14,56%
Leech
	 Rating: 3658
	 Multiplicative Factor: 0%
	 DR Bracket: 0
	 Base: 0%
	 Effective Percent: 3,59%
Avoidance
	 Rating: 0
	 Multiplicative Factor: 0%
	 DR Bracket: 0
	 Base: 0%
	 Effective Percent: 0%
Mastery
	 Rating: 22952
	 Multiplicative Factor: 0%
	 DR Bracket: 1
	 Base: 21%
	 Effective Percent: 69,76%
----------------------
03:49,303

Intellect
	 Rating: 133287
	 Multiplicative Factor: 12,48%
Stamina
	 Rating: 774072
	 Multiplicative Factor: 11,3%
Crit
	 Rating: 10079
	 Multiplicative Factor: 0%
	 DR Bracket: 0
	 Base: 9%
	 Effective Percent: 23,4%
	 Crit Inc Heal: 2
	 Crit Inc Damage: 2
Haste
	 Rating: 17320
	 Multiplicative Factor: 0%
	 DR Bracket: 0
	 Base: 7%
	 Effective Percent: 33,24%
Vers
	 Rating: 9017
	 Multiplicative Factor: 0%
	 DR Bracket: 0
	 Base: 3%
	 Effective Percent: 14,56%
Leech
	 Rating: 3658
	 Multiplicative Factor: 0%
	 DR Bracket: 0
	 Base: 0%
	 Effective Percent: 3,59%
Avoidance
	 Rating: 0
	 Multiplicative Factor: 0%
	 DR Bracket: 0
	 Base: 0%
	 Effective Percent: 0%
Mastery
	 Rating: 22952
	 Multiplicative Factor: 0%
	 DR Bracket: 1
	 Base: 21%
	 Effective Percent: 69,76%
----------------------
03:50,276

Intellect
	 Rating: 133287
	 Multiplicative Factor: 12,48%
Stamina
	 Rating: 774072
	 Multiplicative Factor: 11,3%
Crit
	 Rating: 10079
	 Multiplicative Factor: 0%
	 DR Bracket: 0
	 Base: 9%
	 Effective Percent: 23,4%
	 Crit Inc Heal: 2
	 Crit Inc Damage: 2
Haste
	 Rating: 17320
	 Multiplicative Factor: 0%
	 DR Bracket: 0
	 Base: 9%
	 Effective Percent: 35,24%
Vers
	 Rating: 9017
	 Multiplicative Factor: 0%
	 DR Bracket: 0
	 Base: 3%
	 Effective Percent: 14,56%
Leech
	 Rating: 3658
	 Multiplicative Factor: 0%
	 DR Bracket: 0
	 Base: 0%
	 Effective Percent: 3,59%
Avoidance
	 Rating: 0
	 Multiplicative Factor: 0%
	 DR Bracket: 0
	 Base: 0%
	 Effective Percent: 0%
Mastery
	 Rating: 22952
	 Multiplicative Factor: 0%
	 DR Bracket: 1
	 Base: 21%
	 Effective Percent: 69,76%
----------------------
03:54,370

Intellect
	 Rating: 133287
	 Multiplicative Factor: 12,48%
Stamina
	 Rating: 774072
	 Multiplicative Factor: 11,3%
Crit
	 Rating: 10079
	 Multiplicative Factor: 0%
	 DR Bracket: 0
	 Base: 9%
	 Effective Percent: 23,4%
	 Crit Inc Heal: 2
	 Crit Inc Damage: 2
Haste
	 Rating: 17320
	 Multiplicative Factor: 0%
	 DR Bracket: 0
	 Base: 11%
	 Effective Percent: 37,24%
Vers
	 Rating: 9017
	 Multiplicative Factor: 0%
	 DR Bracket: 0
	 Base: 3%
	 Effective Percent: 14,56%
Leech
	 Rating: 3658
	 Multiplicative Factor: 0%
	 DR Bracket: 0
	 Base: 0%
	 Effective Percent: 3,59%
Avoidance
	 Rating: 0
	 Multiplicative Factor: 0%
	 DR Bracket: 0
	 Base: 0%
	 Effective Percent: 0%
Mastery
	 Rating: 22952
	 Multiplicative Factor: 0%
	 DR Bracket: 1
	 Base: 21%
	 Effective Percent: 69,76%
----------------------
03:57,125

Intellect
	 Rating: 133287
	 Multiplicative Factor: 12,48%
Stamina
	 Rating: 774072
	 Multiplicative Factor: 11,3%
Crit
	 Rating: 10079
	 Multiplicative Factor: 0%
	 DR Bracket: 0
	 Base: 9%
	 Effective Percent: 23,4%
	 Crit Inc Heal: 2
	 Crit Inc Damage: 2
Haste
	 Rating: 17320
	 Multiplicative Factor: 0%
	 DR Bracket: 0
	 Base: 9%
	 Effective Percent: 35,24%
Vers
	 Rating: 9017
	 Multiplicative Factor: 0%
	 DR Bracket: 0
	 Base: 3%
	 Effective Percent: 14,56%
Leech
	 Rating: 3658
	 Multiplicative Factor: 0%
	 DR Bracket: 0
	 Base: 0%
	 Effective Percent: 3,59%
Avoidance
	 Rating: 0
	 Multiplicative Factor: 0%
	 DR Bracket: 0
	 Base: 0%
	 Effective Percent: 0%
Mastery
	 Rating: 22952
	 Multiplicative Factor: 0%
	 DR Bracket: 1
	 Base: 21%
	 Effective Percent: 69,76%
----------------------
04:02,284

Intellect
	 Rating: 133287
	 Multiplicative Factor: 12,48%
Stamina
	 Rating: 774072
	 Multiplicative Factor: 11,3%
Crit
	 Rating: 10079
	 Multiplicative Factor: 0%
	 DR Bracket: 0
	 Base: 9%
	 Effective Percent: 23,4%
	 Crit Inc Heal: 2
	 Crit Inc Damage: 2
Haste
	 Rating: 17320
	 Multiplicative Factor: 0%
	 DR Bracket: 0
	 Base: 7%
	 Effective Percent: 33,24%
Vers
	 Rating: 9017
	 Multiplicative Factor: 0%
	 DR Bracket: 0
	 Base: 3%
	 Effective Percent: 14,56%
Leech
	 Rating: 3658
	 Multiplicative Factor: 0%
	 DR Bracket: 0
	 Base: 0%
	 Effective Percent: 3,59%
Avoidance
	 Rating: 0
	 Multiplicative Factor: 0%
	 DR Bracket: 0
	 Base: 0%
	 Effective Percent: 0%
Mastery
	 Rating: 22952
	 Multiplicative Factor: 0%
	 DR Bracket: 1
	 Base: 21%
	 Effective Percent: 69,76%
----------------------
04:03,687

Intellect
	 Rating: 133287
	 Multiplicative Factor: 12,48%
Stamina
	 Rating: 774072
	 Multiplicative Factor: 11,3%
Crit
	 Rating: 10079
	 Multiplicative Factor: 0%
	 DR Bracket: 0
	 Base: 9%
	 Effective Percent: 23,4%
	 Crit Inc Heal: 2
	 Crit Inc Damage: 2
Haste
	 Rating: 17320
	 Multiplicative Factor: 0%
	 DR Bracket: 0
	 Base: 9%
	 Effective Percent: 35,24%
Vers
	 Rating: 9017
	 Multiplicative Factor: 0%
	 DR Bracket: 0
	 Base: 3%
	 Effective Percent: 14,56%
Leech
	 Rating: 3658
	 Multiplicative Factor: 0%
	 DR Bracket: 0
	 Base: 0%
	 Effective Percent: 3,59%
Avoidance
	 Rating: 0
	 Multiplicative Factor: 0%
	 DR Bracket: 0
	 Base: 0%
	 Effective Percent: 0%
Mastery
	 Rating: 22952
	 Multiplicative Factor: 0%
	 DR Bracket: 1
	 Base: 21%
	 Effective Percent: 69,76%
----------------------
04:04,798

Intellect
	 Rating: 133287
	 Multiplicative Factor: 12,48%
Stamina
	 Rating: 774072
	 Multiplicative Factor: 11,3%
Crit
	 Rating: 10079
	 Multiplicative Factor: 0%
	 DR Bracket: 0
	 Base: 9%
	 Effective Percent: 23,4%
	 Crit Inc Heal: 2
	 Crit Inc Damage: 2
Haste
	 Rating: 17320
	 Multiplicative Factor: 0%
	 DR Bracket: 0
	 Base: 11%
	 Effective Percent: 37,24%
Vers
	 Rating: 9017
	 Multiplicative Factor: 0%
	 DR Bracket: 0
	 Base: 3%
	 Effective Percent: 14,56%
Leech
	 Rating: 3658
	 Multiplicative Factor: 0%
	 DR Bracket: 0
	 Base: 0%
	 Effective Percent: 3,59%
Avoidance
	 Rating: 0
	 Multiplicative Factor: 0%
	 DR Bracket: 0
	 Base: 0%
	 Effective Percent: 0%
Mastery
	 Rating: 22952
	 Multiplicative Factor: 0%
	 DR Bracket: 1
	 Base: 21%
	 Effective Percent: 69,76%
----------------------
04:04,857

Intellect
	 Rating: 133287
	 Multiplicative Factor: 12,48%
Stamina
	 Rating: 774072
	 Multiplicative Factor: 11,3%
Crit
	 Rating: 15930
	 Multiplicative Factor: 0%
	 DR Bracket: 0
	 Base: 9%
	 Effective Percent: 31,76%
	 Crit Inc Heal: 2
	 Crit Inc Damage: 2
Haste
	 Rating: 17320
	 Multiplicative Factor: 0%
	 DR Bracket: 0
	 Base: 11%
	 Effective Percent: 37,24%
Vers
	 Rating: 9017
	 Multiplicative Factor: 0%
	 DR Bracket: 0
	 Base: 3%
	 Effective Percent: 14,56%
Leech
	 Rating: 3658
	 Multiplicative Factor: 0%
	 DR Bracket: 0
	 Base: 0%
	 Effective Percent: 3,59%
Avoidance
	 Rating: 0
	 Multiplicative Factor: 0%
	 DR Bracket: 0
	 Base: 0%
	 Effective Percent: 0%
Mastery
	 Rating: 22952
	 Multiplicative Factor: 0%
	 DR Bracket: 1
	 Base: 21%
	 Effective Percent: 69,76%
----------------------
04:06,375

Intellect
	 Rating: 133287
	 Multiplicative Factor: 12,48%
Stamina
	 Rating: 774072
	 Multiplicative Factor: 11,3%
Crit
	 Rating: 15930
	 Multiplicative Factor: 0%
	 DR Bracket: 0
	 Base: 9%
	 Effective Percent: 31,76%
	 Crit Inc Heal: 2
	 Crit Inc Damage: 2
Haste
	 Rating: 17320
	 Multiplicative Factor: 0%
	 DR Bracket: 0
	 Base: 9%
	 Effective Percent: 35,24%
Vers
	 Rating: 9017
	 Multiplicative Factor: 0%
	 DR Bracket: 0
	 Base: 3%
	 Effective Percent: 14,56%
Leech
	 Rating: 3658
	 Multiplicative Factor: 0%
	 DR Bracket: 0
	 Base: 0%
	 Effective Percent: 3,59%
Avoidance
	 Rating: 0
	 Multiplicative Factor: 0%
	 DR Bracket: 0
	 Base: 0%
	 Effective Percent: 0%
Mastery
	 Rating: 22952
	 Multiplicative Factor: 0%
	 DR Bracket: 1
	 Base: 21%
	 Effective Percent: 69,76%
----------------------
04:07,029

Intellect
	 Rating: 133287
	 Multiplicative Factor: 12,48%
Stamina
	 Rating: 774072
	 Multiplicative Factor: 11,3%
Crit
	 Rating: 21780
	 Multiplicative Factor: 0%
	 DR Bracket: 1
	 Base: 9%
	 Effective Percent: 40%
	 Crit Inc Heal: 2
	 Crit Inc Damage: 2
Haste
	 Rating: 17320
	 Multiplicative Factor: 0%
	 DR Bracket: 0
	 Base: 9%
	 Effective Percent: 35,24%
Vers
	 Rating: 9017
	 Multiplicative Factor: 0%
	 DR Bracket: 0
	 Base: 3%
	 Effective Percent: 14,56%
Leech
	 Rating: 3658
	 Multiplicative Factor: 0%
	 DR Bracket: 0
	 Base: 0%
	 Effective Percent: 3,59%
Avoidance
	 Rating: 0
	 Multiplicative Factor: 0%
	 DR Bracket: 0
	 Base: 0%
	 Effective Percent: 0%
Mastery
	 Rating: 22952
	 Multiplicative Factor: 0%
	 DR Bracket: 1
	 Base: 21%
	 Effective Percent: 69,76%
----------------------
04:14,860

Intellect
	 Rating: 133287
	 Multiplicative Factor: 12,48%
Stamina
	 Rating: 774072
	 Multiplicative Factor: 11,3%
Crit
	 Rating: 15930
	 Multiplicative Factor: 0%
	 DR Bracket: 0
	 Base: 9%
	 Effective Percent: 31,76%
	 Crit Inc Heal: 2
	 Crit Inc Damage: 2
Haste
	 Rating: 17320
	 Multiplicative Factor: 0%
	 DR Bracket: 0
	 Base: 9%
	 Effective Percent: 35,24%
Vers
	 Rating: 9017
	 Multiplicative Factor: 0%
	 DR Bracket: 0
	 Base: 3%
	 Effective Percent: 14,56%
Leech
	 Rating: 3658
	 Multiplicative Factor: 0%
	 DR Bracket: 0
	 Base: 0%
	 Effective Percent: 3,59%
Avoidance
	 Rating: 0
	 Multiplicative Factor: 0%
	 DR Bracket: 0
	 Base: 0%
	 Effective Percent: 0%
Mastery
	 Rating: 22952
	 Multiplicative Factor: 0%
	 DR Bracket: 1
	 Base: 21%
	 Effective Percent: 69,76%
----------------------
04:15,691

Intellect
	 Rating: 133287
	 Multiplicative Factor: 12,48%
Stamina
	 Rating: 774072
	 Multiplicative Factor: 11,3%
Crit
	 Rating: 15930
	 Multiplicative Factor: 0%
	 DR Bracket: 0
	 Base: 9%
	 Effective Percent: 31,76%
	 Crit Inc Heal: 2
	 Crit Inc Damage: 2
Haste
	 Rating: 17320
	 Multiplicative Factor: 0%
	 DR Bracket: 0
	 Base: 7%
	 Effective Percent: 33,24%
Vers
	 Rating: 9017
	 Multiplicative Factor: 0%
	 DR Bracket: 0
	 Base: 3%
	 Effective Percent: 14,56%
Leech
	 Rating: 3658
	 Multiplicative Factor: 0%
	 DR Bracket: 0
	 Base: 0%
	 Effective Percent: 3,59%
Avoidance
	 Rating: 0
	 Multiplicative Factor: 0%
	 DR Bracket: 0
	 Base: 0%
	 Effective Percent: 0%
Mastery
	 Rating: 22952
	 Multiplicative Factor: 0%
	 DR Bracket: 1
	 Base: 21%
	 Effective Percent: 69,76%
