----------------------
00:00,624

Intellect
	 Rating: 120295
	 Multiplicative Factor: 12,48%
	 Eff: 120295
Stamina
	 Rating: 766294
	 Multiplicative Factor: 11,3%
	 Eff: 766294
Crit
	 Rating: 10154
	 Multiplicative Factor: 0%
	 Eff: 16454
	 DR Bracket: 0
	 Base: 9%
	 Effective Percent: 23,51%
	 Crit Inc Heal: 2
	 Crit Inc Damage: 2
Haste
	 Rating: 29184
	 Multiplicative Factor: 0%
	 Eff: 27967,19999999999
	 DR Bracket: 2
	 Base: 0%
	 Effective Percent: 42,37%
Vers
	 Rating: 4252
	 Multiplicative Factor: 0%
	 Eff: 6592
	 DR Bracket: 0
	 Base: 3%
	 Effective Percent: 8,45%
Leech
	 Rating: 3746
	 Multiplicative Factor: 0%
	 Eff: 3746
	 DR Bracket: 0
	 Base: 0%
	 Effective Percent: 3,67%
Avoidance
	 Rating: 1147
	 Multiplicative Factor: 0%
	 Eff: 1147
	 DR Bracket: 0
	 Base: 0%
	 Effective Percent: 2,11%
Mastery
	 Rating: 13086
	 Multiplicative Factor: 0%
	 Eff: 22886
	 DR Bracket: 0
	 Base: 21%
	 Effective Percent: 49,04%
----------------------
00:05,662

Intellect
	 Rating: 120295
	 Multiplicative Factor: 12,48%
	 Eff: 120295
Stamina
	 Rating: 766294
	 Multiplicative Factor: 11,3%
	 Eff: 766294
Crit
	 Rating: 10154
	 Multiplicative Factor: 0%
	 Eff: 16454
	 DR Bracket: 0
	 Base: 9%
	 Effective Percent: 23,51%
	 Crit Inc Heal: 2
	 Crit Inc Damage: 2
Haste
	 Rating: 29184
	 Multiplicative Factor: 0%
	 Eff: 29846,54399999999
	 DR Bracket: 2
	 Base: 2%
	 Effective Percent: 45,22%
Vers
	 Rating: 4252
	 Multiplicative Factor: 0%
	 Eff: 6592
	 DR Bracket: 0
	 Base: 3%
	 Effective Percent: 8,45%
Leech
	 Rating: 3746
	 Multiplicative Factor: 0%
	 Eff: 3746
	 DR Bracket: 0
	 Base: 0%
	 Effective Percent: 3,67%
Avoidance
	 Rating: 1147
	 Multiplicative Factor: 0%
	 Eff: 1147
	 DR Bracket: 0
	 Base: 0%
	 Effective Percent: 2,11%
Mastery
	 Rating: 13086
	 Multiplicative Factor: 0%
	 Eff: 22886
	 DR Bracket: 0
	 Base: 21%
	 Effective Percent: 49,04%
----------------------
00:10,752

Intellect
	 Rating: 120295
	 Multiplicative Factor: 12,48%
	 Eff: 120295
Stamina
	 Rating: 766294
	 Multiplicative Factor: 11,3%
	 Eff: 766294
Crit
	 Rating: 10154
	 Multiplicative Factor: 0%
	 Eff: 16454
	 DR Bracket: 0
	 Base: 9%
	 Effective Percent: 23,51%
	 Crit Inc Heal: 2
	 Crit Inc Damage: 2
Haste
	 Rating: 29184
	 Multiplicative Factor: 0%
	 Eff: 31725,887999999988
	 DR Bracket: 2
	 Base: 4%
	 Effective Percent: 48,07%
Vers
	 Rating: 4252
	 Multiplicative Factor: 0%
	 Eff: 6592
	 DR Bracket: 0
	 Base: 3%
	 Effective Percent: 8,45%
Leech
	 Rating: 3746
	 Multiplicative Factor: 0%
	 Eff: 3746
	 DR Bracket: 0
	 Base: 0%
	 Effective Percent: 3,67%
Avoidance
	 Rating: 1147
	 Multiplicative Factor: 0%
	 Eff: 1147
	 DR Bracket: 0
	 Base: 0%
	 Effective Percent: 2,11%
Mastery
	 Rating: 13086
	 Multiplicative Factor: 0%
	 Eff: 22886
	 DR Bracket: 0
	 Base: 21%
	 Effective Percent: 49,04%
----------------------
00:16,018

Intellect
	 Rating: 120295
	 Multiplicative Factor: 12,48%
	 Eff: 120295
Stamina
	 Rating: 766294
	 Multiplicative Factor: 11,3%
	 Eff: 766294
Crit
	 Rating: 10154
	 Multiplicative Factor: 0%
	 Eff: 16454
	 DR Bracket: 0
	 Base: 9%
	 Effective Percent: 23,51%
	 Crit Inc Heal: 2
	 Crit Inc Damage: 2
Haste
	 Rating: 29184
	 Multiplicative Factor: 0%
	 Eff: 31725,887999999988
	 DR Bracket: 2
	 Base: 4%
	 Effective Percent: 48,07%
Vers
	 Rating: 4252
	 Multiplicative Factor: 0%
	 Eff: 6592
	 DR Bracket: 0
	 Base: 3%
	 Effective Percent: 8,45%
Leech
	 Rating: 3746
	 Multiplicative Factor: 0%
	 Eff: 3746
	 DR Bracket: 0
	 Base: 0%
	 Effective Percent: 3,67%
Avoidance
	 Rating: 1147
	 Multiplicative Factor: 0%
	 Eff: 1147
	 DR Bracket: 0
	 Base: 0%
	 Effective Percent: 2,11%
Mastery
	 Rating: 13086
	 Multiplicative Factor: 0%
	 Eff: 22886
	 DR Bracket: 0
	 Base: 21%
	 Effective Percent: 49,04%
----------------------
00:21,038

Intellect
	 Rating: 120295
	 Multiplicative Factor: 12,48%
	 Eff: 120295
Stamina
	 Rating: 766294
	 Multiplicative Factor: 11,3%
	 Eff: 766294
Crit
	 Rating: 10154
	 Multiplicative Factor: 0%
	 Eff: 16454
	 DR Bracket: 0
	 Base: 9%
	 Effective Percent: 23,51%
	 Crit Inc Heal: 2
	 Crit Inc Damage: 2
Haste
	 Rating: 29184
	 Multiplicative Factor: 0%
	 Eff: 27967,19999999999
	 DR Bracket: 2
	 Base: 0%
	 Effective Percent: 42,37%
Vers
	 Rating: 4252
	 Multiplicative Factor: 0%
	 Eff: 6592
	 DR Bracket: 0
	 Base: 3%
	 Effective Percent: 8,45%
Leech
	 Rating: 3746
	 Multiplicative Factor: 0%
	 Eff: 3746
	 DR Bracket: 0
	 Base: 0%
	 Effective Percent: 3,67%
Avoidance
	 Rating: 1147
	 Multiplicative Factor: 0%
	 Eff: 1147
	 DR Bracket: 0
	 Base: 0%
	 Effective Percent: 2,11%
Mastery
	 Rating: 13086
	 Multiplicative Factor: 0%
	 Eff: 22886
	 DR Bracket: 0
	 Base: 21%
	 Effective Percent: 49,04%
----------------------
00:26,055

Intellect
	 Rating: 120295
	 Multiplicative Factor: 12,48%
	 Eff: 120295
Stamina
	 Rating: 766294
	 Multiplicative Factor: 11,3%
	 Eff: 766294
Crit
	 Rating: 10154
	 Multiplicative Factor: 0%
	 Eff: 16454
	 DR Bracket: 0
	 Base: 9%
	 Effective Percent: 23,51%
	 Crit Inc Heal: 2
	 Crit Inc Damage: 2
Haste
	 Rating: 29184
	 Multiplicative Factor: 0%
	 Eff: 27967,19999999999
	 DR Bracket: 2
	 Base: 0%
	 Effective Percent: 42,37%
Vers
	 Rating: 4252
	 Multiplicative Factor: 0%
	 Eff: 6592
	 DR Bracket: 0
	 Base: 3%
	 Effective Percent: 8,45%
Leech
	 Rating: 3746
	 Multiplicative Factor: 0%
	 Eff: 3746
	 DR Bracket: 0
	 Base: 0%
	 Effective Percent: 3,67%
Avoidance
	 Rating: 1147
	 Multiplicative Factor: 0%
	 Eff: 1147
	 DR Bracket: 0
	 Base: 0%
	 Effective Percent: 2,11%
Mastery
	 Rating: 13086
	 Multiplicative Factor: 0%
	 Eff: 22886
	 DR Bracket: 0
	 Base: 21%
	 Effective Percent: 49,04%
----------------------
00:31,129

Intellect
	 Rating: 120295
	 Multiplicative Factor: 12,48%
	 Eff: 120295
Stamina
	 Rating: 766294
	 Multiplicative Factor: 11,3%
	 Eff: 766294
Crit
	 Rating: 10154
	 Multiplicative Factor: 0%
	 Eff: 16454
	 DR Bracket: 0
	 Base: 9%
	 Effective Percent: 23,51%
	 Crit Inc Heal: 2
	 Crit Inc Damage: 2
Haste
	 Rating: 29184
	 Multiplicative Factor: 0%
	 Eff: 27967,19999999999
	 DR Bracket: 2
	 Base: 0%
	 Effective Percent: 42,37%
Vers
	 Rating: 4252
	 Multiplicative Factor: 0%
	 Eff: 6592
	 DR Bracket: 0
	 Base: 3%
	 Effective Percent: 8,45%
Leech
	 Rating: 3746
	 Multiplicative Factor: 0%
	 Eff: 3746
	 DR Bracket: 0
	 Base: 0%
	 Effective Percent: 3,67%
Avoidance
	 Rating: 1147
	 Multiplicative Factor: 0%
	 Eff: 1147
	 DR Bracket: 0
	 Base: 0%
	 Effective Percent: 2,11%
Mastery
	 Rating: 13086
	 Multiplicative Factor: 0%
	 Eff: 22886
	 DR Bracket: 0
	 Base: 21%
	 Effective Percent: 49,04%
----------------------
00:36,634

Intellect
	 Rating: 120295
	 Multiplicative Factor: 12,48%
	 Eff: 120295
Stamina
	 Rating: 766294
	 Multiplicative Factor: 11,3%
	 Eff: 766294
Crit
	 Rating: 10154
	 Multiplicative Factor: 0%
	 Eff: 16454
	 DR Bracket: 0
	 Base: 9%
	 Effective Percent: 23,51%
	 Crit Inc Heal: 2
	 Crit Inc Damage: 2
Haste
	 Rating: 29184
	 Multiplicative Factor: 0%
	 Eff: 27967,19999999999
	 DR Bracket: 2
	 Base: 0%
	 Effective Percent: 42,37%
Vers
	 Rating: 4252
	 Multiplicative Factor: 0%
	 Eff: 6592
	 DR Bracket: 0
	 Base: 3%
	 Effective Percent: 8,45%
Leech
	 Rating: 3746
	 Multiplicative Factor: 0%
	 Eff: 3746
	 DR Bracket: 0
	 Base: 0%
	 Effective Percent: 3,67%
Avoidance
	 Rating: 1147
	 Multiplicative Factor: 0%
	 Eff: 1147
	 DR Bracket: 0
	 Base: 0%
	 Effective Percent: 2,11%
Mastery
	 Rating: 13086
	 Multiplicative Factor: 0%
	 Eff: 22886
	 DR Bracket: 0
	 Base: 21%
	 Effective Percent: 49,04%
----------------------
00:41,663

Intellect
	 Rating: 120295
	 Multiplicative Factor: 12,48%
	 Eff: 120295
Stamina
	 Rating: 766294
	 Multiplicative Factor: 11,3%
	 Eff: 766294
Crit
	 Rating: 10154
	 Multiplicative Factor: 0%
	 Eff: 16454
	 DR Bracket: 0
	 Base: 9%
	 Effective Percent: 23,51%
	 Crit Inc Heal: 2
	 Crit Inc Damage: 2
Haste
	 Rating: 29184
	 Multiplicative Factor: 0%
	 Eff: 29846,54399999999
	 DR Bracket: 2
	 Base: 2%
	 Effective Percent: 45,22%
Vers
	 Rating: 4252
	 Multiplicative Factor: 0%
	 Eff: 6592
	 DR Bracket: 0
	 Base: 3%
	 Effective Percent: 8,45%
Leech
	 Rating: 3746
	 Multiplicative Factor: 0%
	 Eff: 3746
	 DR Bracket: 0
	 Base: 0%
	 Effective Percent: 3,67%
Avoidance
	 Rating: 1147
	 Multiplicative Factor: 0%
	 Eff: 1147
	 DR Bracket: 0
	 Base: 0%
	 Effective Percent: 2,11%
Mastery
	 Rating: 13086
	 Multiplicative Factor: 0%
	 Eff: 22886
	 DR Bracket: 0
	 Base: 21%
	 Effective Percent: 49,04%
----------------------
00:46,709

Intellect
	 Rating: 120295
	 Multiplicative Factor: 12,48%
	 Eff: 120295
Stamina
	 Rating: 766294
	 Multiplicative Factor: 11,3%
	 Eff: 766294
Crit
	 Rating: 10154
	 Multiplicative Factor: 0%
	 Eff: 16454
	 DR Bracket: 0
	 Base: 9%
	 Effective Percent: 23,51%
	 Crit Inc Heal: 2
	 Crit Inc Damage: 2
Haste
	 Rating: 29184
	 Multiplicative Factor: 0%
	 Eff: 31725,887999999988
	 DR Bracket: 2
	 Base: 4%
	 Effective Percent: 48,07%
Vers
	 Rating: 4252
	 Multiplicative Factor: 0%
	 Eff: 6592
	 DR Bracket: 0
	 Base: 3%
	 Effective Percent: 8,45%
Leech
	 Rating: 3746
	 Multiplicative Factor: 0%
	 Eff: 3746
	 DR Bracket: 0
	 Base: 0%
	 Effective Percent: 3,67%
Avoidance
	 Rating: 1147
	 Multiplicative Factor: 0%
	 Eff: 1147
	 DR Bracket: 0
	 Base: 0%
	 Effective Percent: 2,11%
Mastery
	 Rating: 13086
	 Multiplicative Factor: 0%
	 Eff: 22886
	 DR Bracket: 0
	 Base: 21%
	 Effective Percent: 49,04%
----------------------
00:51,868

Intellect
	 Rating: 120295
	 Multiplicative Factor: 12,48%
	 Eff: 120295
Stamina
	 Rating: 766294
	 Multiplicative Factor: 11,3%
	 Eff: 766294
Crit
	 Rating: 10154
	 Multiplicative Factor: 0%
	 Eff: 26954
	 DR Bracket: 0
	 Base: 24%
	 Effective Percent: 38,51%
	 Crit Inc Heal: 2
	 Crit Inc Damage: 2
Haste
	 Rating: 29184
	 Multiplicative Factor: 0%
	 Eff: 39243,26399999999
	 DR Bracket: 2
	 Base: 12%
	 Effective Percent: 59,46%
Vers
	 Rating: 4252
	 Multiplicative Factor: 0%
	 Eff: 6592
	 DR Bracket: 0
	 Base: 3%
	 Effective Percent: 8,45%
Leech
	 Rating: 3746
	 Multiplicative Factor: 0%
	 Eff: 3746
	 DR Bracket: 0
	 Base: 0%
	 Effective Percent: 3,67%
Avoidance
	 Rating: 1147
	 Multiplicative Factor: 0%
	 Eff: 1147
	 DR Bracket: 0
	 Base: 0%
	 Effective Percent: 2,11%
Mastery
	 Rating: 13086
	 Multiplicative Factor: 0%
	 Eff: 22886
	 DR Bracket: 0
	 Base: 21%
	 Effective Percent: 49,04%
----------------------
00:56,868

Intellect
	 Rating: 120295
	 Multiplicative Factor: 12,48%
	 Eff: 120295
Stamina
	 Rating: 766294
	 Multiplicative Factor: 11,3%
	 Eff: 766294
Crit
	 Rating: 10154
	 Multiplicative Factor: 0%
	 Eff: 26954
	 DR Bracket: 0
	 Base: 24%
	 Effective Percent: 38,51%
	 Crit Inc Heal: 2
	 Crit Inc Damage: 2
Haste
	 Rating: 29184
	 Multiplicative Factor: 0%
	 Eff: 35484,57599999999
	 DR Bracket: 2
	 Base: 8%
	 Effective Percent: 53,76%
Vers
	 Rating: 4252
	 Multiplicative Factor: 0%
	 Eff: 6592
	 DR Bracket: 0
	 Base: 3%
	 Effective Percent: 8,45%
Leech
	 Rating: 3746
	 Multiplicative Factor: 0%
	 Eff: 3746
	 DR Bracket: 0
	 Base: 0%
	 Effective Percent: 3,67%
Avoidance
	 Rating: 1147
	 Multiplicative Factor: 0%
	 Eff: 1147
	 DR Bracket: 0
	 Base: 0%
	 Effective Percent: 2,11%
Mastery
	 Rating: 13086
	 Multiplicative Factor: 0%
	 Eff: 22886
	 DR Bracket: 0
	 Base: 21%
	 Effective Percent: 49,04%
----------------------
01:01,885

Intellect
	 Rating: 120295
	 Multiplicative Factor: 12,48%
	 Eff: 120295
Stamina
	 Rating: 766294
	 Multiplicative Factor: 11,3%
	 Eff: 766294
Crit
	 Rating: 10154
	 Multiplicative Factor: 0%
	 Eff: 26954
	 DR Bracket: 0
	 Base: 24%
	 Effective Percent: 38,51%
	 Crit Inc Heal: 2
	 Crit Inc Damage: 2
Haste
	 Rating: 29184
	 Multiplicative Factor: 0%
	 Eff: 35484,57599999999
	 DR Bracket: 2
	 Base: 8%
	 Effective Percent: 53,76%
Vers
	 Rating: 4252
	 Multiplicative Factor: 0%
	 Eff: 6592
	 DR Bracket: 0
	 Base: 3%
	 Effective Percent: 8,45%
Leech
	 Rating: 3746
	 Multiplicative Factor: 0%
	 Eff: 3746
	 DR Bracket: 0
	 Base: 0%
	 Effective Percent: 3,67%
Avoidance
	 Rating: 1147
	 Multiplicative Factor: 0%
	 Eff: 1147
	 DR Bracket: 0
	 Base: 0%
	 Effective Percent: 2,11%
Mastery
	 Rating: 13086
	 Multiplicative Factor: 0%
	 Eff: 22886
	 DR Bracket: 0
	 Base: 21%
	 Effective Percent: 49,04%
----------------------
01:06,971

Intellect
	 Rating: 120295
	 Multiplicative Factor: 12,48%
	 Eff: 120295
Stamina
	 Rating: 766294
	 Multiplicative Factor: 11,3%
	 Eff: 766294
Crit
	 Rating: 10154
	 Multiplicative Factor: 0%
	 Eff: 26954
	 DR Bracket: 0
	 Base: 24%
	 Effective Percent: 38,51%
	 Crit Inc Heal: 2
	 Crit Inc Damage: 2
Haste
	 Rating: 29184
	 Multiplicative Factor: 0%
	 Eff: 35484,57599999999
	 DR Bracket: 2
	 Base: 8%
	 Effective Percent: 53,76%
Vers
	 Rating: 4252
	 Multiplicative Factor: 0%
	 Eff: 6592
	 DR Bracket: 0
	 Base: 3%
	 Effective Percent: 8,45%
Leech
	 Rating: 3746
	 Multiplicative Factor: 0%
	 Eff: 3746
	 DR Bracket: 0
	 Base: 0%
	 Effective Percent: 3,67%
Avoidance
	 Rating: 1147
	 Multiplicative Factor: 0%
	 Eff: 1147
	 DR Bracket: 0
	 Base: 0%
	 Effective Percent: 2,11%
Mastery
	 Rating: 13086
	 Multiplicative Factor: 0%
	 Eff: 22886
	 DR Bracket: 0
	 Base: 21%
	 Effective Percent: 49,04%
----------------------
01:11,995

Intellect
	 Rating: 120295
	 Multiplicative Factor: 12,48%
	 Eff: 120295
Stamina
	 Rating: 766294
	 Multiplicative Factor: 11,3%
	 Eff: 766294
Crit
	 Rating: 10154
	 Multiplicative Factor: 0%
	 Eff: 26954
	 DR Bracket: 0
	 Base: 24%
	 Effective Percent: 38,51%
	 Crit Inc Heal: 2
	 Crit Inc Damage: 2
Haste
	 Rating: 29184
	 Multiplicative Factor: 0%
	 Eff: 27967,19999999999
	 DR Bracket: 2
	 Base: 0%
	 Effective Percent: 42,37%
Vers
	 Rating: 4252
	 Multiplicative Factor: 0%
	 Eff: 6592
	 DR Bracket: 0
	 Base: 3%
	 Effective Percent: 8,45%
Leech
	 Rating: 3746
	 Multiplicative Factor: 0%
	 Eff: 3746
	 DR Bracket: 0
	 Base: 0%
	 Effective Percent: 3,67%
Avoidance
	 Rating: 1147
	 Multiplicative Factor: 0%
	 Eff: 1147
	 DR Bracket: 0
	 Base: 0%
	 Effective Percent: 2,11%
Mastery
	 Rating: 13086
	 Multiplicative Factor: 0%
	 Eff: 22886
	 DR Bracket: 0
	 Base: 21%
	 Effective Percent: 49,04%
----------------------
01:17,001

Intellect
	 Rating: 120295
	 Multiplicative Factor: 12,48%
	 Eff: 120295
Stamina
	 Rating: 766294
	 Multiplicative Factor: 11,3%
	 Eff: 766294
Crit
	 Rating: 10154
	 Multiplicative Factor: 0%
	 Eff: 26954
	 DR Bracket: 0
	 Base: 24%
	 Effective Percent: 38,51%
	 Crit Inc Heal: 2
	 Crit Inc Damage: 2
Haste
	 Rating: 29184
	 Multiplicative Factor: 0%
	 Eff: 29846,54399999999
	 DR Bracket: 2
	 Base: 2%
	 Effective Percent: 45,22%
Vers
	 Rating: 4252
	 Multiplicative Factor: 0%
	 Eff: 6592
	 DR Bracket: 0
	 Base: 3%
	 Effective Percent: 8,45%
Leech
	 Rating: 3746
	 Multiplicative Factor: 0%
	 Eff: 3746
	 DR Bracket: 0
	 Base: 0%
	 Effective Percent: 3,67%
Avoidance
	 Rating: 1147
	 Multiplicative Factor: 0%
	 Eff: 1147
	 DR Bracket: 0
	 Base: 0%
	 Effective Percent: 2,11%
Mastery
	 Rating: 13086
	 Multiplicative Factor: 0%
	 Eff: 22886
	 DR Bracket: 0
	 Base: 21%
	 Effective Percent: 49,04%
----------------------
01:22,019

Intellect
	 Rating: 120295
	 Multiplicative Factor: 12,48%
	 Eff: 120295
Stamina
	 Rating: 766294
	 Multiplicative Factor: 11,3%
	 Eff: 766294
Crit
	 Rating: 10154
	 Multiplicative Factor: 0%
	 Eff: 16454
	 DR Bracket: 0
	 Base: 9%
	 Effective Percent: 23,51%
	 Crit Inc Heal: 2
	 Crit Inc Damage: 2
Haste
	 Rating: 29184
	 Multiplicative Factor: 0%
	 Eff: 31725,887999999988
	 DR Bracket: 2
	 Base: 4%
	 Effective Percent: 48,07%
Vers
	 Rating: 4252
	 Multiplicative Factor: 0%
	 Eff: 6592
	 DR Bracket: 0
	 Base: 3%
	 Effective Percent: 8,45%
Leech
	 Rating: 3746
	 Multiplicative Factor: 0%
	 Eff: 3746
	 DR Bracket: 0
	 Base: 0%
	 Effective Percent: 3,67%
Avoidance
	 Rating: 1147
	 Multiplicative Factor: 0%
	 Eff: 1147
	 DR Bracket: 0
	 Base: 0%
	 Effective Percent: 2,11%
Mastery
	 Rating: 13086
	 Multiplicative Factor: 0%
	 Eff: 22886
	 DR Bracket: 0
	 Base: 21%
	 Effective Percent: 49,04%
----------------------
01:27,044

Intellect
	 Rating: 120295
	 Multiplicative Factor: 12,48%
	 Eff: 120295
Stamina
	 Rating: 766294
	 Multiplicative Factor: 11,3%
	 Eff: 766294
Crit
	 Rating: 10154
	 Multiplicative Factor: 0%
	 Eff: 16454
	 DR Bracket: 0
	 Base: 9%
	 Effective Percent: 23,51%
	 Crit Inc Heal: 2
	 Crit Inc Damage: 2
Haste
	 Rating: 29184
	 Multiplicative Factor: 0%
	 Eff: 33605,23199999999
	 DR Bracket: 2
	 Base: 6%
	 Effective Percent: 50,92%
Vers
	 Rating: 4252
	 Multiplicative Factor: 0%
	 Eff: 6592
	 DR Bracket: 0
	 Base: 3%
	 Effective Percent: 8,45%
Leech
	 Rating: 3746
	 Multiplicative Factor: 0%
	 Eff: 3746
	 DR Bracket: 0
	 Base: 0%
	 Effective Percent: 3,67%
Avoidance
	 Rating: 1147
	 Multiplicative Factor: 0%
	 Eff: 1147
	 DR Bracket: 0
	 Base: 0%
	 Effective Percent: 2,11%
Mastery
	 Rating: 13086
	 Multiplicative Factor: 0%
	 Eff: 22886
	 DR Bracket: 0
	 Base: 21%
	 Effective Percent: 49,04%
----------------------
01:32,065

Intellect
	 Rating: 120295
	 Multiplicative Factor: 12,48%
	 Eff: 120295
Stamina
	 Rating: 766294
	 Multiplicative Factor: 11,3%
	 Eff: 766294
Crit
	 Rating: 10154
	 Multiplicative Factor: 0%
	 Eff: 16454
	 DR Bracket: 0
	 Base: 9%
	 Effective Percent: 23,51%
	 Crit Inc Heal: 2
	 Crit Inc Damage: 2
Haste
	 Rating: 29184
	 Multiplicative Factor: 0%
	 Eff: 35484,57599999999
	 DR Bracket: 2
	 Base: 8%
	 Effective Percent: 53,76%
Vers
	 Rating: 4252
	 Multiplicative Factor: 0%
	 Eff: 6592
	 DR Bracket: 0
	 Base: 3%
	 Effective Percent: 8,45%
Leech
	 Rating: 3746
	 Multiplicative Factor: 0%
	 Eff: 3746
	 DR Bracket: 0
	 Base: 0%
	 Effective Percent: 3,67%
Avoidance
	 Rating: 1147
	 Multiplicative Factor: 0%
	 Eff: 1147
	 DR Bracket: 0
	 Base: 0%
	 Effective Percent: 2,11%
Mastery
	 Rating: 13086
	 Multiplicative Factor: 0%
	 Eff: 22886
	 DR Bracket: 0
	 Base: 21%
	 Effective Percent: 49,04%
----------------------
01:37,085

Intellect
	 Rating: 120295
	 Multiplicative Factor: 12,48%
	 Eff: 120295
Stamina
	 Rating: 729804
	 Multiplicative Factor: 6%
	 Eff: 729803,8095238095
Crit
	 Rating: 10154
	 Multiplicative Factor: 0%
	 Eff: 16454
	 DR Bracket: 0
	 Base: 9%
	 Effective Percent: 23,51%
	 Crit Inc Heal: 2
	 Crit Inc Damage: 2
Haste
	 Rating: 29184
	 Multiplicative Factor: 0%
	 Eff: 33605,23199999999
	 DR Bracket: 2
	 Base: 6%
	 Effective Percent: 50,92%
Vers
	 Rating: 4252
	 Multiplicative Factor: 0%
	 Eff: 6592
	 DR Bracket: 0
	 Base: 3%
	 Effective Percent: 8,45%
Leech
	 Rating: 3746
	 Multiplicative Factor: 0%
	 Eff: 3746
	 DR Bracket: 0
	 Base: 0%
	 Effective Percent: 3,67%
Avoidance
	 Rating: 1147
	 Multiplicative Factor: 0%
	 Eff: 1147
	 DR Bracket: 0
	 Base: 0%
	 Effective Percent: 2,11%
Mastery
	 Rating: 13086
	 Multiplicative Factor: 0%
	 Eff: 22886
	 DR Bracket: 0
	 Base: 21%
	 Effective Percent: 49,04%
----------------------
01:42,269

Intellect
	 Rating: 120295
	 Multiplicative Factor: 12,48%
	 Eff: 120295
Stamina
	 Rating: 729804
	 Multiplicative Factor: 6%
	 Eff: 729803,8095238095
Crit
	 Rating: 10154
	 Multiplicative Factor: 0%
	 Eff: 16454
	 DR Bracket: 0
	 Base: 9%
	 Effective Percent: 23,51%
	 Crit Inc Heal: 2
	 Crit Inc Damage: 2
Haste
	 Rating: 29184
	 Multiplicative Factor: 0%
	 Eff: 29846,54399999999
	 DR Bracket: 2
	 Base: 2%
	 Effective Percent: 45,22%
Vers
	 Rating: 4252
	 Multiplicative Factor: 0%
	 Eff: 6592
	 DR Bracket: 0
	 Base: 3%
	 Effective Percent: 8,45%
Leech
	 Rating: 3746
	 Multiplicative Factor: 0%
	 Eff: 3746
	 DR Bracket: 0
	 Base: 0%
	 Effective Percent: 3,67%
Avoidance
	 Rating: 1147
	 Multiplicative Factor: 0%
	 Eff: 1147
	 DR Bracket: 0
	 Base: 0%
	 Effective Percent: 2,11%
Mastery
	 Rating: 13086
	 Multiplicative Factor: 0%
	 Eff: 22886
	 DR Bracket: 0
	 Base: 21%
	 Effective Percent: 49,04%
----------------------
01:47,283

Intellect
	 Rating: 120295
	 Multiplicative Factor: 12,48%
	 Eff: 120295
Stamina
	 Rating: 729804
	 Multiplicative Factor: 6%
	 Eff: 729803,8095238095
Crit
	 Rating: 10154
	 Multiplicative Factor: 0%
	 Eff: 16454
	 DR Bracket: 0
	 Base: 9%
	 Effective Percent: 23,51%
	 Crit Inc Heal: 2
	 Crit Inc Damage: 2
Haste
	 Rating: 29184
	 Multiplicative Factor: 0%
	 Eff: 27967,19999999999
	 DR Bracket: 2
	 Base: 0%
	 Effective Percent: 42,37%
Vers
	 Rating: 4252
	 Multiplicative Factor: 0%
	 Eff: 6592
	 DR Bracket: 0
	 Base: 3%
	 Effective Percent: 8,45%
Leech
	 Rating: 3746
	 Multiplicative Factor: 0%
	 Eff: 3746
	 DR Bracket: 0
	 Base: 0%
	 Effective Percent: 3,67%
Avoidance
	 Rating: 1147
	 Multiplicative Factor: 0%
	 Eff: 1147
	 DR Bracket: 0
	 Base: 0%
	 Effective Percent: 2,11%
Mastery
	 Rating: 13086
	 Multiplicative Factor: 0%
	 Eff: 22886
	 DR Bracket: 0
	 Base: 21%
	 Effective Percent: 49,04%
----------------------
01:52,398

Intellect
	 Rating: 120295
	 Multiplicative Factor: 12,48%
	 Eff: 120295
Stamina
	 Rating: 729804
	 Multiplicative Factor: 6%
	 Eff: 729803,8095238095
Crit
	 Rating: 10154
	 Multiplicative Factor: 0%
	 Eff: 16454
	 DR Bracket: 0
	 Base: 9%
	 Effective Percent: 23,51%
	 Crit Inc Heal: 2
	 Crit Inc Damage: 2
Haste
	 Rating: 29184
	 Multiplicative Factor: 0%
	 Eff: 31725,887999999988
	 DR Bracket: 2
	 Base: 4%
	 Effective Percent: 48,07%
Vers
	 Rating: 4252
	 Multiplicative Factor: 0%
	 Eff: 6592
	 DR Bracket: 0
	 Base: 3%
	 Effective Percent: 8,45%
Leech
	 Rating: 3746
	 Multiplicative Factor: 0%
	 Eff: 3746
	 DR Bracket: 0
	 Base: 0%
	 Effective Percent: 3,67%
Avoidance
	 Rating: 1147
	 Multiplicative Factor: 0%
	 Eff: 1147
	 DR Bracket: 0
	 Base: 0%
	 Effective Percent: 2,11%
Mastery
	 Rating: 13086
	 Multiplicative Factor: 0%
	 Eff: 22886
	 DR Bracket: 0
	 Base: 21%
	 Effective Percent: 49,04%
----------------------
01:57,478

Intellect
	 Rating: 120295
	 Multiplicative Factor: 12,48%
	 Eff: 120295
Stamina
	 Rating: 729804
	 Multiplicative Factor: 6%
	 Eff: 729803,8095238095
Crit
	 Rating: 10154
	 Multiplicative Factor: 0%
	 Eff: 26954
	 DR Bracket: 0
	 Base: 24%
	 Effective Percent: 38,51%
	 Crit Inc Heal: 2
	 Crit Inc Damage: 2
Haste
	 Rating: 29184
	 Multiplicative Factor: 0%
	 Eff: 33605,23199999999
	 DR Bracket: 2
	 Base: 6%
	 Effective Percent: 50,92%
Vers
	 Rating: 4252
	 Multiplicative Factor: 0%
	 Eff: 6592
	 DR Bracket: 0
	 Base: 3%
	 Effective Percent: 8,45%
Leech
	 Rating: 3746
	 Multiplicative Factor: 0%
	 Eff: 3746
	 DR Bracket: 0
	 Base: 0%
	 Effective Percent: 3,67%
Avoidance
	 Rating: 1147
	 Multiplicative Factor: 0%
	 Eff: 1147
	 DR Bracket: 0
	 Base: 0%
	 Effective Percent: 2,11%
Mastery
	 Rating: 13086
	 Multiplicative Factor: 0%
	 Eff: 22886
	 DR Bracket: 0
	 Base: 21%
	 Effective Percent: 49,04%
----------------------
02:02,541

Intellect
	 Rating: 120295
	 Multiplicative Factor: 12,48%
	 Eff: 120295
Stamina
	 Rating: 729804
	 Multiplicative Factor: 6%
	 Eff: 729803,8095238095
Crit
	 Rating: 10154
	 Multiplicative Factor: 0%
	 Eff: 26954
	 DR Bracket: 0
	 Base: 24%
	 Effective Percent: 38,51%
	 Crit Inc Heal: 2
	 Crit Inc Damage: 2
Haste
	 Rating: 29184
	 Multiplicative Factor: 0%
	 Eff: 59916,04799999999
	 DR Bracket: 2
	 Base: 34%
	 Effective Percent: 90,78%
Vers
	 Rating: 4252
	 Multiplicative Factor: 0%
	 Eff: 6592
	 DR Bracket: 0
	 Base: 3%
	 Effective Percent: 8,45%
Leech
	 Rating: 3746
	 Multiplicative Factor: 0%
	 Eff: 3746
	 DR Bracket: 0
	 Base: 0%
	 Effective Percent: 3,67%
Avoidance
	 Rating: 1147
	 Multiplicative Factor: 0%
	 Eff: 1147
	 DR Bracket: 0
	 Base: 0%
	 Effective Percent: 2,11%
Mastery
	 Rating: 13086
	 Multiplicative Factor: 0%
	 Eff: 22886
	 DR Bracket: 0
	 Base: 21%
	 Effective Percent: 49,04%
----------------------
02:07,556

Intellect
	 Rating: 120295
	 Multiplicative Factor: 12,48%
	 Eff: 120295
Stamina
	 Rating: 729804
	 Multiplicative Factor: 6%
	 Eff: 729803,8095238095
Crit
	 Rating: 10154
	 Multiplicative Factor: 0%
	 Eff: 16454
	 DR Bracket: 0
	 Base: 9%
	 Effective Percent: 23,51%
	 Crit Inc Heal: 2
	 Crit Inc Damage: 2
Haste
	 Rating: 29184
	 Multiplicative Factor: 0%
	 Eff: 58036,70399999998
	 DR Bracket: 2
	 Base: 32%
	 Effective Percent: 87,93%
Vers
	 Rating: 4252
	 Multiplicative Factor: 0%
	 Eff: 6592
	 DR Bracket: 0
	 Base: 3%
	 Effective Percent: 8,45%
Leech
	 Rating: 3746
	 Multiplicative Factor: 0%
	 Eff: 3746
	 DR Bracket: 0
	 Base: 0%
	 Effective Percent: 3,67%
Avoidance
	 Rating: 1147
	 Multiplicative Factor: 0%
	 Eff: 1147
	 DR Bracket: 0
	 Base: 0%
	 Effective Percent: 2,11%
Mastery
	 Rating: 13086
	 Multiplicative Factor: 0%
	 Eff: 22886
	 DR Bracket: 0
	 Base: 21%
	 Effective Percent: 49,04%
----------------------
02:12,573

Intellect
	 Rating: 120295
	 Multiplicative Factor: 12,48%
	 Eff: 120295
Stamina
	 Rating: 729804
	 Multiplicative Factor: 6%
	 Eff: 729803,8095238095
Crit
	 Rating: 10154
	 Multiplicative Factor: 0%
	 Eff: 16454
	 DR Bracket: 0
	 Base: 9%
	 Effective Percent: 23,51%
	 Crit Inc Heal: 2
	 Crit Inc Damage: 2
Haste
	 Rating: 29184
	 Multiplicative Factor: 0%
	 Eff: 58036,70399999998
	 DR Bracket: 2
	 Base: 32%
	 Effective Percent: 87,93%
Vers
	 Rating: 4252
	 Multiplicative Factor: 0%
	 Eff: 6592
	 DR Bracket: 0
	 Base: 3%
	 Effective Percent: 8,45%
Leech
	 Rating: 3746
	 Multiplicative Factor: 0%
	 Eff: 3746
	 DR Bracket: 0
	 Base: 0%
	 Effective Percent: 3,67%
Avoidance
	 Rating: 1147
	 Multiplicative Factor: 0%
	 Eff: 1147
	 DR Bracket: 0
	 Base: 0%
	 Effective Percent: 2,11%
Mastery
	 Rating: 13086
	 Multiplicative Factor: 0%
	 Eff: 22886
	 DR Bracket: 0
	 Base: 21%
	 Effective Percent: 49,04%
----------------------
02:17,604

Intellect
	 Rating: 120295
	 Multiplicative Factor: 12,48%
	 Eff: 120295
Stamina
	 Rating: 729804
	 Multiplicative Factor: 6%
	 Eff: 729803,8095238095
Crit
	 Rating: 10154
	 Multiplicative Factor: 0%
	 Eff: 16454
	 DR Bracket: 0
	 Base: 9%
	 Effective Percent: 23,51%
	 Crit Inc Heal: 2
	 Crit Inc Damage: 2
Haste
	 Rating: 29184
	 Multiplicative Factor: 0%
	 Eff: 58036,70399999998
	 DR Bracket: 2
	 Base: 32%
	 Effective Percent: 87,93%
Vers
	 Rating: 4252
	 Multiplicative Factor: 0%
	 Eff: 6592
	 DR Bracket: 0
	 Base: 3%
	 Effective Percent: 8,45%
Leech
	 Rating: 3746
	 Multiplicative Factor: 0%
	 Eff: 3746
	 DR Bracket: 0
	 Base: 0%
	 Effective Percent: 3,67%
Avoidance
	 Rating: 1147
	 Multiplicative Factor: 0%
	 Eff: 1147
	 DR Bracket: 0
	 Base: 0%
	 Effective Percent: 2,11%
Mastery
	 Rating: 13086
	 Multiplicative Factor: 0%
	 Eff: 22886
	 DR Bracket: 0
	 Base: 21%
	 Effective Percent: 49,04%
----------------------
02:22,606

Intellect
	 Rating: 120295
	 Multiplicative Factor: 12,48%
	 Eff: 120295
Stamina
	 Rating: 729804
	 Multiplicative Factor: 6%
	 Eff: 729803,8095238095
Crit
	 Rating: 10154
	 Multiplicative Factor: 0%
	 Eff: 16454
	 DR Bracket: 0
	 Base: 9%
	 Effective Percent: 23,51%
	 Crit Inc Heal: 2
	 Crit Inc Damage: 2
Haste
	 Rating: 29184
	 Multiplicative Factor: 0%
	 Eff: 58036,70399999998
	 DR Bracket: 2
	 Base: 32%
	 Effective Percent: 87,93%
Vers
	 Rating: 4252
	 Multiplicative Factor: 0%
	 Eff: 6592
	 DR Bracket: 0
	 Base: 3%
	 Effective Percent: 8,45%
Leech
	 Rating: 3746
	 Multiplicative Factor: 0%
	 Eff: 3746
	 DR Bracket: 0
	 Base: 0%
	 Effective Percent: 3,67%
Avoidance
	 Rating: 1147
	 Multiplicative Factor: 0%
	 Eff: 1147
	 DR Bracket: 0
	 Base: 0%
	 Effective Percent: 2,11%
Mastery
	 Rating: 13086
	 Multiplicative Factor: 0%
	 Eff: 22886
	 DR Bracket: 0
	 Base: 21%
	 Effective Percent: 49,04%
----------------------
02:27,670

Intellect
	 Rating: 120295
	 Multiplicative Factor: 12,48%
	 Eff: 120295
Stamina
	 Rating: 729804
	 Multiplicative Factor: 6%
	 Eff: 729803,8095238095
Crit
	 Rating: 10154
	 Multiplicative Factor: 0%
	 Eff: 16454
	 DR Bracket: 0
	 Base: 9%
	 Effective Percent: 23,51%
	 Crit Inc Heal: 2
	 Crit Inc Damage: 2
Haste
	 Rating: 29184
	 Multiplicative Factor: 0%
	 Eff: 59916,04799999999
	 DR Bracket: 2
	 Base: 34%
	 Effective Percent: 90,78%
Vers
	 Rating: 4252
	 Multiplicative Factor: 0%
	 Eff: 6592
	 DR Bracket: 0
	 Base: 3%
	 Effective Percent: 8,45%
Leech
	 Rating: 3746
	 Multiplicative Factor: 0%
	 Eff: 3746
	 DR Bracket: 0
	 Base: 0%
	 Effective Percent: 3,67%
Avoidance
	 Rating: 1147
	 Multiplicative Factor: 0%
	 Eff: 1147
	 DR Bracket: 0
	 Base: 0%
	 Effective Percent: 2,11%
Mastery
	 Rating: 13086
	 Multiplicative Factor: 0%
	 Eff: 22886
	 DR Bracket: 0
	 Base: 21%
	 Effective Percent: 49,04%
----------------------
02:32,719

Intellect
	 Rating: 120295
	 Multiplicative Factor: 12,48%
	 Eff: 120295
Stamina
	 Rating: 729804
	 Multiplicative Factor: 6%
	 Eff: 729803,8095238095
Crit
	 Rating: 10154
	 Multiplicative Factor: 0%
	 Eff: 16454
	 DR Bracket: 0
	 Base: 9%
	 Effective Percent: 23,51%
	 Crit Inc Heal: 2
	 Crit Inc Damage: 2
Haste
	 Rating: 29184
	 Multiplicative Factor: 0%
	 Eff: 59916,04799999999
	 DR Bracket: 2
	 Base: 34%
	 Effective Percent: 90,78%
Vers
	 Rating: 4252
	 Multiplicative Factor: 0%
	 Eff: 6592
	 DR Bracket: 0
	 Base: 3%
	 Effective Percent: 8,45%
Leech
	 Rating: 3746
	 Multiplicative Factor: 0%
	 Eff: 3746
	 DR Bracket: 0
	 Base: 0%
	 Effective Percent: 3,67%
Avoidance
	 Rating: 1147
	 Multiplicative Factor: 0%
	 Eff: 1147
	 DR Bracket: 0
	 Base: 0%
	 Effective Percent: 2,11%
Mastery
	 Rating: 13086
	 Multiplicative Factor: 0%
	 Eff: 22886
	 DR Bracket: 0
	 Base: 21%
	 Effective Percent: 49,04%
----------------------
02:37,752

Intellect
	 Rating: 120295
	 Multiplicative Factor: 12,48%
	 Eff: 120295
Stamina
	 Rating: 729804
	 Multiplicative Factor: 6%
	 Eff: 729803,8095238095
Crit
	 Rating: 10154
	 Multiplicative Factor: 0%
	 Eff: 16454
	 DR Bracket: 0
	 Base: 9%
	 Effective Percent: 23,51%
	 Crit Inc Heal: 2
	 Crit Inc Damage: 2
Haste
	 Rating: 29184
	 Multiplicative Factor: 0%
	 Eff: 56157,359999999986
	 DR Bracket: 2
	 Base: 30%
	 Effective Percent: 85,09%
Vers
	 Rating: 4252
	 Multiplicative Factor: 0%
	 Eff: 6592
	 DR Bracket: 0
	 Base: 3%
	 Effective Percent: 8,45%
Leech
	 Rating: 3746
	 Multiplicative Factor: 0%
	 Eff: 3746
	 DR Bracket: 0
	 Base: 0%
	 Effective Percent: 3,67%
Avoidance
	 Rating: 1147
	 Multiplicative Factor: 0%
	 Eff: 1147
	 DR Bracket: 0
	 Base: 0%
	 Effective Percent: 2,11%
Mastery
	 Rating: 13086
	 Multiplicative Factor: 0%
	 Eff: 22886
	 DR Bracket: 0
	 Base: 21%
	 Effective Percent: 49,04%
----------------------
02:42,756

Intellect
	 Rating: 120295
	 Multiplicative Factor: 12,48%
	 Eff: 120295
Stamina
	 Rating: 729804
	 Multiplicative Factor: 6%
	 Eff: 729803,8095238095
Crit
	 Rating: 10154
	 Multiplicative Factor: 0%
	 Eff: 26954
	 DR Bracket: 0
	 Base: 24%
	 Effective Percent: 38,51%
	 Crit Inc Heal: 2
	 Crit Inc Damage: 2
Haste
	 Rating: 29184
	 Multiplicative Factor: 0%
	 Eff: 29846,54399999999
	 DR Bracket: 2
	 Base: 2%
	 Effective Percent: 45,22%
Vers
	 Rating: 4252
	 Multiplicative Factor: 0%
	 Eff: 6592
	 DR Bracket: 0
	 Base: 3%
	 Effective Percent: 8,45%
Leech
	 Rating: 3746
	 Multiplicative Factor: 0%
	 Eff: 3746
	 DR Bracket: 0
	 Base: 0%
	 Effective Percent: 3,67%
Avoidance
	 Rating: 1147
	 Multiplicative Factor: 0%
	 Eff: 1147
	 DR Bracket: 0
	 Base: 0%
	 Effective Percent: 2,11%
Mastery
	 Rating: 13086
	 Multiplicative Factor: 0%
	 Eff: 22886
	 DR Bracket: 0
	 Base: 21%
	 Effective Percent: 49,04%
----------------------
02:47,896

Intellect
	 Rating: 120295
	 Multiplicative Factor: 12,48%
	 Eff: 120295
Stamina
	 Rating: 729804
	 Multiplicative Factor: 6%
	 Eff: 729803,8095238095
Crit
	 Rating: 10154
	 Multiplicative Factor: 0%
	 Eff: 26954
	 DR Bracket: 0
	 Base: 24%
	 Effective Percent: 38,51%
	 Crit Inc Heal: 2
	 Crit Inc Damage: 2
Haste
	 Rating: 29184
	 Multiplicative Factor: 0%
	 Eff: 29846,54399999999
	 DR Bracket: 2
	 Base: 2%
	 Effective Percent: 45,22%
Vers
	 Rating: 4252
	 Multiplicative Factor: 0%
	 Eff: 6592
	 DR Bracket: 0
	 Base: 3%
	 Effective Percent: 8,45%
Leech
	 Rating: 3746
	 Multiplicative Factor: 0%
	 Eff: 3746
	 DR Bracket: 0
	 Base: 0%
	 Effective Percent: 3,67%
Avoidance
	 Rating: 1147
	 Multiplicative Factor: 0%
	 Eff: 1147
	 DR Bracket: 0
	 Base: 0%
	 Effective Percent: 2,11%
Mastery
	 Rating: 13086
	 Multiplicative Factor: 0%
	 Eff: 22886
	 DR Bracket: 0
	 Base: 21%
	 Effective Percent: 49,04%
----------------------
02:52,975

Intellect
	 Rating: 120295
	 Multiplicative Factor: 12,48%
	 Eff: 120295
Stamina
	 Rating: 729804
	 Multiplicative Factor: 6%
	 Eff: 729803,8095238095
Crit
	 Rating: 10154
	 Multiplicative Factor: 0%
	 Eff: 16454
	 DR Bracket: 0
	 Base: 9%
	 Effective Percent: 23,51%
	 Crit Inc Heal: 2
	 Crit Inc Damage: 2
Haste
	 Rating: 29184
	 Multiplicative Factor: 0%
	 Eff: 29846,54399999999
	 DR Bracket: 2
	 Base: 2%
	 Effective Percent: 45,22%
Vers
	 Rating: 4252
	 Multiplicative Factor: 0%
	 Eff: 6592
	 DR Bracket: 0
	 Base: 3%
	 Effective Percent: 8,45%
Leech
	 Rating: 3746
	 Multiplicative Factor: 0%
	 Eff: 3746
	 DR Bracket: 0
	 Base: 0%
	 Effective Percent: 3,67%
Avoidance
	 Rating: 1147
	 Multiplicative Factor: 0%
	 Eff: 1147
	 DR Bracket: 0
	 Base: 0%
	 Effective Percent: 2,11%
Mastery
	 Rating: 13086
	 Multiplicative Factor: 0%
	 Eff: 22886
	 DR Bracket: 0
	 Base: 21%
	 Effective Percent: 49,04%
----------------------
02:58,013

Intellect
	 Rating: 120295
	 Multiplicative Factor: 12,48%
	 Eff: 120295
Stamina
	 Rating: 729804
	 Multiplicative Factor: 6%
	 Eff: 729803,8095238095
Crit
	 Rating: 10154
	 Multiplicative Factor: 0%
	 Eff: 26954
	 DR Bracket: 0
	 Base: 24%
	 Effective Percent: 38,51%
	 Crit Inc Heal: 2
	 Crit Inc Damage: 2
Haste
	 Rating: 29184
	 Multiplicative Factor: 0%
	 Eff: 41122,60799999999
	 DR Bracket: 2
	 Base: 14%
	 Effective Percent: 62,31%
Vers
	 Rating: 4252
	 Multiplicative Factor: 0%
	 Eff: 6592
	 DR Bracket: 0
	 Base: 3%
	 Effective Percent: 8,45%
Leech
	 Rating: 3746
	 Multiplicative Factor: 0%
	 Eff: 3746
	 DR Bracket: 0
	 Base: 0%
	 Effective Percent: 3,67%
Avoidance
	 Rating: 1147
	 Multiplicative Factor: 0%
	 Eff: 1147
	 DR Bracket: 0
	 Base: 0%
	 Effective Percent: 2,11%
Mastery
	 Rating: 13086
	 Multiplicative Factor: 0%
	 Eff: 22886
	 DR Bracket: 0
	 Base: 21%
	 Effective Percent: 49,04%
----------------------
03:03,033

Intellect
	 Rating: 120295
	 Multiplicative Factor: 12,48%
	 Eff: 120295
Stamina
	 Rating: 729804
	 Multiplicative Factor: 6%
	 Eff: 729803,8095238095
Crit
	 Rating: 10154
	 Multiplicative Factor: 0%
	 Eff: 26954
	 DR Bracket: 0
	 Base: 24%
	 Effective Percent: 38,51%
	 Crit Inc Heal: 2
	 Crit Inc Damage: 2
Haste
	 Rating: 29184
	 Multiplicative Factor: 0%
	 Eff: 41122,60799999999
	 DR Bracket: 2
	 Base: 14%
	 Effective Percent: 62,31%
Vers
	 Rating: 4252
	 Multiplicative Factor: 0%
	 Eff: 6592
	 DR Bracket: 0
	 Base: 3%
	 Effective Percent: 8,45%
Leech
	 Rating: 3746
	 Multiplicative Factor: 0%
	 Eff: 3746
	 DR Bracket: 0
	 Base: 0%
	 Effective Percent: 3,67%
Avoidance
	 Rating: 1147
	 Multiplicative Factor: 0%
	 Eff: 1147
	 DR Bracket: 0
	 Base: 0%
	 Effective Percent: 2,11%
Mastery
	 Rating: 13086
	 Multiplicative Factor: 0%
	 Eff: 22886
	 DR Bracket: 0
	 Base: 21%
	 Effective Percent: 49,04%
----------------------
03:08,043

Intellect
	 Rating: 120295
	 Multiplicative Factor: 12,48%
	 Eff: 120295
Stamina
	 Rating: 729804
	 Multiplicative Factor: 6%
	 Eff: 729803,8095238095
Crit
	 Rating: 10154
	 Multiplicative Factor: 0%
	 Eff: 26954
	 DR Bracket: 0
	 Base: 24%
	 Effective Percent: 38,51%
	 Crit Inc Heal: 2
	 Crit Inc Damage: 2
Haste
	 Rating: 29184
	 Multiplicative Factor: 0%
	 Eff: 31725,887999999988
	 DR Bracket: 2
	 Base: 4%
	 Effective Percent: 48,07%
Vers
	 Rating: 4252
	 Multiplicative Factor: 0%
	 Eff: 6592
	 DR Bracket: 0
	 Base: 3%
	 Effective Percent: 8,45%
Leech
	 Rating: 3746
	 Multiplicative Factor: 0%
	 Eff: 3746
	 DR Bracket: 0
	 Base: 0%
	 Effective Percent: 3,67%
Avoidance
	 Rating: 1147
	 Multiplicative Factor: 0%
	 Eff: 1147
	 DR Bracket: 0
	 Base: 0%
	 Effective Percent: 2,11%
Mastery
	 Rating: 13086
	 Multiplicative Factor: 0%
	 Eff: 22886
	 DR Bracket: 0
	 Base: 21%
	 Effective Percent: 49,04%
----------------------
03:13,076

Intellect
	 Rating: 120295
	 Multiplicative Factor: 12,48%
	 Eff: 120295
Stamina
	 Rating: 729804
	 Multiplicative Factor: 6%
	 Eff: 729803,8095238095
Crit
	 Rating: 10154
	 Multiplicative Factor: 0%
	 Eff: 26954
	 DR Bracket: 0
	 Base: 24%
	 Effective Percent: 38,51%
	 Crit Inc Heal: 2
	 Crit Inc Damage: 2
Haste
	 Rating: 29184
	 Multiplicative Factor: 0%
	 Eff: 27967,19999999999
	 DR Bracket: 2
	 Base: 0%
	 Effective Percent: 42,37%
Vers
	 Rating: 4252
	 Multiplicative Factor: 0%
	 Eff: 6592
	 DR Bracket: 0
	 Base: 3%
	 Effective Percent: 8,45%
Leech
	 Rating: 3746
	 Multiplicative Factor: 0%
	 Eff: 3746
	 DR Bracket: 0
	 Base: 0%
	 Effective Percent: 3,67%
Avoidance
	 Rating: 1147
	 Multiplicative Factor: 0%
	 Eff: 1147
	 DR Bracket: 0
	 Base: 0%
	 Effective Percent: 2,11%
Mastery
	 Rating: 13086
	 Multiplicative Factor: 0%
	 Eff: 22886
	 DR Bracket: 0
	 Base: 21%
	 Effective Percent: 49,04%
