-----------
A Just Reward
-----------
Avenging Crusader
-----------
Avenging Wrath
-----------
Aura Mastery
-----------
Barrier of Faith
-----------
Beacon of Faith
-----------
Beacon of Light
	Eff: 418,6454587737194
-----------
Beacon of Virtue
-----------
Bestow Light
-----------
Blessing of Freedom
-----------
Blessing of Protection
-----------
Blinding Light
-----------
Cleanse
-----------
Consecration
-----------
Consecration Aura
-----------
Crusader Strike
-----------
Dawnlight
	Eff: 1656,4689871902847
-----------
Divine Shield
-----------
DivineGuidance
-----------
Divine Toll
-----------
Eternal Flame
	Eff: 501,8698481214188
-----------
Eye for an Eye
-----------
Flash of Light
	Eff: 628,4000021736647
-----------
Forge's Reckoning
-----------
Golden Path
-----------
Greater Judgment
	Eff: 43,37746817498555
-----------
Hammer and Anvil
-----------
Hammer of Justice
-----------
Hammer of Wrath
-----------
Holy Light
-----------
Holy Prism
	Eff: 312,98163202418476
	Dmg: 106,70594285707921
-----------
Holy Ritual
	Eff: 12,504214285698254
-----------
Holy Shock
	Eff: 1193,4771542641618
-----------
Intercession
-----------
Judgment
	Dmg: 54,807621427520644
-----------
Judgment of Light
	Eff: 25,33862352465985
-----------
Lay on Hands
-----------
Lesser Weapon
-----------
Light of Dawn
	Eff: 1329,0732661373315
-----------
Light of the Martyr
-----------
Merciful Auras
	Eff: 191,28444285727574
-----------
Overflowing Light
	Eff: 227,3620717708177
-----------
Pillar of Lights (Passive)
-----------
Pillar of Lights
-----------
Radiant Aura
-----------
Repentance
-----------
Resplendent Light
-----------
Rite of Adjuration
-----------
Sacred Word
-----------
Sacred Weapon
-----------
Saved by the Light
-----------
Seal of the Crusader
-----------
Selfless Healer
	Eff: 72,94213033736014
-----------
Shield of the Righteous
-----------
Shining Righteousness
-----------
Sun's Avatar
	Eff: 396,1713951617996
	Dmg: 1,5026142857132072
-----------
Sun Sear
	Eff: 1891,7716132773178
-----------
Truth Prevails
-----------
Turn Evil
-----------
Tyr's Deliverance
-----------
Veneration
-----------
Word of Glory
-----------
Leech
	Eff: 511,0649575737334
-----------
Blessing of Summer
-----------
Holy Bulwark
-----------
ZeroCIMDummy
-----------
Lightforged Blessing
-----------
Melee
	Dmg: 21,860149999760324
-----------
Lightbearer
-----------
Ethereal Reconstitution
	Eff: 34,707437998807045
-----------
Ethereal Guard
	Eff: 678,6251822462
-----------
Shattered Soul's Embrace
-----------
Authority of Fiery Resolve
-----------
Voidglass Barrier
-----------
Barrier of the Oathsworn
-----------
Spirit Link
-----------
Earthen Wall
-----------
Divine Protection
