-----------
A Just Reward
-----------
Avenging Crusader
-----------
Avenging Wrath
-----------
Aura Mastery
-----------
Barrier of Faith
-----------
Beacon of Faith
-----------
Beacon of Light
	Eff: 255,17394611274176
-----------
Beacon of Virtue
-----------
Bestow Light
-----------
Blessing of Freedom
-----------
Blessing of Protection
-----------
Blinding Light
-----------
Cleanse
-----------
Consecration
-----------
Consecration Aura
-----------
Crusader Strike
-----------
Dawnlight
	Eff: 1108,10432575354
-----------
Divine Shield
-----------
DivineGuidance
-----------
Divine Toll
-----------
Eternal Flame
	Eff: 505,12760319052677
-----------
Eye for an Eye
-----------
Flash of Light
	Eff: 495,0329512813987
-----------
Forge's Reckoning
-----------
Golden Path
-----------
Greater Judgment
	Eff: 43,42590608461251
-----------
Hammer and Anvil
-----------
Hammer of Justice
-----------
Hammer of Wrath
-----------
Holy Light
-----------
Holy Prism
-----------
Holy Ritual
-----------
Holy Shock
	Eff: 571,0756285330644
-----------
Intercession
-----------
Judgment
	Dmg: 89,71878880122676
-----------
Judgment of Light
	Eff: 27,544247215895666
-----------
Lay on Hands
-----------
Lesser Weapon
-----------
Light of Dawn
	Eff: 1072,6705217753442
-----------
Light of the Martyr
-----------
Merciful Auras
-----------
Overflowing Light
	Eff: 102,743055912219
-----------
Pillar of Lights (Passive)
-----------
Pillar of Lights
-----------
Radiant Aura
-----------
Repentance
-----------
Resplendent Light
-----------
Rite of Adjuration
-----------
Sacred Word
-----------
Sacred Weapon
-----------
Saved by the Light
-----------
Seal of the Crusader
-----------
Selfless Healer
	Eff: 58,25628902787139
-----------
Shield of the Righteous
-----------
Shining Righteousness
-----------
Sun's Avatar
	Eff: 49,91062638734297
	Dmg: 0,13780636743831565
-----------
Sun Sear
	Eff: 659,5672159180834
-----------
Truth Prevails
-----------
Turn Evil
-----------
Tyr's Deliverance
-----------
Veneration
-----------
Word of Glory
-----------
Leech
	Eff: 281,41538920394396
-----------
Blessing of Summer
-----------
Holy Bulwark
-----------
ZeroCIMDummy
-----------
Lightforged Blessing
-----------
Melee
	Dmg: 15,265888522655587
-----------
Lightbearer
-----------
Ethereal Reconstitution
	Eff: 176,44722839310998
-----------
Ethereal Guard
	Eff: 521,2814088262912
-----------
Shattered Soul's Embrace
-----------
Authority of Fiery Resolve
-----------
Voidglass Barrier
-----------
Barrier of the Oathsworn
-----------
Spirit Link
-----------
Earthen Wall
-----------
Divine Protection
