-----------
A Just Reward
-----------
Avenging Crusader
-----------
Avenging Wrath
-----------
Aura Mastery
-----------
Barrier of Faith
-----------
Beacon of Faith
-----------
Beacon of Light
	Eff: 370,9403294865417
-----------
Beacon of Virtue
-----------
Bestow Light
-----------
Blessing of Freedom
-----------
Blessing of Protection
-----------
Blinding Light
-----------
Cleanse
-----------
Consecration
-----------
Consecration Aura
-----------
Crusader Strike
-----------
Dawnlight
	Eff: 1216,9682165609254
-----------
Divine Shield
-----------
DivineGuidance
-----------
Divine Toll
-----------
Eternal Flame
	Eff: 560,1503581256206
-----------
Eye for an Eye
-----------
Flash of Light
	Eff: 419,129932464748
-----------
Forge's Reckoning
-----------
Golden Path
-----------
Greater Judgment
	Eff: 36,76744555559344
-----------
Hammer and Anvil
-----------
Hammer of Justice
-----------
Hammer of Wrath
-----------
Holy Light
-----------
Holy Prism
	Eff: 310,5178166328551
	Dmg: 69,83914826239925
-----------
Holy Ritual
	Eff: 8,18402098347724
-----------
Holy Shock
	Eff: 1082,5697330125695
-----------
Intercession
-----------
Judgment
	Dmg: 75,96227643778548
-----------
Judgment of Light
	Eff: 23,32090913443608
-----------
Lay on Hands
-----------
Lesser Weapon
-----------
Light of Dawn
	Eff: 1292,4367280759598
-----------
Light of the Martyr
-----------
Merciful Auras
	Eff: 160,1215890821013
-----------
Overflowing Light
	Eff: 194,76671223607354
-----------
Pillar of Lights (Passive)
	Eff: 27,1624000117954
-----------
Pillar of Lights
-----------
Radiant Aura
-----------
Repentance
-----------
Resplendent Light
-----------
Rite of Adjuration
-----------
Sacred Word
-----------
Sacred Weapon
-----------
Saved by the Light
	Eff: 143,04463836189825
-----------
Seal of the Crusader
-----------
Selfless Healer
	Eff: 49,32389737350604
-----------
Shield of the Righteous
-----------
Shining Righteousness
-----------
Sun's Avatar
	Eff: 356,18987944361925
	Dmg: 0,9834625801595394
-----------
Sun Sear
	Eff: 400,0782960692282
-----------
Truth Prevails
-----------
Turn Evil
-----------
Tyr's Deliverance
-----------
Veneration
-----------
Word of Glory
-----------
Leech
	Eff: 351,08929606183165
-----------
Blessing of Summer
-----------
Holy Bulwark
-----------
ZeroCIMDummy
-----------
Lightforged Blessing
-----------
Melee
	Dmg: -2,3283064365386963E-10
-----------
Lightbearer
-----------
Ethereal Reconstitution
	Eff: -2,4301698431372643E-09
-----------
Ethereal Guard
	Eff: -8,904407877707854E-09
-----------
Shattered Soul's Embrace
-----------
Authority of Fiery Resolve
-----------
Voidglass Barrier
-----------
Barrier of the Oathsworn
-----------
Spirit Link
-----------
Earthen Wall
-----------
Divine Protection
