-----------
A Just Reward
-----------
Avenging Crusader
-----------
Avenging Wrath
-----------
Aura Mastery
-----------
Barrier of Faith
-----------
Beacon of Faith
-----------
Beacon of Light
-----------
Beacon of Virtue
-----------
Bestow Light
-----------
Blessing of Freedom
-----------
Blessing of Protection
-----------
Blinding Light
-----------
Cleanse
-----------
Consecration
-----------
Consecration Aura
-----------
Crusader Strike
-----------
Dawnlight
	Eff: -1,1965141766268061E-08
-----------
Divine Shield
-----------
DivineGuidance
-----------
Divine Toll
-----------
Eternal Flame
	Eff: -8,564029485569336E-09
-----------
Eye for an Eye
-----------
Flash of Light
	Eff: -6,5847416408360004E-09
-----------
Forge's Reckoning
-----------
Golden Path
-----------
Greater Judgment
	Eff: -6,275513442233205E-10
-----------
Hammer and Anvil
-----------
Hammer of Justice
-----------
Hammer of Wrath
-----------
Holy Light
-----------
Holy Prism
-----------
Holy Ritual
-----------
Holy Shock
	Eff: -5,238689482212067E-10
-----------
Intercession
-----------
Judgment
	Dmg: -1,1641532182693481E-09
-----------
Judgment of Light
	Eff: -3,8198777474462986E-10
-----------
Lay on Hands
-----------
Lesser Weapon
-----------
Light of Dawn
	Eff: -1,6045305528678E-08
-----------
Light of the Martyr
-----------
Merciful Auras
-----------
Overflowing Light
-----------
Pillar of Lights (Passive)
-----------
Pillar of Lights
-----------
Radiant Aura
-----------
Repentance
-----------
Resplendent Light
-----------
Rite of Adjuration
-----------
Sacred Word
-----------
Sacred Weapon
-----------
Saved by the Light
-----------
Seal of the Crusader
-----------
Selfless Healer
	Eff: -1,1132215149700642E-09
-----------
Shield of the Righteous
-----------
Shining Righteousness
-----------
Sun's Avatar
-----------
Sun Sear
	Eff: -9,772321618584101E-09
-----------
Truth Prevails
-----------
Turn Evil
-----------
Tyr's Deliverance
-----------
Veneration
-----------
Word of Glory
-----------
Leech
	Eff: 7386,543513080548
-----------
Blessing of Summer
-----------
Holy Bulwark
-----------
ZeroCIMDummy
-----------
Lightforged Blessing
-----------
Melee
	Dmg: -2,3283064365386963E-10
-----------
Lightbearer
-----------
Ethereal Reconstitution
	Eff: -2,4301698431372643E-09
-----------
Ethereal Guard
	Eff: -8,904407877707854E-09
-----------
Shattered Soul's Embrace
-----------
Authority of Fiery Resolve
-----------
Voidglass Barrier
-----------
Barrier of the Oathsworn
-----------
Spirit Link
-----------
Earthen Wall
-----------
Divine Protection
