-----------
A Just Reward
-----------
Avenging Crusader
-----------
Avenging Wrath
-----------
Aura Mastery
-----------
Barrier of Faith
-----------
Beacon of Faith
-----------
Beacon of Light
	Eff: 535,3759193444191
-----------
Beacon of Virtue
-----------
Bestow Light
-----------
Blessing of Freedom
-----------
Blessing of Protection
-----------
Blinding Light
-----------
Cleanse
-----------
Consecration
-----------
Consecration Aura
-----------
Crusader Strike
-----------
Dawnlight
	Eff: 1665,752326183563
-----------
Divine Shield
-----------
DivineGuidance
-----------
Divine Toll
-----------
Eternal Flame
	Eff: 773,9250003946581
-----------
Eye for an Eye
-----------
Flash of Light
	Eff: 587,8866052871817
-----------
Forge's Reckoning
-----------
Golden Path
-----------
Greater Judgment
	Eff: -6,275513442233205E-10
-----------
Hammer and Anvil
-----------
Hammer of Justice
-----------
Hammer of Wrath
-----------
Holy Light
-----------
Holy Prism
	Eff: 453,2507713203522
-----------
Holy Ritual
	Eff: 9,583118864429707
-----------
Holy Shock
	Eff: 1437,1563560879804
-----------
Intercession
-----------
Judgment
	Dmg: -1,1641532182693481E-09
-----------
Judgment of Light
	Eff: 33,66793286421671
-----------
Lay on Hands
-----------
Lesser Weapon
-----------
Light of Dawn
	Eff: 1886,4502896879585
-----------
Light of the Martyr
-----------
Merciful Auras
	Eff: 239,7452633337134
-----------
Overflowing Light
	Eff: 276,98317050751666
-----------
Pillar of Lights (Passive)
-----------
Pillar of Lights
-----------
Radiant Aura
-----------
Repentance
-----------
Resplendent Light
-----------
Rite of Adjuration
-----------
Sacred Word
-----------
Sacred Weapon
-----------
Saved by the Light
-----------
Seal of the Crusader
-----------
Selfless Healer
	Eff: 68,62946223872132
-----------
Shield of the Righteous
-----------
Shining Righteousness
-----------
Sun's Avatar
	Eff: 531,9913658694245
-----------
Sun Sear
	Eff: 571,9563046227732
-----------
Truth Prevails
-----------
Turn Evil
-----------
Tyr's Deliverance
-----------
Veneration
-----------
Word of Glory
-----------
Leech
	Eff: 477,0230480445707
-----------
Blessing of Summer
-----------
Holy Bulwark
-----------
ZeroCIMDummy
-----------
Lightforged Blessing
-----------
Melee
	Dmg: -2,3283064365386963E-10
-----------
Lightbearer
-----------
Ethereal Reconstitution
	Eff: -2,4301698431372643E-09
-----------
Ethereal Guard
	Eff: -8,904407877707854E-09
-----------
Shattered Soul's Embrace
-----------
Authority of Fiery Resolve
-----------
Voidglass Barrier
-----------
Barrier of the Oathsworn
-----------
Spirit Link
-----------
Earthen Wall
-----------
Divine Protection
