----------------------
00:05,006

Intellect
	 Rating: 120295
	 Multiplicative Factor: 12,48%
	 Eff: 120295
Stamina
	 Rating: 766294
	 Multiplicative Factor: 11,3%
	 Eff: 766294
Crit
	 Rating: 10154
	 Multiplicative Factor: 0%
	 Eff: 16454
	 DR Bracket: 0
	 Base: 9%
	 Effective Percent: 23,51%
	 Crit Inc Heal: 2
	 Crit Inc Damage: 2
Haste
	 Rating: 29184
	 Multiplicative Factor: 0%
	 Eff: 29846,544
	 DR Bracket: 2
	 Base: 2%
	 Effective Percent: 45,22%
Vers
	 Rating: 4252
	 Multiplicative Factor: 0%
	 Eff: 6592
	 DR Bracket: 0
	 Base: 3%
	 Effective Percent: 8,45%
Leech
	 Rating: 3746
	 Multiplicative Factor: 0%
	 Eff: 3746
	 DR Bracket: 0
	 Base: 0%
	 Effective Percent: 3,67%
Avoidance
	 Rating: 1146
	 Multiplicative Factor: 0%
	 Eff: 1146
	 DR Bracket: 0
	 Base: 0%
	 Effective Percent: 2,11%
Mastery
	 Rating: 13086
	 Multiplicative Factor: 0%
	 Eff: 22886
	 DR Bracket: 0
	 Base: 21%
	 Effective Percent: 49,04%
----------------------
00:07,139

Intellect
	 Rating: 120295
	 Multiplicative Factor: 12,48%
	 Eff: 120295
Stamina
	 Rating: 766294
	 Multiplicative Factor: 11,3%
	 Eff: 766294
Crit
	 Rating: 10154
	 Multiplicative Factor: 0%
	 Eff: 16454
	 DR Bracket: 0
	 Base: 9%
	 Effective Percent: 23,51%
	 Crit Inc Heal: 2
	 Crit Inc Damage: 2
Haste
	 Rating: 29184
	 Multiplicative Factor: 0%
	 Eff: 31725,888
	 DR Bracket: 2
	 Base: 4%
	 Effective Percent: 48,07%
Vers
	 Rating: 4252
	 Multiplicative Factor: 0%
	 Eff: 6592
	 DR Bracket: 0
	 Base: 3%
	 Effective Percent: 8,45%
Leech
	 Rating: 3746
	 Multiplicative Factor: 0%
	 Eff: 3746
	 DR Bracket: 0
	 Base: 0%
	 Effective Percent: 3,67%
Avoidance
	 Rating: 1146
	 Multiplicative Factor: 0%
	 Eff: 1146
	 DR Bracket: 0
	 Base: 0%
	 Effective Percent: 2,11%
Mastery
	 Rating: 13086
	 Multiplicative Factor: 0%
	 Eff: 22886
	 DR Bracket: 0
	 Base: 21%
	 Effective Percent: 49,04%
----------------------
00:17,024

Intellect
	 Rating: 120295
	 Multiplicative Factor: 12,48%
	 Eff: 120295
Stamina
	 Rating: 766294
	 Multiplicative Factor: 11,3%
	 Eff: 766294
Crit
	 Rating: 10154
	 Multiplicative Factor: 0%
	 Eff: 16454
	 DR Bracket: 0
	 Base: 9%
	 Effective Percent: 23,51%
	 Crit Inc Heal: 2
	 Crit Inc Damage: 2
Haste
	 Rating: 29184
	 Multiplicative Factor: 0%
	 Eff: 29846,544
	 DR Bracket: 2
	 Base: 2%
	 Effective Percent: 45,22%
Vers
	 Rating: 4252
	 Multiplicative Factor: 0%
	 Eff: 6592
	 DR Bracket: 0
	 Base: 3%
	 Effective Percent: 8,45%
Leech
	 Rating: 3746
	 Multiplicative Factor: 0%
	 Eff: 3746
	 DR Bracket: 0
	 Base: 0%
	 Effective Percent: 3,67%
Avoidance
	 Rating: 1146
	 Multiplicative Factor: 0%
	 Eff: 1146
	 DR Bracket: 0
	 Base: 0%
	 Effective Percent: 2,11%
Mastery
	 Rating: 13086
	 Multiplicative Factor: 0%
	 Eff: 22886
	 DR Bracket: 0
	 Base: 21%
	 Effective Percent: 49,04%
----------------------
00:19,122

Intellect
	 Rating: 120295
	 Multiplicative Factor: 12,48%
	 Eff: 120295
Stamina
	 Rating: 766294
	 Multiplicative Factor: 11,3%
	 Eff: 766294
Crit
	 Rating: 10154
	 Multiplicative Factor: 0%
	 Eff: 16454
	 DR Bracket: 0
	 Base: 9%
	 Effective Percent: 23,51%
	 Crit Inc Heal: 2
	 Crit Inc Damage: 2
Haste
	 Rating: 29184
	 Multiplicative Factor: 0%
	 Eff: 27967,2
	 DR Bracket: 2
	 Base: 0%
	 Effective Percent: 42,37%
Vers
	 Rating: 4252
	 Multiplicative Factor: 0%
	 Eff: 6592
	 DR Bracket: 0
	 Base: 3%
	 Effective Percent: 8,45%
Leech
	 Rating: 3746
	 Multiplicative Factor: 0%
	 Eff: 3746
	 DR Bracket: 0
	 Base: 0%
	 Effective Percent: 3,67%
Avoidance
	 Rating: 1146
	 Multiplicative Factor: 0%
	 Eff: 1146
	 DR Bracket: 0
	 Base: 0%
	 Effective Percent: 2,11%
Mastery
	 Rating: 13086
	 Multiplicative Factor: 0%
	 Eff: 22886
	 DR Bracket: 0
	 Base: 21%
	 Effective Percent: 49,04%
----------------------
00:40,076

Intellect
	 Rating: 120295
	 Multiplicative Factor: 12,48%
	 Eff: 120295
Stamina
	 Rating: 766294
	 Multiplicative Factor: 11,3%
	 Eff: 766294
Crit
	 Rating: 10154
	 Multiplicative Factor: 0%
	 Eff: 16454
	 DR Bracket: 0
	 Base: 9%
	 Effective Percent: 23,51%
	 Crit Inc Heal: 2
	 Crit Inc Damage: 2
Haste
	 Rating: 29184
	 Multiplicative Factor: 0%
	 Eff: 29846,544
	 DR Bracket: 2
	 Base: 2%
	 Effective Percent: 45,22%
Vers
	 Rating: 4252
	 Multiplicative Factor: 0%
	 Eff: 6592
	 DR Bracket: 0
	 Base: 3%
	 Effective Percent: 8,45%
Leech
	 Rating: 3746
	 Multiplicative Factor: 0%
	 Eff: 3746
	 DR Bracket: 0
	 Base: 0%
	 Effective Percent: 3,67%
Avoidance
	 Rating: 1146
	 Multiplicative Factor: 0%
	 Eff: 1146
	 DR Bracket: 0
	 Base: 0%
	 Effective Percent: 2,11%
Mastery
	 Rating: 13086
	 Multiplicative Factor: 0%
	 Eff: 22886
	 DR Bracket: 0
	 Base: 21%
	 Effective Percent: 49,04%
----------------------
00:44,417

Intellect
	 Rating: 120295
	 Multiplicative Factor: 12,48%
	 Eff: 120295
Stamina
	 Rating: 766294
	 Multiplicative Factor: 11,3%
	 Eff: 766294
Crit
	 Rating: 10154
	 Multiplicative Factor: 0%
	 Eff: 16454
	 DR Bracket: 0
	 Base: 9%
	 Effective Percent: 23,51%
	 Crit Inc Heal: 2
	 Crit Inc Damage: 2
Haste
	 Rating: 29184
	 Multiplicative Factor: 0%
	 Eff: 31725,888
	 DR Bracket: 2
	 Base: 4%
	 Effective Percent: 48,07%
Vers
	 Rating: 4252
	 Multiplicative Factor: 0%
	 Eff: 6592
	 DR Bracket: 0
	 Base: 3%
	 Effective Percent: 8,45%
Leech
	 Rating: 3746
	 Multiplicative Factor: 0%
	 Eff: 3746
	 DR Bracket: 0
	 Base: 0%
	 Effective Percent: 3,67%
Avoidance
	 Rating: 1146
	 Multiplicative Factor: 0%
	 Eff: 1146
	 DR Bracket: 0
	 Base: 0%
	 Effective Percent: 2,11%
Mastery
	 Rating: 13086
	 Multiplicative Factor: 0%
	 Eff: 22886
	 DR Bracket: 0
	 Base: 21%
	 Effective Percent: 49,04%
----------------------
00:48,444

Intellect
	 Rating: 120295
	 Multiplicative Factor: 12,48%
	 Eff: 120295
Stamina
	 Rating: 766294
	 Multiplicative Factor: 11,3%
	 Eff: 766294
Crit
	 Rating: 10154
	 Multiplicative Factor: 0%
	 Eff: 26954
	 DR Bracket: 0
	 Base: 24%
	 Effective Percent: 38,51%
	 Crit Inc Heal: 2
	 Crit Inc Damage: 2
Haste
	 Rating: 29184
	 Multiplicative Factor: 0%
	 Eff: 31725,888
	 DR Bracket: 2
	 Base: 4%
	 Effective Percent: 48,07%
Vers
	 Rating: 4252
	 Multiplicative Factor: 0%
	 Eff: 6592
	 DR Bracket: 0
	 Base: 3%
	 Effective Percent: 8,45%
Leech
	 Rating: 3746
	 Multiplicative Factor: 0%
	 Eff: 3746
	 DR Bracket: 0
	 Base: 0%
	 Effective Percent: 3,67%
Avoidance
	 Rating: 1146
	 Multiplicative Factor: 0%
	 Eff: 1146
	 DR Bracket: 0
	 Base: 0%
	 Effective Percent: 2,11%
Mastery
	 Rating: 13086
	 Multiplicative Factor: 0%
	 Eff: 22886
	 DR Bracket: 0
	 Base: 21%
	 Effective Percent: 49,04%
----------------------
00:48,492

Intellect
	 Rating: 120295
	 Multiplicative Factor: 12,48%
	 Eff: 120295
Stamina
	 Rating: 766294
	 Multiplicative Factor: 11,3%
	 Eff: 766294
Crit
	 Rating: 10154
	 Multiplicative Factor: 0%
	 Eff: 26954
	 DR Bracket: 0
	 Base: 24%
	 Effective Percent: 38,51%
	 Crit Inc Heal: 2
	 Crit Inc Damage: 2
Haste
	 Rating: 29184
	 Multiplicative Factor: 0%
	 Eff: 33605,232
	 DR Bracket: 2
	 Base: 6%
	 Effective Percent: 50,92%
Vers
	 Rating: 4252
	 Multiplicative Factor: 0%
	 Eff: 6592
	 DR Bracket: 0
	 Base: 3%
	 Effective Percent: 8,45%
Leech
	 Rating: 3746
	 Multiplicative Factor: 0%
	 Eff: 3746
	 DR Bracket: 0
	 Base: 0%
	 Effective Percent: 3,67%
Avoidance
	 Rating: 1146
	 Multiplicative Factor: 0%
	 Eff: 1146
	 DR Bracket: 0
	 Base: 0%
	 Effective Percent: 2,11%
Mastery
	 Rating: 13086
	 Multiplicative Factor: 0%
	 Eff: 22886
	 DR Bracket: 0
	 Base: 21%
	 Effective Percent: 49,04%
----------------------
00:48,493

Intellect
	 Rating: 120295
	 Multiplicative Factor: 12,48%
	 Eff: 120295
Stamina
	 Rating: 766294
	 Multiplicative Factor: 11,3%
	 Eff: 766294
Crit
	 Rating: 10154
	 Multiplicative Factor: 0%
	 Eff: 26954
	 DR Bracket: 0
	 Base: 24%
	 Effective Percent: 38,51%
	 Crit Inc Heal: 2
	 Crit Inc Damage: 2
Haste
	 Rating: 29184
	 Multiplicative Factor: 0%
	 Eff: 35484,576
	 DR Bracket: 2
	 Base: 8%
	 Effective Percent: 53,76%
Vers
	 Rating: 4252
	 Multiplicative Factor: 0%
	 Eff: 6592
	 DR Bracket: 0
	 Base: 3%
	 Effective Percent: 8,45%
Leech
	 Rating: 3746
	 Multiplicative Factor: 0%
	 Eff: 3746
	 DR Bracket: 0
	 Base: 0%
	 Effective Percent: 3,67%
Avoidance
	 Rating: 1146
	 Multiplicative Factor: 0%
	 Eff: 1146
	 DR Bracket: 0
	 Base: 0%
	 Effective Percent: 2,11%
Mastery
	 Rating: 13086
	 Multiplicative Factor: 0%
	 Eff: 22886
	 DR Bracket: 0
	 Base: 21%
	 Effective Percent: 49,04%
----------------------
00:48,493

Intellect
	 Rating: 120295
	 Multiplicative Factor: 12,48%
	 Eff: 120295
Stamina
	 Rating: 766294
	 Multiplicative Factor: 11,3%
	 Eff: 766294
Crit
	 Rating: 10154
	 Multiplicative Factor: 0%
	 Eff: 26954
	 DR Bracket: 0
	 Base: 24%
	 Effective Percent: 38,51%
	 Crit Inc Heal: 2
	 Crit Inc Damage: 2
Haste
	 Rating: 29184
	 Multiplicative Factor: 0%
	 Eff: 37363,92
	 DR Bracket: 2
	 Base: 10%
	 Effective Percent: 56,61%
Vers
	 Rating: 4252
	 Multiplicative Factor: 0%
	 Eff: 6592
	 DR Bracket: 0
	 Base: 3%
	 Effective Percent: 8,45%
Leech
	 Rating: 3746
	 Multiplicative Factor: 0%
	 Eff: 3746
	 DR Bracket: 0
	 Base: 0%
	 Effective Percent: 3,67%
Avoidance
	 Rating: 1146
	 Multiplicative Factor: 0%
	 Eff: 1146
	 DR Bracket: 0
	 Base: 0%
	 Effective Percent: 2,11%
Mastery
	 Rating: 13086
	 Multiplicative Factor: 0%
	 Eff: 22886
	 DR Bracket: 0
	 Base: 21%
	 Effective Percent: 49,04%
----------------------
00:48,493

Intellect
	 Rating: 120295
	 Multiplicative Factor: 12,48%
	 Eff: 120295
Stamina
	 Rating: 766294
	 Multiplicative Factor: 11,3%
	 Eff: 766294
Crit
	 Rating: 10154
	 Multiplicative Factor: 0%
	 Eff: 26954
	 DR Bracket: 0
	 Base: 24%
	 Effective Percent: 38,51%
	 Crit Inc Heal: 2
	 Crit Inc Damage: 2
Haste
	 Rating: 29184
	 Multiplicative Factor: 0%
	 Eff: 39243,263999999996
	 DR Bracket: 2
	 Base: 12%
	 Effective Percent: 59,46%
Vers
	 Rating: 4252
	 Multiplicative Factor: 0%
	 Eff: 6592
	 DR Bracket: 0
	 Base: 3%
	 Effective Percent: 8,45%
Leech
	 Rating: 3746
	 Multiplicative Factor: 0%
	 Eff: 3746
	 DR Bracket: 0
	 Base: 0%
	 Effective Percent: 3,67%
Avoidance
	 Rating: 1146
	 Multiplicative Factor: 0%
	 Eff: 1146
	 DR Bracket: 0
	 Base: 0%
	 Effective Percent: 2,11%
Mastery
	 Rating: 13086
	 Multiplicative Factor: 0%
	 Eff: 22886
	 DR Bracket: 0
	 Base: 21%
	 Effective Percent: 49,04%
----------------------
00:52,100

Intellect
	 Rating: 120295
	 Multiplicative Factor: 12,48%
	 Eff: 120295
Stamina
	 Rating: 766294
	 Multiplicative Factor: 11,3%
	 Eff: 766294
Crit
	 Rating: 10154
	 Multiplicative Factor: 0%
	 Eff: 26954
	 DR Bracket: 0
	 Base: 24%
	 Effective Percent: 38,51%
	 Crit Inc Heal: 2
	 Crit Inc Damage: 2
Haste
	 Rating: 29184
	 Multiplicative Factor: 0%
	 Eff: 37363,92
	 DR Bracket: 2
	 Base: 10%
	 Effective Percent: 56,61%
Vers
	 Rating: 4252
	 Multiplicative Factor: 0%
	 Eff: 6592
	 DR Bracket: 0
	 Base: 3%
	 Effective Percent: 8,45%
Leech
	 Rating: 3746
	 Multiplicative Factor: 0%
	 Eff: 3746
	 DR Bracket: 0
	 Base: 0%
	 Effective Percent: 3,67%
Avoidance
	 Rating: 1146
	 Multiplicative Factor: 0%
	 Eff: 1146
	 DR Bracket: 0
	 Base: 0%
	 Effective Percent: 2,11%
Mastery
	 Rating: 13086
	 Multiplicative Factor: 0%
	 Eff: 22886
	 DR Bracket: 0
	 Base: 21%
	 Effective Percent: 49,04%
----------------------
00:56,387

Intellect
	 Rating: 120295
	 Multiplicative Factor: 12,48%
	 Eff: 120295
Stamina
	 Rating: 766294
	 Multiplicative Factor: 11,3%
	 Eff: 766294
Crit
	 Rating: 10154
	 Multiplicative Factor: 0%
	 Eff: 26954
	 DR Bracket: 0
	 Base: 24%
	 Effective Percent: 38,51%
	 Crit Inc Heal: 2
	 Crit Inc Damage: 2
Haste
	 Rating: 29184
	 Multiplicative Factor: 0%
	 Eff: 35484,576
	 DR Bracket: 2
	 Base: 8%
	 Effective Percent: 53,76%
Vers
	 Rating: 4252
	 Multiplicative Factor: 0%
	 Eff: 6592
	 DR Bracket: 0
	 Base: 3%
	 Effective Percent: 8,45%
Leech
	 Rating: 3746
	 Multiplicative Factor: 0%
	 Eff: 3746
	 DR Bracket: 0
	 Base: 0%
	 Effective Percent: 3,67%
Avoidance
	 Rating: 1146
	 Multiplicative Factor: 0%
	 Eff: 1146
	 DR Bracket: 0
	 Base: 0%
	 Effective Percent: 2,11%
Mastery
	 Rating: 13086
	 Multiplicative Factor: 0%
	 Eff: 22886
	 DR Bracket: 0
	 Base: 21%
	 Effective Percent: 49,04%
----------------------
00:59,868

Intellect
	 Rating: 120295
	 Multiplicative Factor: 12,48%
	 Eff: 120295
Stamina
	 Rating: 766294
	 Multiplicative Factor: 11,3%
	 Eff: 766294
Crit
	 Rating: 10154
	 Multiplicative Factor: 0%
	 Eff: 26954
	 DR Bracket: 0
	 Base: 24%
	 Effective Percent: 38,51%
	 Crit Inc Heal: 2
	 Crit Inc Damage: 2
Haste
	 Rating: 29184
	 Multiplicative Factor: 0%
	 Eff: 37363,92
	 DR Bracket: 2
	 Base: 10%
	 Effective Percent: 56,61%
Vers
	 Rating: 4252
	 Multiplicative Factor: 0%
	 Eff: 6592
	 DR Bracket: 0
	 Base: 3%
	 Effective Percent: 8,45%
Leech
	 Rating: 3746
	 Multiplicative Factor: 0%
	 Eff: 3746
	 DR Bracket: 0
	 Base: 0%
	 Effective Percent: 3,67%
Avoidance
	 Rating: 1146
	 Multiplicative Factor: 0%
	 Eff: 1146
	 DR Bracket: 0
	 Base: 0%
	 Effective Percent: 2,11%
Mastery
	 Rating: 13086
	 Multiplicative Factor: 0%
	 Eff: 22886
	 DR Bracket: 0
	 Base: 21%
	 Effective Percent: 49,04%
----------------------
01:00,483

Intellect
	 Rating: 120295
	 Multiplicative Factor: 12,48%
	 Eff: 120295
Stamina
	 Rating: 766294
	 Multiplicative Factor: 11,3%
	 Eff: 766294
Crit
	 Rating: 10154
	 Multiplicative Factor: 0%
	 Eff: 26954
	 DR Bracket: 0
	 Base: 24%
	 Effective Percent: 38,51%
	 Crit Inc Heal: 2
	 Crit Inc Damage: 2
Haste
	 Rating: 29184
	 Multiplicative Factor: 0%
	 Eff: 29846,544
	 DR Bracket: 2
	 Base: 2%
	 Effective Percent: 45,22%
Vers
	 Rating: 4252
	 Multiplicative Factor: 0%
	 Eff: 6592
	 DR Bracket: 0
	 Base: 3%
	 Effective Percent: 8,45%
Leech
	 Rating: 3746
	 Multiplicative Factor: 0%
	 Eff: 3746
	 DR Bracket: 0
	 Base: 0%
	 Effective Percent: 3,67%
Avoidance
	 Rating: 1146
	 Multiplicative Factor: 0%
	 Eff: 1146
	 DR Bracket: 0
	 Base: 0%
	 Effective Percent: 2,11%
Mastery
	 Rating: 13086
	 Multiplicative Factor: 0%
	 Eff: 22886
	 DR Bracket: 0
	 Base: 21%
	 Effective Percent: 49,04%
----------------------
01:00,483

Intellect
	 Rating: 120295
	 Multiplicative Factor: 12,48%
	 Eff: 120295
Stamina
	 Rating: 766294
	 Multiplicative Factor: 11,3%
	 Eff: 766294
Crit
	 Rating: 10154
	 Multiplicative Factor: 0%
	 Eff: 26954
	 DR Bracket: 0
	 Base: 24%
	 Effective Percent: 38,51%
	 Crit Inc Heal: 2
	 Crit Inc Damage: 2
Haste
	 Rating: 29184
	 Multiplicative Factor: 0%
	 Eff: 33605,232
	 DR Bracket: 2
	 Base: 6%
	 Effective Percent: 50,92%
Vers
	 Rating: 4252
	 Multiplicative Factor: 0%
	 Eff: 6592
	 DR Bracket: 0
	 Base: 3%
	 Effective Percent: 8,45%
Leech
	 Rating: 3746
	 Multiplicative Factor: 0%
	 Eff: 3746
	 DR Bracket: 0
	 Base: 0%
	 Effective Percent: 3,67%
Avoidance
	 Rating: 1146
	 Multiplicative Factor: 0%
	 Eff: 1146
	 DR Bracket: 0
	 Base: 0%
	 Effective Percent: 2,11%
Mastery
	 Rating: 13086
	 Multiplicative Factor: 0%
	 Eff: 22886
	 DR Bracket: 0
	 Base: 21%
	 Effective Percent: 49,04%
----------------------
01:00,483

Intellect
	 Rating: 120295
	 Multiplicative Factor: 12,48%
	 Eff: 120295
Stamina
	 Rating: 766294
	 Multiplicative Factor: 11,3%
	 Eff: 766294
Crit
	 Rating: 10154
	 Multiplicative Factor: 0%
	 Eff: 26954
	 DR Bracket: 0
	 Base: 24%
	 Effective Percent: 38,51%
	 Crit Inc Heal: 2
	 Crit Inc Damage: 2
Haste
	 Rating: 29184
	 Multiplicative Factor: 0%
	 Eff: 31725,888
	 DR Bracket: 2
	 Base: 4%
	 Effective Percent: 48,07%
Vers
	 Rating: 4252
	 Multiplicative Factor: 0%
	 Eff: 6592
	 DR Bracket: 0
	 Base: 3%
	 Effective Percent: 8,45%
Leech
	 Rating: 3746
	 Multiplicative Factor: 0%
	 Eff: 3746
	 DR Bracket: 0
	 Base: 0%
	 Effective Percent: 3,67%
Avoidance
	 Rating: 1146
	 Multiplicative Factor: 0%
	 Eff: 1146
	 DR Bracket: 0
	 Base: 0%
	 Effective Percent: 2,11%
Mastery
	 Rating: 13086
	 Multiplicative Factor: 0%
	 Eff: 22886
	 DR Bracket: 0
	 Base: 21%
	 Effective Percent: 49,04%
----------------------
01:00,483

Intellect
	 Rating: 120295
	 Multiplicative Factor: 12,48%
	 Eff: 120295
Stamina
	 Rating: 766294
	 Multiplicative Factor: 11,3%
	 Eff: 766294
Crit
	 Rating: 10154
	 Multiplicative Factor: 0%
	 Eff: 26954
	 DR Bracket: 0
	 Base: 24%
	 Effective Percent: 38,51%
	 Crit Inc Heal: 2
	 Crit Inc Damage: 2
Haste
	 Rating: 29184
	 Multiplicative Factor: 0%
	 Eff: 35484,576
	 DR Bracket: 2
	 Base: 8%
	 Effective Percent: 53,76%
Vers
	 Rating: 4252
	 Multiplicative Factor: 0%
	 Eff: 6592
	 DR Bracket: 0
	 Base: 3%
	 Effective Percent: 8,45%
Leech
	 Rating: 3746
	 Multiplicative Factor: 0%
	 Eff: 3746
	 DR Bracket: 0
	 Base: 0%
	 Effective Percent: 3,67%
Avoidance
	 Rating: 1146
	 Multiplicative Factor: 0%
	 Eff: 1146
	 DR Bracket: 0
	 Base: 0%
	 Effective Percent: 2,11%
Mastery
	 Rating: 13086
	 Multiplicative Factor: 0%
	 Eff: 22886
	 DR Bracket: 0
	 Base: 21%
	 Effective Percent: 49,04%
----------------------
01:11,874

Intellect
	 Rating: 120295
	 Multiplicative Factor: 12,48%
	 Eff: 120295
Stamina
	 Rating: 766294
	 Multiplicative Factor: 11,3%
	 Eff: 766294
Crit
	 Rating: 10154
	 Multiplicative Factor: 0%
	 Eff: 26954
	 DR Bracket: 0
	 Base: 24%
	 Effective Percent: 38,51%
	 Crit Inc Heal: 2
	 Crit Inc Damage: 2
Haste
	 Rating: 29184
	 Multiplicative Factor: 0%
	 Eff: 27967,2
	 DR Bracket: 2
	 Base: 0%
	 Effective Percent: 42,37%
Vers
	 Rating: 4252
	 Multiplicative Factor: 0%
	 Eff: 6592
	 DR Bracket: 0
	 Base: 3%
	 Effective Percent: 8,45%
Leech
	 Rating: 3746
	 Multiplicative Factor: 0%
	 Eff: 3746
	 DR Bracket: 0
	 Base: 0%
	 Effective Percent: 3,67%
Avoidance
	 Rating: 1146
	 Multiplicative Factor: 0%
	 Eff: 1146
	 DR Bracket: 0
	 Base: 0%
	 Effective Percent: 2,11%
Mastery
	 Rating: 13086
	 Multiplicative Factor: 0%
	 Eff: 22886
	 DR Bracket: 0
	 Base: 21%
	 Effective Percent: 49,04%
----------------------
01:16,486

Intellect
	 Rating: 120295
	 Multiplicative Factor: 12,48%
	 Eff: 120295
Stamina
	 Rating: 766294
	 Multiplicative Factor: 11,3%
	 Eff: 766294
Crit
	 Rating: 10154
	 Multiplicative Factor: 0%
	 Eff: 26954
	 DR Bracket: 0
	 Base: 24%
	 Effective Percent: 38,51%
	 Crit Inc Heal: 2
	 Crit Inc Damage: 2
Haste
	 Rating: 29184
	 Multiplicative Factor: 0%
	 Eff: 29846,544
	 DR Bracket: 2
	 Base: 2%
	 Effective Percent: 45,22%
Vers
	 Rating: 4252
	 Multiplicative Factor: 0%
	 Eff: 6592
	 DR Bracket: 0
	 Base: 3%
	 Effective Percent: 8,45%
Leech
	 Rating: 3746
	 Multiplicative Factor: 0%
	 Eff: 3746
	 DR Bracket: 0
	 Base: 0%
	 Effective Percent: 3,67%
Avoidance
	 Rating: 1146
	 Multiplicative Factor: 0%
	 Eff: 1146
	 DR Bracket: 0
	 Base: 0%
	 Effective Percent: 2,11%
Mastery
	 Rating: 13086
	 Multiplicative Factor: 0%
	 Eff: 22886
	 DR Bracket: 0
	 Base: 21%
	 Effective Percent: 49,04%
----------------------
01:20,452

Intellect
	 Rating: 120295
	 Multiplicative Factor: 12,48%
	 Eff: 120295
Stamina
	 Rating: 766294
	 Multiplicative Factor: 11,3%
	 Eff: 766294
Crit
	 Rating: 10154
	 Multiplicative Factor: 0%
	 Eff: 16454
	 DR Bracket: 0
	 Base: 9%
	 Effective Percent: 23,51%
	 Crit Inc Heal: 2
	 Crit Inc Damage: 2
Haste
	 Rating: 29184
	 Multiplicative Factor: 0%
	 Eff: 29846,544
	 DR Bracket: 2
	 Base: 2%
	 Effective Percent: 45,22%
Vers
	 Rating: 4252
	 Multiplicative Factor: 0%
	 Eff: 6592
	 DR Bracket: 0
	 Base: 3%
	 Effective Percent: 8,45%
Leech
	 Rating: 3746
	 Multiplicative Factor: 0%
	 Eff: 3746
	 DR Bracket: 0
	 Base: 0%
	 Effective Percent: 3,67%
Avoidance
	 Rating: 1146
	 Multiplicative Factor: 0%
	 Eff: 1146
	 DR Bracket: 0
	 Base: 0%
	 Effective Percent: 2,11%
Mastery
	 Rating: 13086
	 Multiplicative Factor: 0%
	 Eff: 22886
	 DR Bracket: 0
	 Base: 21%
	 Effective Percent: 49,04%
----------------------
01:20,621

Intellect
	 Rating: 120295
	 Multiplicative Factor: 12,48%
	 Eff: 120295
Stamina
	 Rating: 766294
	 Multiplicative Factor: 11,3%
	 Eff: 766294
Crit
	 Rating: 10154
	 Multiplicative Factor: 0%
	 Eff: 16454
	 DR Bracket: 0
	 Base: 9%
	 Effective Percent: 23,51%
	 Crit Inc Heal: 2
	 Crit Inc Damage: 2
Haste
	 Rating: 29184
	 Multiplicative Factor: 0%
	 Eff: 31725,888
	 DR Bracket: 2
	 Base: 4%
	 Effective Percent: 48,07%
Vers
	 Rating: 4252
	 Multiplicative Factor: 0%
	 Eff: 6592
	 DR Bracket: 0
	 Base: 3%
	 Effective Percent: 8,45%
Leech
	 Rating: 3746
	 Multiplicative Factor: 0%
	 Eff: 3746
	 DR Bracket: 0
	 Base: 0%
	 Effective Percent: 3,67%
Avoidance
	 Rating: 1146
	 Multiplicative Factor: 0%
	 Eff: 1146
	 DR Bracket: 0
	 Base: 0%
	 Effective Percent: 2,11%
Mastery
	 Rating: 13086
	 Multiplicative Factor: 0%
	 Eff: 22886
	 DR Bracket: 0
	 Base: 21%
	 Effective Percent: 49,04%
----------------------
01:25,256

Intellect
	 Rating: 120295
	 Multiplicative Factor: 12,48%
	 Eff: 120295
Stamina
	 Rating: 766294
	 Multiplicative Factor: 11,3%
	 Eff: 766294
Crit
	 Rating: 10154
	 Multiplicative Factor: 0%
	 Eff: 16454
	 DR Bracket: 0
	 Base: 9%
	 Effective Percent: 23,51%
	 Crit Inc Heal: 2
	 Crit Inc Damage: 2
Haste
	 Rating: 29184
	 Multiplicative Factor: 0%
	 Eff: 33605,232
	 DR Bracket: 2
	 Base: 6%
	 Effective Percent: 50,92%
Vers
	 Rating: 4252
	 Multiplicative Factor: 0%
	 Eff: 6592
	 DR Bracket: 0
	 Base: 3%
	 Effective Percent: 8,45%
Leech
	 Rating: 3746
	 Multiplicative Factor: 0%
	 Eff: 3746
	 DR Bracket: 0
	 Base: 0%
	 Effective Percent: 3,67%
Avoidance
	 Rating: 1146
	 Multiplicative Factor: 0%
	 Eff: 1146
	 DR Bracket: 0
	 Base: 0%
	 Effective Percent: 2,11%
Mastery
	 Rating: 13086
	 Multiplicative Factor: 0%
	 Eff: 22886
	 DR Bracket: 0
	 Base: 21%
	 Effective Percent: 49,04%
----------------------
01:28,485

Intellect
	 Rating: 120295
	 Multiplicative Factor: 12,48%
	 Eff: 120295
Stamina
	 Rating: 766294
	 Multiplicative Factor: 11,3%
	 Eff: 766294
Crit
	 Rating: 10154
	 Multiplicative Factor: 0%
	 Eff: 16454
	 DR Bracket: 0
	 Base: 9%
	 Effective Percent: 23,51%
	 Crit Inc Heal: 2
	 Crit Inc Damage: 2
Haste
	 Rating: 29184
	 Multiplicative Factor: 0%
	 Eff: 31725,888
	 DR Bracket: 2
	 Base: 4%
	 Effective Percent: 48,07%
Vers
	 Rating: 4252
	 Multiplicative Factor: 0%
	 Eff: 6592
	 DR Bracket: 0
	 Base: 3%
	 Effective Percent: 8,45%
Leech
	 Rating: 3746
	 Multiplicative Factor: 0%
	 Eff: 3746
	 DR Bracket: 0
	 Base: 0%
	 Effective Percent: 3,67%
Avoidance
	 Rating: 1146
	 Multiplicative Factor: 0%
	 Eff: 1146
	 DR Bracket: 0
	 Base: 0%
	 Effective Percent: 2,11%
Mastery
	 Rating: 13086
	 Multiplicative Factor: 0%
	 Eff: 22886
	 DR Bracket: 0
	 Base: 21%
	 Effective Percent: 49,04%
----------------------
01:28,576

Intellect
	 Rating: 120295
	 Multiplicative Factor: 12,48%
	 Eff: 120295
Stamina
	 Rating: 766294
	 Multiplicative Factor: 11,3%
	 Eff: 766294
Crit
	 Rating: 10154
	 Multiplicative Factor: 0%
	 Eff: 16454
	 DR Bracket: 0
	 Base: 9%
	 Effective Percent: 23,51%
	 Crit Inc Heal: 2
	 Crit Inc Damage: 2
Haste
	 Rating: 29184
	 Multiplicative Factor: 0%
	 Eff: 33605,232
	 DR Bracket: 2
	 Base: 6%
	 Effective Percent: 50,92%
Vers
	 Rating: 4252
	 Multiplicative Factor: 0%
	 Eff: 6592
	 DR Bracket: 0
	 Base: 3%
	 Effective Percent: 8,45%
Leech
	 Rating: 3746
	 Multiplicative Factor: 0%
	 Eff: 3746
	 DR Bracket: 0
	 Base: 0%
	 Effective Percent: 3,67%
Avoidance
	 Rating: 1146
	 Multiplicative Factor: 0%
	 Eff: 1146
	 DR Bracket: 0
	 Base: 0%
	 Effective Percent: 2,11%
Mastery
	 Rating: 13086
	 Multiplicative Factor: 0%
	 Eff: 22886
	 DR Bracket: 0
	 Base: 21%
	 Effective Percent: 49,04%
----------------------
01:30,672

Intellect
	 Rating: 120295
	 Multiplicative Factor: 12,48%
	 Eff: 120295
Stamina
	 Rating: 766294
	 Multiplicative Factor: 11,3%
	 Eff: 766294
Crit
	 Rating: 10154
	 Multiplicative Factor: 0%
	 Eff: 16454
	 DR Bracket: 0
	 Base: 9%
	 Effective Percent: 23,51%
	 Crit Inc Heal: 2
	 Crit Inc Damage: 2
Haste
	 Rating: 29184
	 Multiplicative Factor: 0%
	 Eff: 35484,576
	 DR Bracket: 2
	 Base: 8%
	 Effective Percent: 53,76%
Vers
	 Rating: 4252
	 Multiplicative Factor: 0%
	 Eff: 6592
	 DR Bracket: 0
	 Base: 3%
	 Effective Percent: 8,45%
Leech
	 Rating: 3746
	 Multiplicative Factor: 0%
	 Eff: 3746
	 DR Bracket: 0
	 Base: 0%
	 Effective Percent: 3,67%
Avoidance
	 Rating: 1146
	 Multiplicative Factor: 0%
	 Eff: 1146
	 DR Bracket: 0
	 Base: 0%
	 Effective Percent: 2,11%
Mastery
	 Rating: 13086
	 Multiplicative Factor: 0%
	 Eff: 22886
	 DR Bracket: 0
	 Base: 21%
	 Effective Percent: 49,04%
----------------------
01:32,626

Intellect
	 Rating: 120295
	 Multiplicative Factor: 12,48%
	 Eff: 120295
Stamina
	 Rating: 766294
	 Multiplicative Factor: 11,3%
	 Eff: 766294
Crit
	 Rating: 10154
	 Multiplicative Factor: 0%
	 Eff: 16454
	 DR Bracket: 0
	 Base: 9%
	 Effective Percent: 23,51%
	 Crit Inc Heal: 2
	 Crit Inc Damage: 2
Haste
	 Rating: 29184
	 Multiplicative Factor: 0%
	 Eff: 33605,232
	 DR Bracket: 2
	 Base: 6%
	 Effective Percent: 50,92%
Vers
	 Rating: 4252
	 Multiplicative Factor: 0%
	 Eff: 6592
	 DR Bracket: 0
	 Base: 3%
	 Effective Percent: 8,45%
Leech
	 Rating: 3746
	 Multiplicative Factor: 0%
	 Eff: 3746
	 DR Bracket: 0
	 Base: 0%
	 Effective Percent: 3,67%
Avoidance
	 Rating: 1146
	 Multiplicative Factor: 0%
	 Eff: 1146
	 DR Bracket: 0
	 Base: 0%
	 Effective Percent: 2,11%
Mastery
	 Rating: 13086
	 Multiplicative Factor: 0%
	 Eff: 22886
	 DR Bracket: 0
	 Base: 21%
	 Effective Percent: 49,04%
----------------------
01:37,084

Intellect
	 Rating: 120295
	 Multiplicative Factor: 12,48%
	 Eff: 120295
Stamina
	 Rating: 729804
	 Multiplicative Factor: 6%
	 Eff: 729803,8095238095
Crit
	 Rating: 10154
	 Multiplicative Factor: 0%
	 Eff: 16454
	 DR Bracket: 0
	 Base: 9%
	 Effective Percent: 23,51%
	 Crit Inc Heal: 2
	 Crit Inc Damage: 2
Haste
	 Rating: 29184
	 Multiplicative Factor: 0%
	 Eff: 33605,232
	 DR Bracket: 2
	 Base: 6%
	 Effective Percent: 50,92%
Vers
	 Rating: 4252
	 Multiplicative Factor: 0%
	 Eff: 6592
	 DR Bracket: 0
	 Base: 3%
	 Effective Percent: 8,45%
Leech
	 Rating: 3746
	 Multiplicative Factor: 0%
	 Eff: 3746
	 DR Bracket: 0
	 Base: 0%
	 Effective Percent: 3,67%
Avoidance
	 Rating: 1146
	 Multiplicative Factor: 0%
	 Eff: 1146
	 DR Bracket: 0
	 Base: 0%
	 Effective Percent: 2,11%
Mastery
	 Rating: 13086
	 Multiplicative Factor: 0%
	 Eff: 22886
	 DR Bracket: 0
	 Base: 21%
	 Effective Percent: 49,04%
----------------------
01:37,259

Intellect
	 Rating: 120295
	 Multiplicative Factor: 12,48%
	 Eff: 120295
Stamina
	 Rating: 729804
	 Multiplicative Factor: 6%
	 Eff: 729803,8095238095
Crit
	 Rating: 10154
	 Multiplicative Factor: 0%
	 Eff: 16454
	 DR Bracket: 0
	 Base: 9%
	 Effective Percent: 23,51%
	 Crit Inc Heal: 2
	 Crit Inc Damage: 2
Haste
	 Rating: 29184
	 Multiplicative Factor: 0%
	 Eff: 31725,888
	 DR Bracket: 2
	 Base: 4%
	 Effective Percent: 48,07%
Vers
	 Rating: 4252
	 Multiplicative Factor: 0%
	 Eff: 6592
	 DR Bracket: 0
	 Base: 3%
	 Effective Percent: 8,45%
Leech
	 Rating: 3746
	 Multiplicative Factor: 0%
	 Eff: 3746
	 DR Bracket: 0
	 Base: 0%
	 Effective Percent: 3,67%
Avoidance
	 Rating: 1146
	 Multiplicative Factor: 0%
	 Eff: 1146
	 DR Bracket: 0
	 Base: 0%
	 Effective Percent: 2,11%
Mastery
	 Rating: 13086
	 Multiplicative Factor: 0%
	 Eff: 22886
	 DR Bracket: 0
	 Base: 21%
	 Effective Percent: 49,04%
----------------------
01:40,595

Intellect
	 Rating: 120295
	 Multiplicative Factor: 12,48%
	 Eff: 120295
Stamina
	 Rating: 729804
	 Multiplicative Factor: 6%
	 Eff: 729803,8095238095
Crit
	 Rating: 10154
	 Multiplicative Factor: 0%
	 Eff: 16454
	 DR Bracket: 0
	 Base: 9%
	 Effective Percent: 23,51%
	 Crit Inc Heal: 2
	 Crit Inc Damage: 2
Haste
	 Rating: 29184
	 Multiplicative Factor: 0%
	 Eff: 29846,544
	 DR Bracket: 2
	 Base: 2%
	 Effective Percent: 45,22%
Vers
	 Rating: 4252
	 Multiplicative Factor: 0%
	 Eff: 6592
	 DR Bracket: 0
	 Base: 3%
	 Effective Percent: 8,45%
Leech
	 Rating: 3746
	 Multiplicative Factor: 0%
	 Eff: 3746
	 DR Bracket: 0
	 Base: 0%
	 Effective Percent: 3,67%
Avoidance
	 Rating: 1146
	 Multiplicative Factor: 0%
	 Eff: 1146
	 DR Bracket: 0
	 Base: 0%
	 Effective Percent: 2,11%
Mastery
	 Rating: 13086
	 Multiplicative Factor: 0%
	 Eff: 22886
	 DR Bracket: 0
	 Base: 21%
	 Effective Percent: 49,04%
----------------------
01:42,670

Intellect
	 Rating: 120295
	 Multiplicative Factor: 12,48%
	 Eff: 120295
Stamina
	 Rating: 729804
	 Multiplicative Factor: 6%
	 Eff: 729803,8095238095
Crit
	 Rating: 10154
	 Multiplicative Factor: 0%
	 Eff: 16454
	 DR Bracket: 0
	 Base: 9%
	 Effective Percent: 23,51%
	 Crit Inc Heal: 2
	 Crit Inc Damage: 2
Haste
	 Rating: 29184
	 Multiplicative Factor: 0%
	 Eff: 27967,2
	 DR Bracket: 2
	 Base: 0%
	 Effective Percent: 42,37%
Vers
	 Rating: 4252
	 Multiplicative Factor: 0%
	 Eff: 6592
	 DR Bracket: 0
	 Base: 3%
	 Effective Percent: 8,45%
Leech
	 Rating: 3746
	 Multiplicative Factor: 0%
	 Eff: 3746
	 DR Bracket: 0
	 Base: 0%
	 Effective Percent: 3,67%
Avoidance
	 Rating: 1146
	 Multiplicative Factor: 0%
	 Eff: 1146
	 DR Bracket: 0
	 Base: 0%
	 Effective Percent: 2,11%
Mastery
	 Rating: 13086
	 Multiplicative Factor: 0%
	 Eff: 22886
	 DR Bracket: 0
	 Base: 21%
	 Effective Percent: 49,04%
----------------------
01:50,491

Intellect
	 Rating: 120295
	 Multiplicative Factor: 12,48%
	 Eff: 120295
Stamina
	 Rating: 729804
	 Multiplicative Factor: 6%
	 Eff: 729803,8095238095
Crit
	 Rating: 10154
	 Multiplicative Factor: 0%
	 Eff: 16454
	 DR Bracket: 0
	 Base: 9%
	 Effective Percent: 23,51%
	 Crit Inc Heal: 2
	 Crit Inc Damage: 2
Haste
	 Rating: 29184
	 Multiplicative Factor: 0%
	 Eff: 29846,544
	 DR Bracket: 2
	 Base: 2%
	 Effective Percent: 45,22%
Vers
	 Rating: 4252
	 Multiplicative Factor: 0%
	 Eff: 6592
	 DR Bracket: 0
	 Base: 3%
	 Effective Percent: 8,45%
Leech
	 Rating: 3746
	 Multiplicative Factor: 0%
	 Eff: 3746
	 DR Bracket: 0
	 Base: 0%
	 Effective Percent: 3,67%
Avoidance
	 Rating: 1146
	 Multiplicative Factor: 0%
	 Eff: 1146
	 DR Bracket: 0
	 Base: 0%
	 Effective Percent: 2,11%
Mastery
	 Rating: 13086
	 Multiplicative Factor: 0%
	 Eff: 22886
	 DR Bracket: 0
	 Base: 21%
	 Effective Percent: 49,04%
----------------------
01:51,561

Intellect
	 Rating: 120295
	 Multiplicative Factor: 12,48%
	 Eff: 120295
Stamina
	 Rating: 729804
	 Multiplicative Factor: 6%
	 Eff: 729803,8095238095
Crit
	 Rating: 10154
	 Multiplicative Factor: 0%
	 Eff: 16454
	 DR Bracket: 0
	 Base: 9%
	 Effective Percent: 23,51%
	 Crit Inc Heal: 2
	 Crit Inc Damage: 2
Haste
	 Rating: 29184
	 Multiplicative Factor: 0%
	 Eff: 31725,888
	 DR Bracket: 2
	 Base: 4%
	 Effective Percent: 48,07%
Vers
	 Rating: 4252
	 Multiplicative Factor: 0%
	 Eff: 6592
	 DR Bracket: 0
	 Base: 3%
	 Effective Percent: 8,45%
Leech
	 Rating: 3746
	 Multiplicative Factor: 0%
	 Eff: 3746
	 DR Bracket: 0
	 Base: 0%
	 Effective Percent: 3,67%
Avoidance
	 Rating: 1146
	 Multiplicative Factor: 0%
	 Eff: 1146
	 DR Bracket: 0
	 Base: 0%
	 Effective Percent: 2,11%
Mastery
	 Rating: 13086
	 Multiplicative Factor: 0%
	 Eff: 22886
	 DR Bracket: 0
	 Base: 21%
	 Effective Percent: 49,04%
----------------------
01:52,547

Intellect
	 Rating: 120295
	 Multiplicative Factor: 12,48%
	 Eff: 120295
Stamina
	 Rating: 729804
	 Multiplicative Factor: 6%
	 Eff: 729803,8095238095
Crit
	 Rating: 10154
	 Multiplicative Factor: 0%
	 Eff: 26954
	 DR Bracket: 0
	 Base: 24%
	 Effective Percent: 38,51%
	 Crit Inc Heal: 2
	 Crit Inc Damage: 2
Haste
	 Rating: 29184
	 Multiplicative Factor: 0%
	 Eff: 31725,888
	 DR Bracket: 2
	 Base: 4%
	 Effective Percent: 48,07%
Vers
	 Rating: 4252
	 Multiplicative Factor: 0%
	 Eff: 6592
	 DR Bracket: 0
	 Base: 3%
	 Effective Percent: 8,45%
Leech
	 Rating: 3746
	 Multiplicative Factor: 0%
	 Eff: 3746
	 DR Bracket: 0
	 Base: 0%
	 Effective Percent: 3,67%
Avoidance
	 Rating: 1146
	 Multiplicative Factor: 0%
	 Eff: 1146
	 DR Bracket: 0
	 Base: 0%
	 Effective Percent: 2,11%
Mastery
	 Rating: 13086
	 Multiplicative Factor: 0%
	 Eff: 22886
	 DR Bracket: 0
	 Base: 21%
	 Effective Percent: 49,04%
----------------------
01:52,582

Intellect
	 Rating: 120295
	 Multiplicative Factor: 12,48%
	 Eff: 120295
Stamina
	 Rating: 729804
	 Multiplicative Factor: 6%
	 Eff: 729803,8095238095
Crit
	 Rating: 10154
	 Multiplicative Factor: 0%
	 Eff: 26954
	 DR Bracket: 0
	 Base: 24%
	 Effective Percent: 38,51%
	 Crit Inc Heal: 2
	 Crit Inc Damage: 2
Haste
	 Rating: 29184
	 Multiplicative Factor: 0%
	 Eff: 33605,232
	 DR Bracket: 2
	 Base: 6%
	 Effective Percent: 50,92%
Vers
	 Rating: 4252
	 Multiplicative Factor: 0%
	 Eff: 6592
	 DR Bracket: 0
	 Base: 3%
	 Effective Percent: 8,45%
Leech
	 Rating: 3746
	 Multiplicative Factor: 0%
	 Eff: 3746
	 DR Bracket: 0
	 Base: 0%
	 Effective Percent: 3,67%
Avoidance
	 Rating: 1146
	 Multiplicative Factor: 0%
	 Eff: 1146
	 DR Bracket: 0
	 Base: 0%
	 Effective Percent: 2,11%
Mastery
	 Rating: 13086
	 Multiplicative Factor: 0%
	 Eff: 22886
	 DR Bracket: 0
	 Base: 21%
	 Effective Percent: 49,04%
----------------------
02:01,250

Intellect
	 Rating: 120295
	 Multiplicative Factor: 12,48%
	 Eff: 120295
Stamina
	 Rating: 729804
	 Multiplicative Factor: 6%
	 Eff: 729803,8095238095
Crit
	 Rating: 10154
	 Multiplicative Factor: 0%
	 Eff: 26954
	 DR Bracket: 0
	 Base: 24%
	 Effective Percent: 38,51%
	 Crit Inc Heal: 2
	 Crit Inc Damage: 2
Haste
	 Rating: 29184
	 Multiplicative Factor: 0%
	 Eff: 61795,39199999999
	 DR Bracket: 2
	 Base: 36%
	 Effective Percent: 93,63%
Vers
	 Rating: 4252
	 Multiplicative Factor: 0%
	 Eff: 6592
	 DR Bracket: 0
	 Base: 3%
	 Effective Percent: 8,45%
Leech
	 Rating: 3746
	 Multiplicative Factor: 0%
	 Eff: 3746
	 DR Bracket: 0
	 Base: 0%
	 Effective Percent: 3,67%
Avoidance
	 Rating: 1146
	 Multiplicative Factor: 0%
	 Eff: 1146
	 DR Bracket: 0
	 Base: 0%
	 Effective Percent: 2,11%
Mastery
	 Rating: 13086
	 Multiplicative Factor: 0%
	 Eff: 22886
	 DR Bracket: 0
	 Base: 21%
	 Effective Percent: 49,04%
----------------------
02:02,496

Intellect
	 Rating: 120295
	 Multiplicative Factor: 12,48%
	 Eff: 120295
Stamina
	 Rating: 729804
	 Multiplicative Factor: 6%
	 Eff: 729803,8095238095
Crit
	 Rating: 10154
	 Multiplicative Factor: 0%
	 Eff: 26954
	 DR Bracket: 0
	 Base: 24%
	 Effective Percent: 38,51%
	 Crit Inc Heal: 2
	 Crit Inc Damage: 2
Haste
	 Rating: 29184
	 Multiplicative Factor: 0%
	 Eff: 59916,047999999995
	 DR Bracket: 2
	 Base: 34%
	 Effective Percent: 90,78%
Vers
	 Rating: 4252
	 Multiplicative Factor: 0%
	 Eff: 6592
	 DR Bracket: 0
	 Base: 3%
	 Effective Percent: 8,45%
Leech
	 Rating: 3746
	 Multiplicative Factor: 0%
	 Eff: 3746
	 DR Bracket: 0
	 Base: 0%
	 Effective Percent: 3,67%
Avoidance
	 Rating: 1146
	 Multiplicative Factor: 0%
	 Eff: 1146
	 DR Bracket: 0
	 Base: 0%
	 Effective Percent: 2,11%
Mastery
	 Rating: 13086
	 Multiplicative Factor: 0%
	 Eff: 22886
	 DR Bracket: 0
	 Base: 21%
	 Effective Percent: 49,04%
----------------------
02:03,580

Intellect
	 Rating: 120295
	 Multiplicative Factor: 12,48%
	 Eff: 120295
Stamina
	 Rating: 729804
	 Multiplicative Factor: 6%
	 Eff: 729803,8095238095
Crit
	 Rating: 10154
	 Multiplicative Factor: 0%
	 Eff: 26954
	 DR Bracket: 0
	 Base: 24%
	 Effective Percent: 38,51%
	 Crit Inc Heal: 2
	 Crit Inc Damage: 2
Haste
	 Rating: 29184
	 Multiplicative Factor: 0%
	 Eff: 58036,704
	 DR Bracket: 2
	 Base: 32%
	 Effective Percent: 87,93%
Vers
	 Rating: 4252
	 Multiplicative Factor: 0%
	 Eff: 6592
	 DR Bracket: 0
	 Base: 3%
	 Effective Percent: 8,45%
Leech
	 Rating: 3746
	 Multiplicative Factor: 0%
	 Eff: 3746
	 DR Bracket: 0
	 Base: 0%
	 Effective Percent: 3,67%
Avoidance
	 Rating: 1146
	 Multiplicative Factor: 0%
	 Eff: 1146
	 DR Bracket: 0
	 Base: 0%
	 Effective Percent: 2,11%
Mastery
	 Rating: 13086
	 Multiplicative Factor: 0%
	 Eff: 22886
	 DR Bracket: 0
	 Base: 21%
	 Effective Percent: 49,04%
----------------------
02:04,550

Intellect
	 Rating: 120295
	 Multiplicative Factor: 12,48%
	 Eff: 120295
Stamina
	 Rating: 729804
	 Multiplicative Factor: 6%
	 Eff: 729803,8095238095
Crit
	 Rating: 10154
	 Multiplicative Factor: 0%
	 Eff: 16454
	 DR Bracket: 0
	 Base: 9%
	 Effective Percent: 23,51%
	 Crit Inc Heal: 2
	 Crit Inc Damage: 2
Haste
	 Rating: 29184
	 Multiplicative Factor: 0%
	 Eff: 58036,704
	 DR Bracket: 2
	 Base: 32%
	 Effective Percent: 87,93%
Vers
	 Rating: 4252
	 Multiplicative Factor: 0%
	 Eff: 6592
	 DR Bracket: 0
	 Base: 3%
	 Effective Percent: 8,45%
Leech
	 Rating: 3746
	 Multiplicative Factor: 0%
	 Eff: 3746
	 DR Bracket: 0
	 Base: 0%
	 Effective Percent: 3,67%
Avoidance
	 Rating: 1146
	 Multiplicative Factor: 0%
	 Eff: 1146
	 DR Bracket: 0
	 Base: 0%
	 Effective Percent: 2,11%
Mastery
	 Rating: 13086
	 Multiplicative Factor: 0%
	 Eff: 22886
	 DR Bracket: 0
	 Base: 21%
	 Effective Percent: 49,04%
----------------------
02:04,586

Intellect
	 Rating: 120295
	 Multiplicative Factor: 12,48%
	 Eff: 120295
Stamina
	 Rating: 729804
	 Multiplicative Factor: 6%
	 Eff: 729803,8095238095
Crit
	 Rating: 10154
	 Multiplicative Factor: 0%
	 Eff: 16454
	 DR Bracket: 0
	 Base: 9%
	 Effective Percent: 23,51%
	 Crit Inc Heal: 2
	 Crit Inc Damage: 2
Haste
	 Rating: 29184
	 Multiplicative Factor: 0%
	 Eff: 56157,36
	 DR Bracket: 2
	 Base: 30%
	 Effective Percent: 85,09%
Vers
	 Rating: 4252
	 Multiplicative Factor: 0%
	 Eff: 6592
	 DR Bracket: 0
	 Base: 3%
	 Effective Percent: 8,45%
Leech
	 Rating: 3746
	 Multiplicative Factor: 0%
	 Eff: 3746
	 DR Bracket: 0
	 Base: 0%
	 Effective Percent: 3,67%
Avoidance
	 Rating: 1146
	 Multiplicative Factor: 0%
	 Eff: 1146
	 DR Bracket: 0
	 Base: 0%
	 Effective Percent: 2,11%
Mastery
	 Rating: 13086
	 Multiplicative Factor: 0%
	 Eff: 22886
	 DR Bracket: 0
	 Base: 21%
	 Effective Percent: 49,04%
----------------------
02:05,955

Intellect
	 Rating: 120295
	 Multiplicative Factor: 12,48%
	 Eff: 120295
Stamina
	 Rating: 729804
	 Multiplicative Factor: 6%
	 Eff: 729803,8095238095
Crit
	 Rating: 10154
	 Multiplicative Factor: 0%
	 Eff: 16454
	 DR Bracket: 0
	 Base: 9%
	 Effective Percent: 23,51%
	 Crit Inc Heal: 2
	 Crit Inc Damage: 2
Haste
	 Rating: 29184
	 Multiplicative Factor: 0%
	 Eff: 58036,704
	 DR Bracket: 2
	 Base: 32%
	 Effective Percent: 87,93%
Vers
	 Rating: 4252
	 Multiplicative Factor: 0%
	 Eff: 6592
	 DR Bracket: 0
	 Base: 3%
	 Effective Percent: 8,45%
Leech
	 Rating: 3746
	 Multiplicative Factor: 0%
	 Eff: 3746
	 DR Bracket: 0
	 Base: 0%
	 Effective Percent: 3,67%
Avoidance
	 Rating: 1146
	 Multiplicative Factor: 0%
	 Eff: 1146
	 DR Bracket: 0
	 Base: 0%
	 Effective Percent: 2,11%
Mastery
	 Rating: 13086
	 Multiplicative Factor: 0%
	 Eff: 22886
	 DR Bracket: 0
	 Base: 21%
	 Effective Percent: 49,04%
----------------------
02:17,969

Intellect
	 Rating: 120295
	 Multiplicative Factor: 12,48%
	 Eff: 120295
Stamina
	 Rating: 729804
	 Multiplicative Factor: 6%
	 Eff: 729803,8095238095
Crit
	 Rating: 10154
	 Multiplicative Factor: 0%
	 Eff: 16454
	 DR Bracket: 0
	 Base: 9%
	 Effective Percent: 23,51%
	 Crit Inc Heal: 2
	 Crit Inc Damage: 2
Haste
	 Rating: 29184
	 Multiplicative Factor: 0%
	 Eff: 56157,36
	 DR Bracket: 2
	 Base: 30%
	 Effective Percent: 85,09%
Vers
	 Rating: 4252
	 Multiplicative Factor: 0%
	 Eff: 6592
	 DR Bracket: 0
	 Base: 3%
	 Effective Percent: 8,45%
Leech
	 Rating: 3746
	 Multiplicative Factor: 0%
	 Eff: 3746
	 DR Bracket: 0
	 Base: 0%
	 Effective Percent: 3,67%
Avoidance
	 Rating: 1146
	 Multiplicative Factor: 0%
	 Eff: 1146
	 DR Bracket: 0
	 Base: 0%
	 Effective Percent: 2,11%
Mastery
	 Rating: 13086
	 Multiplicative Factor: 0%
	 Eff: 22886
	 DR Bracket: 0
	 Base: 21%
	 Effective Percent: 49,04%
----------------------
02:21,097

Intellect
	 Rating: 120295
	 Multiplicative Factor: 12,48%
	 Eff: 120295
Stamina
	 Rating: 729804
	 Multiplicative Factor: 6%
	 Eff: 729803,8095238095
Crit
	 Rating: 10154
	 Multiplicative Factor: 0%
	 Eff: 16454
	 DR Bracket: 0
	 Base: 9%
	 Effective Percent: 23,51%
	 Crit Inc Heal: 2
	 Crit Inc Damage: 2
Haste
	 Rating: 29184
	 Multiplicative Factor: 0%
	 Eff: 58036,704
	 DR Bracket: 2
	 Base: 32%
	 Effective Percent: 87,93%
Vers
	 Rating: 4252
	 Multiplicative Factor: 0%
	 Eff: 6592
	 DR Bracket: 0
	 Base: 3%
	 Effective Percent: 8,45%
Leech
	 Rating: 3746
	 Multiplicative Factor: 0%
	 Eff: 3746
	 DR Bracket: 0
	 Base: 0%
	 Effective Percent: 3,67%
Avoidance
	 Rating: 1146
	 Multiplicative Factor: 0%
	 Eff: 1146
	 DR Bracket: 0
	 Base: 0%
	 Effective Percent: 2,11%
Mastery
	 Rating: 13086
	 Multiplicative Factor: 0%
	 Eff: 22886
	 DR Bracket: 0
	 Base: 21%
	 Effective Percent: 49,04%
----------------------
02:22,985

Intellect
	 Rating: 120295
	 Multiplicative Factor: 12,48%
	 Eff: 120295
Stamina
	 Rating: 729804
	 Multiplicative Factor: 6%
	 Eff: 729803,8095238095
Crit
	 Rating: 10154
	 Multiplicative Factor: 0%
	 Eff: 16454
	 DR Bracket: 0
	 Base: 9%
	 Effective Percent: 23,51%
	 Crit Inc Heal: 2
	 Crit Inc Damage: 2
Haste
	 Rating: 29184
	 Multiplicative Factor: 0%
	 Eff: 59916,047999999995
	 DR Bracket: 2
	 Base: 34%
	 Effective Percent: 90,78%
Vers
	 Rating: 4252
	 Multiplicative Factor: 0%
	 Eff: 6592
	 DR Bracket: 0
	 Base: 3%
	 Effective Percent: 8,45%
Leech
	 Rating: 3746
	 Multiplicative Factor: 0%
	 Eff: 3746
	 DR Bracket: 0
	 Base: 0%
	 Effective Percent: 3,67%
Avoidance
	 Rating: 1146
	 Multiplicative Factor: 0%
	 Eff: 1146
	 DR Bracket: 0
	 Base: 0%
	 Effective Percent: 2,11%
Mastery
	 Rating: 13086
	 Multiplicative Factor: 0%
	 Eff: 22886
	 DR Bracket: 0
	 Base: 21%
	 Effective Percent: 49,04%
----------------------
02:33,106

Intellect
	 Rating: 120295
	 Multiplicative Factor: 12,48%
	 Eff: 120295
Stamina
	 Rating: 729804
	 Multiplicative Factor: 6%
	 Eff: 729803,8095238095
Crit
	 Rating: 10154
	 Multiplicative Factor: 0%
	 Eff: 16454
	 DR Bracket: 0
	 Base: 9%
	 Effective Percent: 23,51%
	 Crit Inc Heal: 2
	 Crit Inc Damage: 2
Haste
	 Rating: 29184
	 Multiplicative Factor: 0%
	 Eff: 58036,704
	 DR Bracket: 2
	 Base: 32%
	 Effective Percent: 87,93%
Vers
	 Rating: 4252
	 Multiplicative Factor: 0%
	 Eff: 6592
	 DR Bracket: 0
	 Base: 3%
	 Effective Percent: 8,45%
Leech
	 Rating: 3746
	 Multiplicative Factor: 0%
	 Eff: 3746
	 DR Bracket: 0
	 Base: 0%
	 Effective Percent: 3,67%
Avoidance
	 Rating: 1146
	 Multiplicative Factor: 0%
	 Eff: 1146
	 DR Bracket: 0
	 Base: 0%
	 Effective Percent: 2,11%
Mastery
	 Rating: 13086
	 Multiplicative Factor: 0%
	 Eff: 22886
	 DR Bracket: 0
	 Base: 21%
	 Effective Percent: 49,04%
----------------------
02:34,994

Intellect
	 Rating: 120295
	 Multiplicative Factor: 12,48%
	 Eff: 120295
Stamina
	 Rating: 729804
	 Multiplicative Factor: 6%
	 Eff: 729803,8095238095
Crit
	 Rating: 10154
	 Multiplicative Factor: 0%
	 Eff: 16454
	 DR Bracket: 0
	 Base: 9%
	 Effective Percent: 23,51%
	 Crit Inc Heal: 2
	 Crit Inc Damage: 2
Haste
	 Rating: 29184
	 Multiplicative Factor: 0%
	 Eff: 56157,36
	 DR Bracket: 2
	 Base: 30%
	 Effective Percent: 85,09%
Vers
	 Rating: 4252
	 Multiplicative Factor: 0%
	 Eff: 6592
	 DR Bracket: 0
	 Base: 3%
	 Effective Percent: 8,45%
Leech
	 Rating: 3746
	 Multiplicative Factor: 0%
	 Eff: 3746
	 DR Bracket: 0
	 Base: 0%
	 Effective Percent: 3,67%
Avoidance
	 Rating: 1146
	 Multiplicative Factor: 0%
	 Eff: 1146
	 DR Bracket: 0
	 Base: 0%
	 Effective Percent: 2,11%
Mastery
	 Rating: 13086
	 Multiplicative Factor: 0%
	 Eff: 22886
	 DR Bracket: 0
	 Base: 21%
	 Effective Percent: 49,04%
----------------------
02:38,964

Intellect
	 Rating: 120295
	 Multiplicative Factor: 12,48%
	 Eff: 120295
Stamina
	 Rating: 729804
	 Multiplicative Factor: 6%
	 Eff: 729803,8095238095
Crit
	 Rating: 10154
	 Multiplicative Factor: 0%
	 Eff: 26954
	 DR Bracket: 0
	 Base: 24%
	 Effective Percent: 38,51%
	 Crit Inc Heal: 2
	 Crit Inc Damage: 2
Haste
	 Rating: 29184
	 Multiplicative Factor: 0%
	 Eff: 56157,36
	 DR Bracket: 2
	 Base: 30%
	 Effective Percent: 85,09%
Vers
	 Rating: 4252
	 Multiplicative Factor: 0%
	 Eff: 6592
	 DR Bracket: 0
	 Base: 3%
	 Effective Percent: 8,45%
Leech
	 Rating: 3746
	 Multiplicative Factor: 0%
	 Eff: 3746
	 DR Bracket: 0
	 Base: 0%
	 Effective Percent: 3,67%
Avoidance
	 Rating: 1146
	 Multiplicative Factor: 0%
	 Eff: 1146
	 DR Bracket: 0
	 Base: 0%
	 Effective Percent: 2,11%
Mastery
	 Rating: 13086
	 Multiplicative Factor: 0%
	 Eff: 22886
	 DR Bracket: 0
	 Base: 21%
	 Effective Percent: 49,04%
----------------------
02:38,995

Intellect
	 Rating: 120295
	 Multiplicative Factor: 12,48%
	 Eff: 120295
Stamina
	 Rating: 729804
	 Multiplicative Factor: 6%
	 Eff: 729803,8095238095
Crit
	 Rating: 10154
	 Multiplicative Factor: 0%
	 Eff: 26954
	 DR Bracket: 0
	 Base: 24%
	 Effective Percent: 38,51%
	 Crit Inc Heal: 2
	 Crit Inc Damage: 2
Haste
	 Rating: 29184
	 Multiplicative Factor: 0%
	 Eff: 58036,704
	 DR Bracket: 2
	 Base: 32%
	 Effective Percent: 87,93%
Vers
	 Rating: 4252
	 Multiplicative Factor: 0%
	 Eff: 6592
	 DR Bracket: 0
	 Base: 3%
	 Effective Percent: 8,45%
Leech
	 Rating: 3746
	 Multiplicative Factor: 0%
	 Eff: 3746
	 DR Bracket: 0
	 Base: 0%
	 Effective Percent: 3,67%
Avoidance
	 Rating: 1146
	 Multiplicative Factor: 0%
	 Eff: 1146
	 DR Bracket: 0
	 Base: 0%
	 Effective Percent: 2,11%
Mastery
	 Rating: 13086
	 Multiplicative Factor: 0%
	 Eff: 22886
	 DR Bracket: 0
	 Base: 21%
	 Effective Percent: 49,04%
----------------------
02:41,263

Intellect
	 Rating: 120295
	 Multiplicative Factor: 12,48%
	 Eff: 120295
Stamina
	 Rating: 729804
	 Multiplicative Factor: 6%
	 Eff: 729803,8095238095
Crit
	 Rating: 10154
	 Multiplicative Factor: 0%
	 Eff: 26954
	 DR Bracket: 0
	 Base: 24%
	 Effective Percent: 38,51%
	 Crit Inc Heal: 2
	 Crit Inc Damage: 2
Haste
	 Rating: 29184
	 Multiplicative Factor: 0%
	 Eff: 29846,544
	 DR Bracket: 2
	 Base: 2%
	 Effective Percent: 45,22%
Vers
	 Rating: 4252
	 Multiplicative Factor: 0%
	 Eff: 6592
	 DR Bracket: 0
	 Base: 3%
	 Effective Percent: 8,45%
Leech
	 Rating: 3746
	 Multiplicative Factor: 0%
	 Eff: 3746
	 DR Bracket: 0
	 Base: 0%
	 Effective Percent: 3,67%
Avoidance
	 Rating: 1146
	 Multiplicative Factor: 0%
	 Eff: 1146
	 DR Bracket: 0
	 Base: 0%
	 Effective Percent: 2,11%
Mastery
	 Rating: 13086
	 Multiplicative Factor: 0%
	 Eff: 22886
	 DR Bracket: 0
	 Base: 21%
	 Effective Percent: 49,04%
----------------------
02:50,967

Intellect
	 Rating: 120295
	 Multiplicative Factor: 12,48%
	 Eff: 120295
Stamina
	 Rating: 729804
	 Multiplicative Factor: 6%
	 Eff: 729803,8095238095
Crit
	 Rating: 10154
	 Multiplicative Factor: 0%
	 Eff: 16454
	 DR Bracket: 0
	 Base: 9%
	 Effective Percent: 23,51%
	 Crit Inc Heal: 2
	 Crit Inc Damage: 2
Haste
	 Rating: 29184
	 Multiplicative Factor: 0%
	 Eff: 29846,544
	 DR Bracket: 2
	 Base: 2%
	 Effective Percent: 45,22%
Vers
	 Rating: 4252
	 Multiplicative Factor: 0%
	 Eff: 6592
	 DR Bracket: 0
	 Base: 3%
	 Effective Percent: 8,45%
Leech
	 Rating: 3746
	 Multiplicative Factor: 0%
	 Eff: 3746
	 DR Bracket: 0
	 Base: 0%
	 Effective Percent: 3,67%
Avoidance
	 Rating: 1146
	 Multiplicative Factor: 0%
	 Eff: 1146
	 DR Bracket: 0
	 Base: 0%
	 Effective Percent: 2,11%
Mastery
	 Rating: 13086
	 Multiplicative Factor: 0%
	 Eff: 22886
	 DR Bracket: 0
	 Base: 21%
	 Effective Percent: 49,04%
----------------------
02:50,999

Intellect
	 Rating: 120295
	 Multiplicative Factor: 12,48%
	 Eff: 120295
Stamina
	 Rating: 729804
	 Multiplicative Factor: 6%
	 Eff: 729803,8095238095
Crit
	 Rating: 10154
	 Multiplicative Factor: 0%
	 Eff: 16454
	 DR Bracket: 0
	 Base: 9%
	 Effective Percent: 23,51%
	 Crit Inc Heal: 2
	 Crit Inc Damage: 2
Haste
	 Rating: 29184
	 Multiplicative Factor: 0%
	 Eff: 27967,2
	 DR Bracket: 2
	 Base: 0%
	 Effective Percent: 42,37%
Vers
	 Rating: 4252
	 Multiplicative Factor: 0%
	 Eff: 6592
	 DR Bracket: 0
	 Base: 3%
	 Effective Percent: 8,45%
Leech
	 Rating: 3746
	 Multiplicative Factor: 0%
	 Eff: 3746
	 DR Bracket: 0
	 Base: 0%
	 Effective Percent: 3,67%
Avoidance
	 Rating: 1146
	 Multiplicative Factor: 0%
	 Eff: 1146
	 DR Bracket: 0
	 Base: 0%
	 Effective Percent: 2,11%
Mastery
	 Rating: 13086
	 Multiplicative Factor: 0%
	 Eff: 22886
	 DR Bracket: 0
	 Base: 21%
	 Effective Percent: 49,04%
----------------------
02:51,618

Intellect
	 Rating: 120295
	 Multiplicative Factor: 12,48%
	 Eff: 120295
Stamina
	 Rating: 729804
	 Multiplicative Factor: 6%
	 Eff: 729803,8095238095
Crit
	 Rating: 10154
	 Multiplicative Factor: 0%
	 Eff: 16454
	 DR Bracket: 0
	 Base: 9%
	 Effective Percent: 23,51%
	 Crit Inc Heal: 2
	 Crit Inc Damage: 2
Haste
	 Rating: 29184
	 Multiplicative Factor: 0%
	 Eff: 29846,544
	 DR Bracket: 2
	 Base: 2%
	 Effective Percent: 45,22%
Vers
	 Rating: 4252
	 Multiplicative Factor: 0%
	 Eff: 6592
	 DR Bracket: 0
	 Base: 3%
	 Effective Percent: 8,45%
Leech
	 Rating: 3746
	 Multiplicative Factor: 0%
	 Eff: 3746
	 DR Bracket: 0
	 Base: 0%
	 Effective Percent: 3,67%
Avoidance
	 Rating: 1146
	 Multiplicative Factor: 0%
	 Eff: 1146
	 DR Bracket: 0
	 Base: 0%
	 Effective Percent: 2,11%
Mastery
	 Rating: 13086
	 Multiplicative Factor: 0%
	 Eff: 22886
	 DR Bracket: 0
	 Base: 21%
	 Effective Percent: 49,04%
----------------------
02:53,981

Intellect
	 Rating: 120295
	 Multiplicative Factor: 12,48%
	 Eff: 120295
Stamina
	 Rating: 729804
	 Multiplicative Factor: 6%
	 Eff: 729803,8095238095
Crit
	 Rating: 10154
	 Multiplicative Factor: 0%
	 Eff: 26954
	 DR Bracket: 0
	 Base: 24%
	 Effective Percent: 38,51%
	 Crit Inc Heal: 2
	 Crit Inc Damage: 2
Haste
	 Rating: 29184
	 Multiplicative Factor: 0%
	 Eff: 29846,544
	 DR Bracket: 2
	 Base: 2%
	 Effective Percent: 45,22%
Vers
	 Rating: 4252
	 Multiplicative Factor: 0%
	 Eff: 6592
	 DR Bracket: 0
	 Base: 3%
	 Effective Percent: 8,45%
Leech
	 Rating: 3746
	 Multiplicative Factor: 0%
	 Eff: 3746
	 DR Bracket: 0
	 Base: 0%
	 Effective Percent: 3,67%
Avoidance
	 Rating: 1146
	 Multiplicative Factor: 0%
	 Eff: 1146
	 DR Bracket: 0
	 Base: 0%
	 Effective Percent: 2,11%
Mastery
	 Rating: 13086
	 Multiplicative Factor: 0%
	 Eff: 22886
	 DR Bracket: 0
	 Base: 21%
	 Effective Percent: 49,04%
----------------------
02:54,042

Intellect
	 Rating: 120295
	 Multiplicative Factor: 12,48%
	 Eff: 120295
Stamina
	 Rating: 729804
	 Multiplicative Factor: 6%
	 Eff: 729803,8095238095
Crit
	 Rating: 10154
	 Multiplicative Factor: 0%
	 Eff: 26954
	 DR Bracket: 0
	 Base: 24%
	 Effective Percent: 38,51%
	 Crit Inc Heal: 2
	 Crit Inc Damage: 2
Haste
	 Rating: 29184
	 Multiplicative Factor: 0%
	 Eff: 31725,888
	 DR Bracket: 2
	 Base: 4%
	 Effective Percent: 48,07%
Vers
	 Rating: 4252
	 Multiplicative Factor: 0%
	 Eff: 6592
	 DR Bracket: 0
	 Base: 3%
	 Effective Percent: 8,45%
Leech
	 Rating: 3746
	 Multiplicative Factor: 0%
	 Eff: 3746
	 DR Bracket: 0
	 Base: 0%
	 Effective Percent: 3,67%
Avoidance
	 Rating: 1146
	 Multiplicative Factor: 0%
	 Eff: 1146
	 DR Bracket: 0
	 Base: 0%
	 Effective Percent: 2,11%
Mastery
	 Rating: 13086
	 Multiplicative Factor: 0%
	 Eff: 22886
	 DR Bracket: 0
	 Base: 21%
	 Effective Percent: 49,04%
----------------------
02:54,042

Intellect
	 Rating: 120295
	 Multiplicative Factor: 12,48%
	 Eff: 120295
Stamina
	 Rating: 729804
	 Multiplicative Factor: 6%
	 Eff: 729803,8095238095
Crit
	 Rating: 10154
	 Multiplicative Factor: 0%
	 Eff: 26954
	 DR Bracket: 0
	 Base: 24%
	 Effective Percent: 38,51%
	 Crit Inc Heal: 2
	 Crit Inc Damage: 2
Haste
	 Rating: 29184
	 Multiplicative Factor: 0%
	 Eff: 33605,232
	 DR Bracket: 2
	 Base: 6%
	 Effective Percent: 50,92%
Vers
	 Rating: 4252
	 Multiplicative Factor: 0%
	 Eff: 6592
	 DR Bracket: 0
	 Base: 3%
	 Effective Percent: 8,45%
Leech
	 Rating: 3746
	 Multiplicative Factor: 0%
	 Eff: 3746
	 DR Bracket: 0
	 Base: 0%
	 Effective Percent: 3,67%
Avoidance
	 Rating: 1146
	 Multiplicative Factor: 0%
	 Eff: 1146
	 DR Bracket: 0
	 Base: 0%
	 Effective Percent: 2,11%
Mastery
	 Rating: 13086
	 Multiplicative Factor: 0%
	 Eff: 22886
	 DR Bracket: 0
	 Base: 21%
	 Effective Percent: 49,04%
----------------------
02:54,042

Intellect
	 Rating: 120295
	 Multiplicative Factor: 12,48%
	 Eff: 120295
Stamina
	 Rating: 729804
	 Multiplicative Factor: 6%
	 Eff: 729803,8095238095
Crit
	 Rating: 10154
	 Multiplicative Factor: 0%
	 Eff: 26954
	 DR Bracket: 0
	 Base: 24%
	 Effective Percent: 38,51%
	 Crit Inc Heal: 2
	 Crit Inc Damage: 2
Haste
	 Rating: 29184
	 Multiplicative Factor: 0%
	 Eff: 35484,576
	 DR Bracket: 2
	 Base: 8%
	 Effective Percent: 53,76%
Vers
	 Rating: 4252
	 Multiplicative Factor: 0%
	 Eff: 6592
	 DR Bracket: 0
	 Base: 3%
	 Effective Percent: 8,45%
Leech
	 Rating: 3746
	 Multiplicative Factor: 0%
	 Eff: 3746
	 DR Bracket: 0
	 Base: 0%
	 Effective Percent: 3,67%
Avoidance
	 Rating: 1146
	 Multiplicative Factor: 0%
	 Eff: 1146
	 DR Bracket: 0
	 Base: 0%
	 Effective Percent: 2,11%
Mastery
	 Rating: 13086
	 Multiplicative Factor: 0%
	 Eff: 22886
	 DR Bracket: 0
	 Base: 21%
	 Effective Percent: 49,04%
----------------------
02:54,042

Intellect
	 Rating: 120295
	 Multiplicative Factor: 12,48%
	 Eff: 120295
Stamina
	 Rating: 729804
	 Multiplicative Factor: 6%
	 Eff: 729803,8095238095
Crit
	 Rating: 10154
	 Multiplicative Factor: 0%
	 Eff: 26954
	 DR Bracket: 0
	 Base: 24%
	 Effective Percent: 38,51%
	 Crit Inc Heal: 2
	 Crit Inc Damage: 2
Haste
	 Rating: 29184
	 Multiplicative Factor: 0%
	 Eff: 37363,92
	 DR Bracket: 2
	 Base: 10%
	 Effective Percent: 56,61%
Vers
	 Rating: 4252
	 Multiplicative Factor: 0%
	 Eff: 6592
	 DR Bracket: 0
	 Base: 3%
	 Effective Percent: 8,45%
Leech
	 Rating: 3746
	 Multiplicative Factor: 0%
	 Eff: 3746
	 DR Bracket: 0
	 Base: 0%
	 Effective Percent: 3,67%
Avoidance
	 Rating: 1146
	 Multiplicative Factor: 0%
	 Eff: 1146
	 DR Bracket: 0
	 Base: 0%
	 Effective Percent: 2,11%
Mastery
	 Rating: 13086
	 Multiplicative Factor: 0%
	 Eff: 22886
	 DR Bracket: 0
	 Base: 21%
	 Effective Percent: 49,04%
----------------------
02:56,276

Intellect
	 Rating: 120295
	 Multiplicative Factor: 12,48%
	 Eff: 120295
Stamina
	 Rating: 729804
	 Multiplicative Factor: 6%
	 Eff: 729803,8095238095
Crit
	 Rating: 10154
	 Multiplicative Factor: 0%
	 Eff: 26954
	 DR Bracket: 0
	 Base: 24%
	 Effective Percent: 38,51%
	 Crit Inc Heal: 2
	 Crit Inc Damage: 2
Haste
	 Rating: 29184
	 Multiplicative Factor: 0%
	 Eff: 39243,263999999996
	 DR Bracket: 2
	 Base: 12%
	 Effective Percent: 59,46%
Vers
	 Rating: 4252
	 Multiplicative Factor: 0%
	 Eff: 6592
	 DR Bracket: 0
	 Base: 3%
	 Effective Percent: 8,45%
Leech
	 Rating: 3746
	 Multiplicative Factor: 0%
	 Eff: 3746
	 DR Bracket: 0
	 Base: 0%
	 Effective Percent: 3,67%
Avoidance
	 Rating: 1146
	 Multiplicative Factor: 0%
	 Eff: 1146
	 DR Bracket: 0
	 Base: 0%
	 Effective Percent: 2,11%
Mastery
	 Rating: 13086
	 Multiplicative Factor: 0%
	 Eff: 22886
	 DR Bracket: 0
	 Base: 21%
	 Effective Percent: 49,04%
----------------------
02:57,243

Intellect
	 Rating: 120295
	 Multiplicative Factor: 12,48%
	 Eff: 120295
Stamina
	 Rating: 729804
	 Multiplicative Factor: 6%
	 Eff: 729803,8095238095
Crit
	 Rating: 10154
	 Multiplicative Factor: 0%
	 Eff: 26954
	 DR Bracket: 0
	 Base: 24%
	 Effective Percent: 38,51%
	 Crit Inc Heal: 2
	 Crit Inc Damage: 2
Haste
	 Rating: 29184
	 Multiplicative Factor: 0%
	 Eff: 41122,608
	 DR Bracket: 2
	 Base: 14%
	 Effective Percent: 62,31%
Vers
	 Rating: 4252
	 Multiplicative Factor: 0%
	 Eff: 6592
	 DR Bracket: 0
	 Base: 3%
	 Effective Percent: 8,45%
Leech
	 Rating: 3746
	 Multiplicative Factor: 0%
	 Eff: 3746
	 DR Bracket: 0
	 Base: 0%
	 Effective Percent: 3,67%
Avoidance
	 Rating: 1146
	 Multiplicative Factor: 0%
	 Eff: 1146
	 DR Bracket: 0
	 Base: 0%
	 Effective Percent: 2,11%
Mastery
	 Rating: 13086
	 Multiplicative Factor: 0%
	 Eff: 22886
	 DR Bracket: 0
	 Base: 21%
	 Effective Percent: 49,04%
----------------------
03:03,633

Intellect
	 Rating: 120295
	 Multiplicative Factor: 12,48%
	 Eff: 120295
Stamina
	 Rating: 729804
	 Multiplicative Factor: 6%
	 Eff: 729803,8095238095
Crit
	 Rating: 10154
	 Multiplicative Factor: 0%
	 Eff: 26954
	 DR Bracket: 0
	 Base: 24%
	 Effective Percent: 38,51%
	 Crit Inc Heal: 2
	 Crit Inc Damage: 2
Haste
	 Rating: 29184
	 Multiplicative Factor: 0%
	 Eff: 39243,263999999996
	 DR Bracket: 2
	 Base: 12%
	 Effective Percent: 59,46%
Vers
	 Rating: 4252
	 Multiplicative Factor: 0%
	 Eff: 6592
	 DR Bracket: 0
	 Base: 3%
	 Effective Percent: 8,45%
Leech
	 Rating: 3746
	 Multiplicative Factor: 0%
	 Eff: 3746
	 DR Bracket: 0
	 Base: 0%
	 Effective Percent: 3,67%
Avoidance
	 Rating: 1146
	 Multiplicative Factor: 0%
	 Eff: 1146
	 DR Bracket: 0
	 Base: 0%
	 Effective Percent: 2,11%
Mastery
	 Rating: 13086
	 Multiplicative Factor: 0%
	 Eff: 22886
	 DR Bracket: 0
	 Base: 21%
	 Effective Percent: 49,04%
----------------------
03:06,034

Intellect
	 Rating: 120295
	 Multiplicative Factor: 12,48%
	 Eff: 120295
Stamina
	 Rating: 729804
	 Multiplicative Factor: 6%
	 Eff: 729803,8095238095
Crit
	 Rating: 10154
	 Multiplicative Factor: 0%
	 Eff: 26954
	 DR Bracket: 0
	 Base: 24%
	 Effective Percent: 38,51%
	 Crit Inc Heal: 2
	 Crit Inc Damage: 2
Haste
	 Rating: 29184
	 Multiplicative Factor: 0%
	 Eff: 37363,92
	 DR Bracket: 2
	 Base: 10%
	 Effective Percent: 56,61%
Vers
	 Rating: 4252
	 Multiplicative Factor: 0%
	 Eff: 6592
	 DR Bracket: 0
	 Base: 3%
	 Effective Percent: 8,45%
Leech
	 Rating: 3746
	 Multiplicative Factor: 0%
	 Eff: 3746
	 DR Bracket: 0
	 Base: 0%
	 Effective Percent: 3,67%
Avoidance
	 Rating: 1146
	 Multiplicative Factor: 0%
	 Eff: 1146
	 DR Bracket: 0
	 Base: 0%
	 Effective Percent: 2,11%
Mastery
	 Rating: 13086
	 Multiplicative Factor: 0%
	 Eff: 22886
	 DR Bracket: 0
	 Base: 21%
	 Effective Percent: 49,04%
----------------------
03:06,034

Intellect
	 Rating: 120295
	 Multiplicative Factor: 12,48%
	 Eff: 120295
Stamina
	 Rating: 729804
	 Multiplicative Factor: 6%
	 Eff: 729803,8095238095
Crit
	 Rating: 10154
	 Multiplicative Factor: 0%
	 Eff: 26954
	 DR Bracket: 0
	 Base: 24%
	 Effective Percent: 38,51%
	 Crit Inc Heal: 2
	 Crit Inc Damage: 2
Haste
	 Rating: 29184
	 Multiplicative Factor: 0%
	 Eff: 35484,576
	 DR Bracket: 2
	 Base: 8%
	 Effective Percent: 53,76%
Vers
	 Rating: 4252
	 Multiplicative Factor: 0%
	 Eff: 6592
	 DR Bracket: 0
	 Base: 3%
	 Effective Percent: 8,45%
Leech
	 Rating: 3746
	 Multiplicative Factor: 0%
	 Eff: 3746
	 DR Bracket: 0
	 Base: 0%
	 Effective Percent: 3,67%
Avoidance
	 Rating: 1146
	 Multiplicative Factor: 0%
	 Eff: 1146
	 DR Bracket: 0
	 Base: 0%
	 Effective Percent: 2,11%
Mastery
	 Rating: 13086
	 Multiplicative Factor: 0%
	 Eff: 22886
	 DR Bracket: 0
	 Base: 21%
	 Effective Percent: 49,04%
----------------------
03:06,034

Intellect
	 Rating: 120295
	 Multiplicative Factor: 12,48%
	 Eff: 120295
Stamina
	 Rating: 729804
	 Multiplicative Factor: 6%
	 Eff: 729803,8095238095
Crit
	 Rating: 10154
	 Multiplicative Factor: 0%
	 Eff: 26954
	 DR Bracket: 0
	 Base: 24%
	 Effective Percent: 38,51%
	 Crit Inc Heal: 2
	 Crit Inc Damage: 2
Haste
	 Rating: 29184
	 Multiplicative Factor: 0%
	 Eff: 33605,232
	 DR Bracket: 2
	 Base: 6%
	 Effective Percent: 50,92%
Vers
	 Rating: 4252
	 Multiplicative Factor: 0%
	 Eff: 6592
	 DR Bracket: 0
	 Base: 3%
	 Effective Percent: 8,45%
Leech
	 Rating: 3746
	 Multiplicative Factor: 0%
	 Eff: 3746
	 DR Bracket: 0
	 Base: 0%
	 Effective Percent: 3,67%
Avoidance
	 Rating: 1146
	 Multiplicative Factor: 0%
	 Eff: 1146
	 DR Bracket: 0
	 Base: 0%
	 Effective Percent: 2,11%
Mastery
	 Rating: 13086
	 Multiplicative Factor: 0%
	 Eff: 22886
	 DR Bracket: 0
	 Base: 21%
	 Effective Percent: 49,04%
----------------------
03:06,034

Intellect
	 Rating: 120295
	 Multiplicative Factor: 12,48%
	 Eff: 120295
Stamina
	 Rating: 729804
	 Multiplicative Factor: 6%
	 Eff: 729803,8095238095
Crit
	 Rating: 10154
	 Multiplicative Factor: 0%
	 Eff: 26954
	 DR Bracket: 0
	 Base: 24%
	 Effective Percent: 38,51%
	 Crit Inc Heal: 2
	 Crit Inc Damage: 2
Haste
	 Rating: 29184
	 Multiplicative Factor: 0%
	 Eff: 31725,888
	 DR Bracket: 2
	 Base: 4%
	 Effective Percent: 48,07%
Vers
	 Rating: 4252
	 Multiplicative Factor: 0%
	 Eff: 6592
	 DR Bracket: 0
	 Base: 3%
	 Effective Percent: 8,45%
Leech
	 Rating: 3746
	 Multiplicative Factor: 0%
	 Eff: 3746
	 DR Bracket: 0
	 Base: 0%
	 Effective Percent: 3,67%
Avoidance
	 Rating: 1146
	 Multiplicative Factor: 0%
	 Eff: 1146
	 DR Bracket: 0
	 Base: 0%
	 Effective Percent: 2,11%
Mastery
	 Rating: 13086
	 Multiplicative Factor: 0%
	 Eff: 22886
	 DR Bracket: 0
	 Base: 21%
	 Effective Percent: 49,04%
----------------------
03:08,273

Intellect
	 Rating: 120295
	 Multiplicative Factor: 12,48%
	 Eff: 120295
Stamina
	 Rating: 729804
	 Multiplicative Factor: 6%
	 Eff: 729803,8095238095
Crit
	 Rating: 10154
	 Multiplicative Factor: 0%
	 Eff: 26954
	 DR Bracket: 0
	 Base: 24%
	 Effective Percent: 38,51%
	 Crit Inc Heal: 2
	 Crit Inc Damage: 2
Haste
	 Rating: 29184
	 Multiplicative Factor: 0%
	 Eff: 29846,544
	 DR Bracket: 2
	 Base: 2%
	 Effective Percent: 45,22%
Vers
	 Rating: 4252
	 Multiplicative Factor: 0%
	 Eff: 6592
	 DR Bracket: 0
	 Base: 3%
	 Effective Percent: 8,45%
Leech
	 Rating: 3746
	 Multiplicative Factor: 0%
	 Eff: 3746
	 DR Bracket: 0
	 Base: 0%
	 Effective Percent: 3,67%
Avoidance
	 Rating: 1146
	 Multiplicative Factor: 0%
	 Eff: 1146
	 DR Bracket: 0
	 Base: 0%
	 Effective Percent: 2,11%
Mastery
	 Rating: 13086
	 Multiplicative Factor: 0%
	 Eff: 22886
	 DR Bracket: 0
	 Base: 21%
	 Effective Percent: 49,04%
----------------------
03:09,263

Intellect
	 Rating: 120295
	 Multiplicative Factor: 12,48%
	 Eff: 120295
Stamina
	 Rating: 729804
	 Multiplicative Factor: 6%
	 Eff: 729803,8095238095
Crit
	 Rating: 10154
	 Multiplicative Factor: 0%
	 Eff: 26954
	 DR Bracket: 0
	 Base: 24%
	 Effective Percent: 38,51%
	 Crit Inc Heal: 2
	 Crit Inc Damage: 2
Haste
	 Rating: 29184
	 Multiplicative Factor: 0%
	 Eff: 27967,2
	 DR Bracket: 2
	 Base: 0%
	 Effective Percent: 42,37%
Vers
	 Rating: 4252
	 Multiplicative Factor: 0%
	 Eff: 6592
	 DR Bracket: 0
	 Base: 3%
	 Effective Percent: 8,45%
Leech
	 Rating: 3746
	 Multiplicative Factor: 0%
	 Eff: 3746
	 DR Bracket: 0
	 Base: 0%
	 Effective Percent: 3,67%
Avoidance
	 Rating: 1146
	 Multiplicative Factor: 0%
	 Eff: 1146
	 DR Bracket: 0
	 Base: 0%
	 Effective Percent: 2,11%
Mastery
	 Rating: 13086
	 Multiplicative Factor: 0%
	 Eff: 22886
	 DR Bracket: 0
	 Base: 21%
	 Effective Percent: 49,04%
----------------------
03:13,996

Intellect
	 Rating: 120295
	 Multiplicative Factor: 12,48%
	 Eff: 120295
Stamina
	 Rating: 729804
	 Multiplicative Factor: 6%
	 Eff: 729803,8095238095
Crit
	 Rating: 10154
	 Multiplicative Factor: 0%
	 Eff: 16454
	 DR Bracket: 0
	 Base: 9%
	 Effective Percent: 23,51%
	 Crit Inc Heal: 2
	 Crit Inc Damage: 2
Haste
	 Rating: 29184
	 Multiplicative Factor: 0%
	 Eff: 27967,2
	 DR Bracket: 2
	 Base: 0%
	 Effective Percent: 42,37%
Vers
	 Rating: 4252
	 Multiplicative Factor: 0%
	 Eff: 6592
	 DR Bracket: 0
	 Base: 3%
	 Effective Percent: 8,45%
Leech
	 Rating: 3746
	 Multiplicative Factor: 0%
	 Eff: 3746
	 DR Bracket: 0
	 Base: 0%
	 Effective Percent: 3,67%
Avoidance
	 Rating: 1146
	 Multiplicative Factor: 0%
	 Eff: 1146
	 DR Bracket: 0
	 Base: 0%
	 Effective Percent: 2,11%
Mastery
	 Rating: 13086
	 Multiplicative Factor: 0%
	 Eff: 22886
	 DR Bracket: 0
	 Base: 21%
	 Effective Percent: 49,04%
