-----------
A Just Reward
-----------
Avenging Crusader
-----------
Avenging Wrath
-----------
Aura Mastery
-----------
Barrier of Faith
-----------
Beacon of Faith
-----------
Beacon of Light
	Eff: 468,9888025063485
-----------
Beacon of Virtue
-----------
Bestow Light
-----------
Blessing of Freedom
-----------
Blessing of Protection
-----------
Blinding Light
-----------
Cleanse
-----------
Consecration
-----------
Consecration Aura
-----------
Crusader Strike
-----------
Dawnlight
	Eff: 1538,6422593045918
-----------
Divine Shield
-----------
DivineGuidance
-----------
Divine Toll
-----------
Eternal Flame
	Eff: 708,211603924388
-----------
Eye for an Eye
-----------
Flash of Light
	Eff: 529,9160795286734
-----------
Forge's Reckoning
-----------
Golden Path
-----------
Greater Judgment
	Eff: 46,48596793955949
-----------
Hammer and Anvil
-----------
Hammer of Justice
-----------
Hammer of Wrath
-----------
Holy Light
-----------
Holy Prism
	Eff: 392,59516266341234
	Dmg: 88,29931908461731
-----------
Holy Ritual
	Eff: 10,34725505959068
-----------
Holy Shock
	Eff: 1368,7190159816928
-----------
Intercession
-----------
Judgment
	Dmg: 96,04093767609447
-----------
Judgment of Light
	Eff: 29,485187724199932
-----------
Lay on Hands
-----------
Lesser Weapon
-----------
Light of Dawn
	Eff: 1634,0589180844381
-----------
Light of the Martyr
-----------
Merciful Auras
	Eff: 202,44558587128722
-----------
Overflowing Light
	Eff: 246,2482504257273
-----------
Pillar of Lights (Passive)
	Eff: 34,342077264984255
-----------
Pillar of Lights
-----------
Radiant Aura
-----------
Repentance
-----------
Resplendent Light
-----------
Rite of Adjuration
-----------
Sacred Word
-----------
Sacred Weapon
-----------
Saved by the Light
	Eff: 180,8547853223572
-----------
Seal of the Crusader
-----------
Selfless Healer
	Eff: 62,3613927304541
-----------
Shield of the Righteous
-----------
Shining Righteousness
-----------
Sun's Avatar
	Eff: 450,33945290363044
	Dmg: 1,2434154530019441
-----------
Sun Sear
	Eff: 505,8286362680899
-----------
Truth Prevails
-----------
Turn Evil
-----------
Tyr's Deliverance
-----------
Veneration
-----------
Word of Glory
-----------
Leech
	Eff: 459,52485471483715
-----------
Blessing of Summer
-----------
Holy Bulwark
-----------
ZeroCIMDummy
-----------
Lightforged Blessing
-----------
Melee
	Dmg: 21,197229052129842
-----------
Lightbearer
-----------
Ethereal Reconstitution
	Eff: 245,00325089560647
-----------
Ethereal Guard
	Eff: 723,817772357479
-----------
Shattered Soul's Embrace
-----------
Authority of Fiery Resolve
-----------
Voidglass Barrier
	Eff: 247,91982693404498
-----------
Barrier of the Oathsworn
-----------
Spirit Link
-----------
Earthen Wall
-----------
Divine Protection
