-----------
EssenceRegenDummy
-----------
Azure Strike
-----------
Blessing of the Bronze
-----------
Cauterizing Flame
-----------
Chrono Flames
-----------
Chrono Flame
	Eff: 8,002680175675172E-09
	Dmg: 1,557054929435253E-08
-----------
Consume Flame
-----------
Deep Breath
-----------
Disintegrate
-----------
Dream Breath
	Eff: 3,0182363937681274E-08
-----------
Dream Breath (Echo)
-----------
Dream Flight
	Eff: 2,8037522352161458E-08
-----------
Echo
-----------
Emerald Blossom
	Eff: 1,0985114949791926E-07
-----------
Engulf
-----------
Enkindle
-----------
Expunge
-----------
Fire Breath
	Dmg: 3,459626896074042E-08
-----------
Fluttering Seedlings
	Eff: 1,7624914459182708E-08
-----------
Golden Hour
-----------
Landslide
-----------
Lifebind
-----------
Life-Giver's Flame
	Eff: 2,0750576368300244E-08
-----------
Living Flame
	Eff: 7,087460486375937E-08
	Dmg: 6,938353180885315E-08
-----------
Naturalize
-----------
Oppressing Roar
-----------
Panacea
	Eff: 1,1678409848191199E-08
-----------
Rewind
-----------
Renewing Blaze
-----------
Reversion
-----------
Reversion (Echo)
-----------
Sleep Walk
-----------
Source of Magic
-----------
Spatial Paradox
-----------
Spiritbloom
	Eff: 1,695222436551126E-08
-----------
Spiritbloom (Echo)
	Eff: 4,261686192895778E-08
-----------
Stasis
-----------
Stasis (Release)
-----------
Tail Swipe
-----------
Temporal Anomaly
-----------
Time Spiral
-----------
Tip the Scales
-----------
Unravel
-----------
Verdant Embrace
	Eff: 2,3283064365386963E-10
-----------
Zephyr
-----------
Leech
-----------
Blessing of Summer
-----------
Holy Bulwark
-----------
ZeroCIMDummy
-----------
Thread of Fate
-----------
Tempered Potion
-----------
Cycle of Life
-----------
Ethereal Reconstitution
	Eff: 9,162277725041004E-10
-----------
Stasis (Store)
-----------
Ethereal Guard
	Eff: 4,94765117764473E-10
-----------
Hover
-----------
Voidglass Barrier
-----------
Voidglass Shards
-----------
Spirit Link
-----------
Obsidian Scales
