-----------
EssenceRegenDummy
-----------
Azure Strike
-----------
Blessing of the Bronze
-----------
Cauterizing Flame
-----------
Chrono Flames
-----------
Chrono Flame
	Eff: 767,1841803514604
	Dmg: 1296,1038385906722
-----------
Consume Flame
-----------
Deep Breath
-----------
Disintegrate
-----------
Dream Breath
	Eff: 1799,9381674554638
-----------
Dream Breath (Echo)
-----------
Dream Flight
	Eff: 1329,2780843242488
-----------
Echo
-----------
Emerald Blossom
	Eff: 6049,551532282285
-----------
Engulf
-----------
Enkindle
-----------
Expunge
-----------
Fire Breath
	Dmg: 1893,8012600408638
-----------
Fluttering Seedlings
	Eff: 1120,920275334615
-----------
Golden Hour
-----------
Landslide
-----------
Lifebind
	Eff: 198,61994030719507
-----------
Life-Giver's Flame
	Eff: 914,5782639344206
-----------
Living Flame
	Eff: 3597,0549333461745
	Dmg: 3437,4829329403583
-----------
Naturalize
-----------
Oppressing Roar
-----------
Panacea
	Eff: 679,1784120236438
-----------
Rewind
-----------
Renewing Blaze
-----------
Reversion
-----------
Reversion (Echo)
-----------
Sleep Walk
-----------
Source of Magic
-----------
Spatial Paradox
-----------
Spiritbloom
	Eff: 1047,4085646777994
-----------
Spiritbloom (Echo)
	Eff: 2220,177847938802
-----------
Stasis
-----------
Stasis (Release)
-----------
Tail Swipe
-----------
Temporal Anomaly
-----------
Time Spiral
-----------
Tip the Scales
-----------
Unravel
-----------
Verdant Embrace
	Eff: 2,3283064365386963E-10
-----------
Zephyr
-----------
Leech
	Eff: 134,6840702024383
-----------
Blessing of Summer
-----------
Holy Bulwark
-----------
ZeroCIMDummy
-----------
Lightforged Blessing
-----------
Thread of Fate
-----------
Tempered Potion
-----------
Cycle of Life
-----------
Ethereal Reconstitution
	Eff: 365,09456841481745
-----------
Stasis (Store)
-----------
Ethereal Guard
	Eff: 1078,7373940895486
-----------
Hover
-----------
Voidglass Barrier
-----------
Voidglass Shards
-----------
Spirit Link
-----------
Obsidian Scales
