-----------
EssenceRegenDummy
-----------
Azure Strike
-----------
Blessing of the Bronze
-----------
Cauterizing Flame
-----------
Chrono Flames
-----------
Chrono Flame
	Eff: 492,9770934164403
	Dmg: 1,557054929435253E-08
-----------
Consume Flame
-----------
Deep Breath
-----------
Disintegrate
-----------
Dream Breath
	Eff: 2053,3844193833706
-----------
Dream Breath (Echo)
-----------
Dream Flight
	Eff: 1834,0249051705352
-----------
Echo
-----------
Emerald Blossom
	Eff: 7763,775437317709
-----------
Engulf
-----------
Enkindle
-----------
Expunge
-----------
Fire Breath
	Dmg: 3,459626896074042E-08
-----------
Fluttering Seedlings
	Eff: 1397,6507726728257
-----------
Golden Hour
-----------
Landslide
-----------
Lifebind
	Eff: 180,65503689330944
-----------
Life-Giver's Flame
	Eff: 2,0750576368300244E-08
-----------
Living Flame
	Eff: 5359,380594048196
	Dmg: 6,938353180885315E-08
-----------
Naturalize
-----------
Oppressing Roar
-----------
Panacea
	Eff: 885,7803495569809
-----------
Rewind
-----------
Renewing Blaze
-----------
Reversion
-----------
Reversion (Echo)
-----------
Sleep Walk
-----------
Source of Magic
-----------
Spatial Paradox
-----------
Spiritbloom
	Eff: 1245,455187019797
-----------
Spiritbloom (Echo)
	Eff: 2860,8651783310434
-----------
Stasis
-----------
Stasis (Release)
-----------
Tail Swipe
-----------
Temporal Anomaly
-----------
Time Spiral
-----------
Tip the Scales
-----------
Unravel
-----------
Verdant Embrace
	Eff: 23,822015831479803
-----------
Zephyr
-----------
Leech
-----------
Blessing of Summer
-----------
Holy Bulwark
-----------
ZeroCIMDummy
-----------
Thread of Fate
-----------
Tempered Potion
-----------
Cycle of Life
-----------
Ethereal Reconstitution
	Eff: 9,162277725041004E-10
-----------
Stasis (Store)
-----------
Ethereal Guard
	Eff: 4,94765117764473E-10
-----------
Hover
-----------
Voidglass Barrier
-----------
Voidglass Shards
-----------
Spirit Link
-----------
Obsidian Scales
