----------------------
00:00,449

Intellect
	 Rating: 149085
	 Multiplicative Factor: 13,56%
	 Eff: 149085,30000000002
Stamina
	 Rating: 879958
	 Multiplicative Factor: 11,3%
	 Eff: 879958
Crit
	 Rating: 19738
	 Multiplicative Factor: 0%
	 Eff: 23238,000000000004
	 DR Bracket: 0
	 Base: 5%
	 Effective Percent: 33,2%
	 Crit Inc Heal: 2
	 Crit Inc Damage: 2
Haste
	 Rating: 21194
	 Multiplicative Factor: 0%
	 Eff: 21925,145999999997
	 DR Bracket: 1
	 Base: 1%
	 Effective Percent: 33,22%
Vers
	 Rating: 6301
	 Multiplicative Factor: 0%
	 Eff: 8641
	 DR Bracket: 0
	 Base: 3%
	 Effective Percent: 11,08%
Leech
	 Rating: 0
	 Multiplicative Factor: 0%
	 Eff: 2039,99025
	 DR Bracket: 0
	 Base: 2%
	 Effective Percent: 2%
Avoidance
	 Rating: 1635
	 Multiplicative Factor: 0%
	 Eff: 1635
	 DR Bracket: 0
	 Base: 0%
	 Effective Percent: 3,01%
Mastery
	 Rating: 14933
	 Multiplicative Factor: 0%
	 Eff: 21933
	 DR Bracket: 0
	 Base: 18%
	 Effective Percent: 56,4%
----------------------
00:05,742

Intellect
	 Rating: 149085
	 Multiplicative Factor: 13,56%
	 Eff: 149085,30000000002
Stamina
	 Rating: 879958
	 Multiplicative Factor: 11,3%
	 Eff: 879958
Crit
	 Rating: 19738
	 Multiplicative Factor: 0%
	 Eff: 23238,000000000004
	 DR Bracket: 0
	 Base: 5%
	 Effective Percent: 33,2%
	 Crit Inc Heal: 2,6
	 Crit Inc Damage: 2
Haste
	 Rating: 21194
	 Multiplicative Factor: 0%
	 Eff: 68934,63
	 DR Bracket: 1
	 Base: 55%
	 Effective Percent: 104,45%
Vers
	 Rating: 6301
	 Multiplicative Factor: 0%
	 Eff: 8641
	 DR Bracket: 0
	 Base: 3%
	 Effective Percent: 11,08%
Leech
	 Rating: 0
	 Multiplicative Factor: 0%
	 Eff: 2039,99025
	 DR Bracket: 0
	 Base: 2%
	 Effective Percent: 2%
Avoidance
	 Rating: 1635
	 Multiplicative Factor: 0%
	 Eff: 1635
	 DR Bracket: 0
	 Base: 0%
	 Effective Percent: 3,01%
Mastery
	 Rating: 14933
	 Multiplicative Factor: 0%
	 Eff: 21933
	 DR Bracket: 0
	 Base: 18%
	 Effective Percent: 56,4%
----------------------
00:10,784

Intellect
	 Rating: 149085
	 Multiplicative Factor: 13,56%
	 Eff: 149085,30000000002
Stamina
	 Rating: 879958
	 Multiplicative Factor: 11,3%
	 Eff: 879958
Crit
	 Rating: 25723
	 Multiplicative Factor: 0%
	 Eff: 28750,58901479505
	 DR Bracket: 1
	 Base: 5%
	 Effective Percent: 41,07%
	 Crit Inc Heal: 2,6
	 Crit Inc Damage: 2
Haste
	 Rating: 21194
	 Multiplicative Factor: 0%
	 Eff: 64581,899999999994
	 DR Bracket: 1
	 Base: 50%
	 Effective Percent: 97,85%
Vers
	 Rating: 6301
	 Multiplicative Factor: 0%
	 Eff: 8641
	 DR Bracket: 0
	 Base: 3%
	 Effective Percent: 11,08%
Leech
	 Rating: 0
	 Multiplicative Factor: 0%
	 Eff: 2039,99025
	 DR Bracket: 0
	 Base: 2%
	 Effective Percent: 2%
Avoidance
	 Rating: 1635
	 Multiplicative Factor: 0%
	 Eff: 1635
	 DR Bracket: 0
	 Base: 0%
	 Effective Percent: 3,01%
Mastery
	 Rating: 14933
	 Multiplicative Factor: 0%
	 Eff: 21933
	 DR Bracket: 0
	 Base: 18%
	 Effective Percent: 56,4%
----------------------
00:15,919

Intellect
	 Rating: 149085
	 Multiplicative Factor: 13,56%
	 Eff: 149085,30000000002
Stamina
	 Rating: 879958
	 Multiplicative Factor: 11,3%
	 Eff: 879958
Crit
	 Rating: 31708
	 Multiplicative Factor: 0%
	 Eff: 33766,202692968975
	 DR Bracket: 2
	 Base: 5%
	 Effective Percent: 48,24%
	 Crit Inc Heal: 2,6
	 Crit Inc Damage: 2
Haste
	 Rating: 21194
	 Multiplicative Factor: 0%
	 Eff: 60229,17
	 DR Bracket: 1
	 Base: 45%
	 Effective Percent: 91,26%
Vers
	 Rating: 6301
	 Multiplicative Factor: 0%
	 Eff: 8641
	 DR Bracket: 0
	 Base: 3%
	 Effective Percent: 11,08%
Leech
	 Rating: 0
	 Multiplicative Factor: 0%
	 Eff: 2039,99025
	 DR Bracket: 0
	 Base: 2%
	 Effective Percent: 2%
Avoidance
	 Rating: 1635
	 Multiplicative Factor: 0%
	 Eff: 1635
	 DR Bracket: 0
	 Base: 0%
	 Effective Percent: 3,01%
Mastery
	 Rating: 14933
	 Multiplicative Factor: 0%
	 Eff: 21933
	 DR Bracket: 0
	 Base: 18%
	 Effective Percent: 56,4%
----------------------
00:21,065

Intellect
	 Rating: 149085
	 Multiplicative Factor: 13,56%
	 Eff: 149085,30000000002
Stamina
	 Rating: 879958
	 Multiplicative Factor: 11,3%
	 Eff: 879958
Crit
	 Rating: 25723
	 Multiplicative Factor: 0%
	 Eff: 28750,58901479505
	 DR Bracket: 1
	 Base: 5%
	 Effective Percent: 41,07%
	 Crit Inc Heal: 2,6
	 Crit Inc Damage: 2
Haste
	 Rating: 21194
	 Multiplicative Factor: 0%
	 Eff: 55876,439999999995
	 DR Bracket: 1
	 Base: 40%
	 Effective Percent: 84,66%
Vers
	 Rating: 6301
	 Multiplicative Factor: 0%
	 Eff: 8641
	 DR Bracket: 0
	 Base: 3%
	 Effective Percent: 11,08%
Leech
	 Rating: 0
	 Multiplicative Factor: 0%
	 Eff: 2039,99025
	 DR Bracket: 0
	 Base: 2%
	 Effective Percent: 2%
Avoidance
	 Rating: 1635
	 Multiplicative Factor: 0%
	 Eff: 1635
	 DR Bracket: 0
	 Base: 0%
	 Effective Percent: 3,01%
Mastery
	 Rating: 14933
	 Multiplicative Factor: 0%
	 Eff: 21933
	 DR Bracket: 0
	 Base: 18%
	 Effective Percent: 56,4%
----------------------
00:26,118

Intellect
	 Rating: 149085
	 Multiplicative Factor: 13,56%
	 Eff: 149085,30000000002
Stamina
	 Rating: 879958
	 Multiplicative Factor: 11,3%
	 Eff: 879958
Crit
	 Rating: 19738
	 Multiplicative Factor: 0%
	 Eff: 23238,000000000004
	 DR Bracket: 0
	 Base: 5%
	 Effective Percent: 33,2%
	 Crit Inc Heal: 2,6
	 Crit Inc Damage: 2
Haste
	 Rating: 21194
	 Multiplicative Factor: 0%
	 Eff: 56746,986
	 DR Bracket: 1
	 Base: 41%
	 Effective Percent: 85,98%
Vers
	 Rating: 6301
	 Multiplicative Factor: 0%
	 Eff: 8641
	 DR Bracket: 0
	 Base: 3%
	 Effective Percent: 11,08%
Leech
	 Rating: 0
	 Multiplicative Factor: 0%
	 Eff: 2039,99025
	 DR Bracket: 0
	 Base: 2%
	 Effective Percent: 2%
Avoidance
	 Rating: 1635
	 Multiplicative Factor: 0%
	 Eff: 1635
	 DR Bracket: 0
	 Base: 0%
	 Effective Percent: 3,01%
Mastery
	 Rating: 14933
	 Multiplicative Factor: 0%
	 Eff: 21933
	 DR Bracket: 0
	 Base: 18%
	 Effective Percent: 56,4%
----------------------
00:31,192

Intellect
	 Rating: 149085
	 Multiplicative Factor: 13,56%
	 Eff: 149085,30000000002
Stamina
	 Rating: 879958
	 Multiplicative Factor: 11,3%
	 Eff: 879958
Crit
	 Rating: 19738
	 Multiplicative Factor: 0%
	 Eff: 23238,000000000004
	 DR Bracket: 0
	 Base: 5%
	 Effective Percent: 33,2%
	 Crit Inc Heal: 2,6
	 Crit Inc Damage: 2
Haste
	 Rating: 21194
	 Multiplicative Factor: 0%
	 Eff: 52394,255999999994
	 DR Bracket: 1
	 Base: 36%
	 Effective Percent: 79,39%
Vers
	 Rating: 6301
	 Multiplicative Factor: 0%
	 Eff: 8641
	 DR Bracket: 0
	 Base: 3%
	 Effective Percent: 11,08%
Leech
	 Rating: 0
	 Multiplicative Factor: 0%
	 Eff: 2039,99025
	 DR Bracket: 0
	 Base: 2%
	 Effective Percent: 2%
Avoidance
	 Rating: 1635
	 Multiplicative Factor: 0%
	 Eff: 1635
	 DR Bracket: 0
	 Base: 0%
	 Effective Percent: 3,01%
Mastery
	 Rating: 14933
	 Multiplicative Factor: 0%
	 Eff: 21933
	 DR Bracket: 0
	 Base: 18%
	 Effective Percent: 56,4%
----------------------
00:36,276

Intellect
	 Rating: 149085
	 Multiplicative Factor: 13,56%
	 Eff: 149085,30000000002
Stamina
	 Rating: 879958
	 Multiplicative Factor: 11,3%
	 Eff: 879958
Crit
	 Rating: 19738
	 Multiplicative Factor: 0%
	 Eff: 23238,000000000004
	 DR Bracket: 0
	 Base: 5%
	 Effective Percent: 33,2%
	 Crit Inc Heal: 2,6
	 Crit Inc Damage: 2
Haste
	 Rating: 21194
	 Multiplicative Factor: 0%
	 Eff: 47170,979999999996
	 DR Bracket: 1
	 Base: 30%
	 Effective Percent: 71,47%
Vers
	 Rating: 6301
	 Multiplicative Factor: 0%
	 Eff: 8641
	 DR Bracket: 0
	 Base: 3%
	 Effective Percent: 11,08%
Leech
	 Rating: 0
	 Multiplicative Factor: 0%
	 Eff: 2039,99025
	 DR Bracket: 0
	 Base: 2%
	 Effective Percent: 2%
Avoidance
	 Rating: 1635
	 Multiplicative Factor: 0%
	 Eff: 1635
	 DR Bracket: 0
	 Base: 0%
	 Effective Percent: 3,01%
Mastery
	 Rating: 14933
	 Multiplicative Factor: 0%
	 Eff: 21933
	 DR Bracket: 0
	 Base: 18%
	 Effective Percent: 56,4%
----------------------
00:41,322

Intellect
	 Rating: 149085
	 Multiplicative Factor: 13,56%
	 Eff: 149085,30000000002
Stamina
	 Rating: 879958
	 Multiplicative Factor: 11,3%
	 Eff: 879958
Crit
	 Rating: 25723
	 Multiplicative Factor: 0%
	 Eff: 28750,58901479505
	 DR Bracket: 1
	 Base: 5%
	 Effective Percent: 41,07%
	 Crit Inc Heal: 2,6
	 Crit Inc Damage: 2
Haste
	 Rating: 21194
	 Multiplicative Factor: 0%
	 Eff: 47170,979999999996
	 DR Bracket: 1
	 Base: 30%
	 Effective Percent: 71,47%
Vers
	 Rating: 6301
	 Multiplicative Factor: 0%
	 Eff: 8641
	 DR Bracket: 0
	 Base: 3%
	 Effective Percent: 11,08%
Leech
	 Rating: 0
	 Multiplicative Factor: 0%
	 Eff: 2039,99025
	 DR Bracket: 0
	 Base: 2%
	 Effective Percent: 2%
Avoidance
	 Rating: 1635
	 Multiplicative Factor: 0%
	 Eff: 1635
	 DR Bracket: 0
	 Base: 0%
	 Effective Percent: 3,01%
Mastery
	 Rating: 14933
	 Multiplicative Factor: 0%
	 Eff: 21933
	 DR Bracket: 0
	 Base: 18%
	 Effective Percent: 56,4%
----------------------
00:46,687

Intellect
	 Rating: 149085
	 Multiplicative Factor: 13,56%
	 Eff: 149085,30000000002
Stamina
	 Rating: 879958
	 Multiplicative Factor: 11,3%
	 Eff: 879958
Crit
	 Rating: 31708
	 Multiplicative Factor: 0%
	 Eff: 33766,202692968975
	 DR Bracket: 2
	 Base: 5%
	 Effective Percent: 48,24%
	 Crit Inc Heal: 2,6
	 Crit Inc Damage: 2
Haste
	 Rating: 21194
	 Multiplicative Factor: 0%
	 Eff: 21054,6
	 DR Bracket: 1
	 Base: 0%
	 Effective Percent: 31,9%
Vers
	 Rating: 6301
	 Multiplicative Factor: 0%
	 Eff: 8641
	 DR Bracket: 0
	 Base: 3%
	 Effective Percent: 11,08%
Leech
	 Rating: 0
	 Multiplicative Factor: 0%
	 Eff: 2039,99025
	 DR Bracket: 0
	 Base: 2%
	 Effective Percent: 2%
Avoidance
	 Rating: 1635
	 Multiplicative Factor: 0%
	 Eff: 1635
	 DR Bracket: 0
	 Base: 0%
	 Effective Percent: 3,01%
Mastery
	 Rating: 14933
	 Multiplicative Factor: 0%
	 Eff: 21933
	 DR Bracket: 0
	 Base: 18%
	 Effective Percent: 56,4%
----------------------
00:51,754

Intellect
	 Rating: 149085
	 Multiplicative Factor: 13,56%
	 Eff: 149085,30000000002
Stamina
	 Rating: 879958
	 Multiplicative Factor: 11,3%
	 Eff: 879958
Crit
	 Rating: 31708
	 Multiplicative Factor: 0%
	 Eff: 33766,202692968975
	 DR Bracket: 2
	 Base: 5%
	 Effective Percent: 48,24%
	 Crit Inc Heal: 2,6
	 Crit Inc Damage: 2
Haste
	 Rating: 21194
	 Multiplicative Factor: 0%
	 Eff: 27148,422
	 DR Bracket: 1
	 Base: 7%
	 Effective Percent: 41,13%
Vers
	 Rating: 6301
	 Multiplicative Factor: 0%
	 Eff: 8641
	 DR Bracket: 0
	 Base: 3%
	 Effective Percent: 11,08%
Leech
	 Rating: 0
	 Multiplicative Factor: 0%
	 Eff: 2039,99025
	 DR Bracket: 0
	 Base: 2%
	 Effective Percent: 2%
Avoidance
	 Rating: 1635
	 Multiplicative Factor: 0%
	 Eff: 1635
	 DR Bracket: 0
	 Base: 0%
	 Effective Percent: 3,01%
Mastery
	 Rating: 14933
	 Multiplicative Factor: 0%
	 Eff: 21933
	 DR Bracket: 0
	 Base: 18%
	 Effective Percent: 56,4%
----------------------
00:56,792

Intellect
	 Rating: 149085
	 Multiplicative Factor: 13,56%
	 Eff: 149085,30000000002
Stamina
	 Rating: 879958
	 Multiplicative Factor: 11,3%
	 Eff: 879958
Crit
	 Rating: 25723
	 Multiplicative Factor: 0%
	 Eff: 28750,58901479505
	 DR Bracket: 1
	 Base: 5%
	 Effective Percent: 41,07%
	 Crit Inc Heal: 2,6
	 Crit Inc Damage: 2
Haste
	 Rating: 21194
	 Multiplicative Factor: 0%
	 Eff: 48041,526
	 DR Bracket: 1
	 Base: 31%
	 Effective Percent: 72,79%
Vers
	 Rating: 6301
	 Multiplicative Factor: 0%
	 Eff: 8641
	 DR Bracket: 0
	 Base: 3%
	 Effective Percent: 11,08%
Leech
	 Rating: 0
	 Multiplicative Factor: 0%
	 Eff: 2039,99025
	 DR Bracket: 0
	 Base: 2%
	 Effective Percent: 2%
Avoidance
	 Rating: 1635
	 Multiplicative Factor: 0%
	 Eff: 1635
	 DR Bracket: 0
	 Base: 0%
	 Effective Percent: 3,01%
Mastery
	 Rating: 14933
	 Multiplicative Factor: 0%
	 Eff: 21933
	 DR Bracket: 0
	 Base: 18%
	 Effective Percent: 56,4%
----------------------
01:01,811

Intellect
	 Rating: 149085
	 Multiplicative Factor: 13,56%
	 Eff: 149085,30000000002
Stamina
	 Rating: 879958
	 Multiplicative Factor: 11,3%
	 Eff: 879958
Crit
	 Rating: 25723
	 Multiplicative Factor: 0%
	 Eff: 28750,58901479505
	 DR Bracket: 1
	 Base: 5%
	 Effective Percent: 41,07%
	 Crit Inc Heal: 2,6
	 Crit Inc Damage: 2
Haste
	 Rating: 21194
	 Multiplicative Factor: 0%
	 Eff: 38465,52
	 DR Bracket: 1
	 Base: 20%
	 Effective Percent: 58,28%
Vers
	 Rating: 6301
	 Multiplicative Factor: 0%
	 Eff: 8641
	 DR Bracket: 0
	 Base: 3%
	 Effective Percent: 11,08%
Leech
	 Rating: 0
	 Multiplicative Factor: 0%
	 Eff: 2039,99025
	 DR Bracket: 0
	 Base: 2%
	 Effective Percent: 2%
Avoidance
	 Rating: 1635
	 Multiplicative Factor: 0%
	 Eff: 1635
	 DR Bracket: 0
	 Base: 0%
	 Effective Percent: 3,01%
Mastery
	 Rating: 14933
	 Multiplicative Factor: 0%
	 Eff: 21933
	 DR Bracket: 0
	 Base: 18%
	 Effective Percent: 56,4%
----------------------
01:06,987

Intellect
	 Rating: 149085
	 Multiplicative Factor: 13,56%
	 Eff: 149085,30000000002
Stamina
	 Rating: 879958
	 Multiplicative Factor: 11,3%
	 Eff: 879958
Crit
	 Rating: 19738
	 Multiplicative Factor: 0%
	 Eff: 23238,000000000004
	 DR Bracket: 0
	 Base: 5%
	 Effective Percent: 33,2%
	 Crit Inc Heal: 2,6
	 Crit Inc Damage: 2
Haste
	 Rating: 21194
	 Multiplicative Factor: 0%
	 Eff: 41947,704
	 DR Bracket: 1
	 Base: 24%
	 Effective Percent: 63,56%
Vers
	 Rating: 6301
	 Multiplicative Factor: 0%
	 Eff: 8641
	 DR Bracket: 0
	 Base: 3%
	 Effective Percent: 11,08%
Leech
	 Rating: 0
	 Multiplicative Factor: 0%
	 Eff: 2039,99025
	 DR Bracket: 0
	 Base: 2%
	 Effective Percent: 2%
Avoidance
	 Rating: 1635
	 Multiplicative Factor: 0%
	 Eff: 1635
	 DR Bracket: 0
	 Base: 0%
	 Effective Percent: 3,01%
Mastery
	 Rating: 14933
	 Multiplicative Factor: 0%
	 Eff: 21933
	 DR Bracket: 0
	 Base: 18%
	 Effective Percent: 56,4%
----------------------
01:12,006

Intellect
	 Rating: 149085
	 Multiplicative Factor: 13,56%
	 Eff: 149085,30000000002
Stamina
	 Rating: 879958
	 Multiplicative Factor: 11,3%
	 Eff: 879958
Crit
	 Rating: 19738
	 Multiplicative Factor: 0%
	 Eff: 23238,000000000004
	 DR Bracket: 0
	 Base: 5%
	 Effective Percent: 33,2%
	 Crit Inc Heal: 2,6
	 Crit Inc Damage: 2
Haste
	 Rating: 21194
	 Multiplicative Factor: 0%
	 Eff: 37594,974
	 DR Bracket: 1
	 Base: 19%
	 Effective Percent: 56,96%
Vers
	 Rating: 6301
	 Multiplicative Factor: 0%
	 Eff: 8641
	 DR Bracket: 0
	 Base: 3%
	 Effective Percent: 11,08%
Leech
	 Rating: 0
	 Multiplicative Factor: 0%
	 Eff: 2039,99025
	 DR Bracket: 0
	 Base: 2%
	 Effective Percent: 2%
Avoidance
	 Rating: 1635
	 Multiplicative Factor: 0%
	 Eff: 1635
	 DR Bracket: 0
	 Base: 0%
	 Effective Percent: 3,01%
Mastery
	 Rating: 14933
	 Multiplicative Factor: 0%
	 Eff: 21933
	 DR Bracket: 0
	 Base: 18%
	 Effective Percent: 56,4%
----------------------
01:17,073

Intellect
	 Rating: 141986
	 Multiplicative Factor: 8,15%
	 Eff: 141986,00000000003
Stamina
	 Rating: 879958
	 Multiplicative Factor: 11,3%
	 Eff: 879958
Crit
	 Rating: 25723
	 Multiplicative Factor: 0%
	 Eff: 28750,58901479505
	 DR Bracket: 1
	 Base: 5%
	 Effective Percent: 41,07%
	 Crit Inc Heal: 2,6
	 Crit Inc Damage: 2
Haste
	 Rating: 21194
	 Multiplicative Factor: 0%
	 Eff: 25407,329999999998
	 DR Bracket: 1
	 Base: 5%
	 Effective Percent: 38,5%
Vers
	 Rating: 6301
	 Multiplicative Factor: 0%
	 Eff: 8641
	 DR Bracket: 0
	 Base: 3%
	 Effective Percent: 11,08%
Leech
	 Rating: 0
	 Multiplicative Factor: 0%
	 Eff: 2039,99025
	 DR Bracket: 0
	 Base: 2%
	 Effective Percent: 2%
Avoidance
	 Rating: 1635
	 Multiplicative Factor: 0%
	 Eff: 1635
	 DR Bracket: 0
	 Base: 0%
	 Effective Percent: 3,01%
Mastery
	 Rating: 14933
	 Multiplicative Factor: 0%
	 Eff: 21933
	 DR Bracket: 0
	 Base: 18%
	 Effective Percent: 56,4%
----------------------
01:22,082

Intellect
	 Rating: 141986
	 Multiplicative Factor: 8,15%
	 Eff: 141986,00000000003
Stamina
	 Rating: 879958
	 Multiplicative Factor: 11,3%
	 Eff: 879958
Crit
	 Rating: 25723
	 Multiplicative Factor: 0%
	 Eff: 28750,58901479505
	 DR Bracket: 1
	 Base: 5%
	 Effective Percent: 41,07%
	 Crit Inc Heal: 2,6
	 Crit Inc Damage: 2
Haste
	 Rating: 21194
	 Multiplicative Factor: 0%
	 Eff: 21054,6
	 DR Bracket: 1
	 Base: 0%
	 Effective Percent: 31,9%
Vers
	 Rating: 6301
	 Multiplicative Factor: 0%
	 Eff: 8641
	 DR Bracket: 0
	 Base: 3%
	 Effective Percent: 11,08%
Leech
	 Rating: 0
	 Multiplicative Factor: 0%
	 Eff: 2039,99025
	 DR Bracket: 0
	 Base: 2%
	 Effective Percent: 2%
Avoidance
	 Rating: 1635
	 Multiplicative Factor: 0%
	 Eff: 1635
	 DR Bracket: 0
	 Base: 0%
	 Effective Percent: 3,01%
Mastery
	 Rating: 14933
	 Multiplicative Factor: 0%
	 Eff: 21933
	 DR Bracket: 0
	 Base: 18%
	 Effective Percent: 56,4%
----------------------
01:27,367

Intellect
	 Rating: 141986
	 Multiplicative Factor: 8,15%
	 Eff: 141986,00000000003
Stamina
	 Rating: 879958
	 Multiplicative Factor: 11,3%
	 Eff: 879958
Crit
	 Rating: 19738
	 Multiplicative Factor: 0%
	 Eff: 23238,000000000004
	 DR Bracket: 0
	 Base: 5%
	 Effective Percent: 33,2%
	 Crit Inc Heal: 2,6
	 Crit Inc Damage: 2
Haste
	 Rating: 21194
	 Multiplicative Factor: 0%
	 Eff: 21054,6
	 DR Bracket: 1
	 Base: 0%
	 Effective Percent: 31,9%
Vers
	 Rating: 6301
	 Multiplicative Factor: 0%
	 Eff: 8641
	 DR Bracket: 0
	 Base: 3%
	 Effective Percent: 11,08%
Leech
	 Rating: 0
	 Multiplicative Factor: 0%
	 Eff: 2039,99025
	 DR Bracket: 0
	 Base: 2%
	 Effective Percent: 2%
Avoidance
	 Rating: 1635
	 Multiplicative Factor: 0%
	 Eff: 1635
	 DR Bracket: 0
	 Base: 0%
	 Effective Percent: 3,01%
Mastery
	 Rating: 14933
	 Multiplicative Factor: 0%
	 Eff: 21933
	 DR Bracket: 0
	 Base: 18%
	 Effective Percent: 56,4%
----------------------
01:32,502

Intellect
	 Rating: 141986
	 Multiplicative Factor: 8,15%
	 Eff: 141986,00000000003
Stamina
	 Rating: 879958
	 Multiplicative Factor: 11,3%
	 Eff: 879958
Crit
	 Rating: 19738
	 Multiplicative Factor: 0%
	 Eff: 23238,000000000004
	 DR Bracket: 0
	 Base: 5%
	 Effective Percent: 33,2%
	 Crit Inc Heal: 2,6
	 Crit Inc Damage: 2
Haste
	 Rating: 21194
	 Multiplicative Factor: 0%
	 Eff: 21054,6
	 DR Bracket: 1
	 Base: 0%
	 Effective Percent: 31,9%
Vers
	 Rating: 6301
	 Multiplicative Factor: 0%
	 Eff: 8641
	 DR Bracket: 0
	 Base: 3%
	 Effective Percent: 11,08%
Leech
	 Rating: 0
	 Multiplicative Factor: 0%
	 Eff: 2039,99025
	 DR Bracket: 0
	 Base: 2%
	 Effective Percent: 2%
Avoidance
	 Rating: 1635
	 Multiplicative Factor: 0%
	 Eff: 1635
	 DR Bracket: 0
	 Base: 0%
	 Effective Percent: 3,01%
Mastery
	 Rating: 14933
	 Multiplicative Factor: 0%
	 Eff: 21933
	 DR Bracket: 0
	 Base: 18%
	 Effective Percent: 56,4%
----------------------
01:37,528

Intellect
	 Rating: 141986
	 Multiplicative Factor: 8,15%
	 Eff: 141986,00000000003
Stamina
	 Rating: 879958
	 Multiplicative Factor: 11,3%
	 Eff: 879958
Crit
	 Rating: 19738
	 Multiplicative Factor: 0%
	 Eff: 23238,000000000004
	 DR Bracket: 0
	 Base: 5%
	 Effective Percent: 33,2%
	 Crit Inc Heal: 2,6
	 Crit Inc Damage: 2
Haste
	 Rating: 21194
	 Multiplicative Factor: 0%
	 Eff: 28889,514
	 DR Bracket: 1
	 Base: 9%
	 Effective Percent: 43,77%
Vers
	 Rating: 6301
	 Multiplicative Factor: 0%
	 Eff: 8641
	 DR Bracket: 0
	 Base: 3%
	 Effective Percent: 11,08%
Leech
	 Rating: 0
	 Multiplicative Factor: 0%
	 Eff: 2039,99025
	 DR Bracket: 0
	 Base: 2%
	 Effective Percent: 2%
Avoidance
	 Rating: 1635
	 Multiplicative Factor: 0%
	 Eff: 1635
	 DR Bracket: 0
	 Base: 0%
	 Effective Percent: 3,01%
Mastery
	 Rating: 14933
	 Multiplicative Factor: 0%
	 Eff: 21933
	 DR Bracket: 0
	 Base: 18%
	 Effective Percent: 56,4%
----------------------
01:42,889

Intellect
	 Rating: 141986
	 Multiplicative Factor: 8,15%
	 Eff: 141986,00000000003
Stamina
	 Rating: 879958
	 Multiplicative Factor: 11,3%
	 Eff: 879958
Crit
	 Rating: 25723
	 Multiplicative Factor: 0%
	 Eff: 28750,58901479505
	 DR Bracket: 1
	 Base: 5%
	 Effective Percent: 41,07%
	 Crit Inc Heal: 2,6
	 Crit Inc Damage: 2
Haste
	 Rating: 21194
	 Multiplicative Factor: 0%
	 Eff: 28889,514
	 DR Bracket: 1
	 Base: 9%
	 Effective Percent: 43,77%
Vers
	 Rating: 6301
	 Multiplicative Factor: 0%
	 Eff: 8641
	 DR Bracket: 0
	 Base: 3%
	 Effective Percent: 11,08%
Leech
	 Rating: 0
	 Multiplicative Factor: 0%
	 Eff: 2039,99025
	 DR Bracket: 0
	 Base: 2%
	 Effective Percent: 2%
Avoidance
	 Rating: 1635
	 Multiplicative Factor: 0%
	 Eff: 1635
	 DR Bracket: 0
	 Base: 0%
	 Effective Percent: 3,01%
Mastery
	 Rating: 14933
	 Multiplicative Factor: 0%
	 Eff: 21933
	 DR Bracket: 0
	 Base: 18%
	 Effective Percent: 56,4%
----------------------
01:47,925

Intellect
	 Rating: 149085
	 Multiplicative Factor: 13,56%
	 Eff: 149085,30000000002
Stamina
	 Rating: 879958
	 Multiplicative Factor: 11,3%
	 Eff: 879958
Crit
	 Rating: 25723
	 Multiplicative Factor: 0%
	 Eff: 28750,58901479505
	 DR Bracket: 1
	 Base: 5%
	 Effective Percent: 41,07%
	 Crit Inc Heal: 2,6
	 Crit Inc Damage: 2
Haste
	 Rating: 21194
	 Multiplicative Factor: 0%
	 Eff: 43688,795999999995
	 DR Bracket: 1
	 Base: 26%
	 Effective Percent: 66,2%
Vers
	 Rating: 6301
	 Multiplicative Factor: 0%
	 Eff: 8641
	 DR Bracket: 0
	 Base: 3%
	 Effective Percent: 11,08%
Leech
	 Rating: 0
	 Multiplicative Factor: 0%
	 Eff: 2039,99025
	 DR Bracket: 0
	 Base: 2%
	 Effective Percent: 2%
Avoidance
	 Rating: 1635
	 Multiplicative Factor: 0%
	 Eff: 1635
	 DR Bracket: 0
	 Base: 0%
	 Effective Percent: 3,01%
Mastery
	 Rating: 14933
	 Multiplicative Factor: 0%
	 Eff: 21933
	 DR Bracket: 0
	 Base: 18%
	 Effective Percent: 56,4%
----------------------
01:52,967

Intellect
	 Rating: 149085
	 Multiplicative Factor: 13,56%
	 Eff: 149085,30000000002
Stamina
	 Rating: 879958
	 Multiplicative Factor: 11,3%
	 Eff: 879958
Crit
	 Rating: 19738
	 Multiplicative Factor: 0%
	 Eff: 23238,000000000004
	 DR Bracket: 0
	 Base: 5%
	 Effective Percent: 33,2%
	 Crit Inc Heal: 2,6
	 Crit Inc Damage: 2
Haste
	 Rating: 21194
	 Multiplicative Factor: 0%
	 Eff: 39336,06599999999
	 DR Bracket: 1
	 Base: 21%
	 Effective Percent: 59,6%
Vers
	 Rating: 6301
	 Multiplicative Factor: 0%
	 Eff: 8641
	 DR Bracket: 0
	 Base: 3%
	 Effective Percent: 11,08%
Leech
	 Rating: 0
	 Multiplicative Factor: 0%
	 Eff: 2039,99025
	 DR Bracket: 0
	 Base: 2%
	 Effective Percent: 2%
Avoidance
	 Rating: 1635
	 Multiplicative Factor: 0%
	 Eff: 1635
	 DR Bracket: 0
	 Base: 0%
	 Effective Percent: 3,01%
Mastery
	 Rating: 14933
	 Multiplicative Factor: 0%
	 Eff: 21933
	 DR Bracket: 0
	 Base: 18%
	 Effective Percent: 56,4%
----------------------
01:57,992

Intellect
	 Rating: 149085
	 Multiplicative Factor: 13,56%
	 Eff: 149085,30000000002
Stamina
	 Rating: 879958
	 Multiplicative Factor: 11,3%
	 Eff: 879958
Crit
	 Rating: 19738
	 Multiplicative Factor: 0%
	 Eff: 23238,000000000004
	 DR Bracket: 0
	 Base: 5%
	 Effective Percent: 33,2%
	 Crit Inc Heal: 2,6
	 Crit Inc Damage: 2
Haste
	 Rating: 21194
	 Multiplicative Factor: 0%
	 Eff: 34983,335999999996
	 DR Bracket: 1
	 Base: 16%
	 Effective Percent: 53,01%
Vers
	 Rating: 6301
	 Multiplicative Factor: 0%
	 Eff: 8641
	 DR Bracket: 0
	 Base: 3%
	 Effective Percent: 11,08%
Leech
	 Rating: 0
	 Multiplicative Factor: 0%
	 Eff: 2039,99025
	 DR Bracket: 0
	 Base: 2%
	 Effective Percent: 2%
Avoidance
	 Rating: 1635
	 Multiplicative Factor: 0%
	 Eff: 1635
	 DR Bracket: 0
	 Base: 0%
	 Effective Percent: 3,01%
Mastery
	 Rating: 14933
	 Multiplicative Factor: 0%
	 Eff: 21933
	 DR Bracket: 0
	 Base: 18%
	 Effective Percent: 56,4%
----------------------
02:03,015

Intellect
	 Rating: 149085
	 Multiplicative Factor: 13,56%
	 Eff: 149085,30000000002
Stamina
	 Rating: 879958
	 Multiplicative Factor: 11,3%
	 Eff: 879958
Crit
	 Rating: 19738
	 Multiplicative Factor: 0%
	 Eff: 23238,000000000004
	 DR Bracket: 0
	 Base: 5%
	 Effective Percent: 33,2%
	 Crit Inc Heal: 2,6
	 Crit Inc Damage: 2
Haste
	 Rating: 21194
	 Multiplicative Factor: 0%
	 Eff: 38465,52
	 DR Bracket: 1
	 Base: 20%
	 Effective Percent: 58,28%
Vers
	 Rating: 6301
	 Multiplicative Factor: 0%
	 Eff: 8641
	 DR Bracket: 0
	 Base: 3%
	 Effective Percent: 11,08%
Leech
	 Rating: 0
	 Multiplicative Factor: 0%
	 Eff: 2039,99025
	 DR Bracket: 0
	 Base: 2%
	 Effective Percent: 2%
Avoidance
	 Rating: 1635
	 Multiplicative Factor: 0%
	 Eff: 1635
	 DR Bracket: 0
	 Base: 0%
	 Effective Percent: 3,01%
Mastery
	 Rating: 14933
	 Multiplicative Factor: 0%
	 Eff: 21933
	 DR Bracket: 0
	 Base: 18%
	 Effective Percent: 56,4%
----------------------
02:08,029

Intellect
	 Rating: 149085
	 Multiplicative Factor: 13,56%
	 Eff: 149085,30000000002
Stamina
	 Rating: 879958
	 Multiplicative Factor: 11,3%
	 Eff: 879958
Crit
	 Rating: 19738
	 Multiplicative Factor: 0%
	 Eff: 23238,000000000004
	 DR Bracket: 0
	 Base: 5%
	 Effective Percent: 33,2%
	 Crit Inc Heal: 2,6
	 Crit Inc Damage: 2
Haste
	 Rating: 21194
	 Multiplicative Factor: 0%
	 Eff: 34112,78999999999
	 DR Bracket: 1
	 Base: 15%
	 Effective Percent: 51,69%
Vers
	 Rating: 6301
	 Multiplicative Factor: 0%
	 Eff: 8641
	 DR Bracket: 0
	 Base: 3%
	 Effective Percent: 11,08%
Leech
	 Rating: 0
	 Multiplicative Factor: 0%
	 Eff: 2039,99025
	 DR Bracket: 0
	 Base: 2%
	 Effective Percent: 2%
Avoidance
	 Rating: 1635
	 Multiplicative Factor: 0%
	 Eff: 1635
	 DR Bracket: 0
	 Base: 0%
	 Effective Percent: 3,01%
Mastery
	 Rating: 14933
	 Multiplicative Factor: 0%
	 Eff: 21933
	 DR Bracket: 0
	 Base: 18%
	 Effective Percent: 56,4%
----------------------
02:13,164

Intellect
	 Rating: 149085
	 Multiplicative Factor: 13,56%
	 Eff: 149085,30000000002
Stamina
	 Rating: 879958
	 Multiplicative Factor: 11,3%
	 Eff: 879958
Crit
	 Rating: 19738
	 Multiplicative Factor: 0%
	 Eff: 23238,000000000004
	 DR Bracket: 0
	 Base: 5%
	 Effective Percent: 33,2%
	 Crit Inc Heal: 2,6
	 Crit Inc Damage: 2
Haste
	 Rating: 21194
	 Multiplicative Factor: 0%
	 Eff: 21925,145999999997
	 DR Bracket: 1
	 Base: 1%
	 Effective Percent: 33,22%
Vers
	 Rating: 6301
	 Multiplicative Factor: 0%
	 Eff: 8641
	 DR Bracket: 0
	 Base: 3%
	 Effective Percent: 11,08%
Leech
	 Rating: 0
	 Multiplicative Factor: 0%
	 Eff: 2039,99025
	 DR Bracket: 0
	 Base: 2%
	 Effective Percent: 2%
Avoidance
	 Rating: 1635
	 Multiplicative Factor: 0%
	 Eff: 1635
	 DR Bracket: 0
	 Base: 0%
	 Effective Percent: 3,01%
Mastery
	 Rating: 14933
	 Multiplicative Factor: 0%
	 Eff: 21933
	 DR Bracket: 0
	 Base: 18%
	 Effective Percent: 56,4%
----------------------
02:18,224

Intellect
	 Rating: 141986
	 Multiplicative Factor: 8,15%
	 Eff: 141986,00000000003
Stamina
	 Rating: 879958
	 Multiplicative Factor: 11,3%
	 Eff: 879958
Crit
	 Rating: 19738
	 Multiplicative Factor: 0%
	 Eff: 23238,000000000004
	 DR Bracket: 0
	 Base: 5%
	 Effective Percent: 33,2%
	 Crit Inc Heal: 2,6
	 Crit Inc Damage: 2
Haste
	 Rating: 21194
	 Multiplicative Factor: 0%
	 Eff: 21054,6
	 DR Bracket: 1
	 Base: 0%
	 Effective Percent: 31,9%
Vers
	 Rating: 6301
	 Multiplicative Factor: 0%
	 Eff: 8641
	 DR Bracket: 0
	 Base: 3%
	 Effective Percent: 11,08%
Leech
	 Rating: 0
	 Multiplicative Factor: 0%
	 Eff: 2039,99025
	 DR Bracket: 0
	 Base: 2%
	 Effective Percent: 2%
Avoidance
	 Rating: 1635
	 Multiplicative Factor: 0%
	 Eff: 1635
	 DR Bracket: 0
	 Base: 0%
	 Effective Percent: 3,01%
Mastery
	 Rating: 14933
	 Multiplicative Factor: 0%
	 Eff: 21933
	 DR Bracket: 0
	 Base: 18%
	 Effective Percent: 56,4%
----------------------
02:23,261

Intellect
	 Rating: 141986
	 Multiplicative Factor: 8,15%
	 Eff: 141986,00000000003
Stamina
	 Rating: 879958
	 Multiplicative Factor: 11,3%
	 Eff: 879958
Crit
	 Rating: 19738
	 Multiplicative Factor: 0%
	 Eff: 23238,000000000004
	 DR Bracket: 0
	 Base: 5%
	 Effective Percent: 33,2%
	 Crit Inc Heal: 2,6
	 Crit Inc Damage: 2
Haste
	 Rating: 21194
	 Multiplicative Factor: 0%
	 Eff: 21054,6
	 DR Bracket: 1
	 Base: 0%
	 Effective Percent: 31,9%
Vers
	 Rating: 6301
	 Multiplicative Factor: 0%
	 Eff: 8641
	 DR Bracket: 0
	 Base: 3%
	 Effective Percent: 11,08%
Leech
	 Rating: 0
	 Multiplicative Factor: 0%
	 Eff: 2039,99025
	 DR Bracket: 0
	 Base: 2%
	 Effective Percent: 2%
Avoidance
	 Rating: 1635
	 Multiplicative Factor: 0%
	 Eff: 1635
	 DR Bracket: 0
	 Base: 0%
	 Effective Percent: 3,01%
Mastery
	 Rating: 14933
	 Multiplicative Factor: 0%
	 Eff: 21933
	 DR Bracket: 0
	 Base: 18%
	 Effective Percent: 56,4%
----------------------
02:28,470

Intellect
	 Rating: 141986
	 Multiplicative Factor: 8,15%
	 Eff: 141986,00000000003
Stamina
	 Rating: 879958
	 Multiplicative Factor: 11,3%
	 Eff: 879958
Crit
	 Rating: 19738
	 Multiplicative Factor: 0%
	 Eff: 23238,000000000004
	 DR Bracket: 0
	 Base: 5%
	 Effective Percent: 33,2%
	 Crit Inc Heal: 2,6
	 Crit Inc Damage: 2
Haste
	 Rating: 21194
	 Multiplicative Factor: 0%
	 Eff: 21054,6
	 DR Bracket: 1
	 Base: 0%
	 Effective Percent: 31,9%
Vers
	 Rating: 6301
	 Multiplicative Factor: 0%
	 Eff: 8641
	 DR Bracket: 0
	 Base: 3%
	 Effective Percent: 11,08%
Leech
	 Rating: 0
	 Multiplicative Factor: 0%
	 Eff: 2039,99025
	 DR Bracket: 0
	 Base: 2%
	 Effective Percent: 2%
Avoidance
	 Rating: 1635
	 Multiplicative Factor: 0%
	 Eff: 1635
	 DR Bracket: 0
	 Base: 0%
	 Effective Percent: 3,01%
Mastery
	 Rating: 14933
	 Multiplicative Factor: 0%
	 Eff: 21933
	 DR Bracket: 0
	 Base: 18%
	 Effective Percent: 56,4%
----------------------
02:33,512

Intellect
	 Rating: 149085
	 Multiplicative Factor: 13,56%
	 Eff: 149085,30000000002
Stamina
	 Rating: 879958
	 Multiplicative Factor: 11,3%
	 Eff: 879958
Crit
	 Rating: 31708
	 Multiplicative Factor: 0%
	 Eff: 33766,202692968975
	 DR Bracket: 2
	 Base: 5%
	 Effective Percent: 48,24%
	 Crit Inc Heal: 2
	 Crit Inc Damage: 2
Haste
	 Rating: 21194
	 Multiplicative Factor: 0%
	 Eff: 21054,6
	 DR Bracket: 1
	 Base: 0%
	 Effective Percent: 31,9%
Vers
	 Rating: 6301
	 Multiplicative Factor: 0%
	 Eff: 8641
	 DR Bracket: 0
	 Base: 3%
	 Effective Percent: 11,08%
Leech
	 Rating: 0
	 Multiplicative Factor: 0%
	 Eff: 2039,99025
	 DR Bracket: 0
	 Base: 2%
	 Effective Percent: 2%
Avoidance
	 Rating: 1635
	 Multiplicative Factor: 0%
	 Eff: 1635
	 DR Bracket: 0
	 Base: 0%
	 Effective Percent: 3,01%
Mastery
	 Rating: 14933
	 Multiplicative Factor: 0%
	 Eff: 21933
	 DR Bracket: 0
	 Base: 18%
	 Effective Percent: 56,4%
----------------------
02:38,568

Intellect
	 Rating: 149085
	 Multiplicative Factor: 13,56%
	 Eff: 149085,30000000002
Stamina
	 Rating: 879958
	 Multiplicative Factor: 11,3%
	 Eff: 879958
Crit
	 Rating: 31708
	 Multiplicative Factor: 0%
	 Eff: 33766,202692968975
	 DR Bracket: 2
	 Base: 5%
	 Effective Percent: 48,24%
	 Crit Inc Heal: 2
	 Crit Inc Damage: 2
Haste
	 Rating: 21194
	 Multiplicative Factor: 0%
	 Eff: 21054,6
	 DR Bracket: 1
	 Base: 0%
	 Effective Percent: 31,9%
Vers
	 Rating: 6301
	 Multiplicative Factor: 0%
	 Eff: 8641
	 DR Bracket: 0
	 Base: 3%
	 Effective Percent: 11,08%
Leech
	 Rating: 0
	 Multiplicative Factor: 0%
	 Eff: 2039,99025
	 DR Bracket: 0
	 Base: 2%
	 Effective Percent: 2%
Avoidance
	 Rating: 1635
	 Multiplicative Factor: 0%
	 Eff: 1635
	 DR Bracket: 0
	 Base: 0%
	 Effective Percent: 3,01%
Mastery
	 Rating: 14933
	 Multiplicative Factor: 0%
	 Eff: 21933
	 DR Bracket: 0
	 Base: 18%
	 Effective Percent: 56,4%
----------------------
02:43,668

Intellect
	 Rating: 149085
	 Multiplicative Factor: 13,56%
	 Eff: 149085,30000000002
Stamina
	 Rating: 879958
	 Multiplicative Factor: 11,3%
	 Eff: 879958
Crit
	 Rating: 25723
	 Multiplicative Factor: 0%
	 Eff: 28750,58901479505
	 DR Bracket: 1
	 Base: 5%
	 Effective Percent: 41,07%
	 Crit Inc Heal: 2,6
	 Crit Inc Damage: 2
Haste
	 Rating: 21194
	 Multiplicative Factor: 0%
	 Eff: 53264,801999999996
	 DR Bracket: 1
	 Base: 37%
	 Effective Percent: 80,7%
Vers
	 Rating: 6301
	 Multiplicative Factor: 0%
	 Eff: 8641
	 DR Bracket: 0
	 Base: 3%
	 Effective Percent: 11,08%
Leech
	 Rating: 0
	 Multiplicative Factor: 0%
	 Eff: 2039,99025
	 DR Bracket: 0
	 Base: 2%
	 Effective Percent: 2%
Avoidance
	 Rating: 1635
	 Multiplicative Factor: 0%
	 Eff: 1635
	 DR Bracket: 0
	 Base: 0%
	 Effective Percent: 3,01%
Mastery
	 Rating: 14933
	 Multiplicative Factor: 0%
	 Eff: 21933
	 DR Bracket: 0
	 Base: 18%
	 Effective Percent: 56,4%
----------------------
02:48,849

Intellect
	 Rating: 149085
	 Multiplicative Factor: 13,56%
	 Eff: 149085,30000000002
Stamina
	 Rating: 879958
	 Multiplicative Factor: 11,3%
	 Eff: 879958
Crit
	 Rating: 25723
	 Multiplicative Factor: 0%
	 Eff: 28750,58901479505
	 DR Bracket: 1
	 Base: 5%
	 Effective Percent: 41,07%
	 Crit Inc Heal: 2,6
	 Crit Inc Damage: 2
Haste
	 Rating: 21194
	 Multiplicative Factor: 0%
	 Eff: 41077,157999999996
	 DR Bracket: 1
	 Base: 23%
	 Effective Percent: 62,24%
Vers
	 Rating: 6301
	 Multiplicative Factor: 0%
	 Eff: 8641
	 DR Bracket: 0
	 Base: 3%
	 Effective Percent: 11,08%
Leech
	 Rating: 0
	 Multiplicative Factor: 0%
	 Eff: 2039,99025
	 DR Bracket: 0
	 Base: 2%
	 Effective Percent: 2%
Avoidance
	 Rating: 1635
	 Multiplicative Factor: 0%
	 Eff: 1635
	 DR Bracket: 0
	 Base: 0%
	 Effective Percent: 3,01%
Mastery
	 Rating: 14933
	 Multiplicative Factor: 0%
	 Eff: 21933
	 DR Bracket: 0
	 Base: 18%
	 Effective Percent: 56,4%
----------------------
02:53,878

Intellect
	 Rating: 149085
	 Multiplicative Factor: 13,56%
	 Eff: 149085,30000000002
Stamina
	 Rating: 879958
	 Multiplicative Factor: 11,3%
	 Eff: 879958
Crit
	 Rating: 19738
	 Multiplicative Factor: 0%
	 Eff: 23238,000000000004
	 DR Bracket: 0
	 Base: 5%
	 Effective Percent: 33,2%
	 Crit Inc Heal: 2,6
	 Crit Inc Damage: 2
Haste
	 Rating: 21194
	 Multiplicative Factor: 0%
	 Eff: 36724,428
	 DR Bracket: 1
	 Base: 18%
	 Effective Percent: 55,64%
Vers
	 Rating: 6301
	 Multiplicative Factor: 0%
	 Eff: 8641
	 DR Bracket: 0
	 Base: 3%
	 Effective Percent: 11,08%
Leech
	 Rating: 0
	 Multiplicative Factor: 0%
	 Eff: 2039,99025
	 DR Bracket: 0
	 Base: 2%
	 Effective Percent: 2%
Avoidance
	 Rating: 1635
	 Multiplicative Factor: 0%
	 Eff: 1635
	 DR Bracket: 0
	 Base: 0%
	 Effective Percent: 3,01%
Mastery
	 Rating: 14933
	 Multiplicative Factor: 0%
	 Eff: 21933
	 DR Bracket: 0
	 Base: 18%
	 Effective Percent: 56,4%
----------------------
02:59,113

Intellect
	 Rating: 149085
	 Multiplicative Factor: 13,56%
	 Eff: 149085,30000000002
Stamina
	 Rating: 879958
	 Multiplicative Factor: 11,3%
	 Eff: 879958
Crit
	 Rating: 19738
	 Multiplicative Factor: 0%
	 Eff: 23238,000000000004
	 DR Bracket: 0
	 Base: 5%
	 Effective Percent: 33,2%
	 Crit Inc Heal: 2,6
	 Crit Inc Damage: 2
Haste
	 Rating: 21194
	 Multiplicative Factor: 0%
	 Eff: 39336,06599999999
	 DR Bracket: 1
	 Base: 21%
	 Effective Percent: 59,6%
Vers
	 Rating: 6301
	 Multiplicative Factor: 0%
	 Eff: 8641
	 DR Bracket: 0
	 Base: 3%
	 Effective Percent: 11,08%
Leech
	 Rating: 0
	 Multiplicative Factor: 0%
	 Eff: 2039,99025
	 DR Bracket: 0
	 Base: 2%
	 Effective Percent: 2%
Avoidance
	 Rating: 1635
	 Multiplicative Factor: 0%
	 Eff: 1635
	 DR Bracket: 0
	 Base: 0%
	 Effective Percent: 3,01%
Mastery
	 Rating: 14933
	 Multiplicative Factor: 0%
	 Eff: 21933
	 DR Bracket: 0
	 Base: 18%
	 Effective Percent: 56,4%
----------------------
03:04,410

Intellect
	 Rating: 149085
	 Multiplicative Factor: 13,56%
	 Eff: 149085,30000000002
Stamina
	 Rating: 879958
	 Multiplicative Factor: 11,3%
	 Eff: 879958
Crit
	 Rating: 19738
	 Multiplicative Factor: 0%
	 Eff: 23238,000000000004
	 DR Bracket: 0
	 Base: 5%
	 Effective Percent: 33,2%
	 Crit Inc Heal: 2,6
	 Crit Inc Damage: 2
Haste
	 Rating: 21194
	 Multiplicative Factor: 0%
	 Eff: 34983,335999999996
	 DR Bracket: 1
	 Base: 16%
	 Effective Percent: 53,01%
Vers
	 Rating: 6301
	 Multiplicative Factor: 0%
	 Eff: 8641
	 DR Bracket: 0
	 Base: 3%
	 Effective Percent: 11,08%
Leech
	 Rating: 0
	 Multiplicative Factor: 0%
	 Eff: 2039,99025
	 DR Bracket: 0
	 Base: 2%
	 Effective Percent: 2%
Avoidance
	 Rating: 1635
	 Multiplicative Factor: 0%
	 Eff: 1635
	 DR Bracket: 0
	 Base: 0%
	 Effective Percent: 3,01%
Mastery
	 Rating: 14933
	 Multiplicative Factor: 0%
	 Eff: 21933
	 DR Bracket: 0
	 Base: 18%
	 Effective Percent: 56,4%
----------------------
03:09,458

Intellect
	 Rating: 149085
	 Multiplicative Factor: 13,56%
	 Eff: 149085,30000000002
Stamina
	 Rating: 879958
	 Multiplicative Factor: 11,3%
	 Eff: 879958
Crit
	 Rating: 19738
	 Multiplicative Factor: 0%
	 Eff: 23238,000000000004
	 DR Bracket: 0
	 Base: 5%
	 Effective Percent: 33,2%
	 Crit Inc Heal: 2,6
	 Crit Inc Damage: 2
Haste
	 Rating: 21194
	 Multiplicative Factor: 0%
	 Eff: 22795,692
	 DR Bracket: 1
	 Base: 2%
	 Effective Percent: 34,54%
Vers
	 Rating: 6301
	 Multiplicative Factor: 0%
	 Eff: 8641
	 DR Bracket: 0
	 Base: 3%
	 Effective Percent: 11,08%
Leech
	 Rating: 0
	 Multiplicative Factor: 0%
	 Eff: 2039,99025
	 DR Bracket: 0
	 Base: 2%
	 Effective Percent: 2%
Avoidance
	 Rating: 1635
	 Multiplicative Factor: 0%
	 Eff: 1635
	 DR Bracket: 0
	 Base: 0%
	 Effective Percent: 3,01%
Mastery
	 Rating: 14933
	 Multiplicative Factor: 0%
	 Eff: 21933
	 DR Bracket: 0
	 Base: 18%
	 Effective Percent: 56,4%
----------------------
03:14,663

Intellect
	 Rating: 149085
	 Multiplicative Factor: 13,56%
	 Eff: 149085,30000000002
Stamina
	 Rating: 879958
	 Multiplicative Factor: 11,3%
	 Eff: 879958
Crit
	 Rating: 19738
	 Multiplicative Factor: 0%
	 Eff: 23238,000000000004
	 DR Bracket: 0
	 Base: 5%
	 Effective Percent: 33,2%
	 Crit Inc Heal: 2,6
	 Crit Inc Damage: 2
Haste
	 Rating: 21194
	 Multiplicative Factor: 0%
	 Eff: 21054,6
	 DR Bracket: 1
	 Base: 0%
	 Effective Percent: 31,9%
Vers
	 Rating: 6301
	 Multiplicative Factor: 0%
	 Eff: 8641
	 DR Bracket: 0
	 Base: 3%
	 Effective Percent: 11,08%
Leech
	 Rating: 0
	 Multiplicative Factor: 0%
	 Eff: 2039,99025
	 DR Bracket: 0
	 Base: 2%
	 Effective Percent: 2%
Avoidance
	 Rating: 1635
	 Multiplicative Factor: 0%
	 Eff: 1635
	 DR Bracket: 0
	 Base: 0%
	 Effective Percent: 3,01%
Mastery
	 Rating: 14933
	 Multiplicative Factor: 0%
	 Eff: 21933
	 DR Bracket: 0
	 Base: 18%
	 Effective Percent: 56,4%
----------------------
03:19,782

Intellect
	 Rating: 149085
	 Multiplicative Factor: 13,56%
	 Eff: 149085,30000000002
Stamina
	 Rating: 879958
	 Multiplicative Factor: 11,3%
	 Eff: 879958
Crit
	 Rating: 19738
	 Multiplicative Factor: 0%
	 Eff: 23238,000000000004
	 DR Bracket: 0
	 Base: 5%
	 Effective Percent: 33,2%
	 Crit Inc Heal: 2,6
	 Crit Inc Damage: 2
Haste
	 Rating: 21194
	 Multiplicative Factor: 0%
	 Eff: 21054,6
	 DR Bracket: 1
	 Base: 0%
	 Effective Percent: 31,9%
Vers
	 Rating: 6301
	 Multiplicative Factor: 0%
	 Eff: 8641
	 DR Bracket: 0
	 Base: 3%
	 Effective Percent: 11,08%
Leech
	 Rating: 0
	 Multiplicative Factor: 0%
	 Eff: 2039,99025
	 DR Bracket: 0
	 Base: 2%
	 Effective Percent: 2%
Avoidance
	 Rating: 1635
	 Multiplicative Factor: 0%
	 Eff: 1635
	 DR Bracket: 0
	 Base: 0%
	 Effective Percent: 3,01%
Mastery
	 Rating: 14933
	 Multiplicative Factor: 0%
	 Eff: 21933
	 DR Bracket: 0
	 Base: 18%
	 Effective Percent: 56,4%
----------------------
03:24,836

Intellect
	 Rating: 149085
	 Multiplicative Factor: 13,56%
	 Eff: 149085,30000000002
Stamina
	 Rating: 879958
	 Multiplicative Factor: 11,3%
	 Eff: 879958
Crit
	 Rating: 19738
	 Multiplicative Factor: 0%
	 Eff: 23238,000000000004
	 DR Bracket: 0
	 Base: 5%
	 Effective Percent: 33,2%
	 Crit Inc Heal: 2,6
	 Crit Inc Damage: 2
Haste
	 Rating: 21194
	 Multiplicative Factor: 0%
	 Eff: 28889,514
	 DR Bracket: 1
	 Base: 9%
	 Effective Percent: 43,77%
Vers
	 Rating: 6301
	 Multiplicative Factor: 0%
	 Eff: 8641
	 DR Bracket: 0
	 Base: 3%
	 Effective Percent: 11,08%
Leech
	 Rating: 0
	 Multiplicative Factor: 0%
	 Eff: 2039,99025
	 DR Bracket: 0
	 Base: 2%
	 Effective Percent: 2%
Avoidance
	 Rating: 1635
	 Multiplicative Factor: 0%
	 Eff: 1635
	 DR Bracket: 0
	 Base: 0%
	 Effective Percent: 3,01%
Mastery
	 Rating: 14933
	 Multiplicative Factor: 0%
	 Eff: 21933
	 DR Bracket: 0
	 Base: 18%
	 Effective Percent: 56,4%
----------------------
03:29,993

Intellect
	 Rating: 149085
	 Multiplicative Factor: 13,56%
	 Eff: 149085,30000000002
Stamina
	 Rating: 879958
	 Multiplicative Factor: 11,3%
	 Eff: 879958
Crit
	 Rating: 19738
	 Multiplicative Factor: 0%
	 Eff: 23238,000000000004
	 DR Bracket: 0
	 Base: 5%
	 Effective Percent: 33,2%
	 Crit Inc Heal: 2,6
	 Crit Inc Damage: 2
Haste
	 Rating: 21194
	 Multiplicative Factor: 0%
	 Eff: 21054,6
	 DR Bracket: 1
	 Base: 0%
	 Effective Percent: 31,9%
Vers
	 Rating: 6301
	 Multiplicative Factor: 0%
	 Eff: 8641
	 DR Bracket: 0
	 Base: 3%
	 Effective Percent: 11,08%
Leech
	 Rating: 0
	 Multiplicative Factor: 0%
	 Eff: 2039,99025
	 DR Bracket: 0
	 Base: 2%
	 Effective Percent: 2%
Avoidance
	 Rating: 1635
	 Multiplicative Factor: 0%
	 Eff: 1635
	 DR Bracket: 0
	 Base: 0%
	 Effective Percent: 3,01%
Mastery
	 Rating: 14933
	 Multiplicative Factor: 0%
	 Eff: 21933
	 DR Bracket: 0
	 Base: 18%
	 Effective Percent: 56,4%
----------------------
03:35,005

Intellect
	 Rating: 149085
	 Multiplicative Factor: 13,56%
	 Eff: 149085,30000000002
Stamina
	 Rating: 879958
	 Multiplicative Factor: 11,3%
	 Eff: 879958
Crit
	 Rating: 19738
	 Multiplicative Factor: 0%
	 Eff: 23238,000000000004
	 DR Bracket: 0
	 Base: 5%
	 Effective Percent: 33,2%
	 Crit Inc Heal: 2,6
	 Crit Inc Damage: 2
Haste
	 Rating: 21194
	 Multiplicative Factor: 0%
	 Eff: 21925,145999999997
	 DR Bracket: 1
	 Base: 1%
	 Effective Percent: 33,22%
Vers
	 Rating: 6301
	 Multiplicative Factor: 0%
	 Eff: 8641
	 DR Bracket: 0
	 Base: 3%
	 Effective Percent: 11,08%
Leech
	 Rating: 0
	 Multiplicative Factor: 0%
	 Eff: 2039,99025
	 DR Bracket: 0
	 Base: 2%
	 Effective Percent: 2%
Avoidance
	 Rating: 1635
	 Multiplicative Factor: 0%
	 Eff: 1635
	 DR Bracket: 0
	 Base: 0%
	 Effective Percent: 3,01%
Mastery
	 Rating: 14933
	 Multiplicative Factor: 0%
	 Eff: 21933
	 DR Bracket: 0
	 Base: 18%
	 Effective Percent: 56,4%
----------------------
03:40,040

Intellect
	 Rating: 149085
	 Multiplicative Factor: 13,56%
	 Eff: 149085,30000000002
Stamina
	 Rating: 879958
	 Multiplicative Factor: 11,3%
	 Eff: 879958
Crit
	 Rating: 19738
	 Multiplicative Factor: 0%
	 Eff: 23238,000000000004
	 DR Bracket: 0
	 Base: 5%
	 Effective Percent: 33,2%
	 Crit Inc Heal: 2,6
	 Crit Inc Damage: 2
Haste
	 Rating: 21194
	 Multiplicative Factor: 0%
	 Eff: 50653,164
	 DR Bracket: 1
	 Base: 34%
	 Effective Percent: 76,75%
Vers
	 Rating: 6301
	 Multiplicative Factor: 0%
	 Eff: 8641
	 DR Bracket: 0
	 Base: 3%
	 Effective Percent: 11,08%
Leech
	 Rating: 0
	 Multiplicative Factor: 0%
	 Eff: 2039,99025
	 DR Bracket: 0
	 Base: 2%
	 Effective Percent: 2%
Avoidance
	 Rating: 1635
	 Multiplicative Factor: 0%
	 Eff: 1635
	 DR Bracket: 0
	 Base: 0%
	 Effective Percent: 3,01%
Mastery
	 Rating: 14933
	 Multiplicative Factor: 0%
	 Eff: 21933
	 DR Bracket: 0
	 Base: 18%
	 Effective Percent: 56,4%
----------------------
03:45,268

Intellect
	 Rating: 149085
	 Multiplicative Factor: 13,56%
	 Eff: 149085,30000000002
Stamina
	 Rating: 879958
	 Multiplicative Factor: 11,3%
	 Eff: 879958
Crit
	 Rating: 19738
	 Multiplicative Factor: 0%
	 Eff: 23238,000000000004
	 DR Bracket: 0
	 Base: 5%
	 Effective Percent: 33,2%
	 Crit Inc Heal: 2,6
	 Crit Inc Damage: 2
Haste
	 Rating: 21194
	 Multiplicative Factor: 0%
	 Eff: 38465,52
	 DR Bracket: 1
	 Base: 20%
	 Effective Percent: 58,28%
Vers
	 Rating: 6301
	 Multiplicative Factor: 0%
	 Eff: 8641
	 DR Bracket: 0
	 Base: 3%
	 Effective Percent: 11,08%
Leech
	 Rating: 0
	 Multiplicative Factor: 0%
	 Eff: 2039,99025
	 DR Bracket: 0
	 Base: 2%
	 Effective Percent: 2%
Avoidance
	 Rating: 1635
	 Multiplicative Factor: 0%
	 Eff: 1635
	 DR Bracket: 0
	 Base: 0%
	 Effective Percent: 3,01%
Mastery
	 Rating: 14933
	 Multiplicative Factor: 0%
	 Eff: 21933
	 DR Bracket: 0
	 Base: 18%
	 Effective Percent: 56,4%
----------------------
03:50,533

Intellect
	 Rating: 149085
	 Multiplicative Factor: 13,56%
	 Eff: 149085,30000000002
Stamina
	 Rating: 879958
	 Multiplicative Factor: 11,3%
	 Eff: 879958
Crit
	 Rating: 25723
	 Multiplicative Factor: 0%
	 Eff: 28750,58901479505
	 DR Bracket: 1
	 Base: 5%
	 Effective Percent: 41,07%
	 Crit Inc Heal: 2,6
	 Crit Inc Damage: 2
Haste
	 Rating: 21194
	 Multiplicative Factor: 0%
	 Eff: 34112,78999999999
	 DR Bracket: 1
	 Base: 15%
	 Effective Percent: 51,69%
Vers
	 Rating: 6301
	 Multiplicative Factor: 0%
	 Eff: 8641
	 DR Bracket: 0
	 Base: 3%
	 Effective Percent: 11,08%
Leech
	 Rating: 0
	 Multiplicative Factor: 0%
	 Eff: 2039,99025
	 DR Bracket: 0
	 Base: 2%
	 Effective Percent: 2%
Avoidance
	 Rating: 1635
	 Multiplicative Factor: 0%
	 Eff: 1635
	 DR Bracket: 0
	 Base: 0%
	 Effective Percent: 3,01%
Mastery
	 Rating: 14933
	 Multiplicative Factor: 0%
	 Eff: 21933
	 DR Bracket: 0
	 Base: 18%
	 Effective Percent: 56,4%
----------------------
03:55,689

Intellect
	 Rating: 149085
	 Multiplicative Factor: 13,56%
	 Eff: 149085,30000000002
Stamina
	 Rating: 879958
	 Multiplicative Factor: 11,3%
	 Eff: 879958
Crit
	 Rating: 25723
	 Multiplicative Factor: 0%
	 Eff: 28750,58901479505
	 DR Bracket: 1
	 Base: 5%
	 Effective Percent: 41,07%
	 Crit Inc Heal: 2,6
	 Crit Inc Damage: 2
Haste
	 Rating: 21194
	 Multiplicative Factor: 0%
	 Eff: 28889,514
	 DR Bracket: 1
	 Base: 9%
	 Effective Percent: 43,77%
Vers
	 Rating: 6301
	 Multiplicative Factor: 0%
	 Eff: 8641
	 DR Bracket: 0
	 Base: 3%
	 Effective Percent: 11,08%
Leech
	 Rating: 0
	 Multiplicative Factor: 0%
	 Eff: 2039,99025
	 DR Bracket: 0
	 Base: 2%
	 Effective Percent: 2%
Avoidance
	 Rating: 1635
	 Multiplicative Factor: 0%
	 Eff: 1635
	 DR Bracket: 0
	 Base: 0%
	 Effective Percent: 3,01%
Mastery
	 Rating: 14933
	 Multiplicative Factor: 0%
	 Eff: 21933
	 DR Bracket: 0
	 Base: 18%
	 Effective Percent: 56,4%
