-----------
EssenceRegenDummy
-----------
Azure Strike
-----------
Blessing of the Bronze
-----------
Cauterizing Flame
-----------
Chrono Flames
-----------
Chrono Flame
	Eff: 410,03394506768325
	Dmg: 1093,1385965063819
-----------
Consume Flame
-----------
Deep Breath
-----------
Disintegrate
-----------
Dream Breath
	Eff: 1572,8106417650615
-----------
Dream Breath (Echo)
-----------
Dream Flight
	Eff: 1503,1963412087384
-----------
Echo
-----------
Emerald Blossom
	Eff: 6065,87210306584
-----------
Engulf
-----------
Enkindle
-----------
Expunge
-----------
Fire Breath
	Dmg: 2303,0607225682998
-----------
Fluttering Seedlings
	Eff: 1032,6095914306884
-----------
Golden Hour
-----------
Landslide
-----------
Lifebind
	Eff: 149,84409025539935
-----------
Life-Giver's Flame
	Eff: 1116,100277028428
-----------
Living Flame
	Eff: 3911,523257226005
	Dmg: 4100,871883724816
-----------
Naturalize
-----------
Oppressing Roar
-----------
Panacea
	Eff: 621,8240304821027
-----------
Rewind
-----------
Renewing Blaze
-----------
Reversion
-----------
Reversion (Echo)
-----------
Sleep Walk
-----------
Source of Magic
-----------
Spatial Paradox
-----------
Spiritbloom
	Eff: 939,039831503279
-----------
Spiritbloom (Echo)
	Eff: 2041,8347184180836
-----------
Stasis
-----------
Stasis (Release)
-----------
Tail Swipe
-----------
Temporal Anomaly
-----------
Time Spiral
-----------
Tip the Scales
-----------
Unravel
-----------
Verdant Embrace
	Eff: 16,723222530214116
-----------
Zephyr
-----------
Leech
-----------
Blessing of Summer
-----------
Holy Bulwark
-----------
ZeroCIMDummy
-----------
Thread of Fate
-----------
Tempered Potion
-----------
Cycle of Life
-----------
Ethereal Reconstitution
	Eff: 270,6317982469767
-----------
Stasis (Store)
-----------
Ethereal Guard
	Eff: 974,2071675891057
-----------
Hover
-----------
Voidglass Barrier
	Eff: 470,84859187467373
-----------
Voidglass Shards
-----------
Spirit Link
-----------
Obsidian Scales
