----------------------
00:50,355

Intellect
	 Rating: 21021
	 Multiplicative Factor: 5%
Stamina
	 Rating: 69752
	 Multiplicative Factor: 5%
Crit
	 Rating: 4988
	 Multiplicative Factor: 0%
	 DR Bracket: 0
	 Base: 5%
	 Effective Percent: 12,13%
	 Crit Inc Heal: 2
	 Crit Inc Damage: 2
Haste
	 Rating: 2743
	 Multiplicative Factor: 0%
	 DR Bracket: 0
	 Base: 30%
	 Effective Percent: 35,4%
Vers
	 Rating: 4158
	 Multiplicative Factor: 0%
	 DR Bracket: 0
	 Base: 3%
	 Effective Percent: 8,33%
Leech
	 Rating: 1124
	 Multiplicative Factor: 0%
	 DR Bracket: 0
	 Base: 0%
	 Effective Percent: 1,1%
Avoidance
	 Rating: 200
	 Multiplicative Factor: 0%
	 DR Bracket: 0
	 Base: 0%
	 Effective Percent: 0,37%
Mastery
	 Rating: 5048
	 Multiplicative Factor: 0%
	 DR Bracket: 0
	 Base: 16,2%
	 Effective Percent: 29,18%
----------------------
01:30,370

Intellect
	 Rating: 21021
	 Multiplicative Factor: 5%
Stamina
	 Rating: 69752
	 Multiplicative Factor: 5%
Crit
	 Rating: 4988
	 Multiplicative Factor: 0%
	 DR Bracket: 0
	 Base: 5%
	 Effective Percent: 12,13%
	 Crit Inc Heal: 2
	 Crit Inc Damage: 2
Haste
	 Rating: 2743
	 Multiplicative Factor: 0%
	 DR Bracket: 0
	 Base: 0%
	 Effective Percent: 4,16%
Vers
	 Rating: 4158
	 Multiplicative Factor: 0%
	 DR Bracket: 0
	 Base: 3%
	 Effective Percent: 8,33%
Leech
	 Rating: 1124
	 Multiplicative Factor: 0%
	 DR Bracket: 0
	 Base: 0%
	 Effective Percent: 1,1%
Avoidance
	 Rating: 200
	 Multiplicative Factor: 0%
	 DR Bracket: 0
	 Base: 0%
	 Effective Percent: 0,37%
Mastery
	 Rating: 5048
	 Multiplicative Factor: 0%
	 DR Bracket: 0
	 Base: 16,2%
	 Effective Percent: 29,18%
