----------------------
00:04,391

Intellect
	 Rating: 2107
	 Multiplicative Factor: 12,48%
	 Eff: 2107
Stamina
	 Rating: 18695
	 Multiplicative Factor: 11,3%
	 Eff: 18695
Crit
	 Rating: 169
	 Multiplicative Factor: 0%
	 Eff: 583
	 DR Bracket: 0
	 Base: 9%
	 Effective Percent: 12,67%
	 Crit Inc Heal: 2
	 Crit Inc Damage: 2
Haste
	 Rating: 879
	 Multiplicative Factor: 0%
	 Eff: 2726,6499999999996
	 DR Bracket: 0
	 Base: 35%
	 Effective Percent: 61,97%
Vers
	 Rating: 528
	 Multiplicative Factor: 0%
	 Eff: 528
	 DR Bracket: 0
	 Base: 0%
	 Effective Percent: 9,78%
Leech
	 Rating: 249
	 Multiplicative Factor: 0%
	 Eff: 249
	 DR Bracket: 0
	 Base: 0%
	 Effective Percent: 3,61%
Avoidance
	 Rating: 5
	 Multiplicative Factor: 0%
	 Eff: 5
	 DR Bracket: 0
	 Base: 0%
	 Effective Percent: 0,14%
Mastery
	 Rating: 448
	 Multiplicative Factor: 0%
	 Eff: 1092
	 DR Bracket: 0
	 Base: 21%
	 Effective Percent: 35,61%
----------------------
00:08,476

Intellect
	 Rating: 2107
	 Multiplicative Factor: 12,48%
	 Eff: 2107
Stamina
	 Rating: 18695
	 Multiplicative Factor: 11,3%
	 Eff: 18695
Crit
	 Rating: 169
	 Multiplicative Factor: 0%
	 Eff: 1273
	 DR Bracket: 0
	 Base: 24%
	 Effective Percent: 27,67%
	 Crit Inc Heal: 2
	 Crit Inc Damage: 2
Haste
	 Rating: 879
	 Multiplicative Factor: 0%
	 Eff: 2726,6499999999996
	 DR Bracket: 0
	 Base: 35%
	 Effective Percent: 61,97%
Vers
	 Rating: 528
	 Multiplicative Factor: 0%
	 Eff: 528
	 DR Bracket: 0
	 Base: 0%
	 Effective Percent: 9,78%
Leech
	 Rating: 249
	 Multiplicative Factor: 0%
	 Eff: 249
	 DR Bracket: 0
	 Base: 0%
	 Effective Percent: 3,61%
Avoidance
	 Rating: 5
	 Multiplicative Factor: 0%
	 Eff: 5
	 DR Bracket: 0
	 Base: 0%
	 Effective Percent: 0,14%
Mastery
	 Rating: 448
	 Multiplicative Factor: 0%
	 Eff: 1092
	 DR Bracket: 0
	 Base: 21%
	 Effective Percent: 35,61%
