-----------
EssenceRegenDummy
-----------
Azure Strike
-----------
Blessing of the Bronze
-----------
Cauterizing Flame
-----------
Chrono Flames
-----------
Chrono Flame
-----------
Consume Flame
	Eff: 1,568735115142772E-07
-----------
Deep Breath
-----------
Disintegrate
-----------
Dream Breath
	Eff: 1,596186507413222E-07
-----------
Dream Breath (Echo)
	Eff: 1,122776893680566E-08
-----------
Dream Flight
	Eff: 5,495712684933096E-08
-----------
Echo
	Eff: 2,3050233721733093E-08
-----------
Emerald Blossom
-----------
Engulf
-----------
Enkindle
-----------
Expunge
-----------
Fire Breath
	Dmg: 8,748486379772658E-09
-----------
Fluttering Seedlings
-----------
Golden Hour
-----------
Landslide
-----------
Lifebind
-----------
Life-Giver's Flame
-----------
Living Flame
	Eff: 1,280568540096283E-09
	Dmg: 3,6088749766349792E-09
-----------
Naturalize
-----------
Oppressing Roar
-----------
Panacea
	Eff: 1,862645149230957E-09
-----------
Rewind
-----------
Renewing Blaze
-----------
Reversion
	Eff: 1,6173544281627983E-08
-----------
Reversion (Echo)
	Eff: 5,3842427405470517E-08
-----------
Sleep Walk
-----------
Source of Magic
-----------
Spatial Paradox
-----------
Spiritbloom
	Eff: 1,618172973394394E-08
-----------
Spiritbloom (Echo)
	Eff: 2,0256265997886658E-08
-----------
Stasis
-----------
Stasis (Release)
-----------
Tail Swipe
-----------
Temporal Anomaly
	Eff: 7,547816949227126E-08
-----------
Time Spiral
-----------
Tip the Scales
-----------
Unravel
-----------
Verdant Embrace
	Eff: 1,985608832910657E-08
-----------
Zephyr
-----------
Leech
-----------
Blessing of Summer
-----------
Holy Bulwark
-----------
ZeroCIMDummy
-----------
Lightforged Blessing
-----------
Barrier of the Oathsworn
-----------
Voidglass Barrier
-----------
Loom'ithar's Living Silk
-----------
Stasis (Store)
-----------
Tempered Potion
-----------
Essence Bomb
-----------
Hover
-----------
Ethereal Reconstitution
-----------
Ethereal Guard
-----------
Shattered Soul's Embrace
-----------
Glide
-----------
Melee
-----------
Rescue
-----------
Obsidian Scales
-----------
Emerald Communion
-----------
Spirit Link
-----------
Take Off
-----------
Whirling Surge
-----------
Surge Forward
-----------
Voidglass Shards
-----------
Skyward Ascent
-----------
Second Wind
-----------
Shooting Star
-----------
Time Dilation
