-----------
EssenceRegenDummy
-----------
Azure Strike
-----------
Blessing of the Bronze
-----------
Cauterizing Flame
-----------
Chrono Flames
-----------
Chrono Flame
-----------
Consume Flame
	Eff: 8793,728154086342
-----------
Deep Breath
-----------
Disintegrate
-----------
Dream Breath
	Eff: 9298,254306012828
-----------
Dream Breath (Echo)
	Eff: 612,4430226024681
-----------
Dream Flight
	Eff: 2940,8212587814423
-----------
Echo
	Eff: 1407,6007037521342
-----------
Emerald Blossom
-----------
Engulf
-----------
Enkindle
-----------
Expunge
-----------
Fire Breath
	Dmg: 437,8904142943172
-----------
Fluttering Seedlings
-----------
Golden Hour
-----------
Landslide
-----------
Lifebind
	Eff: 211,37162622234518
-----------
Life-Giver's Flame
-----------
Living Flame
	Eff: 90,84130784519948
	Dmg: 249,46032143267803
-----------
Naturalize
-----------
Oppressing Roar
-----------
Panacea
	Eff: 112,91454836254591
-----------
Rewind
-----------
Renewing Blaze
-----------
Reversion
	Eff: 1779,9971828290804
-----------
Reversion (Echo)
	Eff: 5737,749660635786
-----------
Sleep Walk
-----------
Source of Magic
-----------
Spatial Paradox
-----------
Spiritbloom
	Eff: 939,9599964399047
-----------
Spiritbloom (Echo)
	Eff: 973,1752837837935
-----------
Stasis
-----------
Stasis (Release)
-----------
Tail Swipe
-----------
Temporal Anomaly
	Eff: 7,547816949227126E-08
-----------
Time Spiral
-----------
Tip the Scales
-----------
Unravel
-----------
Verdant Embrace
	Eff: 1057,842683397136
-----------
Zephyr
-----------
Leech
	Eff: 1168,173360380608
-----------
Blessing of Summer
-----------
Holy Bulwark
-----------
ZeroCIMDummy
-----------
Lightforged Blessing
-----------
Barrier of the Oathsworn
-----------
Voidglass Barrier
-----------
Loom'ithar's Living Silk
-----------
Stasis (Store)
-----------
Tempered Potion
-----------
Essence Bomb
-----------
Hover
-----------
Ethereal Reconstitution
	Eff: 251,0595405302013
-----------
Ethereal Guard
	Eff: 2097,8223141157687
-----------
Shattered Soul's Embrace
-----------
Glide
-----------
Melee
	Dmg: 0,7352499999997235
-----------
Rescue
-----------
Obsidian Scales
-----------
Emerald Communion
-----------
Spirit Link
-----------
Take Off
-----------
Whirling Surge
-----------
Surge Forward
-----------
Voidglass Shards
-----------
Skyward Ascent
-----------
Second Wind
-----------
Shooting Star
-----------
Time Dilation
