-----------
EssenceRegenDummy
-----------
Azure Strike
-----------
Blessing of the Bronze
-----------
Cauterizing Flame
-----------
Chrono Flames
-----------
Chrono Flame
-----------
Consume Flame
	Eff: 9113,357779548747
-----------
Deep Breath
-----------
Disintegrate
-----------
Dream Breath
	Eff: 7630,515595687293
-----------
Dream Breath (Echo)
	Eff: 1136,5496684112659
-----------
Dream Flight
	Eff: 1533,8760436320044
-----------
Echo
	Eff: 1380,2579875338124
-----------
Emerald Blossom
-----------
Engulf
-----------
Enkindle
-----------
Expunge
-----------
Fire Breath
	Dmg: 537,9792141098858
-----------
Fluttering Seedlings
-----------
Golden Hour
	Eff: 1596,8056800072518
-----------
Landslide
-----------
Lifebind
	Eff: 2271,5131956539744
-----------
Life-Giver's Flame
-----------
Living Flame
	Eff: 458,712286241469
	Dmg: 1030,4240154620493
-----------
Naturalize
-----------
Oppressing Roar
-----------
Panacea
	Eff: 1,862645149230957E-09
-----------
Rewind
-----------
Renewing Blaze
-----------
Reversion
	Eff: 2010,9566162636484
-----------
Reversion (Echo)
	Eff: 6716,587929702462
-----------
Sleep Walk
-----------
Source of Magic
-----------
Spatial Paradox
-----------
Spiritbloom
	Eff: 1,618172973394394E-08
-----------
Spiritbloom (Echo)
	Eff: 1260,631031967001
-----------
Stasis
-----------
Stasis (Release)
-----------
Tail Swipe
-----------
Temporal Anomaly
	Eff: 4430,185542973243
-----------
Time Spiral
-----------
Tip the Scales
-----------
Unravel
-----------
Verdant Embrace
	Eff: 1,985608832910657E-08
-----------
Zephyr
-----------
Leech
	Eff: 1104,0852766887333
-----------
Blessing of Summer
-----------
Holy Bulwark
-----------
ZeroCIMDummy
-----------
Lightforged Blessing
-----------
Barrier of the Oathsworn
-----------
Voidglass Barrier
-----------
Loom'ithar's Living Silk
-----------
Stasis (Store)
-----------
Tempered Potion
-----------
Essence Bomb
-----------
Hover
-----------
Ethereal Reconstitution
	Eff: 474,34104541439956
-----------
Ethereal Guard
	Eff: 2060,712412777528
-----------
Shattered Soul's Embrace
-----------
Glide
-----------
Melee
	Dmg: 0,8056065613882311
-----------
Rescue
-----------
Obsidian Scales
-----------
Emerald Communion
-----------
Spirit Link
-----------
Take Off
-----------
Whirling Surge
-----------
Surge Forward
-----------
Voidglass Shards
-----------
Skyward Ascent
-----------
Second Wind
-----------
Shooting Star
-----------
Time Dilation
