-----------
EssenceRegenDummy
-----------
Azure Strike
-----------
Blessing of the Bronze
-----------
Cauterizing Flame
-----------
Chrono Flames
-----------
Chrono Flame
-----------
Consume Flame
	Eff: 6129,9041323928695
-----------
Deep Breath
-----------
Disintegrate
-----------
Dream Breath
	Eff: 6145,285151009444
-----------
Dream Breath (Echo)
	Eff: 417,790826775161
-----------
Dream Flight
	Eff: 2168,3429296999566
-----------
Echo
	Eff: 928,4008535841131
-----------
Emerald Blossom
-----------
Engulf
-----------
Enkindle
-----------
Expunge
-----------
Fire Breath
	Dmg: 361,860149406869
-----------
Fluttering Seedlings
-----------
Golden Hour
-----------
Landslide
-----------
Lifebind
	Eff: 117,11843308811603
-----------
Life-Giver's Flame
-----------
Living Flame
	Eff: 81,30104841536377
	Dmg: 182,6298428926384
-----------
Naturalize
-----------
Oppressing Roar
-----------
Panacea
	Eff: 86,74300734925782
-----------
Rewind
-----------
Renewing Blaze
-----------
Reversion
	Eff: 627,5174538566098
-----------
Reversion (Echo)
	Eff: 2107,606379779978
-----------
Sleep Walk
-----------
Source of Magic
-----------
Spatial Paradox
-----------
Spiritbloom
	Eff: 625,5962839322165
-----------
Spiritbloom (Echo)
	Eff: 847,9363544380758
-----------
Stasis
-----------
Stasis (Release)
-----------
Tail Swipe
-----------
Temporal Anomaly
	Eff: 2979,869036644262
-----------
Time Spiral
-----------
Tip the Scales
-----------
Unravel
-----------
Verdant Embrace
	Eff: 821,9682917541686
-----------
Zephyr
-----------
Leech
	Eff: 640,1905176926196
-----------
Blessing of Summer
-----------
Holy Bulwark
-----------
ZeroCIMDummy
-----------
Lightforged Blessing
-----------
Barrier of the Oathsworn
-----------
Voidglass Barrier
-----------
Loom'ithar's Living Silk
-----------
Stasis (Store)
-----------
Tempered Potion
-----------
Essence Bomb
-----------
Hover
-----------
Ethereal Reconstitution
-----------
Ethereal Guard
-----------
Shattered Soul's Embrace
-----------
Glide
-----------
Melee
-----------
Rescue
-----------
Obsidian Scales
-----------
Emerald Communion
-----------
Spirit Link
-----------
Take Off
-----------
Whirling Surge
-----------
Surge Forward
-----------
Voidglass Shards
-----------
Skyward Ascent
-----------
Second Wind
-----------
Shooting Star
-----------
Time Dilation
