----------------------
00:00,016

Intellect
	 Rating: 131347
	 Multiplicative Factor: 8,15%
	 Eff: 131347,00000000003
Stamina
	 Rating: 881587
	 Multiplicative Factor: 11,3%
	 Eff: 881587,1130000001
Crit
	 Rating: 16763
	 Multiplicative Factor: 0%
	 Eff: 20263
	 DR Bracket: 0
	 Base: 5%
	 Effective Percent: 28,95%
	 Crit Inc Heal: 2
	 Crit Inc Damage: 2
Haste
	 Rating: 15690
	 Multiplicative Factor: 0%
	 Eff: 15689,999999999998
	 DR Bracket: 0
	 Base: 0%
	 Effective Percent: 23,77%
Vers
	 Rating: 2727
	 Multiplicative Factor: 0%
	 Eff: 5067
	 DR Bracket: 0
	 Base: 3%
	 Effective Percent: 6,5%
Leech
	 Rating: 5585
	 Multiplicative Factor: 0%
	 Eff: 7624,99025
	 DR Bracket: 0
	 Base: 2%
	 Effective Percent: 7,48%
Avoidance
	 Rating: 918
	 Multiplicative Factor: 0%
	 Eff: 918
	 DR Bracket: 0
	 Base: 0%
	 Effective Percent: 1,69%
Mastery
	 Rating: 30136
	 Multiplicative Factor: 0%
	 Eff: 36008,8
	 DR Bracket: 2
	 Base: 18%
	 Effective Percent: 92,59%
----------------------
00:05,161

Intellect
	 Rating: 131347
	 Multiplicative Factor: 8,15%
	 Eff: 131347,00000000003
Stamina
	 Rating: 881587
	 Multiplicative Factor: 11,3%
	 Eff: 881587,1130000001
Crit
	 Rating: 16763
	 Multiplicative Factor: 0%
	 Eff: 20263
	 DR Bracket: 0
	 Base: 5%
	 Effective Percent: 28,95%
	 Crit Inc Heal: 2
	 Crit Inc Damage: 2
Haste
	 Rating: 15690
	 Multiplicative Factor: 0%
	 Eff: 15689,999999999998
	 DR Bracket: 0
	 Base: 0%
	 Effective Percent: 23,77%
Vers
	 Rating: 2727
	 Multiplicative Factor: 0%
	 Eff: 5067
	 DR Bracket: 0
	 Base: 3%
	 Effective Percent: 6,5%
Leech
	 Rating: 5585
	 Multiplicative Factor: 0%
	 Eff: 7624,99025
	 DR Bracket: 0
	 Base: 2%
	 Effective Percent: 7,48%
Avoidance
	 Rating: 918
	 Multiplicative Factor: 0%
	 Eff: 918
	 DR Bracket: 0
	 Base: 0%
	 Effective Percent: 1,69%
Mastery
	 Rating: 30136
	 Multiplicative Factor: 0%
	 Eff: 36008,8
	 DR Bracket: 2
	 Base: 18%
	 Effective Percent: 92,59%
----------------------
00:10,434

Intellect
	 Rating: 131347
	 Multiplicative Factor: 8,15%
	 Eff: 131347,00000000003
Stamina
	 Rating: 881587
	 Multiplicative Factor: 11,3%
	 Eff: 881587,1130000001
Crit
	 Rating: 16763
	 Multiplicative Factor: 0%
	 Eff: 20263
	 DR Bracket: 0
	 Base: 5%
	 Effective Percent: 28,95%
	 Crit Inc Heal: 2,6
	 Crit Inc Damage: 2
Haste
	 Rating: 15690
	 Multiplicative Factor: 0%
	 Eff: 15689,999999999998
	 DR Bracket: 0
	 Base: 0%
	 Effective Percent: 23,77%
Vers
	 Rating: 2727
	 Multiplicative Factor: 0%
	 Eff: 5067
	 DR Bracket: 0
	 Base: 3%
	 Effective Percent: 6,5%
Leech
	 Rating: 5585
	 Multiplicative Factor: 0%
	 Eff: 7624,99025
	 DR Bracket: 0
	 Base: 2%
	 Effective Percent: 7,48%
Avoidance
	 Rating: 918
	 Multiplicative Factor: 0%
	 Eff: 918
	 DR Bracket: 0
	 Base: 0%
	 Effective Percent: 1,69%
Mastery
	 Rating: 30136
	 Multiplicative Factor: 0%
	 Eff: 36008,8
	 DR Bracket: 2
	 Base: 18%
	 Effective Percent: 92,59%
----------------------
00:15,451

Intellect
	 Rating: 131347
	 Multiplicative Factor: 8,15%
	 Eff: 131347,00000000003
Stamina
	 Rating: 881587
	 Multiplicative Factor: 11,3%
	 Eff: 881587,1130000001
Crit
	 Rating: 16763
	 Multiplicative Factor: 0%
	 Eff: 20263
	 DR Bracket: 0
	 Base: 5%
	 Effective Percent: 28,95%
	 Crit Inc Heal: 2,6
	 Crit Inc Damage: 2
Haste
	 Rating: 15690
	 Multiplicative Factor: 0%
	 Eff: 15689,999999999998
	 DR Bracket: 0
	 Base: 0%
	 Effective Percent: 23,77%
Vers
	 Rating: 2727
	 Multiplicative Factor: 0%
	 Eff: 5067
	 DR Bracket: 0
	 Base: 3%
	 Effective Percent: 6,5%
Leech
	 Rating: 5585
	 Multiplicative Factor: 0%
	 Eff: 7624,99025
	 DR Bracket: 0
	 Base: 2%
	 Effective Percent: 7,48%
Avoidance
	 Rating: 918
	 Multiplicative Factor: 0%
	 Eff: 918
	 DR Bracket: 0
	 Base: 0%
	 Effective Percent: 1,69%
Mastery
	 Rating: 30136
	 Multiplicative Factor: 0%
	 Eff: 36008,8
	 DR Bracket: 2
	 Base: 18%
	 Effective Percent: 92,59%
----------------------
00:20,657

Intellect
	 Rating: 131347
	 Multiplicative Factor: 8,15%
	 Eff: 131347,00000000003
Stamina
	 Rating: 881587
	 Multiplicative Factor: 11,3%
	 Eff: 881587,1130000001
Crit
	 Rating: 16763
	 Multiplicative Factor: 0%
	 Eff: 20263
	 DR Bracket: 0
	 Base: 5%
	 Effective Percent: 28,95%
	 Crit Inc Heal: 2,6
	 Crit Inc Damage: 2
Haste
	 Rating: 15690
	 Multiplicative Factor: 0%
	 Eff: 15689,999999999998
	 DR Bracket: 0
	 Base: 0%
	 Effective Percent: 23,77%
Vers
	 Rating: 2727
	 Multiplicative Factor: 0%
	 Eff: 5067
	 DR Bracket: 0
	 Base: 3%
	 Effective Percent: 6,5%
Leech
	 Rating: 5585
	 Multiplicative Factor: 0%
	 Eff: 7624,99025
	 DR Bracket: 0
	 Base: 2%
	 Effective Percent: 7,48%
Avoidance
	 Rating: 918
	 Multiplicative Factor: 0%
	 Eff: 918
	 DR Bracket: 0
	 Base: 0%
	 Effective Percent: 1,69%
Mastery
	 Rating: 30136
	 Multiplicative Factor: 0%
	 Eff: 36008,8
	 DR Bracket: 2
	 Base: 18%
	 Effective Percent: 92,59%
----------------------
00:25,712

Intellect
	 Rating: 131347
	 Multiplicative Factor: 8,15%
	 Eff: 131347,00000000003
Stamina
	 Rating: 881587
	 Multiplicative Factor: 11,3%
	 Eff: 881587,1130000001
Crit
	 Rating: 16763
	 Multiplicative Factor: 0%
	 Eff: 20263
	 DR Bracket: 0
	 Base: 5%
	 Effective Percent: 28,95%
	 Crit Inc Heal: 2
	 Crit Inc Damage: 2
Haste
	 Rating: 15690
	 Multiplicative Factor: 0%
	 Eff: 15689,999999999998
	 DR Bracket: 0
	 Base: 0%
	 Effective Percent: 23,77%
Vers
	 Rating: 2727
	 Multiplicative Factor: 0%
	 Eff: 5067
	 DR Bracket: 0
	 Base: 3%
	 Effective Percent: 6,5%
Leech
	 Rating: 5585
	 Multiplicative Factor: 0%
	 Eff: 7624,99025
	 DR Bracket: 0
	 Base: 2%
	 Effective Percent: 7,48%
Avoidance
	 Rating: 918
	 Multiplicative Factor: 0%
	 Eff: 918
	 DR Bracket: 0
	 Base: 0%
	 Effective Percent: 1,69%
Mastery
	 Rating: 30136
	 Multiplicative Factor: 0%
	 Eff: 36008,8
	 DR Bracket: 2
	 Base: 18%
	 Effective Percent: 92,59%
----------------------
00:30,829

Intellect
	 Rating: 131347
	 Multiplicative Factor: 8,15%
	 Eff: 131347,00000000003
Stamina
	 Rating: 881587
	 Multiplicative Factor: 11,3%
	 Eff: 881587,1130000001
Crit
	 Rating: 16763
	 Multiplicative Factor: 0%
	 Eff: 20263
	 DR Bracket: 0
	 Base: 5%
	 Effective Percent: 28,95%
	 Crit Inc Heal: 2
	 Crit Inc Damage: 2
Haste
	 Rating: 15690
	 Multiplicative Factor: 0%
	 Eff: 15689,999999999998
	 DR Bracket: 0
	 Base: 0%
	 Effective Percent: 23,77%
Vers
	 Rating: 2727
	 Multiplicative Factor: 0%
	 Eff: 5067
	 DR Bracket: 0
	 Base: 3%
	 Effective Percent: 6,5%
Leech
	 Rating: 5585
	 Multiplicative Factor: 0%
	 Eff: 7624,99025
	 DR Bracket: 0
	 Base: 2%
	 Effective Percent: 7,48%
Avoidance
	 Rating: 918
	 Multiplicative Factor: 0%
	 Eff: 918
	 DR Bracket: 0
	 Base: 0%
	 Effective Percent: 1,69%
Mastery
	 Rating: 30136
	 Multiplicative Factor: 0%
	 Eff: 36008,8
	 DR Bracket: 2
	 Base: 18%
	 Effective Percent: 92,59%
----------------------
00:35,839

Intellect
	 Rating: 131347
	 Multiplicative Factor: 8,15%
	 Eff: 131347,00000000003
Stamina
	 Rating: 881587
	 Multiplicative Factor: 11,3%
	 Eff: 881587,1130000001
Crit
	 Rating: 16763
	 Multiplicative Factor: 0%
	 Eff: 20263
	 DR Bracket: 0
	 Base: 5%
	 Effective Percent: 28,95%
	 Crit Inc Heal: 2,6
	 Crit Inc Damage: 2
Haste
	 Rating: 15690
	 Multiplicative Factor: 0%
	 Eff: 15689,999999999998
	 DR Bracket: 0
	 Base: 0%
	 Effective Percent: 23,77%
Vers
	 Rating: 2727
	 Multiplicative Factor: 0%
	 Eff: 5067
	 DR Bracket: 0
	 Base: 3%
	 Effective Percent: 6,5%
Leech
	 Rating: 5585
	 Multiplicative Factor: 0%
	 Eff: 7624,99025
	 DR Bracket: 0
	 Base: 2%
	 Effective Percent: 7,48%
Avoidance
	 Rating: 918
	 Multiplicative Factor: 0%
	 Eff: 918
	 DR Bracket: 0
	 Base: 0%
	 Effective Percent: 1,69%
Mastery
	 Rating: 30136
	 Multiplicative Factor: 0%
	 Eff: 36008,8
	 DR Bracket: 2
	 Base: 18%
	 Effective Percent: 92,59%
----------------------
00:40,855

Intellect
	 Rating: 131347
	 Multiplicative Factor: 8,15%
	 Eff: 131347,00000000003
Stamina
	 Rating: 881587
	 Multiplicative Factor: 11,3%
	 Eff: 881587,1130000001
Crit
	 Rating: 16763
	 Multiplicative Factor: 0%
	 Eff: 20263
	 DR Bracket: 0
	 Base: 5%
	 Effective Percent: 28,95%
	 Crit Inc Heal: 2,6
	 Crit Inc Damage: 2
Haste
	 Rating: 15690
	 Multiplicative Factor: 0%
	 Eff: 15689,999999999998
	 DR Bracket: 0
	 Base: 0%
	 Effective Percent: 23,77%
Vers
	 Rating: 2727
	 Multiplicative Factor: 0%
	 Eff: 5067
	 DR Bracket: 0
	 Base: 3%
	 Effective Percent: 6,5%
Leech
	 Rating: 5585
	 Multiplicative Factor: 0%
	 Eff: 7624,99025
	 DR Bracket: 0
	 Base: 2%
	 Effective Percent: 7,48%
Avoidance
	 Rating: 918
	 Multiplicative Factor: 0%
	 Eff: 918
	 DR Bracket: 0
	 Base: 0%
	 Effective Percent: 1,69%
Mastery
	 Rating: 30136
	 Multiplicative Factor: 0%
	 Eff: 36008,8
	 DR Bracket: 2
	 Base: 18%
	 Effective Percent: 92,59%
----------------------
00:45,932

Intellect
	 Rating: 131347
	 Multiplicative Factor: 8,15%
	 Eff: 131347,00000000003
Stamina
	 Rating: 881587
	 Multiplicative Factor: 11,3%
	 Eff: 881587,1130000001
Crit
	 Rating: 16763
	 Multiplicative Factor: 0%
	 Eff: 20263
	 DR Bracket: 0
	 Base: 5%
	 Effective Percent: 28,95%
	 Crit Inc Heal: 2,6
	 Crit Inc Damage: 2
Haste
	 Rating: 15690
	 Multiplicative Factor: 0%
	 Eff: 15689,999999999998
	 DR Bracket: 0
	 Base: 0%
	 Effective Percent: 23,77%
Vers
	 Rating: 2727
	 Multiplicative Factor: 0%
	 Eff: 5067
	 DR Bracket: 0
	 Base: 3%
	 Effective Percent: 6,5%
Leech
	 Rating: 5585
	 Multiplicative Factor: 0%
	 Eff: 7624,99025
	 DR Bracket: 0
	 Base: 2%
	 Effective Percent: 7,48%
Avoidance
	 Rating: 918
	 Multiplicative Factor: 0%
	 Eff: 918
	 DR Bracket: 0
	 Base: 0%
	 Effective Percent: 1,69%
Mastery
	 Rating: 30136
	 Multiplicative Factor: 0%
	 Eff: 36008,8
	 DR Bracket: 2
	 Base: 18%
	 Effective Percent: 92,59%
----------------------
00:51,087

Intellect
	 Rating: 131347
	 Multiplicative Factor: 8,15%
	 Eff: 131347,00000000003
Stamina
	 Rating: 881587
	 Multiplicative Factor: 11,3%
	 Eff: 881587,1130000001
Crit
	 Rating: 16763
	 Multiplicative Factor: 0%
	 Eff: 20263
	 DR Bracket: 0
	 Base: 5%
	 Effective Percent: 28,95%
	 Crit Inc Heal: 2,6
	 Crit Inc Damage: 2
Haste
	 Rating: 15690
	 Multiplicative Factor: 0%
	 Eff: 15689,999999999998
	 DR Bracket: 0
	 Base: 0%
	 Effective Percent: 23,77%
Vers
	 Rating: 2727
	 Multiplicative Factor: 0%
	 Eff: 5067
	 DR Bracket: 0
	 Base: 3%
	 Effective Percent: 6,5%
Leech
	 Rating: 5585
	 Multiplicative Factor: 0%
	 Eff: 7624,99025
	 DR Bracket: 0
	 Base: 2%
	 Effective Percent: 7,48%
Avoidance
	 Rating: 918
	 Multiplicative Factor: 0%
	 Eff: 918
	 DR Bracket: 0
	 Base: 0%
	 Effective Percent: 1,69%
Mastery
	 Rating: 30136
	 Multiplicative Factor: 0%
	 Eff: 36008,8
	 DR Bracket: 2
	 Base: 18%
	 Effective Percent: 92,59%
----------------------
00:56,100

Intellect
	 Rating: 131347
	 Multiplicative Factor: 8,15%
	 Eff: 131347,00000000003
Stamina
	 Rating: 881587
	 Multiplicative Factor: 11,3%
	 Eff: 881587,1130000001
Crit
	 Rating: 16763
	 Multiplicative Factor: 0%
	 Eff: 20263
	 DR Bracket: 0
	 Base: 5%
	 Effective Percent: 28,95%
	 Crit Inc Heal: 2,6
	 Crit Inc Damage: 2
Haste
	 Rating: 15690
	 Multiplicative Factor: 0%
	 Eff: 15689,999999999998
	 DR Bracket: 0
	 Base: 0%
	 Effective Percent: 23,77%
Vers
	 Rating: 2727
	 Multiplicative Factor: 0%
	 Eff: 5067
	 DR Bracket: 0
	 Base: 3%
	 Effective Percent: 6,5%
Leech
	 Rating: 5585
	 Multiplicative Factor: 0%
	 Eff: 7624,99025
	 DR Bracket: 0
	 Base: 2%
	 Effective Percent: 7,48%
Avoidance
	 Rating: 918
	 Multiplicative Factor: 0%
	 Eff: 918
	 DR Bracket: 0
	 Base: 0%
	 Effective Percent: 1,69%
Mastery
	 Rating: 30136
	 Multiplicative Factor: 0%
	 Eff: 36008,8
	 DR Bracket: 2
	 Base: 18%
	 Effective Percent: 92,59%
----------------------
01:01,361

Intellect
	 Rating: 131347
	 Multiplicative Factor: 8,15%
	 Eff: 131347,00000000003
Stamina
	 Rating: 881587
	 Multiplicative Factor: 11,3%
	 Eff: 881587,1130000001
Crit
	 Rating: 16763
	 Multiplicative Factor: 0%
	 Eff: 20263
	 DR Bracket: 0
	 Base: 5%
	 Effective Percent: 28,95%
	 Crit Inc Heal: 2,6
	 Crit Inc Damage: 2
Haste
	 Rating: 15690
	 Multiplicative Factor: 0%
	 Eff: 15689,999999999998
	 DR Bracket: 0
	 Base: 0%
	 Effective Percent: 23,77%
Vers
	 Rating: 2727
	 Multiplicative Factor: 0%
	 Eff: 5067
	 DR Bracket: 0
	 Base: 3%
	 Effective Percent: 6,5%
Leech
	 Rating: 5585
	 Multiplicative Factor: 0%
	 Eff: 7624,99025
	 DR Bracket: 0
	 Base: 2%
	 Effective Percent: 7,48%
Avoidance
	 Rating: 918
	 Multiplicative Factor: 0%
	 Eff: 918
	 DR Bracket: 0
	 Base: 0%
	 Effective Percent: 1,69%
Mastery
	 Rating: 30136
	 Multiplicative Factor: 0%
	 Eff: 36008,8
	 DR Bracket: 2
	 Base: 18%
	 Effective Percent: 92,59%
----------------------
01:06,664

Intellect
	 Rating: 131347
	 Multiplicative Factor: 8,15%
	 Eff: 131347,00000000003
Stamina
	 Rating: 881587
	 Multiplicative Factor: 11,3%
	 Eff: 881587,1130000001
Crit
	 Rating: 16763
	 Multiplicative Factor: 0%
	 Eff: 20263
	 DR Bracket: 0
	 Base: 5%
	 Effective Percent: 28,95%
	 Crit Inc Heal: 2
	 Crit Inc Damage: 2
Haste
	 Rating: 15690
	 Multiplicative Factor: 0%
	 Eff: 15689,999999999998
	 DR Bracket: 0
	 Base: 0%
	 Effective Percent: 23,77%
Vers
	 Rating: 2727
	 Multiplicative Factor: 0%
	 Eff: 5067
	 DR Bracket: 0
	 Base: 3%
	 Effective Percent: 6,5%
Leech
	 Rating: 5585
	 Multiplicative Factor: 0%
	 Eff: 7624,99025
	 DR Bracket: 0
	 Base: 2%
	 Effective Percent: 7,48%
Avoidance
	 Rating: 918
	 Multiplicative Factor: 0%
	 Eff: 918
	 DR Bracket: 0
	 Base: 0%
	 Effective Percent: 1,69%
Mastery
	 Rating: 30136
	 Multiplicative Factor: 0%
	 Eff: 36008,8
	 DR Bracket: 2
	 Base: 18%
	 Effective Percent: 92,59%
----------------------
01:11,807

Intellect
	 Rating: 131347
	 Multiplicative Factor: 8,15%
	 Eff: 131347,00000000003
Stamina
	 Rating: 881587
	 Multiplicative Factor: 11,3%
	 Eff: 881587,1130000001
Crit
	 Rating: 16763
	 Multiplicative Factor: 0%
	 Eff: 20263
	 DR Bracket: 0
	 Base: 5%
	 Effective Percent: 28,95%
	 Crit Inc Heal: 2,6
	 Crit Inc Damage: 2
Haste
	 Rating: 15690
	 Multiplicative Factor: 0%
	 Eff: 15689,999999999998
	 DR Bracket: 0
	 Base: 0%
	 Effective Percent: 23,77%
Vers
	 Rating: 2727
	 Multiplicative Factor: 0%
	 Eff: 5067
	 DR Bracket: 0
	 Base: 3%
	 Effective Percent: 6,5%
Leech
	 Rating: 5585
	 Multiplicative Factor: 0%
	 Eff: 7624,99025
	 DR Bracket: 0
	 Base: 2%
	 Effective Percent: 7,48%
Avoidance
	 Rating: 918
	 Multiplicative Factor: 0%
	 Eff: 918
	 DR Bracket: 0
	 Base: 0%
	 Effective Percent: 1,69%
Mastery
	 Rating: 30136
	 Multiplicative Factor: 0%
	 Eff: 36008,8
	 DR Bracket: 2
	 Base: 18%
	 Effective Percent: 92,59%
----------------------
01:16,932

Intellect
	 Rating: 131347
	 Multiplicative Factor: 8,15%
	 Eff: 131347,00000000003
Stamina
	 Rating: 881587
	 Multiplicative Factor: 11,3%
	 Eff: 881587,1130000001
Crit
	 Rating: 16763
	 Multiplicative Factor: 0%
	 Eff: 20263
	 DR Bracket: 0
	 Base: 5%
	 Effective Percent: 28,95%
	 Crit Inc Heal: 2,6
	 Crit Inc Damage: 2
Haste
	 Rating: 15690
	 Multiplicative Factor: 0%
	 Eff: 15689,999999999998
	 DR Bracket: 0
	 Base: 0%
	 Effective Percent: 23,77%
Vers
	 Rating: 2727
	 Multiplicative Factor: 0%
	 Eff: 5067
	 DR Bracket: 0
	 Base: 3%
	 Effective Percent: 6,5%
Leech
	 Rating: 5585
	 Multiplicative Factor: 0%
	 Eff: 7624,99025
	 DR Bracket: 0
	 Base: 2%
	 Effective Percent: 7,48%
Avoidance
	 Rating: 918
	 Multiplicative Factor: 0%
	 Eff: 918
	 DR Bracket: 0
	 Base: 0%
	 Effective Percent: 1,69%
Mastery
	 Rating: 30136
	 Multiplicative Factor: 0%
	 Eff: 36008,8
	 DR Bracket: 2
	 Base: 18%
	 Effective Percent: 92,59%
----------------------
01:21,998

Intellect
	 Rating: 131347
	 Multiplicative Factor: 8,15%
	 Eff: 131347,00000000003
Stamina
	 Rating: 881587
	 Multiplicative Factor: 11,3%
	 Eff: 881587,1130000001
Crit
	 Rating: 16763
	 Multiplicative Factor: 0%
	 Eff: 20263
	 DR Bracket: 0
	 Base: 5%
	 Effective Percent: 28,95%
	 Crit Inc Heal: 2,6
	 Crit Inc Damage: 2
Haste
	 Rating: 15690
	 Multiplicative Factor: 0%
	 Eff: 15689,999999999998
	 DR Bracket: 0
	 Base: 0%
	 Effective Percent: 23,77%
Vers
	 Rating: 2727
	 Multiplicative Factor: 0%
	 Eff: 5067
	 DR Bracket: 0
	 Base: 3%
	 Effective Percent: 6,5%
Leech
	 Rating: 5585
	 Multiplicative Factor: 0%
	 Eff: 7624,99025
	 DR Bracket: 0
	 Base: 2%
	 Effective Percent: 7,48%
Avoidance
	 Rating: 918
	 Multiplicative Factor: 0%
	 Eff: 918
	 DR Bracket: 0
	 Base: 0%
	 Effective Percent: 1,69%
Mastery
	 Rating: 30136
	 Multiplicative Factor: 0%
	 Eff: 36008,8
	 DR Bracket: 2
	 Base: 18%
	 Effective Percent: 92,59%
----------------------
01:27,093

Intellect
	 Rating: 131347
	 Multiplicative Factor: 8,15%
	 Eff: 131347,00000000003
Stamina
	 Rating: 881587
	 Multiplicative Factor: 11,3%
	 Eff: 881587,1130000001
Crit
	 Rating: 16763
	 Multiplicative Factor: 0%
	 Eff: 20263
	 DR Bracket: 0
	 Base: 5%
	 Effective Percent: 28,95%
	 Crit Inc Heal: 2
	 Crit Inc Damage: 2
Haste
	 Rating: 15690
	 Multiplicative Factor: 0%
	 Eff: 15689,999999999998
	 DR Bracket: 0
	 Base: 0%
	 Effective Percent: 23,77%
Vers
	 Rating: 2727
	 Multiplicative Factor: 0%
	 Eff: 5067
	 DR Bracket: 0
	 Base: 3%
	 Effective Percent: 6,5%
Leech
	 Rating: 5585
	 Multiplicative Factor: 0%
	 Eff: 7624,99025
	 DR Bracket: 0
	 Base: 2%
	 Effective Percent: 7,48%
Avoidance
	 Rating: 918
	 Multiplicative Factor: 0%
	 Eff: 918
	 DR Bracket: 0
	 Base: 0%
	 Effective Percent: 1,69%
Mastery
	 Rating: 30136
	 Multiplicative Factor: 0%
	 Eff: 36008,8
	 DR Bracket: 2
	 Base: 18%
	 Effective Percent: 92,59%
----------------------
01:32,541

Intellect
	 Rating: 131347
	 Multiplicative Factor: 8,15%
	 Eff: 131347,00000000003
Stamina
	 Rating: 881587
	 Multiplicative Factor: 11,3%
	 Eff: 881587,1130000001
Crit
	 Rating: 16763
	 Multiplicative Factor: 0%
	 Eff: 20263
	 DR Bracket: 0
	 Base: 5%
	 Effective Percent: 28,95%
	 Crit Inc Heal: 2
	 Crit Inc Damage: 2
Haste
	 Rating: 15690
	 Multiplicative Factor: 0%
	 Eff: 15689,999999999998
	 DR Bracket: 0
	 Base: 0%
	 Effective Percent: 23,77%
Vers
	 Rating: 2727
	 Multiplicative Factor: 0%
	 Eff: 5067
	 DR Bracket: 0
	 Base: 3%
	 Effective Percent: 6,5%
Leech
	 Rating: 5585
	 Multiplicative Factor: 0%
	 Eff: 7624,99025
	 DR Bracket: 0
	 Base: 2%
	 Effective Percent: 7,48%
Avoidance
	 Rating: 918
	 Multiplicative Factor: 0%
	 Eff: 918
	 DR Bracket: 0
	 Base: 0%
	 Effective Percent: 1,69%
Mastery
	 Rating: 30136
	 Multiplicative Factor: 0%
	 Eff: 36008,8
	 DR Bracket: 2
	 Base: 18%
	 Effective Percent: 92,59%
----------------------
01:37,652

Intellect
	 Rating: 131347
	 Multiplicative Factor: 8,15%
	 Eff: 131347,00000000003
Stamina
	 Rating: 881587
	 Multiplicative Factor: 11,3%
	 Eff: 881587,1130000001
Crit
	 Rating: 16763
	 Multiplicative Factor: 0%
	 Eff: 20263
	 DR Bracket: 0
	 Base: 5%
	 Effective Percent: 28,95%
	 Crit Inc Heal: 2,6
	 Crit Inc Damage: 2
Haste
	 Rating: 15690
	 Multiplicative Factor: 0%
	 Eff: 15689,999999999998
	 DR Bracket: 0
	 Base: 0%
	 Effective Percent: 23,77%
Vers
	 Rating: 2727
	 Multiplicative Factor: 0%
	 Eff: 5067
	 DR Bracket: 0
	 Base: 3%
	 Effective Percent: 6,5%
Leech
	 Rating: 5585
	 Multiplicative Factor: 0%
	 Eff: 7624,99025
	 DR Bracket: 0
	 Base: 2%
	 Effective Percent: 7,48%
Avoidance
	 Rating: 918
	 Multiplicative Factor: 0%
	 Eff: 918
	 DR Bracket: 0
	 Base: 0%
	 Effective Percent: 1,69%
Mastery
	 Rating: 30136
	 Multiplicative Factor: 0%
	 Eff: 36008,8
	 DR Bracket: 2
	 Base: 18%
	 Effective Percent: 92,59%
----------------------
01:42,968

Intellect
	 Rating: 131347
	 Multiplicative Factor: 8,15%
	 Eff: 131347,00000000003
Stamina
	 Rating: 881587
	 Multiplicative Factor: 11,3%
	 Eff: 881587,1130000001
Crit
	 Rating: 16763
	 Multiplicative Factor: 0%
	 Eff: 20263
	 DR Bracket: 0
	 Base: 5%
	 Effective Percent: 28,95%
	 Crit Inc Heal: 2,6
	 Crit Inc Damage: 2
Haste
	 Rating: 15690
	 Multiplicative Factor: 0%
	 Eff: 15689,999999999998
	 DR Bracket: 0
	 Base: 0%
	 Effective Percent: 23,77%
Vers
	 Rating: 2727
	 Multiplicative Factor: 0%
	 Eff: 5067
	 DR Bracket: 0
	 Base: 3%
	 Effective Percent: 6,5%
Leech
	 Rating: 5585
	 Multiplicative Factor: 0%
	 Eff: 7624,99025
	 DR Bracket: 0
	 Base: 2%
	 Effective Percent: 7,48%
Avoidance
	 Rating: 918
	 Multiplicative Factor: 0%
	 Eff: 918
	 DR Bracket: 0
	 Base: 0%
	 Effective Percent: 1,69%
Mastery
	 Rating: 30136
	 Multiplicative Factor: 0%
	 Eff: 36008,8
	 DR Bracket: 2
	 Base: 18%
	 Effective Percent: 92,59%
----------------------
01:48,037

Intellect
	 Rating: 131347
	 Multiplicative Factor: 8,15%
	 Eff: 131347,00000000003
Stamina
	 Rating: 881587
	 Multiplicative Factor: 11,3%
	 Eff: 881587,1130000001
Crit
	 Rating: 16763
	 Multiplicative Factor: 0%
	 Eff: 20263
	 DR Bracket: 0
	 Base: 5%
	 Effective Percent: 28,95%
	 Crit Inc Heal: 2,6
	 Crit Inc Damage: 2
Haste
	 Rating: 15690
	 Multiplicative Factor: 0%
	 Eff: 15689,999999999998
	 DR Bracket: 0
	 Base: 0%
	 Effective Percent: 23,77%
Vers
	 Rating: 2727
	 Multiplicative Factor: 0%
	 Eff: 5067
	 DR Bracket: 0
	 Base: 3%
	 Effective Percent: 6,5%
Leech
	 Rating: 5585
	 Multiplicative Factor: 0%
	 Eff: 7624,99025
	 DR Bracket: 0
	 Base: 2%
	 Effective Percent: 7,48%
Avoidance
	 Rating: 918
	 Multiplicative Factor: 0%
	 Eff: 918
	 DR Bracket: 0
	 Base: 0%
	 Effective Percent: 1,69%
Mastery
	 Rating: 30136
	 Multiplicative Factor: 0%
	 Eff: 36008,8
	 DR Bracket: 2
	 Base: 18%
	 Effective Percent: 92,59%
----------------------
01:53,141

Intellect
	 Rating: 131347
	 Multiplicative Factor: 8,15%
	 Eff: 131347,00000000003
Stamina
	 Rating: 881587
	 Multiplicative Factor: 11,3%
	 Eff: 881587,1130000001
Crit
	 Rating: 16763
	 Multiplicative Factor: 0%
	 Eff: 20263
	 DR Bracket: 0
	 Base: 5%
	 Effective Percent: 28,95%
	 Crit Inc Heal: 2,6
	 Crit Inc Damage: 2
Haste
	 Rating: 15690
	 Multiplicative Factor: 0%
	 Eff: 15689,999999999998
	 DR Bracket: 0
	 Base: 0%
	 Effective Percent: 23,77%
Vers
	 Rating: 2727
	 Multiplicative Factor: 0%
	 Eff: 5067
	 DR Bracket: 0
	 Base: 3%
	 Effective Percent: 6,5%
Leech
	 Rating: 5585
	 Multiplicative Factor: 0%
	 Eff: 7624,99025
	 DR Bracket: 0
	 Base: 2%
	 Effective Percent: 7,48%
Avoidance
	 Rating: 918
	 Multiplicative Factor: 0%
	 Eff: 918
	 DR Bracket: 0
	 Base: 0%
	 Effective Percent: 1,69%
Mastery
	 Rating: 30136
	 Multiplicative Factor: 0%
	 Eff: 36008,8
	 DR Bracket: 2
	 Base: 18%
	 Effective Percent: 92,59%
----------------------
01:58,195

Intellect
	 Rating: 131347
	 Multiplicative Factor: 8,15%
	 Eff: 131347,00000000003
Stamina
	 Rating: 881587
	 Multiplicative Factor: 11,3%
	 Eff: 881587,1130000001
Crit
	 Rating: 16763
	 Multiplicative Factor: 0%
	 Eff: 20263
	 DR Bracket: 0
	 Base: 5%
	 Effective Percent: 28,95%
	 Crit Inc Heal: 2,6
	 Crit Inc Damage: 2
Haste
	 Rating: 15690
	 Multiplicative Factor: 0%
	 Eff: 15689,999999999998
	 DR Bracket: 0
	 Base: 0%
	 Effective Percent: 23,77%
Vers
	 Rating: 2727
	 Multiplicative Factor: 0%
	 Eff: 5067
	 DR Bracket: 0
	 Base: 3%
	 Effective Percent: 6,5%
Leech
	 Rating: 5585
	 Multiplicative Factor: 0%
	 Eff: 7624,99025
	 DR Bracket: 0
	 Base: 2%
	 Effective Percent: 7,48%
Avoidance
	 Rating: 918
	 Multiplicative Factor: 0%
	 Eff: 918
	 DR Bracket: 0
	 Base: 0%
	 Effective Percent: 1,69%
Mastery
	 Rating: 30136
	 Multiplicative Factor: 0%
	 Eff: 36008,8
	 DR Bracket: 2
	 Base: 18%
	 Effective Percent: 92,59%
----------------------
02:03,279

Intellect
	 Rating: 131347
	 Multiplicative Factor: 8,15%
	 Eff: 131347,00000000003
Stamina
	 Rating: 881587
	 Multiplicative Factor: 11,3%
	 Eff: 881587,1130000001
Crit
	 Rating: 16763
	 Multiplicative Factor: 0%
	 Eff: 20263
	 DR Bracket: 0
	 Base: 5%
	 Effective Percent: 28,95%
	 Crit Inc Heal: 2,6
	 Crit Inc Damage: 2
Haste
	 Rating: 15690
	 Multiplicative Factor: 0%
	 Eff: 15689,999999999998
	 DR Bracket: 0
	 Base: 0%
	 Effective Percent: 23,77%
Vers
	 Rating: 2727
	 Multiplicative Factor: 0%
	 Eff: 5067
	 DR Bracket: 0
	 Base: 3%
	 Effective Percent: 6,5%
Leech
	 Rating: 5585
	 Multiplicative Factor: 0%
	 Eff: 7624,99025
	 DR Bracket: 0
	 Base: 2%
	 Effective Percent: 7,48%
Avoidance
	 Rating: 918
	 Multiplicative Factor: 0%
	 Eff: 918
	 DR Bracket: 0
	 Base: 0%
	 Effective Percent: 1,69%
Mastery
	 Rating: 30136
	 Multiplicative Factor: 0%
	 Eff: 36008,8
	 DR Bracket: 2
	 Base: 18%
	 Effective Percent: 92,59%
----------------------
02:08,305

Intellect
	 Rating: 131347
	 Multiplicative Factor: 8,15%
	 Eff: 131347,00000000003
Stamina
	 Rating: 881587
	 Multiplicative Factor: 11,3%
	 Eff: 881587,1130000001
Crit
	 Rating: 16763
	 Multiplicative Factor: 0%
	 Eff: 20263
	 DR Bracket: 0
	 Base: 5%
	 Effective Percent: 28,95%
	 Crit Inc Heal: 2,6
	 Crit Inc Damage: 2
Haste
	 Rating: 15690
	 Multiplicative Factor: 0%
	 Eff: 15689,999999999998
	 DR Bracket: 0
	 Base: 0%
	 Effective Percent: 23,77%
Vers
	 Rating: 2727
	 Multiplicative Factor: 0%
	 Eff: 5067
	 DR Bracket: 0
	 Base: 3%
	 Effective Percent: 6,5%
Leech
	 Rating: 5585
	 Multiplicative Factor: 0%
	 Eff: 7624,99025
	 DR Bracket: 0
	 Base: 2%
	 Effective Percent: 7,48%
Avoidance
	 Rating: 918
	 Multiplicative Factor: 0%
	 Eff: 918
	 DR Bracket: 0
	 Base: 0%
	 Effective Percent: 1,69%
Mastery
	 Rating: 30136
	 Multiplicative Factor: 0%
	 Eff: 36008,8
	 DR Bracket: 2
	 Base: 18%
	 Effective Percent: 92,59%
----------------------
02:13,474

Intellect
	 Rating: 131347
	 Multiplicative Factor: 8,15%
	 Eff: 131347,00000000003
Stamina
	 Rating: 881587
	 Multiplicative Factor: 11,3%
	 Eff: 881587,1130000001
Crit
	 Rating: 16763
	 Multiplicative Factor: 0%
	 Eff: 20263
	 DR Bracket: 0
	 Base: 5%
	 Effective Percent: 28,95%
	 Crit Inc Heal: 2,6
	 Crit Inc Damage: 2
Haste
	 Rating: 15690
	 Multiplicative Factor: 0%
	 Eff: 15689,999999999998
	 DR Bracket: 0
	 Base: 0%
	 Effective Percent: 23,77%
Vers
	 Rating: 2727
	 Multiplicative Factor: 0%
	 Eff: 5067
	 DR Bracket: 0
	 Base: 3%
	 Effective Percent: 6,5%
Leech
	 Rating: 5585
	 Multiplicative Factor: 0%
	 Eff: 7624,99025
	 DR Bracket: 0
	 Base: 2%
	 Effective Percent: 7,48%
Avoidance
	 Rating: 918
	 Multiplicative Factor: 0%
	 Eff: 918
	 DR Bracket: 0
	 Base: 0%
	 Effective Percent: 1,69%
Mastery
	 Rating: 30136
	 Multiplicative Factor: 0%
	 Eff: 36008,8
	 DR Bracket: 2
	 Base: 18%
	 Effective Percent: 92,59%
----------------------
02:18,486

Intellect
	 Rating: 131347
	 Multiplicative Factor: 8,15%
	 Eff: 131347,00000000003
Stamina
	 Rating: 881587
	 Multiplicative Factor: 11,3%
	 Eff: 881587,1130000001
Crit
	 Rating: 16763
	 Multiplicative Factor: 0%
	 Eff: 20263
	 DR Bracket: 0
	 Base: 5%
	 Effective Percent: 28,95%
	 Crit Inc Heal: 2,6
	 Crit Inc Damage: 2
Haste
	 Rating: 15690
	 Multiplicative Factor: 0%
	 Eff: 15689,999999999998
	 DR Bracket: 0
	 Base: 0%
	 Effective Percent: 23,77%
Vers
	 Rating: 2727
	 Multiplicative Factor: 0%
	 Eff: 5067
	 DR Bracket: 0
	 Base: 3%
	 Effective Percent: 6,5%
Leech
	 Rating: 5585
	 Multiplicative Factor: 0%
	 Eff: 7624,99025
	 DR Bracket: 0
	 Base: 2%
	 Effective Percent: 7,48%
Avoidance
	 Rating: 918
	 Multiplicative Factor: 0%
	 Eff: 918
	 DR Bracket: 0
	 Base: 0%
	 Effective Percent: 1,69%
Mastery
	 Rating: 30136
	 Multiplicative Factor: 0%
	 Eff: 36008,8
	 DR Bracket: 2
	 Base: 18%
	 Effective Percent: 92,59%
----------------------
02:23,544

Intellect
	 Rating: 131347
	 Multiplicative Factor: 8,15%
	 Eff: 131347,00000000003
Stamina
	 Rating: 881587
	 Multiplicative Factor: 11,3%
	 Eff: 881587,1130000001
Crit
	 Rating: 16763
	 Multiplicative Factor: 0%
	 Eff: 20263
	 DR Bracket: 0
	 Base: 5%
	 Effective Percent: 28,95%
	 Crit Inc Heal: 2
	 Crit Inc Damage: 2
Haste
	 Rating: 15690
	 Multiplicative Factor: 0%
	 Eff: 15689,999999999998
	 DR Bracket: 0
	 Base: 0%
	 Effective Percent: 23,77%
Vers
	 Rating: 2727
	 Multiplicative Factor: 0%
	 Eff: 5067
	 DR Bracket: 0
	 Base: 3%
	 Effective Percent: 6,5%
Leech
	 Rating: 5585
	 Multiplicative Factor: 0%
	 Eff: 7624,99025
	 DR Bracket: 0
	 Base: 2%
	 Effective Percent: 7,48%
Avoidance
	 Rating: 918
	 Multiplicative Factor: 0%
	 Eff: 918
	 DR Bracket: 0
	 Base: 0%
	 Effective Percent: 1,69%
Mastery
	 Rating: 30136
	 Multiplicative Factor: 0%
	 Eff: 36008,8
	 DR Bracket: 2
	 Base: 18%
	 Effective Percent: 92,59%
----------------------
02:29,609

Intellect
	 Rating: 131347
	 Multiplicative Factor: 8,15%
	 Eff: 131347,00000000003
Stamina
	 Rating: 881587
	 Multiplicative Factor: 11,3%
	 Eff: 881587,1130000001
Crit
	 Rating: 16763
	 Multiplicative Factor: 0%
	 Eff: 20263
	 DR Bracket: 0
	 Base: 5%
	 Effective Percent: 28,95%
	 Crit Inc Heal: 2
	 Crit Inc Damage: 2
Haste
	 Rating: 15690
	 Multiplicative Factor: 0%
	 Eff: 15689,999999999998
	 DR Bracket: 0
	 Base: 0%
	 Effective Percent: 23,77%
Vers
	 Rating: 2727
	 Multiplicative Factor: 0%
	 Eff: 5067
	 DR Bracket: 0
	 Base: 3%
	 Effective Percent: 6,5%
Leech
	 Rating: 5585
	 Multiplicative Factor: 0%
	 Eff: 7624,99025
	 DR Bracket: 0
	 Base: 2%
	 Effective Percent: 7,48%
Avoidance
	 Rating: 918
	 Multiplicative Factor: 0%
	 Eff: 918
	 DR Bracket: 0
	 Base: 0%
	 Effective Percent: 1,69%
Mastery
	 Rating: 30136
	 Multiplicative Factor: 0%
	 Eff: 36008,8
	 DR Bracket: 2
	 Base: 18%
	 Effective Percent: 92,59%
----------------------
02:34,642

Intellect
	 Rating: 131347
	 Multiplicative Factor: 8,15%
	 Eff: 131347,00000000003
Stamina
	 Rating: 881587
	 Multiplicative Factor: 11,3%
	 Eff: 881587,1130000001
Crit
	 Rating: 16763
	 Multiplicative Factor: 0%
	 Eff: 20263
	 DR Bracket: 0
	 Base: 5%
	 Effective Percent: 28,95%
	 Crit Inc Heal: 2
	 Crit Inc Damage: 2
Haste
	 Rating: 15690
	 Multiplicative Factor: 0%
	 Eff: 15689,999999999998
	 DR Bracket: 0
	 Base: 0%
	 Effective Percent: 23,77%
Vers
	 Rating: 2727
	 Multiplicative Factor: 0%
	 Eff: 5067
	 DR Bracket: 0
	 Base: 3%
	 Effective Percent: 6,5%
Leech
	 Rating: 5585
	 Multiplicative Factor: 0%
	 Eff: 7624,99025
	 DR Bracket: 0
	 Base: 2%
	 Effective Percent: 7,48%
Avoidance
	 Rating: 918
	 Multiplicative Factor: 0%
	 Eff: 918
	 DR Bracket: 0
	 Base: 0%
	 Effective Percent: 1,69%
Mastery
	 Rating: 30136
	 Multiplicative Factor: 0%
	 Eff: 36008,8
	 DR Bracket: 2
	 Base: 18%
	 Effective Percent: 92,59%
----------------------
02:40,286

Intellect
	 Rating: 131347
	 Multiplicative Factor: 8,15%
	 Eff: 131347,00000000003
Stamina
	 Rating: 881587
	 Multiplicative Factor: 11,3%
	 Eff: 881587,1130000001
Crit
	 Rating: 16763
	 Multiplicative Factor: 0%
	 Eff: 20263
	 DR Bracket: 0
	 Base: 5%
	 Effective Percent: 28,95%
	 Crit Inc Heal: 2
	 Crit Inc Damage: 2
Haste
	 Rating: 15690
	 Multiplicative Factor: 0%
	 Eff: 15689,999999999998
	 DR Bracket: 0
	 Base: 0%
	 Effective Percent: 23,77%
Vers
	 Rating: 2727
	 Multiplicative Factor: 0%
	 Eff: 5067
	 DR Bracket: 0
	 Base: 3%
	 Effective Percent: 6,5%
Leech
	 Rating: 5585
	 Multiplicative Factor: 0%
	 Eff: 7624,99025
	 DR Bracket: 0
	 Base: 2%
	 Effective Percent: 7,48%
Avoidance
	 Rating: 918
	 Multiplicative Factor: 0%
	 Eff: 918
	 DR Bracket: 0
	 Base: 0%
	 Effective Percent: 1,69%
Mastery
	 Rating: 30136
	 Multiplicative Factor: 0%
	 Eff: 36008,8
	 DR Bracket: 2
	 Base: 18%
	 Effective Percent: 92,59%
----------------------
02:45,399

Intellect
	 Rating: 131347
	 Multiplicative Factor: 8,15%
	 Eff: 131347,00000000003
Stamina
	 Rating: 881587
	 Multiplicative Factor: 11,3%
	 Eff: 881587,1130000001
Crit
	 Rating: 16763
	 Multiplicative Factor: 0%
	 Eff: 20263
	 DR Bracket: 0
	 Base: 5%
	 Effective Percent: 28,95%
	 Crit Inc Heal: 2
	 Crit Inc Damage: 2
Haste
	 Rating: 15690
	 Multiplicative Factor: 0%
	 Eff: 15689,999999999998
	 DR Bracket: 0
	 Base: 0%
	 Effective Percent: 23,77%
Vers
	 Rating: 2727
	 Multiplicative Factor: 0%
	 Eff: 5067
	 DR Bracket: 0
	 Base: 3%
	 Effective Percent: 6,5%
Leech
	 Rating: 5585
	 Multiplicative Factor: 0%
	 Eff: 7624,99025
	 DR Bracket: 0
	 Base: 2%
	 Effective Percent: 7,48%
Avoidance
	 Rating: 918
	 Multiplicative Factor: 0%
	 Eff: 918
	 DR Bracket: 0
	 Base: 0%
	 Effective Percent: 1,69%
Mastery
	 Rating: 30136
	 Multiplicative Factor: 0%
	 Eff: 36008,8
	 DR Bracket: 2
	 Base: 18%
	 Effective Percent: 92,59%
----------------------
02:50,528

Intellect
	 Rating: 131347
	 Multiplicative Factor: 8,15%
	 Eff: 131347,00000000003
Stamina
	 Rating: 881587
	 Multiplicative Factor: 11,3%
	 Eff: 881587,1130000001
Crit
	 Rating: 16763
	 Multiplicative Factor: 0%
	 Eff: 20263
	 DR Bracket: 0
	 Base: 5%
	 Effective Percent: 28,95%
	 Crit Inc Heal: 2
	 Crit Inc Damage: 2
Haste
	 Rating: 15690
	 Multiplicative Factor: 0%
	 Eff: 15689,999999999998
	 DR Bracket: 0
	 Base: 0%
	 Effective Percent: 23,77%
Vers
	 Rating: 2727
	 Multiplicative Factor: 0%
	 Eff: 5067
	 DR Bracket: 0
	 Base: 3%
	 Effective Percent: 6,5%
Leech
	 Rating: 5585
	 Multiplicative Factor: 0%
	 Eff: 7624,99025
	 DR Bracket: 0
	 Base: 2%
	 Effective Percent: 7,48%
Avoidance
	 Rating: 918
	 Multiplicative Factor: 0%
	 Eff: 918
	 DR Bracket: 0
	 Base: 0%
	 Effective Percent: 1,69%
Mastery
	 Rating: 30136
	 Multiplicative Factor: 0%
	 Eff: 36008,8
	 DR Bracket: 2
	 Base: 18%
	 Effective Percent: 92,59%
----------------------
02:56,594

Intellect
	 Rating: 131347
	 Multiplicative Factor: 8,15%
	 Eff: 131347,00000000003
Stamina
	 Rating: 881587
	 Multiplicative Factor: 11,3%
	 Eff: 881587,1130000001
Crit
	 Rating: 16763
	 Multiplicative Factor: 0%
	 Eff: 20263
	 DR Bracket: 0
	 Base: 5%
	 Effective Percent: 28,95%
	 Crit Inc Heal: 2
	 Crit Inc Damage: 2
Haste
	 Rating: 15690
	 Multiplicative Factor: 0%
	 Eff: 15689,999999999998
	 DR Bracket: 0
	 Base: 0%
	 Effective Percent: 23,77%
Vers
	 Rating: 2727
	 Multiplicative Factor: 0%
	 Eff: 5067
	 DR Bracket: 0
	 Base: 3%
	 Effective Percent: 6,5%
Leech
	 Rating: 5585
	 Multiplicative Factor: 0%
	 Eff: 7624,99025
	 DR Bracket: 0
	 Base: 2%
	 Effective Percent: 7,48%
Avoidance
	 Rating: 918
	 Multiplicative Factor: 0%
	 Eff: 918
	 DR Bracket: 0
	 Base: 0%
	 Effective Percent: 1,69%
Mastery
	 Rating: 30136
	 Multiplicative Factor: 0%
	 Eff: 36008,8
	 DR Bracket: 2
	 Base: 18%
	 Effective Percent: 92,59%
----------------------
03:01,774

Intellect
	 Rating: 131347
	 Multiplicative Factor: 8,15%
	 Eff: 131347,00000000003
Stamina
	 Rating: 881587
	 Multiplicative Factor: 11,3%
	 Eff: 881587,1130000001
Crit
	 Rating: 16763
	 Multiplicative Factor: 0%
	 Eff: 20263
	 DR Bracket: 0
	 Base: 5%
	 Effective Percent: 28,95%
	 Crit Inc Heal: 2
	 Crit Inc Damage: 2
Haste
	 Rating: 15690
	 Multiplicative Factor: 0%
	 Eff: 15689,999999999998
	 DR Bracket: 0
	 Base: 0%
	 Effective Percent: 23,77%
Vers
	 Rating: 2727
	 Multiplicative Factor: 0%
	 Eff: 5067
	 DR Bracket: 0
	 Base: 3%
	 Effective Percent: 6,5%
Leech
	 Rating: 5585
	 Multiplicative Factor: 0%
	 Eff: 7624,99025
	 DR Bracket: 0
	 Base: 2%
	 Effective Percent: 7,48%
Avoidance
	 Rating: 918
	 Multiplicative Factor: 0%
	 Eff: 918
	 DR Bracket: 0
	 Base: 0%
	 Effective Percent: 1,69%
Mastery
	 Rating: 30136
	 Multiplicative Factor: 0%
	 Eff: 36008,8
	 DR Bracket: 2
	 Base: 18%
	 Effective Percent: 92,59%
----------------------
03:06,953

Intellect
	 Rating: 131347
	 Multiplicative Factor: 8,15%
	 Eff: 131347,00000000003
Stamina
	 Rating: 881587
	 Multiplicative Factor: 11,3%
	 Eff: 881587,1130000001
Crit
	 Rating: 16763
	 Multiplicative Factor: 0%
	 Eff: 20263
	 DR Bracket: 0
	 Base: 5%
	 Effective Percent: 28,95%
	 Crit Inc Heal: 2,6
	 Crit Inc Damage: 2
Haste
	 Rating: 15690
	 Multiplicative Factor: 0%
	 Eff: 15689,999999999998
	 DR Bracket: 0
	 Base: 0%
	 Effective Percent: 23,77%
Vers
	 Rating: 2727
	 Multiplicative Factor: 0%
	 Eff: 5067
	 DR Bracket: 0
	 Base: 3%
	 Effective Percent: 6,5%
Leech
	 Rating: 5585
	 Multiplicative Factor: 0%
	 Eff: 7624,99025
	 DR Bracket: 0
	 Base: 2%
	 Effective Percent: 7,48%
Avoidance
	 Rating: 918
	 Multiplicative Factor: 0%
	 Eff: 918
	 DR Bracket: 0
	 Base: 0%
	 Effective Percent: 1,69%
Mastery
	 Rating: 30136
	 Multiplicative Factor: 0%
	 Eff: 36008,8
	 DR Bracket: 2
	 Base: 18%
	 Effective Percent: 92,59%
----------------------
03:12,151

Intellect
	 Rating: 131347
	 Multiplicative Factor: 8,15%
	 Eff: 131347,00000000003
Stamina
	 Rating: 881587
	 Multiplicative Factor: 11,3%
	 Eff: 881587,1130000001
Crit
	 Rating: 16763
	 Multiplicative Factor: 0%
	 Eff: 20263
	 DR Bracket: 0
	 Base: 5%
	 Effective Percent: 28,95%
	 Crit Inc Heal: 2,6
	 Crit Inc Damage: 2
Haste
	 Rating: 15690
	 Multiplicative Factor: 0%
	 Eff: 15689,999999999998
	 DR Bracket: 0
	 Base: 0%
	 Effective Percent: 23,77%
Vers
	 Rating: 2727
	 Multiplicative Factor: 0%
	 Eff: 5067
	 DR Bracket: 0
	 Base: 3%
	 Effective Percent: 6,5%
Leech
	 Rating: 5585
	 Multiplicative Factor: 0%
	 Eff: 7624,99025
	 DR Bracket: 0
	 Base: 2%
	 Effective Percent: 7,48%
Avoidance
	 Rating: 918
	 Multiplicative Factor: 0%
	 Eff: 918
	 DR Bracket: 0
	 Base: 0%
	 Effective Percent: 1,69%
Mastery
	 Rating: 30136
	 Multiplicative Factor: 0%
	 Eff: 36008,8
	 DR Bracket: 2
	 Base: 18%
	 Effective Percent: 92,59%
----------------------
03:17,193

Intellect
	 Rating: 131347
	 Multiplicative Factor: 8,15%
	 Eff: 131347,00000000003
Stamina
	 Rating: 881587
	 Multiplicative Factor: 11,3%
	 Eff: 881587,1130000001
Crit
	 Rating: 16763
	 Multiplicative Factor: 0%
	 Eff: 20263
	 DR Bracket: 0
	 Base: 5%
	 Effective Percent: 28,95%
	 Crit Inc Heal: 2,6
	 Crit Inc Damage: 2
Haste
	 Rating: 15690
	 Multiplicative Factor: 0%
	 Eff: 15689,999999999998
	 DR Bracket: 0
	 Base: 0%
	 Effective Percent: 23,77%
Vers
	 Rating: 2727
	 Multiplicative Factor: 0%
	 Eff: 5067
	 DR Bracket: 0
	 Base: 3%
	 Effective Percent: 6,5%
Leech
	 Rating: 5585
	 Multiplicative Factor: 0%
	 Eff: 7624,99025
	 DR Bracket: 0
	 Base: 2%
	 Effective Percent: 7,48%
Avoidance
	 Rating: 918
	 Multiplicative Factor: 0%
	 Eff: 918
	 DR Bracket: 0
	 Base: 0%
	 Effective Percent: 1,69%
Mastery
	 Rating: 30136
	 Multiplicative Factor: 0%
	 Eff: 36008,8
	 DR Bracket: 2
	 Base: 18%
	 Effective Percent: 92,59%
----------------------
03:22,218

Intellect
	 Rating: 131347
	 Multiplicative Factor: 8,15%
	 Eff: 131347,00000000003
Stamina
	 Rating: 881587
	 Multiplicative Factor: 11,3%
	 Eff: 881587,1130000001
Crit
	 Rating: 16763
	 Multiplicative Factor: 0%
	 Eff: 20263
	 DR Bracket: 0
	 Base: 5%
	 Effective Percent: 28,95%
	 Crit Inc Heal: 2,6
	 Crit Inc Damage: 2
Haste
	 Rating: 15690
	 Multiplicative Factor: 0%
	 Eff: 15689,999999999998
	 DR Bracket: 0
	 Base: 0%
	 Effective Percent: 23,77%
Vers
	 Rating: 2727
	 Multiplicative Factor: 0%
	 Eff: 5067
	 DR Bracket: 0
	 Base: 3%
	 Effective Percent: 6,5%
Leech
	 Rating: 5585
	 Multiplicative Factor: 0%
	 Eff: 7624,99025
	 DR Bracket: 0
	 Base: 2%
	 Effective Percent: 7,48%
Avoidance
	 Rating: 918
	 Multiplicative Factor: 0%
	 Eff: 918
	 DR Bracket: 0
	 Base: 0%
	 Effective Percent: 1,69%
Mastery
	 Rating: 30136
	 Multiplicative Factor: 0%
	 Eff: 36008,8
	 DR Bracket: 2
	 Base: 18%
	 Effective Percent: 92,59%
----------------------
03:27,263

Intellect
	 Rating: 131347
	 Multiplicative Factor: 8,15%
	 Eff: 131347,00000000003
Stamina
	 Rating: 881587
	 Multiplicative Factor: 11,3%
	 Eff: 881587,1130000001
Crit
	 Rating: 16763
	 Multiplicative Factor: 0%
	 Eff: 20263
	 DR Bracket: 0
	 Base: 5%
	 Effective Percent: 28,95%
	 Crit Inc Heal: 2,6
	 Crit Inc Damage: 2
Haste
	 Rating: 15690
	 Multiplicative Factor: 0%
	 Eff: 15689,999999999998
	 DR Bracket: 0
	 Base: 0%
	 Effective Percent: 23,77%
Vers
	 Rating: 2727
	 Multiplicative Factor: 0%
	 Eff: 5067
	 DR Bracket: 0
	 Base: 3%
	 Effective Percent: 6,5%
Leech
	 Rating: 5585
	 Multiplicative Factor: 0%
	 Eff: 7624,99025
	 DR Bracket: 0
	 Base: 2%
	 Effective Percent: 7,48%
Avoidance
	 Rating: 918
	 Multiplicative Factor: 0%
	 Eff: 918
	 DR Bracket: 0
	 Base: 0%
	 Effective Percent: 1,69%
Mastery
	 Rating: 30136
	 Multiplicative Factor: 0%
	 Eff: 36008,8
	 DR Bracket: 2
	 Base: 18%
	 Effective Percent: 92,59%
----------------------
03:32,554

Intellect
	 Rating: 131347
	 Multiplicative Factor: 8,15%
	 Eff: 131347,00000000003
Stamina
	 Rating: 881587
	 Multiplicative Factor: 11,3%
	 Eff: 881587,1130000001
Crit
	 Rating: 16763
	 Multiplicative Factor: 0%
	 Eff: 20263
	 DR Bracket: 0
	 Base: 5%
	 Effective Percent: 28,95%
	 Crit Inc Heal: 2,6
	 Crit Inc Damage: 2
Haste
	 Rating: 15690
	 Multiplicative Factor: 0%
	 Eff: 15689,999999999998
	 DR Bracket: 0
	 Base: 0%
	 Effective Percent: 23,77%
Vers
	 Rating: 2727
	 Multiplicative Factor: 0%
	 Eff: 5067
	 DR Bracket: 0
	 Base: 3%
	 Effective Percent: 6,5%
Leech
	 Rating: 5585
	 Multiplicative Factor: 0%
	 Eff: 7624,99025
	 DR Bracket: 0
	 Base: 2%
	 Effective Percent: 7,48%
Avoidance
	 Rating: 918
	 Multiplicative Factor: 0%
	 Eff: 918
	 DR Bracket: 0
	 Base: 0%
	 Effective Percent: 1,69%
Mastery
	 Rating: 30136
	 Multiplicative Factor: 0%
	 Eff: 36008,8
	 DR Bracket: 2
	 Base: 18%
	 Effective Percent: 92,59%
----------------------
03:37,663

Intellect
	 Rating: 131347
	 Multiplicative Factor: 8,15%
	 Eff: 131347,00000000003
Stamina
	 Rating: 881587
	 Multiplicative Factor: 11,3%
	 Eff: 881587,1130000001
Crit
	 Rating: 16763
	 Multiplicative Factor: 0%
	 Eff: 20263
	 DR Bracket: 0
	 Base: 5%
	 Effective Percent: 28,95%
	 Crit Inc Heal: 2,6
	 Crit Inc Damage: 2
Haste
	 Rating: 15690
	 Multiplicative Factor: 0%
	 Eff: 15689,999999999998
	 DR Bracket: 0
	 Base: 0%
	 Effective Percent: 23,77%
Vers
	 Rating: 2727
	 Multiplicative Factor: 0%
	 Eff: 5067
	 DR Bracket: 0
	 Base: 3%
	 Effective Percent: 6,5%
Leech
	 Rating: 5585
	 Multiplicative Factor: 0%
	 Eff: 7624,99025
	 DR Bracket: 0
	 Base: 2%
	 Effective Percent: 7,48%
Avoidance
	 Rating: 918
	 Multiplicative Factor: 0%
	 Eff: 918
	 DR Bracket: 0
	 Base: 0%
	 Effective Percent: 1,69%
Mastery
	 Rating: 30136
	 Multiplicative Factor: 0%
	 Eff: 36008,8
	 DR Bracket: 2
	 Base: 18%
	 Effective Percent: 92,59%
----------------------
03:42,713

Intellect
	 Rating: 131347
	 Multiplicative Factor: 8,15%
	 Eff: 131347,00000000003
Stamina
	 Rating: 881587
	 Multiplicative Factor: 11,3%
	 Eff: 881587,1130000001
Crit
	 Rating: 16763
	 Multiplicative Factor: 0%
	 Eff: 20263
	 DR Bracket: 0
	 Base: 5%
	 Effective Percent: 28,95%
	 Crit Inc Heal: 2,6
	 Crit Inc Damage: 2
Haste
	 Rating: 15690
	 Multiplicative Factor: 0%
	 Eff: 15689,999999999998
	 DR Bracket: 0
	 Base: 0%
	 Effective Percent: 23,77%
Vers
	 Rating: 2727
	 Multiplicative Factor: 0%
	 Eff: 5067
	 DR Bracket: 0
	 Base: 3%
	 Effective Percent: 6,5%
Leech
	 Rating: 5585
	 Multiplicative Factor: 0%
	 Eff: 7624,99025
	 DR Bracket: 0
	 Base: 2%
	 Effective Percent: 7,48%
Avoidance
	 Rating: 918
	 Multiplicative Factor: 0%
	 Eff: 918
	 DR Bracket: 0
	 Base: 0%
	 Effective Percent: 1,69%
Mastery
	 Rating: 30136
	 Multiplicative Factor: 0%
	 Eff: 36008,8
	 DR Bracket: 2
	 Base: 18%
	 Effective Percent: 92,59%
----------------------
03:47,776

Intellect
	 Rating: 131347
	 Multiplicative Factor: 8,15%
	 Eff: 131347,00000000003
Stamina
	 Rating: 881587
	 Multiplicative Factor: 11,3%
	 Eff: 881587,1130000001
Crit
	 Rating: 16763
	 Multiplicative Factor: 0%
	 Eff: 20263
	 DR Bracket: 0
	 Base: 5%
	 Effective Percent: 28,95%
	 Crit Inc Heal: 2,6
	 Crit Inc Damage: 2
Haste
	 Rating: 15690
	 Multiplicative Factor: 0%
	 Eff: 15689,999999999998
	 DR Bracket: 0
	 Base: 0%
	 Effective Percent: 23,77%
Vers
	 Rating: 2727
	 Multiplicative Factor: 0%
	 Eff: 5067
	 DR Bracket: 0
	 Base: 3%
	 Effective Percent: 6,5%
Leech
	 Rating: 5585
	 Multiplicative Factor: 0%
	 Eff: 7624,99025
	 DR Bracket: 0
	 Base: 2%
	 Effective Percent: 7,48%
Avoidance
	 Rating: 918
	 Multiplicative Factor: 0%
	 Eff: 918
	 DR Bracket: 0
	 Base: 0%
	 Effective Percent: 1,69%
Mastery
	 Rating: 30136
	 Multiplicative Factor: 0%
	 Eff: 36008,8
	 DR Bracket: 2
	 Base: 18%
	 Effective Percent: 92,59%
----------------------
03:52,973

Intellect
	 Rating: 131347
	 Multiplicative Factor: 8,15%
	 Eff: 131347,00000000003
Stamina
	 Rating: 881587
	 Multiplicative Factor: 11,3%
	 Eff: 881587,1130000001
Crit
	 Rating: 16763
	 Multiplicative Factor: 0%
	 Eff: 20263
	 DR Bracket: 0
	 Base: 5%
	 Effective Percent: 28,95%
	 Crit Inc Heal: 2,6
	 Crit Inc Damage: 2
Haste
	 Rating: 15690
	 Multiplicative Factor: 0%
	 Eff: 15689,999999999998
	 DR Bracket: 0
	 Base: 0%
	 Effective Percent: 23,77%
Vers
	 Rating: 2727
	 Multiplicative Factor: 0%
	 Eff: 5067
	 DR Bracket: 0
	 Base: 3%
	 Effective Percent: 6,5%
Leech
	 Rating: 5585
	 Multiplicative Factor: 0%
	 Eff: 7624,99025
	 DR Bracket: 0
	 Base: 2%
	 Effective Percent: 7,48%
Avoidance
	 Rating: 918
	 Multiplicative Factor: 0%
	 Eff: 918
	 DR Bracket: 0
	 Base: 0%
	 Effective Percent: 1,69%
Mastery
	 Rating: 30136
	 Multiplicative Factor: 0%
	 Eff: 36008,8
	 DR Bracket: 2
	 Base: 18%
	 Effective Percent: 92,59%
----------------------
03:57,981

Intellect
	 Rating: 131347
	 Multiplicative Factor: 8,15%
	 Eff: 131347,00000000003
Stamina
	 Rating: 881587
	 Multiplicative Factor: 11,3%
	 Eff: 881587,1130000001
Crit
	 Rating: 16763
	 Multiplicative Factor: 0%
	 Eff: 20263
	 DR Bracket: 0
	 Base: 5%
	 Effective Percent: 28,95%
	 Crit Inc Heal: 2,6
	 Crit Inc Damage: 2
Haste
	 Rating: 15690
	 Multiplicative Factor: 0%
	 Eff: 15689,999999999998
	 DR Bracket: 0
	 Base: 0%
	 Effective Percent: 23,77%
Vers
	 Rating: 2727
	 Multiplicative Factor: 0%
	 Eff: 5067
	 DR Bracket: 0
	 Base: 3%
	 Effective Percent: 6,5%
Leech
	 Rating: 5585
	 Multiplicative Factor: 0%
	 Eff: 7624,99025
	 DR Bracket: 0
	 Base: 2%
	 Effective Percent: 7,48%
Avoidance
	 Rating: 918
	 Multiplicative Factor: 0%
	 Eff: 918
	 DR Bracket: 0
	 Base: 0%
	 Effective Percent: 1,69%
Mastery
	 Rating: 30136
	 Multiplicative Factor: 0%
	 Eff: 36008,8
	 DR Bracket: 2
	 Base: 18%
	 Effective Percent: 92,59%
----------------------
04:03,334

Intellect
	 Rating: 131347
	 Multiplicative Factor: 8,15%
	 Eff: 131347,00000000003
Stamina
	 Rating: 881587
	 Multiplicative Factor: 11,3%
	 Eff: 881587,1130000001
Crit
	 Rating: 16763
	 Multiplicative Factor: 0%
	 Eff: 20263
	 DR Bracket: 0
	 Base: 5%
	 Effective Percent: 28,95%
	 Crit Inc Heal: 2,6
	 Crit Inc Damage: 2
Haste
	 Rating: 15690
	 Multiplicative Factor: 0%
	 Eff: 15689,999999999998
	 DR Bracket: 0
	 Base: 0%
	 Effective Percent: 23,77%
Vers
	 Rating: 2727
	 Multiplicative Factor: 0%
	 Eff: 5067
	 DR Bracket: 0
	 Base: 3%
	 Effective Percent: 6,5%
Leech
	 Rating: 5585
	 Multiplicative Factor: 0%
	 Eff: 7624,99025
	 DR Bracket: 0
	 Base: 2%
	 Effective Percent: 7,48%
Avoidance
	 Rating: 918
	 Multiplicative Factor: 0%
	 Eff: 918
	 DR Bracket: 0
	 Base: 0%
	 Effective Percent: 1,69%
Mastery
	 Rating: 30136
	 Multiplicative Factor: 0%
	 Eff: 36008,8
	 DR Bracket: 2
	 Base: 18%
	 Effective Percent: 92,59%
----------------------
04:08,500

Intellect
	 Rating: 131347
	 Multiplicative Factor: 8,15%
	 Eff: 131347,00000000003
Stamina
	 Rating: 881587
	 Multiplicative Factor: 11,3%
	 Eff: 881587,1130000001
Crit
	 Rating: 16763
	 Multiplicative Factor: 0%
	 Eff: 20263
	 DR Bracket: 0
	 Base: 5%
	 Effective Percent: 28,95%
	 Crit Inc Heal: 2,6
	 Crit Inc Damage: 2
Haste
	 Rating: 15690
	 Multiplicative Factor: 0%
	 Eff: 15689,999999999998
	 DR Bracket: 0
	 Base: 0%
	 Effective Percent: 23,77%
Vers
	 Rating: 2727
	 Multiplicative Factor: 0%
	 Eff: 5067
	 DR Bracket: 0
	 Base: 3%
	 Effective Percent: 6,5%
Leech
	 Rating: 5585
	 Multiplicative Factor: 0%
	 Eff: 7624,99025
	 DR Bracket: 0
	 Base: 2%
	 Effective Percent: 7,48%
Avoidance
	 Rating: 918
	 Multiplicative Factor: 0%
	 Eff: 918
	 DR Bracket: 0
	 Base: 0%
	 Effective Percent: 1,69%
Mastery
	 Rating: 30136
	 Multiplicative Factor: 0%
	 Eff: 36008,8
	 DR Bracket: 2
	 Base: 18%
	 Effective Percent: 92,59%
----------------------
04:13,578

Intellect
	 Rating: 131347
	 Multiplicative Factor: 8,15%
	 Eff: 131347,00000000003
Stamina
	 Rating: 881587
	 Multiplicative Factor: 11,3%
	 Eff: 881587,1130000001
Crit
	 Rating: 16763
	 Multiplicative Factor: 0%
	 Eff: 20263
	 DR Bracket: 0
	 Base: 5%
	 Effective Percent: 28,95%
	 Crit Inc Heal: 2,6
	 Crit Inc Damage: 2
Haste
	 Rating: 15690
	 Multiplicative Factor: 0%
	 Eff: 15689,999999999998
	 DR Bracket: 0
	 Base: 0%
	 Effective Percent: 23,77%
Vers
	 Rating: 2727
	 Multiplicative Factor: 0%
	 Eff: 5067
	 DR Bracket: 0
	 Base: 3%
	 Effective Percent: 6,5%
Leech
	 Rating: 5585
	 Multiplicative Factor: 0%
	 Eff: 7624,99025
	 DR Bracket: 0
	 Base: 2%
	 Effective Percent: 7,48%
Avoidance
	 Rating: 918
	 Multiplicative Factor: 0%
	 Eff: 918
	 DR Bracket: 0
	 Base: 0%
	 Effective Percent: 1,69%
Mastery
	 Rating: 30136
	 Multiplicative Factor: 0%
	 Eff: 36008,8
	 DR Bracket: 2
	 Base: 18%
	 Effective Percent: 92,59%
----------------------
04:18,617

Intellect
	 Rating: 131347
	 Multiplicative Factor: 8,15%
	 Eff: 131347,00000000003
Stamina
	 Rating: 881587
	 Multiplicative Factor: 11,3%
	 Eff: 881587,1130000001
Crit
	 Rating: 16763
	 Multiplicative Factor: 0%
	 Eff: 20263
	 DR Bracket: 0
	 Base: 5%
	 Effective Percent: 28,95%
	 Crit Inc Heal: 2
	 Crit Inc Damage: 2
Haste
	 Rating: 15690
	 Multiplicative Factor: 0%
	 Eff: 15689,999999999998
	 DR Bracket: 0
	 Base: 0%
	 Effective Percent: 23,77%
Vers
	 Rating: 2727
	 Multiplicative Factor: 0%
	 Eff: 5067
	 DR Bracket: 0
	 Base: 3%
	 Effective Percent: 6,5%
Leech
	 Rating: 5585
	 Multiplicative Factor: 0%
	 Eff: 7624,99025
	 DR Bracket: 0
	 Base: 2%
	 Effective Percent: 7,48%
Avoidance
	 Rating: 918
	 Multiplicative Factor: 0%
	 Eff: 918
	 DR Bracket: 0
	 Base: 0%
	 Effective Percent: 1,69%
Mastery
	 Rating: 30136
	 Multiplicative Factor: 0%
	 Eff: 36008,8
	 DR Bracket: 2
	 Base: 18%
	 Effective Percent: 92,59%
----------------------
04:23,800

Intellect
	 Rating: 131347
	 Multiplicative Factor: 8,15%
	 Eff: 131347,00000000003
Stamina
	 Rating: 881587
	 Multiplicative Factor: 11,3%
	 Eff: 881587,1130000001
Crit
	 Rating: 16763
	 Multiplicative Factor: 0%
	 Eff: 20263
	 DR Bracket: 0
	 Base: 5%
	 Effective Percent: 28,95%
	 Crit Inc Heal: 2
	 Crit Inc Damage: 2
Haste
	 Rating: 15690
	 Multiplicative Factor: 0%
	 Eff: 15689,999999999998
	 DR Bracket: 0
	 Base: 0%
	 Effective Percent: 23,77%
Vers
	 Rating: 2727
	 Multiplicative Factor: 0%
	 Eff: 5067
	 DR Bracket: 0
	 Base: 3%
	 Effective Percent: 6,5%
Leech
	 Rating: 5585
	 Multiplicative Factor: 0%
	 Eff: 7624,99025
	 DR Bracket: 0
	 Base: 2%
	 Effective Percent: 7,48%
Avoidance
	 Rating: 918
	 Multiplicative Factor: 0%
	 Eff: 918
	 DR Bracket: 0
	 Base: 0%
	 Effective Percent: 1,69%
Mastery
	 Rating: 30136
	 Multiplicative Factor: 0%
	 Eff: 36008,8
	 DR Bracket: 2
	 Base: 18%
	 Effective Percent: 92,59%
----------------------
04:29,010

Intellect
	 Rating: 131347
	 Multiplicative Factor: 8,15%
	 Eff: 131347,00000000003
Stamina
	 Rating: 881587
	 Multiplicative Factor: 11,3%
	 Eff: 881587,1130000001
Crit
	 Rating: 16763
	 Multiplicative Factor: 0%
	 Eff: 20263
	 DR Bracket: 0
	 Base: 5%
	 Effective Percent: 28,95%
	 Crit Inc Heal: 2
	 Crit Inc Damage: 2
Haste
	 Rating: 15690
	 Multiplicative Factor: 0%
	 Eff: 15689,999999999998
	 DR Bracket: 0
	 Base: 0%
	 Effective Percent: 23,77%
Vers
	 Rating: 2727
	 Multiplicative Factor: 0%
	 Eff: 5067
	 DR Bracket: 0
	 Base: 3%
	 Effective Percent: 6,5%
Leech
	 Rating: 5585
	 Multiplicative Factor: 0%
	 Eff: 7624,99025
	 DR Bracket: 0
	 Base: 2%
	 Effective Percent: 7,48%
Avoidance
	 Rating: 918
	 Multiplicative Factor: 0%
	 Eff: 918
	 DR Bracket: 0
	 Base: 0%
	 Effective Percent: 1,69%
Mastery
	 Rating: 30136
	 Multiplicative Factor: 0%
	 Eff: 36008,8
	 DR Bracket: 2
	 Base: 18%
	 Effective Percent: 92,59%
----------------------
04:34,188

Intellect
	 Rating: 131347
	 Multiplicative Factor: 8,15%
	 Eff: 131347,00000000003
Stamina
	 Rating: 881587
	 Multiplicative Factor: 11,3%
	 Eff: 881587,1130000001
Crit
	 Rating: 16763
	 Multiplicative Factor: 0%
	 Eff: 20263
	 DR Bracket: 0
	 Base: 5%
	 Effective Percent: 28,95%
	 Crit Inc Heal: 2
	 Crit Inc Damage: 2
Haste
	 Rating: 15690
	 Multiplicative Factor: 0%
	 Eff: 15689,999999999998
	 DR Bracket: 0
	 Base: 0%
	 Effective Percent: 23,77%
Vers
	 Rating: 2727
	 Multiplicative Factor: 0%
	 Eff: 5067
	 DR Bracket: 0
	 Base: 3%
	 Effective Percent: 6,5%
Leech
	 Rating: 5585
	 Multiplicative Factor: 0%
	 Eff: 7624,99025
	 DR Bracket: 0
	 Base: 2%
	 Effective Percent: 7,48%
Avoidance
	 Rating: 918
	 Multiplicative Factor: 0%
	 Eff: 918
	 DR Bracket: 0
	 Base: 0%
	 Effective Percent: 1,69%
Mastery
	 Rating: 33459
	 Multiplicative Factor: 0%
	 Eff: 38667,2
	 DR Bracket: 2
	 Base: 18%
	 Effective Percent: 99,43%
----------------------
04:39,266

Intellect
	 Rating: 131347
	 Multiplicative Factor: 8,15%
	 Eff: 131347,00000000003
Stamina
	 Rating: 881587
	 Multiplicative Factor: 11,3%
	 Eff: 881587,1130000001
Crit
	 Rating: 16763
	 Multiplicative Factor: 0%
	 Eff: 20263
	 DR Bracket: 0
	 Base: 5%
	 Effective Percent: 28,95%
	 Crit Inc Heal: 2,6
	 Crit Inc Damage: 2
Haste
	 Rating: 15690
	 Multiplicative Factor: 0%
	 Eff: 15689,999999999998
	 DR Bracket: 0
	 Base: 0%
	 Effective Percent: 23,77%
Vers
	 Rating: 2727
	 Multiplicative Factor: 0%
	 Eff: 5067
	 DR Bracket: 0
	 Base: 3%
	 Effective Percent: 6,5%
Leech
	 Rating: 5585
	 Multiplicative Factor: 0%
	 Eff: 7624,99025
	 DR Bracket: 0
	 Base: 2%
	 Effective Percent: 7,48%
Avoidance
	 Rating: 918
	 Multiplicative Factor: 0%
	 Eff: 918
	 DR Bracket: 0
	 Base: 0%
	 Effective Percent: 1,69%
Mastery
	 Rating: 33459
	 Multiplicative Factor: 0%
	 Eff: 38667,2
	 DR Bracket: 2
	 Base: 18%
	 Effective Percent: 99,43%
----------------------
04:44,332

Intellect
	 Rating: 131347
	 Multiplicative Factor: 8,15%
	 Eff: 131347,00000000003
Stamina
	 Rating: 881587
	 Multiplicative Factor: 11,3%
	 Eff: 881587,1130000001
Crit
	 Rating: 16763
	 Multiplicative Factor: 0%
	 Eff: 20263
	 DR Bracket: 0
	 Base: 5%
	 Effective Percent: 28,95%
	 Crit Inc Heal: 2,6
	 Crit Inc Damage: 2
Haste
	 Rating: 15690
	 Multiplicative Factor: 0%
	 Eff: 15689,999999999998
	 DR Bracket: 0
	 Base: 0%
	 Effective Percent: 23,77%
Vers
	 Rating: 2727
	 Multiplicative Factor: 0%
	 Eff: 5067
	 DR Bracket: 0
	 Base: 3%
	 Effective Percent: 6,5%
Leech
	 Rating: 5585
	 Multiplicative Factor: 0%
	 Eff: 7624,99025
	 DR Bracket: 0
	 Base: 2%
	 Effective Percent: 7,48%
Avoidance
	 Rating: 918
	 Multiplicative Factor: 0%
	 Eff: 918
	 DR Bracket: 0
	 Base: 0%
	 Effective Percent: 1,69%
Mastery
	 Rating: 33459
	 Multiplicative Factor: 0%
	 Eff: 38667,2
	 DR Bracket: 2
	 Base: 18%
	 Effective Percent: 99,43%
----------------------
04:49,349

Intellect
	 Rating: 131347
	 Multiplicative Factor: 8,15%
	 Eff: 131347,00000000003
Stamina
	 Rating: 881587
	 Multiplicative Factor: 11,3%
	 Eff: 881587,1130000001
Crit
	 Rating: 16763
	 Multiplicative Factor: 0%
	 Eff: 20263
	 DR Bracket: 0
	 Base: 5%
	 Effective Percent: 28,95%
	 Crit Inc Heal: 2,6
	 Crit Inc Damage: 2
Haste
	 Rating: 15690
	 Multiplicative Factor: 0%
	 Eff: 15689,999999999998
	 DR Bracket: 0
	 Base: 0%
	 Effective Percent: 23,77%
Vers
	 Rating: 2727
	 Multiplicative Factor: 0%
	 Eff: 5067
	 DR Bracket: 0
	 Base: 3%
	 Effective Percent: 6,5%
Leech
	 Rating: 5585
	 Multiplicative Factor: 0%
	 Eff: 7624,99025
	 DR Bracket: 0
	 Base: 2%
	 Effective Percent: 7,48%
Avoidance
	 Rating: 918
	 Multiplicative Factor: 0%
	 Eff: 918
	 DR Bracket: 0
	 Base: 0%
	 Effective Percent: 1,69%
Mastery
	 Rating: 33459
	 Multiplicative Factor: 0%
	 Eff: 38667,2
	 DR Bracket: 2
	 Base: 18%
	 Effective Percent: 99,43%
----------------------
04:54,402

Intellect
	 Rating: 131347
	 Multiplicative Factor: 8,15%
	 Eff: 131347,00000000003
Stamina
	 Rating: 881587
	 Multiplicative Factor: 11,3%
	 Eff: 881587,1130000001
Crit
	 Rating: 16763
	 Multiplicative Factor: 0%
	 Eff: 20263
	 DR Bracket: 0
	 Base: 5%
	 Effective Percent: 28,95%
	 Crit Inc Heal: 2,6
	 Crit Inc Damage: 2
Haste
	 Rating: 15690
	 Multiplicative Factor: 0%
	 Eff: 15689,999999999998
	 DR Bracket: 0
	 Base: 0%
	 Effective Percent: 23,77%
Vers
	 Rating: 2727
	 Multiplicative Factor: 0%
	 Eff: 5067
	 DR Bracket: 0
	 Base: 3%
	 Effective Percent: 6,5%
Leech
	 Rating: 5585
	 Multiplicative Factor: 0%
	 Eff: 7624,99025
	 DR Bracket: 0
	 Base: 2%
	 Effective Percent: 7,48%
Avoidance
	 Rating: 918
	 Multiplicative Factor: 0%
	 Eff: 918
	 DR Bracket: 0
	 Base: 0%
	 Effective Percent: 1,69%
Mastery
	 Rating: 33459
	 Multiplicative Factor: 0%
	 Eff: 38667,2
	 DR Bracket: 2
	 Base: 18%
	 Effective Percent: 99,43%
----------------------
04:59,633

Intellect
	 Rating: 131347
	 Multiplicative Factor: 8,15%
	 Eff: 131347,00000000003
Stamina
	 Rating: 881587
	 Multiplicative Factor: 11,3%
	 Eff: 881587,1130000001
Crit
	 Rating: 16763
	 Multiplicative Factor: 0%
	 Eff: 20263
	 DR Bracket: 0
	 Base: 5%
	 Effective Percent: 28,95%
	 Crit Inc Heal: 2,6
	 Crit Inc Damage: 2
Haste
	 Rating: 15690
	 Multiplicative Factor: 0%
	 Eff: 15689,999999999998
	 DR Bracket: 0
	 Base: 0%
	 Effective Percent: 23,77%
Vers
	 Rating: 2727
	 Multiplicative Factor: 0%
	 Eff: 5067
	 DR Bracket: 0
	 Base: 3%
	 Effective Percent: 6,5%
Leech
	 Rating: 5585
	 Multiplicative Factor: 0%
	 Eff: 7624,99025
	 DR Bracket: 0
	 Base: 2%
	 Effective Percent: 7,48%
Avoidance
	 Rating: 918
	 Multiplicative Factor: 0%
	 Eff: 918
	 DR Bracket: 0
	 Base: 0%
	 Effective Percent: 1,69%
Mastery
	 Rating: 33459
	 Multiplicative Factor: 0%
	 Eff: 38667,2
	 DR Bracket: 2
	 Base: 18%
	 Effective Percent: 99,43%
----------------------
05:04,648

Intellect
	 Rating: 131347
	 Multiplicative Factor: 8,15%
	 Eff: 131347,00000000003
Stamina
	 Rating: 881587
	 Multiplicative Factor: 11,3%
	 Eff: 881587,1130000001
Crit
	 Rating: 16763
	 Multiplicative Factor: 0%
	 Eff: 20263
	 DR Bracket: 0
	 Base: 5%
	 Effective Percent: 28,95%
	 Crit Inc Heal: 2
	 Crit Inc Damage: 2
Haste
	 Rating: 15690
	 Multiplicative Factor: 0%
	 Eff: 15689,999999999998
	 DR Bracket: 0
	 Base: 0%
	 Effective Percent: 23,77%
Vers
	 Rating: 2727
	 Multiplicative Factor: 0%
	 Eff: 5067
	 DR Bracket: 0
	 Base: 3%
	 Effective Percent: 6,5%
Leech
	 Rating: 5585
	 Multiplicative Factor: 0%
	 Eff: 7624,99025
	 DR Bracket: 0
	 Base: 2%
	 Effective Percent: 7,48%
Avoidance
	 Rating: 918
	 Multiplicative Factor: 0%
	 Eff: 918
	 DR Bracket: 0
	 Base: 0%
	 Effective Percent: 1,69%
Mastery
	 Rating: 33459
	 Multiplicative Factor: 0%
	 Eff: 38667,2
	 DR Bracket: 2
	 Base: 18%
	 Effective Percent: 99,43%
----------------------
05:09,850

Intellect
	 Rating: 131347
	 Multiplicative Factor: 8,15%
	 Eff: 131347,00000000003
Stamina
	 Rating: 881587
	 Multiplicative Factor: 11,3%
	 Eff: 881587,1130000001
Crit
	 Rating: 16763
	 Multiplicative Factor: 0%
	 Eff: 20263
	 DR Bracket: 0
	 Base: 5%
	 Effective Percent: 28,95%
	 Crit Inc Heal: 2,6
	 Crit Inc Damage: 2
Haste
	 Rating: 15690
	 Multiplicative Factor: 0%
	 Eff: 15689,999999999998
	 DR Bracket: 0
	 Base: 0%
	 Effective Percent: 23,77%
Vers
	 Rating: 2727
	 Multiplicative Factor: 0%
	 Eff: 5067
	 DR Bracket: 0
	 Base: 3%
	 Effective Percent: 6,5%
Leech
	 Rating: 5585
	 Multiplicative Factor: 0%
	 Eff: 7624,99025
	 DR Bracket: 0
	 Base: 2%
	 Effective Percent: 7,48%
Avoidance
	 Rating: 918
	 Multiplicative Factor: 0%
	 Eff: 918
	 DR Bracket: 0
	 Base: 0%
	 Effective Percent: 1,69%
Mastery
	 Rating: 33459
	 Multiplicative Factor: 0%
	 Eff: 38667,2
	 DR Bracket: 2
	 Base: 18%
	 Effective Percent: 99,43%
----------------------
05:14,964

Intellect
	 Rating: 131347
	 Multiplicative Factor: 8,15%
	 Eff: 131347,00000000003
Stamina
	 Rating: 881587
	 Multiplicative Factor: 11,3%
	 Eff: 881587,1130000001
Crit
	 Rating: 16763
	 Multiplicative Factor: 0%
	 Eff: 20263
	 DR Bracket: 0
	 Base: 5%
	 Effective Percent: 28,95%
	 Crit Inc Heal: 2,6
	 Crit Inc Damage: 2
Haste
	 Rating: 15690
	 Multiplicative Factor: 0%
	 Eff: 15689,999999999998
	 DR Bracket: 0
	 Base: 0%
	 Effective Percent: 23,77%
Vers
	 Rating: 2727
	 Multiplicative Factor: 0%
	 Eff: 5067
	 DR Bracket: 0
	 Base: 3%
	 Effective Percent: 6,5%
Leech
	 Rating: 5585
	 Multiplicative Factor: 0%
	 Eff: 7624,99025
	 DR Bracket: 0
	 Base: 2%
	 Effective Percent: 7,48%
Avoidance
	 Rating: 918
	 Multiplicative Factor: 0%
	 Eff: 918
	 DR Bracket: 0
	 Base: 0%
	 Effective Percent: 1,69%
Mastery
	 Rating: 33459
	 Multiplicative Factor: 0%
	 Eff: 38667,2
	 DR Bracket: 2
	 Base: 18%
	 Effective Percent: 99,43%
----------------------
05:20,003

Intellect
	 Rating: 131347
	 Multiplicative Factor: 8,15%
	 Eff: 131347,00000000003
Stamina
	 Rating: 881587
	 Multiplicative Factor: 11,3%
	 Eff: 881587,1130000001
Crit
	 Rating: 16763
	 Multiplicative Factor: 0%
	 Eff: 20263
	 DR Bracket: 0
	 Base: 5%
	 Effective Percent: 28,95%
	 Crit Inc Heal: 2,6
	 Crit Inc Damage: 2
Haste
	 Rating: 15690
	 Multiplicative Factor: 0%
	 Eff: 15689,999999999998
	 DR Bracket: 0
	 Base: 0%
	 Effective Percent: 23,77%
Vers
	 Rating: 2727
	 Multiplicative Factor: 0%
	 Eff: 5067
	 DR Bracket: 0
	 Base: 3%
	 Effective Percent: 6,5%
Leech
	 Rating: 5585
	 Multiplicative Factor: 0%
	 Eff: 7624,99025
	 DR Bracket: 0
	 Base: 2%
	 Effective Percent: 7,48%
Avoidance
	 Rating: 918
	 Multiplicative Factor: 0%
	 Eff: 918
	 DR Bracket: 0
	 Base: 0%
	 Effective Percent: 1,69%
Mastery
	 Rating: 33459
	 Multiplicative Factor: 0%
	 Eff: 38667,2
	 DR Bracket: 2
	 Base: 18%
	 Effective Percent: 99,43%
----------------------
05:25,040

Intellect
	 Rating: 131347
	 Multiplicative Factor: 8,15%
	 Eff: 131347,00000000003
Stamina
	 Rating: 881587
	 Multiplicative Factor: 11,3%
	 Eff: 881587,1130000001
Crit
	 Rating: 16763
	 Multiplicative Factor: 0%
	 Eff: 20263
	 DR Bracket: 0
	 Base: 5%
	 Effective Percent: 28,95%
	 Crit Inc Heal: 2,6
	 Crit Inc Damage: 2
Haste
	 Rating: 15690
	 Multiplicative Factor: 0%
	 Eff: 15689,999999999998
	 DR Bracket: 0
	 Base: 0%
	 Effective Percent: 23,77%
Vers
	 Rating: 2727
	 Multiplicative Factor: 0%
	 Eff: 5067
	 DR Bracket: 0
	 Base: 3%
	 Effective Percent: 6,5%
Leech
	 Rating: 5585
	 Multiplicative Factor: 0%
	 Eff: 7624,99025
	 DR Bracket: 0
	 Base: 2%
	 Effective Percent: 7,48%
Avoidance
	 Rating: 918
	 Multiplicative Factor: 0%
	 Eff: 918
	 DR Bracket: 0
	 Base: 0%
	 Effective Percent: 1,69%
Mastery
	 Rating: 33459
	 Multiplicative Factor: 0%
	 Eff: 38667,2
	 DR Bracket: 2
	 Base: 18%
	 Effective Percent: 99,43%
----------------------
05:30,096

Intellect
	 Rating: 131347
	 Multiplicative Factor: 8,15%
	 Eff: 131347,00000000003
Stamina
	 Rating: 881587
	 Multiplicative Factor: 11,3%
	 Eff: 881587,1130000001
Crit
	 Rating: 16763
	 Multiplicative Factor: 0%
	 Eff: 20263
	 DR Bracket: 0
	 Base: 5%
	 Effective Percent: 28,95%
	 Crit Inc Heal: 2
	 Crit Inc Damage: 2
Haste
	 Rating: 15690
	 Multiplicative Factor: 0%
	 Eff: 15689,999999999998
	 DR Bracket: 0
	 Base: 0%
	 Effective Percent: 23,77%
Vers
	 Rating: 2727
	 Multiplicative Factor: 0%
	 Eff: 5067
	 DR Bracket: 0
	 Base: 3%
	 Effective Percent: 6,5%
Leech
	 Rating: 5585
	 Multiplicative Factor: 0%
	 Eff: 7624,99025
	 DR Bracket: 0
	 Base: 2%
	 Effective Percent: 7,48%
Avoidance
	 Rating: 918
	 Multiplicative Factor: 0%
	 Eff: 918
	 DR Bracket: 0
	 Base: 0%
	 Effective Percent: 1,69%
Mastery
	 Rating: 33459
	 Multiplicative Factor: 0%
	 Eff: 38667,2
	 DR Bracket: 2
	 Base: 18%
	 Effective Percent: 99,43%
----------------------
05:35,126

Intellect
	 Rating: 131347
	 Multiplicative Factor: 8,15%
	 Eff: 131347,00000000003
Stamina
	 Rating: 881587
	 Multiplicative Factor: 11,3%
	 Eff: 881587,1130000001
Crit
	 Rating: 16763
	 Multiplicative Factor: 0%
	 Eff: 20263
	 DR Bracket: 0
	 Base: 5%
	 Effective Percent: 28,95%
	 Crit Inc Heal: 2,6
	 Crit Inc Damage: 2
Haste
	 Rating: 15690
	 Multiplicative Factor: 0%
	 Eff: 15689,999999999998
	 DR Bracket: 0
	 Base: 0%
	 Effective Percent: 23,77%
Vers
	 Rating: 2727
	 Multiplicative Factor: 0%
	 Eff: 5067
	 DR Bracket: 0
	 Base: 3%
	 Effective Percent: 6,5%
Leech
	 Rating: 5585
	 Multiplicative Factor: 0%
	 Eff: 7624,99025
	 DR Bracket: 0
	 Base: 2%
	 Effective Percent: 7,48%
Avoidance
	 Rating: 918
	 Multiplicative Factor: 0%
	 Eff: 918
	 DR Bracket: 0
	 Base: 0%
	 Effective Percent: 1,69%
Mastery
	 Rating: 33459
	 Multiplicative Factor: 0%
	 Eff: 38667,2
	 DR Bracket: 2
	 Base: 18%
	 Effective Percent: 99,43%
----------------------
05:40,132

Intellect
	 Rating: 131347
	 Multiplicative Factor: 8,15%
	 Eff: 131347,00000000003
Stamina
	 Rating: 881587
	 Multiplicative Factor: 11,3%
	 Eff: 881587,1130000001
Crit
	 Rating: 16763
	 Multiplicative Factor: 0%
	 Eff: 20263
	 DR Bracket: 0
	 Base: 5%
	 Effective Percent: 28,95%
	 Crit Inc Heal: 2,6
	 Crit Inc Damage: 2
Haste
	 Rating: 15690
	 Multiplicative Factor: 0%
	 Eff: 15689,999999999998
	 DR Bracket: 0
	 Base: 0%
	 Effective Percent: 23,77%
Vers
	 Rating: 2727
	 Multiplicative Factor: 0%
	 Eff: 5067
	 DR Bracket: 0
	 Base: 3%
	 Effective Percent: 6,5%
Leech
	 Rating: 5585
	 Multiplicative Factor: 0%
	 Eff: 7624,99025
	 DR Bracket: 0
	 Base: 2%
	 Effective Percent: 7,48%
Avoidance
	 Rating: 918
	 Multiplicative Factor: 0%
	 Eff: 918
	 DR Bracket: 0
	 Base: 0%
	 Effective Percent: 1,69%
Mastery
	 Rating: 33459
	 Multiplicative Factor: 0%
	 Eff: 38667,2
	 DR Bracket: 2
	 Base: 18%
	 Effective Percent: 99,43%
----------------------
05:45,177

Intellect
	 Rating: 131347
	 Multiplicative Factor: 8,15%
	 Eff: 131347,00000000003
Stamina
	 Rating: 881587
	 Multiplicative Factor: 11,3%
	 Eff: 881587,1130000001
Crit
	 Rating: 16763
	 Multiplicative Factor: 0%
	 Eff: 20263
	 DR Bracket: 0
	 Base: 5%
	 Effective Percent: 28,95%
	 Crit Inc Heal: 2,6
	 Crit Inc Damage: 2
Haste
	 Rating: 15690
	 Multiplicative Factor: 0%
	 Eff: 15689,999999999998
	 DR Bracket: 0
	 Base: 0%
	 Effective Percent: 23,77%
Vers
	 Rating: 2727
	 Multiplicative Factor: 0%
	 Eff: 5067
	 DR Bracket: 0
	 Base: 3%
	 Effective Percent: 6,5%
Leech
	 Rating: 5585
	 Multiplicative Factor: 0%
	 Eff: 7624,99025
	 DR Bracket: 0
	 Base: 2%
	 Effective Percent: 7,48%
Avoidance
	 Rating: 918
	 Multiplicative Factor: 0%
	 Eff: 918
	 DR Bracket: 0
	 Base: 0%
	 Effective Percent: 1,69%
Mastery
	 Rating: 33459
	 Multiplicative Factor: 0%
	 Eff: 38667,2
	 DR Bracket: 2
	 Base: 18%
	 Effective Percent: 99,43%
----------------------
05:50,295

Intellect
	 Rating: 131347
	 Multiplicative Factor: 8,15%
	 Eff: 131347,00000000003
Stamina
	 Rating: 881587
	 Multiplicative Factor: 11,3%
	 Eff: 881587,1130000001
Crit
	 Rating: 16763
	 Multiplicative Factor: 0%
	 Eff: 20263
	 DR Bracket: 0
	 Base: 5%
	 Effective Percent: 28,95%
	 Crit Inc Heal: 2
	 Crit Inc Damage: 2
Haste
	 Rating: 15690
	 Multiplicative Factor: 0%
	 Eff: 15689,999999999998
	 DR Bracket: 0
	 Base: 0%
	 Effective Percent: 23,77%
Vers
	 Rating: 2727
	 Multiplicative Factor: 0%
	 Eff: 5067
	 DR Bracket: 0
	 Base: 3%
	 Effective Percent: 6,5%
Leech
	 Rating: 5585
	 Multiplicative Factor: 0%
	 Eff: 7624,99025
	 DR Bracket: 0
	 Base: 2%
	 Effective Percent: 7,48%
Avoidance
	 Rating: 918
	 Multiplicative Factor: 0%
	 Eff: 918
	 DR Bracket: 0
	 Base: 0%
	 Effective Percent: 1,69%
Mastery
	 Rating: 33459
	 Multiplicative Factor: 0%
	 Eff: 38667,2
	 DR Bracket: 2
	 Base: 18%
	 Effective Percent: 99,43%
----------------------
05:55,311

Intellect
	 Rating: 131347
	 Multiplicative Factor: 8,15%
	 Eff: 131347,00000000003
Stamina
	 Rating: 881587
	 Multiplicative Factor: 11,3%
	 Eff: 881587,1130000001
Crit
	 Rating: 16763
	 Multiplicative Factor: 0%
	 Eff: 20263
	 DR Bracket: 0
	 Base: 5%
	 Effective Percent: 28,95%
	 Crit Inc Heal: 2
	 Crit Inc Damage: 2
Haste
	 Rating: 15690
	 Multiplicative Factor: 0%
	 Eff: 15689,999999999998
	 DR Bracket: 0
	 Base: 0%
	 Effective Percent: 23,77%
Vers
	 Rating: 2727
	 Multiplicative Factor: 0%
	 Eff: 5067
	 DR Bracket: 0
	 Base: 3%
	 Effective Percent: 6,5%
Leech
	 Rating: 5585
	 Multiplicative Factor: 0%
	 Eff: 7624,99025
	 DR Bracket: 0
	 Base: 2%
	 Effective Percent: 7,48%
Avoidance
	 Rating: 918
	 Multiplicative Factor: 0%
	 Eff: 918
	 DR Bracket: 0
	 Base: 0%
	 Effective Percent: 1,69%
Mastery
	 Rating: 33459
	 Multiplicative Factor: 0%
	 Eff: 38667,2
	 DR Bracket: 2
	 Base: 18%
	 Effective Percent: 99,43%
----------------------
06:00,343

Intellect
	 Rating: 131347
	 Multiplicative Factor: 8,15%
	 Eff: 131347,00000000003
Stamina
	 Rating: 881587
	 Multiplicative Factor: 11,3%
	 Eff: 881587,1130000001
Crit
	 Rating: 16763
	 Multiplicative Factor: 0%
	 Eff: 20263
	 DR Bracket: 0
	 Base: 5%
	 Effective Percent: 28,95%
	 Crit Inc Heal: 2
	 Crit Inc Damage: 2
Haste
	 Rating: 15690
	 Multiplicative Factor: 0%
	 Eff: 40197
	 DR Bracket: 0
	 Base: 30%
	 Effective Percent: 60,9%
Vers
	 Rating: 2727
	 Multiplicative Factor: 0%
	 Eff: 5067
	 DR Bracket: 0
	 Base: 3%
	 Effective Percent: 6,5%
Leech
	 Rating: 5585
	 Multiplicative Factor: 0%
	 Eff: 7624,99025
	 DR Bracket: 0
	 Base: 2%
	 Effective Percent: 7,48%
Avoidance
	 Rating: 918
	 Multiplicative Factor: 0%
	 Eff: 918
	 DR Bracket: 0
	 Base: 0%
	 Effective Percent: 1,69%
Mastery
	 Rating: 33459
	 Multiplicative Factor: 0%
	 Eff: 38667,2
	 DR Bracket: 2
	 Base: 18%
	 Effective Percent: 99,43%
----------------------
06:05,627

Intellect
	 Rating: 131347
	 Multiplicative Factor: 8,15%
	 Eff: 131347,00000000003
Stamina
	 Rating: 881587
	 Multiplicative Factor: 11,3%
	 Eff: 881587,1130000001
Crit
	 Rating: 16763
	 Multiplicative Factor: 0%
	 Eff: 20263
	 DR Bracket: 0
	 Base: 5%
	 Effective Percent: 28,95%
	 Crit Inc Heal: 2,6
	 Crit Inc Damage: 2
Haste
	 Rating: 15690
	 Multiplicative Factor: 0%
	 Eff: 40197
	 DR Bracket: 0
	 Base: 30%
	 Effective Percent: 60,9%
Vers
	 Rating: 2727
	 Multiplicative Factor: 0%
	 Eff: 5067
	 DR Bracket: 0
	 Base: 3%
	 Effective Percent: 6,5%
Leech
	 Rating: 5585
	 Multiplicative Factor: 0%
	 Eff: 7624,99025
	 DR Bracket: 0
	 Base: 2%
	 Effective Percent: 7,48%
Avoidance
	 Rating: 918
	 Multiplicative Factor: 0%
	 Eff: 918
	 DR Bracket: 0
	 Base: 0%
	 Effective Percent: 1,69%
Mastery
	 Rating: 33459
	 Multiplicative Factor: 0%
	 Eff: 38667,2
	 DR Bracket: 2
	 Base: 18%
	 Effective Percent: 99,43%
----------------------
06:10,907

Intellect
	 Rating: 131347
	 Multiplicative Factor: 8,15%
	 Eff: 131347,00000000003
Stamina
	 Rating: 881587
	 Multiplicative Factor: 11,3%
	 Eff: 881587,1130000001
Crit
	 Rating: 16763
	 Multiplicative Factor: 0%
	 Eff: 20263
	 DR Bracket: 0
	 Base: 5%
	 Effective Percent: 28,95%
	 Crit Inc Heal: 2,6
	 Crit Inc Damage: 2
Haste
	 Rating: 15690
	 Multiplicative Factor: 0%
	 Eff: 40197
	 DR Bracket: 0
	 Base: 30%
	 Effective Percent: 60,9%
Vers
	 Rating: 2727
	 Multiplicative Factor: 0%
	 Eff: 5067
	 DR Bracket: 0
	 Base: 3%
	 Effective Percent: 6,5%
Leech
	 Rating: 5585
	 Multiplicative Factor: 0%
	 Eff: 7624,99025
	 DR Bracket: 0
	 Base: 2%
	 Effective Percent: 7,48%
Avoidance
	 Rating: 918
	 Multiplicative Factor: 0%
	 Eff: 918
	 DR Bracket: 0
	 Base: 0%
	 Effective Percent: 1,69%
Mastery
	 Rating: 33459
	 Multiplicative Factor: 0%
	 Eff: 38667,2
	 DR Bracket: 2
	 Base: 18%
	 Effective Percent: 99,43%
----------------------
06:15,969

Intellect
	 Rating: 131347
	 Multiplicative Factor: 8,15%
	 Eff: 131347,00000000003
Stamina
	 Rating: 881587
	 Multiplicative Factor: 11,3%
	 Eff: 881587,1130000001
Crit
	 Rating: 16763
	 Multiplicative Factor: 0%
	 Eff: 20263
	 DR Bracket: 0
	 Base: 5%
	 Effective Percent: 28,95%
	 Crit Inc Heal: 2,6
	 Crit Inc Damage: 2
Haste
	 Rating: 15690
	 Multiplicative Factor: 0%
	 Eff: 40197
	 DR Bracket: 0
	 Base: 30%
	 Effective Percent: 60,9%
Vers
	 Rating: 2727
	 Multiplicative Factor: 0%
	 Eff: 5067
	 DR Bracket: 0
	 Base: 3%
	 Effective Percent: 6,5%
Leech
	 Rating: 5585
	 Multiplicative Factor: 0%
	 Eff: 7624,99025
	 DR Bracket: 0
	 Base: 2%
	 Effective Percent: 7,48%
Avoidance
	 Rating: 918
	 Multiplicative Factor: 0%
	 Eff: 918
	 DR Bracket: 0
	 Base: 0%
	 Effective Percent: 1,69%
Mastery
	 Rating: 33459
	 Multiplicative Factor: 0%
	 Eff: 38667,2
	 DR Bracket: 2
	 Base: 18%
	 Effective Percent: 99,43%
----------------------
06:21,008

Intellect
	 Rating: 131347
	 Multiplicative Factor: 8,15%
	 Eff: 131347,00000000003
Stamina
	 Rating: 881587
	 Multiplicative Factor: 11,3%
	 Eff: 881587,1130000001
Crit
	 Rating: 16763
	 Multiplicative Factor: 0%
	 Eff: 20263
	 DR Bracket: 0
	 Base: 5%
	 Effective Percent: 28,95%
	 Crit Inc Heal: 2,6
	 Crit Inc Damage: 2
Haste
	 Rating: 15690
	 Multiplicative Factor: 0%
	 Eff: 40197
	 DR Bracket: 0
	 Base: 30%
	 Effective Percent: 60,9%
Vers
	 Rating: 2727
	 Multiplicative Factor: 0%
	 Eff: 5067
	 DR Bracket: 0
	 Base: 3%
	 Effective Percent: 6,5%
Leech
	 Rating: 5585
	 Multiplicative Factor: 0%
	 Eff: 7624,99025
	 DR Bracket: 0
	 Base: 2%
	 Effective Percent: 7,48%
Avoidance
	 Rating: 918
	 Multiplicative Factor: 0%
	 Eff: 918
	 DR Bracket: 0
	 Base: 0%
	 Effective Percent: 1,69%
Mastery
	 Rating: 33459
	 Multiplicative Factor: 0%
	 Eff: 38667,2
	 DR Bracket: 2
	 Base: 18%
	 Effective Percent: 99,43%
----------------------
06:26,028

Intellect
	 Rating: 131347
	 Multiplicative Factor: 8,15%
	 Eff: 131347,00000000003
Stamina
	 Rating: 881587
	 Multiplicative Factor: 11,3%
	 Eff: 881587,1130000001
Crit
	 Rating: 16763
	 Multiplicative Factor: 0%
	 Eff: 20263
	 DR Bracket: 0
	 Base: 5%
	 Effective Percent: 28,95%
	 Crit Inc Heal: 2,6
	 Crit Inc Damage: 2
Haste
	 Rating: 15690
	 Multiplicative Factor: 0%
	 Eff: 40197
	 DR Bracket: 0
	 Base: 30%
	 Effective Percent: 60,9%
Vers
	 Rating: 2727
	 Multiplicative Factor: 0%
	 Eff: 5067
	 DR Bracket: 0
	 Base: 3%
	 Effective Percent: 6,5%
Leech
	 Rating: 5585
	 Multiplicative Factor: 0%
	 Eff: 7624,99025
	 DR Bracket: 0
	 Base: 2%
	 Effective Percent: 7,48%
Avoidance
	 Rating: 918
	 Multiplicative Factor: 0%
	 Eff: 918
	 DR Bracket: 0
	 Base: 0%
	 Effective Percent: 1,69%
Mastery
	 Rating: 33459
	 Multiplicative Factor: 0%
	 Eff: 38667,2
	 DR Bracket: 2
	 Base: 18%
	 Effective Percent: 99,43%
----------------------
06:31,091

Intellect
	 Rating: 131347
	 Multiplicative Factor: 8,15%
	 Eff: 131347,00000000003
Stamina
	 Rating: 881587
	 Multiplicative Factor: 11,3%
	 Eff: 881587,1130000001
Crit
	 Rating: 16763
	 Multiplicative Factor: 0%
	 Eff: 20263
	 DR Bracket: 0
	 Base: 5%
	 Effective Percent: 28,95%
	 Crit Inc Heal: 2,6
	 Crit Inc Damage: 2
Haste
	 Rating: 15690
	 Multiplicative Factor: 0%
	 Eff: 40197
	 DR Bracket: 0
	 Base: 30%
	 Effective Percent: 60,9%
Vers
	 Rating: 2727
	 Multiplicative Factor: 0%
	 Eff: 5067
	 DR Bracket: 0
	 Base: 3%
	 Effective Percent: 6,5%
Leech
	 Rating: 5585
	 Multiplicative Factor: 0%
	 Eff: 7624,99025
	 DR Bracket: 0
	 Base: 2%
	 Effective Percent: 7,48%
Avoidance
	 Rating: 918
	 Multiplicative Factor: 0%
	 Eff: 918
	 DR Bracket: 0
	 Base: 0%
	 Effective Percent: 1,69%
Mastery
	 Rating: 33459
	 Multiplicative Factor: 0%
	 Eff: 38667,2
	 DR Bracket: 2
	 Base: 18%
	 Effective Percent: 99,43%
----------------------
06:36,098

Intellect
	 Rating: 131347
	 Multiplicative Factor: 8,15%
	 Eff: 131347,00000000003
Stamina
	 Rating: 881587
	 Multiplicative Factor: 11,3%
	 Eff: 881587,1130000001
Crit
	 Rating: 16763
	 Multiplicative Factor: 0%
	 Eff: 20263
	 DR Bracket: 0
	 Base: 5%
	 Effective Percent: 28,95%
	 Crit Inc Heal: 2,6
	 Crit Inc Damage: 2
Haste
	 Rating: 15690
	 Multiplicative Factor: 0%
	 Eff: 40197
	 DR Bracket: 0
	 Base: 30%
	 Effective Percent: 60,9%
Vers
	 Rating: 2727
	 Multiplicative Factor: 0%
	 Eff: 5067
	 DR Bracket: 0
	 Base: 3%
	 Effective Percent: 6,5%
Leech
	 Rating: 5585
	 Multiplicative Factor: 0%
	 Eff: 7624,99025
	 DR Bracket: 0
	 Base: 2%
	 Effective Percent: 7,48%
Avoidance
	 Rating: 918
	 Multiplicative Factor: 0%
	 Eff: 918
	 DR Bracket: 0
	 Base: 0%
	 Effective Percent: 1,69%
Mastery
	 Rating: 33459
	 Multiplicative Factor: 0%
	 Eff: 38667,2
	 DR Bracket: 2
	 Base: 18%
	 Effective Percent: 99,43%
----------------------
06:41,162

Intellect
	 Rating: 131347
	 Multiplicative Factor: 8,15%
	 Eff: 131347,00000000003
Stamina
	 Rating: 881587
	 Multiplicative Factor: 11,3%
	 Eff: 881587,1130000001
Crit
	 Rating: 16763
	 Multiplicative Factor: 0%
	 Eff: 20263
	 DR Bracket: 0
	 Base: 5%
	 Effective Percent: 28,95%
	 Crit Inc Heal: 2,6
	 Crit Inc Damage: 2
Haste
	 Rating: 15690
	 Multiplicative Factor: 0%
	 Eff: 15689,999999999998
	 DR Bracket: 0
	 Base: 0%
	 Effective Percent: 23,77%
Vers
	 Rating: 2727
	 Multiplicative Factor: 0%
	 Eff: 5067
	 DR Bracket: 0
	 Base: 3%
	 Effective Percent: 6,5%
Leech
	 Rating: 5585
	 Multiplicative Factor: 0%
	 Eff: 7624,99025
	 DR Bracket: 0
	 Base: 2%
	 Effective Percent: 7,48%
Avoidance
	 Rating: 918
	 Multiplicative Factor: 0%
	 Eff: 918
	 DR Bracket: 0
	 Base: 0%
	 Effective Percent: 1,69%
Mastery
	 Rating: 33459
	 Multiplicative Factor: 0%
	 Eff: 38667,2
	 DR Bracket: 2
	 Base: 18%
	 Effective Percent: 99,43%
----------------------
06:46,282

Intellect
	 Rating: 131347
	 Multiplicative Factor: 8,15%
	 Eff: 131347,00000000003
Stamina
	 Rating: 881587
	 Multiplicative Factor: 11,3%
	 Eff: 881587,1130000001
Crit
	 Rating: 16763
	 Multiplicative Factor: 0%
	 Eff: 20263
	 DR Bracket: 0
	 Base: 5%
	 Effective Percent: 28,95%
	 Crit Inc Heal: 2,6
	 Crit Inc Damage: 2
Haste
	 Rating: 15690
	 Multiplicative Factor: 0%
	 Eff: 15689,999999999998
	 DR Bracket: 0
	 Base: 0%
	 Effective Percent: 23,77%
Vers
	 Rating: 2727
	 Multiplicative Factor: 0%
	 Eff: 5067
	 DR Bracket: 0
	 Base: 3%
	 Effective Percent: 6,5%
Leech
	 Rating: 5585
	 Multiplicative Factor: 0%
	 Eff: 7624,99025
	 DR Bracket: 0
	 Base: 2%
	 Effective Percent: 7,48%
Avoidance
	 Rating: 918
	 Multiplicative Factor: 0%
	 Eff: 918
	 DR Bracket: 0
	 Base: 0%
	 Effective Percent: 1,69%
Mastery
	 Rating: 33459
	 Multiplicative Factor: 0%
	 Eff: 38667,2
	 DR Bracket: 2
	 Base: 18%
	 Effective Percent: 99,43%
----------------------
06:51,312

Intellect
	 Rating: 131347
	 Multiplicative Factor: 8,15%
	 Eff: 131347,00000000003
Stamina
	 Rating: 881587
	 Multiplicative Factor: 11,3%
	 Eff: 881587,1130000001
Crit
	 Rating: 16763
	 Multiplicative Factor: 0%
	 Eff: 20263
	 DR Bracket: 0
	 Base: 5%
	 Effective Percent: 28,95%
	 Crit Inc Heal: 2,6
	 Crit Inc Damage: 2
Haste
	 Rating: 15690
	 Multiplicative Factor: 0%
	 Eff: 15689,999999999998
	 DR Bracket: 0
	 Base: 0%
	 Effective Percent: 23,77%
Vers
	 Rating: 2727
	 Multiplicative Factor: 0%
	 Eff: 5067
	 DR Bracket: 0
	 Base: 3%
	 Effective Percent: 6,5%
Leech
	 Rating: 5585
	 Multiplicative Factor: 0%
	 Eff: 7624,99025
	 DR Bracket: 0
	 Base: 2%
	 Effective Percent: 7,48%
Avoidance
	 Rating: 918
	 Multiplicative Factor: 0%
	 Eff: 918
	 DR Bracket: 0
	 Base: 0%
	 Effective Percent: 1,69%
Mastery
	 Rating: 33459
	 Multiplicative Factor: 0%
	 Eff: 38667,2
	 DR Bracket: 2
	 Base: 18%
	 Effective Percent: 99,43%
----------------------
06:56,330

Intellect
	 Rating: 131347
	 Multiplicative Factor: 8,15%
	 Eff: 131347,00000000003
Stamina
	 Rating: 881587
	 Multiplicative Factor: 11,3%
	 Eff: 881587,1130000001
Crit
	 Rating: 16763
	 Multiplicative Factor: 0%
	 Eff: 20263
	 DR Bracket: 0
	 Base: 5%
	 Effective Percent: 28,95%
	 Crit Inc Heal: 2,6
	 Crit Inc Damage: 2
Haste
	 Rating: 15690
	 Multiplicative Factor: 0%
	 Eff: 15689,999999999998
	 DR Bracket: 0
	 Base: 0%
	 Effective Percent: 23,77%
Vers
	 Rating: 2727
	 Multiplicative Factor: 0%
	 Eff: 5067
	 DR Bracket: 0
	 Base: 3%
	 Effective Percent: 6,5%
Leech
	 Rating: 5585
	 Multiplicative Factor: 0%
	 Eff: 7624,99025
	 DR Bracket: 0
	 Base: 2%
	 Effective Percent: 7,48%
Avoidance
	 Rating: 918
	 Multiplicative Factor: 0%
	 Eff: 918
	 DR Bracket: 0
	 Base: 0%
	 Effective Percent: 1,69%
Mastery
	 Rating: 33459
	 Multiplicative Factor: 0%
	 Eff: 38667,2
	 DR Bracket: 2
	 Base: 18%
	 Effective Percent: 99,43%
----------------------
07:01,369

Intellect
	 Rating: 131347
	 Multiplicative Factor: 8,15%
	 Eff: 131347,00000000003
Stamina
	 Rating: 881587
	 Multiplicative Factor: 11,3%
	 Eff: 881587,1130000001
Crit
	 Rating: 16763
	 Multiplicative Factor: 0%
	 Eff: 20263
	 DR Bracket: 0
	 Base: 5%
	 Effective Percent: 28,95%
	 Crit Inc Heal: 2,6
	 Crit Inc Damage: 2
Haste
	 Rating: 15690
	 Multiplicative Factor: 0%
	 Eff: 15689,999999999998
	 DR Bracket: 0
	 Base: 0%
	 Effective Percent: 23,77%
Vers
	 Rating: 2727
	 Multiplicative Factor: 0%
	 Eff: 5067
	 DR Bracket: 0
	 Base: 3%
	 Effective Percent: 6,5%
Leech
	 Rating: 5585
	 Multiplicative Factor: 0%
	 Eff: 7624,99025
	 DR Bracket: 0
	 Base: 2%
	 Effective Percent: 7,48%
Avoidance
	 Rating: 918
	 Multiplicative Factor: 0%
	 Eff: 918
	 DR Bracket: 0
	 Base: 0%
	 Effective Percent: 1,69%
Mastery
	 Rating: 33459
	 Multiplicative Factor: 0%
	 Eff: 38667,2
	 DR Bracket: 2
	 Base: 18%
	 Effective Percent: 99,43%
----------------------
07:06,587

Intellect
	 Rating: 131347
	 Multiplicative Factor: 8,15%
	 Eff: 131347,00000000003
Stamina
	 Rating: 881587
	 Multiplicative Factor: 11,3%
	 Eff: 881587,1130000001
Crit
	 Rating: 16763
	 Multiplicative Factor: 0%
	 Eff: 20263
	 DR Bracket: 0
	 Base: 5%
	 Effective Percent: 28,95%
	 Crit Inc Heal: 2,6
	 Crit Inc Damage: 2
Haste
	 Rating: 15690
	 Multiplicative Factor: 0%
	 Eff: 15689,999999999998
	 DR Bracket: 0
	 Base: 0%
	 Effective Percent: 23,77%
Vers
	 Rating: 2727
	 Multiplicative Factor: 0%
	 Eff: 5067
	 DR Bracket: 0
	 Base: 3%
	 Effective Percent: 6,5%
Leech
	 Rating: 5585
	 Multiplicative Factor: 0%
	 Eff: 7624,99025
	 DR Bracket: 0
	 Base: 2%
	 Effective Percent: 7,48%
Avoidance
	 Rating: 918
	 Multiplicative Factor: 0%
	 Eff: 918
	 DR Bracket: 0
	 Base: 0%
	 Effective Percent: 1,69%
Mastery
	 Rating: 33459
	 Multiplicative Factor: 0%
	 Eff: 38667,2
	 DR Bracket: 2
	 Base: 18%
	 Effective Percent: 99,43%
----------------------
07:12,100

Intellect
	 Rating: 131347
	 Multiplicative Factor: 8,15%
	 Eff: 131347,00000000003
Stamina
	 Rating: 881587
	 Multiplicative Factor: 11,3%
	 Eff: 881587,1130000001
Crit
	 Rating: 16763
	 Multiplicative Factor: 0%
	 Eff: 20263
	 DR Bracket: 0
	 Base: 5%
	 Effective Percent: 28,95%
	 Crit Inc Heal: 2,6
	 Crit Inc Damage: 2
Haste
	 Rating: 15690
	 Multiplicative Factor: 0%
	 Eff: 15689,999999999998
	 DR Bracket: 0
	 Base: 0%
	 Effective Percent: 23,77%
Vers
	 Rating: 2727
	 Multiplicative Factor: 0%
	 Eff: 5067
	 DR Bracket: 0
	 Base: 3%
	 Effective Percent: 6,5%
Leech
	 Rating: 5585
	 Multiplicative Factor: 0%
	 Eff: 7624,99025
	 DR Bracket: 0
	 Base: 2%
	 Effective Percent: 7,48%
Avoidance
	 Rating: 918
	 Multiplicative Factor: 0%
	 Eff: 918
	 DR Bracket: 0
	 Base: 0%
	 Effective Percent: 1,69%
Mastery
	 Rating: 33459
	 Multiplicative Factor: 0%
	 Eff: 38667,2
	 DR Bracket: 2
	 Base: 18%
	 Effective Percent: 99,43%
----------------------
07:17,265

Intellect
	 Rating: 131347
	 Multiplicative Factor: 8,15%
	 Eff: 131347,00000000003
Stamina
	 Rating: 881587
	 Multiplicative Factor: 11,3%
	 Eff: 881587,1130000001
Crit
	 Rating: 16763
	 Multiplicative Factor: 0%
	 Eff: 20263
	 DR Bracket: 0
	 Base: 5%
	 Effective Percent: 28,95%
	 Crit Inc Heal: 2
	 Crit Inc Damage: 2
Haste
	 Rating: 15690
	 Multiplicative Factor: 0%
	 Eff: 15689,999999999998
	 DR Bracket: 0
	 Base: 0%
	 Effective Percent: 23,77%
Vers
	 Rating: 2727
	 Multiplicative Factor: 0%
	 Eff: 5067
	 DR Bracket: 0
	 Base: 3%
	 Effective Percent: 6,5%
Leech
	 Rating: 5585
	 Multiplicative Factor: 0%
	 Eff: 7624,99025
	 DR Bracket: 0
	 Base: 2%
	 Effective Percent: 7,48%
Avoidance
	 Rating: 918
	 Multiplicative Factor: 0%
	 Eff: 918
	 DR Bracket: 0
	 Base: 0%
	 Effective Percent: 1,69%
Mastery
	 Rating: 33459
	 Multiplicative Factor: 0%
	 Eff: 38667,2
	 DR Bracket: 2
	 Base: 18%
	 Effective Percent: 99,43%
----------------------
07:22,282

Intellect
	 Rating: 131347
	 Multiplicative Factor: 8,15%
	 Eff: 131347,00000000003
Stamina
	 Rating: 881587
	 Multiplicative Factor: 11,3%
	 Eff: 881587,1130000001
Crit
	 Rating: 16763
	 Multiplicative Factor: 0%
	 Eff: 20263
	 DR Bracket: 0
	 Base: 5%
	 Effective Percent: 28,95%
	 Crit Inc Heal: 2,6
	 Crit Inc Damage: 2
Haste
	 Rating: 15690
	 Multiplicative Factor: 0%
	 Eff: 15689,999999999998
	 DR Bracket: 0
	 Base: 0%
	 Effective Percent: 23,77%
Vers
	 Rating: 2727
	 Multiplicative Factor: 0%
	 Eff: 5067
	 DR Bracket: 0
	 Base: 3%
	 Effective Percent: 6,5%
Leech
	 Rating: 5585
	 Multiplicative Factor: 0%
	 Eff: 7624,99025
	 DR Bracket: 0
	 Base: 2%
	 Effective Percent: 7,48%
Avoidance
	 Rating: 918
	 Multiplicative Factor: 0%
	 Eff: 918
	 DR Bracket: 0
	 Base: 0%
	 Effective Percent: 1,69%
Mastery
	 Rating: 33459
	 Multiplicative Factor: 0%
	 Eff: 38667,2
	 DR Bracket: 2
	 Base: 18%
	 Effective Percent: 99,43%
----------------------
07:27,733

Intellect
	 Rating: 131347
	 Multiplicative Factor: 8,15%
	 Eff: 131347,00000000003
Stamina
	 Rating: 881587
	 Multiplicative Factor: 11,3%
	 Eff: 881587,1130000001
Crit
	 Rating: 16763
	 Multiplicative Factor: 0%
	 Eff: 20263
	 DR Bracket: 0
	 Base: 5%
	 Effective Percent: 28,95%
	 Crit Inc Heal: 2,6
	 Crit Inc Damage: 2
Haste
	 Rating: 15690
	 Multiplicative Factor: 0%
	 Eff: 15689,999999999998
	 DR Bracket: 0
	 Base: 0%
	 Effective Percent: 23,77%
Vers
	 Rating: 2727
	 Multiplicative Factor: 0%
	 Eff: 5067
	 DR Bracket: 0
	 Base: 3%
	 Effective Percent: 6,5%
Leech
	 Rating: 5585
	 Multiplicative Factor: 0%
	 Eff: 7624,99025
	 DR Bracket: 0
	 Base: 2%
	 Effective Percent: 7,48%
Avoidance
	 Rating: 918
	 Multiplicative Factor: 0%
	 Eff: 918
	 DR Bracket: 0
	 Base: 0%
	 Effective Percent: 1,69%
Mastery
	 Rating: 33459
	 Multiplicative Factor: 0%
	 Eff: 38667,2
	 DR Bracket: 2
	 Base: 18%
	 Effective Percent: 99,43%
----------------------
07:32,977

Intellect
	 Rating: 131347
	 Multiplicative Factor: 8,15%
	 Eff: 131347,00000000003
Stamina
	 Rating: 881587
	 Multiplicative Factor: 11,3%
	 Eff: 881587,1130000001
Crit
	 Rating: 16763
	 Multiplicative Factor: 0%
	 Eff: 20263
	 DR Bracket: 0
	 Base: 5%
	 Effective Percent: 28,95%
	 Crit Inc Heal: 2,6
	 Crit Inc Damage: 2
Haste
	 Rating: 15690
	 Multiplicative Factor: 0%
	 Eff: 15689,999999999998
	 DR Bracket: 0
	 Base: 0%
	 Effective Percent: 23,77%
Vers
	 Rating: 2727
	 Multiplicative Factor: 0%
	 Eff: 5067
	 DR Bracket: 0
	 Base: 3%
	 Effective Percent: 6,5%
Leech
	 Rating: 5585
	 Multiplicative Factor: 0%
	 Eff: 7624,99025
	 DR Bracket: 0
	 Base: 2%
	 Effective Percent: 7,48%
Avoidance
	 Rating: 918
	 Multiplicative Factor: 0%
	 Eff: 918
	 DR Bracket: 0
	 Base: 0%
	 Effective Percent: 1,69%
Mastery
	 Rating: 33459
	 Multiplicative Factor: 0%
	 Eff: 38667,2
	 DR Bracket: 2
	 Base: 18%
	 Effective Percent: 99,43%
----------------------
07:38,171

Intellect
	 Rating: 131347
	 Multiplicative Factor: 8,15%
	 Eff: 131347,00000000003
Stamina
	 Rating: 881587
	 Multiplicative Factor: 11,3%
	 Eff: 881587,1130000001
Crit
	 Rating: 16763
	 Multiplicative Factor: 0%
	 Eff: 20263
	 DR Bracket: 0
	 Base: 5%
	 Effective Percent: 28,95%
	 Crit Inc Heal: 2,6
	 Crit Inc Damage: 2
Haste
	 Rating: 15690
	 Multiplicative Factor: 0%
	 Eff: 15689,999999999998
	 DR Bracket: 0
	 Base: 0%
	 Effective Percent: 23,77%
Vers
	 Rating: 2727
	 Multiplicative Factor: 0%
	 Eff: 5067
	 DR Bracket: 0
	 Base: 3%
	 Effective Percent: 6,5%
Leech
	 Rating: 5585
	 Multiplicative Factor: 0%
	 Eff: 7624,99025
	 DR Bracket: 0
	 Base: 2%
	 Effective Percent: 7,48%
Avoidance
	 Rating: 918
	 Multiplicative Factor: 0%
	 Eff: 918
	 DR Bracket: 0
	 Base: 0%
	 Effective Percent: 1,69%
Mastery
	 Rating: 33459
	 Multiplicative Factor: 0%
	 Eff: 38667,2
	 DR Bracket: 2
	 Base: 18%
	 Effective Percent: 99,43%
----------------------
07:43,654

Intellect
	 Rating: 131347
	 Multiplicative Factor: 8,15%
	 Eff: 131347,00000000003
Stamina
	 Rating: 881587
	 Multiplicative Factor: 11,3%
	 Eff: 881587,1130000001
Crit
	 Rating: 16763
	 Multiplicative Factor: 0%
	 Eff: 20263
	 DR Bracket: 0
	 Base: 5%
	 Effective Percent: 28,95%
	 Crit Inc Heal: 2,6
	 Crit Inc Damage: 2
Haste
	 Rating: 15690
	 Multiplicative Factor: 0%
	 Eff: 15689,999999999998
	 DR Bracket: 0
	 Base: 0%
	 Effective Percent: 23,77%
Vers
	 Rating: 2727
	 Multiplicative Factor: 0%
	 Eff: 5067
	 DR Bracket: 0
	 Base: 3%
	 Effective Percent: 6,5%
Leech
	 Rating: 5585
	 Multiplicative Factor: 0%
	 Eff: 7624,99025
	 DR Bracket: 0
	 Base: 2%
	 Effective Percent: 7,48%
Avoidance
	 Rating: 918
	 Multiplicative Factor: 0%
	 Eff: 918
	 DR Bracket: 0
	 Base: 0%
	 Effective Percent: 1,69%
Mastery
	 Rating: 33459
	 Multiplicative Factor: 0%
	 Eff: 38667,2
	 DR Bracket: 2
	 Base: 18%
	 Effective Percent: 99,43%
----------------------
07:48,678

Intellect
	 Rating: 131347
	 Multiplicative Factor: 8,15%
	 Eff: 131347,00000000003
Stamina
	 Rating: 881587
	 Multiplicative Factor: 11,3%
	 Eff: 881587,1130000001
Crit
	 Rating: 16763
	 Multiplicative Factor: 0%
	 Eff: 20263
	 DR Bracket: 0
	 Base: 5%
	 Effective Percent: 28,95%
	 Crit Inc Heal: 2,6
	 Crit Inc Damage: 2
Haste
	 Rating: 15690
	 Multiplicative Factor: 0%
	 Eff: 15689,999999999998
	 DR Bracket: 0
	 Base: 0%
	 Effective Percent: 23,77%
Vers
	 Rating: 2727
	 Multiplicative Factor: 0%
	 Eff: 5067
	 DR Bracket: 0
	 Base: 3%
	 Effective Percent: 6,5%
Leech
	 Rating: 5585
	 Multiplicative Factor: 0%
	 Eff: 7624,99025
	 DR Bracket: 0
	 Base: 2%
	 Effective Percent: 7,48%
Avoidance
	 Rating: 918
	 Multiplicative Factor: 0%
	 Eff: 918
	 DR Bracket: 0
	 Base: 0%
	 Effective Percent: 1,69%
Mastery
	 Rating: 33459
	 Multiplicative Factor: 0%
	 Eff: 38667,2
	 DR Bracket: 2
	 Base: 18%
	 Effective Percent: 99,43%
----------------------
07:53,685

Intellect
	 Rating: 131347
	 Multiplicative Factor: 8,15%
	 Eff: 131347,00000000003
Stamina
	 Rating: 881587
	 Multiplicative Factor: 11,3%
	 Eff: 881587,1130000001
Crit
	 Rating: 16763
	 Multiplicative Factor: 0%
	 Eff: 20263
	 DR Bracket: 0
	 Base: 5%
	 Effective Percent: 28,95%
	 Crit Inc Heal: 2,6
	 Crit Inc Damage: 2
Haste
	 Rating: 15690
	 Multiplicative Factor: 0%
	 Eff: 15689,999999999998
	 DR Bracket: 0
	 Base: 0%
	 Effective Percent: 23,77%
Vers
	 Rating: 2727
	 Multiplicative Factor: 0%
	 Eff: 5067
	 DR Bracket: 0
	 Base: 3%
	 Effective Percent: 6,5%
Leech
	 Rating: 5585
	 Multiplicative Factor: 0%
	 Eff: 7624,99025
	 DR Bracket: 0
	 Base: 2%
	 Effective Percent: 7,48%
Avoidance
	 Rating: 918
	 Multiplicative Factor: 0%
	 Eff: 918
	 DR Bracket: 0
	 Base: 0%
	 Effective Percent: 1,69%
Mastery
	 Rating: 33459
	 Multiplicative Factor: 0%
	 Eff: 38667,2
	 DR Bracket: 2
	 Base: 18%
	 Effective Percent: 99,43%
----------------------
07:58,707

Intellect
	 Rating: 131347
	 Multiplicative Factor: 8,15%
	 Eff: 131347,00000000003
Stamina
	 Rating: 881587
	 Multiplicative Factor: 11,3%
	 Eff: 881587,1130000001
Crit
	 Rating: 16763
	 Multiplicative Factor: 0%
	 Eff: 20263
	 DR Bracket: 0
	 Base: 5%
	 Effective Percent: 28,95%
	 Crit Inc Heal: 2,6
	 Crit Inc Damage: 2
Haste
	 Rating: 15690
	 Multiplicative Factor: 0%
	 Eff: 15689,999999999998
	 DR Bracket: 0
	 Base: 0%
	 Effective Percent: 23,77%
Vers
	 Rating: 2727
	 Multiplicative Factor: 0%
	 Eff: 5067
	 DR Bracket: 0
	 Base: 3%
	 Effective Percent: 6,5%
Leech
	 Rating: 5585
	 Multiplicative Factor: 0%
	 Eff: 7624,99025
	 DR Bracket: 0
	 Base: 2%
	 Effective Percent: 7,48%
Avoidance
	 Rating: 918
	 Multiplicative Factor: 0%
	 Eff: 918
	 DR Bracket: 0
	 Base: 0%
	 Effective Percent: 1,69%
Mastery
	 Rating: 33459
	 Multiplicative Factor: 0%
	 Eff: 38667,2
	 DR Bracket: 2
	 Base: 18%
	 Effective Percent: 99,43%
----------------------
08:03,734

Intellect
	 Rating: 131347
	 Multiplicative Factor: 8,15%
	 Eff: 131347,00000000003
Stamina
	 Rating: 881587
	 Multiplicative Factor: 11,3%
	 Eff: 881587,1130000001
Crit
	 Rating: 16763
	 Multiplicative Factor: 0%
	 Eff: 20263
	 DR Bracket: 0
	 Base: 5%
	 Effective Percent: 28,95%
	 Crit Inc Heal: 2,6
	 Crit Inc Damage: 2
Haste
	 Rating: 15690
	 Multiplicative Factor: 0%
	 Eff: 15689,999999999998
	 DR Bracket: 0
	 Base: 0%
	 Effective Percent: 23,77%
Vers
	 Rating: 2727
	 Multiplicative Factor: 0%
	 Eff: 5067
	 DR Bracket: 0
	 Base: 3%
	 Effective Percent: 6,5%
Leech
	 Rating: 5585
	 Multiplicative Factor: 0%
	 Eff: 7624,99025
	 DR Bracket: 0
	 Base: 2%
	 Effective Percent: 7,48%
Avoidance
	 Rating: 918
	 Multiplicative Factor: 0%
	 Eff: 918
	 DR Bracket: 0
	 Base: 0%
	 Effective Percent: 1,69%
Mastery
	 Rating: 33459
	 Multiplicative Factor: 0%
	 Eff: 38667,2
	 DR Bracket: 2
	 Base: 18%
	 Effective Percent: 99,43%
----------------------
08:08,749

Intellect
	 Rating: 131347
	 Multiplicative Factor: 8,15%
	 Eff: 131347,00000000003
Stamina
	 Rating: 881587
	 Multiplicative Factor: 11,3%
	 Eff: 881587,1130000001
Crit
	 Rating: 16763
	 Multiplicative Factor: 0%
	 Eff: 20263
	 DR Bracket: 0
	 Base: 5%
	 Effective Percent: 28,95%
	 Crit Inc Heal: 2
	 Crit Inc Damage: 2
Haste
	 Rating: 15690
	 Multiplicative Factor: 0%
	 Eff: 15689,999999999998
	 DR Bracket: 0
	 Base: 0%
	 Effective Percent: 23,77%
Vers
	 Rating: 2727
	 Multiplicative Factor: 0%
	 Eff: 5067
	 DR Bracket: 0
	 Base: 3%
	 Effective Percent: 6,5%
Leech
	 Rating: 5585
	 Multiplicative Factor: 0%
	 Eff: 7624,99025
	 DR Bracket: 0
	 Base: 2%
	 Effective Percent: 7,48%
Avoidance
	 Rating: 918
	 Multiplicative Factor: 0%
	 Eff: 918
	 DR Bracket: 0
	 Base: 0%
	 Effective Percent: 1,69%
Mastery
	 Rating: 33459
	 Multiplicative Factor: 0%
	 Eff: 38667,2
	 DR Bracket: 2
	 Base: 18%
	 Effective Percent: 99,43%
----------------------
08:13,838

Intellect
	 Rating: 131347
	 Multiplicative Factor: 8,15%
	 Eff: 131347,00000000003
Stamina
	 Rating: 881587
	 Multiplicative Factor: 11,3%
	 Eff: 881587,1130000001
Crit
	 Rating: 16763
	 Multiplicative Factor: 0%
	 Eff: 20263
	 DR Bracket: 0
	 Base: 5%
	 Effective Percent: 28,95%
	 Crit Inc Heal: 2,6
	 Crit Inc Damage: 2
Haste
	 Rating: 15690
	 Multiplicative Factor: 0%
	 Eff: 15689,999999999998
	 DR Bracket: 0
	 Base: 0%
	 Effective Percent: 23,77%
Vers
	 Rating: 2727
	 Multiplicative Factor: 0%
	 Eff: 5067
	 DR Bracket: 0
	 Base: 3%
	 Effective Percent: 6,5%
Leech
	 Rating: 5585
	 Multiplicative Factor: 0%
	 Eff: 7624,99025
	 DR Bracket: 0
	 Base: 2%
	 Effective Percent: 7,48%
Avoidance
	 Rating: 918
	 Multiplicative Factor: 0%
	 Eff: 918
	 DR Bracket: 0
	 Base: 0%
	 Effective Percent: 1,69%
Mastery
	 Rating: 33459
	 Multiplicative Factor: 0%
	 Eff: 38667,2
	 DR Bracket: 2
	 Base: 18%
	 Effective Percent: 99,43%
----------------------
08:18,947

Intellect
	 Rating: 131347
	 Multiplicative Factor: 8,15%
	 Eff: 131347,00000000003
Stamina
	 Rating: 881587
	 Multiplicative Factor: 11,3%
	 Eff: 881587,1130000001
Crit
	 Rating: 16763
	 Multiplicative Factor: 0%
	 Eff: 20263
	 DR Bracket: 0
	 Base: 5%
	 Effective Percent: 28,95%
	 Crit Inc Heal: 2,6
	 Crit Inc Damage: 2
Haste
	 Rating: 15690
	 Multiplicative Factor: 0%
	 Eff: 15689,999999999998
	 DR Bracket: 0
	 Base: 0%
	 Effective Percent: 23,77%
Vers
	 Rating: 2727
	 Multiplicative Factor: 0%
	 Eff: 5067
	 DR Bracket: 0
	 Base: 3%
	 Effective Percent: 6,5%
Leech
	 Rating: 5585
	 Multiplicative Factor: 0%
	 Eff: 7624,99025
	 DR Bracket: 0
	 Base: 2%
	 Effective Percent: 7,48%
Avoidance
	 Rating: 918
	 Multiplicative Factor: 0%
	 Eff: 918
	 DR Bracket: 0
	 Base: 0%
	 Effective Percent: 1,69%
Mastery
	 Rating: 33459
	 Multiplicative Factor: 0%
	 Eff: 38667,2
	 DR Bracket: 2
	 Base: 18%
	 Effective Percent: 99,43%
----------------------
08:24,363

Intellect
	 Rating: 131347
	 Multiplicative Factor: 8,15%
	 Eff: 131347,00000000003
Stamina
	 Rating: 881587
	 Multiplicative Factor: 11,3%
	 Eff: 881587,1130000001
Crit
	 Rating: 16763
	 Multiplicative Factor: 0%
	 Eff: 20263
	 DR Bracket: 0
	 Base: 5%
	 Effective Percent: 28,95%
	 Crit Inc Heal: 2,6
	 Crit Inc Damage: 2
Haste
	 Rating: 15690
	 Multiplicative Factor: 0%
	 Eff: 15689,999999999998
	 DR Bracket: 0
	 Base: 0%
	 Effective Percent: 23,77%
Vers
	 Rating: 2727
	 Multiplicative Factor: 0%
	 Eff: 5067
	 DR Bracket: 0
	 Base: 3%
	 Effective Percent: 6,5%
Leech
	 Rating: 5585
	 Multiplicative Factor: 0%
	 Eff: 7624,99025
	 DR Bracket: 0
	 Base: 2%
	 Effective Percent: 7,48%
Avoidance
	 Rating: 918
	 Multiplicative Factor: 0%
	 Eff: 918
	 DR Bracket: 0
	 Base: 0%
	 Effective Percent: 1,69%
Mastery
	 Rating: 33459
	 Multiplicative Factor: 0%
	 Eff: 38667,2
	 DR Bracket: 2
	 Base: 18%
	 Effective Percent: 99,43%
----------------------
08:29,784

Intellect
	 Rating: 131347
	 Multiplicative Factor: 8,15%
	 Eff: 131347,00000000003
Stamina
	 Rating: 881587
	 Multiplicative Factor: 11,3%
	 Eff: 881587,1130000001
Crit
	 Rating: 16763
	 Multiplicative Factor: 0%
	 Eff: 20263
	 DR Bracket: 0
	 Base: 5%
	 Effective Percent: 28,95%
	 Crit Inc Heal: 2,6
	 Crit Inc Damage: 2
Haste
	 Rating: 15690
	 Multiplicative Factor: 0%
	 Eff: 15689,999999999998
	 DR Bracket: 0
	 Base: 0%
	 Effective Percent: 23,77%
Vers
	 Rating: 2727
	 Multiplicative Factor: 0%
	 Eff: 5067
	 DR Bracket: 0
	 Base: 3%
	 Effective Percent: 6,5%
Leech
	 Rating: 5585
	 Multiplicative Factor: 0%
	 Eff: 7624,99025
	 DR Bracket: 0
	 Base: 2%
	 Effective Percent: 7,48%
Avoidance
	 Rating: 918
	 Multiplicative Factor: 0%
	 Eff: 918
	 DR Bracket: 0
	 Base: 0%
	 Effective Percent: 1,69%
Mastery
	 Rating: 33459
	 Multiplicative Factor: 0%
	 Eff: 38667,2
	 DR Bracket: 2
	 Base: 18%
	 Effective Percent: 99,43%
----------------------
08:34,878

Intellect
	 Rating: 131347
	 Multiplicative Factor: 8,15%
	 Eff: 131347,00000000003
Stamina
	 Rating: 881587
	 Multiplicative Factor: 11,3%
	 Eff: 881587,1130000001
Crit
	 Rating: 16763
	 Multiplicative Factor: 0%
	 Eff: 20263
	 DR Bracket: 0
	 Base: 5%
	 Effective Percent: 28,95%
	 Crit Inc Heal: 2,6
	 Crit Inc Damage: 2
Haste
	 Rating: 15690
	 Multiplicative Factor: 0%
	 Eff: 15689,999999999998
	 DR Bracket: 0
	 Base: 0%
	 Effective Percent: 23,77%
Vers
	 Rating: 2727
	 Multiplicative Factor: 0%
	 Eff: 5067
	 DR Bracket: 0
	 Base: 3%
	 Effective Percent: 6,5%
Leech
	 Rating: 5585
	 Multiplicative Factor: 0%
	 Eff: 7624,99025
	 DR Bracket: 0
	 Base: 2%
	 Effective Percent: 7,48%
Avoidance
	 Rating: 918
	 Multiplicative Factor: 0%
	 Eff: 918
	 DR Bracket: 0
	 Base: 0%
	 Effective Percent: 1,69%
Mastery
	 Rating: 33459
	 Multiplicative Factor: 0%
	 Eff: 38667,2
	 DR Bracket: 2
	 Base: 18%
	 Effective Percent: 99,43%
----------------------
08:40,015

Intellect
	 Rating: 131347
	 Multiplicative Factor: 8,15%
	 Eff: 131347,00000000003
Stamina
	 Rating: 881587
	 Multiplicative Factor: 11,3%
	 Eff: 881587,1130000001
Crit
	 Rating: 16763
	 Multiplicative Factor: 0%
	 Eff: 20263
	 DR Bracket: 0
	 Base: 5%
	 Effective Percent: 28,95%
	 Crit Inc Heal: 2,6
	 Crit Inc Damage: 2
Haste
	 Rating: 15690
	 Multiplicative Factor: 0%
	 Eff: 15689,999999999998
	 DR Bracket: 0
	 Base: 0%
	 Effective Percent: 23,77%
Vers
	 Rating: 2727
	 Multiplicative Factor: 0%
	 Eff: 5067
	 DR Bracket: 0
	 Base: 3%
	 Effective Percent: 6,5%
Leech
	 Rating: 5585
	 Multiplicative Factor: 0%
	 Eff: 7624,99025
	 DR Bracket: 0
	 Base: 2%
	 Effective Percent: 7,48%
Avoidance
	 Rating: 918
	 Multiplicative Factor: 0%
	 Eff: 918
	 DR Bracket: 0
	 Base: 0%
	 Effective Percent: 1,69%
Mastery
	 Rating: 33459
	 Multiplicative Factor: 0%
	 Eff: 38667,2
	 DR Bracket: 2
	 Base: 18%
	 Effective Percent: 99,43%
