-----------
EssenceRegenDummy
-----------
Azure Strike
-----------
Blessing of the Bronze
-----------
Cauterizing Flame
-----------
Chrono Flames
-----------
Chrono Flame
-----------
Consume Flame
	Eff: 8962,285829672455
-----------
Deep Breath
-----------
Disintegrate
-----------
Dream Breath
	Eff: 8984,773797216236
-----------
Dream Breath (Echo)
	Eff: 610,8351330971045
-----------
Dream Flight
	Eff: 3170,2468249062304
-----------
Echo
	Eff: 1357,3774784439593
-----------
Emerald Blossom
-----------
Engulf
-----------
Enkindle
-----------
Expunge
-----------
Fire Breath
	Dmg: 529,0611434235577
-----------
Fluttering Seedlings
-----------
Golden Hour
-----------
Landslide
-----------
Lifebind
	Eff: 171,234141888046
-----------
Life-Giver's Flame
-----------
Living Flame
	Eff: 118,86698689125478
	Dmg: 267,01573429070413
-----------
Naturalize
-----------
Oppressing Roar
-----------
Panacea
	Eff: 126,82345576625085
-----------
Rewind
-----------
Renewing Blaze
-----------
Reversion
	Eff: 917,4679836921869
-----------
Reversion (Echo)
	Eff: 3081,446362627678
-----------
Sleep Walk
-----------
Source of Magic
-----------
Spatial Paradox
-----------
Spiritbloom
	Eff: 914,6591185587458
-----------
Spiritbloom (Echo)
	Eff: 1239,7335765319876
-----------
Stasis
-----------
Stasis (Release)
-----------
Tail Swipe
-----------
Temporal Anomaly
	Eff: 4356,746445717222
-----------
Time Spiral
-----------
Tip the Scales
-----------
Unravel
-----------
Verdant Embrace
	Eff: 1201,766718453313
-----------
Zephyr
-----------
Leech
	Eff: 949,867377746659
-----------
Blessing of Summer
-----------
Holy Bulwark
-----------
ZeroCIMDummy
-----------
Lightforged Blessing
-----------
Barrier of the Oathsworn
-----------
Voidglass Barrier
	Eff: 1286,698376010068
-----------
Loom'ithar's Living Silk
-----------
Stasis (Store)
-----------
Tempered Potion
-----------
Essence Bomb
-----------
Hover
-----------
Ethereal Reconstitution
	Eff: 466,477903379131
-----------
Ethereal Guard
	Eff: 2026,5520242679868
-----------
Shattered Soul's Embrace
-----------
Glide
-----------
Melee
	Dmg: 0,7922520375113891
-----------
Rescue
-----------
Obsidian Scales
-----------
Emerald Communion
-----------
Spirit Link
-----------
Take Off
-----------
Whirling Surge
-----------
Surge Forward
-----------
Voidglass Shards
-----------
Skyward Ascent
-----------
Second Wind
-----------
Shooting Star
-----------
Time Dilation
