-----------
Aessina's Renewal
	Eff: 1,862645149230957E-09
-----------
Bear Form
-----------
Bloodseeker Vines
	Dmg: 946,6092356930349
-----------
Bursting Growth
	Eff: 1286,1984998644432
	Dmg: 1219,862042837456
-----------
Cat Form
-----------
Convoke the Spirits
-----------
Cultivation
	Eff: 54,49953383360473
-----------
Cyclone
-----------
Dream Bloom
-----------
Dream of Cenarius
	Eff: 2311,972885566138
-----------
Efflorescence
	Eff: 384,66892185229705
-----------
Embrace of the Dream
-----------
Entangling Roots
-----------
Ferocious Bite
	Dmg: 824,5037999728229
-----------
Flower Walk
	Eff: 42,76061333107627
-----------
Frenzied Regeneration
	Eff: 4,190951585769653E-09
-----------
Heart of the Wild
-----------
Hibernate
-----------
Incapacitating Roar
-----------
Incarnation: Tree of Life
-----------
Ironfur
-----------
Lethal Preservation
-----------
Lifebloom
	Eff: 125,98861004951279
-----------
Maim
-----------
Mangle
-----------
Mark of the Wild
-----------
Mass Entanglement
-----------
Matted Fur
-----------
Mighty Bash
-----------
Moonfire
	Dmg: 79,53302857001654
-----------
Moonkin Form
-----------
Mount Form
-----------
Nature's Cure
-----------
Nature's Swiftness
-----------
Nourish
	Eff: 360,8101840480893
-----------
Rake
	Dmg: 790,4286499820755
-----------
Rebirth
-----------
Regenerative Heartwood
-----------
Regrowth
	Eff: 427,44496994565907
-----------
Rejuvenation
	Eff: 1067,1025087412852
-----------
Rejuvenation (Germination)
-----------
Rip
	Dmg: 1237,0717499733873
-----------
Shred
	Dmg: 1433,4604428142775
-----------
Soothe
-----------
Stampeding Roar
-----------
Starfire
-----------
Starsurge
-----------
Sunfire
-----------
Symbiotic Blooms
	Eff: 1040,3384939254956
-----------
Swiftmend
	Eff: 221,64071677691857
-----------
Swipe
-----------
Symbiotic Relationship
-----------
Thrash
	Dmg: 152,13541428252574
-----------
Thriving Vegetation
-----------
Tranquility
	Eff: 562,4412444843357
-----------
Travel Form
-----------
Treant Form
-----------
Typhoon
-----------
Ursol's Vortex
-----------
Verdancy
	Eff: 52,65049015016302
-----------
Wild Growth
	Eff: 1147,063713761462
-----------
Wrath
	Dmg: 106,74038571224082
-----------
Ysera's Gift
	Eff: 8,761162462178618E-09
-----------
Leech
	Eff: 388,55888004076405
-----------
Blessing of Summer
-----------
Holy Bulwark
-----------
ZeroCIMDummy
-----------
Lightforged Blessing
	SupEff: 4,0745362639427185E-10
-----------
Melee
	Dmg: 280,96680714166723
-----------
Spring Blossoms
-----------
Tempered Potion
-----------
Feral Frenzy
-----------
Bombardments
-----------
Authority of Fiery Resolve
-----------
Ethereal Reconstitution
	Eff: 802,0609776621333
-----------
Ethereal Guard
	Eff: 1285,0768919075435
-----------
Voidglass Shards
-----------
Shadowmeld
-----------
Voidglass Barrier
-----------
Nature's Vigil
-----------
Grove Tending
-----------
Grove Guardians
-----------
Flourish
-----------
Tiger Dash
-----------
Ironbark
-----------
Barkskin
-----------
Healthstone
	Eff: 1,862645149230957E-09
-----------
Spirit Link
