-----------
Aessina's Renewal
	Eff: 1,862645149230957E-09
-----------
Bear Form
-----------
Bloodseeker Vines
	Dmg: 568,7059985379965
-----------
Bursting Growth
	Eff: 19,31738104547182
	Dmg: -2,0372681319713593E-08
-----------
Cat Form
-----------
Convoke the Spirits
-----------
Cultivation
	Eff: 43,223608880006395
-----------
Cyclone
-----------
Dream Bloom
-----------
Dream of Cenarius
	Eff: 2194,493944749047
-----------
Efflorescence
	Eff: 253,35349829755205
-----------
Embrace of the Dream
-----------
Entangling Roots
-----------
Ferocious Bite
	Dmg: 946,514497747412
-----------
Flower Walk
	Eff: 0,632883644218964
-----------
Frenzied Regeneration
	Eff: 4,190951585769653E-09
-----------
Heart of the Wild
-----------
Hibernate
-----------
Incapacitating Roar
-----------
Incarnation: Tree of Life
-----------
Ironfur
-----------
Lethal Preservation
-----------
Lifebloom
	Eff: 67,14392106743799
-----------
Maim
-----------
Mangle
-----------
Mark of the Wild
-----------
Mass Entanglement
-----------
Matted Fur
-----------
Mighty Bash
-----------
Moonfire
	Dmg: 47,748889219881676
-----------
Moonkin Form
-----------
Mount Form
-----------
Nature's Cure
-----------
Nature's Swiftness
-----------
Nourish
	Eff: 276,0396317351406
-----------
Rake
	Dmg: 439,7859959737725
-----------
Rebirth
-----------
Regenerative Heartwood
-----------
Regrowth
	Eff: 342,3188079894535
-----------
Rejuvenation
	Eff: 1437,963732215234
-----------
Rejuvenation (Germination)
-----------
Rip
	Dmg: 756,4469001325488
-----------
Shred
	Dmg: 1485,96240829397
-----------
Soothe
-----------
Stampeding Roar
-----------
Starfire
-----------
Starsurge
-----------
Sunfire
-----------
Symbiotic Blooms
	Eff: 698,0637883808486
-----------
Swiftmend
	Eff: 22,061209637315187
-----------
Swipe
-----------
Symbiotic Relationship
-----------
Thrash
	Dmg: 73,29087057582547
-----------
Thriving Vegetation
-----------
Tranquility
	Eff: 29,245973053272905
-----------
Travel Form
-----------
Treant Form
-----------
Typhoon
-----------
Ursol's Vortex
-----------
Verdancy
	Eff: 0,7100284000916872
-----------
Wild Growth
	Eff: 759,4517636093536
-----------
Wrath
	Dmg: -1,8044374883174896E-09
-----------
Ysera's Gift
	Eff: 8,761162462178618E-09
-----------
Leech
	Eff: 250,63433718419947
-----------
Blessing of Summer
-----------
Holy Bulwark
-----------
ZeroCIMDummy
-----------
Lightforged Blessing
	SupEff: 4,0745362639427185E-10
-----------
Melee
	Dmg: 180,12111227438436
-----------
Spring Blossoms
-----------
Tempered Potion
-----------
Feral Frenzy
-----------
Bombardments
-----------
Authority of Fiery Resolve
-----------
Ethereal Reconstitution
	Eff: 246,76020025866455
-----------
Ethereal Guard
	Eff: 720,4949471108876
-----------
Voidglass Shards
-----------
Shadowmeld
-----------
Voidglass Barrier
-----------
Nature's Vigil
-----------
Grove Tending
-----------
Grove Guardians
-----------
Flourish
-----------
Tiger Dash
-----------
Ironbark
-----------
Barkskin
-----------
Healthstone
	Eff: 1,862645149230957E-09
-----------
Spirit Link
