-----------
Aessina's Renewal
	Eff: 1,862645149230957E-09
-----------
Bear Form
-----------
Bloodseeker Vines
	Dmg: -2,081287675537169E-08
-----------
Bursting Growth
	Eff: 1294,9029029116934
	Dmg: -2,0372681319713593E-08
-----------
Cat Form
-----------
Convoke the Spirits
-----------
Cultivation
	Eff: 83,36212306858397
-----------
Cyclone
-----------
Dream Bloom
-----------
Dream of Cenarius
	Eff: -4,556204658001661E-08
-----------
Efflorescence
	Eff: 344,6993906120756
-----------
Embrace of the Dream
-----------
Entangling Roots
-----------
Ferocious Bite
	Dmg: -2,7939677238464355E-08
-----------
Flower Walk
	Eff: 44,3720258675894
-----------
Frenzied Regeneration
	Eff: 4,190951585769653E-09
-----------
Heart of the Wild
-----------
Hibernate
-----------
Incapacitating Roar
-----------
Incarnation: Tree of Life
-----------
Ironfur
-----------
Lethal Preservation
-----------
Lifebloom
	Eff: 188,5321179805469
-----------
Maim
-----------
Mangle
-----------
Mark of the Wild
-----------
Mass Entanglement
-----------
Matted Fur
-----------
Mighty Bash
-----------
Moonfire
	Dmg: -1,431544660590589E-09
-----------
Moonkin Form
-----------
Mount Form
-----------
Nature's Cure
-----------
Nature's Swiftness
-----------
Nourish
	Eff: 599,4341137023293
-----------
Rake
	Dmg: -1,7710135580273345E-08
-----------
Rebirth
-----------
Regenerative Heartwood
-----------
Regrowth
	Eff: 607,06922558521
-----------
Rejuvenation
	Eff: 1443,9463013354825
-----------
Rejuvenation (Germination)
-----------
Rip
	Dmg: -2,6819179765880108E-08
-----------
Shred
	Dmg: -4,284083843231201E-08
-----------
Soothe
-----------
Stampeding Roar
-----------
Starfire
-----------
Starsurge
-----------
Sunfire
-----------
Symbiotic Blooms
	Eff: 1508,4054205255197
-----------
Swiftmend
	Eff: 328,4601717440455
-----------
Swipe
-----------
Symbiotic Relationship
-----------
Thrash
	Dmg: -3,105014911852777E-09
-----------
Thriving Vegetation
-----------
Tranquility
	Eff: 519,444503403213
-----------
Travel Form
-----------
Treant Form
-----------
Typhoon
-----------
Ursol's Vortex
-----------
Verdancy
	Eff: 44,099039726454066
-----------
Wild Growth
	Eff: 1502,6326525419586
-----------
Wrath
	Dmg: -1,8044374883174896E-09
-----------
Ysera's Gift
	Eff: 8,761162462178618E-09
-----------
Leech
	Eff: 159,33931412818492
-----------
Blessing of Summer
-----------
Holy Bulwark
-----------
ZeroCIMDummy
-----------
Lightforged Blessing
	SupEff: 4,0745362639427185E-10
-----------
Melee
	Dmg: -1,1350493878126144E-09
-----------
Spring Blossoms
-----------
Tempered Potion
-----------
Feral Frenzy
-----------
Bombardments
-----------
Authority of Fiery Resolve
-----------
Ethereal Reconstitution
	Eff: -6,111804395914078E-10
-----------
Ethereal Guard
	Eff: -1,6325429896824062E-09
-----------
Voidglass Shards
-----------
Shadowmeld
-----------
Voidglass Barrier
-----------
Nature's Vigil
-----------
Grove Tending
-----------
Grove Guardians
-----------
Flourish
-----------
Tiger Dash
-----------
Ironbark
-----------
Barkskin
-----------
Healthstone
	Eff: 1,862645149230957E-09
-----------
Spirit Link
