----------------------
00:00,000

Intellect
	 Rating: 135064
	 Multiplicative Factor: 8,15%
	 Eff: 135063,99999999997
Stamina
	 Rating: 791229
	 Multiplicative Factor: 9,2%
	 Eff: 791229,0920000002
Crit
	 Rating: 10844
	 Multiplicative Factor: 0%
	 Eff: 14344
	 DR Bracket: 0
	 Base: 5%
	 Effective Percent: 20,49%
	 Crit Inc Heal: 2
	 Crit Inc Damage: 2
Haste
	 Rating: 34617
	 Multiplicative Factor: 0%
	 Eff: 38041,013999999996
	 DR Bracket: 3
	 Base: 6%
	 Effective Percent: 57,64%
Vers
	 Rating: 3668
	 Multiplicative Factor: 0%
	 Eff: 6008
	 DR Bracket: 0
	 Base: 3%
	 Effective Percent: 7,7%
Leech
	 Rating: 3060
	 Multiplicative Factor: 0%
	 Eff: 3060
	 DR Bracket: 0
	 Base: 0%
	 Effective Percent: 3%
Avoidance
	 Rating: 0
	 Multiplicative Factor: 0%
	 Eff: 0
	 DR Bracket: 0
	 Base: 0%
	 Effective Percent: 0%
Mastery
	 Rating: 11457
	 Multiplicative Factor: 0%
	 Eff: 18457
	 DR Bracket: 0
	 Base: 7,28%
	 Effective Percent: 19,2%
----------------------
00:05,017

Intellect
	 Rating: 135064
	 Multiplicative Factor: 8,15%
	 Eff: 135063,99999999997
Stamina
	 Rating: 791229
	 Multiplicative Factor: 9,2%
	 Eff: 791229,0920000002
Crit
	 Rating: 10844
	 Multiplicative Factor: 0%
	 Eff: 14344
	 DR Bracket: 0
	 Base: 5%
	 Effective Percent: 20,49%
	 Crit Inc Heal: 2
	 Crit Inc Damage: 2
Haste
	 Rating: 34617
	 Multiplicative Factor: 0%
	 Eff: 57671,39399999999
	 DR Bracket: 3
	 Base: 26%
	 Effective Percent: 87,38%
Vers
	 Rating: 3668
	 Multiplicative Factor: 0%
	 Eff: 6008
	 DR Bracket: 0
	 Base: 3%
	 Effective Percent: 7,7%
Leech
	 Rating: 3060
	 Multiplicative Factor: 0%
	 Eff: 3060
	 DR Bracket: 0
	 Base: 0%
	 Effective Percent: 3%
Avoidance
	 Rating: 0
	 Multiplicative Factor: 0%
	 Eff: 0
	 DR Bracket: 0
	 Base: 0%
	 Effective Percent: 0%
Mastery
	 Rating: 11457
	 Multiplicative Factor: 0%
	 Eff: 18457
	 DR Bracket: 0
	 Base: 7,28%
	 Effective Percent: 19,2%
----------------------
00:10,039

Intellect
	 Rating: 135064
	 Multiplicative Factor: 8,15%
	 Eff: 135063,99999999997
Stamina
	 Rating: 791229
	 Multiplicative Factor: 9,2%
	 Eff: 791229,0920000002
Crit
	 Rating: 10844
	 Multiplicative Factor: 0%
	 Eff: 14344
	 DR Bracket: 0
	 Base: 5%
	 Effective Percent: 20,49%
	 Crit Inc Heal: 2
	 Crit Inc Damage: 2
Haste
	 Rating: 34617
	 Multiplicative Factor: 0%
	 Eff: 57671,39399999999
	 DR Bracket: 3
	 Base: 26%
	 Effective Percent: 87,38%
Vers
	 Rating: 3668
	 Multiplicative Factor: 0%
	 Eff: 6008
	 DR Bracket: 0
	 Base: 3%
	 Effective Percent: 7,7%
Leech
	 Rating: 3060
	 Multiplicative Factor: 0%
	 Eff: 3060
	 DR Bracket: 0
	 Base: 0%
	 Effective Percent: 3%
Avoidance
	 Rating: 0
	 Multiplicative Factor: 0%
	 Eff: 0
	 DR Bracket: 0
	 Base: 0%
	 Effective Percent: 0%
Mastery
	 Rating: 11457
	 Multiplicative Factor: 0%
	 Eff: 18457
	 DR Bracket: 0
	 Base: 7,28%
	 Effective Percent: 19,2%
----------------------
00:15,061

Intellect
	 Rating: 135064
	 Multiplicative Factor: 8,15%
	 Eff: 135063,99999999997
Stamina
	 Rating: 791229
	 Multiplicative Factor: 9,2%
	 Eff: 791229,0920000002
Crit
	 Rating: 10844
	 Multiplicative Factor: 0%
	 Eff: 14344
	 DR Bracket: 0
	 Base: 5%
	 Effective Percent: 20,49%
	 Crit Inc Heal: 2
	 Crit Inc Damage: 2
Haste
	 Rating: 34617
	 Multiplicative Factor: 0%
	 Eff: 57671,39399999999
	 DR Bracket: 3
	 Base: 26%
	 Effective Percent: 87,38%
Vers
	 Rating: 3668
	 Multiplicative Factor: 0%
	 Eff: 6008
	 DR Bracket: 0
	 Base: 3%
	 Effective Percent: 7,7%
Leech
	 Rating: 3060
	 Multiplicative Factor: 0%
	 Eff: 3060
	 DR Bracket: 0
	 Base: 0%
	 Effective Percent: 3%
Avoidance
	 Rating: 0
	 Multiplicative Factor: 0%
	 Eff: 0
	 DR Bracket: 0
	 Base: 0%
	 Effective Percent: 0%
Mastery
	 Rating: 11457
	 Multiplicative Factor: 0%
	 Eff: 18457
	 DR Bracket: 0
	 Base: 7,28%
	 Effective Percent: 19,2%
----------------------
00:20,066

Intellect
	 Rating: 135064
	 Multiplicative Factor: 8,15%
	 Eff: 135063,99999999997
Stamina
	 Rating: 791229
	 Multiplicative Factor: 9,2%
	 Eff: 791229,0920000002
Crit
	 Rating: 10844
	 Multiplicative Factor: 0%
	 Eff: 14344
	 DR Bracket: 0
	 Base: 5%
	 Effective Percent: 20,49%
	 Crit Inc Heal: 2
	 Crit Inc Damage: 2
Haste
	 Rating: 34617
	 Multiplicative Factor: 0%
	 Eff: 38041,013999999996
	 DR Bracket: 3
	 Base: 6%
	 Effective Percent: 57,64%
Vers
	 Rating: 3668
	 Multiplicative Factor: 0%
	 Eff: 6008
	 DR Bracket: 0
	 Base: 3%
	 Effective Percent: 7,7%
Leech
	 Rating: 3060
	 Multiplicative Factor: 0%
	 Eff: 3060
	 DR Bracket: 0
	 Base: 0%
	 Effective Percent: 3%
Avoidance
	 Rating: 0
	 Multiplicative Factor: 0%
	 Eff: 0
	 DR Bracket: 0
	 Base: 0%
	 Effective Percent: 0%
Mastery
	 Rating: 11457
	 Multiplicative Factor: 0%
	 Eff: 18457
	 DR Bracket: 0
	 Base: 7,28%
	 Effective Percent: 19,2%
----------------------
00:25,148

Intellect
	 Rating: 135064
	 Multiplicative Factor: 8,15%
	 Eff: 135063,99999999997
Stamina
	 Rating: 791229
	 Multiplicative Factor: 9,2%
	 Eff: 791229,0920000002
Crit
	 Rating: 10844
	 Multiplicative Factor: 0%
	 Eff: 18544
	 DR Bracket: 0
	 Base: 11%
	 Effective Percent: 26,49%
	 Crit Inc Heal: 2
	 Crit Inc Damage: 2
Haste
	 Rating: 34617
	 Multiplicative Factor: 0%
	 Eff: 32151,899999999994
	 DR Bracket: 3
	 Base: 0%
	 Effective Percent: 48,71%
Vers
	 Rating: 3668
	 Multiplicative Factor: 0%
	 Eff: 6008
	 DR Bracket: 0
	 Base: 3%
	 Effective Percent: 7,7%
Leech
	 Rating: 3060
	 Multiplicative Factor: 0%
	 Eff: 3060
	 DR Bracket: 0
	 Base: 0%
	 Effective Percent: 3%
Avoidance
	 Rating: 0
	 Multiplicative Factor: 0%
	 Eff: 0
	 DR Bracket: 0
	 Base: 0%
	 Effective Percent: 0%
Mastery
	 Rating: 11457
	 Multiplicative Factor: 0%
	 Eff: 18457
	 DR Bracket: 0
	 Base: 7,28%
	 Effective Percent: 19,2%
----------------------
00:30,153

Intellect
	 Rating: 135064
	 Multiplicative Factor: 8,15%
	 Eff: 135063,99999999997
Stamina
	 Rating: 791229
	 Multiplicative Factor: 9,2%
	 Eff: 791229,0920000002
Crit
	 Rating: 10844
	 Multiplicative Factor: 0%
	 Eff: 18544
	 DR Bracket: 0
	 Base: 11%
	 Effective Percent: 26,49%
	 Crit Inc Heal: 2
	 Crit Inc Damage: 2
Haste
	 Rating: 34617
	 Multiplicative Factor: 0%
	 Eff: 32151,899999999994
	 DR Bracket: 3
	 Base: 0%
	 Effective Percent: 48,71%
Vers
	 Rating: 3668
	 Multiplicative Factor: 0%
	 Eff: 6008
	 DR Bracket: 0
	 Base: 3%
	 Effective Percent: 7,7%
Leech
	 Rating: 3060
	 Multiplicative Factor: 0%
	 Eff: 3060
	 DR Bracket: 0
	 Base: 0%
	 Effective Percent: 3%
Avoidance
	 Rating: 0
	 Multiplicative Factor: 0%
	 Eff: 0
	 DR Bracket: 0
	 Base: 0%
	 Effective Percent: 0%
Mastery
	 Rating: 11457
	 Multiplicative Factor: 0%
	 Eff: 18457
	 DR Bracket: 0
	 Base: 7,28%
	 Effective Percent: 19,2%
----------------------
00:35,159

Intellect
	 Rating: 135064
	 Multiplicative Factor: 8,15%
	 Eff: 135063,99999999997
Stamina
	 Rating: 791229
	 Multiplicative Factor: 9,2%
	 Eff: 791229,0920000002
Crit
	 Rating: 10844
	 Multiplicative Factor: 0%
	 Eff: 18544
	 DR Bracket: 0
	 Base: 11%
	 Effective Percent: 26,49%
	 Crit Inc Heal: 2
	 Crit Inc Damage: 2
Haste
	 Rating: 34617
	 Multiplicative Factor: 0%
	 Eff: 32151,899999999994
	 DR Bracket: 3
	 Base: 0%
	 Effective Percent: 48,71%
Vers
	 Rating: 3668
	 Multiplicative Factor: 0%
	 Eff: 6008
	 DR Bracket: 0
	 Base: 3%
	 Effective Percent: 7,7%
Leech
	 Rating: 3060
	 Multiplicative Factor: 0%
	 Eff: 3060
	 DR Bracket: 0
	 Base: 0%
	 Effective Percent: 3%
Avoidance
	 Rating: 0
	 Multiplicative Factor: 0%
	 Eff: 0
	 DR Bracket: 0
	 Base: 0%
	 Effective Percent: 0%
Mastery
	 Rating: 11457
	 Multiplicative Factor: 0%
	 Eff: 18457
	 DR Bracket: 0
	 Base: 7,28%
	 Effective Percent: 19,2%
----------------------
00:40,192

Intellect
	 Rating: 135064
	 Multiplicative Factor: 8,15%
	 Eff: 135063,99999999997
Stamina
	 Rating: 791229
	 Multiplicative Factor: 9,2%
	 Eff: 791229,0920000002
Crit
	 Rating: 10844
	 Multiplicative Factor: 0%
	 Eff: 18544
	 DR Bracket: 0
	 Base: 11%
	 Effective Percent: 26,49%
	 Crit Inc Heal: 2
	 Crit Inc Damage: 2
Haste
	 Rating: 34617
	 Multiplicative Factor: 0%
	 Eff: 32151,899999999994
	 DR Bracket: 3
	 Base: 0%
	 Effective Percent: 48,71%
Vers
	 Rating: 3668
	 Multiplicative Factor: 0%
	 Eff: 6008
	 DR Bracket: 0
	 Base: 3%
	 Effective Percent: 7,7%
Leech
	 Rating: 3060
	 Multiplicative Factor: 0%
	 Eff: 3060
	 DR Bracket: 0
	 Base: 0%
	 Effective Percent: 3%
Avoidance
	 Rating: 0
	 Multiplicative Factor: 0%
	 Eff: 0
	 DR Bracket: 0
	 Base: 0%
	 Effective Percent: 0%
Mastery
	 Rating: 11457
	 Multiplicative Factor: 0%
	 Eff: 18457
	 DR Bracket: 0
	 Base: 7,28%
	 Effective Percent: 19,2%
----------------------
00:45,205

Intellect
	 Rating: 135064
	 Multiplicative Factor: 8,15%
	 Eff: 135063,99999999997
Stamina
	 Rating: 791229
	 Multiplicative Factor: 9,2%
	 Eff: 791229,0920000002
Crit
	 Rating: 10844
	 Multiplicative Factor: 0%
	 Eff: 18544
	 DR Bracket: 0
	 Base: 11%
	 Effective Percent: 26,49%
	 Crit Inc Heal: 2
	 Crit Inc Damage: 2
Haste
	 Rating: 34617
	 Multiplicative Factor: 0%
	 Eff: 32151,899999999994
	 DR Bracket: 3
	 Base: 0%
	 Effective Percent: 48,71%
Vers
	 Rating: 3668
	 Multiplicative Factor: 0%
	 Eff: 6008
	 DR Bracket: 0
	 Base: 3%
	 Effective Percent: 7,7%
Leech
	 Rating: 3060
	 Multiplicative Factor: 0%
	 Eff: 3060
	 DR Bracket: 0
	 Base: 0%
	 Effective Percent: 3%
Avoidance
	 Rating: 0
	 Multiplicative Factor: 0%
	 Eff: 0
	 DR Bracket: 0
	 Base: 0%
	 Effective Percent: 0%
Mastery
	 Rating: 11457
	 Multiplicative Factor: 0%
	 Eff: 18457
	 DR Bracket: 0
	 Base: 7,28%
	 Effective Percent: 19,2%
----------------------
00:50,218

Intellect
	 Rating: 135064
	 Multiplicative Factor: 8,15%
	 Eff: 135063,99999999997
Stamina
	 Rating: 791229
	 Multiplicative Factor: 9,2%
	 Eff: 791229,0920000002
Crit
	 Rating: 10844
	 Multiplicative Factor: 0%
	 Eff: 14344
	 DR Bracket: 0
	 Base: 5%
	 Effective Percent: 20,49%
	 Crit Inc Heal: 2
	 Crit Inc Damage: 2
Haste
	 Rating: 34617
	 Multiplicative Factor: 0%
	 Eff: 38041,013999999996
	 DR Bracket: 3
	 Base: 6%
	 Effective Percent: 57,64%
Vers
	 Rating: 3668
	 Multiplicative Factor: 0%
	 Eff: 6008
	 DR Bracket: 0
	 Base: 3%
	 Effective Percent: 7,7%
Leech
	 Rating: 3060
	 Multiplicative Factor: 0%
	 Eff: 3060
	 DR Bracket: 0
	 Base: 0%
	 Effective Percent: 3%
Avoidance
	 Rating: 0
	 Multiplicative Factor: 0%
	 Eff: 0
	 DR Bracket: 0
	 Base: 0%
	 Effective Percent: 0%
Mastery
	 Rating: 11457
	 Multiplicative Factor: 0%
	 Eff: 18457
	 DR Bracket: 0
	 Base: 7,28%
	 Effective Percent: 19,2%
----------------------
00:55,249

Intellect
	 Rating: 135064
	 Multiplicative Factor: 8,15%
	 Eff: 135063,99999999997
Stamina
	 Rating: 791229
	 Multiplicative Factor: 9,2%
	 Eff: 791229,0920000002
Crit
	 Rating: 10844
	 Multiplicative Factor: 0%
	 Eff: 14344
	 DR Bracket: 0
	 Base: 5%
	 Effective Percent: 20,49%
	 Crit Inc Heal: 2
	 Crit Inc Damage: 2
Haste
	 Rating: 34617
	 Multiplicative Factor: 0%
	 Eff: 38041,013999999996
	 DR Bracket: 3
	 Base: 6%
	 Effective Percent: 57,64%
Vers
	 Rating: 3668
	 Multiplicative Factor: 0%
	 Eff: 6008
	 DR Bracket: 0
	 Base: 3%
	 Effective Percent: 7,7%
Leech
	 Rating: 3060
	 Multiplicative Factor: 0%
	 Eff: 3060
	 DR Bracket: 0
	 Base: 0%
	 Effective Percent: 3%
Avoidance
	 Rating: 0
	 Multiplicative Factor: 0%
	 Eff: 0
	 DR Bracket: 0
	 Base: 0%
	 Effective Percent: 0%
Mastery
	 Rating: 11457
	 Multiplicative Factor: 0%
	 Eff: 18457
	 DR Bracket: 0
	 Base: 7,28%
	 Effective Percent: 19,2%
----------------------
01:00,260

Intellect
	 Rating: 135064
	 Multiplicative Factor: 8,15%
	 Eff: 135063,99999999997
Stamina
	 Rating: 791229
	 Multiplicative Factor: 9,2%
	 Eff: 791229,0920000002
Crit
	 Rating: 10844
	 Multiplicative Factor: 0%
	 Eff: 18544
	 DR Bracket: 0
	 Base: 11%
	 Effective Percent: 26,49%
	 Crit Inc Heal: 2
	 Crit Inc Damage: 2
Haste
	 Rating: 34617
	 Multiplicative Factor: 0%
	 Eff: 32151,899999999994
	 DR Bracket: 3
	 Base: 0%
	 Effective Percent: 48,71%
Vers
	 Rating: 3668
	 Multiplicative Factor: 0%
	 Eff: 6008
	 DR Bracket: 0
	 Base: 3%
	 Effective Percent: 7,7%
Leech
	 Rating: 3060
	 Multiplicative Factor: 0%
	 Eff: 3060
	 DR Bracket: 0
	 Base: 0%
	 Effective Percent: 3%
Avoidance
	 Rating: 0
	 Multiplicative Factor: 0%
	 Eff: 0
	 DR Bracket: 0
	 Base: 0%
	 Effective Percent: 0%
Mastery
	 Rating: 11457
	 Multiplicative Factor: 0%
	 Eff: 18457
	 DR Bracket: 0
	 Base: 7,28%
	 Effective Percent: 19,2%
----------------------
01:05,325

Intellect
	 Rating: 135064
	 Multiplicative Factor: 8,15%
	 Eff: 135063,99999999997
Stamina
	 Rating: 791229
	 Multiplicative Factor: 9,2%
	 Eff: 791229,0920000002
Crit
	 Rating: 10844
	 Multiplicative Factor: 0%
	 Eff: 18544
	 DR Bracket: 0
	 Base: 11%
	 Effective Percent: 26,49%
	 Crit Inc Heal: 2
	 Crit Inc Damage: 2
Haste
	 Rating: 34617
	 Multiplicative Factor: 0%
	 Eff: 32151,899999999994
	 DR Bracket: 3
	 Base: 0%
	 Effective Percent: 48,71%
Vers
	 Rating: 3668
	 Multiplicative Factor: 0%
	 Eff: 6008
	 DR Bracket: 0
	 Base: 3%
	 Effective Percent: 7,7%
Leech
	 Rating: 3060
	 Multiplicative Factor: 0%
	 Eff: 3060
	 DR Bracket: 0
	 Base: 0%
	 Effective Percent: 3%
Avoidance
	 Rating: 0
	 Multiplicative Factor: 0%
	 Eff: 0
	 DR Bracket: 0
	 Base: 0%
	 Effective Percent: 0%
Mastery
	 Rating: 11457
	 Multiplicative Factor: 0%
	 Eff: 18457
	 DR Bracket: 0
	 Base: 7,28%
	 Effective Percent: 19,2%
----------------------
01:10,325

Intellect
	 Rating: 135064
	 Multiplicative Factor: 8,15%
	 Eff: 135063,99999999997
Stamina
	 Rating: 791229
	 Multiplicative Factor: 9,2%
	 Eff: 791229,0920000002
Crit
	 Rating: 10844
	 Multiplicative Factor: 0%
	 Eff: 18544
	 DR Bracket: 0
	 Base: 11%
	 Effective Percent: 26,49%
	 Crit Inc Heal: 2
	 Crit Inc Damage: 2
Haste
	 Rating: 34617
	 Multiplicative Factor: 0%
	 Eff: 32151,899999999994
	 DR Bracket: 3
	 Base: 0%
	 Effective Percent: 48,71%
Vers
	 Rating: 3668
	 Multiplicative Factor: 0%
	 Eff: 6008
	 DR Bracket: 0
	 Base: 3%
	 Effective Percent: 7,7%
Leech
	 Rating: 3060
	 Multiplicative Factor: 0%
	 Eff: 3060
	 DR Bracket: 0
	 Base: 0%
	 Effective Percent: 3%
Avoidance
	 Rating: 0
	 Multiplicative Factor: 0%
	 Eff: 0
	 DR Bracket: 0
	 Base: 0%
	 Effective Percent: 0%
Mastery
	 Rating: 11457
	 Multiplicative Factor: 0%
	 Eff: 18457
	 DR Bracket: 0
	 Base: 7,28%
	 Effective Percent: 19,2%
----------------------
01:15,338

Intellect
	 Rating: 135064
	 Multiplicative Factor: 8,15%
	 Eff: 135063,99999999997
Stamina
	 Rating: 791229
	 Multiplicative Factor: 9,2%
	 Eff: 791229,0920000002
Crit
	 Rating: 10844
	 Multiplicative Factor: 0%
	 Eff: 18544
	 DR Bracket: 0
	 Base: 11%
	 Effective Percent: 26,49%
	 Crit Inc Heal: 2
	 Crit Inc Damage: 2
Haste
	 Rating: 34617
	 Multiplicative Factor: 0%
	 Eff: 32151,899999999994
	 DR Bracket: 3
	 Base: 0%
	 Effective Percent: 48,71%
Vers
	 Rating: 3668
	 Multiplicative Factor: 0%
	 Eff: 6008
	 DR Bracket: 0
	 Base: 3%
	 Effective Percent: 7,7%
Leech
	 Rating: 3060
	 Multiplicative Factor: 0%
	 Eff: 3060
	 DR Bracket: 0
	 Base: 0%
	 Effective Percent: 3%
Avoidance
	 Rating: 0
	 Multiplicative Factor: 0%
	 Eff: 0
	 DR Bracket: 0
	 Base: 0%
	 Effective Percent: 0%
Mastery
	 Rating: 11457
	 Multiplicative Factor: 0%
	 Eff: 18457
	 DR Bracket: 0
	 Base: 7,28%
	 Effective Percent: 19,2%
----------------------
01:20,351

Intellect
	 Rating: 135064
	 Multiplicative Factor: 8,15%
	 Eff: 135063,99999999997
Stamina
	 Rating: 791229
	 Multiplicative Factor: 9,2%
	 Eff: 791229,0920000002
Crit
	 Rating: 10844
	 Multiplicative Factor: 0%
	 Eff: 14344
	 DR Bracket: 0
	 Base: 5%
	 Effective Percent: 20,49%
	 Crit Inc Heal: 2
	 Crit Inc Damage: 2
Haste
	 Rating: 34617
	 Multiplicative Factor: 0%
	 Eff: 38041,013999999996
	 DR Bracket: 3
	 Base: 6%
	 Effective Percent: 57,64%
Vers
	 Rating: 3668
	 Multiplicative Factor: 0%
	 Eff: 6008
	 DR Bracket: 0
	 Base: 3%
	 Effective Percent: 7,7%
Leech
	 Rating: 3060
	 Multiplicative Factor: 0%
	 Eff: 3060
	 DR Bracket: 0
	 Base: 0%
	 Effective Percent: 3%
Avoidance
	 Rating: 0
	 Multiplicative Factor: 0%
	 Eff: 0
	 DR Bracket: 0
	 Base: 0%
	 Effective Percent: 0%
Mastery
	 Rating: 11457
	 Multiplicative Factor: 0%
	 Eff: 18457
	 DR Bracket: 0
	 Base: 7,28%
	 Effective Percent: 19,2%
----------------------
01:25,416

Intellect
	 Rating: 135064
	 Multiplicative Factor: 8,15%
	 Eff: 135063,99999999997
Stamina
	 Rating: 791229
	 Multiplicative Factor: 9,2%
	 Eff: 791229,0920000002
Crit
	 Rating: 10844
	 Multiplicative Factor: 0%
	 Eff: 14344
	 DR Bracket: 0
	 Base: 5%
	 Effective Percent: 20,49%
	 Crit Inc Heal: 2
	 Crit Inc Damage: 2
Haste
	 Rating: 34617
	 Multiplicative Factor: 0%
	 Eff: 38041,013999999996
	 DR Bracket: 3
	 Base: 6%
	 Effective Percent: 57,64%
Vers
	 Rating: 3668
	 Multiplicative Factor: 0%
	 Eff: 6008
	 DR Bracket: 0
	 Base: 3%
	 Effective Percent: 7,7%
Leech
	 Rating: 3060
	 Multiplicative Factor: 0%
	 Eff: 3060
	 DR Bracket: 0
	 Base: 0%
	 Effective Percent: 3%
Avoidance
	 Rating: 0
	 Multiplicative Factor: 0%
	 Eff: 0
	 DR Bracket: 0
	 Base: 0%
	 Effective Percent: 0%
Mastery
	 Rating: 11457
	 Multiplicative Factor: 0%
	 Eff: 18457
	 DR Bracket: 0
	 Base: 7,28%
	 Effective Percent: 19,2%
----------------------
01:30,420

Intellect
	 Rating: 135064
	 Multiplicative Factor: 8,15%
	 Eff: 135063,99999999997
Stamina
	 Rating: 791229
	 Multiplicative Factor: 9,2%
	 Eff: 791229,0920000002
Crit
	 Rating: 10844
	 Multiplicative Factor: 0%
	 Eff: 18544
	 DR Bracket: 0
	 Base: 11%
	 Effective Percent: 26,49%
	 Crit Inc Heal: 2
	 Crit Inc Damage: 2
Haste
	 Rating: 34617
	 Multiplicative Factor: 0%
	 Eff: 32151,899999999994
	 DR Bracket: 3
	 Base: 0%
	 Effective Percent: 48,71%
Vers
	 Rating: 3668
	 Multiplicative Factor: 0%
	 Eff: 6008
	 DR Bracket: 0
	 Base: 3%
	 Effective Percent: 7,7%
Leech
	 Rating: 3060
	 Multiplicative Factor: 0%
	 Eff: 3060
	 DR Bracket: 0
	 Base: 0%
	 Effective Percent: 3%
Avoidance
	 Rating: 0
	 Multiplicative Factor: 0%
	 Eff: 0
	 DR Bracket: 0
	 Base: 0%
	 Effective Percent: 0%
Mastery
	 Rating: 11457
	 Multiplicative Factor: 0%
	 Eff: 18457
	 DR Bracket: 0
	 Base: 7,28%
	 Effective Percent: 19,2%
----------------------
01:35,648

Intellect
	 Rating: 135064
	 Multiplicative Factor: 8,15%
	 Eff: 135063,99999999997
Stamina
	 Rating: 791229
	 Multiplicative Factor: 9,2%
	 Eff: 791229,0920000002
Crit
	 Rating: 10844
	 Multiplicative Factor: 0%
	 Eff: 14344
	 DR Bracket: 0
	 Base: 5%
	 Effective Percent: 20,49%
	 Crit Inc Heal: 2
	 Crit Inc Damage: 2
Haste
	 Rating: 34617
	 Multiplicative Factor: 0%
	 Eff: 38041,013999999996
	 DR Bracket: 3
	 Base: 6%
	 Effective Percent: 57,64%
Vers
	 Rating: 3668
	 Multiplicative Factor: 0%
	 Eff: 6008
	 DR Bracket: 0
	 Base: 3%
	 Effective Percent: 7,7%
Leech
	 Rating: 3060
	 Multiplicative Factor: 0%
	 Eff: 3060
	 DR Bracket: 0
	 Base: 0%
	 Effective Percent: 3%
Avoidance
	 Rating: 0
	 Multiplicative Factor: 0%
	 Eff: 0
	 DR Bracket: 0
	 Base: 0%
	 Effective Percent: 0%
Mastery
	 Rating: 11457
	 Multiplicative Factor: 0%
	 Eff: 18457
	 DR Bracket: 0
	 Base: 7,28%
	 Effective Percent: 19,2%
----------------------
01:40,663

Intellect
	 Rating: 135064
	 Multiplicative Factor: 8,15%
	 Eff: 135063,99999999997
Stamina
	 Rating: 791229
	 Multiplicative Factor: 9,2%
	 Eff: 791229,0920000002
Crit
	 Rating: 10844
	 Multiplicative Factor: 0%
	 Eff: 18544
	 DR Bracket: 0
	 Base: 11%
	 Effective Percent: 26,49%
	 Crit Inc Heal: 2
	 Crit Inc Damage: 2
Haste
	 Rating: 34617
	 Multiplicative Factor: 0%
	 Eff: 32151,899999999994
	 DR Bracket: 3
	 Base: 0%
	 Effective Percent: 48,71%
Vers
	 Rating: 3668
	 Multiplicative Factor: 0%
	 Eff: 6008
	 DR Bracket: 0
	 Base: 3%
	 Effective Percent: 7,7%
Leech
	 Rating: 3060
	 Multiplicative Factor: 0%
	 Eff: 3060
	 DR Bracket: 0
	 Base: 0%
	 Effective Percent: 3%
Avoidance
	 Rating: 0
	 Multiplicative Factor: 0%
	 Eff: 0
	 DR Bracket: 0
	 Base: 0%
	 Effective Percent: 0%
Mastery
	 Rating: 11457
	 Multiplicative Factor: 0%
	 Eff: 18457
	 DR Bracket: 0
	 Base: 7,28%
	 Effective Percent: 19,2%
----------------------
01:45,799

Intellect
	 Rating: 135064
	 Multiplicative Factor: 8,15%
	 Eff: 135063,99999999997
Stamina
	 Rating: 791229
	 Multiplicative Factor: 9,2%
	 Eff: 791229,0920000002
Crit
	 Rating: 10844
	 Multiplicative Factor: 0%
	 Eff: 18544
	 DR Bracket: 0
	 Base: 11%
	 Effective Percent: 26,49%
	 Crit Inc Heal: 2
	 Crit Inc Damage: 2
Haste
	 Rating: 34617
	 Multiplicative Factor: 0%
	 Eff: 32151,899999999994
	 DR Bracket: 3
	 Base: 0%
	 Effective Percent: 48,71%
Vers
	 Rating: 3668
	 Multiplicative Factor: 0%
	 Eff: 6008
	 DR Bracket: 0
	 Base: 3%
	 Effective Percent: 7,7%
Leech
	 Rating: 3060
	 Multiplicative Factor: 0%
	 Eff: 3060
	 DR Bracket: 0
	 Base: 0%
	 Effective Percent: 3%
Avoidance
	 Rating: 0
	 Multiplicative Factor: 0%
	 Eff: 0
	 DR Bracket: 0
	 Base: 0%
	 Effective Percent: 0%
Mastery
	 Rating: 11457
	 Multiplicative Factor: 0%
	 Eff: 18457
	 DR Bracket: 0
	 Base: 7,28%
	 Effective Percent: 19,2%
----------------------
01:50,850

Intellect
	 Rating: 135064
	 Multiplicative Factor: 8,15%
	 Eff: 135063,99999999997
Stamina
	 Rating: 791229
	 Multiplicative Factor: 9,2%
	 Eff: 791229,0920000002
Crit
	 Rating: 10844
	 Multiplicative Factor: 0%
	 Eff: 14344
	 DR Bracket: 0
	 Base: 5%
	 Effective Percent: 20,49%
	 Crit Inc Heal: 2
	 Crit Inc Damage: 2
Haste
	 Rating: 34617
	 Multiplicative Factor: 0%
	 Eff: 38041,013999999996
	 DR Bracket: 3
	 Base: 6%
	 Effective Percent: 57,64%
Vers
	 Rating: 3668
	 Multiplicative Factor: 0%
	 Eff: 6008
	 DR Bracket: 0
	 Base: 3%
	 Effective Percent: 7,7%
Leech
	 Rating: 3060
	 Multiplicative Factor: 0%
	 Eff: 3060
	 DR Bracket: 0
	 Base: 0%
	 Effective Percent: 3%
Avoidance
	 Rating: 0
	 Multiplicative Factor: 0%
	 Eff: 0
	 DR Bracket: 0
	 Base: 0%
	 Effective Percent: 0%
Mastery
	 Rating: 11457
	 Multiplicative Factor: 0%
	 Eff: 18457
	 DR Bracket: 0
	 Base: 7,28%
	 Effective Percent: 19,2%
----------------------
01:55,911

Intellect
	 Rating: 135064
	 Multiplicative Factor: 8,15%
	 Eff: 135063,99999999997
Stamina
	 Rating: 791229
	 Multiplicative Factor: 9,2%
	 Eff: 791229,0920000002
Crit
	 Rating: 10844
	 Multiplicative Factor: 0%
	 Eff: 18544
	 DR Bracket: 0
	 Base: 11%
	 Effective Percent: 26,49%
	 Crit Inc Heal: 2
	 Crit Inc Damage: 2
Haste
	 Rating: 34617
	 Multiplicative Factor: 0%
	 Eff: 32151,899999999994
	 DR Bracket: 3
	 Base: 0%
	 Effective Percent: 48,71%
Vers
	 Rating: 3668
	 Multiplicative Factor: 0%
	 Eff: 6008
	 DR Bracket: 0
	 Base: 3%
	 Effective Percent: 7,7%
Leech
	 Rating: 3060
	 Multiplicative Factor: 0%
	 Eff: 3060
	 DR Bracket: 0
	 Base: 0%
	 Effective Percent: 3%
Avoidance
	 Rating: 0
	 Multiplicative Factor: 0%
	 Eff: 0
	 DR Bracket: 0
	 Base: 0%
	 Effective Percent: 0%
Mastery
	 Rating: 11457
	 Multiplicative Factor: 0%
	 Eff: 18457
	 DR Bracket: 0
	 Base: 7,28%
	 Effective Percent: 19,2%
----------------------
02:00,950

Intellect
	 Rating: 135064
	 Multiplicative Factor: 8,15%
	 Eff: 135063,99999999997
Stamina
	 Rating: 791229
	 Multiplicative Factor: 9,2%
	 Eff: 791229,0920000002
Crit
	 Rating: 10844
	 Multiplicative Factor: 0%
	 Eff: 18544
	 DR Bracket: 0
	 Base: 11%
	 Effective Percent: 26,49%
	 Crit Inc Heal: 2
	 Crit Inc Damage: 2
Haste
	 Rating: 34617
	 Multiplicative Factor: 0%
	 Eff: 32151,899999999994
	 DR Bracket: 3
	 Base: 0%
	 Effective Percent: 48,71%
Vers
	 Rating: 3668
	 Multiplicative Factor: 0%
	 Eff: 6008
	 DR Bracket: 0
	 Base: 3%
	 Effective Percent: 7,7%
Leech
	 Rating: 3060
	 Multiplicative Factor: 0%
	 Eff: 3060
	 DR Bracket: 0
	 Base: 0%
	 Effective Percent: 3%
Avoidance
	 Rating: 0
	 Multiplicative Factor: 0%
	 Eff: 0
	 DR Bracket: 0
	 Base: 0%
	 Effective Percent: 0%
Mastery
	 Rating: 11457
	 Multiplicative Factor: 0%
	 Eff: 18457
	 DR Bracket: 0
	 Base: 7,28%
	 Effective Percent: 19,2%
----------------------
02:06,019

Intellect
	 Rating: 135064
	 Multiplicative Factor: 8,15%
	 Eff: 135063,99999999997
Stamina
	 Rating: 791229
	 Multiplicative Factor: 9,2%
	 Eff: 791229,0920000002
Crit
	 Rating: 10844
	 Multiplicative Factor: 0%
	 Eff: 18544
	 DR Bracket: 0
	 Base: 11%
	 Effective Percent: 26,49%
	 Crit Inc Heal: 2
	 Crit Inc Damage: 2
Haste
	 Rating: 34617
	 Multiplicative Factor: 0%
	 Eff: 32151,899999999994
	 DR Bracket: 3
	 Base: 0%
	 Effective Percent: 48,71%
Vers
	 Rating: 3668
	 Multiplicative Factor: 0%
	 Eff: 6008
	 DR Bracket: 0
	 Base: 3%
	 Effective Percent: 7,7%
Leech
	 Rating: 3060
	 Multiplicative Factor: 0%
	 Eff: 3060
	 DR Bracket: 0
	 Base: 0%
	 Effective Percent: 3%
Avoidance
	 Rating: 0
	 Multiplicative Factor: 0%
	 Eff: 0
	 DR Bracket: 0
	 Base: 0%
	 Effective Percent: 0%
Mastery
	 Rating: 11457
	 Multiplicative Factor: 0%
	 Eff: 18457
	 DR Bracket: 0
	 Base: 7,28%
	 Effective Percent: 19,2%
----------------------
02:11,116

Intellect
	 Rating: 135064
	 Multiplicative Factor: 8,15%
	 Eff: 135063,99999999997
Stamina
	 Rating: 791229
	 Multiplicative Factor: 9,2%
	 Eff: 791229,0920000002
Crit
	 Rating: 10844
	 Multiplicative Factor: 0%
	 Eff: 18544
	 DR Bracket: 0
	 Base: 11%
	 Effective Percent: 26,49%
	 Crit Inc Heal: 2
	 Crit Inc Damage: 2
Haste
	 Rating: 34617
	 Multiplicative Factor: 0%
	 Eff: 51782,28
	 DR Bracket: 3
	 Base: 20%
	 Effective Percent: 78,46%
Vers
	 Rating: 3668
	 Multiplicative Factor: 0%
	 Eff: 6008
	 DR Bracket: 0
	 Base: 3%
	 Effective Percent: 7,7%
Leech
	 Rating: 3060
	 Multiplicative Factor: 0%
	 Eff: 3060
	 DR Bracket: 0
	 Base: 0%
	 Effective Percent: 3%
Avoidance
	 Rating: 0
	 Multiplicative Factor: 0%
	 Eff: 0
	 DR Bracket: 0
	 Base: 0%
	 Effective Percent: 0%
Mastery
	 Rating: 11457
	 Multiplicative Factor: 0%
	 Eff: 18457
	 DR Bracket: 0
	 Base: 7,28%
	 Effective Percent: 19,2%
----------------------
02:16,135

Intellect
	 Rating: 135064
	 Multiplicative Factor: 8,15%
	 Eff: 135063,99999999997
Stamina
	 Rating: 791229
	 Multiplicative Factor: 9,2%
	 Eff: 791229,0920000002
Crit
	 Rating: 10844
	 Multiplicative Factor: 0%
	 Eff: 18544
	 DR Bracket: 0
	 Base: 11%
	 Effective Percent: 26,49%
	 Crit Inc Heal: 2
	 Crit Inc Damage: 2
Haste
	 Rating: 34617
	 Multiplicative Factor: 0%
	 Eff: 51782,28
	 DR Bracket: 3
	 Base: 20%
	 Effective Percent: 78,46%
Vers
	 Rating: 3668
	 Multiplicative Factor: 0%
	 Eff: 6008
	 DR Bracket: 0
	 Base: 3%
	 Effective Percent: 7,7%
Leech
	 Rating: 3060
	 Multiplicative Factor: 0%
	 Eff: 3060
	 DR Bracket: 0
	 Base: 0%
	 Effective Percent: 3%
Avoidance
	 Rating: 0
	 Multiplicative Factor: 0%
	 Eff: 0
	 DR Bracket: 0
	 Base: 0%
	 Effective Percent: 0%
Mastery
	 Rating: 11457
	 Multiplicative Factor: 0%
	 Eff: 18457
	 DR Bracket: 0
	 Base: 7,28%
	 Effective Percent: 19,2%
----------------------
02:21,153

Intellect
	 Rating: 135064
	 Multiplicative Factor: 8,15%
	 Eff: 135063,99999999997
Stamina
	 Rating: 791229
	 Multiplicative Factor: 9,2%
	 Eff: 791229,0920000002
Crit
	 Rating: 10844
	 Multiplicative Factor: 0%
	 Eff: 14344
	 DR Bracket: 0
	 Base: 5%
	 Effective Percent: 20,49%
	 Crit Inc Heal: 2
	 Crit Inc Damage: 2
Haste
	 Rating: 34617
	 Multiplicative Factor: 0%
	 Eff: 57671,39399999999
	 DR Bracket: 3
	 Base: 26%
	 Effective Percent: 87,38%
Vers
	 Rating: 3668
	 Multiplicative Factor: 0%
	 Eff: 6008
	 DR Bracket: 0
	 Base: 3%
	 Effective Percent: 7,7%
Leech
	 Rating: 3060
	 Multiplicative Factor: 0%
	 Eff: 3060
	 DR Bracket: 0
	 Base: 0%
	 Effective Percent: 3%
Avoidance
	 Rating: 0
	 Multiplicative Factor: 0%
	 Eff: 0
	 DR Bracket: 0
	 Base: 0%
	 Effective Percent: 0%
Mastery
	 Rating: 11457
	 Multiplicative Factor: 0%
	 Eff: 18457
	 DR Bracket: 0
	 Base: 7,28%
	 Effective Percent: 19,2%
----------------------
02:26,181

Intellect
	 Rating: 135064
	 Multiplicative Factor: 8,15%
	 Eff: 135063,99999999997
Stamina
	 Rating: 791229
	 Multiplicative Factor: 9,2%
	 Eff: 791229,0920000002
Crit
	 Rating: 10844
	 Multiplicative Factor: 0%
	 Eff: 18544
	 DR Bracket: 0
	 Base: 11%
	 Effective Percent: 26,49%
	 Crit Inc Heal: 2
	 Crit Inc Damage: 2
Haste
	 Rating: 34617
	 Multiplicative Factor: 0%
	 Eff: 32151,899999999994
	 DR Bracket: 3
	 Base: 0%
	 Effective Percent: 48,71%
Vers
	 Rating: 3668
	 Multiplicative Factor: 0%
	 Eff: 6008
	 DR Bracket: 0
	 Base: 3%
	 Effective Percent: 7,7%
Leech
	 Rating: 3060
	 Multiplicative Factor: 0%
	 Eff: 3060
	 DR Bracket: 0
	 Base: 0%
	 Effective Percent: 3%
Avoidance
	 Rating: 0
	 Multiplicative Factor: 0%
	 Eff: 0
	 DR Bracket: 0
	 Base: 0%
	 Effective Percent: 0%
Mastery
	 Rating: 11457
	 Multiplicative Factor: 0%
	 Eff: 18457
	 DR Bracket: 0
	 Base: 7,28%
	 Effective Percent: 19,2%
----------------------
02:31,205

Intellect
	 Rating: 135064
	 Multiplicative Factor: 8,15%
	 Eff: 135063,99999999997
Stamina
	 Rating: 791229
	 Multiplicative Factor: 9,2%
	 Eff: 791229,0920000002
Crit
	 Rating: 10844
	 Multiplicative Factor: 0%
	 Eff: 18544
	 DR Bracket: 0
	 Base: 11%
	 Effective Percent: 26,49%
	 Crit Inc Heal: 2
	 Crit Inc Damage: 2
Haste
	 Rating: 34617
	 Multiplicative Factor: 0%
	 Eff: 32151,899999999994
	 DR Bracket: 3
	 Base: 0%
	 Effective Percent: 48,71%
Vers
	 Rating: 3668
	 Multiplicative Factor: 0%
	 Eff: 6008
	 DR Bracket: 0
	 Base: 3%
	 Effective Percent: 7,7%
Leech
	 Rating: 3060
	 Multiplicative Factor: 0%
	 Eff: 3060
	 DR Bracket: 0
	 Base: 0%
	 Effective Percent: 3%
Avoidance
	 Rating: 0
	 Multiplicative Factor: 0%
	 Eff: 0
	 DR Bracket: 0
	 Base: 0%
	 Effective Percent: 0%
Mastery
	 Rating: 11457
	 Multiplicative Factor: 0%
	 Eff: 18457
	 DR Bracket: 0
	 Base: 7,28%
	 Effective Percent: 19,2%
----------------------
02:36,238

Intellect
	 Rating: 135064
	 Multiplicative Factor: 8,15%
	 Eff: 135063,99999999997
Stamina
	 Rating: 791229
	 Multiplicative Factor: 9,2%
	 Eff: 791229,0920000002
Crit
	 Rating: 10844
	 Multiplicative Factor: 0%
	 Eff: 14344
	 DR Bracket: 0
	 Base: 5%
	 Effective Percent: 20,49%
	 Crit Inc Heal: 2
	 Crit Inc Damage: 2
Haste
	 Rating: 34617
	 Multiplicative Factor: 0%
	 Eff: 38041,013999999996
	 DR Bracket: 3
	 Base: 6%
	 Effective Percent: 57,64%
Vers
	 Rating: 3668
	 Multiplicative Factor: 0%
	 Eff: 6008
	 DR Bracket: 0
	 Base: 3%
	 Effective Percent: 7,7%
Leech
	 Rating: 3060
	 Multiplicative Factor: 0%
	 Eff: 3060
	 DR Bracket: 0
	 Base: 0%
	 Effective Percent: 3%
Avoidance
	 Rating: 0
	 Multiplicative Factor: 0%
	 Eff: 0
	 DR Bracket: 0
	 Base: 0%
	 Effective Percent: 0%
Mastery
	 Rating: 11457
	 Multiplicative Factor: 0%
	 Eff: 18457
	 DR Bracket: 0
	 Base: 7,28%
	 Effective Percent: 19,2%
----------------------
02:41,273

Intellect
	 Rating: 135064
	 Multiplicative Factor: 8,15%
	 Eff: 135063,99999999997
Stamina
	 Rating: 791229
	 Multiplicative Factor: 9,2%
	 Eff: 791229,0920000002
Crit
	 Rating: 10844
	 Multiplicative Factor: 0%
	 Eff: 18544
	 DR Bracket: 0
	 Base: 11%
	 Effective Percent: 26,49%
	 Crit Inc Heal: 2
	 Crit Inc Damage: 2
Haste
	 Rating: 34617
	 Multiplicative Factor: 0%
	 Eff: 32151,899999999994
	 DR Bracket: 3
	 Base: 0%
	 Effective Percent: 48,71%
Vers
	 Rating: 3668
	 Multiplicative Factor: 0%
	 Eff: 6008
	 DR Bracket: 0
	 Base: 3%
	 Effective Percent: 7,7%
Leech
	 Rating: 3060
	 Multiplicative Factor: 0%
	 Eff: 3060
	 DR Bracket: 0
	 Base: 0%
	 Effective Percent: 3%
Avoidance
	 Rating: 0
	 Multiplicative Factor: 0%
	 Eff: 0
	 DR Bracket: 0
	 Base: 0%
	 Effective Percent: 0%
Mastery
	 Rating: 11457
	 Multiplicative Factor: 0%
	 Eff: 18457
	 DR Bracket: 0
	 Base: 7,28%
	 Effective Percent: 19,2%
----------------------
02:46,281

Intellect
	 Rating: 135064
	 Multiplicative Factor: 8,15%
	 Eff: 135063,99999999997
Stamina
	 Rating: 791229
	 Multiplicative Factor: 9,2%
	 Eff: 791229,0920000002
Crit
	 Rating: 10844
	 Multiplicative Factor: 0%
	 Eff: 14344
	 DR Bracket: 0
	 Base: 5%
	 Effective Percent: 20,49%
	 Crit Inc Heal: 2
	 Crit Inc Damage: 2
Haste
	 Rating: 34617
	 Multiplicative Factor: 0%
	 Eff: 38041,013999999996
	 DR Bracket: 3
	 Base: 6%
	 Effective Percent: 57,64%
Vers
	 Rating: 3668
	 Multiplicative Factor: 0%
	 Eff: 6008
	 DR Bracket: 0
	 Base: 3%
	 Effective Percent: 7,7%
Leech
	 Rating: 3060
	 Multiplicative Factor: 0%
	 Eff: 3060
	 DR Bracket: 0
	 Base: 0%
	 Effective Percent: 3%
Avoidance
	 Rating: 0
	 Multiplicative Factor: 0%
	 Eff: 0
	 DR Bracket: 0
	 Base: 0%
	 Effective Percent: 0%
Mastery
	 Rating: 11457
	 Multiplicative Factor: 0%
	 Eff: 18457
	 DR Bracket: 0
	 Base: 7,28%
	 Effective Percent: 19,2%
----------------------
02:51,354

Intellect
	 Rating: 135064
	 Multiplicative Factor: 8,15%
	 Eff: 135063,99999999997
Stamina
	 Rating: 791229
	 Multiplicative Factor: 9,2%
	 Eff: 791229,0920000002
Crit
	 Rating: 10844
	 Multiplicative Factor: 0%
	 Eff: 18544
	 DR Bracket: 0
	 Base: 11%
	 Effective Percent: 26,49%
	 Crit Inc Heal: 2
	 Crit Inc Damage: 2
Haste
	 Rating: 34617
	 Multiplicative Factor: 0%
	 Eff: 32151,899999999994
	 DR Bracket: 3
	 Base: 0%
	 Effective Percent: 48,71%
Vers
	 Rating: 3668
	 Multiplicative Factor: 0%
	 Eff: 6008
	 DR Bracket: 0
	 Base: 3%
	 Effective Percent: 7,7%
Leech
	 Rating: 3060
	 Multiplicative Factor: 0%
	 Eff: 3060
	 DR Bracket: 0
	 Base: 0%
	 Effective Percent: 3%
Avoidance
	 Rating: 0
	 Multiplicative Factor: 0%
	 Eff: 0
	 DR Bracket: 0
	 Base: 0%
	 Effective Percent: 0%
Mastery
	 Rating: 11457
	 Multiplicative Factor: 0%
	 Eff: 18457
	 DR Bracket: 0
	 Base: 7,28%
	 Effective Percent: 19,2%
----------------------
02:56,364

Intellect
	 Rating: 135064
	 Multiplicative Factor: 8,15%
	 Eff: 135063,99999999997
Stamina
	 Rating: 791229
	 Multiplicative Factor: 9,2%
	 Eff: 791229,0920000002
Crit
	 Rating: 10844
	 Multiplicative Factor: 0%
	 Eff: 18544
	 DR Bracket: 0
	 Base: 11%
	 Effective Percent: 26,49%
	 Crit Inc Heal: 2
	 Crit Inc Damage: 2
Haste
	 Rating: 34617
	 Multiplicative Factor: 0%
	 Eff: 32151,899999999994
	 DR Bracket: 3
	 Base: 0%
	 Effective Percent: 48,71%
Vers
	 Rating: 3668
	 Multiplicative Factor: 0%
	 Eff: 6008
	 DR Bracket: 0
	 Base: 3%
	 Effective Percent: 7,7%
Leech
	 Rating: 3060
	 Multiplicative Factor: 0%
	 Eff: 3060
	 DR Bracket: 0
	 Base: 0%
	 Effective Percent: 3%
Avoidance
	 Rating: 0
	 Multiplicative Factor: 0%
	 Eff: 0
	 DR Bracket: 0
	 Base: 0%
	 Effective Percent: 0%
Mastery
	 Rating: 11457
	 Multiplicative Factor: 0%
	 Eff: 18457
	 DR Bracket: 0
	 Base: 7,28%
	 Effective Percent: 19,2%
----------------------
03:01,399

Intellect
	 Rating: 135064
	 Multiplicative Factor: 8,15%
	 Eff: 135063,99999999997
Stamina
	 Rating: 791229
	 Multiplicative Factor: 9,2%
	 Eff: 791229,0920000002
Crit
	 Rating: 10844
	 Multiplicative Factor: 0%
	 Eff: 18544
	 DR Bracket: 0
	 Base: 11%
	 Effective Percent: 26,49%
	 Crit Inc Heal: 2
	 Crit Inc Damage: 2
Haste
	 Rating: 34617
	 Multiplicative Factor: 0%
	 Eff: 32151,899999999994
	 DR Bracket: 3
	 Base: 0%
	 Effective Percent: 48,71%
Vers
	 Rating: 3668
	 Multiplicative Factor: 0%
	 Eff: 6008
	 DR Bracket: 0
	 Base: 3%
	 Effective Percent: 7,7%
Leech
	 Rating: 3060
	 Multiplicative Factor: 0%
	 Eff: 3060
	 DR Bracket: 0
	 Base: 0%
	 Effective Percent: 3%
Avoidance
	 Rating: 0
	 Multiplicative Factor: 0%
	 Eff: 0
	 DR Bracket: 0
	 Base: 0%
	 Effective Percent: 0%
Mastery
	 Rating: 11457
	 Multiplicative Factor: 0%
	 Eff: 18457
	 DR Bracket: 0
	 Base: 7,28%
	 Effective Percent: 19,2%
----------------------
03:06,549

Intellect
	 Rating: 135064
	 Multiplicative Factor: 8,15%
	 Eff: 135063,99999999997
Stamina
	 Rating: 791229
	 Multiplicative Factor: 9,2%
	 Eff: 791229,0920000002
Crit
	 Rating: 10844
	 Multiplicative Factor: 0%
	 Eff: 18544
	 DR Bracket: 0
	 Base: 11%
	 Effective Percent: 26,49%
	 Crit Inc Heal: 2
	 Crit Inc Damage: 2
Haste
	 Rating: 34617
	 Multiplicative Factor: 0%
	 Eff: 32151,899999999994
	 DR Bracket: 3
	 Base: 0%
	 Effective Percent: 48,71%
Vers
	 Rating: 3668
	 Multiplicative Factor: 0%
	 Eff: 6008
	 DR Bracket: 0
	 Base: 3%
	 Effective Percent: 7,7%
Leech
	 Rating: 3060
	 Multiplicative Factor: 0%
	 Eff: 3060
	 DR Bracket: 0
	 Base: 0%
	 Effective Percent: 3%
Avoidance
	 Rating: 0
	 Multiplicative Factor: 0%
	 Eff: 0
	 DR Bracket: 0
	 Base: 0%
	 Effective Percent: 0%
Mastery
	 Rating: 11457
	 Multiplicative Factor: 0%
	 Eff: 18457
	 DR Bracket: 0
	 Base: 7,28%
	 Effective Percent: 19,2%
----------------------
03:11,647

Intellect
	 Rating: 135064
	 Multiplicative Factor: 8,15%
	 Eff: 135063,99999999997
Stamina
	 Rating: 791229
	 Multiplicative Factor: 9,2%
	 Eff: 791229,0920000002
Crit
	 Rating: 10844
	 Multiplicative Factor: 0%
	 Eff: 18544
	 DR Bracket: 0
	 Base: 11%
	 Effective Percent: 26,49%
	 Crit Inc Heal: 2
	 Crit Inc Damage: 2
Haste
	 Rating: 34617
	 Multiplicative Factor: 0%
	 Eff: 32151,899999999994
	 DR Bracket: 3
	 Base: 0%
	 Effective Percent: 48,71%
Vers
	 Rating: 3668
	 Multiplicative Factor: 0%
	 Eff: 6008
	 DR Bracket: 0
	 Base: 3%
	 Effective Percent: 7,7%
Leech
	 Rating: 3060
	 Multiplicative Factor: 0%
	 Eff: 3060
	 DR Bracket: 0
	 Base: 0%
	 Effective Percent: 3%
Avoidance
	 Rating: 0
	 Multiplicative Factor: 0%
	 Eff: 0
	 DR Bracket: 0
	 Base: 0%
	 Effective Percent: 0%
Mastery
	 Rating: 11457
	 Multiplicative Factor: 0%
	 Eff: 18457
	 DR Bracket: 0
	 Base: 7,28%
	 Effective Percent: 19,2%
----------------------
03:16,687

Intellect
	 Rating: 135064
	 Multiplicative Factor: 8,15%
	 Eff: 135063,99999999997
Stamina
	 Rating: 791229
	 Multiplicative Factor: 9,2%
	 Eff: 791229,0920000002
Crit
	 Rating: 10844
	 Multiplicative Factor: 0%
	 Eff: 18544
	 DR Bracket: 0
	 Base: 11%
	 Effective Percent: 26,49%
	 Crit Inc Heal: 2
	 Crit Inc Damage: 2
Haste
	 Rating: 34617
	 Multiplicative Factor: 0%
	 Eff: 32151,899999999994
	 DR Bracket: 3
	 Base: 0%
	 Effective Percent: 48,71%
Vers
	 Rating: 3668
	 Multiplicative Factor: 0%
	 Eff: 6008
	 DR Bracket: 0
	 Base: 3%
	 Effective Percent: 7,7%
Leech
	 Rating: 3060
	 Multiplicative Factor: 0%
	 Eff: 3060
	 DR Bracket: 0
	 Base: 0%
	 Effective Percent: 3%
Avoidance
	 Rating: 0
	 Multiplicative Factor: 0%
	 Eff: 0
	 DR Bracket: 0
	 Base: 0%
	 Effective Percent: 0%
Mastery
	 Rating: 11457
	 Multiplicative Factor: 0%
	 Eff: 18457
	 DR Bracket: 0
	 Base: 7,28%
	 Effective Percent: 19,2%
----------------------
03:21,693

Intellect
	 Rating: 135064
	 Multiplicative Factor: 8,15%
	 Eff: 135063,99999999997
Stamina
	 Rating: 791229
	 Multiplicative Factor: 9,2%
	 Eff: 791229,0920000002
Crit
	 Rating: 10844
	 Multiplicative Factor: 0%
	 Eff: 18544
	 DR Bracket: 0
	 Base: 11%
	 Effective Percent: 26,49%
	 Crit Inc Heal: 2
	 Crit Inc Damage: 2
Haste
	 Rating: 34617
	 Multiplicative Factor: 0%
	 Eff: 32151,899999999994
	 DR Bracket: 3
	 Base: 0%
	 Effective Percent: 48,71%
Vers
	 Rating: 3668
	 Multiplicative Factor: 0%
	 Eff: 6008
	 DR Bracket: 0
	 Base: 3%
	 Effective Percent: 7,7%
Leech
	 Rating: 3060
	 Multiplicative Factor: 0%
	 Eff: 3060
	 DR Bracket: 0
	 Base: 0%
	 Effective Percent: 3%
Avoidance
	 Rating: 0
	 Multiplicative Factor: 0%
	 Eff: 0
	 DR Bracket: 0
	 Base: 0%
	 Effective Percent: 0%
Mastery
	 Rating: 11457
	 Multiplicative Factor: 0%
	 Eff: 18457
	 DR Bracket: 0
	 Base: 7,28%
	 Effective Percent: 19,2%
----------------------
03:26,696

Intellect
	 Rating: 135064
	 Multiplicative Factor: 8,15%
	 Eff: 135063,99999999997
Stamina
	 Rating: 791229
	 Multiplicative Factor: 9,2%
	 Eff: 791229,0920000002
Crit
	 Rating: 10844
	 Multiplicative Factor: 0%
	 Eff: 18544
	 DR Bracket: 0
	 Base: 11%
	 Effective Percent: 26,49%
	 Crit Inc Heal: 2
	 Crit Inc Damage: 2
Haste
	 Rating: 34617
	 Multiplicative Factor: 0%
	 Eff: 32151,899999999994
	 DR Bracket: 3
	 Base: 0%
	 Effective Percent: 48,71%
Vers
	 Rating: 3668
	 Multiplicative Factor: 0%
	 Eff: 6008
	 DR Bracket: 0
	 Base: 3%
	 Effective Percent: 7,7%
Leech
	 Rating: 3060
	 Multiplicative Factor: 0%
	 Eff: 3060
	 DR Bracket: 0
	 Base: 0%
	 Effective Percent: 3%
Avoidance
	 Rating: 0
	 Multiplicative Factor: 0%
	 Eff: 0
	 DR Bracket: 0
	 Base: 0%
	 Effective Percent: 0%
Mastery
	 Rating: 11457
	 Multiplicative Factor: 0%
	 Eff: 18457
	 DR Bracket: 0
	 Base: 7,28%
	 Effective Percent: 19,2%
----------------------
03:31,923

Intellect
	 Rating: 135064
	 Multiplicative Factor: 8,15%
	 Eff: 135063,99999999997
Stamina
	 Rating: 791229
	 Multiplicative Factor: 9,2%
	 Eff: 791229,0920000002
Crit
	 Rating: 10844
	 Multiplicative Factor: 0%
	 Eff: 18544
	 DR Bracket: 0
	 Base: 11%
	 Effective Percent: 26,49%
	 Crit Inc Heal: 2
	 Crit Inc Damage: 2
Haste
	 Rating: 34617
	 Multiplicative Factor: 0%
	 Eff: 32151,899999999994
	 DR Bracket: 3
	 Base: 0%
	 Effective Percent: 48,71%
Vers
	 Rating: 3668
	 Multiplicative Factor: 0%
	 Eff: 6008
	 DR Bracket: 0
	 Base: 3%
	 Effective Percent: 7,7%
Leech
	 Rating: 3060
	 Multiplicative Factor: 0%
	 Eff: 3060
	 DR Bracket: 0
	 Base: 0%
	 Effective Percent: 3%
Avoidance
	 Rating: 0
	 Multiplicative Factor: 0%
	 Eff: 0
	 DR Bracket: 0
	 Base: 0%
	 Effective Percent: 0%
Mastery
	 Rating: 11457
	 Multiplicative Factor: 0%
	 Eff: 18457
	 DR Bracket: 0
	 Base: 7,28%
	 Effective Percent: 19,2%
----------------------
03:36,934

Intellect
	 Rating: 135064
	 Multiplicative Factor: 8,15%
	 Eff: 135063,99999999997
Stamina
	 Rating: 791229
	 Multiplicative Factor: 9,2%
	 Eff: 791229,0920000002
Crit
	 Rating: 10844
	 Multiplicative Factor: 0%
	 Eff: 18544
	 DR Bracket: 0
	 Base: 11%
	 Effective Percent: 26,49%
	 Crit Inc Heal: 2
	 Crit Inc Damage: 2
Haste
	 Rating: 34617
	 Multiplicative Factor: 0%
	 Eff: 32151,899999999994
	 DR Bracket: 3
	 Base: 0%
	 Effective Percent: 48,71%
Vers
	 Rating: 3668
	 Multiplicative Factor: 0%
	 Eff: 6008
	 DR Bracket: 0
	 Base: 3%
	 Effective Percent: 7,7%
Leech
	 Rating: 3060
	 Multiplicative Factor: 0%
	 Eff: 3060
	 DR Bracket: 0
	 Base: 0%
	 Effective Percent: 3%
Avoidance
	 Rating: 0
	 Multiplicative Factor: 0%
	 Eff: 0
	 DR Bracket: 0
	 Base: 0%
	 Effective Percent: 0%
Mastery
	 Rating: 11457
	 Multiplicative Factor: 0%
	 Eff: 18457
	 DR Bracket: 0
	 Base: 7,28%
	 Effective Percent: 19,2%
----------------------
03:42,136

Intellect
	 Rating: 135064
	 Multiplicative Factor: 8,15%
	 Eff: 135063,99999999997
Stamina
	 Rating: 791229
	 Multiplicative Factor: 9,2%
	 Eff: 791229,0920000002
Crit
	 Rating: 10844
	 Multiplicative Factor: 0%
	 Eff: 14344
	 DR Bracket: 0
	 Base: 5%
	 Effective Percent: 20,49%
	 Crit Inc Heal: 2
	 Crit Inc Damage: 2
Haste
	 Rating: 34617
	 Multiplicative Factor: 0%
	 Eff: 38041,013999999996
	 DR Bracket: 3
	 Base: 6%
	 Effective Percent: 57,64%
Vers
	 Rating: 3668
	 Multiplicative Factor: 0%
	 Eff: 6008
	 DR Bracket: 0
	 Base: 3%
	 Effective Percent: 7,7%
Leech
	 Rating: 3060
	 Multiplicative Factor: 0%
	 Eff: 3060
	 DR Bracket: 0
	 Base: 0%
	 Effective Percent: 3%
Avoidance
	 Rating: 0
	 Multiplicative Factor: 0%
	 Eff: 0
	 DR Bracket: 0
	 Base: 0%
	 Effective Percent: 0%
Mastery
	 Rating: 11457
	 Multiplicative Factor: 0%
	 Eff: 18457
	 DR Bracket: 0
	 Base: 7,28%
	 Effective Percent: 19,2%
----------------------
03:47,139

Intellect
	 Rating: 135064
	 Multiplicative Factor: 8,15%
	 Eff: 135063,99999999997
Stamina
	 Rating: 791229
	 Multiplicative Factor: 9,2%
	 Eff: 791229,0920000002
Crit
	 Rating: 10844
	 Multiplicative Factor: 0%
	 Eff: 18544
	 DR Bracket: 0
	 Base: 11%
	 Effective Percent: 26,49%
	 Crit Inc Heal: 2
	 Crit Inc Damage: 2
Haste
	 Rating: 34617
	 Multiplicative Factor: 0%
	 Eff: 32151,899999999994
	 DR Bracket: 3
	 Base: 0%
	 Effective Percent: 48,71%
Vers
	 Rating: 3668
	 Multiplicative Factor: 0%
	 Eff: 6008
	 DR Bracket: 0
	 Base: 3%
	 Effective Percent: 7,7%
Leech
	 Rating: 3060
	 Multiplicative Factor: 0%
	 Eff: 3060
	 DR Bracket: 0
	 Base: 0%
	 Effective Percent: 3%
Avoidance
	 Rating: 0
	 Multiplicative Factor: 0%
	 Eff: 0
	 DR Bracket: 0
	 Base: 0%
	 Effective Percent: 0%
Mastery
	 Rating: 11457
	 Multiplicative Factor: 0%
	 Eff: 18457
	 DR Bracket: 0
	 Base: 7,28%
	 Effective Percent: 19,2%
----------------------
03:52,247

Intellect
	 Rating: 135064
	 Multiplicative Factor: 8,15%
	 Eff: 135063,99999999997
Stamina
	 Rating: 791229
	 Multiplicative Factor: 9,2%
	 Eff: 791229,0920000002
Crit
	 Rating: 10844
	 Multiplicative Factor: 0%
	 Eff: 18544
	 DR Bracket: 0
	 Base: 11%
	 Effective Percent: 26,49%
	 Crit Inc Heal: 2
	 Crit Inc Damage: 2
Haste
	 Rating: 34617
	 Multiplicative Factor: 0%
	 Eff: 32151,899999999994
	 DR Bracket: 3
	 Base: 0%
	 Effective Percent: 48,71%
Vers
	 Rating: 3668
	 Multiplicative Factor: 0%
	 Eff: 6008
	 DR Bracket: 0
	 Base: 3%
	 Effective Percent: 7,7%
Leech
	 Rating: 3060
	 Multiplicative Factor: 0%
	 Eff: 3060
	 DR Bracket: 0
	 Base: 0%
	 Effective Percent: 3%
Avoidance
	 Rating: 0
	 Multiplicative Factor: 0%
	 Eff: 0
	 DR Bracket: 0
	 Base: 0%
	 Effective Percent: 0%
Mastery
	 Rating: 11457
	 Multiplicative Factor: 0%
	 Eff: 18457
	 DR Bracket: 0
	 Base: 7,28%
	 Effective Percent: 19,2%
----------------------
03:57,985

Intellect
	 Rating: 135064
	 Multiplicative Factor: 8,15%
	 Eff: 135063,99999999997
Stamina
	 Rating: 791229
	 Multiplicative Factor: 9,2%
	 Eff: 791229,0920000002
Crit
	 Rating: 10844
	 Multiplicative Factor: 0%
	 Eff: 14344
	 DR Bracket: 0
	 Base: 5%
	 Effective Percent: 20,49%
	 Crit Inc Heal: 2
	 Crit Inc Damage: 2
Haste
	 Rating: 34617
	 Multiplicative Factor: 0%
	 Eff: 38041,013999999996
	 DR Bracket: 3
	 Base: 6%
	 Effective Percent: 57,64%
Vers
	 Rating: 3668
	 Multiplicative Factor: 0%
	 Eff: 6008
	 DR Bracket: 0
	 Base: 3%
	 Effective Percent: 7,7%
Leech
	 Rating: 3060
	 Multiplicative Factor: 0%
	 Eff: 3060
	 DR Bracket: 0
	 Base: 0%
	 Effective Percent: 3%
Avoidance
	 Rating: 0
	 Multiplicative Factor: 0%
	 Eff: 0
	 DR Bracket: 0
	 Base: 0%
	 Effective Percent: 0%
Mastery
	 Rating: 11457
	 Multiplicative Factor: 0%
	 Eff: 18457
	 DR Bracket: 0
	 Base: 7,28%
	 Effective Percent: 19,2%
----------------------
04:02,994

Intellect
	 Rating: 135064
	 Multiplicative Factor: 8,15%
	 Eff: 135063,99999999997
Stamina
	 Rating: 791229
	 Multiplicative Factor: 9,2%
	 Eff: 791229,0920000002
Crit
	 Rating: 10844
	 Multiplicative Factor: 0%
	 Eff: 14344
	 DR Bracket: 0
	 Base: 5%
	 Effective Percent: 20,49%
	 Crit Inc Heal: 2
	 Crit Inc Damage: 2
Haste
	 Rating: 34617
	 Multiplicative Factor: 0%
	 Eff: 32151,899999999994
	 DR Bracket: 3
	 Base: 0%
	 Effective Percent: 48,71%
Vers
	 Rating: 3668
	 Multiplicative Factor: 0%
	 Eff: 10688
	 DR Bracket: 0
	 Base: 9%
	 Effective Percent: 13,7%
Leech
	 Rating: 3060
	 Multiplicative Factor: 0%
	 Eff: 3060
	 DR Bracket: 0
	 Base: 0%
	 Effective Percent: 3%
Avoidance
	 Rating: 0
	 Multiplicative Factor: 0%
	 Eff: 0
	 DR Bracket: 0
	 Base: 0%
	 Effective Percent: 0%
Mastery
	 Rating: 11457
	 Multiplicative Factor: 0%
	 Eff: 18457
	 DR Bracket: 0
	 Base: 7,28%
	 Effective Percent: 19,2%
----------------------
04:08,044

Intellect
	 Rating: 135064
	 Multiplicative Factor: 8,15%
	 Eff: 135063,99999999997
Stamina
	 Rating: 791229
	 Multiplicative Factor: 9,2%
	 Eff: 791229,0920000002
Crit
	 Rating: 10844
	 Multiplicative Factor: 0%
	 Eff: 18544
	 DR Bracket: 0
	 Base: 11%
	 Effective Percent: 26,49%
	 Crit Inc Heal: 2
	 Crit Inc Damage: 2
Haste
	 Rating: 34617
	 Multiplicative Factor: 0%
	 Eff: 32151,899999999994
	 DR Bracket: 3
	 Base: 0%
	 Effective Percent: 48,71%
Vers
	 Rating: 3668
	 Multiplicative Factor: 0%
	 Eff: 6008
	 DR Bracket: 0
	 Base: 3%
	 Effective Percent: 7,7%
Leech
	 Rating: 3060
	 Multiplicative Factor: 0%
	 Eff: 3060
	 DR Bracket: 0
	 Base: 0%
	 Effective Percent: 3%
Avoidance
	 Rating: 0
	 Multiplicative Factor: 0%
	 Eff: 0
	 DR Bracket: 0
	 Base: 0%
	 Effective Percent: 0%
Mastery
	 Rating: 11457
	 Multiplicative Factor: 0%
	 Eff: 18457
	 DR Bracket: 0
	 Base: 7,28%
	 Effective Percent: 19,2%
----------------------
04:13,080

Intellect
	 Rating: 135064
	 Multiplicative Factor: 8,15%
	 Eff: 135063,99999999997
Stamina
	 Rating: 791229
	 Multiplicative Factor: 9,2%
	 Eff: 791229,0920000002
Crit
	 Rating: 10844
	 Multiplicative Factor: 0%
	 Eff: 18544
	 DR Bracket: 0
	 Base: 11%
	 Effective Percent: 26,49%
	 Crit Inc Heal: 2
	 Crit Inc Damage: 2
Haste
	 Rating: 34617
	 Multiplicative Factor: 0%
	 Eff: 32151,899999999994
	 DR Bracket: 3
	 Base: 0%
	 Effective Percent: 48,71%
Vers
	 Rating: 3668
	 Multiplicative Factor: 0%
	 Eff: 6008
	 DR Bracket: 0
	 Base: 3%
	 Effective Percent: 7,7%
Leech
	 Rating: 3060
	 Multiplicative Factor: 0%
	 Eff: 3060
	 DR Bracket: 0
	 Base: 0%
	 Effective Percent: 3%
Avoidance
	 Rating: 0
	 Multiplicative Factor: 0%
	 Eff: 0
	 DR Bracket: 0
	 Base: 0%
	 Effective Percent: 0%
Mastery
	 Rating: 11457
	 Multiplicative Factor: 0%
	 Eff: 18457
	 DR Bracket: 0
	 Base: 7,28%
	 Effective Percent: 19,2%
----------------------
04:18,100

Intellect
	 Rating: 135064
	 Multiplicative Factor: 8,15%
	 Eff: 135063,99999999997
Stamina
	 Rating: 791229
	 Multiplicative Factor: 9,2%
	 Eff: 791229,0920000002
Crit
	 Rating: 10844
	 Multiplicative Factor: 0%
	 Eff: 14344
	 DR Bracket: 0
	 Base: 5%
	 Effective Percent: 20,49%
	 Crit Inc Heal: 2
	 Crit Inc Damage: 2
Haste
	 Rating: 34617
	 Multiplicative Factor: 0%
	 Eff: 57671,39399999999
	 DR Bracket: 3
	 Base: 26%
	 Effective Percent: 87,38%
Vers
	 Rating: 3668
	 Multiplicative Factor: 0%
	 Eff: 6008
	 DR Bracket: 0
	 Base: 3%
	 Effective Percent: 7,7%
Leech
	 Rating: 3060
	 Multiplicative Factor: 0%
	 Eff: 3060
	 DR Bracket: 0
	 Base: 0%
	 Effective Percent: 3%
Avoidance
	 Rating: 0
	 Multiplicative Factor: 0%
	 Eff: 0
	 DR Bracket: 0
	 Base: 0%
	 Effective Percent: 0%
Mastery
	 Rating: 11457
	 Multiplicative Factor: 0%
	 Eff: 18457
	 DR Bracket: 0
	 Base: 7,28%
	 Effective Percent: 19,2%
----------------------
04:23,121

Intellect
	 Rating: 135064
	 Multiplicative Factor: 8,15%
	 Eff: 135063,99999999997
Stamina
	 Rating: 791229
	 Multiplicative Factor: 9,2%
	 Eff: 791229,0920000002
Crit
	 Rating: 10844
	 Multiplicative Factor: 0%
	 Eff: 14344
	 DR Bracket: 0
	 Base: 5%
	 Effective Percent: 20,49%
	 Crit Inc Heal: 2
	 Crit Inc Damage: 2
Haste
	 Rating: 34617
	 Multiplicative Factor: 0%
	 Eff: 57671,39399999999
	 DR Bracket: 3
	 Base: 26%
	 Effective Percent: 87,38%
Vers
	 Rating: 3668
	 Multiplicative Factor: 0%
	 Eff: 6008
	 DR Bracket: 0
	 Base: 3%
	 Effective Percent: 7,7%
Leech
	 Rating: 3060
	 Multiplicative Factor: 0%
	 Eff: 3060
	 DR Bracket: 0
	 Base: 0%
	 Effective Percent: 3%
Avoidance
	 Rating: 0
	 Multiplicative Factor: 0%
	 Eff: 0
	 DR Bracket: 0
	 Base: 0%
	 Effective Percent: 0%
Mastery
	 Rating: 11457
	 Multiplicative Factor: 0%
	 Eff: 18457
	 DR Bracket: 0
	 Base: 7,28%
	 Effective Percent: 19,2%
----------------------
04:28,146

Intellect
	 Rating: 135064
	 Multiplicative Factor: 8,15%
	 Eff: 135063,99999999997
Stamina
	 Rating: 791229
	 Multiplicative Factor: 9,2%
	 Eff: 791229,0920000002
Crit
	 Rating: 10844
	 Multiplicative Factor: 0%
	 Eff: 18544
	 DR Bracket: 0
	 Base: 11%
	 Effective Percent: 26,49%
	 Crit Inc Heal: 2
	 Crit Inc Damage: 2
Haste
	 Rating: 34617
	 Multiplicative Factor: 0%
	 Eff: 51782,28
	 DR Bracket: 3
	 Base: 20%
	 Effective Percent: 78,46%
Vers
	 Rating: 3668
	 Multiplicative Factor: 0%
	 Eff: 6008
	 DR Bracket: 0
	 Base: 3%
	 Effective Percent: 7,7%
Leech
	 Rating: 3060
	 Multiplicative Factor: 0%
	 Eff: 3060
	 DR Bracket: 0
	 Base: 0%
	 Effective Percent: 3%
Avoidance
	 Rating: 0
	 Multiplicative Factor: 0%
	 Eff: 0
	 DR Bracket: 0
	 Base: 0%
	 Effective Percent: 0%
Mastery
	 Rating: 11457
	 Multiplicative Factor: 0%
	 Eff: 18457
	 DR Bracket: 0
	 Base: 7,28%
	 Effective Percent: 19,2%
----------------------
04:33,178

Intellect
	 Rating: 135064
	 Multiplicative Factor: 8,15%
	 Eff: 135063,99999999997
Stamina
	 Rating: 791229
	 Multiplicative Factor: 9,2%
	 Eff: 791229,0920000002
Crit
	 Rating: 10844
	 Multiplicative Factor: 0%
	 Eff: 14344
	 DR Bracket: 0
	 Base: 5%
	 Effective Percent: 20,49%
	 Crit Inc Heal: 2
	 Crit Inc Damage: 2
Haste
	 Rating: 34617
	 Multiplicative Factor: 0%
	 Eff: 38041,013999999996
	 DR Bracket: 3
	 Base: 6%
	 Effective Percent: 57,64%
Vers
	 Rating: 3668
	 Multiplicative Factor: 0%
	 Eff: 6008
	 DR Bracket: 0
	 Base: 3%
	 Effective Percent: 7,7%
Leech
	 Rating: 3060
	 Multiplicative Factor: 0%
	 Eff: 3060
	 DR Bracket: 0
	 Base: 0%
	 Effective Percent: 3%
Avoidance
	 Rating: 0
	 Multiplicative Factor: 0%
	 Eff: 0
	 DR Bracket: 0
	 Base: 0%
	 Effective Percent: 0%
Mastery
	 Rating: 11457
	 Multiplicative Factor: 0%
	 Eff: 18457
	 DR Bracket: 0
	 Base: 7,28%
	 Effective Percent: 19,2%
----------------------
04:38,235

Intellect
	 Rating: 135064
	 Multiplicative Factor: 8,15%
	 Eff: 135063,99999999997
Stamina
	 Rating: 791229
	 Multiplicative Factor: 9,2%
	 Eff: 791229,0920000002
Crit
	 Rating: 10844
	 Multiplicative Factor: 0%
	 Eff: 14344
	 DR Bracket: 0
	 Base: 5%
	 Effective Percent: 20,49%
	 Crit Inc Heal: 2
	 Crit Inc Damage: 2
Haste
	 Rating: 34617
	 Multiplicative Factor: 0%
	 Eff: 38041,013999999996
	 DR Bracket: 3
	 Base: 6%
	 Effective Percent: 57,64%
Vers
	 Rating: 3668
	 Multiplicative Factor: 0%
	 Eff: 6008
	 DR Bracket: 0
	 Base: 3%
	 Effective Percent: 7,7%
Leech
	 Rating: 3060
	 Multiplicative Factor: 0%
	 Eff: 3060
	 DR Bracket: 0
	 Base: 0%
	 Effective Percent: 3%
Avoidance
	 Rating: 0
	 Multiplicative Factor: 0%
	 Eff: 0
	 DR Bracket: 0
	 Base: 0%
	 Effective Percent: 0%
Mastery
	 Rating: 11457
	 Multiplicative Factor: 0%
	 Eff: 18457
	 DR Bracket: 0
	 Base: 7,28%
	 Effective Percent: 19,2%
----------------------
04:43,255

Intellect
	 Rating: 135064
	 Multiplicative Factor: 8,15%
	 Eff: 135063,99999999997
Stamina
	 Rating: 791229
	 Multiplicative Factor: 9,2%
	 Eff: 791229,0920000002
Crit
	 Rating: 10844
	 Multiplicative Factor: 0%
	 Eff: 14344
	 DR Bracket: 0
	 Base: 5%
	 Effective Percent: 20,49%
	 Crit Inc Heal: 2
	 Crit Inc Damage: 2
Haste
	 Rating: 34617
	 Multiplicative Factor: 0%
	 Eff: 38041,013999999996
	 DR Bracket: 3
	 Base: 6%
	 Effective Percent: 57,64%
Vers
	 Rating: 3668
	 Multiplicative Factor: 0%
	 Eff: 6008
	 DR Bracket: 0
	 Base: 3%
	 Effective Percent: 7,7%
Leech
	 Rating: 3060
	 Multiplicative Factor: 0%
	 Eff: 3060
	 DR Bracket: 0
	 Base: 0%
	 Effective Percent: 3%
Avoidance
	 Rating: 0
	 Multiplicative Factor: 0%
	 Eff: 0
	 DR Bracket: 0
	 Base: 0%
	 Effective Percent: 0%
Mastery
	 Rating: 11457
	 Multiplicative Factor: 0%
	 Eff: 18457
	 DR Bracket: 0
	 Base: 7,28%
	 Effective Percent: 19,2%
----------------------
04:48,262

Intellect
	 Rating: 135064
	 Multiplicative Factor: 8,15%
	 Eff: 135063,99999999997
Stamina
	 Rating: 791229
	 Multiplicative Factor: 9,2%
	 Eff: 791229,0920000002
Crit
	 Rating: 10844
	 Multiplicative Factor: 0%
	 Eff: 18544
	 DR Bracket: 0
	 Base: 11%
	 Effective Percent: 26,49%
	 Crit Inc Heal: 2
	 Crit Inc Damage: 2
Haste
	 Rating: 34617
	 Multiplicative Factor: 0%
	 Eff: 32151,899999999994
	 DR Bracket: 3
	 Base: 0%
	 Effective Percent: 48,71%
Vers
	 Rating: 3668
	 Multiplicative Factor: 0%
	 Eff: 6008
	 DR Bracket: 0
	 Base: 3%
	 Effective Percent: 7,7%
Leech
	 Rating: 3060
	 Multiplicative Factor: 0%
	 Eff: 3060
	 DR Bracket: 0
	 Base: 0%
	 Effective Percent: 3%
Avoidance
	 Rating: 0
	 Multiplicative Factor: 0%
	 Eff: 0
	 DR Bracket: 0
	 Base: 0%
	 Effective Percent: 0%
Mastery
	 Rating: 11457
	 Multiplicative Factor: 0%
	 Eff: 18457
	 DR Bracket: 0
	 Base: 7,28%
	 Effective Percent: 19,2%
----------------------
04:53,280

Intellect
	 Rating: 135064
	 Multiplicative Factor: 8,15%
	 Eff: 135063,99999999997
Stamina
	 Rating: 791229
	 Multiplicative Factor: 9,2%
	 Eff: 791229,0920000002
Crit
	 Rating: 10844
	 Multiplicative Factor: 0%
	 Eff: 18544
	 DR Bracket: 0
	 Base: 11%
	 Effective Percent: 26,49%
	 Crit Inc Heal: 2
	 Crit Inc Damage: 2
Haste
	 Rating: 34617
	 Multiplicative Factor: 0%
	 Eff: 32151,899999999994
	 DR Bracket: 3
	 Base: 0%
	 Effective Percent: 48,71%
Vers
	 Rating: 3668
	 Multiplicative Factor: 0%
	 Eff: 6008
	 DR Bracket: 0
	 Base: 3%
	 Effective Percent: 7,7%
Leech
	 Rating: 3060
	 Multiplicative Factor: 0%
	 Eff: 3060
	 DR Bracket: 0
	 Base: 0%
	 Effective Percent: 3%
Avoidance
	 Rating: 0
	 Multiplicative Factor: 0%
	 Eff: 0
	 DR Bracket: 0
	 Base: 0%
	 Effective Percent: 0%
Mastery
	 Rating: 11457
	 Multiplicative Factor: 0%
	 Eff: 18457
	 DR Bracket: 0
	 Base: 7,28%
	 Effective Percent: 19,2%
----------------------
04:58,282

Intellect
	 Rating: 135064
	 Multiplicative Factor: 8,15%
	 Eff: 135063,99999999997
Stamina
	 Rating: 791229
	 Multiplicative Factor: 9,2%
	 Eff: 791229,0920000002
Crit
	 Rating: 10844
	 Multiplicative Factor: 0%
	 Eff: 18544
	 DR Bracket: 0
	 Base: 11%
	 Effective Percent: 26,49%
	 Crit Inc Heal: 2
	 Crit Inc Damage: 2
Haste
	 Rating: 34617
	 Multiplicative Factor: 0%
	 Eff: 32151,899999999994
	 DR Bracket: 3
	 Base: 0%
	 Effective Percent: 48,71%
Vers
	 Rating: 3668
	 Multiplicative Factor: 0%
	 Eff: 6008
	 DR Bracket: 0
	 Base: 3%
	 Effective Percent: 7,7%
Leech
	 Rating: 3060
	 Multiplicative Factor: 0%
	 Eff: 3060
	 DR Bracket: 0
	 Base: 0%
	 Effective Percent: 3%
Avoidance
	 Rating: 0
	 Multiplicative Factor: 0%
	 Eff: 0
	 DR Bracket: 0
	 Base: 0%
	 Effective Percent: 0%
Mastery
	 Rating: 11457
	 Multiplicative Factor: 0%
	 Eff: 18457
	 DR Bracket: 0
	 Base: 7,28%
	 Effective Percent: 19,2%
----------------------
05:03,303

Intellect
	 Rating: 135064
	 Multiplicative Factor: 8,15%
	 Eff: 135063,99999999997
Stamina
	 Rating: 791229
	 Multiplicative Factor: 9,2%
	 Eff: 791229,0920000002
Crit
	 Rating: 10844
	 Multiplicative Factor: 0%
	 Eff: 18544
	 DR Bracket: 0
	 Base: 11%
	 Effective Percent: 26,49%
	 Crit Inc Heal: 2
	 Crit Inc Damage: 2
Haste
	 Rating: 34617
	 Multiplicative Factor: 0%
	 Eff: 32151,899999999994
	 DR Bracket: 3
	 Base: 0%
	 Effective Percent: 48,71%
Vers
	 Rating: 3668
	 Multiplicative Factor: 0%
	 Eff: 6008
	 DR Bracket: 0
	 Base: 3%
	 Effective Percent: 7,7%
Leech
	 Rating: 3060
	 Multiplicative Factor: 0%
	 Eff: 3060
	 DR Bracket: 0
	 Base: 0%
	 Effective Percent: 3%
Avoidance
	 Rating: 0
	 Multiplicative Factor: 0%
	 Eff: 0
	 DR Bracket: 0
	 Base: 0%
	 Effective Percent: 0%
Mastery
	 Rating: 11457
	 Multiplicative Factor: 0%
	 Eff: 18457
	 DR Bracket: 0
	 Base: 7,28%
	 Effective Percent: 19,2%
----------------------
05:08,454

Intellect
	 Rating: 135064
	 Multiplicative Factor: 8,15%
	 Eff: 135063,99999999997
Stamina
	 Rating: 791229
	 Multiplicative Factor: 9,2%
	 Eff: 791229,0920000002
Crit
	 Rating: 10844
	 Multiplicative Factor: 0%
	 Eff: 18544
	 DR Bracket: 0
	 Base: 11%
	 Effective Percent: 26,49%
	 Crit Inc Heal: 2
	 Crit Inc Damage: 2
Haste
	 Rating: 34617
	 Multiplicative Factor: 0%
	 Eff: 32151,899999999994
	 DR Bracket: 3
	 Base: 0%
	 Effective Percent: 48,71%
Vers
	 Rating: 3668
	 Multiplicative Factor: 0%
	 Eff: 6008
	 DR Bracket: 0
	 Base: 3%
	 Effective Percent: 7,7%
Leech
	 Rating: 3060
	 Multiplicative Factor: 0%
	 Eff: 3060
	 DR Bracket: 0
	 Base: 0%
	 Effective Percent: 3%
Avoidance
	 Rating: 0
	 Multiplicative Factor: 0%
	 Eff: 0
	 DR Bracket: 0
	 Base: 0%
	 Effective Percent: 0%
Mastery
	 Rating: 11457
	 Multiplicative Factor: 0%
	 Eff: 18457
	 DR Bracket: 0
	 Base: 7,28%
	 Effective Percent: 19,2%
----------------------
05:13,513

Intellect
	 Rating: 135064
	 Multiplicative Factor: 8,15%
	 Eff: 135063,99999999997
Stamina
	 Rating: 791229
	 Multiplicative Factor: 9,2%
	 Eff: 791229,0920000002
Crit
	 Rating: 10844
	 Multiplicative Factor: 0%
	 Eff: 18544
	 DR Bracket: 0
	 Base: 11%
	 Effective Percent: 26,49%
	 Crit Inc Heal: 2
	 Crit Inc Damage: 2
Haste
	 Rating: 34617
	 Multiplicative Factor: 0%
	 Eff: 32151,899999999994
	 DR Bracket: 3
	 Base: 0%
	 Effective Percent: 48,71%
Vers
	 Rating: 3668
	 Multiplicative Factor: 0%
	 Eff: 6008
	 DR Bracket: 0
	 Base: 3%
	 Effective Percent: 7,7%
Leech
	 Rating: 3060
	 Multiplicative Factor: 0%
	 Eff: 3060
	 DR Bracket: 0
	 Base: 0%
	 Effective Percent: 3%
Avoidance
	 Rating: 0
	 Multiplicative Factor: 0%
	 Eff: 0
	 DR Bracket: 0
	 Base: 0%
	 Effective Percent: 0%
Mastery
	 Rating: 11457
	 Multiplicative Factor: 0%
	 Eff: 18457
	 DR Bracket: 0
	 Base: 7,28%
	 Effective Percent: 19,2%
----------------------
05:18,520

Intellect
	 Rating: 135064
	 Multiplicative Factor: 8,15%
	 Eff: 135063,99999999997
Stamina
	 Rating: 791229
	 Multiplicative Factor: 9,2%
	 Eff: 791229,0920000002
Crit
	 Rating: 10844
	 Multiplicative Factor: 0%
	 Eff: 14344
	 DR Bracket: 0
	 Base: 5%
	 Effective Percent: 20,49%
	 Crit Inc Heal: 2
	 Crit Inc Damage: 2
Haste
	 Rating: 34617
	 Multiplicative Factor: 0%
	 Eff: 38041,013999999996
	 DR Bracket: 3
	 Base: 6%
	 Effective Percent: 57,64%
Vers
	 Rating: 3668
	 Multiplicative Factor: 0%
	 Eff: 6008
	 DR Bracket: 0
	 Base: 3%
	 Effective Percent: 7,7%
Leech
	 Rating: 3060
	 Multiplicative Factor: 0%
	 Eff: 3060
	 DR Bracket: 0
	 Base: 0%
	 Effective Percent: 3%
Avoidance
	 Rating: 0
	 Multiplicative Factor: 0%
	 Eff: 0
	 DR Bracket: 0
	 Base: 0%
	 Effective Percent: 0%
Mastery
	 Rating: 11457
	 Multiplicative Factor: 0%
	 Eff: 18457
	 DR Bracket: 0
	 Base: 7,28%
	 Effective Percent: 19,2%
----------------------
05:23,541

Intellect
	 Rating: 135064
	 Multiplicative Factor: 8,15%
	 Eff: 135063,99999999997
Stamina
	 Rating: 791229
	 Multiplicative Factor: 9,2%
	 Eff: 791229,0920000002
Crit
	 Rating: 10844
	 Multiplicative Factor: 0%
	 Eff: 18544
	 DR Bracket: 0
	 Base: 11%
	 Effective Percent: 26,49%
	 Crit Inc Heal: 2
	 Crit Inc Damage: 2
Haste
	 Rating: 34617
	 Multiplicative Factor: 0%
	 Eff: 32151,899999999994
	 DR Bracket: 3
	 Base: 0%
	 Effective Percent: 48,71%
Vers
	 Rating: 3668
	 Multiplicative Factor: 0%
	 Eff: 6008
	 DR Bracket: 0
	 Base: 3%
	 Effective Percent: 7,7%
Leech
	 Rating: 3060
	 Multiplicative Factor: 0%
	 Eff: 3060
	 DR Bracket: 0
	 Base: 0%
	 Effective Percent: 3%
Avoidance
	 Rating: 0
	 Multiplicative Factor: 0%
	 Eff: 0
	 DR Bracket: 0
	 Base: 0%
	 Effective Percent: 0%
Mastery
	 Rating: 11457
	 Multiplicative Factor: 0%
	 Eff: 18457
	 DR Bracket: 0
	 Base: 7,28%
	 Effective Percent: 19,2%
