-----------
Aessina's Renewal
	Eff: 9,926279284060001
-----------
Bear Form
-----------
Bloodseeker Vines
	Dmg: -2,081287675537169E-08
-----------
Bursting Growth
	Eff: -2,2442719682658208E-08
	Dmg: -2,0372681319713593E-08
-----------
Cat Form
-----------
Convoke the Spirits
-----------
Cultivation
	Eff: -1,267835614271462E-09
-----------
Cyclone
-----------
Dream Bloom
-----------
Dream of Cenarius
	Eff: -4,556204658001661E-08
-----------
Efflorescence
	Eff: -8,634970072307624E-09
-----------
Embrace of the Dream
-----------
Entangling Roots
-----------
Ferocious Bite
	Dmg: -2,7939677238464355E-08
-----------
Flower Walk
	Eff: -7,8580342233181E-10
-----------
Frenzied Regeneration
	Eff: 21,66188553837128
-----------
Heart of the Wild
-----------
Hibernate
-----------
Incapacitating Roar
-----------
Incarnation: Tree of Life
-----------
Ironfur
-----------
Lethal Preservation
-----------
Lifebloom
	Eff: -2,6811903808265924E-09
-----------
Maim
-----------
Mangle
-----------
Mark of the Wild
-----------
Mass Entanglement
-----------
Matted Fur
-----------
Mighty Bash
-----------
Moonfire
	Dmg: -1,431544660590589E-09
-----------
Moonkin Form
-----------
Mount Form
-----------
Nature's Cure
-----------
Nature's Swiftness
-----------
Nourish
	Eff: -7,654307410120964E-09
-----------
Rake
	Dmg: -1,7710135580273345E-08
-----------
Rebirth
-----------
Regenerative Heartwood
-----------
Regrowth
	Eff: -1,0313669918105006E-08
-----------
Rejuvenation
	Eff: -3,288823791081086E-08
-----------
Rejuvenation (Germination)
-----------
Rip
	Dmg: -2,6819179765880108E-08
-----------
Shred
	Dmg: -4,284083843231201E-08
-----------
Soothe
-----------
Stampeding Roar
-----------
Starfire
-----------
Starsurge
-----------
Sunfire
-----------
Symbiotic Blooms
	Eff: -2,5582266971468925E-08
-----------
Swiftmend
	Eff: -5,391484592109919E-09
-----------
Swipe
-----------
Symbiotic Relationship
-----------
Thrash
	Dmg: -3,105014911852777E-09
-----------
Thriving Vegetation
-----------
Tranquility
	Eff: -9,318341653852258E-09
-----------
Travel Form
-----------
Treant Form
-----------
Typhoon
-----------
Ursol's Vortex
-----------
Verdancy
	Eff: -9,604264050722122E-10
-----------
Wild Growth
	Eff: -2,60391743722721E-08
-----------
Wrath
	Dmg: -1,8044374883174896E-09
-----------
Ysera's Gift
	Eff: 42,08042567449729
-----------
Leech
	Eff: 0,05495530375083035
-----------
Blessing of Summer
-----------
Holy Bulwark
-----------
ZeroCIMDummy
-----------
Lightforged Blessing
	SupEff: 1,6068793775921222
-----------
Melee
	Dmg: -1,1350493878126144E-09
-----------
Spring Blossoms
-----------
Tempered Potion
-----------
Feral Frenzy
-----------
Bombardments
-----------
Authority of Fiery Resolve
-----------
Ethereal Reconstitution
	Eff: -6,111804395914078E-10
-----------
Ethereal Guard
	Eff: -1,6325429896824062E-09
-----------
Voidglass Shards
-----------
Shadowmeld
-----------
Voidglass Barrier
-----------
Nature's Vigil
-----------
Grove Tending
-----------
Grove Guardians
-----------
Flourish
-----------
Tiger Dash
-----------
Ironbark
-----------
Barkskin
-----------
Healthstone
	Eff: 8,162696827203035
-----------
Spirit Link
