----------------------
00:04,048

Intellect
	 Rating: 135064
	 Multiplicative Factor: 8,15%
Stamina
	 Rating: 791228
	 Multiplicative Factor: 9,2%
Crit
	 Rating: 10844
	 Multiplicative Factor: 0%
	 DR Bracket: 0
	 Base: 5%
	 Effective Percent: 20,49%
	 Crit Inc Heal: 2
	 Crit Inc Damage: 2
Haste
	 Rating: 34617
	 Multiplicative Factor: 0%
	 DR Bracket: 3
	 Base: 26%
	 Effective Percent: 87,38%
Vers
	 Rating: 3668
	 Multiplicative Factor: 0%
	 DR Bracket: 0
	 Base: 3%
	 Effective Percent: 7,7%
Leech
	 Rating: 3060
	 Multiplicative Factor: 0%
	 DR Bracket: 0
	 Base: 0%
	 Effective Percent: 3%
Avoidance
	 Rating: 0
	 Multiplicative Factor: 0%
	 DR Bracket: 0
	 Base: 0%
	 Effective Percent: 0%
Mastery
	 Rating: 11457
	 Multiplicative Factor: 0%
	 DR Bracket: 0
	 Base: 13,08%
	 Effective Percent: 25%
----------------------
00:18,331

Intellect
	 Rating: 135064
	 Multiplicative Factor: 8,15%
Stamina
	 Rating: 791228
	 Multiplicative Factor: 9,2%
Crit
	 Rating: 10844
	 Multiplicative Factor: 0%
	 DR Bracket: 0
	 Base: 5%
	 Effective Percent: 20,49%
	 Crit Inc Heal: 2
	 Crit Inc Damage: 2
Haste
	 Rating: 34617
	 Multiplicative Factor: 0%
	 DR Bracket: 3
	 Base: 32%
	 Effective Percent: 96,3%
Vers
	 Rating: 3668
	 Multiplicative Factor: 0%
	 DR Bracket: 0
	 Base: 3%
	 Effective Percent: 7,7%
Leech
	 Rating: 3060
	 Multiplicative Factor: 0%
	 DR Bracket: 0
	 Base: 0%
	 Effective Percent: 3%
Avoidance
	 Rating: 0
	 Multiplicative Factor: 0%
	 DR Bracket: 0
	 Base: 0%
	 Effective Percent: 0%
Mastery
	 Rating: 11457
	 Multiplicative Factor: 0%
	 DR Bracket: 0
	 Base: 13,08%
	 Effective Percent: 25%
----------------------
00:00,000

Intellect
	 Rating: 135064
	 Multiplicative Factor: 8,15%
Stamina
	 Rating: 791228
	 Multiplicative Factor: 9,2%
Crit
	 Rating: 10844
	 Multiplicative Factor: 0%
	 DR Bracket: 0
	 Base: 5%
	 Effective Percent: 20,49%
	 Crit Inc Heal: 2
	 Crit Inc Damage: 2
Haste
	 Rating: 34617
	 Multiplicative Factor: 0%
	 DR Bracket: 3
	 Base: 26%
	 Effective Percent: 87,38%
Vers
	 Rating: 3668
	 Multiplicative Factor: 0%
	 DR Bracket: 0
	 Base: 3%
	 Effective Percent: 7,7%
Leech
	 Rating: 3060
	 Multiplicative Factor: 0%
	 DR Bracket: 0
	 Base: 0%
	 Effective Percent: 3%
Avoidance
	 Rating: 0
	 Multiplicative Factor: 0%
	 DR Bracket: 0
	 Base: 0%
	 Effective Percent: 0%
Mastery
	 Rating: 11457
	 Multiplicative Factor: 0%
	 DR Bracket: 0
	 Base: 13,08%
	 Effective Percent: 25%
----------------------
00:19,062

Intellect
	 Rating: 135064
	 Multiplicative Factor: 8,15%
Stamina
	 Rating: 791228
	 Multiplicative Factor: 9,2%
Crit
	 Rating: 10844
	 Multiplicative Factor: 0%
	 DR Bracket: 0
	 Base: 5%
	 Effective Percent: 20,49%
	 Crit Inc Heal: 2
	 Crit Inc Damage: 2
Haste
	 Rating: 34617
	 Multiplicative Factor: 0%
	 DR Bracket: 3
	 Base: 6%
	 Effective Percent: 57,64%
Vers
	 Rating: 3668
	 Multiplicative Factor: 0%
	 DR Bracket: 0
	 Base: 3%
	 Effective Percent: 7,7%
Leech
	 Rating: 3060
	 Multiplicative Factor: 0%
	 DR Bracket: 0
	 Base: 0%
	 Effective Percent: 3%
Avoidance
	 Rating: 0
	 Multiplicative Factor: 0%
	 DR Bracket: 0
	 Base: 0%
	 Effective Percent: 0%
Mastery
	 Rating: 11457
	 Multiplicative Factor: 0%
	 DR Bracket: 0
	 Base: 13,08%
	 Effective Percent: 25%
----------------------
00:22,695

Intellect
	 Rating: 135064
	 Multiplicative Factor: 8,15%
Stamina
	 Rating: 791228
	 Multiplicative Factor: 9,2%
Crit
	 Rating: 10844
	 Multiplicative Factor: 0%
	 DR Bracket: 0
	 Base: 11%
	 Effective Percent: 26,49%
	 Crit Inc Heal: 2
	 Crit Inc Damage: 2
Haste
	 Rating: 34617
	 Multiplicative Factor: 0%
	 DR Bracket: 3
	 Base: 6%
	 Effective Percent: 57,64%
Vers
	 Rating: 3668
	 Multiplicative Factor: 0%
	 DR Bracket: 0
	 Base: 3%
	 Effective Percent: 7,7%
Leech
	 Rating: 3060
	 Multiplicative Factor: 0%
	 DR Bracket: 0
	 Base: 0%
	 Effective Percent: 3%
Avoidance
	 Rating: 0
	 Multiplicative Factor: 0%
	 DR Bracket: 0
	 Base: 0%
	 Effective Percent: 0%
Mastery
	 Rating: 11457
	 Multiplicative Factor: 0%
	 DR Bracket: 0
	 Base: 13,08%
	 Effective Percent: 25%
----------------------
00:22,695

Intellect
	 Rating: 135064
	 Multiplicative Factor: 8,15%
Stamina
	 Rating: 791228
	 Multiplicative Factor: 9,2%
Crit
	 Rating: 10844
	 Multiplicative Factor: 0%
	 DR Bracket: 0
	 Base: 11%
	 Effective Percent: 26,49%
	 Crit Inc Heal: 2
	 Crit Inc Damage: 2
Haste
	 Rating: 34617
	 Multiplicative Factor: 0%
	 DR Bracket: 3
	 Base: 0%
	 Effective Percent: 48,72%
Vers
	 Rating: 3668
	 Multiplicative Factor: 0%
	 DR Bracket: 0
	 Base: 3%
	 Effective Percent: 7,7%
Leech
	 Rating: 3060
	 Multiplicative Factor: 0%
	 DR Bracket: 0
	 Base: 0%
	 Effective Percent: 3%
Avoidance
	 Rating: 0
	 Multiplicative Factor: 0%
	 DR Bracket: 0
	 Base: 0%
	 Effective Percent: 0%
Mastery
	 Rating: 11457
	 Multiplicative Factor: 0%
	 DR Bracket: 0
	 Base: 13,08%
	 Effective Percent: 25%
----------------------
00:41,137

Intellect
	 Rating: 135064
	 Multiplicative Factor: 8,15%
Stamina
	 Rating: 791228
	 Multiplicative Factor: 9,2%
Crit
	 Rating: 10844
	 Multiplicative Factor: 0%
	 DR Bracket: 0
	 Base: 5%
	 Effective Percent: 20,49%
	 Crit Inc Heal: 2
	 Crit Inc Damage: 2
Haste
	 Rating: 34617
	 Multiplicative Factor: 0%
	 DR Bracket: 3
	 Base: 0%
	 Effective Percent: 48,72%
Vers
	 Rating: 3668
	 Multiplicative Factor: 0%
	 DR Bracket: 0
	 Base: 3%
	 Effective Percent: 7,7%
Leech
	 Rating: 3060
	 Multiplicative Factor: 0%
	 DR Bracket: 0
	 Base: 0%
	 Effective Percent: 3%
Avoidance
	 Rating: 0
	 Multiplicative Factor: 0%
	 DR Bracket: 0
	 Base: 0%
	 Effective Percent: 0%
Mastery
	 Rating: 11457
	 Multiplicative Factor: 0%
	 DR Bracket: 0
	 Base: 13,08%
	 Effective Percent: 25%
----------------------
00:41,137

Intellect
	 Rating: 135064
	 Multiplicative Factor: 8,15%
Stamina
	 Rating: 791228
	 Multiplicative Factor: 9,2%
Crit
	 Rating: 10844
	 Multiplicative Factor: 0%
	 DR Bracket: 0
	 Base: 5%
	 Effective Percent: 20,49%
	 Crit Inc Heal: 2
	 Crit Inc Damage: 2
Haste
	 Rating: 34617
	 Multiplicative Factor: 0%
	 DR Bracket: 3
	 Base: 6%
	 Effective Percent: 57,64%
Vers
	 Rating: 3668
	 Multiplicative Factor: 0%
	 DR Bracket: 0
	 Base: 3%
	 Effective Percent: 7,7%
Leech
	 Rating: 3060
	 Multiplicative Factor: 0%
	 DR Bracket: 0
	 Base: 0%
	 Effective Percent: 3%
Avoidance
	 Rating: 0
	 Multiplicative Factor: 0%
	 DR Bracket: 0
	 Base: 0%
	 Effective Percent: 0%
Mastery
	 Rating: 11457
	 Multiplicative Factor: 0%
	 DR Bracket: 0
	 Base: 13,08%
	 Effective Percent: 25%
----------------------
00:44,042

Intellect
	 Rating: 135064
	 Multiplicative Factor: 8,15%
Stamina
	 Rating: 791228
	 Multiplicative Factor: 9,2%
Crit
	 Rating: 10844
	 Multiplicative Factor: 0%
	 DR Bracket: 0
	 Base: 11%
	 Effective Percent: 26,49%
	 Crit Inc Heal: 2
	 Crit Inc Damage: 2
Haste
	 Rating: 34617
	 Multiplicative Factor: 0%
	 DR Bracket: 3
	 Base: 6%
	 Effective Percent: 57,64%
Vers
	 Rating: 3668
	 Multiplicative Factor: 0%
	 DR Bracket: 0
	 Base: 3%
	 Effective Percent: 7,7%
Leech
	 Rating: 3060
	 Multiplicative Factor: 0%
	 DR Bracket: 0
	 Base: 0%
	 Effective Percent: 3%
Avoidance
	 Rating: 0
	 Multiplicative Factor: 0%
	 DR Bracket: 0
	 Base: 0%
	 Effective Percent: 0%
Mastery
	 Rating: 11457
	 Multiplicative Factor: 0%
	 DR Bracket: 0
	 Base: 13,08%
	 Effective Percent: 25%
----------------------
00:44,042

Intellect
	 Rating: 135064
	 Multiplicative Factor: 8,15%
Stamina
	 Rating: 791228
	 Multiplicative Factor: 9,2%
Crit
	 Rating: 10844
	 Multiplicative Factor: 0%
	 DR Bracket: 0
	 Base: 11%
	 Effective Percent: 26,49%
	 Crit Inc Heal: 2
	 Crit Inc Damage: 2
Haste
	 Rating: 34617
	 Multiplicative Factor: 0%
	 DR Bracket: 3
	 Base: 0%
	 Effective Percent: 48,72%
Vers
	 Rating: 3668
	 Multiplicative Factor: 0%
	 DR Bracket: 0
	 Base: 3%
	 Effective Percent: 7,7%
Leech
	 Rating: 3060
	 Multiplicative Factor: 0%
	 DR Bracket: 0
	 Base: 0%
	 Effective Percent: 3%
Avoidance
	 Rating: 0
	 Multiplicative Factor: 0%
	 DR Bracket: 0
	 Base: 0%
	 Effective Percent: 0%
Mastery
	 Rating: 11457
	 Multiplicative Factor: 0%
	 DR Bracket: 0
	 Base: 13,08%
	 Effective Percent: 25%
----------------------
00:48,919

Intellect
	 Rating: 135064
	 Multiplicative Factor: 8,15%
Stamina
	 Rating: 791228
	 Multiplicative Factor: 9,2%
Crit
	 Rating: 10844
	 Multiplicative Factor: 0%
	 DR Bracket: 0
	 Base: 5%
	 Effective Percent: 20,49%
	 Crit Inc Heal: 2
	 Crit Inc Damage: 2
Haste
	 Rating: 34617
	 Multiplicative Factor: 0%
	 DR Bracket: 3
	 Base: 0%
	 Effective Percent: 48,72%
Vers
	 Rating: 3668
	 Multiplicative Factor: 0%
	 DR Bracket: 0
	 Base: 3%
	 Effective Percent: 7,7%
Leech
	 Rating: 3060
	 Multiplicative Factor: 0%
	 DR Bracket: 0
	 Base: 0%
	 Effective Percent: 3%
Avoidance
	 Rating: 0
	 Multiplicative Factor: 0%
	 DR Bracket: 0
	 Base: 0%
	 Effective Percent: 0%
Mastery
	 Rating: 11457
	 Multiplicative Factor: 0%
	 DR Bracket: 0
	 Base: 13,08%
	 Effective Percent: 25%
----------------------
00:48,919

Intellect
	 Rating: 135064
	 Multiplicative Factor: 8,15%
Stamina
	 Rating: 791228
	 Multiplicative Factor: 9,2%
Crit
	 Rating: 10844
	 Multiplicative Factor: 0%
	 DR Bracket: 0
	 Base: 5%
	 Effective Percent: 20,49%
	 Crit Inc Heal: 2
	 Crit Inc Damage: 2
Haste
	 Rating: 34617
	 Multiplicative Factor: 0%
	 DR Bracket: 3
	 Base: 6%
	 Effective Percent: 57,64%
Vers
	 Rating: 3668
	 Multiplicative Factor: 0%
	 DR Bracket: 0
	 Base: 3%
	 Effective Percent: 7,7%
Leech
	 Rating: 3060
	 Multiplicative Factor: 0%
	 DR Bracket: 0
	 Base: 0%
	 Effective Percent: 3%
Avoidance
	 Rating: 0
	 Multiplicative Factor: 0%
	 DR Bracket: 0
	 Base: 0%
	 Effective Percent: 0%
Mastery
	 Rating: 11457
	 Multiplicative Factor: 0%
	 DR Bracket: 0
	 Base: 13,08%
	 Effective Percent: 25%
----------------------
00:52,953

Intellect
	 Rating: 135064
	 Multiplicative Factor: 8,15%
Stamina
	 Rating: 791228
	 Multiplicative Factor: 9,2%
Crit
	 Rating: 10844
	 Multiplicative Factor: 0%
	 DR Bracket: 0
	 Base: 11%
	 Effective Percent: 26,49%
	 Crit Inc Heal: 2
	 Crit Inc Damage: 2
Haste
	 Rating: 34617
	 Multiplicative Factor: 0%
	 DR Bracket: 3
	 Base: 6%
	 Effective Percent: 57,64%
Vers
	 Rating: 3668
	 Multiplicative Factor: 0%
	 DR Bracket: 0
	 Base: 3%
	 Effective Percent: 7,7%
Leech
	 Rating: 3060
	 Multiplicative Factor: 0%
	 DR Bracket: 0
	 Base: 0%
	 Effective Percent: 3%
Avoidance
	 Rating: 0
	 Multiplicative Factor: 0%
	 DR Bracket: 0
	 Base: 0%
	 Effective Percent: 0%
Mastery
	 Rating: 11457
	 Multiplicative Factor: 0%
	 DR Bracket: 0
	 Base: 13,08%
	 Effective Percent: 25%
----------------------
00:52,953

Intellect
	 Rating: 135064
	 Multiplicative Factor: 8,15%
Stamina
	 Rating: 791228
	 Multiplicative Factor: 9,2%
Crit
	 Rating: 10844
	 Multiplicative Factor: 0%
	 DR Bracket: 0
	 Base: 11%
	 Effective Percent: 26,49%
	 Crit Inc Heal: 2
	 Crit Inc Damage: 2
Haste
	 Rating: 34617
	 Multiplicative Factor: 0%
	 DR Bracket: 3
	 Base: 0%
	 Effective Percent: 48,72%
Vers
	 Rating: 3668
	 Multiplicative Factor: 0%
	 DR Bracket: 0
	 Base: 3%
	 Effective Percent: 7,7%
Leech
	 Rating: 3060
	 Multiplicative Factor: 0%
	 DR Bracket: 0
	 Base: 0%
	 Effective Percent: 3%
Avoidance
	 Rating: 0
	 Multiplicative Factor: 0%
	 DR Bracket: 0
	 Base: 0%
	 Effective Percent: 0%
Mastery
	 Rating: 11457
	 Multiplicative Factor: 0%
	 DR Bracket: 0
	 Base: 13,08%
	 Effective Percent: 25%
----------------------
00:54,885

Intellect
	 Rating: 135064
	 Multiplicative Factor: 8,15%
Stamina
	 Rating: 791228
	 Multiplicative Factor: 9,2%
Crit
	 Rating: 10844
	 Multiplicative Factor: 0%
	 DR Bracket: 0
	 Base: 5%
	 Effective Percent: 20,49%
	 Crit Inc Heal: 2
	 Crit Inc Damage: 2
Haste
	 Rating: 34617
	 Multiplicative Factor: 0%
	 DR Bracket: 3
	 Base: 0%
	 Effective Percent: 48,72%
Vers
	 Rating: 3668
	 Multiplicative Factor: 0%
	 DR Bracket: 0
	 Base: 3%
	 Effective Percent: 7,7%
Leech
	 Rating: 3060
	 Multiplicative Factor: 0%
	 DR Bracket: 0
	 Base: 0%
	 Effective Percent: 3%
Avoidance
	 Rating: 0
	 Multiplicative Factor: 0%
	 DR Bracket: 0
	 Base: 0%
	 Effective Percent: 0%
Mastery
	 Rating: 11457
	 Multiplicative Factor: 0%
	 DR Bracket: 0
	 Base: 13,08%
	 Effective Percent: 25%
----------------------
00:54,885

Intellect
	 Rating: 135064
	 Multiplicative Factor: 8,15%
Stamina
	 Rating: 791228
	 Multiplicative Factor: 9,2%
Crit
	 Rating: 10844
	 Multiplicative Factor: 0%
	 DR Bracket: 0
	 Base: 5%
	 Effective Percent: 20,49%
	 Crit Inc Heal: 2
	 Crit Inc Damage: 2
Haste
	 Rating: 34617
	 Multiplicative Factor: 0%
	 DR Bracket: 3
	 Base: 6%
	 Effective Percent: 57,64%
Vers
	 Rating: 3668
	 Multiplicative Factor: 0%
	 DR Bracket: 0
	 Base: 3%
	 Effective Percent: 7,7%
Leech
	 Rating: 3060
	 Multiplicative Factor: 0%
	 DR Bracket: 0
	 Base: 0%
	 Effective Percent: 3%
Avoidance
	 Rating: 0
	 Multiplicative Factor: 0%
	 DR Bracket: 0
	 Base: 0%
	 Effective Percent: 0%
Mastery
	 Rating: 11457
	 Multiplicative Factor: 0%
	 DR Bracket: 0
	 Base: 13,08%
	 Effective Percent: 25%
----------------------
00:55,885

Intellect
	 Rating: 135064
	 Multiplicative Factor: 8,15%
Stamina
	 Rating: 791228
	 Multiplicative Factor: 9,2%
Crit
	 Rating: 10844
	 Multiplicative Factor: 0%
	 DR Bracket: 0
	 Base: 11%
	 Effective Percent: 26,49%
	 Crit Inc Heal: 2
	 Crit Inc Damage: 2
Haste
	 Rating: 34617
	 Multiplicative Factor: 0%
	 DR Bracket: 3
	 Base: 6%
	 Effective Percent: 57,64%
Vers
	 Rating: 3668
	 Multiplicative Factor: 0%
	 DR Bracket: 0
	 Base: 3%
	 Effective Percent: 7,7%
Leech
	 Rating: 3060
	 Multiplicative Factor: 0%
	 DR Bracket: 0
	 Base: 0%
	 Effective Percent: 3%
Avoidance
	 Rating: 0
	 Multiplicative Factor: 0%
	 DR Bracket: 0
	 Base: 0%
	 Effective Percent: 0%
Mastery
	 Rating: 11457
	 Multiplicative Factor: 0%
	 DR Bracket: 0
	 Base: 13,08%
	 Effective Percent: 25%
----------------------
00:55,885

Intellect
	 Rating: 135064
	 Multiplicative Factor: 8,15%
Stamina
	 Rating: 791228
	 Multiplicative Factor: 9,2%
Crit
	 Rating: 10844
	 Multiplicative Factor: 0%
	 DR Bracket: 0
	 Base: 11%
	 Effective Percent: 26,49%
	 Crit Inc Heal: 2
	 Crit Inc Damage: 2
Haste
	 Rating: 34617
	 Multiplicative Factor: 0%
	 DR Bracket: 3
	 Base: 0%
	 Effective Percent: 48,72%
Vers
	 Rating: 3668
	 Multiplicative Factor: 0%
	 DR Bracket: 0
	 Base: 3%
	 Effective Percent: 7,7%
Leech
	 Rating: 3060
	 Multiplicative Factor: 0%
	 DR Bracket: 0
	 Base: 0%
	 Effective Percent: 3%
Avoidance
	 Rating: 0
	 Multiplicative Factor: 0%
	 DR Bracket: 0
	 Base: 0%
	 Effective Percent: 0%
Mastery
	 Rating: 11457
	 Multiplicative Factor: 0%
	 DR Bracket: 0
	 Base: 13,08%
	 Effective Percent: 25%
----------------------
01:01,281

Intellect
	 Rating: 135064
	 Multiplicative Factor: 8,15%
Stamina
	 Rating: 791228
	 Multiplicative Factor: 9,2%
Crit
	 Rating: 10844
	 Multiplicative Factor: 0%
	 DR Bracket: 0
	 Base: 5%
	 Effective Percent: 20,49%
	 Crit Inc Heal: 2
	 Crit Inc Damage: 2
Haste
	 Rating: 34617
	 Multiplicative Factor: 0%
	 DR Bracket: 3
	 Base: 0%
	 Effective Percent: 48,72%
Vers
	 Rating: 3668
	 Multiplicative Factor: 0%
	 DR Bracket: 0
	 Base: 3%
	 Effective Percent: 7,7%
Leech
	 Rating: 3060
	 Multiplicative Factor: 0%
	 DR Bracket: 0
	 Base: 0%
	 Effective Percent: 3%
Avoidance
	 Rating: 0
	 Multiplicative Factor: 0%
	 DR Bracket: 0
	 Base: 0%
	 Effective Percent: 0%
Mastery
	 Rating: 11457
	 Multiplicative Factor: 0%
	 DR Bracket: 0
	 Base: 13,08%
	 Effective Percent: 25%
----------------------
01:01,281

Intellect
	 Rating: 135064
	 Multiplicative Factor: 8,15%
Stamina
	 Rating: 791228
	 Multiplicative Factor: 9,2%
Crit
	 Rating: 10844
	 Multiplicative Factor: 0%
	 DR Bracket: 0
	 Base: 5%
	 Effective Percent: 20,49%
	 Crit Inc Heal: 2
	 Crit Inc Damage: 2
Haste
	 Rating: 34617
	 Multiplicative Factor: 0%
	 DR Bracket: 3
	 Base: 6%
	 Effective Percent: 57,64%
Vers
	 Rating: 3668
	 Multiplicative Factor: 0%
	 DR Bracket: 0
	 Base: 3%
	 Effective Percent: 7,7%
Leech
	 Rating: 3060
	 Multiplicative Factor: 0%
	 DR Bracket: 0
	 Base: 0%
	 Effective Percent: 3%
Avoidance
	 Rating: 0
	 Multiplicative Factor: 0%
	 DR Bracket: 0
	 Base: 0%
	 Effective Percent: 0%
Mastery
	 Rating: 11457
	 Multiplicative Factor: 0%
	 DR Bracket: 0
	 Base: 13,08%
	 Effective Percent: 25%
----------------------
01:02,299

Intellect
	 Rating: 135064
	 Multiplicative Factor: 8,15%
Stamina
	 Rating: 791228
	 Multiplicative Factor: 9,2%
Crit
	 Rating: 10844
	 Multiplicative Factor: 0%
	 DR Bracket: 0
	 Base: 11%
	 Effective Percent: 26,49%
	 Crit Inc Heal: 2
	 Crit Inc Damage: 2
Haste
	 Rating: 34617
	 Multiplicative Factor: 0%
	 DR Bracket: 3
	 Base: 6%
	 Effective Percent: 57,64%
Vers
	 Rating: 3668
	 Multiplicative Factor: 0%
	 DR Bracket: 0
	 Base: 3%
	 Effective Percent: 7,7%
Leech
	 Rating: 3060
	 Multiplicative Factor: 0%
	 DR Bracket: 0
	 Base: 0%
	 Effective Percent: 3%
Avoidance
	 Rating: 0
	 Multiplicative Factor: 0%
	 DR Bracket: 0
	 Base: 0%
	 Effective Percent: 0%
Mastery
	 Rating: 11457
	 Multiplicative Factor: 0%
	 DR Bracket: 0
	 Base: 13,08%
	 Effective Percent: 25%
----------------------
01:02,299

Intellect
	 Rating: 135064
	 Multiplicative Factor: 8,15%
Stamina
	 Rating: 791228
	 Multiplicative Factor: 9,2%
Crit
	 Rating: 10844
	 Multiplicative Factor: 0%
	 DR Bracket: 0
	 Base: 11%
	 Effective Percent: 26,49%
	 Crit Inc Heal: 2
	 Crit Inc Damage: 2
Haste
	 Rating: 34617
	 Multiplicative Factor: 0%
	 DR Bracket: 3
	 Base: 0%
	 Effective Percent: 48,72%
Vers
	 Rating: 3668
	 Multiplicative Factor: 0%
	 DR Bracket: 0
	 Base: 3%
	 Effective Percent: 7,7%
Leech
	 Rating: 3060
	 Multiplicative Factor: 0%
	 DR Bracket: 0
	 Base: 0%
	 Effective Percent: 3%
Avoidance
	 Rating: 0
	 Multiplicative Factor: 0%
	 DR Bracket: 0
	 Base: 0%
	 Effective Percent: 0%
Mastery
	 Rating: 11457
	 Multiplicative Factor: 0%
	 DR Bracket: 0
	 Base: 13,08%
	 Effective Percent: 25%
----------------------
01:07,485

Intellect
	 Rating: 135064
	 Multiplicative Factor: 8,15%
Stamina
	 Rating: 791228
	 Multiplicative Factor: 9,2%
Crit
	 Rating: 10844
	 Multiplicative Factor: 0%
	 DR Bracket: 0
	 Base: 5%
	 Effective Percent: 20,49%
	 Crit Inc Heal: 2
	 Crit Inc Damage: 2
Haste
	 Rating: 34617
	 Multiplicative Factor: 0%
	 DR Bracket: 3
	 Base: 0%
	 Effective Percent: 48,72%
Vers
	 Rating: 3668
	 Multiplicative Factor: 0%
	 DR Bracket: 0
	 Base: 3%
	 Effective Percent: 7,7%
Leech
	 Rating: 3060
	 Multiplicative Factor: 0%
	 DR Bracket: 0
	 Base: 0%
	 Effective Percent: 3%
Avoidance
	 Rating: 0
	 Multiplicative Factor: 0%
	 DR Bracket: 0
	 Base: 0%
	 Effective Percent: 0%
Mastery
	 Rating: 11457
	 Multiplicative Factor: 0%
	 DR Bracket: 0
	 Base: 13,08%
	 Effective Percent: 25%
----------------------
01:07,486

Intellect
	 Rating: 135064
	 Multiplicative Factor: 8,15%
Stamina
	 Rating: 791228
	 Multiplicative Factor: 9,2%
Crit
	 Rating: 10844
	 Multiplicative Factor: 0%
	 DR Bracket: 0
	 Base: 5%
	 Effective Percent: 20,49%
	 Crit Inc Heal: 2
	 Crit Inc Damage: 2
Haste
	 Rating: 34617
	 Multiplicative Factor: 0%
	 DR Bracket: 3
	 Base: 6%
	 Effective Percent: 57,64%
Vers
	 Rating: 3668
	 Multiplicative Factor: 0%
	 DR Bracket: 0
	 Base: 3%
	 Effective Percent: 7,7%
Leech
	 Rating: 3060
	 Multiplicative Factor: 0%
	 DR Bracket: 0
	 Base: 0%
	 Effective Percent: 3%
Avoidance
	 Rating: 0
	 Multiplicative Factor: 0%
	 DR Bracket: 0
	 Base: 0%
	 Effective Percent: 0%
Mastery
	 Rating: 11457
	 Multiplicative Factor: 0%
	 DR Bracket: 0
	 Base: 13,08%
	 Effective Percent: 25%
----------------------
01:09,475

Intellect
	 Rating: 135064
	 Multiplicative Factor: 8,15%
Stamina
	 Rating: 791228
	 Multiplicative Factor: 9,2%
Crit
	 Rating: 10844
	 Multiplicative Factor: 0%
	 DR Bracket: 0
	 Base: 11%
	 Effective Percent: 26,49%
	 Crit Inc Heal: 2
	 Crit Inc Damage: 2
Haste
	 Rating: 34617
	 Multiplicative Factor: 0%
	 DR Bracket: 3
	 Base: 6%
	 Effective Percent: 57,64%
Vers
	 Rating: 3668
	 Multiplicative Factor: 0%
	 DR Bracket: 0
	 Base: 3%
	 Effective Percent: 7,7%
Leech
	 Rating: 3060
	 Multiplicative Factor: 0%
	 DR Bracket: 0
	 Base: 0%
	 Effective Percent: 3%
Avoidance
	 Rating: 0
	 Multiplicative Factor: 0%
	 DR Bracket: 0
	 Base: 0%
	 Effective Percent: 0%
Mastery
	 Rating: 11457
	 Multiplicative Factor: 0%
	 DR Bracket: 0
	 Base: 13,08%
	 Effective Percent: 25%
----------------------
01:09,475

Intellect
	 Rating: 135064
	 Multiplicative Factor: 8,15%
Stamina
	 Rating: 791228
	 Multiplicative Factor: 9,2%
Crit
	 Rating: 10844
	 Multiplicative Factor: 0%
	 DR Bracket: 0
	 Base: 11%
	 Effective Percent: 26,49%
	 Crit Inc Heal: 2
	 Crit Inc Damage: 2
Haste
	 Rating: 34617
	 Multiplicative Factor: 0%
	 DR Bracket: 3
	 Base: 0%
	 Effective Percent: 48,72%
Vers
	 Rating: 3668
	 Multiplicative Factor: 0%
	 DR Bracket: 0
	 Base: 3%
	 Effective Percent: 7,7%
Leech
	 Rating: 3060
	 Multiplicative Factor: 0%
	 DR Bracket: 0
	 Base: 0%
	 Effective Percent: 3%
Avoidance
	 Rating: 0
	 Multiplicative Factor: 0%
	 DR Bracket: 0
	 Base: 0%
	 Effective Percent: 0%
Mastery
	 Rating: 11457
	 Multiplicative Factor: 0%
	 DR Bracket: 0
	 Base: 13,08%
	 Effective Percent: 25%
----------------------
01:19,341

Intellect
	 Rating: 135064
	 Multiplicative Factor: 8,15%
Stamina
	 Rating: 791228
	 Multiplicative Factor: 9,2%
Crit
	 Rating: 10844
	 Multiplicative Factor: 0%
	 DR Bracket: 0
	 Base: 5%
	 Effective Percent: 20,49%
	 Crit Inc Heal: 2
	 Crit Inc Damage: 2
Haste
	 Rating: 34617
	 Multiplicative Factor: 0%
	 DR Bracket: 3
	 Base: 0%
	 Effective Percent: 48,72%
Vers
	 Rating: 3668
	 Multiplicative Factor: 0%
	 DR Bracket: 0
	 Base: 3%
	 Effective Percent: 7,7%
Leech
	 Rating: 3060
	 Multiplicative Factor: 0%
	 DR Bracket: 0
	 Base: 0%
	 Effective Percent: 3%
Avoidance
	 Rating: 0
	 Multiplicative Factor: 0%
	 DR Bracket: 0
	 Base: 0%
	 Effective Percent: 0%
Mastery
	 Rating: 11457
	 Multiplicative Factor: 0%
	 DR Bracket: 0
	 Base: 13,08%
	 Effective Percent: 25%
----------------------
01:19,341

Intellect
	 Rating: 135064
	 Multiplicative Factor: 8,15%
Stamina
	 Rating: 791228
	 Multiplicative Factor: 9,2%
Crit
	 Rating: 10844
	 Multiplicative Factor: 0%
	 DR Bracket: 0
	 Base: 5%
	 Effective Percent: 20,49%
	 Crit Inc Heal: 2
	 Crit Inc Damage: 2
Haste
	 Rating: 34617
	 Multiplicative Factor: 0%
	 DR Bracket: 3
	 Base: 6%
	 Effective Percent: 57,64%
Vers
	 Rating: 3668
	 Multiplicative Factor: 0%
	 DR Bracket: 0
	 Base: 3%
	 Effective Percent: 7,7%
Leech
	 Rating: 3060
	 Multiplicative Factor: 0%
	 DR Bracket: 0
	 Base: 0%
	 Effective Percent: 3%
Avoidance
	 Rating: 0
	 Multiplicative Factor: 0%
	 DR Bracket: 0
	 Base: 0%
	 Effective Percent: 0%
Mastery
	 Rating: 11457
	 Multiplicative Factor: 0%
	 DR Bracket: 0
	 Base: 13,08%
	 Effective Percent: 25%
----------------------
01:26,417

Intellect
	 Rating: 135064
	 Multiplicative Factor: 8,15%
Stamina
	 Rating: 791228
	 Multiplicative Factor: 9,2%
Crit
	 Rating: 10844
	 Multiplicative Factor: 0%
	 DR Bracket: 0
	 Base: 11%
	 Effective Percent: 26,49%
	 Crit Inc Heal: 2
	 Crit Inc Damage: 2
Haste
	 Rating: 34617
	 Multiplicative Factor: 0%
	 DR Bracket: 3
	 Base: 6%
	 Effective Percent: 57,64%
Vers
	 Rating: 3668
	 Multiplicative Factor: 0%
	 DR Bracket: 0
	 Base: 3%
	 Effective Percent: 7,7%
Leech
	 Rating: 3060
	 Multiplicative Factor: 0%
	 DR Bracket: 0
	 Base: 0%
	 Effective Percent: 3%
Avoidance
	 Rating: 0
	 Multiplicative Factor: 0%
	 DR Bracket: 0
	 Base: 0%
	 Effective Percent: 0%
Mastery
	 Rating: 11457
	 Multiplicative Factor: 0%
	 DR Bracket: 0
	 Base: 13,08%
	 Effective Percent: 25%
----------------------
01:26,417

Intellect
	 Rating: 135064
	 Multiplicative Factor: 8,15%
Stamina
	 Rating: 791228
	 Multiplicative Factor: 9,2%
Crit
	 Rating: 10844
	 Multiplicative Factor: 0%
	 DR Bracket: 0
	 Base: 11%
	 Effective Percent: 26,49%
	 Crit Inc Heal: 2
	 Crit Inc Damage: 2
Haste
	 Rating: 34617
	 Multiplicative Factor: 0%
	 DR Bracket: 3
	 Base: 0%
	 Effective Percent: 48,72%
Vers
	 Rating: 3668
	 Multiplicative Factor: 0%
	 DR Bracket: 0
	 Base: 3%
	 Effective Percent: 7,7%
Leech
	 Rating: 3060
	 Multiplicative Factor: 0%
	 DR Bracket: 0
	 Base: 0%
	 Effective Percent: 3%
Avoidance
	 Rating: 0
	 Multiplicative Factor: 0%
	 DR Bracket: 0
	 Base: 0%
	 Effective Percent: 0%
Mastery
	 Rating: 11457
	 Multiplicative Factor: 0%
	 DR Bracket: 0
	 Base: 13,08%
	 Effective Percent: 25%
----------------------
01:34,727

Intellect
	 Rating: 135064
	 Multiplicative Factor: 8,15%
Stamina
	 Rating: 791228
	 Multiplicative Factor: 9,2%
Crit
	 Rating: 10844
	 Multiplicative Factor: 0%
	 DR Bracket: 0
	 Base: 5%
	 Effective Percent: 20,49%
	 Crit Inc Heal: 2
	 Crit Inc Damage: 2
Haste
	 Rating: 34617
	 Multiplicative Factor: 0%
	 DR Bracket: 3
	 Base: 0%
	 Effective Percent: 48,72%
Vers
	 Rating: 3668
	 Multiplicative Factor: 0%
	 DR Bracket: 0
	 Base: 3%
	 Effective Percent: 7,7%
Leech
	 Rating: 3060
	 Multiplicative Factor: 0%
	 DR Bracket: 0
	 Base: 0%
	 Effective Percent: 3%
Avoidance
	 Rating: 0
	 Multiplicative Factor: 0%
	 DR Bracket: 0
	 Base: 0%
	 Effective Percent: 0%
Mastery
	 Rating: 11457
	 Multiplicative Factor: 0%
	 DR Bracket: 0
	 Base: 13,08%
	 Effective Percent: 25%
----------------------
01:34,727

Intellect
	 Rating: 135064
	 Multiplicative Factor: 8,15%
Stamina
	 Rating: 791228
	 Multiplicative Factor: 9,2%
Crit
	 Rating: 10844
	 Multiplicative Factor: 0%
	 DR Bracket: 0
	 Base: 5%
	 Effective Percent: 20,49%
	 Crit Inc Heal: 2
	 Crit Inc Damage: 2
Haste
	 Rating: 34617
	 Multiplicative Factor: 0%
	 DR Bracket: 3
	 Base: 6%
	 Effective Percent: 57,64%
Vers
	 Rating: 3668
	 Multiplicative Factor: 0%
	 DR Bracket: 0
	 Base: 3%
	 Effective Percent: 7,7%
Leech
	 Rating: 3060
	 Multiplicative Factor: 0%
	 DR Bracket: 0
	 Base: 0%
	 Effective Percent: 3%
Avoidance
	 Rating: 0
	 Multiplicative Factor: 0%
	 DR Bracket: 0
	 Base: 0%
	 Effective Percent: 0%
Mastery
	 Rating: 11457
	 Multiplicative Factor: 0%
	 DR Bracket: 0
	 Base: 13,08%
	 Effective Percent: 25%
----------------------
01:38,575

Intellect
	 Rating: 135064
	 Multiplicative Factor: 8,15%
Stamina
	 Rating: 791228
	 Multiplicative Factor: 9,2%
Crit
	 Rating: 10844
	 Multiplicative Factor: 0%
	 DR Bracket: 0
	 Base: 11%
	 Effective Percent: 26,49%
	 Crit Inc Heal: 2
	 Crit Inc Damage: 2
Haste
	 Rating: 34617
	 Multiplicative Factor: 0%
	 DR Bracket: 3
	 Base: 6%
	 Effective Percent: 57,64%
Vers
	 Rating: 3668
	 Multiplicative Factor: 0%
	 DR Bracket: 0
	 Base: 3%
	 Effective Percent: 7,7%
Leech
	 Rating: 3060
	 Multiplicative Factor: 0%
	 DR Bracket: 0
	 Base: 0%
	 Effective Percent: 3%
Avoidance
	 Rating: 0
	 Multiplicative Factor: 0%
	 DR Bracket: 0
	 Base: 0%
	 Effective Percent: 0%
Mastery
	 Rating: 11457
	 Multiplicative Factor: 0%
	 DR Bracket: 0
	 Base: 13,08%
	 Effective Percent: 25%
----------------------
01:38,575

Intellect
	 Rating: 135064
	 Multiplicative Factor: 8,15%
Stamina
	 Rating: 791228
	 Multiplicative Factor: 9,2%
Crit
	 Rating: 10844
	 Multiplicative Factor: 0%
	 DR Bracket: 0
	 Base: 11%
	 Effective Percent: 26,49%
	 Crit Inc Heal: 2
	 Crit Inc Damage: 2
Haste
	 Rating: 34617
	 Multiplicative Factor: 0%
	 DR Bracket: 3
	 Base: 0%
	 Effective Percent: 48,72%
Vers
	 Rating: 3668
	 Multiplicative Factor: 0%
	 DR Bracket: 0
	 Base: 3%
	 Effective Percent: 7,7%
Leech
	 Rating: 3060
	 Multiplicative Factor: 0%
	 DR Bracket: 0
	 Base: 0%
	 Effective Percent: 3%
Avoidance
	 Rating: 0
	 Multiplicative Factor: 0%
	 DR Bracket: 0
	 Base: 0%
	 Effective Percent: 0%
Mastery
	 Rating: 11457
	 Multiplicative Factor: 0%
	 DR Bracket: 0
	 Base: 13,08%
	 Effective Percent: 25%
----------------------
01:47,016

Intellect
	 Rating: 135064
	 Multiplicative Factor: 8,15%
Stamina
	 Rating: 791228
	 Multiplicative Factor: 9,2%
Crit
	 Rating: 10844
	 Multiplicative Factor: 0%
	 DR Bracket: 0
	 Base: 5%
	 Effective Percent: 20,49%
	 Crit Inc Heal: 2
	 Crit Inc Damage: 2
Haste
	 Rating: 34617
	 Multiplicative Factor: 0%
	 DR Bracket: 3
	 Base: 0%
	 Effective Percent: 48,72%
Vers
	 Rating: 3668
	 Multiplicative Factor: 0%
	 DR Bracket: 0
	 Base: 3%
	 Effective Percent: 7,7%
Leech
	 Rating: 3060
	 Multiplicative Factor: 0%
	 DR Bracket: 0
	 Base: 0%
	 Effective Percent: 3%
Avoidance
	 Rating: 0
	 Multiplicative Factor: 0%
	 DR Bracket: 0
	 Base: 0%
	 Effective Percent: 0%
Mastery
	 Rating: 11457
	 Multiplicative Factor: 0%
	 DR Bracket: 0
	 Base: 13,08%
	 Effective Percent: 25%
----------------------
01:47,016

Intellect
	 Rating: 135064
	 Multiplicative Factor: 8,15%
Stamina
	 Rating: 791228
	 Multiplicative Factor: 9,2%
Crit
	 Rating: 10844
	 Multiplicative Factor: 0%
	 DR Bracket: 0
	 Base: 5%
	 Effective Percent: 20,49%
	 Crit Inc Heal: 2
	 Crit Inc Damage: 2
Haste
	 Rating: 34617
	 Multiplicative Factor: 0%
	 DR Bracket: 3
	 Base: 6%
	 Effective Percent: 57,64%
Vers
	 Rating: 3668
	 Multiplicative Factor: 0%
	 DR Bracket: 0
	 Base: 3%
	 Effective Percent: 7,7%
Leech
	 Rating: 3060
	 Multiplicative Factor: 0%
	 DR Bracket: 0
	 Base: 0%
	 Effective Percent: 3%
Avoidance
	 Rating: 0
	 Multiplicative Factor: 0%
	 DR Bracket: 0
	 Base: 0%
	 Effective Percent: 0%
Mastery
	 Rating: 11457
	 Multiplicative Factor: 0%
	 DR Bracket: 0
	 Base: 13,08%
	 Effective Percent: 25%
----------------------
01:50,911

Intellect
	 Rating: 135064
	 Multiplicative Factor: 8,15%
Stamina
	 Rating: 791228
	 Multiplicative Factor: 9,2%
Crit
	 Rating: 10844
	 Multiplicative Factor: 0%
	 DR Bracket: 0
	 Base: 11%
	 Effective Percent: 26,49%
	 Crit Inc Heal: 2
	 Crit Inc Damage: 2
Haste
	 Rating: 34617
	 Multiplicative Factor: 0%
	 DR Bracket: 3
	 Base: 6%
	 Effective Percent: 57,64%
Vers
	 Rating: 3668
	 Multiplicative Factor: 0%
	 DR Bracket: 0
	 Base: 3%
	 Effective Percent: 7,7%
Leech
	 Rating: 3060
	 Multiplicative Factor: 0%
	 DR Bracket: 0
	 Base: 0%
	 Effective Percent: 3%
Avoidance
	 Rating: 0
	 Multiplicative Factor: 0%
	 DR Bracket: 0
	 Base: 0%
	 Effective Percent: 0%
Mastery
	 Rating: 11457
	 Multiplicative Factor: 0%
	 DR Bracket: 0
	 Base: 13,08%
	 Effective Percent: 25%
----------------------
01:50,911

Intellect
	 Rating: 135064
	 Multiplicative Factor: 8,15%
Stamina
	 Rating: 791228
	 Multiplicative Factor: 9,2%
Crit
	 Rating: 10844
	 Multiplicative Factor: 0%
	 DR Bracket: 0
	 Base: 11%
	 Effective Percent: 26,49%
	 Crit Inc Heal: 2
	 Crit Inc Damage: 2
Haste
	 Rating: 34617
	 Multiplicative Factor: 0%
	 DR Bracket: 3
	 Base: 0%
	 Effective Percent: 48,72%
Vers
	 Rating: 3668
	 Multiplicative Factor: 0%
	 DR Bracket: 0
	 Base: 3%
	 Effective Percent: 7,7%
Leech
	 Rating: 3060
	 Multiplicative Factor: 0%
	 DR Bracket: 0
	 Base: 0%
	 Effective Percent: 3%
Avoidance
	 Rating: 0
	 Multiplicative Factor: 0%
	 DR Bracket: 0
	 Base: 0%
	 Effective Percent: 0%
Mastery
	 Rating: 11457
	 Multiplicative Factor: 0%
	 DR Bracket: 0
	 Base: 13,08%
	 Effective Percent: 25%
----------------------
02:01,549

Intellect
	 Rating: 135064
	 Multiplicative Factor: 8,15%
Stamina
	 Rating: 791228
	 Multiplicative Factor: 9,2%
Crit
	 Rating: 10844
	 Multiplicative Factor: 0%
	 DR Bracket: 0
	 Base: 5%
	 Effective Percent: 20,49%
	 Crit Inc Heal: 2
	 Crit Inc Damage: 2
Haste
	 Rating: 34617
	 Multiplicative Factor: 0%
	 DR Bracket: 3
	 Base: 0%
	 Effective Percent: 48,72%
Vers
	 Rating: 3668
	 Multiplicative Factor: 0%
	 DR Bracket: 0
	 Base: 3%
	 Effective Percent: 7,7%
Leech
	 Rating: 3060
	 Multiplicative Factor: 0%
	 DR Bracket: 0
	 Base: 0%
	 Effective Percent: 3%
Avoidance
	 Rating: 0
	 Multiplicative Factor: 0%
	 DR Bracket: 0
	 Base: 0%
	 Effective Percent: 0%
Mastery
	 Rating: 11457
	 Multiplicative Factor: 0%
	 DR Bracket: 0
	 Base: 13,08%
	 Effective Percent: 25%
----------------------
02:01,549

Intellect
	 Rating: 135064
	 Multiplicative Factor: 8,15%
Stamina
	 Rating: 791228
	 Multiplicative Factor: 9,2%
Crit
	 Rating: 10844
	 Multiplicative Factor: 0%
	 DR Bracket: 0
	 Base: 5%
	 Effective Percent: 20,49%
	 Crit Inc Heal: 2
	 Crit Inc Damage: 2
Haste
	 Rating: 34617
	 Multiplicative Factor: 0%
	 DR Bracket: 3
	 Base: 6%
	 Effective Percent: 57,64%
Vers
	 Rating: 3668
	 Multiplicative Factor: 0%
	 DR Bracket: 0
	 Base: 3%
	 Effective Percent: 7,7%
Leech
	 Rating: 3060
	 Multiplicative Factor: 0%
	 DR Bracket: 0
	 Base: 0%
	 Effective Percent: 3%
Avoidance
	 Rating: 0
	 Multiplicative Factor: 0%
	 DR Bracket: 0
	 Base: 0%
	 Effective Percent: 0%
Mastery
	 Rating: 11457
	 Multiplicative Factor: 0%
	 DR Bracket: 0
	 Base: 13,08%
	 Effective Percent: 25%
----------------------
02:03,511

Intellect
	 Rating: 135064
	 Multiplicative Factor: 8,15%
Stamina
	 Rating: 791228
	 Multiplicative Factor: 9,2%
Crit
	 Rating: 10844
	 Multiplicative Factor: 0%
	 DR Bracket: 0
	 Base: 11%
	 Effective Percent: 26,49%
	 Crit Inc Heal: 2
	 Crit Inc Damage: 2
Haste
	 Rating: 34617
	 Multiplicative Factor: 0%
	 DR Bracket: 3
	 Base: 6%
	 Effective Percent: 57,64%
Vers
	 Rating: 3668
	 Multiplicative Factor: 0%
	 DR Bracket: 0
	 Base: 3%
	 Effective Percent: 7,7%
Leech
	 Rating: 3060
	 Multiplicative Factor: 0%
	 DR Bracket: 0
	 Base: 0%
	 Effective Percent: 3%
Avoidance
	 Rating: 0
	 Multiplicative Factor: 0%
	 DR Bracket: 0
	 Base: 0%
	 Effective Percent: 0%
Mastery
	 Rating: 11457
	 Multiplicative Factor: 0%
	 DR Bracket: 0
	 Base: 13,08%
	 Effective Percent: 25%
----------------------
02:03,512

Intellect
	 Rating: 135064
	 Multiplicative Factor: 8,15%
Stamina
	 Rating: 791228
	 Multiplicative Factor: 9,2%
Crit
	 Rating: 10844
	 Multiplicative Factor: 0%
	 DR Bracket: 0
	 Base: 11%
	 Effective Percent: 26,49%
	 Crit Inc Heal: 2
	 Crit Inc Damage: 2
Haste
	 Rating: 34617
	 Multiplicative Factor: 0%
	 DR Bracket: 3
	 Base: 0%
	 Effective Percent: 48,72%
Vers
	 Rating: 3668
	 Multiplicative Factor: 0%
	 DR Bracket: 0
	 Base: 3%
	 Effective Percent: 7,7%
Leech
	 Rating: 3060
	 Multiplicative Factor: 0%
	 DR Bracket: 0
	 Base: 0%
	 Effective Percent: 3%
Avoidance
	 Rating: 0
	 Multiplicative Factor: 0%
	 DR Bracket: 0
	 Base: 0%
	 Effective Percent: 0%
Mastery
	 Rating: 11457
	 Multiplicative Factor: 0%
	 DR Bracket: 0
	 Base: 13,08%
	 Effective Percent: 25%
----------------------
02:06,693

Intellect
	 Rating: 135064
	 Multiplicative Factor: 8,15%
Stamina
	 Rating: 791228
	 Multiplicative Factor: 9,2%
Crit
	 Rating: 10844
	 Multiplicative Factor: 0%
	 DR Bracket: 0
	 Base: 11%
	 Effective Percent: 26,49%
	 Crit Inc Heal: 2
	 Crit Inc Damage: 2
Haste
	 Rating: 34617
	 Multiplicative Factor: 0%
	 DR Bracket: 3
	 Base: 20%
	 Effective Percent: 78,46%
Vers
	 Rating: 3668
	 Multiplicative Factor: 0%
	 DR Bracket: 0
	 Base: 3%
	 Effective Percent: 7,7%
Leech
	 Rating: 3060
	 Multiplicative Factor: 0%
	 DR Bracket: 0
	 Base: 0%
	 Effective Percent: 3%
Avoidance
	 Rating: 0
	 Multiplicative Factor: 0%
	 DR Bracket: 0
	 Base: 0%
	 Effective Percent: 0%
Mastery
	 Rating: 11457
	 Multiplicative Factor: 0%
	 DR Bracket: 0
	 Base: 13,08%
	 Effective Percent: 25%
----------------------
02:18,800

Intellect
	 Rating: 135064
	 Multiplicative Factor: 8,15%
Stamina
	 Rating: 791228
	 Multiplicative Factor: 9,2%
Crit
	 Rating: 10844
	 Multiplicative Factor: 0%
	 DR Bracket: 0
	 Base: 5%
	 Effective Percent: 20,49%
	 Crit Inc Heal: 2
	 Crit Inc Damage: 2
Haste
	 Rating: 34617
	 Multiplicative Factor: 0%
	 DR Bracket: 3
	 Base: 20%
	 Effective Percent: 78,46%
Vers
	 Rating: 3668
	 Multiplicative Factor: 0%
	 DR Bracket: 0
	 Base: 3%
	 Effective Percent: 7,7%
Leech
	 Rating: 3060
	 Multiplicative Factor: 0%
	 DR Bracket: 0
	 Base: 0%
	 Effective Percent: 3%
Avoidance
	 Rating: 0
	 Multiplicative Factor: 0%
	 DR Bracket: 0
	 Base: 0%
	 Effective Percent: 0%
Mastery
	 Rating: 11457
	 Multiplicative Factor: 0%
	 DR Bracket: 0
	 Base: 13,08%
	 Effective Percent: 25%
----------------------
02:18,800

Intellect
	 Rating: 135064
	 Multiplicative Factor: 8,15%
Stamina
	 Rating: 791228
	 Multiplicative Factor: 9,2%
Crit
	 Rating: 10844
	 Multiplicative Factor: 0%
	 DR Bracket: 0
	 Base: 5%
	 Effective Percent: 20,49%
	 Crit Inc Heal: 2
	 Crit Inc Damage: 2
Haste
	 Rating: 34617
	 Multiplicative Factor: 0%
	 DR Bracket: 3
	 Base: 26%
	 Effective Percent: 87,38%
Vers
	 Rating: 3668
	 Multiplicative Factor: 0%
	 DR Bracket: 0
	 Base: 3%
	 Effective Percent: 7,7%
Leech
	 Rating: 3060
	 Multiplicative Factor: 0%
	 DR Bracket: 0
	 Base: 0%
	 Effective Percent: 3%
Avoidance
	 Rating: 0
	 Multiplicative Factor: 0%
	 DR Bracket: 0
	 Base: 0%
	 Effective Percent: 0%
Mastery
	 Rating: 11457
	 Multiplicative Factor: 0%
	 DR Bracket: 0
	 Base: 13,08%
	 Effective Percent: 25%
----------------------
02:21,696

Intellect
	 Rating: 135064
	 Multiplicative Factor: 8,15%
Stamina
	 Rating: 791228
	 Multiplicative Factor: 9,2%
Crit
	 Rating: 10844
	 Multiplicative Factor: 0%
	 DR Bracket: 0
	 Base: 5%
	 Effective Percent: 20,49%
	 Crit Inc Heal: 2
	 Crit Inc Damage: 2
Haste
	 Rating: 34617
	 Multiplicative Factor: 0%
	 DR Bracket: 3
	 Base: 6%
	 Effective Percent: 57,64%
Vers
	 Rating: 3668
	 Multiplicative Factor: 0%
	 DR Bracket: 0
	 Base: 3%
	 Effective Percent: 7,7%
Leech
	 Rating: 3060
	 Multiplicative Factor: 0%
	 DR Bracket: 0
	 Base: 0%
	 Effective Percent: 3%
Avoidance
	 Rating: 0
	 Multiplicative Factor: 0%
	 DR Bracket: 0
	 Base: 0%
	 Effective Percent: 0%
Mastery
	 Rating: 11457
	 Multiplicative Factor: 0%
	 DR Bracket: 0
	 Base: 13,08%
	 Effective Percent: 25%
----------------------
02:24,258

Intellect
	 Rating: 135064
	 Multiplicative Factor: 8,15%
Stamina
	 Rating: 791228
	 Multiplicative Factor: 9,2%
Crit
	 Rating: 10844
	 Multiplicative Factor: 0%
	 DR Bracket: 0
	 Base: 11%
	 Effective Percent: 26,49%
	 Crit Inc Heal: 2
	 Crit Inc Damage: 2
Haste
	 Rating: 34617
	 Multiplicative Factor: 0%
	 DR Bracket: 3
	 Base: 6%
	 Effective Percent: 57,64%
Vers
	 Rating: 3668
	 Multiplicative Factor: 0%
	 DR Bracket: 0
	 Base: 3%
	 Effective Percent: 7,7%
Leech
	 Rating: 3060
	 Multiplicative Factor: 0%
	 DR Bracket: 0
	 Base: 0%
	 Effective Percent: 3%
Avoidance
	 Rating: 0
	 Multiplicative Factor: 0%
	 DR Bracket: 0
	 Base: 0%
	 Effective Percent: 0%
Mastery
	 Rating: 11457
	 Multiplicative Factor: 0%
	 DR Bracket: 0
	 Base: 13,08%
	 Effective Percent: 25%
----------------------
02:24,258

Intellect
	 Rating: 135064
	 Multiplicative Factor: 8,15%
Stamina
	 Rating: 791228
	 Multiplicative Factor: 9,2%
Crit
	 Rating: 10844
	 Multiplicative Factor: 0%
	 DR Bracket: 0
	 Base: 11%
	 Effective Percent: 26,49%
	 Crit Inc Heal: 2
	 Crit Inc Damage: 2
Haste
	 Rating: 34617
	 Multiplicative Factor: 0%
	 DR Bracket: 3
	 Base: 0%
	 Effective Percent: 48,72%
Vers
	 Rating: 3668
	 Multiplicative Factor: 0%
	 DR Bracket: 0
	 Base: 3%
	 Effective Percent: 7,7%
Leech
	 Rating: 3060
	 Multiplicative Factor: 0%
	 DR Bracket: 0
	 Base: 0%
	 Effective Percent: 3%
Avoidance
	 Rating: 0
	 Multiplicative Factor: 0%
	 DR Bracket: 0
	 Base: 0%
	 Effective Percent: 0%
Mastery
	 Rating: 11457
	 Multiplicative Factor: 0%
	 DR Bracket: 0
	 Base: 13,08%
	 Effective Percent: 25%
----------------------
02:35,234

Intellect
	 Rating: 135064
	 Multiplicative Factor: 8,15%
Stamina
	 Rating: 791228
	 Multiplicative Factor: 9,2%
Crit
	 Rating: 10844
	 Multiplicative Factor: 0%
	 DR Bracket: 0
	 Base: 5%
	 Effective Percent: 20,49%
	 Crit Inc Heal: 2
	 Crit Inc Damage: 2
Haste
	 Rating: 34617
	 Multiplicative Factor: 0%
	 DR Bracket: 3
	 Base: 0%
	 Effective Percent: 48,72%
Vers
	 Rating: 3668
	 Multiplicative Factor: 0%
	 DR Bracket: 0
	 Base: 3%
	 Effective Percent: 7,7%
Leech
	 Rating: 3060
	 Multiplicative Factor: 0%
	 DR Bracket: 0
	 Base: 0%
	 Effective Percent: 3%
Avoidance
	 Rating: 0
	 Multiplicative Factor: 0%
	 DR Bracket: 0
	 Base: 0%
	 Effective Percent: 0%
Mastery
	 Rating: 11457
	 Multiplicative Factor: 0%
	 DR Bracket: 0
	 Base: 13,08%
	 Effective Percent: 25%
----------------------
02:35,234

Intellect
	 Rating: 135064
	 Multiplicative Factor: 8,15%
Stamina
	 Rating: 791228
	 Multiplicative Factor: 9,2%
Crit
	 Rating: 10844
	 Multiplicative Factor: 0%
	 DR Bracket: 0
	 Base: 5%
	 Effective Percent: 20,49%
	 Crit Inc Heal: 2
	 Crit Inc Damage: 2
Haste
	 Rating: 34617
	 Multiplicative Factor: 0%
	 DR Bracket: 3
	 Base: 6%
	 Effective Percent: 57,64%
Vers
	 Rating: 3668
	 Multiplicative Factor: 0%
	 DR Bracket: 0
	 Base: 3%
	 Effective Percent: 7,7%
Leech
	 Rating: 3060
	 Multiplicative Factor: 0%
	 DR Bracket: 0
	 Base: 0%
	 Effective Percent: 3%
Avoidance
	 Rating: 0
	 Multiplicative Factor: 0%
	 DR Bracket: 0
	 Base: 0%
	 Effective Percent: 0%
Mastery
	 Rating: 11457
	 Multiplicative Factor: 0%
	 DR Bracket: 0
	 Base: 13,08%
	 Effective Percent: 25%
----------------------
02:36,238

Intellect
	 Rating: 135064
	 Multiplicative Factor: 8,15%
Stamina
	 Rating: 791228
	 Multiplicative Factor: 9,2%
Crit
	 Rating: 10844
	 Multiplicative Factor: 0%
	 DR Bracket: 0
	 Base: 11%
	 Effective Percent: 26,49%
	 Crit Inc Heal: 2
	 Crit Inc Damage: 2
Haste
	 Rating: 34617
	 Multiplicative Factor: 0%
	 DR Bracket: 3
	 Base: 6%
	 Effective Percent: 57,64%
Vers
	 Rating: 3668
	 Multiplicative Factor: 0%
	 DR Bracket: 0
	 Base: 3%
	 Effective Percent: 7,7%
Leech
	 Rating: 3060
	 Multiplicative Factor: 0%
	 DR Bracket: 0
	 Base: 0%
	 Effective Percent: 3%
Avoidance
	 Rating: 0
	 Multiplicative Factor: 0%
	 DR Bracket: 0
	 Base: 0%
	 Effective Percent: 0%
Mastery
	 Rating: 11457
	 Multiplicative Factor: 0%
	 DR Bracket: 0
	 Base: 13,08%
	 Effective Percent: 25%
----------------------
02:36,238

Intellect
	 Rating: 135064
	 Multiplicative Factor: 8,15%
Stamina
	 Rating: 791228
	 Multiplicative Factor: 9,2%
Crit
	 Rating: 10844
	 Multiplicative Factor: 0%
	 DR Bracket: 0
	 Base: 11%
	 Effective Percent: 26,49%
	 Crit Inc Heal: 2
	 Crit Inc Damage: 2
Haste
	 Rating: 34617
	 Multiplicative Factor: 0%
	 DR Bracket: 3
	 Base: 0%
	 Effective Percent: 48,72%
Vers
	 Rating: 3668
	 Multiplicative Factor: 0%
	 DR Bracket: 0
	 Base: 3%
	 Effective Percent: 7,7%
Leech
	 Rating: 3060
	 Multiplicative Factor: 0%
	 DR Bracket: 0
	 Base: 0%
	 Effective Percent: 3%
Avoidance
	 Rating: 0
	 Multiplicative Factor: 0%
	 DR Bracket: 0
	 Base: 0%
	 Effective Percent: 0%
Mastery
	 Rating: 11457
	 Multiplicative Factor: 0%
	 DR Bracket: 0
	 Base: 13,08%
	 Effective Percent: 25%
----------------------
02:43,844

Intellect
	 Rating: 135064
	 Multiplicative Factor: 8,15%
Stamina
	 Rating: 791228
	 Multiplicative Factor: 9,2%
Crit
	 Rating: 10844
	 Multiplicative Factor: 0%
	 DR Bracket: 0
	 Base: 5%
	 Effective Percent: 20,49%
	 Crit Inc Heal: 2
	 Crit Inc Damage: 2
Haste
	 Rating: 34617
	 Multiplicative Factor: 0%
	 DR Bracket: 3
	 Base: 0%
	 Effective Percent: 48,72%
Vers
	 Rating: 3668
	 Multiplicative Factor: 0%
	 DR Bracket: 0
	 Base: 3%
	 Effective Percent: 7,7%
Leech
	 Rating: 3060
	 Multiplicative Factor: 0%
	 DR Bracket: 0
	 Base: 0%
	 Effective Percent: 3%
Avoidance
	 Rating: 0
	 Multiplicative Factor: 0%
	 DR Bracket: 0
	 Base: 0%
	 Effective Percent: 0%
Mastery
	 Rating: 11457
	 Multiplicative Factor: 0%
	 DR Bracket: 0
	 Base: 13,08%
	 Effective Percent: 25%
----------------------
02:43,844

Intellect
	 Rating: 135064
	 Multiplicative Factor: 8,15%
Stamina
	 Rating: 791228
	 Multiplicative Factor: 9,2%
Crit
	 Rating: 10844
	 Multiplicative Factor: 0%
	 DR Bracket: 0
	 Base: 5%
	 Effective Percent: 20,49%
	 Crit Inc Heal: 2
	 Crit Inc Damage: 2
Haste
	 Rating: 34617
	 Multiplicative Factor: 0%
	 DR Bracket: 3
	 Base: 6%
	 Effective Percent: 57,64%
Vers
	 Rating: 3668
	 Multiplicative Factor: 0%
	 DR Bracket: 0
	 Base: 3%
	 Effective Percent: 7,7%
Leech
	 Rating: 3060
	 Multiplicative Factor: 0%
	 DR Bracket: 0
	 Base: 0%
	 Effective Percent: 3%
Avoidance
	 Rating: 0
	 Multiplicative Factor: 0%
	 DR Bracket: 0
	 Base: 0%
	 Effective Percent: 0%
Mastery
	 Rating: 11457
	 Multiplicative Factor: 0%
	 DR Bracket: 0
	 Base: 13,08%
	 Effective Percent: 25%
----------------------
02:49,997

Intellect
	 Rating: 135064
	 Multiplicative Factor: 8,15%
Stamina
	 Rating: 791228
	 Multiplicative Factor: 9,2%
Crit
	 Rating: 10844
	 Multiplicative Factor: 0%
	 DR Bracket: 0
	 Base: 11%
	 Effective Percent: 26,49%
	 Crit Inc Heal: 2
	 Crit Inc Damage: 2
Haste
	 Rating: 34617
	 Multiplicative Factor: 0%
	 DR Bracket: 3
	 Base: 6%
	 Effective Percent: 57,64%
Vers
	 Rating: 3668
	 Multiplicative Factor: 0%
	 DR Bracket: 0
	 Base: 3%
	 Effective Percent: 7,7%
Leech
	 Rating: 3060
	 Multiplicative Factor: 0%
	 DR Bracket: 0
	 Base: 0%
	 Effective Percent: 3%
Avoidance
	 Rating: 0
	 Multiplicative Factor: 0%
	 DR Bracket: 0
	 Base: 0%
	 Effective Percent: 0%
Mastery
	 Rating: 11457
	 Multiplicative Factor: 0%
	 DR Bracket: 0
	 Base: 13,08%
	 Effective Percent: 25%
----------------------
02:49,997

Intellect
	 Rating: 135064
	 Multiplicative Factor: 8,15%
Stamina
	 Rating: 791228
	 Multiplicative Factor: 9,2%
Crit
	 Rating: 10844
	 Multiplicative Factor: 0%
	 DR Bracket: 0
	 Base: 11%
	 Effective Percent: 26,49%
	 Crit Inc Heal: 2
	 Crit Inc Damage: 2
Haste
	 Rating: 34617
	 Multiplicative Factor: 0%
	 DR Bracket: 3
	 Base: 0%
	 Effective Percent: 48,72%
Vers
	 Rating: 3668
	 Multiplicative Factor: 0%
	 DR Bracket: 0
	 Base: 3%
	 Effective Percent: 7,7%
Leech
	 Rating: 3060
	 Multiplicative Factor: 0%
	 DR Bracket: 0
	 Base: 0%
	 Effective Percent: 3%
Avoidance
	 Rating: 0
	 Multiplicative Factor: 0%
	 DR Bracket: 0
	 Base: 0%
	 Effective Percent: 0%
Mastery
	 Rating: 11457
	 Multiplicative Factor: 0%
	 DR Bracket: 0
	 Base: 13,08%
	 Effective Percent: 25%
----------------------
02:54,870

Intellect
	 Rating: 135064
	 Multiplicative Factor: 8,15%
Stamina
	 Rating: 791228
	 Multiplicative Factor: 9,2%
Crit
	 Rating: 10844
	 Multiplicative Factor: 0%
	 DR Bracket: 0
	 Base: 11%
	 Effective Percent: 26,49%
	 Crit Inc Heal: 2
	 Crit Inc Damage: 2
Haste
	 Rating: 34617
	 Multiplicative Factor: 0%
	 DR Bracket: 3
	 Base: 0%
	 Effective Percent: 48,72%
Vers
	 Rating: 3668
	 Multiplicative Factor: 0%
	 DR Bracket: 0
	 Base: 3%
	 Effective Percent: 7,7%
Leech
	 Rating: 3060
	 Multiplicative Factor: 0%
	 DR Bracket: 0
	 Base: 0%
	 Effective Percent: 3%
Avoidance
	 Rating: 0
	 Multiplicative Factor: 0%
	 DR Bracket: 0
	 Base: 0%
	 Effective Percent: 0%
Mastery
	 Rating: 11457
	 Multiplicative Factor: 0%
	 DR Bracket: 0
	 Base: 11,62%
	 Effective Percent: 23,54%
----------------------
02:54,870

Intellect
	 Rating: 135064
	 Multiplicative Factor: 8,15%
Stamina
	 Rating: 791228
	 Multiplicative Factor: 9,2%
Crit
	 Rating: 10844
	 Multiplicative Factor: 0%
	 DR Bracket: 0
	 Base: 11%
	 Effective Percent: 26,49%
	 Crit Inc Heal: 2
	 Crit Inc Damage: 2
Haste
	 Rating: 34617
	 Multiplicative Factor: 0%
	 DR Bracket: 3
	 Base: 0%
	 Effective Percent: 48,72%
Vers
	 Rating: 3668
	 Multiplicative Factor: 0%
	 DR Bracket: 0
	 Base: 3%
	 Effective Percent: 7,7%
Leech
	 Rating: 3060
	 Multiplicative Factor: 0%
	 DR Bracket: 0
	 Base: 0%
	 Effective Percent: 3%
Avoidance
	 Rating: 0
	 Multiplicative Factor: 0%
	 DR Bracket: 0
	 Base: 0%
	 Effective Percent: 0%
Mastery
	 Rating: 11457
	 Multiplicative Factor: 0%
	 DR Bracket: 0
	 Base: 13,08%
	 Effective Percent: 25%
----------------------
03:13,084

Intellect
	 Rating: 135064
	 Multiplicative Factor: 8,15%
Stamina
	 Rating: 791228
	 Multiplicative Factor: 9,2%
Crit
	 Rating: 10844
	 Multiplicative Factor: 0%
	 DR Bracket: 0
	 Base: 5%
	 Effective Percent: 20,49%
	 Crit Inc Heal: 2
	 Crit Inc Damage: 2
Haste
	 Rating: 34617
	 Multiplicative Factor: 0%
	 DR Bracket: 3
	 Base: 0%
	 Effective Percent: 48,72%
Vers
	 Rating: 3668
	 Multiplicative Factor: 0%
	 DR Bracket: 0
	 Base: 3%
	 Effective Percent: 7,7%
Leech
	 Rating: 3060
	 Multiplicative Factor: 0%
	 DR Bracket: 0
	 Base: 0%
	 Effective Percent: 3%
Avoidance
	 Rating: 0
	 Multiplicative Factor: 0%
	 DR Bracket: 0
	 Base: 0%
	 Effective Percent: 0%
Mastery
	 Rating: 11457
	 Multiplicative Factor: 0%
	 DR Bracket: 0
	 Base: 13,08%
	 Effective Percent: 25%
----------------------
03:13,084

Intellect
	 Rating: 135064
	 Multiplicative Factor: 8,15%
Stamina
	 Rating: 791228
	 Multiplicative Factor: 9,2%
Crit
	 Rating: 10844
	 Multiplicative Factor: 0%
	 DR Bracket: 0
	 Base: 5%
	 Effective Percent: 20,49%
	 Crit Inc Heal: 2
	 Crit Inc Damage: 2
Haste
	 Rating: 34617
	 Multiplicative Factor: 0%
	 DR Bracket: 3
	 Base: 6%
	 Effective Percent: 57,64%
Vers
	 Rating: 3668
	 Multiplicative Factor: 0%
	 DR Bracket: 0
	 Base: 3%
	 Effective Percent: 7,7%
Leech
	 Rating: 3060
	 Multiplicative Factor: 0%
	 DR Bracket: 0
	 Base: 0%
	 Effective Percent: 3%
Avoidance
	 Rating: 0
	 Multiplicative Factor: 0%
	 DR Bracket: 0
	 Base: 0%
	 Effective Percent: 0%
Mastery
	 Rating: 11457
	 Multiplicative Factor: 0%
	 DR Bracket: 0
	 Base: 13,08%
	 Effective Percent: 25%
----------------------
03:15,236

Intellect
	 Rating: 135064
	 Multiplicative Factor: 8,15%
Stamina
	 Rating: 791228
	 Multiplicative Factor: 9,2%
Crit
	 Rating: 10844
	 Multiplicative Factor: 0%
	 DR Bracket: 0
	 Base: 11%
	 Effective Percent: 26,49%
	 Crit Inc Heal: 2
	 Crit Inc Damage: 2
Haste
	 Rating: 34617
	 Multiplicative Factor: 0%
	 DR Bracket: 3
	 Base: 6%
	 Effective Percent: 57,64%
Vers
	 Rating: 3668
	 Multiplicative Factor: 0%
	 DR Bracket: 0
	 Base: 3%
	 Effective Percent: 7,7%
Leech
	 Rating: 3060
	 Multiplicative Factor: 0%
	 DR Bracket: 0
	 Base: 0%
	 Effective Percent: 3%
Avoidance
	 Rating: 0
	 Multiplicative Factor: 0%
	 DR Bracket: 0
	 Base: 0%
	 Effective Percent: 0%
Mastery
	 Rating: 11457
	 Multiplicative Factor: 0%
	 DR Bracket: 0
	 Base: 13,08%
	 Effective Percent: 25%
----------------------
03:15,236

Intellect
	 Rating: 135064
	 Multiplicative Factor: 8,15%
Stamina
	 Rating: 791228
	 Multiplicative Factor: 9,2%
Crit
	 Rating: 10844
	 Multiplicative Factor: 0%
	 DR Bracket: 0
	 Base: 11%
	 Effective Percent: 26,49%
	 Crit Inc Heal: 2
	 Crit Inc Damage: 2
Haste
	 Rating: 34617
	 Multiplicative Factor: 0%
	 DR Bracket: 3
	 Base: 0%
	 Effective Percent: 48,72%
Vers
	 Rating: 3668
	 Multiplicative Factor: 0%
	 DR Bracket: 0
	 Base: 3%
	 Effective Percent: 7,7%
Leech
	 Rating: 3060
	 Multiplicative Factor: 0%
	 DR Bracket: 0
	 Base: 0%
	 Effective Percent: 3%
Avoidance
	 Rating: 0
	 Multiplicative Factor: 0%
	 DR Bracket: 0
	 Base: 0%
	 Effective Percent: 0%
Mastery
	 Rating: 11457
	 Multiplicative Factor: 0%
	 DR Bracket: 0
	 Base: 13,08%
	 Effective Percent: 25%
----------------------
03:27,689

Intellect
	 Rating: 135064
	 Multiplicative Factor: 8,15%
Stamina
	 Rating: 791228
	 Multiplicative Factor: 9,2%
Crit
	 Rating: 10844
	 Multiplicative Factor: 0%
	 DR Bracket: 0
	 Base: 5%
	 Effective Percent: 20,49%
	 Crit Inc Heal: 2
	 Crit Inc Damage: 2
Haste
	 Rating: 34617
	 Multiplicative Factor: 0%
	 DR Bracket: 3
	 Base: 0%
	 Effective Percent: 48,72%
Vers
	 Rating: 3668
	 Multiplicative Factor: 0%
	 DR Bracket: 0
	 Base: 3%
	 Effective Percent: 7,7%
Leech
	 Rating: 3060
	 Multiplicative Factor: 0%
	 DR Bracket: 0
	 Base: 0%
	 Effective Percent: 3%
Avoidance
	 Rating: 0
	 Multiplicative Factor: 0%
	 DR Bracket: 0
	 Base: 0%
	 Effective Percent: 0%
Mastery
	 Rating: 11457
	 Multiplicative Factor: 0%
	 DR Bracket: 0
	 Base: 13,08%
	 Effective Percent: 25%
----------------------
03:27,689

Intellect
	 Rating: 135064
	 Multiplicative Factor: 8,15%
Stamina
	 Rating: 791228
	 Multiplicative Factor: 9,2%
Crit
	 Rating: 10844
	 Multiplicative Factor: 0%
	 DR Bracket: 0
	 Base: 5%
	 Effective Percent: 20,49%
	 Crit Inc Heal: 2
	 Crit Inc Damage: 2
Haste
	 Rating: 34617
	 Multiplicative Factor: 0%
	 DR Bracket: 3
	 Base: 6%
	 Effective Percent: 57,64%
Vers
	 Rating: 3668
	 Multiplicative Factor: 0%
	 DR Bracket: 0
	 Base: 3%
	 Effective Percent: 7,7%
Leech
	 Rating: 3060
	 Multiplicative Factor: 0%
	 DR Bracket: 0
	 Base: 0%
	 Effective Percent: 3%
Avoidance
	 Rating: 0
	 Multiplicative Factor: 0%
	 DR Bracket: 0
	 Base: 0%
	 Effective Percent: 0%
Mastery
	 Rating: 11457
	 Multiplicative Factor: 0%
	 DR Bracket: 0
	 Base: 13,08%
	 Effective Percent: 25%
----------------------
03:30,557

Intellect
	 Rating: 135064
	 Multiplicative Factor: 8,15%
Stamina
	 Rating: 791228
	 Multiplicative Factor: 9,2%
Crit
	 Rating: 10844
	 Multiplicative Factor: 0%
	 DR Bracket: 0
	 Base: 11%
	 Effective Percent: 26,49%
	 Crit Inc Heal: 2
	 Crit Inc Damage: 2
Haste
	 Rating: 34617
	 Multiplicative Factor: 0%
	 DR Bracket: 3
	 Base: 6%
	 Effective Percent: 57,64%
Vers
	 Rating: 3668
	 Multiplicative Factor: 0%
	 DR Bracket: 0
	 Base: 3%
	 Effective Percent: 7,7%
Leech
	 Rating: 3060
	 Multiplicative Factor: 0%
	 DR Bracket: 0
	 Base: 0%
	 Effective Percent: 3%
Avoidance
	 Rating: 0
	 Multiplicative Factor: 0%
	 DR Bracket: 0
	 Base: 0%
	 Effective Percent: 0%
Mastery
	 Rating: 11457
	 Multiplicative Factor: 0%
	 DR Bracket: 0
	 Base: 13,08%
	 Effective Percent: 25%
----------------------
03:30,558

Intellect
	 Rating: 135064
	 Multiplicative Factor: 8,15%
Stamina
	 Rating: 791228
	 Multiplicative Factor: 9,2%
Crit
	 Rating: 10844
	 Multiplicative Factor: 0%
	 DR Bracket: 0
	 Base: 11%
	 Effective Percent: 26,49%
	 Crit Inc Heal: 2
	 Crit Inc Damage: 2
Haste
	 Rating: 34617
	 Multiplicative Factor: 0%
	 DR Bracket: 3
	 Base: 0%
	 Effective Percent: 48,72%
Vers
	 Rating: 3668
	 Multiplicative Factor: 0%
	 DR Bracket: 0
	 Base: 3%
	 Effective Percent: 7,7%
Leech
	 Rating: 3060
	 Multiplicative Factor: 0%
	 DR Bracket: 0
	 Base: 0%
	 Effective Percent: 3%
Avoidance
	 Rating: 0
	 Multiplicative Factor: 0%
	 DR Bracket: 0
	 Base: 0%
	 Effective Percent: 0%
Mastery
	 Rating: 11457
	 Multiplicative Factor: 0%
	 DR Bracket: 0
	 Base: 13,08%
	 Effective Percent: 25%
----------------------
03:40,592

Intellect
	 Rating: 135064
	 Multiplicative Factor: 8,15%
Stamina
	 Rating: 791228
	 Multiplicative Factor: 9,2%
Crit
	 Rating: 10844
	 Multiplicative Factor: 0%
	 DR Bracket: 0
	 Base: 5%
	 Effective Percent: 20,49%
	 Crit Inc Heal: 2
	 Crit Inc Damage: 2
Haste
	 Rating: 34617
	 Multiplicative Factor: 0%
	 DR Bracket: 3
	 Base: 0%
	 Effective Percent: 48,72%
Vers
	 Rating: 3668
	 Multiplicative Factor: 0%
	 DR Bracket: 0
	 Base: 3%
	 Effective Percent: 7,7%
Leech
	 Rating: 3060
	 Multiplicative Factor: 0%
	 DR Bracket: 0
	 Base: 0%
	 Effective Percent: 3%
Avoidance
	 Rating: 0
	 Multiplicative Factor: 0%
	 DR Bracket: 0
	 Base: 0%
	 Effective Percent: 0%
Mastery
	 Rating: 11457
	 Multiplicative Factor: 0%
	 DR Bracket: 0
	 Base: 13,08%
	 Effective Percent: 25%
----------------------
03:40,592

Intellect
	 Rating: 135064
	 Multiplicative Factor: 8,15%
Stamina
	 Rating: 791228
	 Multiplicative Factor: 9,2%
Crit
	 Rating: 10844
	 Multiplicative Factor: 0%
	 DR Bracket: 0
	 Base: 5%
	 Effective Percent: 20,49%
	 Crit Inc Heal: 2
	 Crit Inc Damage: 2
Haste
	 Rating: 34617
	 Multiplicative Factor: 0%
	 DR Bracket: 3
	 Base: 6%
	 Effective Percent: 57,64%
Vers
	 Rating: 3668
	 Multiplicative Factor: 0%
	 DR Bracket: 0
	 Base: 3%
	 Effective Percent: 7,7%
Leech
	 Rating: 3060
	 Multiplicative Factor: 0%
	 DR Bracket: 0
	 Base: 0%
	 Effective Percent: 3%
Avoidance
	 Rating: 0
	 Multiplicative Factor: 0%
	 DR Bracket: 0
	 Base: 0%
	 Effective Percent: 0%
Mastery
	 Rating: 11457
	 Multiplicative Factor: 0%
	 DR Bracket: 0
	 Base: 13,08%
	 Effective Percent: 25%
----------------------
03:44,166

Intellect
	 Rating: 135064
	 Multiplicative Factor: 8,15%
Stamina
	 Rating: 791228
	 Multiplicative Factor: 9,2%
Crit
	 Rating: 10844
	 Multiplicative Factor: 0%
	 DR Bracket: 0
	 Base: 11%
	 Effective Percent: 26,49%
	 Crit Inc Heal: 2
	 Crit Inc Damage: 2
Haste
	 Rating: 34617
	 Multiplicative Factor: 0%
	 DR Bracket: 3
	 Base: 6%
	 Effective Percent: 57,64%
Vers
	 Rating: 3668
	 Multiplicative Factor: 0%
	 DR Bracket: 0
	 Base: 3%
	 Effective Percent: 7,7%
Leech
	 Rating: 3060
	 Multiplicative Factor: 0%
	 DR Bracket: 0
	 Base: 0%
	 Effective Percent: 3%
Avoidance
	 Rating: 0
	 Multiplicative Factor: 0%
	 DR Bracket: 0
	 Base: 0%
	 Effective Percent: 0%
Mastery
	 Rating: 11457
	 Multiplicative Factor: 0%
	 DR Bracket: 0
	 Base: 13,08%
	 Effective Percent: 25%
----------------------
03:44,166

Intellect
	 Rating: 135064
	 Multiplicative Factor: 8,15%
Stamina
	 Rating: 791228
	 Multiplicative Factor: 9,2%
Crit
	 Rating: 10844
	 Multiplicative Factor: 0%
	 DR Bracket: 0
	 Base: 11%
	 Effective Percent: 26,49%
	 Crit Inc Heal: 2
	 Crit Inc Damage: 2
Haste
	 Rating: 34617
	 Multiplicative Factor: 0%
	 DR Bracket: 3
	 Base: 0%
	 Effective Percent: 48,72%
Vers
	 Rating: 3668
	 Multiplicative Factor: 0%
	 DR Bracket: 0
	 Base: 3%
	 Effective Percent: 7,7%
Leech
	 Rating: 3060
	 Multiplicative Factor: 0%
	 DR Bracket: 0
	 Base: 0%
	 Effective Percent: 3%
Avoidance
	 Rating: 0
	 Multiplicative Factor: 0%
	 DR Bracket: 0
	 Base: 0%
	 Effective Percent: 0%
Mastery
	 Rating: 11457
	 Multiplicative Factor: 0%
	 DR Bracket: 0
	 Base: 13,08%
	 Effective Percent: 25%
----------------------
03:45,100

Intellect
	 Rating: 135064
	 Multiplicative Factor: 8,15%
Stamina
	 Rating: 791228
	 Multiplicative Factor: 9,2%
Crit
	 Rating: 10844
	 Multiplicative Factor: 0%
	 DR Bracket: 0
	 Base: 5%
	 Effective Percent: 20,49%
	 Crit Inc Heal: 2
	 Crit Inc Damage: 2
Haste
	 Rating: 34617
	 Multiplicative Factor: 0%
	 DR Bracket: 3
	 Base: 0%
	 Effective Percent: 48,72%
Vers
	 Rating: 3668
	 Multiplicative Factor: 0%
	 DR Bracket: 0
	 Base: 3%
	 Effective Percent: 7,7%
Leech
	 Rating: 3060
	 Multiplicative Factor: 0%
	 DR Bracket: 0
	 Base: 0%
	 Effective Percent: 3%
Avoidance
	 Rating: 0
	 Multiplicative Factor: 0%
	 DR Bracket: 0
	 Base: 0%
	 Effective Percent: 0%
Mastery
	 Rating: 11457
	 Multiplicative Factor: 0%
	 DR Bracket: 0
	 Base: 13,08%
	 Effective Percent: 25%
----------------------
03:45,100

Intellect
	 Rating: 135064
	 Multiplicative Factor: 8,15%
Stamina
	 Rating: 791228
	 Multiplicative Factor: 9,2%
Crit
	 Rating: 10844
	 Multiplicative Factor: 0%
	 DR Bracket: 0
	 Base: 5%
	 Effective Percent: 20,49%
	 Crit Inc Heal: 2
	 Crit Inc Damage: 2
Haste
	 Rating: 34617
	 Multiplicative Factor: 0%
	 DR Bracket: 3
	 Base: 6%
	 Effective Percent: 57,64%
Vers
	 Rating: 3668
	 Multiplicative Factor: 0%
	 DR Bracket: 0
	 Base: 3%
	 Effective Percent: 7,7%
Leech
	 Rating: 3060
	 Multiplicative Factor: 0%
	 DR Bracket: 0
	 Base: 0%
	 Effective Percent: 3%
Avoidance
	 Rating: 0
	 Multiplicative Factor: 0%
	 DR Bracket: 0
	 Base: 0%
	 Effective Percent: 0%
Mastery
	 Rating: 11457
	 Multiplicative Factor: 0%
	 DR Bracket: 0
	 Base: 13,08%
	 Effective Percent: 25%
----------------------
03:46,113

Intellect
	 Rating: 135064
	 Multiplicative Factor: 8,15%
Stamina
	 Rating: 791228
	 Multiplicative Factor: 9,2%
Crit
	 Rating: 10844
	 Multiplicative Factor: 0%
	 DR Bracket: 0
	 Base: 11%
	 Effective Percent: 26,49%
	 Crit Inc Heal: 2
	 Crit Inc Damage: 2
Haste
	 Rating: 34617
	 Multiplicative Factor: 0%
	 DR Bracket: 3
	 Base: 6%
	 Effective Percent: 57,64%
Vers
	 Rating: 3668
	 Multiplicative Factor: 0%
	 DR Bracket: 0
	 Base: 3%
	 Effective Percent: 7,7%
Leech
	 Rating: 3060
	 Multiplicative Factor: 0%
	 DR Bracket: 0
	 Base: 0%
	 Effective Percent: 3%
Avoidance
	 Rating: 0
	 Multiplicative Factor: 0%
	 DR Bracket: 0
	 Base: 0%
	 Effective Percent: 0%
Mastery
	 Rating: 11457
	 Multiplicative Factor: 0%
	 DR Bracket: 0
	 Base: 13,08%
	 Effective Percent: 25%
----------------------
03:46,113

Intellect
	 Rating: 135064
	 Multiplicative Factor: 8,15%
Stamina
	 Rating: 791228
	 Multiplicative Factor: 9,2%
Crit
	 Rating: 10844
	 Multiplicative Factor: 0%
	 DR Bracket: 0
	 Base: 11%
	 Effective Percent: 26,49%
	 Crit Inc Heal: 2
	 Crit Inc Damage: 2
Haste
	 Rating: 34617
	 Multiplicative Factor: 0%
	 DR Bracket: 3
	 Base: 0%
	 Effective Percent: 48,72%
Vers
	 Rating: 3668
	 Multiplicative Factor: 0%
	 DR Bracket: 0
	 Base: 3%
	 Effective Percent: 7,7%
Leech
	 Rating: 3060
	 Multiplicative Factor: 0%
	 DR Bracket: 0
	 Base: 0%
	 Effective Percent: 3%
Avoidance
	 Rating: 0
	 Multiplicative Factor: 0%
	 DR Bracket: 0
	 Base: 0%
	 Effective Percent: 0%
Mastery
	 Rating: 11457
	 Multiplicative Factor: 0%
	 DR Bracket: 0
	 Base: 13,08%
	 Effective Percent: 25%
----------------------
03:52,336

Intellect
	 Rating: 135064
	 Multiplicative Factor: 8,15%
Stamina
	 Rating: 791228
	 Multiplicative Factor: 9,2%
Crit
	 Rating: 10844
	 Multiplicative Factor: 0%
	 DR Bracket: 0
	 Base: 5%
	 Effective Percent: 20,49%
	 Crit Inc Heal: 2
	 Crit Inc Damage: 2
Haste
	 Rating: 34617
	 Multiplicative Factor: 0%
	 DR Bracket: 3
	 Base: 0%
	 Effective Percent: 48,72%
Vers
	 Rating: 3668
	 Multiplicative Factor: 0%
	 DR Bracket: 0
	 Base: 3%
	 Effective Percent: 7,7%
Leech
	 Rating: 3060
	 Multiplicative Factor: 0%
	 DR Bracket: 0
	 Base: 0%
	 Effective Percent: 3%
Avoidance
	 Rating: 0
	 Multiplicative Factor: 0%
	 DR Bracket: 0
	 Base: 0%
	 Effective Percent: 0%
Mastery
	 Rating: 11457
	 Multiplicative Factor: 0%
	 DR Bracket: 0
	 Base: 13,08%
	 Effective Percent: 25%
----------------------
03:52,336

Intellect
	 Rating: 135064
	 Multiplicative Factor: 8,15%
Stamina
	 Rating: 791228
	 Multiplicative Factor: 9,2%
Crit
	 Rating: 10844
	 Multiplicative Factor: 0%
	 DR Bracket: 0
	 Base: 5%
	 Effective Percent: 20,49%
	 Crit Inc Heal: 2
	 Crit Inc Damage: 2
Haste
	 Rating: 34617
	 Multiplicative Factor: 0%
	 DR Bracket: 3
	 Base: 6%
	 Effective Percent: 57,64%
Vers
	 Rating: 3668
	 Multiplicative Factor: 0%
	 DR Bracket: 0
	 Base: 3%
	 Effective Percent: 7,7%
Leech
	 Rating: 3060
	 Multiplicative Factor: 0%
	 DR Bracket: 0
	 Base: 0%
	 Effective Percent: 3%
Avoidance
	 Rating: 0
	 Multiplicative Factor: 0%
	 DR Bracket: 0
	 Base: 0%
	 Effective Percent: 0%
Mastery
	 Rating: 11457
	 Multiplicative Factor: 0%
	 DR Bracket: 0
	 Base: 13,08%
	 Effective Percent: 25%
----------------------
04:01,725

Intellect
	 Rating: 135064
	 Multiplicative Factor: 8,15%
Stamina
	 Rating: 791228
	 Multiplicative Factor: 9,2%
Crit
	 Rating: 10844
	 Multiplicative Factor: 0%
	 DR Bracket: 0
	 Base: 5%
	 Effective Percent: 20,49%
	 Crit Inc Heal: 2
	 Crit Inc Damage: 2
Haste
	 Rating: 34617
	 Multiplicative Factor: 0%
	 DR Bracket: 3
	 Base: 6%
	 Effective Percent: 57,64%
Vers
	 Rating: 3668
	 Multiplicative Factor: 0%
	 DR Bracket: 0
	 Base: 9%
	 Effective Percent: 13,7%
Leech
	 Rating: 3060
	 Multiplicative Factor: 0%
	 DR Bracket: 0
	 Base: 0%
	 Effective Percent: 3%
Avoidance
	 Rating: 0
	 Multiplicative Factor: 0%
	 DR Bracket: 0
	 Base: 0%
	 Effective Percent: 0%
Mastery
	 Rating: 11457
	 Multiplicative Factor: 0%
	 DR Bracket: 0
	 Base: 13,08%
	 Effective Percent: 25%
----------------------
04:01,725

Intellect
	 Rating: 135064
	 Multiplicative Factor: 8,15%
Stamina
	 Rating: 791228
	 Multiplicative Factor: 9,2%
Crit
	 Rating: 10844
	 Multiplicative Factor: 0%
	 DR Bracket: 0
	 Base: 5%
	 Effective Percent: 20,49%
	 Crit Inc Heal: 2
	 Crit Inc Damage: 2
Haste
	 Rating: 34617
	 Multiplicative Factor: 0%
	 DR Bracket: 3
	 Base: 0%
	 Effective Percent: 48,72%
Vers
	 Rating: 3668
	 Multiplicative Factor: 0%
	 DR Bracket: 0
	 Base: 9%
	 Effective Percent: 13,7%
Leech
	 Rating: 3060
	 Multiplicative Factor: 0%
	 DR Bracket: 0
	 Base: 0%
	 Effective Percent: 3%
Avoidance
	 Rating: 0
	 Multiplicative Factor: 0%
	 DR Bracket: 0
	 Base: 0%
	 Effective Percent: 0%
Mastery
	 Rating: 11457
	 Multiplicative Factor: 0%
	 DR Bracket: 0
	 Base: 13,08%
	 Effective Percent: 25%
----------------------
04:02,995

Intellect
	 Rating: 135064
	 Multiplicative Factor: 8,15%
Stamina
	 Rating: 791228
	 Multiplicative Factor: 9,2%
Crit
	 Rating: 10844
	 Multiplicative Factor: 0%
	 DR Bracket: 0
	 Base: 5%
	 Effective Percent: 20,49%
	 Crit Inc Heal: 2
	 Crit Inc Damage: 2
Haste
	 Rating: 34617
	 Multiplicative Factor: 0%
	 DR Bracket: 3
	 Base: 0%
	 Effective Percent: 48,72%
Vers
	 Rating: 3668
	 Multiplicative Factor: 0%
	 DR Bracket: 0
	 Base: 3%
	 Effective Percent: 7,7%
Leech
	 Rating: 3060
	 Multiplicative Factor: 0%
	 DR Bracket: 0
	 Base: 0%
	 Effective Percent: 3%
Avoidance
	 Rating: 0
	 Multiplicative Factor: 0%
	 DR Bracket: 0
	 Base: 0%
	 Effective Percent: 0%
Mastery
	 Rating: 11457
	 Multiplicative Factor: 0%
	 DR Bracket: 0
	 Base: 13,08%
	 Effective Percent: 25%
----------------------
04:02,995

Intellect
	 Rating: 135064
	 Multiplicative Factor: 8,15%
Stamina
	 Rating: 791228
	 Multiplicative Factor: 9,2%
Crit
	 Rating: 10844
	 Multiplicative Factor: 0%
	 DR Bracket: 0
	 Base: 5%
	 Effective Percent: 20,49%
	 Crit Inc Heal: 2
	 Crit Inc Damage: 2
Haste
	 Rating: 34617
	 Multiplicative Factor: 0%
	 DR Bracket: 3
	 Base: 6%
	 Effective Percent: 57,64%
Vers
	 Rating: 3668
	 Multiplicative Factor: 0%
	 DR Bracket: 0
	 Base: 3%
	 Effective Percent: 7,7%
Leech
	 Rating: 3060
	 Multiplicative Factor: 0%
	 DR Bracket: 0
	 Base: 0%
	 Effective Percent: 3%
Avoidance
	 Rating: 0
	 Multiplicative Factor: 0%
	 DR Bracket: 0
	 Base: 0%
	 Effective Percent: 0%
Mastery
	 Rating: 11457
	 Multiplicative Factor: 0%
	 DR Bracket: 0
	 Base: 13,08%
	 Effective Percent: 25%
----------------------
04:04,780

Intellect
	 Rating: 135064
	 Multiplicative Factor: 8,15%
Stamina
	 Rating: 791228
	 Multiplicative Factor: 9,2%
Crit
	 Rating: 10844
	 Multiplicative Factor: 0%
	 DR Bracket: 0
	 Base: 11%
	 Effective Percent: 26,49%
	 Crit Inc Heal: 2
	 Crit Inc Damage: 2
Haste
	 Rating: 34617
	 Multiplicative Factor: 0%
	 DR Bracket: 3
	 Base: 6%
	 Effective Percent: 57,64%
Vers
	 Rating: 3668
	 Multiplicative Factor: 0%
	 DR Bracket: 0
	 Base: 3%
	 Effective Percent: 7,7%
Leech
	 Rating: 3060
	 Multiplicative Factor: 0%
	 DR Bracket: 0
	 Base: 0%
	 Effective Percent: 3%
Avoidance
	 Rating: 0
	 Multiplicative Factor: 0%
	 DR Bracket: 0
	 Base: 0%
	 Effective Percent: 0%
Mastery
	 Rating: 11457
	 Multiplicative Factor: 0%
	 DR Bracket: 0
	 Base: 13,08%
	 Effective Percent: 25%
----------------------
04:04,780

Intellect
	 Rating: 135064
	 Multiplicative Factor: 8,15%
Stamina
	 Rating: 791228
	 Multiplicative Factor: 9,2%
Crit
	 Rating: 10844
	 Multiplicative Factor: 0%
	 DR Bracket: 0
	 Base: 11%
	 Effective Percent: 26,49%
	 Crit Inc Heal: 2
	 Crit Inc Damage: 2
Haste
	 Rating: 34617
	 Multiplicative Factor: 0%
	 DR Bracket: 3
	 Base: 0%
	 Effective Percent: 48,72%
Vers
	 Rating: 3668
	 Multiplicative Factor: 0%
	 DR Bracket: 0
	 Base: 3%
	 Effective Percent: 7,7%
Leech
	 Rating: 3060
	 Multiplicative Factor: 0%
	 DR Bracket: 0
	 Base: 0%
	 Effective Percent: 3%
Avoidance
	 Rating: 0
	 Multiplicative Factor: 0%
	 DR Bracket: 0
	 Base: 0%
	 Effective Percent: 0%
Mastery
	 Rating: 11457
	 Multiplicative Factor: 0%
	 DR Bracket: 0
	 Base: 13,08%
	 Effective Percent: 25%
----------------------
04:13,377

Intellect
	 Rating: 135064
	 Multiplicative Factor: 8,15%
Stamina
	 Rating: 791228
	 Multiplicative Factor: 9,2%
Crit
	 Rating: 10844
	 Multiplicative Factor: 0%
	 DR Bracket: 0
	 Base: 5%
	 Effective Percent: 20,49%
	 Crit Inc Heal: 2
	 Crit Inc Damage: 2
Haste
	 Rating: 34617
	 Multiplicative Factor: 0%
	 DR Bracket: 3
	 Base: 0%
	 Effective Percent: 48,72%
Vers
	 Rating: 3668
	 Multiplicative Factor: 0%
	 DR Bracket: 0
	 Base: 3%
	 Effective Percent: 7,7%
Leech
	 Rating: 3060
	 Multiplicative Factor: 0%
	 DR Bracket: 0
	 Base: 0%
	 Effective Percent: 3%
Avoidance
	 Rating: 0
	 Multiplicative Factor: 0%
	 DR Bracket: 0
	 Base: 0%
	 Effective Percent: 0%
Mastery
	 Rating: 11457
	 Multiplicative Factor: 0%
	 DR Bracket: 0
	 Base: 13,08%
	 Effective Percent: 25%
----------------------
04:13,377

Intellect
	 Rating: 135064
	 Multiplicative Factor: 8,15%
Stamina
	 Rating: 791228
	 Multiplicative Factor: 9,2%
Crit
	 Rating: 10844
	 Multiplicative Factor: 0%
	 DR Bracket: 0
	 Base: 5%
	 Effective Percent: 20,49%
	 Crit Inc Heal: 2
	 Crit Inc Damage: 2
Haste
	 Rating: 34617
	 Multiplicative Factor: 0%
	 DR Bracket: 3
	 Base: 0%
	 Effective Percent: 48,72%
Vers
	 Rating: 3668
	 Multiplicative Factor: 0%
	 DR Bracket: 0
	 Base: 9%
	 Effective Percent: 13,7%
Leech
	 Rating: 3060
	 Multiplicative Factor: 0%
	 DR Bracket: 0
	 Base: 0%
	 Effective Percent: 3%
Avoidance
	 Rating: 0
	 Multiplicative Factor: 0%
	 DR Bracket: 0
	 Base: 0%
	 Effective Percent: 0%
Mastery
	 Rating: 11457
	 Multiplicative Factor: 0%
	 DR Bracket: 0
	 Base: 13,08%
	 Effective Percent: 25%
----------------------
04:14,157

Intellect
	 Rating: 135064
	 Multiplicative Factor: 8,15%
Stamina
	 Rating: 791228
	 Multiplicative Factor: 9,2%
Crit
	 Rating: 10844
	 Multiplicative Factor: 0%
	 DR Bracket: 0
	 Base: 5%
	 Effective Percent: 20,49%
	 Crit Inc Heal: 2
	 Crit Inc Damage: 2
Haste
	 Rating: 34617
	 Multiplicative Factor: 0%
	 DR Bracket: 3
	 Base: 0%
	 Effective Percent: 48,72%
Vers
	 Rating: 3668
	 Multiplicative Factor: 0%
	 DR Bracket: 0
	 Base: 3%
	 Effective Percent: 7,7%
Leech
	 Rating: 3060
	 Multiplicative Factor: 0%
	 DR Bracket: 0
	 Base: 0%
	 Effective Percent: 3%
Avoidance
	 Rating: 0
	 Multiplicative Factor: 0%
	 DR Bracket: 0
	 Base: 0%
	 Effective Percent: 0%
Mastery
	 Rating: 11457
	 Multiplicative Factor: 0%
	 DR Bracket: 0
	 Base: 13,08%
	 Effective Percent: 25%
----------------------
04:14,157

Intellect
	 Rating: 135064
	 Multiplicative Factor: 8,15%
Stamina
	 Rating: 791228
	 Multiplicative Factor: 9,2%
Crit
	 Rating: 10844
	 Multiplicative Factor: 0%
	 DR Bracket: 0
	 Base: 5%
	 Effective Percent: 20,49%
	 Crit Inc Heal: 2
	 Crit Inc Damage: 2
Haste
	 Rating: 34617
	 Multiplicative Factor: 0%
	 DR Bracket: 3
	 Base: 6%
	 Effective Percent: 57,64%
Vers
	 Rating: 3668
	 Multiplicative Factor: 0%
	 DR Bracket: 0
	 Base: 3%
	 Effective Percent: 7,7%
Leech
	 Rating: 3060
	 Multiplicative Factor: 0%
	 DR Bracket: 0
	 Base: 0%
	 Effective Percent: 3%
Avoidance
	 Rating: 0
	 Multiplicative Factor: 0%
	 DR Bracket: 0
	 Base: 0%
	 Effective Percent: 0%
Mastery
	 Rating: 11457
	 Multiplicative Factor: 0%
	 DR Bracket: 0
	 Base: 13,08%
	 Effective Percent: 25%
----------------------
04:17,976

Intellect
	 Rating: 135064
	 Multiplicative Factor: 8,15%
Stamina
	 Rating: 791228
	 Multiplicative Factor: 9,2%
Crit
	 Rating: 10844
	 Multiplicative Factor: 0%
	 DR Bracket: 0
	 Base: 5%
	 Effective Percent: 20,49%
	 Crit Inc Heal: 2
	 Crit Inc Damage: 2
Haste
	 Rating: 34617
	 Multiplicative Factor: 0%
	 DR Bracket: 3
	 Base: 26%
	 Effective Percent: 87,38%
Vers
	 Rating: 3668
	 Multiplicative Factor: 0%
	 DR Bracket: 0
	 Base: 3%
	 Effective Percent: 7,7%
Leech
	 Rating: 3060
	 Multiplicative Factor: 0%
	 DR Bracket: 0
	 Base: 0%
	 Effective Percent: 3%
Avoidance
	 Rating: 0
	 Multiplicative Factor: 0%
	 DR Bracket: 0
	 Base: 0%
	 Effective Percent: 0%
Mastery
	 Rating: 11457
	 Multiplicative Factor: 0%
	 DR Bracket: 0
	 Base: 13,08%
	 Effective Percent: 25%
----------------------
04:24,932

Intellect
	 Rating: 135064
	 Multiplicative Factor: 8,15%
Stamina
	 Rating: 791228
	 Multiplicative Factor: 9,2%
Crit
	 Rating: 10844
	 Multiplicative Factor: 0%
	 DR Bracket: 0
	 Base: 11%
	 Effective Percent: 26,49%
	 Crit Inc Heal: 2
	 Crit Inc Damage: 2
Haste
	 Rating: 34617
	 Multiplicative Factor: 0%
	 DR Bracket: 3
	 Base: 26%
	 Effective Percent: 87,38%
Vers
	 Rating: 3668
	 Multiplicative Factor: 0%
	 DR Bracket: 0
	 Base: 3%
	 Effective Percent: 7,7%
Leech
	 Rating: 3060
	 Multiplicative Factor: 0%
	 DR Bracket: 0
	 Base: 0%
	 Effective Percent: 3%
Avoidance
	 Rating: 0
	 Multiplicative Factor: 0%
	 DR Bracket: 0
	 Base: 0%
	 Effective Percent: 0%
Mastery
	 Rating: 11457
	 Multiplicative Factor: 0%
	 DR Bracket: 0
	 Base: 13,08%
	 Effective Percent: 25%
----------------------
04:24,932

Intellect
	 Rating: 135064
	 Multiplicative Factor: 8,15%
Stamina
	 Rating: 791228
	 Multiplicative Factor: 9,2%
Crit
	 Rating: 10844
	 Multiplicative Factor: 0%
	 DR Bracket: 0
	 Base: 11%
	 Effective Percent: 26,49%
	 Crit Inc Heal: 2
	 Crit Inc Damage: 2
Haste
	 Rating: 34617
	 Multiplicative Factor: 0%
	 DR Bracket: 3
	 Base: 20%
	 Effective Percent: 78,46%
Vers
	 Rating: 3668
	 Multiplicative Factor: 0%
	 DR Bracket: 0
	 Base: 3%
	 Effective Percent: 7,7%
Leech
	 Rating: 3060
	 Multiplicative Factor: 0%
	 DR Bracket: 0
	 Base: 0%
	 Effective Percent: 3%
Avoidance
	 Rating: 0
	 Multiplicative Factor: 0%
	 DR Bracket: 0
	 Base: 0%
	 Effective Percent: 0%
Mastery
	 Rating: 11457
	 Multiplicative Factor: 0%
	 DR Bracket: 0
	 Base: 13,08%
	 Effective Percent: 25%
----------------------
04:31,161

Intellect
	 Rating: 135064
	 Multiplicative Factor: 8,15%
Stamina
	 Rating: 791228
	 Multiplicative Factor: 9,2%
Crit
	 Rating: 10844
	 Multiplicative Factor: 0%
	 DR Bracket: 0
	 Base: 5%
	 Effective Percent: 20,49%
	 Crit Inc Heal: 2
	 Crit Inc Damage: 2
Haste
	 Rating: 34617
	 Multiplicative Factor: 0%
	 DR Bracket: 3
	 Base: 20%
	 Effective Percent: 78,46%
Vers
	 Rating: 3668
	 Multiplicative Factor: 0%
	 DR Bracket: 0
	 Base: 3%
	 Effective Percent: 7,7%
Leech
	 Rating: 3060
	 Multiplicative Factor: 0%
	 DR Bracket: 0
	 Base: 0%
	 Effective Percent: 3%
Avoidance
	 Rating: 0
	 Multiplicative Factor: 0%
	 DR Bracket: 0
	 Base: 0%
	 Effective Percent: 0%
Mastery
	 Rating: 11457
	 Multiplicative Factor: 0%
	 DR Bracket: 0
	 Base: 13,08%
	 Effective Percent: 25%
----------------------
04:31,161

Intellect
	 Rating: 135064
	 Multiplicative Factor: 8,15%
Stamina
	 Rating: 791228
	 Multiplicative Factor: 9,2%
Crit
	 Rating: 10844
	 Multiplicative Factor: 0%
	 DR Bracket: 0
	 Base: 5%
	 Effective Percent: 20,49%
	 Crit Inc Heal: 2
	 Crit Inc Damage: 2
Haste
	 Rating: 34617
	 Multiplicative Factor: 0%
	 DR Bracket: 3
	 Base: 26%
	 Effective Percent: 87,38%
Vers
	 Rating: 3668
	 Multiplicative Factor: 0%
	 DR Bracket: 0
	 Base: 3%
	 Effective Percent: 7,7%
Leech
	 Rating: 3060
	 Multiplicative Factor: 0%
	 DR Bracket: 0
	 Base: 0%
	 Effective Percent: 3%
Avoidance
	 Rating: 0
	 Multiplicative Factor: 0%
	 DR Bracket: 0
	 Base: 0%
	 Effective Percent: 0%
Mastery
	 Rating: 11457
	 Multiplicative Factor: 0%
	 DR Bracket: 0
	 Base: 13,08%
	 Effective Percent: 25%
----------------------
04:32,987

Intellect
	 Rating: 135064
	 Multiplicative Factor: 8,15%
Stamina
	 Rating: 791228
	 Multiplicative Factor: 9,2%
Crit
	 Rating: 10844
	 Multiplicative Factor: 0%
	 DR Bracket: 0
	 Base: 5%
	 Effective Percent: 20,49%
	 Crit Inc Heal: 2
	 Crit Inc Damage: 2
Haste
	 Rating: 34617
	 Multiplicative Factor: 0%
	 DR Bracket: 3
	 Base: 6%
	 Effective Percent: 57,64%
Vers
	 Rating: 3668
	 Multiplicative Factor: 0%
	 DR Bracket: 0
	 Base: 3%
	 Effective Percent: 7,7%
Leech
	 Rating: 3060
	 Multiplicative Factor: 0%
	 DR Bracket: 0
	 Base: 0%
	 Effective Percent: 3%
Avoidance
	 Rating: 0
	 Multiplicative Factor: 0%
	 DR Bracket: 0
	 Base: 0%
	 Effective Percent: 0%
Mastery
	 Rating: 11457
	 Multiplicative Factor: 0%
	 DR Bracket: 0
	 Base: 13,08%
	 Effective Percent: 25%
----------------------
04:47,128

Intellect
	 Rating: 135064
	 Multiplicative Factor: 8,15%
Stamina
	 Rating: 791228
	 Multiplicative Factor: 9,2%
Crit
	 Rating: 10844
	 Multiplicative Factor: 0%
	 DR Bracket: 0
	 Base: 11%
	 Effective Percent: 26,49%
	 Crit Inc Heal: 2
	 Crit Inc Damage: 2
Haste
	 Rating: 34617
	 Multiplicative Factor: 0%
	 DR Bracket: 3
	 Base: 6%
	 Effective Percent: 57,64%
Vers
	 Rating: 3668
	 Multiplicative Factor: 0%
	 DR Bracket: 0
	 Base: 3%
	 Effective Percent: 7,7%
Leech
	 Rating: 3060
	 Multiplicative Factor: 0%
	 DR Bracket: 0
	 Base: 0%
	 Effective Percent: 3%
Avoidance
	 Rating: 0
	 Multiplicative Factor: 0%
	 DR Bracket: 0
	 Base: 0%
	 Effective Percent: 0%
Mastery
	 Rating: 11457
	 Multiplicative Factor: 0%
	 DR Bracket: 0
	 Base: 13,08%
	 Effective Percent: 25%
----------------------
04:47,128

Intellect
	 Rating: 135064
	 Multiplicative Factor: 8,15%
Stamina
	 Rating: 791228
	 Multiplicative Factor: 9,2%
Crit
	 Rating: 10844
	 Multiplicative Factor: 0%
	 DR Bracket: 0
	 Base: 11%
	 Effective Percent: 26,49%
	 Crit Inc Heal: 2
	 Crit Inc Damage: 2
Haste
	 Rating: 34617
	 Multiplicative Factor: 0%
	 DR Bracket: 3
	 Base: 0%
	 Effective Percent: 48,72%
Vers
	 Rating: 3668
	 Multiplicative Factor: 0%
	 DR Bracket: 0
	 Base: 3%
	 Effective Percent: 7,7%
Leech
	 Rating: 3060
	 Multiplicative Factor: 0%
	 DR Bracket: 0
	 Base: 0%
	 Effective Percent: 3%
Avoidance
	 Rating: 0
	 Multiplicative Factor: 0%
	 DR Bracket: 0
	 Base: 0%
	 Effective Percent: 0%
Mastery
	 Rating: 11457
	 Multiplicative Factor: 0%
	 DR Bracket: 0
	 Base: 13,08%
	 Effective Percent: 25%
----------------------
05:17,484

Intellect
	 Rating: 135064
	 Multiplicative Factor: 8,15%
Stamina
	 Rating: 791228
	 Multiplicative Factor: 9,2%
Crit
	 Rating: 10844
	 Multiplicative Factor: 0%
	 DR Bracket: 0
	 Base: 5%
	 Effective Percent: 20,49%
	 Crit Inc Heal: 2
	 Crit Inc Damage: 2
Haste
	 Rating: 34617
	 Multiplicative Factor: 0%
	 DR Bracket: 3
	 Base: 0%
	 Effective Percent: 48,72%
Vers
	 Rating: 3668
	 Multiplicative Factor: 0%
	 DR Bracket: 0
	 Base: 3%
	 Effective Percent: 7,7%
Leech
	 Rating: 3060
	 Multiplicative Factor: 0%
	 DR Bracket: 0
	 Base: 0%
	 Effective Percent: 3%
Avoidance
	 Rating: 0
	 Multiplicative Factor: 0%
	 DR Bracket: 0
	 Base: 0%
	 Effective Percent: 0%
Mastery
	 Rating: 11457
	 Multiplicative Factor: 0%
	 DR Bracket: 0
	 Base: 13,08%
	 Effective Percent: 25%
----------------------
05:17,484

Intellect
	 Rating: 135064
	 Multiplicative Factor: 8,15%
Stamina
	 Rating: 791228
	 Multiplicative Factor: 9,2%
Crit
	 Rating: 10844
	 Multiplicative Factor: 0%
	 DR Bracket: 0
	 Base: 5%
	 Effective Percent: 20,49%
	 Crit Inc Heal: 2
	 Crit Inc Damage: 2
Haste
	 Rating: 34617
	 Multiplicative Factor: 0%
	 DR Bracket: 3
	 Base: 6%
	 Effective Percent: 57,64%
Vers
	 Rating: 3668
	 Multiplicative Factor: 0%
	 DR Bracket: 0
	 Base: 3%
	 Effective Percent: 7,7%
Leech
	 Rating: 3060
	 Multiplicative Factor: 0%
	 DR Bracket: 0
	 Base: 0%
	 Effective Percent: 3%
Avoidance
	 Rating: 0
	 Multiplicative Factor: 0%
	 DR Bracket: 0
	 Base: 0%
	 Effective Percent: 0%
Mastery
	 Rating: 11457
	 Multiplicative Factor: 0%
	 DR Bracket: 0
	 Base: 13,08%
	 Effective Percent: 25%
----------------------
05:18,522

Intellect
	 Rating: 135064
	 Multiplicative Factor: 8,15%
Stamina
	 Rating: 791228
	 Multiplicative Factor: 9,2%
Crit
	 Rating: 10844
	 Multiplicative Factor: 0%
	 DR Bracket: 0
	 Base: 11%
	 Effective Percent: 26,49%
	 Crit Inc Heal: 2
	 Crit Inc Damage: 2
Haste
	 Rating: 34617
	 Multiplicative Factor: 0%
	 DR Bracket: 3
	 Base: 6%
	 Effective Percent: 57,64%
Vers
	 Rating: 3668
	 Multiplicative Factor: 0%
	 DR Bracket: 0
	 Base: 3%
	 Effective Percent: 7,7%
Leech
	 Rating: 3060
	 Multiplicative Factor: 0%
	 DR Bracket: 0
	 Base: 0%
	 Effective Percent: 3%
Avoidance
	 Rating: 0
	 Multiplicative Factor: 0%
	 DR Bracket: 0
	 Base: 0%
	 Effective Percent: 0%
Mastery
	 Rating: 11457
	 Multiplicative Factor: 0%
	 DR Bracket: 0
	 Base: 13,08%
	 Effective Percent: 25%
----------------------
05:18,522

Intellect
	 Rating: 135064
	 Multiplicative Factor: 8,15%
Stamina
	 Rating: 791228
	 Multiplicative Factor: 9,2%
Crit
	 Rating: 10844
	 Multiplicative Factor: 0%
	 DR Bracket: 0
	 Base: 11%
	 Effective Percent: 26,49%
	 Crit Inc Heal: 2
	 Crit Inc Damage: 2
Haste
	 Rating: 34617
	 Multiplicative Factor: 0%
	 DR Bracket: 3
	 Base: 0%
	 Effective Percent: 48,72%
Vers
	 Rating: 3668
	 Multiplicative Factor: 0%
	 DR Bracket: 0
	 Base: 3%
	 Effective Percent: 7,7%
Leech
	 Rating: 3060
	 Multiplicative Factor: 0%
	 DR Bracket: 0
	 Base: 0%
	 Effective Percent: 3%
Avoidance
	 Rating: 0
	 Multiplicative Factor: 0%
	 DR Bracket: 0
	 Base: 0%
	 Effective Percent: 0%
Mastery
	 Rating: 11457
	 Multiplicative Factor: 0%
	 DR Bracket: 0
	 Base: 13,08%
	 Effective Percent: 25%
