-----------
Aessina's Renewal
	Eff: 1,862645149230957E-09
-----------
Bear Form
-----------
Bloodseeker Vines
	Dmg: 948,7755585954365
-----------
Bursting Growth
	Eff: 1312,111464851303
	Dmg: 1205,6116299580317
-----------
Cat Form
-----------
Convoke the Spirits
-----------
Cultivation
	Eff: 55,40225496832318
-----------
Cyclone
-----------
Dream Bloom
-----------
Dream of Cenarius
	Eff: 2339,3604826821975
-----------
Efflorescence
	Eff: 414,23388041390444
-----------
Embrace of the Dream
-----------
Entangling Roots
-----------
Ferocious Bite
	Dmg: 936,3550852017943
-----------
Flower Walk
	Eff: 47,88801066495944
-----------
Frenzied Regeneration
	Eff: 4,190951585769653E-09
-----------
Heart of the Wild
-----------
Hibernate
-----------
Incapacitating Roar
-----------
Incarnation: Tree of Life
-----------
Ironfur
-----------
Lethal Preservation
-----------
Lifebloom
	Eff: 116,74011998590868
-----------
Maim
-----------
Mangle
-----------
Mark of the Wild
-----------
Mass Entanglement
-----------
Matted Fur
-----------
Mighty Bash
-----------
Moonfire
	Dmg: 83,86066803024005
-----------
Moonkin Form
-----------
Mount Form
-----------
Nature's Cure
-----------
Nature's Swiftness
-----------
Nourish
	Eff: 365,26595214693225
-----------
Rake
	Dmg: 806,4584181669975
-----------
Rebirth
-----------
Regenerative Heartwood
-----------
Regrowth
	Eff: 566,3352230048458
-----------
Rejuvenation
	Eff: 1156,5745402563177
-----------
Rejuvenation (Germination)
-----------
Rip
	Dmg: 1262,035017098926
-----------
Shred
	Dmg: 1470,0128320687218
-----------
Soothe
-----------
Stampeding Roar
-----------
Starfire
-----------
Starsurge
-----------
Sunfire
-----------
Symbiotic Blooms
	Eff: 1128,615592998729
-----------
Swiftmend
	Eff: 297,3046852624975
-----------
Swipe
-----------
Symbiotic Relationship
-----------
Thrash
	Dmg: 157,90841348135655
-----------
Thriving Vegetation
-----------
Tranquility
	Eff: 551,3525735546023
-----------
Travel Form
-----------
Treant Form
-----------
Typhoon
-----------
Ursol's Vortex
-----------
Verdancy
	Eff: 46,531627939257305
-----------
Wild Growth
	Eff: 1225,9970875107174
-----------
Wrath
	Dmg: 110,89697409578366
-----------
Ysera's Gift
	Eff: 8,761162462178618E-09
-----------
Leech
	Eff: 400,0460583700733
-----------
Blessing of Summer
-----------
Holy Bulwark
-----------
ZeroCIMDummy
-----------
Lightforged Blessing
	SupEff: 4,0745362639427185E-10
-----------
Melee
	Dmg: 300,63853442412073
-----------
Spring Blossoms
-----------
Tempered Potion
-----------
Feral Frenzy
-----------
Bombardments
-----------
Authority of Fiery Resolve
-----------
Ethereal Reconstitution
	Eff: 411,8652390241914
-----------
Ethereal Guard
	Eff: 1200,4152848707554
-----------
Voidglass Shards
-----------
Shadowmeld
-----------
Voidglass Barrier
	Eff: 422,8352180741058
-----------
Nature's Vigil
-----------
Grove Tending
-----------
Grove Guardians
-----------
Flourish
-----------
Tiger Dash
-----------
Ironbark
-----------
Barkskin
-----------
Healthstone
	Eff: 1,862645149230957E-09
-----------
Spirit Link
