----------------------
00:09,732

Intellect
	 Rating: 139653
	 Multiplicative Factor: 14,73%
Stamina
	 Rating: 872714
	 Multiplicative Factor: 11,3%
Crit
	 Rating: 30544
	 Multiplicative Factor: 0%
	 DR Bracket: 2
	 Base: 9%
	 Effective Percent: 50,91%
	 Crit Inc Heal: 2
	 Crit Inc Damage: 2
Haste
	 Rating: 13385
	 Multiplicative Factor: 0%
	 DR Bracket: 0
	 Base: 1%
	 Effective Percent: 21,48%
Vers
	 Rating: 15649
	 Multiplicative Factor: 0%
	 DR Bracket: 0
	 Base: 3%
	 Effective Percent: 23,06%
Leech
	 Rating: 5151
	 Multiplicative Factor: 0%
	 DR Bracket: 0
	 Base: 0%
	 Effective Percent: 5,05%
Avoidance
	 Rating: 0
	 Multiplicative Factor: 0%
	 DR Bracket: 0
	 Base: 0%
	 Effective Percent: 0%
Mastery
	 Rating: 4740
	 Multiplicative Factor: 0%
	 DR Bracket: 0
	 Base: 21%
	 Effective Percent: 31,16%
----------------------
00:15,768

Intellect
	 Rating: 139653
	 Multiplicative Factor: 14,73%
Stamina
	 Rating: 872714
	 Multiplicative Factor: 11,3%
Crit
	 Rating: 30544
	 Multiplicative Factor: 0%
	 DR Bracket: 2
	 Base: 9%
	 Effective Percent: 50,91%
	 Crit Inc Heal: 2
	 Crit Inc Damage: 2
Haste
	 Rating: 13385
	 Multiplicative Factor: 0%
	 DR Bracket: 0
	 Base: 2%
	 Effective Percent: 22,69%
Vers
	 Rating: 15649
	 Multiplicative Factor: 0%
	 DR Bracket: 0
	 Base: 3%
	 Effective Percent: 23,06%
Leech
	 Rating: 5151
	 Multiplicative Factor: 0%
	 DR Bracket: 0
	 Base: 0%
	 Effective Percent: 5,05%
Avoidance
	 Rating: 0
	 Multiplicative Factor: 0%
	 DR Bracket: 0
	 Base: 0%
	 Effective Percent: 0%
Mastery
	 Rating: 4740
	 Multiplicative Factor: 0%
	 DR Bracket: 0
	 Base: 21%
	 Effective Percent: 31,16%
----------------------
00:19,361

Intellect
	 Rating: 139653
	 Multiplicative Factor: 14,73%
Stamina
	 Rating: 872714
	 Multiplicative Factor: 11,3%
Crit
	 Rating: 30544
	 Multiplicative Factor: 0%
	 DR Bracket: 2
	 Base: 9%
	 Effective Percent: 50,91%
	 Crit Inc Heal: 2
	 Crit Inc Damage: 2
Haste
	 Rating: 13385
	 Multiplicative Factor: 0%
	 DR Bracket: 0
	 Base: 3%
	 Effective Percent: 23,89%
Vers
	 Rating: 15649
	 Multiplicative Factor: 0%
	 DR Bracket: 0
	 Base: 3%
	 Effective Percent: 23,06%
Leech
	 Rating: 5151
	 Multiplicative Factor: 0%
	 DR Bracket: 0
	 Base: 0%
	 Effective Percent: 5,05%
Avoidance
	 Rating: 0
	 Multiplicative Factor: 0%
	 DR Bracket: 0
	 Base: 0%
	 Effective Percent: 0%
Mastery
	 Rating: 4740
	 Multiplicative Factor: 0%
	 DR Bracket: 0
	 Base: 21%
	 Effective Percent: 31,16%
----------------------
00:25,277

Intellect
	 Rating: 139653
	 Multiplicative Factor: 14,73%
Stamina
	 Rating: 872714
	 Multiplicative Factor: 11,3%
Crit
	 Rating: 30544
	 Multiplicative Factor: 0%
	 DR Bracket: 2
	 Base: 9%
	 Effective Percent: 50,91%
	 Crit Inc Heal: 2
	 Crit Inc Damage: 2
Haste
	 Rating: 13385
	 Multiplicative Factor: 0%
	 DR Bracket: 0
	 Base: 4%
	 Effective Percent: 25,09%
Vers
	 Rating: 15649
	 Multiplicative Factor: 0%
	 DR Bracket: 0
	 Base: 3%
	 Effective Percent: 23,06%
Leech
	 Rating: 5151
	 Multiplicative Factor: 0%
	 DR Bracket: 0
	 Base: 0%
	 Effective Percent: 5,05%
Avoidance
	 Rating: 0
	 Multiplicative Factor: 0%
	 DR Bracket: 0
	 Base: 0%
	 Effective Percent: 0%
Mastery
	 Rating: 4740
	 Multiplicative Factor: 0%
	 DR Bracket: 0
	 Base: 21%
	 Effective Percent: 31,16%
----------------------
00:26,430

Intellect
	 Rating: 139653
	 Multiplicative Factor: 14,73%
Stamina
	 Rating: 872714
	 Multiplicative Factor: 11,3%
Crit
	 Rating: 30544
	 Multiplicative Factor: 0%
	 DR Bracket: 2
	 Base: 9%
	 Effective Percent: 50,91%
	 Crit Inc Heal: 2
	 Crit Inc Damage: 2
Haste
	 Rating: 13385
	 Multiplicative Factor: 0%
	 DR Bracket: 0
	 Base: 5%
	 Effective Percent: 26,29%
Vers
	 Rating: 15649
	 Multiplicative Factor: 0%
	 DR Bracket: 0
	 Base: 3%
	 Effective Percent: 23,06%
Leech
	 Rating: 5151
	 Multiplicative Factor: 0%
	 DR Bracket: 0
	 Base: 0%
	 Effective Percent: 5,05%
Avoidance
	 Rating: 0
	 Multiplicative Factor: 0%
	 DR Bracket: 0
	 Base: 0%
	 Effective Percent: 0%
Mastery
	 Rating: 4740
	 Multiplicative Factor: 0%
	 DR Bracket: 0
	 Base: 21%
	 Effective Percent: 31,16%
----------------------
00:52,300

Intellect
	 Rating: 139653
	 Multiplicative Factor: 14,73%
Stamina
	 Rating: 872714
	 Multiplicative Factor: 11,3%
Crit
	 Rating: 30544
	 Multiplicative Factor: 0%
	 DR Bracket: 2
	 Base: 9%
	 Effective Percent: 50,91%
	 Crit Inc Heal: 2
	 Crit Inc Damage: 2
Haste
	 Rating: 13385
	 Multiplicative Factor: 0%
	 DR Bracket: 0
	 Base: 5%
	 Effective Percent: 26,29%
Vers
	 Rating: 15649
	 Multiplicative Factor: 0%
	 DR Bracket: 0
	 Base: 3%
	 Effective Percent: 23,06%
Leech
	 Rating: 5151
	 Multiplicative Factor: 0%
	 DR Bracket: 0
	 Base: 0%
	 Effective Percent: 5,05%
Avoidance
	 Rating: 0
	 Multiplicative Factor: 0%
	 DR Bracket: 0
	 Base: 0%
	 Effective Percent: 0%
Mastery
	 Rating: 4740
	 Multiplicative Factor: 0%
	 DR Bracket: 0
	 Base: 21%
	 Effective Percent: 31,16%
----------------------
02:29,464

Intellect
	 Rating: 139653
	 Multiplicative Factor: 14,73%
Stamina
	 Rating: 872714
	 Multiplicative Factor: 11,3%
Crit
	 Rating: 30544
	 Multiplicative Factor: 0%
	 DR Bracket: 2
	 Base: 9%
	 Effective Percent: 50,91%
	 Crit Inc Heal: 2
	 Crit Inc Damage: 2
Haste
	 Rating: 13385
	 Multiplicative Factor: 0%
	 DR Bracket: 0
	 Base: 0%
	 Effective Percent: 20,28%
Vers
	 Rating: 15649
	 Multiplicative Factor: 0%
	 DR Bracket: 0
	 Base: 3%
	 Effective Percent: 23,06%
Leech
	 Rating: 5151
	 Multiplicative Factor: 0%
	 DR Bracket: 0
	 Base: 0%
	 Effective Percent: 5,05%
Avoidance
	 Rating: 0
	 Multiplicative Factor: 0%
	 DR Bracket: 0
	 Base: 0%
	 Effective Percent: 0%
Mastery
	 Rating: 4740
	 Multiplicative Factor: 0%
	 DR Bracket: 0
	 Base: 21%
	 Effective Percent: 31,16%
----------------------
03:05,549

Intellect
	 Rating: 139653
	 Multiplicative Factor: 14,73%
Stamina
	 Rating: 916350
	 Multiplicative Factor: 16,87%
Crit
	 Rating: 30544
	 Multiplicative Factor: 0%
	 DR Bracket: 2
	 Base: 9%
	 Effective Percent: 50,91%
	 Crit Inc Heal: 2
	 Crit Inc Damage: 2
Haste
	 Rating: 13385
	 Multiplicative Factor: 0%
	 DR Bracket: 0
	 Base: 0%
	 Effective Percent: 20,28%
Vers
	 Rating: 15649
	 Multiplicative Factor: 0%
	 DR Bracket: 0
	 Base: 3%
	 Effective Percent: 23,06%
Leech
	 Rating: 5151
	 Multiplicative Factor: 0%
	 DR Bracket: 0
	 Base: 0%
	 Effective Percent: 5,05%
Avoidance
	 Rating: 0
	 Multiplicative Factor: 0%
	 DR Bracket: 0
	 Base: 0%
	 Effective Percent: 0%
Mastery
	 Rating: 4740
	 Multiplicative Factor: 0%
	 DR Bracket: 0
	 Base: 21%
	 Effective Percent: 31,16%
----------------------
00:00,000

Intellect
	 Rating: 139653
	 Multiplicative Factor: 14,73%
Stamina
	 Rating: 872714
	 Multiplicative Factor: 11,3%
Crit
	 Rating: 30544
	 Multiplicative Factor: 0%
	 DR Bracket: 2
	 Base: 9%
	 Effective Percent: 50,91%
	 Crit Inc Heal: 2
	 Crit Inc Damage: 2
Haste
	 Rating: 13385
	 Multiplicative Factor: 0%
	 DR Bracket: 0
	 Base: 0%
	 Effective Percent: 20,28%
Vers
	 Rating: 15649
	 Multiplicative Factor: 0%
	 DR Bracket: 0
	 Base: 3%
	 Effective Percent: 23,06%
Leech
	 Rating: 5151
	 Multiplicative Factor: 0%
	 DR Bracket: 0
	 Base: 0%
	 Effective Percent: 5,05%
Avoidance
	 Rating: 0
	 Multiplicative Factor: 0%
	 DR Bracket: 0
	 Base: 0%
	 Effective Percent: 0%
Mastery
	 Rating: 4740
	 Multiplicative Factor: 0%
	 DR Bracket: 0
	 Base: 21%
	 Effective Percent: 31,16%
----------------------
03:05,549

Intellect
	 Rating: 139653
	 Multiplicative Factor: 14,73%
Stamina
	 Rating: 872714
	 Multiplicative Factor: 11,3%
Crit
	 Rating: 30544
	 Multiplicative Factor: 0%
	 DR Bracket: 2
	 Base: 9%
	 Effective Percent: 50,91%
	 Crit Inc Heal: 2
	 Crit Inc Damage: 2
Haste
	 Rating: 13385
	 Multiplicative Factor: 0%
	 DR Bracket: 0
	 Base: 0%
	 Effective Percent: 20,28%
Vers
	 Rating: 15649
	 Multiplicative Factor: 0%
	 DR Bracket: 0
	 Base: 6%
	 Effective Percent: 26,06%
Leech
	 Rating: 5151
	 Multiplicative Factor: 0%
	 DR Bracket: 0
	 Base: 0%
	 Effective Percent: 5,05%
Avoidance
	 Rating: 0
	 Multiplicative Factor: 0%
	 DR Bracket: 0
	 Base: 0%
	 Effective Percent: 0%
Mastery
	 Rating: 4740
	 Multiplicative Factor: 0%
	 DR Bracket: 0
	 Base: 21%
	 Effective Percent: 31,16%
----------------------
00:00,000

Intellect
	 Rating: 139653
	 Multiplicative Factor: 14,73%
Stamina
	 Rating: 872714
	 Multiplicative Factor: 11,3%
Crit
	 Rating: 30544
	 Multiplicative Factor: 0%
	 DR Bracket: 2
	 Base: 9%
	 Effective Percent: 50,91%
	 Crit Inc Heal: 2
	 Crit Inc Damage: 2
Haste
	 Rating: 13385
	 Multiplicative Factor: 0%
	 DR Bracket: 0
	 Base: 0%
	 Effective Percent: 20,28%
Vers
	 Rating: 15649
	 Multiplicative Factor: 0%
	 DR Bracket: 0
	 Base: 3%
	 Effective Percent: 23,06%
Leech
	 Rating: 5151
	 Multiplicative Factor: 0%
	 DR Bracket: 0
	 Base: 0%
	 Effective Percent: 5,05%
Avoidance
	 Rating: 0
	 Multiplicative Factor: 0%
	 DR Bracket: 0
	 Base: 0%
	 Effective Percent: 0%
Mastery
	 Rating: 4740
	 Multiplicative Factor: 0%
	 DR Bracket: 0
	 Base: 21%
	 Effective Percent: 31,16%
----------------------
03:05,550

Intellect
	 Rating: 143843
	 Multiplicative Factor: 18,17%
Stamina
	 Rating: 872714
	 Multiplicative Factor: 11,3%
Crit
	 Rating: 30544
	 Multiplicative Factor: 0%
	 DR Bracket: 2
	 Base: 9%
	 Effective Percent: 50,91%
	 Crit Inc Heal: 2
	 Crit Inc Damage: 2
Haste
	 Rating: 13385
	 Multiplicative Factor: 0%
	 DR Bracket: 0
	 Base: 0%
	 Effective Percent: 20,28%
Vers
	 Rating: 15649
	 Multiplicative Factor: 0%
	 DR Bracket: 0
	 Base: 3%
	 Effective Percent: 23,06%
Leech
	 Rating: 5151
	 Multiplicative Factor: 0%
	 DR Bracket: 0
	 Base: 0%
	 Effective Percent: 5,05%
Avoidance
	 Rating: 0
	 Multiplicative Factor: 0%
	 DR Bracket: 0
	 Base: 0%
	 Effective Percent: 0%
Mastery
	 Rating: 4740
	 Multiplicative Factor: 0%
	 DR Bracket: 0
	 Base: 21%
	 Effective Percent: 31,16%
----------------------
00:00,000

Intellect
	 Rating: 139653
	 Multiplicative Factor: 14,73%
Stamina
	 Rating: 872714
	 Multiplicative Factor: 11,3%
Crit
	 Rating: 30544
	 Multiplicative Factor: 0%
	 DR Bracket: 2
	 Base: 9%
	 Effective Percent: 50,91%
	 Crit Inc Heal: 2
	 Crit Inc Damage: 2
Haste
	 Rating: 13385
	 Multiplicative Factor: 0%
	 DR Bracket: 0
	 Base: 0%
	 Effective Percent: 20,28%
Vers
	 Rating: 15649
	 Multiplicative Factor: 0%
	 DR Bracket: 0
	 Base: 3%
	 Effective Percent: 23,06%
Leech
	 Rating: 5151
	 Multiplicative Factor: 0%
	 DR Bracket: 0
	 Base: 0%
	 Effective Percent: 5,05%
Avoidance
	 Rating: 0
	 Multiplicative Factor: 0%
	 DR Bracket: 0
	 Base: 0%
	 Effective Percent: 0%
Mastery
	 Rating: 4740
	 Multiplicative Factor: 0%
	 DR Bracket: 0
	 Base: 21%
	 Effective Percent: 31,16%
----------------------
03:05,550

Intellect
	 Rating: 139653
	 Multiplicative Factor: 14,73%
Stamina
	 Rating: 872714
	 Multiplicative Factor: 11,3%
Crit
	 Rating: 33867
	 Multiplicative Factor: 0%
	 DR Bracket: 2
	 Base: 9%
	 Effective Percent: 54,71%
	 Crit Inc Heal: 2
	 Crit Inc Damage: 2
Haste
	 Rating: 13385
	 Multiplicative Factor: 0%
	 DR Bracket: 0
	 Base: 0%
	 Effective Percent: 20,28%
Vers
	 Rating: 15649
	 Multiplicative Factor: 0%
	 DR Bracket: 0
	 Base: 3%
	 Effective Percent: 23,06%
Leech
	 Rating: 5151
	 Multiplicative Factor: 0%
	 DR Bracket: 0
	 Base: 0%
	 Effective Percent: 5,05%
Avoidance
	 Rating: 0
	 Multiplicative Factor: 0%
	 DR Bracket: 0
	 Base: 0%
	 Effective Percent: 0%
Mastery
	 Rating: 4740
	 Multiplicative Factor: 0%
	 DR Bracket: 0
	 Base: 21%
	 Effective Percent: 31,16%
----------------------
03:05,551

Intellect
	 Rating: 139653
	 Multiplicative Factor: 14,73%
Stamina
	 Rating: 872714
	 Multiplicative Factor: 11,3%
Crit
	 Rating: 33867
	 Multiplicative Factor: 0%
	 DR Bracket: 2
	 Base: 9%
	 Effective Percent: 54,71%
	 Crit Inc Heal: 2
	 Crit Inc Damage: 2
Haste
	 Rating: 13385
	 Multiplicative Factor: 0%
	 DR Bracket: 0
	 Base: 0%
	 Effective Percent: 20,28%
Vers
	 Rating: 15649
	 Multiplicative Factor: 0%
	 DR Bracket: 0
	 Base: 3%
	 Effective Percent: 23,06%
Leech
	 Rating: 5151
	 Multiplicative Factor: 0%
	 DR Bracket: 0
	 Base: 0%
	 Effective Percent: 5,05%
Avoidance
	 Rating: 0
	 Multiplicative Factor: 0%
	 DR Bracket: 0
	 Base: 0%
	 Effective Percent: 0%
Mastery
	 Rating: 4740
	 Multiplicative Factor: 0%
	 DR Bracket: 0
	 Base: 24%
	 Effective Percent: 34,16%
----------------------
00:00,000

Intellect
	 Rating: 139653
	 Multiplicative Factor: 14,73%
Stamina
	 Rating: 872714
	 Multiplicative Factor: 11,3%
Crit
	 Rating: 33867
	 Multiplicative Factor: 0%
	 DR Bracket: 2
	 Base: 9%
	 Effective Percent: 54,71%
	 Crit Inc Heal: 2
	 Crit Inc Damage: 2
Haste
	 Rating: 13385
	 Multiplicative Factor: 0%
	 DR Bracket: 0
	 Base: 0%
	 Effective Percent: 20,28%
Vers
	 Rating: 15649
	 Multiplicative Factor: 0%
	 DR Bracket: 0
	 Base: 3%
	 Effective Percent: 23,06%
Leech
	 Rating: 5151
	 Multiplicative Factor: 0%
	 DR Bracket: 0
	 Base: 0%
	 Effective Percent: 5,05%
Avoidance
	 Rating: 0
	 Multiplicative Factor: 0%
	 DR Bracket: 0
	 Base: 0%
	 Effective Percent: 0%
Mastery
	 Rating: 4740
	 Multiplicative Factor: 0%
	 DR Bracket: 0
	 Base: 21%
	 Effective Percent: 31,16%
----------------------
03:11,278

Intellect
	 Rating: 139653
	 Multiplicative Factor: 14,73%
Stamina
	 Rating: 872714
	 Multiplicative Factor: 11,3%
Crit
	 Rating: 33867
	 Multiplicative Factor: 0%
	 DR Bracket: 2
	 Base: 9%
	 Effective Percent: 54,71%
	 Crit Inc Heal: 2
	 Crit Inc Damage: 2
Haste
	 Rating: 13385
	 Multiplicative Factor: 0%
	 DR Bracket: 0
	 Base: 1%
	 Effective Percent: 21,48%
Vers
	 Rating: 15649
	 Multiplicative Factor: 0%
	 DR Bracket: 0
	 Base: 3%
	 Effective Percent: 23,06%
Leech
	 Rating: 5151
	 Multiplicative Factor: 0%
	 DR Bracket: 0
	 Base: 0%
	 Effective Percent: 5,05%
Avoidance
	 Rating: 0
	 Multiplicative Factor: 0%
	 DR Bracket: 0
	 Base: 0%
	 Effective Percent: 0%
Mastery
	 Rating: 4740
	 Multiplicative Factor: 0%
	 DR Bracket: 0
	 Base: 21%
	 Effective Percent: 31,16%
----------------------
03:16,266

Intellect
	 Rating: 139653
	 Multiplicative Factor: 14,73%
Stamina
	 Rating: 872714
	 Multiplicative Factor: 11,3%
Crit
	 Rating: 33867
	 Multiplicative Factor: 0%
	 DR Bracket: 2
	 Base: 9%
	 Effective Percent: 54,71%
	 Crit Inc Heal: 2
	 Crit Inc Damage: 2
Haste
	 Rating: 13385
	 Multiplicative Factor: 0%
	 DR Bracket: 0
	 Base: 2%
	 Effective Percent: 22,69%
Vers
	 Rating: 15649
	 Multiplicative Factor: 0%
	 DR Bracket: 0
	 Base: 3%
	 Effective Percent: 23,06%
Leech
	 Rating: 5151
	 Multiplicative Factor: 0%
	 DR Bracket: 0
	 Base: 0%
	 Effective Percent: 5,05%
Avoidance
	 Rating: 0
	 Multiplicative Factor: 0%
	 DR Bracket: 0
	 Base: 0%
	 Effective Percent: 0%
Mastery
	 Rating: 4740
	 Multiplicative Factor: 0%
	 DR Bracket: 0
	 Base: 21%
	 Effective Percent: 31,16%
----------------------
03:18,710

Intellect
	 Rating: 139653
	 Multiplicative Factor: 14,73%
Stamina
	 Rating: 872714
	 Multiplicative Factor: 11,3%
Crit
	 Rating: 33867
	 Multiplicative Factor: 0%
	 DR Bracket: 2
	 Base: 9%
	 Effective Percent: 54,71%
	 Crit Inc Heal: 2
	 Crit Inc Damage: 2
Haste
	 Rating: 13385
	 Multiplicative Factor: 0%
	 DR Bracket: 0
	 Base: 3%
	 Effective Percent: 23,89%
Vers
	 Rating: 15649
	 Multiplicative Factor: 0%
	 DR Bracket: 0
	 Base: 3%
	 Effective Percent: 23,06%
Leech
	 Rating: 5151
	 Multiplicative Factor: 0%
	 DR Bracket: 0
	 Base: 0%
	 Effective Percent: 5,05%
Avoidance
	 Rating: 0
	 Multiplicative Factor: 0%
	 DR Bracket: 0
	 Base: 0%
	 Effective Percent: 0%
Mastery
	 Rating: 4740
	 Multiplicative Factor: 0%
	 DR Bracket: 0
	 Base: 21%
	 Effective Percent: 31,16%
----------------------
03:22,359

Intellect
	 Rating: 139653
	 Multiplicative Factor: 14,73%
Stamina
	 Rating: 872714
	 Multiplicative Factor: 11,3%
Crit
	 Rating: 33867
	 Multiplicative Factor: 0%
	 DR Bracket: 2
	 Base: 9%
	 Effective Percent: 54,71%
	 Crit Inc Heal: 2
	 Crit Inc Damage: 2
Haste
	 Rating: 13385
	 Multiplicative Factor: 0%
	 DR Bracket: 0
	 Base: 4%
	 Effective Percent: 25,09%
Vers
	 Rating: 15649
	 Multiplicative Factor: 0%
	 DR Bracket: 0
	 Base: 3%
	 Effective Percent: 23,06%
Leech
	 Rating: 5151
	 Multiplicative Factor: 0%
	 DR Bracket: 0
	 Base: 0%
	 Effective Percent: 5,05%
Avoidance
	 Rating: 0
	 Multiplicative Factor: 0%
	 DR Bracket: 0
	 Base: 0%
	 Effective Percent: 0%
Mastery
	 Rating: 4740
	 Multiplicative Factor: 0%
	 DR Bracket: 0
	 Base: 21%
	 Effective Percent: 31,16%
----------------------
03:28,363

Intellect
	 Rating: 139653
	 Multiplicative Factor: 14,73%
Stamina
	 Rating: 872714
	 Multiplicative Factor: 11,3%
Crit
	 Rating: 33867
	 Multiplicative Factor: 0%
	 DR Bracket: 2
	 Base: 9%
	 Effective Percent: 54,71%
	 Crit Inc Heal: 2
	 Crit Inc Damage: 2
Haste
	 Rating: 13385
	 Multiplicative Factor: 0%
	 DR Bracket: 0
	 Base: 5%
	 Effective Percent: 26,29%
Vers
	 Rating: 15649
	 Multiplicative Factor: 0%
	 DR Bracket: 0
	 Base: 3%
	 Effective Percent: 23,06%
Leech
	 Rating: 5151
	 Multiplicative Factor: 0%
	 DR Bracket: 0
	 Base: 0%
	 Effective Percent: 5,05%
Avoidance
	 Rating: 0
	 Multiplicative Factor: 0%
	 DR Bracket: 0
	 Base: 0%
	 Effective Percent: 0%
Mastery
	 Rating: 4740
	 Multiplicative Factor: 0%
	 DR Bracket: 0
	 Base: 21%
	 Effective Percent: 31,16%
----------------------
04:05,353

Intellect
	 Rating: 139653
	 Multiplicative Factor: 14,73%
Stamina
	 Rating: 872714
	 Multiplicative Factor: 11,3%
Crit
	 Rating: 33867
	 Multiplicative Factor: 0%
	 DR Bracket: 2
	 Base: 9%
	 Effective Percent: 54,71%
	 Crit Inc Heal: 2
	 Crit Inc Damage: 2
Haste
	 Rating: 13385
	 Multiplicative Factor: 0%
	 DR Bracket: 0
	 Base: 0%
	 Effective Percent: 20,28%
Vers
	 Rating: 15649
	 Multiplicative Factor: 0%
	 DR Bracket: 0
	 Base: 3%
	 Effective Percent: 23,06%
Leech
	 Rating: 5151
	 Multiplicative Factor: 0%
	 DR Bracket: 0
	 Base: 0%
	 Effective Percent: 5,05%
Avoidance
	 Rating: 0
	 Multiplicative Factor: 0%
	 DR Bracket: 0
	 Base: 0%
	 Effective Percent: 0%
Mastery
	 Rating: 4740
	 Multiplicative Factor: 0%
	 DR Bracket: 0
	 Base: 21%
	 Effective Percent: 31,16%
----------------------
04:28,163

Intellect
	 Rating: 139653
	 Multiplicative Factor: 14,73%
Stamina
	 Rating: 872714
	 Multiplicative Factor: 11,3%
Crit
	 Rating: 33867
	 Multiplicative Factor: 0%
	 DR Bracket: 2
	 Base: 9%
	 Effective Percent: 54,71%
	 Crit Inc Heal: 2
	 Crit Inc Damage: 2
Haste
	 Rating: 13385
	 Multiplicative Factor: 0%
	 DR Bracket: 0
	 Base: 0%
	 Effective Percent: 20,28%
Vers
	 Rating: 15649
	 Multiplicative Factor: 0%
	 DR Bracket: 0
	 Base: 3%
	 Effective Percent: 23,06%
Leech
	 Rating: 5151
	 Multiplicative Factor: 0%
	 DR Bracket: 0
	 Base: 0%
	 Effective Percent: 5,05%
Avoidance
	 Rating: 0
	 Multiplicative Factor: 0%
	 DR Bracket: 0
	 Base: 0%
	 Effective Percent: 0%
Mastery
	 Rating: 4740
	 Multiplicative Factor: 0%
	 DR Bracket: 0
	 Base: 21%
	 Effective Percent: 31,16%
----------------------
04:34,029

Intellect
	 Rating: 139653
	 Multiplicative Factor: 14,73%
Stamina
	 Rating: 872714
	 Multiplicative Factor: 11,3%
Crit
	 Rating: 33867
	 Multiplicative Factor: 0%
	 DR Bracket: 2
	 Base: 9%
	 Effective Percent: 54,71%
	 Crit Inc Heal: 2
	 Crit Inc Damage: 2
Haste
	 Rating: 13385
	 Multiplicative Factor: 0%
	 DR Bracket: 0
	 Base: 1%
	 Effective Percent: 21,48%
Vers
	 Rating: 15649
	 Multiplicative Factor: 0%
	 DR Bracket: 0
	 Base: 3%
	 Effective Percent: 23,06%
Leech
	 Rating: 5151
	 Multiplicative Factor: 0%
	 DR Bracket: 0
	 Base: 0%
	 Effective Percent: 5,05%
Avoidance
	 Rating: 0
	 Multiplicative Factor: 0%
	 DR Bracket: 0
	 Base: 0%
	 Effective Percent: 0%
Mastery
	 Rating: 4740
	 Multiplicative Factor: 0%
	 DR Bracket: 0
	 Base: 21%
	 Effective Percent: 31,16%
----------------------
04:39,009

Intellect
	 Rating: 139653
	 Multiplicative Factor: 14,73%
Stamina
	 Rating: 872714
	 Multiplicative Factor: 11,3%
Crit
	 Rating: 33867
	 Multiplicative Factor: 0%
	 DR Bracket: 2
	 Base: 9%
	 Effective Percent: 54,71%
	 Crit Inc Heal: 2
	 Crit Inc Damage: 2
Haste
	 Rating: 13385
	 Multiplicative Factor: 0%
	 DR Bracket: 0
	 Base: 2%
	 Effective Percent: 22,69%
Vers
	 Rating: 15649
	 Multiplicative Factor: 0%
	 DR Bracket: 0
	 Base: 3%
	 Effective Percent: 23,06%
Leech
	 Rating: 5151
	 Multiplicative Factor: 0%
	 DR Bracket: 0
	 Base: 0%
	 Effective Percent: 5,05%
Avoidance
	 Rating: 0
	 Multiplicative Factor: 0%
	 DR Bracket: 0
	 Base: 0%
	 Effective Percent: 0%
Mastery
	 Rating: 4740
	 Multiplicative Factor: 0%
	 DR Bracket: 0
	 Base: 21%
	 Effective Percent: 31,16%
----------------------
04:42,664

Intellect
	 Rating: 139653
	 Multiplicative Factor: 14,73%
Stamina
	 Rating: 872714
	 Multiplicative Factor: 11,3%
Crit
	 Rating: 33867
	 Multiplicative Factor: 0%
	 DR Bracket: 2
	 Base: 9%
	 Effective Percent: 54,71%
	 Crit Inc Heal: 2
	 Crit Inc Damage: 2
Haste
	 Rating: 13385
	 Multiplicative Factor: 0%
	 DR Bracket: 0
	 Base: 3%
	 Effective Percent: 23,89%
Vers
	 Rating: 15649
	 Multiplicative Factor: 0%
	 DR Bracket: 0
	 Base: 3%
	 Effective Percent: 23,06%
Leech
	 Rating: 5151
	 Multiplicative Factor: 0%
	 DR Bracket: 0
	 Base: 0%
	 Effective Percent: 5,05%
Avoidance
	 Rating: 0
	 Multiplicative Factor: 0%
	 DR Bracket: 0
	 Base: 0%
	 Effective Percent: 0%
Mastery
	 Rating: 4740
	 Multiplicative Factor: 0%
	 DR Bracket: 0
	 Base: 21%
	 Effective Percent: 31,16%
----------------------
04:46,308

Intellect
	 Rating: 139653
	 Multiplicative Factor: 14,73%
Stamina
	 Rating: 872714
	 Multiplicative Factor: 11,3%
Crit
	 Rating: 33867
	 Multiplicative Factor: 0%
	 DR Bracket: 2
	 Base: 9%
	 Effective Percent: 54,71%
	 Crit Inc Heal: 2
	 Crit Inc Damage: 2
Haste
	 Rating: 13385
	 Multiplicative Factor: 0%
	 DR Bracket: 0
	 Base: 4%
	 Effective Percent: 25,09%
Vers
	 Rating: 15649
	 Multiplicative Factor: 0%
	 DR Bracket: 0
	 Base: 3%
	 Effective Percent: 23,06%
Leech
	 Rating: 5151
	 Multiplicative Factor: 0%
	 DR Bracket: 0
	 Base: 0%
	 Effective Percent: 5,05%
Avoidance
	 Rating: 0
	 Multiplicative Factor: 0%
	 DR Bracket: 0
	 Base: 0%
	 Effective Percent: 0%
Mastery
	 Rating: 4740
	 Multiplicative Factor: 0%
	 DR Bracket: 0
	 Base: 21%
	 Effective Percent: 31,16%
----------------------
04:50,301

Intellect
	 Rating: 139653
	 Multiplicative Factor: 14,73%
Stamina
	 Rating: 872714
	 Multiplicative Factor: 11,3%
Crit
	 Rating: 33867
	 Multiplicative Factor: 0%
	 DR Bracket: 2
	 Base: 9%
	 Effective Percent: 54,71%
	 Crit Inc Heal: 2
	 Crit Inc Damage: 2
Haste
	 Rating: 13385
	 Multiplicative Factor: 0%
	 DR Bracket: 0
	 Base: 5%
	 Effective Percent: 26,29%
Vers
	 Rating: 15649
	 Multiplicative Factor: 0%
	 DR Bracket: 0
	 Base: 3%
	 Effective Percent: 23,06%
Leech
	 Rating: 5151
	 Multiplicative Factor: 0%
	 DR Bracket: 0
	 Base: 0%
	 Effective Percent: 5,05%
Avoidance
	 Rating: 0
	 Multiplicative Factor: 0%
	 DR Bracket: 0
	 Base: 0%
	 Effective Percent: 0%
Mastery
	 Rating: 4740
	 Multiplicative Factor: 0%
	 DR Bracket: 0
	 Base: 21%
	 Effective Percent: 31,16%
----------------------
05:32,683

Intellect
	 Rating: 139653
	 Multiplicative Factor: 14,73%
Stamina
	 Rating: 872714
	 Multiplicative Factor: 11,3%
Crit
	 Rating: 33867
	 Multiplicative Factor: 0%
	 DR Bracket: 2
	 Base: 9%
	 Effective Percent: 54,71%
	 Crit Inc Heal: 2
	 Crit Inc Damage: 2
Haste
	 Rating: 13385
	 Multiplicative Factor: 0%
	 DR Bracket: 0
	 Base: 0%
	 Effective Percent: 20,28%
Vers
	 Rating: 15649
	 Multiplicative Factor: 0%
	 DR Bracket: 0
	 Base: 3%
	 Effective Percent: 23,06%
Leech
	 Rating: 5151
	 Multiplicative Factor: 0%
	 DR Bracket: 0
	 Base: 0%
	 Effective Percent: 5,05%
Avoidance
	 Rating: 0
	 Multiplicative Factor: 0%
	 DR Bracket: 0
	 Base: 0%
	 Effective Percent: 0%
Mastery
	 Rating: 4740
	 Multiplicative Factor: 0%
	 DR Bracket: 0
	 Base: 21%
	 Effective Percent: 31,16%
----------------------
05:41,534

Intellect
	 Rating: 139653
	 Multiplicative Factor: 14,73%
Stamina
	 Rating: 872714
	 Multiplicative Factor: 11,3%
Crit
	 Rating: 33867
	 Multiplicative Factor: 0%
	 DR Bracket: 2
	 Base: 9%
	 Effective Percent: 54,71%
	 Crit Inc Heal: 2
	 Crit Inc Damage: 2
Haste
	 Rating: 13385
	 Multiplicative Factor: 0%
	 DR Bracket: 0
	 Base: 1%
	 Effective Percent: 21,48%
Vers
	 Rating: 15649
	 Multiplicative Factor: 0%
	 DR Bracket: 0
	 Base: 3%
	 Effective Percent: 23,06%
Leech
	 Rating: 5151
	 Multiplicative Factor: 0%
	 DR Bracket: 0
	 Base: 0%
	 Effective Percent: 5,05%
Avoidance
	 Rating: 0
	 Multiplicative Factor: 0%
	 DR Bracket: 0
	 Base: 0%
	 Effective Percent: 0%
Mastery
	 Rating: 4740
	 Multiplicative Factor: 0%
	 DR Bracket: 0
	 Base: 21%
	 Effective Percent: 31,16%
----------------------
05:41,597

Intellect
	 Rating: 139653
	 Multiplicative Factor: 14,73%
Stamina
	 Rating: 872714
	 Multiplicative Factor: 11,3%
Crit
	 Rating: 33867
	 Multiplicative Factor: 0%
	 DR Bracket: 2
	 Base: 9%
	 Effective Percent: 54,71%
	 Crit Inc Heal: 2
	 Crit Inc Damage: 2
Haste
	 Rating: 13385
	 Multiplicative Factor: 0%
	 DR Bracket: 0
	 Base: 31%
	 Effective Percent: 57,57%
Vers
	 Rating: 15649
	 Multiplicative Factor: 0%
	 DR Bracket: 0
	 Base: 3%
	 Effective Percent: 23,06%
Leech
	 Rating: 5151
	 Multiplicative Factor: 0%
	 DR Bracket: 0
	 Base: 0%
	 Effective Percent: 5,05%
Avoidance
	 Rating: 0
	 Multiplicative Factor: 0%
	 DR Bracket: 0
	 Base: 0%
	 Effective Percent: 0%
Mastery
	 Rating: 4740
	 Multiplicative Factor: 0%
	 DR Bracket: 0
	 Base: 21%
	 Effective Percent: 31,16%
----------------------
05:44,666

Intellect
	 Rating: 139653
	 Multiplicative Factor: 14,73%
Stamina
	 Rating: 872714
	 Multiplicative Factor: 11,3%
Crit
	 Rating: 33867
	 Multiplicative Factor: 0%
	 DR Bracket: 2
	 Base: 9%
	 Effective Percent: 54,71%
	 Crit Inc Heal: 2
	 Crit Inc Damage: 2
Haste
	 Rating: 13385
	 Multiplicative Factor: 0%
	 DR Bracket: 0
	 Base: 32%
	 Effective Percent: 58,77%
Vers
	 Rating: 15649
	 Multiplicative Factor: 0%
	 DR Bracket: 0
	 Base: 3%
	 Effective Percent: 23,06%
Leech
	 Rating: 5151
	 Multiplicative Factor: 0%
	 DR Bracket: 0
	 Base: 0%
	 Effective Percent: 5,05%
Avoidance
	 Rating: 0
	 Multiplicative Factor: 0%
	 DR Bracket: 0
	 Base: 0%
	 Effective Percent: 0%
Mastery
	 Rating: 4740
	 Multiplicative Factor: 0%
	 DR Bracket: 0
	 Base: 21%
	 Effective Percent: 31,16%
----------------------
05:49,415

Intellect
	 Rating: 139653
	 Multiplicative Factor: 14,73%
Stamina
	 Rating: 872714
	 Multiplicative Factor: 11,3%
Crit
	 Rating: 33867
	 Multiplicative Factor: 0%
	 DR Bracket: 2
	 Base: 9%
	 Effective Percent: 54,71%
	 Crit Inc Heal: 2
	 Crit Inc Damage: 2
Haste
	 Rating: 13385
	 Multiplicative Factor: 0%
	 DR Bracket: 0
	 Base: 33%
	 Effective Percent: 59,97%
Vers
	 Rating: 15649
	 Multiplicative Factor: 0%
	 DR Bracket: 0
	 Base: 3%
	 Effective Percent: 23,06%
Leech
	 Rating: 5151
	 Multiplicative Factor: 0%
	 DR Bracket: 0
	 Base: 0%
	 Effective Percent: 5,05%
Avoidance
	 Rating: 0
	 Multiplicative Factor: 0%
	 DR Bracket: 0
	 Base: 0%
	 Effective Percent: 0%
Mastery
	 Rating: 4740
	 Multiplicative Factor: 0%
	 DR Bracket: 0
	 Base: 21%
	 Effective Percent: 31,16%
----------------------
05:50,355

Intellect
	 Rating: 139653
	 Multiplicative Factor: 14,73%
Stamina
	 Rating: 872714
	 Multiplicative Factor: 11,3%
Crit
	 Rating: 33867
	 Multiplicative Factor: 0%
	 DR Bracket: 2
	 Base: 9%
	 Effective Percent: 54,71%
	 Crit Inc Heal: 2
	 Crit Inc Damage: 2
Haste
	 Rating: 13385
	 Multiplicative Factor: 0%
	 DR Bracket: 0
	 Base: 34%
	 Effective Percent: 61,18%
Vers
	 Rating: 15649
	 Multiplicative Factor: 0%
	 DR Bracket: 0
	 Base: 3%
	 Effective Percent: 23,06%
Leech
	 Rating: 5151
	 Multiplicative Factor: 0%
	 DR Bracket: 0
	 Base: 0%
	 Effective Percent: 5,05%
Avoidance
	 Rating: 0
	 Multiplicative Factor: 0%
	 DR Bracket: 0
	 Base: 0%
	 Effective Percent: 0%
Mastery
	 Rating: 4740
	 Multiplicative Factor: 0%
	 DR Bracket: 0
	 Base: 21%
	 Effective Percent: 31,16%
----------------------
05:54,049

Intellect
	 Rating: 139653
	 Multiplicative Factor: 14,73%
Stamina
	 Rating: 872714
	 Multiplicative Factor: 11,3%
Crit
	 Rating: 33867
	 Multiplicative Factor: 0%
	 DR Bracket: 2
	 Base: 9%
	 Effective Percent: 54,71%
	 Crit Inc Heal: 2
	 Crit Inc Damage: 2
Haste
	 Rating: 13385
	 Multiplicative Factor: 0%
	 DR Bracket: 0
	 Base: 35%
	 Effective Percent: 62,38%
Vers
	 Rating: 15649
	 Multiplicative Factor: 0%
	 DR Bracket: 0
	 Base: 3%
	 Effective Percent: 23,06%
Leech
	 Rating: 5151
	 Multiplicative Factor: 0%
	 DR Bracket: 0
	 Base: 0%
	 Effective Percent: 5,05%
Avoidance
	 Rating: 0
	 Multiplicative Factor: 0%
	 DR Bracket: 0
	 Base: 0%
	 Effective Percent: 0%
Mastery
	 Rating: 4740
	 Multiplicative Factor: 0%
	 DR Bracket: 0
	 Base: 21%
	 Effective Percent: 31,16%
----------------------
05:54,801

Intellect
	 Rating: 139653
	 Multiplicative Factor: 14,73%
Stamina
	 Rating: 872714
	 Multiplicative Factor: 11,3%
Crit
	 Rating: 33867
	 Multiplicative Factor: 0%
	 DR Bracket: 2
	 Base: 9%
	 Effective Percent: 54,71%
	 Crit Inc Heal: 2
	 Crit Inc Damage: 2
Haste
	 Rating: 13385
	 Multiplicative Factor: 0%
	 DR Bracket: 0
	 Base: 35%
	 Effective Percent: 62,38%
Vers
	 Rating: 15649
	 Multiplicative Factor: 0%
	 DR Bracket: 0
	 Base: 3%
	 Effective Percent: 23,06%
Leech
	 Rating: 5151
	 Multiplicative Factor: 0%
	 DR Bracket: 0
	 Base: 0%
	 Effective Percent: 5,05%
Avoidance
	 Rating: 0
	 Multiplicative Factor: 0%
	 DR Bracket: 0
	 Base: 0%
	 Effective Percent: 0%
Mastery
	 Rating: 4740
	 Multiplicative Factor: 0%
	 DR Bracket: 0
	 Base: 18%
	 Effective Percent: 28,16%
----------------------
05:54,801

Intellect
	 Rating: 139653
	 Multiplicative Factor: 14,73%
Stamina
	 Rating: 872714
	 Multiplicative Factor: 11,3%
Crit
	 Rating: 33867
	 Multiplicative Factor: 0%
	 DR Bracket: 2
	 Base: 9%
	 Effective Percent: 54,71%
	 Crit Inc Heal: 2
	 Crit Inc Damage: 2
Haste
	 Rating: 13385
	 Multiplicative Factor: 0%
	 DR Bracket: 0
	 Base: 35%
	 Effective Percent: 62,38%
Vers
	 Rating: 15649
	 Multiplicative Factor: 0%
	 DR Bracket: 0
	 Base: 3%
	 Effective Percent: 23,06%
Leech
	 Rating: 5151
	 Multiplicative Factor: 0%
	 DR Bracket: 0
	 Base: 0%
	 Effective Percent: 5,05%
Avoidance
	 Rating: 0
	 Multiplicative Factor: 0%
	 DR Bracket: 0
	 Base: 0%
	 Effective Percent: 0%
Mastery
	 Rating: 4740
	 Multiplicative Factor: 0%
	 DR Bracket: 0
	 Base: 21%
	 Effective Percent: 31,16%
----------------------
06:08,661

Intellect
	 Rating: 139653
	 Multiplicative Factor: 14,73%
Stamina
	 Rating: 872714
	 Multiplicative Factor: 11,3%
Crit
	 Rating: 33867
	 Multiplicative Factor: 0%
	 DR Bracket: 2
	 Base: 9%
	 Effective Percent: 54,71%
	 Crit Inc Heal: 2
	 Crit Inc Damage: 2
Haste
	 Rating: 13385
	 Multiplicative Factor: 0%
	 DR Bracket: 0
	 Base: 35%
	 Effective Percent: 62,38%
Vers
	 Rating: 15649
	 Multiplicative Factor: 0%
	 DR Bracket: 0
	 Base: 3%
	 Effective Percent: 23,06%
Leech
	 Rating: 5151
	 Multiplicative Factor: 0%
	 DR Bracket: 0
	 Base: 0%
	 Effective Percent: 5,05%
Avoidance
	 Rating: 0
	 Multiplicative Factor: 0%
	 DR Bracket: 0
	 Base: 0%
	 Effective Percent: 0%
Mastery
	 Rating: 4740
	 Multiplicative Factor: 0%
	 DR Bracket: 0
	 Base: 18%
	 Effective Percent: 28,16%
----------------------
06:08,661

Intellect
	 Rating: 139653
	 Multiplicative Factor: 14,73%
Stamina
	 Rating: 872714
	 Multiplicative Factor: 11,3%
Crit
	 Rating: 33867
	 Multiplicative Factor: 0%
	 DR Bracket: 2
	 Base: 9%
	 Effective Percent: 54,71%
	 Crit Inc Heal: 2
	 Crit Inc Damage: 2
Haste
	 Rating: 13385
	 Multiplicative Factor: 0%
	 DR Bracket: 0
	 Base: 35%
	 Effective Percent: 62,38%
Vers
	 Rating: 15649
	 Multiplicative Factor: 0%
	 DR Bracket: 0
	 Base: 3%
	 Effective Percent: 23,06%
Leech
	 Rating: 5151
	 Multiplicative Factor: 0%
	 DR Bracket: 0
	 Base: 0%
	 Effective Percent: 5,05%
Avoidance
	 Rating: 0
	 Multiplicative Factor: 0%
	 DR Bracket: 0
	 Base: 0%
	 Effective Percent: 0%
Mastery
	 Rating: 4740
	 Multiplicative Factor: 0%
	 DR Bracket: 0
	 Base: 21%
	 Effective Percent: 31,16%
----------------------
06:21,575

Intellect
	 Rating: 139653
	 Multiplicative Factor: 14,73%
Stamina
	 Rating: 872714
	 Multiplicative Factor: 11,3%
Crit
	 Rating: 33867
	 Multiplicative Factor: 0%
	 DR Bracket: 2
	 Base: 9%
	 Effective Percent: 54,71%
	 Crit Inc Heal: 2
	 Crit Inc Damage: 2
Haste
	 Rating: 13385
	 Multiplicative Factor: 0%
	 DR Bracket: 0
	 Base: 5%
	 Effective Percent: 26,29%
Vers
	 Rating: 15649
	 Multiplicative Factor: 0%
	 DR Bracket: 0
	 Base: 3%
	 Effective Percent: 23,06%
Leech
	 Rating: 5151
	 Multiplicative Factor: 0%
	 DR Bracket: 0
	 Base: 0%
	 Effective Percent: 5,05%
Avoidance
	 Rating: 0
	 Multiplicative Factor: 0%
	 DR Bracket: 0
	 Base: 0%
	 Effective Percent: 0%
Mastery
	 Rating: 4740
	 Multiplicative Factor: 0%
	 DR Bracket: 0
	 Base: 21%
	 Effective Percent: 31,16%
----------------------
07:29,143

Intellect
	 Rating: 139653
	 Multiplicative Factor: 14,73%
Stamina
	 Rating: 872714
	 Multiplicative Factor: 11,3%
Crit
	 Rating: 33867
	 Multiplicative Factor: 0%
	 DR Bracket: 2
	 Base: 9%
	 Effective Percent: 54,71%
	 Crit Inc Heal: 2
	 Crit Inc Damage: 2
Haste
	 Rating: 13385
	 Multiplicative Factor: 0%
	 DR Bracket: 0
	 Base: 5%
	 Effective Percent: 26,29%
Vers
	 Rating: 15649
	 Multiplicative Factor: 0%
	 DR Bracket: 0
	 Base: 3%
	 Effective Percent: 23,06%
Leech
	 Rating: 5151
	 Multiplicative Factor: 0%
	 DR Bracket: 0
	 Base: 0%
	 Effective Percent: 5,05%
Avoidance
	 Rating: 0
	 Multiplicative Factor: 0%
	 DR Bracket: 0
	 Base: 0%
	 Effective Percent: 0%
Mastery
	 Rating: 4740
	 Multiplicative Factor: 0%
	 DR Bracket: 0
	 Base: 21%
	 Effective Percent: 31,16%
----------------------
08:21,281

Intellect
	 Rating: 135585
	 Multiplicative Factor: 11,38%
Stamina
	 Rating: 872714
	 Multiplicative Factor: 11,3%
Crit
	 Rating: 33867
	 Multiplicative Factor: 0%
	 DR Bracket: 2
	 Base: 9%
	 Effective Percent: 54,71%
	 Crit Inc Heal: 2
	 Crit Inc Damage: 2
Haste
	 Rating: 13385
	 Multiplicative Factor: 0%
	 DR Bracket: 0
	 Base: 5%
	 Effective Percent: 26,29%
Vers
	 Rating: 15649
	 Multiplicative Factor: 0%
	 DR Bracket: 0
	 Base: 3%
	 Effective Percent: 23,06%
Leech
	 Rating: 5151
	 Multiplicative Factor: 0%
	 DR Bracket: 0
	 Base: 0%
	 Effective Percent: 5,05%
Avoidance
	 Rating: 0
	 Multiplicative Factor: 0%
	 DR Bracket: 0
	 Base: 0%
	 Effective Percent: 0%
Mastery
	 Rating: 4740
	 Multiplicative Factor: 0%
	 DR Bracket: 0
	 Base: 21%
	 Effective Percent: 31,16%
----------------------
08:21,281

Intellect
	 Rating: 135585
	 Multiplicative Factor: 11,38%
Stamina
	 Rating: 872714
	 Multiplicative Factor: 11,3%
Crit
	 Rating: 33867
	 Multiplicative Factor: 0%
	 DR Bracket: 2
	 Base: 9%
	 Effective Percent: 54,71%
	 Crit Inc Heal: 2
	 Crit Inc Damage: 2
Haste
	 Rating: 13385
	 Multiplicative Factor: 0%
	 DR Bracket: 0
	 Base: 0%
	 Effective Percent: 20,28%
Vers
	 Rating: 15649
	 Multiplicative Factor: 0%
	 DR Bracket: 0
	 Base: 3%
	 Effective Percent: 23,06%
Leech
	 Rating: 5151
	 Multiplicative Factor: 0%
	 DR Bracket: 0
	 Base: 0%
	 Effective Percent: 5,05%
Avoidance
	 Rating: 0
	 Multiplicative Factor: 0%
	 DR Bracket: 0
	 Base: 0%
	 Effective Percent: 0%
Mastery
	 Rating: 4740
	 Multiplicative Factor: 0%
	 DR Bracket: 0
	 Base: 21%
	 Effective Percent: 31,16%
----------------------
08:21,282

Intellect
	 Rating: 135585
	 Multiplicative Factor: 11,38%
Stamina
	 Rating: 872714
	 Multiplicative Factor: 11,3%
Crit
	 Rating: 33867
	 Multiplicative Factor: 0%
	 DR Bracket: 2
	 Base: 9%
	 Effective Percent: 54,71%
	 Crit Inc Heal: 2
	 Crit Inc Damage: 2
Haste
	 Rating: 13385
	 Multiplicative Factor: 0%
	 DR Bracket: 0
	 Base: 0%
	 Effective Percent: 20,28%
Vers
	 Rating: 15649
	 Multiplicative Factor: 0%
	 DR Bracket: 0
	 Base: 0%
	 Effective Percent: 20,06%
Leech
	 Rating: 5151
	 Multiplicative Factor: 0%
	 DR Bracket: 0
	 Base: 0%
	 Effective Percent: 5,05%
Avoidance
	 Rating: 0
	 Multiplicative Factor: 0%
	 DR Bracket: 0
	 Base: 0%
	 Effective Percent: 0%
Mastery
	 Rating: 4740
	 Multiplicative Factor: 0%
	 DR Bracket: 0
	 Base: 21%
	 Effective Percent: 31,16%
----------------------
08:21,282

Intellect
	 Rating: 135585
	 Multiplicative Factor: 11,38%
Stamina
	 Rating: 872714
	 Multiplicative Factor: 11,3%
Crit
	 Rating: 33867
	 Multiplicative Factor: 0%
	 DR Bracket: 2
	 Base: 9%
	 Effective Percent: 54,71%
	 Crit Inc Heal: 2
	 Crit Inc Damage: 2
Haste
	 Rating: 13385
	 Multiplicative Factor: 0%
	 DR Bracket: 0
	 Base: 0%
	 Effective Percent: 20,28%
Vers
	 Rating: 15649
	 Multiplicative Factor: 0%
	 DR Bracket: 0
	 Base: 0%
	 Effective Percent: 20,06%
Leech
	 Rating: 5151
	 Multiplicative Factor: 0%
	 DR Bracket: 0
	 Base: 0%
	 Effective Percent: 5,05%
Avoidance
	 Rating: 0
	 Multiplicative Factor: 0%
	 DR Bracket: 0
	 Base: 0%
	 Effective Percent: 0%
Mastery
	 Rating: 4740
	 Multiplicative Factor: 0%
	 DR Bracket: 0
	 Base: 18%
	 Effective Percent: 28,16%
----------------------
08:21,282

Intellect
	 Rating: 135585
	 Multiplicative Factor: 11,38%
Stamina
	 Rating: 831156
	 Multiplicative Factor: 6%
Crit
	 Rating: 33867
	 Multiplicative Factor: 0%
	 DR Bracket: 2
	 Base: 9%
	 Effective Percent: 54,71%
	 Crit Inc Heal: 2
	 Crit Inc Damage: 2
Haste
	 Rating: 13385
	 Multiplicative Factor: 0%
	 DR Bracket: 0
	 Base: 0%
	 Effective Percent: 20,28%
Vers
	 Rating: 15649
	 Multiplicative Factor: 0%
	 DR Bracket: 0
	 Base: 0%
	 Effective Percent: 20,06%
Leech
	 Rating: 5151
	 Multiplicative Factor: 0%
	 DR Bracket: 0
	 Base: 0%
	 Effective Percent: 5,05%
Avoidance
	 Rating: 0
	 Multiplicative Factor: 0%
	 DR Bracket: 0
	 Base: 0%
	 Effective Percent: 0%
Mastery
	 Rating: 4740
	 Multiplicative Factor: 0%
	 DR Bracket: 0
	 Base: 18%
	 Effective Percent: 28,16%
