Overflowing Light
	Mastery
		Heal: 16,212260208902833
-------------------
Judgment of Light
	Mastery
		Heal: 1,9306875404402433
-------------------
Pillar of Lights
	Mastery
		Heal: 29,396656674441022
-------------------
Holy Ritual
	Mastery
		Heal: 1,063219472085752
-------------------
Dawnlight
	Mastery
		Heal: 79,57990129723859
-------------------
Sun's Avatar
	Mastery
		Heal: 30,428873392177618
-------------------
Eternal Flame
	Mastery
		Heal: 126,16053682041697
-------------------
Sun Sear
	Mastery
		Heal: 14,44766169808415
-------------------
Holy Shock
	Mastery
		Heal: 122,89123358149081
-------------------
Light of Dawn
	Mastery
		Heal: 71,67846180707917
-------------------
Holy Prism
	Mastery
		Heal: 26,278241193814736
-------------------
Flash of Light
	Mastery
		Heal: 45,72617240911107
-------------------
Bestow Light
	Mastery
		Heal: 0,575171889426936
-------------------
Holy Light
	Mastery
		Heal: 1,477500061070414
-------------------
