-----------
Ascendance
-----------
Acid Rain
-----------
Capacitor Totem
-----------
Chain Heal
	Eff: 515,0410101633538
-----------
Chain Lightning
-----------
Downpour
-----------
Earth Elemental
-----------
Earth Shield
	Eff: 167,09697157763608
-----------
Earthbind Totem
-----------
Earthgrab Totem
-----------
Earthliving Weapon
	Eff: 2134,981616054173
-----------
Far Sight
-----------
Flame Shock
-----------
Flametongue Attack
-----------
Flametongue Weapon
-----------
Frost Shock
-----------
Ghost Wolf
-----------
Greater Purge
-----------
Gust of Wind
-----------
Healing Rain
	Eff: 58,144670514186146
-----------
Healing Surge
	Eff: 2603,350048730908
-----------
Healing Stream
-----------
Healing Stream Totem
-----------
Healing Tide
	Eff: 1146,819755370396
-----------
Healing Tide Totem
-----------
Healing Wave
	Eff: 3030,89903894059
-----------
Hex
-----------
Hydrobubble
	Eff: -1,821626938180998E-08
-----------
Lava Burst
-----------
Lightning Bolt
-----------
Lightning Shield
-----------
Nature's Guardian
	Eff: 1,862645149230957E-09
-----------
Overflowing Shores
-----------
Poison Cleansing Totem
-----------
Primal Strike
-----------
Purge
-----------
Purify Spirit
-----------
Reactive Warding
-----------
Restorative Mists
	Eff: 9806,525919644724
-----------
Riptide
	Eff: 3123,828343388226
-----------
Skyfury
-----------
Spirit Link Totem
-----------
Spouting Spirits
	Eff: 290,2248401135424
-----------
Surging Totem
-----------
Tidewaters
-----------
Tremor Totem
-----------
Unleash Life
-----------
Water Shield
-----------
Water Walking
-----------
Whispering Waves
	Eff: 4963,542963274005
-----------
Wind Barrier
-----------
Wind Rush Totem
-----------
Leech
	Eff: 724,6420983344557
-----------
Blessing of Summer
-----------
Holy Bulwark
-----------
ZeroCIMDummy
-----------
Cloudburst Totem
-----------
Loom'ithar's Living Silk
-----------
Nose For Trouble
-----------
Authority of Fiery Resolve
-----------
Shattered Soul's Embrace
-----------
Ethereal Reconstitution
	Eff: 373,4341675458
-----------
Ethereal Guard
	Eff: 1275,803385116962
-----------
Cloudburst
-----------
Lightforged Blessing
	SupEff: 1,7462298274040222E-10
-----------
Astral Shift
-----------
Spiritwalker's Grace
-----------
Tempered Potion
-----------
Ancestral Swiftness
-----------
Recall Cloudburst Totem
-----------
Spirit Link
-----------
Ancestral Protection Totem
-----------
Melee
	Dmg: 0,5435000000015862
-----------
Arcane Restoration
-----------
Healthstone
	Eff: 4,656612873077393E-10
-----------
Totemic Recall
-----------
Totemic Projection
-----------
Spirit Walk
-----------
Invigorating Healing Potion
-----------
Stone Bulwark Totem
-----------
Stone Bulwark
-----------
Voidglass Barrier
-----------
Angered Earth
