----------------------
00:00,150

Intellect
	 Rating: 131629
	 Multiplicative Factor: 8,15%
	 Eff: 131628,99999999997
Stamina
	 Rating: 754573
	 Multiplicative Factor: 5%
	 Eff: 754573,0000000001
Crit
	 Rating: 16377
	 Multiplicative Factor: 0%
	 Eff: 19877,000000000004
	 DR Bracket: 0
	 Base: 5%
	 Effective Percent: 28,4%
	 Crit Inc Heal: 2
	 Crit Inc Damage: 2
Haste
	 Rating: 34090
	 Multiplicative Factor: 0%
	 Eff: 31782,999999999996
	 DR Bracket: 3
	 Base: 0%
	 Effective Percent: 48,16%
Vers
	 Rating: 6966
	 Multiplicative Factor: 0%
	 Eff: 9306
	 DR Bracket: 0
	 Base: 3%
	 Effective Percent: 11,93%
Leech
	 Rating: 3060
	 Multiplicative Factor: 0%
	 Eff: 3060
	 DR Bracket: 0
	 Base: 0%
	 Effective Percent: 3%
Avoidance
	 Rating: 0
	 Multiplicative Factor: 0%
	 Eff: 0
	 DR Bracket: 0
	 Base: 0%
	 Effective Percent: 0%
Mastery
	 Rating: 2521
	 Multiplicative Factor: 0%
	 Eff: 9521
	 DR Bracket: 0
	 Base: 30%
	 Effective Percent: 40,8%
----------------------
00:05,354

Intellect
	 Rating: 131629
	 Multiplicative Factor: 8,15%
	 Eff: 131628,99999999997
Stamina
	 Rating: 754573
	 Multiplicative Factor: 5%
	 Eff: 754573,0000000001
Crit
	 Rating: 16377
	 Multiplicative Factor: 0%
	 Eff: 19877,000000000004
	 DR Bracket: 0
	 Base: 5%
	 Effective Percent: 28,4%
	 Crit Inc Heal: 2
	 Crit Inc Damage: 2
Haste
	 Rating: 34090
	 Multiplicative Factor: 0%
	 Eff: 31782,999999999996
	 DR Bracket: 3
	 Base: 0%
	 Effective Percent: 48,16%
Vers
	 Rating: 6966
	 Multiplicative Factor: 0%
	 Eff: 9306
	 DR Bracket: 0
	 Base: 3%
	 Effective Percent: 11,93%
Leech
	 Rating: 3060
	 Multiplicative Factor: 0%
	 Eff: 3060
	 DR Bracket: 0
	 Base: 0%
	 Effective Percent: 3%
Avoidance
	 Rating: 0
	 Multiplicative Factor: 0%
	 Eff: 0
	 DR Bracket: 0
	 Base: 0%
	 Effective Percent: 0%
Mastery
	 Rating: 2521
	 Multiplicative Factor: 0%
	 Eff: 9521
	 DR Bracket: 0
	 Base: 30%
	 Effective Percent: 40,8%
----------------------
00:10,376

Intellect
	 Rating: 131629
	 Multiplicative Factor: 8,15%
	 Eff: 131628,99999999997
Stamina
	 Rating: 754573
	 Multiplicative Factor: 5%
	 Eff: 754573,0000000001
Crit
	 Rating: 16377
	 Multiplicative Factor: 0%
	 Eff: 19877,000000000004
	 DR Bracket: 0
	 Base: 5%
	 Effective Percent: 28,4%
	 Crit Inc Heal: 2
	 Crit Inc Damage: 2
Haste
	 Rating: 34090
	 Multiplicative Factor: 0%
	 Eff: 31782,999999999996
	 DR Bracket: 3
	 Base: 0%
	 Effective Percent: 48,16%
Vers
	 Rating: 6966
	 Multiplicative Factor: 0%
	 Eff: 9306
	 DR Bracket: 0
	 Base: 3%
	 Effective Percent: 11,93%
Leech
	 Rating: 3060
	 Multiplicative Factor: 0%
	 Eff: 3060
	 DR Bracket: 0
	 Base: 0%
	 Effective Percent: 3%
Avoidance
	 Rating: 0
	 Multiplicative Factor: 0%
	 Eff: 0
	 DR Bracket: 0
	 Base: 0%
	 Effective Percent: 0%
Mastery
	 Rating: 2521
	 Multiplicative Factor: 0%
	 Eff: 9521
	 DR Bracket: 0
	 Base: 30%
	 Effective Percent: 40,8%
----------------------
00:15,435

Intellect
	 Rating: 131629
	 Multiplicative Factor: 8,15%
	 Eff: 131628,99999999997
Stamina
	 Rating: 754573
	 Multiplicative Factor: 5%
	 Eff: 754573,0000000001
Crit
	 Rating: 16377
	 Multiplicative Factor: 0%
	 Eff: 19877,000000000004
	 DR Bracket: 0
	 Base: 5%
	 Effective Percent: 28,4%
	 Crit Inc Heal: 2
	 Crit Inc Damage: 2
Haste
	 Rating: 34090
	 Multiplicative Factor: 0%
	 Eff: 31782,999999999996
	 DR Bracket: 3
	 Base: 0%
	 Effective Percent: 48,16%
Vers
	 Rating: 6966
	 Multiplicative Factor: 0%
	 Eff: 9306
	 DR Bracket: 0
	 Base: 3%
	 Effective Percent: 11,93%
Leech
	 Rating: 3060
	 Multiplicative Factor: 0%
	 Eff: 3060
	 DR Bracket: 0
	 Base: 0%
	 Effective Percent: 3%
Avoidance
	 Rating: 0
	 Multiplicative Factor: 0%
	 Eff: 0
	 DR Bracket: 0
	 Base: 0%
	 Effective Percent: 0%
Mastery
	 Rating: 2521
	 Multiplicative Factor: 0%
	 Eff: 9521
	 DR Bracket: 0
	 Base: 30%
	 Effective Percent: 40,8%
----------------------
00:20,603

Intellect
	 Rating: 131629
	 Multiplicative Factor: 8,15%
	 Eff: 131628,99999999997
Stamina
	 Rating: 754573
	 Multiplicative Factor: 5%
	 Eff: 754573,0000000001
Crit
	 Rating: 16377
	 Multiplicative Factor: 0%
	 Eff: 19877,000000000004
	 DR Bracket: 0
	 Base: 5%
	 Effective Percent: 28,4%
	 Crit Inc Heal: 2
	 Crit Inc Damage: 2
Haste
	 Rating: 34090
	 Multiplicative Factor: 0%
	 Eff: 31782,999999999996
	 DR Bracket: 3
	 Base: 0%
	 Effective Percent: 48,16%
Vers
	 Rating: 6966
	 Multiplicative Factor: 0%
	 Eff: 9306
	 DR Bracket: 0
	 Base: 3%
	 Effective Percent: 11,93%
Leech
	 Rating: 3060
	 Multiplicative Factor: 0%
	 Eff: 3060
	 DR Bracket: 0
	 Base: 0%
	 Effective Percent: 3%
Avoidance
	 Rating: 0
	 Multiplicative Factor: 0%
	 Eff: 0
	 DR Bracket: 0
	 Base: 0%
	 Effective Percent: 0%
Mastery
	 Rating: 2521
	 Multiplicative Factor: 0%
	 Eff: 9521
	 DR Bracket: 0
	 Base: 30%
	 Effective Percent: 40,8%
----------------------
00:25,619

Intellect
	 Rating: 131629
	 Multiplicative Factor: 8,15%
	 Eff: 131628,99999999997
Stamina
	 Rating: 754573
	 Multiplicative Factor: 5%
	 Eff: 754573,0000000001
Crit
	 Rating: 16377
	 Multiplicative Factor: 0%
	 Eff: 19877,000000000004
	 DR Bracket: 0
	 Base: 5%
	 Effective Percent: 28,4%
	 Crit Inc Heal: 2
	 Crit Inc Damage: 2
Haste
	 Rating: 34090
	 Multiplicative Factor: 0%
	 Eff: 31782,999999999996
	 DR Bracket: 3
	 Base: 0%
	 Effective Percent: 48,16%
Vers
	 Rating: 6966
	 Multiplicative Factor: 0%
	 Eff: 9306
	 DR Bracket: 0
	 Base: 3%
	 Effective Percent: 11,93%
Leech
	 Rating: 3060
	 Multiplicative Factor: 0%
	 Eff: 3060
	 DR Bracket: 0
	 Base: 0%
	 Effective Percent: 3%
Avoidance
	 Rating: 0
	 Multiplicative Factor: 0%
	 Eff: 0
	 DR Bracket: 0
	 Base: 0%
	 Effective Percent: 0%
Mastery
	 Rating: 2521
	 Multiplicative Factor: 0%
	 Eff: 9521
	 DR Bracket: 0
	 Base: 30%
	 Effective Percent: 40,8%
----------------------
00:30,966

Intellect
	 Rating: 131629
	 Multiplicative Factor: 8,15%
	 Eff: 131628,99999999997
Stamina
	 Rating: 754573
	 Multiplicative Factor: 5%
	 Eff: 754573,0000000001
Crit
	 Rating: 16377
	 Multiplicative Factor: 0%
	 Eff: 19877,000000000004
	 DR Bracket: 0
	 Base: 5%
	 Effective Percent: 28,4%
	 Crit Inc Heal: 2
	 Crit Inc Damage: 2
Haste
	 Rating: 34090
	 Multiplicative Factor: 0%
	 Eff: 31782,999999999996
	 DR Bracket: 3
	 Base: 0%
	 Effective Percent: 48,16%
Vers
	 Rating: 6966
	 Multiplicative Factor: 0%
	 Eff: 9306
	 DR Bracket: 0
	 Base: 3%
	 Effective Percent: 11,93%
Leech
	 Rating: 3060
	 Multiplicative Factor: 0%
	 Eff: 3060
	 DR Bracket: 0
	 Base: 0%
	 Effective Percent: 3%
Avoidance
	 Rating: 0
	 Multiplicative Factor: 0%
	 Eff: 0
	 DR Bracket: 0
	 Base: 0%
	 Effective Percent: 0%
Mastery
	 Rating: 2521
	 Multiplicative Factor: 0%
	 Eff: 9521
	 DR Bracket: 0
	 Base: 30%
	 Effective Percent: 40,8%
----------------------
00:36,128

Intellect
	 Rating: 131629
	 Multiplicative Factor: 8,15%
	 Eff: 131628,99999999997
Stamina
	 Rating: 754573
	 Multiplicative Factor: 5%
	 Eff: 754573,0000000001
Crit
	 Rating: 16377
	 Multiplicative Factor: 0%
	 Eff: 19877,000000000004
	 DR Bracket: 0
	 Base: 5%
	 Effective Percent: 28,4%
	 Crit Inc Heal: 2
	 Crit Inc Damage: 2
Haste
	 Rating: 34090
	 Multiplicative Factor: 0%
	 Eff: 31782,999999999996
	 DR Bracket: 3
	 Base: 0%
	 Effective Percent: 48,16%
Vers
	 Rating: 6966
	 Multiplicative Factor: 0%
	 Eff: 9306
	 DR Bracket: 0
	 Base: 3%
	 Effective Percent: 11,93%
Leech
	 Rating: 3060
	 Multiplicative Factor: 0%
	 Eff: 3060
	 DR Bracket: 0
	 Base: 0%
	 Effective Percent: 3%
Avoidance
	 Rating: 0
	 Multiplicative Factor: 0%
	 Eff: 0
	 DR Bracket: 0
	 Base: 0%
	 Effective Percent: 0%
Mastery
	 Rating: 2521
	 Multiplicative Factor: 0%
	 Eff: 9521
	 DR Bracket: 0
	 Base: 30%
	 Effective Percent: 40,8%
----------------------
00:41,235

Intellect
	 Rating: 131629
	 Multiplicative Factor: 8,15%
	 Eff: 131628,99999999997
Stamina
	 Rating: 754573
	 Multiplicative Factor: 5%
	 Eff: 754573,0000000001
Crit
	 Rating: 16377
	 Multiplicative Factor: 0%
	 Eff: 19877,000000000004
	 DR Bracket: 0
	 Base: 5%
	 Effective Percent: 28,4%
	 Crit Inc Heal: 2
	 Crit Inc Damage: 2
Haste
	 Rating: 34090
	 Multiplicative Factor: 0%
	 Eff: 31782,999999999996
	 DR Bracket: 3
	 Base: 0%
	 Effective Percent: 48,16%
Vers
	 Rating: 6966
	 Multiplicative Factor: 0%
	 Eff: 9306
	 DR Bracket: 0
	 Base: 3%
	 Effective Percent: 11,93%
Leech
	 Rating: 3060
	 Multiplicative Factor: 0%
	 Eff: 3060
	 DR Bracket: 0
	 Base: 0%
	 Effective Percent: 3%
Avoidance
	 Rating: 0
	 Multiplicative Factor: 0%
	 Eff: 0
	 DR Bracket: 0
	 Base: 0%
	 Effective Percent: 0%
Mastery
	 Rating: 2521
	 Multiplicative Factor: 0%
	 Eff: 9521
	 DR Bracket: 0
	 Base: 30%
	 Effective Percent: 40,8%
----------------------
00:46,566

Intellect
	 Rating: 131629
	 Multiplicative Factor: 8,15%
	 Eff: 131628,99999999997
Stamina
	 Rating: 754573
	 Multiplicative Factor: 5%
	 Eff: 754573,0000000001
Crit
	 Rating: 16377
	 Multiplicative Factor: 0%
	 Eff: 19877,000000000004
	 DR Bracket: 0
	 Base: 5%
	 Effective Percent: 28,4%
	 Crit Inc Heal: 2
	 Crit Inc Damage: 2
Haste
	 Rating: 34090
	 Multiplicative Factor: 0%
	 Eff: 31782,999999999996
	 DR Bracket: 3
	 Base: 0%
	 Effective Percent: 48,16%
Vers
	 Rating: 6966
	 Multiplicative Factor: 0%
	 Eff: 9306
	 DR Bracket: 0
	 Base: 3%
	 Effective Percent: 11,93%
Leech
	 Rating: 3060
	 Multiplicative Factor: 0%
	 Eff: 3060
	 DR Bracket: 0
	 Base: 0%
	 Effective Percent: 3%
Avoidance
	 Rating: 0
	 Multiplicative Factor: 0%
	 Eff: 0
	 DR Bracket: 0
	 Base: 0%
	 Effective Percent: 0%
Mastery
	 Rating: 2521
	 Multiplicative Factor: 0%
	 Eff: 9521
	 DR Bracket: 0
	 Base: 30%
	 Effective Percent: 40,8%
----------------------
00:51,620

Intellect
	 Rating: 131629
	 Multiplicative Factor: 8,15%
	 Eff: 131628,99999999997
Stamina
	 Rating: 754573
	 Multiplicative Factor: 5%
	 Eff: 754573,0000000001
Crit
	 Rating: 16377
	 Multiplicative Factor: 0%
	 Eff: 19877,000000000004
	 DR Bracket: 0
	 Base: 5%
	 Effective Percent: 28,4%
	 Crit Inc Heal: 2
	 Crit Inc Damage: 2
Haste
	 Rating: 34090
	 Multiplicative Factor: 0%
	 Eff: 31782,999999999996
	 DR Bracket: 3
	 Base: 0%
	 Effective Percent: 48,16%
Vers
	 Rating: 6966
	 Multiplicative Factor: 0%
	 Eff: 9306
	 DR Bracket: 0
	 Base: 3%
	 Effective Percent: 11,93%
Leech
	 Rating: 3060
	 Multiplicative Factor: 0%
	 Eff: 3060
	 DR Bracket: 0
	 Base: 0%
	 Effective Percent: 3%
Avoidance
	 Rating: 0
	 Multiplicative Factor: 0%
	 Eff: 0
	 DR Bracket: 0
	 Base: 0%
	 Effective Percent: 0%
Mastery
	 Rating: 2521
	 Multiplicative Factor: 0%
	 Eff: 9521
	 DR Bracket: 0
	 Base: 30%
	 Effective Percent: 40,8%
----------------------
00:56,666

Intellect
	 Rating: 131629
	 Multiplicative Factor: 8,15%
	 Eff: 131628,99999999997
Stamina
	 Rating: 754573
	 Multiplicative Factor: 5%
	 Eff: 754573,0000000001
Crit
	 Rating: 16377
	 Multiplicative Factor: 0%
	 Eff: 19877,000000000004
	 DR Bracket: 0
	 Base: 5%
	 Effective Percent: 28,4%
	 Crit Inc Heal: 2
	 Crit Inc Damage: 2
Haste
	 Rating: 34090
	 Multiplicative Factor: 0%
	 Eff: 31782,999999999996
	 DR Bracket: 3
	 Base: 0%
	 Effective Percent: 48,16%
Vers
	 Rating: 6966
	 Multiplicative Factor: 0%
	 Eff: 9306
	 DR Bracket: 0
	 Base: 3%
	 Effective Percent: 11,93%
Leech
	 Rating: 3060
	 Multiplicative Factor: 0%
	 Eff: 3060
	 DR Bracket: 0
	 Base: 0%
	 Effective Percent: 3%
Avoidance
	 Rating: 0
	 Multiplicative Factor: 0%
	 Eff: 0
	 DR Bracket: 0
	 Base: 0%
	 Effective Percent: 0%
Mastery
	 Rating: 2521
	 Multiplicative Factor: 0%
	 Eff: 9521
	 DR Bracket: 0
	 Base: 30%
	 Effective Percent: 40,8%
----------------------
01:01,812

Intellect
	 Rating: 131629
	 Multiplicative Factor: 8,15%
	 Eff: 131628,99999999997
Stamina
	 Rating: 754573
	 Multiplicative Factor: 5%
	 Eff: 754573,0000000001
Crit
	 Rating: 16377
	 Multiplicative Factor: 0%
	 Eff: 19877,000000000004
	 DR Bracket: 0
	 Base: 5%
	 Effective Percent: 28,4%
	 Crit Inc Heal: 2
	 Crit Inc Damage: 2
Haste
	 Rating: 34090
	 Multiplicative Factor: 0%
	 Eff: 31782,999999999996
	 DR Bracket: 3
	 Base: 0%
	 Effective Percent: 48,16%
Vers
	 Rating: 6966
	 Multiplicative Factor: 0%
	 Eff: 9306
	 DR Bracket: 0
	 Base: 3%
	 Effective Percent: 11,93%
Leech
	 Rating: 3060
	 Multiplicative Factor: 0%
	 Eff: 3060
	 DR Bracket: 0
	 Base: 0%
	 Effective Percent: 3%
Avoidance
	 Rating: 0
	 Multiplicative Factor: 0%
	 Eff: 0
	 DR Bracket: 0
	 Base: 0%
	 Effective Percent: 0%
Mastery
	 Rating: 2521
	 Multiplicative Factor: 0%
	 Eff: 9521
	 DR Bracket: 0
	 Base: 30%
	 Effective Percent: 40,8%
----------------------
01:06,886

Intellect
	 Rating: 131629
	 Multiplicative Factor: 8,15%
	 Eff: 131628,99999999997
Stamina
	 Rating: 754573
	 Multiplicative Factor: 5%
	 Eff: 754573,0000000001
Crit
	 Rating: 16377
	 Multiplicative Factor: 0%
	 Eff: 19877,000000000004
	 DR Bracket: 0
	 Base: 5%
	 Effective Percent: 28,4%
	 Crit Inc Heal: 2
	 Crit Inc Damage: 2
Haste
	 Rating: 34090
	 Multiplicative Factor: 0%
	 Eff: 31782,999999999996
	 DR Bracket: 3
	 Base: 0%
	 Effective Percent: 48,16%
Vers
	 Rating: 6966
	 Multiplicative Factor: 0%
	 Eff: 9306
	 DR Bracket: 0
	 Base: 3%
	 Effective Percent: 11,93%
Leech
	 Rating: 3060
	 Multiplicative Factor: 0%
	 Eff: 3060
	 DR Bracket: 0
	 Base: 0%
	 Effective Percent: 3%
Avoidance
	 Rating: 0
	 Multiplicative Factor: 0%
	 Eff: 0
	 DR Bracket: 0
	 Base: 0%
	 Effective Percent: 0%
Mastery
	 Rating: 2521
	 Multiplicative Factor: 0%
	 Eff: 9521
	 DR Bracket: 0
	 Base: 30%
	 Effective Percent: 40,8%
----------------------
01:11,958

Intellect
	 Rating: 131629
	 Multiplicative Factor: 8,15%
	 Eff: 131628,99999999997
Stamina
	 Rating: 754573
	 Multiplicative Factor: 5%
	 Eff: 754573,0000000001
Crit
	 Rating: 16377
	 Multiplicative Factor: 0%
	 Eff: 19877,000000000004
	 DR Bracket: 0
	 Base: 5%
	 Effective Percent: 28,4%
	 Crit Inc Heal: 2
	 Crit Inc Damage: 2
Haste
	 Rating: 34090
	 Multiplicative Factor: 0%
	 Eff: 31782,999999999996
	 DR Bracket: 3
	 Base: 0%
	 Effective Percent: 48,16%
Vers
	 Rating: 6966
	 Multiplicative Factor: 0%
	 Eff: 9306
	 DR Bracket: 0
	 Base: 3%
	 Effective Percent: 11,93%
Leech
	 Rating: 3060
	 Multiplicative Factor: 0%
	 Eff: 3060
	 DR Bracket: 0
	 Base: 0%
	 Effective Percent: 3%
Avoidance
	 Rating: 0
	 Multiplicative Factor: 0%
	 Eff: 0
	 DR Bracket: 0
	 Base: 0%
	 Effective Percent: 0%
Mastery
	 Rating: 2521
	 Multiplicative Factor: 0%
	 Eff: 9521
	 DR Bracket: 0
	 Base: 30%
	 Effective Percent: 40,8%
----------------------
01:17,015

Intellect
	 Rating: 131629
	 Multiplicative Factor: 8,15%
	 Eff: 131628,99999999997
Stamina
	 Rating: 754573
	 Multiplicative Factor: 5%
	 Eff: 754573,0000000001
Crit
	 Rating: 16377
	 Multiplicative Factor: 0%
	 Eff: 19877,000000000004
	 DR Bracket: 0
	 Base: 5%
	 Effective Percent: 28,4%
	 Crit Inc Heal: 2
	 Crit Inc Damage: 2
Haste
	 Rating: 34090
	 Multiplicative Factor: 0%
	 Eff: 31782,999999999996
	 DR Bracket: 3
	 Base: 0%
	 Effective Percent: 48,16%
Vers
	 Rating: 6966
	 Multiplicative Factor: 0%
	 Eff: 9306
	 DR Bracket: 0
	 Base: 3%
	 Effective Percent: 11,93%
Leech
	 Rating: 3060
	 Multiplicative Factor: 0%
	 Eff: 3060
	 DR Bracket: 0
	 Base: 0%
	 Effective Percent: 3%
Avoidance
	 Rating: 0
	 Multiplicative Factor: 0%
	 Eff: 0
	 DR Bracket: 0
	 Base: 0%
	 Effective Percent: 0%
Mastery
	 Rating: 2521
	 Multiplicative Factor: 0%
	 Eff: 9521
	 DR Bracket: 0
	 Base: 30%
	 Effective Percent: 40,8%
----------------------
01:22,030

Intellect
	 Rating: 131629
	 Multiplicative Factor: 8,15%
	 Eff: 131628,99999999997
Stamina
	 Rating: 754573
	 Multiplicative Factor: 5%
	 Eff: 754573,0000000001
Crit
	 Rating: 16377
	 Multiplicative Factor: 0%
	 Eff: 19877,000000000004
	 DR Bracket: 0
	 Base: 5%
	 Effective Percent: 28,4%
	 Crit Inc Heal: 2
	 Crit Inc Damage: 2
Haste
	 Rating: 34090
	 Multiplicative Factor: 0%
	 Eff: 31782,999999999996
	 DR Bracket: 3
	 Base: 0%
	 Effective Percent: 48,16%
Vers
	 Rating: 6966
	 Multiplicative Factor: 0%
	 Eff: 9306
	 DR Bracket: 0
	 Base: 3%
	 Effective Percent: 11,93%
Leech
	 Rating: 3060
	 Multiplicative Factor: 0%
	 Eff: 3060
	 DR Bracket: 0
	 Base: 0%
	 Effective Percent: 3%
Avoidance
	 Rating: 0
	 Multiplicative Factor: 0%
	 Eff: 0
	 DR Bracket: 0
	 Base: 0%
	 Effective Percent: 0%
Mastery
	 Rating: 2521
	 Multiplicative Factor: 0%
	 Eff: 9521
	 DR Bracket: 0
	 Base: 30%
	 Effective Percent: 40,8%
----------------------
01:27,155

Intellect
	 Rating: 131629
	 Multiplicative Factor: 8,15%
	 Eff: 131628,99999999997
Stamina
	 Rating: 754573
	 Multiplicative Factor: 5%
	 Eff: 754573,0000000001
Crit
	 Rating: 16377
	 Multiplicative Factor: 0%
	 Eff: 19877,000000000004
	 DR Bracket: 0
	 Base: 5%
	 Effective Percent: 28,4%
	 Crit Inc Heal: 2
	 Crit Inc Damage: 2
Haste
	 Rating: 34090
	 Multiplicative Factor: 0%
	 Eff: 31782,999999999996
	 DR Bracket: 3
	 Base: 0%
	 Effective Percent: 48,16%
Vers
	 Rating: 6966
	 Multiplicative Factor: 0%
	 Eff: 9306
	 DR Bracket: 0
	 Base: 3%
	 Effective Percent: 11,93%
Leech
	 Rating: 3060
	 Multiplicative Factor: 0%
	 Eff: 3060
	 DR Bracket: 0
	 Base: 0%
	 Effective Percent: 3%
Avoidance
	 Rating: 0
	 Multiplicative Factor: 0%
	 Eff: 0
	 DR Bracket: 0
	 Base: 0%
	 Effective Percent: 0%
Mastery
	 Rating: 2521
	 Multiplicative Factor: 0%
	 Eff: 9521
	 DR Bracket: 0
	 Base: 30%
	 Effective Percent: 40,8%
----------------------
01:32,170

Intellect
	 Rating: 131629
	 Multiplicative Factor: 8,15%
	 Eff: 131628,99999999997
Stamina
	 Rating: 754573
	 Multiplicative Factor: 5%
	 Eff: 754573,0000000001
Crit
	 Rating: 16377
	 Multiplicative Factor: 0%
	 Eff: 19877,000000000004
	 DR Bracket: 0
	 Base: 5%
	 Effective Percent: 28,4%
	 Crit Inc Heal: 2
	 Crit Inc Damage: 2
Haste
	 Rating: 34090
	 Multiplicative Factor: 0%
	 Eff: 31782,999999999996
	 DR Bracket: 3
	 Base: 0%
	 Effective Percent: 48,16%
Vers
	 Rating: 6966
	 Multiplicative Factor: 0%
	 Eff: 9306
	 DR Bracket: 0
	 Base: 3%
	 Effective Percent: 11,93%
Leech
	 Rating: 3060
	 Multiplicative Factor: 0%
	 Eff: 3060
	 DR Bracket: 0
	 Base: 0%
	 Effective Percent: 3%
Avoidance
	 Rating: 0
	 Multiplicative Factor: 0%
	 Eff: 0
	 DR Bracket: 0
	 Base: 0%
	 Effective Percent: 0%
Mastery
	 Rating: 2521
	 Multiplicative Factor: 0%
	 Eff: 9521
	 DR Bracket: 0
	 Base: 30%
	 Effective Percent: 40,8%
----------------------
01:37,256

Intellect
	 Rating: 131629
	 Multiplicative Factor: 8,15%
	 Eff: 131628,99999999997
Stamina
	 Rating: 754573
	 Multiplicative Factor: 5%
	 Eff: 754573,0000000001
Crit
	 Rating: 16377
	 Multiplicative Factor: 0%
	 Eff: 19877,000000000004
	 DR Bracket: 0
	 Base: 5%
	 Effective Percent: 28,4%
	 Crit Inc Heal: 2
	 Crit Inc Damage: 2
Haste
	 Rating: 34090
	 Multiplicative Factor: 0%
	 Eff: 31782,999999999996
	 DR Bracket: 3
	 Base: 0%
	 Effective Percent: 48,16%
Vers
	 Rating: 6966
	 Multiplicative Factor: 0%
	 Eff: 9306
	 DR Bracket: 0
	 Base: 3%
	 Effective Percent: 11,93%
Leech
	 Rating: 3060
	 Multiplicative Factor: 0%
	 Eff: 3060
	 DR Bracket: 0
	 Base: 0%
	 Effective Percent: 3%
Avoidance
	 Rating: 0
	 Multiplicative Factor: 0%
	 Eff: 0
	 DR Bracket: 0
	 Base: 0%
	 Effective Percent: 0%
Mastery
	 Rating: 2521
	 Multiplicative Factor: 0%
	 Eff: 9521
	 DR Bracket: 0
	 Base: 30%
	 Effective Percent: 40,8%
----------------------
01:42,433

Intellect
	 Rating: 131629
	 Multiplicative Factor: 8,15%
	 Eff: 131628,99999999997
Stamina
	 Rating: 754573
	 Multiplicative Factor: 5%
	 Eff: 754573,0000000001
Crit
	 Rating: 16377
	 Multiplicative Factor: 0%
	 Eff: 19877,000000000004
	 DR Bracket: 0
	 Base: 5%
	 Effective Percent: 28,4%
	 Crit Inc Heal: 2
	 Crit Inc Damage: 2
Haste
	 Rating: 34090
	 Multiplicative Factor: 0%
	 Eff: 31782,999999999996
	 DR Bracket: 3
	 Base: 0%
	 Effective Percent: 48,16%
Vers
	 Rating: 6966
	 Multiplicative Factor: 0%
	 Eff: 9306
	 DR Bracket: 0
	 Base: 3%
	 Effective Percent: 11,93%
Leech
	 Rating: 3060
	 Multiplicative Factor: 0%
	 Eff: 3060
	 DR Bracket: 0
	 Base: 0%
	 Effective Percent: 3%
Avoidance
	 Rating: 0
	 Multiplicative Factor: 0%
	 Eff: 0
	 DR Bracket: 0
	 Base: 0%
	 Effective Percent: 0%
Mastery
	 Rating: 2521
	 Multiplicative Factor: 0%
	 Eff: 9521
	 DR Bracket: 0
	 Base: 30%
	 Effective Percent: 40,8%
----------------------
01:47,919

Intellect
	 Rating: 131629
	 Multiplicative Factor: 8,15%
	 Eff: 131628,99999999997
Stamina
	 Rating: 754573
	 Multiplicative Factor: 5%
	 Eff: 754573,0000000001
Crit
	 Rating: 16377
	 Multiplicative Factor: 0%
	 Eff: 19877,000000000004
	 DR Bracket: 0
	 Base: 5%
	 Effective Percent: 28,4%
	 Crit Inc Heal: 2
	 Crit Inc Damage: 2
Haste
	 Rating: 34090
	 Multiplicative Factor: 0%
	 Eff: 31782,999999999996
	 DR Bracket: 3
	 Base: 0%
	 Effective Percent: 48,16%
Vers
	 Rating: 6966
	 Multiplicative Factor: 0%
	 Eff: 9306
	 DR Bracket: 0
	 Base: 3%
	 Effective Percent: 11,93%
Leech
	 Rating: 3060
	 Multiplicative Factor: 0%
	 Eff: 3060
	 DR Bracket: 0
	 Base: 0%
	 Effective Percent: 3%
Avoidance
	 Rating: 0
	 Multiplicative Factor: 0%
	 Eff: 0
	 DR Bracket: 0
	 Base: 0%
	 Effective Percent: 0%
Mastery
	 Rating: 2521
	 Multiplicative Factor: 0%
	 Eff: 9521
	 DR Bracket: 0
	 Base: 30%
	 Effective Percent: 40,8%
----------------------
01:52,930

Intellect
	 Rating: 131629
	 Multiplicative Factor: 8,15%
	 Eff: 131628,99999999997
Stamina
	 Rating: 754573
	 Multiplicative Factor: 5%
	 Eff: 754573,0000000001
Crit
	 Rating: 16377
	 Multiplicative Factor: 0%
	 Eff: 19877,000000000004
	 DR Bracket: 0
	 Base: 5%
	 Effective Percent: 28,4%
	 Crit Inc Heal: 2
	 Crit Inc Damage: 2
Haste
	 Rating: 34090
	 Multiplicative Factor: 0%
	 Eff: 31782,999999999996
	 DR Bracket: 3
	 Base: 0%
	 Effective Percent: 48,16%
Vers
	 Rating: 6966
	 Multiplicative Factor: 0%
	 Eff: 9306
	 DR Bracket: 0
	 Base: 3%
	 Effective Percent: 11,93%
Leech
	 Rating: 3060
	 Multiplicative Factor: 0%
	 Eff: 3060
	 DR Bracket: 0
	 Base: 0%
	 Effective Percent: 3%
Avoidance
	 Rating: 0
	 Multiplicative Factor: 0%
	 Eff: 0
	 DR Bracket: 0
	 Base: 0%
	 Effective Percent: 0%
Mastery
	 Rating: 2521
	 Multiplicative Factor: 0%
	 Eff: 9521
	 DR Bracket: 0
	 Base: 30%
	 Effective Percent: 40,8%
----------------------
01:57,942

Intellect
	 Rating: 131629
	 Multiplicative Factor: 8,15%
	 Eff: 131628,99999999997
Stamina
	 Rating: 754573
	 Multiplicative Factor: 5%
	 Eff: 754573,0000000001
Crit
	 Rating: 16377
	 Multiplicative Factor: 0%
	 Eff: 19877,000000000004
	 DR Bracket: 0
	 Base: 5%
	 Effective Percent: 28,4%
	 Crit Inc Heal: 2
	 Crit Inc Damage: 2
Haste
	 Rating: 34090
	 Multiplicative Factor: 0%
	 Eff: 31782,999999999996
	 DR Bracket: 3
	 Base: 0%
	 Effective Percent: 48,16%
Vers
	 Rating: 6966
	 Multiplicative Factor: 0%
	 Eff: 9306
	 DR Bracket: 0
	 Base: 3%
	 Effective Percent: 11,93%
Leech
	 Rating: 3060
	 Multiplicative Factor: 0%
	 Eff: 3060
	 DR Bracket: 0
	 Base: 0%
	 Effective Percent: 3%
Avoidance
	 Rating: 0
	 Multiplicative Factor: 0%
	 Eff: 0
	 DR Bracket: 0
	 Base: 0%
	 Effective Percent: 0%
Mastery
	 Rating: 2521
	 Multiplicative Factor: 0%
	 Eff: 9521
	 DR Bracket: 0
	 Base: 30%
	 Effective Percent: 40,8%
----------------------
02:02,976

Intellect
	 Rating: 131629
	 Multiplicative Factor: 8,15%
	 Eff: 131628,99999999997
Stamina
	 Rating: 754573
	 Multiplicative Factor: 5%
	 Eff: 754573,0000000001
Crit
	 Rating: 16377
	 Multiplicative Factor: 0%
	 Eff: 19877,000000000004
	 DR Bracket: 0
	 Base: 5%
	 Effective Percent: 28,4%
	 Crit Inc Heal: 2
	 Crit Inc Damage: 2
Haste
	 Rating: 34090
	 Multiplicative Factor: 0%
	 Eff: 31782,999999999996
	 DR Bracket: 3
	 Base: 0%
	 Effective Percent: 48,16%
Vers
	 Rating: 6966
	 Multiplicative Factor: 0%
	 Eff: 9306
	 DR Bracket: 0
	 Base: 3%
	 Effective Percent: 11,93%
Leech
	 Rating: 3060
	 Multiplicative Factor: 0%
	 Eff: 3060
	 DR Bracket: 0
	 Base: 0%
	 Effective Percent: 3%
Avoidance
	 Rating: 0
	 Multiplicative Factor: 0%
	 Eff: 0
	 DR Bracket: 0
	 Base: 0%
	 Effective Percent: 0%
Mastery
	 Rating: 2521
	 Multiplicative Factor: 0%
	 Eff: 9521
	 DR Bracket: 0
	 Base: 30%
	 Effective Percent: 40,8%
----------------------
02:07,996

Intellect
	 Rating: 131629
	 Multiplicative Factor: 8,15%
	 Eff: 131628,99999999997
Stamina
	 Rating: 754573
	 Multiplicative Factor: 5%
	 Eff: 754573,0000000001
Crit
	 Rating: 16377
	 Multiplicative Factor: 0%
	 Eff: 19877,000000000004
	 DR Bracket: 0
	 Base: 5%
	 Effective Percent: 28,4%
	 Crit Inc Heal: 2
	 Crit Inc Damage: 2
Haste
	 Rating: 34090
	 Multiplicative Factor: 0%
	 Eff: 31782,999999999996
	 DR Bracket: 3
	 Base: 0%
	 Effective Percent: 48,16%
Vers
	 Rating: 6966
	 Multiplicative Factor: 0%
	 Eff: 9306
	 DR Bracket: 0
	 Base: 3%
	 Effective Percent: 11,93%
Leech
	 Rating: 3060
	 Multiplicative Factor: 0%
	 Eff: 3060
	 DR Bracket: 0
	 Base: 0%
	 Effective Percent: 3%
Avoidance
	 Rating: 0
	 Multiplicative Factor: 0%
	 Eff: 0
	 DR Bracket: 0
	 Base: 0%
	 Effective Percent: 0%
Mastery
	 Rating: 2521
	 Multiplicative Factor: 0%
	 Eff: 9521
	 DR Bracket: 0
	 Base: 30%
	 Effective Percent: 40,8%
----------------------
02:13,010

Intellect
	 Rating: 131629
	 Multiplicative Factor: 8,15%
	 Eff: 131628,99999999997
Stamina
	 Rating: 754573
	 Multiplicative Factor: 5%
	 Eff: 754573,0000000001
Crit
	 Rating: 16377
	 Multiplicative Factor: 0%
	 Eff: 19877,000000000004
	 DR Bracket: 0
	 Base: 5%
	 Effective Percent: 28,4%
	 Crit Inc Heal: 2
	 Crit Inc Damage: 2
Haste
	 Rating: 34090
	 Multiplicative Factor: 0%
	 Eff: 31782,999999999996
	 DR Bracket: 3
	 Base: 0%
	 Effective Percent: 48,16%
Vers
	 Rating: 6966
	 Multiplicative Factor: 0%
	 Eff: 9306
	 DR Bracket: 0
	 Base: 3%
	 Effective Percent: 11,93%
Leech
	 Rating: 3060
	 Multiplicative Factor: 0%
	 Eff: 3060
	 DR Bracket: 0
	 Base: 0%
	 Effective Percent: 3%
Avoidance
	 Rating: 0
	 Multiplicative Factor: 0%
	 Eff: 0
	 DR Bracket: 0
	 Base: 0%
	 Effective Percent: 0%
Mastery
	 Rating: 2521
	 Multiplicative Factor: 0%
	 Eff: 9521
	 DR Bracket: 0
	 Base: 30%
	 Effective Percent: 40,8%
----------------------
02:18,070

Intellect
	 Rating: 131629
	 Multiplicative Factor: 8,15%
	 Eff: 131628,99999999997
Stamina
	 Rating: 754573
	 Multiplicative Factor: 5%
	 Eff: 754573,0000000001
Crit
	 Rating: 16377
	 Multiplicative Factor: 0%
	 Eff: 19877,000000000004
	 DR Bracket: 0
	 Base: 5%
	 Effective Percent: 28,4%
	 Crit Inc Heal: 2
	 Crit Inc Damage: 2
Haste
	 Rating: 34090
	 Multiplicative Factor: 0%
	 Eff: 31782,999999999996
	 DR Bracket: 3
	 Base: 0%
	 Effective Percent: 48,16%
Vers
	 Rating: 6966
	 Multiplicative Factor: 0%
	 Eff: 9306
	 DR Bracket: 0
	 Base: 3%
	 Effective Percent: 11,93%
Leech
	 Rating: 3060
	 Multiplicative Factor: 0%
	 Eff: 3060
	 DR Bracket: 0
	 Base: 0%
	 Effective Percent: 3%
Avoidance
	 Rating: 0
	 Multiplicative Factor: 0%
	 Eff: 0
	 DR Bracket: 0
	 Base: 0%
	 Effective Percent: 0%
Mastery
	 Rating: 2521
	 Multiplicative Factor: 0%
	 Eff: 9521
	 DR Bracket: 0
	 Base: 30%
	 Effective Percent: 40,8%
----------------------
02:23,121

Intellect
	 Rating: 131629
	 Multiplicative Factor: 8,15%
	 Eff: 131628,99999999997
Stamina
	 Rating: 754573
	 Multiplicative Factor: 5%
	 Eff: 754573,0000000001
Crit
	 Rating: 16377
	 Multiplicative Factor: 0%
	 Eff: 19877,000000000004
	 DR Bracket: 0
	 Base: 5%
	 Effective Percent: 28,4%
	 Crit Inc Heal: 2
	 Crit Inc Damage: 2
Haste
	 Rating: 34090
	 Multiplicative Factor: 0%
	 Eff: 31782,999999999996
	 DR Bracket: 3
	 Base: 0%
	 Effective Percent: 48,16%
Vers
	 Rating: 6966
	 Multiplicative Factor: 0%
	 Eff: 9306
	 DR Bracket: 0
	 Base: 3%
	 Effective Percent: 11,93%
Leech
	 Rating: 3060
	 Multiplicative Factor: 0%
	 Eff: 3060
	 DR Bracket: 0
	 Base: 0%
	 Effective Percent: 3%
Avoidance
	 Rating: 0
	 Multiplicative Factor: 0%
	 Eff: 0
	 DR Bracket: 0
	 Base: 0%
	 Effective Percent: 0%
Mastery
	 Rating: 2521
	 Multiplicative Factor: 0%
	 Eff: 9521
	 DR Bracket: 0
	 Base: 30%
	 Effective Percent: 40,8%
----------------------
02:28,318

Intellect
	 Rating: 131629
	 Multiplicative Factor: 8,15%
	 Eff: 131628,99999999997
Stamina
	 Rating: 754573
	 Multiplicative Factor: 5%
	 Eff: 754573,0000000001
Crit
	 Rating: 16377
	 Multiplicative Factor: 0%
	 Eff: 19877,000000000004
	 DR Bracket: 0
	 Base: 5%
	 Effective Percent: 28,4%
	 Crit Inc Heal: 2
	 Crit Inc Damage: 2
Haste
	 Rating: 34090
	 Multiplicative Factor: 0%
	 Eff: 31782,999999999996
	 DR Bracket: 3
	 Base: 0%
	 Effective Percent: 48,16%
Vers
	 Rating: 6966
	 Multiplicative Factor: 0%
	 Eff: 9306
	 DR Bracket: 0
	 Base: 3%
	 Effective Percent: 11,93%
Leech
	 Rating: 3060
	 Multiplicative Factor: 0%
	 Eff: 3060
	 DR Bracket: 0
	 Base: 0%
	 Effective Percent: 3%
Avoidance
	 Rating: 0
	 Multiplicative Factor: 0%
	 Eff: 0
	 DR Bracket: 0
	 Base: 0%
	 Effective Percent: 0%
Mastery
	 Rating: 2521
	 Multiplicative Factor: 0%
	 Eff: 9521
	 DR Bracket: 0
	 Base: 30%
	 Effective Percent: 40,8%
----------------------
02:33,461

Intellect
	 Rating: 131629
	 Multiplicative Factor: 8,15%
	 Eff: 131628,99999999997
Stamina
	 Rating: 754573
	 Multiplicative Factor: 5%
	 Eff: 754573,0000000001
Crit
	 Rating: 16377
	 Multiplicative Factor: 0%
	 Eff: 19877,000000000004
	 DR Bracket: 0
	 Base: 5%
	 Effective Percent: 28,4%
	 Crit Inc Heal: 2
	 Crit Inc Damage: 2
Haste
	 Rating: 34090
	 Multiplicative Factor: 0%
	 Eff: 31782,999999999996
	 DR Bracket: 3
	 Base: 0%
	 Effective Percent: 48,16%
Vers
	 Rating: 6966
	 Multiplicative Factor: 0%
	 Eff: 9306
	 DR Bracket: 0
	 Base: 3%
	 Effective Percent: 11,93%
Leech
	 Rating: 3060
	 Multiplicative Factor: 0%
	 Eff: 3060
	 DR Bracket: 0
	 Base: 0%
	 Effective Percent: 3%
Avoidance
	 Rating: 0
	 Multiplicative Factor: 0%
	 Eff: 0
	 DR Bracket: 0
	 Base: 0%
	 Effective Percent: 0%
Mastery
	 Rating: 2521
	 Multiplicative Factor: 0%
	 Eff: 9521
	 DR Bracket: 0
	 Base: 30%
	 Effective Percent: 40,8%
----------------------
02:38,829

Intellect
	 Rating: 131629
	 Multiplicative Factor: 8,15%
	 Eff: 131628,99999999997
Stamina
	 Rating: 754573
	 Multiplicative Factor: 5%
	 Eff: 754573,0000000001
Crit
	 Rating: 16377
	 Multiplicative Factor: 0%
	 Eff: 19877,000000000004
	 DR Bracket: 0
	 Base: 5%
	 Effective Percent: 28,4%
	 Crit Inc Heal: 2
	 Crit Inc Damage: 2
Haste
	 Rating: 34090
	 Multiplicative Factor: 0%
	 Eff: 31782,999999999996
	 DR Bracket: 3
	 Base: 0%
	 Effective Percent: 48,16%
Vers
	 Rating: 6966
	 Multiplicative Factor: 0%
	 Eff: 9306
	 DR Bracket: 0
	 Base: 3%
	 Effective Percent: 11,93%
Leech
	 Rating: 3060
	 Multiplicative Factor: 0%
	 Eff: 3060
	 DR Bracket: 0
	 Base: 0%
	 Effective Percent: 3%
Avoidance
	 Rating: 0
	 Multiplicative Factor: 0%
	 Eff: 0
	 DR Bracket: 0
	 Base: 0%
	 Effective Percent: 0%
Mastery
	 Rating: 2521
	 Multiplicative Factor: 0%
	 Eff: 9521
	 DR Bracket: 0
	 Base: 30%
	 Effective Percent: 40,8%
----------------------
02:44,232

Intellect
	 Rating: 131629
	 Multiplicative Factor: 8,15%
	 Eff: 131628,99999999997
Stamina
	 Rating: 754573
	 Multiplicative Factor: 5%
	 Eff: 754573,0000000001
Crit
	 Rating: 16377
	 Multiplicative Factor: 0%
	 Eff: 19877,000000000004
	 DR Bracket: 0
	 Base: 5%
	 Effective Percent: 28,4%
	 Crit Inc Heal: 2
	 Crit Inc Damage: 2
Haste
	 Rating: 34090
	 Multiplicative Factor: 0%
	 Eff: 31782,999999999996
	 DR Bracket: 3
	 Base: 0%
	 Effective Percent: 48,16%
Vers
	 Rating: 6966
	 Multiplicative Factor: 0%
	 Eff: 9306
	 DR Bracket: 0
	 Base: 3%
	 Effective Percent: 11,93%
Leech
	 Rating: 3060
	 Multiplicative Factor: 0%
	 Eff: 3060
	 DR Bracket: 0
	 Base: 0%
	 Effective Percent: 3%
Avoidance
	 Rating: 0
	 Multiplicative Factor: 0%
	 Eff: 0
	 DR Bracket: 0
	 Base: 0%
	 Effective Percent: 0%
Mastery
	 Rating: 2521
	 Multiplicative Factor: 0%
	 Eff: 9521
	 DR Bracket: 0
	 Base: 30%
	 Effective Percent: 40,8%
----------------------
02:49,358

Intellect
	 Rating: 131629
	 Multiplicative Factor: 8,15%
	 Eff: 131628,99999999997
Stamina
	 Rating: 754573
	 Multiplicative Factor: 5%
	 Eff: 754573,0000000001
Crit
	 Rating: 16377
	 Multiplicative Factor: 0%
	 Eff: 19877,000000000004
	 DR Bracket: 0
	 Base: 5%
	 Effective Percent: 28,4%
	 Crit Inc Heal: 2
	 Crit Inc Damage: 2
Haste
	 Rating: 34090
	 Multiplicative Factor: 0%
	 Eff: 31782,999999999996
	 DR Bracket: 3
	 Base: 0%
	 Effective Percent: 48,16%
Vers
	 Rating: 6966
	 Multiplicative Factor: 0%
	 Eff: 9306
	 DR Bracket: 0
	 Base: 3%
	 Effective Percent: 11,93%
Leech
	 Rating: 3060
	 Multiplicative Factor: 0%
	 Eff: 3060
	 DR Bracket: 0
	 Base: 0%
	 Effective Percent: 3%
Avoidance
	 Rating: 0
	 Multiplicative Factor: 0%
	 Eff: 0
	 DR Bracket: 0
	 Base: 0%
	 Effective Percent: 0%
Mastery
	 Rating: 2521
	 Multiplicative Factor: 0%
	 Eff: 9521
	 DR Bracket: 0
	 Base: 30%
	 Effective Percent: 40,8%
----------------------
02:54,855

Intellect
	 Rating: 131629
	 Multiplicative Factor: 8,15%
	 Eff: 131628,99999999997
Stamina
	 Rating: 754573
	 Multiplicative Factor: 5%
	 Eff: 754573,0000000001
Crit
	 Rating: 16377
	 Multiplicative Factor: 0%
	 Eff: 19877,000000000004
	 DR Bracket: 0
	 Base: 5%
	 Effective Percent: 28,4%
	 Crit Inc Heal: 2
	 Crit Inc Damage: 2
Haste
	 Rating: 34090
	 Multiplicative Factor: 0%
	 Eff: 31782,999999999996
	 DR Bracket: 3
	 Base: 0%
	 Effective Percent: 48,16%
Vers
	 Rating: 6966
	 Multiplicative Factor: 0%
	 Eff: 9306
	 DR Bracket: 0
	 Base: 3%
	 Effective Percent: 11,93%
Leech
	 Rating: 3060
	 Multiplicative Factor: 0%
	 Eff: 3060
	 DR Bracket: 0
	 Base: 0%
	 Effective Percent: 3%
Avoidance
	 Rating: 0
	 Multiplicative Factor: 0%
	 Eff: 0
	 DR Bracket: 0
	 Base: 0%
	 Effective Percent: 0%
Mastery
	 Rating: 2521
	 Multiplicative Factor: 0%
	 Eff: 9521
	 DR Bracket: 0
	 Base: 30%
	 Effective Percent: 40,8%
----------------------
02:59,987

Intellect
	 Rating: 131629
	 Multiplicative Factor: 8,15%
	 Eff: 131628,99999999997
Stamina
	 Rating: 754573
	 Multiplicative Factor: 5%
	 Eff: 754573,0000000001
Crit
	 Rating: 16377
	 Multiplicative Factor: 0%
	 Eff: 19877,000000000004
	 DR Bracket: 0
	 Base: 5%
	 Effective Percent: 28,4%
	 Crit Inc Heal: 2
	 Crit Inc Damage: 2
Haste
	 Rating: 34090
	 Multiplicative Factor: 0%
	 Eff: 31782,999999999996
	 DR Bracket: 3
	 Base: 0%
	 Effective Percent: 48,16%
Vers
	 Rating: 6966
	 Multiplicative Factor: 0%
	 Eff: 9306
	 DR Bracket: 0
	 Base: 3%
	 Effective Percent: 11,93%
Leech
	 Rating: 3060
	 Multiplicative Factor: 0%
	 Eff: 3060
	 DR Bracket: 0
	 Base: 0%
	 Effective Percent: 3%
Avoidance
	 Rating: 0
	 Multiplicative Factor: 0%
	 Eff: 0
	 DR Bracket: 0
	 Base: 0%
	 Effective Percent: 0%
Mastery
	 Rating: 2521
	 Multiplicative Factor: 0%
	 Eff: 9521
	 DR Bracket: 0
	 Base: 30%
	 Effective Percent: 40,8%
----------------------
03:05,017

Intellect
	 Rating: 131629
	 Multiplicative Factor: 8,15%
	 Eff: 131628,99999999997
Stamina
	 Rating: 754573
	 Multiplicative Factor: 5%
	 Eff: 754573,0000000001
Crit
	 Rating: 16377
	 Multiplicative Factor: 0%
	 Eff: 19877,000000000004
	 DR Bracket: 0
	 Base: 5%
	 Effective Percent: 28,4%
	 Crit Inc Heal: 2
	 Crit Inc Damage: 2
Haste
	 Rating: 34090
	 Multiplicative Factor: 0%
	 Eff: 31782,999999999996
	 DR Bracket: 3
	 Base: 0%
	 Effective Percent: 48,16%
Vers
	 Rating: 6966
	 Multiplicative Factor: 0%
	 Eff: 9306
	 DR Bracket: 0
	 Base: 3%
	 Effective Percent: 11,93%
Leech
	 Rating: 3060
	 Multiplicative Factor: 0%
	 Eff: 3060
	 DR Bracket: 0
	 Base: 0%
	 Effective Percent: 3%
Avoidance
	 Rating: 0
	 Multiplicative Factor: 0%
	 Eff: 0
	 DR Bracket: 0
	 Base: 0%
	 Effective Percent: 0%
Mastery
	 Rating: 2521
	 Multiplicative Factor: 0%
	 Eff: 9521
	 DR Bracket: 0
	 Base: 30%
	 Effective Percent: 40,8%
----------------------
03:10,068

Intellect
	 Rating: 131629
	 Multiplicative Factor: 8,15%
	 Eff: 131628,99999999997
Stamina
	 Rating: 754573
	 Multiplicative Factor: 5%
	 Eff: 754573,0000000001
Crit
	 Rating: 16377
	 Multiplicative Factor: 0%
	 Eff: 19877,000000000004
	 DR Bracket: 0
	 Base: 5%
	 Effective Percent: 28,4%
	 Crit Inc Heal: 2
	 Crit Inc Damage: 2
Haste
	 Rating: 34090
	 Multiplicative Factor: 0%
	 Eff: 31782,999999999996
	 DR Bracket: 3
	 Base: 0%
	 Effective Percent: 48,16%
Vers
	 Rating: 6966
	 Multiplicative Factor: 0%
	 Eff: 9306
	 DR Bracket: 0
	 Base: 3%
	 Effective Percent: 11,93%
Leech
	 Rating: 3060
	 Multiplicative Factor: 0%
	 Eff: 3060
	 DR Bracket: 0
	 Base: 0%
	 Effective Percent: 3%
Avoidance
	 Rating: 0
	 Multiplicative Factor: 0%
	 Eff: 0
	 DR Bracket: 0
	 Base: 0%
	 Effective Percent: 0%
Mastery
	 Rating: 2521
	 Multiplicative Factor: 0%
	 Eff: 9521
	 DR Bracket: 0
	 Base: 30%
	 Effective Percent: 40,8%
----------------------
03:15,098

Intellect
	 Rating: 131629
	 Multiplicative Factor: 8,15%
	 Eff: 131628,99999999997
Stamina
	 Rating: 754573
	 Multiplicative Factor: 5%
	 Eff: 754573,0000000001
Crit
	 Rating: 16377
	 Multiplicative Factor: 0%
	 Eff: 19877,000000000004
	 DR Bracket: 0
	 Base: 5%
	 Effective Percent: 28,4%
	 Crit Inc Heal: 2
	 Crit Inc Damage: 2
Haste
	 Rating: 34090
	 Multiplicative Factor: 0%
	 Eff: 31782,999999999996
	 DR Bracket: 3
	 Base: 0%
	 Effective Percent: 48,16%
Vers
	 Rating: 6966
	 Multiplicative Factor: 0%
	 Eff: 9306
	 DR Bracket: 0
	 Base: 3%
	 Effective Percent: 11,93%
Leech
	 Rating: 3060
	 Multiplicative Factor: 0%
	 Eff: 3060
	 DR Bracket: 0
	 Base: 0%
	 Effective Percent: 3%
Avoidance
	 Rating: 0
	 Multiplicative Factor: 0%
	 Eff: 0
	 DR Bracket: 0
	 Base: 0%
	 Effective Percent: 0%
Mastery
	 Rating: 2521
	 Multiplicative Factor: 0%
	 Eff: 9521
	 DR Bracket: 0
	 Base: 30%
	 Effective Percent: 40,8%
----------------------
03:20,443

Intellect
	 Rating: 131629
	 Multiplicative Factor: 8,15%
	 Eff: 131628,99999999997
Stamina
	 Rating: 754573
	 Multiplicative Factor: 5%
	 Eff: 754573,0000000001
Crit
	 Rating: 16377
	 Multiplicative Factor: 0%
	 Eff: 19877,000000000004
	 DR Bracket: 0
	 Base: 5%
	 Effective Percent: 28,4%
	 Crit Inc Heal: 2
	 Crit Inc Damage: 2
Haste
	 Rating: 34090
	 Multiplicative Factor: 0%
	 Eff: 31782,999999999996
	 DR Bracket: 3
	 Base: 0%
	 Effective Percent: 48,16%
Vers
	 Rating: 6966
	 Multiplicative Factor: 0%
	 Eff: 9306
	 DR Bracket: 0
	 Base: 3%
	 Effective Percent: 11,93%
Leech
	 Rating: 3060
	 Multiplicative Factor: 0%
	 Eff: 3060
	 DR Bracket: 0
	 Base: 0%
	 Effective Percent: 3%
Avoidance
	 Rating: 0
	 Multiplicative Factor: 0%
	 Eff: 0
	 DR Bracket: 0
	 Base: 0%
	 Effective Percent: 0%
Mastery
	 Rating: 2521
	 Multiplicative Factor: 0%
	 Eff: 9521
	 DR Bracket: 0
	 Base: 30%
	 Effective Percent: 40,8%
----------------------
03:25,533

Intellect
	 Rating: 131629
	 Multiplicative Factor: 8,15%
	 Eff: 131628,99999999997
Stamina
	 Rating: 754573
	 Multiplicative Factor: 5%
	 Eff: 754573,0000000001
Crit
	 Rating: 16377
	 Multiplicative Factor: 0%
	 Eff: 19877,000000000004
	 DR Bracket: 0
	 Base: 5%
	 Effective Percent: 28,4%
	 Crit Inc Heal: 2
	 Crit Inc Damage: 2
Haste
	 Rating: 34090
	 Multiplicative Factor: 0%
	 Eff: 31782,999999999996
	 DR Bracket: 3
	 Base: 0%
	 Effective Percent: 48,16%
Vers
	 Rating: 6966
	 Multiplicative Factor: 0%
	 Eff: 9306
	 DR Bracket: 0
	 Base: 3%
	 Effective Percent: 11,93%
Leech
	 Rating: 3060
	 Multiplicative Factor: 0%
	 Eff: 3060
	 DR Bracket: 0
	 Base: 0%
	 Effective Percent: 3%
Avoidance
	 Rating: 0
	 Multiplicative Factor: 0%
	 Eff: 0
	 DR Bracket: 0
	 Base: 0%
	 Effective Percent: 0%
Mastery
	 Rating: 2521
	 Multiplicative Factor: 0%
	 Eff: 9521
	 DR Bracket: 0
	 Base: 30%
	 Effective Percent: 40,8%
----------------------
03:30,631

Intellect
	 Rating: 131629
	 Multiplicative Factor: 8,15%
	 Eff: 131628,99999999997
Stamina
	 Rating: 754573
	 Multiplicative Factor: 5%
	 Eff: 754573,0000000001
Crit
	 Rating: 16377
	 Multiplicative Factor: 0%
	 Eff: 19877,000000000004
	 DR Bracket: 0
	 Base: 5%
	 Effective Percent: 28,4%
	 Crit Inc Heal: 2
	 Crit Inc Damage: 2
Haste
	 Rating: 34090
	 Multiplicative Factor: 0%
	 Eff: 31782,999999999996
	 DR Bracket: 3
	 Base: 0%
	 Effective Percent: 48,16%
Vers
	 Rating: 6966
	 Multiplicative Factor: 0%
	 Eff: 9306
	 DR Bracket: 0
	 Base: 3%
	 Effective Percent: 11,93%
Leech
	 Rating: 3060
	 Multiplicative Factor: 0%
	 Eff: 3060
	 DR Bracket: 0
	 Base: 0%
	 Effective Percent: 3%
Avoidance
	 Rating: 0
	 Multiplicative Factor: 0%
	 Eff: 0
	 DR Bracket: 0
	 Base: 0%
	 Effective Percent: 0%
Mastery
	 Rating: 2521
	 Multiplicative Factor: 0%
	 Eff: 9521
	 DR Bracket: 0
	 Base: 30%
	 Effective Percent: 40,8%
----------------------
03:35,689

Intellect
	 Rating: 131629
	 Multiplicative Factor: 8,15%
	 Eff: 131628,99999999997
Stamina
	 Rating: 754573
	 Multiplicative Factor: 5%
	 Eff: 754573,0000000001
Crit
	 Rating: 16377
	 Multiplicative Factor: 0%
	 Eff: 19877,000000000004
	 DR Bracket: 0
	 Base: 5%
	 Effective Percent: 28,4%
	 Crit Inc Heal: 2
	 Crit Inc Damage: 2
Haste
	 Rating: 34090
	 Multiplicative Factor: 0%
	 Eff: 31782,999999999996
	 DR Bracket: 3
	 Base: 0%
	 Effective Percent: 48,16%
Vers
	 Rating: 6966
	 Multiplicative Factor: 0%
	 Eff: 9306
	 DR Bracket: 0
	 Base: 3%
	 Effective Percent: 11,93%
Leech
	 Rating: 3060
	 Multiplicative Factor: 0%
	 Eff: 3060
	 DR Bracket: 0
	 Base: 0%
	 Effective Percent: 3%
Avoidance
	 Rating: 0
	 Multiplicative Factor: 0%
	 Eff: 0
	 DR Bracket: 0
	 Base: 0%
	 Effective Percent: 0%
Mastery
	 Rating: 2521
	 Multiplicative Factor: 0%
	 Eff: 9521
	 DR Bracket: 0
	 Base: 30%
	 Effective Percent: 40,8%
----------------------
03:40,977

Intellect
	 Rating: 131629
	 Multiplicative Factor: 8,15%
	 Eff: 131628,99999999997
Stamina
	 Rating: 754573
	 Multiplicative Factor: 5%
	 Eff: 754573,0000000001
Crit
	 Rating: 16377
	 Multiplicative Factor: 0%
	 Eff: 19877,000000000004
	 DR Bracket: 0
	 Base: 5%
	 Effective Percent: 28,4%
	 Crit Inc Heal: 2
	 Crit Inc Damage: 2
Haste
	 Rating: 34090
	 Multiplicative Factor: 0%
	 Eff: 31782,999999999996
	 DR Bracket: 3
	 Base: 0%
	 Effective Percent: 48,16%
Vers
	 Rating: 6966
	 Multiplicative Factor: 0%
	 Eff: 9306
	 DR Bracket: 0
	 Base: 3%
	 Effective Percent: 11,93%
Leech
	 Rating: 3060
	 Multiplicative Factor: 0%
	 Eff: 3060
	 DR Bracket: 0
	 Base: 0%
	 Effective Percent: 3%
Avoidance
	 Rating: 0
	 Multiplicative Factor: 0%
	 Eff: 0
	 DR Bracket: 0
	 Base: 0%
	 Effective Percent: 0%
Mastery
	 Rating: 2521
	 Multiplicative Factor: 0%
	 Eff: 9521
	 DR Bracket: 0
	 Base: 30%
	 Effective Percent: 40,8%
----------------------
03:45,985

Intellect
	 Rating: 131629
	 Multiplicative Factor: 8,15%
	 Eff: 131628,99999999997
Stamina
	 Rating: 754573
	 Multiplicative Factor: 5%
	 Eff: 754573,0000000001
Crit
	 Rating: 16377
	 Multiplicative Factor: 0%
	 Eff: 19877,000000000004
	 DR Bracket: 0
	 Base: 5%
	 Effective Percent: 28,4%
	 Crit Inc Heal: 2
	 Crit Inc Damage: 2
Haste
	 Rating: 34090
	 Multiplicative Factor: 0%
	 Eff: 31782,999999999996
	 DR Bracket: 3
	 Base: 0%
	 Effective Percent: 48,16%
Vers
	 Rating: 6966
	 Multiplicative Factor: 0%
	 Eff: 9306
	 DR Bracket: 0
	 Base: 3%
	 Effective Percent: 11,93%
Leech
	 Rating: 3060
	 Multiplicative Factor: 0%
	 Eff: 3060
	 DR Bracket: 0
	 Base: 0%
	 Effective Percent: 3%
Avoidance
	 Rating: 0
	 Multiplicative Factor: 0%
	 Eff: 0
	 DR Bracket: 0
	 Base: 0%
	 Effective Percent: 0%
Mastery
	 Rating: 2521
	 Multiplicative Factor: 0%
	 Eff: 9521
	 DR Bracket: 0
	 Base: 30%
	 Effective Percent: 40,8%
----------------------
03:51,018

Intellect
	 Rating: 131629
	 Multiplicative Factor: 8,15%
	 Eff: 131628,99999999997
Stamina
	 Rating: 754573
	 Multiplicative Factor: 5%
	 Eff: 754573,0000000001
Crit
	 Rating: 16377
	 Multiplicative Factor: 0%
	 Eff: 19877,000000000004
	 DR Bracket: 0
	 Base: 5%
	 Effective Percent: 28,4%
	 Crit Inc Heal: 2
	 Crit Inc Damage: 2
Haste
	 Rating: 34090
	 Multiplicative Factor: 0%
	 Eff: 31782,999999999996
	 DR Bracket: 3
	 Base: 0%
	 Effective Percent: 48,16%
Vers
	 Rating: 6966
	 Multiplicative Factor: 0%
	 Eff: 9306
	 DR Bracket: 0
	 Base: 3%
	 Effective Percent: 11,93%
Leech
	 Rating: 3060
	 Multiplicative Factor: 0%
	 Eff: 3060
	 DR Bracket: 0
	 Base: 0%
	 Effective Percent: 3%
Avoidance
	 Rating: 0
	 Multiplicative Factor: 0%
	 Eff: 0
	 DR Bracket: 0
	 Base: 0%
	 Effective Percent: 0%
Mastery
	 Rating: 2521
	 Multiplicative Factor: 0%
	 Eff: 9521
	 DR Bracket: 0
	 Base: 30%
	 Effective Percent: 40,8%
----------------------
03:56,030

Intellect
	 Rating: 131629
	 Multiplicative Factor: 8,15%
	 Eff: 131628,99999999997
Stamina
	 Rating: 754573
	 Multiplicative Factor: 5%
	 Eff: 754573,0000000001
Crit
	 Rating: 16377
	 Multiplicative Factor: 0%
	 Eff: 19877,000000000004
	 DR Bracket: 0
	 Base: 5%
	 Effective Percent: 28,4%
	 Crit Inc Heal: 2
	 Crit Inc Damage: 2
Haste
	 Rating: 34090
	 Multiplicative Factor: 0%
	 Eff: 31782,999999999996
	 DR Bracket: 3
	 Base: 0%
	 Effective Percent: 48,16%
Vers
	 Rating: 6966
	 Multiplicative Factor: 0%
	 Eff: 9306
	 DR Bracket: 0
	 Base: 3%
	 Effective Percent: 11,93%
Leech
	 Rating: 3060
	 Multiplicative Factor: 0%
	 Eff: 3060
	 DR Bracket: 0
	 Base: 0%
	 Effective Percent: 3%
Avoidance
	 Rating: 0
	 Multiplicative Factor: 0%
	 Eff: 0
	 DR Bracket: 0
	 Base: 0%
	 Effective Percent: 0%
Mastery
	 Rating: 2521
	 Multiplicative Factor: 0%
	 Eff: 9521
	 DR Bracket: 0
	 Base: 30%
	 Effective Percent: 40,8%
----------------------
04:01,105

Intellect
	 Rating: 131629
	 Multiplicative Factor: 8,15%
	 Eff: 131628,99999999997
Stamina
	 Rating: 754573
	 Multiplicative Factor: 5%
	 Eff: 754573,0000000001
Crit
	 Rating: 16377
	 Multiplicative Factor: 0%
	 Eff: 19877,000000000004
	 DR Bracket: 0
	 Base: 5%
	 Effective Percent: 28,4%
	 Crit Inc Heal: 2
	 Crit Inc Damage: 2
Haste
	 Rating: 34090
	 Multiplicative Factor: 0%
	 Eff: 31782,999999999996
	 DR Bracket: 3
	 Base: 0%
	 Effective Percent: 48,16%
Vers
	 Rating: 6966
	 Multiplicative Factor: 0%
	 Eff: 9306
	 DR Bracket: 0
	 Base: 3%
	 Effective Percent: 11,93%
Leech
	 Rating: 3060
	 Multiplicative Factor: 0%
	 Eff: 3060
	 DR Bracket: 0
	 Base: 0%
	 Effective Percent: 3%
Avoidance
	 Rating: 0
	 Multiplicative Factor: 0%
	 Eff: 0
	 DR Bracket: 0
	 Base: 0%
	 Effective Percent: 0%
Mastery
	 Rating: 2521
	 Multiplicative Factor: 0%
	 Eff: 9521
	 DR Bracket: 0
	 Base: 30%
	 Effective Percent: 40,8%
----------------------
04:06,121

Intellect
	 Rating: 131629
	 Multiplicative Factor: 8,15%
	 Eff: 131628,99999999997
Stamina
	 Rating: 754573
	 Multiplicative Factor: 5%
	 Eff: 754573,0000000001
Crit
	 Rating: 16377
	 Multiplicative Factor: 0%
	 Eff: 19877,000000000004
	 DR Bracket: 0
	 Base: 5%
	 Effective Percent: 28,4%
	 Crit Inc Heal: 2
	 Crit Inc Damage: 2
Haste
	 Rating: 34090
	 Multiplicative Factor: 0%
	 Eff: 31782,999999999996
	 DR Bracket: 3
	 Base: 0%
	 Effective Percent: 48,16%
Vers
	 Rating: 6966
	 Multiplicative Factor: 0%
	 Eff: 9306
	 DR Bracket: 0
	 Base: 3%
	 Effective Percent: 11,93%
Leech
	 Rating: 3060
	 Multiplicative Factor: 0%
	 Eff: 3060
	 DR Bracket: 0
	 Base: 0%
	 Effective Percent: 3%
Avoidance
	 Rating: 0
	 Multiplicative Factor: 0%
	 Eff: 0
	 DR Bracket: 0
	 Base: 0%
	 Effective Percent: 0%
Mastery
	 Rating: 2521
	 Multiplicative Factor: 0%
	 Eff: 9521
	 DR Bracket: 0
	 Base: 30%
	 Effective Percent: 40,8%
----------------------
04:11,223

Intellect
	 Rating: 131629
	 Multiplicative Factor: 8,15%
	 Eff: 131628,99999999997
Stamina
	 Rating: 754573
	 Multiplicative Factor: 5%
	 Eff: 754573,0000000001
Crit
	 Rating: 16377
	 Multiplicative Factor: 0%
	 Eff: 19877,000000000004
	 DR Bracket: 0
	 Base: 5%
	 Effective Percent: 28,4%
	 Crit Inc Heal: 2
	 Crit Inc Damage: 2
Haste
	 Rating: 34090
	 Multiplicative Factor: 0%
	 Eff: 31782,999999999996
	 DR Bracket: 3
	 Base: 0%
	 Effective Percent: 48,16%
Vers
	 Rating: 6966
	 Multiplicative Factor: 0%
	 Eff: 9306
	 DR Bracket: 0
	 Base: 3%
	 Effective Percent: 11,93%
Leech
	 Rating: 3060
	 Multiplicative Factor: 0%
	 Eff: 3060
	 DR Bracket: 0
	 Base: 0%
	 Effective Percent: 3%
Avoidance
	 Rating: 0
	 Multiplicative Factor: 0%
	 Eff: 0
	 DR Bracket: 0
	 Base: 0%
	 Effective Percent: 0%
Mastery
	 Rating: 2521
	 Multiplicative Factor: 0%
	 Eff: 9521
	 DR Bracket: 0
	 Base: 30%
	 Effective Percent: 40,8%
----------------------
04:16,282

Intellect
	 Rating: 131629
	 Multiplicative Factor: 8,15%
	 Eff: 131628,99999999997
Stamina
	 Rating: 754573
	 Multiplicative Factor: 5%
	 Eff: 754573,0000000001
Crit
	 Rating: 16377
	 Multiplicative Factor: 0%
	 Eff: 19877,000000000004
	 DR Bracket: 0
	 Base: 5%
	 Effective Percent: 28,4%
	 Crit Inc Heal: 2
	 Crit Inc Damage: 2
Haste
	 Rating: 34090
	 Multiplicative Factor: 0%
	 Eff: 31782,999999999996
	 DR Bracket: 3
	 Base: 0%
	 Effective Percent: 48,16%
Vers
	 Rating: 6966
	 Multiplicative Factor: 0%
	 Eff: 9306
	 DR Bracket: 0
	 Base: 3%
	 Effective Percent: 11,93%
Leech
	 Rating: 3060
	 Multiplicative Factor: 0%
	 Eff: 3060
	 DR Bracket: 0
	 Base: 0%
	 Effective Percent: 3%
Avoidance
	 Rating: 0
	 Multiplicative Factor: 0%
	 Eff: 0
	 DR Bracket: 0
	 Base: 0%
	 Effective Percent: 0%
Mastery
	 Rating: 2521
	 Multiplicative Factor: 0%
	 Eff: 9521
	 DR Bracket: 0
	 Base: 30%
	 Effective Percent: 40,8%
----------------------
04:21,306

Intellect
	 Rating: 131629
	 Multiplicative Factor: 8,15%
	 Eff: 131628,99999999997
Stamina
	 Rating: 754573
	 Multiplicative Factor: 5%
	 Eff: 754573,0000000001
Crit
	 Rating: 16377
	 Multiplicative Factor: 0%
	 Eff: 19877,000000000004
	 DR Bracket: 0
	 Base: 5%
	 Effective Percent: 28,4%
	 Crit Inc Heal: 2
	 Crit Inc Damage: 2
Haste
	 Rating: 34090
	 Multiplicative Factor: 0%
	 Eff: 31782,999999999996
	 DR Bracket: 3
	 Base: 0%
	 Effective Percent: 48,16%
Vers
	 Rating: 6966
	 Multiplicative Factor: 0%
	 Eff: 9306
	 DR Bracket: 0
	 Base: 3%
	 Effective Percent: 11,93%
Leech
	 Rating: 3060
	 Multiplicative Factor: 0%
	 Eff: 3060
	 DR Bracket: 0
	 Base: 0%
	 Effective Percent: 3%
Avoidance
	 Rating: 0
	 Multiplicative Factor: 0%
	 Eff: 0
	 DR Bracket: 0
	 Base: 0%
	 Effective Percent: 0%
Mastery
	 Rating: 2521
	 Multiplicative Factor: 0%
	 Eff: 9521
	 DR Bracket: 0
	 Base: 30%
	 Effective Percent: 40,8%
----------------------
04:26,320

Intellect
	 Rating: 131629
	 Multiplicative Factor: 8,15%
	 Eff: 131628,99999999997
Stamina
	 Rating: 754573
	 Multiplicative Factor: 5%
	 Eff: 754573,0000000001
Crit
	 Rating: 16377
	 Multiplicative Factor: 0%
	 Eff: 19877,000000000004
	 DR Bracket: 0
	 Base: 5%
	 Effective Percent: 28,4%
	 Crit Inc Heal: 2
	 Crit Inc Damage: 2
Haste
	 Rating: 34090
	 Multiplicative Factor: 0%
	 Eff: 61117,899999999994
	 DR Bracket: 3
	 Base: 30%
	 Effective Percent: 92,6%
Vers
	 Rating: 6966
	 Multiplicative Factor: 0%
	 Eff: 9306
	 DR Bracket: 0
	 Base: 3%
	 Effective Percent: 11,93%
Leech
	 Rating: 3060
	 Multiplicative Factor: 0%
	 Eff: 3060
	 DR Bracket: 0
	 Base: 0%
	 Effective Percent: 3%
Avoidance
	 Rating: 0
	 Multiplicative Factor: 0%
	 Eff: 0
	 DR Bracket: 0
	 Base: 0%
	 Effective Percent: 0%
Mastery
	 Rating: 2521
	 Multiplicative Factor: 0%
	 Eff: 9521
	 DR Bracket: 0
	 Base: 30%
	 Effective Percent: 40,8%
----------------------
04:31,385

Intellect
	 Rating: 131629
	 Multiplicative Factor: 8,15%
	 Eff: 131628,99999999997
Stamina
	 Rating: 754573
	 Multiplicative Factor: 5%
	 Eff: 754573,0000000001
Crit
	 Rating: 16377
	 Multiplicative Factor: 0%
	 Eff: 19877,000000000004
	 DR Bracket: 0
	 Base: 5%
	 Effective Percent: 28,4%
	 Crit Inc Heal: 2
	 Crit Inc Damage: 2
Haste
	 Rating: 34090
	 Multiplicative Factor: 0%
	 Eff: 61117,899999999994
	 DR Bracket: 3
	 Base: 30%
	 Effective Percent: 92,6%
Vers
	 Rating: 6966
	 Multiplicative Factor: 0%
	 Eff: 9306
	 DR Bracket: 0
	 Base: 3%
	 Effective Percent: 11,93%
Leech
	 Rating: 3060
	 Multiplicative Factor: 0%
	 Eff: 3060
	 DR Bracket: 0
	 Base: 0%
	 Effective Percent: 3%
Avoidance
	 Rating: 0
	 Multiplicative Factor: 0%
	 Eff: 0
	 DR Bracket: 0
	 Base: 0%
	 Effective Percent: 0%
Mastery
	 Rating: 2521
	 Multiplicative Factor: 0%
	 Eff: 9521
	 DR Bracket: 0
	 Base: 30%
	 Effective Percent: 40,8%
----------------------
04:36,433

Intellect
	 Rating: 131629
	 Multiplicative Factor: 8,15%
	 Eff: 131628,99999999997
Stamina
	 Rating: 754573
	 Multiplicative Factor: 5%
	 Eff: 754573,0000000001
Crit
	 Rating: 16377
	 Multiplicative Factor: 0%
	 Eff: 19877,000000000004
	 DR Bracket: 0
	 Base: 5%
	 Effective Percent: 28,4%
	 Crit Inc Heal: 2
	 Crit Inc Damage: 2
Haste
	 Rating: 34090
	 Multiplicative Factor: 0%
	 Eff: 61117,899999999994
	 DR Bracket: 3
	 Base: 30%
	 Effective Percent: 92,6%
Vers
	 Rating: 6966
	 Multiplicative Factor: 0%
	 Eff: 9306
	 DR Bracket: 0
	 Base: 3%
	 Effective Percent: 11,93%
Leech
	 Rating: 3060
	 Multiplicative Factor: 0%
	 Eff: 3060
	 DR Bracket: 0
	 Base: 0%
	 Effective Percent: 3%
Avoidance
	 Rating: 0
	 Multiplicative Factor: 0%
	 Eff: 0
	 DR Bracket: 0
	 Base: 0%
	 Effective Percent: 0%
Mastery
	 Rating: 2521
	 Multiplicative Factor: 0%
	 Eff: 9521
	 DR Bracket: 0
	 Base: 30%
	 Effective Percent: 40,8%
----------------------
04:41,477

Intellect
	 Rating: 131629
	 Multiplicative Factor: 8,15%
	 Eff: 131628,99999999997
Stamina
	 Rating: 754573
	 Multiplicative Factor: 5%
	 Eff: 754573,0000000001
Crit
	 Rating: 16377
	 Multiplicative Factor: 0%
	 Eff: 19877,000000000004
	 DR Bracket: 0
	 Base: 5%
	 Effective Percent: 28,4%
	 Crit Inc Heal: 2
	 Crit Inc Damage: 2
Haste
	 Rating: 34090
	 Multiplicative Factor: 0%
	 Eff: 61117,899999999994
	 DR Bracket: 3
	 Base: 30%
	 Effective Percent: 92,6%
Vers
	 Rating: 6966
	 Multiplicative Factor: 0%
	 Eff: 9306
	 DR Bracket: 0
	 Base: 3%
	 Effective Percent: 11,93%
Leech
	 Rating: 3060
	 Multiplicative Factor: 0%
	 Eff: 3060
	 DR Bracket: 0
	 Base: 0%
	 Effective Percent: 3%
Avoidance
	 Rating: 0
	 Multiplicative Factor: 0%
	 Eff: 0
	 DR Bracket: 0
	 Base: 0%
	 Effective Percent: 0%
Mastery
	 Rating: 2521
	 Multiplicative Factor: 0%
	 Eff: 9521
	 DR Bracket: 0
	 Base: 30%
	 Effective Percent: 40,8%
----------------------
04:46,492

Intellect
	 Rating: 131629
	 Multiplicative Factor: 8,15%
	 Eff: 131628,99999999997
Stamina
	 Rating: 754573
	 Multiplicative Factor: 5%
	 Eff: 754573,0000000001
Crit
	 Rating: 16377
	 Multiplicative Factor: 0%
	 Eff: 19877,000000000004
	 DR Bracket: 0
	 Base: 5%
	 Effective Percent: 28,4%
	 Crit Inc Heal: 2
	 Crit Inc Damage: 2
Haste
	 Rating: 34090
	 Multiplicative Factor: 0%
	 Eff: 61117,899999999994
	 DR Bracket: 3
	 Base: 30%
	 Effective Percent: 92,6%
Vers
	 Rating: 6966
	 Multiplicative Factor: 0%
	 Eff: 9306
	 DR Bracket: 0
	 Base: 3%
	 Effective Percent: 11,93%
Leech
	 Rating: 3060
	 Multiplicative Factor: 0%
	 Eff: 3060
	 DR Bracket: 0
	 Base: 0%
	 Effective Percent: 3%
Avoidance
	 Rating: 0
	 Multiplicative Factor: 0%
	 Eff: 0
	 DR Bracket: 0
	 Base: 0%
	 Effective Percent: 0%
Mastery
	 Rating: 2521
	 Multiplicative Factor: 0%
	 Eff: 9521
	 DR Bracket: 0
	 Base: 30%
	 Effective Percent: 40,8%
----------------------
04:51,518

Intellect
	 Rating: 131629
	 Multiplicative Factor: 8,15%
	 Eff: 131628,99999999997
Stamina
	 Rating: 754573
	 Multiplicative Factor: 5%
	 Eff: 754573,0000000001
Crit
	 Rating: 16377
	 Multiplicative Factor: 0%
	 Eff: 19877,000000000004
	 DR Bracket: 0
	 Base: 5%
	 Effective Percent: 28,4%
	 Crit Inc Heal: 2
	 Crit Inc Damage: 2
Haste
	 Rating: 34090
	 Multiplicative Factor: 0%
	 Eff: 61117,899999999994
	 DR Bracket: 3
	 Base: 30%
	 Effective Percent: 92,6%
Vers
	 Rating: 6966
	 Multiplicative Factor: 0%
	 Eff: 9306
	 DR Bracket: 0
	 Base: 3%
	 Effective Percent: 11,93%
Leech
	 Rating: 3060
	 Multiplicative Factor: 0%
	 Eff: 3060
	 DR Bracket: 0
	 Base: 0%
	 Effective Percent: 3%
Avoidance
	 Rating: 0
	 Multiplicative Factor: 0%
	 Eff: 0
	 DR Bracket: 0
	 Base: 0%
	 Effective Percent: 0%
Mastery
	 Rating: 2521
	 Multiplicative Factor: 0%
	 Eff: 9521
	 DR Bracket: 0
	 Base: 30%
	 Effective Percent: 40,8%
----------------------
04:56,538

Intellect
	 Rating: 131629
	 Multiplicative Factor: 8,15%
	 Eff: 131628,99999999997
Stamina
	 Rating: 754573
	 Multiplicative Factor: 5%
	 Eff: 754573,0000000001
Crit
	 Rating: 16377
	 Multiplicative Factor: 0%
	 Eff: 19877,000000000004
	 DR Bracket: 0
	 Base: 5%
	 Effective Percent: 28,4%
	 Crit Inc Heal: 2
	 Crit Inc Damage: 2
Haste
	 Rating: 34090
	 Multiplicative Factor: 0%
	 Eff: 61117,899999999994
	 DR Bracket: 3
	 Base: 30%
	 Effective Percent: 92,6%
Vers
	 Rating: 6966
	 Multiplicative Factor: 0%
	 Eff: 9306
	 DR Bracket: 0
	 Base: 3%
	 Effective Percent: 11,93%
Leech
	 Rating: 3060
	 Multiplicative Factor: 0%
	 Eff: 3060
	 DR Bracket: 0
	 Base: 0%
	 Effective Percent: 3%
Avoidance
	 Rating: 0
	 Multiplicative Factor: 0%
	 Eff: 0
	 DR Bracket: 0
	 Base: 0%
	 Effective Percent: 0%
Mastery
	 Rating: 2521
	 Multiplicative Factor: 0%
	 Eff: 9521
	 DR Bracket: 0
	 Base: 30%
	 Effective Percent: 40,8%
----------------------
05:01,614

Intellect
	 Rating: 131629
	 Multiplicative Factor: 8,15%
	 Eff: 131628,99999999997
Stamina
	 Rating: 754573
	 Multiplicative Factor: 5%
	 Eff: 754573,0000000001
Crit
	 Rating: 16377
	 Multiplicative Factor: 0%
	 Eff: 19877,000000000004
	 DR Bracket: 0
	 Base: 5%
	 Effective Percent: 28,4%
	 Crit Inc Heal: 2
	 Crit Inc Damage: 2
Haste
	 Rating: 34090
	 Multiplicative Factor: 0%
	 Eff: 61117,899999999994
	 DR Bracket: 3
	 Base: 30%
	 Effective Percent: 92,6%
Vers
	 Rating: 6966
	 Multiplicative Factor: 0%
	 Eff: 9306
	 DR Bracket: 0
	 Base: 3%
	 Effective Percent: 11,93%
Leech
	 Rating: 3060
	 Multiplicative Factor: 0%
	 Eff: 3060
	 DR Bracket: 0
	 Base: 0%
	 Effective Percent: 3%
Avoidance
	 Rating: 0
	 Multiplicative Factor: 0%
	 Eff: 0
	 DR Bracket: 0
	 Base: 0%
	 Effective Percent: 0%
Mastery
	 Rating: 2521
	 Multiplicative Factor: 0%
	 Eff: 9521
	 DR Bracket: 0
	 Base: 30%
	 Effective Percent: 40,8%
----------------------
05:06,643

Intellect
	 Rating: 131629
	 Multiplicative Factor: 8,15%
	 Eff: 131628,99999999997
Stamina
	 Rating: 754573
	 Multiplicative Factor: 5%
	 Eff: 754573,0000000001
Crit
	 Rating: 16377
	 Multiplicative Factor: 0%
	 Eff: 19877,000000000004
	 DR Bracket: 0
	 Base: 5%
	 Effective Percent: 28,4%
	 Crit Inc Heal: 2
	 Crit Inc Damage: 2
Haste
	 Rating: 34090
	 Multiplicative Factor: 0%
	 Eff: 31782,999999999996
	 DR Bracket: 3
	 Base: 0%
	 Effective Percent: 48,16%
Vers
	 Rating: 6966
	 Multiplicative Factor: 0%
	 Eff: 9306
	 DR Bracket: 0
	 Base: 3%
	 Effective Percent: 11,93%
Leech
	 Rating: 3060
	 Multiplicative Factor: 0%
	 Eff: 3060
	 DR Bracket: 0
	 Base: 0%
	 Effective Percent: 3%
Avoidance
	 Rating: 0
	 Multiplicative Factor: 0%
	 Eff: 0
	 DR Bracket: 0
	 Base: 0%
	 Effective Percent: 0%
Mastery
	 Rating: 2521
	 Multiplicative Factor: 0%
	 Eff: 9521
	 DR Bracket: 0
	 Base: 30%
	 Effective Percent: 40,8%
----------------------
05:11,686

Intellect
	 Rating: 131629
	 Multiplicative Factor: 8,15%
	 Eff: 131628,99999999997
Stamina
	 Rating: 754573
	 Multiplicative Factor: 5%
	 Eff: 754573,0000000001
Crit
	 Rating: 16377
	 Multiplicative Factor: 0%
	 Eff: 19877,000000000004
	 DR Bracket: 0
	 Base: 5%
	 Effective Percent: 28,4%
	 Crit Inc Heal: 2
	 Crit Inc Damage: 2
Haste
	 Rating: 34090
	 Multiplicative Factor: 0%
	 Eff: 31782,999999999996
	 DR Bracket: 3
	 Base: 0%
	 Effective Percent: 48,16%
Vers
	 Rating: 6966
	 Multiplicative Factor: 0%
	 Eff: 9306
	 DR Bracket: 0
	 Base: 3%
	 Effective Percent: 11,93%
Leech
	 Rating: 3060
	 Multiplicative Factor: 0%
	 Eff: 3060
	 DR Bracket: 0
	 Base: 0%
	 Effective Percent: 3%
Avoidance
	 Rating: 0
	 Multiplicative Factor: 0%
	 Eff: 0
	 DR Bracket: 0
	 Base: 0%
	 Effective Percent: 0%
Mastery
	 Rating: 2521
	 Multiplicative Factor: 0%
	 Eff: 9521
	 DR Bracket: 0
	 Base: 30%
	 Effective Percent: 40,8%
----------------------
05:16,708

Intellect
	 Rating: 131629
	 Multiplicative Factor: 8,15%
	 Eff: 131628,99999999997
Stamina
	 Rating: 754573
	 Multiplicative Factor: 5%
	 Eff: 754573,0000000001
Crit
	 Rating: 16377
	 Multiplicative Factor: 0%
	 Eff: 19877,000000000004
	 DR Bracket: 0
	 Base: 5%
	 Effective Percent: 28,4%
	 Crit Inc Heal: 2
	 Crit Inc Damage: 2
Haste
	 Rating: 34090
	 Multiplicative Factor: 0%
	 Eff: 31782,999999999996
	 DR Bracket: 3
	 Base: 0%
	 Effective Percent: 48,16%
Vers
	 Rating: 6966
	 Multiplicative Factor: 0%
	 Eff: 9306
	 DR Bracket: 0
	 Base: 3%
	 Effective Percent: 11,93%
Leech
	 Rating: 3060
	 Multiplicative Factor: 0%
	 Eff: 3060
	 DR Bracket: 0
	 Base: 0%
	 Effective Percent: 3%
Avoidance
	 Rating: 0
	 Multiplicative Factor: 0%
	 Eff: 0
	 DR Bracket: 0
	 Base: 0%
	 Effective Percent: 0%
Mastery
	 Rating: 2521
	 Multiplicative Factor: 0%
	 Eff: 9521
	 DR Bracket: 0
	 Base: 30%
	 Effective Percent: 40,8%
----------------------
05:21,710

Intellect
	 Rating: 131629
	 Multiplicative Factor: 8,15%
	 Eff: 131628,99999999997
Stamina
	 Rating: 754573
	 Multiplicative Factor: 5%
	 Eff: 754573,0000000001
Crit
	 Rating: 16377
	 Multiplicative Factor: 0%
	 Eff: 19877,000000000004
	 DR Bracket: 0
	 Base: 5%
	 Effective Percent: 28,4%
	 Crit Inc Heal: 2
	 Crit Inc Damage: 2
Haste
	 Rating: 34090
	 Multiplicative Factor: 0%
	 Eff: 31782,999999999996
	 DR Bracket: 3
	 Base: 0%
	 Effective Percent: 48,16%
Vers
	 Rating: 6966
	 Multiplicative Factor: 0%
	 Eff: 9306
	 DR Bracket: 0
	 Base: 3%
	 Effective Percent: 11,93%
Leech
	 Rating: 3060
	 Multiplicative Factor: 0%
	 Eff: 3060
	 DR Bracket: 0
	 Base: 0%
	 Effective Percent: 3%
Avoidance
	 Rating: 0
	 Multiplicative Factor: 0%
	 Eff: 0
	 DR Bracket: 0
	 Base: 0%
	 Effective Percent: 0%
Mastery
	 Rating: 2521
	 Multiplicative Factor: 0%
	 Eff: 9521
	 DR Bracket: 0
	 Base: 30%
	 Effective Percent: 40,8%
----------------------
05:26,727

Intellect
	 Rating: 131629
	 Multiplicative Factor: 8,15%
	 Eff: 131628,99999999997
Stamina
	 Rating: 754573
	 Multiplicative Factor: 5%
	 Eff: 754573,0000000001
Crit
	 Rating: 16377
	 Multiplicative Factor: 0%
	 Eff: 19877,000000000004
	 DR Bracket: 0
	 Base: 5%
	 Effective Percent: 28,4%
	 Crit Inc Heal: 2
	 Crit Inc Damage: 2
Haste
	 Rating: 34090
	 Multiplicative Factor: 0%
	 Eff: 31782,999999999996
	 DR Bracket: 3
	 Base: 0%
	 Effective Percent: 48,16%
Vers
	 Rating: 6966
	 Multiplicative Factor: 0%
	 Eff: 9306
	 DR Bracket: 0
	 Base: 3%
	 Effective Percent: 11,93%
Leech
	 Rating: 3060
	 Multiplicative Factor: 0%
	 Eff: 3060
	 DR Bracket: 0
	 Base: 0%
	 Effective Percent: 3%
Avoidance
	 Rating: 0
	 Multiplicative Factor: 0%
	 Eff: 0
	 DR Bracket: 0
	 Base: 0%
	 Effective Percent: 0%
Mastery
	 Rating: 2521
	 Multiplicative Factor: 0%
	 Eff: 9521
	 DR Bracket: 0
	 Base: 30%
	 Effective Percent: 40,8%
----------------------
05:31,759

Intellect
	 Rating: 131629
	 Multiplicative Factor: 8,15%
	 Eff: 131628,99999999997
Stamina
	 Rating: 754573
	 Multiplicative Factor: 5%
	 Eff: 754573,0000000001
Crit
	 Rating: 16377
	 Multiplicative Factor: 0%
	 Eff: 19877,000000000004
	 DR Bracket: 0
	 Base: 5%
	 Effective Percent: 28,4%
	 Crit Inc Heal: 2
	 Crit Inc Damage: 2
Haste
	 Rating: 34090
	 Multiplicative Factor: 0%
	 Eff: 31782,999999999996
	 DR Bracket: 3
	 Base: 0%
	 Effective Percent: 48,16%
Vers
	 Rating: 6966
	 Multiplicative Factor: 0%
	 Eff: 9306
	 DR Bracket: 0
	 Base: 3%
	 Effective Percent: 11,93%
Leech
	 Rating: 3060
	 Multiplicative Factor: 0%
	 Eff: 3060
	 DR Bracket: 0
	 Base: 0%
	 Effective Percent: 3%
Avoidance
	 Rating: 0
	 Multiplicative Factor: 0%
	 Eff: 0
	 DR Bracket: 0
	 Base: 0%
	 Effective Percent: 0%
Mastery
	 Rating: 2521
	 Multiplicative Factor: 0%
	 Eff: 9521
	 DR Bracket: 0
	 Base: 30%
	 Effective Percent: 40,8%
----------------------
05:36,759

Intellect
	 Rating: 131629
	 Multiplicative Factor: 8,15%
	 Eff: 131628,99999999997
Stamina
	 Rating: 754573
	 Multiplicative Factor: 5%
	 Eff: 754573,0000000001
Crit
	 Rating: 16377
	 Multiplicative Factor: 0%
	 Eff: 19877,000000000004
	 DR Bracket: 0
	 Base: 5%
	 Effective Percent: 28,4%
	 Crit Inc Heal: 2
	 Crit Inc Damage: 2
Haste
	 Rating: 34090
	 Multiplicative Factor: 0%
	 Eff: 31782,999999999996
	 DR Bracket: 3
	 Base: 0%
	 Effective Percent: 48,16%
Vers
	 Rating: 6966
	 Multiplicative Factor: 0%
	 Eff: 9306
	 DR Bracket: 0
	 Base: 3%
	 Effective Percent: 11,93%
Leech
	 Rating: 3060
	 Multiplicative Factor: 0%
	 Eff: 3060
	 DR Bracket: 0
	 Base: 0%
	 Effective Percent: 3%
Avoidance
	 Rating: 0
	 Multiplicative Factor: 0%
	 Eff: 0
	 DR Bracket: 0
	 Base: 0%
	 Effective Percent: 0%
Mastery
	 Rating: 2521
	 Multiplicative Factor: 0%
	 Eff: 9521
	 DR Bracket: 0
	 Base: 30%
	 Effective Percent: 40,8%
----------------------
05:41,806

Intellect
	 Rating: 131629
	 Multiplicative Factor: 8,15%
	 Eff: 131628,99999999997
Stamina
	 Rating: 754573
	 Multiplicative Factor: 5%
	 Eff: 754573,0000000001
Crit
	 Rating: 16377
	 Multiplicative Factor: 0%
	 Eff: 19877,000000000004
	 DR Bracket: 0
	 Base: 5%
	 Effective Percent: 28,4%
	 Crit Inc Heal: 2
	 Crit Inc Damage: 2
Haste
	 Rating: 34090
	 Multiplicative Factor: 0%
	 Eff: 31782,999999999996
	 DR Bracket: 3
	 Base: 0%
	 Effective Percent: 48,16%
Vers
	 Rating: 6966
	 Multiplicative Factor: 0%
	 Eff: 9306
	 DR Bracket: 0
	 Base: 3%
	 Effective Percent: 11,93%
Leech
	 Rating: 3060
	 Multiplicative Factor: 0%
	 Eff: 3060
	 DR Bracket: 0
	 Base: 0%
	 Effective Percent: 3%
Avoidance
	 Rating: 0
	 Multiplicative Factor: 0%
	 Eff: 0
	 DR Bracket: 0
	 Base: 0%
	 Effective Percent: 0%
Mastery
	 Rating: 2521
	 Multiplicative Factor: 0%
	 Eff: 9521
	 DR Bracket: 0
	 Base: 30%
	 Effective Percent: 40,8%
----------------------
05:46,821

Intellect
	 Rating: 131629
	 Multiplicative Factor: 8,15%
	 Eff: 131628,99999999997
Stamina
	 Rating: 754573
	 Multiplicative Factor: 5%
	 Eff: 754573,0000000001
Crit
	 Rating: 16377
	 Multiplicative Factor: 0%
	 Eff: 19877,000000000004
	 DR Bracket: 0
	 Base: 5%
	 Effective Percent: 28,4%
	 Crit Inc Heal: 2
	 Crit Inc Damage: 2
Haste
	 Rating: 34090
	 Multiplicative Factor: 0%
	 Eff: 31782,999999999996
	 DR Bracket: 3
	 Base: 0%
	 Effective Percent: 48,16%
Vers
	 Rating: 6966
	 Multiplicative Factor: 0%
	 Eff: 9306
	 DR Bracket: 0
	 Base: 3%
	 Effective Percent: 11,93%
Leech
	 Rating: 3060
	 Multiplicative Factor: 0%
	 Eff: 3060
	 DR Bracket: 0
	 Base: 0%
	 Effective Percent: 3%
Avoidance
	 Rating: 0
	 Multiplicative Factor: 0%
	 Eff: 0
	 DR Bracket: 0
	 Base: 0%
	 Effective Percent: 0%
Mastery
	 Rating: 2521
	 Multiplicative Factor: 0%
	 Eff: 9521
	 DR Bracket: 0
	 Base: 30%
	 Effective Percent: 40,8%
----------------------
05:51,862

Intellect
	 Rating: 131629
	 Multiplicative Factor: 8,15%
	 Eff: 131628,99999999997
Stamina
	 Rating: 754573
	 Multiplicative Factor: 5%
	 Eff: 754573,0000000001
Crit
	 Rating: 16377
	 Multiplicative Factor: 0%
	 Eff: 19877,000000000004
	 DR Bracket: 0
	 Base: 5%
	 Effective Percent: 28,4%
	 Crit Inc Heal: 2
	 Crit Inc Damage: 2
Haste
	 Rating: 34090
	 Multiplicative Factor: 0%
	 Eff: 31782,999999999996
	 DR Bracket: 3
	 Base: 0%
	 Effective Percent: 48,16%
Vers
	 Rating: 6966
	 Multiplicative Factor: 0%
	 Eff: 9306
	 DR Bracket: 0
	 Base: 3%
	 Effective Percent: 11,93%
Leech
	 Rating: 3060
	 Multiplicative Factor: 0%
	 Eff: 3060
	 DR Bracket: 0
	 Base: 0%
	 Effective Percent: 3%
Avoidance
	 Rating: 0
	 Multiplicative Factor: 0%
	 Eff: 0
	 DR Bracket: 0
	 Base: 0%
	 Effective Percent: 0%
Mastery
	 Rating: 2521
	 Multiplicative Factor: 0%
	 Eff: 9521
	 DR Bracket: 0
	 Base: 30%
	 Effective Percent: 40,8%
----------------------
05:56,958

Intellect
	 Rating: 131629
	 Multiplicative Factor: 8,15%
	 Eff: 131628,99999999997
Stamina
	 Rating: 754573
	 Multiplicative Factor: 5%
	 Eff: 754573,0000000001
Crit
	 Rating: 16377
	 Multiplicative Factor: 0%
	 Eff: 19877,000000000004
	 DR Bracket: 0
	 Base: 5%
	 Effective Percent: 28,4%
	 Crit Inc Heal: 2
	 Crit Inc Damage: 2
Haste
	 Rating: 34090
	 Multiplicative Factor: 0%
	 Eff: 31782,999999999996
	 DR Bracket: 3
	 Base: 0%
	 Effective Percent: 48,16%
Vers
	 Rating: 6966
	 Multiplicative Factor: 0%
	 Eff: 9306
	 DR Bracket: 0
	 Base: 3%
	 Effective Percent: 11,93%
Leech
	 Rating: 3060
	 Multiplicative Factor: 0%
	 Eff: 3060
	 DR Bracket: 0
	 Base: 0%
	 Effective Percent: 3%
Avoidance
	 Rating: 0
	 Multiplicative Factor: 0%
	 Eff: 0
	 DR Bracket: 0
	 Base: 0%
	 Effective Percent: 0%
Mastery
	 Rating: 2521
	 Multiplicative Factor: 0%
	 Eff: 9521
	 DR Bracket: 0
	 Base: 30%
	 Effective Percent: 40,8%
----------------------
06:02,131

Intellect
	 Rating: 131629
	 Multiplicative Factor: 8,15%
	 Eff: 131628,99999999997
Stamina
	 Rating: 754573
	 Multiplicative Factor: 5%
	 Eff: 754573,0000000001
Crit
	 Rating: 16377
	 Multiplicative Factor: 0%
	 Eff: 19877,000000000004
	 DR Bracket: 0
	 Base: 5%
	 Effective Percent: 28,4%
	 Crit Inc Heal: 2
	 Crit Inc Damage: 2
Haste
	 Rating: 34090
	 Multiplicative Factor: 0%
	 Eff: 31782,999999999996
	 DR Bracket: 3
	 Base: 0%
	 Effective Percent: 48,16%
Vers
	 Rating: 6966
	 Multiplicative Factor: 0%
	 Eff: 9306
	 DR Bracket: 0
	 Base: 3%
	 Effective Percent: 11,93%
Leech
	 Rating: 3060
	 Multiplicative Factor: 0%
	 Eff: 3060
	 DR Bracket: 0
	 Base: 0%
	 Effective Percent: 3%
Avoidance
	 Rating: 0
	 Multiplicative Factor: 0%
	 Eff: 0
	 DR Bracket: 0
	 Base: 0%
	 Effective Percent: 0%
Mastery
	 Rating: 2521
	 Multiplicative Factor: 0%
	 Eff: 9521
	 DR Bracket: 0
	 Base: 30%
	 Effective Percent: 40,8%
----------------------
06:07,165

Intellect
	 Rating: 131629
	 Multiplicative Factor: 8,15%
	 Eff: 131628,99999999997
Stamina
	 Rating: 754573
	 Multiplicative Factor: 5%
	 Eff: 754573,0000000001
Crit
	 Rating: 16377
	 Multiplicative Factor: 0%
	 Eff: 19877,000000000004
	 DR Bracket: 0
	 Base: 5%
	 Effective Percent: 28,4%
	 Crit Inc Heal: 2
	 Crit Inc Damage: 2
Haste
	 Rating: 34090
	 Multiplicative Factor: 0%
	 Eff: 31782,999999999996
	 DR Bracket: 3
	 Base: 0%
	 Effective Percent: 48,16%
Vers
	 Rating: 6966
	 Multiplicative Factor: 0%
	 Eff: 9306
	 DR Bracket: 0
	 Base: 3%
	 Effective Percent: 11,93%
Leech
	 Rating: 3060
	 Multiplicative Factor: 0%
	 Eff: 3060
	 DR Bracket: 0
	 Base: 0%
	 Effective Percent: 3%
Avoidance
	 Rating: 0
	 Multiplicative Factor: 0%
	 Eff: 0
	 DR Bracket: 0
	 Base: 0%
	 Effective Percent: 0%
Mastery
	 Rating: 2521
	 Multiplicative Factor: 0%
	 Eff: 9521
	 DR Bracket: 0
	 Base: 30%
	 Effective Percent: 40,8%
----------------------
06:12,219

Intellect
	 Rating: 131629
	 Multiplicative Factor: 8,15%
	 Eff: 131628,99999999997
Stamina
	 Rating: 754573
	 Multiplicative Factor: 5%
	 Eff: 754573,0000000001
Crit
	 Rating: 16377
	 Multiplicative Factor: 0%
	 Eff: 19877,000000000004
	 DR Bracket: 0
	 Base: 5%
	 Effective Percent: 28,4%
	 Crit Inc Heal: 2
	 Crit Inc Damage: 2
Haste
	 Rating: 34090
	 Multiplicative Factor: 0%
	 Eff: 31782,999999999996
	 DR Bracket: 3
	 Base: 0%
	 Effective Percent: 48,16%
Vers
	 Rating: 6966
	 Multiplicative Factor: 0%
	 Eff: 9306
	 DR Bracket: 0
	 Base: 3%
	 Effective Percent: 11,93%
Leech
	 Rating: 3060
	 Multiplicative Factor: 0%
	 Eff: 3060
	 DR Bracket: 0
	 Base: 0%
	 Effective Percent: 3%
Avoidance
	 Rating: 0
	 Multiplicative Factor: 0%
	 Eff: 0
	 DR Bracket: 0
	 Base: 0%
	 Effective Percent: 0%
Mastery
	 Rating: 2521
	 Multiplicative Factor: 0%
	 Eff: 9521
	 DR Bracket: 0
	 Base: 30%
	 Effective Percent: 40,8%
----------------------
06:17,232

Intellect
	 Rating: 131629
	 Multiplicative Factor: 8,15%
	 Eff: 131628,99999999997
Stamina
	 Rating: 754573
	 Multiplicative Factor: 5%
	 Eff: 754573,0000000001
Crit
	 Rating: 16377
	 Multiplicative Factor: 0%
	 Eff: 19877,000000000004
	 DR Bracket: 0
	 Base: 5%
	 Effective Percent: 28,4%
	 Crit Inc Heal: 2
	 Crit Inc Damage: 2
Haste
	 Rating: 34090
	 Multiplicative Factor: 0%
	 Eff: 31782,999999999996
	 DR Bracket: 3
	 Base: 0%
	 Effective Percent: 48,16%
Vers
	 Rating: 6966
	 Multiplicative Factor: 0%
	 Eff: 9306
	 DR Bracket: 0
	 Base: 3%
	 Effective Percent: 11,93%
Leech
	 Rating: 3060
	 Multiplicative Factor: 0%
	 Eff: 3060
	 DR Bracket: 0
	 Base: 0%
	 Effective Percent: 3%
Avoidance
	 Rating: 0
	 Multiplicative Factor: 0%
	 Eff: 0
	 DR Bracket: 0
	 Base: 0%
	 Effective Percent: 0%
Mastery
	 Rating: 2521
	 Multiplicative Factor: 0%
	 Eff: 9521
	 DR Bracket: 0
	 Base: 30%
	 Effective Percent: 40,8%
----------------------
06:22,264

Intellect
	 Rating: 131629
	 Multiplicative Factor: 8,15%
	 Eff: 131628,99999999997
Stamina
	 Rating: 754573
	 Multiplicative Factor: 5%
	 Eff: 754573,0000000001
Crit
	 Rating: 16377
	 Multiplicative Factor: 0%
	 Eff: 19877,000000000004
	 DR Bracket: 0
	 Base: 5%
	 Effective Percent: 28,4%
	 Crit Inc Heal: 2
	 Crit Inc Damage: 2
Haste
	 Rating: 34090
	 Multiplicative Factor: 0%
	 Eff: 31782,999999999996
	 DR Bracket: 3
	 Base: 0%
	 Effective Percent: 48,16%
Vers
	 Rating: 6966
	 Multiplicative Factor: 0%
	 Eff: 9306
	 DR Bracket: 0
	 Base: 3%
	 Effective Percent: 11,93%
Leech
	 Rating: 3060
	 Multiplicative Factor: 0%
	 Eff: 3060
	 DR Bracket: 0
	 Base: 0%
	 Effective Percent: 3%
Avoidance
	 Rating: 0
	 Multiplicative Factor: 0%
	 Eff: 0
	 DR Bracket: 0
	 Base: 0%
	 Effective Percent: 0%
Mastery
	 Rating: 2521
	 Multiplicative Factor: 0%
	 Eff: 9521
	 DR Bracket: 0
	 Base: 30%
	 Effective Percent: 40,8%
----------------------
06:27,285

Intellect
	 Rating: 131629
	 Multiplicative Factor: 8,15%
	 Eff: 131628,99999999997
Stamina
	 Rating: 754573
	 Multiplicative Factor: 5%
	 Eff: 754573,0000000001
Crit
	 Rating: 16377
	 Multiplicative Factor: 0%
	 Eff: 19877,000000000004
	 DR Bracket: 0
	 Base: 5%
	 Effective Percent: 28,4%
	 Crit Inc Heal: 2
	 Crit Inc Damage: 2
Haste
	 Rating: 34090
	 Multiplicative Factor: 0%
	 Eff: 31782,999999999996
	 DR Bracket: 3
	 Base: 0%
	 Effective Percent: 48,16%
Vers
	 Rating: 6966
	 Multiplicative Factor: 0%
	 Eff: 9306
	 DR Bracket: 0
	 Base: 3%
	 Effective Percent: 11,93%
Leech
	 Rating: 3060
	 Multiplicative Factor: 0%
	 Eff: 3060
	 DR Bracket: 0
	 Base: 0%
	 Effective Percent: 3%
Avoidance
	 Rating: 0
	 Multiplicative Factor: 0%
	 Eff: 0
	 DR Bracket: 0
	 Base: 0%
	 Effective Percent: 0%
Mastery
	 Rating: 2521
	 Multiplicative Factor: 0%
	 Eff: 9521
	 DR Bracket: 0
	 Base: 30%
	 Effective Percent: 40,8%
----------------------
06:32,338

Intellect
	 Rating: 131629
	 Multiplicative Factor: 8,15%
	 Eff: 131628,99999999997
Stamina
	 Rating: 754573
	 Multiplicative Factor: 5%
	 Eff: 754573,0000000001
Crit
	 Rating: 16377
	 Multiplicative Factor: 0%
	 Eff: 19877,000000000004
	 DR Bracket: 0
	 Base: 5%
	 Effective Percent: 28,4%
	 Crit Inc Heal: 2
	 Crit Inc Damage: 2
Haste
	 Rating: 34090
	 Multiplicative Factor: 0%
	 Eff: 31782,999999999996
	 DR Bracket: 3
	 Base: 0%
	 Effective Percent: 48,16%
Vers
	 Rating: 6966
	 Multiplicative Factor: 0%
	 Eff: 9306
	 DR Bracket: 0
	 Base: 3%
	 Effective Percent: 11,93%
Leech
	 Rating: 3060
	 Multiplicative Factor: 0%
	 Eff: 3060
	 DR Bracket: 0
	 Base: 0%
	 Effective Percent: 3%
Avoidance
	 Rating: 0
	 Multiplicative Factor: 0%
	 Eff: 0
	 DR Bracket: 0
	 Base: 0%
	 Effective Percent: 0%
Mastery
	 Rating: 2521
	 Multiplicative Factor: 0%
	 Eff: 9521
	 DR Bracket: 0
	 Base: 30%
	 Effective Percent: 40,8%
----------------------
06:37,443

Intellect
	 Rating: 131629
	 Multiplicative Factor: 8,15%
	 Eff: 131628,99999999997
Stamina
	 Rating: 754573
	 Multiplicative Factor: 5%
	 Eff: 754573,0000000001
Crit
	 Rating: 16377
	 Multiplicative Factor: 0%
	 Eff: 19877,000000000004
	 DR Bracket: 0
	 Base: 5%
	 Effective Percent: 28,4%
	 Crit Inc Heal: 2
	 Crit Inc Damage: 2
Haste
	 Rating: 34090
	 Multiplicative Factor: 0%
	 Eff: 31782,999999999996
	 DR Bracket: 3
	 Base: 0%
	 Effective Percent: 48,16%
Vers
	 Rating: 6966
	 Multiplicative Factor: 0%
	 Eff: 9306
	 DR Bracket: 0
	 Base: 3%
	 Effective Percent: 11,93%
Leech
	 Rating: 3060
	 Multiplicative Factor: 0%
	 Eff: 3060
	 DR Bracket: 0
	 Base: 0%
	 Effective Percent: 3%
Avoidance
	 Rating: 0
	 Multiplicative Factor: 0%
	 Eff: 0
	 DR Bracket: 0
	 Base: 0%
	 Effective Percent: 0%
Mastery
	 Rating: 2521
	 Multiplicative Factor: 0%
	 Eff: 9521
	 DR Bracket: 0
	 Base: 30%
	 Effective Percent: 40,8%
----------------------
06:42,515

Intellect
	 Rating: 131629
	 Multiplicative Factor: 8,15%
	 Eff: 131628,99999999997
Stamina
	 Rating: 754573
	 Multiplicative Factor: 5%
	 Eff: 754573,0000000001
Crit
	 Rating: 16377
	 Multiplicative Factor: 0%
	 Eff: 19877,000000000004
	 DR Bracket: 0
	 Base: 5%
	 Effective Percent: 28,4%
	 Crit Inc Heal: 2
	 Crit Inc Damage: 2
Haste
	 Rating: 34090
	 Multiplicative Factor: 0%
	 Eff: 31782,999999999996
	 DR Bracket: 3
	 Base: 0%
	 Effective Percent: 48,16%
Vers
	 Rating: 6966
	 Multiplicative Factor: 0%
	 Eff: 9306
	 DR Bracket: 0
	 Base: 3%
	 Effective Percent: 11,93%
Leech
	 Rating: 3060
	 Multiplicative Factor: 0%
	 Eff: 3060
	 DR Bracket: 0
	 Base: 0%
	 Effective Percent: 3%
Avoidance
	 Rating: 0
	 Multiplicative Factor: 0%
	 Eff: 0
	 DR Bracket: 0
	 Base: 0%
	 Effective Percent: 0%
Mastery
	 Rating: 2521
	 Multiplicative Factor: 0%
	 Eff: 9521
	 DR Bracket: 0
	 Base: 30%
	 Effective Percent: 40,8%
----------------------
06:47,524

Intellect
	 Rating: 131629
	 Multiplicative Factor: 8,15%
	 Eff: 131628,99999999997
Stamina
	 Rating: 754573
	 Multiplicative Factor: 5%
	 Eff: 754573,0000000001
Crit
	 Rating: 16377
	 Multiplicative Factor: 0%
	 Eff: 19877,000000000004
	 DR Bracket: 0
	 Base: 5%
	 Effective Percent: 28,4%
	 Crit Inc Heal: 2
	 Crit Inc Damage: 2
Haste
	 Rating: 34090
	 Multiplicative Factor: 0%
	 Eff: 31782,999999999996
	 DR Bracket: 3
	 Base: 0%
	 Effective Percent: 48,16%
Vers
	 Rating: 6966
	 Multiplicative Factor: 0%
	 Eff: 9306
	 DR Bracket: 0
	 Base: 3%
	 Effective Percent: 11,93%
Leech
	 Rating: 3060
	 Multiplicative Factor: 0%
	 Eff: 3060
	 DR Bracket: 0
	 Base: 0%
	 Effective Percent: 3%
Avoidance
	 Rating: 0
	 Multiplicative Factor: 0%
	 Eff: 0
	 DR Bracket: 0
	 Base: 0%
	 Effective Percent: 0%
Mastery
	 Rating: 2521
	 Multiplicative Factor: 0%
	 Eff: 9521
	 DR Bracket: 0
	 Base: 30%
	 Effective Percent: 40,8%
----------------------
06:52,539

Intellect
	 Rating: 131629
	 Multiplicative Factor: 8,15%
	 Eff: 131628,99999999997
Stamina
	 Rating: 754573
	 Multiplicative Factor: 5%
	 Eff: 754573,0000000001
Crit
	 Rating: 16377
	 Multiplicative Factor: 0%
	 Eff: 19877,000000000004
	 DR Bracket: 0
	 Base: 5%
	 Effective Percent: 28,4%
	 Crit Inc Heal: 2
	 Crit Inc Damage: 2
Haste
	 Rating: 34090
	 Multiplicative Factor: 0%
	 Eff: 31782,999999999996
	 DR Bracket: 3
	 Base: 0%
	 Effective Percent: 48,16%
Vers
	 Rating: 6966
	 Multiplicative Factor: 0%
	 Eff: 9306
	 DR Bracket: 0
	 Base: 3%
	 Effective Percent: 11,93%
Leech
	 Rating: 3060
	 Multiplicative Factor: 0%
	 Eff: 3060
	 DR Bracket: 0
	 Base: 0%
	 Effective Percent: 3%
Avoidance
	 Rating: 0
	 Multiplicative Factor: 0%
	 Eff: 0
	 DR Bracket: 0
	 Base: 0%
	 Effective Percent: 0%
Mastery
	 Rating: 2521
	 Multiplicative Factor: 0%
	 Eff: 9521
	 DR Bracket: 0
	 Base: 30%
	 Effective Percent: 40,8%
----------------------
06:57,600

Intellect
	 Rating: 131629
	 Multiplicative Factor: 8,15%
	 Eff: 131628,99999999997
Stamina
	 Rating: 754573
	 Multiplicative Factor: 5%
	 Eff: 754573,0000000001
Crit
	 Rating: 16377
	 Multiplicative Factor: 0%
	 Eff: 19877,000000000004
	 DR Bracket: 0
	 Base: 5%
	 Effective Percent: 28,4%
	 Crit Inc Heal: 2
	 Crit Inc Damage: 2
Haste
	 Rating: 34090
	 Multiplicative Factor: 0%
	 Eff: 31782,999999999996
	 DR Bracket: 3
	 Base: 0%
	 Effective Percent: 48,16%
Vers
	 Rating: 6966
	 Multiplicative Factor: 0%
	 Eff: 9306
	 DR Bracket: 0
	 Base: 3%
	 Effective Percent: 11,93%
Leech
	 Rating: 3060
	 Multiplicative Factor: 0%
	 Eff: 3060
	 DR Bracket: 0
	 Base: 0%
	 Effective Percent: 3%
Avoidance
	 Rating: 0
	 Multiplicative Factor: 0%
	 Eff: 0
	 DR Bracket: 0
	 Base: 0%
	 Effective Percent: 0%
Mastery
	 Rating: 2521
	 Multiplicative Factor: 0%
	 Eff: 9521
	 DR Bracket: 0
	 Base: 30%
	 Effective Percent: 40,8%
----------------------
07:02,636

Intellect
	 Rating: 131629
	 Multiplicative Factor: 8,15%
	 Eff: 131628,99999999997
Stamina
	 Rating: 754573
	 Multiplicative Factor: 5%
	 Eff: 754573,0000000001
Crit
	 Rating: 16377
	 Multiplicative Factor: 0%
	 Eff: 19877,000000000004
	 DR Bracket: 0
	 Base: 5%
	 Effective Percent: 28,4%
	 Crit Inc Heal: 2
	 Crit Inc Damage: 2
Haste
	 Rating: 34090
	 Multiplicative Factor: 0%
	 Eff: 31782,999999999996
	 DR Bracket: 3
	 Base: 0%
	 Effective Percent: 48,16%
Vers
	 Rating: 6966
	 Multiplicative Factor: 0%
	 Eff: 9306
	 DR Bracket: 0
	 Base: 3%
	 Effective Percent: 11,93%
Leech
	 Rating: 3060
	 Multiplicative Factor: 0%
	 Eff: 3060
	 DR Bracket: 0
	 Base: 0%
	 Effective Percent: 3%
Avoidance
	 Rating: 0
	 Multiplicative Factor: 0%
	 Eff: 0
	 DR Bracket: 0
	 Base: 0%
	 Effective Percent: 0%
Mastery
	 Rating: 2521
	 Multiplicative Factor: 0%
	 Eff: 9521
	 DR Bracket: 0
	 Base: 30%
	 Effective Percent: 40,8%
----------------------
07:07,713

Intellect
	 Rating: 131629
	 Multiplicative Factor: 8,15%
	 Eff: 131628,99999999997
Stamina
	 Rating: 754573
	 Multiplicative Factor: 5%
	 Eff: 754573,0000000001
Crit
	 Rating: 16377
	 Multiplicative Factor: 0%
	 Eff: 19877,000000000004
	 DR Bracket: 0
	 Base: 5%
	 Effective Percent: 28,4%
	 Crit Inc Heal: 2
	 Crit Inc Damage: 2
Haste
	 Rating: 34090
	 Multiplicative Factor: 0%
	 Eff: 31782,999999999996
	 DR Bracket: 3
	 Base: 0%
	 Effective Percent: 48,16%
Vers
	 Rating: 6966
	 Multiplicative Factor: 0%
	 Eff: 9306
	 DR Bracket: 0
	 Base: 3%
	 Effective Percent: 11,93%
Leech
	 Rating: 3060
	 Multiplicative Factor: 0%
	 Eff: 3060
	 DR Bracket: 0
	 Base: 0%
	 Effective Percent: 3%
Avoidance
	 Rating: 0
	 Multiplicative Factor: 0%
	 Eff: 0
	 DR Bracket: 0
	 Base: 0%
	 Effective Percent: 0%
Mastery
	 Rating: 2521
	 Multiplicative Factor: 0%
	 Eff: 9521
	 DR Bracket: 0
	 Base: 30%
	 Effective Percent: 40,8%
----------------------
07:12,717

Intellect
	 Rating: 131629
	 Multiplicative Factor: 8,15%
	 Eff: 131628,99999999997
Stamina
	 Rating: 754573
	 Multiplicative Factor: 5%
	 Eff: 754573,0000000001
Crit
	 Rating: 16377
	 Multiplicative Factor: 0%
	 Eff: 19877,000000000004
	 DR Bracket: 0
	 Base: 5%
	 Effective Percent: 28,4%
	 Crit Inc Heal: 2
	 Crit Inc Damage: 2
Haste
	 Rating: 34090
	 Multiplicative Factor: 0%
	 Eff: 31782,999999999996
	 DR Bracket: 3
	 Base: 0%
	 Effective Percent: 48,16%
Vers
	 Rating: 6966
	 Multiplicative Factor: 0%
	 Eff: 9306
	 DR Bracket: 0
	 Base: 3%
	 Effective Percent: 11,93%
Leech
	 Rating: 3060
	 Multiplicative Factor: 0%
	 Eff: 3060
	 DR Bracket: 0
	 Base: 0%
	 Effective Percent: 3%
Avoidance
	 Rating: 0
	 Multiplicative Factor: 0%
	 Eff: 0
	 DR Bracket: 0
	 Base: 0%
	 Effective Percent: 0%
Mastery
	 Rating: 2521
	 Multiplicative Factor: 0%
	 Eff: 9521
	 DR Bracket: 0
	 Base: 30%
	 Effective Percent: 40,8%
----------------------
07:17,721

Intellect
	 Rating: 127795
	 Multiplicative Factor: 5%
	 Eff: 127795,14563106794
Stamina
	 Rating: 718641
	 Multiplicative Factor: 0%
	 Eff: 718640,9523809524
Crit
	 Rating: 16377
	 Multiplicative Factor: 0%
	 Eff: 19877,000000000004
	 DR Bracket: 0
	 Base: 5%
	 Effective Percent: 28,4%
	 Crit Inc Heal: 2
	 Crit Inc Damage: 2
Haste
	 Rating: 34090
	 Multiplicative Factor: 0%
	 Eff: 31782,999999999996
	 DR Bracket: 3
	 Base: 0%
	 Effective Percent: 48,16%
Vers
	 Rating: 6966
	 Multiplicative Factor: 0%
	 Eff: 6966
	 DR Bracket: 0
	 Base: 0%
	 Effective Percent: 8,93%
Leech
	 Rating: 3060
	 Multiplicative Factor: 0%
	 Eff: 3060
	 DR Bracket: 0
	 Base: 0%
	 Effective Percent: 3%
Avoidance
	 Rating: 0
	 Multiplicative Factor: 0%
	 Eff: 0
	 DR Bracket: 0
	 Base: 0%
	 Effective Percent: 0%
Mastery
	 Rating: 2521
	 Multiplicative Factor: 0%
	 Eff: 8121
	 DR Bracket: 0
	 Base: 24%
	 Effective Percent: 34,8%
----------------------
07:23,045

Intellect
	 Rating: 127795
	 Multiplicative Factor: 5%
	 Eff: 127795,14563106794
Stamina
	 Rating: 718641
	 Multiplicative Factor: 0%
	 Eff: 718640,9523809524
Crit
	 Rating: 16377
	 Multiplicative Factor: 0%
	 Eff: 19877,000000000004
	 DR Bracket: 0
	 Base: 5%
	 Effective Percent: 28,4%
	 Crit Inc Heal: 2
	 Crit Inc Damage: 2
Haste
	 Rating: 34090
	 Multiplicative Factor: 0%
	 Eff: 31782,999999999996
	 DR Bracket: 3
	 Base: 0%
	 Effective Percent: 48,16%
Vers
	 Rating: 6966
	 Multiplicative Factor: 0%
	 Eff: 6966
	 DR Bracket: 0
	 Base: 0%
	 Effective Percent: 8,93%
Leech
	 Rating: 3060
	 Multiplicative Factor: 0%
	 Eff: 3060
	 DR Bracket: 0
	 Base: 0%
	 Effective Percent: 3%
Avoidance
	 Rating: 0
	 Multiplicative Factor: 0%
	 Eff: 0
	 DR Bracket: 0
	 Base: 0%
	 Effective Percent: 0%
Mastery
	 Rating: 2521
	 Multiplicative Factor: 0%
	 Eff: 8121
	 DR Bracket: 0
	 Base: 24%
	 Effective Percent: 34,8%
----------------------
07:29,122

Intellect
	 Rating: 127795
	 Multiplicative Factor: 5%
	 Eff: 127795,14563106794
Stamina
	 Rating: 718641
	 Multiplicative Factor: 0%
	 Eff: 718640,9523809524
Crit
	 Rating: 16377
	 Multiplicative Factor: 0%
	 Eff: 19877,000000000004
	 DR Bracket: 0
	 Base: 5%
	 Effective Percent: 28,4%
	 Crit Inc Heal: 2
	 Crit Inc Damage: 2
Haste
	 Rating: 34090
	 Multiplicative Factor: 0%
	 Eff: 31782,999999999996
	 DR Bracket: 3
	 Base: 0%
	 Effective Percent: 48,16%
Vers
	 Rating: 6966
	 Multiplicative Factor: 0%
	 Eff: 6966
	 DR Bracket: 0
	 Base: 0%
	 Effective Percent: 8,93%
Leech
	 Rating: 3060
	 Multiplicative Factor: 0%
	 Eff: 3060
	 DR Bracket: 0
	 Base: 0%
	 Effective Percent: 3%
Avoidance
	 Rating: 0
	 Multiplicative Factor: 0%
	 Eff: 0
	 DR Bracket: 0
	 Base: 0%
	 Effective Percent: 0%
Mastery
	 Rating: 2521
	 Multiplicative Factor: 0%
	 Eff: 8121
	 DR Bracket: 0
	 Base: 24%
	 Effective Percent: 34,8%
