-----------
Acid Rain
-----------
Capacitor Totem
-----------
Chain Heal
	Eff: -9,207259609767603E-09
-----------
Chain Lightning
-----------
Downpour
-----------
Earth Elemental
-----------
Earth Shield
	Eff: -3,2071463274689866E-09
-----------
Earthbind Totem
-----------
Earthgrab Totem
-----------
Earthliving Weapon
	Eff: 2608,9091656705364
-----------
Far Sight
-----------
Flame Shock
-----------
Flametongue Attack
-----------
Flametongue Weapon
-----------
Frost Shock
-----------
Ghost Wolf
-----------
Greater Purge
-----------
Gust of Wind
-----------
Healing Rain
	Eff: 35,504592343279
-----------
Healing Surge
	Eff: 2184,141464828385
-----------
Healing Stream
-----------
Healing Stream Totem
-----------
Healing Wave
	Eff: 3052,4946298249065
-----------
Hex
-----------
Lava Burst
-----------
Lightning Bolt
-----------
Lightning Shield
-----------
Nature's Guardian
	Eff: 1,862645149230957E-09
-----------
Overflowing Shores
-----------
Poison Cleansing Totem
-----------
Primal Strike
-----------
Purge
-----------
Purify Spirit
-----------
Reactive Warding
-----------
Riptide
	Eff: 957,8342603290129
-----------
Skyfury
-----------
Spirit Link Totem
-----------
Surging Totem
-----------
Tidewaters
-----------
Tremor Totem
-----------
Unleash Life
-----------
Water Shield
-----------
Water Walking
-----------
Wind Barrier
-----------
Wind Rush Totem
-----------
Leech
	Eff: 205,96631306950735
-----------
Blessing of Summer
-----------
Holy Bulwark
-----------
ZeroCIMDummy
-----------
Cloudburst Totem
-----------
Loom'ithar's Living Silk
-----------
Nose For Trouble
-----------
Whispering Waves
-----------
Authority of Fiery Resolve
-----------
Shattered Soul's Embrace
-----------
Ethereal Reconstitution
	Eff: 364,0835498854908
-----------
Ethereal Guard
	Eff: 689,7899190321623
-----------
Cloudburst
-----------
Hydrobubble
-----------
Lightforged Blessing
	SupEff: 1,7462298274040222E-10
-----------
Astral Shift
-----------
Spiritwalker's Grace
-----------
Healing Tide Totem
-----------
Tempered Potion
-----------
Healing Tide
-----------
Restorative Mists
-----------
Ancestral Swiftness
-----------
Recall Cloudburst Totem
-----------
Spirit Link
-----------
Spouting Spirits
-----------
Ancestral Protection Totem
-----------
Melee
	Dmg: 0,3428902776850009
-----------
Arcane Restoration
-----------
Ascendance
-----------
Healthstone
	Eff: 4,656612873077393E-10
-----------
Totemic Recall
-----------
Totemic Projection
-----------
Spirit Walk
-----------
Invigorating Healing Potion
-----------
Stone Bulwark Totem
-----------
Stone Bulwark
-----------
Voidglass Barrier
-----------
Angered Earth
