-----------
Ascendance
-----------
Acid Rain
-----------
Capacitor Totem
-----------
Chain Heal
	Eff: 376,21174897813495
-----------
Chain Lightning
-----------
Downpour
-----------
Earth Elemental
-----------
Earth Shield
	Eff: 114,77891493585335
-----------
Earthbind Totem
-----------
Earthgrab Totem
-----------
Earthliving Weapon
	Eff: 1497,1473935904282
-----------
Far Sight
-----------
Flame Shock
-----------
Flametongue Attack
-----------
Flametongue Weapon
-----------
Frost Shock
-----------
Ghost Wolf
-----------
Greater Purge
-----------
Gust of Wind
-----------
Healing Rain
	Eff: 40,74944337008492
-----------
Healing Surge
	Eff: 1727,138319715497
-----------
Healing Stream
-----------
Healing Stream Totem
-----------
Healing Tide
	Eff: 822,4197153842797
-----------
Healing Tide Totem
-----------
Healing Wave
	Eff: 2413,7998984086057
-----------
Hex
-----------
Hydrobubble
	Eff: 749,2712338532874
-----------
Lava Burst
-----------
Lightning Bolt
-----------
Lightning Shield
-----------
Nature's Guardian
	Eff: 1,862645149230957E-09
-----------
Overflowing Shores
-----------
Poison Cleansing Totem
-----------
Primal Strike
-----------
Purge
-----------
Purify Spirit
-----------
Reactive Warding
-----------
Restorative Mists
	Eff: 3838,2676721936123
-----------
Riptide
	Eff: 2329,6521422798255
-----------
Skyfury
-----------
Spirit Link Totem
-----------
Spouting Spirits
	Eff: 196,887745032575
-----------
Surging Totem
-----------
Tidewaters
-----------
Tremor Totem
-----------
Unleash Life
-----------
Water Shield
-----------
Water Walking
-----------
Whispering Waves
	Eff: 3456,4555787447007
-----------
Wind Barrier
-----------
Wind Rush Totem
-----------
Leech
	Eff: 425,38277977975747
-----------
Blessing of Summer
-----------
Holy Bulwark
-----------
ZeroCIMDummy
-----------
Cloudburst Totem
-----------
Loom'ithar's Living Silk
-----------
Nose For Trouble
-----------
Authority of Fiery Resolve
-----------
Shattered Soul's Embrace
-----------
Ethereal Reconstitution
	Eff: 4,610860038951716E-10
-----------
Ethereal Guard
	Eff: -1,1641532182693481E-10
-----------
Cloudburst
-----------
Lightforged Blessing
	SupEff: 1,7462298274040222E-10
-----------
Astral Shift
-----------
Spiritwalker's Grace
-----------
Tempered Potion
-----------
Ancestral Swiftness
-----------
Recall Cloudburst Totem
-----------
Spirit Link
-----------
Ancestral Protection Totem
-----------
Melee
-----------
Arcane Restoration
-----------
Healthstone
	Eff: 4,656612873077393E-10
-----------
Totemic Recall
-----------
Totemic Projection
-----------
Spirit Walk
-----------
Invigorating Healing Potion
-----------
Stone Bulwark Totem
-----------
Stone Bulwark
-----------
Voidglass Barrier
-----------
Angered Earth
