-----------
Ascendance
-----------
Acid Rain
-----------
Capacitor Totem
-----------
Chain Heal
	Eff: 383,7639832397518
-----------
Chain Lightning
-----------
Downpour
-----------
Earth Elemental
-----------
Earth Shield
	Eff: 81,65683417635879
-----------
Earthbind Totem
-----------
Earthgrab Totem
-----------
Earthliving Weapon
	Eff: 2932,505101539531
-----------
Far Sight
-----------
Flame Shock
-----------
Flametongue Attack
-----------
Flametongue Weapon
-----------
Frost Shock
-----------
Ghost Wolf
-----------
Greater Purge
-----------
Gust of Wind
-----------
Healing Rain
	Eff: 30,099700670612492
-----------
Healing Surge
	Eff: 1805,008889142849
-----------
Healing Stream
-----------
Healing Stream Totem
-----------
Healing Tide
	Eff: 576,7425993404814
-----------
Healing Tide Totem
-----------
Healing Wave
	Eff: 1529,9689469953516
-----------
Hex
-----------
Hydrobubble
	Eff: -1,821626938180998E-08
-----------
Lava Burst
-----------
Lightning Bolt
-----------
Lightning Shield
-----------
Nature's Guardian
	Eff: 1,862645149230957E-09
-----------
Overflowing Shores
-----------
Poison Cleansing Totem
-----------
Primal Strike
-----------
Purge
-----------
Purify Spirit
-----------
Reactive Warding
-----------
Restorative Mists
	Eff: 2775,5437188658957
-----------
Riptide
	Eff: 2142,5397143858345
-----------
Skyfury
-----------
Spirit Link Totem
-----------
Spouting Spirits
	Eff: 60,77934504419008
-----------
Surging Totem
-----------
Tidewaters
-----------
Tremor Totem
-----------
Unleash Life
-----------
Water Shield
-----------
Water Walking
-----------
Whispering Waves
	Eff: 1079,8995639321765
-----------
Wind Barrier
-----------
Wind Rush Totem
-----------
Leech
	Eff: 221,07533216432284
-----------
Blessing of Summer
-----------
Holy Bulwark
-----------
ZeroCIMDummy
-----------
Cloudburst Totem
-----------
Loom'ithar's Living Silk
-----------
Nose For Trouble
-----------
Authority of Fiery Resolve
-----------
Shattered Soul's Embrace
-----------
Ethereal Reconstitution
	Eff: 4,610860038951716E-10
-----------
Ethereal Guard
	Eff: -1,1641532182693481E-10
-----------
Cloudburst
-----------
Lightforged Blessing
	SupEff: 1,7462298274040222E-10
-----------
Astral Shift
-----------
Spiritwalker's Grace
-----------
Tempered Potion
-----------
Ancestral Swiftness
-----------
Recall Cloudburst Totem
-----------
Spirit Link
-----------
Ancestral Protection Totem
-----------
Melee
-----------
Arcane Restoration
-----------
Healthstone
	Eff: 4,656612873077393E-10
-----------
Totemic Recall
-----------
Totemic Projection
-----------
Spirit Walk
-----------
Invigorating Healing Potion
-----------
Stone Bulwark Totem
-----------
Stone Bulwark
-----------
Voidglass Barrier
-----------
Angered Earth
