-----------
Ascendance
-----------
Acid Rain
-----------
Capacitor Totem
-----------
Chain Heal
	Eff: -9,155855552495156E-09
-----------
Chain Lightning
-----------
Downpour
-----------
Earth Elemental
-----------
Earth Shield
	Eff: -3,2058222867689735E-09
-----------
Earthbind Totem
-----------
Earthgrab Totem
-----------
Earthliving Weapon
	Eff: -3,615960882186032E-08
-----------
Far Sight
-----------
Flame Shock
-----------
Flametongue Attack
-----------
Flametongue Weapon
-----------
Frost Shock
-----------
Ghost Wolf
-----------
Greater Purge
-----------
Gust of Wind
-----------
Healing Rain
	Eff: -9,918039722833782E-10
-----------
Healing Surge
	Eff: -5,277730332079826E-08
-----------
Healing Stream
-----------
Healing Stream Totem
-----------
Healing Tide
	Eff: -2,0145149550449242E-08
-----------
Healing Tide Totem
-----------
Healing Wave
	Eff: -7,087470011708272E-08
-----------
Hex
-----------
Hydrobubble
	Eff: -1,821626938180998E-08
-----------
Lava Burst
-----------
Lightning Bolt
-----------
Lightning Shield
-----------
Nature's Guardian
	Eff: 19,88910011900589
-----------
Overflowing Shores
-----------
Poison Cleansing Totem
-----------
Primal Strike
-----------
Purge
-----------
Purify Spirit
-----------
Reactive Warding
-----------
Restorative Mists
	Eff: -7,863706749600877E-08
-----------
Riptide
	Eff: -6,032875324779561E-08
-----------
Skyfury
-----------
Spirit Link Totem
-----------
Spouting Spirits
	Eff: -5,390956215060267E-09
-----------
Surging Totem
-----------
Tidewaters
-----------
Tremor Totem
-----------
Unleash Life
-----------
Water Shield
-----------
Water Walking
-----------
Whispering Waves
-----------
Wind Barrier
-----------
Wind Rush Totem
-----------
Leech
-----------
Blessing of Summer
-----------
Holy Bulwark
-----------
ZeroCIMDummy
-----------
Cloudburst Totem
-----------
Loom'ithar's Living Silk
-----------
Nose For Trouble
-----------
Authority of Fiery Resolve
-----------
Shattered Soul's Embrace
-----------
Ethereal Reconstitution
	Eff: 4,610860038951716E-10
-----------
Ethereal Guard
	Eff: -1,1641532182693481E-10
-----------
Cloudburst
-----------
Lightforged Blessing
	SupEff: 1,5038106255233288
-----------
Astral Shift
-----------
Spiritwalker's Grace
-----------
Tempered Potion
-----------
Ancestral Swiftness
-----------
Recall Cloudburst Totem
-----------
Spirit Link
-----------
Ancestral Protection Totem
-----------
Melee
-----------
Arcane Restoration
-----------
Healthstone
	Eff: 4,210217690095305
-----------
Totemic Recall
-----------
Totemic Projection
-----------
Spirit Walk
-----------
Invigorating Healing Potion
-----------
Stone Bulwark Totem
-----------
Stone Bulwark
-----------
Voidglass Barrier
-----------
Angered Earth
