-----------
Acid Rain
-----------
Capacitor Totem
-----------
Chain Heal
	Eff: 524,4611481365469
-----------
Chain Lightning
-----------
Downpour
-----------
Earth Elemental
-----------
Earth Shield
	Eff: 160,00851029413178
-----------
Earthbind Totem
-----------
Earthgrab Totem
-----------
Earthliving Weapon
	Eff: 2087,7250125976543
-----------
Far Sight
-----------
Flame Shock
-----------
Flametongue Attack
-----------
Flametongue Weapon
-----------
Frost Shock
-----------
Ghost Wolf
-----------
Greater Purge
-----------
Gust of Wind
-----------
Healing Rain
	Eff: 56,807103749077214
-----------
Healing Surge
	Eff: 2407,731679332386
-----------
Healing Stream
-----------
Healing Stream Totem
-----------
Healing Wave
	Eff: 3364,9780197735886
-----------
Hex
-----------
Lava Burst
-----------
Lightning Bolt
-----------
Lightning Shield
-----------
Nature's Guardian
	Eff: 1,862645149230957E-09
-----------
Overflowing Shores
-----------
Poison Cleansing Totem
-----------
Primal Strike
-----------
Purge
-----------
Purify Spirit
-----------
Reactive Warding
-----------
Riptide
	Eff: 3248,4496045144742
-----------
Skyfury
-----------
Spirit Link Totem
-----------
Surging Totem
-----------
Tidewaters
-----------
Tremor Totem
-----------
Unleash Life
-----------
Water Shield
-----------
Water Walking
-----------
Wind Barrier
-----------
Wind Rush Totem
-----------
Leech
	Eff: 274,0566003759261
-----------
Blessing of Summer
-----------
Holy Bulwark
-----------
ZeroCIMDummy
-----------
Cloudburst Totem
-----------
Loom'ithar's Living Silk
	Eff: 1910,27643002762
-----------
Nose For Trouble
-----------
Whispering Waves
-----------
Authority of Fiery Resolve
-----------
Shattered Soul's Embrace
-----------
Ethereal Reconstitution
	Eff: 582,5311776972999
-----------
Ethereal Guard
	Eff: 1103,659129956045
-----------
Cloudburst
-----------
Hydrobubble
-----------
Lightforged Blessing
	SupEff: 1,7462298274040222E-10
-----------
Astral Shift
-----------
Spiritwalker's Grace
-----------
Healing Tide Totem
-----------
Tempered Potion
-----------
Healing Tide
-----------
Restorative Mists
-----------
Ancestral Swiftness
-----------
Recall Cloudburst Totem
-----------
Spirit Link
-----------
Spouting Spirits
-----------
Ancestral Protection Totem
-----------
Melee
	Dmg: 0,5486220878283348
-----------
Arcane Restoration
-----------
Ascendance
-----------
Healthstone
	Eff: 4,656612873077393E-10
-----------
Totemic Recall
-----------
Totemic Projection
-----------
Spirit Walk
-----------
Invigorating Healing Potion
	Eff: 73,01880741305649
-----------
Stone Bulwark Totem
-----------
Stone Bulwark
-----------
Voidglass Barrier
-----------
Angered Earth
