----------------------
00:00,970

Intellect
	 Rating: 138409
	 Multiplicative Factor: 14,73%
Stamina
	 Rating: 802802
	 Multiplicative Factor: 11,3%
Crit
	 Rating: 29937
	 Multiplicative Factor: 0%
	 DR Bracket: 2
	 Base: 9%
	 Effective Percent: 50,21%
	 Crit Inc Heal: 2
	 Crit Inc Damage: 2
Haste
	 Rating: 14646
	 Multiplicative Factor: 0%
	 DR Bracket: 0
	 Base: 30%
	 Effective Percent: 58,85%
Vers
	 Rating: 8900
	 Multiplicative Factor: 0%
	 DR Bracket: 0
	 Base: 3%
	 Effective Percent: 14,41%
Leech
	 Rating: 4194
	 Multiplicative Factor: 0%
	 DR Bracket: 0
	 Base: 0%
	 Effective Percent: 4,11%
Avoidance
	 Rating: 0
	 Multiplicative Factor: 0%
	 DR Bracket: 0
	 Base: 0%
	 Effective Percent: 0%
Mastery
	 Rating: 2642
	 Multiplicative Factor: 0%
	 DR Bracket: 0
	 Base: 21%
	 Effective Percent: 26,66%
----------------------
00:05,602

Intellect
	 Rating: 138409
	 Multiplicative Factor: 14,73%
Stamina
	 Rating: 802802
	 Multiplicative Factor: 11,3%
Crit
	 Rating: 29937
	 Multiplicative Factor: 0%
	 DR Bracket: 2
	 Base: 9%
	 Effective Percent: 50,21%
	 Crit Inc Heal: 2
	 Crit Inc Damage: 2
Haste
	 Rating: 14646
	 Multiplicative Factor: 0%
	 DR Bracket: 0
	 Base: 31%
	 Effective Percent: 60,07%
Vers
	 Rating: 8900
	 Multiplicative Factor: 0%
	 DR Bracket: 0
	 Base: 3%
	 Effective Percent: 14,41%
Leech
	 Rating: 4194
	 Multiplicative Factor: 0%
	 DR Bracket: 0
	 Base: 0%
	 Effective Percent: 4,11%
Avoidance
	 Rating: 0
	 Multiplicative Factor: 0%
	 DR Bracket: 0
	 Base: 0%
	 Effective Percent: 0%
Mastery
	 Rating: 2642
	 Multiplicative Factor: 0%
	 DR Bracket: 0
	 Base: 21%
	 Effective Percent: 26,66%
----------------------
00:09,372

Intellect
	 Rating: 138409
	 Multiplicative Factor: 14,73%
Stamina
	 Rating: 802802
	 Multiplicative Factor: 11,3%
Crit
	 Rating: 29937
	 Multiplicative Factor: 0%
	 DR Bracket: 2
	 Base: 9%
	 Effective Percent: 50,21%
	 Crit Inc Heal: 2
	 Crit Inc Damage: 2
Haste
	 Rating: 14646
	 Multiplicative Factor: 0%
	 DR Bracket: 0
	 Base: 32%
	 Effective Percent: 61,29%
Vers
	 Rating: 8900
	 Multiplicative Factor: 0%
	 DR Bracket: 0
	 Base: 3%
	 Effective Percent: 14,41%
Leech
	 Rating: 4194
	 Multiplicative Factor: 0%
	 DR Bracket: 0
	 Base: 0%
	 Effective Percent: 4,11%
Avoidance
	 Rating: 0
	 Multiplicative Factor: 0%
	 DR Bracket: 0
	 Base: 0%
	 Effective Percent: 0%
Mastery
	 Rating: 2642
	 Multiplicative Factor: 0%
	 DR Bracket: 0
	 Base: 21%
	 Effective Percent: 26,66%
----------------------
00:14,045

Intellect
	 Rating: 138409
	 Multiplicative Factor: 14,73%
Stamina
	 Rating: 802802
	 Multiplicative Factor: 11,3%
Crit
	 Rating: 29937
	 Multiplicative Factor: 0%
	 DR Bracket: 2
	 Base: 9%
	 Effective Percent: 50,21%
	 Crit Inc Heal: 2
	 Crit Inc Damage: 2
Haste
	 Rating: 14646
	 Multiplicative Factor: 0%
	 DR Bracket: 0
	 Base: 33%
	 Effective Percent: 62,51%
Vers
	 Rating: 8900
	 Multiplicative Factor: 0%
	 DR Bracket: 0
	 Base: 3%
	 Effective Percent: 14,41%
Leech
	 Rating: 4194
	 Multiplicative Factor: 0%
	 DR Bracket: 0
	 Base: 0%
	 Effective Percent: 4,11%
Avoidance
	 Rating: 0
	 Multiplicative Factor: 0%
	 DR Bracket: 0
	 Base: 0%
	 Effective Percent: 0%
Mastery
	 Rating: 2642
	 Multiplicative Factor: 0%
	 DR Bracket: 0
	 Base: 21%
	 Effective Percent: 26,66%
----------------------
00:18,152

Intellect
	 Rating: 138409
	 Multiplicative Factor: 14,73%
Stamina
	 Rating: 802802
	 Multiplicative Factor: 11,3%
Crit
	 Rating: 29937
	 Multiplicative Factor: 0%
	 DR Bracket: 2
	 Base: 9%
	 Effective Percent: 50,21%
	 Crit Inc Heal: 2
	 Crit Inc Damage: 2
Haste
	 Rating: 14646
	 Multiplicative Factor: 0%
	 DR Bracket: 0
	 Base: 33%
	 Effective Percent: 62,51%
Vers
	 Rating: 8900
	 Multiplicative Factor: 0%
	 DR Bracket: 0
	 Base: 3%
	 Effective Percent: 14,41%
Leech
	 Rating: 4194
	 Multiplicative Factor: 0%
	 DR Bracket: 0
	 Base: 0%
	 Effective Percent: 4,11%
Avoidance
	 Rating: 0
	 Multiplicative Factor: 0%
	 DR Bracket: 0
	 Base: 0%
	 Effective Percent: 0%
Mastery
	 Rating: 2642
	 Multiplicative Factor: 0%
	 DR Bracket: 0
	 Base: 21%
	 Effective Percent: 26,66%
----------------------
00:18,654

Intellect
	 Rating: 138409
	 Multiplicative Factor: 14,73%
Stamina
	 Rating: 802802
	 Multiplicative Factor: 11,3%
Crit
	 Rating: 29937
	 Multiplicative Factor: 0%
	 DR Bracket: 2
	 Base: 9%
	 Effective Percent: 50,21%
	 Crit Inc Heal: 2
	 Crit Inc Damage: 2
Haste
	 Rating: 14646
	 Multiplicative Factor: 0%
	 DR Bracket: 0
	 Base: 34%
	 Effective Percent: 63,74%
Vers
	 Rating: 8900
	 Multiplicative Factor: 0%
	 DR Bracket: 0
	 Base: 3%
	 Effective Percent: 14,41%
Leech
	 Rating: 4194
	 Multiplicative Factor: 0%
	 DR Bracket: 0
	 Base: 0%
	 Effective Percent: 4,11%
Avoidance
	 Rating: 0
	 Multiplicative Factor: 0%
	 DR Bracket: 0
	 Base: 0%
	 Effective Percent: 0%
Mastery
	 Rating: 2642
	 Multiplicative Factor: 0%
	 DR Bracket: 0
	 Base: 21%
	 Effective Percent: 26,66%
----------------------
00:21,412

Intellect
	 Rating: 138409
	 Multiplicative Factor: 14,73%
Stamina
	 Rating: 802802
	 Multiplicative Factor: 11,3%
Crit
	 Rating: 29937
	 Multiplicative Factor: 0%
	 DR Bracket: 2
	 Base: 9%
	 Effective Percent: 50,21%
	 Crit Inc Heal: 2
	 Crit Inc Damage: 2
Haste
	 Rating: 14646
	 Multiplicative Factor: 0%
	 DR Bracket: 0
	 Base: 35%
	 Effective Percent: 64,96%
Vers
	 Rating: 8900
	 Multiplicative Factor: 0%
	 DR Bracket: 0
	 Base: 3%
	 Effective Percent: 14,41%
Leech
	 Rating: 4194
	 Multiplicative Factor: 0%
	 DR Bracket: 0
	 Base: 0%
	 Effective Percent: 4,11%
Avoidance
	 Rating: 0
	 Multiplicative Factor: 0%
	 DR Bracket: 0
	 Base: 0%
	 Effective Percent: 0%
Mastery
	 Rating: 2642
	 Multiplicative Factor: 0%
	 DR Bracket: 0
	 Base: 21%
	 Effective Percent: 26,66%
----------------------
00:27,026

Intellect
	 Rating: 138409
	 Multiplicative Factor: 14,73%
Stamina
	 Rating: 802802
	 Multiplicative Factor: 11,3%
Crit
	 Rating: 29937
	 Multiplicative Factor: 0%
	 DR Bracket: 2
	 Base: 9%
	 Effective Percent: 50,21%
	 Crit Inc Heal: 2
	 Crit Inc Damage: 2
Haste
	 Rating: 14646
	 Multiplicative Factor: 0%
	 DR Bracket: 0
	 Base: 35%
	 Effective Percent: 64,96%
Vers
	 Rating: 8900
	 Multiplicative Factor: 0%
	 DR Bracket: 0
	 Base: 3%
	 Effective Percent: 14,41%
Leech
	 Rating: 4194
	 Multiplicative Factor: 0%
	 DR Bracket: 0
	 Base: 0%
	 Effective Percent: 4,11%
Avoidance
	 Rating: 0
	 Multiplicative Factor: 0%
	 DR Bracket: 0
	 Base: 0%
	 Effective Percent: 0%
Mastery
	 Rating: 2642
	 Multiplicative Factor: 0%
	 DR Bracket: 0
	 Base: 21%
	 Effective Percent: 26,66%
----------------------
00:28,151

Intellect
	 Rating: 138409
	 Multiplicative Factor: 14,73%
Stamina
	 Rating: 802802
	 Multiplicative Factor: 11,3%
Crit
	 Rating: 29937
	 Multiplicative Factor: 0%
	 DR Bracket: 2
	 Base: 9%
	 Effective Percent: 50,21%
	 Crit Inc Heal: 2
	 Crit Inc Damage: 2
Haste
	 Rating: 14646
	 Multiplicative Factor: 0%
	 DR Bracket: 0
	 Base: 35%
	 Effective Percent: 64,96%
Vers
	 Rating: 8900
	 Multiplicative Factor: 0%
	 DR Bracket: 0
	 Base: 3%
	 Effective Percent: 14,41%
Leech
	 Rating: 4194
	 Multiplicative Factor: 0%
	 DR Bracket: 0
	 Base: 0%
	 Effective Percent: 4,11%
Avoidance
	 Rating: 0
	 Multiplicative Factor: 0%
	 DR Bracket: 0
	 Base: 0%
	 Effective Percent: 0%
Mastery
	 Rating: 2642
	 Multiplicative Factor: 0%
	 DR Bracket: 0
	 Base: 21%
	 Effective Percent: 26,66%
----------------------
00:37,052

Intellect
	 Rating: 138409
	 Multiplicative Factor: 14,73%
Stamina
	 Rating: 802802
	 Multiplicative Factor: 11,3%
Crit
	 Rating: 29937
	 Multiplicative Factor: 0%
	 DR Bracket: 2
	 Base: 9%
	 Effective Percent: 50,21%
	 Crit Inc Heal: 2
	 Crit Inc Damage: 2
Haste
	 Rating: 14646
	 Multiplicative Factor: 0%
	 DR Bracket: 0
	 Base: 35%
	 Effective Percent: 64,96%
Vers
	 Rating: 8900
	 Multiplicative Factor: 0%
	 DR Bracket: 0
	 Base: 3%
	 Effective Percent: 14,41%
Leech
	 Rating: 4194
	 Multiplicative Factor: 0%
	 DR Bracket: 0
	 Base: 0%
	 Effective Percent: 4,11%
Avoidance
	 Rating: 0
	 Multiplicative Factor: 0%
	 DR Bracket: 0
	 Base: 0%
	 Effective Percent: 0%
Mastery
	 Rating: 2642
	 Multiplicative Factor: 0%
	 DR Bracket: 0
	 Base: 21%
	 Effective Percent: 26,66%
----------------------
00:40,992

Intellect
	 Rating: 138409
	 Multiplicative Factor: 14,73%
Stamina
	 Rating: 802802
	 Multiplicative Factor: 11,3%
Crit
	 Rating: 29937
	 Multiplicative Factor: 0%
	 DR Bracket: 2
	 Base: 9%
	 Effective Percent: 50,21%
	 Crit Inc Heal: 2
	 Crit Inc Damage: 2
Haste
	 Rating: 14646
	 Multiplicative Factor: 0%
	 DR Bracket: 0
	 Base: 5%
	 Effective Percent: 28,3%
Vers
	 Rating: 8900
	 Multiplicative Factor: 0%
	 DR Bracket: 0
	 Base: 3%
	 Effective Percent: 14,41%
Leech
	 Rating: 4194
	 Multiplicative Factor: 0%
	 DR Bracket: 0
	 Base: 0%
	 Effective Percent: 4,11%
Avoidance
	 Rating: 0
	 Multiplicative Factor: 0%
	 DR Bracket: 0
	 Base: 0%
	 Effective Percent: 0%
Mastery
	 Rating: 2642
	 Multiplicative Factor: 0%
	 DR Bracket: 0
	 Base: 21%
	 Effective Percent: 26,66%
----------------------
00:58,659

Intellect
	 Rating: 138409
	 Multiplicative Factor: 14,73%
Stamina
	 Rating: 802802
	 Multiplicative Factor: 11,3%
Crit
	 Rating: 29937
	 Multiplicative Factor: 0%
	 DR Bracket: 2
	 Base: 9%
	 Effective Percent: 50,21%
	 Crit Inc Heal: 2
	 Crit Inc Damage: 2
Haste
	 Rating: 14646
	 Multiplicative Factor: 0%
	 DR Bracket: 0
	 Base: 5%
	 Effective Percent: 28,3%
Vers
	 Rating: 8900
	 Multiplicative Factor: 0%
	 DR Bracket: 0
	 Base: 3%
	 Effective Percent: 14,41%
Leech
	 Rating: 4194
	 Multiplicative Factor: 0%
	 DR Bracket: 0
	 Base: 0%
	 Effective Percent: 4,11%
Avoidance
	 Rating: 0
	 Multiplicative Factor: 0%
	 DR Bracket: 0
	 Base: 0%
	 Effective Percent: 0%
Mastery
	 Rating: 2642
	 Multiplicative Factor: 0%
	 DR Bracket: 0
	 Base: 21%
	 Effective Percent: 26,66%
----------------------
01:03,613

Intellect
	 Rating: 138409
	 Multiplicative Factor: 14,73%
Stamina
	 Rating: 802802
	 Multiplicative Factor: 11,3%
Crit
	 Rating: 29937
	 Multiplicative Factor: 0%
	 DR Bracket: 2
	 Base: 9%
	 Effective Percent: 50,21%
	 Crit Inc Heal: 2
	 Crit Inc Damage: 2
Haste
	 Rating: 14646
	 Multiplicative Factor: 0%
	 DR Bracket: 0
	 Base: 5%
	 Effective Percent: 28,3%
Vers
	 Rating: 8900
	 Multiplicative Factor: 0%
	 DR Bracket: 0
	 Base: 3%
	 Effective Percent: 14,41%
Leech
	 Rating: 4194
	 Multiplicative Factor: 0%
	 DR Bracket: 0
	 Base: 0%
	 Effective Percent: 4,11%
Avoidance
	 Rating: 0
	 Multiplicative Factor: 0%
	 DR Bracket: 0
	 Base: 0%
	 Effective Percent: 0%
Mastery
	 Rating: 2642
	 Multiplicative Factor: 0%
	 DR Bracket: 0
	 Base: 21%
	 Effective Percent: 26,66%
----------------------
01:13,607

Intellect
	 Rating: 138409
	 Multiplicative Factor: 14,73%
Stamina
	 Rating: 802802
	 Multiplicative Factor: 11,3%
Crit
	 Rating: 29937
	 Multiplicative Factor: 0%
	 DR Bracket: 2
	 Base: 9%
	 Effective Percent: 50,21%
	 Crit Inc Heal: 2
	 Crit Inc Damage: 2
Haste
	 Rating: 14646
	 Multiplicative Factor: 0%
	 DR Bracket: 0
	 Base: 5%
	 Effective Percent: 28,3%
Vers
	 Rating: 8900
	 Multiplicative Factor: 0%
	 DR Bracket: 0
	 Base: 3%
	 Effective Percent: 14,41%
Leech
	 Rating: 4194
	 Multiplicative Factor: 0%
	 DR Bracket: 0
	 Base: 0%
	 Effective Percent: 4,11%
Avoidance
	 Rating: 0
	 Multiplicative Factor: 0%
	 DR Bracket: 0
	 Base: 0%
	 Effective Percent: 0%
Mastery
	 Rating: 2642
	 Multiplicative Factor: 0%
	 DR Bracket: 0
	 Base: 21%
	 Effective Percent: 26,66%
----------------------
01:44,148

Intellect
	 Rating: 138409
	 Multiplicative Factor: 14,73%
Stamina
	 Rating: 802802
	 Multiplicative Factor: 11,3%
Crit
	 Rating: 29937
	 Multiplicative Factor: 0%
	 DR Bracket: 2
	 Base: 9%
	 Effective Percent: 50,21%
	 Crit Inc Heal: 2
	 Crit Inc Damage: 2
Haste
	 Rating: 14646
	 Multiplicative Factor: 0%
	 DR Bracket: 0
	 Base: 5%
	 Effective Percent: 28,3%
Vers
	 Rating: 8900
	 Multiplicative Factor: 0%
	 DR Bracket: 0
	 Base: 3%
	 Effective Percent: 14,41%
Leech
	 Rating: 4194
	 Multiplicative Factor: 0%
	 DR Bracket: 0
	 Base: 0%
	 Effective Percent: 4,11%
Avoidance
	 Rating: 0
	 Multiplicative Factor: 0%
	 DR Bracket: 0
	 Base: 0%
	 Effective Percent: 0%
Mastery
	 Rating: 2642
	 Multiplicative Factor: 0%
	 DR Bracket: 0
	 Base: 21%
	 Effective Percent: 26,66%
----------------------
01:46,056

Intellect
	 Rating: 138409
	 Multiplicative Factor: 14,73%
Stamina
	 Rating: 802802
	 Multiplicative Factor: 11,3%
Crit
	 Rating: 29937
	 Multiplicative Factor: 0%
	 DR Bracket: 2
	 Base: 9%
	 Effective Percent: 50,21%
	 Crit Inc Heal: 2
	 Crit Inc Damage: 2
Haste
	 Rating: 14646
	 Multiplicative Factor: 0%
	 DR Bracket: 0
	 Base: 5%
	 Effective Percent: 28,3%
Vers
	 Rating: 8900
	 Multiplicative Factor: 0%
	 DR Bracket: 0
	 Base: 3%
	 Effective Percent: 14,41%
Leech
	 Rating: 4194
	 Multiplicative Factor: 0%
	 DR Bracket: 0
	 Base: 0%
	 Effective Percent: 4,11%
Avoidance
	 Rating: 0
	 Multiplicative Factor: 0%
	 DR Bracket: 0
	 Base: 0%
	 Effective Percent: 0%
Mastery
	 Rating: 2642
	 Multiplicative Factor: 0%
	 DR Bracket: 0
	 Base: 21%
	 Effective Percent: 26,66%
----------------------
01:48,268

Intellect
	 Rating: 138409
	 Multiplicative Factor: 14,73%
Stamina
	 Rating: 802802
	 Multiplicative Factor: 11,3%
Crit
	 Rating: 29937
	 Multiplicative Factor: 0%
	 DR Bracket: 2
	 Base: 9%
	 Effective Percent: 50,21%
	 Crit Inc Heal: 2
	 Crit Inc Damage: 2
Haste
	 Rating: 14646
	 Multiplicative Factor: 0%
	 DR Bracket: 0
	 Base: 5%
	 Effective Percent: 28,3%
Vers
	 Rating: 8900
	 Multiplicative Factor: 0%
	 DR Bracket: 0
	 Base: 3%
	 Effective Percent: 14,41%
Leech
	 Rating: 4194
	 Multiplicative Factor: 0%
	 DR Bracket: 0
	 Base: 0%
	 Effective Percent: 4,11%
Avoidance
	 Rating: 0
	 Multiplicative Factor: 0%
	 DR Bracket: 0
	 Base: 0%
	 Effective Percent: 0%
Mastery
	 Rating: 2642
	 Multiplicative Factor: 0%
	 DR Bracket: 0
	 Base: 21%
	 Effective Percent: 26,66%
----------------------
01:54,167

Intellect
	 Rating: 138409
	 Multiplicative Factor: 14,73%
Stamina
	 Rating: 802802
	 Multiplicative Factor: 11,3%
Crit
	 Rating: 29937
	 Multiplicative Factor: 0%
	 DR Bracket: 2
	 Base: 9%
	 Effective Percent: 50,21%
	 Crit Inc Heal: 2
	 Crit Inc Damage: 2
Haste
	 Rating: 14646
	 Multiplicative Factor: 0%
	 DR Bracket: 0
	 Base: 5%
	 Effective Percent: 28,3%
Vers
	 Rating: 8900
	 Multiplicative Factor: 0%
	 DR Bracket: 0
	 Base: 3%
	 Effective Percent: 14,41%
Leech
	 Rating: 4194
	 Multiplicative Factor: 0%
	 DR Bracket: 0
	 Base: 0%
	 Effective Percent: 4,11%
Avoidance
	 Rating: 0
	 Multiplicative Factor: 0%
	 DR Bracket: 0
	 Base: 0%
	 Effective Percent: 0%
Mastery
	 Rating: 2642
	 Multiplicative Factor: 0%
	 DR Bracket: 0
	 Base: 21%
	 Effective Percent: 26,66%
----------------------
01:56,070

Intellect
	 Rating: 138409
	 Multiplicative Factor: 14,73%
Stamina
	 Rating: 802802
	 Multiplicative Factor: 11,3%
Crit
	 Rating: 29937
	 Multiplicative Factor: 0%
	 DR Bracket: 2
	 Base: 9%
	 Effective Percent: 50,21%
	 Crit Inc Heal: 2
	 Crit Inc Damage: 2
Haste
	 Rating: 14646
	 Multiplicative Factor: 0%
	 DR Bracket: 0
	 Base: 5%
	 Effective Percent: 28,3%
Vers
	 Rating: 8900
	 Multiplicative Factor: 0%
	 DR Bracket: 0
	 Base: 3%
	 Effective Percent: 14,41%
Leech
	 Rating: 4194
	 Multiplicative Factor: 0%
	 DR Bracket: 0
	 Base: 0%
	 Effective Percent: 4,11%
Avoidance
	 Rating: 0
	 Multiplicative Factor: 0%
	 DR Bracket: 0
	 Base: 0%
	 Effective Percent: 0%
Mastery
	 Rating: 2642
	 Multiplicative Factor: 0%
	 DR Bracket: 0
	 Base: 21%
	 Effective Percent: 26,66%
----------------------
01:58,272

Intellect
	 Rating: 138409
	 Multiplicative Factor: 14,73%
Stamina
	 Rating: 802802
	 Multiplicative Factor: 11,3%
Crit
	 Rating: 29937
	 Multiplicative Factor: 0%
	 DR Bracket: 2
	 Base: 9%
	 Effective Percent: 50,21%
	 Crit Inc Heal: 2
	 Crit Inc Damage: 2
Haste
	 Rating: 14646
	 Multiplicative Factor: 0%
	 DR Bracket: 0
	 Base: 5%
	 Effective Percent: 28,3%
Vers
	 Rating: 8900
	 Multiplicative Factor: 0%
	 DR Bracket: 0
	 Base: 3%
	 Effective Percent: 14,41%
Leech
	 Rating: 4194
	 Multiplicative Factor: 0%
	 DR Bracket: 0
	 Base: 0%
	 Effective Percent: 4,11%
Avoidance
	 Rating: 0
	 Multiplicative Factor: 0%
	 DR Bracket: 0
	 Base: 0%
	 Effective Percent: 0%
Mastery
	 Rating: 2642
	 Multiplicative Factor: 0%
	 DR Bracket: 0
	 Base: 21%
	 Effective Percent: 26,66%
----------------------
02:31,185

Intellect
	 Rating: 138409
	 Multiplicative Factor: 14,73%
Stamina
	 Rating: 802802
	 Multiplicative Factor: 11,3%
Crit
	 Rating: 29937
	 Multiplicative Factor: 0%
	 DR Bracket: 2
	 Base: 9%
	 Effective Percent: 50,21%
	 Crit Inc Heal: 2
	 Crit Inc Damage: 2
Haste
	 Rating: 14646
	 Multiplicative Factor: 0%
	 DR Bracket: 0
	 Base: 5%
	 Effective Percent: 28,3%
Vers
	 Rating: 8900
	 Multiplicative Factor: 0%
	 DR Bracket: 0
	 Base: 3%
	 Effective Percent: 14,41%
Leech
	 Rating: 4194
	 Multiplicative Factor: 0%
	 DR Bracket: 0
	 Base: 0%
	 Effective Percent: 4,11%
Avoidance
	 Rating: 0
	 Multiplicative Factor: 0%
	 DR Bracket: 0
	 Base: 0%
	 Effective Percent: 0%
Mastery
	 Rating: 2642
	 Multiplicative Factor: 0%
	 DR Bracket: 0
	 Base: 21%
	 Effective Percent: 26,66%
----------------------
02:41,184

Intellect
	 Rating: 138409
	 Multiplicative Factor: 14,73%
Stamina
	 Rating: 802802
	 Multiplicative Factor: 11,3%
Crit
	 Rating: 29937
	 Multiplicative Factor: 0%
	 DR Bracket: 2
	 Base: 9%
	 Effective Percent: 50,21%
	 Crit Inc Heal: 2
	 Crit Inc Damage: 2
Haste
	 Rating: 14646
	 Multiplicative Factor: 0%
	 DR Bracket: 0
	 Base: 5%
	 Effective Percent: 28,3%
Vers
	 Rating: 8900
	 Multiplicative Factor: 0%
	 DR Bracket: 0
	 Base: 3%
	 Effective Percent: 14,41%
Leech
	 Rating: 4194
	 Multiplicative Factor: 0%
	 DR Bracket: 0
	 Base: 0%
	 Effective Percent: 4,11%
Avoidance
	 Rating: 0
	 Multiplicative Factor: 0%
	 DR Bracket: 0
	 Base: 0%
	 Effective Percent: 0%
Mastery
	 Rating: 2642
	 Multiplicative Factor: 0%
	 DR Bracket: 0
	 Base: 21%
	 Effective Percent: 26,66%
----------------------
02:48,576

Intellect
	 Rating: 138409
	 Multiplicative Factor: 14,73%
Stamina
	 Rating: 802802
	 Multiplicative Factor: 11,3%
Crit
	 Rating: 29937
	 Multiplicative Factor: 0%
	 DR Bracket: 2
	 Base: 9%
	 Effective Percent: 50,21%
	 Crit Inc Heal: 2
	 Crit Inc Damage: 2
Haste
	 Rating: 14646
	 Multiplicative Factor: 0%
	 DR Bracket: 0
	 Base: 5%
	 Effective Percent: 28,3%
Vers
	 Rating: 8900
	 Multiplicative Factor: 0%
	 DR Bracket: 0
	 Base: 3%
	 Effective Percent: 14,41%
Leech
	 Rating: 4194
	 Multiplicative Factor: 0%
	 DR Bracket: 0
	 Base: 0%
	 Effective Percent: 4,11%
Avoidance
	 Rating: 0
	 Multiplicative Factor: 0%
	 DR Bracket: 0
	 Base: 0%
	 Effective Percent: 0%
Mastery
	 Rating: 2642
	 Multiplicative Factor: 0%
	 DR Bracket: 0
	 Base: 21%
	 Effective Percent: 26,66%
----------------------
02:58,574

Intellect
	 Rating: 138409
	 Multiplicative Factor: 14,73%
Stamina
	 Rating: 802802
	 Multiplicative Factor: 11,3%
Crit
	 Rating: 29937
	 Multiplicative Factor: 0%
	 DR Bracket: 2
	 Base: 9%
	 Effective Percent: 50,21%
	 Crit Inc Heal: 2
	 Crit Inc Damage: 2
Haste
	 Rating: 14646
	 Multiplicative Factor: 0%
	 DR Bracket: 0
	 Base: 5%
	 Effective Percent: 28,3%
Vers
	 Rating: 8900
	 Multiplicative Factor: 0%
	 DR Bracket: 0
	 Base: 3%
	 Effective Percent: 14,41%
Leech
	 Rating: 4194
	 Multiplicative Factor: 0%
	 DR Bracket: 0
	 Base: 0%
	 Effective Percent: 4,11%
Avoidance
	 Rating: 0
	 Multiplicative Factor: 0%
	 DR Bracket: 0
	 Base: 0%
	 Effective Percent: 0%
Mastery
	 Rating: 2642
	 Multiplicative Factor: 0%
	 DR Bracket: 0
	 Base: 21%
	 Effective Percent: 26,66%
----------------------
03:11,879

Intellect
	 Rating: 138409
	 Multiplicative Factor: 14,73%
Stamina
	 Rating: 802802
	 Multiplicative Factor: 11,3%
Crit
	 Rating: 29937
	 Multiplicative Factor: 0%
	 DR Bracket: 2
	 Base: 9%
	 Effective Percent: 50,21%
	 Crit Inc Heal: 2
	 Crit Inc Damage: 2
Haste
	 Rating: 14646
	 Multiplicative Factor: 0%
	 DR Bracket: 0
	 Base: 5%
	 Effective Percent: 28,3%
Vers
	 Rating: 8900
	 Multiplicative Factor: 0%
	 DR Bracket: 0
	 Base: 3%
	 Effective Percent: 14,41%
Leech
	 Rating: 4194
	 Multiplicative Factor: 0%
	 DR Bracket: 0
	 Base: 0%
	 Effective Percent: 4,11%
Avoidance
	 Rating: 0
	 Multiplicative Factor: 0%
	 DR Bracket: 0
	 Base: 0%
	 Effective Percent: 0%
Mastery
	 Rating: 2642
	 Multiplicative Factor: 0%
	 DR Bracket: 0
	 Base: 21%
	 Effective Percent: 26,66%
----------------------
03:21,887

Intellect
	 Rating: 138409
	 Multiplicative Factor: 14,73%
Stamina
	 Rating: 802802
	 Multiplicative Factor: 11,3%
Crit
	 Rating: 29937
	 Multiplicative Factor: 0%
	 DR Bracket: 2
	 Base: 9%
	 Effective Percent: 50,21%
	 Crit Inc Heal: 2
	 Crit Inc Damage: 2
Haste
	 Rating: 14646
	 Multiplicative Factor: 0%
	 DR Bracket: 0
	 Base: 5%
	 Effective Percent: 28,3%
Vers
	 Rating: 8900
	 Multiplicative Factor: 0%
	 DR Bracket: 0
	 Base: 3%
	 Effective Percent: 14,41%
Leech
	 Rating: 4194
	 Multiplicative Factor: 0%
	 DR Bracket: 0
	 Base: 0%
	 Effective Percent: 4,11%
Avoidance
	 Rating: 0
	 Multiplicative Factor: 0%
	 DR Bracket: 0
	 Base: 0%
	 Effective Percent: 0%
Mastery
	 Rating: 2642
	 Multiplicative Factor: 0%
	 DR Bracket: 0
	 Base: 21%
	 Effective Percent: 26,66%
----------------------
03:28,363

Intellect
	 Rating: 138409
	 Multiplicative Factor: 14,73%
Stamina
	 Rating: 802802
	 Multiplicative Factor: 11,3%
Crit
	 Rating: 29937
	 Multiplicative Factor: 0%
	 DR Bracket: 2
	 Base: 9%
	 Effective Percent: 50,21%
	 Crit Inc Heal: 2
	 Crit Inc Damage: 2
Haste
	 Rating: 14646
	 Multiplicative Factor: 0%
	 DR Bracket: 0
	 Base: 5%
	 Effective Percent: 28,3%
Vers
	 Rating: 8900
	 Multiplicative Factor: 0%
	 DR Bracket: 0
	 Base: 3%
	 Effective Percent: 14,41%
Leech
	 Rating: 4194
	 Multiplicative Factor: 0%
	 DR Bracket: 0
	 Base: 0%
	 Effective Percent: 4,11%
Avoidance
	 Rating: 0
	 Multiplicative Factor: 0%
	 DR Bracket: 0
	 Base: 0%
	 Effective Percent: 0%
Mastery
	 Rating: 2642
	 Multiplicative Factor: 0%
	 DR Bracket: 0
	 Base: 21%
	 Effective Percent: 26,66%
----------------------
03:38,328

Intellect
	 Rating: 138409
	 Multiplicative Factor: 14,73%
Stamina
	 Rating: 802802
	 Multiplicative Factor: 11,3%
Crit
	 Rating: 29937
	 Multiplicative Factor: 0%
	 DR Bracket: 2
	 Base: 9%
	 Effective Percent: 50,21%
	 Crit Inc Heal: 2
	 Crit Inc Damage: 2
Haste
	 Rating: 14646
	 Multiplicative Factor: 0%
	 DR Bracket: 0
	 Base: 5%
	 Effective Percent: 28,3%
Vers
	 Rating: 8900
	 Multiplicative Factor: 0%
	 DR Bracket: 0
	 Base: 3%
	 Effective Percent: 14,41%
Leech
	 Rating: 4194
	 Multiplicative Factor: 0%
	 DR Bracket: 0
	 Base: 0%
	 Effective Percent: 4,11%
Avoidance
	 Rating: 0
	 Multiplicative Factor: 0%
	 DR Bracket: 0
	 Base: 0%
	 Effective Percent: 0%
Mastery
	 Rating: 2642
	 Multiplicative Factor: 0%
	 DR Bracket: 0
	 Base: 21%
	 Effective Percent: 26,66%
----------------------
03:38,402

Intellect
	 Rating: 138409
	 Multiplicative Factor: 14,73%
Stamina
	 Rating: 802802
	 Multiplicative Factor: 11,3%
Crit
	 Rating: 29937
	 Multiplicative Factor: 0%
	 DR Bracket: 2
	 Base: 9%
	 Effective Percent: 50,21%
	 Crit Inc Heal: 2
	 Crit Inc Damage: 2
Haste
	 Rating: 14646
	 Multiplicative Factor: 0%
	 DR Bracket: 0
	 Base: 5%
	 Effective Percent: 28,3%
Vers
	 Rating: 8900
	 Multiplicative Factor: 0%
	 DR Bracket: 0
	 Base: 3%
	 Effective Percent: 14,41%
Leech
	 Rating: 4194
	 Multiplicative Factor: 0%
	 DR Bracket: 0
	 Base: 0%
	 Effective Percent: 4,11%
Avoidance
	 Rating: 0
	 Multiplicative Factor: 0%
	 DR Bracket: 0
	 Base: 0%
	 Effective Percent: 0%
Mastery
	 Rating: 2642
	 Multiplicative Factor: 0%
	 DR Bracket: 0
	 Base: 21%
	 Effective Percent: 26,66%
----------------------
03:48,337

Intellect
	 Rating: 138409
	 Multiplicative Factor: 14,73%
Stamina
	 Rating: 802802
	 Multiplicative Factor: 11,3%
Crit
	 Rating: 29937
	 Multiplicative Factor: 0%
	 DR Bracket: 2
	 Base: 9%
	 Effective Percent: 50,21%
	 Crit Inc Heal: 2
	 Crit Inc Damage: 2
Haste
	 Rating: 14646
	 Multiplicative Factor: 0%
	 DR Bracket: 0
	 Base: 5%
	 Effective Percent: 28,3%
Vers
	 Rating: 8900
	 Multiplicative Factor: 0%
	 DR Bracket: 0
	 Base: 3%
	 Effective Percent: 14,41%
Leech
	 Rating: 4194
	 Multiplicative Factor: 0%
	 DR Bracket: 0
	 Base: 0%
	 Effective Percent: 4,11%
Avoidance
	 Rating: 0
	 Multiplicative Factor: 0%
	 DR Bracket: 0
	 Base: 0%
	 Effective Percent: 0%
Mastery
	 Rating: 2642
	 Multiplicative Factor: 0%
	 DR Bracket: 0
	 Base: 21%
	 Effective Percent: 26,66%
----------------------
03:54,500

Intellect
	 Rating: 138409
	 Multiplicative Factor: 14,73%
Stamina
	 Rating: 802802
	 Multiplicative Factor: 11,3%
Crit
	 Rating: 29937
	 Multiplicative Factor: 0%
	 DR Bracket: 2
	 Base: 9%
	 Effective Percent: 50,21%
	 Crit Inc Heal: 2
	 Crit Inc Damage: 2
Haste
	 Rating: 14646
	 Multiplicative Factor: 0%
	 DR Bracket: 0
	 Base: 5%
	 Effective Percent: 28,3%
Vers
	 Rating: 8900
	 Multiplicative Factor: 0%
	 DR Bracket: 0
	 Base: 3%
	 Effective Percent: 14,41%
Leech
	 Rating: 4194
	 Multiplicative Factor: 0%
	 DR Bracket: 0
	 Base: 0%
	 Effective Percent: 4,11%
Avoidance
	 Rating: 0
	 Multiplicative Factor: 0%
	 DR Bracket: 0
	 Base: 0%
	 Effective Percent: 0%
Mastery
	 Rating: 2642
	 Multiplicative Factor: 0%
	 DR Bracket: 0
	 Base: 21%
	 Effective Percent: 26,66%
----------------------
04:08,680

Intellect
	 Rating: 138409
	 Multiplicative Factor: 14,73%
Stamina
	 Rating: 802802
	 Multiplicative Factor: 11,3%
Crit
	 Rating: 29937
	 Multiplicative Factor: 0%
	 DR Bracket: 2
	 Base: 9%
	 Effective Percent: 50,21%
	 Crit Inc Heal: 2
	 Crit Inc Damage: 2
Haste
	 Rating: 14646
	 Multiplicative Factor: 0%
	 DR Bracket: 0
	 Base: 5%
	 Effective Percent: 28,3%
Vers
	 Rating: 8900
	 Multiplicative Factor: 0%
	 DR Bracket: 0
	 Base: 3%
	 Effective Percent: 14,41%
Leech
	 Rating: 4194
	 Multiplicative Factor: 0%
	 DR Bracket: 0
	 Base: 0%
	 Effective Percent: 4,11%
Avoidance
	 Rating: 0
	 Multiplicative Factor: 0%
	 DR Bracket: 0
	 Base: 0%
	 Effective Percent: 0%
Mastery
	 Rating: 2642
	 Multiplicative Factor: 0%
	 DR Bracket: 0
	 Base: 21%
	 Effective Percent: 26,66%
----------------------
04:18,653

Intellect
	 Rating: 138409
	 Multiplicative Factor: 14,73%
Stamina
	 Rating: 802802
	 Multiplicative Factor: 11,3%
Crit
	 Rating: 29937
	 Multiplicative Factor: 0%
	 DR Bracket: 2
	 Base: 9%
	 Effective Percent: 50,21%
	 Crit Inc Heal: 2
	 Crit Inc Damage: 2
Haste
	 Rating: 14646
	 Multiplicative Factor: 0%
	 DR Bracket: 0
	 Base: 5%
	 Effective Percent: 28,3%
Vers
	 Rating: 8900
	 Multiplicative Factor: 0%
	 DR Bracket: 0
	 Base: 3%
	 Effective Percent: 14,41%
Leech
	 Rating: 4194
	 Multiplicative Factor: 0%
	 DR Bracket: 0
	 Base: 0%
	 Effective Percent: 4,11%
Avoidance
	 Rating: 0
	 Multiplicative Factor: 0%
	 DR Bracket: 0
	 Base: 0%
	 Effective Percent: 0%
Mastery
	 Rating: 2642
	 Multiplicative Factor: 0%
	 DR Bracket: 0
	 Base: 21%
	 Effective Percent: 26,66%
