Consecration
	Intellect
		Heal: 0,07307788241810743
		Damage: 4,240620365898664
-------------------
Seal of the Crusader
	Intellect
		Heal: 1,7431544813296689
-------------------
Judgment
	Intellect
		Heal: 0,1459890497998248
		Damage: 8,609911004516436
	Crit
		Heal: 33,70216615950331
		Damage: 3,961154829200274
-------------------
Greater Judgment
	Intellect
		Heal: 4,873039011926572
-------------------
Holy Shock
	Intellect
		Heal: 5,4466416822947386
		Damage: 4,657912249887128
	Mastery
		Heal: 12,103354740202334
-------------------
Judgment of Light
	Intellect
		Heal: 2,24050899356257
	Mastery
		Heal: 4,597812998997755
-------------------
Light's Judgment
	Intellect
		Heal: 0,008039961664053737
		Damage: 0,5237966689755076
-------------------
Golden Path
	Intellect
		Heal: 0,511424800864583
	Mastery
		Heal: 0,8896531308483473
-------------------
Crusader Strike
	Intellect
		Heal: 0,1278710714960579
		Damage: 7,326071658283032
	Crit
		Heal: 34,731488726734085
		Damage: 5,003750639213594
-------------------
Shield of the Righteous
	Intellect
		Heal: 0,03673980345983106
		Damage: 2,1098678641439665
-------------------
Shining Righteousness
	Intellect
		Heal: 0,03767116164024257
		Damage: 2,122905834243867
-------------------
Truth Prevails
	Intellect
		Heal: 6,6768033046957385
	Mastery
		Heal: 16,577323033246177
-------------------
Hammer and Anvil
	Intellect
		Heal: 59,67611232424029
-------------------
Lesser Weapon
	Intellect
		Heal: 5,933019220916951
		Damage: 6,794078755253934
	Mastery
		Heal: 10,250308069894146
-------------------
Sacred Weapon
	Intellect
		Heal: 10,73917451438281
		Damage: 1,38583995833607
	Mastery
		Heal: 22,24970890167319
-------------------
Pillar of Lights
	Intellect
		Heal: 12,228201149476112
	Mastery
		Heal: 25,580796738816055
-------------------
Avenging Crusader
	Intellect
		Heal: 28,87913847959666
	Mastery
		Heal: 52,01748531423687
-------------------
Forge's Reckoning
	Intellect
		Damage: 1,1929644954320542
-------------------
Word of Glory
	Intellect
		Heal: 14,62315318881505
	Mastery
		Heal: 28,14877967191331
-------------------
Light of Dawn
	Intellect
		Heal: 13,677272145612502
	Mastery
		Heal: 26,805804381653985
-------------------
Holy Prism
	Intellect
		Heal: 9,138723837672064
		Damage: 2,8340695635827995
	Mastery
		Heal: 18,035785885713153
-------------------
Holy Ritual
	Intellect
		Heal: 0,25317316688908337
	Mastery
		Heal: 0,6286166898233418
-------------------
Saved by the Light
	Intellect
		Heal: 6,427766761992231
-------------------
Radiant Aura
	Intellect
		Heal: 0,5170938609822561
	Mastery
		Heal: 1,314403089172279
-------------------
Sacred Word
	Intellect
		Heal: 0,005402883376055585
	Mastery
		Heal: 0,006557369743785096
-------------------
