-----------
EssenceRegenDummy
-----------
Azure Strike
-----------
Blessing of the Bronze
-----------
Cauterizing Flame
-----------
Chrono Flames
-----------
Chrono Flame
	Eff: -11174693,546797967
	Dmg: -7634647,398505906
-----------
Consume Flame
-----------
Deep Breath
-----------
Disintegrate
-----------
Dream Breath
	Eff: -11936422,711262468
-----------
Dream Breath (Echo)
-----------
Dream Flight
	Eff: -1886513,6349699066
-----------
Echo
	Eff: -466473,15169032756
-----------
Emerald Blossom
	Eff: -73604170,12106179
-----------
Engulf
-----------
Enkindle
-----------
Expunge
-----------
Fire Breath
	Dmg: -501193,3592382597
-----------
Fluttering Seedlings
	Eff: -14297513,78639137
-----------
Golden Hour
	Eff: -6773195,75599624
-----------
Landslide
-----------
Lifebind
	Eff: -7397057,368259847
-----------
Life-Giver's Flame
-----------
Living Flame
	Eff: -57395787,58255306
	Dmg: -15940276,46920104
-----------
Naturalize
-----------
Oppressing Roar
-----------
Panacea
	Eff: -6071739,952642733
-----------
Rewind
-----------
Renewing Blaze
-----------
Reversion
	Eff: -14605619,07151649
-----------
Reversion (Echo)
-----------
Sleep Walk
-----------
Source of Magic
-----------
Spatial Paradox
-----------
Spiritbloom
	Eff: 8000339,677623252
-----------
Spiritbloom (Echo)
	Eff: -28014114,08896498
-----------
Stasis
-----------
Tail Swipe
-----------
Temporal Anomaly
-----------
Time Spiral
-----------
Unravel
-----------
Verdant Embrace
	Eff: -16025173,133090185
-----------
Zephyr
-----------
Leech
	Eff: -24496008,18189474
-----------
Blessing of Summer
-----------
Holy Bulwark
-----------
ZeroCIMDummy
-----------
Hover
-----------
Stasis (Store)
-----------
Tip the Scales
-----------
Thread of Fate
-----------
Voidglass Shards
-----------
Bombardments
-----------
Ethereal Reconstitution
	Eff: 1391048,40879866
-----------
Cycle of Life
-----------
Ethereal Guard
	Eff: -4497854,569378939
-----------
Glide
-----------
Voidglass Barrier
	Eff: 16123843,010472685
-----------
Stasis (Release)
-----------
Emerald Communion
-----------
Obsidian Scales
-----------
Spirit Link
-----------
Take Off
-----------
Whirling Surge
-----------
Surge Forward
-----------
Wing Buffet
-----------
Rescue
-----------
Twin Guardian
-----------
Skyward Ascent
-----------
Second Wind
-----------
Invigorating Healing Potion
	Eff: 2744728,8585831337
-----------
Tempered Potion
-----------
Melee
	Dmg: -3047,525689886792
-----------
Healthstone
-----------
Time Dilation
