-----------
EssenceRegenDummy
-----------
Azure Strike
-----------
Blessing of the Bronze
-----------
Cauterizing Flame
-----------
Chrono Flames
-----------
Chrono Flame
	Eff: -8109391,680541443
	Dmg: -5836997,631060569
-----------
Consume Flame
-----------
Deep Breath
-----------
Disintegrate
-----------
Dream Breath
	Eff: -4827918,176719076
-----------
Dream Breath (Echo)
-----------
Dream Flight
	Eff: 4586133,751946798
-----------
Echo
	Eff: -280223,6300206117
-----------
Emerald Blossom
	Eff: -48101591,20033953
-----------
Engulf
-----------
Enkindle
-----------
Expunge
-----------
Fire Breath
	Dmg: -9433,449714220451
-----------
Fluttering Seedlings
	Eff: -9378248,162879417
-----------
Golden Hour
	Eff: -6773195,75599624
-----------
Landslide
-----------
Lifebind
	Eff: -6413443,435665384
-----------
Life-Giver's Flame
-----------
Living Flame
	Eff: -48524250,69029811
	Dmg: -13506998,468606692
-----------
Naturalize
-----------
Oppressing Roar
-----------
Panacea
	Eff: -3579287,457354191
-----------
Rewind
-----------
Renewing Blaze
-----------
Reversion
	Eff: -11026807,565008491
-----------
Reversion (Echo)
-----------
Sleep Walk
-----------
Source of Magic
-----------
Spatial Paradox
-----------
Spiritbloom
	Eff: 10079454,869411288
-----------
Spiritbloom (Echo)
	Eff: -20636632,08886367
-----------
Stasis
-----------
Tail Swipe
-----------
Temporal Anomaly
-----------
Time Spiral
-----------
Unravel
-----------
Verdant Embrace
	Eff: 3753296,418997954
-----------
Zephyr
-----------
Leech
	Eff: -22036381,949651208
-----------
Blessing of Summer
-----------
Holy Bulwark
-----------
ZeroCIMDummy
-----------
Hover
-----------
Stasis (Store)
-----------
Tip the Scales
-----------
Thread of Fate
-----------
Voidglass Shards
-----------
Bombardments
-----------
Ethereal Reconstitution
	Eff: 1211962,6034552832
-----------
Cycle of Life
-----------
Ethereal Guard
	Eff: -875454,2702650618
-----------
Glide
-----------
Voidglass Barrier
	Eff: 13330697,887331987
-----------
Stasis (Release)
-----------
Emerald Communion
-----------
Obsidian Scales
-----------
Spirit Link
-----------
Take Off
-----------
Whirling Surge
-----------
Surge Forward
-----------
Wing Buffet
-----------
Rescue
-----------
Twin Guardian
-----------
Skyward Ascent
-----------
Second Wind
-----------
Invigorating Healing Potion
	Eff: 2269257,469987031
-----------
Tempered Potion
-----------
Melee
	Dmg: 317,19639311969513
-----------
Healthstone
-----------
Time Dilation
