-----------
EssenceRegenDummy
-----------
Azure Strike
-----------
Blessing of the Bronze
-----------
Cauterizing Flame
-----------
Chrono Flames
-----------
Chrono Flame
	Eff: -14485756,401541805
	Dmg: -11149493,81689873
-----------
Consume Flame
-----------
Deep Breath
-----------
Disintegrate
-----------
Dream Breath
	Eff: -16364032,220085185
-----------
Dream Breath (Echo)
-----------
Dream Flight
	Eff: -5499137,706417128
-----------
Echo
	Eff: -620953,8002613728
-----------
Emerald Blossom
	Eff: -91675656,59228174
-----------
Engulf
-----------
Enkindle
-----------
Expunge
-----------
Fire Breath
	Dmg: -1846181,483107547
-----------
Fluttering Seedlings
	Eff: -17453571,80129109
-----------
Golden Hour
	Eff: -6773195,75599624
-----------
Landslide
-----------
Lifebind
	Eff: -8032226,832376959
-----------
Life-Giver's Flame
-----------
Living Flame
	Eff: -64110463,577791095
	Dmg: -23024172,94194557
-----------
Naturalize
-----------
Oppressing Roar
-----------
Panacea
	Eff: -7257409,188409102
-----------
Rewind
-----------
Renewing Blaze
-----------
Reversion
	Eff: -17816367,896376304
-----------
Reversion (Echo)
-----------
Sleep Walk
-----------
Source of Magic
-----------
Spatial Paradox
-----------
Spiritbloom
	Eff: 8009677,772062454
-----------
Spiritbloom (Echo)
	Eff: -29242940,871295758
-----------
Stasis
-----------
Tail Swipe
-----------
Temporal Anomaly
-----------
Time Spiral
-----------
Unravel
-----------
Verdant Embrace
	Eff: -35286114,31198545
-----------
Zephyr
-----------
Leech
	Eff: -26812305,836151864
-----------
Blessing of Summer
-----------
Holy Bulwark
-----------
ZeroCIMDummy
-----------
Hover
-----------
Stasis (Store)
-----------
Tip the Scales
-----------
Thread of Fate
-----------
Voidglass Shards
-----------
Bombardments
-----------
Ethereal Reconstitution
	Eff: -654123,2600407663
-----------
Cycle of Life
-----------
Ethereal Guard
	Eff: -14393985,428939436
-----------
Glide
-----------
Voidglass Barrier
	Eff: 16123843,010472685
-----------
Stasis (Release)
-----------
Emerald Communion
-----------
Obsidian Scales
-----------
Spirit Link
-----------
Take Off
-----------
Whirling Surge
-----------
Surge Forward
-----------
Wing Buffet
-----------
Rescue
-----------
Twin Guardian
-----------
Skyward Ascent
-----------
Second Wind
-----------
Invigorating Healing Potion
	Eff: 2744728,8585831337
-----------
Tempered Potion
-----------
Melee
	Dmg: -13026,336714953703
-----------
Healthstone
-----------
Time Dilation
