-----------
EssenceRegenDummy
-----------
Azure Strike
-----------
Blessing of the Bronze
-----------
Cauterizing Flame
-----------
Chrono Flames
-----------
Chrono Flame
	Eff: -11090216,742307456
	Dmg: -9211801,820033995
-----------
Consume Flame
-----------
Deep Breath
-----------
Disintegrate
-----------
Dream Breath
	Eff: -8211718,5415433105
-----------
Dream Breath (Echo)
-----------
Dream Flight
	Eff: 1869094,3691676974
-----------
Echo
	Eff: -409867,72898388584
-----------
Emerald Blossom
	Eff: -62461519,739274845
-----------
Engulf
-----------
Enkindle
-----------
Expunge
-----------
Fire Breath
	Dmg: -1300794,0041908284
-----------
Fluttering Seedlings
	Eff: -11817088,672374021
-----------
Golden Hour
	Eff: -6773195,75599624
-----------
Landslide
-----------
Lifebind
	Eff: -6902538,280298899
-----------
Life-Giver's Flame
-----------
Living Flame
	Eff: -53905815,60875498
	Dmg: -20308413,476109773
-----------
Naturalize
-----------
Oppressing Roar
-----------
Panacea
	Eff: -4359386,209910372
-----------
Rewind
-----------
Renewing Blaze
-----------
Reversion
	Eff: -14002036,017582256
-----------
Reversion (Echo)
-----------
Sleep Walk
-----------
Source of Magic
-----------
Spatial Paradox
-----------
Spiritbloom
	Eff: 10499260,85710825
-----------
Spiritbloom (Echo)
	Eff: -20529441,153500304
-----------
Stasis
-----------
Tail Swipe
-----------
Temporal Anomaly
-----------
Time Spiral
-----------
Unravel
-----------
Verdant Embrace
	Eff: -13338195,836637363
-----------
Zephyr
-----------
Leech
	Eff: -24023488,414866045
-----------
Blessing of Summer
-----------
Holy Bulwark
-----------
ZeroCIMDummy
-----------
Hover
-----------
Stasis (Store)
-----------
Tip the Scales
-----------
Thread of Fate
-----------
Voidglass Shards
-----------
Bombardments
-----------
Ethereal Reconstitution
	Eff: -751478,7547029699
-----------
Cycle of Life
-----------
Ethereal Guard
	Eff: -10772194,300335677
-----------
Glide
-----------
Voidglass Barrier
	Eff: 13331255,15248195
-----------
Stasis (Release)
-----------
Emerald Communion
-----------
Obsidian Scales
-----------
Spirit Link
-----------
Take Off
-----------
Whirling Surge
-----------
Surge Forward
-----------
Wing Buffet
-----------
Rescue
-----------
Twin Guardian
-----------
Skyward Ascent
-----------
Second Wind
-----------
Invigorating Healing Potion
	Eff: 2269352,3320951536
-----------
Tempered Potion
-----------
Melee
	Dmg: -9263,681357718357
-----------
Healthstone
-----------
Time Dilation
