-----------
EssenceRegenDummy
-----------
Azure Strike
-----------
Blessing of the Bronze
-----------
Cauterizing Flame
-----------
Chrono Flames
-----------
Chrono Flame
	Eff: -5852020,185848946
	Dmg: -6645565,972334005
-----------
Consume Flame
-----------
Deep Breath
-----------
Disintegrate
-----------
Dream Breath
	Eff: 1673780,6869985214
-----------
Dream Breath (Echo)
-----------
Dream Flight
	Eff: 10566658,293805482
-----------
Echo
	Eff: -90908,59250845434
-----------
Emerald Blossom
	Eff: -25833217,066785686
-----------
Engulf
-----------
Enkindle
-----------
Expunge
-----------
Fire Breath
	Dmg: -756625,4399026224
-----------
Fluttering Seedlings
	Eff: -4499075,835960687
-----------
Golden Hour
	Eff: -6773195,75599624
-----------
Landslide
-----------
Lifebind
	Eff: -5396910,336765709
-----------
Life-Giver's Flame
-----------
Living Flame
	Eff: -41235054,96610682
	Dmg: -17805287,585558232
-----------
Naturalize
-----------
Oppressing Roar
-----------
Panacea
	Eff: -830898,8236451199
-----------
Rewind
-----------
Renewing Blaze
-----------
Reversion
	Eff: -7423786,736354468
-----------
Reversion (Echo)
-----------
Sleep Walk
-----------
Source of Magic
-----------
Spatial Paradox
-----------
Spiritbloom
	Eff: 12653162,259610856
-----------
Spiritbloom (Echo)
	Eff: -12000795,426117409
-----------
Stasis
-----------
Tail Swipe
-----------
Temporal Anomaly
-----------
Time Spiral
-----------
Unravel
-----------
Verdant Embrace
	Eff: 21778125,44631928
-----------
Zephyr
-----------
Leech
	Eff: -20337803,16810344
-----------
Blessing of Summer
-----------
Holy Bulwark
-----------
ZeroCIMDummy
-----------
Hover
-----------
Stasis (Store)
-----------
Tip the Scales
-----------
Thread of Fate
-----------
Voidglass Shards
-----------
Bombardments
-----------
Ethereal Reconstitution
	Eff: -2009453,4052582067
-----------
Cycle of Life
-----------
Ethereal Guard
	Eff: -5148088,557977981
-----------
Glide
-----------
Voidglass Barrier
	Eff: 7070372,837816762
-----------
Stasis (Release)
-----------
Emerald Communion
-----------
Obsidian Scales
-----------
Spirit Link
-----------
Take Off
-----------
Whirling Surge
-----------
Surge Forward
-----------
Wing Buffet
-----------
Rescue
-----------
Twin Guardian
-----------
Skyward Ascent
-----------
Second Wind
-----------
Invigorating Healing Potion
	Eff: 1203575,1251294948
-----------
Tempered Potion
-----------
Melee
	Dmg: -5878,642714947451
-----------
Healthstone
-----------
Time Dilation
