-----------
EssenceRegenDummy
-----------
Azure Strike
-----------
Blessing of the Bronze
-----------
Cauterizing Flame
-----------
Chrono Flames
-----------
Chrono Flame
	Eff: -6178396,350287075
	Dmg: -625190,2223488567
-----------
Consume Flame
-----------
Deep Breath
-----------
Disintegrate
-----------
Dream Breath
	Eff: -11433589,632251343
-----------
Dream Breath (Echo)
-----------
Dream Flight
	Eff: -2217512,3422815576
-----------
Echo
	Eff: -314114,174831657
-----------
Emerald Blossom
	Eff: -65667717,534710266
-----------
Engulf
-----------
Enkindle
-----------
Expunge
-----------
Fire Breath
	Dmg: 2183104,212981039
-----------
Fluttering Seedlings
	Eff: -13497476,366934666
-----------
Golden Hour
	Eff: -6773195,75599624
-----------
Landslide
-----------
Lifebind
	Eff: -7227624,57918243
-----------
Life-Giver's Flame
-----------
Living Flame
	Eff: -53908125,907917224
	Dmg: -1815667,4865566278
-----------
Naturalize
-----------
Oppressing Roar
-----------
Panacea
	Eff: -7068143,341338542
-----------
Rewind
-----------
Renewing Blaze
-----------
Reversion
	Eff: -9401536,542662863
-----------
Reversion (Echo)
-----------
Sleep Walk
-----------
Source of Magic
-----------
Spatial Paradox
-----------
Spiritbloom
	Eff: 3802842,315155823
-----------
Spiritbloom (Echo)
	Eff: -38510822,98333712
-----------
Stasis
-----------
Tail Swipe
-----------
Temporal Anomaly
-----------
Time Spiral
-----------
Unravel
-----------
Verdant Embrace
	Eff: 11245692,106575621
-----------
Zephyr
-----------
Leech
	Eff: -22027470,191072978
-----------
Blessing of Summer
-----------
Holy Bulwark
-----------
ZeroCIMDummy
-----------
Hover
-----------
Stasis (Store)
-----------
Tip the Scales
-----------
Thread of Fate
-----------
Voidglass Shards
-----------
Bombardments
-----------
Ethereal Reconstitution
	Eff: 5463703,795287309
-----------
Cycle of Life
-----------
Ethereal Guard
	Eff: 15193096,928733148
-----------
Glide
-----------
Voidglass Barrier
	Eff: 16123843,010472685
-----------
Stasis (Release)
-----------
Emerald Communion
-----------
Obsidian Scales
-----------
Spirit Link
-----------
Take Off
-----------
Whirling Surge
-----------
Surge Forward
-----------
Wing Buffet
-----------
Rescue
-----------
Twin Guardian
-----------
Skyward Ascent
-----------
Second Wind
-----------
Invigorating Healing Potion
	Eff: 2744728,8585831337
-----------
Tempered Potion
-----------
Melee
	Dmg: 16849,343780988645
-----------
Healthstone
-----------
Time Dilation
