-----------
EssenceRegenDummy
-----------
Azure Strike
-----------
Blessing of the Bronze
-----------
Cauterizing Flame
-----------
Chrono Flames
-----------
Chrono Flame
	Eff: -4098781,79418629
	Dmg: -6049093,851686317
-----------
Consume Flame
-----------
Deep Breath
-----------
Disintegrate
-----------
Dream Breath
	Eff: 3344419,236905802
-----------
Dream Breath (Echo)
-----------
Dream Flight
	Eff: 11818914,399229214
-----------
Echo
	Eff: 13155,320170754101
-----------
Emerald Blossom
	Eff: -18765031,56070414
-----------
Engulf
-----------
Enkindle
-----------
Expunge
-----------
Fire Breath
	Dmg: -755947,8604304339
-----------
Fluttering Seedlings
	Eff: -2912951,063151915
-----------
Golden Hour
	Eff: -6773195,75599624
-----------
Landslide
-----------
Lifebind
	Eff: -5033253,063113255
-----------
Life-Giver's Flame
-----------
Living Flame
	Eff: -38875273,453062326
	Dmg: -18009648,539517347
-----------
Naturalize
-----------
Oppressing Roar
-----------
Panacea
	Eff: -235080,95320185067
-----------
Rewind
-----------
Renewing Blaze
-----------
Reversion
	Eff: -4833977,309111695
-----------
Reversion (Echo)
-----------
Sleep Walk
-----------
Source of Magic
-----------
Spatial Paradox
-----------
Spiritbloom
	Eff: 12333682,066783786
-----------
Spiritbloom (Echo)
	Eff: -12201040,826937677
-----------
Stasis
-----------
Tail Swipe
-----------
Temporal Anomaly
-----------
Time Spiral
-----------
Unravel
-----------
Verdant Embrace
	Eff: 34246021,24889548
-----------
Zephyr
-----------
Leech
	Eff: -19485756,358393975
-----------
Blessing of Summer
-----------
Holy Bulwark
-----------
ZeroCIMDummy
-----------
Hover
-----------
Stasis (Store)
-----------
Tip the Scales
-----------
Thread of Fate
-----------
Voidglass Shards
-----------
Bombardments
-----------
Ethereal Reconstitution
	Eff: -3116665,1513776537
-----------
Cycle of Life
-----------
Ethereal Guard
	Eff: -3117008,112977683
-----------
Glide
-----------
Voidglass Barrier
	Eff: 3778174,16853086
-----------
Stasis (Release)
-----------
Emerald Communion
-----------
Obsidian Scales
-----------
Spirit Link
-----------
Take Off
-----------
Whirling Surge
-----------
Surge Forward
-----------
Wing Buffet
-----------
Rescue
-----------
Twin Guardian
-----------
Skyward Ascent
-----------
Second Wind
-----------
Invigorating Healing Potion
	Eff: 643150,8708181083
-----------
Tempered Potion
-----------
Melee
	Dmg: -6240,568824044702
-----------
Healthstone
-----------
Time Dilation
