-----------
EssenceRegenDummy
-----------
Azure Strike
-----------
Blessing of the Bronze
-----------
Cauterizing Flame
-----------
Chrono Flames
-----------
Chrono Flame
	Eff: -3523136,4244304816
	Dmg: -1352149,8310093684
-----------
Consume Flame
-----------
Deep Breath
-----------
Disintegrate
-----------
Dream Breath
	Eff: -380308,5309614213
-----------
Dream Breath (Echo)
-----------
Dream Flight
	Eff: 8183665,701887843
-----------
Echo
	Eff: -75041,07504979381
-----------
Emerald Blossom
	Eff: -29037332,953944463
-----------
Engulf
-----------
Enkindle
-----------
Expunge
-----------
Fire Breath
	Dmg: 1504336,7520517858
-----------
Fluttering Seedlings
	Eff: -5994048,1516832085
-----------
Golden Hour
	Eff: -6773195,75599624
-----------
Landslide
-----------
Lifebind
	Eff: -5704406,227088178
-----------
Life-Giver's Flame
-----------
Living Flame
	Eff: -41623817,78754561
	Dmg: -5739412,547544806
-----------
Naturalize
-----------
Oppressing Roar
-----------
Panacea
	Eff: -2625677,5547425016
-----------
Rewind
-----------
Renewing Blaze
-----------
Reversion
	Eff: -5700892,186938731
-----------
Reversion (Echo)
-----------
Sleep Walk
-----------
Source of Magic
-----------
Spatial Paradox
-----------
Spiritbloom
	Eff: 8978814,216045074
-----------
Spiritbloom (Echo)
	Eff: -22108301,917595156
-----------
Stasis
-----------
Tail Swipe
-----------
Temporal Anomaly
-----------
Time Spiral
-----------
Unravel
-----------
Verdant Embrace
	Eff: 31272678,35686489
-----------
Zephyr
-----------
Leech
	Eff: -19330959,58853321
-----------
Blessing of Summer
-----------
Holy Bulwark
-----------
ZeroCIMDummy
-----------
Hover
-----------
Stasis (Store)
-----------
Tip the Scales
-----------
Thread of Fate
-----------
Voidglass Shards
-----------
Bombardments
-----------
Ethereal Reconstitution
	Eff: 2502489,6249366193
-----------
Cycle of Life
-----------
Ethereal Guard
	Eff: 11676705,792063566
-----------
Glide
-----------
Voidglass Barrier
	Eff: 10362571,507102666
-----------
Stasis (Release)
-----------
Emerald Communion
-----------
Obsidian Scales
-----------
Spirit Link
-----------
Take Off
-----------
Whirling Surge
-----------
Surge Forward
-----------
Wing Buffet
-----------
Rescue
-----------
Twin Guardian
-----------
Skyward Ascent
-----------
Second Wind
-----------
Invigorating Healing Potion
	Eff: 1763999,3794408813
-----------
Tempered Potion
-----------
Melee
	Dmg: 11192,438812898126
-----------
Healthstone
-----------
Time Dilation
