-----------
EssenceRegenDummy
-----------
Azure Strike
-----------
Blessing of the Bronze
-----------
Cauterizing Flame
-----------
Chrono Flames
-----------
Chrono Flame
	Eff: -3886472,355950501
	Dmg: 765544,4970291876
-----------
Consume Flame
-----------
Deep Breath
-----------
Disintegrate
-----------
Dream Breath
	Eff: -6705549,859942614
-----------
Dream Breath (Echo)
-----------
Dream Flight
	Eff: 2114434,9616939966
-----------
Echo
	Eff: -181052,39272785792
-----------
Emerald Blossom
	Eff: -48720605,03025134
-----------
Engulf
-----------
Enkindle
-----------
Expunge
-----------
Fire Breath
	Dmg: 2523423,179851402
-----------
Fluttering Seedlings
	Eff: -10241151,30768318
-----------
Golden Hour
	Eff: -6773195,75599624
-----------
Landslide
-----------
Lifebind
	Eff: -6562120,453567625
-----------
Life-Giver's Flame
-----------
Living Flame
	Eff: -48088568,265941694
	Dmg: -207175,1928935625
-----------
Naturalize
-----------
Oppressing Roar
-----------
Panacea
	Eff: -5499154,357646806
-----------
Rewind
-----------
Renewing Blaze
-----------
Reversion
	Eff: -5120595,6256065015
-----------
Reversion (Echo)
-----------
Sleep Walk
-----------
Source of Magic
-----------
Spatial Paradox
-----------
Spiritbloom
	Eff: 4946291,564714269
-----------
Spiritbloom (Echo)
	Eff: -34227308,710607015
-----------
Stasis
-----------
Tail Swipe
-----------
Temporal Anomaly
-----------
Time Spiral
-----------
Unravel
-----------
Verdant Embrace
	Eff: 25940895,59557088
-----------
Zephyr
-----------
Leech
	Eff: -20307975,00745263
-----------
Blessing of Summer
-----------
Holy Bulwark
-----------
ZeroCIMDummy
-----------
Hover
-----------
Stasis (Store)
-----------
Tip the Scales
-----------
Thread of Fate
-----------
Voidglass Shards
-----------
Bombardments
-----------
Ethereal Reconstitution
	Eff: 5035977,813381427
-----------
Cycle of Life
-----------
Ethereal Guard
	Eff: 18346694,59529732
-----------
Glide
-----------
Voidglass Barrier
	Eff: 13331255,15248195
-----------
Stasis (Release)
-----------
Emerald Communion
-----------
Obsidian Scales
-----------
Spirit Link
-----------
Take Off
-----------
Whirling Surge
-----------
Surge Forward
-----------
Wing Buffet
-----------
Rescue
-----------
Twin Guardian
-----------
Skyward Ascent
-----------
Second Wind
-----------
Invigorating Healing Potion
	Eff: 2269352,3320951536
-----------
Tempered Potion
-----------
Melee
	Dmg: 19052,396528145902
-----------
Healthstone
-----------
Time Dilation
