-----------
EssenceRegenDummy
-----------
Azure Strike
-----------
Blessing of the Bronze
-----------
Cauterizing Flame
-----------
Chrono Flames
-----------
Chrono Flame
	Eff: -5677939,7194021065
	Dmg: -2482575,605506582
-----------
Consume Flame
-----------
Deep Breath
-----------
Disintegrate
-----------
Dream Breath
	Eff: -4273068,0075646425
-----------
Dream Breath (Echo)
-----------
Dream Flight
	Eff: 4714435,169183929
-----------
Echo
	Eff: -202288,85036285268
-----------
Emerald Blossom
	Eff: -43318350,9008755
-----------
Engulf
-----------
Enkindle
-----------
Expunge
-----------
Fire Breath
	Dmg: 1276149,0469824849
-----------
Fluttering Seedlings
	Eff: -8816248,289491102
-----------
Golden Hour
	Eff: -6773195,75599624
-----------
Landslide
-----------
Lifebind
	Eff: -6291762,916347427
-----------
Life-Giver's Flame
-----------
Living Flame
	Eff: -46511315,453171924
	Dmg: -6748729,4560198765
-----------
Naturalize
-----------
Oppressing Roar
-----------
Panacea
	Eff: -3943302,623993119
-----------
Rewind
-----------
Renewing Blaze
-----------
Reversion
	Eff: -7940332,996973325
-----------
Reversion (Echo)
-----------
Sleep Walk
-----------
Source of Magic
-----------
Spatial Paradox
-----------
Spiritbloom
	Eff: 8236825,950960874
-----------
Spiritbloom (Echo)
	Eff: -25167065,94789449
-----------
Stasis
-----------
Tail Swipe
-----------
Temporal Anomaly
-----------
Time Spiral
-----------
Unravel
-----------
Verdant Embrace
	Eff: 17028378,86951078
-----------
Zephyr
-----------
Leech
	Eff: -20772632,106467463
-----------
Blessing of Summer
-----------
Holy Bulwark
-----------
ZeroCIMDummy
-----------
Hover
-----------
Stasis (Store)
-----------
Tip the Scales
-----------
Thread of Fate
-----------
Voidglass Shards
-----------
Bombardments
-----------
Ethereal Reconstitution
	Eff: 3158111,3328289003
-----------
Cycle of Life
-----------
Ethereal Guard
	Eff: 8917505,143750204
-----------
Glide
-----------
Voidglass Barrier
	Eff: 13330697,887331987
-----------
Stasis (Release)
-----------
Emerald Communion
-----------
Obsidian Scales
-----------
Spirit Link
-----------
Take Off
-----------
Whirling Surge
-----------
Surge Forward
-----------
Wing Buffet
-----------
Rescue
-----------
Twin Guardian
-----------
Skyward Ascent
-----------
Second Wind
-----------
Invigorating Healing Potion
	Eff: 2269257,469987031
-----------
Tempered Potion
-----------
Melee
	Dmg: 9837,384451662401
-----------
Healthstone
-----------
Time Dilation
