-----------
EssenceRegenDummy
-----------
Azure Strike
-----------
Blessing of the Bronze
-----------
Cauterizing Flame
-----------
Chrono Flames
-----------
Chrono Flame
	Eff: -3646840,201593288
	Dmg: -3700621,8413478425
-----------
Consume Flame
-----------
Deep Breath
-----------
Disintegrate
-----------
Dream Breath
	Eff: 2706181,7420454454
-----------
Dream Breath (Echo)
-----------
Dream Flight
	Eff: 11168591,064044064
-----------
Echo
	Eff: -13487,84136707685
-----------
Emerald Blossom
	Eff: -19935233,147661652
-----------
Engulf
-----------
Enkindle
-----------
Expunge
-----------
Fire Breath
	Dmg: 374194,4458106755
-----------
Fluttering Seedlings
	Eff: -3700472,2602396277
-----------
Golden Hour
	Eff: -6773195,75599624
-----------
Landslide
-----------
Lifebind
	Eff: -5220773,489563607
-----------
Life-Giver's Flame
-----------
Living Flame
	Eff: -38872692,83379699
	Dmg: -11874530,543531077
-----------
Naturalize
-----------
Oppressing Roar
-----------
Panacea
	Eff: -957253,9089940115
-----------
Rewind
-----------
Renewing Blaze
-----------
Reversion
	Eff: -4552211,444010277
-----------
Reversion (Echo)
-----------
Sleep Walk
-----------
Source of Magic
-----------
Spatial Paradox
-----------
Spiritbloom
	Eff: 11320213,365916952
-----------
Spiritbloom (Echo)
	Eff: -15138435,048234034
-----------
Stasis
-----------
Tail Swipe
-----------
Temporal Anomaly
-----------
Time Spiral
-----------
Unravel
-----------
Verdant Embrace
	Eff: 33810975,98694234
-----------
Zephyr
-----------
Leech
	Eff: -19107111,123212755
-----------
Blessing of Summer
-----------
Holy Bulwark
-----------
ZeroCIMDummy
-----------
Hover
-----------
Stasis (Store)
-----------
Tip the Scales
-----------
Thread of Fate
-----------
Voidglass Shards
-----------
Bombardments
-----------
Ethereal Reconstitution
	Eff: -307087,7632205173
-----------
Cycle of Life
-----------
Ethereal Guard
	Eff: 4279848,839542941
-----------
Glide
-----------
Voidglass Barrier
	Eff: 7070372,837816762
-----------
Stasis (Release)
-----------
Emerald Communion
-----------
Obsidian Scales
-----------
Spirit Link
-----------
Take Off
-----------
Whirling Surge
-----------
Surge Forward
-----------
Wing Buffet
-----------
Rescue
-----------
Twin Guardian
-----------
Skyward Ascent
-----------
Second Wind
-----------
Invigorating Healing Potion
	Eff: 1203575,1251294948
-----------
Tempered Potion
-----------
Melee
	Dmg: 2475,9349944267124
-----------
Healthstone
-----------
Time Dilation
