-----------
EssenceRegenDummy
-----------
Azure Strike
-----------
Blessing of the Bronze
-----------
Cauterizing Flame
-----------
Chrono Flames
-----------
Chrono Flame
	Eff: -5525485,51765195
	Dmg: -4456320,008663066
-----------
Consume Flame
-----------
Deep Breath
-----------
Disintegrate
-----------
Dream Breath
	Eff: 378476,2195385731
-----------
Dream Breath (Echo)
-----------
Dream Flight
	Eff: 9245368,559219351
-----------
Echo
	Eff: -124227,30961554567
-----------
Emerald Blossom
	Eff: -29115038,13508553
-----------
Engulf
-----------
Enkindle
-----------
Expunge
-----------
Fire Breath
	Dmg: 312376,15470303054
-----------
Fluttering Seedlings
	Eff: -5649566,866488603
-----------
Golden Hour
	Eff: -6773195,75599624
-----------
Landslide
-----------
Lifebind
	Eff: -5649625,606023267
-----------
Life-Giver's Flame
-----------
Living Flame
	Eff: -41960052,67045379
	Dmg: -11990831,359556492
-----------
Naturalize
-----------
Oppressing Roar
-----------
Panacea
	Eff: -1761955,2221892504
-----------
Rewind
-----------
Renewing Blaze
-----------
Reversion
	Eff: -7082017,713626879
-----------
Reversion (Echo)
-----------
Sleep Walk
-----------
Source of Magic
-----------
Spatial Paradox
-----------
Spiritbloom
	Eff: 11332042,49429262
-----------
Spiritbloom (Echo)
	Eff: -15888646,456888705
-----------
Stasis
-----------
Tail Swipe
-----------
Temporal Anomaly
-----------
Time Spiral
-----------
Unravel
-----------
Verdant Embrace
	Eff: 20769409,205183294
-----------
Zephyr
-----------
Leech
	Eff: -20131953,902479433
-----------
Blessing of Summer
-----------
Holy Bulwark
-----------
ZeroCIMDummy
-----------
Hover
-----------
Stasis (Store)
-----------
Tip the Scales
-----------
Thread of Fate
-----------
Voidglass Shards
-----------
Bombardments
-----------
Ethereal Reconstitution
	Eff: 708081,1667679758
-----------
Cycle of Life
-----------
Ethereal Guard
	Eff: 2248768,3945426415
-----------
Glide
-----------
Voidglass Barrier
	Eff: 10362571,507102666
-----------
Stasis (Release)
-----------
Emerald Communion
-----------
Obsidian Scales
-----------
Spirit Link
-----------
Take Off
-----------
Whirling Surge
-----------
Surge Forward
-----------
Wing Buffet
-----------
Rescue
-----------
Twin Guardian
-----------
Skyward Ascent
-----------
Second Wind
-----------
Invigorating Healing Potion
	Eff: 1763999,3794408813
-----------
Tempered Potion
-----------
Melee
	Dmg: 2386,149179265878
-----------
Healthstone
-----------
Time Dilation
