-----------
EssenceRegenDummy
-----------
Azure Strike
-----------
Blessing of the Bronze
-----------
Cauterizing Flame
-----------
Chrono Flames
-----------
Chrono Flame
	Eff: -2223817,258321107
	Dmg: 1727586,4743415765
-----------
Consume Flame
-----------
Deep Breath
-----------
Disintegrate
-----------
Dream Breath
	Eff: -1977941,0477708646
-----------
Dream Breath (Echo)
-----------
Dream Flight
	Eff: 2668669,523235582
-----------
Echo
	Eff: -119618,74422520306
-----------
Emerald Blossom
	Eff: -20962657,44588302
-----------
Engulf
-----------
Enkindle
-----------
Expunge
-----------
Fire Breath
	Dmg: 1985317,7748618245
-----------
Fluttering Seedlings
	Eff: -4933559,693258816
-----------
Golden Hour
	Eff: -3742496,975891526
-----------
Landslide
-----------
Lifebind
	Eff: -3593391,2450854853
-----------
Life-Giver's Flame
-----------
Living Flame
	Eff: -23254274,21078284
	Dmg: 4433112,842139093
-----------
Naturalize
-----------
Oppressing Roar
-----------
Panacea
	Eff: -2513981,8803115794
-----------
Rewind
-----------
Renewing Blaze
-----------
Reversion
	Eff: -4452803,381177194
-----------
Reversion (Echo)
-----------
Sleep Walk
-----------
Source of Magic
-----------
Spatial Paradox
-----------
Spiritbloom
	Eff: 3782032,785029243
-----------
Spiritbloom (Echo)
	Eff: -15150372,581573121
-----------
Stasis
-----------
Tail Swipe
-----------
Temporal Anomaly
-----------
Time Spiral
-----------
Unravel
-----------
Verdant Embrace
	Eff: 9541958,964473477
-----------
Zephyr
-----------
Leech
	Eff: -18692389,484086756
-----------
Blessing of Summer
-----------
Holy Bulwark
-----------
ZeroCIMDummy
-----------
Hover
-----------
Stasis (Store)
-----------
Tip the Scales
-----------
Thread of Fate
-----------
Voidglass Shards
-----------
Bombardments
-----------
Ethereal Reconstitution
	Eff: 4960906,151037628
-----------
Cycle of Life
-----------
Ethereal Guard
	Eff: 13824532,094687153
-----------
Glide
-----------
Voidglass Barrier
	Eff: 10362571,507102666
-----------
Stasis (Release)
-----------
Emerald Communion
-----------
Obsidian Scales
-----------
Spirit Link
-----------
Take Off
-----------
Whirling Surge
-----------
Surge Forward
-----------
Wing Buffet
-----------
Rescue
-----------
Twin Guardian
-----------
Skyward Ascent
-----------
Second Wind
-----------
Invigorating Healing Potion
	Eff: 1763999,3794408813
-----------
Tempered Potion
-----------
Melee
	Dmg: 15320,193816384523
-----------
Healthstone
-----------
Time Dilation
