-----------
EssenceRegenDummy
-----------
Azure Strike
-----------
Blessing of the Bronze
-----------
Cauterizing Flame
-----------
Chrono Flames
-----------
Chrono Flame
	Eff: -5537419,1609511
	Dmg: 2113620,418867825
-----------
Consume Flame
-----------
Deep Breath
-----------
Disintegrate
-----------
Dream Breath
	Eff: -14328402,645552805
-----------
Dream Breath (Echo)
-----------
Dream Flight
	Eff: -8680198,530721417
-----------
Echo
	Eff: -384476,7793918933
-----------
Emerald Blossom
	Eff: -62819176,4524516
-----------
Engulf
-----------
Enkindle
-----------
Expunge
-----------
Fire Breath
	Dmg: 2559668,366943365
-----------
Fluttering Seedlings
	Eff: -13411949,37019818
-----------
Golden Hour
	Eff: -3742496,975891526
-----------
Landslide
-----------
Lifebind
	Eff: -5411796,421276286
-----------
Life-Giver's Flame
-----------
Living Flame
	Eff: -38159190,69077369
	Dmg: 8023238,678162976
-----------
Naturalize
-----------
Oppressing Roar
-----------
Panacea
	Eff: -7421237,6375026675
-----------
Rewind
-----------
Renewing Blaze
-----------
Reversion
	Eff: -9083921,79481308
-----------
Reversion (Echo)
-----------
Sleep Walk
-----------
Source of Magic
-----------
Spatial Paradox
-----------
Spiritbloom
	Eff: -1566412,4610835672
-----------
Spiritbloom (Echo)
	Eff: -33536046,844495837
-----------
Stasis
-----------
Tail Swipe
-----------
Temporal Anomaly
-----------
Time Spiral
-----------
Unravel
-----------
Verdant Embrace
	Eff: -11639568,549354648
-----------
Zephyr
-----------
Leech
	Eff: -21853750,5408865
-----------
Blessing of Summer
-----------
Holy Bulwark
-----------
ZeroCIMDummy
-----------
Hover
-----------
Stasis (Store)
-----------
Tip the Scales
-----------
Thread of Fate
-----------
Voidglass Shards
-----------
Bombardments
-----------
Ethereal Reconstitution
	Eff: 7908457,252326929
-----------
Cycle of Life
-----------
Ethereal Guard
	Eff: 18014984,95760248
-----------
Glide
-----------
Voidglass Barrier
	Eff: 16123843,010472685
-----------
Stasis (Release)
-----------
Emerald Communion
-----------
Obsidian Scales
-----------
Spirit Link
-----------
Take Off
-----------
Whirling Surge
-----------
Surge Forward
-----------
Wing Buffet
-----------
Rescue
-----------
Twin Guardian
-----------
Skyward Ascent
-----------
Second Wind
-----------
Invigorating Healing Potion
	Eff: 2744728,8585831337
-----------
Tempered Potion
-----------
Melee
	Dmg: 20232,21040103969
-----------
Healthstone
-----------
Time Dilation
