-----------
EssenceRegenDummy
-----------
Azure Strike
-----------
Blessing of the Bronze
-----------
Cauterizing Flame
-----------
Chrono Flames
-----------
Chrono Flame
	Eff: -2826183,54810646
	Dmg: -3285303,0059043136
-----------
Consume Flame
-----------
Deep Breath
-----------
Disintegrate
-----------
Dream Breath
	Eff: 1755640,8075336504
-----------
Dream Breath (Echo)
-----------
Dream Flight
	Eff: 6305574,518431906
-----------
Echo
	Eff: -32895,37757028639
-----------
Emerald Blossom
	Eff: -10421510,016639814
-----------
Engulf
-----------
Enkindle
-----------
Expunge
-----------
Fire Breath
	Dmg: -324309,94859766343
-----------
Fluttering Seedlings
	Eff: -1794407,3937558134
-----------
Golden Hour
	Eff: -3742496,975891526
-----------
Landslide
-----------
Lifebind
	Eff: -2873226,289568699
-----------
Life-Giver's Flame
-----------
Living Flame
	Eff: -20326578,49193283
	Dmg: -8880707,04486897
-----------
Naturalize
-----------
Oppressing Roar
-----------
Panacea
	Eff: -119694,39671860018
-----------
Rewind
-----------
Renewing Blaze
-----------
Reversion
	Eff: -4029424,1936778096
-----------
Reversion (Echo)
-----------
Sleep Walk
-----------
Source of Magic
-----------
Spatial Paradox
-----------
Spiritbloom
	Eff: 6965177,716224818
-----------
Spiritbloom (Echo)
	Eff: -4978840,776382854
-----------
Stasis
-----------
Tail Swipe
-----------
Temporal Anomaly
-----------
Time Spiral
-----------
Unravel
-----------
Verdant Embrace
	Eff: 12363759,746067941
-----------
Zephyr
-----------
Leech
	Eff: -18886563,70282894
-----------
Blessing of Summer
-----------
Holy Bulwark
-----------
ZeroCIMDummy
-----------
Hover
-----------
Stasis (Store)
-----------
Tip the Scales
-----------
Thread of Fate
-----------
Voidglass Shards
-----------
Bombardments
-----------
Ethereal Reconstitution
	Eff: -910453,8344698274
-----------
Cycle of Life
-----------
Ethereal Guard
	Eff: -2156721,7876402065
-----------
Glide
-----------
Voidglass Barrier
	Eff: 3778174,16853086
-----------
Stasis (Release)
-----------
Emerald Communion
-----------
Obsidian Scales
-----------
Spirit Link
-----------
Take Off
-----------
Whirling Surge
-----------
Surge Forward
-----------
Wing Buffet
-----------
Rescue
-----------
Twin Guardian
-----------
Skyward Ascent
-----------
Second Wind
-----------
Invigorating Healing Potion
	Eff: 643150,8708181083
-----------
Tempered Potion
-----------
Melee
	Dmg: -2536,2739230672887
-----------
Healthstone
-----------
Time Dilation
