-----------
EssenceRegenDummy
-----------
Azure Strike
-----------
Blessing of the Bronze
-----------
Cauterizing Flame
-----------
Chrono Flames
-----------
Chrono Flame
	Eff: -2594608,3089378364
	Dmg: 3987730,000146441
-----------
Consume Flame
-----------
Deep Breath
-----------
Disintegrate
-----------
Dream Breath
	Eff: -8278801,813474012
-----------
Dream Breath (Echo)
-----------
Dream Flight
	Eff: -3298076,3911549454
-----------
Echo
	Eff: -223859,4940832383
-----------
Emerald Blossom
	Eff: -40967929,301932484
-----------
Engulf
-----------
Enkindle
-----------
Expunge
-----------
Fire Breath
	Dmg: 3026651,3543805885
-----------
Fluttering Seedlings
	Eff: -9237370,748305658
-----------
Golden Hour
	Eff: -3742496,975891526
-----------
Landslide
-----------
Lifebind
	Eff: -4519086,99308708
-----------
Life-Giver's Flame
-----------
Living Flame
	Eff: -30177439,053097643
	Dmg: 10435867,129847288
-----------
Naturalize
-----------
Oppressing Roar
-----------
Panacea
	Eff: -5391895,092082526
-----------
Rewind
-----------
Renewing Blaze
-----------
Reversion
	Eff: -5420256,1827746695
-----------
Reversion (Echo)
-----------
Sleep Walk
-----------
Source of Magic
-----------
Spatial Paradox
-----------
Spiritbloom
	Eff: -44080,376086357755
-----------
Spiritbloom (Echo)
	Eff: -27567514,015428893
-----------
Stasis
-----------
Tail Swipe
-----------
Temporal Anomaly
-----------
Time Spiral
-----------
Unravel
-----------
Verdant Embrace
	Eff: 4714190,450287904
-----------
Zephyr
-----------
Leech
	Eff: -19701107,043852605
-----------
Blessing of Summer
-----------
Holy Bulwark
-----------
ZeroCIMDummy
-----------
Hover
-----------
Stasis (Store)
-----------
Tip the Scales
-----------
Thread of Fate
-----------
Voidglass Shards
-----------
Bombardments
-----------
Ethereal Reconstitution
	Eff: 7608105,19885376
-----------
Cycle of Life
-----------
Ethereal Guard
	Eff: 21029942,794189412
-----------
Glide
-----------
Voidglass Barrier
	Eff: 13331255,15248195
-----------
Stasis (Release)
-----------
Emerald Communion
-----------
Obsidian Scales
-----------
Spirit Link
-----------
Take Off
-----------
Whirling Surge
-----------
Surge Forward
-----------
Wing Buffet
-----------
Rescue
-----------
Twin Guardian
-----------
Skyward Ascent
-----------
Second Wind
-----------
Invigorating Healing Potion
	Eff: 2269352,3320951536
-----------
Tempered Potion
-----------
Melee
	Dmg: 23371,07547138677
-----------
Healthstone
-----------
Time Dilation
