-----------
EssenceRegenDummy
-----------
Azure Strike
-----------
Blessing of the Bronze
-----------
Cauterizing Flame
-----------
Chrono Flames
-----------
Chrono Flame
	Eff: -11725880,041131973
	Dmg: -7580358,456477936
-----------
Consume Flame
-----------
Deep Breath
-----------
Disintegrate
-----------
Dream Breath
	Eff: -13552036,583756233
-----------
Dream Breath (Echo)
-----------
Dream Flight
	Eff: -6510907,515515221
-----------
Echo
	Eff: -542095,8083018803
-----------
Emerald Blossom
	Eff: -67941859,59047803
-----------
Engulf
-----------
Enkindle
-----------
Expunge
-----------
Fire Breath
	Dmg: -1152290,7462733546
-----------
Fluttering Seedlings
	Eff: -13340404,142260708
-----------
Golden Hour
	Eff: -3742496,975891526
-----------
Landslide
-----------
Lifebind
	Eff: -5412724,561110071
-----------
Life-Giver's Flame
-----------
Living Flame
	Eff: -41391629,48091563
	Dmg: -12876066,523206294
-----------
Naturalize
-----------
Oppressing Roar
-----------
Panacea
	Eff: -5585833,127941707
-----------
Rewind
-----------
Renewing Blaze
-----------
Reversion
	Eff: -14420253,036033632
-----------
Reversion (Echo)
-----------
Sleep Walk
-----------
Source of Magic
-----------
Spatial Paradox
-----------
Spiritbloom
	Eff: 3994792,4856623807
-----------
Spiritbloom (Echo)
	Eff: -17955402,672839276
-----------
Stasis
-----------
Tail Swipe
-----------
Temporal Anomaly
-----------
Time Spiral
-----------
Unravel
-----------
Verdant Embrace
	Eff: -39959781,72600087
-----------
Zephyr
-----------
Leech
	Eff: -24704961,99957353
-----------
Blessing of Summer
-----------
Holy Bulwark
-----------
ZeroCIMDummy
-----------
Hover
-----------
Stasis (Store)
-----------
Tip the Scales
-----------
Thread of Fate
-----------
Voidglass Shards
-----------
Bombardments
-----------
Ethereal Reconstitution
	Eff: 1263048,7857906746
-----------
Cycle of Life
-----------
Ethereal Guard
	Eff: -8557139,563483182
-----------
Glide
-----------
Voidglass Barrier
	Eff: 13331255,15248195
-----------
Stasis (Release)
-----------
Emerald Communion
-----------
Obsidian Scales
-----------
Spirit Link
-----------
Take Off
-----------
Whirling Surge
-----------
Surge Forward
-----------
Wing Buffet
-----------
Rescue
-----------
Twin Guardian
-----------
Skyward Ascent
-----------
Second Wind
-----------
Invigorating Healing Potion
	Eff: 2269352,3320951536
-----------
Tempered Potion
-----------
Melee
	Dmg: -7614,25255620278
-----------
Healthstone
-----------
Time Dilation
