-----------
EssenceRegenDummy
-----------
Azure Strike
-----------
Blessing of the Bronze
-----------
Cauterizing Flame
-----------
Chrono Flames
-----------
Chrono Flame
	Eff: -8146423,816682939
	Dmg: -5636444,614114367
-----------
Consume Flame
-----------
Deep Breath
-----------
Disintegrate
-----------
Dream Breath
	Eff: -6127462,965731925
-----------
Dream Breath (Echo)
-----------
Dream Flight
	Eff: -112758,94780683747
-----------
Echo
	Eff: -333943,07675679703
-----------
Emerald Blossom
	Eff: -40727611,47505781
-----------
Engulf
-----------
Enkindle
-----------
Expunge
-----------
Fire Breath
	Dmg: -675602,9976841076
-----------
Fluttering Seedlings
	Eff: -8031764,368592278
-----------
Golden Hour
	Eff: -3742496,975891526
-----------
Landslide
-----------
Lifebind
	Eff: -4267476,485842067
-----------
Life-Giver's Flame
-----------
Living Flame
	Eff: -31345733,71021299
	Dmg: -10405990,535835098
-----------
Naturalize
-----------
Oppressing Roar
-----------
Panacea
	Eff: -2938262,7239032164
-----------
Rewind
-----------
Renewing Blaze
-----------
Reversion
	Eff: -10396124,915362304
-----------
Reversion (Echo)
-----------
Sleep Walk
-----------
Source of Magic
-----------
Spatial Paradox
-----------
Spiritbloom
	Eff: 5944706,214736132
-----------
Spiritbloom (Echo)
	Eff: -10361141,58576835
-----------
Stasis
-----------
Tail Swipe
-----------
Temporal Anomaly
-----------
Time Spiral
-----------
Unravel
-----------
Verdant Embrace
	Eff: -19482166,979179896
-----------
Zephyr
-----------
Leech
	Eff: -22062468,038642857
-----------
Blessing of Summer
-----------
Holy Bulwark
-----------
ZeroCIMDummy
-----------
Hover
-----------
Stasis (Store)
-----------
Tip the Scales
-----------
Thread of Fate
-----------
Voidglass Shards
-----------
Bombardments
-----------
Ethereal Reconstitution
	Eff: 923718,3856107832
-----------
Cycle of Life
-----------
Ethereal Guard
	Eff: -5866419,403424926
-----------
Glide
-----------
Voidglass Barrier
	Eff: 10362571,507102666
-----------
Stasis (Release)
-----------
Emerald Communion
-----------
Obsidian Scales
-----------
Spirit Link
-----------
Take Off
-----------
Whirling Surge
-----------
Surge Forward
-----------
Wing Buffet
-----------
Rescue
-----------
Twin Guardian
-----------
Skyward Ascent
-----------
Second Wind
-----------
Invigorating Healing Potion
	Eff: 1763999,3794408813
-----------
Tempered Potion
-----------
Melee
	Dmg: -4403,39936181701
-----------
Healthstone
-----------
Time Dilation
