-----------
EssenceRegenDummy
-----------
Azure Strike
-----------
Blessing of the Bronze
-----------
Cauterizing Flame
-----------
Chrono Flames
-----------
Chrono Flame
	Eff: -263084,5542770893
	Dmg: 5282132,296642441
-----------
Consume Flame
-----------
Deep Breath
-----------
Disintegrate
-----------
Dream Breath
	Eff: -4354294,697756421
-----------
Dream Breath (Echo)
-----------
Dream Flight
	Eff: 97948,51794782426
-----------
Echo
	Eff: -97672,32235238259
-----------
Emerald Blossom
	Eff: -26538692,11264774
-----------
Engulf
-----------
Enkindle
-----------
Expunge
-----------
Fire Breath
	Dmg: 3273183,6700343704
-----------
Fluttering Seedlings
	Eff: -6404420,023838819
-----------
Golden Hour
	Eff: -3742496,975891526
-----------
Landslide
-----------
Lifebind
	Eff: -3892848,1787559255
-----------
Life-Giver's Flame
-----------
Living Flame
	Eff: -24979551,894746274
	Dmg: 11591532,75250505
-----------
Naturalize
-----------
Oppressing Roar
-----------
Panacea
	Eff: -4100975,768807431
-----------
Rewind
-----------
Renewing Blaze
-----------
Reversion
	Eff: -2356831,059243756
-----------
Reversion (Echo)
-----------
Sleep Walk
-----------
Source of Magic
-----------
Spatial Paradox
-----------
Spiritbloom
	Eff: 636993,7387465221
-----------
Spiritbloom (Echo)
	Eff: -24504993,926049314
-----------
Stasis
-----------
Tail Swipe
-----------
Temporal Anomaly
-----------
Time Spiral
-----------
Unravel
-----------
Verdant Embrace
	Eff: 18062623,082103617
-----------
Zephyr
-----------
Leech
	Eff: -18219545,221502174
-----------
Blessing of Summer
-----------
Holy Bulwark
-----------
ZeroCIMDummy
-----------
Hover
-----------
Stasis (Store)
-----------
Tip the Scales
-----------
Thread of Fate
-----------
Voidglass Shards
-----------
Bombardments
-----------
Ethereal Reconstitution
	Eff: 6899691,775248016
-----------
Cycle of Life
-----------
Ethereal Guard
	Eff: 23254092,4226371
-----------
Glide
-----------
Voidglass Barrier
	Eff: 10362571,507102666
-----------
Stasis (Release)
-----------
Emerald Communion
-----------
Obsidian Scales
-----------
Spirit Link
-----------
Take Off
-----------
Whirling Surge
-----------
Surge Forward
-----------
Wing Buffet
-----------
Rescue
-----------
Twin Guardian
-----------
Skyward Ascent
-----------
Second Wind
-----------
Invigorating Healing Potion
	Eff: 1763999,3794408813
-----------
Tempered Potion
-----------
Melee
	Dmg: 24835,03621939396
-----------
Healthstone
-----------
Time Dilation
