-----------
EssenceRegenDummy
-----------
Azure Strike
-----------
Blessing of the Bronze
-----------
Cauterizing Flame
-----------
Chrono Flames
-----------
Chrono Flame
	Eff: -180864,76187871746
	Dmg: 2592777,379346939
-----------
Consume Flame
-----------
Deep Breath
-----------
Disintegrate
-----------
Dream Breath
	Eff: 421639,2579986134
-----------
Dream Breath (Echo)
-----------
Dream Flight
	Eff: 4579407,054012613
-----------
Echo
	Eff: -8684,475883512758
-----------
Emerald Blossom
	Eff: -11593593,226963183
-----------
Engulf
-----------
Enkindle
-----------
Expunge
-----------
Fire Breath
	Dmg: 2052098,4231225876
-----------
Fluttering Seedlings
	Eff: -2955956,843274323
-----------
Golden Hour
	Eff: -3742496,975891526
-----------
Landslide
-----------
Lifebind
	Eff: -3133177,9471333697
-----------
Life-Giver's Flame
-----------
Living Flame
	Eff: -19948864,437267758
	Dmg: 4566264,426491058
-----------
Naturalize
-----------
Oppressing Roar
-----------
Panacea
	Eff: -1717546,6775025628
-----------
Rewind
-----------
Renewing Blaze
-----------
Reversion
	Eff: -1520083,5187632532
-----------
Reversion (Echo)
-----------
Sleep Walk
-----------
Source of Magic
-----------
Spatial Paradox
-----------
Spiritbloom
	Eff: 3771063,397001338
-----------
Spiritbloom (Echo)
	Eff: -14375495,947512321
-----------
Stasis
-----------
Tail Swipe
-----------
Temporal Anomaly
-----------
Time Spiral
-----------
Unravel
-----------
Verdant Embrace
	Eff: 21854199,514692254
-----------
Zephyr
-----------
Leech
	Eff: -17639521,594793998
-----------
Blessing of Summer
-----------
Holy Bulwark
-----------
ZeroCIMDummy
-----------
Hover
-----------
Stasis (Store)
-----------
Tip the Scales
-----------
Thread of Fate
-----------
Voidglass Shards
-----------
Bombardments
-----------
Ethereal Reconstitution
	Eff: 3864246,278625999
-----------
Cycle of Life
-----------
Ethereal Guard
	Eff: 15261842,551044405
-----------
Glide
-----------
Voidglass Barrier
	Eff: 7070372,837816762
-----------
Stasis (Release)
-----------
Emerald Communion
-----------
Obsidian Scales
-----------
Spirit Link
-----------
Take Off
-----------
Whirling Surge
-----------
Surge Forward
-----------
Wing Buffet
-----------
Rescue
-----------
Twin Guardian
-----------
Skyward Ascent
-----------
Second Wind
-----------
Invigorating Healing Potion
	Eff: 1203575,1251294948
-----------
Tempered Potion
-----------
Melee
	Dmg: 15417,187033660946
-----------
Healthstone
-----------
Time Dilation
