-----------
EssenceRegenDummy
-----------
Azure Strike
-----------
Blessing of the Bronze
-----------
Cauterizing Flame
-----------
Chrono Flames
-----------
Chrono Flame
	Eff: -8086430,870456639
	Dmg: -3716914,769764662
-----------
Consume Flame
-----------
Deep Breath
-----------
Disintegrate
-----------
Dream Breath
	Eff: -8967149,387077533
-----------
Dream Breath (Echo)
-----------
Dream Flight
	Eff: -2948186,910570811
-----------
Echo
	Eff: -381877,41359322285
-----------
Emerald Blossom
	Eff: -49199158,94026357
-----------
Engulf
-----------
Enkindle
-----------
Expunge
-----------
Fire Breath
	Dmg: 242653,1518903133
-----------
Fluttering Seedlings
	Eff: -10067123,291668799
-----------
Golden Hour
	Eff: -3742496,975891526
-----------
Landslide
-----------
Lifebind
	Eff: -4707465,437949158
-----------
Life-Giver's Flame
-----------
Living Flame
	Eff: -34011001,853382036
	Dmg: -5089599,677389027
-----------
Naturalize
-----------
Oppressing Roar
-----------
Panacea
	Eff: -4370894,6362789
-----------
Rewind
-----------
Renewing Blaze
-----------
Reversion
	Eff: -10920405,814782115
-----------
Reversion (Echo)
-----------
Sleep Walk
-----------
Source of Magic
-----------
Spatial Paradox
-----------
Spiritbloom
	Eff: 3985827,2250532415
-----------
Spiritbloom (Echo)
	Eff: -16680934,60022824
-----------
Stasis
-----------
Tail Swipe
-----------
Temporal Anomaly
-----------
Time Spiral
-----------
Unravel
-----------
Verdant Embrace
	Eff: -21467855,09467476
-----------
Zephyr
-----------
Leech
	Eff: -22288841,4245743
-----------
Blessing of Summer
-----------
Holy Bulwark
-----------
ZeroCIMDummy
-----------
Hover
-----------
Stasis (Store)
-----------
Tip the Scales
-----------
Thread of Fate
-----------
Voidglass Shards
-----------
Bombardments
-----------
Ethereal Reconstitution
	Eff: 3384182,563490873
-----------
Cycle of Life
-----------
Ethereal Guard
	Eff: 1338991,296077323
-----------
Glide
-----------
Voidglass Barrier
	Eff: 13331255,15248195
-----------
Stasis (Release)
-----------
Emerald Communion
-----------
Obsidian Scales
-----------
Spirit Link
-----------
Take Off
-----------
Whirling Surge
-----------
Surge Forward
-----------
Wing Buffet
-----------
Rescue
-----------
Twin Guardian
-----------
Skyward Ascent
-----------
Second Wind
-----------
Invigorating Healing Potion
	Eff: 2269352,3320951536
-----------
Tempered Potion
-----------
Melee
	Dmg: 2735,1931402398404
-----------
Healthstone
-----------
Time Dilation
