-----------
EssenceRegenDummy
-----------
Azure Strike
-----------
Blessing of the Bronze
-----------
Cauterizing Flame
-----------
Chrono Flames
-----------
Chrono Flame
	Eff: -437999,89267239545
	Dmg: -95963,59143398411
-----------
Consume Flame
-----------
Deep Breath
-----------
Disintegrate
-----------
Dream Breath
	Eff: 2860809,12044076
-----------
Dream Breath (Echo)
-----------
Dream Flight
	Eff: 6883329,5685438
-----------
Echo
	Eff: 46218,217334214365
-----------
Emerald Blossom
	Eff: -4394563,705065502
-----------
Engulf
-----------
Enkindle
-----------
Expunge
-----------
Fire Breath
	Dmg: 831235,8841327362
-----------
Fluttering Seedlings
	Eff: -978341,9481557193
-----------
Golden Hour
	Eff: -3742496,975891526
-----------
Landslide
-----------
Lifebind
	Eff: -2680082,5094186673
-----------
Life-Giver's Flame
-----------
Living Flame
	Eff: -17768168,442467857
	Dmg: -2457767,8139469316
-----------
Naturalize
-----------
Oppressing Roar
-----------
Panacea
	Eff: -247261,56412504564
-----------
Rewind
-----------
Renewing Blaze
-----------
Reversion
	Eff: -614598,8018600522
-----------
Reversion (Echo)
-----------
Sleep Walk
-----------
Source of Magic
-----------
Spatial Paradox
-----------
Spiritbloom
	Eff: 5704298,163514183
-----------
Spiritbloom (Echo)
	Eff: -8185086,470991979
-----------
Stasis
-----------
Tail Swipe
-----------
Temporal Anomaly
-----------
Time Spiral
-----------
Unravel
-----------
Verdant Embrace
	Eff: 23746022,996573888
-----------
Zephyr
-----------
Leech
	Eff: -17607413,04249927
-----------
Blessing of Summer
-----------
Holy Bulwark
-----------
ZeroCIMDummy
-----------
Hover
-----------
Stasis (Store)
-----------
Tip the Scales
-----------
Thread of Fate
-----------
Voidglass Shards
-----------
Bombardments
-----------
Ethereal Reconstitution
	Eff: 829134,8907489739
-----------
Cycle of Life
-----------
Ethereal Guard
	Eff: 7271215,609880721
-----------
Glide
-----------
Voidglass Barrier
	Eff: 3778174,16853086
-----------
Stasis (Release)
-----------
Emerald Communion
-----------
Obsidian Scales
-----------
Spirit Link
-----------
Take Off
-----------
Whirling Surge
-----------
Surge Forward
-----------
Wing Buffet
-----------
Rescue
-----------
Twin Guardian
-----------
Skyward Ascent
-----------
Second Wind
-----------
Invigorating Healing Potion
	Eff: 643150,8708181083
-----------
Tempered Potion
-----------
Melee
	Dmg: 6000,980840718541
-----------
Healthstone
-----------
Time Dilation
