-----------
EssenceRegenDummy
-----------
Azure Strike
-----------
Blessing of the Bronze
-----------
Cauterizing Flame
-----------
Chrono Flames
-----------
Chrono Flame
	Eff: -1062430,6772462216
	Dmg: -2784690,7849810706
-----------
Consume Flame
-----------
Deep Breath
-----------
Disintegrate
-----------
Dream Breath
	Eff: 2771957,65390181
-----------
Dream Breath (Echo)
-----------
Dream Flight
	Eff: 6831475,905842678
-----------
Echo
	Eff: 64250,68085012585
-----------
Emerald Blossom
	Eff: -5575774,309893937
-----------
Engulf
-----------
Enkindle
-----------
Expunge
-----------
Fire Breath
	Dmg: -389667,8349055078
-----------
Fluttering Seedlings
	Eff: -591850,4672944376
-----------
Golden Hour
	Eff: -3742496,975891526
-----------
Landslide
-----------
Lifebind
	Eff: -2561071,444958609
-----------
Life-Giver's Flame
-----------
Living Flame
	Eff: -18670881,39628359
	Dmg: -9482075,244706308
-----------
Naturalize
-----------
Oppressing Roar
-----------
Panacea
	Eff: 235274,31699709265
-----------
Rewind
-----------
Renewing Blaze
-----------
Reversion
	Eff: -1126830,1893271843
-----------
Reversion (Echo)
-----------
Sleep Walk
-----------
Source of Magic
-----------
Spatial Paradox
-----------
Spiritbloom
	Eff: 6338591,45818083
-----------
Spiritbloom (Echo)
	Eff: -6255633,015290722
-----------
Stasis
-----------
Tail Swipe
-----------
Temporal Anomaly
-----------
Time Spiral
-----------
Unravel
-----------
Verdant Embrace
	Eff: 23582466,337864347
-----------
Zephyr
-----------
Leech
	Eff: -18206040,685842667
-----------
Blessing of Summer
-----------
Holy Bulwark
-----------
ZeroCIMDummy
-----------
Hover
-----------
Stasis (Store)
-----------
Tip the Scales
-----------
Thread of Fate
-----------
Voidglass Shards
-----------
Bombardments
-----------
Ethereal Reconstitution
	Eff: -2206264,6367245
-----------
Cycle of Life
-----------
Ethereal Guard
	Eff: -719291,2458682563
-----------
Glide
-----------
Voidglass Barrier
	Eff: 485356,31574499793
-----------
Stasis (Release)
-----------
Emerald Communion
-----------
Obsidian Scales
-----------
Spirit Link
-----------
Take Off
-----------
Whirling Surge
-----------
Surge Forward
-----------
Wing Buffet
-----------
Rescue
-----------
Twin Guardian
-----------
Skyward Ascent
-----------
Second Wind
-----------
Invigorating Healing Potion
	Eff: 82621,21416436695
-----------
Tempered Potion
-----------
Melee
	Dmg: -3415,606165710673
-----------
Healthstone
-----------
Time Dilation
