-----------
EssenceRegenDummy
-----------
Azure Strike
-----------
Blessing of the Bronze
-----------
Cauterizing Flame
-----------
Chrono Flames
-----------
Chrono Flame
	Eff: -4884516,999454313
	Dmg: -1943104,9305014927
-----------
Consume Flame
-----------
Deep Breath
-----------
Disintegrate
-----------
Dream Breath
	Eff: -2622995,9715338633
-----------
Dream Breath (Echo)
-----------
Dream Flight
	Eff: 2552828,595041911
-----------
Echo
	Eff: -200088,2890052246
-----------
Emerald Blossom
	Eff: -25901468,733495466
-----------
Engulf
-----------
Enkindle
-----------
Expunge
-----------
Fire Breath
	Dmg: 657922,7563522997
-----------
Fluttering Seedlings
	Eff: -5513838,153999744
-----------
Golden Hour
	Eff: -3742496,975891526
-----------
Landslide
-----------
Lifebind
	Eff: -3726942,912656556
-----------
Life-Giver's Flame
-----------
Living Flame
	Eff: -25456997,665713776
	Dmg: -2962354,9276096104
-----------
Naturalize
-----------
Oppressing Roar
-----------
Panacea
	Eff: -2142641,515588018
-----------
Rewind
-----------
Renewing Blaze
-----------
Reversion
	Eff: -7276217,2717523035
-----------
Reversion (Echo)
-----------
Sleep Walk
-----------
Source of Magic
-----------
Spatial Paradox
-----------
Spiritbloom
	Eff: 5543215,766459739
-----------
Spiritbloom (Echo)
	Eff: -10472590,057607125
-----------
Stasis
-----------
Tail Swipe
-----------
Temporal Anomaly
-----------
Time Spiral
-----------
Unravel
-----------
Verdant Embrace
	Eff: -3146352,314496072
-----------
Zephyr
-----------
Leech
	Eff: -20000029,133351915
-----------
Blessing of Summer
-----------
Holy Bulwark
-----------
ZeroCIMDummy
-----------
Hover
-----------
Stasis (Store)
-----------
Tip the Scales
-----------
Thread of Fate
-----------
Voidglass Shards
-----------
Bombardments
-----------
Ethereal Reconstitution
	Eff: 2951460,522081903
-----------
Cycle of Life
-----------
Ethereal Guard
	Eff: 4031572,680671886
-----------
Glide
-----------
Voidglass Barrier
	Eff: 10362571,507102666
-----------
Stasis (Release)
-----------
Emerald Communion
-----------
Obsidian Scales
-----------
Spirit Link
-----------
Take Off
-----------
Whirling Surge
-----------
Surge Forward
-----------
Wing Buffet
-----------
Rescue
-----------
Twin Guardian
-----------
Skyward Ascent
-----------
Second Wind
-----------
Invigorating Healing Potion
	Eff: 1763999,3794408813
-----------
Tempered Potion
-----------
Melee
	Dmg: 5490,369408651626
-----------
Healthstone
-----------
Time Dilation
