-----------
EssenceRegenDummy
-----------
Azure Strike
-----------
Blessing of the Bronze
-----------
Cauterizing Flame
-----------
Chrono Flames
-----------
Chrono Flame
	Eff: -3260020,982626711
	Dmg: 6113806,7807771545
-----------
Consume Flame
-----------
Deep Breath
-----------
Disintegrate
-----------
Dream Breath
	Eff: -16481796,698525919
-----------
Dream Breath (Echo)
-----------
Dream Flight
	Eff: -11043580,24173457
-----------
Echo
	Eff: -354023,2609493206
-----------
Emerald Blossom
	Eff: -67304268,04658186
-----------
Engulf
-----------
Enkindle
-----------
Expunge
-----------
Fire Breath
	Dmg: 4006215,3152655433
-----------
Fluttering Seedlings
	Eff: -14709563,987407008
-----------
Golden Hour
	Eff: -3742496,975891526
-----------
Landslide
-----------
Lifebind
	Eff: -5685575,555968149
-----------
Life-Giver's Flame
-----------
Living Flame
	Eff: -39451633,49667158
	Dmg: 16082551,229868334
-----------
Naturalize
-----------
Oppressing Roar
-----------
Panacea
	Eff: -8985499,559317628
-----------
Rewind
-----------
Renewing Blaze
-----------
Reversion
	Eff: -6393989,56476387
-----------
Reversion (Echo)
-----------
Sleep Walk
-----------
Source of Magic
-----------
Spatial Paradox
-----------
Spiritbloom
	Eff: -4821687,043200263
-----------
Spiritbloom (Echo)
	Eff: -43107921,71138505
-----------
Stasis
-----------
Tail Swipe
-----------
Temporal Anomaly
-----------
Time Spiral
-----------
Unravel
-----------
Verdant Embrace
	Eff: -1579652,2239989503
-----------
Zephyr
-----------
Leech
	Eff: -21182084,263484772
-----------
Blessing of Summer
-----------
Holy Bulwark
-----------
ZeroCIMDummy
-----------
Hover
-----------
Stasis (Store)
-----------
Tip the Scales
-----------
Thread of Fate
-----------
Voidglass Shards
-----------
Bombardments
-----------
Ethereal Reconstitution
	Eff: 10098278,21884609
-----------
Cycle of Life
-----------
Ethereal Guard
	Eff: 27807944,371617753
-----------
Glide
-----------
Voidglass Barrier
	Eff: 16123843,010472685
-----------
Stasis (Release)
-----------
Emerald Communion
-----------
Obsidian Scales
-----------
Spirit Link
-----------
Take Off
-----------
Whirling Surge
-----------
Surge Forward
-----------
Wing Buffet
-----------
Rescue
-----------
Twin Guardian
-----------
Skyward Ascent
-----------
Second Wind
-----------
Invigorating Healing Potion
	Eff: 2744728,8585831337
-----------
Tempered Potion
-----------
Melee
	Dmg: 30944,396525947024
-----------
Healthstone
-----------
Time Dilation
