-----------
EssenceRegenDummy
-----------
Azure Strike
-----------
Blessing of the Bronze
-----------
Cauterizing Flame
-----------
Chrono Flames
-----------
Chrono Flame
	Eff: -5034291,669277835
	Dmg: 146863,1468170035
-----------
Consume Flame
-----------
Deep Breath
-----------
Disintegrate
-----------
Dream Breath
	Eff: -7237079,091698534
-----------
Dream Breath (Echo)
-----------
Dream Flight
	Eff: -1898311,1197737607
-----------
Echo
	Eff: -275889,4753551695
-----------
Emerald Blossom
	Eff: -40262451,034170575
-----------
Engulf
-----------
Enkindle
-----------
Expunge
-----------
Fire Breath
	Dmg: 1637675,4571196355
-----------
Fluttering Seedlings
	Eff: -8703481,823103439
-----------
Golden Hour
	Eff: -3742496,975891526
-----------
Landslide
-----------
Lifebind
	Eff: -4412816,607313386
-----------
Life-Giver's Flame
-----------
Living Flame
	Eff: -30292819,654648483
	Dmg: 2697269,0225373534
-----------
Naturalize
-----------
Oppressing Roar
-----------
Panacea
	Eff: -4312645,9853045065
-----------
Rewind
-----------
Renewing Blaze
-----------
Reversion
	Eff: -7963291,012361941
-----------
Reversion (Echo)
-----------
Sleep Walk
-----------
Source of Magic
-----------
Spatial Paradox
-----------
Spiritbloom
	Eff: 2620483,15432811
-----------
Spiritbloom (Echo)
	Eff: -19935223,820057236
-----------
Stasis
-----------
Tail Swipe
-----------
Temporal Anomaly
-----------
Time Spiral
-----------
Unravel
-----------
Verdant Embrace
	Eff: -6504229,169091681
-----------
Zephyr
-----------
Leech
	Eff: -20622195,101257946
-----------
Blessing of Summer
-----------
Holy Bulwark
-----------
ZeroCIMDummy
-----------
Hover
-----------
Stasis (Store)
-----------
Tip the Scales
-----------
Thread of Fate
-----------
Voidglass Shards
-----------
Bombardments
-----------
Ethereal Reconstitution
	Eff: 5505235,804698678
-----------
Cycle of Life
-----------
Ethereal Guard
	Eff: 11235630,819661248
-----------
Glide
-----------
Voidglass Barrier
	Eff: 13330697,887331987
-----------
Stasis (Release)
-----------
Emerald Communion
-----------
Obsidian Scales
-----------
Spirit Link
-----------
Take Off
-----------
Whirling Surge
-----------
Surge Forward
-----------
Wing Buffet
-----------
Rescue
-----------
Twin Guardian
-----------
Skyward Ascent
-----------
Second Wind
-----------
Invigorating Healing Potion
	Eff: 2269257,469987031
-----------
Tempered Potion
-----------
Melee
	Dmg: 13085,159398510365
-----------
Healthstone
-----------
Time Dilation
