-----------
EssenceRegenDummy
-----------
Azure Strike
-----------
Blessing of the Bronze
-----------
Cauterizing Flame
-----------
Chrono Flames
-----------
Chrono Flame
	Eff: -5221232,77009258
	Dmg: -4261264,348789597
-----------
Consume Flame
-----------
Deep Breath
-----------
Disintegrate
-----------
Dream Breath
	Eff: -1322113,9535245243
-----------
Dream Breath (Echo)
-----------
Dream Flight
	Eff: 3889699,309312729
-----------
Echo
	Eff: -167734,35055874428
-----------
Emerald Blossom
	Eff: -22526655,316793315
-----------
Engulf
-----------
Enkindle
-----------
Expunge
-----------
Fire Breath
	Dmg: -428803,3881881772
-----------
Fluttering Seedlings
	Eff: -4345695,575586513
-----------
Golden Hour
	Eff: -3742496,975891526
-----------
Landslide
-----------
Lifebind
	Eff: -3456710,011531688
-----------
Life-Giver's Flame
-----------
Living Flame
	Eff: -24696512,741346203
	Dmg: -9239919,9805818
-----------
Naturalize
-----------
Oppressing Roar
-----------
Panacea
	Eff: -1216426,5785595868
-----------
Rewind
-----------
Renewing Blaze
-----------
Reversion
	Eff: -6991368,725088967
-----------
Reversion (Echo)
-----------
Sleep Walk
-----------
Source of Magic
-----------
Spatial Paradox
-----------
Spiritbloom
	Eff: 6790714,85693402
-----------
Spiritbloom (Echo)
	Eff: -6496634,423176044
-----------
Stasis
-----------
Tail Swipe
-----------
Temporal Anomaly
-----------
Time Spiral
-----------
Unravel
-----------
Verdant Embrace
	Eff: -2164464,093795999
-----------
Zephyr
-----------
Leech
	Eff: -20202378,409064043
-----------
Blessing of Summer
-----------
Holy Bulwark
-----------
ZeroCIMDummy
-----------
Hover
-----------
Stasis (Store)
-----------
Tip the Scales
-----------
Thread of Fate
-----------
Voidglass Shards
-----------
Bombardments
-----------
Ethereal Reconstitution
	Eff: 118853,51346908082
-----------
Cycle of Life
-----------
Ethereal Guard
	Eff: -3959054,2604917916
-----------
Glide
-----------
Voidglass Barrier
	Eff: 7070372,837816762
-----------
Stasis (Release)
-----------
Emerald Communion
-----------
Obsidian Scales
-----------
Spirit Link
-----------
Take Off
-----------
Whirling Surge
-----------
Surge Forward
-----------
Wing Buffet
-----------
Rescue
-----------
Twin Guardian
-----------
Skyward Ascent
-----------
Second Wind
-----------
Invigorating Healing Potion
	Eff: 1203575,1251294948
-----------
Tempered Potion
-----------
Melee
	Dmg: -2933,651099594732
-----------
Healthstone
-----------
Time Dilation
