-----------
EssenceRegenDummy
-----------
Azure Strike
-----------
Blessing of the Bronze
-----------
Cauterizing Flame
-----------
Chrono Flames
-----------
Chrono Flame
	Eff: -11801960,922386112
	Dmg: -5935358,011919219
-----------
Consume Flame
-----------
Deep Breath
-----------
Disintegrate
-----------
Dream Breath
	Eff: -17217939,385501973
-----------
Dream Breath (Echo)
-----------
Dream Flight
	Eff: -10188552,946765069
-----------
Echo
	Eff: -595494,6740335539
-----------
Emerald Blossom
	Eff: -79090675,20430991
-----------
Engulf
-----------
Enkindle
-----------
Expunge
-----------
Fire Breath
	Dmg: -346514,3702584264
-----------
Fluttering Seedlings
	Eff: -15809162,282431275
-----------
Golden Hour
	Eff: -3742496,975891526
-----------
Landslide
-----------
Lifebind
	Eff: -5932418,967591181
-----------
Life-Giver's Flame
-----------
Living Flame
	Eff: -45048335,40622386
	Dmg: -8198844,203376106
-----------
Naturalize
-----------
Oppressing Roar
-----------
Panacea
	Eff: -7268445,291279745
-----------
Rewind
-----------
Renewing Blaze
-----------
Reversion
	Eff: -14767463,407924587
-----------
Reversion (Echo)
-----------
Sleep Walk
-----------
Source of Magic
-----------
Spatial Paradox
-----------
Spiritbloom
	Eff: 1653605,945682032
-----------
Spiritbloom (Echo)
	Eff: -25528144,78218412
-----------
Stasis
-----------
Tail Swipe
-----------
Temporal Anomaly
-----------
Time Spiral
-----------
Unravel
-----------
Verdant Embrace
	Eff: -42302403,0528732
-----------
Zephyr
-----------
Leech
	Eff: -25151605,70721482
-----------
Blessing of Summer
-----------
Holy Bulwark
-----------
ZeroCIMDummy
-----------
Hover
-----------
Stasis (Store)
-----------
Tip the Scales
-----------
Thread of Fate
-----------
Voidglass Shards
-----------
Bombardments
-----------
Ethereal Reconstitution
	Eff: 3489353,103290625
-----------
Cycle of Life
-----------
Ethereal Guard
	Eff: -1779137,9860548333
-----------
Glide
-----------
Voidglass Barrier
	Eff: 16123843,010472685
-----------
Stasis (Release)
-----------
Emerald Communion
-----------
Obsidian Scales
-----------
Spirit Link
-----------
Take Off
-----------
Whirling Surge
-----------
Surge Forward
-----------
Wing Buffet
-----------
Rescue
-----------
Twin Guardian
-----------
Skyward Ascent
-----------
Second Wind
-----------
Invigorating Healing Potion
	Eff: 2744728,8585831337
-----------
Tempered Potion
-----------
Melee
	Dmg: -1329,5029138852842
-----------
Healthstone
-----------
Time Dilation
