-----------
EssenceRegenDummy
-----------
Azure Strike
-----------
Blessing of the Bronze
-----------
Cauterizing Flame
-----------
Chrono Flames
-----------
Chrono Flame
	Eff: -788507,7074475224
	Dmg: 7706044,373142722
-----------
Consume Flame
-----------
Deep Breath
-----------
Disintegrate
-----------
Dream Breath
	Eff: -11759903,92481394
-----------
Dream Breath (Echo)
-----------
Dream Flight
	Eff: -6830784,77263362
-----------
Echo
	Eff: -223146,83703298704
-----------
Emerald Blossom
	Eff: -50289102,45271606
-----------
Engulf
-----------
Enkindle
-----------
Expunge
-----------
Fire Breath
	Dmg: 4373852,802744145
-----------
Fluttering Seedlings
	Eff: -11464607,664799754
-----------
Golden Hour
	Eff: -3742496,975891526
-----------
Landslide
-----------
Lifebind
	Eff: -4985046,269846921
-----------
Life-Giver's Flame
-----------
Living Flame
	Eff: -33296118,806025647
	Dmg: 17924097,184905693
-----------
Naturalize
-----------
Oppressing Roar
-----------
Panacea
	Eff: -7460813,510104077
-----------
Rewind
-----------
Renewing Blaze
-----------
Reversion
	Eff: -3390194,769318364
-----------
Reversion (Echo)
-----------
Sleep Walk
-----------
Source of Magic
-----------
Spatial Paradox
-----------
Spiritbloom
	Eff: -3780589,6892762636
-----------
Spiritbloom (Echo)
	Eff: -38860151,959914014
-----------
Stasis
-----------
Tail Swipe
-----------
Temporal Anomaly
-----------
Time Spiral
-----------
Unravel
-----------
Verdant Embrace
	Eff: 12118760,801125571
-----------
Zephyr
-----------
Leech
	Eff: -19479120,50876978
-----------
Blessing of Summer
-----------
Holy Bulwark
-----------
ZeroCIMDummy
-----------
Hover
-----------
Stasis (Store)
-----------
Tip the Scales
-----------
Thread of Fate
-----------
Voidglass Shards
-----------
Bombardments
-----------
Ethereal Reconstitution
	Eff: 9636217,26831112
-----------
Cycle of Life
-----------
Ethereal Guard
	Eff: 30457880,191710323
-----------
Glide
-----------
Voidglass Barrier
	Eff: 13331255,15248195
-----------
Stasis (Release)
-----------
Emerald Communion
-----------
Obsidian Scales
-----------
Spirit Link
-----------
Take Off
-----------
Whirling Surge
-----------
Surge Forward
-----------
Wing Buffet
-----------
Rescue
-----------
Twin Guardian
-----------
Skyward Ascent
-----------
Second Wind
-----------
Invigorating Healing Potion
	Eff: 2269352,3320951536
-----------
Tempered Potion
-----------
Melee
	Dmg: 33324,29554890172
-----------
Healthstone
-----------
Time Dilation
