-----------
EssenceRegenDummy
-----------
Azure Strike
-----------
Blessing of the Bronze
-----------
Cauterizing Flame
-----------
Chrono Flames
-----------
Chrono Flame
	Eff: -8368548,620910735
	Dmg: -1911247,2158219265
-----------
Consume Flame
-----------
Deep Breath
-----------
Disintegrate
-----------
Dream Breath
	Eff: -14386513,556876583
-----------
Dream Breath (Echo)
-----------
Dream Flight
	Eff: -8226999,128248685
-----------
Echo
	Eff: -462466,62569023424
-----------
Emerald Blossom
	Eff: -66160987,609224536
-----------
Engulf
-----------
Enkindle
-----------
Expunge
-----------
Fire Breath
	Dmg: 1106440,365397609
-----------
Fluttering Seedlings
	Eff: -13672644,930430327
-----------
Golden Hour
	Eff: -3742496,975891526
-----------
Landslide
-----------
Lifebind
	Eff: -5469624,951321276
-----------
Life-Giver's Flame
-----------
Living Flame
	Eff: -39808533,79437266
	Dmg: -88565,43693103548
-----------
Naturalize
-----------
Oppressing Roar
-----------
Panacea
	Eff: -6779495,331796542
-----------
Rewind
-----------
Renewing Blaze
-----------
Reversion
	Eff: -11750583,478924656
-----------
Reversion (Echo)
-----------
Sleep Walk
-----------
Source of Magic
-----------
Spatial Paradox
-----------
Spiritbloom
	Eff: 692477,9311922871
-----------
Spiritbloom (Echo)
	Eff: -27357760,699539263
-----------
Stasis
-----------
Tail Swipe
-----------
Temporal Anomaly
-----------
Time Spiral
-----------
Unravel
-----------
Verdant Embrace
	Eff: -25146387,72733263
-----------
Zephyr
-----------
Leech
	Eff: -23135878,265443895
-----------
Blessing of Summer
-----------
Holy Bulwark
-----------
ZeroCIMDummy
-----------
Hover
-----------
Stasis (Store)
-----------
Tip the Scales
-----------
Thread of Fate
-----------
Voidglass Shards
-----------
Bombardments
-----------
Ethereal Reconstitution
	Eff: 5698697,415507458
-----------
Cycle of Life
-----------
Ethereal Guard
	Eff: 8116992,873505673
-----------
Glide
-----------
Voidglass Barrier
	Eff: 16123843,010472685
-----------
Stasis (Release)
-----------
Emerald Communion
-----------
Obsidian Scales
-----------
Spirit Link
-----------
Take Off
-----------
Whirling Surge
-----------
Surge Forward
-----------
Wing Buffet
-----------
Rescue
-----------
Twin Guardian
-----------
Skyward Ascent
-----------
Second Wind
-----------
Invigorating Healing Potion
	Eff: 2744728,8585831337
-----------
Tempered Potion
-----------
Melee
	Dmg: 9450,340028799823
-----------
Healthstone
-----------
Time Dilation
