-----------
EssenceRegenDummy
-----------
Azure Strike
-----------
Blessing of the Bronze
-----------
Cauterizing Flame
-----------
Chrono Flames
-----------
Chrono Flame
	Eff: -2355742,8098982233
	Dmg: -778858,265781368
-----------
Consume Flame
-----------
Deep Breath
-----------
Disintegrate
-----------
Dream Breath
	Eff: 1105500,4911198367
-----------
Dream Breath (Echo)
-----------
Dream Flight
	Eff: 5627222,9477239335
-----------
Echo
	Eff: -59093,55337002897
-----------
Emerald Blossom
	Eff: -11673230,274438484
-----------
Engulf
-----------
Enkindle
-----------
Expunge
-----------
Fire Breath
	Dmg: 830503,91313208
-----------
Fluttering Seedlings
	Eff: -2602911,241159447
-----------
Golden Hour
	Eff: -3742496,975891526
-----------
Landslide
-----------
Lifebind
	Eff: -3075090,642036396
-----------
Life-Giver's Flame
-----------
Living Flame
	Eff: -20314070,41872771
	Dmg: -2223797,1013649404
-----------
Naturalize
-----------
Oppressing Roar
-----------
Panacea
	Eff: -842982,3274084462
-----------
Rewind
-----------
Renewing Blaze
-----------
Reversion
	Eff: -4120569,7233161465
-----------
Reversion (Echo)
-----------
Sleep Walk
-----------
Source of Magic
-----------
Spatial Paradox
-----------
Spiritbloom
	Eff: 6003584,621766778
-----------
Spiritbloom (Echo)
	Eff: -8001210,604749096
-----------
Stasis
-----------
Tail Swipe
-----------
Temporal Anomaly
-----------
Time Spiral
-----------
Unravel
-----------
Verdant Embrace
	Eff: 11889687,560069807
-----------
Zephyr
-----------
Leech
	Eff: -18502795,618028075
-----------
Blessing of Summer
-----------
Holy Bulwark
-----------
ZeroCIMDummy
-----------
Hover
-----------
Stasis (Store)
-----------
Tip the Scales
-----------
Thread of Fate
-----------
Voidglass Shards
-----------
Bombardments
-----------
Ethereal Reconstitution
	Eff: 2025226,1582839012
-----------
Cycle of Life
-----------
Ethereal Guard
	Eff: 5833905,153523476
-----------
Glide
-----------
Voidglass Barrier
	Eff: 7070372,837816762
-----------
Stasis (Release)
-----------
Emerald Communion
-----------
Obsidian Scales
-----------
Spirit Link
-----------
Take Off
-----------
Whirling Surge
-----------
Surge Forward
-----------
Wing Buffet
-----------
Rescue
-----------
Twin Guardian
-----------
Skyward Ascent
-----------
Second Wind
-----------
Invigorating Healing Potion
	Eff: 1203575,1251294948
-----------
Tempered Potion
-----------
Melee
	Dmg: 6391,959946658611
-----------
Healthstone
-----------
Time Dilation
