-----------
EssenceRegenDummy
-----------
Azure Strike
-----------
Blessing of the Bronze
-----------
Cauterizing Flame
-----------
Chrono Flames
-----------
Chrono Flame
	Eff: -5454553,072376317
	Dmg: -378146,4702318063
-----------
Consume Flame
-----------
Deep Breath
-----------
Disintegrate
-----------
Dream Breath
	Eff: -7465654,227686725
-----------
Dream Breath (Echo)
-----------
Dream Flight
	Eff: -5066805,356116775
-----------
Echo
	Eff: -318333,8089324471
-----------
Emerald Blossom
	Eff: -30867474,42402534
-----------
Engulf
-----------
Enkindle
-----------
Expunge
-----------
Fire Breath
	Dmg: 799887,5473750462
-----------
Fluttering Seedlings
	Eff: -6889489,675554584
-----------
Golden Hour
	Eff: -708143,1717722074
-----------
Landslide
-----------
Lifebind
	Eff: -2126931,4065887695
-----------
Life-Giver's Flame
-----------
Living Flame
	Eff: -14082030,511350906
	Dmg: 4157559,1090998687
-----------
Naturalize
-----------
Oppressing Roar
-----------
Panacea
	Eff: -3231997,180230537
-----------
Rewind
-----------
Renewing Blaze
-----------
Reversion
	Eff: -7250100,123112177
-----------
Reversion (Echo)
-----------
Sleep Walk
-----------
Source of Magic
-----------
Spatial Paradox
-----------
Spiritbloom
	Eff: -281833,478266921
-----------
Spiritbloom (Echo)
	Eff: -8168081,6695609875
-----------
Stasis
-----------
Tail Swipe
-----------
Temporal Anomaly
-----------
Time Spiral
-----------
Unravel
-----------
Verdant Embrace
	Eff: -27253743,21995736
-----------
Zephyr
-----------
Leech
	Eff: -20578540,62610191
-----------
Blessing of Summer
-----------
Holy Bulwark
-----------
ZeroCIMDummy
-----------
Hover
-----------
Stasis (Store)
-----------
Tip the Scales
-----------
Thread of Fate
-----------
Voidglass Shards
-----------
Bombardments
-----------
Ethereal Reconstitution
	Eff: 4877290,199533705
-----------
Cycle of Life
-----------
Ethereal Guard
	Eff: 5711521,419852949
-----------
Glide
-----------
Voidglass Barrier
	Eff: 10362571,507102666
-----------
Stasis (Release)
-----------
Emerald Communion
-----------
Obsidian Scales
-----------
Spirit Link
-----------
Take Off
-----------
Whirling Surge
-----------
Surge Forward
-----------
Wing Buffet
-----------
Rescue
-----------
Twin Guardian
-----------
Skyward Ascent
-----------
Second Wind
-----------
Invigorating Healing Potion
	Eff: 1763999,3794408813
-----------
Tempered Potion
-----------
Melee
	Dmg: 7067,175321180413
-----------
Healthstone
-----------
Time Dilation
