-----------
EssenceRegenDummy
-----------
Azure Strike
-----------
Blessing of the Bronze
-----------
Cauterizing Flame
-----------
Chrono Flames
-----------
Chrono Flame
	Eff: 538395,6352818289
	Dmg: 5094393,561278274
-----------
Consume Flame
-----------
Deep Breath
-----------
Disintegrate
-----------
Dream Breath
	Eff: -1858543,2895613199
-----------
Dream Breath (Echo)
-----------
Dream Flight
	Eff: -1012763,2300684605
-----------
Echo
	Eff: -69026,39287183317
-----------
Emerald Blossom
	Eff: -7281447,261635731
-----------
Engulf
-----------
Enkindle
-----------
Expunge
-----------
Fire Breath
	Dmg: 2417698,432065777
-----------
Fluttering Seedlings
	Eff: -2557436,6321702613
-----------
Golden Hour
	Eff: -708143,1717722074
-----------
Landslide
-----------
Lifebind
	Eff: -1111312,052760417
-----------
Life-Giver's Flame
-----------
Living Flame
	Eff: -4655947,165169748
	Dmg: 13375074,025687614
-----------
Naturalize
-----------
Oppressing Roar
-----------
Panacea
	Eff: -1891670,1468327877
-----------
Rewind
-----------
Renewing Blaze
-----------
Reversion
	Eff: -879514,8525962353
-----------
Reversion (Echo)
-----------
Sleep Walk
-----------
Source of Magic
-----------
Spatial Paradox
-----------
Spiritbloom
	Eff: -1160082,40418813
-----------
Spiritbloom (Echo)
	Eff: -9020368,716039045
-----------
Stasis
-----------
Tail Swipe
-----------
Temporal Anomaly
-----------
Time Spiral
-----------
Unravel
-----------
Verdant Embrace
	Eff: 1236579,085449013
-----------
Zephyr
-----------
Leech
	Eff: -17335104,461159147
-----------
Blessing of Summer
-----------
Holy Bulwark
-----------
ZeroCIMDummy
-----------
Hover
-----------
Stasis (Store)
-----------
Tip the Scales
-----------
Thread of Fate
-----------
Voidglass Shards
-----------
Bombardments
-----------
Ethereal Reconstitution
	Eff: 6060071,381619528
-----------
Cycle of Life
-----------
Ethereal Guard
	Eff: 16816349,77439257
-----------
Glide
-----------
Voidglass Barrier
	Eff: 7069753,654316804
-----------
Stasis (Release)
-----------
Emerald Communion
-----------
Obsidian Scales
-----------
Spirit Link
-----------
Take Off
-----------
Whirling Surge
-----------
Surge Forward
-----------
Wing Buffet
-----------
Rescue
-----------
Twin Guardian
-----------
Skyward Ascent
-----------
Second Wind
-----------
Invigorating Healing Potion
	Eff: 1203469,722787138
-----------
Tempered Potion
-----------
Melee
	Dmg: 18663,066426590587
-----------
Healthstone
-----------
Time Dilation
