-----------
EssenceRegenDummy
-----------
Azure Strike
-----------
Blessing of the Bronze
-----------
Cauterizing Flame
-----------
Chrono Flames
-----------
Chrono Flame
	Eff: -2167772,2642938476
	Dmg: 3782669,882426197
-----------
Consume Flame
-----------
Deep Breath
-----------
Disintegrate
-----------
Dream Breath
	Eff: -5641527,409199405
-----------
Dream Breath (Echo)
-----------
Dream Flight
	Eff: -4044450,4472338953
-----------
Echo
	Eff: -209498,21301211556
-----------
Emerald Blossom
	Eff: -21691325,173592668
-----------
Engulf
-----------
Enkindle
-----------
Expunge
-----------
Fire Breath
	Dmg: 2232304,4065679526
-----------
Fluttering Seedlings
	Eff: -5489331,726175397
-----------
Golden Hour
	Eff: -708143,1717722074
-----------
Landslide
-----------
Lifebind
	Eff: -1804665,240275472
-----------
Life-Giver's Flame
-----------
Living Flame
	Eff: -10078318,647880867
	Dmg: 12543016,956333954
-----------
Naturalize
-----------
Oppressing Roar
-----------
Panacea
	Eff: -3172905,711623993
-----------
Rewind
-----------
Renewing Blaze
-----------
Reversion
	Eff: -4293121,52291896
-----------
Reversion (Echo)
-----------
Sleep Walk
-----------
Source of Magic
-----------
Spatial Paradox
-----------
Spiritbloom
	Eff: -1586939,8912698843
-----------
Spiritbloom (Echo)
	Eff: -11510345,024585119
-----------
Stasis
-----------
Tail Swipe
-----------
Temporal Anomaly
-----------
Time Spiral
-----------
Unravel
-----------
Verdant Embrace
	Eff: -12951830,351244582
-----------
Zephyr
-----------
Leech
	Eff: -18859138,739090245
-----------
Blessing of Summer
-----------
Holy Bulwark
-----------
ZeroCIMDummy
-----------
Hover
-----------
Stasis (Store)
-----------
Tip the Scales
-----------
Thread of Fate
-----------
Voidglass Shards
-----------
Bombardments
-----------
Ethereal Reconstitution
	Eff: 7055166,427232487
-----------
Cycle of Life
-----------
Ethereal Guard
	Eff: 15607898,964058153
-----------
Glide
-----------
Voidglass Barrier
	Eff: 10361952,323602706
-----------
Stasis (Release)
-----------
Emerald Communion
-----------
Obsidian Scales
-----------
Spirit Link
-----------
Take Off
-----------
Whirling Surge
-----------
Surge Forward
-----------
Wing Buffet
-----------
Rescue
-----------
Twin Guardian
-----------
Skyward Ascent
-----------
Second Wind
-----------
Invigorating Healing Potion
	Eff: 1763893,9770985246
-----------
Tempered Potion
-----------
Melee
	Dmg: 17694,569497011078
-----------
Healthstone
-----------
Time Dilation
