-----------
EssenceRegenDummy
-----------
Azure Strike
-----------
Blessing of the Bronze
-----------
Cauterizing Flame
-----------
Chrono Flames
-----------
Chrono Flame
	Eff: 2590159,777807208
	Dmg: 5863725,373543937
-----------
Consume Flame
-----------
Deep Breath
-----------
Disintegrate
-----------
Dream Breath
	Eff: -34614,60211407668
-----------
Dream Breath (Echo)
-----------
Dream Flight
	Eff: 251688,0062359069
-----------
Echo
	Eff: 35880,74956339621
-----------
Emerald Blossom
	Eff: 124997,97449218507
-----------
Engulf
-----------
Enkindle
-----------
Expunge
-----------
Fire Breath
	Dmg: 2418503,425082335
-----------
Fluttering Seedlings
	Eff: -915042,496826255
-----------
Golden Hour
	Eff: -708143,1717722074
-----------
Landslide
-----------
Lifebind
	Eff: -693054,0973450674
-----------
Life-Giver's Flame
-----------
Living Flame
	Eff: -1976765,3607902753
	Dmg: 13111618,65695012
-----------
Naturalize
-----------
Oppressing Roar
-----------
Panacea
	Eff: -1304412,5815553786
-----------
Rewind
-----------
Renewing Blaze
-----------
Reversion
	Eff: 1963810,4584750528
-----------
Reversion (Echo)
-----------
Sleep Walk
-----------
Source of Magic
-----------
Spatial Paradox
-----------
Spiritbloom
	Eff: -1437493,0198431963
-----------
Spiritbloom (Echo)
	Eff: -9180077,938258503
-----------
Stasis
-----------
Tail Swipe
-----------
Temporal Anomaly
-----------
Time Spiral
-----------
Unravel
-----------
Verdant Embrace
	Eff: 12432353,25170053
-----------
Zephyr
-----------
Leech
	Eff: -16446169,906643806
-----------
Blessing of Summer
-----------
Holy Bulwark
-----------
ZeroCIMDummy
-----------
Hover
-----------
Stasis (Store)
-----------
Tip the Scales
-----------
Thread of Fate
-----------
Voidglass Shards
-----------
Bombardments
-----------
Ethereal Reconstitution
	Eff: 4775354,925781801
-----------
Cycle of Life
-----------
Ethereal Guard
	Eff: 17659770,17769525
-----------
Glide
-----------
Voidglass Barrier
	Eff: 3778174,16853086
-----------
Stasis (Release)
-----------
Emerald Communion
-----------
Obsidian Scales
-----------
Spirit Link
-----------
Take Off
-----------
Whirling Surge
-----------
Surge Forward
-----------
Wing Buffet
-----------
Rescue
-----------
Twin Guardian
-----------
Skyward Ascent
-----------
Second Wind
-----------
Invigorating Healing Potion
	Eff: 643150,8708181083
-----------
Tempered Potion
-----------
Melee
	Dmg: 18243,248822502697
-----------
Healthstone
-----------
Time Dilation
