-----------
EssenceRegenDummy
-----------
Azure Strike
-----------
Blessing of the Bronze
-----------
Cauterizing Flame
-----------
Chrono Flames
-----------
Chrono Flame
	Eff: -366402,88759749196
	Dmg: -553658,5555895793
-----------
Consume Flame
-----------
Deep Breath
-----------
Disintegrate
-----------
Dream Breath
	Eff: 509917,82492799324
-----------
Dream Breath (Echo)
-----------
Dream Flight
	Eff: 1276297,7254563803
-----------
Echo
	Eff: 2284,988823698368
-----------
Emerald Blossom
	Eff: -1075544,595506317
-----------
Engulf
-----------
Enkindle
-----------
Expunge
-----------
Fire Breath
	Dmg: -63586,10409483283
-----------
Fluttering Seedlings
	Eff: -154242,70244482878
-----------
Golden Hour
	Eff: -708143,1717722074
-----------
Landslide
-----------
Lifebind
	Eff: -503290,63965086715
-----------
Life-Giver's Flame
-----------
Living Flame
	Eff: -3329538,588862912
	Dmg: -1625685,2954065069
-----------
Naturalize
-----------
Oppressing Roar
-----------
Panacea
	Eff: 56472,779617419175
-----------
Rewind
-----------
Renewing Blaze
-----------
Reversion
	Eff: -579723,6216263678
-----------
Reversion (Echo)
-----------
Sleep Walk
-----------
Source of Magic
-----------
Spatial Paradox
-----------
Spiritbloom
	Eff: 1276123,3995562075
-----------
Spiritbloom (Echo)
	Eff: -720587,9344586446
-----------
Stasis
-----------
Tail Swipe
-----------
Temporal Anomaly
-----------
Time Spiral
-----------
Unravel
-----------
Verdant Embrace
	Eff: 2947623,4297360573
-----------
Zephyr
-----------
Leech
	Eff: -17929818,48283959
-----------
Blessing of Summer
-----------
Holy Bulwark
-----------
ZeroCIMDummy
-----------
Hover
-----------
Stasis (Store)
-----------
Tip the Scales
-----------
Thread of Fate
-----------
Voidglass Shards
-----------
Bombardments
-----------
Ethereal Reconstitution
	Eff: -247661,50117177446
-----------
Cycle of Life
-----------
Ethereal Guard
	Eff: -352667,43296910485
-----------
Glide
-----------
Voidglass Barrier
	Eff: 485356,31574499793
-----------
Stasis (Release)
-----------
Emerald Communion
-----------
Obsidian Scales
-----------
Spirit Link
-----------
Take Off
-----------
Whirling Surge
-----------
Surge Forward
-----------
Wing Buffet
-----------
Rescue
-----------
Twin Guardian
-----------
Skyward Ascent
-----------
Second Wind
-----------
Invigorating Healing Potion
	Eff: 82621,21416436695
-----------
Tempered Potion
-----------
Melee
	Dmg: -520,534818889395
-----------
Healthstone
-----------
Time Dilation
