-----------
EssenceRegenDummy
-----------
Azure Strike
-----------
Blessing of the Bronze
-----------
Cauterizing Flame
-----------
Chrono Flames
-----------
Chrono Flame
	Eff: -2305630,314132568
	Dmg: 1170786,0056132944
-----------
Consume Flame
-----------
Deep Breath
-----------
Disintegrate
-----------
Dream Breath
	Eff: -2579368,4383328394
-----------
Dream Breath (Echo)
-----------
Dream Flight
	Eff: -1116218,7366569128
-----------
Echo
	Eff: -151047,16013910086
-----------
Emerald Blossom
	Eff: -12315464,69401452
-----------
Engulf
-----------
Enkindle
-----------
Expunge
-----------
Fire Breath
	Dmg: 1064810,2904812316
-----------
Fluttering Seedlings
	Eff: -3148901,2006445723
-----------
Golden Hour
	Eff: -708143,1717722074
-----------
Landslide
-----------
Lifebind
	Eff: -1256484,189509883
-----------
Life-Giver's Flame
-----------
Living Flame
	Eff: -7010441,574425872
	Dmg: 5470047,419316335
-----------
Naturalize
-----------
Oppressing Roar
-----------
Panacea
	Eff: -1517140,4652688466
-----------
Rewind
-----------
Renewing Blaze
-----------
Reversion
	Eff: -3777920,5152182393
-----------
Reversion (Echo)
-----------
Sleep Walk
-----------
Source of Magic
-----------
Spatial Paradox
-----------
Spiritbloom
	Eff: 510745,046142865
-----------
Spiritbloom (Echo)
	Eff: -4252411,934700775
-----------
Stasis
-----------
Tail Swipe
-----------
Temporal Anomaly
-----------
Time Spiral
-----------
Unravel
-----------
Verdant Embrace
	Eff: -10800772,516726533
-----------
Zephyr
-----------
Leech
	Eff: -18678789,078384817
-----------
Blessing of Summer
-----------
Holy Bulwark
-----------
ZeroCIMDummy
-----------
Hover
-----------
Stasis (Store)
-----------
Tip the Scales
-----------
Thread of Fate
-----------
Voidglass Shards
-----------
Bombardments
-----------
Ethereal Reconstitution
	Eff: 4012033,589805569
-----------
Cycle of Life
-----------
Ethereal Guard
	Eff: 7023390,360377316
-----------
Glide
-----------
Voidglass Barrier
	Eff: 7069753,654316804
-----------
Stasis (Release)
-----------
Emerald Communion
-----------
Obsidian Scales
-----------
Spirit Link
-----------
Take Off
-----------
Whirling Surge
-----------
Surge Forward
-----------
Wing Buffet
-----------
Rescue
-----------
Twin Guardian
-----------
Skyward Ascent
-----------
Second Wind
-----------
Invigorating Healing Potion
	Eff: 1203469,722787138
-----------
Tempered Potion
-----------
Melee
	Dmg: 8644,456525513353
-----------
Healthstone
-----------
Time Dilation
