-----------
EssenceRegenDummy
-----------
Azure Strike
-----------
Blessing of the Bronze
-----------
Cauterizing Flame
-----------
Chrono Flames
-----------
Chrono Flame
	Eff: 1345903,4098690376
	Dmg: -195064,20622931104
-----------
Consume Flame
-----------
Deep Breath
-----------
Disintegrate
-----------
Dream Breath
	Eff: 779462,9635783882
-----------
Dream Breath (Echo)
-----------
Dream Flight
	Eff: 1032950,5914124671
-----------
Echo
	Eff: 90222,65191626688
-----------
Emerald Blossom
	Eff: 1133412,8921675112
-----------
Engulf
-----------
Enkindle
-----------
Expunge
-----------
Fire Breath
	Dmg: -204728,20866034343
-----------
Fluttering Seedlings
	Eff: 588777,2466196714
-----------
Golden Hour
	Eff: -708143,1717722074
-----------
Landslide
-----------
Lifebind
	Eff: -270874,2479346562
-----------
Life-Giver's Flame
-----------
Living Flame
	Eff: -2642474,8629982444
	Dmg: -2716656,9821241973
-----------
Naturalize
-----------
Oppressing Roar
-----------
Panacea
	Eff: 135231,2790202923
-----------
Rewind
-----------
Renewing Blaze
-----------
Reversion
	Eff: 2080480,775534445
-----------
Reversion (Echo)
-----------
Sleep Walk
-----------
Source of Magic
-----------
Spatial Paradox
-----------
Spiritbloom
	Eff: 342879,65808967524
-----------
Spiritbloom (Echo)
	Eff: -3230428,6595842023
-----------
Stasis
-----------
Tail Swipe
-----------
Temporal Anomaly
-----------
Time Spiral
-----------
Unravel
-----------
Verdant Embrace
	Eff: 12913791,82459696
-----------
Zephyr
-----------
Leech
	Eff: -17471085,828671932
-----------
Blessing of Summer
-----------
Holy Bulwark
-----------
ZeroCIMDummy
-----------
Hover
-----------
Stasis (Store)
-----------
Tip the Scales
-----------
Thread of Fate
-----------
Voidglass Shards
-----------
Bombardments
-----------
Ethereal Reconstitution
	Eff: -1746311,8242182592
-----------
Cycle of Life
-----------
Ethereal Guard
	Eff: 490761,36087097315
-----------
Glide
-----------
Voidglass Barrier
	Eff: -2806842,353540906
-----------
Stasis (Release)
-----------
Emerald Communion
-----------
Obsidian Scales
-----------
Spirit Link
-----------
Take Off
-----------
Whirling Surge
-----------
Surge Forward
-----------
Wing Buffet
-----------
Rescue
-----------
Twin Guardian
-----------
Skyward Ascent
-----------
Second Wind
-----------
Invigorating Healing Potion
	Eff: -477803,04014701955
-----------
Tempered Potion
-----------
Melee
	Dmg: -1989,150066480357
-----------
Healthstone
-----------
Time Dilation
