-----------
EssenceRegenDummy
-----------
Azure Strike
-----------
Blessing of the Bronze
-----------
Cauterizing Flame
-----------
Chrono Flames
-----------
Chrono Flame
	Eff: 2404547,484006509
	Dmg: 11923186,737905942
-----------
Consume Flame
-----------
Deep Breath
-----------
Disintegrate
-----------
Dream Breath
	Eff: -10043030,61899961
-----------
Dream Breath (Echo)
-----------
Dream Flight
	Eff: -8917465,560360348
-----------
Echo
	Eff: -155333,37950079585
-----------
Emerald Blossom
	Eff: -31986737,419448078
-----------
Engulf
-----------
Enkindle
-----------
Expunge
-----------
Fire Breath
	Dmg: 5041917,807909419
-----------
Fluttering Seedlings
	Eff: -8324566,381509368
-----------
Golden Hour
	Eff: -708143,1717722074
-----------
Landslide
-----------
Lifebind
	Eff: -2430954,259049591
-----------
Life-Giver's Flame
-----------
Living Flame
	Eff: -13312176,180230387
	Dmg: 28940905,518067818
-----------
Naturalize
-----------
Oppressing Roar
-----------
Panacea
	Eff: -6371761,36064488
-----------
Rewind
-----------
Renewing Blaze
-----------
Reversion
	Eff: 189918,7575725733
-----------
Reversion (Echo)
-----------
Sleep Walk
-----------
Source of Magic
-----------
Spatial Paradox
-----------
Spiritbloom
	Eff: -7704905,834098893
-----------
Spiritbloom (Echo)
	Eff: -30943920,02679638
-----------
Stasis
-----------
Tail Swipe
-----------
Temporal Anomaly
-----------
Time Spiral
-----------
Unravel
-----------
Verdant Embrace
	Eff: 4848046,155019358
-----------
Zephyr
-----------
Leech
	Eff: -17665346,060872767
-----------
Blessing of Summer
-----------
Holy Bulwark
-----------
ZeroCIMDummy
-----------
Hover
-----------
Stasis (Store)
-----------
Tip the Scales
-----------
Thread of Fate
-----------
Voidglass Shards
-----------
Bombardments
-----------
Ethereal Reconstitution
	Eff: 11297052,653347135
-----------
Cycle of Life
-----------
Ethereal Guard
	Eff: 34830410,315485984
-----------
Glide
-----------
Voidglass Barrier
	Eff: 10362571,507102666
-----------
Stasis (Release)
-----------
Emerald Communion
-----------
Obsidian Scales
-----------
Spirit Link
-----------
Take Off
-----------
Whirling Surge
-----------
Surge Forward
-----------
Wing Buffet
-----------
Rescue
-----------
Twin Guardian
-----------
Skyward Ascent
-----------
Second Wind
-----------
Invigorating Healing Potion
	Eff: 1763999,3794408813
-----------
Tempered Potion
-----------
Melee
	Dmg: 38476,91317621486
-----------
Healthstone
-----------
Time Dilation
