-----------
EssenceRegenDummy
-----------
Azure Strike
-----------
Blessing of the Bronze
-----------
Cauterizing Flame
-----------
Chrono Flames
-----------
Chrono Flame
	Eff: -9572375,505954027
	Dmg: -715262,7170450847
-----------
Consume Flame
-----------
Deep Breath
-----------
Disintegrate
-----------
Dream Breath
	Eff: -20274623,650898747
-----------
Dream Breath (Echo)
-----------
Dream Flight
	Eff: -16500312,27753787
-----------
Echo
	Eff: -603436,5529769115
-----------
Emerald Blossom
	Eff: -75417826,64116664
-----------
Engulf
-----------
Enkindle
-----------
Expunge
-----------
Fire Breath
	Dmg: 1153281,2433163507
-----------
Fluttering Seedlings
	Eff: -15833594,69100346
-----------
Golden Hour
	Eff: -708143,1717722074
-----------
Landslide
-----------
Lifebind
	Eff: -4152419,4827298243
-----------
Life-Giver's Flame
-----------
Living Flame
	Eff: -30756576,574491173
	Dmg: 6643429,125842023
-----------
Naturalize
-----------
Oppressing Roar
-----------
Panacea
	Eff: -8226026,580694352
-----------
Rewind
-----------
Renewing Blaze
-----------
Reversion
	Eff: -12494125,996998532
-----------
Reversion (Echo)
-----------
Sleep Walk
-----------
Source of Magic
-----------
Spatial Paradox
-----------
Spiritbloom
	Eff: -5193594,224946018
-----------
Spiritbloom (Echo)
	Eff: -26577919,344569862
-----------
Stasis
-----------
Tail Swipe
-----------
Temporal Anomaly
-----------
Time Spiral
-----------
Unravel
-----------
Verdant Embrace
	Eff: -49860877,42694688
-----------
Zephyr
-----------
Leech
	Eff: -24105918,379205212
-----------
Blessing of Summer
-----------
Holy Bulwark
-----------
ZeroCIMDummy
-----------
Hover
-----------
Stasis (Store)
-----------
Tip the Scales
-----------
Thread of Fate
-----------
Voidglass Shards
-----------
Bombardments
-----------
Ethereal Reconstitution
	Eff: 7633184,505226832
-----------
Cycle of Life
-----------
Ethereal Guard
	Eff: 10836790,374745883
-----------
Glide
-----------
Voidglass Barrier
	Eff: 16123347,663672717
-----------
Stasis (Release)
-----------
Emerald Communion
-----------
Obsidian Scales
-----------
Spirit Link
-----------
Take Off
-----------
Whirling Surge
-----------
Surge Forward
-----------
Wing Buffet
-----------
Rescue
-----------
Twin Guardian
-----------
Skyward Ascent
-----------
Second Wind
-----------
Invigorating Healing Potion
	Eff: 2744644,536709249
-----------
Tempered Potion
-----------
Melee
	Dmg: 10368,333144029639
-----------
Healthstone
-----------
Time Dilation
