-----------
EssenceRegenDummy
-----------
Azure Strike
-----------
Blessing of the Bronze
-----------
Cauterizing Flame
-----------
Chrono Flames
-----------
Chrono Flame
	Eff: 272073,5724715886
	Dmg: 2270207,6394375246
-----------
Consume Flame
-----------
Deep Breath
-----------
Disintegrate
-----------
Dream Breath
	Eff: 577789,5310989144
-----------
Dream Breath (Echo)
-----------
Dream Flight
	Eff: 1280872,9059972044
-----------
Echo
	Eff: -15358,97352224798
-----------
Emerald Blossom
	Eff: 42570,243755147705
-----------
Engulf
-----------
Enkindle
-----------
Expunge
-----------
Fire Breath
	Dmg: 1177050,6085296392
-----------
Fluttering Seedlings
	Eff: -556520,1885609552
-----------
Golden Hour
	Eff: -708143,1717722074
-----------
Landslide
-----------
Lifebind
	Eff: -630035,5032994137
-----------
Life-Giver's Flame
-----------
Living Flame
	Eff: -2366583,474888748
	Dmg: 5874713,650094356
-----------
Naturalize
-----------
Oppressing Roar
-----------
Panacea
	Eff: -425062,40416063135
-----------
Rewind
-----------
Renewing Blaze
-----------
Reversion
	Eff: -539254,5862692684
-----------
Reversion (Echo)
-----------
Sleep Walk
-----------
Source of Magic
-----------
Spatial Paradox
-----------
Spiritbloom
	Eff: 674159,7140442267
-----------
Spiritbloom (Echo)
	Eff: -2702436,8446586244
-----------
Stasis
-----------
Tail Swipe
-----------
Temporal Anomaly
-----------
Time Spiral
-----------
Unravel
-----------
Verdant Embrace
	Eff: 3005981,5732705817
-----------
Zephyr
-----------
Leech
	Eff: -17330510,212678734
-----------
Blessing of Summer
-----------
Holy Bulwark
-----------
ZeroCIMDummy
-----------
Hover
-----------
Stasis (Store)
-----------
Tip the Scales
-----------
Thread of Fate
-----------
Voidglass Shards
-----------
Bombardments
-----------
Ethereal Reconstitution
	Eff: 2906439,2281603618
-----------
Cycle of Life
-----------
Ethereal Guard
	Eff: 8231646,657720682
-----------
Glide
-----------
Voidglass Barrier
	Eff: 3778174,16853086
-----------
Stasis (Release)
-----------
Emerald Communion
-----------
Obsidian Scales
-----------
Spirit Link
-----------
Take Off
-----------
Whirling Surge
-----------
Surge Forward
-----------
Wing Buffet
-----------
Rescue
-----------
Twin Guardian
-----------
Skyward Ascent
-----------
Second Wind
-----------
Invigorating Healing Potion
	Eff: 643150,8708181083
-----------
Tempered Potion
-----------
Melee
	Dmg: 9071,306400912152
-----------
Healthstone
-----------
Time Dilation
