-----------
EssenceRegenDummy
-----------
Azure Strike
-----------
Blessing of the Bronze
-----------
Cauterizing Flame
-----------
Chrono Flames
-----------
Chrono Flame
	Eff: -2781332,898924963
	Dmg: -1440606,6385727848
-----------
Consume Flame
-----------
Deep Breath
-----------
Disintegrate
-----------
Dream Breath
	Eff: -1913522,200944158
-----------
Dream Breath (Echo)
-----------
Dream Flight
	Eff: -402127,51641910564
-----------
Echo
	Eff: -125747,68865697854
-----------
Emerald Blossom
	Eff: -10985138,352542162
-----------
Engulf
-----------
Enkindle
-----------
Expunge
-----------
Fire Breath
	Dmg: -102464,24800231232
-----------
Fluttering Seedlings
	Eff: -2327276,2631314425
-----------
Golden Hour
	Eff: -708143,1717722074
-----------
Landslide
-----------
Lifebind
	Eff: -1043726,4034543845
-----------
Life-Giver's Flame
-----------
Living Flame
	Eff: -7036211,344736928
	Dmg: -1601591,862005014
-----------
Naturalize
-----------
Oppressing Roar
-----------
Panacea
	Eff: -800472,696729986
-----------
Rewind
-----------
Renewing Blaze
-----------
Reversion
	Eff: -3642111,2979638837
-----------
Reversion (Echo)
-----------
Sleep Walk
-----------
Source of Magic
-----------
Spatial Paradox
-----------
Spiritbloom
	Eff: 1418689,6877534464
-----------
Spiritbloom (Echo)
	Eff: -1173276,5600861658
-----------
Stasis
-----------
Tail Swipe
-----------
Temporal Anomaly
-----------
Time Spiral
-----------
Unravel
-----------
Verdant Embrace
	Eff: -10285699,208057208
-----------
Zephyr
-----------
Leech
	Eff: -19070487,716527328
-----------
Blessing of Summer
-----------
Holy Bulwark
-----------
ZeroCIMDummy
-----------
Hover
-----------
Stasis (Store)
-----------
Tip the Scales
-----------
Thread of Fate
-----------
Voidglass Shards
-----------
Bombardments
-----------
Ethereal Reconstitution
	Eff: 969473,0925775256
-----------
Cycle of Life
-----------
Ethereal Guard
	Eff: -1559503,7034119247
-----------
Glide
-----------
Voidglass Barrier
	Eff: 3778174,16853086
-----------
Stasis (Release)
-----------
Emerald Communion
-----------
Obsidian Scales
-----------
Spirit Link
-----------
Take Off
-----------
Whirling Surge
-----------
Surge Forward
-----------
Wing Buffet
-----------
Rescue
-----------
Twin Guardian
-----------
Skyward Ascent
-----------
Second Wind
-----------
Invigorating Healing Potion
	Eff: 643150,8708181083
-----------
Tempered Potion
-----------
Melee
	Dmg: -403,95433709376084
-----------
Healthstone
-----------
Time Dilation
