-----------
EssenceRegenDummy
-----------
Azure Strike
-----------
Blessing of the Bronze
-----------
Cauterizing Flame
-----------
Chrono Flames
-----------
Chrono Flame
	Eff: -2532406,1007768293
	Dmg: 6137940,463331399
-----------
Consume Flame
-----------
Deep Breath
-----------
Disintegrate
-----------
Dream Breath
	Eff: -11869812,912130795
-----------
Dream Breath (Echo)
-----------
Dream Flight
	Eff: -9888373,618833184
-----------
Echo
	Eff: -310165,7833627991
-----------
Emerald Blossom
	Eff: -41786525,63076674
-----------
Engulf
-----------
Enkindle
-----------
Expunge
-----------
Fire Breath
	Dmg: 3285094,1455797506
-----------
Fluttering Seedlings
	Eff: -9797113,750959916
-----------
Golden Hour
	Eff: -708143,1717722074
-----------
Landslide
-----------
Lifebind
	Eff: -2784242,4123860877
-----------
Life-Giver's Flame
-----------
Living Flame
	Eff: -17320902,49213535
	Dmg: 18921078,867150508
-----------
Naturalize
-----------
Oppressing Roar
-----------
Panacea
	Eff: -6024554,334340653
-----------
Rewind
-----------
Renewing Blaze
-----------
Reversion
	Eff: -5343826,904545144
-----------
Reversion (Echo)
-----------
Sleep Walk
-----------
Source of Magic
-----------
Spatial Paradox
-----------
Spiritbloom
	Eff: -5199686,550758293
-----------
Spiritbloom (Echo)
	Eff: -24100549,03699701
-----------
Stasis
-----------
Tail Swipe
-----------
Temporal Anomaly
-----------
Time Spiral
-----------
Unravel
-----------
Verdant Embrace
	Eff: -17258471,699723493
-----------
Zephyr
-----------
Leech
	Eff: -19850737,237396386
-----------
Blessing of Summer
-----------
Holy Bulwark
-----------
ZeroCIMDummy
-----------
Hover
-----------
Stasis (Store)
-----------
Tip the Scales
-----------
Thread of Fate
-----------
Voidglass Shards
-----------
Bombardments
-----------
Ethereal Reconstitution
	Eff: 9799316,467518385
-----------
Cycle of Life
-----------
Ethereal Guard
	Eff: 23348993,71381736
-----------
Glide
-----------
Voidglass Barrier
	Eff: 13330697,887331987
-----------
Stasis (Release)
-----------
Emerald Communion
-----------
Obsidian Scales
-----------
Spirit Link
-----------
Take Off
-----------
Whirling Surge
-----------
Surge Forward
-----------
Wing Buffet
-----------
Rescue
-----------
Twin Guardian
-----------
Skyward Ascent
-----------
Second Wind
-----------
Invigorating Healing Potion
	Eff: 2269257,469987031
-----------
Tempered Potion
-----------
Melee
	Dmg: 25855,523751090303
-----------
Healthstone
-----------
Time Dilation
