-----------
EssenceRegenDummy
-----------
Azure Strike
-----------
Blessing of the Bronze
-----------
Cauterizing Flame
-----------
Chrono Flames
-----------
Chrono Flame
	Eff: -5792179,870413761
	Dmg: -2776579,2416438637
-----------
Consume Flame
-----------
Deep Breath
-----------
Disintegrate
-----------
Dream Breath
	Eff: -6160643,666283783
-----------
Dream Breath (Echo)
-----------
Dream Flight
	Eff: -3710418,4277901566
-----------
Echo
	Eff: -287483,6838463601
-----------
Emerald Blossom
	Eff: -27426944,600298736
-----------
Engulf
-----------
Enkindle
-----------
Expunge
-----------
Fire Breath
	Dmg: -294120,5730710225
-----------
Fluttering Seedlings
	Eff: -5715376,900824131
-----------
Golden Hour
	Eff: -708143,1717722074
-----------
Landslide
-----------
Lifebind
	Eff: -1844465,9526042824
-----------
Life-Giver's Flame
-----------
Living Flame
	Eff: -13304638,561760502
	Dmg: -2485216,515392867
-----------
Naturalize
-----------
Oppressing Roar
-----------
Panacea
	Eff: -2319636,3630344532
-----------
Rewind
-----------
Renewing Blaze
-----------
Reversion
	Eff: -7384180,028162009
-----------
Reversion (Echo)
-----------
Sleep Walk
-----------
Source of Magic
-----------
Spatial Paradox
-----------
Spiritbloom
	Eff: 891584,2695521783
-----------
Spiritbloom (Echo)
	Eff: -4138985,862446027
-----------
Stasis
-----------
Tail Swipe
-----------
Temporal Anomaly
-----------
Time Spiral
-----------
Unravel
-----------
Verdant Embrace
	Eff: -26298467,02399257
-----------
Zephyr
-----------
Leech
	Eff: -20800471,574159585
-----------
Blessing of Summer
-----------
Holy Bulwark
-----------
ZeroCIMDummy
-----------
Hover
-----------
Stasis (Store)
-----------
Tip the Scales
-----------
Thread of Fate
-----------
Voidglass Shards
-----------
Bombardments
-----------
Ethereal Reconstitution
	Eff: 1945899,2233719644
-----------
Cycle of Life
-----------
Ethereal Guard
	Eff: -2872987,1838278966
-----------
Glide
-----------
Voidglass Barrier
	Eff: 7070372,837816762
-----------
Stasis (Release)
-----------
Emerald Communion
-----------
Obsidian Scales
-----------
Spirit Link
-----------
Take Off
-----------
Whirling Surge
-----------
Surge Forward
-----------
Wing Buffet
-----------
Rescue
-----------
Twin Guardian
-----------
Skyward Ascent
-----------
Second Wind
-----------
Invigorating Healing Potion
	Eff: 1203575,1251294948
-----------
Tempered Potion
-----------
Melee
	Dmg: -1437,7262462363979
-----------
Healthstone
-----------
Time Dilation
