-----------
EssenceRegenDummy
-----------
Azure Strike
-----------
Blessing of the Bronze
-----------
Cauterizing Flame
-----------
Chrono Flames
-----------
Chrono Flame
	Eff: 459565,8878720804
	Dmg: 7918950,751188302
-----------
Consume Flame
-----------
Deep Breath
-----------
Disintegrate
-----------
Dream Breath
	Eff: -6611199,03536134
-----------
Dream Breath (Echo)
-----------
Dream Flight
	Eff: -5431919,271418286
-----------
Echo
	Eff: -156065,207027324
-----------
Emerald Blossom
	Eff: -22414824,689653907
-----------
Engulf
-----------
Enkindle
-----------
Expunge
-----------
Fire Breath
	Dmg: 3658574,035159829
-----------
Fluttering Seedlings
	Eff: -6037416,786882942
-----------
Golden Hour
	Eff: -708143,1717722074
-----------
Landslide
-----------
Lifebind
	Eff: -1920961,2762130161
-----------
Life-Giver's Flame
-----------
Living Flame
	Eff: -9953684,012807999
	Dmg: 20876864,327509932
-----------
Naturalize
-----------
Oppressing Roar
-----------
Panacea
	Eff: -4269467,997498443
-----------
Rewind
-----------
Renewing Blaze
-----------
Reversion
	Eff: -1752554,357227004
-----------
Reversion (Echo)
-----------
Sleep Walk
-----------
Source of Magic
-----------
Spatial Paradox
-----------
Spiritbloom
	Eff: -4133583,3959648516
-----------
Spiritbloom (Echo)
	Eff: -19347510,095854633
-----------
Stasis
-----------
Tail Swipe
-----------
Temporal Anomaly
-----------
Time Spiral
-----------
Unravel
-----------
Verdant Embrace
	Eff: -2229176,466998667
-----------
Zephyr
-----------
Leech
	Eff: -17903066,91018937
-----------
Blessing of Summer
-----------
Holy Bulwark
-----------
ZeroCIMDummy
-----------
Hover
-----------
Stasis (Store)
-----------
Tip the Scales
-----------
Thread of Fate
-----------
Voidglass Shards
-----------
Bombardments
-----------
Ethereal Reconstitution
	Eff: 9214530,989545438
-----------
Cycle of Life
-----------
Ethereal Guard
	Eff: 25402472,917965032
-----------
Glide
-----------
Voidglass Barrier
	Eff: 10362571,507102666
-----------
Stasis (Release)
-----------
Emerald Communion
-----------
Obsidian Scales
-----------
Spirit Link
-----------
Take Off
-----------
Whirling Surge
-----------
Surge Forward
-----------
Wing Buffet
-----------
Rescue
-----------
Twin Guardian
-----------
Skyward Ascent
-----------
Second Wind
-----------
Invigorating Healing Potion
	Eff: 1763999,3794408813
-----------
Tempered Potion
-----------
Melee
	Dmg: 28256,671036658532
-----------
Healthstone
-----------
Time Dilation
