----------------------
00:00,654

Intellect
	 Rating: 139425
	 Multiplicative Factor: 8,15%
	 Eff: 139425,00000000003
Stamina
	 Rating: 868193
	 Multiplicative Factor: 11,3%
	 Eff: 868193
Crit
	 Rating: 22310
	 Multiplicative Factor: 0%
	 Eff: 25678,695494427884
	 DR Bracket: 1
	 Base: 5%
	 Effective Percent: 36,68%
	 Crit Inc Heal: 2
	 Crit Inc Damage: 2
Haste
	 Rating: 10871
	 Multiplicative Factor: 0%
	 Eff: 10871,234853215028
	 DR Bracket: 0
	 Base: 0%
	 Effective Percent: 16,47%
Vers
	 Rating: 7365
	 Multiplicative Factor: 0%
	 Eff: 9704,865067102985
	 DR Bracket: 0
	 Base: 3%
	 Effective Percent: 12,44%
Leech
	 Rating: 3060
	 Multiplicative Factor: 0%
	 Eff: 5099,661782987872
	 DR Bracket: 0
	 Base: 2%
	 Effective Percent: 5%
Avoidance
	 Rating: -0
	 Multiplicative Factor: 0%
	 Eff: -0,3180309960171144
	 DR Bracket: 0
	 Base: 0%
	 Effective Percent: -0%
Mastery
	 Rating: 23446
	 Multiplicative Factor: 0%
	 Eff: 30901,650004985244
	 DR Bracket: 1
	 Base: 19,8%
	 Effective Percent: 79,46%
----------------------
00:05,654

Intellect
	 Rating: 139425
	 Multiplicative Factor: 8,15%
	 Eff: 139425,00000000003
Stamina
	 Rating: 868193
	 Multiplicative Factor: 11,3%
	 Eff: 868193
Crit
	 Rating: 22310
	 Multiplicative Factor: 0%
	 Eff: 25678,695494427884
	 DR Bracket: 1
	 Base: 5%
	 Effective Percent: 36,68%
	 Crit Inc Heal: 2
	 Crit Inc Damage: 2
Haste
	 Rating: 10871
	 Multiplicative Factor: 0%
	 Eff: 10871,234853215028
	 DR Bracket: 0
	 Base: 0%
	 Effective Percent: 16,47%
Vers
	 Rating: 7365
	 Multiplicative Factor: 0%
	 Eff: 9704,865067102985
	 DR Bracket: 0
	 Base: 3%
	 Effective Percent: 12,44%
Leech
	 Rating: 3060
	 Multiplicative Factor: 0%
	 Eff: 5099,661782987872
	 DR Bracket: 0
	 Base: 2%
	 Effective Percent: 5%
Avoidance
	 Rating: -0
	 Multiplicative Factor: 0%
	 Eff: -0,3180309960171144
	 DR Bracket: 0
	 Base: 0%
	 Effective Percent: -0%
Mastery
	 Rating: 23446
	 Multiplicative Factor: 0%
	 Eff: 30901,650004985244
	 DR Bracket: 1
	 Base: 19,8%
	 Effective Percent: 79,46%
----------------------
00:10,667

Intellect
	 Rating: 146396
	 Multiplicative Factor: 13,56%
	 Eff: 146396,25000000006
Stamina
	 Rating: 868193
	 Multiplicative Factor: 11,3%
	 Eff: 868193
Crit
	 Rating: 22310
	 Multiplicative Factor: 0%
	 Eff: 25678,695494427884
	 DR Bracket: 1
	 Base: 5%
	 Effective Percent: 36,68%
	 Crit Inc Heal: 2
	 Crit Inc Damage: 2
Haste
	 Rating: 10871
	 Multiplicative Factor: 0%
	 Eff: 36238,74235477598
	 DR Bracket: 0
	 Base: 33%
	 Effective Percent: 54,91%
Vers
	 Rating: 7365
	 Multiplicative Factor: 0%
	 Eff: 9704,865067102985
	 DR Bracket: 0
	 Base: 3%
	 Effective Percent: 12,44%
Leech
	 Rating: 3060
	 Multiplicative Factor: 0%
	 Eff: 5099,661782987872
	 DR Bracket: 0
	 Base: 2%
	 Effective Percent: 5%
Avoidance
	 Rating: -0
	 Multiplicative Factor: 0%
	 Eff: -0,3180309960171144
	 DR Bracket: 0
	 Base: 0%
	 Effective Percent: -0%
Mastery
	 Rating: 23446
	 Multiplicative Factor: 0%
	 Eff: 30901,650004985244
	 DR Bracket: 1
	 Base: 19,8%
	 Effective Percent: 79,46%
----------------------
00:15,671

Intellect
	 Rating: 146396
	 Multiplicative Factor: 13,56%
	 Eff: 146396,25000000006
Stamina
	 Rating: 868193
	 Multiplicative Factor: 11,3%
	 Eff: 868193
Crit
	 Rating: 22310
	 Multiplicative Factor: 0%
	 Eff: 25678,695494427884
	 DR Bracket: 1
	 Base: 5%
	 Effective Percent: 36,68%
	 Crit Inc Heal: 2
	 Crit Inc Damage: 2
Haste
	 Rating: 10871
	 Multiplicative Factor: 0%
	 Eff: 27782,906520922334
	 DR Bracket: 0
	 Base: 22%
	 Effective Percent: 42,1%
Vers
	 Rating: 7365
	 Multiplicative Factor: 0%
	 Eff: 9704,865067102985
	 DR Bracket: 0
	 Base: 3%
	 Effective Percent: 12,44%
Leech
	 Rating: 3060
	 Multiplicative Factor: 0%
	 Eff: 5099,661782987872
	 DR Bracket: 0
	 Base: 2%
	 Effective Percent: 5%
Avoidance
	 Rating: -0
	 Multiplicative Factor: 0%
	 Eff: -0,3180309960171144
	 DR Bracket: 0
	 Base: 0%
	 Effective Percent: -0%
Mastery
	 Rating: 23446
	 Multiplicative Factor: 0%
	 Eff: 30901,650004985244
	 DR Bracket: 1
	 Base: 19,8%
	 Effective Percent: 79,46%
----------------------
00:20,677

Intellect
	 Rating: 146396
	 Multiplicative Factor: 13,56%
	 Eff: 146396,25000000006
Stamina
	 Rating: 868193
	 Multiplicative Factor: 11,3%
	 Eff: 868193
Crit
	 Rating: 22310
	 Multiplicative Factor: 0%
	 Eff: 25678,695494427884
	 DR Bracket: 1
	 Base: 5%
	 Effective Percent: 36,68%
	 Crit Inc Heal: 2
	 Crit Inc Damage: 2
Haste
	 Rating: 10871
	 Multiplicative Factor: 0%
	 Eff: 23939,344778261584
	 DR Bracket: 0
	 Base: 17%
	 Effective Percent: 36,27%
Vers
	 Rating: 7365
	 Multiplicative Factor: 0%
	 Eff: 9704,865067102985
	 DR Bracket: 0
	 Base: 3%
	 Effective Percent: 12,44%
Leech
	 Rating: 3060
	 Multiplicative Factor: 0%
	 Eff: 5099,661782987872
	 DR Bracket: 0
	 Base: 2%
	 Effective Percent: 5%
Avoidance
	 Rating: -0
	 Multiplicative Factor: 0%
	 Eff: -0,3180309960171144
	 DR Bracket: 0
	 Base: 0%
	 Effective Percent: -0%
Mastery
	 Rating: 23446
	 Multiplicative Factor: 0%
	 Eff: 30901,650004985244
	 DR Bracket: 1
	 Base: 19,8%
	 Effective Percent: 79,46%
----------------------
00:25,686

Intellect
	 Rating: 146396
	 Multiplicative Factor: 13,56%
	 Eff: 146396,25000000006
Stamina
	 Rating: 868193
	 Multiplicative Factor: 11,3%
	 Eff: 868193
Crit
	 Rating: 22310
	 Multiplicative Factor: 0%
	 Eff: 25678,695494427884
	 DR Bracket: 1
	 Base: 5%
	 Effective Percent: 36,68%
	 Crit Inc Heal: 2
	 Crit Inc Damage: 2
Haste
	 Rating: 10871
	 Multiplicative Factor: 0%
	 Eff: 20095,78303560083
	 DR Bracket: 0
	 Base: 12%
	 Effective Percent: 30,45%
Vers
	 Rating: 7365
	 Multiplicative Factor: 0%
	 Eff: 9704,865067102985
	 DR Bracket: 0
	 Base: 3%
	 Effective Percent: 12,44%
Leech
	 Rating: 3060
	 Multiplicative Factor: 0%
	 Eff: 5099,661782987872
	 DR Bracket: 0
	 Base: 2%
	 Effective Percent: 5%
Avoidance
	 Rating: -0
	 Multiplicative Factor: 0%
	 Eff: -0,3180309960171144
	 DR Bracket: 0
	 Base: 0%
	 Effective Percent: -0%
Mastery
	 Rating: 23446
	 Multiplicative Factor: 0%
	 Eff: 30901,650004985244
	 DR Bracket: 1
	 Base: 19,8%
	 Effective Percent: 79,46%
----------------------
00:30,759

Intellect
	 Rating: 146396
	 Multiplicative Factor: 13,56%
	 Eff: 146396,25000000006
Stamina
	 Rating: 868193
	 Multiplicative Factor: 11,3%
	 Eff: 868193
Crit
	 Rating: 22310
	 Multiplicative Factor: 0%
	 Eff: 25678,695494427884
	 DR Bracket: 1
	 Base: 5%
	 Effective Percent: 36,68%
	 Crit Inc Heal: 2
	 Crit Inc Damage: 2
Haste
	 Rating: 10871
	 Multiplicative Factor: 0%
	 Eff: 16252,221292940081
	 DR Bracket: 0
	 Base: 7%
	 Effective Percent: 24,62%
Vers
	 Rating: 7365
	 Multiplicative Factor: 0%
	 Eff: 9704,865067102985
	 DR Bracket: 0
	 Base: 3%
	 Effective Percent: 12,44%
Leech
	 Rating: 3060
	 Multiplicative Factor: 0%
	 Eff: 5099,661782987872
	 DR Bracket: 0
	 Base: 2%
	 Effective Percent: 5%
Avoidance
	 Rating: -0
	 Multiplicative Factor: 0%
	 Eff: -0,3180309960171144
	 DR Bracket: 0
	 Base: 0%
	 Effective Percent: -0%
Mastery
	 Rating: 23446
	 Multiplicative Factor: 0%
	 Eff: 30901,650004985244
	 DR Bracket: 1
	 Base: 19,8%
	 Effective Percent: 79,46%
----------------------
00:36,258

Intellect
	 Rating: 139425
	 Multiplicative Factor: 8,15%
	 Eff: 139425,00000000006
Stamina
	 Rating: 868193
	 Multiplicative Factor: 11,3%
	 Eff: 868193
Crit
	 Rating: 22310
	 Multiplicative Factor: 0%
	 Eff: 25678,695494427884
	 DR Bracket: 1
	 Base: 5%
	 Effective Percent: 36,68%
	 Crit Inc Heal: 2
	 Crit Inc Damage: 2
Haste
	 Rating: 10871
	 Multiplicative Factor: 0%
	 Eff: 18558,35833853653
	 DR Bracket: 0
	 Base: 10%
	 Effective Percent: 28,12%
Vers
	 Rating: 7365
	 Multiplicative Factor: 0%
	 Eff: 9704,865067102985
	 DR Bracket: 0
	 Base: 3%
	 Effective Percent: 12,44%
Leech
	 Rating: 3060
	 Multiplicative Factor: 0%
	 Eff: 5099,661782987872
	 DR Bracket: 0
	 Base: 2%
	 Effective Percent: 5%
Avoidance
	 Rating: -0
	 Multiplicative Factor: 0%
	 Eff: -0,3180309960171144
	 DR Bracket: 0
	 Base: 0%
	 Effective Percent: -0%
Mastery
	 Rating: 23446
	 Multiplicative Factor: 0%
	 Eff: 30901,650004985244
	 DR Bracket: 1
	 Base: 19,8%
	 Effective Percent: 79,46%
----------------------
00:41,266

Intellect
	 Rating: 139425
	 Multiplicative Factor: 8,15%
	 Eff: 139425,00000000006
Stamina
	 Rating: 868193
	 Multiplicative Factor: 11,3%
	 Eff: 868193
Crit
	 Rating: 22310
	 Multiplicative Factor: 0%
	 Eff: 25678,695494427884
	 DR Bracket: 1
	 Base: 5%
	 Effective Percent: 36,68%
	 Crit Inc Heal: 2
	 Crit Inc Damage: 2
Haste
	 Rating: 10871
	 Multiplicative Factor: 0%
	 Eff: 17789,64599000438
	 DR Bracket: 0
	 Base: 9%
	 Effective Percent: 26,95%
Vers
	 Rating: 7365
	 Multiplicative Factor: 0%
	 Eff: 9704,865067102985
	 DR Bracket: 0
	 Base: 3%
	 Effective Percent: 12,44%
Leech
	 Rating: 3060
	 Multiplicative Factor: 0%
	 Eff: 5099,661782987872
	 DR Bracket: 0
	 Base: 2%
	 Effective Percent: 5%
Avoidance
	 Rating: -0
	 Multiplicative Factor: 0%
	 Eff: -0,3180309960171144
	 DR Bracket: 0
	 Base: 0%
	 Effective Percent: -0%
Mastery
	 Rating: 23446
	 Multiplicative Factor: 0%
	 Eff: 30901,650004985244
	 DR Bracket: 1
	 Base: 19,8%
	 Effective Percent: 79,46%
----------------------
00:46,327

Intellect
	 Rating: 139425
	 Multiplicative Factor: 8,15%
	 Eff: 139425,00000000006
Stamina
	 Rating: 868193
	 Multiplicative Factor: 11,3%
	 Eff: 868193
Crit
	 Rating: 22310
	 Multiplicative Factor: 0%
	 Eff: 25678,695494427884
	 DR Bracket: 1
	 Base: 5%
	 Effective Percent: 36,68%
	 Crit Inc Heal: 2
	 Crit Inc Damage: 2
Haste
	 Rating: 10871
	 Multiplicative Factor: 0%
	 Eff: 17789,64599000438
	 DR Bracket: 0
	 Base: 9%
	 Effective Percent: 26,95%
Vers
	 Rating: 7365
	 Multiplicative Factor: 0%
	 Eff: 9704,865067102985
	 DR Bracket: 0
	 Base: 3%
	 Effective Percent: 12,44%
Leech
	 Rating: 3060
	 Multiplicative Factor: 0%
	 Eff: 5099,661782987872
	 DR Bracket: 0
	 Base: 2%
	 Effective Percent: 5%
Avoidance
	 Rating: -0
	 Multiplicative Factor: 0%
	 Eff: -0,3180309960171144
	 DR Bracket: 0
	 Base: 0%
	 Effective Percent: -0%
Mastery
	 Rating: 23446
	 Multiplicative Factor: 0%
	 Eff: 30901,650004985244
	 DR Bracket: 1
	 Base: 19,8%
	 Effective Percent: 79,46%
----------------------
00:51,376

Intellect
	 Rating: 139425
	 Multiplicative Factor: 8,15%
	 Eff: 139425,00000000006
Stamina
	 Rating: 868193
	 Multiplicative Factor: 11,3%
	 Eff: 868193
Crit
	 Rating: 22310
	 Multiplicative Factor: 0%
	 Eff: 25678,695494427884
	 DR Bracket: 1
	 Base: 5%
	 Effective Percent: 36,68%
	 Crit Inc Heal: 2
	 Crit Inc Damage: 2
Haste
	 Rating: 10871
	 Multiplicative Factor: 0%
	 Eff: 15483,50894440793
	 DR Bracket: 0
	 Base: 6%
	 Effective Percent: 23,46%
Vers
	 Rating: 7365
	 Multiplicative Factor: 0%
	 Eff: 9704,865067102985
	 DR Bracket: 0
	 Base: 3%
	 Effective Percent: 12,44%
Leech
	 Rating: 3060
	 Multiplicative Factor: 0%
	 Eff: 5099,661782987872
	 DR Bracket: 0
	 Base: 2%
	 Effective Percent: 5%
Avoidance
	 Rating: -0
	 Multiplicative Factor: 0%
	 Eff: -0,3180309960171144
	 DR Bracket: 0
	 Base: 0%
	 Effective Percent: -0%
Mastery
	 Rating: 23446
	 Multiplicative Factor: 0%
	 Eff: 30901,650004985244
	 DR Bracket: 1
	 Base: 19,8%
	 Effective Percent: 79,46%
----------------------
00:56,680

Intellect
	 Rating: 139425
	 Multiplicative Factor: 8,15%
	 Eff: 139425,00000000006
Stamina
	 Rating: 868193
	 Multiplicative Factor: 11,3%
	 Eff: 868193
Crit
	 Rating: 22310
	 Multiplicative Factor: 0%
	 Eff: 25678,695494427884
	 DR Bracket: 1
	 Base: 5%
	 Effective Percent: 36,68%
	 Crit Inc Heal: 2
	 Crit Inc Damage: 2
Haste
	 Rating: 10871
	 Multiplicative Factor: 0%
	 Eff: 15483,50894440793
	 DR Bracket: 0
	 Base: 6%
	 Effective Percent: 23,46%
Vers
	 Rating: 7365
	 Multiplicative Factor: 0%
	 Eff: 9704,865067102985
	 DR Bracket: 0
	 Base: 3%
	 Effective Percent: 12,44%
Leech
	 Rating: 3060
	 Multiplicative Factor: 0%
	 Eff: 5099,661782987872
	 DR Bracket: 0
	 Base: 2%
	 Effective Percent: 5%
Avoidance
	 Rating: -0
	 Multiplicative Factor: 0%
	 Eff: -0,3180309960171144
	 DR Bracket: 0
	 Base: 0%
	 Effective Percent: -0%
Mastery
	 Rating: 23446
	 Multiplicative Factor: 0%
	 Eff: 30901,650004985244
	 DR Bracket: 1
	 Base: 19,8%
	 Effective Percent: 79,46%
----------------------
01:01,701

Intellect
	 Rating: 139425
	 Multiplicative Factor: 8,15%
	 Eff: 139425,00000000006
Stamina
	 Rating: 868193
	 Multiplicative Factor: 11,3%
	 Eff: 868193
Crit
	 Rating: 22310
	 Multiplicative Factor: 0%
	 Eff: 25678,695494427884
	 DR Bracket: 1
	 Base: 5%
	 Effective Percent: 36,68%
	 Crit Inc Heal: 2
	 Crit Inc Damage: 2
Haste
	 Rating: 10871
	 Multiplicative Factor: 0%
	 Eff: 10871,234853215028
	 DR Bracket: 0
	 Base: 0%
	 Effective Percent: 16,47%
Vers
	 Rating: 7365
	 Multiplicative Factor: 0%
	 Eff: 9704,865067102985
	 DR Bracket: 0
	 Base: 3%
	 Effective Percent: 12,44%
Leech
	 Rating: 3060
	 Multiplicative Factor: 0%
	 Eff: 5099,661782987872
	 DR Bracket: 0
	 Base: 2%
	 Effective Percent: 5%
Avoidance
	 Rating: -0
	 Multiplicative Factor: 0%
	 Eff: -0,3180309960171144
	 DR Bracket: 0
	 Base: 0%
	 Effective Percent: -0%
Mastery
	 Rating: 23446
	 Multiplicative Factor: 0%
	 Eff: 30901,650004985244
	 DR Bracket: 1
	 Base: 19,8%
	 Effective Percent: 79,46%
----------------------
01:06,744

Intellect
	 Rating: 146396
	 Multiplicative Factor: 13,56%
	 Eff: 146396,2500000001
Stamina
	 Rating: 868193
	 Multiplicative Factor: 11,3%
	 Eff: 868193
Crit
	 Rating: 22310
	 Multiplicative Factor: 0%
	 Eff: 25678,695494427884
	 DR Bracket: 1
	 Base: 5%
	 Effective Percent: 36,68%
	 Crit Inc Heal: 2
	 Crit Inc Damage: 2
Haste
	 Rating: 10871
	 Multiplicative Factor: 0%
	 Eff: 10871,234853215028
	 DR Bracket: 0
	 Base: 0%
	 Effective Percent: 16,47%
Vers
	 Rating: 7365
	 Multiplicative Factor: 0%
	 Eff: 9704,865067102985
	 DR Bracket: 0
	 Base: 3%
	 Effective Percent: 12,44%
Leech
	 Rating: 3060
	 Multiplicative Factor: 0%
	 Eff: 5099,661782987872
	 DR Bracket: 0
	 Base: 2%
	 Effective Percent: 5%
Avoidance
	 Rating: -0
	 Multiplicative Factor: 0%
	 Eff: -0,3180309960171144
	 DR Bracket: 0
	 Base: 0%
	 Effective Percent: -0%
Mastery
	 Rating: 23446
	 Multiplicative Factor: 0%
	 Eff: 30901,650004985244
	 DR Bracket: 1
	 Base: 19,8%
	 Effective Percent: 79,46%
----------------------
01:11,801

Intellect
	 Rating: 146396
	 Multiplicative Factor: 13,56%
	 Eff: 146396,2500000001
Stamina
	 Rating: 868193
	 Multiplicative Factor: 11,3%
	 Eff: 868193
Crit
	 Rating: 22310
	 Multiplicative Factor: 0%
	 Eff: 25678,695494427884
	 DR Bracket: 1
	 Base: 5%
	 Effective Percent: 36,68%
	 Crit Inc Heal: 2,6
	 Crit Inc Damage: 2
Haste
	 Rating: 10871
	 Multiplicative Factor: 0%
	 Eff: 40082,30409743674
	 DR Bracket: 0
	 Base: 38%
	 Effective Percent: 60,73%
Vers
	 Rating: 7365
	 Multiplicative Factor: 0%
	 Eff: 9704,865067102985
	 DR Bracket: 0
	 Base: 3%
	 Effective Percent: 12,44%
Leech
	 Rating: 3060
	 Multiplicative Factor: 0%
	 Eff: 5099,661782987872
	 DR Bracket: 0
	 Base: 2%
	 Effective Percent: 5%
Avoidance
	 Rating: -0
	 Multiplicative Factor: 0%
	 Eff: -0,3180309960171144
	 DR Bracket: 0
	 Base: 0%
	 Effective Percent: -0%
Mastery
	 Rating: 23446
	 Multiplicative Factor: 0%
	 Eff: 30901,650004985244
	 DR Bracket: 1
	 Base: 19,8%
	 Effective Percent: 79,46%
----------------------
01:16,806

Intellect
	 Rating: 146396
	 Multiplicative Factor: 13,56%
	 Eff: 146396,2500000001
Stamina
	 Rating: 868193
	 Multiplicative Factor: 11,3%
	 Eff: 868193
Crit
	 Rating: 22310
	 Multiplicative Factor: 0%
	 Eff: 25678,695494427884
	 DR Bracket: 1
	 Base: 5%
	 Effective Percent: 36,68%
	 Crit Inc Heal: 2,6
	 Crit Inc Damage: 2
Haste
	 Rating: 10871
	 Multiplicative Factor: 0%
	 Eff: 36238,74235477598
	 DR Bracket: 0
	 Base: 33%
	 Effective Percent: 54,91%
Vers
	 Rating: 7365
	 Multiplicative Factor: 0%
	 Eff: 9704,865067102985
	 DR Bracket: 0
	 Base: 3%
	 Effective Percent: 12,44%
Leech
	 Rating: 3060
	 Multiplicative Factor: 0%
	 Eff: 5099,661782987872
	 DR Bracket: 0
	 Base: 2%
	 Effective Percent: 5%
Avoidance
	 Rating: -0
	 Multiplicative Factor: 0%
	 Eff: -0,3180309960171144
	 DR Bracket: 0
	 Base: 0%
	 Effective Percent: -0%
Mastery
	 Rating: 23446
	 Multiplicative Factor: 0%
	 Eff: 30901,650004985244
	 DR Bracket: 1
	 Base: 19,8%
	 Effective Percent: 79,46%
----------------------
01:21,811

Intellect
	 Rating: 146396
	 Multiplicative Factor: 13,56%
	 Eff: 146396,2500000001
Stamina
	 Rating: 868193
	 Multiplicative Factor: 11,3%
	 Eff: 868193
Crit
	 Rating: 22310
	 Multiplicative Factor: 0%
	 Eff: 25678,695494427884
	 DR Bracket: 1
	 Base: 5%
	 Effective Percent: 36,68%
	 Crit Inc Heal: 2,6
	 Crit Inc Damage: 2
Haste
	 Rating: 10871
	 Multiplicative Factor: 0%
	 Eff: 25476,769475325884
	 DR Bracket: 0
	 Base: 19%
	 Effective Percent: 38,6%
Vers
	 Rating: 7365
	 Multiplicative Factor: 0%
	 Eff: 9704,865067102985
	 DR Bracket: 0
	 Base: 3%
	 Effective Percent: 12,44%
Leech
	 Rating: 3060
	 Multiplicative Factor: 0%
	 Eff: 5099,661782987872
	 DR Bracket: 0
	 Base: 2%
	 Effective Percent: 5%
Avoidance
	 Rating: -0
	 Multiplicative Factor: 0%
	 Eff: -0,3180309960171144
	 DR Bracket: 0
	 Base: 0%
	 Effective Percent: -0%
Mastery
	 Rating: 23446
	 Multiplicative Factor: 0%
	 Eff: 30901,650004985244
	 DR Bracket: 1
	 Base: 19,8%
	 Effective Percent: 79,46%
----------------------
01:26,891

Intellect
	 Rating: 146396
	 Multiplicative Factor: 13,56%
	 Eff: 146396,2500000001
Stamina
	 Rating: 868193
	 Multiplicative Factor: 11,3%
	 Eff: 868193
Crit
	 Rating: 22310
	 Multiplicative Factor: 0%
	 Eff: 25678,695494427884
	 DR Bracket: 1
	 Base: 5%
	 Effective Percent: 36,68%
	 Crit Inc Heal: 2,6
	 Crit Inc Damage: 2
Haste
	 Rating: 10871
	 Multiplicative Factor: 0%
	 Eff: 21633,207732665134
	 DR Bracket: 0
	 Base: 14%
	 Effective Percent: 32,78%
Vers
	 Rating: 7365
	 Multiplicative Factor: 0%
	 Eff: 9704,865067102985
	 DR Bracket: 0
	 Base: 3%
	 Effective Percent: 12,44%
Leech
	 Rating: 3060
	 Multiplicative Factor: 0%
	 Eff: 5099,661782987872
	 DR Bracket: 0
	 Base: 2%
	 Effective Percent: 5%
Avoidance
	 Rating: -0
	 Multiplicative Factor: 0%
	 Eff: -0,3180309960171144
	 DR Bracket: 0
	 Base: 0%
	 Effective Percent: -0%
Mastery
	 Rating: 23446
	 Multiplicative Factor: 0%
	 Eff: 30901,650004985244
	 DR Bracket: 1
	 Base: 19,8%
	 Effective Percent: 79,46%
----------------------
01:32,156

Intellect
	 Rating: 146396
	 Multiplicative Factor: 13,56%
	 Eff: 146396,2500000001
Stamina
	 Rating: 868193
	 Multiplicative Factor: 11,3%
	 Eff: 868193
Crit
	 Rating: 28295
	 Multiplicative Factor: 0%
	 Eff: 31035,630674864828
	 DR Bracket: 2
	 Base: 5%
	 Effective Percent: 44,34%
	 Crit Inc Heal: 2,6
	 Crit Inc Damage: 2
Haste
	 Rating: 10871
	 Multiplicative Factor: 0%
	 Eff: 17789,64599000438
	 DR Bracket: 0
	 Base: 9%
	 Effective Percent: 26,95%
Vers
	 Rating: 7365
	 Multiplicative Factor: 0%
	 Eff: 9704,865067102985
	 DR Bracket: 0
	 Base: 3%
	 Effective Percent: 12,44%
Leech
	 Rating: 3060
	 Multiplicative Factor: 0%
	 Eff: 5099,661782987872
	 DR Bracket: 0
	 Base: 2%
	 Effective Percent: 5%
Avoidance
	 Rating: -0
	 Multiplicative Factor: 0%
	 Eff: -0,3180309960171144
	 DR Bracket: 0
	 Base: 0%
	 Effective Percent: -0%
Mastery
	 Rating: 23446
	 Multiplicative Factor: 0%
	 Eff: 30901,650004985244
	 DR Bracket: 1
	 Base: 19,8%
	 Effective Percent: 79,46%
----------------------
01:37,497

Intellect
	 Rating: 146396
	 Multiplicative Factor: 13,56%
	 Eff: 146396,2500000001
Stamina
	 Rating: 868193
	 Multiplicative Factor: 11,3%
	 Eff: 868193
Crit
	 Rating: 28295
	 Multiplicative Factor: 0%
	 Eff: 31035,630674864828
	 DR Bracket: 2
	 Base: 5%
	 Effective Percent: 44,34%
	 Crit Inc Heal: 2,6
	 Crit Inc Damage: 2
Haste
	 Rating: 10871
	 Multiplicative Factor: 0%
	 Eff: 18558,35833853653
	 DR Bracket: 0
	 Base: 10%
	 Effective Percent: 28,12%
Vers
	 Rating: 7365
	 Multiplicative Factor: 0%
	 Eff: 9704,865067102985
	 DR Bracket: 0
	 Base: 3%
	 Effective Percent: 12,44%
Leech
	 Rating: 3060
	 Multiplicative Factor: 0%
	 Eff: 5099,661782987872
	 DR Bracket: 0
	 Base: 2%
	 Effective Percent: 5%
Avoidance
	 Rating: -0
	 Multiplicative Factor: 0%
	 Eff: -0,3180309960171144
	 DR Bracket: 0
	 Base: 0%
	 Effective Percent: -0%
Mastery
	 Rating: 23446
	 Multiplicative Factor: 0%
	 Eff: 30901,650004985244
	 DR Bracket: 1
	 Base: 19,8%
	 Effective Percent: 79,46%
----------------------
01:42,672

Intellect
	 Rating: 146396
	 Multiplicative Factor: 13,56%
	 Eff: 146396,2500000001
Stamina
	 Rating: 868193
	 Multiplicative Factor: 11,3%
	 Eff: 868193
Crit
	 Rating: 22310
	 Multiplicative Factor: 0%
	 Eff: 25678,695494427884
	 DR Bracket: 1
	 Base: 5%
	 Effective Percent: 36,68%
	 Crit Inc Heal: 2,6
	 Crit Inc Damage: 2
Haste
	 Rating: 10871
	 Multiplicative Factor: 0%
	 Eff: 17789,64599000438
	 DR Bracket: 0
	 Base: 9%
	 Effective Percent: 26,95%
Vers
	 Rating: 7365
	 Multiplicative Factor: 0%
	 Eff: 9704,865067102985
	 DR Bracket: 0
	 Base: 3%
	 Effective Percent: 12,44%
Leech
	 Rating: 3060
	 Multiplicative Factor: 0%
	 Eff: 5099,661782987872
	 DR Bracket: 0
	 Base: 2%
	 Effective Percent: 5%
Avoidance
	 Rating: -0
	 Multiplicative Factor: 0%
	 Eff: -0,3180309960171144
	 DR Bracket: 0
	 Base: 0%
	 Effective Percent: -0%
Mastery
	 Rating: 23446
	 Multiplicative Factor: 0%
	 Eff: 30901,650004985244
	 DR Bracket: 1
	 Base: 19,8%
	 Effective Percent: 79,46%
----------------------
01:47,713

Intellect
	 Rating: 146396
	 Multiplicative Factor: 13,56%
	 Eff: 146396,2500000001
Stamina
	 Rating: 868193
	 Multiplicative Factor: 11,3%
	 Eff: 868193
Crit
	 Rating: 22310
	 Multiplicative Factor: 0%
	 Eff: 25678,695494427884
	 DR Bracket: 1
	 Base: 5%
	 Effective Percent: 36,68%
	 Crit Inc Heal: 2,6
	 Crit Inc Damage: 2
Haste
	 Rating: 10871
	 Multiplicative Factor: 0%
	 Eff: 10871,234853215028
	 DR Bracket: 0
	 Base: 0%
	 Effective Percent: 16,47%
Vers
	 Rating: 7365
	 Multiplicative Factor: 0%
	 Eff: 9704,865067102985
	 DR Bracket: 0
	 Base: 3%
	 Effective Percent: 12,44%
Leech
	 Rating: 3060
	 Multiplicative Factor: 0%
	 Eff: 5099,661782987872
	 DR Bracket: 0
	 Base: 2%
	 Effective Percent: 5%
Avoidance
	 Rating: -0
	 Multiplicative Factor: 0%
	 Eff: -0,3180309960171144
	 DR Bracket: 0
	 Base: 0%
	 Effective Percent: -0%
Mastery
	 Rating: 23446
	 Multiplicative Factor: 0%
	 Eff: 30901,650004985244
	 DR Bracket: 1
	 Base: 19,8%
	 Effective Percent: 79,46%
----------------------
01:53,283

Intellect
	 Rating: 139425
	 Multiplicative Factor: 8,15%
	 Eff: 139425,00000000006
Stamina
	 Rating: 868193
	 Multiplicative Factor: 11,3%
	 Eff: 868193
Crit
	 Rating: 28295
	 Multiplicative Factor: 0%
	 Eff: 31035,630674864828
	 DR Bracket: 2
	 Base: 5%
	 Effective Percent: 44,34%
	 Crit Inc Heal: 2,6
	 Crit Inc Damage: 2
Haste
	 Rating: 10871
	 Multiplicative Factor: 0%
	 Eff: 10871,234853215028
	 DR Bracket: 0
	 Base: 0%
	 Effective Percent: 16,47%
Vers
	 Rating: 7365
	 Multiplicative Factor: 0%
	 Eff: 9704,865067102985
	 DR Bracket: 0
	 Base: 3%
	 Effective Percent: 12,44%
Leech
	 Rating: 3060
	 Multiplicative Factor: 0%
	 Eff: 5099,661782987872
	 DR Bracket: 0
	 Base: 2%
	 Effective Percent: 5%
Avoidance
	 Rating: -0
	 Multiplicative Factor: 0%
	 Eff: -0,3180309960171144
	 DR Bracket: 0
	 Base: 0%
	 Effective Percent: -0%
Mastery
	 Rating: 23446
	 Multiplicative Factor: 0%
	 Eff: 30901,650004985244
	 DR Bracket: 1
	 Base: 19,8%
	 Effective Percent: 79,46%
----------------------
01:58,346

Intellect
	 Rating: 139425
	 Multiplicative Factor: 8,15%
	 Eff: 139425,00000000006
Stamina
	 Rating: 868193
	 Multiplicative Factor: 11,3%
	 Eff: 868193
Crit
	 Rating: 34279
	 Multiplicative Factor: 0%
	 Eff: 35823,53202134931
	 DR Bracket: 2
	 Base: 5%
	 Effective Percent: 51,18%
	 Crit Inc Heal: 2,6
	 Crit Inc Damage: 2
Haste
	 Rating: 10871
	 Multiplicative Factor: 0%
	 Eff: 15483,50894440793
	 DR Bracket: 0
	 Base: 6%
	 Effective Percent: 23,46%
Vers
	 Rating: 7365
	 Multiplicative Factor: 0%
	 Eff: 9704,865067102985
	 DR Bracket: 0
	 Base: 3%
	 Effective Percent: 12,44%
Leech
	 Rating: 3060
	 Multiplicative Factor: 0%
	 Eff: 5099,661782987872
	 DR Bracket: 0
	 Base: 2%
	 Effective Percent: 5%
Avoidance
	 Rating: -0
	 Multiplicative Factor: 0%
	 Eff: -0,3180309960171144
	 DR Bracket: 0
	 Base: 0%
	 Effective Percent: -0%
Mastery
	 Rating: 23446
	 Multiplicative Factor: 0%
	 Eff: 30901,650004985244
	 DR Bracket: 1
	 Base: 19,8%
	 Effective Percent: 79,46%
----------------------
02:03,567

Intellect
	 Rating: 139425
	 Multiplicative Factor: 8,15%
	 Eff: 139425,00000000006
Stamina
	 Rating: 868193
	 Multiplicative Factor: 11,3%
	 Eff: 868193
Crit
	 Rating: 28295
	 Multiplicative Factor: 0%
	 Eff: 31035,630674864828
	 DR Bracket: 2
	 Base: 5%
	 Effective Percent: 44,34%
	 Crit Inc Heal: 2,6
	 Crit Inc Damage: 2
Haste
	 Rating: 10871
	 Multiplicative Factor: 0%
	 Eff: 15483,50894440793
	 DR Bracket: 0
	 Base: 6%
	 Effective Percent: 23,46%
Vers
	 Rating: 7365
	 Multiplicative Factor: 0%
	 Eff: 9704,865067102985
	 DR Bracket: 0
	 Base: 3%
	 Effective Percent: 12,44%
Leech
	 Rating: 3060
	 Multiplicative Factor: 0%
	 Eff: 5099,661782987872
	 DR Bracket: 0
	 Base: 2%
	 Effective Percent: 5%
Avoidance
	 Rating: -0
	 Multiplicative Factor: 0%
	 Eff: -0,3180309960171144
	 DR Bracket: 0
	 Base: 0%
	 Effective Percent: -0%
Mastery
	 Rating: 23446
	 Multiplicative Factor: 0%
	 Eff: 30901,650004985244
	 DR Bracket: 1
	 Base: 19,8%
	 Effective Percent: 79,46%
----------------------
02:09,137

Intellect
	 Rating: 139425
	 Multiplicative Factor: 8,15%
	 Eff: 139425,00000000006
Stamina
	 Rating: 868193
	 Multiplicative Factor: 11,3%
	 Eff: 868193
Crit
	 Rating: 22310
	 Multiplicative Factor: 0%
	 Eff: 25678,695494427884
	 DR Bracket: 1
	 Base: 5%
	 Effective Percent: 36,68%
	 Crit Inc Heal: 2
	 Crit Inc Damage: 2
Haste
	 Rating: 10871
	 Multiplicative Factor: 0%
	 Eff: 10871,234853215028
	 DR Bracket: 0
	 Base: 0%
	 Effective Percent: 16,47%
Vers
	 Rating: 7365
	 Multiplicative Factor: 0%
	 Eff: 9704,865067102985
	 DR Bracket: 0
	 Base: 3%
	 Effective Percent: 12,44%
Leech
	 Rating: 3060
	 Multiplicative Factor: 0%
	 Eff: 5099,661782987872
	 DR Bracket: 0
	 Base: 2%
	 Effective Percent: 5%
Avoidance
	 Rating: -0
	 Multiplicative Factor: 0%
	 Eff: -0,3180309960171144
	 DR Bracket: 0
	 Base: 0%
	 Effective Percent: -0%
Mastery
	 Rating: 23446
	 Multiplicative Factor: 0%
	 Eff: 30901,650004985244
	 DR Bracket: 1
	 Base: 19,8%
	 Effective Percent: 79,46%
----------------------
02:14,806

Intellect
	 Rating: 139425
	 Multiplicative Factor: 8,15%
	 Eff: 139425,00000000006
Stamina
	 Rating: 868193
	 Multiplicative Factor: 11,3%
	 Eff: 868193
Crit
	 Rating: 22310
	 Multiplicative Factor: 0%
	 Eff: 25678,695494427884
	 DR Bracket: 1
	 Base: 5%
	 Effective Percent: 36,68%
	 Crit Inc Heal: 2
	 Crit Inc Damage: 2
Haste
	 Rating: 10871
	 Multiplicative Factor: 0%
	 Eff: 10871,234853215028
	 DR Bracket: 0
	 Base: 0%
	 Effective Percent: 16,47%
Vers
	 Rating: 7365
	 Multiplicative Factor: 0%
	 Eff: 9704,865067102985
	 DR Bracket: 0
	 Base: 3%
	 Effective Percent: 12,44%
Leech
	 Rating: 3060
	 Multiplicative Factor: 0%
	 Eff: 5099,661782987872
	 DR Bracket: 0
	 Base: 2%
	 Effective Percent: 5%
Avoidance
	 Rating: -0
	 Multiplicative Factor: 0%
	 Eff: -0,3180309960171144
	 DR Bracket: 0
	 Base: 0%
	 Effective Percent: -0%
Mastery
	 Rating: 23446
	 Multiplicative Factor: 0%
	 Eff: 30901,650004985244
	 DR Bracket: 1
	 Base: 19,8%
	 Effective Percent: 79,46%
----------------------
02:20,035

Intellect
	 Rating: 139425
	 Multiplicative Factor: 8,15%
	 Eff: 139425,00000000006
Stamina
	 Rating: 868193
	 Multiplicative Factor: 11,3%
	 Eff: 868193
Crit
	 Rating: 22310
	 Multiplicative Factor: 0%
	 Eff: 25678,695494427884
	 DR Bracket: 1
	 Base: 5%
	 Effective Percent: 36,68%
	 Crit Inc Heal: 2
	 Crit Inc Damage: 2
Haste
	 Rating: 10871
	 Multiplicative Factor: 0%
	 Eff: 10871,234853215028
	 DR Bracket: 0
	 Base: 0%
	 Effective Percent: 16,47%
Vers
	 Rating: 7365
	 Multiplicative Factor: 0%
	 Eff: 9704,865067102985
	 DR Bracket: 0
	 Base: 3%
	 Effective Percent: 12,44%
Leech
	 Rating: 3060
	 Multiplicative Factor: 0%
	 Eff: 5099,661782987872
	 DR Bracket: 0
	 Base: 2%
	 Effective Percent: 5%
Avoidance
	 Rating: -0
	 Multiplicative Factor: 0%
	 Eff: -0,3180309960171144
	 DR Bracket: 0
	 Base: 0%
	 Effective Percent: -0%
Mastery
	 Rating: 23446
	 Multiplicative Factor: 0%
	 Eff: 30901,650004985244
	 DR Bracket: 1
	 Base: 19,8%
	 Effective Percent: 79,46%
----------------------
02:34,687

Intellect
	 Rating: 139425
	 Multiplicative Factor: 8,15%
	 Eff: 139425,00000000006
Stamina
	 Rating: 868193
	 Multiplicative Factor: 11,3%
	 Eff: 868193
Crit
	 Rating: 22310
	 Multiplicative Factor: 0%
	 Eff: 25678,695494427884
	 DR Bracket: 1
	 Base: 5%
	 Effective Percent: 36,68%
	 Crit Inc Heal: 2
	 Crit Inc Damage: 2
Haste
	 Rating: 10871
	 Multiplicative Factor: 0%
	 Eff: 10871,234853215028
	 DR Bracket: 0
	 Base: 0%
	 Effective Percent: 16,47%
Vers
	 Rating: 7365
	 Multiplicative Factor: 0%
	 Eff: 9704,865067102985
	 DR Bracket: 0
	 Base: 3%
	 Effective Percent: 12,44%
Leech
	 Rating: 3060
	 Multiplicative Factor: 0%
	 Eff: 5099,661782987872
	 DR Bracket: 0
	 Base: 2%
	 Effective Percent: 5%
Avoidance
	 Rating: -0
	 Multiplicative Factor: 0%
	 Eff: -0,3180309960171144
	 DR Bracket: 0
	 Base: 0%
	 Effective Percent: -0%
Mastery
	 Rating: 23446
	 Multiplicative Factor: 0%
	 Eff: 30901,650004985244
	 DR Bracket: 1
	 Base: 19,8%
	 Effective Percent: 79,46%
----------------------
02:39,927

Intellect
	 Rating: 146396
	 Multiplicative Factor: 13,56%
	 Eff: 146396,2500000001
Stamina
	 Rating: 868193
	 Multiplicative Factor: 11,3%
	 Eff: 868193
Crit
	 Rating: 22310
	 Multiplicative Factor: 0%
	 Eff: 25678,695494427884
	 DR Bracket: 1
	 Base: 5%
	 Effective Percent: 36,68%
	 Crit Inc Heal: 2,6
	 Crit Inc Damage: 2
Haste
	 Rating: 10871
	 Multiplicative Factor: 0%
	 Eff: 38544,87940037244
	 DR Bracket: 0
	 Base: 36%
	 Effective Percent: 58,4%
Vers
	 Rating: 7365
	 Multiplicative Factor: 0%
	 Eff: 9704,865067102985
	 DR Bracket: 0
	 Base: 3%
	 Effective Percent: 12,44%
Leech
	 Rating: 3060
	 Multiplicative Factor: 0%
	 Eff: 5099,661782987872
	 DR Bracket: 0
	 Base: 2%
	 Effective Percent: 5%
Avoidance
	 Rating: -0
	 Multiplicative Factor: 0%
	 Eff: -0,3180309960171144
	 DR Bracket: 0
	 Base: 0%
	 Effective Percent: -0%
Mastery
	 Rating: 23446
	 Multiplicative Factor: 0%
	 Eff: 30901,650004985244
	 DR Bracket: 1
	 Base: 19,8%
	 Effective Percent: 79,46%
----------------------
02:44,947

Intellect
	 Rating: 146396
	 Multiplicative Factor: 13,56%
	 Eff: 146396,2500000001
Stamina
	 Rating: 868193
	 Multiplicative Factor: 11,3%
	 Eff: 868193
Crit
	 Rating: 22310
	 Multiplicative Factor: 0%
	 Eff: 25678,695494427884
	 DR Bracket: 1
	 Base: 5%
	 Effective Percent: 36,68%
	 Crit Inc Heal: 2,6
	 Crit Inc Damage: 2
Haste
	 Rating: 10871
	 Multiplicative Factor: 0%
	 Eff: 27782,906520922334
	 DR Bracket: 0
	 Base: 22%
	 Effective Percent: 42,1%
Vers
	 Rating: 7365
	 Multiplicative Factor: 0%
	 Eff: 9704,865067102985
	 DR Bracket: 0
	 Base: 3%
	 Effective Percent: 12,44%
Leech
	 Rating: 3060
	 Multiplicative Factor: 0%
	 Eff: 5099,661782987872
	 DR Bracket: 0
	 Base: 2%
	 Effective Percent: 5%
Avoidance
	 Rating: -0
	 Multiplicative Factor: 0%
	 Eff: -0,3180309960171144
	 DR Bracket: 0
	 Base: 0%
	 Effective Percent: -0%
Mastery
	 Rating: 23446
	 Multiplicative Factor: 0%
	 Eff: 30901,650004985244
	 DR Bracket: 1
	 Base: 19,8%
	 Effective Percent: 79,46%
----------------------
02:49,974

Intellect
	 Rating: 146396
	 Multiplicative Factor: 13,56%
	 Eff: 146396,2500000001
Stamina
	 Rating: 868193
	 Multiplicative Factor: 11,3%
	 Eff: 868193
Crit
	 Rating: 22310
	 Multiplicative Factor: 0%
	 Eff: 25678,695494427884
	 DR Bracket: 1
	 Base: 5%
	 Effective Percent: 36,68%
	 Crit Inc Heal: 2,6
	 Crit Inc Damage: 2
Haste
	 Rating: 10871
	 Multiplicative Factor: 0%
	 Eff: 23939,344778261584
	 DR Bracket: 0
	 Base: 17%
	 Effective Percent: 36,27%
Vers
	 Rating: 7365
	 Multiplicative Factor: 0%
	 Eff: 9704,865067102985
	 DR Bracket: 0
	 Base: 3%
	 Effective Percent: 12,44%
Leech
	 Rating: 3060
	 Multiplicative Factor: 0%
	 Eff: 5099,661782987872
	 DR Bracket: 0
	 Base: 2%
	 Effective Percent: 5%
Avoidance
	 Rating: -0
	 Multiplicative Factor: 0%
	 Eff: -0,3180309960171144
	 DR Bracket: 0
	 Base: 0%
	 Effective Percent: -0%
Mastery
	 Rating: 23446
	 Multiplicative Factor: 0%
	 Eff: 30901,650004985244
	 DR Bracket: 1
	 Base: 19,8%
	 Effective Percent: 79,46%
----------------------
02:55,279

Intellect
	 Rating: 146396
	 Multiplicative Factor: 13,56%
	 Eff: 146396,2500000001
Stamina
	 Rating: 868193
	 Multiplicative Factor: 11,3%
	 Eff: 868193
Crit
	 Rating: 22310
	 Multiplicative Factor: 0%
	 Eff: 25678,695494427884
	 DR Bracket: 1
	 Base: 5%
	 Effective Percent: 36,68%
	 Crit Inc Heal: 2,6
	 Crit Inc Damage: 2
Haste
	 Rating: 10871
	 Multiplicative Factor: 0%
	 Eff: 20095,78303560083
	 DR Bracket: 0
	 Base: 12%
	 Effective Percent: 30,45%
Vers
	 Rating: 7365
	 Multiplicative Factor: 0%
	 Eff: 9704,865067102985
	 DR Bracket: 0
	 Base: 3%
	 Effective Percent: 12,44%
Leech
	 Rating: 3060
	 Multiplicative Factor: 0%
	 Eff: 5099,661782987872
	 DR Bracket: 0
	 Base: 2%
	 Effective Percent: 5%
Avoidance
	 Rating: -0
	 Multiplicative Factor: 0%
	 Eff: -0,3180309960171144
	 DR Bracket: 0
	 Base: 0%
	 Effective Percent: -0%
Mastery
	 Rating: 23446
	 Multiplicative Factor: 0%
	 Eff: 30901,650004985244
	 DR Bracket: 1
	 Base: 19,8%
	 Effective Percent: 79,46%
----------------------
03:00,443

Intellect
	 Rating: 146396
	 Multiplicative Factor: 13,56%
	 Eff: 146396,2500000001
Stamina
	 Rating: 868193
	 Multiplicative Factor: 11,3%
	 Eff: 868193
Crit
	 Rating: 22310
	 Multiplicative Factor: 0%
	 Eff: 25678,695494427884
	 DR Bracket: 1
	 Base: 5%
	 Effective Percent: 36,68%
	 Crit Inc Heal: 2,6
	 Crit Inc Damage: 2
Haste
	 Rating: 10871
	 Multiplicative Factor: 0%
	 Eff: 16252,221292940081
	 DR Bracket: 0
	 Base: 7%
	 Effective Percent: 24,62%
Vers
	 Rating: 7365
	 Multiplicative Factor: 0%
	 Eff: 9704,865067102985
	 DR Bracket: 0
	 Base: 3%
	 Effective Percent: 12,44%
Leech
	 Rating: 3060
	 Multiplicative Factor: 0%
	 Eff: 5099,661782987872
	 DR Bracket: 0
	 Base: 2%
	 Effective Percent: 5%
Avoidance
	 Rating: -0
	 Multiplicative Factor: 0%
	 Eff: -0,3180309960171144
	 DR Bracket: 0
	 Base: 0%
	 Effective Percent: -0%
Mastery
	 Rating: 23446
	 Multiplicative Factor: 0%
	 Eff: 30901,650004985244
	 DR Bracket: 1
	 Base: 19,8%
	 Effective Percent: 79,46%
----------------------
03:05,757

Intellect
	 Rating: 146396
	 Multiplicative Factor: 13,56%
	 Eff: 146396,2500000001
Stamina
	 Rating: 868193
	 Multiplicative Factor: 11,3%
	 Eff: 868193
Crit
	 Rating: 28295
	 Multiplicative Factor: 0%
	 Eff: 31035,630674864828
	 DR Bracket: 2
	 Base: 5%
	 Effective Percent: 44,34%
	 Crit Inc Heal: 2,6
	 Crit Inc Damage: 2
Haste
	 Rating: 10871
	 Multiplicative Factor: 0%
	 Eff: 18558,35833853653
	 DR Bracket: 0
	 Base: 10%
	 Effective Percent: 28,12%
Vers
	 Rating: 7365
	 Multiplicative Factor: 0%
	 Eff: 9704,865067102985
	 DR Bracket: 0
	 Base: 3%
	 Effective Percent: 12,44%
Leech
	 Rating: 3060
	 Multiplicative Factor: 0%
	 Eff: 5099,661782987872
	 DR Bracket: 0
	 Base: 2%
	 Effective Percent: 5%
Avoidance
	 Rating: -0
	 Multiplicative Factor: 0%
	 Eff: -0,3180309960171144
	 DR Bracket: 0
	 Base: 0%
	 Effective Percent: -0%
Mastery
	 Rating: 23446
	 Multiplicative Factor: 0%
	 Eff: 30901,650004985244
	 DR Bracket: 1
	 Base: 19,8%
	 Effective Percent: 79,46%
----------------------
03:10,819

Intellect
	 Rating: 146396
	 Multiplicative Factor: 13,56%
	 Eff: 146396,2500000001
Stamina
	 Rating: 868193
	 Multiplicative Factor: 11,3%
	 Eff: 868193
Crit
	 Rating: 28295
	 Multiplicative Factor: 0%
	 Eff: 31035,630674864828
	 DR Bracket: 2
	 Base: 5%
	 Effective Percent: 44,34%
	 Crit Inc Heal: 2,6
	 Crit Inc Damage: 2
Haste
	 Rating: 10871
	 Multiplicative Factor: 0%
	 Eff: 17789,64599000438
	 DR Bracket: 0
	 Base: 9%
	 Effective Percent: 26,95%
Vers
	 Rating: 7365
	 Multiplicative Factor: 0%
	 Eff: 9704,865067102985
	 DR Bracket: 0
	 Base: 3%
	 Effective Percent: 12,44%
Leech
	 Rating: 3060
	 Multiplicative Factor: 0%
	 Eff: 5099,661782987872
	 DR Bracket: 0
	 Base: 2%
	 Effective Percent: 5%
Avoidance
	 Rating: -0
	 Multiplicative Factor: 0%
	 Eff: -0,3180309960171144
	 DR Bracket: 0
	 Base: 0%
	 Effective Percent: -0%
Mastery
	 Rating: 23446
	 Multiplicative Factor: 0%
	 Eff: 30901,650004985244
	 DR Bracket: 1
	 Base: 19,8%
	 Effective Percent: 79,46%
----------------------
03:15,926

Intellect
	 Rating: 146396
	 Multiplicative Factor: 13,56%
	 Eff: 146396,2500000001
Stamina
	 Rating: 868193
	 Multiplicative Factor: 11,3%
	 Eff: 868193
Crit
	 Rating: 22310
	 Multiplicative Factor: 0%
	 Eff: 25678,695494427884
	 DR Bracket: 1
	 Base: 5%
	 Effective Percent: 36,68%
	 Crit Inc Heal: 2
	 Crit Inc Damage: 2
Haste
	 Rating: 10871
	 Multiplicative Factor: 0%
	 Eff: 10871,234853215028
	 DR Bracket: 0
	 Base: 0%
	 Effective Percent: 16,47%
Vers
	 Rating: 7365
	 Multiplicative Factor: 0%
	 Eff: 9704,865067102985
	 DR Bracket: 0
	 Base: 3%
	 Effective Percent: 12,44%
Leech
	 Rating: 3060
	 Multiplicative Factor: 0%
	 Eff: 5099,661782987872
	 DR Bracket: 0
	 Base: 2%
	 Effective Percent: 5%
Avoidance
	 Rating: -0
	 Multiplicative Factor: 0%
	 Eff: -0,3180309960171144
	 DR Bracket: 0
	 Base: 0%
	 Effective Percent: -0%
Mastery
	 Rating: 23446
	 Multiplicative Factor: 0%
	 Eff: 30901,650004985244
	 DR Bracket: 1
	 Base: 19,8%
	 Effective Percent: 79,46%
----------------------
03:21,172

Intellect
	 Rating: 146396
	 Multiplicative Factor: 13,56%
	 Eff: 146396,2500000001
Stamina
	 Rating: 868193
	 Multiplicative Factor: 11,3%
	 Eff: 868193
Crit
	 Rating: 22310
	 Multiplicative Factor: 0%
	 Eff: 25678,695494427884
	 DR Bracket: 1
	 Base: 5%
	 Effective Percent: 36,68%
	 Crit Inc Heal: 2
	 Crit Inc Damage: 2
Haste
	 Rating: 10871
	 Multiplicative Factor: 0%
	 Eff: 10871,234853215028
	 DR Bracket: 0
	 Base: 0%
	 Effective Percent: 16,47%
Vers
	 Rating: 7365
	 Multiplicative Factor: 0%
	 Eff: 9704,865067102985
	 DR Bracket: 0
	 Base: 3%
	 Effective Percent: 12,44%
Leech
	 Rating: 3060
	 Multiplicative Factor: 0%
	 Eff: 5099,661782987872
	 DR Bracket: 0
	 Base: 2%
	 Effective Percent: 5%
Avoidance
	 Rating: -0
	 Multiplicative Factor: 0%
	 Eff: -0,3180309960171144
	 DR Bracket: 0
	 Base: 0%
	 Effective Percent: -0%
Mastery
	 Rating: 23446
	 Multiplicative Factor: 0%
	 Eff: 30901,650004985244
	 DR Bracket: 1
	 Base: 19,8%
	 Effective Percent: 79,46%
----------------------
03:26,268

Intellect
	 Rating: 139425
	 Multiplicative Factor: 8,15%
	 Eff: 139425,00000000006
Stamina
	 Rating: 868193
	 Multiplicative Factor: 11,3%
	 Eff: 868193
Crit
	 Rating: 22310
	 Multiplicative Factor: 0%
	 Eff: 25678,695494427884
	 DR Bracket: 1
	 Base: 5%
	 Effective Percent: 36,68%
	 Crit Inc Heal: 2
	 Crit Inc Damage: 2
Haste
	 Rating: 10871
	 Multiplicative Factor: 0%
	 Eff: 10871,234853215028
	 DR Bracket: 0
	 Base: 0%
	 Effective Percent: 16,47%
Vers
	 Rating: 7365
	 Multiplicative Factor: 0%
	 Eff: 9704,865067102985
	 DR Bracket: 0
	 Base: 3%
	 Effective Percent: 12,44%
Leech
	 Rating: 3060
	 Multiplicative Factor: 0%
	 Eff: 5099,661782987872
	 DR Bracket: 0
	 Base: 2%
	 Effective Percent: 5%
Avoidance
	 Rating: -0
	 Multiplicative Factor: 0%
	 Eff: -0,3180309960171144
	 DR Bracket: 0
	 Base: 0%
	 Effective Percent: -0%
Mastery
	 Rating: 23446
	 Multiplicative Factor: 0%
	 Eff: 30901,650004985244
	 DR Bracket: 1
	 Base: 19,8%
	 Effective Percent: 79,46%
----------------------
03:31,519

Intellect
	 Rating: 139425
	 Multiplicative Factor: 8,15%
	 Eff: 139425,00000000006
Stamina
	 Rating: 868193
	 Multiplicative Factor: 11,3%
	 Eff: 868193
Crit
	 Rating: 22310
	 Multiplicative Factor: 0%
	 Eff: 25678,695494427884
	 DR Bracket: 1
	 Base: 5%
	 Effective Percent: 36,68%
	 Crit Inc Heal: 2
	 Crit Inc Damage: 2
Haste
	 Rating: 10871
	 Multiplicative Factor: 0%
	 Eff: 10871,234853215028
	 DR Bracket: 0
	 Base: 0%
	 Effective Percent: 16,47%
Vers
	 Rating: 7365
	 Multiplicative Factor: 0%
	 Eff: 9704,865067102985
	 DR Bracket: 0
	 Base: 3%
	 Effective Percent: 12,44%
Leech
	 Rating: 3060
	 Multiplicative Factor: 0%
	 Eff: 5099,661782987872
	 DR Bracket: 0
	 Base: 2%
	 Effective Percent: 5%
Avoidance
	 Rating: -0
	 Multiplicative Factor: 0%
	 Eff: -0,3180309960171144
	 DR Bracket: 0
	 Base: 0%
	 Effective Percent: -0%
Mastery
	 Rating: 23446
	 Multiplicative Factor: 0%
	 Eff: 30901,650004985244
	 DR Bracket: 1
	 Base: 19,8%
	 Effective Percent: 79,46%
----------------------
03:39,250

Intellect
	 Rating: 139425
	 Multiplicative Factor: 8,15%
	 Eff: 139425,00000000006
Stamina
	 Rating: 868193
	 Multiplicative Factor: 11,3%
	 Eff: 868193
Crit
	 Rating: 22310
	 Multiplicative Factor: 0%
	 Eff: 25678,695494427884
	 DR Bracket: 1
	 Base: 5%
	 Effective Percent: 36,68%
	 Crit Inc Heal: 2
	 Crit Inc Damage: 2
Haste
	 Rating: 10871
	 Multiplicative Factor: 0%
	 Eff: 10871,234853215028
	 DR Bracket: 0
	 Base: 0%
	 Effective Percent: 16,47%
Vers
	 Rating: 7365
	 Multiplicative Factor: 0%
	 Eff: 9704,865067102985
	 DR Bracket: 0
	 Base: 3%
	 Effective Percent: 12,44%
Leech
	 Rating: 3060
	 Multiplicative Factor: 0%
	 Eff: 5099,661782987872
	 DR Bracket: 0
	 Base: 2%
	 Effective Percent: 5%
Avoidance
	 Rating: -0
	 Multiplicative Factor: 0%
	 Eff: -0,3180309960171144
	 DR Bracket: 0
	 Base: 0%
	 Effective Percent: -0%
Mastery
	 Rating: 23446
	 Multiplicative Factor: 0%
	 Eff: 30901,650004985244
	 DR Bracket: 1
	 Base: 19,8%
	 Effective Percent: 79,46%
----------------------
03:50,631

Intellect
	 Rating: 139425
	 Multiplicative Factor: 8,15%
	 Eff: 139425,00000000006
Stamina
	 Rating: 868193
	 Multiplicative Factor: 11,3%
	 Eff: 868193
Crit
	 Rating: 22310
	 Multiplicative Factor: 0%
	 Eff: 25678,695494427884
	 DR Bracket: 1
	 Base: 5%
	 Effective Percent: 36,68%
	 Crit Inc Heal: 2
	 Crit Inc Damage: 2
Haste
	 Rating: 10871
	 Multiplicative Factor: 0%
	 Eff: 10871,234853215028
	 DR Bracket: 0
	 Base: 0%
	 Effective Percent: 16,47%
Vers
	 Rating: 7365
	 Multiplicative Factor: 0%
	 Eff: 9704,865067102985
	 DR Bracket: 0
	 Base: 3%
	 Effective Percent: 12,44%
Leech
	 Rating: 3060
	 Multiplicative Factor: 0%
	 Eff: 5099,661782987872
	 DR Bracket: 0
	 Base: 2%
	 Effective Percent: 5%
Avoidance
	 Rating: -0
	 Multiplicative Factor: 0%
	 Eff: -0,3180309960171144
	 DR Bracket: 0
	 Base: 0%
	 Effective Percent: -0%
Mastery
	 Rating: 23446
	 Multiplicative Factor: 0%
	 Eff: 30901,650004985244
	 DR Bracket: 1
	 Base: 19,8%
	 Effective Percent: 79,46%
----------------------
03:55,655

Intellect
	 Rating: 146396
	 Multiplicative Factor: 13,56%
	 Eff: 146396,2500000001
Stamina
	 Rating: 868193
	 Multiplicative Factor: 11,3%
	 Eff: 868193
Crit
	 Rating: 22310
	 Multiplicative Factor: 0%
	 Eff: 25678,695494427884
	 DR Bracket: 1
	 Base: 5%
	 Effective Percent: 36,68%
	 Crit Inc Heal: 2,6
	 Crit Inc Damage: 2
Haste
	 Rating: 10871
	 Multiplicative Factor: 0%
	 Eff: 38544,87940037244
	 DR Bracket: 0
	 Base: 36%
	 Effective Percent: 58,4%
Vers
	 Rating: 7365
	 Multiplicative Factor: 0%
	 Eff: 9704,865067102985
	 DR Bracket: 0
	 Base: 3%
	 Effective Percent: 12,44%
Leech
	 Rating: 3060
	 Multiplicative Factor: 0%
	 Eff: 5099,661782987872
	 DR Bracket: 0
	 Base: 2%
	 Effective Percent: 5%
Avoidance
	 Rating: -0
	 Multiplicative Factor: 0%
	 Eff: -0,3180309960171144
	 DR Bracket: 0
	 Base: 0%
	 Effective Percent: -0%
Mastery
	 Rating: 23446
	 Multiplicative Factor: 0%
	 Eff: 30901,650004985244
	 DR Bracket: 1
	 Base: 19,8%
	 Effective Percent: 79,46%
----------------------
04:00,769

Intellect
	 Rating: 146396
	 Multiplicative Factor: 13,56%
	 Eff: 146396,2500000001
Stamina
	 Rating: 868193
	 Multiplicative Factor: 11,3%
	 Eff: 868193
Crit
	 Rating: 22310
	 Multiplicative Factor: 0%
	 Eff: 25678,695494427884
	 DR Bracket: 1
	 Base: 5%
	 Effective Percent: 36,68%
	 Crit Inc Heal: 2,6
	 Crit Inc Damage: 2
Haste
	 Rating: 10871
	 Multiplicative Factor: 0%
	 Eff: 34701,31765771168
	 DR Bracket: 0
	 Base: 31%
	 Effective Percent: 52,58%
Vers
	 Rating: 7365
	 Multiplicative Factor: 0%
	 Eff: 9704,865067102985
	 DR Bracket: 0
	 Base: 3%
	 Effective Percent: 12,44%
Leech
	 Rating: 3060
	 Multiplicative Factor: 0%
	 Eff: 5099,661782987872
	 DR Bracket: 0
	 Base: 2%
	 Effective Percent: 5%
Avoidance
	 Rating: -0
	 Multiplicative Factor: 0%
	 Eff: -0,3180309960171144
	 DR Bracket: 0
	 Base: 0%
	 Effective Percent: -0%
Mastery
	 Rating: 23446
	 Multiplicative Factor: 0%
	 Eff: 30901,650004985244
	 DR Bracket: 1
	 Base: 19,8%
	 Effective Percent: 79,46%
----------------------
04:05,785

Intellect
	 Rating: 146396
	 Multiplicative Factor: 13,56%
	 Eff: 146396,2500000001
Stamina
	 Rating: 868193
	 Multiplicative Factor: 11,3%
	 Eff: 868193
Crit
	 Rating: 22310
	 Multiplicative Factor: 0%
	 Eff: 25678,695494427884
	 DR Bracket: 1
	 Base: 5%
	 Effective Percent: 36,68%
	 Crit Inc Heal: 2,6
	 Crit Inc Damage: 2
Haste
	 Rating: 10871
	 Multiplicative Factor: 0%
	 Eff: 23939,344778261584
	 DR Bracket: 0
	 Base: 17%
	 Effective Percent: 36,27%
Vers
	 Rating: 7365
	 Multiplicative Factor: 0%
	 Eff: 9704,865067102985
	 DR Bracket: 0
	 Base: 3%
	 Effective Percent: 12,44%
Leech
	 Rating: 3060
	 Multiplicative Factor: 0%
	 Eff: 5099,661782987872
	 DR Bracket: 0
	 Base: 2%
	 Effective Percent: 5%
Avoidance
	 Rating: -0
	 Multiplicative Factor: 0%
	 Eff: -0,3180309960171144
	 DR Bracket: 0
	 Base: 0%
	 Effective Percent: -0%
Mastery
	 Rating: 23446
	 Multiplicative Factor: 0%
	 Eff: 30901,650004985244
	 DR Bracket: 1
	 Base: 19,8%
	 Effective Percent: 79,46%
----------------------
04:10,849

Intellect
	 Rating: 146396
	 Multiplicative Factor: 13,56%
	 Eff: 146396,2500000001
Stamina
	 Rating: 868193
	 Multiplicative Factor: 11,3%
	 Eff: 868193
Crit
	 Rating: 22310
	 Multiplicative Factor: 0%
	 Eff: 25678,695494427884
	 DR Bracket: 1
	 Base: 5%
	 Effective Percent: 36,68%
	 Crit Inc Heal: 2,6
	 Crit Inc Damage: 2
Haste
	 Rating: 10871
	 Multiplicative Factor: 0%
	 Eff: 20095,78303560083
	 DR Bracket: 0
	 Base: 12%
	 Effective Percent: 30,45%
Vers
	 Rating: 7365
	 Multiplicative Factor: 0%
	 Eff: 9704,865067102985
	 DR Bracket: 0
	 Base: 3%
	 Effective Percent: 12,44%
Leech
	 Rating: 3060
	 Multiplicative Factor: 0%
	 Eff: 5099,661782987872
	 DR Bracket: 0
	 Base: 2%
	 Effective Percent: 5%
Avoidance
	 Rating: -0
	 Multiplicative Factor: 0%
	 Eff: -0,3180309960171144
	 DR Bracket: 0
	 Base: 0%
	 Effective Percent: -0%
Mastery
	 Rating: 23446
	 Multiplicative Factor: 0%
	 Eff: 30901,650004985244
	 DR Bracket: 1
	 Base: 19,8%
	 Effective Percent: 79,46%
----------------------
04:15,862

Intellect
	 Rating: 146396
	 Multiplicative Factor: 13,56%
	 Eff: 146396,2500000001
Stamina
	 Rating: 868193
	 Multiplicative Factor: 11,3%
	 Eff: 868193
Crit
	 Rating: 22310
	 Multiplicative Factor: 0%
	 Eff: 25678,695494427884
	 DR Bracket: 1
	 Base: 5%
	 Effective Percent: 36,68%
	 Crit Inc Heal: 2,6
	 Crit Inc Damage: 2
Haste
	 Rating: 10871
	 Multiplicative Factor: 0%
	 Eff: 16252,221292940081
	 DR Bracket: 0
	 Base: 7%
	 Effective Percent: 24,62%
Vers
	 Rating: 7365
	 Multiplicative Factor: 0%
	 Eff: 9704,865067102985
	 DR Bracket: 0
	 Base: 3%
	 Effective Percent: 12,44%
Leech
	 Rating: 3060
	 Multiplicative Factor: 0%
	 Eff: 5099,661782987872
	 DR Bracket: 0
	 Base: 2%
	 Effective Percent: 5%
Avoidance
	 Rating: -0
	 Multiplicative Factor: 0%
	 Eff: -0,3180309960171144
	 DR Bracket: 0
	 Base: 0%
	 Effective Percent: -0%
Mastery
	 Rating: 23446
	 Multiplicative Factor: 0%
	 Eff: 30901,650004985244
	 DR Bracket: 1
	 Base: 19,8%
	 Effective Percent: 79,46%
----------------------
04:20,896

Intellect
	 Rating: 146396
	 Multiplicative Factor: 13,56%
	 Eff: 146396,2500000001
Stamina
	 Rating: 868193
	 Multiplicative Factor: 11,3%
	 Eff: 868193
Crit
	 Rating: 22310
	 Multiplicative Factor: 0%
	 Eff: 25678,695494427884
	 DR Bracket: 1
	 Base: 5%
	 Effective Percent: 36,68%
	 Crit Inc Heal: 2,6
	 Crit Inc Damage: 2
Haste
	 Rating: 10871
	 Multiplicative Factor: 0%
	 Eff: 12408,659550279328
	 DR Bracket: 0
	 Base: 2%
	 Effective Percent: 18,8%
Vers
	 Rating: 7365
	 Multiplicative Factor: 0%
	 Eff: 9704,865067102985
	 DR Bracket: 0
	 Base: 3%
	 Effective Percent: 12,44%
Leech
	 Rating: 3060
	 Multiplicative Factor: 0%
	 Eff: 5099,661782987872
	 DR Bracket: 0
	 Base: 2%
	 Effective Percent: 5%
Avoidance
	 Rating: -0
	 Multiplicative Factor: 0%
	 Eff: -0,3180309960171144
	 DR Bracket: 0
	 Base: 0%
	 Effective Percent: -0%
Mastery
	 Rating: 23446
	 Multiplicative Factor: 0%
	 Eff: 30901,650004985244
	 DR Bracket: 1
	 Base: 19,8%
	 Effective Percent: 79,46%
----------------------
04:26,056

Intellect
	 Rating: 146396
	 Multiplicative Factor: 13,56%
	 Eff: 146396,2500000001
Stamina
	 Rating: 868193
	 Multiplicative Factor: 11,3%
	 Eff: 868193
Crit
	 Rating: 22310
	 Multiplicative Factor: 0%
	 Eff: 25678,695494427884
	 DR Bracket: 1
	 Base: 5%
	 Effective Percent: 36,68%
	 Crit Inc Heal: 2,6
	 Crit Inc Damage: 2
Haste
	 Rating: 10871
	 Multiplicative Factor: 0%
	 Eff: 10871,234853215028
	 DR Bracket: 0
	 Base: 0%
	 Effective Percent: 16,47%
Vers
	 Rating: 7365
	 Multiplicative Factor: 0%
	 Eff: 9704,865067102985
	 DR Bracket: 0
	 Base: 3%
	 Effective Percent: 12,44%
Leech
	 Rating: 3060
	 Multiplicative Factor: 0%
	 Eff: 5099,661782987872
	 DR Bracket: 0
	 Base: 2%
	 Effective Percent: 5%
Avoidance
	 Rating: -0
	 Multiplicative Factor: 0%
	 Eff: -0,3180309960171144
	 DR Bracket: 0
	 Base: 0%
	 Effective Percent: -0%
Mastery
	 Rating: 23446
	 Multiplicative Factor: 0%
	 Eff: 30901,650004985244
	 DR Bracket: 1
	 Base: 19,8%
	 Effective Percent: 79,46%
----------------------
04:31,129

Intellect
	 Rating: 146396
	 Multiplicative Factor: 13,56%
	 Eff: 146396,2500000001
Stamina
	 Rating: 868193
	 Multiplicative Factor: 11,3%
	 Eff: 868193
Crit
	 Rating: 22310
	 Multiplicative Factor: 0%
	 Eff: 25678,695494427884
	 DR Bracket: 1
	 Base: 5%
	 Effective Percent: 36,68%
	 Crit Inc Heal: 2,6
	 Crit Inc Damage: 2
Haste
	 Rating: 10871
	 Multiplicative Factor: 0%
	 Eff: 13177,371898811478
	 DR Bracket: 0
	 Base: 3%
	 Effective Percent: 19,97%
Vers
	 Rating: 7365
	 Multiplicative Factor: 0%
	 Eff: 9704,865067102985
	 DR Bracket: 0
	 Base: 3%
	 Effective Percent: 12,44%
Leech
	 Rating: 3060
	 Multiplicative Factor: 0%
	 Eff: 5099,661782987872
	 DR Bracket: 0
	 Base: 2%
	 Effective Percent: 5%
Avoidance
	 Rating: -0
	 Multiplicative Factor: 0%
	 Eff: -0,3180309960171144
	 DR Bracket: 0
	 Base: 0%
	 Effective Percent: -0%
Mastery
	 Rating: 23446
	 Multiplicative Factor: 0%
	 Eff: 30901,650004985244
	 DR Bracket: 1
	 Base: 19,8%
	 Effective Percent: 79,46%
----------------------
04:36,150

Intellect
	 Rating: 146396
	 Multiplicative Factor: 13,56%
	 Eff: 146396,2500000001
Stamina
	 Rating: 868193
	 Multiplicative Factor: 11,3%
	 Eff: 868193
Crit
	 Rating: 22310
	 Multiplicative Factor: 0%
	 Eff: 25678,695494427884
	 DR Bracket: 1
	 Base: 5%
	 Effective Percent: 36,68%
	 Crit Inc Heal: 2
	 Crit Inc Damage: 2
Haste
	 Rating: 10871
	 Multiplicative Factor: 0%
	 Eff: 13177,371898811478
	 DR Bracket: 0
	 Base: 3%
	 Effective Percent: 19,97%
Vers
	 Rating: 7365
	 Multiplicative Factor: 0%
	 Eff: 9704,865067102985
	 DR Bracket: 0
	 Base: 3%
	 Effective Percent: 12,44%
Leech
	 Rating: 3060
	 Multiplicative Factor: 0%
	 Eff: 5099,661782987872
	 DR Bracket: 0
	 Base: 2%
	 Effective Percent: 5%
Avoidance
	 Rating: -0
	 Multiplicative Factor: 0%
	 Eff: -0,3180309960171144
	 DR Bracket: 0
	 Base: 0%
	 Effective Percent: -0%
Mastery
	 Rating: 23446
	 Multiplicative Factor: 0%
	 Eff: 30901,650004985244
	 DR Bracket: 1
	 Base: 19,8%
	 Effective Percent: 79,46%
----------------------
04:42,039

Intellect
	 Rating: 146396
	 Multiplicative Factor: 13,56%
	 Eff: 146396,2500000001
Stamina
	 Rating: 868193
	 Multiplicative Factor: 11,3%
	 Eff: 868193
Crit
	 Rating: 22310
	 Multiplicative Factor: 0%
	 Eff: 25678,695494427884
	 DR Bracket: 1
	 Base: 5%
	 Effective Percent: 36,68%
	 Crit Inc Heal: 2,6
	 Crit Inc Damage: 2
Haste
	 Rating: 10871
	 Multiplicative Factor: 0%
	 Eff: 13177,371898811478
	 DR Bracket: 0
	 Base: 3%
	 Effective Percent: 19,97%
Vers
	 Rating: 7365
	 Multiplicative Factor: 0%
	 Eff: 9704,865067102985
	 DR Bracket: 0
	 Base: 3%
	 Effective Percent: 12,44%
Leech
	 Rating: 3060
	 Multiplicative Factor: 0%
	 Eff: 5099,661782987872
	 DR Bracket: 0
	 Base: 2%
	 Effective Percent: 5%
Avoidance
	 Rating: -0
	 Multiplicative Factor: 0%
	 Eff: -0,3180309960171144
	 DR Bracket: 0
	 Base: 0%
	 Effective Percent: -0%
Mastery
	 Rating: 23446
	 Multiplicative Factor: 0%
	 Eff: 30901,650004985244
	 DR Bracket: 1
	 Base: 19,8%
	 Effective Percent: 79,46%
----------------------
04:47,615

Intellect
	 Rating: 139425
	 Multiplicative Factor: 8,15%
	 Eff: 139425,00000000006
Stamina
	 Rating: 868193
	 Multiplicative Factor: 11,3%
	 Eff: 868193
Crit
	 Rating: 22310
	 Multiplicative Factor: 0%
	 Eff: 25678,695494427884
	 DR Bracket: 1
	 Base: 5%
	 Effective Percent: 36,68%
	 Crit Inc Heal: 2
	 Crit Inc Damage: 2
Haste
	 Rating: 10871
	 Multiplicative Factor: 0%
	 Eff: 10871,234853215028
	 DR Bracket: 0
	 Base: 0%
	 Effective Percent: 16,47%
Vers
	 Rating: 7365
	 Multiplicative Factor: 0%
	 Eff: 9704,865067102985
	 DR Bracket: 0
	 Base: 3%
	 Effective Percent: 12,44%
Leech
	 Rating: 3060
	 Multiplicative Factor: 0%
	 Eff: 5099,661782987872
	 DR Bracket: 0
	 Base: 2%
	 Effective Percent: 5%
Avoidance
	 Rating: -0
	 Multiplicative Factor: 0%
	 Eff: -0,3180309960171144
	 DR Bracket: 0
	 Base: 0%
	 Effective Percent: -0%
Mastery
	 Rating: 23446
	 Multiplicative Factor: 0%
	 Eff: 30901,650004985244
	 DR Bracket: 1
	 Base: 19,8%
	 Effective Percent: 79,46%
----------------------
04:52,659

Intellect
	 Rating: 139425
	 Multiplicative Factor: 8,15%
	 Eff: 139425,00000000006
Stamina
	 Rating: 868193
	 Multiplicative Factor: 11,3%
	 Eff: 868193
Crit
	 Rating: 22310
	 Multiplicative Factor: 0%
	 Eff: 25678,695494427884
	 DR Bracket: 1
	 Base: 5%
	 Effective Percent: 36,68%
	 Crit Inc Heal: 2
	 Crit Inc Damage: 2
Haste
	 Rating: 10871
	 Multiplicative Factor: 0%
	 Eff: 33932,60530917953
	 DR Bracket: 0
	 Base: 30%
	 Effective Percent: 51,41%
Vers
	 Rating: 7365
	 Multiplicative Factor: 0%
	 Eff: 9704,865067102985
	 DR Bracket: 0
	 Base: 3%
	 Effective Percent: 12,44%
Leech
	 Rating: 3060
	 Multiplicative Factor: 0%
	 Eff: 5099,661782987872
	 DR Bracket: 0
	 Base: 2%
	 Effective Percent: 5%
Avoidance
	 Rating: -0
	 Multiplicative Factor: 0%
	 Eff: -0,3180309960171144
	 DR Bracket: 0
	 Base: 0%
	 Effective Percent: -0%
Mastery
	 Rating: 23446
	 Multiplicative Factor: 0%
	 Eff: 30901,650004985244
	 DR Bracket: 1
	 Base: 19,8%
	 Effective Percent: 79,46%
----------------------
04:57,943

Intellect
	 Rating: 139425
	 Multiplicative Factor: 8,15%
	 Eff: 139425,00000000006
Stamina
	 Rating: 868193
	 Multiplicative Factor: 11,3%
	 Eff: 868193
Crit
	 Rating: 22310
	 Multiplicative Factor: 0%
	 Eff: 25678,695494427884
	 DR Bracket: 1
	 Base: 5%
	 Effective Percent: 36,68%
	 Crit Inc Heal: 2,6
	 Crit Inc Damage: 2
Haste
	 Rating: 10871
	 Multiplicative Factor: 0%
	 Eff: 33932,60530917953
	 DR Bracket: 0
	 Base: 30%
	 Effective Percent: 51,41%
Vers
	 Rating: 7365
	 Multiplicative Factor: 0%
	 Eff: 9704,865067102985
	 DR Bracket: 0
	 Base: 3%
	 Effective Percent: 12,44%
Leech
	 Rating: 3060
	 Multiplicative Factor: 0%
	 Eff: 5099,661782987872
	 DR Bracket: 0
	 Base: 2%
	 Effective Percent: 5%
Avoidance
	 Rating: -0
	 Multiplicative Factor: 0%
	 Eff: -0,3180309960171144
	 DR Bracket: 0
	 Base: 0%
	 Effective Percent: -0%
Mastery
	 Rating: 23446
	 Multiplicative Factor: 0%
	 Eff: 30901,650004985244
	 DR Bracket: 1
	 Base: 19,8%
	 Effective Percent: 79,46%
----------------------
05:02,953

Intellect
	 Rating: 139425
	 Multiplicative Factor: 8,15%
	 Eff: 139425,00000000006
Stamina
	 Rating: 868193
	 Multiplicative Factor: 11,3%
	 Eff: 868193
Crit
	 Rating: 22310
	 Multiplicative Factor: 0%
	 Eff: 25678,695494427884
	 DR Bracket: 1
	 Base: 5%
	 Effective Percent: 36,68%
	 Crit Inc Heal: 2,6
	 Crit Inc Damage: 2
Haste
	 Rating: 10871
	 Multiplicative Factor: 0%
	 Eff: 33932,60530917953
	 DR Bracket: 0
	 Base: 30%
	 Effective Percent: 51,41%
Vers
	 Rating: 7365
	 Multiplicative Factor: 0%
	 Eff: 9704,865067102985
	 DR Bracket: 0
	 Base: 3%
	 Effective Percent: 12,44%
Leech
	 Rating: 3060
	 Multiplicative Factor: 0%
	 Eff: 5099,661782987872
	 DR Bracket: 0
	 Base: 2%
	 Effective Percent: 5%
Avoidance
	 Rating: -0
	 Multiplicative Factor: 0%
	 Eff: -0,3180309960171144
	 DR Bracket: 0
	 Base: 0%
	 Effective Percent: -0%
Mastery
	 Rating: 23446
	 Multiplicative Factor: 0%
	 Eff: 30901,650004985244
	 DR Bracket: 1
	 Base: 19,8%
	 Effective Percent: 79,46%
----------------------
05:08,377

Intellect
	 Rating: 139425
	 Multiplicative Factor: 8,15%
	 Eff: 139425,00000000006
Stamina
	 Rating: 868193
	 Multiplicative Factor: 11,3%
	 Eff: 868193
Crit
	 Rating: 28295
	 Multiplicative Factor: 0%
	 Eff: 31035,630674864828
	 DR Bracket: 2
	 Base: 5%
	 Effective Percent: 44,34%
	 Crit Inc Heal: 2,6
	 Crit Inc Damage: 2
Haste
	 Rating: 10871
	 Multiplicative Factor: 0%
	 Eff: 33932,60530917953
	 DR Bracket: 0
	 Base: 30%
	 Effective Percent: 51,41%
Vers
	 Rating: 7365
	 Multiplicative Factor: 0%
	 Eff: 9704,865067102985
	 DR Bracket: 0
	 Base: 3%
	 Effective Percent: 12,44%
Leech
	 Rating: 3060
	 Multiplicative Factor: 0%
	 Eff: 5099,661782987872
	 DR Bracket: 0
	 Base: 2%
	 Effective Percent: 5%
Avoidance
	 Rating: -0
	 Multiplicative Factor: 0%
	 Eff: -0,3180309960171144
	 DR Bracket: 0
	 Base: 0%
	 Effective Percent: -0%
Mastery
	 Rating: 23446
	 Multiplicative Factor: 0%
	 Eff: 30901,650004985244
	 DR Bracket: 1
	 Base: 19,8%
	 Effective Percent: 79,46%
----------------------
05:13,387

Intellect
	 Rating: 139425
	 Multiplicative Factor: 8,15%
	 Eff: 139425,00000000006
Stamina
	 Rating: 868193
	 Multiplicative Factor: 11,3%
	 Eff: 868193
Crit
	 Rating: 28295
	 Multiplicative Factor: 0%
	 Eff: 31035,630674864828
	 DR Bracket: 2
	 Base: 5%
	 Effective Percent: 44,34%
	 Crit Inc Heal: 2
	 Crit Inc Damage: 2
Haste
	 Rating: 10871
	 Multiplicative Factor: 0%
	 Eff: 33932,60530917953
	 DR Bracket: 0
	 Base: 30%
	 Effective Percent: 51,41%
Vers
	 Rating: 7365
	 Multiplicative Factor: 0%
	 Eff: 9704,865067102985
	 DR Bracket: 0
	 Base: 3%
	 Effective Percent: 12,44%
Leech
	 Rating: 3060
	 Multiplicative Factor: 0%
	 Eff: 5099,661782987872
	 DR Bracket: 0
	 Base: 2%
	 Effective Percent: 5%
Avoidance
	 Rating: -0
	 Multiplicative Factor: 0%
	 Eff: -0,3180309960171144
	 DR Bracket: 0
	 Base: 0%
	 Effective Percent: -0%
Mastery
	 Rating: 23446
	 Multiplicative Factor: 0%
	 Eff: 30901,650004985244
	 DR Bracket: 1
	 Base: 19,8%
	 Effective Percent: 79,46%
----------------------
05:18,387

Intellect
	 Rating: 146396
	 Multiplicative Factor: 13,56%
	 Eff: 146396,2500000001
Stamina
	 Rating: 868193
	 Multiplicative Factor: 11,3%
	 Eff: 868193
Crit
	 Rating: 22310
	 Multiplicative Factor: 0%
	 Eff: 25678,695494427884
	 DR Bracket: 1
	 Base: 5%
	 Effective Percent: 36,68%
	 Crit Inc Heal: 2,6
	 Crit Inc Damage: 2
Haste
	 Rating: 10871
	 Multiplicative Factor: 0%
	 Eff: 60837,537507804795
	 DR Bracket: 0
	 Base: 65%
	 Effective Percent: 92,18%
Vers
	 Rating: 7365
	 Multiplicative Factor: 0%
	 Eff: 9704,865067102985
	 DR Bracket: 0
	 Base: 3%
	 Effective Percent: 12,44%
Leech
	 Rating: 3060
	 Multiplicative Factor: 0%
	 Eff: 5099,661782987872
	 DR Bracket: 0
	 Base: 2%
	 Effective Percent: 5%
Avoidance
	 Rating: -0
	 Multiplicative Factor: 0%
	 Eff: -0,3180309960171144
	 DR Bracket: 0
	 Base: 0%
	 Effective Percent: -0%
Mastery
	 Rating: 23446
	 Multiplicative Factor: 0%
	 Eff: 30901,650004985244
	 DR Bracket: 1
	 Base: 19,8%
	 Effective Percent: 79,46%
----------------------
05:23,563

Intellect
	 Rating: 146396
	 Multiplicative Factor: 13,56%
	 Eff: 146396,2500000001
Stamina
	 Rating: 868193
	 Multiplicative Factor: 11,3%
	 Eff: 868193
Crit
	 Rating: 22310
	 Multiplicative Factor: 0%
	 Eff: 25678,695494427884
	 DR Bracket: 1
	 Base: 5%
	 Effective Percent: 36,68%
	 Crit Inc Heal: 2,6
	 Crit Inc Damage: 2
Haste
	 Rating: 10871
	 Multiplicative Factor: 0%
	 Eff: 50075,564628354696
	 DR Bracket: 0
	 Base: 51%
	 Effective Percent: 75,87%
Vers
	 Rating: 7365
	 Multiplicative Factor: 0%
	 Eff: 9704,865067102985
	 DR Bracket: 0
	 Base: 3%
	 Effective Percent: 12,44%
Leech
	 Rating: 3060
	 Multiplicative Factor: 0%
	 Eff: 5099,661782987872
	 DR Bracket: 0
	 Base: 2%
	 Effective Percent: 5%
Avoidance
	 Rating: -0
	 Multiplicative Factor: 0%
	 Eff: -0,3180309960171144
	 DR Bracket: 0
	 Base: 0%
	 Effective Percent: -0%
Mastery
	 Rating: 23446
	 Multiplicative Factor: 0%
	 Eff: 30901,650004985244
	 DR Bracket: 1
	 Base: 19,8%
	 Effective Percent: 79,46%
----------------------
05:28,563

Intellect
	 Rating: 146396
	 Multiplicative Factor: 13,56%
	 Eff: 146396,2500000001
Stamina
	 Rating: 868193
	 Multiplicative Factor: 11,3%
	 Eff: 868193
Crit
	 Rating: 22310
	 Multiplicative Factor: 0%
	 Eff: 25678,695494427884
	 DR Bracket: 1
	 Base: 5%
	 Effective Percent: 36,68%
	 Crit Inc Heal: 2,6
	 Crit Inc Damage: 2
Haste
	 Rating: 10871
	 Multiplicative Factor: 0%
	 Eff: 46232,00288569394
	 DR Bracket: 0
	 Base: 46%
	 Effective Percent: 70,05%
Vers
	 Rating: 7365
	 Multiplicative Factor: 0%
	 Eff: 9704,865067102985
	 DR Bracket: 0
	 Base: 3%
	 Effective Percent: 12,44%
Leech
	 Rating: 3060
	 Multiplicative Factor: 0%
	 Eff: 5099,661782987872
	 DR Bracket: 0
	 Base: 2%
	 Effective Percent: 5%
Avoidance
	 Rating: -0
	 Multiplicative Factor: 0%
	 Eff: -0,3180309960171144
	 DR Bracket: 0
	 Base: 0%
	 Effective Percent: -0%
Mastery
	 Rating: 23446
	 Multiplicative Factor: 0%
	 Eff: 30901,650004985244
	 DR Bracket: 1
	 Base: 19,8%
	 Effective Percent: 79,46%
----------------------
05:33,569

Intellect
	 Rating: 146396
	 Multiplicative Factor: 13,56%
	 Eff: 146396,2500000001
Stamina
	 Rating: 868193
	 Multiplicative Factor: 11,3%
	 Eff: 868193
Crit
	 Rating: 22310
	 Multiplicative Factor: 0%
	 Eff: 25678,695494427884
	 DR Bracket: 1
	 Base: 5%
	 Effective Percent: 36,68%
	 Crit Inc Heal: 2,6
	 Crit Inc Damage: 2
Haste
	 Rating: 10871
	 Multiplicative Factor: 0%
	 Eff: 19327,07068706868
	 DR Bracket: 0
	 Base: 11%
	 Effective Percent: 29,28%
Vers
	 Rating: 7365
	 Multiplicative Factor: 0%
	 Eff: 9704,865067102985
	 DR Bracket: 0
	 Base: 3%
	 Effective Percent: 12,44%
Leech
	 Rating: 3060
	 Multiplicative Factor: 0%
	 Eff: 5099,661782987872
	 DR Bracket: 0
	 Base: 2%
	 Effective Percent: 5%
Avoidance
	 Rating: -0
	 Multiplicative Factor: 0%
	 Eff: -0,3180309960171144
	 DR Bracket: 0
	 Base: 0%
	 Effective Percent: -0%
Mastery
	 Rating: 23446
	 Multiplicative Factor: 0%
	 Eff: 30901,650004985244
	 DR Bracket: 1
	 Base: 19,8%
	 Effective Percent: 79,46%
----------------------
05:38,735

Intellect
	 Rating: 146396
	 Multiplicative Factor: 13,56%
	 Eff: 146396,2500000001
Stamina
	 Rating: 868193
	 Multiplicative Factor: 11,3%
	 Eff: 868193
Crit
	 Rating: 22310
	 Multiplicative Factor: 0%
	 Eff: 25678,695494427884
	 DR Bracket: 1
	 Base: 5%
	 Effective Percent: 36,68%
	 Crit Inc Heal: 2,6
	 Crit Inc Damage: 2
Haste
	 Rating: 10871
	 Multiplicative Factor: 0%
	 Eff: 22401,920081197284
	 DR Bracket: 0
	 Base: 15%
	 Effective Percent: 33,94%
Vers
	 Rating: 7365
	 Multiplicative Factor: 0%
	 Eff: 9704,865067102985
	 DR Bracket: 0
	 Base: 3%
	 Effective Percent: 12,44%
Leech
	 Rating: 3060
	 Multiplicative Factor: 0%
	 Eff: 5099,661782987872
	 DR Bracket: 0
	 Base: 2%
	 Effective Percent: 5%
Avoidance
	 Rating: -0
	 Multiplicative Factor: 0%
	 Eff: -0,3180309960171144
	 DR Bracket: 0
	 Base: 0%
	 Effective Percent: -0%
Mastery
	 Rating: 23446
	 Multiplicative Factor: 0%
	 Eff: 30901,650004985244
	 DR Bracket: 1
	 Base: 19,8%
	 Effective Percent: 79,46%
----------------------
05:43,753

Intellect
	 Rating: 139425
	 Multiplicative Factor: 8,15%
	 Eff: 139425,00000000006
Stamina
	 Rating: 868193
	 Multiplicative Factor: 11,3%
	 Eff: 868193
Crit
	 Rating: 22310
	 Multiplicative Factor: 0%
	 Eff: 25678,695494427884
	 DR Bracket: 1
	 Base: 5%
	 Effective Percent: 36,68%
	 Crit Inc Heal: 2,6
	 Crit Inc Damage: 2
Haste
	 Rating: 10871
	 Multiplicative Factor: 0%
	 Eff: 18558,35833853653
	 DR Bracket: 0
	 Base: 10%
	 Effective Percent: 28,12%
Vers
	 Rating: 7365
	 Multiplicative Factor: 0%
	 Eff: 9704,865067102985
	 DR Bracket: 0
	 Base: 3%
	 Effective Percent: 12,44%
Leech
	 Rating: 3060
	 Multiplicative Factor: 0%
	 Eff: 5099,661782987872
	 DR Bracket: 0
	 Base: 2%
	 Effective Percent: 5%
Avoidance
	 Rating: -0
	 Multiplicative Factor: 0%
	 Eff: -0,3180309960171144
	 DR Bracket: 0
	 Base: 0%
	 Effective Percent: -0%
Mastery
	 Rating: 23446
	 Multiplicative Factor: 0%
	 Eff: 30901,650004985244
	 DR Bracket: 1
	 Base: 19,8%
	 Effective Percent: 79,46%
----------------------
05:48,769

Intellect
	 Rating: 146396
	 Multiplicative Factor: 13,56%
	 Eff: 146396,2500000001
Stamina
	 Rating: 868193
	 Multiplicative Factor: 11,3%
	 Eff: 868193
Crit
	 Rating: 22310
	 Multiplicative Factor: 0%
	 Eff: 25678,695494427884
	 DR Bracket: 1
	 Base: 5%
	 Effective Percent: 36,68%
	 Crit Inc Heal: 2,6
	 Crit Inc Damage: 2
Haste
	 Rating: 10871
	 Multiplicative Factor: 0%
	 Eff: 10871,234853215028
	 DR Bracket: 0
	 Base: 0%
	 Effective Percent: 16,47%
Vers
	 Rating: 7365
	 Multiplicative Factor: 0%
	 Eff: 9704,865067102985
	 DR Bracket: 0
	 Base: 3%
	 Effective Percent: 12,44%
Leech
	 Rating: 3060
	 Multiplicative Factor: 0%
	 Eff: 5099,661782987872
	 DR Bracket: 0
	 Base: 2%
	 Effective Percent: 5%
Avoidance
	 Rating: -0
	 Multiplicative Factor: 0%
	 Eff: -0,3180309960171144
	 DR Bracket: 0
	 Base: 0%
	 Effective Percent: -0%
Mastery
	 Rating: 23446
	 Multiplicative Factor: 0%
	 Eff: 30901,650004985244
	 DR Bracket: 1
	 Base: 19,8%
	 Effective Percent: 79,46%
----------------------
05:54,095

Intellect
	 Rating: 146396
	 Multiplicative Factor: 13,56%
	 Eff: 146396,2500000001
Stamina
	 Rating: 868193
	 Multiplicative Factor: 11,3%
	 Eff: 868193
Crit
	 Rating: 22310
	 Multiplicative Factor: 0%
	 Eff: 25678,695494427884
	 DR Bracket: 1
	 Base: 5%
	 Effective Percent: 36,68%
	 Crit Inc Heal: 2
	 Crit Inc Damage: 2
Haste
	 Rating: 10871
	 Multiplicative Factor: 0%
	 Eff: 15483,50894440793
	 DR Bracket: 0
	 Base: 6%
	 Effective Percent: 23,46%
Vers
	 Rating: 7365
	 Multiplicative Factor: 0%
	 Eff: 9704,865067102985
	 DR Bracket: 0
	 Base: 3%
	 Effective Percent: 12,44%
Leech
	 Rating: 3060
	 Multiplicative Factor: 0%
	 Eff: 5099,661782987872
	 DR Bracket: 0
	 Base: 2%
	 Effective Percent: 5%
Avoidance
	 Rating: -0
	 Multiplicative Factor: 0%
	 Eff: -0,3180309960171144
	 DR Bracket: 0
	 Base: 0%
	 Effective Percent: -0%
Mastery
	 Rating: 23446
	 Multiplicative Factor: 0%
	 Eff: 30901,650004985244
	 DR Bracket: 1
	 Base: 19,8%
	 Effective Percent: 79,46%
----------------------
05:59,161

Intellect
	 Rating: 146396
	 Multiplicative Factor: 13,56%
	 Eff: 146396,2500000001
Stamina
	 Rating: 868193
	 Multiplicative Factor: 11,3%
	 Eff: 868193
Crit
	 Rating: 22310
	 Multiplicative Factor: 0%
	 Eff: 25678,695494427884
	 DR Bracket: 1
	 Base: 5%
	 Effective Percent: 36,68%
	 Crit Inc Heal: 2,6
	 Crit Inc Damage: 2
Haste
	 Rating: 10871
	 Multiplicative Factor: 0%
	 Eff: 15483,50894440793
	 DR Bracket: 0
	 Base: 6%
	 Effective Percent: 23,46%
Vers
	 Rating: 7365
	 Multiplicative Factor: 0%
	 Eff: 9704,865067102985
	 DR Bracket: 0
	 Base: 3%
	 Effective Percent: 12,44%
Leech
	 Rating: 3060
	 Multiplicative Factor: 0%
	 Eff: 5099,661782987872
	 DR Bracket: 0
	 Base: 2%
	 Effective Percent: 5%
Avoidance
	 Rating: -0
	 Multiplicative Factor: 0%
	 Eff: -0,3180309960171144
	 DR Bracket: 0
	 Base: 0%
	 Effective Percent: -0%
Mastery
	 Rating: 23446
	 Multiplicative Factor: 0%
	 Eff: 30901,650004985244
	 DR Bracket: 1
	 Base: 19,8%
	 Effective Percent: 79,46%
----------------------
06:04,257

Intellect
	 Rating: 146396
	 Multiplicative Factor: 13,56%
	 Eff: 146396,2500000001
Stamina
	 Rating: 868193
	 Multiplicative Factor: 11,3%
	 Eff: 868193
Crit
	 Rating: 28295
	 Multiplicative Factor: 0%
	 Eff: 31035,630674864828
	 DR Bracket: 2
	 Base: 5%
	 Effective Percent: 44,34%
	 Crit Inc Heal: 2,6
	 Crit Inc Damage: 2
Haste
	 Rating: 10871
	 Multiplicative Factor: 0%
	 Eff: 10871,234853215028
	 DR Bracket: 0
	 Base: 0%
	 Effective Percent: 16,47%
Vers
	 Rating: 7365
	 Multiplicative Factor: 0%
	 Eff: 9704,865067102985
	 DR Bracket: 0
	 Base: 3%
	 Effective Percent: 12,44%
Leech
	 Rating: 3060
	 Multiplicative Factor: 0%
	 Eff: 5099,661782987872
	 DR Bracket: 0
	 Base: 2%
	 Effective Percent: 5%
Avoidance
	 Rating: -0
	 Multiplicative Factor: 0%
	 Eff: -0,3180309960171144
	 DR Bracket: 0
	 Base: 0%
	 Effective Percent: -0%
Mastery
	 Rating: 23446
	 Multiplicative Factor: 0%
	 Eff: 30901,650004985244
	 DR Bracket: 1
	 Base: 19,8%
	 Effective Percent: 79,46%
----------------------
06:09,361

Intellect
	 Rating: 146396
	 Multiplicative Factor: 13,56%
	 Eff: 146396,2500000001
Stamina
	 Rating: 868193
	 Multiplicative Factor: 11,3%
	 Eff: 868193
Crit
	 Rating: 28295
	 Multiplicative Factor: 0%
	 Eff: 31035,630674864828
	 DR Bracket: 2
	 Base: 5%
	 Effective Percent: 44,34%
	 Crit Inc Heal: 2
	 Crit Inc Damage: 2
Haste
	 Rating: 10871
	 Multiplicative Factor: 0%
	 Eff: 10871,234853215028
	 DR Bracket: 0
	 Base: 0%
	 Effective Percent: 16,47%
Vers
	 Rating: 7365
	 Multiplicative Factor: 0%
	 Eff: 9704,865067102985
	 DR Bracket: 0
	 Base: 3%
	 Effective Percent: 12,44%
Leech
	 Rating: 3060
	 Multiplicative Factor: 0%
	 Eff: 5099,661782987872
	 DR Bracket: 0
	 Base: 2%
	 Effective Percent: 5%
Avoidance
	 Rating: -0
	 Multiplicative Factor: 0%
	 Eff: -0,3180309960171144
	 DR Bracket: 0
	 Base: 0%
	 Effective Percent: -0%
Mastery
	 Rating: 23446
	 Multiplicative Factor: 0%
	 Eff: 30901,650004985244
	 DR Bracket: 1
	 Base: 19,8%
	 Effective Percent: 79,46%
----------------------
06:14,414

Intellect
	 Rating: 146396
	 Multiplicative Factor: 13,56%
	 Eff: 146396,2500000001
Stamina
	 Rating: 868193
	 Multiplicative Factor: 11,3%
	 Eff: 868193
Crit
	 Rating: 22310
	 Multiplicative Factor: 0%
	 Eff: 25678,695494427884
	 DR Bracket: 1
	 Base: 5%
	 Effective Percent: 36,68%
	 Crit Inc Heal: 2
	 Crit Inc Damage: 2
Haste
	 Rating: 10871
	 Multiplicative Factor: 0%
	 Eff: 10871,234853215028
	 DR Bracket: 0
	 Base: 0%
	 Effective Percent: 16,47%
Vers
	 Rating: 7365
	 Multiplicative Factor: 0%
	 Eff: 9704,865067102985
	 DR Bracket: 0
	 Base: 3%
	 Effective Percent: 12,44%
Leech
	 Rating: 3060
	 Multiplicative Factor: 0%
	 Eff: 5099,661782987872
	 DR Bracket: 0
	 Base: 2%
	 Effective Percent: 5%
Avoidance
	 Rating: -0
	 Multiplicative Factor: 0%
	 Eff: -0,3180309960171144
	 DR Bracket: 0
	 Base: 0%
	 Effective Percent: -0%
Mastery
	 Rating: 23446
	 Multiplicative Factor: 0%
	 Eff: 30901,650004985244
	 DR Bracket: 1
	 Base: 19,8%
	 Effective Percent: 79,46%
----------------------
06:19,441

Intellect
	 Rating: 146396
	 Multiplicative Factor: 13,56%
	 Eff: 146396,2500000001
Stamina
	 Rating: 868193
	 Multiplicative Factor: 11,3%
	 Eff: 868193
Crit
	 Rating: 22310
	 Multiplicative Factor: 0%
	 Eff: 25678,695494427884
	 DR Bracket: 1
	 Base: 5%
	 Effective Percent: 36,68%
	 Crit Inc Heal: 2,6
	 Crit Inc Damage: 2
Haste
	 Rating: 10871
	 Multiplicative Factor: 0%
	 Eff: 38544,87940037244
	 DR Bracket: 0
	 Base: 36%
	 Effective Percent: 58,4%
Vers
	 Rating: 7365
	 Multiplicative Factor: 0%
	 Eff: 9704,865067102985
	 DR Bracket: 0
	 Base: 3%
	 Effective Percent: 12,44%
Leech
	 Rating: 3060
	 Multiplicative Factor: 0%
	 Eff: 5099,661782987872
	 DR Bracket: 0
	 Base: 2%
	 Effective Percent: 5%
Avoidance
	 Rating: -0
	 Multiplicative Factor: 0%
	 Eff: -0,3180309960171144
	 DR Bracket: 0
	 Base: 0%
	 Effective Percent: -0%
Mastery
	 Rating: 23446
	 Multiplicative Factor: 0%
	 Eff: 30901,650004985244
	 DR Bracket: 1
	 Base: 19,8%
	 Effective Percent: 79,46%
----------------------
06:24,468

Intellect
	 Rating: 146396
	 Multiplicative Factor: 13,56%
	 Eff: 146396,2500000001
Stamina
	 Rating: 868193
	 Multiplicative Factor: 11,3%
	 Eff: 868193
Crit
	 Rating: 22310
	 Multiplicative Factor: 0%
	 Eff: 25678,695494427884
	 DR Bracket: 1
	 Base: 5%
	 Effective Percent: 36,68%
	 Crit Inc Heal: 2,6
	 Crit Inc Damage: 2
Haste
	 Rating: 10871
	 Multiplicative Factor: 0%
	 Eff: 34701,31765771168
	 DR Bracket: 0
	 Base: 31%
	 Effective Percent: 52,58%
Vers
	 Rating: 7365
	 Multiplicative Factor: 0%
	 Eff: 9704,865067102985
	 DR Bracket: 0
	 Base: 3%
	 Effective Percent: 12,44%
Leech
	 Rating: 3060
	 Multiplicative Factor: 0%
	 Eff: 5099,661782987872
	 DR Bracket: 0
	 Base: 2%
	 Effective Percent: 5%
Avoidance
	 Rating: -0
	 Multiplicative Factor: 0%
	 Eff: -0,3180309960171144
	 DR Bracket: 0
	 Base: 0%
	 Effective Percent: -0%
Mastery
	 Rating: 23446
	 Multiplicative Factor: 0%
	 Eff: 30901,650004985244
	 DR Bracket: 1
	 Base: 19,8%
	 Effective Percent: 79,46%
----------------------
06:29,490

Intellect
	 Rating: 146396
	 Multiplicative Factor: 13,56%
	 Eff: 146396,2500000001
Stamina
	 Rating: 868193
	 Multiplicative Factor: 11,3%
	 Eff: 868193
Crit
	 Rating: 22310
	 Multiplicative Factor: 0%
	 Eff: 25678,695494427884
	 DR Bracket: 1
	 Base: 5%
	 Effective Percent: 36,68%
	 Crit Inc Heal: 2,6
	 Crit Inc Damage: 2
Haste
	 Rating: 10871
	 Multiplicative Factor: 0%
	 Eff: 23939,344778261584
	 DR Bracket: 0
	 Base: 17%
	 Effective Percent: 36,27%
Vers
	 Rating: 7365
	 Multiplicative Factor: 0%
	 Eff: 9704,865067102985
	 DR Bracket: 0
	 Base: 3%
	 Effective Percent: 12,44%
Leech
	 Rating: 3060
	 Multiplicative Factor: 0%
	 Eff: 5099,661782987872
	 DR Bracket: 0
	 Base: 2%
	 Effective Percent: 5%
Avoidance
	 Rating: -0
	 Multiplicative Factor: 0%
	 Eff: -0,3180309960171144
	 DR Bracket: 0
	 Base: 0%
	 Effective Percent: -0%
Mastery
	 Rating: 23446
	 Multiplicative Factor: 0%
	 Eff: 30901,650004985244
	 DR Bracket: 1
	 Base: 19,8%
	 Effective Percent: 79,46%
----------------------
06:34,615

Intellect
	 Rating: 146396
	 Multiplicative Factor: 13,56%
	 Eff: 146396,2500000001
Stamina
	 Rating: 868193
	 Multiplicative Factor: 11,3%
	 Eff: 868193
Crit
	 Rating: 22310
	 Multiplicative Factor: 0%
	 Eff: 25678,695494427884
	 DR Bracket: 1
	 Base: 5%
	 Effective Percent: 36,68%
	 Crit Inc Heal: 2,6
	 Crit Inc Damage: 2
Haste
	 Rating: 10871
	 Multiplicative Factor: 0%
	 Eff: 20095,78303560083
	 DR Bracket: 0
	 Base: 12%
	 Effective Percent: 30,45%
Vers
	 Rating: 7365
	 Multiplicative Factor: 0%
	 Eff: 9704,865067102985
	 DR Bracket: 0
	 Base: 3%
	 Effective Percent: 12,44%
Leech
	 Rating: 3060
	 Multiplicative Factor: 0%
	 Eff: 5099,661782987872
	 DR Bracket: 0
	 Base: 2%
	 Effective Percent: 5%
Avoidance
	 Rating: -0
	 Multiplicative Factor: 0%
	 Eff: -0,3180309960171144
	 DR Bracket: 0
	 Base: 0%
	 Effective Percent: -0%
Mastery
	 Rating: 23446
	 Multiplicative Factor: 0%
	 Eff: 30901,650004985244
	 DR Bracket: 1
	 Base: 19,8%
	 Effective Percent: 79,46%
----------------------
06:40,175

Intellect
	 Rating: 139425
	 Multiplicative Factor: 8,15%
	 Eff: 139425,00000000006
Stamina
	 Rating: 868193
	 Multiplicative Factor: 11,3%
	 Eff: 868193
Crit
	 Rating: 28295
	 Multiplicative Factor: 0%
	 Eff: 31035,630674864828
	 DR Bracket: 2
	 Base: 5%
	 Effective Percent: 44,34%
	 Crit Inc Heal: 2,6
	 Crit Inc Damage: 2
Haste
	 Rating: 10871
	 Multiplicative Factor: 0%
	 Eff: 15483,50894440793
	 DR Bracket: 0
	 Base: 6%
	 Effective Percent: 23,46%
Vers
	 Rating: 7365
	 Multiplicative Factor: 0%
	 Eff: 9704,865067102985
	 DR Bracket: 0
	 Base: 3%
	 Effective Percent: 12,44%
Leech
	 Rating: 3060
	 Multiplicative Factor: 0%
	 Eff: 5099,661782987872
	 DR Bracket: 0
	 Base: 2%
	 Effective Percent: 5%
Avoidance
	 Rating: -0
	 Multiplicative Factor: 0%
	 Eff: -0,3180309960171144
	 DR Bracket: 0
	 Base: 0%
	 Effective Percent: -0%
Mastery
	 Rating: 23446
	 Multiplicative Factor: 0%
	 Eff: 30901,650004985244
	 DR Bracket: 1
	 Base: 19,8%
	 Effective Percent: 79,46%
----------------------
06:45,337

Intellect
	 Rating: 139425
	 Multiplicative Factor: 8,15%
	 Eff: 139425,00000000006
Stamina
	 Rating: 868193
	 Multiplicative Factor: 11,3%
	 Eff: 868193
Crit
	 Rating: 28295
	 Multiplicative Factor: 0%
	 Eff: 31035,630674864828
	 DR Bracket: 2
	 Base: 5%
	 Effective Percent: 44,34%
	 Crit Inc Heal: 2,6
	 Crit Inc Damage: 2
Haste
	 Rating: 10871
	 Multiplicative Factor: 0%
	 Eff: 11639,947201747178
	 DR Bracket: 0
	 Base: 1%
	 Effective Percent: 17,64%
Vers
	 Rating: 7365
	 Multiplicative Factor: 0%
	 Eff: 9704,865067102985
	 DR Bracket: 0
	 Base: 3%
	 Effective Percent: 12,44%
Leech
	 Rating: 3060
	 Multiplicative Factor: 0%
	 Eff: 5099,661782987872
	 DR Bracket: 0
	 Base: 2%
	 Effective Percent: 5%
Avoidance
	 Rating: -0
	 Multiplicative Factor: 0%
	 Eff: -0,3180309960171144
	 DR Bracket: 0
	 Base: 0%
	 Effective Percent: -0%
Mastery
	 Rating: 23446
	 Multiplicative Factor: 0%
	 Eff: 30901,650004985244
	 DR Bracket: 1
	 Base: 19,8%
	 Effective Percent: 79,46%
----------------------
06:50,370

Intellect
	 Rating: 139425
	 Multiplicative Factor: 8,15%
	 Eff: 139425,00000000006
Stamina
	 Rating: 868193
	 Multiplicative Factor: 11,3%
	 Eff: 868193
Crit
	 Rating: 22310
	 Multiplicative Factor: 0%
	 Eff: 25678,695494427884
	 DR Bracket: 1
	 Base: 5%
	 Effective Percent: 36,68%
	 Crit Inc Heal: 2
	 Crit Inc Damage: 2
Haste
	 Rating: 10871
	 Multiplicative Factor: 0%
	 Eff: 10871,234853215028
	 DR Bracket: 0
	 Base: 0%
	 Effective Percent: 16,47%
Vers
	 Rating: 7365
	 Multiplicative Factor: 0%
	 Eff: 9704,865067102985
	 DR Bracket: 0
	 Base: 3%
	 Effective Percent: 12,44%
Leech
	 Rating: 3060
	 Multiplicative Factor: 0%
	 Eff: 5099,661782987872
	 DR Bracket: 0
	 Base: 2%
	 Effective Percent: 5%
Avoidance
	 Rating: -0
	 Multiplicative Factor: 0%
	 Eff: -0,3180309960171144
	 DR Bracket: 0
	 Base: 0%
	 Effective Percent: -0%
Mastery
	 Rating: 23446
	 Multiplicative Factor: 0%
	 Eff: 30901,650004985244
	 DR Bracket: 1
	 Base: 19,8%
	 Effective Percent: 79,46%
----------------------
06:55,459

Intellect
	 Rating: 139425
	 Multiplicative Factor: 8,15%
	 Eff: 139425,00000000006
Stamina
	 Rating: 868193
	 Multiplicative Factor: 11,3%
	 Eff: 868193
Crit
	 Rating: 22310
	 Multiplicative Factor: 0%
	 Eff: 25678,695494427884
	 DR Bracket: 1
	 Base: 5%
	 Effective Percent: 36,68%
	 Crit Inc Heal: 2,6
	 Crit Inc Damage: 2
Haste
	 Rating: 10871
	 Multiplicative Factor: 0%
	 Eff: 17789,64599000438
	 DR Bracket: 0
	 Base: 9%
	 Effective Percent: 26,95%
Vers
	 Rating: 7365
	 Multiplicative Factor: 0%
	 Eff: 9704,865067102985
	 DR Bracket: 0
	 Base: 3%
	 Effective Percent: 12,44%
Leech
	 Rating: 3060
	 Multiplicative Factor: 0%
	 Eff: 5099,661782987872
	 DR Bracket: 0
	 Base: 2%
	 Effective Percent: 5%
Avoidance
	 Rating: -0
	 Multiplicative Factor: 0%
	 Eff: -0,3180309960171144
	 DR Bracket: 0
	 Base: 0%
	 Effective Percent: -0%
Mastery
	 Rating: 23446
	 Multiplicative Factor: 0%
	 Eff: 30901,650004985244
	 DR Bracket: 1
	 Base: 19,8%
	 Effective Percent: 79,46%
----------------------
07:00,697

Intellect
	 Rating: 139425
	 Multiplicative Factor: 8,15%
	 Eff: 139425,00000000006
Stamina
	 Rating: 868193
	 Multiplicative Factor: 11,3%
	 Eff: 868193
Crit
	 Rating: 22310
	 Multiplicative Factor: 0%
	 Eff: 25678,695494427884
	 DR Bracket: 1
	 Base: 5%
	 Effective Percent: 36,68%
	 Crit Inc Heal: 2,6
	 Crit Inc Damage: 2
Haste
	 Rating: 10871
	 Multiplicative Factor: 0%
	 Eff: 10871,234853215028
	 DR Bracket: 0
	 Base: 0%
	 Effective Percent: 16,47%
Vers
	 Rating: 7365
	 Multiplicative Factor: 0%
	 Eff: 9704,865067102985
	 DR Bracket: 0
	 Base: 3%
	 Effective Percent: 12,44%
Leech
	 Rating: 3060
	 Multiplicative Factor: 0%
	 Eff: 5099,661782987872
	 DR Bracket: 0
	 Base: 2%
	 Effective Percent: 5%
Avoidance
	 Rating: -0
	 Multiplicative Factor: 0%
	 Eff: -0,3180309960171144
	 DR Bracket: 0
	 Base: 0%
	 Effective Percent: -0%
Mastery
	 Rating: 23446
	 Multiplicative Factor: 0%
	 Eff: 30901,650004985244
	 DR Bracket: 1
	 Base: 19,8%
	 Effective Percent: 79,46%
----------------------
07:05,839

Intellect
	 Rating: 139425
	 Multiplicative Factor: 8,15%
	 Eff: 139425,00000000006
Stamina
	 Rating: 868193
	 Multiplicative Factor: 11,3%
	 Eff: 868193
Crit
	 Rating: 22310
	 Multiplicative Factor: 0%
	 Eff: 25678,695494427884
	 DR Bracket: 1
	 Base: 5%
	 Effective Percent: 36,68%
	 Crit Inc Heal: 2,6
	 Crit Inc Damage: 2
Haste
	 Rating: 10871
	 Multiplicative Factor: 0%
	 Eff: 10871,234853215028
	 DR Bracket: 0
	 Base: 0%
	 Effective Percent: 16,47%
Vers
	 Rating: 7365
	 Multiplicative Factor: 0%
	 Eff: 9704,865067102985
	 DR Bracket: 0
	 Base: 3%
	 Effective Percent: 12,44%
Leech
	 Rating: 3060
	 Multiplicative Factor: 0%
	 Eff: 5099,661782987872
	 DR Bracket: 0
	 Base: 2%
	 Effective Percent: 5%
Avoidance
	 Rating: -0
	 Multiplicative Factor: 0%
	 Eff: -0,3180309960171144
	 DR Bracket: 0
	 Base: 0%
	 Effective Percent: -0%
Mastery
	 Rating: 23446
	 Multiplicative Factor: 0%
	 Eff: 30901,650004985244
	 DR Bracket: 1
	 Base: 19,8%
	 Effective Percent: 79,46%
----------------------
07:10,852

Intellect
	 Rating: 146396
	 Multiplicative Factor: 13,56%
	 Eff: 146396,2500000001
Stamina
	 Rating: 868193
	 Multiplicative Factor: 11,3%
	 Eff: 868193
Crit
	 Rating: 22310
	 Multiplicative Factor: 0%
	 Eff: 25678,695494427884
	 DR Bracket: 1
	 Base: 5%
	 Effective Percent: 36,68%
	 Crit Inc Heal: 2,6
	 Crit Inc Damage: 2
Haste
	 Rating: 10871
	 Multiplicative Factor: 0%
	 Eff: 10871,234853215028
	 DR Bracket: 0
	 Base: 0%
	 Effective Percent: 16,47%
Vers
	 Rating: 7365
	 Multiplicative Factor: 0%
	 Eff: 9704,865067102985
	 DR Bracket: 0
	 Base: 3%
	 Effective Percent: 12,44%
Leech
	 Rating: 3060
	 Multiplicative Factor: 0%
	 Eff: 5099,661782987872
	 DR Bracket: 0
	 Base: 2%
	 Effective Percent: 5%
Avoidance
	 Rating: -0
	 Multiplicative Factor: 0%
	 Eff: -0,3180309960171144
	 DR Bracket: 0
	 Base: 0%
	 Effective Percent: -0%
Mastery
	 Rating: 23446
	 Multiplicative Factor: 0%
	 Eff: 30901,650004985244
	 DR Bracket: 1
	 Base: 19,8%
	 Effective Percent: 79,46%
----------------------
07:16,049

Intellect
	 Rating: 146396
	 Multiplicative Factor: 13,56%
	 Eff: 146396,2500000001
Stamina
	 Rating: 868193
	 Multiplicative Factor: 11,3%
	 Eff: 868193
Crit
	 Rating: 22310
	 Multiplicative Factor: 0%
	 Eff: 25678,695494427884
	 DR Bracket: 1
	 Base: 5%
	 Effective Percent: 36,68%
	 Crit Inc Heal: 2
	 Crit Inc Damage: 2
Haste
	 Rating: 10871
	 Multiplicative Factor: 0%
	 Eff: 11639,947201747178
	 DR Bracket: 0
	 Base: 1%
	 Effective Percent: 17,64%
Vers
	 Rating: 7365
	 Multiplicative Factor: 0%
	 Eff: 9704,865067102985
	 DR Bracket: 0
	 Base: 3%
	 Effective Percent: 12,44%
Leech
	 Rating: 3060
	 Multiplicative Factor: 0%
	 Eff: 5099,661782987872
	 DR Bracket: 0
	 Base: 2%
	 Effective Percent: 5%
Avoidance
	 Rating: -0
	 Multiplicative Factor: 0%
	 Eff: -0,3180309960171144
	 DR Bracket: 0
	 Base: 0%
	 Effective Percent: -0%
Mastery
	 Rating: 23446
	 Multiplicative Factor: 0%
	 Eff: 30901,650004985244
	 DR Bracket: 1
	 Base: 19,8%
	 Effective Percent: 79,46%
----------------------
07:21,627

Intellect
	 Rating: 146396
	 Multiplicative Factor: 13,56%
	 Eff: 146396,2500000001
Stamina
	 Rating: 868193
	 Multiplicative Factor: 11,3%
	 Eff: 868193
Crit
	 Rating: 28295
	 Multiplicative Factor: 0%
	 Eff: 31035,630674864828
	 DR Bracket: 2
	 Base: 5%
	 Effective Percent: 44,34%
	 Crit Inc Heal: 2
	 Crit Inc Damage: 2
Haste
	 Rating: 10871
	 Multiplicative Factor: 0%
	 Eff: 37007,45470330813
	 DR Bracket: 0
	 Base: 34%
	 Effective Percent: 56,07%
Vers
	 Rating: 7365
	 Multiplicative Factor: 0%
	 Eff: 9704,865067102985
	 DR Bracket: 0
	 Base: 3%
	 Effective Percent: 12,44%
Leech
	 Rating: 3060
	 Multiplicative Factor: 0%
	 Eff: 5099,661782987872
	 DR Bracket: 0
	 Base: 2%
	 Effective Percent: 5%
Avoidance
	 Rating: -0
	 Multiplicative Factor: 0%
	 Eff: -0,3180309960171144
	 DR Bracket: 0
	 Base: 0%
	 Effective Percent: -0%
Mastery
	 Rating: 23446
	 Multiplicative Factor: 0%
	 Eff: 30901,650004985244
	 DR Bracket: 1
	 Base: 19,8%
	 Effective Percent: 79,46%
----------------------
07:26,629

Intellect
	 Rating: 146396
	 Multiplicative Factor: 13,56%
	 Eff: 146396,2500000001
Stamina
	 Rating: 868193
	 Multiplicative Factor: 11,3%
	 Eff: 868193
Crit
	 Rating: 28295
	 Multiplicative Factor: 0%
	 Eff: 31035,630674864828
	 DR Bracket: 2
	 Base: 5%
	 Effective Percent: 44,34%
	 Crit Inc Heal: 2
	 Crit Inc Damage: 2
Haste
	 Rating: 10871
	 Multiplicative Factor: 0%
	 Eff: 26245,481823858034
	 DR Bracket: 0
	 Base: 20%
	 Effective Percent: 39,77%
Vers
	 Rating: 7365
	 Multiplicative Factor: 0%
	 Eff: 9704,865067102985
	 DR Bracket: 0
	 Base: 3%
	 Effective Percent: 12,44%
Leech
	 Rating: 3060
	 Multiplicative Factor: 0%
	 Eff: 5099,661782987872
	 DR Bracket: 0
	 Base: 2%
	 Effective Percent: 5%
Avoidance
	 Rating: -0
	 Multiplicative Factor: 0%
	 Eff: -0,3180309960171144
	 DR Bracket: 0
	 Base: 0%
	 Effective Percent: -0%
Mastery
	 Rating: 23446
	 Multiplicative Factor: 0%
	 Eff: 30901,650004985244
	 DR Bracket: 1
	 Base: 19,8%
	 Effective Percent: 79,46%
----------------------
07:31,933

Intellect
	 Rating: 146396
	 Multiplicative Factor: 13,56%
	 Eff: 146396,2500000001
Stamina
	 Rating: 868193
	 Multiplicative Factor: 11,3%
	 Eff: 868193
Crit
	 Rating: 22310
	 Multiplicative Factor: 0%
	 Eff: 25678,695494427884
	 DR Bracket: 1
	 Base: 5%
	 Effective Percent: 36,68%
	 Crit Inc Heal: 2,6
	 Crit Inc Damage: 2
Haste
	 Rating: 10871
	 Multiplicative Factor: 0%
	 Eff: 21633,207732665134
	 DR Bracket: 0
	 Base: 14%
	 Effective Percent: 32,78%
Vers
	 Rating: 7365
	 Multiplicative Factor: 0%
	 Eff: 9704,865067102985
	 DR Bracket: 0
	 Base: 3%
	 Effective Percent: 12,44%
Leech
	 Rating: 3060
	 Multiplicative Factor: 0%
	 Eff: 5099,661782987872
	 DR Bracket: 0
	 Base: 2%
	 Effective Percent: 5%
Avoidance
	 Rating: -0
	 Multiplicative Factor: 0%
	 Eff: -0,3180309960171144
	 DR Bracket: 0
	 Base: 0%
	 Effective Percent: -0%
Mastery
	 Rating: 23446
	 Multiplicative Factor: 0%
	 Eff: 30901,650004985244
	 DR Bracket: 1
	 Base: 19,8%
	 Effective Percent: 79,46%
----------------------
07:36,990

Intellect
	 Rating: 139425
	 Multiplicative Factor: 8,15%
	 Eff: 139425,00000000006
Stamina
	 Rating: 868193
	 Multiplicative Factor: 11,3%
	 Eff: 868193
Crit
	 Rating: 22310
	 Multiplicative Factor: 0%
	 Eff: 25678,695494427884
	 DR Bracket: 1
	 Base: 5%
	 Effective Percent: 36,68%
	 Crit Inc Heal: 2,6
	 Crit Inc Damage: 2
Haste
	 Rating: 10871
	 Multiplicative Factor: 0%
	 Eff: 24708,057126793734
	 DR Bracket: 0
	 Base: 18%
	 Effective Percent: 37,44%
Vers
	 Rating: 7365
	 Multiplicative Factor: 0%
	 Eff: 9704,865067102985
	 DR Bracket: 0
	 Base: 3%
	 Effective Percent: 12,44%
Leech
	 Rating: 3060
	 Multiplicative Factor: 0%
	 Eff: 5099,661782987872
	 DR Bracket: 0
	 Base: 2%
	 Effective Percent: 5%
Avoidance
	 Rating: -0
	 Multiplicative Factor: 0%
	 Eff: -0,3180309960171144
	 DR Bracket: 0
	 Base: 0%
	 Effective Percent: -0%
Mastery
	 Rating: 23446
	 Multiplicative Factor: 0%
	 Eff: 30901,650004985244
	 DR Bracket: 1
	 Base: 19,8%
	 Effective Percent: 79,46%
----------------------
07:42,031

Intellect
	 Rating: 139425
	 Multiplicative Factor: 8,15%
	 Eff: 139425,00000000006
Stamina
	 Rating: 868193
	 Multiplicative Factor: 11,3%
	 Eff: 868193
Crit
	 Rating: 22310
	 Multiplicative Factor: 0%
	 Eff: 25678,695494427884
	 DR Bracket: 1
	 Base: 5%
	 Effective Percent: 36,68%
	 Crit Inc Heal: 2,6
	 Crit Inc Damage: 2
Haste
	 Rating: 10871
	 Multiplicative Factor: 0%
	 Eff: 20864,495384132984
	 DR Bracket: 0
	 Base: 13%
	 Effective Percent: 31,61%
Vers
	 Rating: 7365
	 Multiplicative Factor: 0%
	 Eff: 9704,865067102985
	 DR Bracket: 0
	 Base: 3%
	 Effective Percent: 12,44%
Leech
	 Rating: 3060
	 Multiplicative Factor: 0%
	 Eff: 5099,661782987872
	 DR Bracket: 0
	 Base: 2%
	 Effective Percent: 5%
Avoidance
	 Rating: -0
	 Multiplicative Factor: 0%
	 Eff: -0,3180309960171144
	 DR Bracket: 0
	 Base: 0%
	 Effective Percent: -0%
Mastery
	 Rating: 23446
	 Multiplicative Factor: 0%
	 Eff: 30901,650004985244
	 DR Bracket: 1
	 Base: 19,8%
	 Effective Percent: 79,46%
