-----------
EssenceRegenDummy
-----------
Azure Strike
-----------
Blessing of the Bronze
-----------
Cauterizing Flame
-----------
Chrono Flames
-----------
Chrono Flame
	Eff: -9373859,478226148
	Dmg: -4538671,560671713
-----------
Consume Flame
-----------
Deep Breath
-----------
Disintegrate
-----------
Dream Breath
	Eff: -12167195,507434608
-----------
Dream Breath (Echo)
-----------
Dream Flight
	Eff: -8562203,1982243
-----------
Echo
	Eff: -482862,0788241043
-----------
Emerald Blossom
	Eff: -50114353,76446849
-----------
Engulf
-----------
Enkindle
-----------
Expunge
-----------
Fire Breath
	Dmg: -632479,4955818492
-----------
Fluttering Seedlings
	Eff: -10250821,788491316
-----------
Golden Hour
	Eff: -708143,1717722074
-----------
Landslide
-----------
Lifebind
	Eff: -2897834,466104086
-----------
Life-Giver's Flame
-----------
Living Flame
	Eff: -22030195,132761717
	Dmg: -4227651,937022854
-----------
Naturalize
-----------
Oppressing Roar
-----------
Panacea
	Eff: -4466534,562374551
-----------
Rewind
-----------
Renewing Blaze
-----------
Reversion
	Eff: -10416924,3880212
-----------
Reversion (Echo)
-----------
Sleep Walk
-----------
Source of Magic
-----------
Spatial Paradox
-----------
Spiritbloom
	Eff: -273264,5617479292
-----------
Spiritbloom (Echo)
	Eff: -9476832,93623136
-----------
Stasis
-----------
Tail Swipe
-----------
Temporal Anomaly
-----------
Time Spiral
-----------
Unravel
-----------
Verdant Embrace
	Eff: -44928162,56896302
-----------
Zephyr
-----------
Leech
	Eff: -23056206,168613054
-----------
Blessing of Summer
-----------
Holy Bulwark
-----------
ZeroCIMDummy
-----------
Hover
-----------
Stasis (Store)
-----------
Tip the Scales
-----------
Thread of Fate
-----------
Voidglass Shards
-----------
Bombardments
-----------
Ethereal Reconstitution
	Eff: 2699251,268448355
-----------
Cycle of Life
-----------
Ethereal Guard
	Eff: -4184609,439707554
-----------
Glide
-----------
Voidglass Barrier
	Eff: 10362571,507102666
-----------
Stasis (Release)
-----------
Emerald Communion
-----------
Obsidian Scales
-----------
Spirit Link
-----------
Take Off
-----------
Whirling Surge
-----------
Surge Forward
-----------
Wing Buffet
-----------
Rescue
-----------
Twin Guardian
-----------
Skyward Ascent
-----------
Second Wind
-----------
Invigorating Healing Potion
	Eff: 1763999,3794408813
-----------
Tempered Potion
-----------
Melee
	Dmg: -3559,9222617197775
-----------
Healthstone
-----------
Time Dilation
