-----------
EssenceRegenDummy
-----------
Azure Strike
-----------
Blessing of the Bronze
-----------
Cauterizing Flame
-----------
Chrono Flames
-----------
Chrono Flame
	Eff: 2170549,1730941124
	Dmg: 2834356,089504721
-----------
Consume Flame
-----------
Deep Breath
-----------
Disintegrate
-----------
Dream Breath
	Eff: 1673163,4196189744
-----------
Dream Breath (Echo)
-----------
Dream Flight
	Eff: 1828913,7179827103
-----------
Echo
	Eff: 82425,15782684111
-----------
Emerald Blossom
	Eff: 5029607,07362805
-----------
Engulf
-----------
Enkindle
-----------
Expunge
-----------
Fire Breath
	Dmg: 1106871,6253751754
-----------
Fluttering Seedlings
	Eff: 672411,9680572667
-----------
Golden Hour
	Eff: -708143,1717722074
-----------
Landslide
-----------
Lifebind
	Eff: -295934,4102636488
-----------
Life-Giver's Flame
-----------
Living Flame
	Eff: -611756,1300827139
	Dmg: 5197361,533721448
-----------
Naturalize
-----------
Oppressing Roar
-----------
Panacea
	Eff: -71394,62365017078
-----------
Rewind
-----------
Renewing Blaze
-----------
Reversion
	Eff: 2186814,709638395
-----------
Reversion (Echo)
-----------
Sleep Walk
-----------
Source of Magic
-----------
Spatial Paradox
-----------
Spiritbloom
	Eff: 87326,74234098464
-----------
Spiritbloom (Echo)
	Eff: -3968437,7147870427
-----------
Stasis
-----------
Tail Swipe
-----------
Temporal Anomaly
-----------
Time Spiral
-----------
Unravel
-----------
Verdant Embrace
	Eff: 13679177,030280914
-----------
Zephyr
-----------
Leech
	Eff: -16642861,277420338
-----------
Blessing of Summer
-----------
Holy Bulwark
-----------
ZeroCIMDummy
-----------
Hover
-----------
Stasis (Store)
-----------
Tip the Scales
-----------
Thread of Fate
-----------
Voidglass Shards
-----------
Bombardments
-----------
Ethereal Reconstitution
	Eff: 1514375,9809072847
-----------
Cycle of Life
-----------
Ethereal Guard
	Eff: 9075269,964551827
-----------
Glide
-----------
Voidglass Barrier
	Eff: 485356,31574499793
-----------
Stasis (Release)
-----------
Emerald Communion
-----------
Obsidian Scales
-----------
Spirit Link
-----------
Take Off
-----------
Whirling Surge
-----------
Surge Forward
-----------
Wing Buffet
-----------
Rescue
-----------
Twin Guardian
-----------
Skyward Ascent
-----------
Second Wind
-----------
Invigorating Healing Potion
	Eff: 82621,21416436695
-----------
Tempered Potion
-----------
Melee
	Dmg: 8126,890098144715
-----------
Healthstone
-----------
Time Dilation
