-----------
EssenceRegenDummy
-----------
Azure Strike
-----------
Blessing of the Bronze
-----------
Cauterizing Flame
-----------
Chrono Flames
-----------
Chrono Flame
	Eff: 2633927,08578727
	Dmg: 8893766,442171909
-----------
Consume Flame
-----------
Deep Breath
-----------
Disintegrate
-----------
Dream Breath
	Eff: -4162331,7848050524
-----------
Dream Breath (Echo)
-----------
Dream Flight
	Eff: -3533326,5826479415
-----------
Echo
	Eff: -46671,49930485082
-----------
Emerald Blossom
	Eff: -12965590,117590353
-----------
Engulf
-----------
Enkindle
-----------
Expunge
-----------
Fire Breath
	Dmg: 3730317,9738739035
-----------
Fluttering Seedlings
	Eff: -4056812,7254440812
-----------
Golden Hour
	Eff: -708143,1717722074
-----------
Landslide
-----------
Lifebind
	Eff: -1436672,312722975
-----------
Life-Giver's Flame
-----------
Living Flame
	Eff: -6500295,476787492
	Dmg: 21026887,00222218
-----------
Naturalize
-----------
Oppressing Roar
-----------
Panacea
	Eff: -3492328,709095427
-----------
Rewind
-----------
Renewing Blaze
-----------
Reversion
	Eff: 1221074,3123494314
-----------
Reversion (Echo)
-----------
Sleep Walk
-----------
Source of Magic
-----------
Spatial Paradox
-----------
Spiritbloom
	Eff: -4143651,411031623
-----------
Spiritbloom (Echo)
	Eff: -18555036,219735973
-----------
Stasis
-----------
Tail Swipe
-----------
Temporal Anomaly
-----------
Time Spiral
-----------
Unravel
-----------
Verdant Embrace
	Eff: 9318420,494415153
-----------
Zephyr
-----------
Leech
	Eff: -16842210,411082156
-----------
Blessing of Summer
-----------
Holy Bulwark
-----------
ZeroCIMDummy
-----------
Hover
-----------
Stasis (Store)
-----------
Tip the Scales
-----------
Thread of Fate
-----------
Voidglass Shards
-----------
Bombardments
-----------
Ethereal Reconstitution
	Eff: 8036364,848221593
-----------
Cycle of Life
-----------
Ethereal Guard
	Eff: 26245901,711805105
-----------
Glide
-----------
Voidglass Barrier
	Eff: 7070372,837816762
-----------
Stasis (Release)
-----------
Emerald Communion
-----------
Obsidian Scales
-----------
Spirit Link
-----------
Take Off
-----------
Whirling Surge
-----------
Surge Forward
-----------
Wing Buffet
-----------
Rescue
-----------
Twin Guardian
-----------
Skyward Ascent
-----------
Second Wind
-----------
Invigorating Healing Potion
	Eff: 1203575,1251294948
-----------
Tempered Potion
-----------
Melee
	Dmg: 28360,873011589792
-----------
Healthstone
-----------
Time Dilation
