-----------
EssenceRegenDummy
-----------
Azure Strike
-----------
Blessing of the Bronze
-----------
Cauterizing Flame
-----------
Chrono Flames
-----------
Chrono Flame
	Eff: -3191530,914286707
	Dmg: 8353504,4851684095
-----------
Consume Flame
-----------
Deep Breath
-----------
Disintegrate
-----------
Dream Breath
	Eff: -19970167,414285745
-----------
Dream Breath (Echo)
-----------
Dream Flight
	Eff: -17456743,638460863
-----------
Echo
	Eff: -435869,23773562023
-----------
Emerald Blossom
	Eff: -68215694,94729051
-----------
Engulf
-----------
Enkindle
-----------
Expunge
-----------
Fire Breath
	Dmg: 4275436,0142482985
-----------
Fluttering Seedlings
	Eff: -15269992,466367437
-----------
Golden Hour
	Eff: -708143,1717722074
-----------
Landslide
-----------
Lifebind
	Eff: -4019446,239667483
-----------
Life-Giver's Flame
-----------
Living Flame
	Eff: -27027832,351136845
	Dmg: 24920816,057950567
-----------
Naturalize
-----------
Oppressing Roar
-----------
Panacea
	Eff: -9585403,983182417
-----------
Rewind
-----------
Renewing Blaze
-----------
Reversion
	Eff: -6711154,170664746
-----------
Reversion (Echo)
-----------
Sleep Walk
-----------
Source of Magic
-----------
Spatial Paradox
-----------
Spiritbloom
	Eff: -9710918,25417135
-----------
Spiritbloom (Echo)
	Eff: -39852452,77732605
-----------
Stasis
-----------
Tail Swipe
-----------
Temporal Anomaly
-----------
Time Spiral
-----------
Unravel
-----------
Verdant Embrace
	Eff: -22839946,181060527
-----------
Zephyr
-----------
Leech
	Eff: -21319471,04451296
-----------
Blessing of Summer
-----------
Holy Bulwark
-----------
ZeroCIMDummy
-----------
Hover
-----------
Stasis (Store)
-----------
Tip the Scales
-----------
Thread of Fate
-----------
Voidglass Shards
-----------
Bombardments
-----------
Ethereal Reconstitution
	Eff: 12380692,955243766
-----------
Cycle of Life
-----------
Ethereal Guard
	Eff: 30630913,318403207
-----------
Glide
-----------
Voidglass Barrier
	Eff: 16123347,663672717
-----------
Stasis (Release)
-----------
Emerald Communion
-----------
Obsidian Scales
-----------
Spirit Link
-----------
Take Off
-----------
Whirling Surge
-----------
Surge Forward
-----------
Wing Buffet
-----------
Rescue
-----------
Twin Guardian
-----------
Skyward Ascent
-----------
Second Wind
-----------
Invigorating Healing Potion
	Eff: 2744644,536709249
-----------
Tempered Potion
-----------
Melee
	Dmg: 33532,3982366734
-----------
Healthstone
-----------
Time Dilation
