-----------
EssenceRegenDummy
-----------
Azure Strike
-----------
Blessing of the Bronze
-----------
Cauterizing Flame
-----------
Chrono Flames
-----------
Chrono Flame
	Eff: -5594872,60485713
	Dmg: 1784193,1377781723
-----------
Consume Flame
-----------
Deep Breath
-----------
Disintegrate
-----------
Dream Breath
	Eff: -12013510,883951763
-----------
Dream Breath (Echo)
-----------
Dream Flight
	Eff: -9429208,620234806
-----------
Echo
	Eff: -390611,7507489547
-----------
Emerald Blossom
	Eff: -45233579,88318889
-----------
Engulf
-----------
Enkindle
-----------
Expunge
-----------
Fire Breath
	Dmg: 1786205,412324978
-----------
Fluttering Seedlings
	Eff: -10066019,352542037
-----------
Golden Hour
	Eff: -708143,1717722074
-----------
Landslide
-----------
Lifebind
	Eff: -2847542,8897220185
-----------
Life-Giver's Flame
-----------
Living Flame
	Eff: -19105016,599223778
	Dmg: 10146443,60533164
-----------
Naturalize
-----------
Oppressing Roar
-----------
Panacea
	Eff: -5369543,199150901
-----------
Rewind
-----------
Renewing Blaze
-----------
Reversion
	Eff: -7945515,613409096
-----------
Reversion (Echo)
-----------
Sleep Walk
-----------
Source of Magic
-----------
Spatial Paradox
-----------
Spiritbloom
	Eff: -3031002,872772085
-----------
Spiritbloom (Echo)
	Eff: -17727691,167547807
-----------
Stasis
-----------
Tail Swipe
-----------
Temporal Anomaly
-----------
Time Spiral
-----------
Unravel
-----------
Verdant Embrace
	Eff: -30225908,45227878
-----------
Zephyr
-----------
Leech
	Eff: -21181000,984684672
-----------
Blessing of Summer
-----------
Holy Bulwark
-----------
ZeroCIMDummy
-----------
Hover
-----------
Stasis (Store)
-----------
Tip the Scales
-----------
Thread of Fate
-----------
Voidglass Shards
-----------
Bombardments
-----------
Ethereal Reconstitution
	Eff: 7520125,508436579
-----------
Cycle of Life
-----------
Ethereal Guard
	Eff: 13451001,629720552
-----------
Glide
-----------
Voidglass Barrier
	Eff: 13330697,887331987
-----------
Stasis (Release)
-----------
Emerald Communion
-----------
Obsidian Scales
-----------
Spirit Link
-----------
Take Off
-----------
Whirling Surge
-----------
Surge Forward
-----------
Wing Buffet
-----------
Rescue
-----------
Twin Guardian
-----------
Skyward Ascent
-----------
Second Wind
-----------
Invigorating Healing Potion
	Eff: 2269257,469987031
-----------
Tempered Potion
-----------
Melee
	Dmg: 14734,884727362456
-----------
Healthstone
-----------
Time Dilation
