-----------
EssenceRegenDummy
-----------
Azure Strike
-----------
Blessing of the Bronze
-----------
Cauterizing Flame
-----------
Chrono Flames
-----------
Chrono Flame
	Eff: -9308835,642109223
	Dmg: -2568735,5064426837
-----------
Consume Flame
-----------
Deep Breath
-----------
Disintegrate
-----------
Dream Breath
	Eff: -14965497,281856263
-----------
Dream Breath (Echo)
-----------
Dream Flight
	Eff: -11356375,293917755
-----------
Echo
	Eff: -527829,2290028939
-----------
Emerald Blossom
	Eff: -58570459,9509927
-----------
Engulf
-----------
Enkindle
-----------
Expunge
-----------
Fire Breath
	Dmg: 287598,53103208076
-----------
Fluttering Seedlings
	Eff: -12269821,68549625
-----------
Golden Hour
	Eff: -708143,1717722074
-----------
Landslide
-----------
Lifebind
	Eff: -3356088,4499846483
-----------
Life-Giver's Flame
-----------
Living Flame
	Eff: -24772972,49854499
	Dmg: 1373458,3313393495
-----------
Naturalize
-----------
Oppressing Roar
-----------
Panacea
	Eff: -5868602,814146485
-----------
Rewind
-----------
Renewing Blaze
-----------
Reversion
	Eff: -10891242,52835918
-----------
Reversion (Echo)
-----------
Sleep Walk
-----------
Source of Magic
-----------
Spatial Paradox
-----------
Spiritbloom
	Eff: -2108256,623283119
-----------
Spiritbloom (Echo)
	Eff: -15840455,464406371
-----------
Stasis
-----------
Tail Swipe
-----------
Temporal Anomaly
-----------
Time Spiral
-----------
Unravel
-----------
Verdant Embrace
	Eff: -46696814,05398687
-----------
Zephyr
-----------
Leech
	Eff: -23266133,82039376
-----------
Blessing of Summer
-----------
Holy Bulwark
-----------
ZeroCIMDummy
-----------
Hover
-----------
Stasis (Store)
-----------
Tip the Scales
-----------
Thread of Fate
-----------
Voidglass Shards
-----------
Bombardments
-----------
Ethereal Reconstitution
	Eff: 5241363,1298284605
-----------
Cycle of Life
-----------
Ethereal Guard
	Eff: 3554870,770160048
-----------
Glide
-----------
Voidglass Barrier
	Eff: 13330697,887331987
-----------
Stasis (Release)
-----------
Emerald Communion
-----------
Obsidian Scales
-----------
Spirit Link
-----------
Take Off
-----------
Whirling Surge
-----------
Surge Forward
-----------
Wing Buffet
-----------
Rescue
-----------
Twin Guardian
-----------
Skyward Ascent
-----------
Second Wind
-----------
Invigorating Healing Potion
	Eff: 2269257,469987031
-----------
Tempered Potion
-----------
Melee
	Dmg: 3616,336835455535
-----------
Healthstone
-----------
Time Dilation
