-----------
EssenceRegenDummy
-----------
Azure Strike
-----------
Blessing of the Bronze
-----------
Cauterizing Flame
-----------
Chrono Flames
-----------
Chrono Flame
	Eff: -6082204,744164548
	Dmg: 3819055,389910577
-----------
Consume Flame
-----------
Deep Breath
-----------
Disintegrate
-----------
Dream Breath
	Eff: -18986629,54324397
-----------
Dream Breath (Echo)
-----------
Dream Flight
	Eff: -16042641,454053614
-----------
Echo
	Eff: -494151,9091700178
-----------
Emerald Blossom
	Eff: -67751885,88878973
-----------
Engulf
-----------
Enkindle
-----------
Expunge
-----------
Fire Breath
	Dmg: 2714376,4473260506
-----------
Fluttering Seedlings
	Eff: -14747368,963335535
-----------
Golden Hour
	Eff: -708143,1717722074
-----------
Landslide
-----------
Lifebind
	Eff: -3897807,044110204
-----------
Life-Giver's Flame
-----------
Living Flame
	Eff: -27284867,60740335
	Dmg: 15782262,765569102
-----------
Naturalize
-----------
Oppressing Roar
-----------
Panacea
	Eff: -8431637,21938736
-----------
Rewind
-----------
Renewing Blaze
-----------
Reversion
	Eff: -9189913,951909523
-----------
Reversion (Echo)
-----------
Sleep Walk
-----------
Source of Magic
-----------
Spatial Paradox
-----------
Spiritbloom
	Eff: -6969264,360018693
-----------
Spiritbloom (Echo)
	Eff: -31458972,631613165
-----------
Stasis
-----------
Tail Swipe
-----------
Temporal Anomaly
-----------
Time Spiral
-----------
Unravel
-----------
Verdant Embrace
	Eff: -34709293,81789309
-----------
Zephyr
-----------
Leech
	Eff: -22387469,150500968
-----------
Blessing of Summer
-----------
Holy Bulwark
-----------
ZeroCIMDummy
-----------
Hover
-----------
Stasis (Store)
-----------
Tip the Scales
-----------
Thread of Fate
-----------
Voidglass Shards
-----------
Bombardments
-----------
Ethereal Reconstitution
	Eff: 10007156,58753631
-----------
Cycle of Life
-----------
Ethereal Guard
	Eff: 20734212,86621968
-----------
Glide
-----------
Voidglass Barrier
	Eff: 16123843,010472685
-----------
Stasis (Release)
-----------
Emerald Communion
-----------
Obsidian Scales
-----------
Spirit Link
-----------
Take Off
-----------
Whirling Surge
-----------
Surge Forward
-----------
Wing Buffet
-----------
Rescue
-----------
Twin Guardian
-----------
Skyward Ascent
-----------
Second Wind
-----------
Invigorating Healing Potion
	Eff: 2744728,8585831337
-----------
Tempered Potion
-----------
Melee
	Dmg: 21950,556295863094
-----------
Healthstone
-----------
Time Dilation
