-----------
EssenceRegenDummy
-----------
Azure Strike
-----------
Blessing of the Bronze
-----------
Cauterizing Flame
-----------
Chrono Flames
-----------
Chrono Flame
	Eff: -3463195,6647491176
	Dmg: 2148065,4194217096
-----------
Consume Flame
-----------
Deep Breath
-----------
Disintegrate
-----------
Dream Breath
	Eff: -8014784,664240802
-----------
Dream Breath (Echo)
-----------
Dream Flight
	Eff: -8740824,695585042
-----------
Echo
	Eff: -285445,225031866
-----------
Emerald Blossom
	Eff: -21379452,026337136
-----------
Engulf
-----------
Enkindle
-----------
Expunge
-----------
Fire Breath
	Dmg: 1105422,5870253816
-----------
Fluttering Seedlings
	Eff: -5244825,820760879
-----------
Golden Hour
	Eff: 2287322,6768058324
-----------
Landslide
-----------
Lifebind
	Eff: 165438,5746772449
-----------
Life-Giver's Flame
-----------
Living Flame
	Eff: 996824,8736865135
	Dmg: 11154235,840219742
-----------
Naturalize
-----------
Oppressing Roar
-----------
Panacea
	Eff: -2922061,158226036
-----------
Rewind
-----------
Renewing Blaze
-----------
Reversion
	Eff: -4325698,523642619
-----------
Reversion (Echo)
-----------
Sleep Walk
-----------
Source of Magic
-----------
Spatial Paradox
-----------
Spiritbloom
	Eff: -5014566,4221435655
-----------
Spiritbloom (Echo)
	Eff: -3762041,449806523
-----------
Stasis
-----------
Tail Swipe
-----------
Temporal Anomaly
-----------
Time Spiral
-----------
Unravel
-----------
Verdant Embrace
	Eff: -33670153,812019244
-----------
Zephyr
-----------
Leech
	Eff: -19605587,758515444
-----------
Blessing of Summer
-----------
Holy Bulwark
-----------
ZeroCIMDummy
-----------
Hover
-----------
Stasis (Store)
-----------
Tip the Scales
-----------
Thread of Fate
-----------
Voidglass Shards
-----------
Bombardments
-----------
Ethereal Reconstitution
	Eff: 5695970,2818780895
-----------
Cycle of Life
-----------
Ethereal Guard
	Eff: 8109006,527673567
-----------
Glide
-----------
Voidglass Barrier
	Eff: 7070372,837816762
-----------
Stasis (Release)
-----------
Emerald Communion
-----------
Obsidian Scales
-----------
Spirit Link
-----------
Take Off
-----------
Whirling Surge
-----------
Surge Forward
-----------
Wing Buffet
-----------
Rescue
-----------
Twin Guardian
-----------
Skyward Ascent
-----------
Second Wind
-----------
Invigorating Healing Potion
	Eff: 1203575,1251294948
-----------
Tempered Potion
-----------
Melee
	Dmg: 9442,42774303936
-----------
Healthstone
-----------
Time Dilation
