-----------
EssenceRegenDummy
-----------
Azure Strike
-----------
Blessing of the Bronze
-----------
Cauterizing Flame
-----------
Chrono Flames
-----------
Chrono Flame
	Eff: 2770445,373020453
	Dmg: 10893429,873780936
-----------
Consume Flame
-----------
Deep Breath
-----------
Disintegrate
-----------
Dream Breath
	Eff: -7017735,773894401
-----------
Dream Breath (Echo)
-----------
Dream Flight
	Eff: -9116323,193884911
-----------
Echo
	Eff: -120976,57600424322
-----------
Emerald Blossom
	Eff: -12812200,776285727
-----------
Engulf
-----------
Enkindle
-----------
Expunge
-----------
Fire Breath
	Dmg: 4005061,120114221
-----------
Fluttering Seedlings
	Eff: -4381200,478411362
-----------
Golden Hour
	Eff: 2287322,6768058324
-----------
Landslide
-----------
Lifebind
	Eff: 387758,4121501705
-----------
Life-Giver's Flame
-----------
Living Flame
	Eff: 5348213,529278995
	Dmg: 28776834,883797053
-----------
Naturalize
-----------
Oppressing Roar
-----------
Panacea
	Eff: -3964014,1685887654
-----------
Rewind
-----------
Renewing Blaze
-----------
Reversion
	Eff: 1617911,5055259257
-----------
Reversion (Echo)
-----------
Sleep Walk
-----------
Source of Magic
-----------
Spatial Paradox
-----------
Spiritbloom
	Eff: -8668743,759394057
-----------
Spiritbloom (Echo)
	Eff: -15093041,21554415
-----------
Stasis
-----------
Tail Swipe
-----------
Temporal Anomaly
-----------
Time Spiral
-----------
Unravel
-----------
Verdant Embrace
	Eff: -9929203,164364759
-----------
Zephyr
-----------
Leech
	Eff: -16864180,517542984
-----------
Blessing of Summer
-----------
Holy Bulwark
-----------
ZeroCIMDummy
-----------
Hover
-----------
Stasis (Store)
-----------
Tip the Scales
-----------
Thread of Fate
-----------
Voidglass Shards
-----------
Bombardments
-----------
Ethereal Reconstitution
	Eff: 10095344,111691894
-----------
Cycle of Life
-----------
Ethereal Guard
	Eff: 27799958,025785644
-----------
Glide
-----------
Voidglass Barrier
	Eff: 7070372,837816762
-----------
Stasis (Release)
-----------
Emerald Communion
-----------
Obsidian Scales
-----------
Spirit Link
-----------
Take Off
-----------
Whirling Surge
-----------
Surge Forward
-----------
Wing Buffet
-----------
Rescue
-----------
Twin Guardian
-----------
Skyward Ascent
-----------
Second Wind
-----------
Invigorating Healing Potion
	Eff: 1203575,1251294948
-----------
Tempered Potion
-----------
Melee
	Dmg: 30935,473075524595
-----------
Healthstone
-----------
Time Dilation
