-----------
EssenceRegenDummy
-----------
Azure Strike
-----------
Blessing of the Bronze
-----------
Cauterizing Flame
-----------
Chrono Flames
-----------
Chrono Flame
	Eff: 1137,9633334813188
	Dmg: 6533650,183075226
-----------
Consume Flame
-----------
Deep Breath
-----------
Disintegrate
-----------
Dream Breath
	Eff: -6122319,611076627
-----------
Dream Breath (Echo)
-----------
Dream Flight
	Eff: -7752853,654658636
-----------
Echo
	Eff: -175135,3697716063
-----------
Emerald Blossom
	Eff: -12079266,83601556
-----------
Engulf
-----------
Enkindle
-----------
Expunge
-----------
Fire Breath
	Dmg: 2558347,4577677664
-----------
Fluttering Seedlings
	Eff: -3825749,3203836572
-----------
Golden Hour
	Eff: 2287322,6768058324
-----------
Landslide
-----------
Lifebind
	Eff: 511893,25446724123
-----------
Life-Giver's Flame
-----------
Living Flame
	Eff: 5216689,613263707
	Dmg: 19992658,969963163
-----------
Naturalize
-----------
Oppressing Roar
-----------
Panacea
	Eff: -2862752,0086385105
-----------
Rewind
-----------
Renewing Blaze
-----------
Reversion
	Eff: -1380704,0334834165
-----------
Reversion (Echo)
-----------
Sleep Walk
-----------
Source of Magic
-----------
Spatial Paradox
-----------
Spiritbloom
	Eff: -6252773,407309002
-----------
Spiritbloom (Echo)
	Eff: -7149789,446153733
-----------
Stasis
-----------
Tail Swipe
-----------
Temporal Anomaly
-----------
Time Spiral
-----------
Unravel
-----------
Verdant Embrace
	Eff: -20101915,657075
-----------
Zephyr
-----------
Leech
	Eff: -17854948,36954094
-----------
Blessing of Summer
-----------
Holy Bulwark
-----------
ZeroCIMDummy
-----------
Hover
-----------
Stasis (Store)
-----------
Tip the Scales
-----------
Thread of Fate
-----------
Voidglass Shards
-----------
Bombardments
-----------
Ethereal Reconstitution
	Eff: 7905014,235328272
-----------
Cycle of Life
-----------
Ethereal Guard
	Eff: 18005272,398004673
-----------
Glide
-----------
Voidglass Barrier
	Eff: 7069753,654316804
-----------
Stasis (Release)
-----------
Emerald Communion
-----------
Obsidian Scales
-----------
Spirit Link
-----------
Take Off
-----------
Whirling Surge
-----------
Surge Forward
-----------
Wing Buffet
-----------
Rescue
-----------
Twin Guardian
-----------
Skyward Ascent
-----------
Second Wind
-----------
Invigorating Healing Potion
	Eff: 1203469,722787138
-----------
Tempered Potion
-----------
Melee
	Dmg: 20221,971054134614
-----------
Healthstone
-----------
Time Dilation
