-----------
EssenceRegenDummy
-----------
Azure Strike
-----------
Blessing of the Bronze
-----------
Cauterizing Flame
-----------
Chrono Flames
-----------
Chrono Flame
	Eff: -7390013,223728005
	Dmg: 2378983,0723935245
-----------
Consume Flame
-----------
Deep Breath
-----------
Disintegrate
-----------
Dream Breath
	Eff: -18540423,043898407
-----------
Dream Breath (Echo)
-----------
Dream Flight
	Eff: -17785423,294969168
-----------
Echo
	Eff: -548417,305579114
-----------
Emerald Blossom
	Eff: -58576393,96846156
-----------
Engulf
-----------
Enkindle
-----------
Expunge
-----------
Fire Breath
	Dmg: 1727377,8143340286
-----------
Fluttering Seedlings
	Eff: -12945683,090064494
-----------
Golden Hour
	Eff: 2287322,6768058324
-----------
Landslide
-----------
Lifebind
	Eff: -1699187,0738333196
-----------
Life-Giver's Flame
-----------
Living Flame
	Eff: -13264479,199894983
	Dmg: 15441284,176443651
-----------
Naturalize
-----------
Oppressing Roar
-----------
Panacea
	Eff: -7134499,675936254
-----------
Rewind
-----------
Renewing Blaze
-----------
Reversion
	Eff: -8452309,306602506
-----------
Reversion (Echo)
-----------
Sleep Walk
-----------
Source of Magic
-----------
Spatial Paradox
-----------
Spiritbloom
	Eff: -8681426,19095406
-----------
Spiritbloom (Echo)
	Eff: -18698548,33864812
-----------
Stasis
-----------
Tail Swipe
-----------
Temporal Anomaly
-----------
Time Spiral
-----------
Unravel
-----------
Verdant Embrace
	Eff: -53952750,879335694
-----------
Zephyr
-----------
Leech
	Eff: -22483574,39827165
-----------
Blessing of Summer
-----------
Holy Bulwark
-----------
ZeroCIMDummy
-----------
Hover
-----------
Stasis (Store)
-----------
Tip the Scales
-----------
Thread of Fate
-----------
Voidglass Shards
-----------
Bombardments
-----------
Ethereal Reconstitution
	Eff: 9219373,568052985
-----------
Cycle of Life
-----------
Ethereal Guard
	Eff: 15665955,860086363
-----------
Glide
-----------
Voidglass Barrier
	Eff: 13330697,887331987
-----------
Stasis (Release)
-----------
Emerald Communion
-----------
Obsidian Scales
-----------
Spirit Link
-----------
Take Off
-----------
Whirling Surge
-----------
Surge Forward
-----------
Wing Buffet
-----------
Rescue
-----------
Twin Guardian
-----------
Skyward Ascent
-----------
Second Wind
-----------
Invigorating Healing Potion
	Eff: 2269257,469987031
-----------
Tempered Potion
-----------
Melee
	Dmg: 14846,068315670123
-----------
Healthstone
-----------
Time Dilation
