-----------
EssenceRegenDummy
-----------
Azure Strike
-----------
Blessing of the Bronze
-----------
Cauterizing Flame
-----------
Chrono Flames
-----------
Chrono Flame
	Eff: -267779,65445668256
	Dmg: 3631400,011819082
-----------
Consume Flame
-----------
Deep Breath
-----------
Disintegrate
-----------
Dream Breath
	Eff: -3699102,35422869
-----------
Dream Breath (Echo)
-----------
Dream Flight
	Eff: -5468245,432285742
-----------
Echo
	Eff: -123578,34773594933
-----------
Emerald Blossom
	Eff: -4705701,116024176
-----------
Engulf
-----------
Enkindle
-----------
Expunge
-----------
Fire Breath
	Dmg: 1310069,6093886676
-----------
Fluttering Seedlings
	Eff: -1824257,7632079665
-----------
Golden Hour
	Eff: 2286760,5753889037
-----------
Landslide
-----------
Lifebind
	Eff: 1016058,5848950706
-----------
Life-Giver's Flame
-----------
Living Flame
	Eff: 7566130,05756481
	Dmg: 12133378,841802506
-----------
Naturalize
-----------
Oppressing Roar
-----------
Panacea
	Eff: -1415468,7998657732
-----------
Rewind
-----------
Renewing Blaze
-----------
Reversion
	Eff: -569054,4625842285
-----------
Reversion (Echo)
-----------
Sleep Walk
-----------
Source of Magic
-----------
Spatial Paradox
-----------
Spiritbloom
	Eff: -4519833,056377728
-----------
Spiritbloom (Echo)
	Eff: -768379,0438851914
-----------
Stasis
-----------
Tail Swipe
-----------
Temporal Anomaly
-----------
Time Spiral
-----------
Unravel
-----------
Verdant Embrace
	Eff: -18452314,03516523
-----------
Zephyr
-----------
Leech
	Eff: -17850001,103908796
-----------
Blessing of Summer
-----------
Holy Bulwark
-----------
ZeroCIMDummy
-----------
Hover
-----------
Stasis (Store)
-----------
Tip the Scales
-----------
Thread of Fate
-----------
Voidglass Shards
-----------
Bombardments
-----------
Ethereal Reconstitution
	Eff: 4651314,4879002515
-----------
Cycle of Life
-----------
Ethereal Guard
	Eff: 8826766,244061328
-----------
Glide
-----------
Voidglass Barrier
	Eff: 3778174,16853086
-----------
Stasis (Release)
-----------
Emerald Communion
-----------
Obsidian Scales
-----------
Spirit Link
-----------
Take Off
-----------
Whirling Surge
-----------
Surge Forward
-----------
Wing Buffet
-----------
Rescue
-----------
Twin Guardian
-----------
Skyward Ascent
-----------
Second Wind
-----------
Invigorating Healing Potion
	Eff: 643150,8708181083
-----------
Tempered Potion
-----------
Melee
	Dmg: 10545,643446150465
-----------
Healthstone
-----------
Time Dilation
