-----------
EssenceRegenDummy
-----------
Azure Strike
-----------
Blessing of the Bronze
-----------
Cauterizing Flame
-----------
Chrono Flames
-----------
Chrono Flame
	Eff: -7594250,41953419
	Dmg: -2237240,340702339
-----------
Consume Flame
-----------
Deep Breath
-----------
Disintegrate
-----------
Dream Breath
	Eff: -12778073,132267635
-----------
Dream Breath (Echo)
-----------
Dream Flight
	Eff: -12142468,015373545
-----------
Echo
	Eff: -452204,1787557339
-----------
Emerald Blossom
	Eff: -40887281,673943356
-----------
Engulf
-----------
Enkindle
-----------
Expunge
-----------
Fire Breath
	Dmg: -347463,7959451402
-----------
Fluttering Seedlings
	Eff: -8651731,0695724
-----------
Golden Hour
	Eff: 2287322,6768058324
-----------
Landslide
-----------
Lifebind
	Eff: -663060,0663712324
-----------
Life-Giver's Flame
-----------
Living Flame
	Eff: -7380755,200707827
	Dmg: 2315997,035961082
-----------
Naturalize
-----------
Oppressing Roar
-----------
Panacea
	Eff: -4161932,121650072
-----------
Rewind
-----------
Renewing Blaze
-----------
Reversion
	Eff: -7324978,947802607
-----------
Reversion (Echo)
-----------
Sleep Walk
-----------
Source of Magic
-----------
Spatial Paradox
-----------
Spiritbloom
	Eff: -5006437,04167559
-----------
Spiritbloom (Echo)
	Eff: -5088536,84210873
-----------
Stasis
-----------
Tail Swipe
-----------
Temporal Anomaly
-----------
Time Spiral
-----------
Unravel
-----------
Verdant Embrace
	Eff: -50437977,27258249
-----------
Zephyr
-----------
Leech
	Eff: -22118920,677332535
-----------
Blessing of Summer
-----------
Holy Bulwark
-----------
ZeroCIMDummy
-----------
Hover
-----------
Stasis (Store)
-----------
Tip the Scales
-----------
Thread of Fate
-----------
Voidglass Shards
-----------
Bombardments
-----------
Ethereal Reconstitution
	Eff: 3486729,9058770584
-----------
Cycle of Life
-----------
Ethereal Guard
	Eff: -1787124,3318869423
-----------
Glide
-----------
Voidglass Barrier
	Eff: 7070372,837816762
-----------
Stasis (Release)
-----------
Emerald Communion
-----------
Obsidian Scales
-----------
Spirit Link
-----------
Take Off
-----------
Whirling Surge
-----------
Surge Forward
-----------
Wing Buffet
-----------
Rescue
-----------
Twin Guardian
-----------
Skyward Ascent
-----------
Second Wind
-----------
Invigorating Healing Potion
	Eff: 1203575,1251294948
-----------
Tempered Potion
-----------
Melee
	Dmg: -1336,9080735829339
-----------
Healthstone
-----------
Time Dilation
