-----------
EssenceRegenDummy
-----------
Azure Strike
-----------
Blessing of the Bronze
-----------
Cauterizing Flame
-----------
Chrono Flames
-----------
Chrono Flame
	Eff: 2546326,287545299
	Dmg: 14030967,162136517
-----------
Consume Flame
-----------
Deep Breath
-----------
Disintegrate
-----------
Dream Breath
	Eff: -12853379,340853846
-----------
Dream Breath (Echo)
-----------
Dream Flight
	Eff: -14414718,998216437
-----------
Echo
	Eff: -226645,1793466527
-----------
Emerald Blossom
	Eff: -31950149,051740184
-----------
Engulf
-----------
Enkindle
-----------
Expunge
-----------
Fire Breath
	Dmg: 5331515,655318624
-----------
Fluttering Seedlings
	Eff: -8661403,157591967
-----------
Golden Hour
	Eff: 2287322,6768058324
-----------
Landslide
-----------
Lifebind
	Eff: -661681,1599923073
-----------
Life-Giver's Flame
-----------
Living Flame
	Eff: -1727650,1462697254
	Dmg: 37109874,44322677
-----------
Naturalize
-----------
Oppressing Roar
-----------
Panacea
	Eff: -6824445,626266051
-----------
Rewind
-----------
Renewing Blaze
-----------
Reversion
	Eff: 544215,2955356457
-----------
Reversion (Echo)
-----------
Sleep Walk
-----------
Source of Magic
-----------
Spatial Paradox
-----------
Spiritbloom
	Eff: -12047711,119610144
-----------
Spiritbloom (Echo)
	Eff: -27650540,481621377
-----------
Stasis
-----------
Tail Swipe
-----------
Temporal Anomaly
-----------
Time Spiral
-----------
Unravel
-----------
Verdant Embrace
	Eff: -13998098,446904166
-----------
Zephyr
-----------
Leech
	Eff: -17671859,880834494
-----------
Blessing of Summer
-----------
Holy Bulwark
-----------
ZeroCIMDummy
-----------
Hover
-----------
Stasis (Store)
-----------
Tip the Scales
-----------
Thread of Fate
-----------
Voidglass Shards
-----------
Bombardments
-----------
Ethereal Reconstitution
	Eff: 13467355,973815095
-----------
Cycle of Life
-----------
Ethereal Guard
	Eff: 36978236,61810955
-----------
Glide
-----------
Voidglass Barrier
	Eff: 10362571,507102666
-----------
Stasis (Release)
-----------
Emerald Communion
-----------
Obsidian Scales
-----------
Spirit Link
-----------
Take Off
-----------
Whirling Surge
-----------
Surge Forward
-----------
Wing Buffet
-----------
Rescue
-----------
Twin Guardian
-----------
Skyward Ascent
-----------
Second Wind
-----------
Invigorating Healing Potion
	Eff: 1763999,3794408813
-----------
Tempered Potion
-----------
Melee
	Dmg: 41190,71567377717
-----------
Healthstone
-----------
Time Dilation
