-----------
EssenceRegenDummy
-----------
Azure Strike
-----------
Blessing of the Bronze
-----------
Cauterizing Flame
-----------
Chrono Flames
-----------
Chrono Flame
	Eff: -7265614,650320175
	Dmg: 190353,18799110476
-----------
Consume Flame
-----------
Deep Breath
-----------
Disintegrate
-----------
Dream Breath
	Eff: -14086158,406340653
-----------
Dream Breath (Echo)
-----------
Dream Flight
	Eff: -13520950,295330724
-----------
Echo
	Eff: -480985,7421707476
-----------
Emerald Blossom
	Eff: -44364709,40023483
-----------
Engulf
-----------
Enkindle
-----------
Expunge
-----------
Fire Breath
	Dmg: 743660,184728841
-----------
Fluttering Seedlings
	Eff: -9819604,22853748
-----------
Golden Hour
	Eff: 2287322,6768058324
-----------
Landslide
-----------
Lifebind
	Eff: -956829,3508557164
-----------
Life-Giver's Flame
-----------
Living Flame
	Eff: -8156460,108718674
	Dmg: 9218362,73041303
-----------
Naturalize
-----------
Oppressing Roar
-----------
Panacea
	Eff: -5051157,36974075
-----------
Rewind
-----------
Renewing Blaze
-----------
Reversion
	Eff: -8566513,97174285
-----------
Reversion (Echo)
-----------
Sleep Walk
-----------
Source of Magic
-----------
Spatial Paradox
-----------
Spiritbloom
	Eff: -6105787,377140865
-----------
Spiritbloom (Echo)
	Eff: -9133854,380417015
-----------
Stasis
-----------
Tail Swipe
-----------
Temporal Anomaly
-----------
Time Spiral
-----------
Unravel
-----------
Verdant Embrace
	Eff: -51366520,296571724
-----------
Zephyr
-----------
Leech
	Eff: -21928908,39077385
-----------
Blessing of Summer
-----------
Holy Bulwark
-----------
ZeroCIMDummy
-----------
Hover
-----------
Stasis (Store)
-----------
Tip the Scales
-----------
Thread of Fate
-----------
Voidglass Shards
-----------
Bombardments
-----------
Ethereal Reconstitution
	Eff: 6501429,891394151
-----------
Cycle of Life
-----------
Ethereal Guard
	Eff: 7391154,260436955
-----------
Glide
-----------
Voidglass Barrier
	Eff: 10362571,507102666
-----------
Stasis (Release)
-----------
Emerald Communion
-----------
Obsidian Scales
-----------
Spirit Link
-----------
Take Off
-----------
Whirling Surge
-----------
Surge Forward
-----------
Wing Buffet
-----------
Rescue
-----------
Twin Guardian
-----------
Skyward Ascent
-----------
Second Wind
-----------
Invigorating Healing Potion
	Eff: 1763999,3794408813
-----------
Tempered Potion
-----------
Melee
	Dmg: 7173,4444899648115
-----------
Healthstone
-----------
Time Dilation
