-----------
EssenceRegenDummy
-----------
Azure Strike
-----------
Blessing of the Bronze
-----------
Cauterizing Flame
-----------
Chrono Flames
-----------
Chrono Flame
	Eff: 4923788,046915057
	Dmg: 11748269,188801805
-----------
Consume Flame
-----------
Deep Breath
-----------
Disintegrate
-----------
Dream Breath
	Eff: -5140279,2005614955
-----------
Dream Breath (Echo)
-----------
Dream Flight
	Eff: -7838765,97492928
-----------
Echo
	Eff: -18091,997863603057
-----------
Emerald Blossom
	Eff: -5361380,365750285
-----------
Engulf
-----------
Enkindle
-----------
Expunge
-----------
Fire Breath
	Dmg: 4005901,884401555
-----------
Fluttering Seedlings
	Eff: -2741556,4496288826
-----------
Golden Hour
	Eff: 2287322,6768058324
-----------
Landslide
-----------
Lifebind
	Eff: 823701,8143501703
-----------
Life-Giver's Flame
-----------
Living Flame
	Eff: 8104846,915414906
	Dmg: 28483953,168370478
-----------
Naturalize
-----------
Oppressing Roar
-----------
Panacea
	Eff: -3393375,082266767
-----------
Rewind
-----------
Renewing Blaze
-----------
Reversion
	Eff: 4571836,255784173
-----------
Reversion (Echo)
-----------
Sleep Walk
-----------
Source of Magic
-----------
Spatial Paradox
-----------
Spiritbloom
	Eff: -8923472,635036806
-----------
Spiritbloom (Echo)
	Eff: -15221930,427452374
-----------
Stasis
-----------
Tail Swipe
-----------
Temporal Anomaly
-----------
Time Spiral
-----------
Unravel
-----------
Verdant Embrace
	Eff: 577721,0757279482
-----------
Zephyr
-----------
Leech
	Eff: -15971483,874795929
-----------
Blessing of Summer
-----------
Holy Bulwark
-----------
ZeroCIMDummy
-----------
Hover
-----------
Stasis (Store)
-----------
Tip the Scales
-----------
Thread of Fate
-----------
Voidglass Shards
-----------
Bombardments
-----------
Ethereal Reconstitution
	Eff: 8721477,085222676
-----------
Cycle of Life
-----------
Ethereal Guard
	Eff: 28049616,830982678
-----------
Glide
-----------
Voidglass Barrier
	Eff: 3778174,16853086
-----------
Stasis (Release)
-----------
Emerald Communion
-----------
Obsidian Scales
-----------
Spirit Link
-----------
Take Off
-----------
Whirling Surge
-----------
Surge Forward
-----------
Wing Buffet
-----------
Rescue
-----------
Twin Guardian
-----------
Skyward Ascent
-----------
Second Wind
-----------
Invigorating Healing Potion
	Eff: 643150,8708181083
-----------
Tempered Potion
-----------
Melee
	Dmg: 30486,382511727978
-----------
Healthstone
-----------
Time Dilation
