-----------
EssenceRegenDummy
-----------
Azure Strike
-----------
Blessing of the Bronze
-----------
Cauterizing Flame
-----------
Chrono Flames
-----------
Chrono Flame
	Eff: 4723871,969538767
	Dmg: 8381902,664462279
-----------
Consume Flame
-----------
Deep Breath
-----------
Disintegrate
-----------
Dream Breath
	Eff: -1748886,6011706428
-----------
Dream Breath (Echo)
-----------
Dream Flight
	Eff: -4798062,799339053
-----------
Echo
	Eff: 56168,097165133804
-----------
Emerald Blossom
	Eff: 5454769,996878309
-----------
Engulf
-----------
Enkindle
-----------
Expunge
-----------
Fire Breath
	Dmg: 2603318,07489268
-----------
Fluttering Seedlings
	Eff: 13273,662546458057
-----------
Golden Hour
	Eff: 2287322,6768058324
-----------
Landslide
-----------
Lifebind
	Eff: 1523431,246304544
-----------
Life-Giver's Flame
-----------
Living Flame
	Eff: 11858825,236797325
	Dmg: 19689700,66987697
-----------
Naturalize
-----------
Oppressing Roar
-----------
Panacea
	Eff: -1443490,8657648028
-----------
Rewind
-----------
Renewing Blaze
-----------
Reversion
	Eff: 5198240,643722897
-----------
Reversion (Echo)
-----------
Sleep Walk
-----------
Source of Magic
-----------
Spatial Paradox
-----------
Spiritbloom
	Eff: -6645417,693939064
-----------
Spiritbloom (Echo)
	Eff: -6817960,293987849
-----------
Stasis
-----------
Tail Swipe
-----------
Temporal Anomaly
-----------
Time Spiral
-----------
Unravel
-----------
Verdant Embrace
	Eff: 3015470,440683294
-----------
Zephyr
-----------
Leech
	Eff: -15788404,89119568
-----------
Blessing of Summer
-----------
Holy Bulwark
-----------
ZeroCIMDummy
-----------
Hover
-----------
Stasis (Store)
-----------
Tip the Scales
-----------
Thread of Fate
-----------
Voidglass Shards
-----------
Bombardments
-----------
Ethereal Reconstitution
	Eff: 5234599,605785394
-----------
Cycle of Life
-----------
Ethereal Guard
	Eff: 18869612,024893057
-----------
Glide
-----------
Voidglass Barrier
	Eff: 485356,31574499793
-----------
Stasis (Release)
-----------
Emerald Communion
-----------
Obsidian Scales
-----------
Spirit Link
-----------
Take Off
-----------
Whirling Surge
-----------
Surge Forward
-----------
Wing Buffet
-----------
Rescue
-----------
Twin Guardian
-----------
Skyward Ascent
-----------
Second Wind
-----------
Invigorating Healing Potion
	Eff: 82621,21416436695
-----------
Tempered Potion
-----------
Melee
	Dmg: 19668,605791225305
-----------
Healthstone
-----------
Time Dilation
