-----------
EssenceRegenDummy
-----------
Azure Strike
-----------
Blessing of the Bronze
-----------
Cauterizing Flame
-----------
Chrono Flames
-----------
Chrono Flame
	Eff: 2295810,1030665915
	Dmg: 4617765,201660988
-----------
Consume Flame
-----------
Deep Breath
-----------
Disintegrate
-----------
Dream Breath
	Eff: -1203205,339238544
-----------
Dream Breath (Echo)
-----------
Dream Flight
	Eff: -3791187,3800635333
-----------
Echo
	Eff: 4563,893484052038
-----------
Emerald Blossom
	Eff: 5373244,870385523
-----------
Engulf
-----------
Enkindle
-----------
Expunge
-----------
Fire Breath
	Dmg: 1351902,5754652165
-----------
Fluttering Seedlings
	Eff: 374689,4643952301
-----------
Golden Hour
	Eff: 2287322,6768058324
-----------
Landslide
-----------
Lifebind
	Eff: 1590683,896208766
-----------
Life-Giver's Flame
-----------
Living Flame
	Eff: 11451104,575035198
	Dmg: 12109188,520333644
-----------
Naturalize
-----------
Oppressing Roar
-----------
Panacea
	Eff: -565654,6107145724
-----------
Rewind
-----------
Renewing Blaze
-----------
Reversion
	Eff: 2649007,359953527
-----------
Reversion (Echo)
-----------
Sleep Walk
-----------
Source of Magic
-----------
Spatial Paradox
-----------
Spiritbloom
	Eff: -4654333,27823554
-----------
Spiritbloom (Echo)
	Eff: -292549,88080832036
-----------
Stasis
-----------
Tail Swipe
-----------
Temporal Anomaly
-----------
Time Spiral
-----------
Unravel
-----------
Verdant Embrace
	Eff: -5871425,792531563
-----------
Zephyr
-----------
Leech
	Eff: -16689073,902908761
-----------
Blessing of Summer
-----------
Holy Bulwark
-----------
ZeroCIMDummy
-----------
Hover
-----------
Stasis (Store)
-----------
Tip the Scales
-----------
Thread of Fate
-----------
Voidglass Shards
-----------
Bombardments
-----------
Ethereal Reconstitution
	Eff: 3350686,1930008656
-----------
Cycle of Life
-----------
Ethereal Guard
	Eff: 9441674,62737213
-----------
Glide
-----------
Voidglass Barrier
	Eff: 485356,31574499793
-----------
Stasis (Release)
-----------
Emerald Communion
-----------
Obsidian Scales
-----------
Spirit Link
-----------
Take Off
-----------
Whirling Surge
-----------
Surge Forward
-----------
Wing Buffet
-----------
Rescue
-----------
Twin Guardian
-----------
Skyward Ascent
-----------
Second Wind
-----------
Invigorating Healing Potion
	Eff: 82621,21416436695
-----------
Tempered Potion
-----------
Melee
	Dmg: 10423,05911419
-----------
Healthstone
-----------
Time Dilation
