-----------
EssenceRegenDummy
-----------
Azure Strike
-----------
Blessing of the Bronze
-----------
Cauterizing Flame
-----------
Chrono Flames
-----------
Chrono Flame
	Eff: -3931593,2741527744
	Dmg: -516631,04520386347
-----------
Consume Flame
-----------
Deep Breath
-----------
Disintegrate
-----------
Dream Breath
	Eff: -7329703,982170227
-----------
Dream Breath (Echo)
-----------
Dream Flight
	Eff: -7984824,394662511
-----------
Echo
	Eff: -261455,6161255748
-----------
Emerald Blossom
	Eff: -19975954,618218154
-----------
Engulf
-----------
Enkindle
-----------
Expunge
-----------
Fire Breath
	Dmg: -64255,4662313008
-----------
Fluttering Seedlings
	Eff: -4417693,309599931
-----------
Golden Hour
	Eff: 2287322,6768058324
-----------
Landslide
-----------
Lifebind
	Eff: 385612,0360089081
-----------
Life-Giver's Flame
-----------
Living Flame
	Eff: 953851,4473994517
	Dmg: 3774007,8292985093
-----------
Naturalize
-----------
Oppressing Roar
-----------
Panacea
	Eff: -2219059,292317185
-----------
Rewind
-----------
Renewing Blaze
-----------
Reversion
	Eff: -4434806,144810278
-----------
Reversion (Echo)
-----------
Sleep Walk
-----------
Source of Magic
-----------
Spatial Paradox
-----------
Spiritbloom
	Eff: -4160480,0381240644
-----------
Spiritbloom (Echo)
	Eff: -653140,3029969804
-----------
Stasis
-----------
Tail Swipe
-----------
Temporal Anomaly
-----------
Time Spiral
-----------
Unravel
-----------
Verdant Embrace
	Eff: -33113446,992015973
-----------
Zephyr
-----------
Leech
	Eff: -20007737,63803033
-----------
Blessing of Summer
-----------
Holy Bulwark
-----------
ZeroCIMDummy
-----------
Hover
-----------
Stasis (Store)
-----------
Tip the Scales
-----------
Thread of Fate
-----------
Voidglass Shards
-----------
Bombardments
-----------
Ethereal Reconstitution
	Eff: 2561821,9823818933
-----------
Cycle of Life
-----------
Ethereal Guard
	Eff: -1069272,0646503342
-----------
Glide
-----------
Voidglass Barrier
	Eff: 3778174,16853086
-----------
Stasis (Release)
-----------
Emerald Communion
-----------
Obsidian Scales
-----------
Spirit Link
-----------
Take Off
-----------
Whirling Surge
-----------
Surge Forward
-----------
Wing Buffet
-----------
Rescue
-----------
Twin Guardian
-----------
Skyward Ascent
-----------
Second Wind
-----------
Invigorating Healing Potion
	Eff: 643150,8708181083
-----------
Tempered Potion
-----------
Melee
	Dmg: 349,26241583903175
-----------
Healthstone
-----------
Time Dilation
