-----------
EssenceRegenDummy
-----------
Azure Strike
-----------
Blessing of the Bronze
-----------
Cauterizing Flame
-----------
Chrono Flames
-----------
Chrono Flame
	Eff: -69671,55080413823
	Dmg: 9436039,944161402
-----------
Consume Flame
-----------
Deep Breath
-----------
Disintegrate
-----------
Dream Breath
	Eff: -10820037,680552365
-----------
Dream Breath (Echo)
-----------
Dream Flight
	Eff: -12098836,048412772
-----------
Echo
	Eff: -258721,7093247827
-----------
Emerald Blossom
	Eff: -27226025,786802024
-----------
Engulf
-----------
Enkindle
-----------
Expunge
-----------
Fire Breath
	Dmg: 3806829,123003908
-----------
Fluttering Seedlings
	Eff: -7294632,541334612
-----------
Golden Hour
	Eff: 2287322,6768058324
-----------
Landslide
-----------
Lifebind
	Eff: -335254,2909045239
-----------
Life-Giver's Flame
-----------
Living Flame
	Eff: -243049,15791430857
	Dmg: 27852317,10674212
-----------
Naturalize
-----------
Oppressing Roar
-----------
Panacea
	Eff: -5208953,706343247
-----------
Rewind
-----------
Renewing Blaze
-----------
Reversion
	Eff: -1855704,6368681192
-----------
Reversion (Echo)
-----------
Sleep Walk
-----------
Source of Magic
-----------
Spatial Paradox
-----------
Spiritbloom
	Eff: -9060573,184547426
-----------
Spiritbloom (Echo)
	Eff: -17568535,28758556
-----------
Stasis
-----------
Tail Swipe
-----------
Temporal Anomaly
-----------
Time Spiral
-----------
Unravel
-----------
Verdant Embrace
	Eff: -23229380,454299998
-----------
Zephyr
-----------
Leech
	Eff: -18393325,09083845
-----------
Blessing of Summer
-----------
Holy Bulwark
-----------
ZeroCIMDummy
-----------
Hover
-----------
Stasis (Store)
-----------
Tip the Scales
-----------
Thread of Fate
-----------
Voidglass Shards
-----------
Bombardments
-----------
Ethereal Reconstitution
	Eff: 11159245,241768168
-----------
Cycle of Life
-----------
Ethereal Guard
	Eff: 27185277,204094272
-----------
Glide
-----------
Voidglass Barrier
	Eff: 10362571,507102666
-----------
Stasis (Release)
-----------
Emerald Communion
-----------
Obsidian Scales
-----------
Spirit Link
-----------
Take Off
-----------
Whirling Surge
-----------
Surge Forward
-----------
Wing Buffet
-----------
Rescue
-----------
Twin Guardian
-----------
Skyward Ascent
-----------
Second Wind
-----------
Invigorating Healing Potion
	Eff: 1763999,3794408813
-----------
Tempered Potion
-----------
Melee
	Dmg: 29899,87859777438
-----------
Healthstone
-----------
Time Dilation
