-----------
EssenceRegenDummy
-----------
Azure Strike
-----------
Blessing of the Bronze
-----------
Cauterizing Flame
-----------
Chrono Flames
-----------
Chrono Flame
	Eff: -4297872,587479877
	Dmg: 9475919,047071137
-----------
Consume Flame
-----------
Deep Breath
-----------
Disintegrate
-----------
Dream Breath
	Eff: -25102263,884526405
-----------
Dream Breath (Echo)
-----------
Dream Flight
	Eff: -24715776,340100907
-----------
Echo
	Eff: -555511,6752212539
-----------
Emerald Blossom
	Eff: -76942725,94352889
-----------
Engulf
-----------
Enkindle
-----------
Expunge
-----------
Fire Breath
	Dmg: 4322010,171961923
-----------
Fluttering Seedlings
	Eff: -17241153,704404827
-----------
Golden Hour
	Eff: 2287322,6768058324
-----------
Landslide
-----------
Lifebind
	Eff: -2709695,65440197
-----------
Life-Giver's Flame
-----------
Living Flame
	Eff: -19515937,75068805
	Dmg: 31449692,122257587
-----------
Naturalize
-----------
Oppressing Roar
-----------
Panacea
	Eff: -10836205,117143687
-----------
Rewind
-----------
Renewing Blaze
-----------
Reversion
	Eff: -7467804,841267919
-----------
Reversion (Echo)
-----------
Sleep Walk
-----------
Source of Magic
-----------
Spatial Paradox
-----------
Spiritbloom
	Eff: -14629565,932483682
-----------
Spiritbloom (Echo)
	Eff: -39517357,66439398
-----------
Stasis
-----------
Tail Swipe
-----------
Temporal Anomaly
-----------
Time Spiral
-----------
Unravel
-----------
Verdant Embrace
	Eff: -44270401,69369402
-----------
Zephyr
-----------
Leech
	Eff: -22168389,047403824
-----------
Blessing of Summer
-----------
Holy Bulwark
-----------
ZeroCIMDummy
-----------
Hover
-----------
Stasis (Store)
-----------
Tip the Scales
-----------
Thread of Fate
-----------
Voidglass Shards
-----------
Bombardments
-----------
Ethereal Reconstitution
	Eff: 14314805,59424511
-----------
Cycle of Life
-----------
Ethereal Guard
	Eff: 33349060,309104294
-----------
Glide
-----------
Voidglass Barrier
	Eff: 16123843,010472685
-----------
Stasis (Release)
-----------
Emerald Communion
-----------
Obsidian Scales
-----------
Spirit Link
-----------
Take Off
-----------
Whirling Surge
-----------
Surge Forward
-----------
Wing Buffet
-----------
Rescue
-----------
Twin Guardian
-----------
Skyward Ascent
-----------
Second Wind
-----------
Invigorating Healing Potion
	Eff: 2744728,8585831337
-----------
Tempered Potion
-----------
Melee
	Dmg: 34448,42201454971
-----------
Healthstone
-----------
Time Dilation
