----------------------
00:00,654

Intellect
	 Rating: 139425
	 Multiplicative Factor: 8,15%
	 Eff: 139425,00000000003
Stamina
	 Rating: 868193
	 Multiplicative Factor: 11,3%
	 Eff: 868193
Crit
	 Rating: 16993
	 Multiplicative Factor: 0%
	 Eff: 20492,66166047543
	 DR Bracket: 0
	 Base: 5%
	 Effective Percent: 29,28%
	 Crit Inc Heal: 2
	 Crit Inc Damage: 2
Haste
	 Rating: 16187
	 Multiplicative Factor: 0%
	 Eff: 16187,234853215028
	 DR Bracket: 0
	 Base: 0%
	 Effective Percent: 24,53%
Vers
	 Rating: 12683
	 Multiplicative Factor: 0%
	 Eff: 15022,865067102985
	 DR Bracket: 0
	 Base: 3%
	 Effective Percent: 19,26%
Leech
	 Rating: 3060
	 Multiplicative Factor: 0%
	 Eff: 5099,661782987872
	 DR Bracket: 0
	 Base: 2%
	 Effective Percent: 5%
Avoidance
	 Rating: -0
	 Multiplicative Factor: 0%
	 Eff: -0,3180309960171144
	 DR Bracket: 0
	 Base: 0%
	 Effective Percent: -0%
Mastery
	 Rating: 18129
	 Multiplicative Factor: 0%
	 Eff: 25829,27778331694
	 DR Bracket: 0
	 Base: 19,8%
	 Effective Percent: 66,42%
----------------------
00:05,654

Intellect
	 Rating: 139425
	 Multiplicative Factor: 8,15%
	 Eff: 139425,00000000003
Stamina
	 Rating: 868193
	 Multiplicative Factor: 11,3%
	 Eff: 868193
Crit
	 Rating: 16993
	 Multiplicative Factor: 0%
	 Eff: 20492,66166047543
	 DR Bracket: 0
	 Base: 5%
	 Effective Percent: 29,28%
	 Crit Inc Heal: 2
	 Crit Inc Damage: 2
Haste
	 Rating: 16187
	 Multiplicative Factor: 0%
	 Eff: 16187,234853215028
	 DR Bracket: 0
	 Base: 0%
	 Effective Percent: 24,53%
Vers
	 Rating: 12683
	 Multiplicative Factor: 0%
	 Eff: 15022,865067102985
	 DR Bracket: 0
	 Base: 3%
	 Effective Percent: 19,26%
Leech
	 Rating: 3060
	 Multiplicative Factor: 0%
	 Eff: 5099,661782987872
	 DR Bracket: 0
	 Base: 2%
	 Effective Percent: 5%
Avoidance
	 Rating: -0
	 Multiplicative Factor: 0%
	 Eff: -0,3180309960171144
	 DR Bracket: 0
	 Base: 0%
	 Effective Percent: -0%
Mastery
	 Rating: 18129
	 Multiplicative Factor: 0%
	 Eff: 25829,27778331694
	 DR Bracket: 0
	 Base: 19,8%
	 Effective Percent: 66,42%
----------------------
00:10,667

Intellect
	 Rating: 146396
	 Multiplicative Factor: 13,56%
	 Eff: 146396,25000000006
Stamina
	 Rating: 868193
	 Multiplicative Factor: 11,3%
	 Eff: 868193
Crit
	 Rating: 16993
	 Multiplicative Factor: 0%
	 Eff: 20492,66166047543
	 DR Bracket: 0
	 Base: 5%
	 Effective Percent: 29,28%
	 Crit Inc Heal: 2
	 Crit Inc Damage: 2
Haste
	 Rating: 16187
	 Multiplicative Factor: 0%
	 Eff: 43309,02235477598
	 DR Bracket: 0
	 Base: 33%
	 Effective Percent: 65,62%
Vers
	 Rating: 12683
	 Multiplicative Factor: 0%
	 Eff: 15022,865067102985
	 DR Bracket: 0
	 Base: 3%
	 Effective Percent: 19,26%
Leech
	 Rating: 3060
	 Multiplicative Factor: 0%
	 Eff: 5099,661782987872
	 DR Bracket: 0
	 Base: 2%
	 Effective Percent: 5%
Avoidance
	 Rating: -0
	 Multiplicative Factor: 0%
	 Eff: -0,3180309960171144
	 DR Bracket: 0
	 Base: 0%
	 Effective Percent: -0%
Mastery
	 Rating: 18129
	 Multiplicative Factor: 0%
	 Eff: 25829,27778331694
	 DR Bracket: 0
	 Base: 19,8%
	 Effective Percent: 66,42%
----------------------
00:15,671

Intellect
	 Rating: 146396
	 Multiplicative Factor: 13,56%
	 Eff: 146396,25000000006
Stamina
	 Rating: 868193
	 Multiplicative Factor: 11,3%
	 Eff: 868193
Crit
	 Rating: 16993
	 Multiplicative Factor: 0%
	 Eff: 20492,66166047543
	 DR Bracket: 0
	 Base: 5%
	 Effective Percent: 29,28%
	 Crit Inc Heal: 2
	 Crit Inc Damage: 2
Haste
	 Rating: 16187
	 Multiplicative Factor: 0%
	 Eff: 34268,42652092234
	 DR Bracket: 0
	 Base: 22%
	 Effective Percent: 51,92%
Vers
	 Rating: 12683
	 Multiplicative Factor: 0%
	 Eff: 15022,865067102985
	 DR Bracket: 0
	 Base: 3%
	 Effective Percent: 19,26%
Leech
	 Rating: 3060
	 Multiplicative Factor: 0%
	 Eff: 5099,661782987872
	 DR Bracket: 0
	 Base: 2%
	 Effective Percent: 5%
Avoidance
	 Rating: -0
	 Multiplicative Factor: 0%
	 Eff: -0,3180309960171144
	 DR Bracket: 0
	 Base: 0%
	 Effective Percent: -0%
Mastery
	 Rating: 18129
	 Multiplicative Factor: 0%
	 Eff: 25829,27778331694
	 DR Bracket: 0
	 Base: 19,8%
	 Effective Percent: 66,42%
----------------------
00:20,677

Intellect
	 Rating: 146396
	 Multiplicative Factor: 13,56%
	 Eff: 146396,25000000006
Stamina
	 Rating: 868193
	 Multiplicative Factor: 11,3%
	 Eff: 868193
Crit
	 Rating: 16993
	 Multiplicative Factor: 0%
	 Eff: 20492,66166047543
	 DR Bracket: 0
	 Base: 5%
	 Effective Percent: 29,28%
	 Crit Inc Heal: 2
	 Crit Inc Damage: 2
Haste
	 Rating: 16187
	 Multiplicative Factor: 0%
	 Eff: 30159,06477826158
	 DR Bracket: 0
	 Base: 17%
	 Effective Percent: 45,7%
Vers
	 Rating: 12683
	 Multiplicative Factor: 0%
	 Eff: 15022,865067102985
	 DR Bracket: 0
	 Base: 3%
	 Effective Percent: 19,26%
Leech
	 Rating: 3060
	 Multiplicative Factor: 0%
	 Eff: 5099,661782987872
	 DR Bracket: 0
	 Base: 2%
	 Effective Percent: 5%
Avoidance
	 Rating: -0
	 Multiplicative Factor: 0%
	 Eff: -0,3180309960171144
	 DR Bracket: 0
	 Base: 0%
	 Effective Percent: -0%
Mastery
	 Rating: 18129
	 Multiplicative Factor: 0%
	 Eff: 25829,27778331694
	 DR Bracket: 0
	 Base: 19,8%
	 Effective Percent: 66,42%
----------------------
00:25,686

Intellect
	 Rating: 146396
	 Multiplicative Factor: 13,56%
	 Eff: 146396,25000000006
Stamina
	 Rating: 868193
	 Multiplicative Factor: 11,3%
	 Eff: 868193
Crit
	 Rating: 16993
	 Multiplicative Factor: 0%
	 Eff: 20492,66166047543
	 DR Bracket: 0
	 Base: 5%
	 Effective Percent: 29,28%
	 Crit Inc Heal: 2
	 Crit Inc Damage: 2
Haste
	 Rating: 16187
	 Multiplicative Factor: 0%
	 Eff: 26049,703035600833
	 DR Bracket: 0
	 Base: 12%
	 Effective Percent: 39,47%
Vers
	 Rating: 12683
	 Multiplicative Factor: 0%
	 Eff: 15022,865067102985
	 DR Bracket: 0
	 Base: 3%
	 Effective Percent: 19,26%
Leech
	 Rating: 3060
	 Multiplicative Factor: 0%
	 Eff: 5099,661782987872
	 DR Bracket: 0
	 Base: 2%
	 Effective Percent: 5%
Avoidance
	 Rating: -0
	 Multiplicative Factor: 0%
	 Eff: -0,3180309960171144
	 DR Bracket: 0
	 Base: 0%
	 Effective Percent: -0%
Mastery
	 Rating: 18129
	 Multiplicative Factor: 0%
	 Eff: 25829,27778331694
	 DR Bracket: 0
	 Base: 19,8%
	 Effective Percent: 66,42%
----------------------
00:30,759

Intellect
	 Rating: 146396
	 Multiplicative Factor: 13,56%
	 Eff: 146396,25000000006
Stamina
	 Rating: 868193
	 Multiplicative Factor: 11,3%
	 Eff: 868193
Crit
	 Rating: 16993
	 Multiplicative Factor: 0%
	 Eff: 20492,66166047543
	 DR Bracket: 0
	 Base: 5%
	 Effective Percent: 29,28%
	 Crit Inc Heal: 2
	 Crit Inc Damage: 2
Haste
	 Rating: 16187
	 Multiplicative Factor: 0%
	 Eff: 21940,34129294008
	 DR Bracket: 0
	 Base: 7%
	 Effective Percent: 33,24%
Vers
	 Rating: 12683
	 Multiplicative Factor: 0%
	 Eff: 15022,865067102985
	 DR Bracket: 0
	 Base: 3%
	 Effective Percent: 19,26%
Leech
	 Rating: 3060
	 Multiplicative Factor: 0%
	 Eff: 5099,661782987872
	 DR Bracket: 0
	 Base: 2%
	 Effective Percent: 5%
Avoidance
	 Rating: -0
	 Multiplicative Factor: 0%
	 Eff: -0,3180309960171144
	 DR Bracket: 0
	 Base: 0%
	 Effective Percent: -0%
Mastery
	 Rating: 18129
	 Multiplicative Factor: 0%
	 Eff: 25829,27778331694
	 DR Bracket: 0
	 Base: 19,8%
	 Effective Percent: 66,42%
----------------------
00:36,258

Intellect
	 Rating: 139425
	 Multiplicative Factor: 8,15%
	 Eff: 139425,00000000006
Stamina
	 Rating: 868193
	 Multiplicative Factor: 11,3%
	 Eff: 868193
Crit
	 Rating: 16993
	 Multiplicative Factor: 0%
	 Eff: 20492,66166047543
	 DR Bracket: 0
	 Base: 5%
	 Effective Percent: 29,28%
	 Crit Inc Heal: 2
	 Crit Inc Damage: 2
Haste
	 Rating: 16187
	 Multiplicative Factor: 0%
	 Eff: 24405,958338536533
	 DR Bracket: 0
	 Base: 10%
	 Effective Percent: 36,98%
Vers
	 Rating: 12683
	 Multiplicative Factor: 0%
	 Eff: 15022,865067102985
	 DR Bracket: 0
	 Base: 3%
	 Effective Percent: 19,26%
Leech
	 Rating: 3060
	 Multiplicative Factor: 0%
	 Eff: 5099,661782987872
	 DR Bracket: 0
	 Base: 2%
	 Effective Percent: 5%
Avoidance
	 Rating: -0
	 Multiplicative Factor: 0%
	 Eff: -0,3180309960171144
	 DR Bracket: 0
	 Base: 0%
	 Effective Percent: -0%
Mastery
	 Rating: 18129
	 Multiplicative Factor: 0%
	 Eff: 25829,27778331694
	 DR Bracket: 0
	 Base: 19,8%
	 Effective Percent: 66,42%
----------------------
00:41,266

Intellect
	 Rating: 139425
	 Multiplicative Factor: 8,15%
	 Eff: 139425,00000000006
Stamina
	 Rating: 868193
	 Multiplicative Factor: 11,3%
	 Eff: 868193
Crit
	 Rating: 16993
	 Multiplicative Factor: 0%
	 Eff: 20492,66166047543
	 DR Bracket: 0
	 Base: 5%
	 Effective Percent: 29,28%
	 Crit Inc Heal: 2
	 Crit Inc Damage: 2
Haste
	 Rating: 16187
	 Multiplicative Factor: 0%
	 Eff: 23584,08599000438
	 DR Bracket: 0
	 Base: 9%
	 Effective Percent: 35,73%
Vers
	 Rating: 12683
	 Multiplicative Factor: 0%
	 Eff: 15022,865067102985
	 DR Bracket: 0
	 Base: 3%
	 Effective Percent: 19,26%
Leech
	 Rating: 3060
	 Multiplicative Factor: 0%
	 Eff: 5099,661782987872
	 DR Bracket: 0
	 Base: 2%
	 Effective Percent: 5%
Avoidance
	 Rating: -0
	 Multiplicative Factor: 0%
	 Eff: -0,3180309960171144
	 DR Bracket: 0
	 Base: 0%
	 Effective Percent: -0%
Mastery
	 Rating: 18129
	 Multiplicative Factor: 0%
	 Eff: 25829,27778331694
	 DR Bracket: 0
	 Base: 19,8%
	 Effective Percent: 66,42%
----------------------
00:46,327

Intellect
	 Rating: 139425
	 Multiplicative Factor: 8,15%
	 Eff: 139425,00000000006
Stamina
	 Rating: 868193
	 Multiplicative Factor: 11,3%
	 Eff: 868193
Crit
	 Rating: 16993
	 Multiplicative Factor: 0%
	 Eff: 20492,66166047543
	 DR Bracket: 0
	 Base: 5%
	 Effective Percent: 29,28%
	 Crit Inc Heal: 2
	 Crit Inc Damage: 2
Haste
	 Rating: 16187
	 Multiplicative Factor: 0%
	 Eff: 23584,08599000438
	 DR Bracket: 0
	 Base: 9%
	 Effective Percent: 35,73%
Vers
	 Rating: 12683
	 Multiplicative Factor: 0%
	 Eff: 15022,865067102985
	 DR Bracket: 0
	 Base: 3%
	 Effective Percent: 19,26%
Leech
	 Rating: 3060
	 Multiplicative Factor: 0%
	 Eff: 5099,661782987872
	 DR Bracket: 0
	 Base: 2%
	 Effective Percent: 5%
Avoidance
	 Rating: -0
	 Multiplicative Factor: 0%
	 Eff: -0,3180309960171144
	 DR Bracket: 0
	 Base: 0%
	 Effective Percent: -0%
Mastery
	 Rating: 18129
	 Multiplicative Factor: 0%
	 Eff: 25829,27778331694
	 DR Bracket: 0
	 Base: 19,8%
	 Effective Percent: 66,42%
----------------------
00:51,376

Intellect
	 Rating: 139425
	 Multiplicative Factor: 8,15%
	 Eff: 139425,00000000006
Stamina
	 Rating: 868193
	 Multiplicative Factor: 11,3%
	 Eff: 868193
Crit
	 Rating: 16993
	 Multiplicative Factor: 0%
	 Eff: 20492,66166047543
	 DR Bracket: 0
	 Base: 5%
	 Effective Percent: 29,28%
	 Crit Inc Heal: 2
	 Crit Inc Damage: 2
Haste
	 Rating: 16187
	 Multiplicative Factor: 0%
	 Eff: 21118,46894440793
	 DR Bracket: 0
	 Base: 6%
	 Effective Percent: 32%
Vers
	 Rating: 12683
	 Multiplicative Factor: 0%
	 Eff: 15022,865067102985
	 DR Bracket: 0
	 Base: 3%
	 Effective Percent: 19,26%
Leech
	 Rating: 3060
	 Multiplicative Factor: 0%
	 Eff: 5099,661782987872
	 DR Bracket: 0
	 Base: 2%
	 Effective Percent: 5%
Avoidance
	 Rating: -0
	 Multiplicative Factor: 0%
	 Eff: -0,3180309960171144
	 DR Bracket: 0
	 Base: 0%
	 Effective Percent: -0%
Mastery
	 Rating: 18129
	 Multiplicative Factor: 0%
	 Eff: 25829,27778331694
	 DR Bracket: 0
	 Base: 19,8%
	 Effective Percent: 66,42%
----------------------
00:56,680

Intellect
	 Rating: 139425
	 Multiplicative Factor: 8,15%
	 Eff: 139425,00000000006
Stamina
	 Rating: 868193
	 Multiplicative Factor: 11,3%
	 Eff: 868193
Crit
	 Rating: 16993
	 Multiplicative Factor: 0%
	 Eff: 20492,66166047543
	 DR Bracket: 0
	 Base: 5%
	 Effective Percent: 29,28%
	 Crit Inc Heal: 2
	 Crit Inc Damage: 2
Haste
	 Rating: 16187
	 Multiplicative Factor: 0%
	 Eff: 21118,46894440793
	 DR Bracket: 0
	 Base: 6%
	 Effective Percent: 32%
Vers
	 Rating: 12683
	 Multiplicative Factor: 0%
	 Eff: 15022,865067102985
	 DR Bracket: 0
	 Base: 3%
	 Effective Percent: 19,26%
Leech
	 Rating: 3060
	 Multiplicative Factor: 0%
	 Eff: 5099,661782987872
	 DR Bracket: 0
	 Base: 2%
	 Effective Percent: 5%
Avoidance
	 Rating: -0
	 Multiplicative Factor: 0%
	 Eff: -0,3180309960171144
	 DR Bracket: 0
	 Base: 0%
	 Effective Percent: -0%
Mastery
	 Rating: 18129
	 Multiplicative Factor: 0%
	 Eff: 25829,27778331694
	 DR Bracket: 0
	 Base: 19,8%
	 Effective Percent: 66,42%
----------------------
01:01,701

Intellect
	 Rating: 139425
	 Multiplicative Factor: 8,15%
	 Eff: 139425,00000000006
Stamina
	 Rating: 868193
	 Multiplicative Factor: 11,3%
	 Eff: 868193
Crit
	 Rating: 16993
	 Multiplicative Factor: 0%
	 Eff: 20492,66166047543
	 DR Bracket: 0
	 Base: 5%
	 Effective Percent: 29,28%
	 Crit Inc Heal: 2
	 Crit Inc Damage: 2
Haste
	 Rating: 16187
	 Multiplicative Factor: 0%
	 Eff: 16187,234853215028
	 DR Bracket: 0
	 Base: 0%
	 Effective Percent: 24,53%
Vers
	 Rating: 12683
	 Multiplicative Factor: 0%
	 Eff: 15022,865067102985
	 DR Bracket: 0
	 Base: 3%
	 Effective Percent: 19,26%
Leech
	 Rating: 3060
	 Multiplicative Factor: 0%
	 Eff: 5099,661782987872
	 DR Bracket: 0
	 Base: 2%
	 Effective Percent: 5%
Avoidance
	 Rating: -0
	 Multiplicative Factor: 0%
	 Eff: -0,3180309960171144
	 DR Bracket: 0
	 Base: 0%
	 Effective Percent: -0%
Mastery
	 Rating: 18129
	 Multiplicative Factor: 0%
	 Eff: 25829,27778331694
	 DR Bracket: 0
	 Base: 19,8%
	 Effective Percent: 66,42%
----------------------
01:06,744

Intellect
	 Rating: 146396
	 Multiplicative Factor: 13,56%
	 Eff: 146396,2500000001
Stamina
	 Rating: 868193
	 Multiplicative Factor: 11,3%
	 Eff: 868193
Crit
	 Rating: 16993
	 Multiplicative Factor: 0%
	 Eff: 20492,66166047543
	 DR Bracket: 0
	 Base: 5%
	 Effective Percent: 29,28%
	 Crit Inc Heal: 2
	 Crit Inc Damage: 2
Haste
	 Rating: 16187
	 Multiplicative Factor: 0%
	 Eff: 16187,234853215028
	 DR Bracket: 0
	 Base: 0%
	 Effective Percent: 24,53%
Vers
	 Rating: 12683
	 Multiplicative Factor: 0%
	 Eff: 15022,865067102985
	 DR Bracket: 0
	 Base: 3%
	 Effective Percent: 19,26%
Leech
	 Rating: 3060
	 Multiplicative Factor: 0%
	 Eff: 5099,661782987872
	 DR Bracket: 0
	 Base: 2%
	 Effective Percent: 5%
Avoidance
	 Rating: -0
	 Multiplicative Factor: 0%
	 Eff: -0,3180309960171144
	 DR Bracket: 0
	 Base: 0%
	 Effective Percent: -0%
Mastery
	 Rating: 18129
	 Multiplicative Factor: 0%
	 Eff: 25829,27778331694
	 DR Bracket: 0
	 Base: 19,8%
	 Effective Percent: 66,42%
----------------------
01:11,801

Intellect
	 Rating: 146396
	 Multiplicative Factor: 13,56%
	 Eff: 146396,2500000001
Stamina
	 Rating: 868193
	 Multiplicative Factor: 11,3%
	 Eff: 868193
Crit
	 Rating: 16993
	 Multiplicative Factor: 0%
	 Eff: 20492,66166047543
	 DR Bracket: 0
	 Base: 5%
	 Effective Percent: 29,28%
	 Crit Inc Heal: 2,6
	 Crit Inc Damage: 2
Haste
	 Rating: 16187
	 Multiplicative Factor: 0%
	 Eff: 47418,384097436734
	 DR Bracket: 0
	 Base: 38%
	 Effective Percent: 71,85%
Vers
	 Rating: 12683
	 Multiplicative Factor: 0%
	 Eff: 15022,865067102985
	 DR Bracket: 0
	 Base: 3%
	 Effective Percent: 19,26%
Leech
	 Rating: 3060
	 Multiplicative Factor: 0%
	 Eff: 5099,661782987872
	 DR Bracket: 0
	 Base: 2%
	 Effective Percent: 5%
Avoidance
	 Rating: -0
	 Multiplicative Factor: 0%
	 Eff: -0,3180309960171144
	 DR Bracket: 0
	 Base: 0%
	 Effective Percent: -0%
Mastery
	 Rating: 18129
	 Multiplicative Factor: 0%
	 Eff: 25829,27778331694
	 DR Bracket: 0
	 Base: 19,8%
	 Effective Percent: 66,42%
----------------------
01:16,806

Intellect
	 Rating: 146396
	 Multiplicative Factor: 13,56%
	 Eff: 146396,2500000001
Stamina
	 Rating: 868193
	 Multiplicative Factor: 11,3%
	 Eff: 868193
Crit
	 Rating: 16993
	 Multiplicative Factor: 0%
	 Eff: 20492,66166047543
	 DR Bracket: 0
	 Base: 5%
	 Effective Percent: 29,28%
	 Crit Inc Heal: 2,6
	 Crit Inc Damage: 2
Haste
	 Rating: 16187
	 Multiplicative Factor: 0%
	 Eff: 43309,02235477598
	 DR Bracket: 0
	 Base: 33%
	 Effective Percent: 65,62%
Vers
	 Rating: 12683
	 Multiplicative Factor: 0%
	 Eff: 15022,865067102985
	 DR Bracket: 0
	 Base: 3%
	 Effective Percent: 19,26%
Leech
	 Rating: 3060
	 Multiplicative Factor: 0%
	 Eff: 5099,661782987872
	 DR Bracket: 0
	 Base: 2%
	 Effective Percent: 5%
Avoidance
	 Rating: -0
	 Multiplicative Factor: 0%
	 Eff: -0,3180309960171144
	 DR Bracket: 0
	 Base: 0%
	 Effective Percent: -0%
Mastery
	 Rating: 18129
	 Multiplicative Factor: 0%
	 Eff: 25829,27778331694
	 DR Bracket: 0
	 Base: 19,8%
	 Effective Percent: 66,42%
----------------------
01:21,811

Intellect
	 Rating: 146396
	 Multiplicative Factor: 13,56%
	 Eff: 146396,2500000001
Stamina
	 Rating: 868193
	 Multiplicative Factor: 11,3%
	 Eff: 868193
Crit
	 Rating: 16993
	 Multiplicative Factor: 0%
	 Eff: 20492,66166047543
	 DR Bracket: 0
	 Base: 5%
	 Effective Percent: 29,28%
	 Crit Inc Heal: 2,6
	 Crit Inc Damage: 2
Haste
	 Rating: 16187
	 Multiplicative Factor: 0%
	 Eff: 31802,809475325885
	 DR Bracket: 0
	 Base: 19%
	 Effective Percent: 48,19%
Vers
	 Rating: 12683
	 Multiplicative Factor: 0%
	 Eff: 15022,865067102985
	 DR Bracket: 0
	 Base: 3%
	 Effective Percent: 19,26%
Leech
	 Rating: 3060
	 Multiplicative Factor: 0%
	 Eff: 5099,661782987872
	 DR Bracket: 0
	 Base: 2%
	 Effective Percent: 5%
Avoidance
	 Rating: -0
	 Multiplicative Factor: 0%
	 Eff: -0,3180309960171144
	 DR Bracket: 0
	 Base: 0%
	 Effective Percent: -0%
Mastery
	 Rating: 18129
	 Multiplicative Factor: 0%
	 Eff: 25829,27778331694
	 DR Bracket: 0
	 Base: 19,8%
	 Effective Percent: 66,42%
----------------------
01:26,891

Intellect
	 Rating: 146396
	 Multiplicative Factor: 13,56%
	 Eff: 146396,2500000001
Stamina
	 Rating: 868193
	 Multiplicative Factor: 11,3%
	 Eff: 868193
Crit
	 Rating: 16993
	 Multiplicative Factor: 0%
	 Eff: 20492,66166047543
	 DR Bracket: 0
	 Base: 5%
	 Effective Percent: 29,28%
	 Crit Inc Heal: 2,6
	 Crit Inc Damage: 2
Haste
	 Rating: 16187
	 Multiplicative Factor: 0%
	 Eff: 27693,447732665132
	 DR Bracket: 0
	 Base: 14%
	 Effective Percent: 41,96%
Vers
	 Rating: 12683
	 Multiplicative Factor: 0%
	 Eff: 15022,865067102985
	 DR Bracket: 0
	 Base: 3%
	 Effective Percent: 19,26%
Leech
	 Rating: 3060
	 Multiplicative Factor: 0%
	 Eff: 5099,661782987872
	 DR Bracket: 0
	 Base: 2%
	 Effective Percent: 5%
Avoidance
	 Rating: -0
	 Multiplicative Factor: 0%
	 Eff: -0,3180309960171144
	 DR Bracket: 0
	 Base: 0%
	 Effective Percent: -0%
Mastery
	 Rating: 18129
	 Multiplicative Factor: 0%
	 Eff: 25829,27778331694
	 DR Bracket: 0
	 Base: 19,8%
	 Effective Percent: 66,42%
----------------------
01:32,156

Intellect
	 Rating: 146396
	 Multiplicative Factor: 13,56%
	 Eff: 146396,2500000001
Stamina
	 Rating: 868193
	 Multiplicative Factor: 11,3%
	 Eff: 868193
Crit
	 Rating: 22978
	 Multiplicative Factor: 0%
	 Eff: 26279,784509222933
	 DR Bracket: 1
	 Base: 5%
	 Effective Percent: 37,54%
	 Crit Inc Heal: 2,6
	 Crit Inc Damage: 2
Haste
	 Rating: 16187
	 Multiplicative Factor: 0%
	 Eff: 23584,08599000438
	 DR Bracket: 0
	 Base: 9%
	 Effective Percent: 35,73%
Vers
	 Rating: 12683
	 Multiplicative Factor: 0%
	 Eff: 15022,865067102985
	 DR Bracket: 0
	 Base: 3%
	 Effective Percent: 19,26%
Leech
	 Rating: 3060
	 Multiplicative Factor: 0%
	 Eff: 5099,661782987872
	 DR Bracket: 0
	 Base: 2%
	 Effective Percent: 5%
Avoidance
	 Rating: -0
	 Multiplicative Factor: 0%
	 Eff: -0,3180309960171144
	 DR Bracket: 0
	 Base: 0%
	 Effective Percent: -0%
Mastery
	 Rating: 18129
	 Multiplicative Factor: 0%
	 Eff: 25829,27778331694
	 DR Bracket: 0
	 Base: 19,8%
	 Effective Percent: 66,42%
----------------------
01:37,497

Intellect
	 Rating: 146396
	 Multiplicative Factor: 13,56%
	 Eff: 146396,2500000001
Stamina
	 Rating: 868193
	 Multiplicative Factor: 11,3%
	 Eff: 868193
Crit
	 Rating: 22978
	 Multiplicative Factor: 0%
	 Eff: 26279,784509222933
	 DR Bracket: 1
	 Base: 5%
	 Effective Percent: 37,54%
	 Crit Inc Heal: 2,6
	 Crit Inc Damage: 2
Haste
	 Rating: 16187
	 Multiplicative Factor: 0%
	 Eff: 24405,958338536533
	 DR Bracket: 0
	 Base: 10%
	 Effective Percent: 36,98%
Vers
	 Rating: 12683
	 Multiplicative Factor: 0%
	 Eff: 15022,865067102985
	 DR Bracket: 0
	 Base: 3%
	 Effective Percent: 19,26%
Leech
	 Rating: 3060
	 Multiplicative Factor: 0%
	 Eff: 5099,661782987872
	 DR Bracket: 0
	 Base: 2%
	 Effective Percent: 5%
Avoidance
	 Rating: -0
	 Multiplicative Factor: 0%
	 Eff: -0,3180309960171144
	 DR Bracket: 0
	 Base: 0%
	 Effective Percent: -0%
Mastery
	 Rating: 18129
	 Multiplicative Factor: 0%
	 Eff: 25829,27778331694
	 DR Bracket: 0
	 Base: 19,8%
	 Effective Percent: 66,42%
----------------------
01:42,672

Intellect
	 Rating: 146396
	 Multiplicative Factor: 13,56%
	 Eff: 146396,2500000001
Stamina
	 Rating: 868193
	 Multiplicative Factor: 11,3%
	 Eff: 868193
Crit
	 Rating: 16993
	 Multiplicative Factor: 0%
	 Eff: 20492,66166047543
	 DR Bracket: 0
	 Base: 5%
	 Effective Percent: 29,28%
	 Crit Inc Heal: 2,6
	 Crit Inc Damage: 2
Haste
	 Rating: 16187
	 Multiplicative Factor: 0%
	 Eff: 23584,08599000438
	 DR Bracket: 0
	 Base: 9%
	 Effective Percent: 35,73%
Vers
	 Rating: 12683
	 Multiplicative Factor: 0%
	 Eff: 15022,865067102985
	 DR Bracket: 0
	 Base: 3%
	 Effective Percent: 19,26%
Leech
	 Rating: 3060
	 Multiplicative Factor: 0%
	 Eff: 5099,661782987872
	 DR Bracket: 0
	 Base: 2%
	 Effective Percent: 5%
Avoidance
	 Rating: -0
	 Multiplicative Factor: 0%
	 Eff: -0,3180309960171144
	 DR Bracket: 0
	 Base: 0%
	 Effective Percent: -0%
Mastery
	 Rating: 18129
	 Multiplicative Factor: 0%
	 Eff: 25829,27778331694
	 DR Bracket: 0
	 Base: 19,8%
	 Effective Percent: 66,42%
----------------------
01:47,713

Intellect
	 Rating: 146396
	 Multiplicative Factor: 13,56%
	 Eff: 146396,2500000001
Stamina
	 Rating: 868193
	 Multiplicative Factor: 11,3%
	 Eff: 868193
Crit
	 Rating: 16993
	 Multiplicative Factor: 0%
	 Eff: 20492,66166047543
	 DR Bracket: 0
	 Base: 5%
	 Effective Percent: 29,28%
	 Crit Inc Heal: 2,6
	 Crit Inc Damage: 2
Haste
	 Rating: 16187
	 Multiplicative Factor: 0%
	 Eff: 16187,234853215028
	 DR Bracket: 0
	 Base: 0%
	 Effective Percent: 24,53%
Vers
	 Rating: 12683
	 Multiplicative Factor: 0%
	 Eff: 15022,865067102985
	 DR Bracket: 0
	 Base: 3%
	 Effective Percent: 19,26%
Leech
	 Rating: 3060
	 Multiplicative Factor: 0%
	 Eff: 5099,661782987872
	 DR Bracket: 0
	 Base: 2%
	 Effective Percent: 5%
Avoidance
	 Rating: -0
	 Multiplicative Factor: 0%
	 Eff: -0,3180309960171144
	 DR Bracket: 0
	 Base: 0%
	 Effective Percent: -0%
Mastery
	 Rating: 18129
	 Multiplicative Factor: 0%
	 Eff: 25829,27778331694
	 DR Bracket: 0
	 Base: 19,8%
	 Effective Percent: 66,42%
----------------------
01:53,283

Intellect
	 Rating: 139425
	 Multiplicative Factor: 8,15%
	 Eff: 139425,00000000006
Stamina
	 Rating: 868193
	 Multiplicative Factor: 11,3%
	 Eff: 868193
Crit
	 Rating: 22978
	 Multiplicative Factor: 0%
	 Eff: 26279,784509222933
	 DR Bracket: 1
	 Base: 5%
	 Effective Percent: 37,54%
	 Crit Inc Heal: 2,6
	 Crit Inc Damage: 2
Haste
	 Rating: 16187
	 Multiplicative Factor: 0%
	 Eff: 16187,234853215028
	 DR Bracket: 0
	 Base: 0%
	 Effective Percent: 24,53%
Vers
	 Rating: 12683
	 Multiplicative Factor: 0%
	 Eff: 15022,865067102985
	 DR Bracket: 0
	 Base: 3%
	 Effective Percent: 19,26%
Leech
	 Rating: 3060
	 Multiplicative Factor: 0%
	 Eff: 5099,661782987872
	 DR Bracket: 0
	 Base: 2%
	 Effective Percent: 5%
Avoidance
	 Rating: -0
	 Multiplicative Factor: 0%
	 Eff: -0,3180309960171144
	 DR Bracket: 0
	 Base: 0%
	 Effective Percent: -0%
Mastery
	 Rating: 18129
	 Multiplicative Factor: 0%
	 Eff: 25829,27778331694
	 DR Bracket: 0
	 Base: 19,8%
	 Effective Percent: 66,42%
----------------------
01:58,346

Intellect
	 Rating: 139425
	 Multiplicative Factor: 8,15%
	 Eff: 139425,00000000006
Stamina
	 Rating: 868193
	 Multiplicative Factor: 11,3%
	 Eff: 868193
Crit
	 Rating: 28962
	 Multiplicative Factor: 0%
	 Eff: 31569,932021349312
	 DR Bracket: 2
	 Base: 5%
	 Effective Percent: 45,1%
	 Crit Inc Heal: 2,6
	 Crit Inc Damage: 2
Haste
	 Rating: 16187
	 Multiplicative Factor: 0%
	 Eff: 21118,46894440793
	 DR Bracket: 0
	 Base: 6%
	 Effective Percent: 32%
Vers
	 Rating: 12683
	 Multiplicative Factor: 0%
	 Eff: 15022,865067102985
	 DR Bracket: 0
	 Base: 3%
	 Effective Percent: 19,26%
Leech
	 Rating: 3060
	 Multiplicative Factor: 0%
	 Eff: 5099,661782987872
	 DR Bracket: 0
	 Base: 2%
	 Effective Percent: 5%
Avoidance
	 Rating: -0
	 Multiplicative Factor: 0%
	 Eff: -0,3180309960171144
	 DR Bracket: 0
	 Base: 0%
	 Effective Percent: -0%
Mastery
	 Rating: 18129
	 Multiplicative Factor: 0%
	 Eff: 25829,27778331694
	 DR Bracket: 0
	 Base: 19,8%
	 Effective Percent: 66,42%
----------------------
02:03,567

Intellect
	 Rating: 139425
	 Multiplicative Factor: 8,15%
	 Eff: 139425,00000000006
Stamina
	 Rating: 868193
	 Multiplicative Factor: 11,3%
	 Eff: 868193
Crit
	 Rating: 22978
	 Multiplicative Factor: 0%
	 Eff: 26279,784509222933
	 DR Bracket: 1
	 Base: 5%
	 Effective Percent: 37,54%
	 Crit Inc Heal: 2,6
	 Crit Inc Damage: 2
Haste
	 Rating: 16187
	 Multiplicative Factor: 0%
	 Eff: 21118,46894440793
	 DR Bracket: 0
	 Base: 6%
	 Effective Percent: 32%
Vers
	 Rating: 12683
	 Multiplicative Factor: 0%
	 Eff: 15022,865067102985
	 DR Bracket: 0
	 Base: 3%
	 Effective Percent: 19,26%
Leech
	 Rating: 3060
	 Multiplicative Factor: 0%
	 Eff: 5099,661782987872
	 DR Bracket: 0
	 Base: 2%
	 Effective Percent: 5%
Avoidance
	 Rating: -0
	 Multiplicative Factor: 0%
	 Eff: -0,3180309960171144
	 DR Bracket: 0
	 Base: 0%
	 Effective Percent: -0%
Mastery
	 Rating: 18129
	 Multiplicative Factor: 0%
	 Eff: 25829,27778331694
	 DR Bracket: 0
	 Base: 19,8%
	 Effective Percent: 66,42%
----------------------
02:09,137

Intellect
	 Rating: 139425
	 Multiplicative Factor: 8,15%
	 Eff: 139425,00000000006
Stamina
	 Rating: 868193
	 Multiplicative Factor: 11,3%
	 Eff: 868193
Crit
	 Rating: 16993
	 Multiplicative Factor: 0%
	 Eff: 20492,66166047543
	 DR Bracket: 0
	 Base: 5%
	 Effective Percent: 29,28%
	 Crit Inc Heal: 2
	 Crit Inc Damage: 2
Haste
	 Rating: 16187
	 Multiplicative Factor: 0%
	 Eff: 16187,234853215028
	 DR Bracket: 0
	 Base: 0%
	 Effective Percent: 24,53%
Vers
	 Rating: 12683
	 Multiplicative Factor: 0%
	 Eff: 15022,865067102985
	 DR Bracket: 0
	 Base: 3%
	 Effective Percent: 19,26%
Leech
	 Rating: 3060
	 Multiplicative Factor: 0%
	 Eff: 5099,661782987872
	 DR Bracket: 0
	 Base: 2%
	 Effective Percent: 5%
Avoidance
	 Rating: -0
	 Multiplicative Factor: 0%
	 Eff: -0,3180309960171144
	 DR Bracket: 0
	 Base: 0%
	 Effective Percent: -0%
Mastery
	 Rating: 18129
	 Multiplicative Factor: 0%
	 Eff: 25829,27778331694
	 DR Bracket: 0
	 Base: 19,8%
	 Effective Percent: 66,42%
----------------------
02:14,806

Intellect
	 Rating: 139425
	 Multiplicative Factor: 8,15%
	 Eff: 139425,00000000006
Stamina
	 Rating: 868193
	 Multiplicative Factor: 11,3%
	 Eff: 868193
Crit
	 Rating: 16993
	 Multiplicative Factor: 0%
	 Eff: 20492,66166047543
	 DR Bracket: 0
	 Base: 5%
	 Effective Percent: 29,28%
	 Crit Inc Heal: 2
	 Crit Inc Damage: 2
Haste
	 Rating: 16187
	 Multiplicative Factor: 0%
	 Eff: 16187,234853215028
	 DR Bracket: 0
	 Base: 0%
	 Effective Percent: 24,53%
Vers
	 Rating: 12683
	 Multiplicative Factor: 0%
	 Eff: 15022,865067102985
	 DR Bracket: 0
	 Base: 3%
	 Effective Percent: 19,26%
Leech
	 Rating: 3060
	 Multiplicative Factor: 0%
	 Eff: 5099,661782987872
	 DR Bracket: 0
	 Base: 2%
	 Effective Percent: 5%
Avoidance
	 Rating: -0
	 Multiplicative Factor: 0%
	 Eff: -0,3180309960171144
	 DR Bracket: 0
	 Base: 0%
	 Effective Percent: -0%
Mastery
	 Rating: 18129
	 Multiplicative Factor: 0%
	 Eff: 25829,27778331694
	 DR Bracket: 0
	 Base: 19,8%
	 Effective Percent: 66,42%
----------------------
02:20,035

Intellect
	 Rating: 139425
	 Multiplicative Factor: 8,15%
	 Eff: 139425,00000000006
Stamina
	 Rating: 868193
	 Multiplicative Factor: 11,3%
	 Eff: 868193
Crit
	 Rating: 16993
	 Multiplicative Factor: 0%
	 Eff: 20492,66166047543
	 DR Bracket: 0
	 Base: 5%
	 Effective Percent: 29,28%
	 Crit Inc Heal: 2
	 Crit Inc Damage: 2
Haste
	 Rating: 16187
	 Multiplicative Factor: 0%
	 Eff: 16187,234853215028
	 DR Bracket: 0
	 Base: 0%
	 Effective Percent: 24,53%
Vers
	 Rating: 12683
	 Multiplicative Factor: 0%
	 Eff: 15022,865067102985
	 DR Bracket: 0
	 Base: 3%
	 Effective Percent: 19,26%
Leech
	 Rating: 3060
	 Multiplicative Factor: 0%
	 Eff: 5099,661782987872
	 DR Bracket: 0
	 Base: 2%
	 Effective Percent: 5%
Avoidance
	 Rating: -0
	 Multiplicative Factor: 0%
	 Eff: -0,3180309960171144
	 DR Bracket: 0
	 Base: 0%
	 Effective Percent: -0%
Mastery
	 Rating: 18129
	 Multiplicative Factor: 0%
	 Eff: 25829,27778331694
	 DR Bracket: 0
	 Base: 19,8%
	 Effective Percent: 66,42%
----------------------
02:34,687

Intellect
	 Rating: 139425
	 Multiplicative Factor: 8,15%
	 Eff: 139425,00000000006
Stamina
	 Rating: 868193
	 Multiplicative Factor: 11,3%
	 Eff: 868193
Crit
	 Rating: 16993
	 Multiplicative Factor: 0%
	 Eff: 20492,66166047543
	 DR Bracket: 0
	 Base: 5%
	 Effective Percent: 29,28%
	 Crit Inc Heal: 2
	 Crit Inc Damage: 2
Haste
	 Rating: 16187
	 Multiplicative Factor: 0%
	 Eff: 16187,234853215028
	 DR Bracket: 0
	 Base: 0%
	 Effective Percent: 24,53%
Vers
	 Rating: 12683
	 Multiplicative Factor: 0%
	 Eff: 15022,865067102985
	 DR Bracket: 0
	 Base: 3%
	 Effective Percent: 19,26%
Leech
	 Rating: 3060
	 Multiplicative Factor: 0%
	 Eff: 5099,661782987872
	 DR Bracket: 0
	 Base: 2%
	 Effective Percent: 5%
Avoidance
	 Rating: -0
	 Multiplicative Factor: 0%
	 Eff: -0,3180309960171144
	 DR Bracket: 0
	 Base: 0%
	 Effective Percent: -0%
Mastery
	 Rating: 18129
	 Multiplicative Factor: 0%
	 Eff: 25829,27778331694
	 DR Bracket: 0
	 Base: 19,8%
	 Effective Percent: 66,42%
----------------------
02:39,927

Intellect
	 Rating: 146396
	 Multiplicative Factor: 13,56%
	 Eff: 146396,2500000001
Stamina
	 Rating: 868193
	 Multiplicative Factor: 11,3%
	 Eff: 868193
Crit
	 Rating: 16993
	 Multiplicative Factor: 0%
	 Eff: 20492,66166047543
	 DR Bracket: 0
	 Base: 5%
	 Effective Percent: 29,28%
	 Crit Inc Heal: 2,6
	 Crit Inc Damage: 2
Haste
	 Rating: 16187
	 Multiplicative Factor: 0%
	 Eff: 45774,63940037244
	 DR Bracket: 0
	 Base: 36%
	 Effective Percent: 69,36%
Vers
	 Rating: 12683
	 Multiplicative Factor: 0%
	 Eff: 15022,865067102985
	 DR Bracket: 0
	 Base: 3%
	 Effective Percent: 19,26%
Leech
	 Rating: 3060
	 Multiplicative Factor: 0%
	 Eff: 5099,661782987872
	 DR Bracket: 0
	 Base: 2%
	 Effective Percent: 5%
Avoidance
	 Rating: -0
	 Multiplicative Factor: 0%
	 Eff: -0,3180309960171144
	 DR Bracket: 0
	 Base: 0%
	 Effective Percent: -0%
Mastery
	 Rating: 18129
	 Multiplicative Factor: 0%
	 Eff: 25829,27778331694
	 DR Bracket: 0
	 Base: 19,8%
	 Effective Percent: 66,42%
----------------------
02:44,947

Intellect
	 Rating: 146396
	 Multiplicative Factor: 13,56%
	 Eff: 146396,2500000001
Stamina
	 Rating: 868193
	 Multiplicative Factor: 11,3%
	 Eff: 868193
Crit
	 Rating: 16993
	 Multiplicative Factor: 0%
	 Eff: 20492,66166047543
	 DR Bracket: 0
	 Base: 5%
	 Effective Percent: 29,28%
	 Crit Inc Heal: 2,6
	 Crit Inc Damage: 2
Haste
	 Rating: 16187
	 Multiplicative Factor: 0%
	 Eff: 34268,42652092234
	 DR Bracket: 0
	 Base: 22%
	 Effective Percent: 51,92%
Vers
	 Rating: 12683
	 Multiplicative Factor: 0%
	 Eff: 15022,865067102985
	 DR Bracket: 0
	 Base: 3%
	 Effective Percent: 19,26%
Leech
	 Rating: 3060
	 Multiplicative Factor: 0%
	 Eff: 5099,661782987872
	 DR Bracket: 0
	 Base: 2%
	 Effective Percent: 5%
Avoidance
	 Rating: -0
	 Multiplicative Factor: 0%
	 Eff: -0,3180309960171144
	 DR Bracket: 0
	 Base: 0%
	 Effective Percent: -0%
Mastery
	 Rating: 18129
	 Multiplicative Factor: 0%
	 Eff: 25829,27778331694
	 DR Bracket: 0
	 Base: 19,8%
	 Effective Percent: 66,42%
----------------------
02:49,974

Intellect
	 Rating: 146396
	 Multiplicative Factor: 13,56%
	 Eff: 146396,2500000001
Stamina
	 Rating: 868193
	 Multiplicative Factor: 11,3%
	 Eff: 868193
Crit
	 Rating: 16993
	 Multiplicative Factor: 0%
	 Eff: 20492,66166047543
	 DR Bracket: 0
	 Base: 5%
	 Effective Percent: 29,28%
	 Crit Inc Heal: 2,6
	 Crit Inc Damage: 2
Haste
	 Rating: 16187
	 Multiplicative Factor: 0%
	 Eff: 30159,06477826158
	 DR Bracket: 0
	 Base: 17%
	 Effective Percent: 45,7%
Vers
	 Rating: 12683
	 Multiplicative Factor: 0%
	 Eff: 15022,865067102985
	 DR Bracket: 0
	 Base: 3%
	 Effective Percent: 19,26%
Leech
	 Rating: 3060
	 Multiplicative Factor: 0%
	 Eff: 5099,661782987872
	 DR Bracket: 0
	 Base: 2%
	 Effective Percent: 5%
Avoidance
	 Rating: -0
	 Multiplicative Factor: 0%
	 Eff: -0,3180309960171144
	 DR Bracket: 0
	 Base: 0%
	 Effective Percent: -0%
Mastery
	 Rating: 18129
	 Multiplicative Factor: 0%
	 Eff: 25829,27778331694
	 DR Bracket: 0
	 Base: 19,8%
	 Effective Percent: 66,42%
----------------------
02:55,279

Intellect
	 Rating: 146396
	 Multiplicative Factor: 13,56%
	 Eff: 146396,2500000001
Stamina
	 Rating: 868193
	 Multiplicative Factor: 11,3%
	 Eff: 868193
Crit
	 Rating: 16993
	 Multiplicative Factor: 0%
	 Eff: 20492,66166047543
	 DR Bracket: 0
	 Base: 5%
	 Effective Percent: 29,28%
	 Crit Inc Heal: 2,6
	 Crit Inc Damage: 2
Haste
	 Rating: 16187
	 Multiplicative Factor: 0%
	 Eff: 26049,703035600833
	 DR Bracket: 0
	 Base: 12%
	 Effective Percent: 39,47%
Vers
	 Rating: 12683
	 Multiplicative Factor: 0%
	 Eff: 15022,865067102985
	 DR Bracket: 0
	 Base: 3%
	 Effective Percent: 19,26%
Leech
	 Rating: 3060
	 Multiplicative Factor: 0%
	 Eff: 5099,661782987872
	 DR Bracket: 0
	 Base: 2%
	 Effective Percent: 5%
Avoidance
	 Rating: -0
	 Multiplicative Factor: 0%
	 Eff: -0,3180309960171144
	 DR Bracket: 0
	 Base: 0%
	 Effective Percent: -0%
Mastery
	 Rating: 18129
	 Multiplicative Factor: 0%
	 Eff: 25829,27778331694
	 DR Bracket: 0
	 Base: 19,8%
	 Effective Percent: 66,42%
----------------------
03:00,443

Intellect
	 Rating: 146396
	 Multiplicative Factor: 13,56%
	 Eff: 146396,2500000001
Stamina
	 Rating: 868193
	 Multiplicative Factor: 11,3%
	 Eff: 868193
Crit
	 Rating: 16993
	 Multiplicative Factor: 0%
	 Eff: 20492,66166047543
	 DR Bracket: 0
	 Base: 5%
	 Effective Percent: 29,28%
	 Crit Inc Heal: 2,6
	 Crit Inc Damage: 2
Haste
	 Rating: 16187
	 Multiplicative Factor: 0%
	 Eff: 21940,34129294008
	 DR Bracket: 0
	 Base: 7%
	 Effective Percent: 33,24%
Vers
	 Rating: 12683
	 Multiplicative Factor: 0%
	 Eff: 15022,865067102985
	 DR Bracket: 0
	 Base: 3%
	 Effective Percent: 19,26%
Leech
	 Rating: 3060
	 Multiplicative Factor: 0%
	 Eff: 5099,661782987872
	 DR Bracket: 0
	 Base: 2%
	 Effective Percent: 5%
Avoidance
	 Rating: -0
	 Multiplicative Factor: 0%
	 Eff: -0,3180309960171144
	 DR Bracket: 0
	 Base: 0%
	 Effective Percent: -0%
Mastery
	 Rating: 18129
	 Multiplicative Factor: 0%
	 Eff: 25829,27778331694
	 DR Bracket: 0
	 Base: 19,8%
	 Effective Percent: 66,42%
----------------------
03:05,757

Intellect
	 Rating: 146396
	 Multiplicative Factor: 13,56%
	 Eff: 146396,2500000001
Stamina
	 Rating: 868193
	 Multiplicative Factor: 11,3%
	 Eff: 868193
Crit
	 Rating: 22978
	 Multiplicative Factor: 0%
	 Eff: 26279,784509222933
	 DR Bracket: 1
	 Base: 5%
	 Effective Percent: 37,54%
	 Crit Inc Heal: 2,6
	 Crit Inc Damage: 2
Haste
	 Rating: 16187
	 Multiplicative Factor: 0%
	 Eff: 24405,958338536533
	 DR Bracket: 0
	 Base: 10%
	 Effective Percent: 36,98%
Vers
	 Rating: 12683
	 Multiplicative Factor: 0%
	 Eff: 15022,865067102985
	 DR Bracket: 0
	 Base: 3%
	 Effective Percent: 19,26%
Leech
	 Rating: 3060
	 Multiplicative Factor: 0%
	 Eff: 5099,661782987872
	 DR Bracket: 0
	 Base: 2%
	 Effective Percent: 5%
Avoidance
	 Rating: -0
	 Multiplicative Factor: 0%
	 Eff: -0,3180309960171144
	 DR Bracket: 0
	 Base: 0%
	 Effective Percent: -0%
Mastery
	 Rating: 18129
	 Multiplicative Factor: 0%
	 Eff: 25829,27778331694
	 DR Bracket: 0
	 Base: 19,8%
	 Effective Percent: 66,42%
----------------------
03:10,819

Intellect
	 Rating: 146396
	 Multiplicative Factor: 13,56%
	 Eff: 146396,2500000001
Stamina
	 Rating: 868193
	 Multiplicative Factor: 11,3%
	 Eff: 868193
Crit
	 Rating: 22978
	 Multiplicative Factor: 0%
	 Eff: 26279,784509222933
	 DR Bracket: 1
	 Base: 5%
	 Effective Percent: 37,54%
	 Crit Inc Heal: 2,6
	 Crit Inc Damage: 2
Haste
	 Rating: 16187
	 Multiplicative Factor: 0%
	 Eff: 23584,08599000438
	 DR Bracket: 0
	 Base: 9%
	 Effective Percent: 35,73%
Vers
	 Rating: 12683
	 Multiplicative Factor: 0%
	 Eff: 15022,865067102985
	 DR Bracket: 0
	 Base: 3%
	 Effective Percent: 19,26%
Leech
	 Rating: 3060
	 Multiplicative Factor: 0%
	 Eff: 5099,661782987872
	 DR Bracket: 0
	 Base: 2%
	 Effective Percent: 5%
Avoidance
	 Rating: -0
	 Multiplicative Factor: 0%
	 Eff: -0,3180309960171144
	 DR Bracket: 0
	 Base: 0%
	 Effective Percent: -0%
Mastery
	 Rating: 18129
	 Multiplicative Factor: 0%
	 Eff: 25829,27778331694
	 DR Bracket: 0
	 Base: 19,8%
	 Effective Percent: 66,42%
----------------------
03:15,926

Intellect
	 Rating: 146396
	 Multiplicative Factor: 13,56%
	 Eff: 146396,2500000001
Stamina
	 Rating: 868193
	 Multiplicative Factor: 11,3%
	 Eff: 868193
Crit
	 Rating: 16993
	 Multiplicative Factor: 0%
	 Eff: 20492,66166047543
	 DR Bracket: 0
	 Base: 5%
	 Effective Percent: 29,28%
	 Crit Inc Heal: 2
	 Crit Inc Damage: 2
Haste
	 Rating: 16187
	 Multiplicative Factor: 0%
	 Eff: 16187,234853215028
	 DR Bracket: 0
	 Base: 0%
	 Effective Percent: 24,53%
Vers
	 Rating: 12683
	 Multiplicative Factor: 0%
	 Eff: 15022,865067102985
	 DR Bracket: 0
	 Base: 3%
	 Effective Percent: 19,26%
Leech
	 Rating: 3060
	 Multiplicative Factor: 0%
	 Eff: 5099,661782987872
	 DR Bracket: 0
	 Base: 2%
	 Effective Percent: 5%
Avoidance
	 Rating: -0
	 Multiplicative Factor: 0%
	 Eff: -0,3180309960171144
	 DR Bracket: 0
	 Base: 0%
	 Effective Percent: -0%
Mastery
	 Rating: 18129
	 Multiplicative Factor: 0%
	 Eff: 25829,27778331694
	 DR Bracket: 0
	 Base: 19,8%
	 Effective Percent: 66,42%
----------------------
03:21,172

Intellect
	 Rating: 146396
	 Multiplicative Factor: 13,56%
	 Eff: 146396,2500000001
Stamina
	 Rating: 868193
	 Multiplicative Factor: 11,3%
	 Eff: 868193
Crit
	 Rating: 16993
	 Multiplicative Factor: 0%
	 Eff: 20492,66166047543
	 DR Bracket: 0
	 Base: 5%
	 Effective Percent: 29,28%
	 Crit Inc Heal: 2
	 Crit Inc Damage: 2
Haste
	 Rating: 16187
	 Multiplicative Factor: 0%
	 Eff: 16187,234853215028
	 DR Bracket: 0
	 Base: 0%
	 Effective Percent: 24,53%
Vers
	 Rating: 12683
	 Multiplicative Factor: 0%
	 Eff: 15022,865067102985
	 DR Bracket: 0
	 Base: 3%
	 Effective Percent: 19,26%
Leech
	 Rating: 3060
	 Multiplicative Factor: 0%
	 Eff: 5099,661782987872
	 DR Bracket: 0
	 Base: 2%
	 Effective Percent: 5%
Avoidance
	 Rating: -0
	 Multiplicative Factor: 0%
	 Eff: -0,3180309960171144
	 DR Bracket: 0
	 Base: 0%
	 Effective Percent: -0%
Mastery
	 Rating: 18129
	 Multiplicative Factor: 0%
	 Eff: 25829,27778331694
	 DR Bracket: 0
	 Base: 19,8%
	 Effective Percent: 66,42%
----------------------
03:26,268

Intellect
	 Rating: 139425
	 Multiplicative Factor: 8,15%
	 Eff: 139425,00000000006
Stamina
	 Rating: 868193
	 Multiplicative Factor: 11,3%
	 Eff: 868193
Crit
	 Rating: 16993
	 Multiplicative Factor: 0%
	 Eff: 20492,66166047543
	 DR Bracket: 0
	 Base: 5%
	 Effective Percent: 29,28%
	 Crit Inc Heal: 2
	 Crit Inc Damage: 2
Haste
	 Rating: 16187
	 Multiplicative Factor: 0%
	 Eff: 16187,234853215028
	 DR Bracket: 0
	 Base: 0%
	 Effective Percent: 24,53%
Vers
	 Rating: 12683
	 Multiplicative Factor: 0%
	 Eff: 15022,865067102985
	 DR Bracket: 0
	 Base: 3%
	 Effective Percent: 19,26%
Leech
	 Rating: 3060
	 Multiplicative Factor: 0%
	 Eff: 5099,661782987872
	 DR Bracket: 0
	 Base: 2%
	 Effective Percent: 5%
Avoidance
	 Rating: -0
	 Multiplicative Factor: 0%
	 Eff: -0,3180309960171144
	 DR Bracket: 0
	 Base: 0%
	 Effective Percent: -0%
Mastery
	 Rating: 18129
	 Multiplicative Factor: 0%
	 Eff: 25829,27778331694
	 DR Bracket: 0
	 Base: 19,8%
	 Effective Percent: 66,42%
----------------------
03:31,519

Intellect
	 Rating: 139425
	 Multiplicative Factor: 8,15%
	 Eff: 139425,00000000006
Stamina
	 Rating: 868193
	 Multiplicative Factor: 11,3%
	 Eff: 868193
Crit
	 Rating: 16993
	 Multiplicative Factor: 0%
	 Eff: 20492,66166047543
	 DR Bracket: 0
	 Base: 5%
	 Effective Percent: 29,28%
	 Crit Inc Heal: 2
	 Crit Inc Damage: 2
Haste
	 Rating: 16187
	 Multiplicative Factor: 0%
	 Eff: 16187,234853215028
	 DR Bracket: 0
	 Base: 0%
	 Effective Percent: 24,53%
Vers
	 Rating: 12683
	 Multiplicative Factor: 0%
	 Eff: 15022,865067102985
	 DR Bracket: 0
	 Base: 3%
	 Effective Percent: 19,26%
Leech
	 Rating: 3060
	 Multiplicative Factor: 0%
	 Eff: 5099,661782987872
	 DR Bracket: 0
	 Base: 2%
	 Effective Percent: 5%
Avoidance
	 Rating: -0
	 Multiplicative Factor: 0%
	 Eff: -0,3180309960171144
	 DR Bracket: 0
	 Base: 0%
	 Effective Percent: -0%
Mastery
	 Rating: 18129
	 Multiplicative Factor: 0%
	 Eff: 25829,27778331694
	 DR Bracket: 0
	 Base: 19,8%
	 Effective Percent: 66,42%
----------------------
03:39,250

Intellect
	 Rating: 139425
	 Multiplicative Factor: 8,15%
	 Eff: 139425,00000000006
Stamina
	 Rating: 868193
	 Multiplicative Factor: 11,3%
	 Eff: 868193
Crit
	 Rating: 16993
	 Multiplicative Factor: 0%
	 Eff: 20492,66166047543
	 DR Bracket: 0
	 Base: 5%
	 Effective Percent: 29,28%
	 Crit Inc Heal: 2
	 Crit Inc Damage: 2
Haste
	 Rating: 16187
	 Multiplicative Factor: 0%
	 Eff: 16187,234853215028
	 DR Bracket: 0
	 Base: 0%
	 Effective Percent: 24,53%
Vers
	 Rating: 12683
	 Multiplicative Factor: 0%
	 Eff: 15022,865067102985
	 DR Bracket: 0
	 Base: 3%
	 Effective Percent: 19,26%
Leech
	 Rating: 3060
	 Multiplicative Factor: 0%
	 Eff: 5099,661782987872
	 DR Bracket: 0
	 Base: 2%
	 Effective Percent: 5%
Avoidance
	 Rating: -0
	 Multiplicative Factor: 0%
	 Eff: -0,3180309960171144
	 DR Bracket: 0
	 Base: 0%
	 Effective Percent: -0%
Mastery
	 Rating: 18129
	 Multiplicative Factor: 0%
	 Eff: 25829,27778331694
	 DR Bracket: 0
	 Base: 19,8%
	 Effective Percent: 66,42%
----------------------
03:50,631

Intellect
	 Rating: 139425
	 Multiplicative Factor: 8,15%
	 Eff: 139425,00000000006
Stamina
	 Rating: 868193
	 Multiplicative Factor: 11,3%
	 Eff: 868193
Crit
	 Rating: 16993
	 Multiplicative Factor: 0%
	 Eff: 20492,66166047543
	 DR Bracket: 0
	 Base: 5%
	 Effective Percent: 29,28%
	 Crit Inc Heal: 2
	 Crit Inc Damage: 2
Haste
	 Rating: 16187
	 Multiplicative Factor: 0%
	 Eff: 16187,234853215028
	 DR Bracket: 0
	 Base: 0%
	 Effective Percent: 24,53%
Vers
	 Rating: 12683
	 Multiplicative Factor: 0%
	 Eff: 15022,865067102985
	 DR Bracket: 0
	 Base: 3%
	 Effective Percent: 19,26%
Leech
	 Rating: 3060
	 Multiplicative Factor: 0%
	 Eff: 5099,661782987872
	 DR Bracket: 0
	 Base: 2%
	 Effective Percent: 5%
Avoidance
	 Rating: -0
	 Multiplicative Factor: 0%
	 Eff: -0,3180309960171144
	 DR Bracket: 0
	 Base: 0%
	 Effective Percent: -0%
Mastery
	 Rating: 18129
	 Multiplicative Factor: 0%
	 Eff: 25829,27778331694
	 DR Bracket: 0
	 Base: 19,8%
	 Effective Percent: 66,42%
----------------------
03:55,655

Intellect
	 Rating: 146396
	 Multiplicative Factor: 13,56%
	 Eff: 146396,2500000001
Stamina
	 Rating: 868193
	 Multiplicative Factor: 11,3%
	 Eff: 868193
Crit
	 Rating: 16993
	 Multiplicative Factor: 0%
	 Eff: 20492,66166047543
	 DR Bracket: 0
	 Base: 5%
	 Effective Percent: 29,28%
	 Crit Inc Heal: 2,6
	 Crit Inc Damage: 2
Haste
	 Rating: 16187
	 Multiplicative Factor: 0%
	 Eff: 45774,63940037244
	 DR Bracket: 0
	 Base: 36%
	 Effective Percent: 69,36%
Vers
	 Rating: 12683
	 Multiplicative Factor: 0%
	 Eff: 15022,865067102985
	 DR Bracket: 0
	 Base: 3%
	 Effective Percent: 19,26%
Leech
	 Rating: 3060
	 Multiplicative Factor: 0%
	 Eff: 5099,661782987872
	 DR Bracket: 0
	 Base: 2%
	 Effective Percent: 5%
Avoidance
	 Rating: -0
	 Multiplicative Factor: 0%
	 Eff: -0,3180309960171144
	 DR Bracket: 0
	 Base: 0%
	 Effective Percent: -0%
Mastery
	 Rating: 18129
	 Multiplicative Factor: 0%
	 Eff: 25829,27778331694
	 DR Bracket: 0
	 Base: 19,8%
	 Effective Percent: 66,42%
----------------------
04:00,769

Intellect
	 Rating: 146396
	 Multiplicative Factor: 13,56%
	 Eff: 146396,2500000001
Stamina
	 Rating: 868193
	 Multiplicative Factor: 11,3%
	 Eff: 868193
Crit
	 Rating: 16993
	 Multiplicative Factor: 0%
	 Eff: 20492,66166047543
	 DR Bracket: 0
	 Base: 5%
	 Effective Percent: 29,28%
	 Crit Inc Heal: 2,6
	 Crit Inc Damage: 2
Haste
	 Rating: 16187
	 Multiplicative Factor: 0%
	 Eff: 41665,27765771169
	 DR Bracket: 0
	 Base: 31%
	 Effective Percent: 63,13%
Vers
	 Rating: 12683
	 Multiplicative Factor: 0%
	 Eff: 15022,865067102985
	 DR Bracket: 0
	 Base: 3%
	 Effective Percent: 19,26%
Leech
	 Rating: 3060
	 Multiplicative Factor: 0%
	 Eff: 5099,661782987872
	 DR Bracket: 0
	 Base: 2%
	 Effective Percent: 5%
Avoidance
	 Rating: -0
	 Multiplicative Factor: 0%
	 Eff: -0,3180309960171144
	 DR Bracket: 0
	 Base: 0%
	 Effective Percent: -0%
Mastery
	 Rating: 18129
	 Multiplicative Factor: 0%
	 Eff: 25829,27778331694
	 DR Bracket: 0
	 Base: 19,8%
	 Effective Percent: 66,42%
----------------------
04:05,785

Intellect
	 Rating: 146396
	 Multiplicative Factor: 13,56%
	 Eff: 146396,2500000001
Stamina
	 Rating: 868193
	 Multiplicative Factor: 11,3%
	 Eff: 868193
Crit
	 Rating: 16993
	 Multiplicative Factor: 0%
	 Eff: 20492,66166047543
	 DR Bracket: 0
	 Base: 5%
	 Effective Percent: 29,28%
	 Crit Inc Heal: 2,6
	 Crit Inc Damage: 2
Haste
	 Rating: 16187
	 Multiplicative Factor: 0%
	 Eff: 30159,06477826158
	 DR Bracket: 0
	 Base: 17%
	 Effective Percent: 45,7%
Vers
	 Rating: 12683
	 Multiplicative Factor: 0%
	 Eff: 15022,865067102985
	 DR Bracket: 0
	 Base: 3%
	 Effective Percent: 19,26%
Leech
	 Rating: 3060
	 Multiplicative Factor: 0%
	 Eff: 5099,661782987872
	 DR Bracket: 0
	 Base: 2%
	 Effective Percent: 5%
Avoidance
	 Rating: -0
	 Multiplicative Factor: 0%
	 Eff: -0,3180309960171144
	 DR Bracket: 0
	 Base: 0%
	 Effective Percent: -0%
Mastery
	 Rating: 18129
	 Multiplicative Factor: 0%
	 Eff: 25829,27778331694
	 DR Bracket: 0
	 Base: 19,8%
	 Effective Percent: 66,42%
----------------------
04:10,849

Intellect
	 Rating: 146396
	 Multiplicative Factor: 13,56%
	 Eff: 146396,2500000001
Stamina
	 Rating: 868193
	 Multiplicative Factor: 11,3%
	 Eff: 868193
Crit
	 Rating: 16993
	 Multiplicative Factor: 0%
	 Eff: 20492,66166047543
	 DR Bracket: 0
	 Base: 5%
	 Effective Percent: 29,28%
	 Crit Inc Heal: 2,6
	 Crit Inc Damage: 2
Haste
	 Rating: 16187
	 Multiplicative Factor: 0%
	 Eff: 26049,703035600833
	 DR Bracket: 0
	 Base: 12%
	 Effective Percent: 39,47%
Vers
	 Rating: 12683
	 Multiplicative Factor: 0%
	 Eff: 15022,865067102985
	 DR Bracket: 0
	 Base: 3%
	 Effective Percent: 19,26%
Leech
	 Rating: 3060
	 Multiplicative Factor: 0%
	 Eff: 5099,661782987872
	 DR Bracket: 0
	 Base: 2%
	 Effective Percent: 5%
Avoidance
	 Rating: -0
	 Multiplicative Factor: 0%
	 Eff: -0,3180309960171144
	 DR Bracket: 0
	 Base: 0%
	 Effective Percent: -0%
Mastery
	 Rating: 18129
	 Multiplicative Factor: 0%
	 Eff: 25829,27778331694
	 DR Bracket: 0
	 Base: 19,8%
	 Effective Percent: 66,42%
----------------------
04:15,862

Intellect
	 Rating: 146396
	 Multiplicative Factor: 13,56%
	 Eff: 146396,2500000001
Stamina
	 Rating: 868193
	 Multiplicative Factor: 11,3%
	 Eff: 868193
Crit
	 Rating: 16993
	 Multiplicative Factor: 0%
	 Eff: 20492,66166047543
	 DR Bracket: 0
	 Base: 5%
	 Effective Percent: 29,28%
	 Crit Inc Heal: 2,6
	 Crit Inc Damage: 2
Haste
	 Rating: 16187
	 Multiplicative Factor: 0%
	 Eff: 21940,34129294008
	 DR Bracket: 0
	 Base: 7%
	 Effective Percent: 33,24%
Vers
	 Rating: 12683
	 Multiplicative Factor: 0%
	 Eff: 15022,865067102985
	 DR Bracket: 0
	 Base: 3%
	 Effective Percent: 19,26%
Leech
	 Rating: 3060
	 Multiplicative Factor: 0%
	 Eff: 5099,661782987872
	 DR Bracket: 0
	 Base: 2%
	 Effective Percent: 5%
Avoidance
	 Rating: -0
	 Multiplicative Factor: 0%
	 Eff: -0,3180309960171144
	 DR Bracket: 0
	 Base: 0%
	 Effective Percent: -0%
Mastery
	 Rating: 18129
	 Multiplicative Factor: 0%
	 Eff: 25829,27778331694
	 DR Bracket: 0
	 Base: 19,8%
	 Effective Percent: 66,42%
----------------------
04:20,896

Intellect
	 Rating: 146396
	 Multiplicative Factor: 13,56%
	 Eff: 146396,2500000001
Stamina
	 Rating: 868193
	 Multiplicative Factor: 11,3%
	 Eff: 868193
Crit
	 Rating: 16993
	 Multiplicative Factor: 0%
	 Eff: 20492,66166047543
	 DR Bracket: 0
	 Base: 5%
	 Effective Percent: 29,28%
	 Crit Inc Heal: 2,6
	 Crit Inc Damage: 2
Haste
	 Rating: 16187
	 Multiplicative Factor: 0%
	 Eff: 17830,979550279328
	 DR Bracket: 0
	 Base: 2%
	 Effective Percent: 27,02%
Vers
	 Rating: 12683
	 Multiplicative Factor: 0%
	 Eff: 15022,865067102985
	 DR Bracket: 0
	 Base: 3%
	 Effective Percent: 19,26%
Leech
	 Rating: 3060
	 Multiplicative Factor: 0%
	 Eff: 5099,661782987872
	 DR Bracket: 0
	 Base: 2%
	 Effective Percent: 5%
Avoidance
	 Rating: -0
	 Multiplicative Factor: 0%
	 Eff: -0,3180309960171144
	 DR Bracket: 0
	 Base: 0%
	 Effective Percent: -0%
Mastery
	 Rating: 18129
	 Multiplicative Factor: 0%
	 Eff: 25829,27778331694
	 DR Bracket: 0
	 Base: 19,8%
	 Effective Percent: 66,42%
----------------------
04:26,056

Intellect
	 Rating: 146396
	 Multiplicative Factor: 13,56%
	 Eff: 146396,2500000001
Stamina
	 Rating: 868193
	 Multiplicative Factor: 11,3%
	 Eff: 868193
Crit
	 Rating: 16993
	 Multiplicative Factor: 0%
	 Eff: 20492,66166047543
	 DR Bracket: 0
	 Base: 5%
	 Effective Percent: 29,28%
	 Crit Inc Heal: 2,6
	 Crit Inc Damage: 2
Haste
	 Rating: 16187
	 Multiplicative Factor: 0%
	 Eff: 16187,234853215028
	 DR Bracket: 0
	 Base: 0%
	 Effective Percent: 24,53%
Vers
	 Rating: 12683
	 Multiplicative Factor: 0%
	 Eff: 15022,865067102985
	 DR Bracket: 0
	 Base: 3%
	 Effective Percent: 19,26%
Leech
	 Rating: 3060
	 Multiplicative Factor: 0%
	 Eff: 5099,661782987872
	 DR Bracket: 0
	 Base: 2%
	 Effective Percent: 5%
Avoidance
	 Rating: -0
	 Multiplicative Factor: 0%
	 Eff: -0,3180309960171144
	 DR Bracket: 0
	 Base: 0%
	 Effective Percent: -0%
Mastery
	 Rating: 18129
	 Multiplicative Factor: 0%
	 Eff: 25829,27778331694
	 DR Bracket: 0
	 Base: 19,8%
	 Effective Percent: 66,42%
----------------------
04:31,129

Intellect
	 Rating: 146396
	 Multiplicative Factor: 13,56%
	 Eff: 146396,2500000001
Stamina
	 Rating: 868193
	 Multiplicative Factor: 11,3%
	 Eff: 868193
Crit
	 Rating: 16993
	 Multiplicative Factor: 0%
	 Eff: 20492,66166047543
	 DR Bracket: 0
	 Base: 5%
	 Effective Percent: 29,28%
	 Crit Inc Heal: 2,6
	 Crit Inc Damage: 2
Haste
	 Rating: 16187
	 Multiplicative Factor: 0%
	 Eff: 18652,851898811477
	 DR Bracket: 0
	 Base: 3%
	 Effective Percent: 28,26%
Vers
	 Rating: 12683
	 Multiplicative Factor: 0%
	 Eff: 15022,865067102985
	 DR Bracket: 0
	 Base: 3%
	 Effective Percent: 19,26%
Leech
	 Rating: 3060
	 Multiplicative Factor: 0%
	 Eff: 5099,661782987872
	 DR Bracket: 0
	 Base: 2%
	 Effective Percent: 5%
Avoidance
	 Rating: -0
	 Multiplicative Factor: 0%
	 Eff: -0,3180309960171144
	 DR Bracket: 0
	 Base: 0%
	 Effective Percent: -0%
Mastery
	 Rating: 18129
	 Multiplicative Factor: 0%
	 Eff: 25829,27778331694
	 DR Bracket: 0
	 Base: 19,8%
	 Effective Percent: 66,42%
----------------------
04:36,150

Intellect
	 Rating: 146396
	 Multiplicative Factor: 13,56%
	 Eff: 146396,2500000001
Stamina
	 Rating: 868193
	 Multiplicative Factor: 11,3%
	 Eff: 868193
Crit
	 Rating: 16993
	 Multiplicative Factor: 0%
	 Eff: 20492,66166047543
	 DR Bracket: 0
	 Base: 5%
	 Effective Percent: 29,28%
	 Crit Inc Heal: 2
	 Crit Inc Damage: 2
Haste
	 Rating: 16187
	 Multiplicative Factor: 0%
	 Eff: 18652,851898811477
	 DR Bracket: 0
	 Base: 3%
	 Effective Percent: 28,26%
Vers
	 Rating: 12683
	 Multiplicative Factor: 0%
	 Eff: 15022,865067102985
	 DR Bracket: 0
	 Base: 3%
	 Effective Percent: 19,26%
Leech
	 Rating: 3060
	 Multiplicative Factor: 0%
	 Eff: 5099,661782987872
	 DR Bracket: 0
	 Base: 2%
	 Effective Percent: 5%
Avoidance
	 Rating: -0
	 Multiplicative Factor: 0%
	 Eff: -0,3180309960171144
	 DR Bracket: 0
	 Base: 0%
	 Effective Percent: -0%
Mastery
	 Rating: 18129
	 Multiplicative Factor: 0%
	 Eff: 25829,27778331694
	 DR Bracket: 0
	 Base: 19,8%
	 Effective Percent: 66,42%
----------------------
04:42,039

Intellect
	 Rating: 146396
	 Multiplicative Factor: 13,56%
	 Eff: 146396,2500000001
Stamina
	 Rating: 868193
	 Multiplicative Factor: 11,3%
	 Eff: 868193
Crit
	 Rating: 16993
	 Multiplicative Factor: 0%
	 Eff: 20492,66166047543
	 DR Bracket: 0
	 Base: 5%
	 Effective Percent: 29,28%
	 Crit Inc Heal: 2,6
	 Crit Inc Damage: 2
Haste
	 Rating: 16187
	 Multiplicative Factor: 0%
	 Eff: 18652,851898811477
	 DR Bracket: 0
	 Base: 3%
	 Effective Percent: 28,26%
Vers
	 Rating: 12683
	 Multiplicative Factor: 0%
	 Eff: 15022,865067102985
	 DR Bracket: 0
	 Base: 3%
	 Effective Percent: 19,26%
Leech
	 Rating: 3060
	 Multiplicative Factor: 0%
	 Eff: 5099,661782987872
	 DR Bracket: 0
	 Base: 2%
	 Effective Percent: 5%
Avoidance
	 Rating: -0
	 Multiplicative Factor: 0%
	 Eff: -0,3180309960171144
	 DR Bracket: 0
	 Base: 0%
	 Effective Percent: -0%
Mastery
	 Rating: 18129
	 Multiplicative Factor: 0%
	 Eff: 25829,27778331694
	 DR Bracket: 0
	 Base: 19,8%
	 Effective Percent: 66,42%
----------------------
04:47,615

Intellect
	 Rating: 139425
	 Multiplicative Factor: 8,15%
	 Eff: 139425,00000000006
Stamina
	 Rating: 868193
	 Multiplicative Factor: 11,3%
	 Eff: 868193
Crit
	 Rating: 16993
	 Multiplicative Factor: 0%
	 Eff: 20492,66166047543
	 DR Bracket: 0
	 Base: 5%
	 Effective Percent: 29,28%
	 Crit Inc Heal: 2
	 Crit Inc Damage: 2
Haste
	 Rating: 16187
	 Multiplicative Factor: 0%
	 Eff: 16187,234853215028
	 DR Bracket: 0
	 Base: 0%
	 Effective Percent: 24,53%
Vers
	 Rating: 12683
	 Multiplicative Factor: 0%
	 Eff: 15022,865067102985
	 DR Bracket: 0
	 Base: 3%
	 Effective Percent: 19,26%
Leech
	 Rating: 3060
	 Multiplicative Factor: 0%
	 Eff: 5099,661782987872
	 DR Bracket: 0
	 Base: 2%
	 Effective Percent: 5%
Avoidance
	 Rating: -0
	 Multiplicative Factor: 0%
	 Eff: -0,3180309960171144
	 DR Bracket: 0
	 Base: 0%
	 Effective Percent: -0%
Mastery
	 Rating: 18129
	 Multiplicative Factor: 0%
	 Eff: 25829,27778331694
	 DR Bracket: 0
	 Base: 19,8%
	 Effective Percent: 66,42%
----------------------
04:52,659

Intellect
	 Rating: 139425
	 Multiplicative Factor: 8,15%
	 Eff: 139425,00000000006
Stamina
	 Rating: 868193
	 Multiplicative Factor: 11,3%
	 Eff: 868193
Crit
	 Rating: 16993
	 Multiplicative Factor: 0%
	 Eff: 20492,66166047543
	 DR Bracket: 0
	 Base: 5%
	 Effective Percent: 29,28%
	 Crit Inc Heal: 2
	 Crit Inc Damage: 2
Haste
	 Rating: 16187
	 Multiplicative Factor: 0%
	 Eff: 40843,405309179536
	 DR Bracket: 0
	 Base: 30%
	 Effective Percent: 61,88%
Vers
	 Rating: 12683
	 Multiplicative Factor: 0%
	 Eff: 15022,865067102985
	 DR Bracket: 0
	 Base: 3%
	 Effective Percent: 19,26%
Leech
	 Rating: 3060
	 Multiplicative Factor: 0%
	 Eff: 5099,661782987872
	 DR Bracket: 0
	 Base: 2%
	 Effective Percent: 5%
Avoidance
	 Rating: -0
	 Multiplicative Factor: 0%
	 Eff: -0,3180309960171144
	 DR Bracket: 0
	 Base: 0%
	 Effective Percent: -0%
Mastery
	 Rating: 18129
	 Multiplicative Factor: 0%
	 Eff: 25829,27778331694
	 DR Bracket: 0
	 Base: 19,8%
	 Effective Percent: 66,42%
----------------------
04:57,943

Intellect
	 Rating: 139425
	 Multiplicative Factor: 8,15%
	 Eff: 139425,00000000006
Stamina
	 Rating: 868193
	 Multiplicative Factor: 11,3%
	 Eff: 868193
Crit
	 Rating: 16993
	 Multiplicative Factor: 0%
	 Eff: 20492,66166047543
	 DR Bracket: 0
	 Base: 5%
	 Effective Percent: 29,28%
	 Crit Inc Heal: 2,6
	 Crit Inc Damage: 2
Haste
	 Rating: 16187
	 Multiplicative Factor: 0%
	 Eff: 40843,405309179536
	 DR Bracket: 0
	 Base: 30%
	 Effective Percent: 61,88%
Vers
	 Rating: 12683
	 Multiplicative Factor: 0%
	 Eff: 15022,865067102985
	 DR Bracket: 0
	 Base: 3%
	 Effective Percent: 19,26%
Leech
	 Rating: 3060
	 Multiplicative Factor: 0%
	 Eff: 5099,661782987872
	 DR Bracket: 0
	 Base: 2%
	 Effective Percent: 5%
Avoidance
	 Rating: -0
	 Multiplicative Factor: 0%
	 Eff: -0,3180309960171144
	 DR Bracket: 0
	 Base: 0%
	 Effective Percent: -0%
Mastery
	 Rating: 18129
	 Multiplicative Factor: 0%
	 Eff: 25829,27778331694
	 DR Bracket: 0
	 Base: 19,8%
	 Effective Percent: 66,42%
----------------------
05:02,953

Intellect
	 Rating: 139425
	 Multiplicative Factor: 8,15%
	 Eff: 139425,00000000006
Stamina
	 Rating: 868193
	 Multiplicative Factor: 11,3%
	 Eff: 868193
Crit
	 Rating: 16993
	 Multiplicative Factor: 0%
	 Eff: 20492,66166047543
	 DR Bracket: 0
	 Base: 5%
	 Effective Percent: 29,28%
	 Crit Inc Heal: 2,6
	 Crit Inc Damage: 2
Haste
	 Rating: 16187
	 Multiplicative Factor: 0%
	 Eff: 40843,405309179536
	 DR Bracket: 0
	 Base: 30%
	 Effective Percent: 61,88%
Vers
	 Rating: 12683
	 Multiplicative Factor: 0%
	 Eff: 15022,865067102985
	 DR Bracket: 0
	 Base: 3%
	 Effective Percent: 19,26%
Leech
	 Rating: 3060
	 Multiplicative Factor: 0%
	 Eff: 5099,661782987872
	 DR Bracket: 0
	 Base: 2%
	 Effective Percent: 5%
Avoidance
	 Rating: -0
	 Multiplicative Factor: 0%
	 Eff: -0,3180309960171144
	 DR Bracket: 0
	 Base: 0%
	 Effective Percent: -0%
Mastery
	 Rating: 18129
	 Multiplicative Factor: 0%
	 Eff: 25829,27778331694
	 DR Bracket: 0
	 Base: 19,8%
	 Effective Percent: 66,42%
----------------------
05:08,377

Intellect
	 Rating: 139425
	 Multiplicative Factor: 8,15%
	 Eff: 139425,00000000006
Stamina
	 Rating: 868193
	 Multiplicative Factor: 11,3%
	 Eff: 868193
Crit
	 Rating: 22978
	 Multiplicative Factor: 0%
	 Eff: 26279,784509222933
	 DR Bracket: 1
	 Base: 5%
	 Effective Percent: 37,54%
	 Crit Inc Heal: 2,6
	 Crit Inc Damage: 2
Haste
	 Rating: 16187
	 Multiplicative Factor: 0%
	 Eff: 40843,405309179536
	 DR Bracket: 0
	 Base: 30%
	 Effective Percent: 61,88%
Vers
	 Rating: 12683
	 Multiplicative Factor: 0%
	 Eff: 15022,865067102985
	 DR Bracket: 0
	 Base: 3%
	 Effective Percent: 19,26%
Leech
	 Rating: 3060
	 Multiplicative Factor: 0%
	 Eff: 5099,661782987872
	 DR Bracket: 0
	 Base: 2%
	 Effective Percent: 5%
Avoidance
	 Rating: -0
	 Multiplicative Factor: 0%
	 Eff: -0,3180309960171144
	 DR Bracket: 0
	 Base: 0%
	 Effective Percent: -0%
Mastery
	 Rating: 18129
	 Multiplicative Factor: 0%
	 Eff: 25829,27778331694
	 DR Bracket: 0
	 Base: 19,8%
	 Effective Percent: 66,42%
----------------------
05:13,387

Intellect
	 Rating: 139425
	 Multiplicative Factor: 8,15%
	 Eff: 139425,00000000006
Stamina
	 Rating: 868193
	 Multiplicative Factor: 11,3%
	 Eff: 868193
Crit
	 Rating: 22978
	 Multiplicative Factor: 0%
	 Eff: 26279,784509222933
	 DR Bracket: 1
	 Base: 5%
	 Effective Percent: 37,54%
	 Crit Inc Heal: 2
	 Crit Inc Damage: 2
Haste
	 Rating: 16187
	 Multiplicative Factor: 0%
	 Eff: 40843,405309179536
	 DR Bracket: 0
	 Base: 30%
	 Effective Percent: 61,88%
Vers
	 Rating: 12683
	 Multiplicative Factor: 0%
	 Eff: 15022,865067102985
	 DR Bracket: 0
	 Base: 3%
	 Effective Percent: 19,26%
Leech
	 Rating: 3060
	 Multiplicative Factor: 0%
	 Eff: 5099,661782987872
	 DR Bracket: 0
	 Base: 2%
	 Effective Percent: 5%
Avoidance
	 Rating: -0
	 Multiplicative Factor: 0%
	 Eff: -0,3180309960171144
	 DR Bracket: 0
	 Base: 0%
	 Effective Percent: -0%
Mastery
	 Rating: 18129
	 Multiplicative Factor: 0%
	 Eff: 25829,27778331694
	 DR Bracket: 0
	 Base: 19,8%
	 Effective Percent: 66,42%
----------------------
05:18,387

Intellect
	 Rating: 146396
	 Multiplicative Factor: 13,56%
	 Eff: 146396,2500000001
Stamina
	 Rating: 868193
	 Multiplicative Factor: 11,3%
	 Eff: 868193
Crit
	 Rating: 16993
	 Multiplicative Factor: 0%
	 Eff: 20492,66166047543
	 DR Bracket: 0
	 Base: 5%
	 Effective Percent: 29,28%
	 Crit Inc Heal: 2,6
	 Crit Inc Damage: 2
Haste
	 Rating: 16187
	 Multiplicative Factor: 0%
	 Eff: 69608,9375078048
	 DR Bracket: 0
	 Base: 65%
	 Effective Percent: 105,47%
Vers
	 Rating: 12683
	 Multiplicative Factor: 0%
	 Eff: 15022,865067102985
	 DR Bracket: 0
	 Base: 3%
	 Effective Percent: 19,26%
Leech
	 Rating: 3060
	 Multiplicative Factor: 0%
	 Eff: 5099,661782987872
	 DR Bracket: 0
	 Base: 2%
	 Effective Percent: 5%
Avoidance
	 Rating: -0
	 Multiplicative Factor: 0%
	 Eff: -0,3180309960171144
	 DR Bracket: 0
	 Base: 0%
	 Effective Percent: -0%
Mastery
	 Rating: 18129
	 Multiplicative Factor: 0%
	 Eff: 25829,27778331694
	 DR Bracket: 0
	 Base: 19,8%
	 Effective Percent: 66,42%
----------------------
05:23,563

Intellect
	 Rating: 146396
	 Multiplicative Factor: 13,56%
	 Eff: 146396,2500000001
Stamina
	 Rating: 868193
	 Multiplicative Factor: 11,3%
	 Eff: 868193
Crit
	 Rating: 16993
	 Multiplicative Factor: 0%
	 Eff: 20492,66166047543
	 DR Bracket: 0
	 Base: 5%
	 Effective Percent: 29,28%
	 Crit Inc Heal: 2,6
	 Crit Inc Damage: 2
Haste
	 Rating: 16187
	 Multiplicative Factor: 0%
	 Eff: 58102,72462835469
	 DR Bracket: 0
	 Base: 51%
	 Effective Percent: 88,03%
Vers
	 Rating: 12683
	 Multiplicative Factor: 0%
	 Eff: 15022,865067102985
	 DR Bracket: 0
	 Base: 3%
	 Effective Percent: 19,26%
Leech
	 Rating: 3060
	 Multiplicative Factor: 0%
	 Eff: 5099,661782987872
	 DR Bracket: 0
	 Base: 2%
	 Effective Percent: 5%
Avoidance
	 Rating: -0
	 Multiplicative Factor: 0%
	 Eff: -0,3180309960171144
	 DR Bracket: 0
	 Base: 0%
	 Effective Percent: -0%
Mastery
	 Rating: 18129
	 Multiplicative Factor: 0%
	 Eff: 25829,27778331694
	 DR Bracket: 0
	 Base: 19,8%
	 Effective Percent: 66,42%
----------------------
05:28,563

Intellect
	 Rating: 146396
	 Multiplicative Factor: 13,56%
	 Eff: 146396,2500000001
Stamina
	 Rating: 868193
	 Multiplicative Factor: 11,3%
	 Eff: 868193
Crit
	 Rating: 16993
	 Multiplicative Factor: 0%
	 Eff: 20492,66166047543
	 DR Bracket: 0
	 Base: 5%
	 Effective Percent: 29,28%
	 Crit Inc Heal: 2,6
	 Crit Inc Damage: 2
Haste
	 Rating: 16187
	 Multiplicative Factor: 0%
	 Eff: 53993,36288569394
	 DR Bracket: 0
	 Base: 46%
	 Effective Percent: 81,81%
Vers
	 Rating: 12683
	 Multiplicative Factor: 0%
	 Eff: 15022,865067102985
	 DR Bracket: 0
	 Base: 3%
	 Effective Percent: 19,26%
Leech
	 Rating: 3060
	 Multiplicative Factor: 0%
	 Eff: 5099,661782987872
	 DR Bracket: 0
	 Base: 2%
	 Effective Percent: 5%
Avoidance
	 Rating: -0
	 Multiplicative Factor: 0%
	 Eff: -0,3180309960171144
	 DR Bracket: 0
	 Base: 0%
	 Effective Percent: -0%
Mastery
	 Rating: 18129
	 Multiplicative Factor: 0%
	 Eff: 25829,27778331694
	 DR Bracket: 0
	 Base: 19,8%
	 Effective Percent: 66,42%
----------------------
05:33,569

Intellect
	 Rating: 146396
	 Multiplicative Factor: 13,56%
	 Eff: 146396,2500000001
Stamina
	 Rating: 868193
	 Multiplicative Factor: 11,3%
	 Eff: 868193
Crit
	 Rating: 16993
	 Multiplicative Factor: 0%
	 Eff: 20492,66166047543
	 DR Bracket: 0
	 Base: 5%
	 Effective Percent: 29,28%
	 Crit Inc Heal: 2,6
	 Crit Inc Damage: 2
Haste
	 Rating: 16187
	 Multiplicative Factor: 0%
	 Eff: 25227,83068706868
	 DR Bracket: 0
	 Base: 11%
	 Effective Percent: 38,22%
Vers
	 Rating: 12683
	 Multiplicative Factor: 0%
	 Eff: 15022,865067102985
	 DR Bracket: 0
	 Base: 3%
	 Effective Percent: 19,26%
Leech
	 Rating: 3060
	 Multiplicative Factor: 0%
	 Eff: 5099,661782987872
	 DR Bracket: 0
	 Base: 2%
	 Effective Percent: 5%
Avoidance
	 Rating: -0
	 Multiplicative Factor: 0%
	 Eff: -0,3180309960171144
	 DR Bracket: 0
	 Base: 0%
	 Effective Percent: -0%
Mastery
	 Rating: 18129
	 Multiplicative Factor: 0%
	 Eff: 25829,27778331694
	 DR Bracket: 0
	 Base: 19,8%
	 Effective Percent: 66,42%
----------------------
05:38,735

Intellect
	 Rating: 146396
	 Multiplicative Factor: 13,56%
	 Eff: 146396,2500000001
Stamina
	 Rating: 868193
	 Multiplicative Factor: 11,3%
	 Eff: 868193
Crit
	 Rating: 16993
	 Multiplicative Factor: 0%
	 Eff: 20492,66166047543
	 DR Bracket: 0
	 Base: 5%
	 Effective Percent: 29,28%
	 Crit Inc Heal: 2,6
	 Crit Inc Damage: 2
Haste
	 Rating: 16187
	 Multiplicative Factor: 0%
	 Eff: 28515,320081197282
	 DR Bracket: 0
	 Base: 15%
	 Effective Percent: 43,21%
Vers
	 Rating: 12683
	 Multiplicative Factor: 0%
	 Eff: 15022,865067102985
	 DR Bracket: 0
	 Base: 3%
	 Effective Percent: 19,26%
Leech
	 Rating: 3060
	 Multiplicative Factor: 0%
	 Eff: 5099,661782987872
	 DR Bracket: 0
	 Base: 2%
	 Effective Percent: 5%
Avoidance
	 Rating: -0
	 Multiplicative Factor: 0%
	 Eff: -0,3180309960171144
	 DR Bracket: 0
	 Base: 0%
	 Effective Percent: -0%
Mastery
	 Rating: 18129
	 Multiplicative Factor: 0%
	 Eff: 25829,27778331694
	 DR Bracket: 0
	 Base: 19,8%
	 Effective Percent: 66,42%
----------------------
05:43,753

Intellect
	 Rating: 139425
	 Multiplicative Factor: 8,15%
	 Eff: 139425,00000000006
Stamina
	 Rating: 868193
	 Multiplicative Factor: 11,3%
	 Eff: 868193
Crit
	 Rating: 16993
	 Multiplicative Factor: 0%
	 Eff: 20492,66166047543
	 DR Bracket: 0
	 Base: 5%
	 Effective Percent: 29,28%
	 Crit Inc Heal: 2,6
	 Crit Inc Damage: 2
Haste
	 Rating: 16187
	 Multiplicative Factor: 0%
	 Eff: 24405,958338536533
	 DR Bracket: 0
	 Base: 10%
	 Effective Percent: 36,98%
Vers
	 Rating: 12683
	 Multiplicative Factor: 0%
	 Eff: 15022,865067102985
	 DR Bracket: 0
	 Base: 3%
	 Effective Percent: 19,26%
Leech
	 Rating: 3060
	 Multiplicative Factor: 0%
	 Eff: 5099,661782987872
	 DR Bracket: 0
	 Base: 2%
	 Effective Percent: 5%
Avoidance
	 Rating: -0
	 Multiplicative Factor: 0%
	 Eff: -0,3180309960171144
	 DR Bracket: 0
	 Base: 0%
	 Effective Percent: -0%
Mastery
	 Rating: 18129
	 Multiplicative Factor: 0%
	 Eff: 25829,27778331694
	 DR Bracket: 0
	 Base: 19,8%
	 Effective Percent: 66,42%
----------------------
05:48,769

Intellect
	 Rating: 146396
	 Multiplicative Factor: 13,56%
	 Eff: 146396,2500000001
Stamina
	 Rating: 868193
	 Multiplicative Factor: 11,3%
	 Eff: 868193
Crit
	 Rating: 16993
	 Multiplicative Factor: 0%
	 Eff: 20492,66166047543
	 DR Bracket: 0
	 Base: 5%
	 Effective Percent: 29,28%
	 Crit Inc Heal: 2,6
	 Crit Inc Damage: 2
Haste
	 Rating: 16187
	 Multiplicative Factor: 0%
	 Eff: 16187,234853215028
	 DR Bracket: 0
	 Base: 0%
	 Effective Percent: 24,53%
Vers
	 Rating: 12683
	 Multiplicative Factor: 0%
	 Eff: 15022,865067102985
	 DR Bracket: 0
	 Base: 3%
	 Effective Percent: 19,26%
Leech
	 Rating: 3060
	 Multiplicative Factor: 0%
	 Eff: 5099,661782987872
	 DR Bracket: 0
	 Base: 2%
	 Effective Percent: 5%
Avoidance
	 Rating: -0
	 Multiplicative Factor: 0%
	 Eff: -0,3180309960171144
	 DR Bracket: 0
	 Base: 0%
	 Effective Percent: -0%
Mastery
	 Rating: 18129
	 Multiplicative Factor: 0%
	 Eff: 25829,27778331694
	 DR Bracket: 0
	 Base: 19,8%
	 Effective Percent: 66,42%
----------------------
05:54,095

Intellect
	 Rating: 146396
	 Multiplicative Factor: 13,56%
	 Eff: 146396,2500000001
Stamina
	 Rating: 868193
	 Multiplicative Factor: 11,3%
	 Eff: 868193
Crit
	 Rating: 16993
	 Multiplicative Factor: 0%
	 Eff: 20492,66166047543
	 DR Bracket: 0
	 Base: 5%
	 Effective Percent: 29,28%
	 Crit Inc Heal: 2
	 Crit Inc Damage: 2
Haste
	 Rating: 16187
	 Multiplicative Factor: 0%
	 Eff: 21118,46894440793
	 DR Bracket: 0
	 Base: 6%
	 Effective Percent: 32%
Vers
	 Rating: 12683
	 Multiplicative Factor: 0%
	 Eff: 15022,865067102985
	 DR Bracket: 0
	 Base: 3%
	 Effective Percent: 19,26%
Leech
	 Rating: 3060
	 Multiplicative Factor: 0%
	 Eff: 5099,661782987872
	 DR Bracket: 0
	 Base: 2%
	 Effective Percent: 5%
Avoidance
	 Rating: -0
	 Multiplicative Factor: 0%
	 Eff: -0,3180309960171144
	 DR Bracket: 0
	 Base: 0%
	 Effective Percent: -0%
Mastery
	 Rating: 18129
	 Multiplicative Factor: 0%
	 Eff: 25829,27778331694
	 DR Bracket: 0
	 Base: 19,8%
	 Effective Percent: 66,42%
----------------------
05:59,161

Intellect
	 Rating: 146396
	 Multiplicative Factor: 13,56%
	 Eff: 146396,2500000001
Stamina
	 Rating: 868193
	 Multiplicative Factor: 11,3%
	 Eff: 868193
Crit
	 Rating: 16993
	 Multiplicative Factor: 0%
	 Eff: 20492,66166047543
	 DR Bracket: 0
	 Base: 5%
	 Effective Percent: 29,28%
	 Crit Inc Heal: 2,6
	 Crit Inc Damage: 2
Haste
	 Rating: 16187
	 Multiplicative Factor: 0%
	 Eff: 21118,46894440793
	 DR Bracket: 0
	 Base: 6%
	 Effective Percent: 32%
Vers
	 Rating: 12683
	 Multiplicative Factor: 0%
	 Eff: 15022,865067102985
	 DR Bracket: 0
	 Base: 3%
	 Effective Percent: 19,26%
Leech
	 Rating: 3060
	 Multiplicative Factor: 0%
	 Eff: 5099,661782987872
	 DR Bracket: 0
	 Base: 2%
	 Effective Percent: 5%
Avoidance
	 Rating: -0
	 Multiplicative Factor: 0%
	 Eff: -0,3180309960171144
	 DR Bracket: 0
	 Base: 0%
	 Effective Percent: -0%
Mastery
	 Rating: 18129
	 Multiplicative Factor: 0%
	 Eff: 25829,27778331694
	 DR Bracket: 0
	 Base: 19,8%
	 Effective Percent: 66,42%
----------------------
06:04,257

Intellect
	 Rating: 146396
	 Multiplicative Factor: 13,56%
	 Eff: 146396,2500000001
Stamina
	 Rating: 868193
	 Multiplicative Factor: 11,3%
	 Eff: 868193
Crit
	 Rating: 22978
	 Multiplicative Factor: 0%
	 Eff: 26279,784509222933
	 DR Bracket: 1
	 Base: 5%
	 Effective Percent: 37,54%
	 Crit Inc Heal: 2,6
	 Crit Inc Damage: 2
Haste
	 Rating: 16187
	 Multiplicative Factor: 0%
	 Eff: 16187,234853215028
	 DR Bracket: 0
	 Base: 0%
	 Effective Percent: 24,53%
Vers
	 Rating: 12683
	 Multiplicative Factor: 0%
	 Eff: 15022,865067102985
	 DR Bracket: 0
	 Base: 3%
	 Effective Percent: 19,26%
Leech
	 Rating: 3060
	 Multiplicative Factor: 0%
	 Eff: 5099,661782987872
	 DR Bracket: 0
	 Base: 2%
	 Effective Percent: 5%
Avoidance
	 Rating: -0
	 Multiplicative Factor: 0%
	 Eff: -0,3180309960171144
	 DR Bracket: 0
	 Base: 0%
	 Effective Percent: -0%
Mastery
	 Rating: 18129
	 Multiplicative Factor: 0%
	 Eff: 25829,27778331694
	 DR Bracket: 0
	 Base: 19,8%
	 Effective Percent: 66,42%
----------------------
06:09,361

Intellect
	 Rating: 146396
	 Multiplicative Factor: 13,56%
	 Eff: 146396,2500000001
Stamina
	 Rating: 868193
	 Multiplicative Factor: 11,3%
	 Eff: 868193
Crit
	 Rating: 22978
	 Multiplicative Factor: 0%
	 Eff: 26279,784509222933
	 DR Bracket: 1
	 Base: 5%
	 Effective Percent: 37,54%
	 Crit Inc Heal: 2
	 Crit Inc Damage: 2
Haste
	 Rating: 16187
	 Multiplicative Factor: 0%
	 Eff: 16187,234853215028
	 DR Bracket: 0
	 Base: 0%
	 Effective Percent: 24,53%
Vers
	 Rating: 12683
	 Multiplicative Factor: 0%
	 Eff: 15022,865067102985
	 DR Bracket: 0
	 Base: 3%
	 Effective Percent: 19,26%
Leech
	 Rating: 3060
	 Multiplicative Factor: 0%
	 Eff: 5099,661782987872
	 DR Bracket: 0
	 Base: 2%
	 Effective Percent: 5%
Avoidance
	 Rating: -0
	 Multiplicative Factor: 0%
	 Eff: -0,3180309960171144
	 DR Bracket: 0
	 Base: 0%
	 Effective Percent: -0%
Mastery
	 Rating: 18129
	 Multiplicative Factor: 0%
	 Eff: 25829,27778331694
	 DR Bracket: 0
	 Base: 19,8%
	 Effective Percent: 66,42%
----------------------
06:14,414

Intellect
	 Rating: 146396
	 Multiplicative Factor: 13,56%
	 Eff: 146396,2500000001
Stamina
	 Rating: 868193
	 Multiplicative Factor: 11,3%
	 Eff: 868193
Crit
	 Rating: 16993
	 Multiplicative Factor: 0%
	 Eff: 20492,66166047543
	 DR Bracket: 0
	 Base: 5%
	 Effective Percent: 29,28%
	 Crit Inc Heal: 2
	 Crit Inc Damage: 2
Haste
	 Rating: 16187
	 Multiplicative Factor: 0%
	 Eff: 16187,234853215028
	 DR Bracket: 0
	 Base: 0%
	 Effective Percent: 24,53%
Vers
	 Rating: 12683
	 Multiplicative Factor: 0%
	 Eff: 15022,865067102985
	 DR Bracket: 0
	 Base: 3%
	 Effective Percent: 19,26%
Leech
	 Rating: 3060
	 Multiplicative Factor: 0%
	 Eff: 5099,661782987872
	 DR Bracket: 0
	 Base: 2%
	 Effective Percent: 5%
Avoidance
	 Rating: -0
	 Multiplicative Factor: 0%
	 Eff: -0,3180309960171144
	 DR Bracket: 0
	 Base: 0%
	 Effective Percent: -0%
Mastery
	 Rating: 18129
	 Multiplicative Factor: 0%
	 Eff: 25829,27778331694
	 DR Bracket: 0
	 Base: 19,8%
	 Effective Percent: 66,42%
----------------------
06:19,441

Intellect
	 Rating: 146396
	 Multiplicative Factor: 13,56%
	 Eff: 146396,2500000001
Stamina
	 Rating: 868193
	 Multiplicative Factor: 11,3%
	 Eff: 868193
Crit
	 Rating: 16993
	 Multiplicative Factor: 0%
	 Eff: 20492,66166047543
	 DR Bracket: 0
	 Base: 5%
	 Effective Percent: 29,28%
	 Crit Inc Heal: 2,6
	 Crit Inc Damage: 2
Haste
	 Rating: 16187
	 Multiplicative Factor: 0%
	 Eff: 45774,63940037244
	 DR Bracket: 0
	 Base: 36%
	 Effective Percent: 69,36%
Vers
	 Rating: 12683
	 Multiplicative Factor: 0%
	 Eff: 15022,865067102985
	 DR Bracket: 0
	 Base: 3%
	 Effective Percent: 19,26%
Leech
	 Rating: 3060
	 Multiplicative Factor: 0%
	 Eff: 5099,661782987872
	 DR Bracket: 0
	 Base: 2%
	 Effective Percent: 5%
Avoidance
	 Rating: -0
	 Multiplicative Factor: 0%
	 Eff: -0,3180309960171144
	 DR Bracket: 0
	 Base: 0%
	 Effective Percent: -0%
Mastery
	 Rating: 18129
	 Multiplicative Factor: 0%
	 Eff: 25829,27778331694
	 DR Bracket: 0
	 Base: 19,8%
	 Effective Percent: 66,42%
----------------------
06:24,468

Intellect
	 Rating: 146396
	 Multiplicative Factor: 13,56%
	 Eff: 146396,2500000001
Stamina
	 Rating: 868193
	 Multiplicative Factor: 11,3%
	 Eff: 868193
Crit
	 Rating: 16993
	 Multiplicative Factor: 0%
	 Eff: 20492,66166047543
	 DR Bracket: 0
	 Base: 5%
	 Effective Percent: 29,28%
	 Crit Inc Heal: 2,6
	 Crit Inc Damage: 2
Haste
	 Rating: 16187
	 Multiplicative Factor: 0%
	 Eff: 41665,27765771169
	 DR Bracket: 0
	 Base: 31%
	 Effective Percent: 63,13%
Vers
	 Rating: 12683
	 Multiplicative Factor: 0%
	 Eff: 15022,865067102985
	 DR Bracket: 0
	 Base: 3%
	 Effective Percent: 19,26%
Leech
	 Rating: 3060
	 Multiplicative Factor: 0%
	 Eff: 5099,661782987872
	 DR Bracket: 0
	 Base: 2%
	 Effective Percent: 5%
Avoidance
	 Rating: -0
	 Multiplicative Factor: 0%
	 Eff: -0,3180309960171144
	 DR Bracket: 0
	 Base: 0%
	 Effective Percent: -0%
Mastery
	 Rating: 18129
	 Multiplicative Factor: 0%
	 Eff: 25829,27778331694
	 DR Bracket: 0
	 Base: 19,8%
	 Effective Percent: 66,42%
----------------------
06:29,490

Intellect
	 Rating: 146396
	 Multiplicative Factor: 13,56%
	 Eff: 146396,2500000001
Stamina
	 Rating: 868193
	 Multiplicative Factor: 11,3%
	 Eff: 868193
Crit
	 Rating: 16993
	 Multiplicative Factor: 0%
	 Eff: 20492,66166047543
	 DR Bracket: 0
	 Base: 5%
	 Effective Percent: 29,28%
	 Crit Inc Heal: 2,6
	 Crit Inc Damage: 2
Haste
	 Rating: 16187
	 Multiplicative Factor: 0%
	 Eff: 30159,06477826158
	 DR Bracket: 0
	 Base: 17%
	 Effective Percent: 45,7%
Vers
	 Rating: 12683
	 Multiplicative Factor: 0%
	 Eff: 15022,865067102985
	 DR Bracket: 0
	 Base: 3%
	 Effective Percent: 19,26%
Leech
	 Rating: 3060
	 Multiplicative Factor: 0%
	 Eff: 5099,661782987872
	 DR Bracket: 0
	 Base: 2%
	 Effective Percent: 5%
Avoidance
	 Rating: -0
	 Multiplicative Factor: 0%
	 Eff: -0,3180309960171144
	 DR Bracket: 0
	 Base: 0%
	 Effective Percent: -0%
Mastery
	 Rating: 18129
	 Multiplicative Factor: 0%
	 Eff: 25829,27778331694
	 DR Bracket: 0
	 Base: 19,8%
	 Effective Percent: 66,42%
----------------------
06:34,615

Intellect
	 Rating: 146396
	 Multiplicative Factor: 13,56%
	 Eff: 146396,2500000001
Stamina
	 Rating: 868193
	 Multiplicative Factor: 11,3%
	 Eff: 868193
Crit
	 Rating: 16993
	 Multiplicative Factor: 0%
	 Eff: 20492,66166047543
	 DR Bracket: 0
	 Base: 5%
	 Effective Percent: 29,28%
	 Crit Inc Heal: 2,6
	 Crit Inc Damage: 2
Haste
	 Rating: 16187
	 Multiplicative Factor: 0%
	 Eff: 26049,703035600833
	 DR Bracket: 0
	 Base: 12%
	 Effective Percent: 39,47%
Vers
	 Rating: 12683
	 Multiplicative Factor: 0%
	 Eff: 15022,865067102985
	 DR Bracket: 0
	 Base: 3%
	 Effective Percent: 19,26%
Leech
	 Rating: 3060
	 Multiplicative Factor: 0%
	 Eff: 5099,661782987872
	 DR Bracket: 0
	 Base: 2%
	 Effective Percent: 5%
Avoidance
	 Rating: -0
	 Multiplicative Factor: 0%
	 Eff: -0,3180309960171144
	 DR Bracket: 0
	 Base: 0%
	 Effective Percent: -0%
Mastery
	 Rating: 18129
	 Multiplicative Factor: 0%
	 Eff: 25829,27778331694
	 DR Bracket: 0
	 Base: 19,8%
	 Effective Percent: 66,42%
----------------------
06:40,175

Intellect
	 Rating: 139425
	 Multiplicative Factor: 8,15%
	 Eff: 139425,00000000006
Stamina
	 Rating: 868193
	 Multiplicative Factor: 11,3%
	 Eff: 868193
Crit
	 Rating: 22978
	 Multiplicative Factor: 0%
	 Eff: 26279,784509222933
	 DR Bracket: 1
	 Base: 5%
	 Effective Percent: 37,54%
	 Crit Inc Heal: 2,6
	 Crit Inc Damage: 2
Haste
	 Rating: 16187
	 Multiplicative Factor: 0%
	 Eff: 21118,46894440793
	 DR Bracket: 0
	 Base: 6%
	 Effective Percent: 32%
Vers
	 Rating: 12683
	 Multiplicative Factor: 0%
	 Eff: 15022,865067102985
	 DR Bracket: 0
	 Base: 3%
	 Effective Percent: 19,26%
Leech
	 Rating: 3060
	 Multiplicative Factor: 0%
	 Eff: 5099,661782987872
	 DR Bracket: 0
	 Base: 2%
	 Effective Percent: 5%
Avoidance
	 Rating: -0
	 Multiplicative Factor: 0%
	 Eff: -0,3180309960171144
	 DR Bracket: 0
	 Base: 0%
	 Effective Percent: -0%
Mastery
	 Rating: 18129
	 Multiplicative Factor: 0%
	 Eff: 25829,27778331694
	 DR Bracket: 0
	 Base: 19,8%
	 Effective Percent: 66,42%
----------------------
06:45,337

Intellect
	 Rating: 139425
	 Multiplicative Factor: 8,15%
	 Eff: 139425,00000000006
Stamina
	 Rating: 868193
	 Multiplicative Factor: 11,3%
	 Eff: 868193
Crit
	 Rating: 22978
	 Multiplicative Factor: 0%
	 Eff: 26279,784509222933
	 DR Bracket: 1
	 Base: 5%
	 Effective Percent: 37,54%
	 Crit Inc Heal: 2,6
	 Crit Inc Damage: 2
Haste
	 Rating: 16187
	 Multiplicative Factor: 0%
	 Eff: 17009,107201747178
	 DR Bracket: 0
	 Base: 1%
	 Effective Percent: 25,77%
Vers
	 Rating: 12683
	 Multiplicative Factor: 0%
	 Eff: 15022,865067102985
	 DR Bracket: 0
	 Base: 3%
	 Effective Percent: 19,26%
Leech
	 Rating: 3060
	 Multiplicative Factor: 0%
	 Eff: 5099,661782987872
	 DR Bracket: 0
	 Base: 2%
	 Effective Percent: 5%
Avoidance
	 Rating: -0
	 Multiplicative Factor: 0%
	 Eff: -0,3180309960171144
	 DR Bracket: 0
	 Base: 0%
	 Effective Percent: -0%
Mastery
	 Rating: 18129
	 Multiplicative Factor: 0%
	 Eff: 25829,27778331694
	 DR Bracket: 0
	 Base: 19,8%
	 Effective Percent: 66,42%
----------------------
06:50,370

Intellect
	 Rating: 139425
	 Multiplicative Factor: 8,15%
	 Eff: 139425,00000000006
Stamina
	 Rating: 868193
	 Multiplicative Factor: 11,3%
	 Eff: 868193
Crit
	 Rating: 16993
	 Multiplicative Factor: 0%
	 Eff: 20492,66166047543
	 DR Bracket: 0
	 Base: 5%
	 Effective Percent: 29,28%
	 Crit Inc Heal: 2
	 Crit Inc Damage: 2
Haste
	 Rating: 16187
	 Multiplicative Factor: 0%
	 Eff: 16187,234853215028
	 DR Bracket: 0
	 Base: 0%
	 Effective Percent: 24,53%
Vers
	 Rating: 12683
	 Multiplicative Factor: 0%
	 Eff: 15022,865067102985
	 DR Bracket: 0
	 Base: 3%
	 Effective Percent: 19,26%
Leech
	 Rating: 3060
	 Multiplicative Factor: 0%
	 Eff: 5099,661782987872
	 DR Bracket: 0
	 Base: 2%
	 Effective Percent: 5%
Avoidance
	 Rating: -0
	 Multiplicative Factor: 0%
	 Eff: -0,3180309960171144
	 DR Bracket: 0
	 Base: 0%
	 Effective Percent: -0%
Mastery
	 Rating: 18129
	 Multiplicative Factor: 0%
	 Eff: 25829,27778331694
	 DR Bracket: 0
	 Base: 19,8%
	 Effective Percent: 66,42%
----------------------
06:55,459

Intellect
	 Rating: 139425
	 Multiplicative Factor: 8,15%
	 Eff: 139425,00000000006
Stamina
	 Rating: 868193
	 Multiplicative Factor: 11,3%
	 Eff: 868193
Crit
	 Rating: 16993
	 Multiplicative Factor: 0%
	 Eff: 20492,66166047543
	 DR Bracket: 0
	 Base: 5%
	 Effective Percent: 29,28%
	 Crit Inc Heal: 2,6
	 Crit Inc Damage: 2
Haste
	 Rating: 16187
	 Multiplicative Factor: 0%
	 Eff: 23584,08599000438
	 DR Bracket: 0
	 Base: 9%
	 Effective Percent: 35,73%
Vers
	 Rating: 12683
	 Multiplicative Factor: 0%
	 Eff: 15022,865067102985
	 DR Bracket: 0
	 Base: 3%
	 Effective Percent: 19,26%
Leech
	 Rating: 3060
	 Multiplicative Factor: 0%
	 Eff: 5099,661782987872
	 DR Bracket: 0
	 Base: 2%
	 Effective Percent: 5%
Avoidance
	 Rating: -0
	 Multiplicative Factor: 0%
	 Eff: -0,3180309960171144
	 DR Bracket: 0
	 Base: 0%
	 Effective Percent: -0%
Mastery
	 Rating: 18129
	 Multiplicative Factor: 0%
	 Eff: 25829,27778331694
	 DR Bracket: 0
	 Base: 19,8%
	 Effective Percent: 66,42%
----------------------
07:00,697

Intellect
	 Rating: 139425
	 Multiplicative Factor: 8,15%
	 Eff: 139425,00000000006
Stamina
	 Rating: 868193
	 Multiplicative Factor: 11,3%
	 Eff: 868193
Crit
	 Rating: 16993
	 Multiplicative Factor: 0%
	 Eff: 20492,66166047543
	 DR Bracket: 0
	 Base: 5%
	 Effective Percent: 29,28%
	 Crit Inc Heal: 2,6
	 Crit Inc Damage: 2
Haste
	 Rating: 16187
	 Multiplicative Factor: 0%
	 Eff: 16187,234853215028
	 DR Bracket: 0
	 Base: 0%
	 Effective Percent: 24,53%
Vers
	 Rating: 12683
	 Multiplicative Factor: 0%
	 Eff: 15022,865067102985
	 DR Bracket: 0
	 Base: 3%
	 Effective Percent: 19,26%
Leech
	 Rating: 3060
	 Multiplicative Factor: 0%
	 Eff: 5099,661782987872
	 DR Bracket: 0
	 Base: 2%
	 Effective Percent: 5%
Avoidance
	 Rating: -0
	 Multiplicative Factor: 0%
	 Eff: -0,3180309960171144
	 DR Bracket: 0
	 Base: 0%
	 Effective Percent: -0%
Mastery
	 Rating: 18129
	 Multiplicative Factor: 0%
	 Eff: 25829,27778331694
	 DR Bracket: 0
	 Base: 19,8%
	 Effective Percent: 66,42%
----------------------
07:05,839

Intellect
	 Rating: 139425
	 Multiplicative Factor: 8,15%
	 Eff: 139425,00000000006
Stamina
	 Rating: 868193
	 Multiplicative Factor: 11,3%
	 Eff: 868193
Crit
	 Rating: 16993
	 Multiplicative Factor: 0%
	 Eff: 20492,66166047543
	 DR Bracket: 0
	 Base: 5%
	 Effective Percent: 29,28%
	 Crit Inc Heal: 2,6
	 Crit Inc Damage: 2
Haste
	 Rating: 16187
	 Multiplicative Factor: 0%
	 Eff: 16187,234853215028
	 DR Bracket: 0
	 Base: 0%
	 Effective Percent: 24,53%
Vers
	 Rating: 12683
	 Multiplicative Factor: 0%
	 Eff: 15022,865067102985
	 DR Bracket: 0
	 Base: 3%
	 Effective Percent: 19,26%
Leech
	 Rating: 3060
	 Multiplicative Factor: 0%
	 Eff: 5099,661782987872
	 DR Bracket: 0
	 Base: 2%
	 Effective Percent: 5%
Avoidance
	 Rating: -0
	 Multiplicative Factor: 0%
	 Eff: -0,3180309960171144
	 DR Bracket: 0
	 Base: 0%
	 Effective Percent: -0%
Mastery
	 Rating: 18129
	 Multiplicative Factor: 0%
	 Eff: 25829,27778331694
	 DR Bracket: 0
	 Base: 19,8%
	 Effective Percent: 66,42%
----------------------
07:10,852

Intellect
	 Rating: 146396
	 Multiplicative Factor: 13,56%
	 Eff: 146396,2500000001
Stamina
	 Rating: 868193
	 Multiplicative Factor: 11,3%
	 Eff: 868193
Crit
	 Rating: 16993
	 Multiplicative Factor: 0%
	 Eff: 20492,66166047543
	 DR Bracket: 0
	 Base: 5%
	 Effective Percent: 29,28%
	 Crit Inc Heal: 2,6
	 Crit Inc Damage: 2
Haste
	 Rating: 16187
	 Multiplicative Factor: 0%
	 Eff: 16187,234853215028
	 DR Bracket: 0
	 Base: 0%
	 Effective Percent: 24,53%
Vers
	 Rating: 12683
	 Multiplicative Factor: 0%
	 Eff: 15022,865067102985
	 DR Bracket: 0
	 Base: 3%
	 Effective Percent: 19,26%
Leech
	 Rating: 3060
	 Multiplicative Factor: 0%
	 Eff: 5099,661782987872
	 DR Bracket: 0
	 Base: 2%
	 Effective Percent: 5%
Avoidance
	 Rating: -0
	 Multiplicative Factor: 0%
	 Eff: -0,3180309960171144
	 DR Bracket: 0
	 Base: 0%
	 Effective Percent: -0%
Mastery
	 Rating: 18129
	 Multiplicative Factor: 0%
	 Eff: 25829,27778331694
	 DR Bracket: 0
	 Base: 19,8%
	 Effective Percent: 66,42%
----------------------
07:16,049

Intellect
	 Rating: 146396
	 Multiplicative Factor: 13,56%
	 Eff: 146396,2500000001
Stamina
	 Rating: 868193
	 Multiplicative Factor: 11,3%
	 Eff: 868193
Crit
	 Rating: 16993
	 Multiplicative Factor: 0%
	 Eff: 20492,66166047543
	 DR Bracket: 0
	 Base: 5%
	 Effective Percent: 29,28%
	 Crit Inc Heal: 2
	 Crit Inc Damage: 2
Haste
	 Rating: 16187
	 Multiplicative Factor: 0%
	 Eff: 17009,107201747178
	 DR Bracket: 0
	 Base: 1%
	 Effective Percent: 25,77%
Vers
	 Rating: 12683
	 Multiplicative Factor: 0%
	 Eff: 15022,865067102985
	 DR Bracket: 0
	 Base: 3%
	 Effective Percent: 19,26%
Leech
	 Rating: 3060
	 Multiplicative Factor: 0%
	 Eff: 5099,661782987872
	 DR Bracket: 0
	 Base: 2%
	 Effective Percent: 5%
Avoidance
	 Rating: -0
	 Multiplicative Factor: 0%
	 Eff: -0,3180309960171144
	 DR Bracket: 0
	 Base: 0%
	 Effective Percent: -0%
Mastery
	 Rating: 18129
	 Multiplicative Factor: 0%
	 Eff: 25829,27778331694
	 DR Bracket: 0
	 Base: 19,8%
	 Effective Percent: 66,42%
----------------------
07:21,627

Intellect
	 Rating: 146396
	 Multiplicative Factor: 13,56%
	 Eff: 146396,2500000001
Stamina
	 Rating: 868193
	 Multiplicative Factor: 11,3%
	 Eff: 868193
Crit
	 Rating: 22978
	 Multiplicative Factor: 0%
	 Eff: 26279,784509222933
	 DR Bracket: 1
	 Base: 5%
	 Effective Percent: 37,54%
	 Crit Inc Heal: 2
	 Crit Inc Damage: 2
Haste
	 Rating: 16187
	 Multiplicative Factor: 0%
	 Eff: 44130,894703308135
	 DR Bracket: 0
	 Base: 34%
	 Effective Percent: 66,86%
Vers
	 Rating: 12683
	 Multiplicative Factor: 0%
	 Eff: 15022,865067102985
	 DR Bracket: 0
	 Base: 3%
	 Effective Percent: 19,26%
Leech
	 Rating: 3060
	 Multiplicative Factor: 0%
	 Eff: 5099,661782987872
	 DR Bracket: 0
	 Base: 2%
	 Effective Percent: 5%
Avoidance
	 Rating: -0
	 Multiplicative Factor: 0%
	 Eff: -0,3180309960171144
	 DR Bracket: 0
	 Base: 0%
	 Effective Percent: -0%
Mastery
	 Rating: 18129
	 Multiplicative Factor: 0%
	 Eff: 25829,27778331694
	 DR Bracket: 0
	 Base: 19,8%
	 Effective Percent: 66,42%
----------------------
07:26,629

Intellect
	 Rating: 146396
	 Multiplicative Factor: 13,56%
	 Eff: 146396,2500000001
Stamina
	 Rating: 868193
	 Multiplicative Factor: 11,3%
	 Eff: 868193
Crit
	 Rating: 22978
	 Multiplicative Factor: 0%
	 Eff: 26279,784509222933
	 DR Bracket: 1
	 Base: 5%
	 Effective Percent: 37,54%
	 Crit Inc Heal: 2
	 Crit Inc Damage: 2
Haste
	 Rating: 16187
	 Multiplicative Factor: 0%
	 Eff: 32624,681823858034
	 DR Bracket: 0
	 Base: 20%
	 Effective Percent: 49,43%
Vers
	 Rating: 12683
	 Multiplicative Factor: 0%
	 Eff: 15022,865067102985
	 DR Bracket: 0
	 Base: 3%
	 Effective Percent: 19,26%
Leech
	 Rating: 3060
	 Multiplicative Factor: 0%
	 Eff: 5099,661782987872
	 DR Bracket: 0
	 Base: 2%
	 Effective Percent: 5%
Avoidance
	 Rating: -0
	 Multiplicative Factor: 0%
	 Eff: -0,3180309960171144
	 DR Bracket: 0
	 Base: 0%
	 Effective Percent: -0%
Mastery
	 Rating: 18129
	 Multiplicative Factor: 0%
	 Eff: 25829,27778331694
	 DR Bracket: 0
	 Base: 19,8%
	 Effective Percent: 66,42%
----------------------
07:31,933

Intellect
	 Rating: 146396
	 Multiplicative Factor: 13,56%
	 Eff: 146396,2500000001
Stamina
	 Rating: 868193
	 Multiplicative Factor: 11,3%
	 Eff: 868193
Crit
	 Rating: 16993
	 Multiplicative Factor: 0%
	 Eff: 20492,66166047543
	 DR Bracket: 0
	 Base: 5%
	 Effective Percent: 29,28%
	 Crit Inc Heal: 2,6
	 Crit Inc Damage: 2
Haste
	 Rating: 16187
	 Multiplicative Factor: 0%
	 Eff: 27693,447732665132
	 DR Bracket: 0
	 Base: 14%
	 Effective Percent: 41,96%
Vers
	 Rating: 12683
	 Multiplicative Factor: 0%
	 Eff: 15022,865067102985
	 DR Bracket: 0
	 Base: 3%
	 Effective Percent: 19,26%
Leech
	 Rating: 3060
	 Multiplicative Factor: 0%
	 Eff: 5099,661782987872
	 DR Bracket: 0
	 Base: 2%
	 Effective Percent: 5%
Avoidance
	 Rating: -0
	 Multiplicative Factor: 0%
	 Eff: -0,3180309960171144
	 DR Bracket: 0
	 Base: 0%
	 Effective Percent: -0%
Mastery
	 Rating: 18129
	 Multiplicative Factor: 0%
	 Eff: 25829,27778331694
	 DR Bracket: 0
	 Base: 19,8%
	 Effective Percent: 66,42%
----------------------
07:36,990

Intellect
	 Rating: 139425
	 Multiplicative Factor: 8,15%
	 Eff: 139425,00000000006
Stamina
	 Rating: 868193
	 Multiplicative Factor: 11,3%
	 Eff: 868193
Crit
	 Rating: 16993
	 Multiplicative Factor: 0%
	 Eff: 20492,66166047543
	 DR Bracket: 0
	 Base: 5%
	 Effective Percent: 29,28%
	 Crit Inc Heal: 2,6
	 Crit Inc Damage: 2
Haste
	 Rating: 16187
	 Multiplicative Factor: 0%
	 Eff: 30980,93712679373
	 DR Bracket: 0
	 Base: 18%
	 Effective Percent: 46,94%
Vers
	 Rating: 12683
	 Multiplicative Factor: 0%
	 Eff: 15022,865067102985
	 DR Bracket: 0
	 Base: 3%
	 Effective Percent: 19,26%
Leech
	 Rating: 3060
	 Multiplicative Factor: 0%
	 Eff: 5099,661782987872
	 DR Bracket: 0
	 Base: 2%
	 Effective Percent: 5%
Avoidance
	 Rating: -0
	 Multiplicative Factor: 0%
	 Eff: -0,3180309960171144
	 DR Bracket: 0
	 Base: 0%
	 Effective Percent: -0%
Mastery
	 Rating: 18129
	 Multiplicative Factor: 0%
	 Eff: 25829,27778331694
	 DR Bracket: 0
	 Base: 19,8%
	 Effective Percent: 66,42%
----------------------
07:42,031

Intellect
	 Rating: 139425
	 Multiplicative Factor: 8,15%
	 Eff: 139425,00000000006
Stamina
	 Rating: 868193
	 Multiplicative Factor: 11,3%
	 Eff: 868193
Crit
	 Rating: 16993
	 Multiplicative Factor: 0%
	 Eff: 20492,66166047543
	 DR Bracket: 0
	 Base: 5%
	 Effective Percent: 29,28%
	 Crit Inc Heal: 2,6
	 Crit Inc Damage: 2
Haste
	 Rating: 16187
	 Multiplicative Factor: 0%
	 Eff: 26871,57538413298
	 DR Bracket: 0
	 Base: 13%
	 Effective Percent: 40,71%
Vers
	 Rating: 12683
	 Multiplicative Factor: 0%
	 Eff: 15022,865067102985
	 DR Bracket: 0
	 Base: 3%
	 Effective Percent: 19,26%
Leech
	 Rating: 3060
	 Multiplicative Factor: 0%
	 Eff: 5099,661782987872
	 DR Bracket: 0
	 Base: 2%
	 Effective Percent: 5%
Avoidance
	 Rating: -0
	 Multiplicative Factor: 0%
	 Eff: -0,3180309960171144
	 DR Bracket: 0
	 Base: 0%
	 Effective Percent: -0%
Mastery
	 Rating: 18129
	 Multiplicative Factor: 0%
	 Eff: 25829,27778331694
	 DR Bracket: 0
	 Base: 19,8%
	 Effective Percent: 66,42%
