-----------
EssenceRegenDummy
-----------
Azure Strike
-----------
Blessing of the Bronze
-----------
Cauterizing Flame
-----------
Chrono Flames
-----------
Chrono Flame
	Eff: 4112783,1441732678
	Dmg: 5016169,153760274
-----------
Consume Flame
-----------
Deep Breath
-----------
Disintegrate
-----------
Dream Breath
	Eff: -856308,7091597338
-----------
Dream Breath (Echo)
-----------
Dream Flight
	Eff: -3992755,6166912583
-----------
Echo
	Eff: 92574,52597524575
-----------
Emerald Blossom
	Eff: 7671348,613371617
-----------
Engulf
-----------
Enkindle
-----------
Expunge
-----------
Fire Breath
	Dmg: 1200998,0081084184
-----------
Fluttering Seedlings
	Eff: 1135143,9467914985
-----------
Golden Hour
	Eff: 2287322,6768058324
-----------
Landslide
-----------
Lifebind
	Eff: 1836911,0216356362
-----------
Life-Giver's Flame
-----------
Living Flame
	Eff: 12162305,608780414
	Dmg: 10897101,848047357
-----------
Naturalize
-----------
Oppressing Roar
-----------
Panacea
	Eff: -487549,17341215134
-----------
Rewind
-----------
Renewing Blaze
-----------
Reversion
	Eff: 5340289,302849097
-----------
Reversion (Echo)
-----------
Sleep Walk
-----------
Source of Magic
-----------
Spatial Paradox
-----------
Spiritbloom
	Eff: -5528588,460061783
-----------
Spiritbloom (Echo)
	Eff: -2786445,533261791
-----------
Stasis
-----------
Tail Swipe
-----------
Temporal Anomaly
-----------
Time Spiral
-----------
Unravel
-----------
Verdant Embrace
	Eff: 3614224,039912414
-----------
Zephyr
-----------
Leech
	Eff: -16225261,4312627
-----------
Blessing of Summer
-----------
Holy Bulwark
-----------
ZeroCIMDummy
-----------
Hover
-----------
Stasis (Store)
-----------
Tip the Scales
-----------
Thread of Fate
-----------
Voidglass Shards
-----------
Bombardments
-----------
Ethereal Reconstitution
	Eff: 1748377,800939961
-----------
Cycle of Life
-----------
Ethereal Guard
	Eff: 9691333,432569157
-----------
Glide
-----------
Voidglass Barrier
	Eff: -2806842,353540906
-----------
Stasis (Release)
-----------
Emerald Communion
-----------
Obsidian Scales
-----------
Spirit Link
-----------
Take Off
-----------
Whirling Surge
-----------
Surge Forward
-----------
Wing Buffet
-----------
Rescue
-----------
Twin Guardian
-----------
Skyward Ascent
-----------
Second Wind
-----------
Invigorating Healing Potion
	Eff: -477803,04014701955
-----------
Tempered Potion
-----------
Melee
	Dmg: 8852,863252129242
-----------
Healthstone
-----------
Time Dilation
