-----------
EssenceRegenDummy
-----------
Azure Strike
-----------
Blessing of the Bronze
-----------
Cauterizing Flame
-----------
Chrono Flames
-----------
Chrono Flame
	Eff: -3321728,4892140143
	Dmg: 4812761,884047284
-----------
Consume Flame
-----------
Deep Breath
-----------
Disintegrate
-----------
Dream Breath
	Eff: -11041390,331443746
-----------
Dream Breath (Echo)
-----------
Dream Flight
	Eff: -11636970,84091316
-----------
Echo
	Eff: -340868,0021249382
-----------
Emerald Blossom
	Eff: -30745937,811207857
-----------
Engulf
-----------
Enkindle
-----------
Expunge
-----------
Fire Breath
	Dmg: 2275100,6402820647
-----------
Fluttering Seedlings
	Eff: -7569221,796718073
-----------
Golden Hour
	Eff: 2287322,6768058324
-----------
Landslide
-----------
Lifebind
	Eff: -404565,72985883435
-----------
Life-Giver's Flame
-----------
Living Flame
	Eff: -2137613,768871342
	Dmg: 18534463,851140983
-----------
Naturalize
-----------
Oppressing Roar
-----------
Panacea
	Eff: -4546194,167750122
-----------
Rewind
-----------
Renewing Blaze
-----------
Reversion
	Eff: -4885398,238480918
-----------
Reversion (Echo)
-----------
Sleep Walk
-----------
Source of Magic
-----------
Spatial Paradox
-----------
Spiritbloom
	Eff: -6987747,371639088
-----------
Spiritbloom (Echo)
	Eff: -11060979,153607868
-----------
Stasis
-----------
Tail Swipe
-----------
Temporal Anomaly
-----------
Time Spiral
-----------
Unravel
-----------
Verdant Embrace
	Eff: -35623644,265476175
-----------
Zephyr
-----------
Leech
	Eff: -19772140,36750008
-----------
Blessing of Summer
-----------
Holy Bulwark
-----------
ZeroCIMDummy
-----------
Hover
-----------
Stasis (Store)
-----------
Tip the Scales
-----------
Thread of Fate
-----------
Voidglass Shards
-----------
Bombardments
-----------
Ethereal Reconstitution
	Eff: 8830118,58137428
-----------
Cycle of Life
-----------
Ethereal Guard
	Eff: 17287285,11999747
-----------
Glide
-----------
Voidglass Barrier
	Eff: 10362571,507102666
-----------
Stasis (Release)
-----------
Emerald Communion
-----------
Obsidian Scales
-----------
Spirit Link
-----------
Take Off
-----------
Whirling Surge
-----------
Surge Forward
-----------
Wing Buffet
-----------
Rescue
-----------
Twin Guardian
-----------
Skyward Ascent
-----------
Second Wind
-----------
Invigorating Healing Potion
	Eff: 1763999,3794408813
-----------
Tempered Potion
-----------
Melee
	Dmg: 18535,5930702397
-----------
Healthstone
-----------
Time Dilation
