-----------
EssenceRegenDummy
-----------
Azure Strike
-----------
Blessing of the Bronze
-----------
Cauterizing Flame
-----------
Chrono Flames
-----------
Chrono Flame
	Eff: 2721111,6884657326
	Dmg: 7754863,322189628
-----------
Consume Flame
-----------
Deep Breath
-----------
Disintegrate
-----------
Dream Breath
	Eff: -2914303,203298852
-----------
Dream Breath (Echo)
-----------
Dream Flight
	Eff: -5376474,301515082
-----------
Echo
	Eff: -40688,71304081264
-----------
Emerald Blossom
	Eff: 381642,978906645
-----------
Engulf
-----------
Enkindle
-----------
Expunge
-----------
Fire Breath
	Dmg: 2678324,223223553
-----------
Fluttering Seedlings
	Eff: -1226527,6559511283
-----------
Golden Hour
	Eff: 2286760,5753889037
-----------
Landslide
-----------
Lifebind
	Eff: 1171435,7824428126
-----------
Life-Giver's Flame
-----------
Living Flame
	Eff: 10040554,722443098
	Dmg: 20441061,68633473
-----------
Naturalize
-----------
Oppressing Roar
-----------
Panacea
	Eff: -1790516,8868816216
-----------
Rewind
-----------
Renewing Blaze
-----------
Reversion
	Eff: 2179402,8670144146
-----------
Reversion (Echo)
-----------
Sleep Walk
-----------
Source of Magic
-----------
Spatial Paradox
-----------
Spiritbloom
	Eff: -6100338,956628814
-----------
Spiritbloom (Echo)
	Eff: -5586844,037750827
-----------
Stasis
-----------
Tail Swipe
-----------
Temporal Anomaly
-----------
Time Spiral
-----------
Unravel
-----------
Verdant Embrace
	Eff: -7065677,29606546
-----------
Zephyr
-----------
Leech
	Eff: -16487440,10000262
-----------
Blessing of Summer
-----------
Holy Bulwark
-----------
ZeroCIMDummy
-----------
Hover
-----------
Stasis (Store)
-----------
Tip the Scales
-----------
Thread of Fate
-----------
Voidglass Shards
-----------
Bombardments
-----------
Ethereal Reconstitution
	Eff: 6722614,451159293
-----------
Cycle of Life
-----------
Ethereal Guard
	Eff: 18619725,658076596
-----------
Glide
-----------
Voidglass Barrier
	Eff: 3778174,16853086
-----------
Stasis (Release)
-----------
Emerald Communion
-----------
Obsidian Scales
-----------
Spirit Link
-----------
Take Off
-----------
Whirling Surge
-----------
Surge Forward
-----------
Wing Buffet
-----------
Rescue
-----------
Twin Guardian
-----------
Skyward Ascent
-----------
Second Wind
-----------
Invigorating Healing Potion
	Eff: 643150,8708181083
-----------
Tempered Potion
-----------
Melee
	Dmg: 20678,047449119676
-----------
Healthstone
-----------
Time Dilation
