-----------
EssenceRegenDummy
-----------
Azure Strike
-----------
Blessing of the Bronze
-----------
Cauterizing Flame
-----------
Chrono Flames
-----------
Chrono Flame
	Eff: -583847,9351102508
	Dmg: 12052236,770323219
-----------
Consume Flame
-----------
Deep Breath
-----------
Disintegrate
-----------
Dream Breath
	Eff: -18072016,092659105
-----------
Dream Breath (Echo)
-----------
Dream Flight
	Eff: -18751780,772996422
-----------
Echo
	Eff: -376543,16773400595
-----------
Emerald Blossom
	Eff: -51189152,76483298
-----------
Engulf
-----------
Enkindle
-----------
Expunge
-----------
Fire Breath
	Dmg: 4932203,052413608
-----------
Fluttering Seedlings
	Eff: -12367595,135934457
-----------
Golden Hour
	Eff: 2287322,6768058324
-----------
Landslide
-----------
Lifebind
	Eff: -1555826,6842889283
-----------
Life-Giver's Flame
-----------
Living Flame
	Eff: -9287192,315918874
	Dmg: 34936966,09077893
-----------
Naturalize
-----------
Oppressing Roar
-----------
Panacea
	Eff: -8516107,808598228
-----------
Rewind
-----------
Renewing Blaze
-----------
Reversion
	Eff: -3245084,250644823
-----------
Reversion (Echo)
-----------
Sleep Walk
-----------
Source of Magic
-----------
Spatial Paradox
-----------
Spiritbloom
	Eff: -13018385,74631009
-----------
Spiritbloom (Echo)
	Eff: -32314264,421260536
-----------
Stasis
-----------
Tail Swipe
-----------
Temporal Anomaly
-----------
Time Spiral
-----------
Unravel
-----------
Verdant Embrace
	Eff: -28010691,995956935
-----------
Zephyr
-----------
Leech
	Eff: -19622994,906636227
-----------
Blessing of Summer
-----------
Holy Bulwark
-----------
ZeroCIMDummy
-----------
Hover
-----------
Stasis (Store)
-----------
Tip the Scales
-----------
Thread of Fate
-----------
Voidglass Shards
-----------
Bombardments
-----------
Ethereal Reconstitution
	Eff: 14092589,668761775
-----------
Cycle of Life
-----------
Ethereal Guard
	Eff: 35460078,80374368
-----------
Glide
-----------
Voidglass Barrier
	Eff: 13330697,887331987
-----------
Stasis (Release)
-----------
Emerald Communion
-----------
Obsidian Scales
-----------
Spirit Link
-----------
Take Off
-----------
Whirling Surge
-----------
Surge Forward
-----------
Wing Buffet
-----------
Rescue
-----------
Twin Guardian
-----------
Skyward Ascent
-----------
Second Wind
-----------
Invigorating Healing Potion
	Eff: 2269257,469987031
-----------
Tempered Potion
-----------
Melee
	Dmg: 38623,48675648097
-----------
Healthstone
-----------
Time Dilation
