-----------
EssenceRegenDummy
-----------
Azure Strike
-----------
Blessing of the Bronze
-----------
Cauterizing Flame
-----------
Chrono Flames
-----------
Chrono Flame
	Eff: -7843167,611511316
	Dmg: 4438585,698716425
-----------
Consume Flame
-----------
Deep Breath
-----------
Disintegrate
-----------
Dream Breath
	Eff: -25348480,94782447
-----------
Dream Breath (Echo)
-----------
Dream Flight
	Eff: -24212547,033550132
-----------
Echo
	Eff: -645014,8923727048
-----------
Emerald Blossom
	Eff: -80799437,7709353
-----------
Engulf
-----------
Enkindle
-----------
Expunge
-----------
Fire Breath
	Dmg: 2653101,906805779
-----------
Fluttering Seedlings
	Eff: -17543744,62778125
-----------
Golden Hour
	Eff: 2287322,6768058324
-----------
Landslide
-----------
Lifebind
	Eff: -2785080,4460223443
-----------
Life-Giver's Flame
-----------
Living Flame
	Eff: -21593499,143904604
	Dmg: 21297343,00346877
-----------
Naturalize
-----------
Oppressing Roar
-----------
Panacea
	Eff: -10118945,372749355
-----------
Rewind
-----------
Renewing Blaze
-----------
Reversion
	Eff: -10526611,16981306
-----------
Reversion (Echo)
-----------
Sleep Walk
-----------
Source of Magic
-----------
Spatial Paradox
-----------
Spiritbloom
	Eff: -12371100,303350406
-----------
Spiritbloom (Echo)
	Eff: -32426992,53736826
-----------
Stasis
-----------
Tail Swipe
-----------
Temporal Anomaly
-----------
Time Spiral
-----------
Unravel
-----------
Verdant Embrace
	Eff: -57783881,430907905
-----------
Zephyr
-----------
Leech
	Eff: -23669834,772573367
-----------
Blessing of Summer
-----------
Holy Bulwark
-----------
ZeroCIMDummy
-----------
Hover
-----------
Stasis (Store)
-----------
Tip the Scales
-----------
Thread of Fate
-----------
Voidglass Shards
-----------
Bombardments
-----------
Ethereal Reconstitution
	Eff: 11777085,118342215
-----------
Cycle of Life
-----------
Ethereal Guard
	Eff: 23452929,449543793
-----------
Glide
-----------
Voidglass Barrier
	Eff: 16123843,010472685
-----------
Stasis (Release)
-----------
Emerald Communion
-----------
Obsidian Scales
-----------
Spirit Link
-----------
Take Off
-----------
Whirling Surge
-----------
Surge Forward
-----------
Wing Buffet
-----------
Rescue
-----------
Twin Guardian
-----------
Skyward Ascent
-----------
Second Wind
-----------
Invigorating Healing Potion
	Eff: 2744728,8585831337
-----------
Tempered Potion
-----------
Melee
	Dmg: 22066,364581763126
-----------
Healthstone
-----------
Time Dilation
