-----------
EssenceRegenDummy
-----------
Azure Strike
-----------
Blessing of the Bronze
-----------
Cauterizing Flame
-----------
Chrono Flames
-----------
Chrono Flame
	Eff: 4820508,480790758
	Dmg: 15114002,699503807
-----------
Consume Flame
-----------
Deep Breath
-----------
Disintegrate
-----------
Dream Breath
	Eff: -10372773,92202027
-----------
Dream Breath (Echo)
-----------
Dream Flight
	Eff: -12526484,723506397
-----------
Echo
	Eff: -120234,82631763606
-----------
Emerald Blossom
	Eff: -22513890,054412477
-----------
Engulf
-----------
Enkindle
-----------
Expunge
-----------
Fire Breath
	Dmg: 5408221,951185817
-----------
Fluttering Seedlings
	Eff: -6699359,379985097
-----------
Golden Hour
	Eff: 2287322,6768058324
-----------
Landslide
-----------
Lifebind
	Eff: -160441,6605056925
-----------
Life-Giver's Flame
-----------
Living Flame
	Eff: 1808272,121168974
	Dmg: 37276551,99020012
-----------
Naturalize
-----------
Oppressing Roar
-----------
Panacea
	Eff: -6075390,085806849
-----------
Rewind
-----------
Renewing Blaze
-----------
Reversion
	Eff: 3600695,183747395
-----------
Reversion (Echo)
-----------
Sleep Walk
-----------
Source of Magic
-----------
Spatial Paradox
-----------
Spiritbloom
	Eff: -12056877,93121051
-----------
Spiritbloom (Echo)
	Eff: -26846675,945370995
-----------
Stasis
-----------
Tail Swipe
-----------
Temporal Anomaly
-----------
Time Spiral
-----------
Unravel
-----------
Verdant Embrace
	Eff: -3215001,290243271
-----------
Zephyr
-----------
Leech
	Eff: -16611165,377233125
-----------
Blessing of Summer
-----------
Holy Bulwark
-----------
ZeroCIMDummy
-----------
Hover
-----------
Stasis (Store)
-----------
Tip the Scales
-----------
Thread of Fate
-----------
Voidglass Shards
-----------
Bombardments
-----------
Ethereal Reconstitution
	Eff: 12207698,890068108
-----------
Cycle of Life
-----------
Ethereal Guard
	Eff: 37227895,423306584
-----------
Glide
-----------
Voidglass Barrier
	Eff: 7070372,837816762
-----------
Stasis (Release)
-----------
Emerald Communion
-----------
Obsidian Scales
-----------
Spirit Link
-----------
Take Off
-----------
Whirling Surge
-----------
Surge Forward
-----------
Wing Buffet
-----------
Rescue
-----------
Twin Guardian
-----------
Skyward Ascent
-----------
Second Wind
-----------
Invigorating Healing Potion
	Eff: 1203575,1251294948
-----------
Tempered Potion
-----------
Melee
	Dmg: 41302,125050824034
-----------
Healthstone
-----------
Time Dilation
