-----------
EssenceRegenDummy
-----------
Azure Strike
-----------
Blessing of the Bronze
-----------
Cauterizing Flame
-----------
Chrono Flames
-----------
Chrono Flame
	Eff: -3667155,104429895
	Dmg: 7215606,18631711
-----------
Consume Flame
-----------
Deep Breath
-----------
Disintegrate
-----------
Dream Breath
	Eff: -17158221,47980903
-----------
Dream Breath (Echo)
-----------
Dream Flight
	Eff: -17344813,62861888
-----------
Echo
	Eff: -436321,015354102
-----------
Emerald Blossom
	Eff: -50712595,62451472
-----------
Engulf
-----------
Enkindle
-----------
Expunge
-----------
Fire Breath
	Dmg: 3329837,7493932196
-----------
Fluttering Seedlings
	Eff: -11831397,57280407
-----------
Golden Hour
	Eff: 2287322,6768058324
-----------
Landslide
-----------
Lifebind
	Eff: -1424061,9739505118
-----------
Life-Giver's Flame
-----------
Living Flame
	Eff: -9561015,427541135
	Dmg: 25189457,791693263
-----------
Naturalize
-----------
Oppressing Roar
-----------
Panacea
	Eff: -7343390,515087297
-----------
Rewind
-----------
Renewing Blaze
-----------
Reversion
	Eff: -6028992,173882306
-----------
Reversion (Echo)
-----------
Sleep Walk
-----------
Source of Magic
-----------
Spatial Paradox
-----------
Spiritbloom
	Eff: -10386098,684122693
-----------
Spiritbloom (Echo)
	Eff: -23704678,211453132
-----------
Stasis
-----------
Tail Swipe
-----------
Temporal Anomaly
-----------
Time Spiral
-----------
Unravel
-----------
Verdant Embrace
	Eff: -39405991,43314186
-----------
Zephyr
-----------
Leech
	Eff: -20736471,230327364
-----------
Blessing of Summer
-----------
Holy Bulwark
-----------
ZeroCIMDummy
-----------
Hover
-----------
Stasis (Store)
-----------
Tip the Scales
-----------
Thread of Fate
-----------
Voidglass Shards
-----------
Bombardments
-----------
Ethereal Reconstitution
	Eff: 11656283,018445084
-----------
Cycle of Life
-----------
Ethereal Guard
	Eff: 25563640,312036
-----------
Glide
-----------
Voidglass Barrier
	Eff: 13331255,15248195
-----------
Stasis (Release)
-----------
Emerald Communion
-----------
Obsidian Scales
-----------
Spirit Link
-----------
Take Off
-----------
Whirling Surge
-----------
Surge Forward
-----------
Wing Buffet
-----------
Rescue
-----------
Twin Guardian
-----------
Skyward Ascent
-----------
Second Wind
-----------
Invigorating Healing Potion
	Eff: 2269352,3320951536
-----------
Tempered Potion
-----------
Melee
	Dmg: 26735,19883626869
-----------
Healthstone
-----------
Time Dilation
