-----------
EssenceRegenDummy
-----------
Azure Strike
-----------
Blessing of the Bronze
-----------
Cauterizing Flame
-----------
Chrono Flames
-----------
Chrono Flame
	Eff: 1465063,356584583
	Dmg: 1480227,913305395
-----------
Consume Flame
-----------
Deep Breath
-----------
Disintegrate
-----------
Dream Breath
	Eff: -2062919,7677824956
-----------
Dream Breath (Echo)
-----------
Dream Flight
	Eff: -4519280,668500943
-----------
Echo
	Eff: 12146,592297237366
-----------
Emerald Blossom
	Eff: 1544274,767045399
-----------
Engulf
-----------
Enkindle
-----------
Expunge
-----------
Fire Breath
	Dmg: 25448,04026081846
-----------
Fluttering Seedlings
	Eff: 305520,95197162405
-----------
Golden Hour
	Eff: 2287322,6768058324
-----------
Landslide
-----------
Lifebind
	Eff: 1615599,1267510853
-----------
Life-Giver's Flame
-----------
Living Flame
	Eff: 9325860,054301925
	Dmg: 3776148,9609039347
-----------
Naturalize
-----------
Oppressing Roar
-----------
Panacea
	Eff: -360392,2193016297
-----------
Rewind
-----------
Renewing Blaze
-----------
Reversion
	Eff: 2360755,7000282896
-----------
Reversion (Echo)
-----------
Sleep Walk
-----------
Source of Magic
-----------
Spatial Paradox
-----------
Spiritbloom
	Eff: -4411861,143829835
-----------
Spiritbloom (Echo)
	Eff: 473066,51890449785
-----------
Stasis
-----------
Tail Swipe
-----------
Temporal Anomaly
-----------
Time Spiral
-----------
Unravel
-----------
Verdant Embrace
	Eff: -6466742,270515271
-----------
Zephyr
-----------
Leech
	Eff: -17529763,005270097
-----------
Blessing of Summer
-----------
Holy Bulwark
-----------
ZeroCIMDummy
-----------
Hover
-----------
Stasis (Store)
-----------
Tip the Scales
-----------
Thread of Fate
-----------
Voidglass Shards
-----------
Bombardments
-----------
Ethereal Reconstitution
	Eff: -21325,66912232816
-----------
Cycle of Life
-----------
Ethereal Guard
	Eff: 263396,03504823253
-----------
Glide
-----------
Voidglass Barrier
	Eff: -2806842,353540906
-----------
Stasis (Release)
-----------
Emerald Communion
-----------
Obsidian Scales
-----------
Spirit Link
-----------
Take Off
-----------
Whirling Surge
-----------
Surge Forward
-----------
Wing Buffet
-----------
Rescue
-----------
Twin Guardian
-----------
Skyward Ascent
-----------
Second Wind
-----------
Invigorating Healing Potion
	Eff: -477803,04014701955
-----------
Tempered Potion
-----------
Melee
	Dmg: 167,81651593742572
-----------
Healthstone
-----------
Time Dilation
