-----------
EssenceRegenDummy
-----------
Azure Strike
-----------
Blessing of the Bronze
-----------
Cauterizing Flame
-----------
Chrono Flames
-----------
Chrono Flame
	Eff: 1575603,8187730007
	Dmg: 8530655,175345875
-----------
Consume Flame
-----------
Deep Breath
-----------
Disintegrate
-----------
Dream Breath
	Eff: -7998492,885895021
-----------
Dream Breath (Echo)
-----------
Dream Flight
	Eff: -12284400,85353848
-----------
Echo
	Eff: -163872,81458658562
-----------
Emerald Blossom
	Eff: -8928877,425252946
-----------
Engulf
-----------
Enkindle
-----------
Expunge
-----------
Fire Breath
	Dmg: 2677585,3311036113
-----------
Fluttering Seedlings
	Eff: -3280503,732906464
-----------
Golden Hour
	Eff: 5179658,526619146
-----------
Landslide
-----------
Lifebind
	Eff: 2535567,056971521
-----------
Life-Giver's Flame
-----------
Living Flame
	Eff: 16319716,358718863
	Dmg: 25400539,312958263
-----------
Naturalize
-----------
Oppressing Roar
-----------
Panacea
	Eff: -3113659,8362038294
-----------
Rewind
-----------
Renewing Blaze
-----------
Reversion
	Eff: 1591138,1154717098
-----------
Reversion (Echo)
-----------
Sleep Walk
-----------
Source of Magic
-----------
Spatial Paradox
-----------
Spiritbloom
	Eff: -10917729,392124495
-----------
Spiritbloom (Echo)
	Eff: -5720600,438256521
-----------
Stasis
-----------
Tail Swipe
-----------
Temporal Anomaly
-----------
Time Spiral
-----------
Unravel
-----------
Verdant Embrace
	Eff: -27250656,203585148
-----------
Zephyr
-----------
Leech
	Eff: -17391516,812221043
-----------
Blessing of Summer
-----------
Holy Bulwark
-----------
ZeroCIMDummy
-----------
Hover
-----------
Stasis (Store)
-----------
Tip the Scales
-----------
Thread of Fate
-----------
Voidglass Shards
-----------
Bombardments
-----------
Ethereal Reconstitution
	Eff: 8215813,821222117
-----------
Cycle of Life
-----------
Ethereal Guard
	Eff: 18882020,75624659
-----------
Glide
-----------
Voidglass Barrier
	Eff: 3778174,16853086
-----------
Stasis (Release)
-----------
Emerald Communion
-----------
Obsidian Scales
-----------
Spirit Link
-----------
Take Off
-----------
Whirling Surge
-----------
Surge Forward
-----------
Wing Buffet
-----------
Rescue
-----------
Twin Guardian
-----------
Skyward Ascent
-----------
Second Wind
-----------
Invigorating Healing Potion
	Eff: 643150,8708181083
-----------
Tempered Potion
-----------
Melee
	Dmg: 21146,27226413776
-----------
Healthstone
-----------
Time Dilation
