-----------
EssenceRegenDummy
-----------
Azure Strike
-----------
Blessing of the Bronze
-----------
Cauterizing Flame
-----------
Chrono Flames
-----------
Chrono Flame
	Eff: 6136178,4821774755
	Dmg: 10048866,619994884
-----------
Consume Flame
-----------
Deep Breath
-----------
Disintegrate
-----------
Dream Breath
	Eff: -5033737,144050664
-----------
Dream Breath (Echo)
-----------
Dream Flight
	Eff: -10749952,049481075
-----------
Echo
	Eff: 48951,26419375581
-----------
Emerald Blossom
	Eff: 3557617,979030728
-----------
Engulf
-----------
Enkindle
-----------
Expunge
-----------
Fire Breath
	Dmg: 2561640,6563439434
-----------
Fluttering Seedlings
	Eff: -317144,07736272016
-----------
Golden Hour
	Eff: 5180164,41789438
-----------
Landslide
-----------
Lifebind
	Eff: 3390493,5994473463
-----------
Life-Giver's Flame
-----------
Living Flame
	Eff: 21017768,87406165
	Dmg: 24044455,811614677
-----------
Naturalize
-----------
Oppressing Roar
-----------
Panacea
	Eff: -2207273,3306949683
-----------
Rewind
-----------
Renewing Blaze
-----------
Reversion
	Eff: 7987886,230613426
-----------
Reversion (Echo)
-----------
Sleep Walk
-----------
Source of Magic
-----------
Spatial Paradox
-----------
Spiritbloom
	Eff: -11853168,512982806
-----------
Spiritbloom (Echo)
	Eff: -7658967,3646835415
-----------
Stasis
-----------
Tail Swipe
-----------
Temporal Anomaly
-----------
Time Spiral
-----------
Unravel
-----------
Verdant Embrace
	Eff: -6403008,401489307
-----------
Zephyr
-----------
Leech
	Eff: -15754136,544552537
-----------
Blessing of Summer
-----------
Holy Bulwark
-----------
ZeroCIMDummy
-----------
Hover
-----------
Stasis (Store)
-----------
Tip the Scales
-----------
Thread of Fate
-----------
Voidglass Shards
-----------
Bombardments
-----------
Ethereal Reconstitution
	Eff: 5130987,934843924
-----------
Cycle of Life
-----------
Ethereal Guard
	Eff: 18596830,53405526
-----------
Glide
-----------
Voidglass Barrier
	Eff: -2806842,353540906
-----------
Stasis (Release)
-----------
Emerald Communion
-----------
Obsidian Scales
-----------
Spirit Link
-----------
Take Off
-----------
Whirling Surge
-----------
Surge Forward
-----------
Wing Buffet
-----------
Rescue
-----------
Twin Guardian
-----------
Skyward Ascent
-----------
Second Wind
-----------
Invigorating Healing Potion
	Eff: -477803,04014701955
-----------
Tempered Potion
-----------
Melee
	Dmg: 19347,1583275582
-----------
Healthstone
-----------
Time Dilation
