----------------------
00:00,654

Intellect
	 Rating: 139425
	 Multiplicative Factor: 8,15%
	 Eff: 139425,00000000003
Stamina
	 Rating: 868193
	 Multiplicative Factor: 11,3%
	 Eff: 868193
Crit
	 Rating: 6358
	 Multiplicative Factor: 0%
	 Eff: 9857,661660475427
	 DR Bracket: 0
	 Base: 5%
	 Effective Percent: 14,08%
	 Crit Inc Heal: 2
	 Crit Inc Damage: 2
Haste
	 Rating: 21506
	 Multiplicative Factor: 0%
	 Eff: 21335,611367893525
	 DR Bracket: 1
	 Base: 0%
	 Effective Percent: 32,33%
Vers
	 Rating: 7365
	 Multiplicative Factor: 0%
	 Eff: 9704,865067102985
	 DR Bracket: 0
	 Base: 3%
	 Effective Percent: 12,44%
Leech
	 Rating: 3060
	 Multiplicative Factor: 0%
	 Eff: 5099,661782987872
	 DR Bracket: 0
	 Base: 2%
	 Effective Percent: 5%
Avoidance
	 Rating: -0
	 Multiplicative Factor: 0%
	 Eff: -0,3180309960171144
	 DR Bracket: 0
	 Base: 0%
	 Effective Percent: -0%
Mastery
	 Rating: 28763
	 Multiplicative Factor: 0%
	 Eff: 35610,62222665355
	 DR Bracket: 2
	 Base: 19,8%
	 Effective Percent: 91,57%
----------------------
00:05,654

Intellect
	 Rating: 139425
	 Multiplicative Factor: 8,15%
	 Eff: 139425,00000000003
Stamina
	 Rating: 868193
	 Multiplicative Factor: 11,3%
	 Eff: 868193
Crit
	 Rating: 6358
	 Multiplicative Factor: 0%
	 Eff: 9857,661660475427
	 DR Bracket: 0
	 Base: 5%
	 Effective Percent: 14,08%
	 Crit Inc Heal: 2
	 Crit Inc Damage: 2
Haste
	 Rating: 21506
	 Multiplicative Factor: 0%
	 Eff: 21335,611367893525
	 DR Bracket: 1
	 Base: 0%
	 Effective Percent: 32,33%
Vers
	 Rating: 7365
	 Multiplicative Factor: 0%
	 Eff: 9704,865067102985
	 DR Bracket: 0
	 Base: 3%
	 Effective Percent: 12,44%
Leech
	 Rating: 3060
	 Multiplicative Factor: 0%
	 Eff: 5099,661782987872
	 DR Bracket: 0
	 Base: 2%
	 Effective Percent: 5%
Avoidance
	 Rating: -0
	 Multiplicative Factor: 0%
	 Eff: -0,3180309960171144
	 DR Bracket: 0
	 Base: 0%
	 Effective Percent: -0%
Mastery
	 Rating: 28763
	 Multiplicative Factor: 0%
	 Eff: 35610,62222665355
	 DR Bracket: 2
	 Base: 19,8%
	 Effective Percent: 91,57%
----------------------
00:10,667

Intellect
	 Rating: 146396
	 Multiplicative Factor: 13,56%
	 Eff: 146396,25000000006
Stamina
	 Rating: 868193
	 Multiplicative Factor: 11,3%
	 Eff: 868193
Crit
	 Rating: 6358
	 Multiplicative Factor: 0%
	 Eff: 9857,661660475427
	 DR Bracket: 0
	 Base: 5%
	 Effective Percent: 14,08%
	 Crit Inc Heal: 2
	 Crit Inc Damage: 2
Haste
	 Rating: 21506
	 Multiplicative Factor: 0%
	 Eff: 50156,36311929839
	 DR Bracket: 1
	 Base: 33%
	 Effective Percent: 75,99%
Vers
	 Rating: 7365
	 Multiplicative Factor: 0%
	 Eff: 9704,865067102985
	 DR Bracket: 0
	 Base: 3%
	 Effective Percent: 12,44%
Leech
	 Rating: 3060
	 Multiplicative Factor: 0%
	 Eff: 5099,661782987872
	 DR Bracket: 0
	 Base: 2%
	 Effective Percent: 5%
Avoidance
	 Rating: -0
	 Multiplicative Factor: 0%
	 Eff: -0,3180309960171144
	 DR Bracket: 0
	 Base: 0%
	 Effective Percent: -0%
Mastery
	 Rating: 28763
	 Multiplicative Factor: 0%
	 Eff: 35610,62222665355
	 DR Bracket: 2
	 Base: 19,8%
	 Effective Percent: 91,57%
----------------------
00:15,671

Intellect
	 Rating: 146396
	 Multiplicative Factor: 13,56%
	 Eff: 146396,25000000006
Stamina
	 Rating: 868193
	 Multiplicative Factor: 11,3%
	 Eff: 868193
Crit
	 Rating: 6358
	 Multiplicative Factor: 0%
	 Eff: 9857,661660475427
	 DR Bracket: 0
	 Base: 5%
	 Effective Percent: 14,08%
	 Crit Inc Heal: 2
	 Crit Inc Damage: 2
Haste
	 Rating: 21506
	 Multiplicative Factor: 0%
	 Eff: 40549,445868830095
	 DR Bracket: 1
	 Base: 22%
	 Effective Percent: 61,44%
Vers
	 Rating: 7365
	 Multiplicative Factor: 0%
	 Eff: 9704,865067102985
	 DR Bracket: 0
	 Base: 3%
	 Effective Percent: 12,44%
Leech
	 Rating: 3060
	 Multiplicative Factor: 0%
	 Eff: 5099,661782987872
	 DR Bracket: 0
	 Base: 2%
	 Effective Percent: 5%
Avoidance
	 Rating: -0
	 Multiplicative Factor: 0%
	 Eff: -0,3180309960171144
	 DR Bracket: 0
	 Base: 0%
	 Effective Percent: -0%
Mastery
	 Rating: 28763
	 Multiplicative Factor: 0%
	 Eff: 35610,62222665355
	 DR Bracket: 2
	 Base: 19,8%
	 Effective Percent: 91,57%
----------------------
00:20,677

Intellect
	 Rating: 146396
	 Multiplicative Factor: 13,56%
	 Eff: 146396,25000000006
Stamina
	 Rating: 868193
	 Multiplicative Factor: 11,3%
	 Eff: 868193
Crit
	 Rating: 6358
	 Multiplicative Factor: 0%
	 Eff: 9857,661660475427
	 DR Bracket: 0
	 Base: 5%
	 Effective Percent: 14,08%
	 Crit Inc Heal: 2
	 Crit Inc Damage: 2
Haste
	 Rating: 21506
	 Multiplicative Factor: 0%
	 Eff: 36182,66530043542
	 DR Bracket: 1
	 Base: 17%
	 Effective Percent: 54,82%
Vers
	 Rating: 7365
	 Multiplicative Factor: 0%
	 Eff: 9704,865067102985
	 DR Bracket: 0
	 Base: 3%
	 Effective Percent: 12,44%
Leech
	 Rating: 3060
	 Multiplicative Factor: 0%
	 Eff: 5099,661782987872
	 DR Bracket: 0
	 Base: 2%
	 Effective Percent: 5%
Avoidance
	 Rating: -0
	 Multiplicative Factor: 0%
	 Eff: -0,3180309960171144
	 DR Bracket: 0
	 Base: 0%
	 Effective Percent: -0%
Mastery
	 Rating: 28763
	 Multiplicative Factor: 0%
	 Eff: 35610,62222665355
	 DR Bracket: 2
	 Base: 19,8%
	 Effective Percent: 91,57%
----------------------
00:25,686

Intellect
	 Rating: 146396
	 Multiplicative Factor: 13,56%
	 Eff: 146396,25000000006
Stamina
	 Rating: 868193
	 Multiplicative Factor: 11,3%
	 Eff: 868193
Crit
	 Rating: 6358
	 Multiplicative Factor: 0%
	 Eff: 9857,661660475427
	 DR Bracket: 0
	 Base: 5%
	 Effective Percent: 14,08%
	 Crit Inc Heal: 2
	 Crit Inc Damage: 2
Haste
	 Rating: 21506
	 Multiplicative Factor: 0%
	 Eff: 31815,884732040748
	 DR Bracket: 1
	 Base: 12%
	 Effective Percent: 48,21%
Vers
	 Rating: 7365
	 Multiplicative Factor: 0%
	 Eff: 9704,865067102985
	 DR Bracket: 0
	 Base: 3%
	 Effective Percent: 12,44%
Leech
	 Rating: 3060
	 Multiplicative Factor: 0%
	 Eff: 5099,661782987872
	 DR Bracket: 0
	 Base: 2%
	 Effective Percent: 5%
Avoidance
	 Rating: -0
	 Multiplicative Factor: 0%
	 Eff: -0,3180309960171144
	 DR Bracket: 0
	 Base: 0%
	 Effective Percent: -0%
Mastery
	 Rating: 28763
	 Multiplicative Factor: 0%
	 Eff: 35610,62222665355
	 DR Bracket: 2
	 Base: 19,8%
	 Effective Percent: 91,57%
----------------------
00:30,759

Intellect
	 Rating: 146396
	 Multiplicative Factor: 13,56%
	 Eff: 146396,25000000006
Stamina
	 Rating: 868193
	 Multiplicative Factor: 11,3%
	 Eff: 868193
Crit
	 Rating: 6358
	 Multiplicative Factor: 0%
	 Eff: 9857,661660475427
	 DR Bracket: 0
	 Base: 5%
	 Effective Percent: 14,08%
	 Crit Inc Heal: 2
	 Crit Inc Damage: 2
Haste
	 Rating: 21506
	 Multiplicative Factor: 0%
	 Eff: 27449,104163646072
	 DR Bracket: 1
	 Base: 7%
	 Effective Percent: 41,59%
Vers
	 Rating: 7365
	 Multiplicative Factor: 0%
	 Eff: 9704,865067102985
	 DR Bracket: 0
	 Base: 3%
	 Effective Percent: 12,44%
Leech
	 Rating: 3060
	 Multiplicative Factor: 0%
	 Eff: 5099,661782987872
	 DR Bracket: 0
	 Base: 2%
	 Effective Percent: 5%
Avoidance
	 Rating: -0
	 Multiplicative Factor: 0%
	 Eff: -0,3180309960171144
	 DR Bracket: 0
	 Base: 0%
	 Effective Percent: -0%
Mastery
	 Rating: 28763
	 Multiplicative Factor: 0%
	 Eff: 35610,62222665355
	 DR Bracket: 2
	 Base: 19,8%
	 Effective Percent: 91,57%
----------------------
00:36,258

Intellect
	 Rating: 139425
	 Multiplicative Factor: 8,15%
	 Eff: 139425,00000000006
Stamina
	 Rating: 868193
	 Multiplicative Factor: 11,3%
	 Eff: 868193
Crit
	 Rating: 6358
	 Multiplicative Factor: 0%
	 Eff: 9857,661660475427
	 DR Bracket: 0
	 Base: 5%
	 Effective Percent: 14,08%
	 Crit Inc Heal: 2
	 Crit Inc Damage: 2
Haste
	 Rating: 21506
	 Multiplicative Factor: 0%
	 Eff: 30069,17250468288
	 DR Bracket: 1
	 Base: 10%
	 Effective Percent: 45,56%
Vers
	 Rating: 7365
	 Multiplicative Factor: 0%
	 Eff: 9704,865067102985
	 DR Bracket: 0
	 Base: 3%
	 Effective Percent: 12,44%
Leech
	 Rating: 3060
	 Multiplicative Factor: 0%
	 Eff: 5099,661782987872
	 DR Bracket: 0
	 Base: 2%
	 Effective Percent: 5%
Avoidance
	 Rating: -0
	 Multiplicative Factor: 0%
	 Eff: -0,3180309960171144
	 DR Bracket: 0
	 Base: 0%
	 Effective Percent: -0%
Mastery
	 Rating: 28763
	 Multiplicative Factor: 0%
	 Eff: 35610,62222665355
	 DR Bracket: 2
	 Base: 19,8%
	 Effective Percent: 91,57%
----------------------
00:41,266

Intellect
	 Rating: 139425
	 Multiplicative Factor: 8,15%
	 Eff: 139425,00000000006
Stamina
	 Rating: 868193
	 Multiplicative Factor: 11,3%
	 Eff: 868193
Crit
	 Rating: 6358
	 Multiplicative Factor: 0%
	 Eff: 9857,661660475427
	 DR Bracket: 0
	 Base: 5%
	 Effective Percent: 14,08%
	 Crit Inc Heal: 2
	 Crit Inc Damage: 2
Haste
	 Rating: 21506
	 Multiplicative Factor: 0%
	 Eff: 29195,816391003944
	 DR Bracket: 1
	 Base: 9%
	 Effective Percent: 44,24%
Vers
	 Rating: 7365
	 Multiplicative Factor: 0%
	 Eff: 9704,865067102985
	 DR Bracket: 0
	 Base: 3%
	 Effective Percent: 12,44%
Leech
	 Rating: 3060
	 Multiplicative Factor: 0%
	 Eff: 5099,661782987872
	 DR Bracket: 0
	 Base: 2%
	 Effective Percent: 5%
Avoidance
	 Rating: -0
	 Multiplicative Factor: 0%
	 Eff: -0,3180309960171144
	 DR Bracket: 0
	 Base: 0%
	 Effective Percent: -0%
Mastery
	 Rating: 28763
	 Multiplicative Factor: 0%
	 Eff: 35610,62222665355
	 DR Bracket: 2
	 Base: 19,8%
	 Effective Percent: 91,57%
----------------------
00:46,327

Intellect
	 Rating: 139425
	 Multiplicative Factor: 8,15%
	 Eff: 139425,00000000006
Stamina
	 Rating: 868193
	 Multiplicative Factor: 11,3%
	 Eff: 868193
Crit
	 Rating: 6358
	 Multiplicative Factor: 0%
	 Eff: 9857,661660475427
	 DR Bracket: 0
	 Base: 5%
	 Effective Percent: 14,08%
	 Crit Inc Heal: 2
	 Crit Inc Damage: 2
Haste
	 Rating: 21506
	 Multiplicative Factor: 0%
	 Eff: 29195,816391003944
	 DR Bracket: 1
	 Base: 9%
	 Effective Percent: 44,24%
Vers
	 Rating: 7365
	 Multiplicative Factor: 0%
	 Eff: 9704,865067102985
	 DR Bracket: 0
	 Base: 3%
	 Effective Percent: 12,44%
Leech
	 Rating: 3060
	 Multiplicative Factor: 0%
	 Eff: 5099,661782987872
	 DR Bracket: 0
	 Base: 2%
	 Effective Percent: 5%
Avoidance
	 Rating: -0
	 Multiplicative Factor: 0%
	 Eff: -0,3180309960171144
	 DR Bracket: 0
	 Base: 0%
	 Effective Percent: -0%
Mastery
	 Rating: 28763
	 Multiplicative Factor: 0%
	 Eff: 35610,62222665355
	 DR Bracket: 2
	 Base: 19,8%
	 Effective Percent: 91,57%
----------------------
00:51,376

Intellect
	 Rating: 139425
	 Multiplicative Factor: 8,15%
	 Eff: 139425,00000000006
Stamina
	 Rating: 868193
	 Multiplicative Factor: 11,3%
	 Eff: 868193
Crit
	 Rating: 6358
	 Multiplicative Factor: 0%
	 Eff: 9857,661660475427
	 DR Bracket: 0
	 Base: 5%
	 Effective Percent: 14,08%
	 Crit Inc Heal: 2
	 Crit Inc Damage: 2
Haste
	 Rating: 21506
	 Multiplicative Factor: 0%
	 Eff: 26575,748049967136
	 DR Bracket: 1
	 Base: 6%
	 Effective Percent: 40,27%
Vers
	 Rating: 7365
	 Multiplicative Factor: 0%
	 Eff: 9704,865067102985
	 DR Bracket: 0
	 Base: 3%
	 Effective Percent: 12,44%
Leech
	 Rating: 3060
	 Multiplicative Factor: 0%
	 Eff: 5099,661782987872
	 DR Bracket: 0
	 Base: 2%
	 Effective Percent: 5%
Avoidance
	 Rating: -0
	 Multiplicative Factor: 0%
	 Eff: -0,3180309960171144
	 DR Bracket: 0
	 Base: 0%
	 Effective Percent: -0%
Mastery
	 Rating: 28763
	 Multiplicative Factor: 0%
	 Eff: 35610,62222665355
	 DR Bracket: 2
	 Base: 19,8%
	 Effective Percent: 91,57%
----------------------
00:56,680

Intellect
	 Rating: 139425
	 Multiplicative Factor: 8,15%
	 Eff: 139425,00000000006
Stamina
	 Rating: 868193
	 Multiplicative Factor: 11,3%
	 Eff: 868193
Crit
	 Rating: 6358
	 Multiplicative Factor: 0%
	 Eff: 9857,661660475427
	 DR Bracket: 0
	 Base: 5%
	 Effective Percent: 14,08%
	 Crit Inc Heal: 2
	 Crit Inc Damage: 2
Haste
	 Rating: 21506
	 Multiplicative Factor: 0%
	 Eff: 26575,748049967136
	 DR Bracket: 1
	 Base: 6%
	 Effective Percent: 40,27%
Vers
	 Rating: 7365
	 Multiplicative Factor: 0%
	 Eff: 9704,865067102985
	 DR Bracket: 0
	 Base: 3%
	 Effective Percent: 12,44%
Leech
	 Rating: 3060
	 Multiplicative Factor: 0%
	 Eff: 5099,661782987872
	 DR Bracket: 0
	 Base: 2%
	 Effective Percent: 5%
Avoidance
	 Rating: -0
	 Multiplicative Factor: 0%
	 Eff: -0,3180309960171144
	 DR Bracket: 0
	 Base: 0%
	 Effective Percent: -0%
Mastery
	 Rating: 28763
	 Multiplicative Factor: 0%
	 Eff: 35610,62222665355
	 DR Bracket: 2
	 Base: 19,8%
	 Effective Percent: 91,57%
----------------------
01:01,701

Intellect
	 Rating: 139425
	 Multiplicative Factor: 8,15%
	 Eff: 139425,00000000006
Stamina
	 Rating: 868193
	 Multiplicative Factor: 11,3%
	 Eff: 868193
Crit
	 Rating: 6358
	 Multiplicative Factor: 0%
	 Eff: 9857,661660475427
	 DR Bracket: 0
	 Base: 5%
	 Effective Percent: 14,08%
	 Crit Inc Heal: 2
	 Crit Inc Damage: 2
Haste
	 Rating: 21506
	 Multiplicative Factor: 0%
	 Eff: 21335,611367893525
	 DR Bracket: 1
	 Base: 0%
	 Effective Percent: 32,33%
Vers
	 Rating: 7365
	 Multiplicative Factor: 0%
	 Eff: 9704,865067102985
	 DR Bracket: 0
	 Base: 3%
	 Effective Percent: 12,44%
Leech
	 Rating: 3060
	 Multiplicative Factor: 0%
	 Eff: 5099,661782987872
	 DR Bracket: 0
	 Base: 2%
	 Effective Percent: 5%
Avoidance
	 Rating: -0
	 Multiplicative Factor: 0%
	 Eff: -0,3180309960171144
	 DR Bracket: 0
	 Base: 0%
	 Effective Percent: -0%
Mastery
	 Rating: 28763
	 Multiplicative Factor: 0%
	 Eff: 35610,62222665355
	 DR Bracket: 2
	 Base: 19,8%
	 Effective Percent: 91,57%
----------------------
01:06,744

Intellect
	 Rating: 146396
	 Multiplicative Factor: 13,56%
	 Eff: 146396,2500000001
Stamina
	 Rating: 868193
	 Multiplicative Factor: 11,3%
	 Eff: 868193
Crit
	 Rating: 6358
	 Multiplicative Factor: 0%
	 Eff: 9857,661660475427
	 DR Bracket: 0
	 Base: 5%
	 Effective Percent: 14,08%
	 Crit Inc Heal: 2
	 Crit Inc Damage: 2
Haste
	 Rating: 21506
	 Multiplicative Factor: 0%
	 Eff: 21335,611367893525
	 DR Bracket: 1
	 Base: 0%
	 Effective Percent: 32,33%
Vers
	 Rating: 7365
	 Multiplicative Factor: 0%
	 Eff: 9704,865067102985
	 DR Bracket: 0
	 Base: 3%
	 Effective Percent: 12,44%
Leech
	 Rating: 3060
	 Multiplicative Factor: 0%
	 Eff: 5099,661782987872
	 DR Bracket: 0
	 Base: 2%
	 Effective Percent: 5%
Avoidance
	 Rating: -0
	 Multiplicative Factor: 0%
	 Eff: -0,3180309960171144
	 DR Bracket: 0
	 Base: 0%
	 Effective Percent: -0%
Mastery
	 Rating: 28763
	 Multiplicative Factor: 0%
	 Eff: 35610,62222665355
	 DR Bracket: 2
	 Base: 19,8%
	 Effective Percent: 91,57%
----------------------
01:11,801

Intellect
	 Rating: 146396
	 Multiplicative Factor: 13,56%
	 Eff: 146396,2500000001
Stamina
	 Rating: 868193
	 Multiplicative Factor: 11,3%
	 Eff: 868193
Crit
	 Rating: 6358
	 Multiplicative Factor: 0%
	 Eff: 9857,661660475427
	 DR Bracket: 0
	 Base: 5%
	 Effective Percent: 14,08%
	 Crit Inc Heal: 2,6
	 Crit Inc Damage: 2
Haste
	 Rating: 21506
	 Multiplicative Factor: 0%
	 Eff: 54523,14368769307
	 DR Bracket: 1
	 Base: 38%
	 Effective Percent: 82,61%
Vers
	 Rating: 7365
	 Multiplicative Factor: 0%
	 Eff: 9704,865067102985
	 DR Bracket: 0
	 Base: 3%
	 Effective Percent: 12,44%
Leech
	 Rating: 3060
	 Multiplicative Factor: 0%
	 Eff: 5099,661782987872
	 DR Bracket: 0
	 Base: 2%
	 Effective Percent: 5%
Avoidance
	 Rating: -0
	 Multiplicative Factor: 0%
	 Eff: -0,3180309960171144
	 DR Bracket: 0
	 Base: 0%
	 Effective Percent: -0%
Mastery
	 Rating: 28763
	 Multiplicative Factor: 0%
	 Eff: 35610,62222665355
	 DR Bracket: 2
	 Base: 19,8%
	 Effective Percent: 91,57%
----------------------
01:16,806

Intellect
	 Rating: 146396
	 Multiplicative Factor: 13,56%
	 Eff: 146396,2500000001
Stamina
	 Rating: 868193
	 Multiplicative Factor: 11,3%
	 Eff: 868193
Crit
	 Rating: 6358
	 Multiplicative Factor: 0%
	 Eff: 9857,661660475427
	 DR Bracket: 0
	 Base: 5%
	 Effective Percent: 14,08%
	 Crit Inc Heal: 2,6
	 Crit Inc Damage: 2
Haste
	 Rating: 21506
	 Multiplicative Factor: 0%
	 Eff: 50156,36311929839
	 DR Bracket: 1
	 Base: 33%
	 Effective Percent: 75,99%
Vers
	 Rating: 7365
	 Multiplicative Factor: 0%
	 Eff: 9704,865067102985
	 DR Bracket: 0
	 Base: 3%
	 Effective Percent: 12,44%
Leech
	 Rating: 3060
	 Multiplicative Factor: 0%
	 Eff: 5099,661782987872
	 DR Bracket: 0
	 Base: 2%
	 Effective Percent: 5%
Avoidance
	 Rating: -0
	 Multiplicative Factor: 0%
	 Eff: -0,3180309960171144
	 DR Bracket: 0
	 Base: 0%
	 Effective Percent: -0%
Mastery
	 Rating: 28763
	 Multiplicative Factor: 0%
	 Eff: 35610,62222665355
	 DR Bracket: 2
	 Base: 19,8%
	 Effective Percent: 91,57%
----------------------
01:21,811

Intellect
	 Rating: 146396
	 Multiplicative Factor: 13,56%
	 Eff: 146396,2500000001
Stamina
	 Rating: 868193
	 Multiplicative Factor: 11,3%
	 Eff: 868193
Crit
	 Rating: 6358
	 Multiplicative Factor: 0%
	 Eff: 9857,661660475427
	 DR Bracket: 0
	 Base: 5%
	 Effective Percent: 14,08%
	 Crit Inc Heal: 2,6
	 Crit Inc Damage: 2
Haste
	 Rating: 21506
	 Multiplicative Factor: 0%
	 Eff: 37929,377527793295
	 DR Bracket: 1
	 Base: 19%
	 Effective Percent: 57,47%
Vers
	 Rating: 7365
	 Multiplicative Factor: 0%
	 Eff: 9704,865067102985
	 DR Bracket: 0
	 Base: 3%
	 Effective Percent: 12,44%
Leech
	 Rating: 3060
	 Multiplicative Factor: 0%
	 Eff: 5099,661782987872
	 DR Bracket: 0
	 Base: 2%
	 Effective Percent: 5%
Avoidance
	 Rating: -0
	 Multiplicative Factor: 0%
	 Eff: -0,3180309960171144
	 DR Bracket: 0
	 Base: 0%
	 Effective Percent: -0%
Mastery
	 Rating: 28763
	 Multiplicative Factor: 0%
	 Eff: 35610,62222665355
	 DR Bracket: 2
	 Base: 19,8%
	 Effective Percent: 91,57%
----------------------
01:26,891

Intellect
	 Rating: 146396
	 Multiplicative Factor: 13,56%
	 Eff: 146396,2500000001
Stamina
	 Rating: 868193
	 Multiplicative Factor: 11,3%
	 Eff: 868193
Crit
	 Rating: 6358
	 Multiplicative Factor: 0%
	 Eff: 9857,661660475427
	 DR Bracket: 0
	 Base: 5%
	 Effective Percent: 14,08%
	 Crit Inc Heal: 2,6
	 Crit Inc Damage: 2
Haste
	 Rating: 21506
	 Multiplicative Factor: 0%
	 Eff: 33562,596959398616
	 DR Bracket: 1
	 Base: 14%
	 Effective Percent: 50,85%
Vers
	 Rating: 7365
	 Multiplicative Factor: 0%
	 Eff: 9704,865067102985
	 DR Bracket: 0
	 Base: 3%
	 Effective Percent: 12,44%
Leech
	 Rating: 3060
	 Multiplicative Factor: 0%
	 Eff: 5099,661782987872
	 DR Bracket: 0
	 Base: 2%
	 Effective Percent: 5%
Avoidance
	 Rating: -0
	 Multiplicative Factor: 0%
	 Eff: -0,3180309960171144
	 DR Bracket: 0
	 Base: 0%
	 Effective Percent: -0%
Mastery
	 Rating: 28763
	 Multiplicative Factor: 0%
	 Eff: 35610,62222665355
	 DR Bracket: 2
	 Base: 19,8%
	 Effective Percent: 91,57%
----------------------
01:32,156

Intellect
	 Rating: 146396
	 Multiplicative Factor: 13,56%
	 Eff: 146396,2500000001
Stamina
	 Rating: 868193
	 Multiplicative Factor: 11,3%
	 Eff: 868193
Crit
	 Rating: 12343
	 Multiplicative Factor: 0%
	 Eff: 15842,538343581033
	 DR Bracket: 0
	 Base: 5%
	 Effective Percent: 22,63%
	 Crit Inc Heal: 2,6
	 Crit Inc Damage: 2
Haste
	 Rating: 21506
	 Multiplicative Factor: 0%
	 Eff: 29195,816391003944
	 DR Bracket: 1
	 Base: 9%
	 Effective Percent: 44,24%
Vers
	 Rating: 7365
	 Multiplicative Factor: 0%
	 Eff: 9704,865067102985
	 DR Bracket: 0
	 Base: 3%
	 Effective Percent: 12,44%
Leech
	 Rating: 3060
	 Multiplicative Factor: 0%
	 Eff: 5099,661782987872
	 DR Bracket: 0
	 Base: 2%
	 Effective Percent: 5%
Avoidance
	 Rating: -0
	 Multiplicative Factor: 0%
	 Eff: -0,3180309960171144
	 DR Bracket: 0
	 Base: 0%
	 Effective Percent: -0%
Mastery
	 Rating: 28763
	 Multiplicative Factor: 0%
	 Eff: 35610,62222665355
	 DR Bracket: 2
	 Base: 19,8%
	 Effective Percent: 91,57%
----------------------
01:37,497

Intellect
	 Rating: 146396
	 Multiplicative Factor: 13,56%
	 Eff: 146396,2500000001
Stamina
	 Rating: 868193
	 Multiplicative Factor: 11,3%
	 Eff: 868193
Crit
	 Rating: 12343
	 Multiplicative Factor: 0%
	 Eff: 15842,538343581033
	 DR Bracket: 0
	 Base: 5%
	 Effective Percent: 22,63%
	 Crit Inc Heal: 2,6
	 Crit Inc Damage: 2
Haste
	 Rating: 21506
	 Multiplicative Factor: 0%
	 Eff: 30069,17250468288
	 DR Bracket: 1
	 Base: 10%
	 Effective Percent: 45,56%
Vers
	 Rating: 7365
	 Multiplicative Factor: 0%
	 Eff: 9704,865067102985
	 DR Bracket: 0
	 Base: 3%
	 Effective Percent: 12,44%
Leech
	 Rating: 3060
	 Multiplicative Factor: 0%
	 Eff: 5099,661782987872
	 DR Bracket: 0
	 Base: 2%
	 Effective Percent: 5%
Avoidance
	 Rating: -0
	 Multiplicative Factor: 0%
	 Eff: -0,3180309960171144
	 DR Bracket: 0
	 Base: 0%
	 Effective Percent: -0%
Mastery
	 Rating: 28763
	 Multiplicative Factor: 0%
	 Eff: 35610,62222665355
	 DR Bracket: 2
	 Base: 19,8%
	 Effective Percent: 91,57%
----------------------
01:42,672

Intellect
	 Rating: 146396
	 Multiplicative Factor: 13,56%
	 Eff: 146396,2500000001
Stamina
	 Rating: 868193
	 Multiplicative Factor: 11,3%
	 Eff: 868193
Crit
	 Rating: 6358
	 Multiplicative Factor: 0%
	 Eff: 9857,661660475427
	 DR Bracket: 0
	 Base: 5%
	 Effective Percent: 14,08%
	 Crit Inc Heal: 2,6
	 Crit Inc Damage: 2
Haste
	 Rating: 21506
	 Multiplicative Factor: 0%
	 Eff: 29195,816391003944
	 DR Bracket: 1
	 Base: 9%
	 Effective Percent: 44,24%
Vers
	 Rating: 7365
	 Multiplicative Factor: 0%
	 Eff: 9704,865067102985
	 DR Bracket: 0
	 Base: 3%
	 Effective Percent: 12,44%
Leech
	 Rating: 3060
	 Multiplicative Factor: 0%
	 Eff: 5099,661782987872
	 DR Bracket: 0
	 Base: 2%
	 Effective Percent: 5%
Avoidance
	 Rating: -0
	 Multiplicative Factor: 0%
	 Eff: -0,3180309960171144
	 DR Bracket: 0
	 Base: 0%
	 Effective Percent: -0%
Mastery
	 Rating: 28763
	 Multiplicative Factor: 0%
	 Eff: 35610,62222665355
	 DR Bracket: 2
	 Base: 19,8%
	 Effective Percent: 91,57%
----------------------
01:47,713

Intellect
	 Rating: 146396
	 Multiplicative Factor: 13,56%
	 Eff: 146396,2500000001
Stamina
	 Rating: 868193
	 Multiplicative Factor: 11,3%
	 Eff: 868193
Crit
	 Rating: 6358
	 Multiplicative Factor: 0%
	 Eff: 9857,661660475427
	 DR Bracket: 0
	 Base: 5%
	 Effective Percent: 14,08%
	 Crit Inc Heal: 2,6
	 Crit Inc Damage: 2
Haste
	 Rating: 21506
	 Multiplicative Factor: 0%
	 Eff: 21335,611367893525
	 DR Bracket: 1
	 Base: 0%
	 Effective Percent: 32,33%
Vers
	 Rating: 7365
	 Multiplicative Factor: 0%
	 Eff: 9704,865067102985
	 DR Bracket: 0
	 Base: 3%
	 Effective Percent: 12,44%
Leech
	 Rating: 3060
	 Multiplicative Factor: 0%
	 Eff: 5099,661782987872
	 DR Bracket: 0
	 Base: 2%
	 Effective Percent: 5%
Avoidance
	 Rating: -0
	 Multiplicative Factor: 0%
	 Eff: -0,3180309960171144
	 DR Bracket: 0
	 Base: 0%
	 Effective Percent: -0%
Mastery
	 Rating: 28763
	 Multiplicative Factor: 0%
	 Eff: 35610,62222665355
	 DR Bracket: 2
	 Base: 19,8%
	 Effective Percent: 91,57%
----------------------
01:53,283

Intellect
	 Rating: 139425
	 Multiplicative Factor: 8,15%
	 Eff: 139425,00000000006
Stamina
	 Rating: 868193
	 Multiplicative Factor: 11,3%
	 Eff: 868193
Crit
	 Rating: 12343
	 Multiplicative Factor: 0%
	 Eff: 15842,538343581033
	 DR Bracket: 0
	 Base: 5%
	 Effective Percent: 22,63%
	 Crit Inc Heal: 2,6
	 Crit Inc Damage: 2
Haste
	 Rating: 21506
	 Multiplicative Factor: 0%
	 Eff: 21335,611367893525
	 DR Bracket: 1
	 Base: 0%
	 Effective Percent: 32,33%
Vers
	 Rating: 7365
	 Multiplicative Factor: 0%
	 Eff: 9704,865067102985
	 DR Bracket: 0
	 Base: 3%
	 Effective Percent: 12,44%
Leech
	 Rating: 3060
	 Multiplicative Factor: 0%
	 Eff: 5099,661782987872
	 DR Bracket: 0
	 Base: 2%
	 Effective Percent: 5%
Avoidance
	 Rating: -0
	 Multiplicative Factor: 0%
	 Eff: -0,3180309960171144
	 DR Bracket: 0
	 Base: 0%
	 Effective Percent: -0%
Mastery
	 Rating: 28763
	 Multiplicative Factor: 0%
	 Eff: 35610,62222665355
	 DR Bracket: 2
	 Base: 19,8%
	 Effective Percent: 91,57%
----------------------
01:58,346

Intellect
	 Rating: 139425
	 Multiplicative Factor: 8,15%
	 Eff: 139425,00000000006
Stamina
	 Rating: 868193
	 Multiplicative Factor: 11,3%
	 Eff: 868193
Crit
	 Rating: 18327
	 Multiplicative Factor: 0%
	 Eff: 21827,415026686638
	 DR Bracket: 0
	 Base: 5%
	 Effective Percent: 31,18%
	 Crit Inc Heal: 2,6
	 Crit Inc Damage: 2
Haste
	 Rating: 21506
	 Multiplicative Factor: 0%
	 Eff: 26575,748049967136
	 DR Bracket: 1
	 Base: 6%
	 Effective Percent: 40,27%
Vers
	 Rating: 7365
	 Multiplicative Factor: 0%
	 Eff: 9704,865067102985
	 DR Bracket: 0
	 Base: 3%
	 Effective Percent: 12,44%
Leech
	 Rating: 3060
	 Multiplicative Factor: 0%
	 Eff: 5099,661782987872
	 DR Bracket: 0
	 Base: 2%
	 Effective Percent: 5%
Avoidance
	 Rating: -0
	 Multiplicative Factor: 0%
	 Eff: -0,3180309960171144
	 DR Bracket: 0
	 Base: 0%
	 Effective Percent: -0%
Mastery
	 Rating: 28763
	 Multiplicative Factor: 0%
	 Eff: 35610,62222665355
	 DR Bracket: 2
	 Base: 19,8%
	 Effective Percent: 91,57%
----------------------
02:03,567

Intellect
	 Rating: 139425
	 Multiplicative Factor: 8,15%
	 Eff: 139425,00000000006
Stamina
	 Rating: 868193
	 Multiplicative Factor: 11,3%
	 Eff: 868193
Crit
	 Rating: 12343
	 Multiplicative Factor: 0%
	 Eff: 15842,538343581033
	 DR Bracket: 0
	 Base: 5%
	 Effective Percent: 22,63%
	 Crit Inc Heal: 2,6
	 Crit Inc Damage: 2
Haste
	 Rating: 21506
	 Multiplicative Factor: 0%
	 Eff: 26575,748049967136
	 DR Bracket: 1
	 Base: 6%
	 Effective Percent: 40,27%
Vers
	 Rating: 7365
	 Multiplicative Factor: 0%
	 Eff: 9704,865067102985
	 DR Bracket: 0
	 Base: 3%
	 Effective Percent: 12,44%
Leech
	 Rating: 3060
	 Multiplicative Factor: 0%
	 Eff: 5099,661782987872
	 DR Bracket: 0
	 Base: 2%
	 Effective Percent: 5%
Avoidance
	 Rating: -0
	 Multiplicative Factor: 0%
	 Eff: -0,3180309960171144
	 DR Bracket: 0
	 Base: 0%
	 Effective Percent: -0%
Mastery
	 Rating: 28763
	 Multiplicative Factor: 0%
	 Eff: 35610,62222665355
	 DR Bracket: 2
	 Base: 19,8%
	 Effective Percent: 91,57%
----------------------
02:09,137

Intellect
	 Rating: 139425
	 Multiplicative Factor: 8,15%
	 Eff: 139425,00000000006
Stamina
	 Rating: 868193
	 Multiplicative Factor: 11,3%
	 Eff: 868193
Crit
	 Rating: 6358
	 Multiplicative Factor: 0%
	 Eff: 9857,661660475427
	 DR Bracket: 0
	 Base: 5%
	 Effective Percent: 14,08%
	 Crit Inc Heal: 2
	 Crit Inc Damage: 2
Haste
	 Rating: 21506
	 Multiplicative Factor: 0%
	 Eff: 21335,611367893525
	 DR Bracket: 1
	 Base: 0%
	 Effective Percent: 32,33%
Vers
	 Rating: 7365
	 Multiplicative Factor: 0%
	 Eff: 9704,865067102985
	 DR Bracket: 0
	 Base: 3%
	 Effective Percent: 12,44%
Leech
	 Rating: 3060
	 Multiplicative Factor: 0%
	 Eff: 5099,661782987872
	 DR Bracket: 0
	 Base: 2%
	 Effective Percent: 5%
Avoidance
	 Rating: -0
	 Multiplicative Factor: 0%
	 Eff: -0,3180309960171144
	 DR Bracket: 0
	 Base: 0%
	 Effective Percent: -0%
Mastery
	 Rating: 28763
	 Multiplicative Factor: 0%
	 Eff: 35610,62222665355
	 DR Bracket: 2
	 Base: 19,8%
	 Effective Percent: 91,57%
----------------------
02:14,806

Intellect
	 Rating: 139425
	 Multiplicative Factor: 8,15%
	 Eff: 139425,00000000006
Stamina
	 Rating: 868193
	 Multiplicative Factor: 11,3%
	 Eff: 868193
Crit
	 Rating: 6358
	 Multiplicative Factor: 0%
	 Eff: 9857,661660475427
	 DR Bracket: 0
	 Base: 5%
	 Effective Percent: 14,08%
	 Crit Inc Heal: 2
	 Crit Inc Damage: 2
Haste
	 Rating: 21506
	 Multiplicative Factor: 0%
	 Eff: 21335,611367893525
	 DR Bracket: 1
	 Base: 0%
	 Effective Percent: 32,33%
Vers
	 Rating: 7365
	 Multiplicative Factor: 0%
	 Eff: 9704,865067102985
	 DR Bracket: 0
	 Base: 3%
	 Effective Percent: 12,44%
Leech
	 Rating: 3060
	 Multiplicative Factor: 0%
	 Eff: 5099,661782987872
	 DR Bracket: 0
	 Base: 2%
	 Effective Percent: 5%
Avoidance
	 Rating: -0
	 Multiplicative Factor: 0%
	 Eff: -0,3180309960171144
	 DR Bracket: 0
	 Base: 0%
	 Effective Percent: -0%
Mastery
	 Rating: 28763
	 Multiplicative Factor: 0%
	 Eff: 35610,62222665355
	 DR Bracket: 2
	 Base: 19,8%
	 Effective Percent: 91,57%
----------------------
02:20,035

Intellect
	 Rating: 139425
	 Multiplicative Factor: 8,15%
	 Eff: 139425,00000000006
Stamina
	 Rating: 868193
	 Multiplicative Factor: 11,3%
	 Eff: 868193
Crit
	 Rating: 6358
	 Multiplicative Factor: 0%
	 Eff: 9857,661660475427
	 DR Bracket: 0
	 Base: 5%
	 Effective Percent: 14,08%
	 Crit Inc Heal: 2
	 Crit Inc Damage: 2
Haste
	 Rating: 21506
	 Multiplicative Factor: 0%
	 Eff: 21335,611367893525
	 DR Bracket: 1
	 Base: 0%
	 Effective Percent: 32,33%
Vers
	 Rating: 7365
	 Multiplicative Factor: 0%
	 Eff: 9704,865067102985
	 DR Bracket: 0
	 Base: 3%
	 Effective Percent: 12,44%
Leech
	 Rating: 3060
	 Multiplicative Factor: 0%
	 Eff: 5099,661782987872
	 DR Bracket: 0
	 Base: 2%
	 Effective Percent: 5%
Avoidance
	 Rating: -0
	 Multiplicative Factor: 0%
	 Eff: -0,3180309960171144
	 DR Bracket: 0
	 Base: 0%
	 Effective Percent: -0%
Mastery
	 Rating: 28763
	 Multiplicative Factor: 0%
	 Eff: 35610,62222665355
	 DR Bracket: 2
	 Base: 19,8%
	 Effective Percent: 91,57%
----------------------
02:34,687

Intellect
	 Rating: 139425
	 Multiplicative Factor: 8,15%
	 Eff: 139425,00000000006
Stamina
	 Rating: 868193
	 Multiplicative Factor: 11,3%
	 Eff: 868193
Crit
	 Rating: 6358
	 Multiplicative Factor: 0%
	 Eff: 9857,661660475427
	 DR Bracket: 0
	 Base: 5%
	 Effective Percent: 14,08%
	 Crit Inc Heal: 2
	 Crit Inc Damage: 2
Haste
	 Rating: 21506
	 Multiplicative Factor: 0%
	 Eff: 21335,611367893525
	 DR Bracket: 1
	 Base: 0%
	 Effective Percent: 32,33%
Vers
	 Rating: 7365
	 Multiplicative Factor: 0%
	 Eff: 9704,865067102985
	 DR Bracket: 0
	 Base: 3%
	 Effective Percent: 12,44%
Leech
	 Rating: 3060
	 Multiplicative Factor: 0%
	 Eff: 5099,661782987872
	 DR Bracket: 0
	 Base: 2%
	 Effective Percent: 5%
Avoidance
	 Rating: -0
	 Multiplicative Factor: 0%
	 Eff: -0,3180309960171144
	 DR Bracket: 0
	 Base: 0%
	 Effective Percent: -0%
Mastery
	 Rating: 28763
	 Multiplicative Factor: 0%
	 Eff: 35610,62222665355
	 DR Bracket: 2
	 Base: 19,8%
	 Effective Percent: 91,57%
----------------------
02:39,927

Intellect
	 Rating: 146396
	 Multiplicative Factor: 13,56%
	 Eff: 146396,2500000001
Stamina
	 Rating: 868193
	 Multiplicative Factor: 11,3%
	 Eff: 868193
Crit
	 Rating: 6358
	 Multiplicative Factor: 0%
	 Eff: 9857,661660475427
	 DR Bracket: 0
	 Base: 5%
	 Effective Percent: 14,08%
	 Crit Inc Heal: 2,6
	 Crit Inc Damage: 2
Haste
	 Rating: 21506
	 Multiplicative Factor: 0%
	 Eff: 52776,431460335196
	 DR Bracket: 1
	 Base: 36%
	 Effective Percent: 79,96%
Vers
	 Rating: 7365
	 Multiplicative Factor: 0%
	 Eff: 9704,865067102985
	 DR Bracket: 0
	 Base: 3%
	 Effective Percent: 12,44%
Leech
	 Rating: 3060
	 Multiplicative Factor: 0%
	 Eff: 5099,661782987872
	 DR Bracket: 0
	 Base: 2%
	 Effective Percent: 5%
Avoidance
	 Rating: -0
	 Multiplicative Factor: 0%
	 Eff: -0,3180309960171144
	 DR Bracket: 0
	 Base: 0%
	 Effective Percent: -0%
Mastery
	 Rating: 28763
	 Multiplicative Factor: 0%
	 Eff: 35610,62222665355
	 DR Bracket: 2
	 Base: 19,8%
	 Effective Percent: 91,57%
----------------------
02:44,947

Intellect
	 Rating: 146396
	 Multiplicative Factor: 13,56%
	 Eff: 146396,2500000001
Stamina
	 Rating: 868193
	 Multiplicative Factor: 11,3%
	 Eff: 868193
Crit
	 Rating: 6358
	 Multiplicative Factor: 0%
	 Eff: 9857,661660475427
	 DR Bracket: 0
	 Base: 5%
	 Effective Percent: 14,08%
	 Crit Inc Heal: 2,6
	 Crit Inc Damage: 2
Haste
	 Rating: 21506
	 Multiplicative Factor: 0%
	 Eff: 40549,445868830095
	 DR Bracket: 1
	 Base: 22%
	 Effective Percent: 61,44%
Vers
	 Rating: 7365
	 Multiplicative Factor: 0%
	 Eff: 9704,865067102985
	 DR Bracket: 0
	 Base: 3%
	 Effective Percent: 12,44%
Leech
	 Rating: 3060
	 Multiplicative Factor: 0%
	 Eff: 5099,661782987872
	 DR Bracket: 0
	 Base: 2%
	 Effective Percent: 5%
Avoidance
	 Rating: -0
	 Multiplicative Factor: 0%
	 Eff: -0,3180309960171144
	 DR Bracket: 0
	 Base: 0%
	 Effective Percent: -0%
Mastery
	 Rating: 28763
	 Multiplicative Factor: 0%
	 Eff: 35610,62222665355
	 DR Bracket: 2
	 Base: 19,8%
	 Effective Percent: 91,57%
----------------------
02:49,974

Intellect
	 Rating: 146396
	 Multiplicative Factor: 13,56%
	 Eff: 146396,2500000001
Stamina
	 Rating: 868193
	 Multiplicative Factor: 11,3%
	 Eff: 868193
Crit
	 Rating: 6358
	 Multiplicative Factor: 0%
	 Eff: 9857,661660475427
	 DR Bracket: 0
	 Base: 5%
	 Effective Percent: 14,08%
	 Crit Inc Heal: 2,6
	 Crit Inc Damage: 2
Haste
	 Rating: 21506
	 Multiplicative Factor: 0%
	 Eff: 36182,66530043542
	 DR Bracket: 1
	 Base: 17%
	 Effective Percent: 54,82%
Vers
	 Rating: 7365
	 Multiplicative Factor: 0%
	 Eff: 9704,865067102985
	 DR Bracket: 0
	 Base: 3%
	 Effective Percent: 12,44%
Leech
	 Rating: 3060
	 Multiplicative Factor: 0%
	 Eff: 5099,661782987872
	 DR Bracket: 0
	 Base: 2%
	 Effective Percent: 5%
Avoidance
	 Rating: -0
	 Multiplicative Factor: 0%
	 Eff: -0,3180309960171144
	 DR Bracket: 0
	 Base: 0%
	 Effective Percent: -0%
Mastery
	 Rating: 28763
	 Multiplicative Factor: 0%
	 Eff: 35610,62222665355
	 DR Bracket: 2
	 Base: 19,8%
	 Effective Percent: 91,57%
----------------------
02:55,279

Intellect
	 Rating: 146396
	 Multiplicative Factor: 13,56%
	 Eff: 146396,2500000001
Stamina
	 Rating: 868193
	 Multiplicative Factor: 11,3%
	 Eff: 868193
Crit
	 Rating: 6358
	 Multiplicative Factor: 0%
	 Eff: 9857,661660475427
	 DR Bracket: 0
	 Base: 5%
	 Effective Percent: 14,08%
	 Crit Inc Heal: 2,6
	 Crit Inc Damage: 2
Haste
	 Rating: 21506
	 Multiplicative Factor: 0%
	 Eff: 31815,884732040748
	 DR Bracket: 1
	 Base: 12%
	 Effective Percent: 48,21%
Vers
	 Rating: 7365
	 Multiplicative Factor: 0%
	 Eff: 9704,865067102985
	 DR Bracket: 0
	 Base: 3%
	 Effective Percent: 12,44%
Leech
	 Rating: 3060
	 Multiplicative Factor: 0%
	 Eff: 5099,661782987872
	 DR Bracket: 0
	 Base: 2%
	 Effective Percent: 5%
Avoidance
	 Rating: -0
	 Multiplicative Factor: 0%
	 Eff: -0,3180309960171144
	 DR Bracket: 0
	 Base: 0%
	 Effective Percent: -0%
Mastery
	 Rating: 28763
	 Multiplicative Factor: 0%
	 Eff: 35610,62222665355
	 DR Bracket: 2
	 Base: 19,8%
	 Effective Percent: 91,57%
----------------------
03:00,443

Intellect
	 Rating: 146396
	 Multiplicative Factor: 13,56%
	 Eff: 146396,2500000001
Stamina
	 Rating: 868193
	 Multiplicative Factor: 11,3%
	 Eff: 868193
Crit
	 Rating: 6358
	 Multiplicative Factor: 0%
	 Eff: 9857,661660475427
	 DR Bracket: 0
	 Base: 5%
	 Effective Percent: 14,08%
	 Crit Inc Heal: 2,6
	 Crit Inc Damage: 2
Haste
	 Rating: 21506
	 Multiplicative Factor: 0%
	 Eff: 27449,104163646072
	 DR Bracket: 1
	 Base: 7%
	 Effective Percent: 41,59%
Vers
	 Rating: 7365
	 Multiplicative Factor: 0%
	 Eff: 9704,865067102985
	 DR Bracket: 0
	 Base: 3%
	 Effective Percent: 12,44%
Leech
	 Rating: 3060
	 Multiplicative Factor: 0%
	 Eff: 5099,661782987872
	 DR Bracket: 0
	 Base: 2%
	 Effective Percent: 5%
Avoidance
	 Rating: -0
	 Multiplicative Factor: 0%
	 Eff: -0,3180309960171144
	 DR Bracket: 0
	 Base: 0%
	 Effective Percent: -0%
Mastery
	 Rating: 28763
	 Multiplicative Factor: 0%
	 Eff: 35610,62222665355
	 DR Bracket: 2
	 Base: 19,8%
	 Effective Percent: 91,57%
----------------------
03:05,757

Intellect
	 Rating: 146396
	 Multiplicative Factor: 13,56%
	 Eff: 146396,2500000001
Stamina
	 Rating: 868193
	 Multiplicative Factor: 11,3%
	 Eff: 868193
Crit
	 Rating: 12343
	 Multiplicative Factor: 0%
	 Eff: 15842,538343581033
	 DR Bracket: 0
	 Base: 5%
	 Effective Percent: 22,63%
	 Crit Inc Heal: 2,6
	 Crit Inc Damage: 2
Haste
	 Rating: 21506
	 Multiplicative Factor: 0%
	 Eff: 30069,17250468288
	 DR Bracket: 1
	 Base: 10%
	 Effective Percent: 45,56%
Vers
	 Rating: 7365
	 Multiplicative Factor: 0%
	 Eff: 9704,865067102985
	 DR Bracket: 0
	 Base: 3%
	 Effective Percent: 12,44%
Leech
	 Rating: 3060
	 Multiplicative Factor: 0%
	 Eff: 5099,661782987872
	 DR Bracket: 0
	 Base: 2%
	 Effective Percent: 5%
Avoidance
	 Rating: -0
	 Multiplicative Factor: 0%
	 Eff: -0,3180309960171144
	 DR Bracket: 0
	 Base: 0%
	 Effective Percent: -0%
Mastery
	 Rating: 28763
	 Multiplicative Factor: 0%
	 Eff: 35610,62222665355
	 DR Bracket: 2
	 Base: 19,8%
	 Effective Percent: 91,57%
----------------------
03:10,819

Intellect
	 Rating: 146396
	 Multiplicative Factor: 13,56%
	 Eff: 146396,2500000001
Stamina
	 Rating: 868193
	 Multiplicative Factor: 11,3%
	 Eff: 868193
Crit
	 Rating: 12343
	 Multiplicative Factor: 0%
	 Eff: 15842,538343581033
	 DR Bracket: 0
	 Base: 5%
	 Effective Percent: 22,63%
	 Crit Inc Heal: 2,6
	 Crit Inc Damage: 2
Haste
	 Rating: 21506
	 Multiplicative Factor: 0%
	 Eff: 29195,816391003944
	 DR Bracket: 1
	 Base: 9%
	 Effective Percent: 44,24%
Vers
	 Rating: 7365
	 Multiplicative Factor: 0%
	 Eff: 9704,865067102985
	 DR Bracket: 0
	 Base: 3%
	 Effective Percent: 12,44%
Leech
	 Rating: 3060
	 Multiplicative Factor: 0%
	 Eff: 5099,661782987872
	 DR Bracket: 0
	 Base: 2%
	 Effective Percent: 5%
Avoidance
	 Rating: -0
	 Multiplicative Factor: 0%
	 Eff: -0,3180309960171144
	 DR Bracket: 0
	 Base: 0%
	 Effective Percent: -0%
Mastery
	 Rating: 28763
	 Multiplicative Factor: 0%
	 Eff: 35610,62222665355
	 DR Bracket: 2
	 Base: 19,8%
	 Effective Percent: 91,57%
----------------------
03:15,926

Intellect
	 Rating: 146396
	 Multiplicative Factor: 13,56%
	 Eff: 146396,2500000001
Stamina
	 Rating: 868193
	 Multiplicative Factor: 11,3%
	 Eff: 868193
Crit
	 Rating: 6358
	 Multiplicative Factor: 0%
	 Eff: 9857,661660475427
	 DR Bracket: 0
	 Base: 5%
	 Effective Percent: 14,08%
	 Crit Inc Heal: 2
	 Crit Inc Damage: 2
Haste
	 Rating: 21506
	 Multiplicative Factor: 0%
	 Eff: 21335,611367893525
	 DR Bracket: 1
	 Base: 0%
	 Effective Percent: 32,33%
Vers
	 Rating: 7365
	 Multiplicative Factor: 0%
	 Eff: 9704,865067102985
	 DR Bracket: 0
	 Base: 3%
	 Effective Percent: 12,44%
Leech
	 Rating: 3060
	 Multiplicative Factor: 0%
	 Eff: 5099,661782987872
	 DR Bracket: 0
	 Base: 2%
	 Effective Percent: 5%
Avoidance
	 Rating: -0
	 Multiplicative Factor: 0%
	 Eff: -0,3180309960171144
	 DR Bracket: 0
	 Base: 0%
	 Effective Percent: -0%
Mastery
	 Rating: 28763
	 Multiplicative Factor: 0%
	 Eff: 35610,62222665355
	 DR Bracket: 2
	 Base: 19,8%
	 Effective Percent: 91,57%
----------------------
03:21,172

Intellect
	 Rating: 146396
	 Multiplicative Factor: 13,56%
	 Eff: 146396,2500000001
Stamina
	 Rating: 868193
	 Multiplicative Factor: 11,3%
	 Eff: 868193
Crit
	 Rating: 6358
	 Multiplicative Factor: 0%
	 Eff: 9857,661660475427
	 DR Bracket: 0
	 Base: 5%
	 Effective Percent: 14,08%
	 Crit Inc Heal: 2
	 Crit Inc Damage: 2
Haste
	 Rating: 21506
	 Multiplicative Factor: 0%
	 Eff: 21335,611367893525
	 DR Bracket: 1
	 Base: 0%
	 Effective Percent: 32,33%
Vers
	 Rating: 7365
	 Multiplicative Factor: 0%
	 Eff: 9704,865067102985
	 DR Bracket: 0
	 Base: 3%
	 Effective Percent: 12,44%
Leech
	 Rating: 3060
	 Multiplicative Factor: 0%
	 Eff: 5099,661782987872
	 DR Bracket: 0
	 Base: 2%
	 Effective Percent: 5%
Avoidance
	 Rating: -0
	 Multiplicative Factor: 0%
	 Eff: -0,3180309960171144
	 DR Bracket: 0
	 Base: 0%
	 Effective Percent: -0%
Mastery
	 Rating: 28763
	 Multiplicative Factor: 0%
	 Eff: 35610,62222665355
	 DR Bracket: 2
	 Base: 19,8%
	 Effective Percent: 91,57%
----------------------
03:26,268

Intellect
	 Rating: 139425
	 Multiplicative Factor: 8,15%
	 Eff: 139425,00000000006
Stamina
	 Rating: 868193
	 Multiplicative Factor: 11,3%
	 Eff: 868193
Crit
	 Rating: 6358
	 Multiplicative Factor: 0%
	 Eff: 9857,661660475427
	 DR Bracket: 0
	 Base: 5%
	 Effective Percent: 14,08%
	 Crit Inc Heal: 2
	 Crit Inc Damage: 2
Haste
	 Rating: 21506
	 Multiplicative Factor: 0%
	 Eff: 21335,611367893525
	 DR Bracket: 1
	 Base: 0%
	 Effective Percent: 32,33%
Vers
	 Rating: 7365
	 Multiplicative Factor: 0%
	 Eff: 9704,865067102985
	 DR Bracket: 0
	 Base: 3%
	 Effective Percent: 12,44%
Leech
	 Rating: 3060
	 Multiplicative Factor: 0%
	 Eff: 5099,661782987872
	 DR Bracket: 0
	 Base: 2%
	 Effective Percent: 5%
Avoidance
	 Rating: -0
	 Multiplicative Factor: 0%
	 Eff: -0,3180309960171144
	 DR Bracket: 0
	 Base: 0%
	 Effective Percent: -0%
Mastery
	 Rating: 28763
	 Multiplicative Factor: 0%
	 Eff: 35610,62222665355
	 DR Bracket: 2
	 Base: 19,8%
	 Effective Percent: 91,57%
----------------------
03:31,519

Intellect
	 Rating: 139425
	 Multiplicative Factor: 8,15%
	 Eff: 139425,00000000006
Stamina
	 Rating: 868193
	 Multiplicative Factor: 11,3%
	 Eff: 868193
Crit
	 Rating: 6358
	 Multiplicative Factor: 0%
	 Eff: 9857,661660475427
	 DR Bracket: 0
	 Base: 5%
	 Effective Percent: 14,08%
	 Crit Inc Heal: 2
	 Crit Inc Damage: 2
Haste
	 Rating: 21506
	 Multiplicative Factor: 0%
	 Eff: 21335,611367893525
	 DR Bracket: 1
	 Base: 0%
	 Effective Percent: 32,33%
Vers
	 Rating: 7365
	 Multiplicative Factor: 0%
	 Eff: 9704,865067102985
	 DR Bracket: 0
	 Base: 3%
	 Effective Percent: 12,44%
Leech
	 Rating: 3060
	 Multiplicative Factor: 0%
	 Eff: 5099,661782987872
	 DR Bracket: 0
	 Base: 2%
	 Effective Percent: 5%
Avoidance
	 Rating: -0
	 Multiplicative Factor: 0%
	 Eff: -0,3180309960171144
	 DR Bracket: 0
	 Base: 0%
	 Effective Percent: -0%
Mastery
	 Rating: 28763
	 Multiplicative Factor: 0%
	 Eff: 35610,62222665355
	 DR Bracket: 2
	 Base: 19,8%
	 Effective Percent: 91,57%
----------------------
03:39,250

Intellect
	 Rating: 139425
	 Multiplicative Factor: 8,15%
	 Eff: 139425,00000000006
Stamina
	 Rating: 868193
	 Multiplicative Factor: 11,3%
	 Eff: 868193
Crit
	 Rating: 6358
	 Multiplicative Factor: 0%
	 Eff: 9857,661660475427
	 DR Bracket: 0
	 Base: 5%
	 Effective Percent: 14,08%
	 Crit Inc Heal: 2
	 Crit Inc Damage: 2
Haste
	 Rating: 21506
	 Multiplicative Factor: 0%
	 Eff: 21335,611367893525
	 DR Bracket: 1
	 Base: 0%
	 Effective Percent: 32,33%
Vers
	 Rating: 7365
	 Multiplicative Factor: 0%
	 Eff: 9704,865067102985
	 DR Bracket: 0
	 Base: 3%
	 Effective Percent: 12,44%
Leech
	 Rating: 3060
	 Multiplicative Factor: 0%
	 Eff: 5099,661782987872
	 DR Bracket: 0
	 Base: 2%
	 Effective Percent: 5%
Avoidance
	 Rating: -0
	 Multiplicative Factor: 0%
	 Eff: -0,3180309960171144
	 DR Bracket: 0
	 Base: 0%
	 Effective Percent: -0%
Mastery
	 Rating: 28763
	 Multiplicative Factor: 0%
	 Eff: 35610,62222665355
	 DR Bracket: 2
	 Base: 19,8%
	 Effective Percent: 91,57%
----------------------
03:50,631

Intellect
	 Rating: 139425
	 Multiplicative Factor: 8,15%
	 Eff: 139425,00000000006
Stamina
	 Rating: 868193
	 Multiplicative Factor: 11,3%
	 Eff: 868193
Crit
	 Rating: 6358
	 Multiplicative Factor: 0%
	 Eff: 9857,661660475427
	 DR Bracket: 0
	 Base: 5%
	 Effective Percent: 14,08%
	 Crit Inc Heal: 2
	 Crit Inc Damage: 2
Haste
	 Rating: 21506
	 Multiplicative Factor: 0%
	 Eff: 21335,611367893525
	 DR Bracket: 1
	 Base: 0%
	 Effective Percent: 32,33%
Vers
	 Rating: 7365
	 Multiplicative Factor: 0%
	 Eff: 9704,865067102985
	 DR Bracket: 0
	 Base: 3%
	 Effective Percent: 12,44%
Leech
	 Rating: 3060
	 Multiplicative Factor: 0%
	 Eff: 5099,661782987872
	 DR Bracket: 0
	 Base: 2%
	 Effective Percent: 5%
Avoidance
	 Rating: -0
	 Multiplicative Factor: 0%
	 Eff: -0,3180309960171144
	 DR Bracket: 0
	 Base: 0%
	 Effective Percent: -0%
Mastery
	 Rating: 28763
	 Multiplicative Factor: 0%
	 Eff: 35610,62222665355
	 DR Bracket: 2
	 Base: 19,8%
	 Effective Percent: 91,57%
----------------------
03:55,655

Intellect
	 Rating: 146396
	 Multiplicative Factor: 13,56%
	 Eff: 146396,2500000001
Stamina
	 Rating: 868193
	 Multiplicative Factor: 11,3%
	 Eff: 868193
Crit
	 Rating: 6358
	 Multiplicative Factor: 0%
	 Eff: 9857,661660475427
	 DR Bracket: 0
	 Base: 5%
	 Effective Percent: 14,08%
	 Crit Inc Heal: 2,6
	 Crit Inc Damage: 2
Haste
	 Rating: 21506
	 Multiplicative Factor: 0%
	 Eff: 52776,431460335196
	 DR Bracket: 1
	 Base: 36%
	 Effective Percent: 79,96%
Vers
	 Rating: 7365
	 Multiplicative Factor: 0%
	 Eff: 9704,865067102985
	 DR Bracket: 0
	 Base: 3%
	 Effective Percent: 12,44%
Leech
	 Rating: 3060
	 Multiplicative Factor: 0%
	 Eff: 5099,661782987872
	 DR Bracket: 0
	 Base: 2%
	 Effective Percent: 5%
Avoidance
	 Rating: -0
	 Multiplicative Factor: 0%
	 Eff: -0,3180309960171144
	 DR Bracket: 0
	 Base: 0%
	 Effective Percent: -0%
Mastery
	 Rating: 28763
	 Multiplicative Factor: 0%
	 Eff: 35610,62222665355
	 DR Bracket: 2
	 Base: 19,8%
	 Effective Percent: 91,57%
----------------------
04:00,769

Intellect
	 Rating: 146396
	 Multiplicative Factor: 13,56%
	 Eff: 146396,2500000001
Stamina
	 Rating: 868193
	 Multiplicative Factor: 11,3%
	 Eff: 868193
Crit
	 Rating: 6358
	 Multiplicative Factor: 0%
	 Eff: 9857,661660475427
	 DR Bracket: 0
	 Base: 5%
	 Effective Percent: 14,08%
	 Crit Inc Heal: 2,6
	 Crit Inc Damage: 2
Haste
	 Rating: 21506
	 Multiplicative Factor: 0%
	 Eff: 48409,65089194052
	 DR Bracket: 1
	 Base: 31%
	 Effective Percent: 73,35%
Vers
	 Rating: 7365
	 Multiplicative Factor: 0%
	 Eff: 9704,865067102985
	 DR Bracket: 0
	 Base: 3%
	 Effective Percent: 12,44%
Leech
	 Rating: 3060
	 Multiplicative Factor: 0%
	 Eff: 5099,661782987872
	 DR Bracket: 0
	 Base: 2%
	 Effective Percent: 5%
Avoidance
	 Rating: -0
	 Multiplicative Factor: 0%
	 Eff: -0,3180309960171144
	 DR Bracket: 0
	 Base: 0%
	 Effective Percent: -0%
Mastery
	 Rating: 28763
	 Multiplicative Factor: 0%
	 Eff: 35610,62222665355
	 DR Bracket: 2
	 Base: 19,8%
	 Effective Percent: 91,57%
----------------------
04:05,785

Intellect
	 Rating: 146396
	 Multiplicative Factor: 13,56%
	 Eff: 146396,2500000001
Stamina
	 Rating: 868193
	 Multiplicative Factor: 11,3%
	 Eff: 868193
Crit
	 Rating: 6358
	 Multiplicative Factor: 0%
	 Eff: 9857,661660475427
	 DR Bracket: 0
	 Base: 5%
	 Effective Percent: 14,08%
	 Crit Inc Heal: 2,6
	 Crit Inc Damage: 2
Haste
	 Rating: 21506
	 Multiplicative Factor: 0%
	 Eff: 36182,66530043542
	 DR Bracket: 1
	 Base: 17%
	 Effective Percent: 54,82%
Vers
	 Rating: 7365
	 Multiplicative Factor: 0%
	 Eff: 9704,865067102985
	 DR Bracket: 0
	 Base: 3%
	 Effective Percent: 12,44%
Leech
	 Rating: 3060
	 Multiplicative Factor: 0%
	 Eff: 5099,661782987872
	 DR Bracket: 0
	 Base: 2%
	 Effective Percent: 5%
Avoidance
	 Rating: -0
	 Multiplicative Factor: 0%
	 Eff: -0,3180309960171144
	 DR Bracket: 0
	 Base: 0%
	 Effective Percent: -0%
Mastery
	 Rating: 28763
	 Multiplicative Factor: 0%
	 Eff: 35610,62222665355
	 DR Bracket: 2
	 Base: 19,8%
	 Effective Percent: 91,57%
----------------------
04:10,849

Intellect
	 Rating: 146396
	 Multiplicative Factor: 13,56%
	 Eff: 146396,2500000001
Stamina
	 Rating: 868193
	 Multiplicative Factor: 11,3%
	 Eff: 868193
Crit
	 Rating: 6358
	 Multiplicative Factor: 0%
	 Eff: 9857,661660475427
	 DR Bracket: 0
	 Base: 5%
	 Effective Percent: 14,08%
	 Crit Inc Heal: 2,6
	 Crit Inc Damage: 2
Haste
	 Rating: 21506
	 Multiplicative Factor: 0%
	 Eff: 31815,884732040748
	 DR Bracket: 1
	 Base: 12%
	 Effective Percent: 48,21%
Vers
	 Rating: 7365
	 Multiplicative Factor: 0%
	 Eff: 9704,865067102985
	 DR Bracket: 0
	 Base: 3%
	 Effective Percent: 12,44%
Leech
	 Rating: 3060
	 Multiplicative Factor: 0%
	 Eff: 5099,661782987872
	 DR Bracket: 0
	 Base: 2%
	 Effective Percent: 5%
Avoidance
	 Rating: -0
	 Multiplicative Factor: 0%
	 Eff: -0,3180309960171144
	 DR Bracket: 0
	 Base: 0%
	 Effective Percent: -0%
Mastery
	 Rating: 28763
	 Multiplicative Factor: 0%
	 Eff: 35610,62222665355
	 DR Bracket: 2
	 Base: 19,8%
	 Effective Percent: 91,57%
----------------------
04:15,862

Intellect
	 Rating: 146396
	 Multiplicative Factor: 13,56%
	 Eff: 146396,2500000001
Stamina
	 Rating: 868193
	 Multiplicative Factor: 11,3%
	 Eff: 868193
Crit
	 Rating: 6358
	 Multiplicative Factor: 0%
	 Eff: 9857,661660475427
	 DR Bracket: 0
	 Base: 5%
	 Effective Percent: 14,08%
	 Crit Inc Heal: 2,6
	 Crit Inc Damage: 2
Haste
	 Rating: 21506
	 Multiplicative Factor: 0%
	 Eff: 27449,104163646072
	 DR Bracket: 1
	 Base: 7%
	 Effective Percent: 41,59%
Vers
	 Rating: 7365
	 Multiplicative Factor: 0%
	 Eff: 9704,865067102985
	 DR Bracket: 0
	 Base: 3%
	 Effective Percent: 12,44%
Leech
	 Rating: 3060
	 Multiplicative Factor: 0%
	 Eff: 5099,661782987872
	 DR Bracket: 0
	 Base: 2%
	 Effective Percent: 5%
Avoidance
	 Rating: -0
	 Multiplicative Factor: 0%
	 Eff: -0,3180309960171144
	 DR Bracket: 0
	 Base: 0%
	 Effective Percent: -0%
Mastery
	 Rating: 28763
	 Multiplicative Factor: 0%
	 Eff: 35610,62222665355
	 DR Bracket: 2
	 Base: 19,8%
	 Effective Percent: 91,57%
----------------------
04:20,896

Intellect
	 Rating: 146396
	 Multiplicative Factor: 13,56%
	 Eff: 146396,2500000001
Stamina
	 Rating: 868193
	 Multiplicative Factor: 11,3%
	 Eff: 868193
Crit
	 Rating: 6358
	 Multiplicative Factor: 0%
	 Eff: 9857,661660475427
	 DR Bracket: 0
	 Base: 5%
	 Effective Percent: 14,08%
	 Crit Inc Heal: 2,6
	 Crit Inc Damage: 2
Haste
	 Rating: 21506
	 Multiplicative Factor: 0%
	 Eff: 23082,323595251397
	 DR Bracket: 1
	 Base: 2%
	 Effective Percent: 34,97%
Vers
	 Rating: 7365
	 Multiplicative Factor: 0%
	 Eff: 9704,865067102985
	 DR Bracket: 0
	 Base: 3%
	 Effective Percent: 12,44%
Leech
	 Rating: 3060
	 Multiplicative Factor: 0%
	 Eff: 5099,661782987872
	 DR Bracket: 0
	 Base: 2%
	 Effective Percent: 5%
Avoidance
	 Rating: -0
	 Multiplicative Factor: 0%
	 Eff: -0,3180309960171144
	 DR Bracket: 0
	 Base: 0%
	 Effective Percent: -0%
Mastery
	 Rating: 28763
	 Multiplicative Factor: 0%
	 Eff: 35610,62222665355
	 DR Bracket: 2
	 Base: 19,8%
	 Effective Percent: 91,57%
----------------------
04:26,056

Intellect
	 Rating: 146396
	 Multiplicative Factor: 13,56%
	 Eff: 146396,2500000001
Stamina
	 Rating: 868193
	 Multiplicative Factor: 11,3%
	 Eff: 868193
Crit
	 Rating: 6358
	 Multiplicative Factor: 0%
	 Eff: 9857,661660475427
	 DR Bracket: 0
	 Base: 5%
	 Effective Percent: 14,08%
	 Crit Inc Heal: 2,6
	 Crit Inc Damage: 2
Haste
	 Rating: 21506
	 Multiplicative Factor: 0%
	 Eff: 21335,611367893525
	 DR Bracket: 1
	 Base: 0%
	 Effective Percent: 32,33%
Vers
	 Rating: 7365
	 Multiplicative Factor: 0%
	 Eff: 9704,865067102985
	 DR Bracket: 0
	 Base: 3%
	 Effective Percent: 12,44%
Leech
	 Rating: 3060
	 Multiplicative Factor: 0%
	 Eff: 5099,661782987872
	 DR Bracket: 0
	 Base: 2%
	 Effective Percent: 5%
Avoidance
	 Rating: -0
	 Multiplicative Factor: 0%
	 Eff: -0,3180309960171144
	 DR Bracket: 0
	 Base: 0%
	 Effective Percent: -0%
Mastery
	 Rating: 28763
	 Multiplicative Factor: 0%
	 Eff: 35610,62222665355
	 DR Bracket: 2
	 Base: 19,8%
	 Effective Percent: 91,57%
----------------------
04:31,129

Intellect
	 Rating: 146396
	 Multiplicative Factor: 13,56%
	 Eff: 146396,2500000001
Stamina
	 Rating: 868193
	 Multiplicative Factor: 11,3%
	 Eff: 868193
Crit
	 Rating: 6358
	 Multiplicative Factor: 0%
	 Eff: 9857,661660475427
	 DR Bracket: 0
	 Base: 5%
	 Effective Percent: 14,08%
	 Crit Inc Heal: 2,6
	 Crit Inc Damage: 2
Haste
	 Rating: 21506
	 Multiplicative Factor: 0%
	 Eff: 23955,67970893033
	 DR Bracket: 1
	 Base: 3%
	 Effective Percent: 36,3%
Vers
	 Rating: 7365
	 Multiplicative Factor: 0%
	 Eff: 9704,865067102985
	 DR Bracket: 0
	 Base: 3%
	 Effective Percent: 12,44%
Leech
	 Rating: 3060
	 Multiplicative Factor: 0%
	 Eff: 5099,661782987872
	 DR Bracket: 0
	 Base: 2%
	 Effective Percent: 5%
Avoidance
	 Rating: -0
	 Multiplicative Factor: 0%
	 Eff: -0,3180309960171144
	 DR Bracket: 0
	 Base: 0%
	 Effective Percent: -0%
Mastery
	 Rating: 28763
	 Multiplicative Factor: 0%
	 Eff: 35610,62222665355
	 DR Bracket: 2
	 Base: 19,8%
	 Effective Percent: 91,57%
----------------------
04:36,150

Intellect
	 Rating: 146396
	 Multiplicative Factor: 13,56%
	 Eff: 146396,2500000001
Stamina
	 Rating: 868193
	 Multiplicative Factor: 11,3%
	 Eff: 868193
Crit
	 Rating: 6358
	 Multiplicative Factor: 0%
	 Eff: 9857,661660475427
	 DR Bracket: 0
	 Base: 5%
	 Effective Percent: 14,08%
	 Crit Inc Heal: 2
	 Crit Inc Damage: 2
Haste
	 Rating: 21506
	 Multiplicative Factor: 0%
	 Eff: 23955,67970893033
	 DR Bracket: 1
	 Base: 3%
	 Effective Percent: 36,3%
Vers
	 Rating: 7365
	 Multiplicative Factor: 0%
	 Eff: 9704,865067102985
	 DR Bracket: 0
	 Base: 3%
	 Effective Percent: 12,44%
Leech
	 Rating: 3060
	 Multiplicative Factor: 0%
	 Eff: 5099,661782987872
	 DR Bracket: 0
	 Base: 2%
	 Effective Percent: 5%
Avoidance
	 Rating: -0
	 Multiplicative Factor: 0%
	 Eff: -0,3180309960171144
	 DR Bracket: 0
	 Base: 0%
	 Effective Percent: -0%
Mastery
	 Rating: 28763
	 Multiplicative Factor: 0%
	 Eff: 35610,62222665355
	 DR Bracket: 2
	 Base: 19,8%
	 Effective Percent: 91,57%
----------------------
04:42,039

Intellect
	 Rating: 146396
	 Multiplicative Factor: 13,56%
	 Eff: 146396,2500000001
Stamina
	 Rating: 868193
	 Multiplicative Factor: 11,3%
	 Eff: 868193
Crit
	 Rating: 6358
	 Multiplicative Factor: 0%
	 Eff: 9857,661660475427
	 DR Bracket: 0
	 Base: 5%
	 Effective Percent: 14,08%
	 Crit Inc Heal: 2,6
	 Crit Inc Damage: 2
Haste
	 Rating: 21506
	 Multiplicative Factor: 0%
	 Eff: 23955,67970893033
	 DR Bracket: 1
	 Base: 3%
	 Effective Percent: 36,3%
Vers
	 Rating: 7365
	 Multiplicative Factor: 0%
	 Eff: 9704,865067102985
	 DR Bracket: 0
	 Base: 3%
	 Effective Percent: 12,44%
Leech
	 Rating: 3060
	 Multiplicative Factor: 0%
	 Eff: 5099,661782987872
	 DR Bracket: 0
	 Base: 2%
	 Effective Percent: 5%
Avoidance
	 Rating: -0
	 Multiplicative Factor: 0%
	 Eff: -0,3180309960171144
	 DR Bracket: 0
	 Base: 0%
	 Effective Percent: -0%
Mastery
	 Rating: 28763
	 Multiplicative Factor: 0%
	 Eff: 35610,62222665355
	 DR Bracket: 2
	 Base: 19,8%
	 Effective Percent: 91,57%
----------------------
04:47,615

Intellect
	 Rating: 139425
	 Multiplicative Factor: 8,15%
	 Eff: 139425,00000000006
Stamina
	 Rating: 868193
	 Multiplicative Factor: 11,3%
	 Eff: 868193
Crit
	 Rating: 6358
	 Multiplicative Factor: 0%
	 Eff: 9857,661660475427
	 DR Bracket: 0
	 Base: 5%
	 Effective Percent: 14,08%
	 Crit Inc Heal: 2
	 Crit Inc Damage: 2
Haste
	 Rating: 21506
	 Multiplicative Factor: 0%
	 Eff: 21335,611367893525
	 DR Bracket: 1
	 Base: 0%
	 Effective Percent: 32,33%
Vers
	 Rating: 7365
	 Multiplicative Factor: 0%
	 Eff: 9704,865067102985
	 DR Bracket: 0
	 Base: 3%
	 Effective Percent: 12,44%
Leech
	 Rating: 3060
	 Multiplicative Factor: 0%
	 Eff: 5099,661782987872
	 DR Bracket: 0
	 Base: 2%
	 Effective Percent: 5%
Avoidance
	 Rating: -0
	 Multiplicative Factor: 0%
	 Eff: -0,3180309960171144
	 DR Bracket: 0
	 Base: 0%
	 Effective Percent: -0%
Mastery
	 Rating: 28763
	 Multiplicative Factor: 0%
	 Eff: 35610,62222665355
	 DR Bracket: 2
	 Base: 19,8%
	 Effective Percent: 91,57%
----------------------
04:52,659

Intellect
	 Rating: 139425
	 Multiplicative Factor: 8,15%
	 Eff: 139425,00000000006
Stamina
	 Rating: 868193
	 Multiplicative Factor: 11,3%
	 Eff: 868193
Crit
	 Rating: 6358
	 Multiplicative Factor: 0%
	 Eff: 9857,661660475427
	 DR Bracket: 0
	 Base: 5%
	 Effective Percent: 14,08%
	 Crit Inc Heal: 2
	 Crit Inc Damage: 2
Haste
	 Rating: 21506
	 Multiplicative Factor: 0%
	 Eff: 47536,29477826158
	 DR Bracket: 1
	 Base: 30%
	 Effective Percent: 72,02%
Vers
	 Rating: 7365
	 Multiplicative Factor: 0%
	 Eff: 9704,865067102985
	 DR Bracket: 0
	 Base: 3%
	 Effective Percent: 12,44%
Leech
	 Rating: 3060
	 Multiplicative Factor: 0%
	 Eff: 5099,661782987872
	 DR Bracket: 0
	 Base: 2%
	 Effective Percent: 5%
Avoidance
	 Rating: -0
	 Multiplicative Factor: 0%
	 Eff: -0,3180309960171144
	 DR Bracket: 0
	 Base: 0%
	 Effective Percent: -0%
Mastery
	 Rating: 28763
	 Multiplicative Factor: 0%
	 Eff: 35610,62222665355
	 DR Bracket: 2
	 Base: 19,8%
	 Effective Percent: 91,57%
----------------------
04:57,943

Intellect
	 Rating: 139425
	 Multiplicative Factor: 8,15%
	 Eff: 139425,00000000006
Stamina
	 Rating: 868193
	 Multiplicative Factor: 11,3%
	 Eff: 868193
Crit
	 Rating: 6358
	 Multiplicative Factor: 0%
	 Eff: 9857,661660475427
	 DR Bracket: 0
	 Base: 5%
	 Effective Percent: 14,08%
	 Crit Inc Heal: 2,6
	 Crit Inc Damage: 2
Haste
	 Rating: 21506
	 Multiplicative Factor: 0%
	 Eff: 47536,29477826158
	 DR Bracket: 1
	 Base: 30%
	 Effective Percent: 72,02%
Vers
	 Rating: 7365
	 Multiplicative Factor: 0%
	 Eff: 9704,865067102985
	 DR Bracket: 0
	 Base: 3%
	 Effective Percent: 12,44%
Leech
	 Rating: 3060
	 Multiplicative Factor: 0%
	 Eff: 5099,661782987872
	 DR Bracket: 0
	 Base: 2%
	 Effective Percent: 5%
Avoidance
	 Rating: -0
	 Multiplicative Factor: 0%
	 Eff: -0,3180309960171144
	 DR Bracket: 0
	 Base: 0%
	 Effective Percent: -0%
Mastery
	 Rating: 28763
	 Multiplicative Factor: 0%
	 Eff: 35610,62222665355
	 DR Bracket: 2
	 Base: 19,8%
	 Effective Percent: 91,57%
----------------------
05:02,953

Intellect
	 Rating: 139425
	 Multiplicative Factor: 8,15%
	 Eff: 139425,00000000006
Stamina
	 Rating: 868193
	 Multiplicative Factor: 11,3%
	 Eff: 868193
Crit
	 Rating: 6358
	 Multiplicative Factor: 0%
	 Eff: 9857,661660475427
	 DR Bracket: 0
	 Base: 5%
	 Effective Percent: 14,08%
	 Crit Inc Heal: 2,6
	 Crit Inc Damage: 2
Haste
	 Rating: 21506
	 Multiplicative Factor: 0%
	 Eff: 47536,29477826158
	 DR Bracket: 1
	 Base: 30%
	 Effective Percent: 72,02%
Vers
	 Rating: 7365
	 Multiplicative Factor: 0%
	 Eff: 9704,865067102985
	 DR Bracket: 0
	 Base: 3%
	 Effective Percent: 12,44%
Leech
	 Rating: 3060
	 Multiplicative Factor: 0%
	 Eff: 5099,661782987872
	 DR Bracket: 0
	 Base: 2%
	 Effective Percent: 5%
Avoidance
	 Rating: -0
	 Multiplicative Factor: 0%
	 Eff: -0,3180309960171144
	 DR Bracket: 0
	 Base: 0%
	 Effective Percent: -0%
Mastery
	 Rating: 28763
	 Multiplicative Factor: 0%
	 Eff: 35610,62222665355
	 DR Bracket: 2
	 Base: 19,8%
	 Effective Percent: 91,57%
----------------------
05:08,377

Intellect
	 Rating: 139425
	 Multiplicative Factor: 8,15%
	 Eff: 139425,00000000006
Stamina
	 Rating: 868193
	 Multiplicative Factor: 11,3%
	 Eff: 868193
Crit
	 Rating: 12343
	 Multiplicative Factor: 0%
	 Eff: 15842,538343581033
	 DR Bracket: 0
	 Base: 5%
	 Effective Percent: 22,63%
	 Crit Inc Heal: 2,6
	 Crit Inc Damage: 2
Haste
	 Rating: 21506
	 Multiplicative Factor: 0%
	 Eff: 47536,29477826158
	 DR Bracket: 1
	 Base: 30%
	 Effective Percent: 72,02%
Vers
	 Rating: 7365
	 Multiplicative Factor: 0%
	 Eff: 9704,865067102985
	 DR Bracket: 0
	 Base: 3%
	 Effective Percent: 12,44%
Leech
	 Rating: 3060
	 Multiplicative Factor: 0%
	 Eff: 5099,661782987872
	 DR Bracket: 0
	 Base: 2%
	 Effective Percent: 5%
Avoidance
	 Rating: -0
	 Multiplicative Factor: 0%
	 Eff: -0,3180309960171144
	 DR Bracket: 0
	 Base: 0%
	 Effective Percent: -0%
Mastery
	 Rating: 28763
	 Multiplicative Factor: 0%
	 Eff: 35610,62222665355
	 DR Bracket: 2
	 Base: 19,8%
	 Effective Percent: 91,57%
----------------------
05:13,387

Intellect
	 Rating: 139425
	 Multiplicative Factor: 8,15%
	 Eff: 139425,00000000006
Stamina
	 Rating: 868193
	 Multiplicative Factor: 11,3%
	 Eff: 868193
Crit
	 Rating: 12343
	 Multiplicative Factor: 0%
	 Eff: 15842,538343581033
	 DR Bracket: 0
	 Base: 5%
	 Effective Percent: 22,63%
	 Crit Inc Heal: 2
	 Crit Inc Damage: 2
Haste
	 Rating: 21506
	 Multiplicative Factor: 0%
	 Eff: 47536,29477826158
	 DR Bracket: 1
	 Base: 30%
	 Effective Percent: 72,02%
Vers
	 Rating: 7365
	 Multiplicative Factor: 0%
	 Eff: 9704,865067102985
	 DR Bracket: 0
	 Base: 3%
	 Effective Percent: 12,44%
Leech
	 Rating: 3060
	 Multiplicative Factor: 0%
	 Eff: 5099,661782987872
	 DR Bracket: 0
	 Base: 2%
	 Effective Percent: 5%
Avoidance
	 Rating: -0
	 Multiplicative Factor: 0%
	 Eff: -0,3180309960171144
	 DR Bracket: 0
	 Base: 0%
	 Effective Percent: -0%
Mastery
	 Rating: 28763
	 Multiplicative Factor: 0%
	 Eff: 35610,62222665355
	 DR Bracket: 2
	 Base: 19,8%
	 Effective Percent: 91,57%
----------------------
05:18,387

Intellect
	 Rating: 146396
	 Multiplicative Factor: 13,56%
	 Eff: 146396,2500000001
Stamina
	 Rating: 868193
	 Multiplicative Factor: 11,3%
	 Eff: 868193
Crit
	 Rating: 6358
	 Multiplicative Factor: 0%
	 Eff: 9857,661660475427
	 DR Bracket: 0
	 Base: 5%
	 Effective Percent: 14,08%
	 Crit Inc Heal: 2,6
	 Crit Inc Damage: 2
Haste
	 Rating: 21506
	 Multiplicative Factor: 0%
	 Eff: 78103,7587570243
	 DR Bracket: 1
	 Base: 65%
	 Effective Percent: 118,34%
Vers
	 Rating: 7365
	 Multiplicative Factor: 0%
	 Eff: 9704,865067102985
	 DR Bracket: 0
	 Base: 3%
	 Effective Percent: 12,44%
Leech
	 Rating: 3060
	 Multiplicative Factor: 0%
	 Eff: 5099,661782987872
	 DR Bracket: 0
	 Base: 2%
	 Effective Percent: 5%
Avoidance
	 Rating: -0
	 Multiplicative Factor: 0%
	 Eff: -0,3180309960171144
	 DR Bracket: 0
	 Base: 0%
	 Effective Percent: -0%
Mastery
	 Rating: 28763
	 Multiplicative Factor: 0%
	 Eff: 35610,62222665355
	 DR Bracket: 2
	 Base: 19,8%
	 Effective Percent: 91,57%
----------------------
05:23,563

Intellect
	 Rating: 146396
	 Multiplicative Factor: 13,56%
	 Eff: 146396,2500000001
Stamina
	 Rating: 868193
	 Multiplicative Factor: 11,3%
	 Eff: 868193
Crit
	 Rating: 6358
	 Multiplicative Factor: 0%
	 Eff: 9857,661660475427
	 DR Bracket: 0
	 Base: 5%
	 Effective Percent: 14,08%
	 Crit Inc Heal: 2,6
	 Crit Inc Damage: 2
Haste
	 Rating: 21506
	 Multiplicative Factor: 0%
	 Eff: 65876,77316551922
	 DR Bracket: 1
	 Base: 51%
	 Effective Percent: 99,81%
Vers
	 Rating: 7365
	 Multiplicative Factor: 0%
	 Eff: 9704,865067102985
	 DR Bracket: 0
	 Base: 3%
	 Effective Percent: 12,44%
Leech
	 Rating: 3060
	 Multiplicative Factor: 0%
	 Eff: 5099,661782987872
	 DR Bracket: 0
	 Base: 2%
	 Effective Percent: 5%
Avoidance
	 Rating: -0
	 Multiplicative Factor: 0%
	 Eff: -0,3180309960171144
	 DR Bracket: 0
	 Base: 0%
	 Effective Percent: -0%
Mastery
	 Rating: 28763
	 Multiplicative Factor: 0%
	 Eff: 35610,62222665355
	 DR Bracket: 2
	 Base: 19,8%
	 Effective Percent: 91,57%
----------------------
05:28,563

Intellect
	 Rating: 146396
	 Multiplicative Factor: 13,56%
	 Eff: 146396,2500000001
Stamina
	 Rating: 868193
	 Multiplicative Factor: 11,3%
	 Eff: 868193
Crit
	 Rating: 6358
	 Multiplicative Factor: 0%
	 Eff: 9857,661660475427
	 DR Bracket: 0
	 Base: 5%
	 Effective Percent: 14,08%
	 Crit Inc Heal: 2,6
	 Crit Inc Damage: 2
Haste
	 Rating: 21506
	 Multiplicative Factor: 0%
	 Eff: 61509,99259712454
	 DR Bracket: 1
	 Base: 46%
	 Effective Percent: 93,2%
Vers
	 Rating: 7365
	 Multiplicative Factor: 0%
	 Eff: 9704,865067102985
	 DR Bracket: 0
	 Base: 3%
	 Effective Percent: 12,44%
Leech
	 Rating: 3060
	 Multiplicative Factor: 0%
	 Eff: 5099,661782987872
	 DR Bracket: 0
	 Base: 2%
	 Effective Percent: 5%
Avoidance
	 Rating: -0
	 Multiplicative Factor: 0%
	 Eff: -0,3180309960171144
	 DR Bracket: 0
	 Base: 0%
	 Effective Percent: -0%
Mastery
	 Rating: 28763
	 Multiplicative Factor: 0%
	 Eff: 35610,62222665355
	 DR Bracket: 2
	 Base: 19,8%
	 Effective Percent: 91,57%
----------------------
05:33,569

Intellect
	 Rating: 146396
	 Multiplicative Factor: 13,56%
	 Eff: 146396,2500000001
Stamina
	 Rating: 868193
	 Multiplicative Factor: 11,3%
	 Eff: 868193
Crit
	 Rating: 6358
	 Multiplicative Factor: 0%
	 Eff: 9857,661660475427
	 DR Bracket: 0
	 Base: 5%
	 Effective Percent: 14,08%
	 Crit Inc Heal: 2,6
	 Crit Inc Damage: 2
Haste
	 Rating: 21506
	 Multiplicative Factor: 0%
	 Eff: 30942,528618361812
	 DR Bracket: 1
	 Base: 11%
	 Effective Percent: 46,88%
Vers
	 Rating: 7365
	 Multiplicative Factor: 0%
	 Eff: 9704,865067102985
	 DR Bracket: 0
	 Base: 3%
	 Effective Percent: 12,44%
Leech
	 Rating: 3060
	 Multiplicative Factor: 0%
	 Eff: 5099,661782987872
	 DR Bracket: 0
	 Base: 2%
	 Effective Percent: 5%
Avoidance
	 Rating: -0
	 Multiplicative Factor: 0%
	 Eff: -0,3180309960171144
	 DR Bracket: 0
	 Base: 0%
	 Effective Percent: -0%
Mastery
	 Rating: 28763
	 Multiplicative Factor: 0%
	 Eff: 35610,62222665355
	 DR Bracket: 2
	 Base: 19,8%
	 Effective Percent: 91,57%
----------------------
05:38,735

Intellect
	 Rating: 146396
	 Multiplicative Factor: 13,56%
	 Eff: 146396,2500000001
Stamina
	 Rating: 868193
	 Multiplicative Factor: 11,3%
	 Eff: 868193
Crit
	 Rating: 6358
	 Multiplicative Factor: 0%
	 Eff: 9857,661660475427
	 DR Bracket: 0
	 Base: 5%
	 Effective Percent: 14,08%
	 Crit Inc Heal: 2,6
	 Crit Inc Damage: 2
Haste
	 Rating: 21506
	 Multiplicative Factor: 0%
	 Eff: 34435,95307307755
	 DR Bracket: 1
	 Base: 15%
	 Effective Percent: 52,18%
Vers
	 Rating: 7365
	 Multiplicative Factor: 0%
	 Eff: 9704,865067102985
	 DR Bracket: 0
	 Base: 3%
	 Effective Percent: 12,44%
Leech
	 Rating: 3060
	 Multiplicative Factor: 0%
	 Eff: 5099,661782987872
	 DR Bracket: 0
	 Base: 2%
	 Effective Percent: 5%
Avoidance
	 Rating: -0
	 Multiplicative Factor: 0%
	 Eff: -0,3180309960171144
	 DR Bracket: 0
	 Base: 0%
	 Effective Percent: -0%
Mastery
	 Rating: 28763
	 Multiplicative Factor: 0%
	 Eff: 35610,62222665355
	 DR Bracket: 2
	 Base: 19,8%
	 Effective Percent: 91,57%
----------------------
05:43,753

Intellect
	 Rating: 139425
	 Multiplicative Factor: 8,15%
	 Eff: 139425,00000000006
Stamina
	 Rating: 868193
	 Multiplicative Factor: 11,3%
	 Eff: 868193
Crit
	 Rating: 6358
	 Multiplicative Factor: 0%
	 Eff: 9857,661660475427
	 DR Bracket: 0
	 Base: 5%
	 Effective Percent: 14,08%
	 Crit Inc Heal: 2,6
	 Crit Inc Damage: 2
Haste
	 Rating: 21506
	 Multiplicative Factor: 0%
	 Eff: 30069,17250468288
	 DR Bracket: 1
	 Base: 10%
	 Effective Percent: 45,56%
Vers
	 Rating: 7365
	 Multiplicative Factor: 0%
	 Eff: 9704,865067102985
	 DR Bracket: 0
	 Base: 3%
	 Effective Percent: 12,44%
Leech
	 Rating: 3060
	 Multiplicative Factor: 0%
	 Eff: 5099,661782987872
	 DR Bracket: 0
	 Base: 2%
	 Effective Percent: 5%
Avoidance
	 Rating: -0
	 Multiplicative Factor: 0%
	 Eff: -0,3180309960171144
	 DR Bracket: 0
	 Base: 0%
	 Effective Percent: -0%
Mastery
	 Rating: 28763
	 Multiplicative Factor: 0%
	 Eff: 35610,62222665355
	 DR Bracket: 2
	 Base: 19,8%
	 Effective Percent: 91,57%
----------------------
05:48,769

Intellect
	 Rating: 146396
	 Multiplicative Factor: 13,56%
	 Eff: 146396,2500000001
Stamina
	 Rating: 868193
	 Multiplicative Factor: 11,3%
	 Eff: 868193
Crit
	 Rating: 6358
	 Multiplicative Factor: 0%
	 Eff: 9857,661660475427
	 DR Bracket: 0
	 Base: 5%
	 Effective Percent: 14,08%
	 Crit Inc Heal: 2,6
	 Crit Inc Damage: 2
Haste
	 Rating: 21506
	 Multiplicative Factor: 0%
	 Eff: 21335,611367893525
	 DR Bracket: 1
	 Base: 0%
	 Effective Percent: 32,33%
Vers
	 Rating: 7365
	 Multiplicative Factor: 0%
	 Eff: 9704,865067102985
	 DR Bracket: 0
	 Base: 3%
	 Effective Percent: 12,44%
Leech
	 Rating: 3060
	 Multiplicative Factor: 0%
	 Eff: 5099,661782987872
	 DR Bracket: 0
	 Base: 2%
	 Effective Percent: 5%
Avoidance
	 Rating: -0
	 Multiplicative Factor: 0%
	 Eff: -0,3180309960171144
	 DR Bracket: 0
	 Base: 0%
	 Effective Percent: -0%
Mastery
	 Rating: 28763
	 Multiplicative Factor: 0%
	 Eff: 35610,62222665355
	 DR Bracket: 2
	 Base: 19,8%
	 Effective Percent: 91,57%
----------------------
05:54,095

Intellect
	 Rating: 146396
	 Multiplicative Factor: 13,56%
	 Eff: 146396,2500000001
Stamina
	 Rating: 868193
	 Multiplicative Factor: 11,3%
	 Eff: 868193
Crit
	 Rating: 6358
	 Multiplicative Factor: 0%
	 Eff: 9857,661660475427
	 DR Bracket: 0
	 Base: 5%
	 Effective Percent: 14,08%
	 Crit Inc Heal: 2
	 Crit Inc Damage: 2
Haste
	 Rating: 21506
	 Multiplicative Factor: 0%
	 Eff: 26575,748049967136
	 DR Bracket: 1
	 Base: 6%
	 Effective Percent: 40,27%
Vers
	 Rating: 7365
	 Multiplicative Factor: 0%
	 Eff: 9704,865067102985
	 DR Bracket: 0
	 Base: 3%
	 Effective Percent: 12,44%
Leech
	 Rating: 3060
	 Multiplicative Factor: 0%
	 Eff: 5099,661782987872
	 DR Bracket: 0
	 Base: 2%
	 Effective Percent: 5%
Avoidance
	 Rating: -0
	 Multiplicative Factor: 0%
	 Eff: -0,3180309960171144
	 DR Bracket: 0
	 Base: 0%
	 Effective Percent: -0%
Mastery
	 Rating: 28763
	 Multiplicative Factor: 0%
	 Eff: 35610,62222665355
	 DR Bracket: 2
	 Base: 19,8%
	 Effective Percent: 91,57%
----------------------
05:59,161

Intellect
	 Rating: 146396
	 Multiplicative Factor: 13,56%
	 Eff: 146396,2500000001
Stamina
	 Rating: 868193
	 Multiplicative Factor: 11,3%
	 Eff: 868193
Crit
	 Rating: 6358
	 Multiplicative Factor: 0%
	 Eff: 9857,661660475427
	 DR Bracket: 0
	 Base: 5%
	 Effective Percent: 14,08%
	 Crit Inc Heal: 2,6
	 Crit Inc Damage: 2
Haste
	 Rating: 21506
	 Multiplicative Factor: 0%
	 Eff: 26575,748049967136
	 DR Bracket: 1
	 Base: 6%
	 Effective Percent: 40,27%
Vers
	 Rating: 7365
	 Multiplicative Factor: 0%
	 Eff: 9704,865067102985
	 DR Bracket: 0
	 Base: 3%
	 Effective Percent: 12,44%
Leech
	 Rating: 3060
	 Multiplicative Factor: 0%
	 Eff: 5099,661782987872
	 DR Bracket: 0
	 Base: 2%
	 Effective Percent: 5%
Avoidance
	 Rating: -0
	 Multiplicative Factor: 0%
	 Eff: -0,3180309960171144
	 DR Bracket: 0
	 Base: 0%
	 Effective Percent: -0%
Mastery
	 Rating: 28763
	 Multiplicative Factor: 0%
	 Eff: 35610,62222665355
	 DR Bracket: 2
	 Base: 19,8%
	 Effective Percent: 91,57%
----------------------
06:04,257

Intellect
	 Rating: 146396
	 Multiplicative Factor: 13,56%
	 Eff: 146396,2500000001
Stamina
	 Rating: 868193
	 Multiplicative Factor: 11,3%
	 Eff: 868193
Crit
	 Rating: 12343
	 Multiplicative Factor: 0%
	 Eff: 15842,538343581033
	 DR Bracket: 0
	 Base: 5%
	 Effective Percent: 22,63%
	 Crit Inc Heal: 2,6
	 Crit Inc Damage: 2
Haste
	 Rating: 21506
	 Multiplicative Factor: 0%
	 Eff: 21335,611367893525
	 DR Bracket: 1
	 Base: 0%
	 Effective Percent: 32,33%
Vers
	 Rating: 7365
	 Multiplicative Factor: 0%
	 Eff: 9704,865067102985
	 DR Bracket: 0
	 Base: 3%
	 Effective Percent: 12,44%
Leech
	 Rating: 3060
	 Multiplicative Factor: 0%
	 Eff: 5099,661782987872
	 DR Bracket: 0
	 Base: 2%
	 Effective Percent: 5%
Avoidance
	 Rating: -0
	 Multiplicative Factor: 0%
	 Eff: -0,3180309960171144
	 DR Bracket: 0
	 Base: 0%
	 Effective Percent: -0%
Mastery
	 Rating: 28763
	 Multiplicative Factor: 0%
	 Eff: 35610,62222665355
	 DR Bracket: 2
	 Base: 19,8%
	 Effective Percent: 91,57%
----------------------
06:09,361

Intellect
	 Rating: 146396
	 Multiplicative Factor: 13,56%
	 Eff: 146396,2500000001
Stamina
	 Rating: 868193
	 Multiplicative Factor: 11,3%
	 Eff: 868193
Crit
	 Rating: 12343
	 Multiplicative Factor: 0%
	 Eff: 15842,538343581033
	 DR Bracket: 0
	 Base: 5%
	 Effective Percent: 22,63%
	 Crit Inc Heal: 2
	 Crit Inc Damage: 2
Haste
	 Rating: 21506
	 Multiplicative Factor: 0%
	 Eff: 21335,611367893525
	 DR Bracket: 1
	 Base: 0%
	 Effective Percent: 32,33%
Vers
	 Rating: 7365
	 Multiplicative Factor: 0%
	 Eff: 9704,865067102985
	 DR Bracket: 0
	 Base: 3%
	 Effective Percent: 12,44%
Leech
	 Rating: 3060
	 Multiplicative Factor: 0%
	 Eff: 5099,661782987872
	 DR Bracket: 0
	 Base: 2%
	 Effective Percent: 5%
Avoidance
	 Rating: -0
	 Multiplicative Factor: 0%
	 Eff: -0,3180309960171144
	 DR Bracket: 0
	 Base: 0%
	 Effective Percent: -0%
Mastery
	 Rating: 28763
	 Multiplicative Factor: 0%
	 Eff: 35610,62222665355
	 DR Bracket: 2
	 Base: 19,8%
	 Effective Percent: 91,57%
----------------------
06:14,414

Intellect
	 Rating: 146396
	 Multiplicative Factor: 13,56%
	 Eff: 146396,2500000001
Stamina
	 Rating: 868193
	 Multiplicative Factor: 11,3%
	 Eff: 868193
Crit
	 Rating: 6358
	 Multiplicative Factor: 0%
	 Eff: 9857,661660475427
	 DR Bracket: 0
	 Base: 5%
	 Effective Percent: 14,08%
	 Crit Inc Heal: 2
	 Crit Inc Damage: 2
Haste
	 Rating: 21506
	 Multiplicative Factor: 0%
	 Eff: 21335,611367893525
	 DR Bracket: 1
	 Base: 0%
	 Effective Percent: 32,33%
Vers
	 Rating: 7365
	 Multiplicative Factor: 0%
	 Eff: 9704,865067102985
	 DR Bracket: 0
	 Base: 3%
	 Effective Percent: 12,44%
Leech
	 Rating: 3060
	 Multiplicative Factor: 0%
	 Eff: 5099,661782987872
	 DR Bracket: 0
	 Base: 2%
	 Effective Percent: 5%
Avoidance
	 Rating: -0
	 Multiplicative Factor: 0%
	 Eff: -0,3180309960171144
	 DR Bracket: 0
	 Base: 0%
	 Effective Percent: -0%
Mastery
	 Rating: 28763
	 Multiplicative Factor: 0%
	 Eff: 35610,62222665355
	 DR Bracket: 2
	 Base: 19,8%
	 Effective Percent: 91,57%
----------------------
06:19,441

Intellect
	 Rating: 146396
	 Multiplicative Factor: 13,56%
	 Eff: 146396,2500000001
Stamina
	 Rating: 868193
	 Multiplicative Factor: 11,3%
	 Eff: 868193
Crit
	 Rating: 6358
	 Multiplicative Factor: 0%
	 Eff: 9857,661660475427
	 DR Bracket: 0
	 Base: 5%
	 Effective Percent: 14,08%
	 Crit Inc Heal: 2,6
	 Crit Inc Damage: 2
Haste
	 Rating: 21506
	 Multiplicative Factor: 0%
	 Eff: 52776,431460335196
	 DR Bracket: 1
	 Base: 36%
	 Effective Percent: 79,96%
Vers
	 Rating: 7365
	 Multiplicative Factor: 0%
	 Eff: 9704,865067102985
	 DR Bracket: 0
	 Base: 3%
	 Effective Percent: 12,44%
Leech
	 Rating: 3060
	 Multiplicative Factor: 0%
	 Eff: 5099,661782987872
	 DR Bracket: 0
	 Base: 2%
	 Effective Percent: 5%
Avoidance
	 Rating: -0
	 Multiplicative Factor: 0%
	 Eff: -0,3180309960171144
	 DR Bracket: 0
	 Base: 0%
	 Effective Percent: -0%
Mastery
	 Rating: 28763
	 Multiplicative Factor: 0%
	 Eff: 35610,62222665355
	 DR Bracket: 2
	 Base: 19,8%
	 Effective Percent: 91,57%
----------------------
06:24,468

Intellect
	 Rating: 146396
	 Multiplicative Factor: 13,56%
	 Eff: 146396,2500000001
Stamina
	 Rating: 868193
	 Multiplicative Factor: 11,3%
	 Eff: 868193
Crit
	 Rating: 6358
	 Multiplicative Factor: 0%
	 Eff: 9857,661660475427
	 DR Bracket: 0
	 Base: 5%
	 Effective Percent: 14,08%
	 Crit Inc Heal: 2,6
	 Crit Inc Damage: 2
Haste
	 Rating: 21506
	 Multiplicative Factor: 0%
	 Eff: 48409,65089194052
	 DR Bracket: 1
	 Base: 31%
	 Effective Percent: 73,35%
Vers
	 Rating: 7365
	 Multiplicative Factor: 0%
	 Eff: 9704,865067102985
	 DR Bracket: 0
	 Base: 3%
	 Effective Percent: 12,44%
Leech
	 Rating: 3060
	 Multiplicative Factor: 0%
	 Eff: 5099,661782987872
	 DR Bracket: 0
	 Base: 2%
	 Effective Percent: 5%
Avoidance
	 Rating: -0
	 Multiplicative Factor: 0%
	 Eff: -0,3180309960171144
	 DR Bracket: 0
	 Base: 0%
	 Effective Percent: -0%
Mastery
	 Rating: 28763
	 Multiplicative Factor: 0%
	 Eff: 35610,62222665355
	 DR Bracket: 2
	 Base: 19,8%
	 Effective Percent: 91,57%
----------------------
06:29,490

Intellect
	 Rating: 146396
	 Multiplicative Factor: 13,56%
	 Eff: 146396,2500000001
Stamina
	 Rating: 868193
	 Multiplicative Factor: 11,3%
	 Eff: 868193
Crit
	 Rating: 6358
	 Multiplicative Factor: 0%
	 Eff: 9857,661660475427
	 DR Bracket: 0
	 Base: 5%
	 Effective Percent: 14,08%
	 Crit Inc Heal: 2,6
	 Crit Inc Damage: 2
Haste
	 Rating: 21506
	 Multiplicative Factor: 0%
	 Eff: 36182,66530043542
	 DR Bracket: 1
	 Base: 17%
	 Effective Percent: 54,82%
Vers
	 Rating: 7365
	 Multiplicative Factor: 0%
	 Eff: 9704,865067102985
	 DR Bracket: 0
	 Base: 3%
	 Effective Percent: 12,44%
Leech
	 Rating: 3060
	 Multiplicative Factor: 0%
	 Eff: 5099,661782987872
	 DR Bracket: 0
	 Base: 2%
	 Effective Percent: 5%
Avoidance
	 Rating: -0
	 Multiplicative Factor: 0%
	 Eff: -0,3180309960171144
	 DR Bracket: 0
	 Base: 0%
	 Effective Percent: -0%
Mastery
	 Rating: 28763
	 Multiplicative Factor: 0%
	 Eff: 35610,62222665355
	 DR Bracket: 2
	 Base: 19,8%
	 Effective Percent: 91,57%
----------------------
06:34,615

Intellect
	 Rating: 146396
	 Multiplicative Factor: 13,56%
	 Eff: 146396,2500000001
Stamina
	 Rating: 868193
	 Multiplicative Factor: 11,3%
	 Eff: 868193
Crit
	 Rating: 6358
	 Multiplicative Factor: 0%
	 Eff: 9857,661660475427
	 DR Bracket: 0
	 Base: 5%
	 Effective Percent: 14,08%
	 Crit Inc Heal: 2,6
	 Crit Inc Damage: 2
Haste
	 Rating: 21506
	 Multiplicative Factor: 0%
	 Eff: 31815,884732040748
	 DR Bracket: 1
	 Base: 12%
	 Effective Percent: 48,21%
Vers
	 Rating: 7365
	 Multiplicative Factor: 0%
	 Eff: 9704,865067102985
	 DR Bracket: 0
	 Base: 3%
	 Effective Percent: 12,44%
Leech
	 Rating: 3060
	 Multiplicative Factor: 0%
	 Eff: 5099,661782987872
	 DR Bracket: 0
	 Base: 2%
	 Effective Percent: 5%
Avoidance
	 Rating: -0
	 Multiplicative Factor: 0%
	 Eff: -0,3180309960171144
	 DR Bracket: 0
	 Base: 0%
	 Effective Percent: -0%
Mastery
	 Rating: 28763
	 Multiplicative Factor: 0%
	 Eff: 35610,62222665355
	 DR Bracket: 2
	 Base: 19,8%
	 Effective Percent: 91,57%
----------------------
06:40,175

Intellect
	 Rating: 139425
	 Multiplicative Factor: 8,15%
	 Eff: 139425,00000000006
Stamina
	 Rating: 868193
	 Multiplicative Factor: 11,3%
	 Eff: 868193
Crit
	 Rating: 12343
	 Multiplicative Factor: 0%
	 Eff: 15842,538343581033
	 DR Bracket: 0
	 Base: 5%
	 Effective Percent: 22,63%
	 Crit Inc Heal: 2,6
	 Crit Inc Damage: 2
Haste
	 Rating: 21506
	 Multiplicative Factor: 0%
	 Eff: 26575,748049967136
	 DR Bracket: 1
	 Base: 6%
	 Effective Percent: 40,27%
Vers
	 Rating: 7365
	 Multiplicative Factor: 0%
	 Eff: 9704,865067102985
	 DR Bracket: 0
	 Base: 3%
	 Effective Percent: 12,44%
Leech
	 Rating: 3060
	 Multiplicative Factor: 0%
	 Eff: 5099,661782987872
	 DR Bracket: 0
	 Base: 2%
	 Effective Percent: 5%
Avoidance
	 Rating: -0
	 Multiplicative Factor: 0%
	 Eff: -0,3180309960171144
	 DR Bracket: 0
	 Base: 0%
	 Effective Percent: -0%
Mastery
	 Rating: 28763
	 Multiplicative Factor: 0%
	 Eff: 35610,62222665355
	 DR Bracket: 2
	 Base: 19,8%
	 Effective Percent: 91,57%
----------------------
06:45,337

Intellect
	 Rating: 139425
	 Multiplicative Factor: 8,15%
	 Eff: 139425,00000000006
Stamina
	 Rating: 868193
	 Multiplicative Factor: 11,3%
	 Eff: 868193
Crit
	 Rating: 12343
	 Multiplicative Factor: 0%
	 Eff: 15842,538343581033
	 DR Bracket: 0
	 Base: 5%
	 Effective Percent: 22,63%
	 Crit Inc Heal: 2,6
	 Crit Inc Damage: 2
Haste
	 Rating: 21506
	 Multiplicative Factor: 0%
	 Eff: 22208,96748157246
	 DR Bracket: 1
	 Base: 1%
	 Effective Percent: 33,65%
Vers
	 Rating: 7365
	 Multiplicative Factor: 0%
	 Eff: 9704,865067102985
	 DR Bracket: 0
	 Base: 3%
	 Effective Percent: 12,44%
Leech
	 Rating: 3060
	 Multiplicative Factor: 0%
	 Eff: 5099,661782987872
	 DR Bracket: 0
	 Base: 2%
	 Effective Percent: 5%
Avoidance
	 Rating: -0
	 Multiplicative Factor: 0%
	 Eff: -0,3180309960171144
	 DR Bracket: 0
	 Base: 0%
	 Effective Percent: -0%
Mastery
	 Rating: 28763
	 Multiplicative Factor: 0%
	 Eff: 35610,62222665355
	 DR Bracket: 2
	 Base: 19,8%
	 Effective Percent: 91,57%
----------------------
06:50,370

Intellect
	 Rating: 139425
	 Multiplicative Factor: 8,15%
	 Eff: 139425,00000000006
Stamina
	 Rating: 868193
	 Multiplicative Factor: 11,3%
	 Eff: 868193
Crit
	 Rating: 6358
	 Multiplicative Factor: 0%
	 Eff: 9857,661660475427
	 DR Bracket: 0
	 Base: 5%
	 Effective Percent: 14,08%
	 Crit Inc Heal: 2
	 Crit Inc Damage: 2
Haste
	 Rating: 21506
	 Multiplicative Factor: 0%
	 Eff: 21335,611367893525
	 DR Bracket: 1
	 Base: 0%
	 Effective Percent: 32,33%
Vers
	 Rating: 7365
	 Multiplicative Factor: 0%
	 Eff: 9704,865067102985
	 DR Bracket: 0
	 Base: 3%
	 Effective Percent: 12,44%
Leech
	 Rating: 3060
	 Multiplicative Factor: 0%
	 Eff: 5099,661782987872
	 DR Bracket: 0
	 Base: 2%
	 Effective Percent: 5%
Avoidance
	 Rating: -0
	 Multiplicative Factor: 0%
	 Eff: -0,3180309960171144
	 DR Bracket: 0
	 Base: 0%
	 Effective Percent: -0%
Mastery
	 Rating: 28763
	 Multiplicative Factor: 0%
	 Eff: 35610,62222665355
	 DR Bracket: 2
	 Base: 19,8%
	 Effective Percent: 91,57%
----------------------
06:55,459

Intellect
	 Rating: 139425
	 Multiplicative Factor: 8,15%
	 Eff: 139425,00000000006
Stamina
	 Rating: 868193
	 Multiplicative Factor: 11,3%
	 Eff: 868193
Crit
	 Rating: 6358
	 Multiplicative Factor: 0%
	 Eff: 9857,661660475427
	 DR Bracket: 0
	 Base: 5%
	 Effective Percent: 14,08%
	 Crit Inc Heal: 2,6
	 Crit Inc Damage: 2
Haste
	 Rating: 21506
	 Multiplicative Factor: 0%
	 Eff: 29195,816391003944
	 DR Bracket: 1
	 Base: 9%
	 Effective Percent: 44,24%
Vers
	 Rating: 7365
	 Multiplicative Factor: 0%
	 Eff: 9704,865067102985
	 DR Bracket: 0
	 Base: 3%
	 Effective Percent: 12,44%
Leech
	 Rating: 3060
	 Multiplicative Factor: 0%
	 Eff: 5099,661782987872
	 DR Bracket: 0
	 Base: 2%
	 Effective Percent: 5%
Avoidance
	 Rating: -0
	 Multiplicative Factor: 0%
	 Eff: -0,3180309960171144
	 DR Bracket: 0
	 Base: 0%
	 Effective Percent: -0%
Mastery
	 Rating: 28763
	 Multiplicative Factor: 0%
	 Eff: 35610,62222665355
	 DR Bracket: 2
	 Base: 19,8%
	 Effective Percent: 91,57%
----------------------
07:00,697

Intellect
	 Rating: 139425
	 Multiplicative Factor: 8,15%
	 Eff: 139425,00000000006
Stamina
	 Rating: 868193
	 Multiplicative Factor: 11,3%
	 Eff: 868193
Crit
	 Rating: 6358
	 Multiplicative Factor: 0%
	 Eff: 9857,661660475427
	 DR Bracket: 0
	 Base: 5%
	 Effective Percent: 14,08%
	 Crit Inc Heal: 2,6
	 Crit Inc Damage: 2
Haste
	 Rating: 21506
	 Multiplicative Factor: 0%
	 Eff: 21335,611367893525
	 DR Bracket: 1
	 Base: 0%
	 Effective Percent: 32,33%
Vers
	 Rating: 7365
	 Multiplicative Factor: 0%
	 Eff: 9704,865067102985
	 DR Bracket: 0
	 Base: 3%
	 Effective Percent: 12,44%
Leech
	 Rating: 3060
	 Multiplicative Factor: 0%
	 Eff: 5099,661782987872
	 DR Bracket: 0
	 Base: 2%
	 Effective Percent: 5%
Avoidance
	 Rating: -0
	 Multiplicative Factor: 0%
	 Eff: -0,3180309960171144
	 DR Bracket: 0
	 Base: 0%
	 Effective Percent: -0%
Mastery
	 Rating: 28763
	 Multiplicative Factor: 0%
	 Eff: 35610,62222665355
	 DR Bracket: 2
	 Base: 19,8%
	 Effective Percent: 91,57%
----------------------
07:05,839

Intellect
	 Rating: 139425
	 Multiplicative Factor: 8,15%
	 Eff: 139425,00000000006
Stamina
	 Rating: 868193
	 Multiplicative Factor: 11,3%
	 Eff: 868193
Crit
	 Rating: 6358
	 Multiplicative Factor: 0%
	 Eff: 9857,661660475427
	 DR Bracket: 0
	 Base: 5%
	 Effective Percent: 14,08%
	 Crit Inc Heal: 2,6
	 Crit Inc Damage: 2
Haste
	 Rating: 21506
	 Multiplicative Factor: 0%
	 Eff: 21335,611367893525
	 DR Bracket: 1
	 Base: 0%
	 Effective Percent: 32,33%
Vers
	 Rating: 7365
	 Multiplicative Factor: 0%
	 Eff: 9704,865067102985
	 DR Bracket: 0
	 Base: 3%
	 Effective Percent: 12,44%
Leech
	 Rating: 3060
	 Multiplicative Factor: 0%
	 Eff: 5099,661782987872
	 DR Bracket: 0
	 Base: 2%
	 Effective Percent: 5%
Avoidance
	 Rating: -0
	 Multiplicative Factor: 0%
	 Eff: -0,3180309960171144
	 DR Bracket: 0
	 Base: 0%
	 Effective Percent: -0%
Mastery
	 Rating: 28763
	 Multiplicative Factor: 0%
	 Eff: 35610,62222665355
	 DR Bracket: 2
	 Base: 19,8%
	 Effective Percent: 91,57%
----------------------
07:10,852

Intellect
	 Rating: 146396
	 Multiplicative Factor: 13,56%
	 Eff: 146396,2500000001
Stamina
	 Rating: 868193
	 Multiplicative Factor: 11,3%
	 Eff: 868193
Crit
	 Rating: 6358
	 Multiplicative Factor: 0%
	 Eff: 9857,661660475427
	 DR Bracket: 0
	 Base: 5%
	 Effective Percent: 14,08%
	 Crit Inc Heal: 2,6
	 Crit Inc Damage: 2
Haste
	 Rating: 21506
	 Multiplicative Factor: 0%
	 Eff: 21335,611367893525
	 DR Bracket: 1
	 Base: 0%
	 Effective Percent: 32,33%
Vers
	 Rating: 7365
	 Multiplicative Factor: 0%
	 Eff: 9704,865067102985
	 DR Bracket: 0
	 Base: 3%
	 Effective Percent: 12,44%
Leech
	 Rating: 3060
	 Multiplicative Factor: 0%
	 Eff: 5099,661782987872
	 DR Bracket: 0
	 Base: 2%
	 Effective Percent: 5%
Avoidance
	 Rating: -0
	 Multiplicative Factor: 0%
	 Eff: -0,3180309960171144
	 DR Bracket: 0
	 Base: 0%
	 Effective Percent: -0%
Mastery
	 Rating: 28763
	 Multiplicative Factor: 0%
	 Eff: 35610,62222665355
	 DR Bracket: 2
	 Base: 19,8%
	 Effective Percent: 91,57%
----------------------
07:16,049

Intellect
	 Rating: 146396
	 Multiplicative Factor: 13,56%
	 Eff: 146396,2500000001
Stamina
	 Rating: 868193
	 Multiplicative Factor: 11,3%
	 Eff: 868193
Crit
	 Rating: 6358
	 Multiplicative Factor: 0%
	 Eff: 9857,661660475427
	 DR Bracket: 0
	 Base: 5%
	 Effective Percent: 14,08%
	 Crit Inc Heal: 2
	 Crit Inc Damage: 2
Haste
	 Rating: 21506
	 Multiplicative Factor: 0%
	 Eff: 22208,96748157246
	 DR Bracket: 1
	 Base: 1%
	 Effective Percent: 33,65%
Vers
	 Rating: 7365
	 Multiplicative Factor: 0%
	 Eff: 9704,865067102985
	 DR Bracket: 0
	 Base: 3%
	 Effective Percent: 12,44%
Leech
	 Rating: 3060
	 Multiplicative Factor: 0%
	 Eff: 5099,661782987872
	 DR Bracket: 0
	 Base: 2%
	 Effective Percent: 5%
Avoidance
	 Rating: -0
	 Multiplicative Factor: 0%
	 Eff: -0,3180309960171144
	 DR Bracket: 0
	 Base: 0%
	 Effective Percent: -0%
Mastery
	 Rating: 28763
	 Multiplicative Factor: 0%
	 Eff: 35610,62222665355
	 DR Bracket: 2
	 Base: 19,8%
	 Effective Percent: 91,57%
----------------------
07:21,627

Intellect
	 Rating: 146396
	 Multiplicative Factor: 13,56%
	 Eff: 146396,2500000001
Stamina
	 Rating: 868193
	 Multiplicative Factor: 11,3%
	 Eff: 868193
Crit
	 Rating: 12343
	 Multiplicative Factor: 0%
	 Eff: 15842,538343581033
	 DR Bracket: 0
	 Base: 5%
	 Effective Percent: 22,63%
	 Crit Inc Heal: 2
	 Crit Inc Damage: 2
Haste
	 Rating: 21506
	 Multiplicative Factor: 0%
	 Eff: 51029,719232977324
	 DR Bracket: 1
	 Base: 34%
	 Effective Percent: 77,32%
Vers
	 Rating: 7365
	 Multiplicative Factor: 0%
	 Eff: 9704,865067102985
	 DR Bracket: 0
	 Base: 3%
	 Effective Percent: 12,44%
Leech
	 Rating: 3060
	 Multiplicative Factor: 0%
	 Eff: 5099,661782987872
	 DR Bracket: 0
	 Base: 2%
	 Effective Percent: 5%
Avoidance
	 Rating: -0
	 Multiplicative Factor: 0%
	 Eff: -0,3180309960171144
	 DR Bracket: 0
	 Base: 0%
	 Effective Percent: -0%
Mastery
	 Rating: 28763
	 Multiplicative Factor: 0%
	 Eff: 35610,62222665355
	 DR Bracket: 2
	 Base: 19,8%
	 Effective Percent: 91,57%
----------------------
07:26,629

Intellect
	 Rating: 146396
	 Multiplicative Factor: 13,56%
	 Eff: 146396,2500000001
Stamina
	 Rating: 868193
	 Multiplicative Factor: 11,3%
	 Eff: 868193
Crit
	 Rating: 12343
	 Multiplicative Factor: 0%
	 Eff: 15842,538343581033
	 DR Bracket: 0
	 Base: 5%
	 Effective Percent: 22,63%
	 Crit Inc Heal: 2
	 Crit Inc Damage: 2
Haste
	 Rating: 21506
	 Multiplicative Factor: 0%
	 Eff: 38802,73364147223
	 DR Bracket: 1
	 Base: 20%
	 Effective Percent: 58,79%
Vers
	 Rating: 7365
	 Multiplicative Factor: 0%
	 Eff: 9704,865067102985
	 DR Bracket: 0
	 Base: 3%
	 Effective Percent: 12,44%
Leech
	 Rating: 3060
	 Multiplicative Factor: 0%
	 Eff: 5099,661782987872
	 DR Bracket: 0
	 Base: 2%
	 Effective Percent: 5%
Avoidance
	 Rating: -0
	 Multiplicative Factor: 0%
	 Eff: -0,3180309960171144
	 DR Bracket: 0
	 Base: 0%
	 Effective Percent: -0%
Mastery
	 Rating: 28763
	 Multiplicative Factor: 0%
	 Eff: 35610,62222665355
	 DR Bracket: 2
	 Base: 19,8%
	 Effective Percent: 91,57%
----------------------
07:31,933

Intellect
	 Rating: 146396
	 Multiplicative Factor: 13,56%
	 Eff: 146396,2500000001
Stamina
	 Rating: 868193
	 Multiplicative Factor: 11,3%
	 Eff: 868193
Crit
	 Rating: 6358
	 Multiplicative Factor: 0%
	 Eff: 9857,661660475427
	 DR Bracket: 0
	 Base: 5%
	 Effective Percent: 14,08%
	 Crit Inc Heal: 2,6
	 Crit Inc Damage: 2
Haste
	 Rating: 21506
	 Multiplicative Factor: 0%
	 Eff: 33562,596959398616
	 DR Bracket: 1
	 Base: 14%
	 Effective Percent: 50,85%
Vers
	 Rating: 7365
	 Multiplicative Factor: 0%
	 Eff: 9704,865067102985
	 DR Bracket: 0
	 Base: 3%
	 Effective Percent: 12,44%
Leech
	 Rating: 3060
	 Multiplicative Factor: 0%
	 Eff: 5099,661782987872
	 DR Bracket: 0
	 Base: 2%
	 Effective Percent: 5%
Avoidance
	 Rating: -0
	 Multiplicative Factor: 0%
	 Eff: -0,3180309960171144
	 DR Bracket: 0
	 Base: 0%
	 Effective Percent: -0%
Mastery
	 Rating: 28763
	 Multiplicative Factor: 0%
	 Eff: 35610,62222665355
	 DR Bracket: 2
	 Base: 19,8%
	 Effective Percent: 91,57%
----------------------
07:36,990

Intellect
	 Rating: 139425
	 Multiplicative Factor: 8,15%
	 Eff: 139425,00000000006
Stamina
	 Rating: 868193
	 Multiplicative Factor: 11,3%
	 Eff: 868193
Crit
	 Rating: 6358
	 Multiplicative Factor: 0%
	 Eff: 9857,661660475427
	 DR Bracket: 0
	 Base: 5%
	 Effective Percent: 14,08%
	 Crit Inc Heal: 2,6
	 Crit Inc Damage: 2
Haste
	 Rating: 21506
	 Multiplicative Factor: 0%
	 Eff: 37056,02141411436
	 DR Bracket: 1
	 Base: 18%
	 Effective Percent: 56,15%
Vers
	 Rating: 7365
	 Multiplicative Factor: 0%
	 Eff: 9704,865067102985
	 DR Bracket: 0
	 Base: 3%
	 Effective Percent: 12,44%
Leech
	 Rating: 3060
	 Multiplicative Factor: 0%
	 Eff: 5099,661782987872
	 DR Bracket: 0
	 Base: 2%
	 Effective Percent: 5%
Avoidance
	 Rating: -0
	 Multiplicative Factor: 0%
	 Eff: -0,3180309960171144
	 DR Bracket: 0
	 Base: 0%
	 Effective Percent: -0%
Mastery
	 Rating: 28763
	 Multiplicative Factor: 0%
	 Eff: 35610,62222665355
	 DR Bracket: 2
	 Base: 19,8%
	 Effective Percent: 91,57%
----------------------
07:42,031

Intellect
	 Rating: 139425
	 Multiplicative Factor: 8,15%
	 Eff: 139425,00000000006
Stamina
	 Rating: 868193
	 Multiplicative Factor: 11,3%
	 Eff: 868193
Crit
	 Rating: 6358
	 Multiplicative Factor: 0%
	 Eff: 9857,661660475427
	 DR Bracket: 0
	 Base: 5%
	 Effective Percent: 14,08%
	 Crit Inc Heal: 2,6
	 Crit Inc Damage: 2
Haste
	 Rating: 21506
	 Multiplicative Factor: 0%
	 Eff: 32689,240845719683
	 DR Bracket: 1
	 Base: 13%
	 Effective Percent: 49,53%
Vers
	 Rating: 7365
	 Multiplicative Factor: 0%
	 Eff: 9704,865067102985
	 DR Bracket: 0
	 Base: 3%
	 Effective Percent: 12,44%
Leech
	 Rating: 3060
	 Multiplicative Factor: 0%
	 Eff: 5099,661782987872
	 DR Bracket: 0
	 Base: 2%
	 Effective Percent: 5%
Avoidance
	 Rating: -0
	 Multiplicative Factor: 0%
	 Eff: -0,3180309960171144
	 DR Bracket: 0
	 Base: 0%
	 Effective Percent: -0%
Mastery
	 Rating: 28763
	 Multiplicative Factor: 0%
	 Eff: 35610,62222665355
	 DR Bracket: 2
	 Base: 19,8%
	 Effective Percent: 91,57%
