-----------
EssenceRegenDummy
-----------
Azure Strike
-----------
Blessing of the Bronze
-----------
Cauterizing Flame
-----------
Chrono Flames
-----------
Chrono Flame
	Eff: -5854767,816851243
	Dmg: 2095507,6296520852
-----------
Consume Flame
-----------
Deep Breath
-----------
Disintegrate
-----------
Dream Breath
	Eff: -15428260,413758028
-----------
Dream Breath (Echo)
-----------
Dream Flight
	Eff: -17335390,564249817
-----------
Echo
	Eff: -464399,8069133891
-----------
Emerald Blossom
	Eff: -39334860,53861323
-----------
Engulf
-----------
Enkindle
-----------
Expunge
-----------
Fire Breath
	Dmg: 916217,0143500649
-----------
Fluttering Seedlings
	Eff: -8952052,497104898
-----------
Golden Hour
	Eff: 5180164,41789438
-----------
Landslide
-----------
Lifebind
	Eff: 1065342,75653651
-----------
Life-Giver's Flame
-----------
Living Flame
	Eff: 3317263,9684585123
	Dmg: 14635279,732919216
-----------
Naturalize
-----------
Oppressing Roar
-----------
Panacea
	Eff: -5090256,742133558
-----------
Rewind
-----------
Renewing Blaze
-----------
Reversion
	Eff: -4908666,87505904
-----------
Reversion (Echo)
-----------
Sleep Walk
-----------
Source of Magic
-----------
Spatial Paradox
-----------
Spiritbloom
	Eff: -10539785,038407268
-----------
Spiritbloom (Echo)
	Eff: -6759239,275982833
-----------
Stasis
-----------
Tail Swipe
-----------
Temporal Anomaly
-----------
Time Spiral
-----------
Unravel
-----------
Verdant Embrace
	Eff: -56546084,340810984
-----------
Zephyr
-----------
Leech
	Eff: -21307012,70479814
-----------
Blessing of Summer
-----------
Holy Bulwark
-----------
ZeroCIMDummy
-----------
Hover
-----------
Stasis (Store)
-----------
Tip the Scales
-----------
Thread of Fate
-----------
Voidglass Shards
-----------
Bombardments
-----------
Ethereal Reconstitution
	Eff: 6978192,460060867
-----------
Cycle of Life
-----------
Ethereal Guard
	Eff: 8842661,773170264
-----------
Glide
-----------
Voidglass Barrier
	Eff: 7070372,837816762
-----------
Stasis (Release)
-----------
Emerald Communion
-----------
Obsidian Scales
-----------
Spirit Link
-----------
Take Off
-----------
Whirling Surge
-----------
Surge Forward
-----------
Wing Buffet
-----------
Rescue
-----------
Twin Guardian
-----------
Skyward Ascent
-----------
Second Wind
-----------
Invigorating Healing Potion
	Eff: 1203575,1251294948
-----------
Tempered Potion
-----------
Melee
	Dmg: 8519,322211777475
-----------
Healthstone
-----------
Time Dilation
