-----------
EssenceRegenDummy
-----------
Azure Strike
-----------
Blessing of the Bronze
-----------
Cauterizing Flame
-----------
Chrono Flames
-----------
Chrono Flame
	Eff: -6025897,563165193
	Dmg: 7157644,29313459
-----------
Consume Flame
-----------
Deep Breath
-----------
Disintegrate
-----------
Dream Breath
	Eff: -24361146,20813797
-----------
Dream Breath (Echo)
-----------
Dream Flight
	Eff: -25748332,425558478
-----------
Echo
	Eff: -604293,9860231326
-----------
Emerald Blossom
	Eff: -68192238,5284162
-----------
Engulf
-----------
Enkindle
-----------
Expunge
-----------
Fire Breath
	Dmg: 3121177,658453043
-----------
Fluttering Seedlings
	Eff: -15397178,715859244
-----------
Golden Hour
	Eff: 5180164,41789438
-----------
Landslide
-----------
Lifebind
	Eff: -558876,3019144083
-----------
Life-Giver's Flame
-----------
Living Flame
	Eff: -7275315,658746857
	Dmg: 29028430,00031779
-----------
Naturalize
-----------
Oppressing Roar
-----------
Panacea
	Eff: -9378534,010108488
-----------
Rewind
-----------
Renewing Blaze
-----------
Reversion
	Eff: -7567505,816865123
-----------
Reversion (Echo)
-----------
Sleep Walk
-----------
Source of Magic
-----------
Spatial Paradox
-----------
Spiritbloom
	Eff: -15572260,305757416
-----------
Spiritbloom (Echo)
	Eff: -26593258,851989545
-----------
Stasis
-----------
Tail Swipe
-----------
Temporal Anomaly
-----------
Time Spiral
-----------
Unravel
-----------
Verdant Embrace
	Eff: -61559300,41346922
-----------
Zephyr
-----------
Leech
	Eff: -22407272,786539022
-----------
Blessing of Summer
-----------
Holy Bulwark
-----------
ZeroCIMDummy
-----------
Hover
-----------
Stasis (Store)
-----------
Tip the Scales
-----------
Thread of Fate
-----------
Voidglass Shards
-----------
Bombardments
-----------
Ethereal Reconstitution
	Eff: 13070346,000428475
-----------
Cycle of Life
-----------
Ethereal Guard
	Eff: 27390272,709359463
-----------
Glide
-----------
Voidglass Barrier
	Eff: 13331255,15248195
-----------
Stasis (Release)
-----------
Emerald Communion
-----------
Obsidian Scales
-----------
Spirit Link
-----------
Take Off
-----------
Whirling Surge
-----------
Surge Forward
-----------
Wing Buffet
-----------
Rescue
-----------
Twin Guardian
-----------
Skyward Ascent
-----------
Second Wind
-----------
Invigorating Healing Potion
	Eff: 2269352,3320951536
-----------
Tempered Potion
-----------
Melee
	Dmg: 25717,17763648602
-----------
Healthstone
-----------
Time Dilation
