-----------
EssenceRegenDummy
-----------
Azure Strike
-----------
Blessing of the Bronze
-----------
Cauterizing Flame
-----------
Chrono Flames
-----------
Chrono Flame
	Eff: 4244767,0455155885
	Dmg: 9612016,934803938
-----------
Consume Flame
-----------
Deep Breath
-----------
Disintegrate
-----------
Dream Breath
	Eff: -5456904,510316039
-----------
Dream Breath (Echo)
-----------
Dream Flight
	Eff: -10606617,849749777
-----------
Echo
	Eff: -37705,91011964274
-----------
Emerald Blossom
	Eff: 1188254,1090689674
-----------
Engulf
-----------
Enkindle
-----------
Expunge
-----------
Fire Breath
	Dmg: 2721994,5909154825
-----------
Fluttering Seedlings
	Eff: -1086437,175511308
-----------
Golden Hour
	Eff: 5180164,41789438
-----------
Landslide
-----------
Lifebind
	Eff: 3134727,736012063
-----------
Life-Giver's Flame
-----------
Living Flame
	Eff: 20299517,998170648
	Dmg: 25373508,0924024
-----------
Naturalize
-----------
Oppressing Roar
-----------
Panacea
	Eff: -2283575,425156483
-----------
Rewind
-----------
Renewing Blaze
-----------
Reversion
	Eff: 5235452,5224546995
-----------
Reversion (Echo)
-----------
Sleep Walk
-----------
Source of Magic
-----------
Spatial Paradox
-----------
Spiritbloom
	Eff: -11042454,145846188
-----------
Spiritbloom (Echo)
	Eff: -5225433,80581309
-----------
Stasis
-----------
Tail Swipe
-----------
Temporal Anomaly
-----------
Time Spiral
-----------
Unravel
-----------
Verdant Embrace
	Eff: -15371057,175089926
-----------
Zephyr
-----------
Leech
	Eff: -16218463,965219272
-----------
Blessing of Summer
-----------
Holy Bulwark
-----------
ZeroCIMDummy
-----------
Hover
-----------
Stasis (Store)
-----------
Tip the Scales
-----------
Thread of Fate
-----------
Voidglass Shards
-----------
Bombardments
-----------
Ethereal Reconstitution
	Eff: 6833629,939419336
-----------
Cycle of Life
-----------
Ethereal Guard
	Eff: 18921898,69926869
-----------
Glide
-----------
Voidglass Barrier
	Eff: 485356,31574499793
-----------
Stasis (Release)
-----------
Emerald Communion
-----------
Obsidian Scales
-----------
Spirit Link
-----------
Take Off
-----------
Whirling Surge
-----------
Surge Forward
-----------
Wing Buffet
-----------
Rescue
-----------
Twin Guardian
-----------
Skyward Ascent
-----------
Second Wind
-----------
Invigorating Healing Potion
	Eff: 82621,21416436695
-----------
Tempered Potion
-----------
Melee
	Dmg: 21015,67697440651
-----------
Healthstone
-----------
Time Dilation
