-----------
EssenceRegenDummy
-----------
Azure Strike
-----------
Blessing of the Bronze
-----------
Cauterizing Flame
-----------
Chrono Flames
-----------
Chrono Flame
	Eff: 4352155,509751574
	Dmg: 16493279,33678001
-----------
Consume Flame
-----------
Deep Breath
-----------
Disintegrate
-----------
Dream Breath
	Eff: -14002873,97971336
-----------
Dream Breath (Echo)
-----------
Dream Flight
	Eff: -18233433,61748733
-----------
Echo
	Eff: -208195,22456758283
-----------
Emerald Blossom
	Eff: -26829315,949987523
-----------
Engulf
-----------
Enkindle
-----------
Expunge
-----------
Fire Breath
	Dmg: 5541289,057136983
-----------
Fluttering Seedlings
	Eff: -7785363,163876945
-----------
Golden Hour
	Eff: 5180164,41789438
-----------
Landslide
-----------
Lifebind
	Eff: 1377942,8945380484
-----------
Life-Giver's Flame
-----------
Living Flame
	Eff: 10004867,44911008
	Dmg: 43649571,94263832
-----------
Naturalize
-----------
Oppressing Roar
-----------
Panacea
	Eff: -6862553,375678535
-----------
Rewind
-----------
Renewing Blaze
-----------
Reversion
	Eff: 3618461,680903339
-----------
Reversion (Echo)
-----------
Sleep Walk
-----------
Source of Magic
-----------
Spatial Paradox
-----------
Spiritbloom
	Eff: -16176922,324926363
-----------
Spiritbloom (Echo)
	Eff: -25411631,078184314
-----------
Stasis
-----------
Tail Swipe
-----------
Temporal Anomaly
-----------
Time Spiral
-----------
Unravel
-----------
Verdant Embrace
	Eff: -21094447,248680346
-----------
Zephyr
-----------
Leech
	Eff: -17009713,447980247
-----------
Blessing of Summer
-----------
Holy Bulwark
-----------
ZeroCIMDummy
-----------
Hover
-----------
Stasis (Store)
-----------
Tip the Scales
-----------
Thread of Fate
-----------
Voidglass Shards
-----------
Bombardments
-----------
Ethereal Reconstitution
	Eff: 14000625,965749212
-----------
Cycle of Life
-----------
Ethereal Guard
	Eff: 38429744,130842865
-----------
Glide
-----------
Voidglass Barrier
	Eff: 7070372,837816762
-----------
Stasis (Release)
-----------
Emerald Communion
-----------
Obsidian Scales
-----------
Spirit Link
-----------
Take Off
-----------
Whirling Surge
-----------
Surge Forward
-----------
Wing Buffet
-----------
Rescue
-----------
Twin Guardian
-----------
Skyward Ascent
-----------
Second Wind
-----------
Invigorating Healing Potion
	Eff: 1203575,1251294948
-----------
Tempered Potion
-----------
Melee
	Dmg: 42812,54067358873
-----------
Healthstone
-----------
Time Dilation
