-----------
EssenceRegenDummy
-----------
Azure Strike
-----------
Blessing of the Bronze
-----------
Cauterizing Flame
-----------
Chrono Flames
-----------
Chrono Flame
	Eff: -2017423,364222435
	Dmg: 3982154,649879923
-----------
Consume Flame
-----------
Deep Breath
-----------
Disintegrate
-----------
Dream Breath
	Eff: -9937425,708601175
-----------
Dream Breath (Echo)
-----------
Dream Flight
	Eff: -13236451,230332753
-----------
Echo
	Eff: -274666,2579784326
-----------
Emerald Blossom
	Eff: -18269829,516104713
-----------
Engulf
-----------
Enkindle
-----------
Expunge
-----------
Fire Breath
	Dmg: 1217159,3302023914
-----------
Fluttering Seedlings
	Eff: -4705800,56025156
-----------
Golden Hour
	Eff: 5180164,41789438
-----------
Landslide
-----------
Lifebind
	Eff: 2168637,2111391365
-----------
Life-Giver's Flame
-----------
Living Flame
	Eff: 11944428,430855718
	Dmg: 16233987,659179233
-----------
Naturalize
-----------
Oppressing Roar
-----------
Panacea
	Eff: -3172855,34077786
-----------
Rewind
-----------
Renewing Blaze
-----------
Reversion
	Eff: -1616871,7900681794
-----------
Reversion (Echo)
-----------
Sleep Walk
-----------
Source of Magic
-----------
Spatial Paradox
-----------
Spiritbloom
	Eff: -9747299,366020212
-----------
Spiritbloom (Echo)
	Eff: -2317997,4463188755
-----------
Stasis
-----------
Tail Swipe
-----------
Temporal Anomaly
-----------
Time Spiral
-----------
Unravel
-----------
Verdant Embrace
	Eff: -40086564,40408106
-----------
Zephyr
-----------
Leech
	Eff: -19165279,3134008
-----------
Blessing of Summer
-----------
Holy Bulwark
-----------
ZeroCIMDummy
-----------
Hover
-----------
Stasis (Store)
-----------
Tip the Scales
-----------
Thread of Fate
-----------
Voidglass Shards
-----------
Bombardments
-----------
Ethereal Reconstitution
	Eff: 5995368,49888696
-----------
Cycle of Life
-----------
Ethereal Guard
	Eff: 8985787,06999641
-----------
Glide
-----------
Voidglass Barrier
	Eff: 3778174,16853086
-----------
Stasis (Release)
-----------
Emerald Communion
-----------
Obsidian Scales
-----------
Spirit Link
-----------
Take Off
-----------
Whirling Surge
-----------
Surge Forward
-----------
Wing Buffet
-----------
Rescue
-----------
Twin Guardian
-----------
Skyward Ascent
-----------
Second Wind
-----------
Invigorating Healing Potion
	Eff: 643150,8708181083
-----------
Tempered Potion
-----------
Melee
	Dmg: 10311,077604428614
-----------
Healthstone
-----------
Time Dilation
