-----------
EssenceRegenDummy
-----------
Azure Strike
-----------
Blessing of the Bronze
-----------
Cauterizing Flame
-----------
Chrono Flames
-----------
Chrono Flame
	Eff: 340089,57754411444
	Dmg: 2167173,2302251174
-----------
Consume Flame
-----------
Deep Breath
-----------
Disintegrate
-----------
Dream Breath
	Eff: -7098296,307495359
-----------
Dream Breath (Echo)
-----------
Dream Flight
	Eff: -11331788,215406822
-----------
Echo
	Eff: -113449,83102322859
-----------
Emerald Blossom
	Eff: -7605806,4567899695
-----------
Engulf
-----------
Enkindle
-----------
Expunge
-----------
Fire Breath
	Dmg: 24755,345006593823
-----------
Fluttering Seedlings
	Eff: -1736164,9514993164
-----------
Golden Hour
	Eff: 5180164,41789438
-----------
Landslide
-----------
Lifebind
	Eff: 2995437,8048443124
-----------
Life-Giver's Flame
-----------
Living Flame
	Eff: 15558288,214410026
	Dmg: 8168259,445247751
-----------
Naturalize
-----------
Oppressing Roar
-----------
Panacea
	Eff: -1709503,3910334718
-----------
Rewind
-----------
Renewing Blaze
-----------
Reversion
	Eff: 2200582,3523692493
-----------
Reversion (Echo)
-----------
Sleep Walk
-----------
Source of Magic
-----------
Spatial Paradox
-----------
Spiritbloom
	Eff: -9323343,63615533
-----------
Spiritbloom (Echo)
	Eff: 385903,73771680705
-----------
Stasis
-----------
Tail Swipe
-----------
Temporal Anomaly
-----------
Time Spiral
-----------
Unravel
-----------
Verdant Embrace
	Eff: -26525533,636987522
-----------
Zephyr
-----------
Leech
	Eff: -18426951,959618766
-----------
Blessing of Summer
-----------
Holy Bulwark
-----------
ZeroCIMDummy
-----------
Hover
-----------
Stasis (Store)
-----------
Tip the Scales
-----------
Thread of Fate
-----------
Voidglass Shards
-----------
Bombardments
-----------
Ethereal Reconstitution
	Eff: 1301077,4370577782
-----------
Cycle of Life
-----------
Ethereal Guard
	Eff: -624066,2774809423
-----------
Glide
-----------
Voidglass Barrier
	Eff: -2806842,353540906
-----------
Stasis (Release)
-----------
Emerald Communion
-----------
Obsidian Scales
-----------
Spirit Link
-----------
Take Off
-----------
Whirling Surge
-----------
Surge Forward
-----------
Wing Buffet
-----------
Rescue
-----------
Twin Guardian
-----------
Skyward Ascent
-----------
Second Wind
-----------
Invigorating Healing Potion
	Eff: -477803,04014701955
-----------
Tempered Potion
-----------
Melee
	Dmg: 582,2191031439907
-----------
Healthstone
-----------
Time Dilation
