-----------
EssenceRegenDummy
-----------
Azure Strike
-----------
Blessing of the Bronze
-----------
Cauterizing Flame
-----------
Chrono Flames
-----------
Chrono Flame
	Eff: 3635212,976779066
	Dmg: 6171709,253439888
-----------
Consume Flame
-----------
Deep Breath
-----------
Disintegrate
-----------
Dream Breath
	Eff: -4550331,999753334
-----------
Dream Breath (Echo)
-----------
Dream Flight
	Eff: -9771216,427108854
-----------
Echo
	Eff: -2519,9451322769746
-----------
Emerald Blossom
	Eff: 3476302,95909602
-----------
Engulf
-----------
Enkindle
-----------
Expunge
-----------
Fire Breath
	Dmg: 1312479,9057345067
-----------
Fluttering Seedlings
	Eff: 43340,28367226108
-----------
Golden Hour
	Eff: 5180164,41789438
-----------
Landslide
-----------
Lifebind
	Eff: 3461223,623624257
-----------
Life-Giver's Flame
-----------
Living Flame
	Eff: 20597806,217843674
	Dmg: 16236335,408650225
-----------
Naturalize
-----------
Oppressing Roar
-----------
Panacea
	Eff: -1338555,7424467658
-----------
Rewind
-----------
Renewing Blaze
-----------
Reversion
	Eff: 5414684,233657062
-----------
Reversion (Echo)
-----------
Sleep Walk
-----------
Source of Magic
-----------
Spatial Paradox
-----------
Spiritbloom
	Eff: -9982791,15076138
-----------
Spiritbloom (Echo)
	Eff: -1150374,2393880761
-----------
Stasis
-----------
Tail Swipe
-----------
Temporal Anomaly
-----------
Time Spiral
-----------
Unravel
-----------
Verdant Embrace
	Eff: -14751147,43764501
-----------
Zephyr
-----------
Leech
	Eff: -16661129,16747865
-----------
Blessing of Summer
-----------
Holy Bulwark
-----------
ZeroCIMDummy
-----------
Hover
-----------
Stasis (Store)
-----------
Tip the Scales
-----------
Thread of Fate
-----------
Voidglass Shards
-----------
Bombardments
-----------
Ethereal Reconstitution
	Eff: 3250468,879523152
-----------
Cycle of Life
-----------
Ethereal Guard
	Eff: 9168893,136534326
-----------
Glide
-----------
Voidglass Barrier
	Eff: -2806842,353540906
-----------
Stasis (Release)
-----------
Emerald Communion
-----------
Obsidian Scales
-----------
Spirit Link
-----------
Take Off
-----------
Whirling Surge
-----------
Surge Forward
-----------
Wing Buffet
-----------
Rescue
-----------
Twin Guardian
-----------
Skyward Ascent
-----------
Second Wind
-----------
Invigorating Healing Potion
	Eff: -477803,04014701955
-----------
Tempered Potion
-----------
Melee
	Dmg: 10118,269895088019
-----------
Healthstone
-----------
Time Dilation
