-----------
EssenceRegenDummy
-----------
Azure Strike
-----------
Blessing of the Bronze
-----------
Cauterizing Flame
-----------
Chrono Flames
-----------
Chrono Flame
	Eff: 6521803,045795825
	Dmg: 13740328,218103865
-----------
Consume Flame
-----------
Deep Breath
-----------
Disintegrate
-----------
Dream Breath
	Eff: -7598399,7329663085
-----------
Dream Breath (Echo)
-----------
Dream Flight
	Eff: -12998799,315908123
-----------
Echo
	Eff: -15089,256054932252
-----------
Emerald Blossom
	Eff: -4562434,3592674965
-----------
Engulf
-----------
Enkindle
-----------
Expunge
-----------
Fire Breath
	Dmg: 4052024,7346106423
-----------
Fluttering Seedlings
	Eff: -2603367,369716973
-----------
Golden Hour
	Eff: 5180670,3091696175
-----------
Landslide
-----------
Lifebind
	Eff: 2766967,0046226354
-----------
Life-Giver's Flame
-----------
Living Flame
	Eff: 18297272,13237389
	Dmg: 33687982,488684416
-----------
Naturalize
-----------
Oppressing Roar
-----------
Panacea
	Eff: -3875741,939031678
-----------
Rewind
-----------
Renewing Blaze
-----------
Reversion
	Eff: 7481966,664902609
-----------
Reversion (Echo)
-----------
Sleep Walk
-----------
Source of Magic
-----------
Spatial Paradox
-----------
Spiritbloom
	Eff: -13704192,828615805
-----------
Spiritbloom (Echo)
	Eff: -14871733,411742058
-----------
Stasis
-----------
Tail Swipe
-----------
Temporal Anomaly
-----------
Time Spiral
-----------
Unravel
-----------
Verdant Embrace
	Eff: -8164622,258591901
-----------
Zephyr
-----------
Leech
	Eff: -15696873,639884826
-----------
Blessing of Summer
-----------
Holy Bulwark
-----------
ZeroCIMDummy
-----------
Hover
-----------
Stasis (Store)
-----------
Tip the Scales
-----------
Thread of Fate
-----------
Voidglass Shards
-----------
Bombardments
-----------
Ethereal Reconstitution
	Eff: 8836140,270831414
-----------
Cycle of Life
-----------
Ethereal Guard
	Eff: 28351493,969246704
-----------
Glide
-----------
Voidglass Barrier
	Eff: 485356,31574499793
-----------
Stasis (Release)
-----------
Emerald Communion
-----------
Obsidian Scales
-----------
Spirit Link
-----------
Take Off
-----------
Whirling Surge
-----------
Surge Forward
-----------
Wing Buffet
-----------
Rescue
-----------
Twin Guardian
-----------
Skyward Ascent
-----------
Second Wind
-----------
Invigorating Healing Potion
	Eff: 82621,21416436695
-----------
Tempered Potion
-----------
Melee
	Dmg: 30842,11647350089
-----------
Healthstone
-----------
Time Dilation
