-----------
EssenceRegenDummy
-----------
Azure Strike
-----------
Blessing of the Bronze
-----------
Cauterizing Flame
-----------
Chrono Flames
-----------
Chrono Flame
	Eff: -6302212,399152419
	Dmg: -566347,1616804202
-----------
Consume Flame
-----------
Deep Breath
-----------
Disintegrate
-----------
Dream Breath
	Eff: -14720516,762711449
-----------
Dream Breath (Echo)
-----------
Dream Flight
	Eff: -16532495,190620437
-----------
Echo
	Eff: -442156,30026502814
-----------
Emerald Blossom
	Eff: -37863183,51380137
-----------
Engulf
-----------
Enkindle
-----------
Expunge
-----------
Fire Breath
	Dmg: -243231,1486253144
-----------
Fluttering Seedlings
	Eff: -8127642,035311082
-----------
Golden Hour
	Eff: 5180164,41789438
-----------
Landslide
-----------
Lifebind
	Eff: 1287859,0515967635
-----------
Life-Giver's Flame
-----------
Living Flame
	Eff: 3255082,640792364
	Dmg: 7066840,050517107
-----------
Naturalize
-----------
Oppressing Roar
-----------
Panacea
	Eff: -4408410,474281433
-----------
Rewind
-----------
Renewing Blaze
-----------
Reversion
	Eff: -5802293,126743111
-----------
Reversion (Echo)
-----------
Sleep Walk
-----------
Source of Magic
-----------
Spatial Paradox
-----------
Spiritbloom
	Eff: -9739609,521603238
-----------
Spiritbloom (Echo)
	Eff: -3650308,3321113377
-----------
Stasis
-----------
Tail Swipe
-----------
Temporal Anomaly
-----------
Time Spiral
-----------
Unravel
-----------
Verdant Embrace
	Eff: -55947791,97620199
-----------
Zephyr
-----------
Leech
	Eff: -21728395,69870196
-----------
Blessing of Summer
-----------
Holy Bulwark
-----------
ZeroCIMDummy
-----------
Hover
-----------
Stasis (Store)
-----------
Tip the Scales
-----------
Thread of Fate
-----------
Voidglass Shards
-----------
Bombardments
-----------
Ethereal Reconstitution
	Eff: 3774717,491092984
-----------
Cycle of Life
-----------
Ethereal Guard
	Eff: -910343,7895640893
-----------
Glide
-----------
Voidglass Barrier
	Eff: 3778174,16853086
-----------
Stasis (Release)
-----------
Emerald Communion
-----------
Obsidian Scales
-----------
Spirit Link
-----------
Take Off
-----------
Whirling Surge
-----------
Surge Forward
-----------
Wing Buffet
-----------
Rescue
-----------
Twin Guardian
-----------
Skyward Ascent
-----------
Second Wind
-----------
Invigorating Healing Potion
	Eff: 643150,8708181083
-----------
Tempered Potion
-----------
Melee
	Dmg: -523,9330193863243
-----------
Healthstone
-----------
Time Dilation
