-----------
EssenceRegenDummy
-----------
Azure Strike
-----------
Blessing of the Bronze
-----------
Cauterizing Flame
-----------
Chrono Flames
-----------
Chrono Flame
	Eff: -6606139,230593803
	Dmg: 9415546,721490163
-----------
Consume Flame
-----------
Deep Breath
-----------
Disintegrate
-----------
Dream Breath
	Eff: -32086215,422880534
-----------
Dream Breath (Echo)
-----------
Dream Flight
	Eff: -32895916,91072063
-----------
Echo
	Eff: -714809,261429822
-----------
Emerald Blossom
	Eff: -93911660,84714837
-----------
Engulf
-----------
Enkindle
-----------
Expunge
-----------
Fire Breath
	Dmg: 4104672,6376904305
-----------
Fluttering Seedlings
	Eff: -20676658,820848703
-----------
Golden Hour
	Eff: 5180164,41789438
-----------
Landslide
-----------
Lifebind
	Eff: -1869665,4795534639
-----------
Life-Giver's Flame
-----------
Living Flame
	Eff: -17280870,807596825
	Dmg: 35448313,7570887
-----------
Naturalize
-----------
Oppressing Roar
-----------
Panacea
	Eff: -12766238,532958716
-----------
Rewind
-----------
Renewing Blaze
-----------
Reversion
	Eff: -8081758,508483992
-----------
Reversion (Echo)
-----------
Sleep Walk
-----------
Source of Magic
-----------
Spatial Paradox
-----------
Spiritbloom
	Eff: -19547875,257629428
-----------
Spiritbloom (Echo)
	Eff: -42303910,42286548
-----------
Stasis
-----------
Tail Swipe
-----------
Temporal Anomaly
-----------
Time Spiral
-----------
Unravel
-----------
Verdant Embrace
	Eff: -65706121,24868362
-----------
Zephyr
-----------
Leech
	Eff: -23758328,839501303
-----------
Blessing of Summer
-----------
Holy Bulwark
-----------
ZeroCIMDummy
-----------
Hover
-----------
Stasis (Store)
-----------
Tip the Scales
-----------
Thread of Fate
-----------
Voidglass Shards
-----------
Bombardments
-----------
Ethereal Reconstitution
	Eff: 15787674,50954223
-----------
Cycle of Life
-----------
Ethereal Guard
	Eff: 35663201,42642128
-----------
Glide
-----------
Voidglass Barrier
	Eff: 16123843,010472685
-----------
Stasis (Release)
-----------
Emerald Communion
-----------
Obsidian Scales
-----------
Spirit Link
-----------
Take Off
-----------
Whirling Surge
-----------
Surge Forward
-----------
Wing Buffet
-----------
Rescue
-----------
Twin Guardian
-----------
Skyward Ascent
-----------
Second Wind
-----------
Invigorating Healing Potion
	Eff: 2744728,8585831337
-----------
Tempered Potion
-----------
Melee
	Dmg: 33388,06487390083
-----------
Healthstone
-----------
Time Dilation
