-----------
EssenceRegenDummy
-----------
Azure Strike
-----------
Blessing of the Bronze
-----------
Cauterizing Flame
-----------
Chrono Flames
-----------
Chrono Flame
	Eff: -1810583,7495502492
	Dmg: 9826707,345585562
-----------
Consume Flame
-----------
Deep Breath
-----------
Disintegrate
-----------
Dream Breath
	Eff: -16946222,93855504
-----------
Dream Breath (Echo)
-----------
Dream Flight
	Eff: -19773182,470613886
-----------
Echo
	Eff: -402022,1040457338
-----------
Emerald Blossom
	Eff: -40606766,94076277
-----------
Engulf
-----------
Enkindle
-----------
Expunge
-----------
Fire Breath
	Dmg: 3703251,332133824
-----------
Fluttering Seedlings
	Eff: -10101964,781743681
-----------
Golden Hour
	Eff: 5180670,3091696175
-----------
Landslide
-----------
Lifebind
	Eff: 778734,6768599978
-----------
Life-Giver's Flame
-----------
Living Flame
	Eff: 4064210,205033752
	Dmg: 32421246,541669995
-----------
Naturalize
-----------
Oppressing Roar
-----------
Panacea
	Eff: -6875809,930309411
-----------
Rewind
-----------
Renewing Blaze
-----------
Reversion
	Eff: -3019257,6622489104
-----------
Reversion (Echo)
-----------
Sleep Walk
-----------
Source of Magic
-----------
Spatial Paradox
-----------
Spiritbloom
	Eff: -14018392,704134794
-----------
Spiritbloom (Echo)
	Eff: -19105685,544615895
-----------
Stasis
-----------
Tail Swipe
-----------
Temporal Anomaly
-----------
Time Spiral
-----------
Unravel
-----------
Verdant Embrace
	Eff: -44398854,72221771
-----------
Zephyr
-----------
Leech
	Eff: -19676490,391421404
-----------
Blessing of Summer
-----------
Holy Bulwark
-----------
ZeroCIMDummy
-----------
Hover
-----------
Stasis (Store)
-----------
Tip the Scales
-----------
Thread of Fate
-----------
Voidglass Shards
-----------
Bombardments
-----------
Ethereal Reconstitution
	Eff: 12656843,422307285
-----------
Cycle of Life
-----------
Ethereal Guard
	Eff: 28493757,606285147
-----------
Glide
-----------
Voidglass Barrier
	Eff: 10362571,507102666
-----------
Stasis (Release)
-----------
Emerald Communion
-----------
Obsidian Scales
-----------
Spirit Link
-----------
Take Off
-----------
Whirling Surge
-----------
Surge Forward
-----------
Wing Buffet
-----------
Rescue
-----------
Twin Guardian
-----------
Skyward Ascent
-----------
Second Wind
-----------
Invigorating Healing Potion
	Eff: 1763999,3794408813
-----------
Tempered Potion
-----------
Melee
	Dmg: 29638,14416710445
-----------
Healthstone
-----------
Time Dilation
