-----------
EssenceRegenDummy
-----------
Azure Strike
-----------
Blessing of the Bronze
-----------
Cauterizing Flame
-----------
Chrono Flames
-----------
Chrono Flame
	Eff: -2633154,050979502
	Dmg: 1060508,8667434463
-----------
Consume Flame
-----------
Deep Breath
-----------
Disintegrate
-----------
Dream Breath
	Eff: -9935714,128803626
-----------
Dream Breath (Echo)
-----------
Dream Flight
	Eff: -13116921,454765145
-----------
Echo
	Eff: -258720,9439583649
-----------
Emerald Blossom
	Eff: -19193106,842473194
-----------
Engulf
-----------
Enkindle
-----------
Expunge
-----------
Fire Breath
	Dmg: -25784,30196498045
-----------
Fluttering Seedlings
	Eff: -4281350,526231025
-----------
Golden Hour
	Eff: 5180670,3091696175
-----------
Landslide
-----------
Lifebind
	Eff: 2303196,533467047
-----------
Life-Giver's Flame
-----------
Living Flame
	Eff: 10904359,920545854
	Dmg: 8142104,650011232
-----------
Naturalize
-----------
Oppressing Roar
-----------
Panacea
	Eff: -2709339,9118291377
-----------
Rewind
-----------
Renewing Blaze
-----------
Reversion
	Eff: -1889469,1412857787
-----------
Reversion (Echo)
-----------
Sleep Walk
-----------
Source of Magic
-----------
Spatial Paradox
-----------
Spiritbloom
	Eff: -9213494,517759623
-----------
Spiritbloom (Echo)
	Eff: -286895,4886342876
-----------
Stasis
-----------
Tail Swipe
-----------
Temporal Anomaly
-----------
Time Spiral
-----------
Unravel
-----------
Verdant Embrace
	Eff: -39929708,69409399
-----------
Zephyr
-----------
Leech
	Eff: -19770752,41319816
-----------
Blessing of Summer
-----------
Holy Bulwark
-----------
ZeroCIMDummy
-----------
Hover
-----------
Stasis (Store)
-----------
Tip the Scales
-----------
Thread of Fate
-----------
Voidglass Shards
-----------
Bombardments
-----------
Ethereal Reconstitution
	Eff: 2664905,33401803
-----------
Cycle of Life
-----------
Ethereal Guard
	Eff: -767394,9263863199
-----------
Glide
-----------
Voidglass Barrier
	Eff: 485356,31574499793
-----------
Stasis (Release)
-----------
Emerald Communion
-----------
Obsidian Scales
-----------
Spirit Link
-----------
Take Off
-----------
Whirling Surge
-----------
Surge Forward
-----------
Wing Buffet
-----------
Rescue
-----------
Twin Guardian
-----------
Skyward Ascent
-----------
Second Wind
-----------
Invigorating Healing Potion
	Eff: 82621,21416436695
-----------
Tempered Potion
-----------
Melee
	Dmg: 648,3401458430562
-----------
Healthstone
-----------
Time Dilation
