-----------
EssenceRegenDummy
-----------
Azure Strike
-----------
Blessing of the Bronze
-----------
Cauterizing Flame
-----------
Chrono Flames
-----------
Chrono Flame
	Eff: 1154751,723343719
	Dmg: 5349043,361130849
-----------
Consume Flame
-----------
Deep Breath
-----------
Disintegrate
-----------
Dream Breath
	Eff: -6290816,292745574
-----------
Dream Breath (Echo)
-----------
Dream Flight
	Eff: -10687581,095887965
-----------
Echo
	Eff: -120687,00114844576
-----------
Emerald Blossom
	Eff: -3904703,110358451
-----------
Engulf
-----------
Enkindle
-----------
Expunge
-----------
Fire Breath
	Dmg: 1351165,1762893195
-----------
Fluttering Seedlings
	Eff: -1684826,7886802312
-----------
Golden Hour
	Eff: 5180164,41789438
-----------
Landslide
-----------
Lifebind
	Eff: 2970665,3581376513
-----------
Life-Giver's Flame
-----------
Living Flame
	Eff: 17741375,446036935
	Dmg: 16784749,13930877
-----------
Naturalize
-----------
Oppressing Roar
-----------
Panacea
	Eff: -1911054,2387513996
-----------
Rewind
-----------
Renewing Blaze
-----------
Reversion
	Eff: 2555477,871334402
-----------
Reversion (Echo)
-----------
Sleep Walk
-----------
Source of Magic
-----------
Spatial Paradox
-----------
Spiritbloom
	Eff: -9552303,776694603
-----------
Spiritbloom (Echo)
	Eff: -401652,35538614995
-----------
Stasis
-----------
Tail Swipe
-----------
Temporal Anomaly
-----------
Time Spiral
-----------
Unravel
-----------
Verdant Embrace
	Eff: -26106734,237395696
-----------
Zephyr
-----------
Leech
	Eff: -17588585,159904264
-----------
Blessing of Summer
-----------
Holy Bulwark
-----------
ZeroCIMDummy
-----------
Hover
-----------
Stasis (Store)
-----------
Tip the Scales
-----------
Thread of Fate
-----------
Voidglass Shards
-----------
Bombardments
-----------
Ethereal Reconstitution
	Eff: 4758432,174734708
-----------
Cycle of Life
-----------
Ethereal Guard
	Eff: 9128939,285253417
-----------
Glide
-----------
Voidglass Barrier
	Eff: 485356,31574499793
-----------
Stasis (Release)
-----------
Emerald Communion
-----------
Obsidian Scales
-----------
Spirit Link
-----------
Take Off
-----------
Whirling Surge
-----------
Surge Forward
-----------
Wing Buffet
-----------
Rescue
-----------
Twin Guardian
-----------
Skyward Ascent
-----------
Second Wind
-----------
Invigorating Healing Potion
	Eff: 82621,21416436695
-----------
Tempered Potion
-----------
Melee
	Dmg: 10864,205670965166
-----------
Healthstone
-----------
Time Dilation
