-----------
EssenceRegenDummy
-----------
Azure Strike
-----------
Blessing of the Bronze
-----------
Cauterizing Flame
-----------
Chrono Flames
-----------
Chrono Flame
	Eff: 6574552,9707075665
	Dmg: 17430610,112963285
-----------
Consume Flame
-----------
Deep Breath
-----------
Disintegrate
-----------
Dream Breath
	Eff: -12088100,225216735
-----------
Dream Breath (Echo)
-----------
Dream Flight
	Eff: -16938761,184438758
-----------
Echo
	Eff: -108731,55972737749
-----------
Emerald Blossom
	Eff: -19409241,03824997
-----------
Engulf
-----------
Enkindle
-----------
Expunge
-----------
Fire Breath
	Dmg: 5542182,46854183
-----------
Fluttering Seedlings
	Eff: -6166710,945580189
-----------
Golden Hour
	Eff: 5180164,41789438
-----------
Landslide
-----------
Lifebind
	Eff: 1823901,8555432842
-----------
Life-Giver's Flame
-----------
Living Flame
	Eff: 12786073,113587078
	Dmg: 43328427,324197404
-----------
Naturalize
-----------
Oppressing Roar
-----------
Panacea
	Eff: -6315207,939582387
-----------
Rewind
-----------
Renewing Blaze
-----------
Reversion
	Eff: 6589914,323395646
-----------
Reversion (Echo)
-----------
Sleep Walk
-----------
Source of Magic
-----------
Spatial Paradox
-----------
Spiritbloom
	Eff: -16408850,028322127
-----------
Spiritbloom (Echo)
	Eff: -25503837,375700116
-----------
Stasis
-----------
Tail Swipe
-----------
Temporal Anomaly
-----------
Time Spiral
-----------
Unravel
-----------
Verdant Embrace
	Eff: -11278048,735505886
-----------
Zephyr
-----------
Leech
	Eff: -16124210,40974422
-----------
Blessing of Summer
-----------
Holy Bulwark
-----------
ZeroCIMDummy
-----------
Hover
-----------
Stasis (Store)
-----------
Tip the Scales
-----------
Thread of Fate
-----------
Voidglass Shards
-----------
Bombardments
-----------
Ethereal Reconstitution
	Eff: 12540729,906065658
-----------
Cycle of Life
-----------
Ethereal Guard
	Eff: 38104675,9656294
-----------
Glide
-----------
Voidglass Barrier
	Eff: 3778174,16853086
-----------
Stasis (Release)
-----------
Emerald Communion
-----------
Obsidian Scales
-----------
Spirit Link
-----------
Take Off
-----------
Whirling Surge
-----------
Surge Forward
-----------
Wing Buffet
-----------
Rescue
-----------
Twin Guardian
-----------
Skyward Ascent
-----------
Second Wind
-----------
Invigorating Healing Potion
	Eff: 643150,8708181083
-----------
Tempered Potion
-----------
Melee
	Dmg: 42335,32888242094
-----------
Healthstone
-----------
Time Dilation
