-----------
EssenceRegenDummy
-----------
Azure Strike
-----------
Blessing of the Bronze
-----------
Cauterizing Flame
-----------
Chrono Flames
-----------
Chrono Flame
	Eff: -1752119,4305455522
	Dmg: 6903992,662699108
-----------
Consume Flame
-----------
Deep Breath
-----------
Disintegrate
-----------
Dream Breath
	Eff: -12334654,24972
-----------
Dream Breath (Echo)
-----------
Dream Flight
	Eff: -15509484,919507029
-----------
Echo
	Eff: -323255,16734403
-----------
Emerald Blossom
	Eff: -25616279,246321514
-----------
Engulf
-----------
Enkindle
-----------
Expunge
-----------
Fire Breath
	Dmg: 2460080,4776996463
-----------
Fluttering Seedlings
	Eff: -6685177,388153492
-----------
Golden Hour
	Eff: 5180164,41789438
-----------
Landslide
-----------
Lifebind
	Eff: 1650639,3688008958
-----------
Life-Giver's Flame
-----------
Living Flame
	Eff: 9578400,627806386
	Dmg: 24326403,07378543
-----------
Naturalize
-----------
Oppressing Roar
-----------
Panacea
	Eff: -4585575,915618816
-----------
Rewind
-----------
Renewing Blaze
-----------
Reversion
	Eff: -2099854,0461484287
-----------
Reversion (Echo)
-----------
Sleep Walk
-----------
Source of Magic
-----------
Spatial Paradox
-----------
Spiritbloom
	Eff: -11376505,566250665
-----------
Spiritbloom (Echo)
	Eff: -8700487,62489481
-----------
Stasis
-----------
Tail Swipe
-----------
Temporal Anomaly
-----------
Time Spiral
-----------
Unravel
-----------
Verdant Embrace
	Eff: -41610727,15377032
-----------
Zephyr
-----------
Leech
	Eff: -19151135,70883388
-----------
Blessing of Summer
-----------
Holy Bulwark
-----------
ZeroCIMDummy
-----------
Hover
-----------
Stasis (Store)
-----------
Tip the Scales
-----------
Thread of Fate
-----------
Voidglass Shards
-----------
Bombardments
-----------
Ethereal Reconstitution
	Eff: 9325771,416160066
-----------
Cycle of Life
-----------
Ethereal Guard
	Eff: 18738792,63273077
-----------
Glide
-----------
Voidglass Barrier
	Eff: 7070372,837816762
-----------
Stasis (Release)
-----------
Emerald Communion
-----------
Obsidian Scales
-----------
Spirit Link
-----------
Take Off
-----------
Whirling Surge
-----------
Surge Forward
-----------
Wing Buffet
-----------
Rescue
-----------
Twin Guardian
-----------
Skyward Ascent
-----------
Second Wind
-----------
Invigorating Healing Potion
	Eff: 1203575,1251294948
-----------
Tempered Potion
-----------
Melee
	Dmg: 19973,640265494363
-----------
Healthstone
-----------
Time Dilation
