-----------
EssenceRegenDummy
-----------
Azure Strike
-----------
Blessing of the Bronze
-----------
Cauterizing Flame
-----------
Chrono Flames
-----------
Chrono Flame
	Eff: -2293693,107558434
	Dmg: 12460547,95550106
-----------
Consume Flame
-----------
Deep Breath
-----------
Disintegrate
-----------
Dream Breath
	Eff: -24039399,56488794
-----------
Dream Breath (Echo)
-----------
Dream Flight
	Eff: -26254753,117888886
-----------
Echo
	Eff: -513054,4580072281
-----------
Emerald Blossom
	Eff: -64260708,71278406
-----------
Engulf
-----------
Enkindle
-----------
Expunge
-----------
Fire Breath
	Dmg: 4823784,437453949
-----------
Fluttering Seedlings
	Eff: -15088717,70284287
-----------
Golden Hour
	Eff: 5180164,41789438
-----------
Landslide
-----------
Lifebind
	Eff: -477596,07005683257
-----------
Life-Giver's Flame
-----------
Living Flame
	Eff: -5088224,362817879
	Dmg: 39716015,1968052
-----------
Naturalize
-----------
Oppressing Roar
-----------
Panacea
	Eff: -10103982,616057498
-----------
Rewind
-----------
Renewing Blaze
-----------
Reversion
	Eff: -4377660,399084288
-----------
Reversion (Echo)
-----------
Sleep Walk
-----------
Source of Magic
-----------
Spatial Paradox
-----------
Spiritbloom
	Eff: -17740554,177038524
-----------
Spiritbloom (Echo)
	Eff: -33821172,97887037
-----------
Stasis
-----------
Tail Swipe
-----------
Temporal Anomaly
-----------
Time Spiral
-----------
Unravel
-----------
Verdant Embrace
	Eff: -48585361,418822244
-----------
Zephyr
-----------
Leech
	Eff: -20864733,444579415
-----------
Blessing of Summer
-----------
Holy Bulwark
-----------
ZeroCIMDummy
-----------
Hover
-----------
Stasis (Store)
-----------
Tip the Scales
-----------
Thread of Fate
-----------
Voidglass Shards
-----------
Bombardments
-----------
Ethereal Reconstitution
	Eff: 15659308,003727939
-----------
Cycle of Life
-----------
Ethereal Guard
	Eff: 37286403,56891997
-----------
Glide
-----------
Voidglass Barrier
	Eff: 13331255,15248195
-----------
Stasis (Release)
-----------
Emerald Communion
-----------
Obsidian Scales
-----------
Spirit Link
-----------
Take Off
-----------
Whirling Surge
-----------
Surge Forward
-----------
Wing Buffet
-----------
Rescue
-----------
Twin Guardian
-----------
Skyward Ascent
-----------
Second Wind
-----------
Invigorating Healing Potion
	Eff: 2269352,3320951536
-----------
Tempered Potion
-----------
Melee
	Dmg: 38349,2529657245
-----------
Healthstone
-----------
Time Dilation
