-----------
EssenceRegenDummy
-----------
Azure Strike
-----------
Blessing of the Bronze
-----------
Cauterizing Flame
-----------
Chrono Flames
-----------
Chrono Flame
	Eff: 1630849,9568871118
	Dmg: 11713382,056294002
-----------
Consume Flame
-----------
Deep Breath
-----------
Disintegrate
-----------
Dream Breath
	Eff: -12047514,486423064
-----------
Dream Breath (Echo)
-----------
Dream Flight
	Eff: -15968775,614089249
-----------
Echo
	Eff: -240506,83807861083
-----------
Emerald Blossom
	Eff: -22070570,37435293
-----------
Engulf
-----------
Enkindle
-----------
Expunge
-----------
Fire Breath
	Dmg: 4004234,3046872444
-----------
Fluttering Seedlings
	Eff: -6408575,713961159
-----------
Golden Hour
	Eff: 5180164,41789438
-----------
Landslide
-----------
Lifebind
	Eff: 1724356,7790081115
-----------
Life-Giver's Flame
-----------
Living Flame
	Eff: 11549231,459727429
	Dmg: 34019349,082197405
-----------
Naturalize
-----------
Oppressing Roar
-----------
Panacea
	Eff: -5247964,839007962
-----------
Rewind
-----------
Renewing Blaze
-----------
Reversion
	Eff: 926441,0478510438
-----------
Reversion (Echo)
-----------
Sleep Walk
-----------
Source of Magic
-----------
Spatial Paradox
-----------
Spiritbloom
	Eff: -13343007,356721135
-----------
Spiritbloom (Echo)
	Eff: -15255736,551314563
-----------
Stasis
-----------
Tail Swipe
-----------
Temporal Anomaly
-----------
Time Spiral
-----------
Unravel
-----------
Verdant Embrace
	Eff: -29852217,671469074
-----------
Zephyr
-----------
Leech
	Eff: -17753734,02850227
-----------
Blessing of Summer
-----------
Holy Bulwark
-----------
ZeroCIMDummy
-----------
Hover
-----------
Stasis (Store)
-----------
Tip the Scales
-----------
Thread of Fate
-----------
Voidglass Shards
-----------
Bombardments
-----------
Ethereal Reconstitution
	Eff: 11673791,89547839
-----------
Cycle of Life
-----------
Ethereal Guard
	Eff: 28636784,716827586
-----------
Glide
-----------
Voidglass Barrier
	Eff: 7070372,837816762
-----------
Stasis (Release)
-----------
Emerald Communion
-----------
Obsidian Scales
-----------
Spirit Link
-----------
Take Off
-----------
Whirling Surge
-----------
Surge Forward
-----------
Wing Buffet
-----------
Rescue
-----------
Twin Guardian
-----------
Skyward Ascent
-----------
Second Wind
-----------
Invigorating Healing Potion
	Eff: 1203575,1251294948
-----------
Tempered Potion
-----------
Melee
	Dmg: 31430,112601335335
-----------
Healthstone
-----------
Time Dilation
