-----------
EssenceRegenDummy
-----------
Azure Strike
-----------
Blessing of the Bronze
-----------
Cauterizing Flame
-----------
Chrono Flames
-----------
Chrono Flame
	Eff: 885,6770166088526
	Dmg: 662,6142142915813
-----------
Consume Flame
-----------
Deep Breath
-----------
Disintegrate
-----------
Dream Breath
	Eff: 2696,6106198030366
-----------
Dream Breath (Echo)
-----------
Dream Flight
	Eff: 2345,882401809686
-----------
Echo
	Eff: 52,54846571478993
-----------
Emerald Blossom
	Eff: 9567,290587532909
-----------
Engulf
-----------
Enkindle
-----------
Expunge
-----------
Fire Breath
	Dmg: 226,84365928814242
-----------
Fluttering Seedlings
	Eff: 1750,2070447127621
-----------
Golden Hour
-----------
Landslide
-----------
Lifebind
	Eff: 393,2248309557999
-----------
Life-Giver's Flame
-----------
Living Flame
	Eff: 3799,4754447136897
	Dmg: 1334,2102793063277
-----------
Naturalize
-----------
Oppressing Roar
-----------
Panacea
	Eff: 950,2993822658941
-----------
Rewind
-----------
Renewing Blaze
-----------
Reversion
	Eff: 957,915704596866
-----------
Reversion (Echo)
-----------
Sleep Walk
-----------
Source of Magic
-----------
Spatial Paradox
-----------
Spiritbloom
	Eff: 963,6772436591468
-----------
Spiritbloom (Echo)
	Eff: 3631,7728830573615
-----------
Stasis
-----------
Stasis (Release)
-----------
Tail Swipe
-----------
Temporal Anomaly
-----------
Time Spiral
-----------
Tip the Scales
-----------
Unravel
-----------
Verdant Embrace
	Eff: 3925,7995140667413
-----------
Zephyr
-----------
Leech
	Eff: 1312,3755460958891
-----------
Blessing of Summer
-----------
Holy Bulwark
-----------
ZeroCIMDummy
-----------
Hover
-----------
Stasis (Store)
-----------
Thread of Fate
-----------
Voidglass Shards
-----------
Bombardments
-----------
Ethereal Reconstitution
	Eff: 340,7810014166902
-----------
Cycle of Life
-----------
Ethereal Guard
	Eff: 1809,052882660064
-----------
Glide
-----------
Voidglass Barrier
-----------
Emerald Communion
-----------
Obsidian Scales
-----------
Spirit Link
-----------
Take Off
-----------
Whirling Surge
-----------
Surge Forward
-----------
Wing Buffet
-----------
Rescue
-----------
Twin Guardian
-----------
Skyward Ascent
-----------
Second Wind
-----------
Invigorating Healing Potion
-----------
Tempered Potion
-----------
Melee
	Dmg: 1,6744657142844517
-----------
Healthstone
-----------
Time Dilation
