-----------
EssenceRegenDummy
-----------
Azure Strike
-----------
Blessing of the Bronze
-----------
Cauterizing Flame
-----------
Chrono Flames
-----------
Chrono Flame
	Eff: 938,6332775480369
	Dmg: 1045,6299683529924
-----------
Consume Flame
-----------
Deep Breath
-----------
Disintegrate
-----------
Dream Breath
	Eff: 2028,7232299761108
-----------
Dream Breath (Echo)
-----------
Dream Flight
	Eff: 1173,8333824371703
-----------
Echo
	Eff: 35,12708816095255
-----------
Emerald Blossom
	Eff: 9353,350171008045
-----------
Engulf
-----------
Enkindle
-----------
Expunge
-----------
Fire Breath
	Dmg: 262,7811671958613
-----------
Fluttering Seedlings
	Eff: 1641,018919873779
-----------
Golden Hour
	Eff: 570,0016513278824
-----------
Landslide
-----------
Lifebind
	Eff: 747,6849021346352
-----------
Life-Giver's Flame
-----------
Living Flame
	Eff: 6503,634415755569
	Dmg: 2780,54983748638
-----------
Naturalize
-----------
Oppressing Roar
-----------
Panacea
	Eff: 824,8719877466792
-----------
Rewind
-----------
Renewing Blaze
-----------
Reversion
	Eff: 1029,6547511698545
-----------
Reversion (Echo)
-----------
Sleep Walk
-----------
Source of Magic
-----------
Spatial Paradox
-----------
Spiritbloom
	Eff: 1,4435499906539917E-08
-----------
Spiritbloom (Echo)
	Eff: 4264,568696524948
-----------
Stasis
-----------
Stasis (Release)
-----------
Tail Swipe
-----------
Temporal Anomaly
-----------
Time Spiral
-----------
Tip the Scales
-----------
Unravel
-----------
Verdant Embrace
	Eff: 2,5353074306622148E-08
-----------
Zephyr
-----------
Leech
	Eff: 1287,7015985806784
-----------
Blessing of Summer
-----------
Holy Bulwark
-----------
ZeroCIMDummy
-----------
Hover
-----------
Stasis (Store)
-----------
Thread of Fate
-----------
Voidglass Shards
-----------
Bombardments
-----------
Ethereal Reconstitution
	Eff: 669,1234142778412
-----------
Cycle of Life
-----------
Ethereal Guard
	Eff: 1825,6168537735566
-----------
Glide
-----------
Voidglass Barrier
-----------
Emerald Communion
-----------
Obsidian Scales
-----------
Spirit Link
-----------
Take Off
-----------
Whirling Surge
-----------
Surge Forward
-----------
Wing Buffet
-----------
Rescue
-----------
Twin Guardian
-----------
Skyward Ascent
-----------
Second Wind
-----------
Invigorating Healing Potion
-----------
Tempered Potion
-----------
Melee
	Dmg: 2,03201525876284
-----------
Healthstone
-----------
Time Dilation
