-----------
EssenceRegenDummy
-----------
Azure Strike
-----------
Blessing of the Bronze
-----------
Cauterizing Flame
-----------
Chrono Flames
-----------
Chrono Flame
	Eff: 328,21685461641755
	Dmg: 365,6309524857066
-----------
Consume Flame
-----------
Deep Breath
-----------
Disintegrate
-----------
Dream Breath
	Eff: 1640,9316568850973
-----------
Dream Breath (Echo)
-----------
Dream Flight
	Eff: 1492,1570573297395
-----------
Echo
	Eff: 21,28554118378088
-----------
Emerald Blossom
	Eff: 5667,737654778015
-----------
Engulf
-----------
Enkindle
-----------
Expunge
-----------
Fire Breath
	Dmg: 159,23435871108347
-----------
Fluttering Seedlings
	Eff: 994,38859385252
-----------
Golden Hour
-----------
Landslide
-----------
Lifebind
	Eff: 219,9277264412749
-----------
Life-Giver's Flame
-----------
Living Flame
	Eff: 2274,1601886152057
	Dmg: 972,2895443718448
-----------
Naturalize
-----------
Oppressing Roar
-----------
Panacea
	Eff: 581,5420623873215
-----------
Rewind
-----------
Renewing Blaze
-----------
Reversion
	Eff: 285,23902585656106
-----------
Reversion (Echo)
-----------
Sleep Walk
-----------
Source of Magic
-----------
Spatial Paradox
-----------
Spiritbloom
	Eff: 717,8832787409192
-----------
Spiritbloom (Echo)
	Eff: 2584,149651272921
-----------
Stasis
-----------
Stasis (Release)
-----------
Tail Swipe
-----------
Temporal Anomaly
-----------
Time Spiral
-----------
Tip the Scales
-----------
Unravel
-----------
Verdant Embrace
	Eff: 1181,711018215392
-----------
Zephyr
-----------
Leech
	Eff: 694,895930974244
-----------
Blessing of Summer
-----------
Holy Bulwark
-----------
ZeroCIMDummy
-----------
Hover
-----------
Stasis (Store)
-----------
Thread of Fate
-----------
Voidglass Shards
-----------
Bombardments
-----------
Ethereal Reconstitution
-----------
Cycle of Life
-----------
Ethereal Guard
-----------
Glide
-----------
Voidglass Barrier
-----------
Emerald Communion
-----------
Obsidian Scales
-----------
Spirit Link
-----------
Take Off
-----------
Whirling Surge
-----------
Surge Forward
-----------
Wing Buffet
-----------
Rescue
-----------
Twin Guardian
-----------
Skyward Ascent
-----------
Second Wind
-----------
Invigorating Healing Potion
-----------
Tempered Potion
-----------
Melee
-----------
Healthstone
-----------
Time Dilation
