-----------
EssenceRegenDummy
-----------
Azure Strike
-----------
Blessing of the Bronze
-----------
Cauterizing Flame
-----------
Chrono Flames
-----------
Chrono Flame
	Eff: 307,801390835848
	Dmg: 6,257324436376166E-09
-----------
Consume Flame
-----------
Deep Breath
-----------
Disintegrate
-----------
Dream Breath
	Eff: 2044,7721447880904
-----------
Dream Breath (Echo)
-----------
Dream Flight
	Eff: 1868,4968549728046
-----------
Echo
	Eff: 29,49428967642598
-----------
Emerald Blossom
	Eff: 6922,135524062309
-----------
Engulf
-----------
Enkindle
-----------
Expunge
-----------
Fire Breath
	Dmg: 2,387424924421566E-09
-----------
Fluttering Seedlings
	Eff: 1310,6280807543953
-----------
Golden Hour
-----------
Landslide
-----------
Lifebind
	Eff: 296,55675100775625
-----------
Life-Giver's Flame
-----------
Living Flame
	Eff: 2692,8478772139533
	Dmg: 1,9790605598757338E-08
-----------
Naturalize
-----------
Oppressing Roar
-----------
Panacea
	Eff: 805,8131996242737
-----------
Rewind
-----------
Renewing Blaze
-----------
Reversion
	Eff: 354,41566479315134
-----------
Reversion (Echo)
-----------
Sleep Walk
-----------
Source of Magic
-----------
Spatial Paradox
-----------
Spiritbloom
	Eff: 994,7342749822419
-----------
Spiritbloom (Echo)
	Eff: 3556,65532172448
-----------
Stasis
-----------
Stasis (Release)
-----------
Tail Swipe
-----------
Temporal Anomaly
-----------
Time Spiral
-----------
Tip the Scales
-----------
Unravel
-----------
Verdant Embrace
	Eff: 1472,1124426018432
-----------
Zephyr
-----------
Leech
	Eff: 762,6825861751604
-----------
Blessing of Summer
-----------
Holy Bulwark
-----------
ZeroCIMDummy
-----------
Hover
-----------
Stasis (Store)
-----------
Thread of Fate
-----------
Voidglass Shards
-----------
Bombardments
-----------
Ethereal Reconstitution
-----------
Cycle of Life
-----------
Ethereal Guard
-----------
Glide
-----------
Voidglass Barrier
-----------
Emerald Communion
-----------
Obsidian Scales
-----------
Spirit Link
-----------
Take Off
-----------
Whirling Surge
-----------
Surge Forward
-----------
Wing Buffet
-----------
Rescue
-----------
Twin Guardian
-----------
Skyward Ascent
-----------
Second Wind
-----------
Invigorating Healing Potion
-----------
Tempered Potion
-----------
Melee
-----------
Healthstone
-----------
Time Dilation
