----------------------
00:00,654

Intellect
	 Rating: 139425
	 Multiplicative Factor: 8,15%
	 Eff: 139425,00000000003
Stamina
	 Rating: 868194
	 Multiplicative Factor: 11,3%
	 Eff: 868194,113
Crit
	 Rating: 16628
	 Multiplicative Factor: 0%
	 Eff: 20128
	 DR Bracket: 0
	 Base: 5%
	 Effective Percent: 28,75%
	 Crit Inc Heal: 2
	 Crit Inc Damage: 2
Haste
	 Rating: 12119
	 Multiplicative Factor: 0%
	 Eff: 12119
	 DR Bracket: 0
	 Base: 0%
	 Effective Percent: 18,36%
Vers
	 Rating: 6581
	 Multiplicative Factor: 0%
	 Eff: 8921
	 DR Bracket: 0
	 Base: 3%
	 Effective Percent: 11,44%
Leech
	 Rating: 4284
	 Multiplicative Factor: 0%
	 Eff: 6323,99025
	 DR Bracket: 0
	 Base: 2%
	 Effective Percent: 6,2%
Avoidance
	 Rating: 1884
	 Multiplicative Factor: 0%
	 Eff: 1884
	 DR Bracket: 0
	 Base: 0%
	 Effective Percent: 3,46%
Mastery
	 Rating: 28677
	 Multiplicative Factor: 0%
	 Eff: 35541,6
	 DR Bracket: 2
	 Base: 19,8%
	 Effective Percent: 91,39%
----------------------
00:05,654

Intellect
	 Rating: 139425
	 Multiplicative Factor: 8,15%
	 Eff: 139425,00000000003
Stamina
	 Rating: 868194
	 Multiplicative Factor: 11,3%
	 Eff: 868194,113
Crit
	 Rating: 16628
	 Multiplicative Factor: 0%
	 Eff: 20128
	 DR Bracket: 0
	 Base: 5%
	 Effective Percent: 28,75%
	 Crit Inc Heal: 2
	 Crit Inc Damage: 2
Haste
	 Rating: 12119
	 Multiplicative Factor: 0%
	 Eff: 12119
	 DR Bracket: 0
	 Base: 0%
	 Effective Percent: 18,36%
Vers
	 Rating: 6581
	 Multiplicative Factor: 0%
	 Eff: 8921
	 DR Bracket: 0
	 Base: 3%
	 Effective Percent: 11,44%
Leech
	 Rating: 4284
	 Multiplicative Factor: 0%
	 Eff: 6323,99025
	 DR Bracket: 0
	 Base: 2%
	 Effective Percent: 6,2%
Avoidance
	 Rating: 1884
	 Multiplicative Factor: 0%
	 Eff: 1884
	 DR Bracket: 0
	 Base: 0%
	 Effective Percent: 3,46%
Mastery
	 Rating: 28677
	 Multiplicative Factor: 0%
	 Eff: 35541,6
	 DR Bracket: 2
	 Base: 19,8%
	 Effective Percent: 91,39%
----------------------
00:10,667

Intellect
	 Rating: 146396
	 Multiplicative Factor: 13,56%
	 Eff: 146396,25000000006
Stamina
	 Rating: 868194
	 Multiplicative Factor: 11,3%
	 Eff: 868194,113
Crit
	 Rating: 16628
	 Multiplicative Factor: 0%
	 Eff: 20128
	 DR Bracket: 0
	 Base: 5%
	 Effective Percent: 28,75%
	 Crit Inc Heal: 2
	 Crit Inc Damage: 2
Haste
	 Rating: 12119
	 Multiplicative Factor: 0%
	 Eff: 35554,7
	 DR Bracket: 0
	 Base: 30%
	 Effective Percent: 53,87%
Vers
	 Rating: 6581
	 Multiplicative Factor: 0%
	 Eff: 8921
	 DR Bracket: 0
	 Base: 3%
	 Effective Percent: 11,44%
Leech
	 Rating: 4284
	 Multiplicative Factor: 0%
	 Eff: 6323,99025
	 DR Bracket: 0
	 Base: 2%
	 Effective Percent: 6,2%
Avoidance
	 Rating: 1884
	 Multiplicative Factor: 0%
	 Eff: 1884
	 DR Bracket: 0
	 Base: 0%
	 Effective Percent: 3,46%
Mastery
	 Rating: 28677
	 Multiplicative Factor: 0%
	 Eff: 35541,6
	 DR Bracket: 2
	 Base: 19,8%
	 Effective Percent: 91,39%
----------------------
00:15,671

Intellect
	 Rating: 146396
	 Multiplicative Factor: 13,56%
	 Eff: 146396,25000000006
Stamina
	 Rating: 868194
	 Multiplicative Factor: 11,3%
	 Eff: 868194,113
Crit
	 Rating: 16628
	 Multiplicative Factor: 0%
	 Eff: 20128
	 DR Bracket: 0
	 Base: 5%
	 Effective Percent: 28,75%
	 Crit Inc Heal: 2
	 Crit Inc Damage: 2
Haste
	 Rating: 12119
	 Multiplicative Factor: 0%
	 Eff: 29305,18
	 DR Bracket: 0
	 Base: 22%
	 Effective Percent: 44,4%
Vers
	 Rating: 6581
	 Multiplicative Factor: 0%
	 Eff: 8921
	 DR Bracket: 0
	 Base: 3%
	 Effective Percent: 11,44%
Leech
	 Rating: 4284
	 Multiplicative Factor: 0%
	 Eff: 6323,99025
	 DR Bracket: 0
	 Base: 2%
	 Effective Percent: 6,2%
Avoidance
	 Rating: 1884
	 Multiplicative Factor: 0%
	 Eff: 1884
	 DR Bracket: 0
	 Base: 0%
	 Effective Percent: 3,46%
Mastery
	 Rating: 28677
	 Multiplicative Factor: 0%
	 Eff: 35541,6
	 DR Bracket: 2
	 Base: 19,8%
	 Effective Percent: 91,39%
----------------------
00:20,677

Intellect
	 Rating: 146396
	 Multiplicative Factor: 13,56%
	 Eff: 146396,25000000006
Stamina
	 Rating: 868194
	 Multiplicative Factor: 11,3%
	 Eff: 868194,113
Crit
	 Rating: 16628
	 Multiplicative Factor: 0%
	 Eff: 20128
	 DR Bracket: 0
	 Base: 5%
	 Effective Percent: 28,75%
	 Crit Inc Heal: 2
	 Crit Inc Damage: 2
Haste
	 Rating: 12119
	 Multiplicative Factor: 0%
	 Eff: 25399,230000000003
	 DR Bracket: 0
	 Base: 17%
	 Effective Percent: 38,48%
Vers
	 Rating: 6581
	 Multiplicative Factor: 0%
	 Eff: 8921
	 DR Bracket: 0
	 Base: 3%
	 Effective Percent: 11,44%
Leech
	 Rating: 4284
	 Multiplicative Factor: 0%
	 Eff: 6323,99025
	 DR Bracket: 0
	 Base: 2%
	 Effective Percent: 6,2%
Avoidance
	 Rating: 1884
	 Multiplicative Factor: 0%
	 Eff: 1884
	 DR Bracket: 0
	 Base: 0%
	 Effective Percent: 3,46%
Mastery
	 Rating: 28677
	 Multiplicative Factor: 0%
	 Eff: 35541,6
	 DR Bracket: 2
	 Base: 19,8%
	 Effective Percent: 91,39%
----------------------
00:25,686

Intellect
	 Rating: 146396
	 Multiplicative Factor: 13,56%
	 Eff: 146396,25000000006
Stamina
	 Rating: 868194
	 Multiplicative Factor: 11,3%
	 Eff: 868194,113
Crit
	 Rating: 16628
	 Multiplicative Factor: 0%
	 Eff: 20128
	 DR Bracket: 0
	 Base: 5%
	 Effective Percent: 28,75%
	 Crit Inc Heal: 2
	 Crit Inc Damage: 2
Haste
	 Rating: 12119
	 Multiplicative Factor: 0%
	 Eff: 21493,28
	 DR Bracket: 0
	 Base: 12%
	 Effective Percent: 32,57%
Vers
	 Rating: 6581
	 Multiplicative Factor: 0%
	 Eff: 8921
	 DR Bracket: 0
	 Base: 3%
	 Effective Percent: 11,44%
Leech
	 Rating: 4284
	 Multiplicative Factor: 0%
	 Eff: 6323,99025
	 DR Bracket: 0
	 Base: 2%
	 Effective Percent: 6,2%
Avoidance
	 Rating: 1884
	 Multiplicative Factor: 0%
	 Eff: 1884
	 DR Bracket: 0
	 Base: 0%
	 Effective Percent: 3,46%
Mastery
	 Rating: 28677
	 Multiplicative Factor: 0%
	 Eff: 35541,6
	 DR Bracket: 2
	 Base: 19,8%
	 Effective Percent: 91,39%
----------------------
00:30,759

Intellect
	 Rating: 146396
	 Multiplicative Factor: 13,56%
	 Eff: 146396,25000000006
Stamina
	 Rating: 868194
	 Multiplicative Factor: 11,3%
	 Eff: 868194,113
Crit
	 Rating: 16628
	 Multiplicative Factor: 0%
	 Eff: 20128
	 DR Bracket: 0
	 Base: 5%
	 Effective Percent: 28,75%
	 Crit Inc Heal: 2
	 Crit Inc Damage: 2
Haste
	 Rating: 12119
	 Multiplicative Factor: 0%
	 Eff: 17587,33
	 DR Bracket: 0
	 Base: 7%
	 Effective Percent: 26,65%
Vers
	 Rating: 6581
	 Multiplicative Factor: 0%
	 Eff: 8921
	 DR Bracket: 0
	 Base: 3%
	 Effective Percent: 11,44%
Leech
	 Rating: 4284
	 Multiplicative Factor: 0%
	 Eff: 6323,99025
	 DR Bracket: 0
	 Base: 2%
	 Effective Percent: 6,2%
Avoidance
	 Rating: 1884
	 Multiplicative Factor: 0%
	 Eff: 1884
	 DR Bracket: 0
	 Base: 0%
	 Effective Percent: 3,46%
Mastery
	 Rating: 28677
	 Multiplicative Factor: 0%
	 Eff: 35541,6
	 DR Bracket: 2
	 Base: 19,8%
	 Effective Percent: 91,39%
----------------------
00:36,258

Intellect
	 Rating: 139425
	 Multiplicative Factor: 8,15%
	 Eff: 139425,00000000006
Stamina
	 Rating: 868194
	 Multiplicative Factor: 11,3%
	 Eff: 868194,113
Crit
	 Rating: 16628
	 Multiplicative Factor: 0%
	 Eff: 20128
	 DR Bracket: 0
	 Base: 5%
	 Effective Percent: 28,75%
	 Crit Inc Heal: 2
	 Crit Inc Damage: 2
Haste
	 Rating: 12119
	 Multiplicative Factor: 0%
	 Eff: 19930,9
	 DR Bracket: 0
	 Base: 10%
	 Effective Percent: 30,2%
Vers
	 Rating: 6581
	 Multiplicative Factor: 0%
	 Eff: 8921
	 DR Bracket: 0
	 Base: 3%
	 Effective Percent: 11,44%
Leech
	 Rating: 4284
	 Multiplicative Factor: 0%
	 Eff: 6323,99025
	 DR Bracket: 0
	 Base: 2%
	 Effective Percent: 6,2%
Avoidance
	 Rating: 1884
	 Multiplicative Factor: 0%
	 Eff: 1884
	 DR Bracket: 0
	 Base: 0%
	 Effective Percent: 3,46%
Mastery
	 Rating: 28677
	 Multiplicative Factor: 0%
	 Eff: 35541,6
	 DR Bracket: 2
	 Base: 19,8%
	 Effective Percent: 91,39%
----------------------
00:41,266

Intellect
	 Rating: 139425
	 Multiplicative Factor: 8,15%
	 Eff: 139425,00000000006
Stamina
	 Rating: 868194
	 Multiplicative Factor: 11,3%
	 Eff: 868194,113
Crit
	 Rating: 16628
	 Multiplicative Factor: 0%
	 Eff: 20128
	 DR Bracket: 0
	 Base: 5%
	 Effective Percent: 28,75%
	 Crit Inc Heal: 2
	 Crit Inc Damage: 2
Haste
	 Rating: 12119
	 Multiplicative Factor: 0%
	 Eff: 19149,71
	 DR Bracket: 0
	 Base: 9%
	 Effective Percent: 29,01%
Vers
	 Rating: 6581
	 Multiplicative Factor: 0%
	 Eff: 8921
	 DR Bracket: 0
	 Base: 3%
	 Effective Percent: 11,44%
Leech
	 Rating: 4284
	 Multiplicative Factor: 0%
	 Eff: 6323,99025
	 DR Bracket: 0
	 Base: 2%
	 Effective Percent: 6,2%
Avoidance
	 Rating: 1884
	 Multiplicative Factor: 0%
	 Eff: 1884
	 DR Bracket: 0
	 Base: 0%
	 Effective Percent: 3,46%
Mastery
	 Rating: 28677
	 Multiplicative Factor: 0%
	 Eff: 35541,6
	 DR Bracket: 2
	 Base: 19,8%
	 Effective Percent: 91,39%
----------------------
00:46,327

Intellect
	 Rating: 139425
	 Multiplicative Factor: 8,15%
	 Eff: 139425,00000000006
Stamina
	 Rating: 868194
	 Multiplicative Factor: 11,3%
	 Eff: 868194,113
Crit
	 Rating: 16628
	 Multiplicative Factor: 0%
	 Eff: 20128
	 DR Bracket: 0
	 Base: 5%
	 Effective Percent: 28,75%
	 Crit Inc Heal: 2
	 Crit Inc Damage: 2
Haste
	 Rating: 12119
	 Multiplicative Factor: 0%
	 Eff: 19149,71
	 DR Bracket: 0
	 Base: 9%
	 Effective Percent: 29,01%
Vers
	 Rating: 6581
	 Multiplicative Factor: 0%
	 Eff: 8921
	 DR Bracket: 0
	 Base: 3%
	 Effective Percent: 11,44%
Leech
	 Rating: 4284
	 Multiplicative Factor: 0%
	 Eff: 6323,99025
	 DR Bracket: 0
	 Base: 2%
	 Effective Percent: 6,2%
Avoidance
	 Rating: 1884
	 Multiplicative Factor: 0%
	 Eff: 1884
	 DR Bracket: 0
	 Base: 0%
	 Effective Percent: 3,46%
Mastery
	 Rating: 28677
	 Multiplicative Factor: 0%
	 Eff: 35541,6
	 DR Bracket: 2
	 Base: 19,8%
	 Effective Percent: 91,39%
----------------------
00:51,376

Intellect
	 Rating: 139425
	 Multiplicative Factor: 8,15%
	 Eff: 139425,00000000006
Stamina
	 Rating: 868194
	 Multiplicative Factor: 11,3%
	 Eff: 868194,113
Crit
	 Rating: 16628
	 Multiplicative Factor: 0%
	 Eff: 20128
	 DR Bracket: 0
	 Base: 5%
	 Effective Percent: 28,75%
	 Crit Inc Heal: 2
	 Crit Inc Damage: 2
Haste
	 Rating: 12119
	 Multiplicative Factor: 0%
	 Eff: 16806,14
	 DR Bracket: 0
	 Base: 6%
	 Effective Percent: 25,46%
Vers
	 Rating: 6581
	 Multiplicative Factor: 0%
	 Eff: 8921
	 DR Bracket: 0
	 Base: 3%
	 Effective Percent: 11,44%
Leech
	 Rating: 4284
	 Multiplicative Factor: 0%
	 Eff: 6323,99025
	 DR Bracket: 0
	 Base: 2%
	 Effective Percent: 6,2%
Avoidance
	 Rating: 1884
	 Multiplicative Factor: 0%
	 Eff: 1884
	 DR Bracket: 0
	 Base: 0%
	 Effective Percent: 3,46%
Mastery
	 Rating: 28677
	 Multiplicative Factor: 0%
	 Eff: 35541,6
	 DR Bracket: 2
	 Base: 19,8%
	 Effective Percent: 91,39%
----------------------
00:56,680

Intellect
	 Rating: 139425
	 Multiplicative Factor: 8,15%
	 Eff: 139425,00000000006
Stamina
	 Rating: 868194
	 Multiplicative Factor: 11,3%
	 Eff: 868194,113
Crit
	 Rating: 16628
	 Multiplicative Factor: 0%
	 Eff: 20128
	 DR Bracket: 0
	 Base: 5%
	 Effective Percent: 28,75%
	 Crit Inc Heal: 2
	 Crit Inc Damage: 2
Haste
	 Rating: 12119
	 Multiplicative Factor: 0%
	 Eff: 16806,14
	 DR Bracket: 0
	 Base: 6%
	 Effective Percent: 25,46%
Vers
	 Rating: 6581
	 Multiplicative Factor: 0%
	 Eff: 8921
	 DR Bracket: 0
	 Base: 3%
	 Effective Percent: 11,44%
Leech
	 Rating: 4284
	 Multiplicative Factor: 0%
	 Eff: 6323,99025
	 DR Bracket: 0
	 Base: 2%
	 Effective Percent: 6,2%
Avoidance
	 Rating: 1884
	 Multiplicative Factor: 0%
	 Eff: 1884
	 DR Bracket: 0
	 Base: 0%
	 Effective Percent: 3,46%
Mastery
	 Rating: 28677
	 Multiplicative Factor: 0%
	 Eff: 35541,6
	 DR Bracket: 2
	 Base: 19,8%
	 Effective Percent: 91,39%
----------------------
01:01,701

Intellect
	 Rating: 139425
	 Multiplicative Factor: 8,15%
	 Eff: 139425,00000000006
Stamina
	 Rating: 868194
	 Multiplicative Factor: 11,3%
	 Eff: 868194,113
Crit
	 Rating: 16628
	 Multiplicative Factor: 0%
	 Eff: 20128
	 DR Bracket: 0
	 Base: 5%
	 Effective Percent: 28,75%
	 Crit Inc Heal: 2
	 Crit Inc Damage: 2
Haste
	 Rating: 12119
	 Multiplicative Factor: 0%
	 Eff: 12119
	 DR Bracket: 0
	 Base: 0%
	 Effective Percent: 18,36%
Vers
	 Rating: 6581
	 Multiplicative Factor: 0%
	 Eff: 8921
	 DR Bracket: 0
	 Base: 3%
	 Effective Percent: 11,44%
Leech
	 Rating: 4284
	 Multiplicative Factor: 0%
	 Eff: 6323,99025
	 DR Bracket: 0
	 Base: 2%
	 Effective Percent: 6,2%
Avoidance
	 Rating: 1884
	 Multiplicative Factor: 0%
	 Eff: 1884
	 DR Bracket: 0
	 Base: 0%
	 Effective Percent: 3,46%
Mastery
	 Rating: 28677
	 Multiplicative Factor: 0%
	 Eff: 35541,6
	 DR Bracket: 2
	 Base: 19,8%
	 Effective Percent: 91,39%
----------------------
01:06,744

Intellect
	 Rating: 146396
	 Multiplicative Factor: 13,56%
	 Eff: 146396,2500000001
Stamina
	 Rating: 868194
	 Multiplicative Factor: 11,3%
	 Eff: 868194,113
Crit
	 Rating: 16628
	 Multiplicative Factor: 0%
	 Eff: 20128
	 DR Bracket: 0
	 Base: 5%
	 Effective Percent: 28,75%
	 Crit Inc Heal: 2
	 Crit Inc Damage: 2
Haste
	 Rating: 12119
	 Multiplicative Factor: 0%
	 Eff: 12119
	 DR Bracket: 0
	 Base: 0%
	 Effective Percent: 18,36%
Vers
	 Rating: 6581
	 Multiplicative Factor: 0%
	 Eff: 8921
	 DR Bracket: 0
	 Base: 3%
	 Effective Percent: 11,44%
Leech
	 Rating: 4284
	 Multiplicative Factor: 0%
	 Eff: 6323,99025
	 DR Bracket: 0
	 Base: 2%
	 Effective Percent: 6,2%
Avoidance
	 Rating: 1884
	 Multiplicative Factor: 0%
	 Eff: 1884
	 DR Bracket: 0
	 Base: 0%
	 Effective Percent: 3,46%
Mastery
	 Rating: 28677
	 Multiplicative Factor: 0%
	 Eff: 35541,6
	 DR Bracket: 2
	 Base: 19,8%
	 Effective Percent: 91,39%
----------------------
01:11,801

Intellect
	 Rating: 146396
	 Multiplicative Factor: 13,56%
	 Eff: 146396,2500000001
Stamina
	 Rating: 868194
	 Multiplicative Factor: 11,3%
	 Eff: 868194,113
Crit
	 Rating: 16628
	 Multiplicative Factor: 0%
	 Eff: 20128
	 DR Bracket: 0
	 Base: 5%
	 Effective Percent: 28,75%
	 Crit Inc Heal: 2,6
	 Crit Inc Damage: 2
Haste
	 Rating: 12119
	 Multiplicative Factor: 0%
	 Eff: 41804,22
	 DR Bracket: 0
	 Base: 38%
	 Effective Percent: 63,34%
Vers
	 Rating: 6581
	 Multiplicative Factor: 0%
	 Eff: 8921
	 DR Bracket: 0
	 Base: 3%
	 Effective Percent: 11,44%
Leech
	 Rating: 4284
	 Multiplicative Factor: 0%
	 Eff: 6323,99025
	 DR Bracket: 0
	 Base: 2%
	 Effective Percent: 6,2%
Avoidance
	 Rating: 1884
	 Multiplicative Factor: 0%
	 Eff: 1884
	 DR Bracket: 0
	 Base: 0%
	 Effective Percent: 3,46%
Mastery
	 Rating: 28677
	 Multiplicative Factor: 0%
	 Eff: 35541,6
	 DR Bracket: 2
	 Base: 19,8%
	 Effective Percent: 91,39%
----------------------
01:16,806

Intellect
	 Rating: 146396
	 Multiplicative Factor: 13,56%
	 Eff: 146396,2500000001
Stamina
	 Rating: 868194
	 Multiplicative Factor: 11,3%
	 Eff: 868194,113
Crit
	 Rating: 16628
	 Multiplicative Factor: 0%
	 Eff: 20128
	 DR Bracket: 0
	 Base: 5%
	 Effective Percent: 28,75%
	 Crit Inc Heal: 2,6
	 Crit Inc Damage: 2
Haste
	 Rating: 12119
	 Multiplicative Factor: 0%
	 Eff: 37898,270000000004
	 DR Bracket: 0
	 Base: 33%
	 Effective Percent: 57,42%
Vers
	 Rating: 6581
	 Multiplicative Factor: 0%
	 Eff: 8921
	 DR Bracket: 0
	 Base: 3%
	 Effective Percent: 11,44%
Leech
	 Rating: 4284
	 Multiplicative Factor: 0%
	 Eff: 6323,99025
	 DR Bracket: 0
	 Base: 2%
	 Effective Percent: 6,2%
Avoidance
	 Rating: 1884
	 Multiplicative Factor: 0%
	 Eff: 1884
	 DR Bracket: 0
	 Base: 0%
	 Effective Percent: 3,46%
Mastery
	 Rating: 28677
	 Multiplicative Factor: 0%
	 Eff: 35541,6
	 DR Bracket: 2
	 Base: 19,8%
	 Effective Percent: 91,39%
----------------------
01:21,811

Intellect
	 Rating: 146396
	 Multiplicative Factor: 13,56%
	 Eff: 146396,2500000001
Stamina
	 Rating: 868194
	 Multiplicative Factor: 11,3%
	 Eff: 868194,113
Crit
	 Rating: 16628
	 Multiplicative Factor: 0%
	 Eff: 20128
	 DR Bracket: 0
	 Base: 5%
	 Effective Percent: 28,75%
	 Crit Inc Heal: 2,6
	 Crit Inc Damage: 2
Haste
	 Rating: 12119
	 Multiplicative Factor: 0%
	 Eff: 26961,61
	 DR Bracket: 0
	 Base: 19%
	 Effective Percent: 40,85%
Vers
	 Rating: 6581
	 Multiplicative Factor: 0%
	 Eff: 8921
	 DR Bracket: 0
	 Base: 3%
	 Effective Percent: 11,44%
Leech
	 Rating: 4284
	 Multiplicative Factor: 0%
	 Eff: 6323,99025
	 DR Bracket: 0
	 Base: 2%
	 Effective Percent: 6,2%
Avoidance
	 Rating: 1884
	 Multiplicative Factor: 0%
	 Eff: 1884
	 DR Bracket: 0
	 Base: 0%
	 Effective Percent: 3,46%
Mastery
	 Rating: 28677
	 Multiplicative Factor: 0%
	 Eff: 35541,6
	 DR Bracket: 2
	 Base: 19,8%
	 Effective Percent: 91,39%
----------------------
01:26,891

Intellect
	 Rating: 146396
	 Multiplicative Factor: 13,56%
	 Eff: 146396,2500000001
Stamina
	 Rating: 868194
	 Multiplicative Factor: 11,3%
	 Eff: 868194,113
Crit
	 Rating: 16628
	 Multiplicative Factor: 0%
	 Eff: 20128
	 DR Bracket: 0
	 Base: 5%
	 Effective Percent: 28,75%
	 Crit Inc Heal: 2,6
	 Crit Inc Damage: 2
Haste
	 Rating: 12119
	 Multiplicative Factor: 0%
	 Eff: 23055,66
	 DR Bracket: 0
	 Base: 14%
	 Effective Percent: 34,93%
Vers
	 Rating: 6581
	 Multiplicative Factor: 0%
	 Eff: 8921
	 DR Bracket: 0
	 Base: 3%
	 Effective Percent: 11,44%
Leech
	 Rating: 4284
	 Multiplicative Factor: 0%
	 Eff: 6323,99025
	 DR Bracket: 0
	 Base: 2%
	 Effective Percent: 6,2%
Avoidance
	 Rating: 1884
	 Multiplicative Factor: 0%
	 Eff: 1884
	 DR Bracket: 0
	 Base: 0%
	 Effective Percent: 3,46%
Mastery
	 Rating: 28677
	 Multiplicative Factor: 0%
	 Eff: 35541,6
	 DR Bracket: 2
	 Base: 19,8%
	 Effective Percent: 91,39%
----------------------
01:32,156

Intellect
	 Rating: 146396
	 Multiplicative Factor: 13,56%
	 Eff: 146396,2500000001
Stamina
	 Rating: 868194
	 Multiplicative Factor: 11,3%
	 Eff: 868194,113
Crit
	 Rating: 22613
	 Multiplicative Factor: 0%
	 Eff: 25951,589014795045
	 DR Bracket: 1
	 Base: 5%
	 Effective Percent: 37,07%
	 Crit Inc Heal: 2,6
	 Crit Inc Damage: 2
Haste
	 Rating: 12119
	 Multiplicative Factor: 0%
	 Eff: 19149,71
	 DR Bracket: 0
	 Base: 9%
	 Effective Percent: 29,01%
Vers
	 Rating: 6581
	 Multiplicative Factor: 0%
	 Eff: 8921
	 DR Bracket: 0
	 Base: 3%
	 Effective Percent: 11,44%
Leech
	 Rating: 4284
	 Multiplicative Factor: 0%
	 Eff: 6323,99025
	 DR Bracket: 0
	 Base: 2%
	 Effective Percent: 6,2%
Avoidance
	 Rating: 1884
	 Multiplicative Factor: 0%
	 Eff: 1884
	 DR Bracket: 0
	 Base: 0%
	 Effective Percent: 3,46%
Mastery
	 Rating: 28677
	 Multiplicative Factor: 0%
	 Eff: 35541,6
	 DR Bracket: 2
	 Base: 19,8%
	 Effective Percent: 91,39%
----------------------
01:37,497

Intellect
	 Rating: 146396
	 Multiplicative Factor: 13,56%
	 Eff: 146396,2500000001
Stamina
	 Rating: 868194
	 Multiplicative Factor: 11,3%
	 Eff: 868194,113
Crit
	 Rating: 22613
	 Multiplicative Factor: 0%
	 Eff: 25951,589014795045
	 DR Bracket: 1
	 Base: 5%
	 Effective Percent: 37,07%
	 Crit Inc Heal: 2,6
	 Crit Inc Damage: 2
Haste
	 Rating: 12119
	 Multiplicative Factor: 0%
	 Eff: 19930,9
	 DR Bracket: 0
	 Base: 10%
	 Effective Percent: 30,2%
Vers
	 Rating: 6581
	 Multiplicative Factor: 0%
	 Eff: 8921
	 DR Bracket: 0
	 Base: 3%
	 Effective Percent: 11,44%
Leech
	 Rating: 4284
	 Multiplicative Factor: 0%
	 Eff: 6323,99025
	 DR Bracket: 0
	 Base: 2%
	 Effective Percent: 6,2%
Avoidance
	 Rating: 1884
	 Multiplicative Factor: 0%
	 Eff: 1884
	 DR Bracket: 0
	 Base: 0%
	 Effective Percent: 3,46%
Mastery
	 Rating: 28677
	 Multiplicative Factor: 0%
	 Eff: 35541,6
	 DR Bracket: 2
	 Base: 19,8%
	 Effective Percent: 91,39%
----------------------
01:42,672

Intellect
	 Rating: 146396
	 Multiplicative Factor: 13,56%
	 Eff: 146396,2500000001
Stamina
	 Rating: 868194
	 Multiplicative Factor: 11,3%
	 Eff: 868194,113
Crit
	 Rating: 16628
	 Multiplicative Factor: 0%
	 Eff: 20128
	 DR Bracket: 0
	 Base: 5%
	 Effective Percent: 28,75%
	 Crit Inc Heal: 2,6
	 Crit Inc Damage: 2
Haste
	 Rating: 12119
	 Multiplicative Factor: 0%
	 Eff: 19149,71
	 DR Bracket: 0
	 Base: 9%
	 Effective Percent: 29,01%
Vers
	 Rating: 6581
	 Multiplicative Factor: 0%
	 Eff: 8921
	 DR Bracket: 0
	 Base: 3%
	 Effective Percent: 11,44%
Leech
	 Rating: 4284
	 Multiplicative Factor: 0%
	 Eff: 6323,99025
	 DR Bracket: 0
	 Base: 2%
	 Effective Percent: 6,2%
Avoidance
	 Rating: 1884
	 Multiplicative Factor: 0%
	 Eff: 1884
	 DR Bracket: 0
	 Base: 0%
	 Effective Percent: 3,46%
Mastery
	 Rating: 28677
	 Multiplicative Factor: 0%
	 Eff: 35541,6
	 DR Bracket: 2
	 Base: 19,8%
	 Effective Percent: 91,39%
----------------------
01:47,713

Intellect
	 Rating: 146396
	 Multiplicative Factor: 13,56%
	 Eff: 146396,2500000001
Stamina
	 Rating: 868194
	 Multiplicative Factor: 11,3%
	 Eff: 868194,113
Crit
	 Rating: 16628
	 Multiplicative Factor: 0%
	 Eff: 20128
	 DR Bracket: 0
	 Base: 5%
	 Effective Percent: 28,75%
	 Crit Inc Heal: 2,6
	 Crit Inc Damage: 2
Haste
	 Rating: 12119
	 Multiplicative Factor: 0%
	 Eff: 12119
	 DR Bracket: 0
	 Base: 0%
	 Effective Percent: 18,36%
Vers
	 Rating: 6581
	 Multiplicative Factor: 0%
	 Eff: 8921
	 DR Bracket: 0
	 Base: 3%
	 Effective Percent: 11,44%
Leech
	 Rating: 4284
	 Multiplicative Factor: 0%
	 Eff: 6323,99025
	 DR Bracket: 0
	 Base: 2%
	 Effective Percent: 6,2%
Avoidance
	 Rating: 1884
	 Multiplicative Factor: 0%
	 Eff: 1884
	 DR Bracket: 0
	 Base: 0%
	 Effective Percent: 3,46%
Mastery
	 Rating: 28677
	 Multiplicative Factor: 0%
	 Eff: 35541,6
	 DR Bracket: 2
	 Base: 19,8%
	 Effective Percent: 91,39%
----------------------
01:53,283

Intellect
	 Rating: 139425
	 Multiplicative Factor: 8,15%
	 Eff: 139425,00000000006
Stamina
	 Rating: 868194
	 Multiplicative Factor: 11,3%
	 Eff: 868194,113
Crit
	 Rating: 22613
	 Multiplicative Factor: 0%
	 Eff: 25951,589014795045
	 DR Bracket: 1
	 Base: 5%
	 Effective Percent: 37,07%
	 Crit Inc Heal: 2,6
	 Crit Inc Damage: 2
Haste
	 Rating: 12119
	 Multiplicative Factor: 0%
	 Eff: 12119
	 DR Bracket: 0
	 Base: 0%
	 Effective Percent: 18,36%
Vers
	 Rating: 6581
	 Multiplicative Factor: 0%
	 Eff: 8921
	 DR Bracket: 0
	 Base: 3%
	 Effective Percent: 11,44%
Leech
	 Rating: 4284
	 Multiplicative Factor: 0%
	 Eff: 6323,99025
	 DR Bracket: 0
	 Base: 2%
	 Effective Percent: 6,2%
Avoidance
	 Rating: 1884
	 Multiplicative Factor: 0%
	 Eff: 1884
	 DR Bracket: 0
	 Base: 0%
	 Effective Percent: 3,46%
Mastery
	 Rating: 28677
	 Multiplicative Factor: 0%
	 Eff: 35541,6
	 DR Bracket: 2
	 Base: 19,8%
	 Effective Percent: 91,39%
----------------------
01:58,346

Intellect
	 Rating: 139425
	 Multiplicative Factor: 8,15%
	 Eff: 139425,00000000006
Stamina
	 Rating: 868194
	 Multiplicative Factor: 11,3%
	 Eff: 868194,113
Crit
	 Rating: 28598
	 Multiplicative Factor: 0%
	 Eff: 31278,202692968967
	 DR Bracket: 2
	 Base: 5%
	 Effective Percent: 44,68%
	 Crit Inc Heal: 2,6
	 Crit Inc Damage: 2
Haste
	 Rating: 12119
	 Multiplicative Factor: 0%
	 Eff: 16806,14
	 DR Bracket: 0
	 Base: 6%
	 Effective Percent: 25,46%
Vers
	 Rating: 6581
	 Multiplicative Factor: 0%
	 Eff: 8921
	 DR Bracket: 0
	 Base: 3%
	 Effective Percent: 11,44%
Leech
	 Rating: 4284
	 Multiplicative Factor: 0%
	 Eff: 6323,99025
	 DR Bracket: 0
	 Base: 2%
	 Effective Percent: 6,2%
Avoidance
	 Rating: 1884
	 Multiplicative Factor: 0%
	 Eff: 1884
	 DR Bracket: 0
	 Base: 0%
	 Effective Percent: 3,46%
Mastery
	 Rating: 28677
	 Multiplicative Factor: 0%
	 Eff: 35541,6
	 DR Bracket: 2
	 Base: 19,8%
	 Effective Percent: 91,39%
----------------------
02:03,567

Intellect
	 Rating: 139425
	 Multiplicative Factor: 8,15%
	 Eff: 139425,00000000006
Stamina
	 Rating: 868194
	 Multiplicative Factor: 11,3%
	 Eff: 868194,113
Crit
	 Rating: 22613
	 Multiplicative Factor: 0%
	 Eff: 25951,589014795045
	 DR Bracket: 1
	 Base: 5%
	 Effective Percent: 37,07%
	 Crit Inc Heal: 2,6
	 Crit Inc Damage: 2
Haste
	 Rating: 12119
	 Multiplicative Factor: 0%
	 Eff: 16806,14
	 DR Bracket: 0
	 Base: 6%
	 Effective Percent: 25,46%
Vers
	 Rating: 6581
	 Multiplicative Factor: 0%
	 Eff: 8921
	 DR Bracket: 0
	 Base: 3%
	 Effective Percent: 11,44%
Leech
	 Rating: 4284
	 Multiplicative Factor: 0%
	 Eff: 6323,99025
	 DR Bracket: 0
	 Base: 2%
	 Effective Percent: 6,2%
Avoidance
	 Rating: 1884
	 Multiplicative Factor: 0%
	 Eff: 1884
	 DR Bracket: 0
	 Base: 0%
	 Effective Percent: 3,46%
Mastery
	 Rating: 28677
	 Multiplicative Factor: 0%
	 Eff: 35541,6
	 DR Bracket: 2
	 Base: 19,8%
	 Effective Percent: 91,39%
----------------------
02:09,137

Intellect
	 Rating: 139425
	 Multiplicative Factor: 8,15%
	 Eff: 139425,00000000006
Stamina
	 Rating: 868194
	 Multiplicative Factor: 11,3%
	 Eff: 868194,113
Crit
	 Rating: 16628
	 Multiplicative Factor: 0%
	 Eff: 20128
	 DR Bracket: 0
	 Base: 5%
	 Effective Percent: 28,75%
	 Crit Inc Heal: 2
	 Crit Inc Damage: 2
Haste
	 Rating: 12119
	 Multiplicative Factor: 0%
	 Eff: 12119
	 DR Bracket: 0
	 Base: 0%
	 Effective Percent: 18,36%
Vers
	 Rating: 6581
	 Multiplicative Factor: 0%
	 Eff: 8921
	 DR Bracket: 0
	 Base: 3%
	 Effective Percent: 11,44%
Leech
	 Rating: 4284
	 Multiplicative Factor: 0%
	 Eff: 6323,99025
	 DR Bracket: 0
	 Base: 2%
	 Effective Percent: 6,2%
Avoidance
	 Rating: 1884
	 Multiplicative Factor: 0%
	 Eff: 1884
	 DR Bracket: 0
	 Base: 0%
	 Effective Percent: 3,46%
Mastery
	 Rating: 28677
	 Multiplicative Factor: 0%
	 Eff: 35541,6
	 DR Bracket: 2
	 Base: 19,8%
	 Effective Percent: 91,39%
----------------------
02:14,806

Intellect
	 Rating: 139425
	 Multiplicative Factor: 8,15%
	 Eff: 139425,00000000006
Stamina
	 Rating: 868194
	 Multiplicative Factor: 11,3%
	 Eff: 868194,113
Crit
	 Rating: 16628
	 Multiplicative Factor: 0%
	 Eff: 20128
	 DR Bracket: 0
	 Base: 5%
	 Effective Percent: 28,75%
	 Crit Inc Heal: 2
	 Crit Inc Damage: 2
Haste
	 Rating: 12119
	 Multiplicative Factor: 0%
	 Eff: 12119
	 DR Bracket: 0
	 Base: 0%
	 Effective Percent: 18,36%
Vers
	 Rating: 6581
	 Multiplicative Factor: 0%
	 Eff: 8921
	 DR Bracket: 0
	 Base: 3%
	 Effective Percent: 11,44%
Leech
	 Rating: 4284
	 Multiplicative Factor: 0%
	 Eff: 6323,99025
	 DR Bracket: 0
	 Base: 2%
	 Effective Percent: 6,2%
Avoidance
	 Rating: 1884
	 Multiplicative Factor: 0%
	 Eff: 1884
	 DR Bracket: 0
	 Base: 0%
	 Effective Percent: 3,46%
Mastery
	 Rating: 28677
	 Multiplicative Factor: 0%
	 Eff: 35541,6
	 DR Bracket: 2
	 Base: 19,8%
	 Effective Percent: 91,39%
----------------------
02:20,035

Intellect
	 Rating: 139425
	 Multiplicative Factor: 8,15%
	 Eff: 139425,00000000006
Stamina
	 Rating: 868194
	 Multiplicative Factor: 11,3%
	 Eff: 868194,113
Crit
	 Rating: 16628
	 Multiplicative Factor: 0%
	 Eff: 20128
	 DR Bracket: 0
	 Base: 5%
	 Effective Percent: 28,75%
	 Crit Inc Heal: 2
	 Crit Inc Damage: 2
Haste
	 Rating: 12119
	 Multiplicative Factor: 0%
	 Eff: 12119
	 DR Bracket: 0
	 Base: 0%
	 Effective Percent: 18,36%
Vers
	 Rating: 6581
	 Multiplicative Factor: 0%
	 Eff: 8921
	 DR Bracket: 0
	 Base: 3%
	 Effective Percent: 11,44%
Leech
	 Rating: 4284
	 Multiplicative Factor: 0%
	 Eff: 6323,99025
	 DR Bracket: 0
	 Base: 2%
	 Effective Percent: 6,2%
Avoidance
	 Rating: 1884
	 Multiplicative Factor: 0%
	 Eff: 1884
	 DR Bracket: 0
	 Base: 0%
	 Effective Percent: 3,46%
Mastery
	 Rating: 28677
	 Multiplicative Factor: 0%
	 Eff: 35541,6
	 DR Bracket: 2
	 Base: 19,8%
	 Effective Percent: 91,39%
----------------------
02:34,687

Intellect
	 Rating: 139425
	 Multiplicative Factor: 8,15%
	 Eff: 139425,00000000006
Stamina
	 Rating: 868194
	 Multiplicative Factor: 11,3%
	 Eff: 868194,113
Crit
	 Rating: 16628
	 Multiplicative Factor: 0%
	 Eff: 20128
	 DR Bracket: 0
	 Base: 5%
	 Effective Percent: 28,75%
	 Crit Inc Heal: 2
	 Crit Inc Damage: 2
Haste
	 Rating: 12119
	 Multiplicative Factor: 0%
	 Eff: 12119
	 DR Bracket: 0
	 Base: 0%
	 Effective Percent: 18,36%
Vers
	 Rating: 6581
	 Multiplicative Factor: 0%
	 Eff: 8921
	 DR Bracket: 0
	 Base: 3%
	 Effective Percent: 11,44%
Leech
	 Rating: 4284
	 Multiplicative Factor: 0%
	 Eff: 6323,99025
	 DR Bracket: 0
	 Base: 2%
	 Effective Percent: 6,2%
Avoidance
	 Rating: 1884
	 Multiplicative Factor: 0%
	 Eff: 1884
	 DR Bracket: 0
	 Base: 0%
	 Effective Percent: 3,46%
Mastery
	 Rating: 28677
	 Multiplicative Factor: 0%
	 Eff: 35541,6
	 DR Bracket: 2
	 Base: 19,8%
	 Effective Percent: 91,39%
----------------------
02:39,927

Intellect
	 Rating: 146396
	 Multiplicative Factor: 13,56%
	 Eff: 146396,2500000001
Stamina
	 Rating: 868194
	 Multiplicative Factor: 11,3%
	 Eff: 868194,113
Crit
	 Rating: 16628
	 Multiplicative Factor: 0%
	 Eff: 20128
	 DR Bracket: 0
	 Base: 5%
	 Effective Percent: 28,75%
	 Crit Inc Heal: 2,6
	 Crit Inc Damage: 2
Haste
	 Rating: 12119
	 Multiplicative Factor: 0%
	 Eff: 40241,84
	 DR Bracket: 0
	 Base: 36%
	 Effective Percent: 60,97%
Vers
	 Rating: 6581
	 Multiplicative Factor: 0%
	 Eff: 8921
	 DR Bracket: 0
	 Base: 3%
	 Effective Percent: 11,44%
Leech
	 Rating: 4284
	 Multiplicative Factor: 0%
	 Eff: 6323,99025
	 DR Bracket: 0
	 Base: 2%
	 Effective Percent: 6,2%
Avoidance
	 Rating: 1884
	 Multiplicative Factor: 0%
	 Eff: 1884
	 DR Bracket: 0
	 Base: 0%
	 Effective Percent: 3,46%
Mastery
	 Rating: 28677
	 Multiplicative Factor: 0%
	 Eff: 35541,6
	 DR Bracket: 2
	 Base: 19,8%
	 Effective Percent: 91,39%
----------------------
02:44,947

Intellect
	 Rating: 146396
	 Multiplicative Factor: 13,56%
	 Eff: 146396,2500000001
Stamina
	 Rating: 868194
	 Multiplicative Factor: 11,3%
	 Eff: 868194,113
Crit
	 Rating: 16628
	 Multiplicative Factor: 0%
	 Eff: 20128
	 DR Bracket: 0
	 Base: 5%
	 Effective Percent: 28,75%
	 Crit Inc Heal: 2,6
	 Crit Inc Damage: 2
Haste
	 Rating: 12119
	 Multiplicative Factor: 0%
	 Eff: 29305,18
	 DR Bracket: 0
	 Base: 22%
	 Effective Percent: 44,4%
Vers
	 Rating: 6581
	 Multiplicative Factor: 0%
	 Eff: 8921
	 DR Bracket: 0
	 Base: 3%
	 Effective Percent: 11,44%
Leech
	 Rating: 4284
	 Multiplicative Factor: 0%
	 Eff: 6323,99025
	 DR Bracket: 0
	 Base: 2%
	 Effective Percent: 6,2%
Avoidance
	 Rating: 1884
	 Multiplicative Factor: 0%
	 Eff: 1884
	 DR Bracket: 0
	 Base: 0%
	 Effective Percent: 3,46%
Mastery
	 Rating: 28677
	 Multiplicative Factor: 0%
	 Eff: 35541,6
	 DR Bracket: 2
	 Base: 19,8%
	 Effective Percent: 91,39%
----------------------
02:49,974

Intellect
	 Rating: 146396
	 Multiplicative Factor: 13,56%
	 Eff: 146396,2500000001
Stamina
	 Rating: 868194
	 Multiplicative Factor: 11,3%
	 Eff: 868194,113
Crit
	 Rating: 16628
	 Multiplicative Factor: 0%
	 Eff: 20128
	 DR Bracket: 0
	 Base: 5%
	 Effective Percent: 28,75%
	 Crit Inc Heal: 2,6
	 Crit Inc Damage: 2
Haste
	 Rating: 12119
	 Multiplicative Factor: 0%
	 Eff: 25399,230000000003
	 DR Bracket: 0
	 Base: 17%
	 Effective Percent: 38,48%
Vers
	 Rating: 6581
	 Multiplicative Factor: 0%
	 Eff: 8921
	 DR Bracket: 0
	 Base: 3%
	 Effective Percent: 11,44%
Leech
	 Rating: 4284
	 Multiplicative Factor: 0%
	 Eff: 6323,99025
	 DR Bracket: 0
	 Base: 2%
	 Effective Percent: 6,2%
Avoidance
	 Rating: 1884
	 Multiplicative Factor: 0%
	 Eff: 1884
	 DR Bracket: 0
	 Base: 0%
	 Effective Percent: 3,46%
Mastery
	 Rating: 28677
	 Multiplicative Factor: 0%
	 Eff: 35541,6
	 DR Bracket: 2
	 Base: 19,8%
	 Effective Percent: 91,39%
----------------------
02:55,279

Intellect
	 Rating: 146396
	 Multiplicative Factor: 13,56%
	 Eff: 146396,2500000001
Stamina
	 Rating: 868194
	 Multiplicative Factor: 11,3%
	 Eff: 868194,113
Crit
	 Rating: 16628
	 Multiplicative Factor: 0%
	 Eff: 20128
	 DR Bracket: 0
	 Base: 5%
	 Effective Percent: 28,75%
	 Crit Inc Heal: 2,6
	 Crit Inc Damage: 2
Haste
	 Rating: 12119
	 Multiplicative Factor: 0%
	 Eff: 21493,28
	 DR Bracket: 0
	 Base: 12%
	 Effective Percent: 32,57%
Vers
	 Rating: 6581
	 Multiplicative Factor: 0%
	 Eff: 8921
	 DR Bracket: 0
	 Base: 3%
	 Effective Percent: 11,44%
Leech
	 Rating: 4284
	 Multiplicative Factor: 0%
	 Eff: 6323,99025
	 DR Bracket: 0
	 Base: 2%
	 Effective Percent: 6,2%
Avoidance
	 Rating: 1884
	 Multiplicative Factor: 0%
	 Eff: 1884
	 DR Bracket: 0
	 Base: 0%
	 Effective Percent: 3,46%
Mastery
	 Rating: 28677
	 Multiplicative Factor: 0%
	 Eff: 35541,6
	 DR Bracket: 2
	 Base: 19,8%
	 Effective Percent: 91,39%
----------------------
03:00,443

Intellect
	 Rating: 146396
	 Multiplicative Factor: 13,56%
	 Eff: 146396,2500000001
Stamina
	 Rating: 868194
	 Multiplicative Factor: 11,3%
	 Eff: 868194,113
Crit
	 Rating: 16628
	 Multiplicative Factor: 0%
	 Eff: 20128
	 DR Bracket: 0
	 Base: 5%
	 Effective Percent: 28,75%
	 Crit Inc Heal: 2,6
	 Crit Inc Damage: 2
Haste
	 Rating: 12119
	 Multiplicative Factor: 0%
	 Eff: 17587,33
	 DR Bracket: 0
	 Base: 7%
	 Effective Percent: 26,65%
Vers
	 Rating: 6581
	 Multiplicative Factor: 0%
	 Eff: 8921
	 DR Bracket: 0
	 Base: 3%
	 Effective Percent: 11,44%
Leech
	 Rating: 4284
	 Multiplicative Factor: 0%
	 Eff: 6323,99025
	 DR Bracket: 0
	 Base: 2%
	 Effective Percent: 6,2%
Avoidance
	 Rating: 1884
	 Multiplicative Factor: 0%
	 Eff: 1884
	 DR Bracket: 0
	 Base: 0%
	 Effective Percent: 3,46%
Mastery
	 Rating: 28677
	 Multiplicative Factor: 0%
	 Eff: 35541,6
	 DR Bracket: 2
	 Base: 19,8%
	 Effective Percent: 91,39%
----------------------
03:05,757

Intellect
	 Rating: 146396
	 Multiplicative Factor: 13,56%
	 Eff: 146396,2500000001
Stamina
	 Rating: 868194
	 Multiplicative Factor: 11,3%
	 Eff: 868194,113
Crit
	 Rating: 22613
	 Multiplicative Factor: 0%
	 Eff: 25951,589014795045
	 DR Bracket: 1
	 Base: 5%
	 Effective Percent: 37,07%
	 Crit Inc Heal: 2,6
	 Crit Inc Damage: 2
Haste
	 Rating: 12119
	 Multiplicative Factor: 0%
	 Eff: 17587,33
	 DR Bracket: 0
	 Base: 7%
	 Effective Percent: 26,65%
Vers
	 Rating: 6581
	 Multiplicative Factor: 0%
	 Eff: 8921
	 DR Bracket: 0
	 Base: 3%
	 Effective Percent: 11,44%
Leech
	 Rating: 4284
	 Multiplicative Factor: 0%
	 Eff: 6323,99025
	 DR Bracket: 0
	 Base: 2%
	 Effective Percent: 6,2%
Avoidance
	 Rating: 1884
	 Multiplicative Factor: 0%
	 Eff: 1884
	 DR Bracket: 0
	 Base: 0%
	 Effective Percent: 3,46%
Mastery
	 Rating: 28677
	 Multiplicative Factor: 0%
	 Eff: 35541,6
	 DR Bracket: 2
	 Base: 19,8%
	 Effective Percent: 91,39%
----------------------
03:10,819

Intellect
	 Rating: 146396
	 Multiplicative Factor: 13,56%
	 Eff: 146396,2500000001
Stamina
	 Rating: 868194
	 Multiplicative Factor: 11,3%
	 Eff: 868194,113
Crit
	 Rating: 22613
	 Multiplicative Factor: 0%
	 Eff: 25951,589014795045
	 DR Bracket: 1
	 Base: 5%
	 Effective Percent: 37,07%
	 Crit Inc Heal: 2,6
	 Crit Inc Damage: 2
Haste
	 Rating: 12119
	 Multiplicative Factor: 0%
	 Eff: 16806,14
	 DR Bracket: 0
	 Base: 6%
	 Effective Percent: 25,46%
Vers
	 Rating: 6581
	 Multiplicative Factor: 0%
	 Eff: 8921
	 DR Bracket: 0
	 Base: 3%
	 Effective Percent: 11,44%
Leech
	 Rating: 4284
	 Multiplicative Factor: 0%
	 Eff: 6323,99025
	 DR Bracket: 0
	 Base: 2%
	 Effective Percent: 6,2%
Avoidance
	 Rating: 1884
	 Multiplicative Factor: 0%
	 Eff: 1884
	 DR Bracket: 0
	 Base: 0%
	 Effective Percent: 3,46%
Mastery
	 Rating: 28677
	 Multiplicative Factor: 0%
	 Eff: 35541,6
	 DR Bracket: 2
	 Base: 19,8%
	 Effective Percent: 91,39%
----------------------
03:15,926

Intellect
	 Rating: 146396
	 Multiplicative Factor: 13,56%
	 Eff: 146396,2500000001
Stamina
	 Rating: 868194
	 Multiplicative Factor: 11,3%
	 Eff: 868194,113
Crit
	 Rating: 16628
	 Multiplicative Factor: 0%
	 Eff: 20128
	 DR Bracket: 0
	 Base: 5%
	 Effective Percent: 28,75%
	 Crit Inc Heal: 2
	 Crit Inc Damage: 2
Haste
	 Rating: 12119
	 Multiplicative Factor: 0%
	 Eff: 12119
	 DR Bracket: 0
	 Base: 0%
	 Effective Percent: 18,36%
Vers
	 Rating: 6581
	 Multiplicative Factor: 0%
	 Eff: 8921
	 DR Bracket: 0
	 Base: 3%
	 Effective Percent: 11,44%
Leech
	 Rating: 4284
	 Multiplicative Factor: 0%
	 Eff: 6323,99025
	 DR Bracket: 0
	 Base: 2%
	 Effective Percent: 6,2%
Avoidance
	 Rating: 1884
	 Multiplicative Factor: 0%
	 Eff: 1884
	 DR Bracket: 0
	 Base: 0%
	 Effective Percent: 3,46%
Mastery
	 Rating: 28677
	 Multiplicative Factor: 0%
	 Eff: 35541,6
	 DR Bracket: 2
	 Base: 19,8%
	 Effective Percent: 91,39%
----------------------
03:21,172

Intellect
	 Rating: 146396
	 Multiplicative Factor: 13,56%
	 Eff: 146396,2500000001
Stamina
	 Rating: 868194
	 Multiplicative Factor: 11,3%
	 Eff: 868194,113
Crit
	 Rating: 16628
	 Multiplicative Factor: 0%
	 Eff: 20128
	 DR Bracket: 0
	 Base: 5%
	 Effective Percent: 28,75%
	 Crit Inc Heal: 2
	 Crit Inc Damage: 2
Haste
	 Rating: 12119
	 Multiplicative Factor: 0%
	 Eff: 12119
	 DR Bracket: 0
	 Base: 0%
	 Effective Percent: 18,36%
Vers
	 Rating: 6581
	 Multiplicative Factor: 0%
	 Eff: 8921
	 DR Bracket: 0
	 Base: 3%
	 Effective Percent: 11,44%
Leech
	 Rating: 4284
	 Multiplicative Factor: 0%
	 Eff: 6323,99025
	 DR Bracket: 0
	 Base: 2%
	 Effective Percent: 6,2%
Avoidance
	 Rating: 1884
	 Multiplicative Factor: 0%
	 Eff: 1884
	 DR Bracket: 0
	 Base: 0%
	 Effective Percent: 3,46%
Mastery
	 Rating: 28677
	 Multiplicative Factor: 0%
	 Eff: 35541,6
	 DR Bracket: 2
	 Base: 19,8%
	 Effective Percent: 91,39%
----------------------
03:26,268

Intellect
	 Rating: 139425
	 Multiplicative Factor: 8,15%
	 Eff: 139425,00000000006
Stamina
	 Rating: 868194
	 Multiplicative Factor: 11,3%
	 Eff: 868194,113
Crit
	 Rating: 16628
	 Multiplicative Factor: 0%
	 Eff: 20128
	 DR Bracket: 0
	 Base: 5%
	 Effective Percent: 28,75%
	 Crit Inc Heal: 2
	 Crit Inc Damage: 2
Haste
	 Rating: 12119
	 Multiplicative Factor: 0%
	 Eff: 12119
	 DR Bracket: 0
	 Base: 0%
	 Effective Percent: 18,36%
Vers
	 Rating: 6581
	 Multiplicative Factor: 0%
	 Eff: 8921
	 DR Bracket: 0
	 Base: 3%
	 Effective Percent: 11,44%
Leech
	 Rating: 4284
	 Multiplicative Factor: 0%
	 Eff: 6323,99025
	 DR Bracket: 0
	 Base: 2%
	 Effective Percent: 6,2%
Avoidance
	 Rating: 1884
	 Multiplicative Factor: 0%
	 Eff: 1884
	 DR Bracket: 0
	 Base: 0%
	 Effective Percent: 3,46%
Mastery
	 Rating: 28677
	 Multiplicative Factor: 0%
	 Eff: 35541,6
	 DR Bracket: 2
	 Base: 19,8%
	 Effective Percent: 91,39%
----------------------
03:31,519

Intellect
	 Rating: 139425
	 Multiplicative Factor: 8,15%
	 Eff: 139425,00000000006
Stamina
	 Rating: 868194
	 Multiplicative Factor: 11,3%
	 Eff: 868194,113
Crit
	 Rating: 16628
	 Multiplicative Factor: 0%
	 Eff: 20128
	 DR Bracket: 0
	 Base: 5%
	 Effective Percent: 28,75%
	 Crit Inc Heal: 2
	 Crit Inc Damage: 2
Haste
	 Rating: 12119
	 Multiplicative Factor: 0%
	 Eff: 12119
	 DR Bracket: 0
	 Base: 0%
	 Effective Percent: 18,36%
Vers
	 Rating: 6581
	 Multiplicative Factor: 0%
	 Eff: 8921
	 DR Bracket: 0
	 Base: 3%
	 Effective Percent: 11,44%
Leech
	 Rating: 4284
	 Multiplicative Factor: 0%
	 Eff: 6323,99025
	 DR Bracket: 0
	 Base: 2%
	 Effective Percent: 6,2%
Avoidance
	 Rating: 1884
	 Multiplicative Factor: 0%
	 Eff: 1884
	 DR Bracket: 0
	 Base: 0%
	 Effective Percent: 3,46%
Mastery
	 Rating: 28677
	 Multiplicative Factor: 0%
	 Eff: 35541,6
	 DR Bracket: 2
	 Base: 19,8%
	 Effective Percent: 91,39%
----------------------
03:39,250

Intellect
	 Rating: 139425
	 Multiplicative Factor: 8,15%
	 Eff: 139425,00000000006
Stamina
	 Rating: 868194
	 Multiplicative Factor: 11,3%
	 Eff: 868194,113
Crit
	 Rating: 16628
	 Multiplicative Factor: 0%
	 Eff: 20128
	 DR Bracket: 0
	 Base: 5%
	 Effective Percent: 28,75%
	 Crit Inc Heal: 2
	 Crit Inc Damage: 2
Haste
	 Rating: 12119
	 Multiplicative Factor: 0%
	 Eff: 12119
	 DR Bracket: 0
	 Base: 0%
	 Effective Percent: 18,36%
Vers
	 Rating: 6581
	 Multiplicative Factor: 0%
	 Eff: 8921
	 DR Bracket: 0
	 Base: 3%
	 Effective Percent: 11,44%
Leech
	 Rating: 4284
	 Multiplicative Factor: 0%
	 Eff: 6323,99025
	 DR Bracket: 0
	 Base: 2%
	 Effective Percent: 6,2%
Avoidance
	 Rating: 1884
	 Multiplicative Factor: 0%
	 Eff: 1884
	 DR Bracket: 0
	 Base: 0%
	 Effective Percent: 3,46%
Mastery
	 Rating: 28677
	 Multiplicative Factor: 0%
	 Eff: 35541,6
	 DR Bracket: 2
	 Base: 19,8%
	 Effective Percent: 91,39%
----------------------
03:50,631

Intellect
	 Rating: 139425
	 Multiplicative Factor: 8,15%
	 Eff: 139425,00000000006
Stamina
	 Rating: 868194
	 Multiplicative Factor: 11,3%
	 Eff: 868194,113
Crit
	 Rating: 16628
	 Multiplicative Factor: 0%
	 Eff: 20128
	 DR Bracket: 0
	 Base: 5%
	 Effective Percent: 28,75%
	 Crit Inc Heal: 2
	 Crit Inc Damage: 2
Haste
	 Rating: 12119
	 Multiplicative Factor: 0%
	 Eff: 12119
	 DR Bracket: 0
	 Base: 0%
	 Effective Percent: 18,36%
Vers
	 Rating: 6581
	 Multiplicative Factor: 0%
	 Eff: 8921
	 DR Bracket: 0
	 Base: 3%
	 Effective Percent: 11,44%
Leech
	 Rating: 4284
	 Multiplicative Factor: 0%
	 Eff: 6323,99025
	 DR Bracket: 0
	 Base: 2%
	 Effective Percent: 6,2%
Avoidance
	 Rating: 1884
	 Multiplicative Factor: 0%
	 Eff: 1884
	 DR Bracket: 0
	 Base: 0%
	 Effective Percent: 3,46%
Mastery
	 Rating: 28677
	 Multiplicative Factor: 0%
	 Eff: 35541,6
	 DR Bracket: 2
	 Base: 19,8%
	 Effective Percent: 91,39%
----------------------
03:55,655

Intellect
	 Rating: 146396
	 Multiplicative Factor: 13,56%
	 Eff: 146396,2500000001
Stamina
	 Rating: 868194
	 Multiplicative Factor: 11,3%
	 Eff: 868194,113
Crit
	 Rating: 16628
	 Multiplicative Factor: 0%
	 Eff: 20128
	 DR Bracket: 0
	 Base: 5%
	 Effective Percent: 28,75%
	 Crit Inc Heal: 2,6
	 Crit Inc Damage: 2
Haste
	 Rating: 12119
	 Multiplicative Factor: 0%
	 Eff: 40241,84
	 DR Bracket: 0
	 Base: 36%
	 Effective Percent: 60,97%
Vers
	 Rating: 6581
	 Multiplicative Factor: 0%
	 Eff: 8921
	 DR Bracket: 0
	 Base: 3%
	 Effective Percent: 11,44%
Leech
	 Rating: 4284
	 Multiplicative Factor: 0%
	 Eff: 6323,99025
	 DR Bracket: 0
	 Base: 2%
	 Effective Percent: 6,2%
Avoidance
	 Rating: 1884
	 Multiplicative Factor: 0%
	 Eff: 1884
	 DR Bracket: 0
	 Base: 0%
	 Effective Percent: 3,46%
Mastery
	 Rating: 28677
	 Multiplicative Factor: 0%
	 Eff: 35541,6
	 DR Bracket: 2
	 Base: 19,8%
	 Effective Percent: 91,39%
----------------------
04:00,769

Intellect
	 Rating: 146396
	 Multiplicative Factor: 13,56%
	 Eff: 146396,2500000001
Stamina
	 Rating: 868194
	 Multiplicative Factor: 11,3%
	 Eff: 868194,113
Crit
	 Rating: 16628
	 Multiplicative Factor: 0%
	 Eff: 20128
	 DR Bracket: 0
	 Base: 5%
	 Effective Percent: 28,75%
	 Crit Inc Heal: 2,6
	 Crit Inc Damage: 2
Haste
	 Rating: 12119
	 Multiplicative Factor: 0%
	 Eff: 36335,89
	 DR Bracket: 0
	 Base: 31%
	 Effective Percent: 55,05%
Vers
	 Rating: 6581
	 Multiplicative Factor: 0%
	 Eff: 8921
	 DR Bracket: 0
	 Base: 3%
	 Effective Percent: 11,44%
Leech
	 Rating: 4284
	 Multiplicative Factor: 0%
	 Eff: 6323,99025
	 DR Bracket: 0
	 Base: 2%
	 Effective Percent: 6,2%
Avoidance
	 Rating: 1884
	 Multiplicative Factor: 0%
	 Eff: 1884
	 DR Bracket: 0
	 Base: 0%
	 Effective Percent: 3,46%
Mastery
	 Rating: 28677
	 Multiplicative Factor: 0%
	 Eff: 35541,6
	 DR Bracket: 2
	 Base: 19,8%
	 Effective Percent: 91,39%
----------------------
04:05,785

Intellect
	 Rating: 146396
	 Multiplicative Factor: 13,56%
	 Eff: 146396,2500000001
Stamina
	 Rating: 868194
	 Multiplicative Factor: 11,3%
	 Eff: 868194,113
Crit
	 Rating: 16628
	 Multiplicative Factor: 0%
	 Eff: 20128
	 DR Bracket: 0
	 Base: 5%
	 Effective Percent: 28,75%
	 Crit Inc Heal: 2,6
	 Crit Inc Damage: 2
Haste
	 Rating: 12119
	 Multiplicative Factor: 0%
	 Eff: 25399,230000000003
	 DR Bracket: 0
	 Base: 17%
	 Effective Percent: 38,48%
Vers
	 Rating: 6581
	 Multiplicative Factor: 0%
	 Eff: 8921
	 DR Bracket: 0
	 Base: 3%
	 Effective Percent: 11,44%
Leech
	 Rating: 4284
	 Multiplicative Factor: 0%
	 Eff: 6323,99025
	 DR Bracket: 0
	 Base: 2%
	 Effective Percent: 6,2%
Avoidance
	 Rating: 1884
	 Multiplicative Factor: 0%
	 Eff: 1884
	 DR Bracket: 0
	 Base: 0%
	 Effective Percent: 3,46%
Mastery
	 Rating: 28677
	 Multiplicative Factor: 0%
	 Eff: 35541,6
	 DR Bracket: 2
	 Base: 19,8%
	 Effective Percent: 91,39%
----------------------
04:10,849

Intellect
	 Rating: 146396
	 Multiplicative Factor: 13,56%
	 Eff: 146396,2500000001
Stamina
	 Rating: 868194
	 Multiplicative Factor: 11,3%
	 Eff: 868194,113
Crit
	 Rating: 16628
	 Multiplicative Factor: 0%
	 Eff: 20128
	 DR Bracket: 0
	 Base: 5%
	 Effective Percent: 28,75%
	 Crit Inc Heal: 2,6
	 Crit Inc Damage: 2
Haste
	 Rating: 12119
	 Multiplicative Factor: 0%
	 Eff: 21493,28
	 DR Bracket: 0
	 Base: 12%
	 Effective Percent: 32,57%
Vers
	 Rating: 6581
	 Multiplicative Factor: 0%
	 Eff: 8921
	 DR Bracket: 0
	 Base: 3%
	 Effective Percent: 11,44%
Leech
	 Rating: 4284
	 Multiplicative Factor: 0%
	 Eff: 6323,99025
	 DR Bracket: 0
	 Base: 2%
	 Effective Percent: 6,2%
Avoidance
	 Rating: 1884
	 Multiplicative Factor: 0%
	 Eff: 1884
	 DR Bracket: 0
	 Base: 0%
	 Effective Percent: 3,46%
Mastery
	 Rating: 28677
	 Multiplicative Factor: 0%
	 Eff: 35541,6
	 DR Bracket: 2
	 Base: 19,8%
	 Effective Percent: 91,39%
----------------------
04:15,862

Intellect
	 Rating: 146396
	 Multiplicative Factor: 13,56%
	 Eff: 146396,2500000001
Stamina
	 Rating: 868194
	 Multiplicative Factor: 11,3%
	 Eff: 868194,113
Crit
	 Rating: 16628
	 Multiplicative Factor: 0%
	 Eff: 20128
	 DR Bracket: 0
	 Base: 5%
	 Effective Percent: 28,75%
	 Crit Inc Heal: 2,6
	 Crit Inc Damage: 2
Haste
	 Rating: 12119
	 Multiplicative Factor: 0%
	 Eff: 17587,33
	 DR Bracket: 0
	 Base: 7%
	 Effective Percent: 26,65%
Vers
	 Rating: 6581
	 Multiplicative Factor: 0%
	 Eff: 8921
	 DR Bracket: 0
	 Base: 3%
	 Effective Percent: 11,44%
Leech
	 Rating: 4284
	 Multiplicative Factor: 0%
	 Eff: 6323,99025
	 DR Bracket: 0
	 Base: 2%
	 Effective Percent: 6,2%
Avoidance
	 Rating: 1884
	 Multiplicative Factor: 0%
	 Eff: 1884
	 DR Bracket: 0
	 Base: 0%
	 Effective Percent: 3,46%
Mastery
	 Rating: 28677
	 Multiplicative Factor: 0%
	 Eff: 35541,6
	 DR Bracket: 2
	 Base: 19,8%
	 Effective Percent: 91,39%
----------------------
04:20,896

Intellect
	 Rating: 146396
	 Multiplicative Factor: 13,56%
	 Eff: 146396,2500000001
Stamina
	 Rating: 868194
	 Multiplicative Factor: 11,3%
	 Eff: 868194,113
Crit
	 Rating: 16628
	 Multiplicative Factor: 0%
	 Eff: 20128
	 DR Bracket: 0
	 Base: 5%
	 Effective Percent: 28,75%
	 Crit Inc Heal: 2,6
	 Crit Inc Damage: 2
Haste
	 Rating: 12119
	 Multiplicative Factor: 0%
	 Eff: 13681,380000000001
	 DR Bracket: 0
	 Base: 2%
	 Effective Percent: 20,73%
Vers
	 Rating: 6581
	 Multiplicative Factor: 0%
	 Eff: 8921
	 DR Bracket: 0
	 Base: 3%
	 Effective Percent: 11,44%
Leech
	 Rating: 4284
	 Multiplicative Factor: 0%
	 Eff: 6323,99025
	 DR Bracket: 0
	 Base: 2%
	 Effective Percent: 6,2%
Avoidance
	 Rating: 1884
	 Multiplicative Factor: 0%
	 Eff: 1884
	 DR Bracket: 0
	 Base: 0%
	 Effective Percent: 3,46%
Mastery
	 Rating: 28677
	 Multiplicative Factor: 0%
	 Eff: 35541,6
	 DR Bracket: 2
	 Base: 19,8%
	 Effective Percent: 91,39%
----------------------
04:26,056

Intellect
	 Rating: 146396
	 Multiplicative Factor: 13,56%
	 Eff: 146396,2500000001
Stamina
	 Rating: 868194
	 Multiplicative Factor: 11,3%
	 Eff: 868194,113
Crit
	 Rating: 16628
	 Multiplicative Factor: 0%
	 Eff: 20128
	 DR Bracket: 0
	 Base: 5%
	 Effective Percent: 28,75%
	 Crit Inc Heal: 2,6
	 Crit Inc Damage: 2
Haste
	 Rating: 12119
	 Multiplicative Factor: 0%
	 Eff: 12119
	 DR Bracket: 0
	 Base: 0%
	 Effective Percent: 18,36%
Vers
	 Rating: 6581
	 Multiplicative Factor: 0%
	 Eff: 8921
	 DR Bracket: 0
	 Base: 3%
	 Effective Percent: 11,44%
Leech
	 Rating: 4284
	 Multiplicative Factor: 0%
	 Eff: 6323,99025
	 DR Bracket: 0
	 Base: 2%
	 Effective Percent: 6,2%
Avoidance
	 Rating: 1884
	 Multiplicative Factor: 0%
	 Eff: 1884
	 DR Bracket: 0
	 Base: 0%
	 Effective Percent: 3,46%
Mastery
	 Rating: 28677
	 Multiplicative Factor: 0%
	 Eff: 35541,6
	 DR Bracket: 2
	 Base: 19,8%
	 Effective Percent: 91,39%
----------------------
04:31,129

Intellect
	 Rating: 146396
	 Multiplicative Factor: 13,56%
	 Eff: 146396,2500000001
Stamina
	 Rating: 868194
	 Multiplicative Factor: 11,3%
	 Eff: 868194,113
Crit
	 Rating: 16628
	 Multiplicative Factor: 0%
	 Eff: 20128
	 DR Bracket: 0
	 Base: 5%
	 Effective Percent: 28,75%
	 Crit Inc Heal: 2,6
	 Crit Inc Damage: 2
Haste
	 Rating: 12119
	 Multiplicative Factor: 0%
	 Eff: 19149,71
	 DR Bracket: 0
	 Base: 9%
	 Effective Percent: 29,01%
Vers
	 Rating: 6581
	 Multiplicative Factor: 0%
	 Eff: 8921
	 DR Bracket: 0
	 Base: 3%
	 Effective Percent: 11,44%
Leech
	 Rating: 4284
	 Multiplicative Factor: 0%
	 Eff: 6323,99025
	 DR Bracket: 0
	 Base: 2%
	 Effective Percent: 6,2%
Avoidance
	 Rating: 1884
	 Multiplicative Factor: 0%
	 Eff: 1884
	 DR Bracket: 0
	 Base: 0%
	 Effective Percent: 3,46%
Mastery
	 Rating: 28677
	 Multiplicative Factor: 0%
	 Eff: 35541,6
	 DR Bracket: 2
	 Base: 19,8%
	 Effective Percent: 91,39%
----------------------
04:36,150

Intellect
	 Rating: 146396
	 Multiplicative Factor: 13,56%
	 Eff: 146396,2500000001
Stamina
	 Rating: 868194
	 Multiplicative Factor: 11,3%
	 Eff: 868194,113
Crit
	 Rating: 16628
	 Multiplicative Factor: 0%
	 Eff: 20128
	 DR Bracket: 0
	 Base: 5%
	 Effective Percent: 28,75%
	 Crit Inc Heal: 2
	 Crit Inc Damage: 2
Haste
	 Rating: 12119
	 Multiplicative Factor: 0%
	 Eff: 19149,71
	 DR Bracket: 0
	 Base: 9%
	 Effective Percent: 29,01%
Vers
	 Rating: 6581
	 Multiplicative Factor: 0%
	 Eff: 8921
	 DR Bracket: 0
	 Base: 3%
	 Effective Percent: 11,44%
Leech
	 Rating: 4284
	 Multiplicative Factor: 0%
	 Eff: 6323,99025
	 DR Bracket: 0
	 Base: 2%
	 Effective Percent: 6,2%
Avoidance
	 Rating: 1884
	 Multiplicative Factor: 0%
	 Eff: 1884
	 DR Bracket: 0
	 Base: 0%
	 Effective Percent: 3,46%
Mastery
	 Rating: 28677
	 Multiplicative Factor: 0%
	 Eff: 35541,6
	 DR Bracket: 2
	 Base: 19,8%
	 Effective Percent: 91,39%
----------------------
04:42,039

Intellect
	 Rating: 146396
	 Multiplicative Factor: 13,56%
	 Eff: 146396,2500000001
Stamina
	 Rating: 868194
	 Multiplicative Factor: 11,3%
	 Eff: 868194,113
Crit
	 Rating: 16628
	 Multiplicative Factor: 0%
	 Eff: 20128
	 DR Bracket: 0
	 Base: 5%
	 Effective Percent: 28,75%
	 Crit Inc Heal: 2,6
	 Crit Inc Damage: 2
Haste
	 Rating: 12119
	 Multiplicative Factor: 0%
	 Eff: 19149,71
	 DR Bracket: 0
	 Base: 9%
	 Effective Percent: 29,01%
Vers
	 Rating: 6581
	 Multiplicative Factor: 0%
	 Eff: 8921
	 DR Bracket: 0
	 Base: 3%
	 Effective Percent: 11,44%
Leech
	 Rating: 4284
	 Multiplicative Factor: 0%
	 Eff: 6323,99025
	 DR Bracket: 0
	 Base: 2%
	 Effective Percent: 6,2%
Avoidance
	 Rating: 1884
	 Multiplicative Factor: 0%
	 Eff: 1884
	 DR Bracket: 0
	 Base: 0%
	 Effective Percent: 3,46%
Mastery
	 Rating: 28677
	 Multiplicative Factor: 0%
	 Eff: 35541,6
	 DR Bracket: 2
	 Base: 19,8%
	 Effective Percent: 91,39%
----------------------
04:47,615

Intellect
	 Rating: 139425
	 Multiplicative Factor: 8,15%
	 Eff: 139425,00000000006
Stamina
	 Rating: 868194
	 Multiplicative Factor: 11,3%
	 Eff: 868194,113
Crit
	 Rating: 16628
	 Multiplicative Factor: 0%
	 Eff: 20128
	 DR Bracket: 0
	 Base: 5%
	 Effective Percent: 28,75%
	 Crit Inc Heal: 2
	 Crit Inc Damage: 2
Haste
	 Rating: 12119
	 Multiplicative Factor: 0%
	 Eff: 12119
	 DR Bracket: 0
	 Base: 0%
	 Effective Percent: 18,36%
Vers
	 Rating: 6581
	 Multiplicative Factor: 0%
	 Eff: 8921
	 DR Bracket: 0
	 Base: 3%
	 Effective Percent: 11,44%
Leech
	 Rating: 4284
	 Multiplicative Factor: 0%
	 Eff: 6323,99025
	 DR Bracket: 0
	 Base: 2%
	 Effective Percent: 6,2%
Avoidance
	 Rating: 1884
	 Multiplicative Factor: 0%
	 Eff: 1884
	 DR Bracket: 0
	 Base: 0%
	 Effective Percent: 3,46%
Mastery
	 Rating: 28677
	 Multiplicative Factor: 0%
	 Eff: 35541,6
	 DR Bracket: 2
	 Base: 19,8%
	 Effective Percent: 91,39%
----------------------
04:52,659

Intellect
	 Rating: 139425
	 Multiplicative Factor: 8,15%
	 Eff: 139425,00000000006
Stamina
	 Rating: 868194
	 Multiplicative Factor: 11,3%
	 Eff: 868194,113
Crit
	 Rating: 16628
	 Multiplicative Factor: 0%
	 Eff: 20128
	 DR Bracket: 0
	 Base: 5%
	 Effective Percent: 28,75%
	 Crit Inc Heal: 2
	 Crit Inc Damage: 2
Haste
	 Rating: 12119
	 Multiplicative Factor: 0%
	 Eff: 35554,7
	 DR Bracket: 0
	 Base: 30%
	 Effective Percent: 53,87%
Vers
	 Rating: 6581
	 Multiplicative Factor: 0%
	 Eff: 8921
	 DR Bracket: 0
	 Base: 3%
	 Effective Percent: 11,44%
Leech
	 Rating: 4284
	 Multiplicative Factor: 0%
	 Eff: 6323,99025
	 DR Bracket: 0
	 Base: 2%
	 Effective Percent: 6,2%
Avoidance
	 Rating: 1884
	 Multiplicative Factor: 0%
	 Eff: 1884
	 DR Bracket: 0
	 Base: 0%
	 Effective Percent: 3,46%
Mastery
	 Rating: 28677
	 Multiplicative Factor: 0%
	 Eff: 35541,6
	 DR Bracket: 2
	 Base: 19,8%
	 Effective Percent: 91,39%
----------------------
04:57,943

Intellect
	 Rating: 139425
	 Multiplicative Factor: 8,15%
	 Eff: 139425,00000000006
Stamina
	 Rating: 868194
	 Multiplicative Factor: 11,3%
	 Eff: 868194,113
Crit
	 Rating: 16628
	 Multiplicative Factor: 0%
	 Eff: 20128
	 DR Bracket: 0
	 Base: 5%
	 Effective Percent: 28,75%
	 Crit Inc Heal: 2,6
	 Crit Inc Damage: 2
Haste
	 Rating: 12119
	 Multiplicative Factor: 0%
	 Eff: 35554,7
	 DR Bracket: 0
	 Base: 30%
	 Effective Percent: 53,87%
Vers
	 Rating: 6581
	 Multiplicative Factor: 0%
	 Eff: 8921
	 DR Bracket: 0
	 Base: 3%
	 Effective Percent: 11,44%
Leech
	 Rating: 4284
	 Multiplicative Factor: 0%
	 Eff: 6323,99025
	 DR Bracket: 0
	 Base: 2%
	 Effective Percent: 6,2%
Avoidance
	 Rating: 1884
	 Multiplicative Factor: 0%
	 Eff: 1884
	 DR Bracket: 0
	 Base: 0%
	 Effective Percent: 3,46%
Mastery
	 Rating: 28677
	 Multiplicative Factor: 0%
	 Eff: 35541,6
	 DR Bracket: 2
	 Base: 19,8%
	 Effective Percent: 91,39%
----------------------
05:02,953

Intellect
	 Rating: 139425
	 Multiplicative Factor: 8,15%
	 Eff: 139425,00000000006
Stamina
	 Rating: 868194
	 Multiplicative Factor: 11,3%
	 Eff: 868194,113
Crit
	 Rating: 16628
	 Multiplicative Factor: 0%
	 Eff: 20128
	 DR Bracket: 0
	 Base: 5%
	 Effective Percent: 28,75%
	 Crit Inc Heal: 2,6
	 Crit Inc Damage: 2
Haste
	 Rating: 12119
	 Multiplicative Factor: 0%
	 Eff: 35554,7
	 DR Bracket: 0
	 Base: 30%
	 Effective Percent: 53,87%
Vers
	 Rating: 6581
	 Multiplicative Factor: 0%
	 Eff: 8921
	 DR Bracket: 0
	 Base: 3%
	 Effective Percent: 11,44%
Leech
	 Rating: 4284
	 Multiplicative Factor: 0%
	 Eff: 6323,99025
	 DR Bracket: 0
	 Base: 2%
	 Effective Percent: 6,2%
Avoidance
	 Rating: 1884
	 Multiplicative Factor: 0%
	 Eff: 1884
	 DR Bracket: 0
	 Base: 0%
	 Effective Percent: 3,46%
Mastery
	 Rating: 28677
	 Multiplicative Factor: 0%
	 Eff: 35541,6
	 DR Bracket: 2
	 Base: 19,8%
	 Effective Percent: 91,39%
----------------------
05:08,377

Intellect
	 Rating: 139425
	 Multiplicative Factor: 8,15%
	 Eff: 139425,00000000006
Stamina
	 Rating: 868194
	 Multiplicative Factor: 11,3%
	 Eff: 868194,113
Crit
	 Rating: 22613
	 Multiplicative Factor: 0%
	 Eff: 25951,589014795045
	 DR Bracket: 1
	 Base: 5%
	 Effective Percent: 37,07%
	 Crit Inc Heal: 2,6
	 Crit Inc Damage: 2
Haste
	 Rating: 12119
	 Multiplicative Factor: 0%
	 Eff: 35554,7
	 DR Bracket: 0
	 Base: 30%
	 Effective Percent: 53,87%
Vers
	 Rating: 6581
	 Multiplicative Factor: 0%
	 Eff: 8921
	 DR Bracket: 0
	 Base: 3%
	 Effective Percent: 11,44%
Leech
	 Rating: 4284
	 Multiplicative Factor: 0%
	 Eff: 6323,99025
	 DR Bracket: 0
	 Base: 2%
	 Effective Percent: 6,2%
Avoidance
	 Rating: 1884
	 Multiplicative Factor: 0%
	 Eff: 1884
	 DR Bracket: 0
	 Base: 0%
	 Effective Percent: 3,46%
Mastery
	 Rating: 28677
	 Multiplicative Factor: 0%
	 Eff: 35541,6
	 DR Bracket: 2
	 Base: 19,8%
	 Effective Percent: 91,39%
----------------------
05:13,387

Intellect
	 Rating: 139425
	 Multiplicative Factor: 8,15%
	 Eff: 139425,00000000006
Stamina
	 Rating: 868194
	 Multiplicative Factor: 11,3%
	 Eff: 868194,113
Crit
	 Rating: 22613
	 Multiplicative Factor: 0%
	 Eff: 25951,589014795045
	 DR Bracket: 1
	 Base: 5%
	 Effective Percent: 37,07%
	 Crit Inc Heal: 2
	 Crit Inc Damage: 2
Haste
	 Rating: 12119
	 Multiplicative Factor: 0%
	 Eff: 35554,7
	 DR Bracket: 0
	 Base: 30%
	 Effective Percent: 53,87%
Vers
	 Rating: 6581
	 Multiplicative Factor: 0%
	 Eff: 8921
	 DR Bracket: 0
	 Base: 3%
	 Effective Percent: 11,44%
Leech
	 Rating: 4284
	 Multiplicative Factor: 0%
	 Eff: 6323,99025
	 DR Bracket: 0
	 Base: 2%
	 Effective Percent: 6,2%
Avoidance
	 Rating: 1884
	 Multiplicative Factor: 0%
	 Eff: 1884
	 DR Bracket: 0
	 Base: 0%
	 Effective Percent: 3,46%
Mastery
	 Rating: 28677
	 Multiplicative Factor: 0%
	 Eff: 35541,6
	 DR Bracket: 2
	 Base: 19,8%
	 Effective Percent: 91,39%
----------------------
05:18,387

Intellect
	 Rating: 146396
	 Multiplicative Factor: 13,56%
	 Eff: 146396,2500000001
Stamina
	 Rating: 868194
	 Multiplicative Factor: 11,3%
	 Eff: 868194,113
Crit
	 Rating: 16628
	 Multiplicative Factor: 0%
	 Eff: 20128
	 DR Bracket: 0
	 Base: 5%
	 Effective Percent: 28,75%
	 Crit Inc Heal: 2,6
	 Crit Inc Damage: 2
Haste
	 Rating: 12119
	 Multiplicative Factor: 0%
	 Eff: 62896,350000000006
	 DR Bracket: 0
	 Base: 65%
	 Effective Percent: 95,3%
Vers
	 Rating: 6581
	 Multiplicative Factor: 0%
	 Eff: 8921
	 DR Bracket: 0
	 Base: 3%
	 Effective Percent: 11,44%
Leech
	 Rating: 4284
	 Multiplicative Factor: 0%
	 Eff: 6323,99025
	 DR Bracket: 0
	 Base: 2%
	 Effective Percent: 6,2%
Avoidance
	 Rating: 1884
	 Multiplicative Factor: 0%
	 Eff: 1884
	 DR Bracket: 0
	 Base: 0%
	 Effective Percent: 3,46%
Mastery
	 Rating: 28677
	 Multiplicative Factor: 0%
	 Eff: 35541,6
	 DR Bracket: 2
	 Base: 19,8%
	 Effective Percent: 91,39%
----------------------
05:23,563

Intellect
	 Rating: 146396
	 Multiplicative Factor: 13,56%
	 Eff: 146396,2500000001
Stamina
	 Rating: 868194
	 Multiplicative Factor: 11,3%
	 Eff: 868194,113
Crit
	 Rating: 16628
	 Multiplicative Factor: 0%
	 Eff: 20128
	 DR Bracket: 0
	 Base: 5%
	 Effective Percent: 28,75%
	 Crit Inc Heal: 2,6
	 Crit Inc Damage: 2
Haste
	 Rating: 12119
	 Multiplicative Factor: 0%
	 Eff: 51959,69
	 DR Bracket: 0
	 Base: 51%
	 Effective Percent: 78,73%
Vers
	 Rating: 6581
	 Multiplicative Factor: 0%
	 Eff: 8921
	 DR Bracket: 0
	 Base: 3%
	 Effective Percent: 11,44%
Leech
	 Rating: 4284
	 Multiplicative Factor: 0%
	 Eff: 6323,99025
	 DR Bracket: 0
	 Base: 2%
	 Effective Percent: 6,2%
Avoidance
	 Rating: 1884
	 Multiplicative Factor: 0%
	 Eff: 1884
	 DR Bracket: 0
	 Base: 0%
	 Effective Percent: 3,46%
Mastery
	 Rating: 28677
	 Multiplicative Factor: 0%
	 Eff: 35541,6
	 DR Bracket: 2
	 Base: 19,8%
	 Effective Percent: 91,39%
----------------------
05:28,563

Intellect
	 Rating: 146396
	 Multiplicative Factor: 13,56%
	 Eff: 146396,2500000001
Stamina
	 Rating: 868194
	 Multiplicative Factor: 11,3%
	 Eff: 868194,113
Crit
	 Rating: 16628
	 Multiplicative Factor: 0%
	 Eff: 20128
	 DR Bracket: 0
	 Base: 5%
	 Effective Percent: 28,75%
	 Crit Inc Heal: 2,6
	 Crit Inc Damage: 2
Haste
	 Rating: 12119
	 Multiplicative Factor: 0%
	 Eff: 48053,740000000005
	 DR Bracket: 0
	 Base: 46%
	 Effective Percent: 72,81%
Vers
	 Rating: 6581
	 Multiplicative Factor: 0%
	 Eff: 8921
	 DR Bracket: 0
	 Base: 3%
	 Effective Percent: 11,44%
Leech
	 Rating: 4284
	 Multiplicative Factor: 0%
	 Eff: 6323,99025
	 DR Bracket: 0
	 Base: 2%
	 Effective Percent: 6,2%
Avoidance
	 Rating: 1884
	 Multiplicative Factor: 0%
	 Eff: 1884
	 DR Bracket: 0
	 Base: 0%
	 Effective Percent: 3,46%
Mastery
	 Rating: 28677
	 Multiplicative Factor: 0%
	 Eff: 35541,6
	 DR Bracket: 2
	 Base: 19,8%
	 Effective Percent: 91,39%
----------------------
05:33,569

Intellect
	 Rating: 146396
	 Multiplicative Factor: 13,56%
	 Eff: 146396,2500000001
Stamina
	 Rating: 868194
	 Multiplicative Factor: 11,3%
	 Eff: 868194,113
Crit
	 Rating: 16628
	 Multiplicative Factor: 0%
	 Eff: 20128
	 DR Bracket: 0
	 Base: 5%
	 Effective Percent: 28,75%
	 Crit Inc Heal: 2,6
	 Crit Inc Damage: 2
Haste
	 Rating: 12119
	 Multiplicative Factor: 0%
	 Eff: 20712,09
	 DR Bracket: 0
	 Base: 11%
	 Effective Percent: 31,38%
Vers
	 Rating: 6581
	 Multiplicative Factor: 0%
	 Eff: 8921
	 DR Bracket: 0
	 Base: 3%
	 Effective Percent: 11,44%
Leech
	 Rating: 4284
	 Multiplicative Factor: 0%
	 Eff: 6323,99025
	 DR Bracket: 0
	 Base: 2%
	 Effective Percent: 6,2%
Avoidance
	 Rating: 1884
	 Multiplicative Factor: 0%
	 Eff: 1884
	 DR Bracket: 0
	 Base: 0%
	 Effective Percent: 3,46%
Mastery
	 Rating: 28677
	 Multiplicative Factor: 0%
	 Eff: 35541,6
	 DR Bracket: 2
	 Base: 19,8%
	 Effective Percent: 91,39%
----------------------
05:38,735

Intellect
	 Rating: 146396
	 Multiplicative Factor: 13,56%
	 Eff: 146396,2500000001
Stamina
	 Rating: 868194
	 Multiplicative Factor: 11,3%
	 Eff: 868194,113
Crit
	 Rating: 16628
	 Multiplicative Factor: 0%
	 Eff: 20128
	 DR Bracket: 0
	 Base: 5%
	 Effective Percent: 28,75%
	 Crit Inc Heal: 2,6
	 Crit Inc Damage: 2
Haste
	 Rating: 12119
	 Multiplicative Factor: 0%
	 Eff: 23836,85
	 DR Bracket: 0
	 Base: 15%
	 Effective Percent: 36,12%
Vers
	 Rating: 6581
	 Multiplicative Factor: 0%
	 Eff: 8921
	 DR Bracket: 0
	 Base: 3%
	 Effective Percent: 11,44%
Leech
	 Rating: 4284
	 Multiplicative Factor: 0%
	 Eff: 6323,99025
	 DR Bracket: 0
	 Base: 2%
	 Effective Percent: 6,2%
Avoidance
	 Rating: 1884
	 Multiplicative Factor: 0%
	 Eff: 1884
	 DR Bracket: 0
	 Base: 0%
	 Effective Percent: 3,46%
Mastery
	 Rating: 28677
	 Multiplicative Factor: 0%
	 Eff: 35541,6
	 DR Bracket: 2
	 Base: 19,8%
	 Effective Percent: 91,39%
----------------------
05:43,753

Intellect
	 Rating: 139425
	 Multiplicative Factor: 8,15%
	 Eff: 139425,00000000006
Stamina
	 Rating: 868194
	 Multiplicative Factor: 11,3%
	 Eff: 868194,113
Crit
	 Rating: 16628
	 Multiplicative Factor: 0%
	 Eff: 20128
	 DR Bracket: 0
	 Base: 5%
	 Effective Percent: 28,75%
	 Crit Inc Heal: 2,6
	 Crit Inc Damage: 2
Haste
	 Rating: 12119
	 Multiplicative Factor: 0%
	 Eff: 19930,9
	 DR Bracket: 0
	 Base: 10%
	 Effective Percent: 30,2%
Vers
	 Rating: 6581
	 Multiplicative Factor: 0%
	 Eff: 8921
	 DR Bracket: 0
	 Base: 3%
	 Effective Percent: 11,44%
Leech
	 Rating: 4284
	 Multiplicative Factor: 0%
	 Eff: 6323,99025
	 DR Bracket: 0
	 Base: 2%
	 Effective Percent: 6,2%
Avoidance
	 Rating: 1884
	 Multiplicative Factor: 0%
	 Eff: 1884
	 DR Bracket: 0
	 Base: 0%
	 Effective Percent: 3,46%
Mastery
	 Rating: 28677
	 Multiplicative Factor: 0%
	 Eff: 35541,6
	 DR Bracket: 2
	 Base: 19,8%
	 Effective Percent: 91,39%
----------------------
05:48,769

Intellect
	 Rating: 146396
	 Multiplicative Factor: 13,56%
	 Eff: 146396,2500000001
Stamina
	 Rating: 868194
	 Multiplicative Factor: 11,3%
	 Eff: 868194,113
Crit
	 Rating: 16628
	 Multiplicative Factor: 0%
	 Eff: 20128
	 DR Bracket: 0
	 Base: 5%
	 Effective Percent: 28,75%
	 Crit Inc Heal: 2,6
	 Crit Inc Damage: 2
Haste
	 Rating: 12119
	 Multiplicative Factor: 0%
	 Eff: 12119
	 DR Bracket: 0
	 Base: 0%
	 Effective Percent: 18,36%
Vers
	 Rating: 6581
	 Multiplicative Factor: 0%
	 Eff: 8921
	 DR Bracket: 0
	 Base: 3%
	 Effective Percent: 11,44%
Leech
	 Rating: 4284
	 Multiplicative Factor: 0%
	 Eff: 6323,99025
	 DR Bracket: 0
	 Base: 2%
	 Effective Percent: 6,2%
Avoidance
	 Rating: 1884
	 Multiplicative Factor: 0%
	 Eff: 1884
	 DR Bracket: 0
	 Base: 0%
	 Effective Percent: 3,46%
Mastery
	 Rating: 28677
	 Multiplicative Factor: 0%
	 Eff: 35541,6
	 DR Bracket: 2
	 Base: 19,8%
	 Effective Percent: 91,39%
----------------------
05:54,095

Intellect
	 Rating: 146396
	 Multiplicative Factor: 13,56%
	 Eff: 146396,2500000001
Stamina
	 Rating: 868194
	 Multiplicative Factor: 11,3%
	 Eff: 868194,113
Crit
	 Rating: 16628
	 Multiplicative Factor: 0%
	 Eff: 20128
	 DR Bracket: 0
	 Base: 5%
	 Effective Percent: 28,75%
	 Crit Inc Heal: 2
	 Crit Inc Damage: 2
Haste
	 Rating: 12119
	 Multiplicative Factor: 0%
	 Eff: 19149,71
	 DR Bracket: 0
	 Base: 9%
	 Effective Percent: 29,01%
Vers
	 Rating: 6581
	 Multiplicative Factor: 0%
	 Eff: 8921
	 DR Bracket: 0
	 Base: 3%
	 Effective Percent: 11,44%
Leech
	 Rating: 4284
	 Multiplicative Factor: 0%
	 Eff: 6323,99025
	 DR Bracket: 0
	 Base: 2%
	 Effective Percent: 6,2%
Avoidance
	 Rating: 1884
	 Multiplicative Factor: 0%
	 Eff: 1884
	 DR Bracket: 0
	 Base: 0%
	 Effective Percent: 3,46%
Mastery
	 Rating: 28677
	 Multiplicative Factor: 0%
	 Eff: 35541,6
	 DR Bracket: 2
	 Base: 19,8%
	 Effective Percent: 91,39%
----------------------
05:59,161

Intellect
	 Rating: 146396
	 Multiplicative Factor: 13,56%
	 Eff: 146396,2500000001
Stamina
	 Rating: 868194
	 Multiplicative Factor: 11,3%
	 Eff: 868194,113
Crit
	 Rating: 16628
	 Multiplicative Factor: 0%
	 Eff: 20128
	 DR Bracket: 0
	 Base: 5%
	 Effective Percent: 28,75%
	 Crit Inc Heal: 2,6
	 Crit Inc Damage: 2
Haste
	 Rating: 12119
	 Multiplicative Factor: 0%
	 Eff: 19149,71
	 DR Bracket: 0
	 Base: 9%
	 Effective Percent: 29,01%
Vers
	 Rating: 6581
	 Multiplicative Factor: 0%
	 Eff: 8921
	 DR Bracket: 0
	 Base: 3%
	 Effective Percent: 11,44%
Leech
	 Rating: 4284
	 Multiplicative Factor: 0%
	 Eff: 6323,99025
	 DR Bracket: 0
	 Base: 2%
	 Effective Percent: 6,2%
Avoidance
	 Rating: 1884
	 Multiplicative Factor: 0%
	 Eff: 1884
	 DR Bracket: 0
	 Base: 0%
	 Effective Percent: 3,46%
Mastery
	 Rating: 28677
	 Multiplicative Factor: 0%
	 Eff: 35541,6
	 DR Bracket: 2
	 Base: 19,8%
	 Effective Percent: 91,39%
----------------------
06:04,257

Intellect
	 Rating: 146396
	 Multiplicative Factor: 13,56%
	 Eff: 146396,2500000001
Stamina
	 Rating: 868194
	 Multiplicative Factor: 11,3%
	 Eff: 868194,113
Crit
	 Rating: 22613
	 Multiplicative Factor: 0%
	 Eff: 25951,589014795045
	 DR Bracket: 1
	 Base: 5%
	 Effective Percent: 37,07%
	 Crit Inc Heal: 2,6
	 Crit Inc Damage: 2
Haste
	 Rating: 12119
	 Multiplicative Factor: 0%
	 Eff: 12119
	 DR Bracket: 0
	 Base: 0%
	 Effective Percent: 18,36%
Vers
	 Rating: 6581
	 Multiplicative Factor: 0%
	 Eff: 8921
	 DR Bracket: 0
	 Base: 3%
	 Effective Percent: 11,44%
Leech
	 Rating: 4284
	 Multiplicative Factor: 0%
	 Eff: 6323,99025
	 DR Bracket: 0
	 Base: 2%
	 Effective Percent: 6,2%
Avoidance
	 Rating: 1884
	 Multiplicative Factor: 0%
	 Eff: 1884
	 DR Bracket: 0
	 Base: 0%
	 Effective Percent: 3,46%
Mastery
	 Rating: 28677
	 Multiplicative Factor: 0%
	 Eff: 35541,6
	 DR Bracket: 2
	 Base: 19,8%
	 Effective Percent: 91,39%
----------------------
06:09,361

Intellect
	 Rating: 146396
	 Multiplicative Factor: 13,56%
	 Eff: 146396,2500000001
Stamina
	 Rating: 868194
	 Multiplicative Factor: 11,3%
	 Eff: 868194,113
Crit
	 Rating: 22613
	 Multiplicative Factor: 0%
	 Eff: 25951,589014795045
	 DR Bracket: 1
	 Base: 5%
	 Effective Percent: 37,07%
	 Crit Inc Heal: 2
	 Crit Inc Damage: 2
Haste
	 Rating: 12119
	 Multiplicative Factor: 0%
	 Eff: 12119
	 DR Bracket: 0
	 Base: 0%
	 Effective Percent: 18,36%
Vers
	 Rating: 6581
	 Multiplicative Factor: 0%
	 Eff: 8921
	 DR Bracket: 0
	 Base: 3%
	 Effective Percent: 11,44%
Leech
	 Rating: 4284
	 Multiplicative Factor: 0%
	 Eff: 6323,99025
	 DR Bracket: 0
	 Base: 2%
	 Effective Percent: 6,2%
Avoidance
	 Rating: 1884
	 Multiplicative Factor: 0%
	 Eff: 1884
	 DR Bracket: 0
	 Base: 0%
	 Effective Percent: 3,46%
Mastery
	 Rating: 28677
	 Multiplicative Factor: 0%
	 Eff: 35541,6
	 DR Bracket: 2
	 Base: 19,8%
	 Effective Percent: 91,39%
----------------------
06:14,414

Intellect
	 Rating: 146396
	 Multiplicative Factor: 13,56%
	 Eff: 146396,2500000001
Stamina
	 Rating: 868194
	 Multiplicative Factor: 11,3%
	 Eff: 868194,113
Crit
	 Rating: 16628
	 Multiplicative Factor: 0%
	 Eff: 20128
	 DR Bracket: 0
	 Base: 5%
	 Effective Percent: 28,75%
	 Crit Inc Heal: 2
	 Crit Inc Damage: 2
Haste
	 Rating: 12119
	 Multiplicative Factor: 0%
	 Eff: 12119
	 DR Bracket: 0
	 Base: 0%
	 Effective Percent: 18,36%
Vers
	 Rating: 6581
	 Multiplicative Factor: 0%
	 Eff: 8921
	 DR Bracket: 0
	 Base: 3%
	 Effective Percent: 11,44%
Leech
	 Rating: 4284
	 Multiplicative Factor: 0%
	 Eff: 6323,99025
	 DR Bracket: 0
	 Base: 2%
	 Effective Percent: 6,2%
Avoidance
	 Rating: 1884
	 Multiplicative Factor: 0%
	 Eff: 1884
	 DR Bracket: 0
	 Base: 0%
	 Effective Percent: 3,46%
Mastery
	 Rating: 28677
	 Multiplicative Factor: 0%
	 Eff: 35541,6
	 DR Bracket: 2
	 Base: 19,8%
	 Effective Percent: 91,39%
----------------------
06:19,441

Intellect
	 Rating: 146396
	 Multiplicative Factor: 13,56%
	 Eff: 146396,2500000001
Stamina
	 Rating: 868194
	 Multiplicative Factor: 11,3%
	 Eff: 868194,113
Crit
	 Rating: 16628
	 Multiplicative Factor: 0%
	 Eff: 20128
	 DR Bracket: 0
	 Base: 5%
	 Effective Percent: 28,75%
	 Crit Inc Heal: 2,6
	 Crit Inc Damage: 2
Haste
	 Rating: 12119
	 Multiplicative Factor: 0%
	 Eff: 37898,270000000004
	 DR Bracket: 0
	 Base: 33%
	 Effective Percent: 57,42%
Vers
	 Rating: 6581
	 Multiplicative Factor: 0%
	 Eff: 8921
	 DR Bracket: 0
	 Base: 3%
	 Effective Percent: 11,44%
Leech
	 Rating: 4284
	 Multiplicative Factor: 0%
	 Eff: 6323,99025
	 DR Bracket: 0
	 Base: 2%
	 Effective Percent: 6,2%
Avoidance
	 Rating: 1884
	 Multiplicative Factor: 0%
	 Eff: 1884
	 DR Bracket: 0
	 Base: 0%
	 Effective Percent: 3,46%
Mastery
	 Rating: 28677
	 Multiplicative Factor: 0%
	 Eff: 35541,6
	 DR Bracket: 2
	 Base: 19,8%
	 Effective Percent: 91,39%
----------------------
06:24,468

Intellect
	 Rating: 146396
	 Multiplicative Factor: 13,56%
	 Eff: 146396,2500000001
Stamina
	 Rating: 868194
	 Multiplicative Factor: 11,3%
	 Eff: 868194,113
Crit
	 Rating: 16628
	 Multiplicative Factor: 0%
	 Eff: 20128
	 DR Bracket: 0
	 Base: 5%
	 Effective Percent: 28,75%
	 Crit Inc Heal: 2,6
	 Crit Inc Damage: 2
Haste
	 Rating: 12119
	 Multiplicative Factor: 0%
	 Eff: 33992,32
	 DR Bracket: 0
	 Base: 28%
	 Effective Percent: 51,5%
Vers
	 Rating: 6581
	 Multiplicative Factor: 0%
	 Eff: 8921
	 DR Bracket: 0
	 Base: 3%
	 Effective Percent: 11,44%
Leech
	 Rating: 4284
	 Multiplicative Factor: 0%
	 Eff: 6323,99025
	 DR Bracket: 0
	 Base: 2%
	 Effective Percent: 6,2%
Avoidance
	 Rating: 1884
	 Multiplicative Factor: 0%
	 Eff: 1884
	 DR Bracket: 0
	 Base: 0%
	 Effective Percent: 3,46%
Mastery
	 Rating: 28677
	 Multiplicative Factor: 0%
	 Eff: 35541,6
	 DR Bracket: 2
	 Base: 19,8%
	 Effective Percent: 91,39%
----------------------
06:29,490

Intellect
	 Rating: 146396
	 Multiplicative Factor: 13,56%
	 Eff: 146396,2500000001
Stamina
	 Rating: 868194
	 Multiplicative Factor: 11,3%
	 Eff: 868194,113
Crit
	 Rating: 16628
	 Multiplicative Factor: 0%
	 Eff: 20128
	 DR Bracket: 0
	 Base: 5%
	 Effective Percent: 28,75%
	 Crit Inc Heal: 2,6
	 Crit Inc Damage: 2
Haste
	 Rating: 12119
	 Multiplicative Factor: 0%
	 Eff: 25399,230000000003
	 DR Bracket: 0
	 Base: 17%
	 Effective Percent: 38,48%
Vers
	 Rating: 6581
	 Multiplicative Factor: 0%
	 Eff: 8921
	 DR Bracket: 0
	 Base: 3%
	 Effective Percent: 11,44%
Leech
	 Rating: 4284
	 Multiplicative Factor: 0%
	 Eff: 6323,99025
	 DR Bracket: 0
	 Base: 2%
	 Effective Percent: 6,2%
Avoidance
	 Rating: 1884
	 Multiplicative Factor: 0%
	 Eff: 1884
	 DR Bracket: 0
	 Base: 0%
	 Effective Percent: 3,46%
Mastery
	 Rating: 28677
	 Multiplicative Factor: 0%
	 Eff: 35541,6
	 DR Bracket: 2
	 Base: 19,8%
	 Effective Percent: 91,39%
----------------------
06:34,615

Intellect
	 Rating: 146396
	 Multiplicative Factor: 13,56%
	 Eff: 146396,2500000001
Stamina
	 Rating: 868194
	 Multiplicative Factor: 11,3%
	 Eff: 868194,113
Crit
	 Rating: 16628
	 Multiplicative Factor: 0%
	 Eff: 20128
	 DR Bracket: 0
	 Base: 5%
	 Effective Percent: 28,75%
	 Crit Inc Heal: 2,6
	 Crit Inc Damage: 2
Haste
	 Rating: 12119
	 Multiplicative Factor: 0%
	 Eff: 21493,28
	 DR Bracket: 0
	 Base: 12%
	 Effective Percent: 32,57%
Vers
	 Rating: 6581
	 Multiplicative Factor: 0%
	 Eff: 8921
	 DR Bracket: 0
	 Base: 3%
	 Effective Percent: 11,44%
Leech
	 Rating: 4284
	 Multiplicative Factor: 0%
	 Eff: 6323,99025
	 DR Bracket: 0
	 Base: 2%
	 Effective Percent: 6,2%
Avoidance
	 Rating: 1884
	 Multiplicative Factor: 0%
	 Eff: 1884
	 DR Bracket: 0
	 Base: 0%
	 Effective Percent: 3,46%
Mastery
	 Rating: 28677
	 Multiplicative Factor: 0%
	 Eff: 35541,6
	 DR Bracket: 2
	 Base: 19,8%
	 Effective Percent: 91,39%
----------------------
06:40,175

Intellect
	 Rating: 139425
	 Multiplicative Factor: 8,15%
	 Eff: 139425,00000000006
Stamina
	 Rating: 868194
	 Multiplicative Factor: 11,3%
	 Eff: 868194,113
Crit
	 Rating: 22613
	 Multiplicative Factor: 0%
	 Eff: 25951,589014795045
	 DR Bracket: 1
	 Base: 5%
	 Effective Percent: 37,07%
	 Crit Inc Heal: 2,6
	 Crit Inc Damage: 2
Haste
	 Rating: 12119
	 Multiplicative Factor: 0%
	 Eff: 16806,14
	 DR Bracket: 0
	 Base: 6%
	 Effective Percent: 25,46%
Vers
	 Rating: 6581
	 Multiplicative Factor: 0%
	 Eff: 8921
	 DR Bracket: 0
	 Base: 3%
	 Effective Percent: 11,44%
Leech
	 Rating: 4284
	 Multiplicative Factor: 0%
	 Eff: 6323,99025
	 DR Bracket: 0
	 Base: 2%
	 Effective Percent: 6,2%
Avoidance
	 Rating: 1884
	 Multiplicative Factor: 0%
	 Eff: 1884
	 DR Bracket: 0
	 Base: 0%
	 Effective Percent: 3,46%
Mastery
	 Rating: 28677
	 Multiplicative Factor: 0%
	 Eff: 35541,6
	 DR Bracket: 2
	 Base: 19,8%
	 Effective Percent: 91,39%
----------------------
06:45,337

Intellect
	 Rating: 139425
	 Multiplicative Factor: 8,15%
	 Eff: 139425,00000000006
Stamina
	 Rating: 868194
	 Multiplicative Factor: 11,3%
	 Eff: 868194,113
Crit
	 Rating: 22613
	 Multiplicative Factor: 0%
	 Eff: 25951,589014795045
	 DR Bracket: 1
	 Base: 5%
	 Effective Percent: 37,07%
	 Crit Inc Heal: 2,6
	 Crit Inc Damage: 2
Haste
	 Rating: 12119
	 Multiplicative Factor: 0%
	 Eff: 12900,19
	 DR Bracket: 0
	 Base: 1%
	 Effective Percent: 19,55%
Vers
	 Rating: 6581
	 Multiplicative Factor: 0%
	 Eff: 8921
	 DR Bracket: 0
	 Base: 3%
	 Effective Percent: 11,44%
Leech
	 Rating: 4284
	 Multiplicative Factor: 0%
	 Eff: 6323,99025
	 DR Bracket: 0
	 Base: 2%
	 Effective Percent: 6,2%
Avoidance
	 Rating: 1884
	 Multiplicative Factor: 0%
	 Eff: 1884
	 DR Bracket: 0
	 Base: 0%
	 Effective Percent: 3,46%
Mastery
	 Rating: 28677
	 Multiplicative Factor: 0%
	 Eff: 35541,6
	 DR Bracket: 2
	 Base: 19,8%
	 Effective Percent: 91,39%
----------------------
06:50,370

Intellect
	 Rating: 139425
	 Multiplicative Factor: 8,15%
	 Eff: 139425,00000000006
Stamina
	 Rating: 868194
	 Multiplicative Factor: 11,3%
	 Eff: 868194,113
Crit
	 Rating: 16628
	 Multiplicative Factor: 0%
	 Eff: 20128
	 DR Bracket: 0
	 Base: 5%
	 Effective Percent: 28,75%
	 Crit Inc Heal: 2
	 Crit Inc Damage: 2
Haste
	 Rating: 12119
	 Multiplicative Factor: 0%
	 Eff: 12119
	 DR Bracket: 0
	 Base: 0%
	 Effective Percent: 18,36%
Vers
	 Rating: 6581
	 Multiplicative Factor: 0%
	 Eff: 8921
	 DR Bracket: 0
	 Base: 3%
	 Effective Percent: 11,44%
Leech
	 Rating: 4284
	 Multiplicative Factor: 0%
	 Eff: 6323,99025
	 DR Bracket: 0
	 Base: 2%
	 Effective Percent: 6,2%
Avoidance
	 Rating: 1884
	 Multiplicative Factor: 0%
	 Eff: 1884
	 DR Bracket: 0
	 Base: 0%
	 Effective Percent: 3,46%
Mastery
	 Rating: 28677
	 Multiplicative Factor: 0%
	 Eff: 35541,6
	 DR Bracket: 2
	 Base: 19,8%
	 Effective Percent: 91,39%
----------------------
06:55,459

Intellect
	 Rating: 139425
	 Multiplicative Factor: 8,15%
	 Eff: 139425,00000000006
Stamina
	 Rating: 868194
	 Multiplicative Factor: 11,3%
	 Eff: 868194,113
Crit
	 Rating: 16628
	 Multiplicative Factor: 0%
	 Eff: 20128
	 DR Bracket: 0
	 Base: 5%
	 Effective Percent: 28,75%
	 Crit Inc Heal: 2,6
	 Crit Inc Damage: 2
Haste
	 Rating: 12119
	 Multiplicative Factor: 0%
	 Eff: 19149,71
	 DR Bracket: 0
	 Base: 9%
	 Effective Percent: 29,01%
Vers
	 Rating: 6581
	 Multiplicative Factor: 0%
	 Eff: 8921
	 DR Bracket: 0
	 Base: 3%
	 Effective Percent: 11,44%
Leech
	 Rating: 4284
	 Multiplicative Factor: 0%
	 Eff: 6323,99025
	 DR Bracket: 0
	 Base: 2%
	 Effective Percent: 6,2%
Avoidance
	 Rating: 1884
	 Multiplicative Factor: 0%
	 Eff: 1884
	 DR Bracket: 0
	 Base: 0%
	 Effective Percent: 3,46%
Mastery
	 Rating: 28677
	 Multiplicative Factor: 0%
	 Eff: 35541,6
	 DR Bracket: 2
	 Base: 19,8%
	 Effective Percent: 91,39%
----------------------
07:00,697

Intellect
	 Rating: 139425
	 Multiplicative Factor: 8,15%
	 Eff: 139425,00000000006
Stamina
	 Rating: 868194
	 Multiplicative Factor: 11,3%
	 Eff: 868194,113
Crit
	 Rating: 16628
	 Multiplicative Factor: 0%
	 Eff: 20128
	 DR Bracket: 0
	 Base: 5%
	 Effective Percent: 28,75%
	 Crit Inc Heal: 2,6
	 Crit Inc Damage: 2
Haste
	 Rating: 12119
	 Multiplicative Factor: 0%
	 Eff: 12119
	 DR Bracket: 0
	 Base: 0%
	 Effective Percent: 18,36%
Vers
	 Rating: 6581
	 Multiplicative Factor: 0%
	 Eff: 8921
	 DR Bracket: 0
	 Base: 3%
	 Effective Percent: 11,44%
Leech
	 Rating: 4284
	 Multiplicative Factor: 0%
	 Eff: 6323,99025
	 DR Bracket: 0
	 Base: 2%
	 Effective Percent: 6,2%
Avoidance
	 Rating: 1884
	 Multiplicative Factor: 0%
	 Eff: 1884
	 DR Bracket: 0
	 Base: 0%
	 Effective Percent: 3,46%
Mastery
	 Rating: 28677
	 Multiplicative Factor: 0%
	 Eff: 35541,6
	 DR Bracket: 2
	 Base: 19,8%
	 Effective Percent: 91,39%
----------------------
07:05,839

Intellect
	 Rating: 139425
	 Multiplicative Factor: 8,15%
	 Eff: 139425,00000000006
Stamina
	 Rating: 868194
	 Multiplicative Factor: 11,3%
	 Eff: 868194,113
Crit
	 Rating: 16628
	 Multiplicative Factor: 0%
	 Eff: 20128
	 DR Bracket: 0
	 Base: 5%
	 Effective Percent: 28,75%
	 Crit Inc Heal: 2,6
	 Crit Inc Damage: 2
Haste
	 Rating: 12119
	 Multiplicative Factor: 0%
	 Eff: 12119
	 DR Bracket: 0
	 Base: 0%
	 Effective Percent: 18,36%
Vers
	 Rating: 6581
	 Multiplicative Factor: 0%
	 Eff: 8921
	 DR Bracket: 0
	 Base: 3%
	 Effective Percent: 11,44%
Leech
	 Rating: 4284
	 Multiplicative Factor: 0%
	 Eff: 6323,99025
	 DR Bracket: 0
	 Base: 2%
	 Effective Percent: 6,2%
Avoidance
	 Rating: 1884
	 Multiplicative Factor: 0%
	 Eff: 1884
	 DR Bracket: 0
	 Base: 0%
	 Effective Percent: 3,46%
Mastery
	 Rating: 28677
	 Multiplicative Factor: 0%
	 Eff: 35541,6
	 DR Bracket: 2
	 Base: 19,8%
	 Effective Percent: 91,39%
----------------------
07:10,852

Intellect
	 Rating: 146396
	 Multiplicative Factor: 13,56%
	 Eff: 146396,2500000001
Stamina
	 Rating: 868194
	 Multiplicative Factor: 11,3%
	 Eff: 868194,113
Crit
	 Rating: 16628
	 Multiplicative Factor: 0%
	 Eff: 20128
	 DR Bracket: 0
	 Base: 5%
	 Effective Percent: 28,75%
	 Crit Inc Heal: 2,6
	 Crit Inc Damage: 2
Haste
	 Rating: 12119
	 Multiplicative Factor: 0%
	 Eff: 12119
	 DR Bracket: 0
	 Base: 0%
	 Effective Percent: 18,36%
Vers
	 Rating: 6581
	 Multiplicative Factor: 0%
	 Eff: 8921
	 DR Bracket: 0
	 Base: 3%
	 Effective Percent: 11,44%
Leech
	 Rating: 4284
	 Multiplicative Factor: 0%
	 Eff: 6323,99025
	 DR Bracket: 0
	 Base: 2%
	 Effective Percent: 6,2%
Avoidance
	 Rating: 1884
	 Multiplicative Factor: 0%
	 Eff: 1884
	 DR Bracket: 0
	 Base: 0%
	 Effective Percent: 3,46%
Mastery
	 Rating: 28677
	 Multiplicative Factor: 0%
	 Eff: 35541,6
	 DR Bracket: 2
	 Base: 19,8%
	 Effective Percent: 91,39%
----------------------
07:16,049

Intellect
	 Rating: 146396
	 Multiplicative Factor: 13,56%
	 Eff: 146396,2500000001
Stamina
	 Rating: 868194
	 Multiplicative Factor: 11,3%
	 Eff: 868194,113
Crit
	 Rating: 16628
	 Multiplicative Factor: 0%
	 Eff: 20128
	 DR Bracket: 0
	 Base: 5%
	 Effective Percent: 28,75%
	 Crit Inc Heal: 2
	 Crit Inc Damage: 2
Haste
	 Rating: 12119
	 Multiplicative Factor: 0%
	 Eff: 12900,19
	 DR Bracket: 0
	 Base: 1%
	 Effective Percent: 19,55%
Vers
	 Rating: 6581
	 Multiplicative Factor: 0%
	 Eff: 8921
	 DR Bracket: 0
	 Base: 3%
	 Effective Percent: 11,44%
Leech
	 Rating: 4284
	 Multiplicative Factor: 0%
	 Eff: 6323,99025
	 DR Bracket: 0
	 Base: 2%
	 Effective Percent: 6,2%
Avoidance
	 Rating: 1884
	 Multiplicative Factor: 0%
	 Eff: 1884
	 DR Bracket: 0
	 Base: 0%
	 Effective Percent: 3,46%
Mastery
	 Rating: 28677
	 Multiplicative Factor: 0%
	 Eff: 35541,6
	 DR Bracket: 2
	 Base: 19,8%
	 Effective Percent: 91,39%
----------------------
07:21,627

Intellect
	 Rating: 146396
	 Multiplicative Factor: 13,56%
	 Eff: 146396,2500000001
Stamina
	 Rating: 868194
	 Multiplicative Factor: 11,3%
	 Eff: 868194,113
Crit
	 Rating: 22613
	 Multiplicative Factor: 0%
	 Eff: 25951,589014795045
	 DR Bracket: 1
	 Base: 5%
	 Effective Percent: 37,07%
	 Crit Inc Heal: 2
	 Crit Inc Damage: 2
Haste
	 Rating: 12119
	 Multiplicative Factor: 0%
	 Eff: 38679,46000000001
	 DR Bracket: 0
	 Base: 34%
	 Effective Percent: 58,61%
Vers
	 Rating: 6581
	 Multiplicative Factor: 0%
	 Eff: 8921
	 DR Bracket: 0
	 Base: 3%
	 Effective Percent: 11,44%
Leech
	 Rating: 4284
	 Multiplicative Factor: 0%
	 Eff: 6323,99025
	 DR Bracket: 0
	 Base: 2%
	 Effective Percent: 6,2%
Avoidance
	 Rating: 1884
	 Multiplicative Factor: 0%
	 Eff: 1884
	 DR Bracket: 0
	 Base: 0%
	 Effective Percent: 3,46%
Mastery
	 Rating: 28677
	 Multiplicative Factor: 0%
	 Eff: 35541,6
	 DR Bracket: 2
	 Base: 19,8%
	 Effective Percent: 91,39%
----------------------
07:26,629

Intellect
	 Rating: 146396
	 Multiplicative Factor: 13,56%
	 Eff: 146396,2500000001
Stamina
	 Rating: 868194
	 Multiplicative Factor: 11,3%
	 Eff: 868194,113
Crit
	 Rating: 22613
	 Multiplicative Factor: 0%
	 Eff: 25951,589014795045
	 DR Bracket: 1
	 Base: 5%
	 Effective Percent: 37,07%
	 Crit Inc Heal: 2
	 Crit Inc Damage: 2
Haste
	 Rating: 12119
	 Multiplicative Factor: 0%
	 Eff: 27742,800000000003
	 DR Bracket: 0
	 Base: 20%
	 Effective Percent: 42,03%
Vers
	 Rating: 6581
	 Multiplicative Factor: 0%
	 Eff: 8921
	 DR Bracket: 0
	 Base: 3%
	 Effective Percent: 11,44%
Leech
	 Rating: 4284
	 Multiplicative Factor: 0%
	 Eff: 6323,99025
	 DR Bracket: 0
	 Base: 2%
	 Effective Percent: 6,2%
Avoidance
	 Rating: 1884
	 Multiplicative Factor: 0%
	 Eff: 1884
	 DR Bracket: 0
	 Base: 0%
	 Effective Percent: 3,46%
Mastery
	 Rating: 28677
	 Multiplicative Factor: 0%
	 Eff: 35541,6
	 DR Bracket: 2
	 Base: 19,8%
	 Effective Percent: 91,39%
----------------------
07:31,933

Intellect
	 Rating: 146396
	 Multiplicative Factor: 13,56%
	 Eff: 146396,2500000001
Stamina
	 Rating: 868194
	 Multiplicative Factor: 11,3%
	 Eff: 868194,113
Crit
	 Rating: 16628
	 Multiplicative Factor: 0%
	 Eff: 20128
	 DR Bracket: 0
	 Base: 5%
	 Effective Percent: 28,75%
	 Crit Inc Heal: 2,6
	 Crit Inc Damage: 2
Haste
	 Rating: 12119
	 Multiplicative Factor: 0%
	 Eff: 23055,66
	 DR Bracket: 0
	 Base: 14%
	 Effective Percent: 34,93%
Vers
	 Rating: 6581
	 Multiplicative Factor: 0%
	 Eff: 8921
	 DR Bracket: 0
	 Base: 3%
	 Effective Percent: 11,44%
Leech
	 Rating: 4284
	 Multiplicative Factor: 0%
	 Eff: 6323,99025
	 DR Bracket: 0
	 Base: 2%
	 Effective Percent: 6,2%
Avoidance
	 Rating: 1884
	 Multiplicative Factor: 0%
	 Eff: 1884
	 DR Bracket: 0
	 Base: 0%
	 Effective Percent: 3,46%
Mastery
	 Rating: 28677
	 Multiplicative Factor: 0%
	 Eff: 35541,6
	 DR Bracket: 2
	 Base: 19,8%
	 Effective Percent: 91,39%
----------------------
07:36,990

Intellect
	 Rating: 139425
	 Multiplicative Factor: 8,15%
	 Eff: 139425,00000000006
Stamina
	 Rating: 868194
	 Multiplicative Factor: 11,3%
	 Eff: 868194,113
Crit
	 Rating: 16628
	 Multiplicative Factor: 0%
	 Eff: 20128
	 DR Bracket: 0
	 Base: 5%
	 Effective Percent: 28,75%
	 Crit Inc Heal: 2,6
	 Crit Inc Damage: 2
Haste
	 Rating: 12119
	 Multiplicative Factor: 0%
	 Eff: 26180,42
	 DR Bracket: 0
	 Base: 18%
	 Effective Percent: 39,67%
Vers
	 Rating: 6581
	 Multiplicative Factor: 0%
	 Eff: 8921
	 DR Bracket: 0
	 Base: 3%
	 Effective Percent: 11,44%
Leech
	 Rating: 4284
	 Multiplicative Factor: 0%
	 Eff: 6323,99025
	 DR Bracket: 0
	 Base: 2%
	 Effective Percent: 6,2%
Avoidance
	 Rating: 1884
	 Multiplicative Factor: 0%
	 Eff: 1884
	 DR Bracket: 0
	 Base: 0%
	 Effective Percent: 3,46%
Mastery
	 Rating: 28677
	 Multiplicative Factor: 0%
	 Eff: 35541,6
	 DR Bracket: 2
	 Base: 19,8%
	 Effective Percent: 91,39%
----------------------
07:42,031

Intellect
	 Rating: 139425
	 Multiplicative Factor: 8,15%
	 Eff: 139425,00000000006
Stamina
	 Rating: 868194
	 Multiplicative Factor: 11,3%
	 Eff: 868194,113
Crit
	 Rating: 16628
	 Multiplicative Factor: 0%
	 Eff: 20128
	 DR Bracket: 0
	 Base: 5%
	 Effective Percent: 28,75%
	 Crit Inc Heal: 2,6
	 Crit Inc Damage: 2
Haste
	 Rating: 12119
	 Multiplicative Factor: 0%
	 Eff: 22274,47
	 DR Bracket: 0
	 Base: 13%
	 Effective Percent: 33,75%
Vers
	 Rating: 6581
	 Multiplicative Factor: 0%
	 Eff: 8921
	 DR Bracket: 0
	 Base: 3%
	 Effective Percent: 11,44%
Leech
	 Rating: 4284
	 Multiplicative Factor: 0%
	 Eff: 6323,99025
	 DR Bracket: 0
	 Base: 2%
	 Effective Percent: 6,2%
Avoidance
	 Rating: 1884
	 Multiplicative Factor: 0%
	 Eff: 1884
	 DR Bracket: 0
	 Base: 0%
	 Effective Percent: 3,46%
Mastery
	 Rating: 28677
	 Multiplicative Factor: 0%
	 Eff: 35541,6
	 DR Bracket: 2
	 Base: 19,8%
	 Effective Percent: 91,39%
