-----------
EssenceRegenDummy
-----------
Azure Strike
-----------
Blessing of the Bronze
-----------
Cauterizing Flame
-----------
Chrono Flames
-----------
Chrono Flame
	Eff: 486,7996916810516
	Dmg: 542,2909653656791
-----------
Consume Flame
-----------
Deep Breath
-----------
Disintegrate
-----------
Dream Breath
	Eff: 2433,772103436282
-----------
Dream Breath (Echo)
-----------
Dream Flight
	Eff: 2213,11485145154
-----------
Echo
	Eff: 31,569965831469744
-----------
Emerald Blossom
	Eff: 8406,189091367109
-----------
Engulf
-----------
Enkindle
-----------
Expunge
-----------
Fire Breath
	Dmg: 236,17079877378853
-----------
Fluttering Seedlings
	Eff: 1474,8421785520331
-----------
Golden Hour
-----------
Landslide
-----------
Lifebind
	Eff: 326,18906654433795
-----------
Life-Giver's Flame
-----------
Living Flame
	Eff: 3372,954383917124
	Dmg: 1442,0656458366977
-----------
Naturalize
-----------
Oppressing Roar
-----------
Panacea
	Eff: 862,5227275463258
-----------
Rewind
-----------
Renewing Blaze
-----------
Reversion
	Eff: 423,05648808010665
-----------
Reversion (Echo)
-----------
Sleep Walk
-----------
Source of Magic
-----------
Spatial Paradox
-----------
Spiritbloom
	Eff: 1064,739222986973
-----------
Spiritbloom (Echo)
	Eff: 3832,719849114772
-----------
Stasis
-----------
Stasis (Release)
-----------
Tail Swipe
-----------
Temporal Anomaly
-----------
Time Spiral
-----------
Tip the Scales
-----------
Unravel
-----------
Verdant Embrace
	Eff: 1752,6722081213193
-----------
Zephyr
-----------
Leech
	Eff: 1078,6048527138846
-----------
Blessing of Summer
-----------
Holy Bulwark
-----------
ZeroCIMDummy
-----------
Hover
-----------
Stasis (Store)
-----------
Thread of Fate
-----------
Voidglass Shards
-----------
Bombardments
-----------
Ethereal Reconstitution
	Eff: 601,3650556248176
-----------
Cycle of Life
-----------
Ethereal Guard
	Eff: 1640,7469196170323
-----------
Glide
-----------
Voidglass Barrier
	Eff: 619,1834999596267
-----------
Emerald Communion
-----------
Obsidian Scales
-----------
Spirit Link
-----------
Take Off
-----------
Whirling Surge
-----------
Surge Forward
-----------
Wing Buffet
-----------
Rescue
-----------
Twin Guardian
-----------
Skyward Ascent
-----------
Second Wind
-----------
Invigorating Healing Potion
	Eff: 105,40234235674143
-----------
Tempered Potion
-----------
Melee
	Dmg: 1,8262445208856661
-----------
Healthstone
-----------
Time Dilation
