-----------
Ascendance
-----------
Acid Rain
-----------
Ancestral Awakening
	Eff: 386,96901563421125
-----------
Capacitor Totem
-----------
Chain Heal
	Eff: 6682,321076065726
-----------
Chain Lightning
-----------
Downpour
-----------
Earth Elemental
-----------
Earth Shield
	Eff: 1457,7434126113658
-----------
Earthbind Totem
-----------
Earthgrab Totem
-----------
Earthliving Weapon
	Eff: 946,9639011781376
-----------
Far Sight
-----------
Flame Shock
	Dmg: 281,63145714453736
-----------
Flametongue Attack
-----------
Flametongue Weapon
-----------
Frost Shock
-----------
Ghost Wolf
-----------
Greater Purge
-----------
Gust of Wind
-----------
Healing Rain
-----------
Healing Surge
	Eff: 1020,846184351792
-----------
Healing Stream
-----------
Healing Stream Totem
-----------
Healing Tide
	Eff: 634,7368892368464
-----------
Healing Tide Totem
-----------
Healing Wave
-----------
Hex
-----------
Hydrobubble
-----------
Lava Burst
	Dmg: 1420,6070642892737
-----------
Lightning Bolt
	Dmg: 178,27575714339036
-----------
Lightning Shield
-----------
Nature's Guardian
-----------
Overflowing Shores
-----------
Poison Cleansing Totem
-----------
Primal Strike
-----------
Purge
-----------
Purify Spirit
-----------
Reactive Warding
-----------
Restorative Mists
	Eff: 5245,915491184595
-----------
Riptide
	Eff: 2164,1360200679533
-----------
Skyfury
-----------
Spirit Link Totem
-----------
Spouting Spirits
	Eff: 450,86885343549244
-----------
Surging Totem
-----------
Tidewaters
-----------
Tremor Totem
-----------
Unleash Life
	Eff: 203,96919660988306
-----------
Water Shield
-----------
Water Walking
-----------
Whispering Waves
-----------
Wind Barrier
-----------
Wind Rush Totem
-----------
Leech
	Eff: 227,02427244184688
-----------
Blessing of Summer
-----------
Holy Bulwark
-----------
ZeroCIMDummy
-----------
Angered Earth
-----------
Tempered Potion
-----------
Melee
	Dmg: 25,9522571429261
-----------
Voidglass Shards
-----------
Ancestral Swiftness
-----------
Shattered Soul's Embrace
-----------
Gift of the Naaru
-----------
Cloudburst Totem
-----------
Ethereal Reconstitution
	Eff: 280,523876398314
-----------
Ethereal Guard
	Eff: 1489,6525144757761
-----------
Stone Bulwark Totem
-----------
Totemic Recall
-----------
Earthen Wall Totem
-----------
Earthen Wall
-----------
Voidglass Barrier
-----------
Stone Bulwark
-----------
Loom'ithar's Living Silk
-----------
Spirit Link
-----------
Totemic Projection
-----------
Cloudburst
-----------
Recall Cloudburst Totem
-----------
Spiritwalker's Grace
-----------
Astral Shift
-----------
Take Off
-----------
Whirling Surge
-----------
Surge Forward
-----------
Mana Tide
-----------
Healthstone
-----------
Invigorating Healing Potion
-----------
Reincarnation
