-----------
Ascendance
-----------
Acid Rain
-----------
Ancestral Awakening
	Eff: 2,0372681319713593E-10
-----------
Capacitor Totem
-----------
Chain Heal
	Eff: 16908,170754007995
-----------
Chain Lightning
-----------
Downpour
-----------
Earth Elemental
-----------
Earth Shield
	Eff: 5,512066677623442E-10
-----------
Earthbind Totem
-----------
Earthgrab Totem
-----------
Earthliving Weapon
	Eff: 1708,398576835659
-----------
Far Sight
-----------
Flame Shock
	Dmg: 251,9570919106938
-----------
Flametongue Attack
-----------
Flametongue Weapon
-----------
Frost Shock
-----------
Ghost Wolf
-----------
Greater Purge
-----------
Gust of Wind
-----------
Healing Rain
-----------
Healing Surge
	Eff: 2433,5082062244337
-----------
Healing Stream
-----------
Healing Stream Totem
-----------
Healing Tide
	Eff: 588,7238581539086
-----------
Healing Tide Totem
-----------
Healing Wave
-----------
Hex
-----------
Hydrobubble
-----------
Lava Burst
-----------
Lightning Bolt
	Dmg: 544,3197377704782
-----------
Lightning Shield
-----------
Nature's Guardian
-----------
Overflowing Shores
-----------
Poison Cleansing Totem
-----------
Primal Strike
-----------
Purge
-----------
Purify Spirit
-----------
Reactive Warding
-----------
Restorative Mists
	Eff: 9,567821289526996E-09
-----------
Riptide
	Eff: 544,2542364830947
-----------
Skyfury
-----------
Spirit Link Totem
-----------
Spouting Spirits
	Eff: 3,211163065722764E-10
-----------
Surging Totem
-----------
Tidewaters
-----------
Tremor Totem
-----------
Unleash Life
	Eff: 2,109203977399647E-10
-----------
Water Shield
-----------
Water Walking
-----------
Whispering Waves
-----------
Wind Barrier
-----------
Wind Rush Totem
-----------
Leech
	Eff: 149,2838990117775
-----------
Blessing of Summer
-----------
Holy Bulwark
-----------
ZeroCIMDummy
-----------
Angered Earth
-----------
Tempered Potion
-----------
Melee
	Dmg: 27,22700719740169
-----------
Voidglass Shards
-----------
Ancestral Swiftness
-----------
Shattered Soul's Embrace
-----------
Gift of the Naaru
-----------
Cloudburst Totem
-----------
Ethereal Reconstitution
	Eff: 473,18606449415904
-----------
Ethereal Guard
	Eff: 1333,3903897091513
-----------
Stone Bulwark Totem
-----------
Totemic Recall
-----------
Earthen Wall Totem
-----------
Earthen Wall
-----------
Voidglass Barrier
-----------
Stone Bulwark
-----------
Loom'ithar's Living Silk
-----------
Spirit Link
-----------
Totemic Projection
-----------
Cloudburst
-----------
Recall Cloudburst Totem
-----------
Spiritwalker's Grace
-----------
Astral Shift
-----------
Take Off
-----------
Whirling Surge
-----------
Surge Forward
-----------
Mana Tide
-----------
Healthstone
-----------
Invigorating Healing Potion
-----------
Reincarnation
