-----------
Ascendance
-----------
Acid Rain
-----------
Ancestral Awakening
	Eff: 179,43391995766433
-----------
Capacitor Totem
-----------
Chain Heal
	Eff: 5067,669916140745
-----------
Chain Lightning
-----------
Downpour
-----------
Earth Elemental
-----------
Earth Shield
	Eff: 1101,3303064425618
-----------
Earthbind Totem
-----------
Earthgrab Totem
-----------
Earthliving Weapon
	Eff: 696,8184717022014
-----------
Far Sight
-----------
Flame Shock
	Dmg: 238,3772496283783
-----------
Flametongue Attack
-----------
Flametongue Weapon
-----------
Frost Shock
-----------
Ghost Wolf
-----------
Greater Purge
-----------
Gust of Wind
-----------
Healing Rain
-----------
Healing Surge
	Eff: 729,3643118933488
-----------
Healing Stream
-----------
Healing Stream Totem
-----------
Healing Tide
	Eff: 480,2576643081081
-----------
Healing Tide Totem
-----------
Healing Wave
-----------
Hex
-----------
Hydrobubble
	Eff: 583,657747048469
-----------
Lava Burst
	Dmg: 1635,564664695179
-----------
Lightning Bolt
	Dmg: 163,14199803047813
-----------
Lightning Shield
-----------
Nature's Guardian
-----------
Overflowing Shores
-----------
Poison Cleansing Totem
-----------
Primal Strike
-----------
Purge
-----------
Purify Spirit
-----------
Reactive Warding
-----------
Restorative Mists
	Eff: 2382,6146138256177
-----------
Riptide
	Eff: 1746,7504570957406
-----------
Skyfury
-----------
Spirit Link Totem
-----------
Spouting Spirits
	Eff: 345,2228292034426
-----------
Surging Totem
-----------
Tidewaters
-----------
Tremor Totem
-----------
Unleash Life
	Eff: 151,75872683645127
-----------
Water Shield
-----------
Water Walking
-----------
Whispering Waves
-----------
Wind Barrier
-----------
Wind Rush Totem
-----------
Leech
	Eff: 140,97992734532107
-----------
Blessing of Summer
-----------
Holy Bulwark
-----------
ZeroCIMDummy
-----------
Angered Earth
-----------
Tempered Potion
-----------
Melee
-----------
Voidglass Shards
-----------
Ancestral Swiftness
-----------
Shattered Soul's Embrace
-----------
Gift of the Naaru
-----------
Cloudburst Totem
-----------
Ethereal Reconstitution
	Eff: 4,3317032351121817E-10
-----------
Ethereal Guard
-----------
Stone Bulwark Totem
-----------
Totemic Recall
-----------
Earthen Wall Totem
-----------
Earthen Wall
-----------
Voidglass Barrier
-----------
Stone Bulwark
-----------
Loom'ithar's Living Silk
-----------
Spirit Link
-----------
Totemic Projection
-----------
Cloudburst
-----------
Recall Cloudburst Totem
-----------
Spiritwalker's Grace
-----------
Astral Shift
-----------
Take Off
-----------
Whirling Surge
-----------
Surge Forward
-----------
Mana Tide
-----------
Healthstone
-----------
Invigorating Healing Potion
-----------
Reincarnation
