-----------
Ascendance
-----------
Acid Rain
-----------
Ancestral Awakening
	Eff: 2,0372681319713593E-10
-----------
Capacitor Totem
-----------
Chain Heal
	Eff: 3,18607616633086E-09
-----------
Chain Lightning
-----------
Downpour
-----------
Earth Elemental
-----------
Earth Shield
	Eff: 5,512066677623442E-10
-----------
Earthbind Totem
-----------
Earthgrab Totem
-----------
Earthliving Weapon
	Eff: 1,087379753819723E-09
-----------
Far Sight
-----------
Flame Shock
-----------
Flametongue Attack
-----------
Flametongue Weapon
-----------
Frost Shock
-----------
Ghost Wolf
-----------
Greater Purge
-----------
Gust of Wind
-----------
Healing Rain
-----------
Healing Surge
	Eff: 2,137164937562625E-09
-----------
Healing Stream
-----------
Healing Stream Totem
-----------
Healing Tide
	Eff: 1,0193734119289495E-09
-----------
Healing Tide Totem
-----------
Healing Wave
-----------
Hex
-----------
Hydrobubble
-----------
Lava Burst
-----------
Lightning Bolt
-----------
Lightning Shield
-----------
Nature's Guardian
-----------
Overflowing Shores
-----------
Poison Cleansing Totem
-----------
Primal Strike
-----------
Purge
-----------
Purify Spirit
-----------
Reactive Warding
-----------
Restorative Mists
	Eff: 9,567821289526996E-09
-----------
Riptide
	Eff: 2,101584275879712E-09
-----------
Skyfury
-----------
Spirit Link Totem
-----------
Spouting Spirits
	Eff: 3,211163065722764E-10
-----------
Surging Totem
-----------
Tidewaters
-----------
Tremor Totem
-----------
Unleash Life
	Eff: 2,109203977399647E-10
-----------
Water Shield
-----------
Water Walking
-----------
Whispering Waves
-----------
Wind Barrier
-----------
Wind Rush Totem
-----------
Leech
	Eff: 10652,580569358359
-----------
Blessing of Summer
-----------
Holy Bulwark
-----------
ZeroCIMDummy
-----------
Angered Earth
-----------
Tempered Potion
-----------
Melee
-----------
Voidglass Shards
-----------
Ancestral Swiftness
-----------
Shattered Soul's Embrace
-----------
Gift of the Naaru
-----------
Cloudburst Totem
-----------
Ethereal Reconstitution
	Eff: 4,3317032351121817E-10
-----------
Ethereal Guard
-----------
Stone Bulwark Totem
-----------
Totemic Recall
-----------
Earthen Wall Totem
-----------
Earthen Wall
-----------
Voidglass Barrier
-----------
Stone Bulwark
-----------
Loom'ithar's Living Silk
-----------
Spirit Link
-----------
Totemic Projection
-----------
Cloudburst
-----------
Recall Cloudburst Totem
-----------
Spiritwalker's Grace
-----------
Astral Shift
-----------
Take Off
-----------
Whirling Surge
-----------
Surge Forward
-----------
Mana Tide
-----------
Healthstone
-----------
Invigorating Healing Potion
-----------
Reincarnation
