-----------
Ascendance
-----------
Acid Rain
-----------
Ancestral Awakening
	Eff: 65,7899200701504
-----------
Capacitor Totem
-----------
Chain Heal
	Eff: 4967,600904150791
-----------
Chain Lightning
-----------
Downpour
-----------
Earth Elemental
-----------
Earth Shield
	Eff: 799,6944718175491
-----------
Earthbind Totem
-----------
Earthgrab Totem
-----------
Earthliving Weapon
	Eff: 618,5820993621182
-----------
Far Sight
-----------
Flame Shock
-----------
Flametongue Attack
-----------
Flametongue Weapon
-----------
Frost Shock
-----------
Ghost Wolf
-----------
Greater Purge
-----------
Gust of Wind
-----------
Healing Rain
-----------
Healing Surge
	Eff: 428,40476186566013
-----------
Healing Stream
-----------
Healing Stream Totem
-----------
Healing Tide
	Eff: 378,21627329432573
-----------
Healing Tide Totem
-----------
Healing Wave
-----------
Hex
-----------
Hydrobubble
-----------
Lava Burst
-----------
Lightning Bolt
-----------
Lightning Shield
-----------
Nature's Guardian
-----------
Overflowing Shores
-----------
Poison Cleansing Totem
-----------
Primal Strike
-----------
Purge
-----------
Purify Spirit
-----------
Reactive Warding
-----------
Restorative Mists
	Eff: 1448,2868698324714
-----------
Riptide
	Eff: 1096,4808692064125
-----------
Skyfury
-----------
Spirit Link Totem
-----------
Spouting Spirits
	Eff: 386,17299151569125
-----------
Surging Totem
-----------
Tidewaters
-----------
Tremor Totem
-----------
Unleash Life
	Eff: 125,55498961403636
-----------
Water Shield
-----------
Water Walking
-----------
Whispering Waves
-----------
Wind Barrier
-----------
Wind Rush Totem
-----------
Leech
	Eff: 72,40879803605429
-----------
Blessing of Summer
-----------
Holy Bulwark
-----------
ZeroCIMDummy
-----------
Angered Earth
-----------
Tempered Potion
-----------
Melee
-----------
Voidglass Shards
-----------
Ancestral Swiftness
-----------
Shattered Soul's Embrace
-----------
Gift of the Naaru
-----------
Cloudburst Totem
-----------
Ethereal Reconstitution
	Eff: 4,3317032351121817E-10
-----------
Ethereal Guard
-----------
Stone Bulwark Totem
-----------
Totemic Recall
-----------
Earthen Wall Totem
-----------
Earthen Wall
-----------
Voidglass Barrier
-----------
Stone Bulwark
-----------
Loom'ithar's Living Silk
-----------
Spirit Link
-----------
Totemic Projection
-----------
Cloudburst
-----------
Recall Cloudburst Totem
-----------
Spiritwalker's Grace
-----------
Astral Shift
-----------
Take Off
-----------
Whirling Surge
-----------
Surge Forward
-----------
Mana Tide
-----------
Healthstone
-----------
Invigorating Healing Potion
-----------
Reincarnation
