----------------------
00:13,250

Intellect
	 Rating: 129739
	 Multiplicative Factor: 8,15%
	 Eff: 129739
Stamina
	 Rating: 810776
	 Multiplicative Factor: 10,25%
	 Eff: 810776
Crit
	 Rating: 20913
	 Multiplicative Factor: 0%
	 Eff: 24413
	 DR Bracket: 0
	 Base: 5%
	 Effective Percent: 34,88%
	 Crit Inc Heal: 2,15
	 Crit Inc Damage: 2
Haste
	 Rating: 22327
	 Multiplicative Factor: 0%
	 Eff: 22074,3
	 DR Bracket: 1
	 Base: 0%
	 Effective Percent: 33,45%
Vers
	 Rating: 7269
	 Multiplicative Factor: 0%
	 Eff: 9609
	 DR Bracket: 0
	 Base: 3%
	 Effective Percent: 12,32%
Leech
	 Rating: 2040
	 Multiplicative Factor: 0%
	 Eff: 2040
	 DR Bracket: 0
	 Base: 0%
	 Effective Percent: 2%
Avoidance
	 Rating: 545
	 Multiplicative Factor: 0%
	 Eff: 545
	 DR Bracket: 0
	 Base: 0%
	 Effective Percent: 1%
Mastery
	 Rating: 14215
	 Multiplicative Factor: 0%
	 Eff: 21215
	 DR Bracket: 0
	 Base: 30%
	 Effective Percent: 90,92%
----------------------
00:19,242

Intellect
	 Rating: 129739
	 Multiplicative Factor: 8,15%
	 Eff: 129739
Stamina
	 Rating: 810776
	 Multiplicative Factor: 10,25%
	 Eff: 810776
Crit
	 Rating: 20913
	 Multiplicative Factor: 0%
	 Eff: 24413
	 DR Bracket: 0
	 Base: 5%
	 Effective Percent: 34,88%
	 Crit Inc Heal: 2,15
	 Crit Inc Damage: 2
Haste
	 Rating: 22327
	 Multiplicative Factor: 0%
	 Eff: 22074,3
	 DR Bracket: 1
	 Base: 0%
	 Effective Percent: 33,45%
Vers
	 Rating: 7269
	 Multiplicative Factor: 0%
	 Eff: 9609
	 DR Bracket: 0
	 Base: 3%
	 Effective Percent: 12,32%
Leech
	 Rating: 2040
	 Multiplicative Factor: 0%
	 Eff: 2040
	 DR Bracket: 0
	 Base: 0%
	 Effective Percent: 2%
Avoidance
	 Rating: 545
	 Multiplicative Factor: 0%
	 Eff: 545
	 DR Bracket: 0
	 Base: 0%
	 Effective Percent: 1%
Mastery
	 Rating: 14215
	 Multiplicative Factor: 0%
	 Eff: 21215
	 DR Bracket: 0
	 Base: 30%
	 Effective Percent: 90,92%
----------------------
00:26,267

Intellect
	 Rating: 129739
	 Multiplicative Factor: 8,15%
	 Eff: 129739
Stamina
	 Rating: 810776
	 Multiplicative Factor: 10,25%
	 Eff: 810776
Crit
	 Rating: 20913
	 Multiplicative Factor: 0%
	 Eff: 24413
	 DR Bracket: 0
	 Base: 5%
	 Effective Percent: 34,88%
	 Crit Inc Heal: 2,15
	 Crit Inc Damage: 2
Haste
	 Rating: 22327
	 Multiplicative Factor: 0%
	 Eff: 22074,3
	 DR Bracket: 1
	 Base: 0%
	 Effective Percent: 33,45%
Vers
	 Rating: 7269
	 Multiplicative Factor: 0%
	 Eff: 9609
	 DR Bracket: 0
	 Base: 3%
	 Effective Percent: 12,32%
Leech
	 Rating: 2040
	 Multiplicative Factor: 0%
	 Eff: 2040
	 DR Bracket: 0
	 Base: 0%
	 Effective Percent: 2%
Avoidance
	 Rating: 545
	 Multiplicative Factor: 0%
	 Eff: 545
	 DR Bracket: 0
	 Base: 0%
	 Effective Percent: 1%
Mastery
	 Rating: 14215
	 Multiplicative Factor: 0%
	 Eff: 21215
	 DR Bracket: 0
	 Base: 30%
	 Effective Percent: 90,92%
----------------------
00:41,282

Intellect
	 Rating: 129739
	 Multiplicative Factor: 8,15%
	 Eff: 129739
Stamina
	 Rating: 810776
	 Multiplicative Factor: 10,25%
	 Eff: 810776
Crit
	 Rating: 20913
	 Multiplicative Factor: 0%
	 Eff: 24413
	 DR Bracket: 0
	 Base: 5%
	 Effective Percent: 34,88%
	 Crit Inc Heal: 2,15
	 Crit Inc Damage: 2
Haste
	 Rating: 22327
	 Multiplicative Factor: 0%
	 Eff: 22074,3
	 DR Bracket: 1
	 Base: 0%
	 Effective Percent: 33,45%
Vers
	 Rating: 7269
	 Multiplicative Factor: 0%
	 Eff: 9609
	 DR Bracket: 0
	 Base: 3%
	 Effective Percent: 12,32%
Leech
	 Rating: 2040
	 Multiplicative Factor: 0%
	 Eff: 2040
	 DR Bracket: 0
	 Base: 0%
	 Effective Percent: 2%
Avoidance
	 Rating: 545
	 Multiplicative Factor: 0%
	 Eff: 545
	 DR Bracket: 0
	 Base: 0%
	 Effective Percent: 1%
Mastery
	 Rating: 14215
	 Multiplicative Factor: 0%
	 Eff: 21215
	 DR Bracket: 0
	 Base: 30%
	 Effective Percent: 90,92%
----------------------
00:43,165

Intellect
	 Rating: 129739
	 Multiplicative Factor: 8,15%
	 Eff: 129739
Stamina
	 Rating: 810776
	 Multiplicative Factor: 10,25%
	 Eff: 810776
Crit
	 Rating: 20913
	 Multiplicative Factor: 0%
	 Eff: 24413
	 DR Bracket: 0
	 Base: 5%
	 Effective Percent: 34,88%
	 Crit Inc Heal: 2,15
	 Crit Inc Damage: 2
Haste
	 Rating: 22327
	 Multiplicative Factor: 0%
	 Eff: 22074,3
	 DR Bracket: 1
	 Base: 0%
	 Effective Percent: 33,45%
Vers
	 Rating: 7269
	 Multiplicative Factor: 0%
	 Eff: 9609
	 DR Bracket: 0
	 Base: 3%
	 Effective Percent: 12,32%
Leech
	 Rating: 2040
	 Multiplicative Factor: 0%
	 Eff: 2040
	 DR Bracket: 0
	 Base: 0%
	 Effective Percent: 2%
Avoidance
	 Rating: 545
	 Multiplicative Factor: 0%
	 Eff: 545
	 DR Bracket: 0
	 Base: 0%
	 Effective Percent: 1%
Mastery
	 Rating: 14215
	 Multiplicative Factor: 0%
	 Eff: 21215
	 DR Bracket: 0
	 Base: 30%
	 Effective Percent: 90,92%
----------------------
00:49,159

Intellect
	 Rating: 129739
	 Multiplicative Factor: 8,15%
	 Eff: 129739
Stamina
	 Rating: 810776
	 Multiplicative Factor: 10,25%
	 Eff: 810776
Crit
	 Rating: 20913
	 Multiplicative Factor: 0%
	 Eff: 24413
	 DR Bracket: 0
	 Base: 5%
	 Effective Percent: 34,88%
	 Crit Inc Heal: 2,15
	 Crit Inc Damage: 2
Haste
	 Rating: 22327
	 Multiplicative Factor: 0%
	 Eff: 22074,3
	 DR Bracket: 1
	 Base: 0%
	 Effective Percent: 33,45%
Vers
	 Rating: 7269
	 Multiplicative Factor: 0%
	 Eff: 9609
	 DR Bracket: 0
	 Base: 3%
	 Effective Percent: 12,32%
Leech
	 Rating: 2040
	 Multiplicative Factor: 0%
	 Eff: 2040
	 DR Bracket: 0
	 Base: 0%
	 Effective Percent: 2%
Avoidance
	 Rating: 545
	 Multiplicative Factor: 0%
	 Eff: 545
	 DR Bracket: 0
	 Base: 0%
	 Effective Percent: 1%
Mastery
	 Rating: 14215
	 Multiplicative Factor: 0%
	 Eff: 21215
	 DR Bracket: 0
	 Base: 30%
	 Effective Percent: 90,92%
----------------------
01:03,808

Intellect
	 Rating: 129739
	 Multiplicative Factor: 8,15%
	 Eff: 129739
Stamina
	 Rating: 810776
	 Multiplicative Factor: 10,25%
	 Eff: 810776
Crit
	 Rating: 20913
	 Multiplicative Factor: 0%
	 Eff: 24413
	 DR Bracket: 0
	 Base: 5%
	 Effective Percent: 34,88%
	 Crit Inc Heal: 2,15
	 Crit Inc Damage: 2
Haste
	 Rating: 22327
	 Multiplicative Factor: 0%
	 Eff: 22074,3
	 DR Bracket: 1
	 Base: 0%
	 Effective Percent: 33,45%
Vers
	 Rating: 7269
	 Multiplicative Factor: 0%
	 Eff: 9609
	 DR Bracket: 0
	 Base: 3%
	 Effective Percent: 12,32%
Leech
	 Rating: 2040
	 Multiplicative Factor: 0%
	 Eff: 2040
	 DR Bracket: 0
	 Base: 0%
	 Effective Percent: 2%
Avoidance
	 Rating: 545
	 Multiplicative Factor: 0%
	 Eff: 545
	 DR Bracket: 0
	 Base: 0%
	 Effective Percent: 1%
Mastery
	 Rating: 14215
	 Multiplicative Factor: 0%
	 Eff: 21215
	 DR Bracket: 0
	 Base: 30%
	 Effective Percent: 90,92%
----------------------
01:09,797

Intellect
	 Rating: 129739
	 Multiplicative Factor: 8,15%
	 Eff: 129739
Stamina
	 Rating: 810776
	 Multiplicative Factor: 10,25%
	 Eff: 810776
Crit
	 Rating: 20913
	 Multiplicative Factor: 0%
	 Eff: 24413
	 DR Bracket: 0
	 Base: 5%
	 Effective Percent: 34,88%
	 Crit Inc Heal: 2,15
	 Crit Inc Damage: 2
Haste
	 Rating: 22327
	 Multiplicative Factor: 0%
	 Eff: 22074,3
	 DR Bracket: 1
	 Base: 0%
	 Effective Percent: 33,45%
Vers
	 Rating: 7269
	 Multiplicative Factor: 0%
	 Eff: 9609
	 DR Bracket: 0
	 Base: 3%
	 Effective Percent: 12,32%
Leech
	 Rating: 2040
	 Multiplicative Factor: 0%
	 Eff: 2040
	 DR Bracket: 0
	 Base: 0%
	 Effective Percent: 2%
Avoidance
	 Rating: 545
	 Multiplicative Factor: 0%
	 Eff: 545
	 DR Bracket: 0
	 Base: 0%
	 Effective Percent: 1%
Mastery
	 Rating: 14215
	 Multiplicative Factor: 0%
	 Eff: 21215
	 DR Bracket: 0
	 Base: 30%
	 Effective Percent: 90,92%
----------------------
01:23,515

Intellect
	 Rating: 129739
	 Multiplicative Factor: 8,15%
	 Eff: 129739
Stamina
	 Rating: 810776
	 Multiplicative Factor: 10,25%
	 Eff: 810776
Crit
	 Rating: 20913
	 Multiplicative Factor: 0%
	 Eff: 24413
	 DR Bracket: 0
	 Base: 5%
	 Effective Percent: 34,88%
	 Crit Inc Heal: 2,15
	 Crit Inc Damage: 2
Haste
	 Rating: 22327
	 Multiplicative Factor: 0%
	 Eff: 22074,3
	 DR Bracket: 1
	 Base: 0%
	 Effective Percent: 33,45%
Vers
	 Rating: 7269
	 Multiplicative Factor: 0%
	 Eff: 9609
	 DR Bracket: 0
	 Base: 3%
	 Effective Percent: 12,32%
Leech
	 Rating: 2040
	 Multiplicative Factor: 0%
	 Eff: 2040
	 DR Bracket: 0
	 Base: 0%
	 Effective Percent: 2%
Avoidance
	 Rating: 545
	 Multiplicative Factor: 0%
	 Eff: 545
	 DR Bracket: 0
	 Base: 0%
	 Effective Percent: 1%
Mastery
	 Rating: 14215
	 Multiplicative Factor: 0%
	 Eff: 21215
	 DR Bracket: 0
	 Base: 30%
	 Effective Percent: 90,92%
----------------------
01:29,529

Intellect
	 Rating: 129739
	 Multiplicative Factor: 8,15%
	 Eff: 129739
Stamina
	 Rating: 810776
	 Multiplicative Factor: 10,25%
	 Eff: 810776
Crit
	 Rating: 20913
	 Multiplicative Factor: 0%
	 Eff: 24413
	 DR Bracket: 0
	 Base: 5%
	 Effective Percent: 34,88%
	 Crit Inc Heal: 2,15
	 Crit Inc Damage: 2
Haste
	 Rating: 22327
	 Multiplicative Factor: 0%
	 Eff: 22074,3
	 DR Bracket: 1
	 Base: 0%
	 Effective Percent: 33,45%
Vers
	 Rating: 7269
	 Multiplicative Factor: 0%
	 Eff: 9609
	 DR Bracket: 0
	 Base: 3%
	 Effective Percent: 12,32%
Leech
	 Rating: 2040
	 Multiplicative Factor: 0%
	 Eff: 2040
	 DR Bracket: 0
	 Base: 0%
	 Effective Percent: 2%
Avoidance
	 Rating: 545
	 Multiplicative Factor: 0%
	 Eff: 545
	 DR Bracket: 0
	 Base: 0%
	 Effective Percent: 1%
Mastery
	 Rating: 14215
	 Multiplicative Factor: 0%
	 Eff: 21215
	 DR Bracket: 0
	 Base: 30%
	 Effective Percent: 90,92%
----------------------
02:59,424

Intellect
	 Rating: 129739
	 Multiplicative Factor: 8,15%
	 Eff: 129739
Stamina
	 Rating: 810776
	 Multiplicative Factor: 10,25%
	 Eff: 810776
Crit
	 Rating: 20913
	 Multiplicative Factor: 0%
	 Eff: 24413
	 DR Bracket: 0
	 Base: 5%
	 Effective Percent: 34,88%
	 Crit Inc Heal: 2,15
	 Crit Inc Damage: 2
Haste
	 Rating: 22327
	 Multiplicative Factor: 0%
	 Eff: 22074,3
	 DR Bracket: 1
	 Base: 0%
	 Effective Percent: 33,45%
Vers
	 Rating: 7269
	 Multiplicative Factor: 0%
	 Eff: 9609
	 DR Bracket: 0
	 Base: 3%
	 Effective Percent: 12,32%
Leech
	 Rating: 2040
	 Multiplicative Factor: 0%
	 Eff: 2040
	 DR Bracket: 0
	 Base: 0%
	 Effective Percent: 2%
Avoidance
	 Rating: 545
	 Multiplicative Factor: 0%
	 Eff: 545
	 DR Bracket: 0
	 Base: 0%
	 Effective Percent: 1%
Mastery
	 Rating: 14215
	 Multiplicative Factor: 0%
	 Eff: 21215
	 DR Bracket: 0
	 Base: 30%
	 Effective Percent: 90,92%
----------------------
03:05,448

Intellect
	 Rating: 129739
	 Multiplicative Factor: 8,15%
	 Eff: 129739
Stamina
	 Rating: 810776
	 Multiplicative Factor: 10,25%
	 Eff: 810776
Crit
	 Rating: 20913
	 Multiplicative Factor: 0%
	 Eff: 24413
	 DR Bracket: 0
	 Base: 5%
	 Effective Percent: 34,88%
	 Crit Inc Heal: 2,15
	 Crit Inc Damage: 2
Haste
	 Rating: 22327
	 Multiplicative Factor: 0%
	 Eff: 22074,3
	 DR Bracket: 1
	 Base: 0%
	 Effective Percent: 33,45%
Vers
	 Rating: 7269
	 Multiplicative Factor: 0%
	 Eff: 9609
	 DR Bracket: 0
	 Base: 3%
	 Effective Percent: 12,32%
Leech
	 Rating: 2040
	 Multiplicative Factor: 0%
	 Eff: 2040
	 DR Bracket: 0
	 Base: 0%
	 Effective Percent: 2%
Avoidance
	 Rating: 545
	 Multiplicative Factor: 0%
	 Eff: 545
	 DR Bracket: 0
	 Base: 0%
	 Effective Percent: 1%
Mastery
	 Rating: 14215
	 Multiplicative Factor: 0%
	 Eff: 21215
	 DR Bracket: 0
	 Base: 30%
	 Effective Percent: 90,92%
----------------------
03:08,129

Intellect
	 Rating: 129739
	 Multiplicative Factor: 8,15%
	 Eff: 129739
Stamina
	 Rating: 810776
	 Multiplicative Factor: 10,25%
	 Eff: 810776
Crit
	 Rating: 20913
	 Multiplicative Factor: 0%
	 Eff: 24413
	 DR Bracket: 0
	 Base: 5%
	 Effective Percent: 34,88%
	 Crit Inc Heal: 2,15
	 Crit Inc Damage: 2
Haste
	 Rating: 22327
	 Multiplicative Factor: 0%
	 Eff: 22074,3
	 DR Bracket: 1
	 Base: 0%
	 Effective Percent: 33,45%
Vers
	 Rating: 7269
	 Multiplicative Factor: 0%
	 Eff: 9609
	 DR Bracket: 0
	 Base: 3%
	 Effective Percent: 12,32%
Leech
	 Rating: 2040
	 Multiplicative Factor: 0%
	 Eff: 2040
	 DR Bracket: 0
	 Base: 0%
	 Effective Percent: 2%
Avoidance
	 Rating: 545
	 Multiplicative Factor: 0%
	 Eff: 545
	 DR Bracket: 0
	 Base: 0%
	 Effective Percent: 1%
Mastery
	 Rating: 14215
	 Multiplicative Factor: 0%
	 Eff: 21215
	 DR Bracket: 0
	 Base: 30%
	 Effective Percent: 90,92%
----------------------
03:23,114

Intellect
	 Rating: 129739
	 Multiplicative Factor: 8,15%
	 Eff: 129739
Stamina
	 Rating: 810776
	 Multiplicative Factor: 10,25%
	 Eff: 810776
Crit
	 Rating: 20913
	 Multiplicative Factor: 0%
	 Eff: 24413
	 DR Bracket: 0
	 Base: 5%
	 Effective Percent: 34,88%
	 Crit Inc Heal: 2,15
	 Crit Inc Damage: 2
Haste
	 Rating: 22327
	 Multiplicative Factor: 0%
	 Eff: 22074,3
	 DR Bracket: 1
	 Base: 0%
	 Effective Percent: 33,45%
Vers
	 Rating: 7269
	 Multiplicative Factor: 0%
	 Eff: 9609
	 DR Bracket: 0
	 Base: 3%
	 Effective Percent: 12,32%
Leech
	 Rating: 2040
	 Multiplicative Factor: 0%
	 Eff: 2040
	 DR Bracket: 0
	 Base: 0%
	 Effective Percent: 2%
Avoidance
	 Rating: 545
	 Multiplicative Factor: 0%
	 Eff: 545
	 DR Bracket: 0
	 Base: 0%
	 Effective Percent: 1%
Mastery
	 Rating: 14215
	 Multiplicative Factor: 0%
	 Eff: 21215
	 DR Bracket: 0
	 Base: 30%
	 Effective Percent: 90,92%
----------------------
03:33,610

Intellect
	 Rating: 129739
	 Multiplicative Factor: 8,15%
	 Eff: 129739
Stamina
	 Rating: 810776
	 Multiplicative Factor: 10,25%
	 Eff: 810776
Crit
	 Rating: 20913
	 Multiplicative Factor: 0%
	 Eff: 24413
	 DR Bracket: 0
	 Base: 5%
	 Effective Percent: 34,88%
	 Crit Inc Heal: 2,15
	 Crit Inc Damage: 2
Haste
	 Rating: 22327
	 Multiplicative Factor: 0%
	 Eff: 22074,3
	 DR Bracket: 1
	 Base: 0%
	 Effective Percent: 33,45%
Vers
	 Rating: 7269
	 Multiplicative Factor: 0%
	 Eff: 9609
	 DR Bracket: 0
	 Base: 3%
	 Effective Percent: 12,32%
Leech
	 Rating: 2040
	 Multiplicative Factor: 0%
	 Eff: 2040
	 DR Bracket: 0
	 Base: 0%
	 Effective Percent: 2%
Avoidance
	 Rating: 545
	 Multiplicative Factor: 0%
	 Eff: 545
	 DR Bracket: 0
	 Base: 0%
	 Effective Percent: 1%
Mastery
	 Rating: 14215
	 Multiplicative Factor: 0%
	 Eff: 21215
	 DR Bracket: 0
	 Base: 30%
	 Effective Percent: 90,92%
----------------------
03:39,571

Intellect
	 Rating: 129739
	 Multiplicative Factor: 8,15%
	 Eff: 129739
Stamina
	 Rating: 810776
	 Multiplicative Factor: 10,25%
	 Eff: 810776
Crit
	 Rating: 20913
	 Multiplicative Factor: 0%
	 Eff: 24413
	 DR Bracket: 0
	 Base: 5%
	 Effective Percent: 34,88%
	 Crit Inc Heal: 2,15
	 Crit Inc Damage: 2
Haste
	 Rating: 22327
	 Multiplicative Factor: 0%
	 Eff: 22074,3
	 DR Bracket: 1
	 Base: 0%
	 Effective Percent: 33,45%
Vers
	 Rating: 7269
	 Multiplicative Factor: 0%
	 Eff: 9609
	 DR Bracket: 0
	 Base: 3%
	 Effective Percent: 12,32%
Leech
	 Rating: 2040
	 Multiplicative Factor: 0%
	 Eff: 2040
	 DR Bracket: 0
	 Base: 0%
	 Effective Percent: 2%
Avoidance
	 Rating: 545
	 Multiplicative Factor: 0%
	 Eff: 545
	 DR Bracket: 0
	 Base: 0%
	 Effective Percent: 1%
Mastery
	 Rating: 14215
	 Multiplicative Factor: 0%
	 Eff: 21215
	 DR Bracket: 0
	 Base: 30%
	 Effective Percent: 90,92%
----------------------
04:23,775

Intellect
	 Rating: 129739
	 Multiplicative Factor: 8,15%
	 Eff: 129739
Stamina
	 Rating: 810776
	 Multiplicative Factor: 10,25%
	 Eff: 810776
Crit
	 Rating: 20913
	 Multiplicative Factor: 0%
	 Eff: 24413
	 DR Bracket: 0
	 Base: 5%
	 Effective Percent: 34,88%
	 Crit Inc Heal: 2,15
	 Crit Inc Damage: 2
Haste
	 Rating: 22327
	 Multiplicative Factor: 0%
	 Eff: 22074,3
	 DR Bracket: 1
	 Base: 0%
	 Effective Percent: 33,45%
Vers
	 Rating: 7269
	 Multiplicative Factor: 0%
	 Eff: 9609
	 DR Bracket: 0
	 Base: 3%
	 Effective Percent: 12,32%
Leech
	 Rating: 2040
	 Multiplicative Factor: 0%
	 Eff: 2040
	 DR Bracket: 0
	 Base: 0%
	 Effective Percent: 2%
Avoidance
	 Rating: 545
	 Multiplicative Factor: 0%
	 Eff: 545
	 DR Bracket: 0
	 Base: 0%
	 Effective Percent: 1%
Mastery
	 Rating: 14215
	 Multiplicative Factor: 0%
	 Eff: 21215
	 DR Bracket: 0
	 Base: 30%
	 Effective Percent: 90,92%
----------------------
04:29,763

Intellect
	 Rating: 129739
	 Multiplicative Factor: 8,15%
	 Eff: 129739
Stamina
	 Rating: 810776
	 Multiplicative Factor: 10,25%
	 Eff: 810776
Crit
	 Rating: 20913
	 Multiplicative Factor: 0%
	 Eff: 24413
	 DR Bracket: 0
	 Base: 5%
	 Effective Percent: 34,88%
	 Crit Inc Heal: 2,15
	 Crit Inc Damage: 2
Haste
	 Rating: 22327
	 Multiplicative Factor: 0%
	 Eff: 22074,3
	 DR Bracket: 1
	 Base: 0%
	 Effective Percent: 33,45%
Vers
	 Rating: 7269
	 Multiplicative Factor: 0%
	 Eff: 9609
	 DR Bracket: 0
	 Base: 3%
	 Effective Percent: 12,32%
Leech
	 Rating: 2040
	 Multiplicative Factor: 0%
	 Eff: 2040
	 DR Bracket: 0
	 Base: 0%
	 Effective Percent: 2%
Avoidance
	 Rating: 545
	 Multiplicative Factor: 0%
	 Eff: 545
	 DR Bracket: 0
	 Base: 0%
	 Effective Percent: 1%
Mastery
	 Rating: 14215
	 Multiplicative Factor: 0%
	 Eff: 21215
	 DR Bracket: 0
	 Base: 30%
	 Effective Percent: 90,92%
----------------------
04:50,289

Intellect
	 Rating: 129739
	 Multiplicative Factor: 8,15%
	 Eff: 129739
Stamina
	 Rating: 810776
	 Multiplicative Factor: 10,25%
	 Eff: 810776
Crit
	 Rating: 20913
	 Multiplicative Factor: 0%
	 Eff: 24413
	 DR Bracket: 0
	 Base: 5%
	 Effective Percent: 34,88%
	 Crit Inc Heal: 2,15
	 Crit Inc Damage: 2
Haste
	 Rating: 22327
	 Multiplicative Factor: 0%
	 Eff: 22074,3
	 DR Bracket: 1
	 Base: 0%
	 Effective Percent: 33,45%
Vers
	 Rating: 7269
	 Multiplicative Factor: 0%
	 Eff: 9609
	 DR Bracket: 0
	 Base: 3%
	 Effective Percent: 12,32%
Leech
	 Rating: 2040
	 Multiplicative Factor: 0%
	 Eff: 2040
	 DR Bracket: 0
	 Base: 0%
	 Effective Percent: 2%
Avoidance
	 Rating: 545
	 Multiplicative Factor: 0%
	 Eff: 545
	 DR Bracket: 0
	 Base: 0%
	 Effective Percent: 1%
Mastery
	 Rating: 14215
	 Multiplicative Factor: 0%
	 Eff: 21215
	 DR Bracket: 0
	 Base: 30%
	 Effective Percent: 90,92%
----------------------
04:56,294

Intellect
	 Rating: 129739
	 Multiplicative Factor: 8,15%
	 Eff: 129739
Stamina
	 Rating: 810776
	 Multiplicative Factor: 10,25%
	 Eff: 810776
Crit
	 Rating: 20913
	 Multiplicative Factor: 0%
	 Eff: 24413
	 DR Bracket: 0
	 Base: 5%
	 Effective Percent: 34,88%
	 Crit Inc Heal: 2,15
	 Crit Inc Damage: 2
Haste
	 Rating: 22327
	 Multiplicative Factor: 0%
	 Eff: 22074,3
	 DR Bracket: 1
	 Base: 0%
	 Effective Percent: 33,45%
Vers
	 Rating: 7269
	 Multiplicative Factor: 0%
	 Eff: 9609
	 DR Bracket: 0
	 Base: 3%
	 Effective Percent: 12,32%
Leech
	 Rating: 2040
	 Multiplicative Factor: 0%
	 Eff: 2040
	 DR Bracket: 0
	 Base: 0%
	 Effective Percent: 2%
Avoidance
	 Rating: 545
	 Multiplicative Factor: 0%
	 Eff: 545
	 DR Bracket: 0
	 Base: 0%
	 Effective Percent: 1%
Mastery
	 Rating: 14215
	 Multiplicative Factor: 0%
	 Eff: 21215
	 DR Bracket: 0
	 Base: 30%
	 Effective Percent: 90,92%
----------------------
05:24,930

Intellect
	 Rating: 129739
	 Multiplicative Factor: 8,15%
	 Eff: 129739
Stamina
	 Rating: 810776
	 Multiplicative Factor: 10,25%
	 Eff: 810776
Crit
	 Rating: 20913
	 Multiplicative Factor: 0%
	 Eff: 24413
	 DR Bracket: 0
	 Base: 5%
	 Effective Percent: 34,88%
	 Crit Inc Heal: 2,15
	 Crit Inc Damage: 2
Haste
	 Rating: 22327
	 Multiplicative Factor: 0%
	 Eff: 48496,59
	 DR Bracket: 1
	 Base: 30%
	 Effective Percent: 73,48%
Vers
	 Rating: 7269
	 Multiplicative Factor: 0%
	 Eff: 9609
	 DR Bracket: 0
	 Base: 3%
	 Effective Percent: 12,32%
Leech
	 Rating: 2040
	 Multiplicative Factor: 0%
	 Eff: 2040
	 DR Bracket: 0
	 Base: 0%
	 Effective Percent: 2%
Avoidance
	 Rating: 545
	 Multiplicative Factor: 0%
	 Eff: 545
	 DR Bracket: 0
	 Base: 0%
	 Effective Percent: 1%
Mastery
	 Rating: 14215
	 Multiplicative Factor: 0%
	 Eff: 21215
	 DR Bracket: 0
	 Base: 30%
	 Effective Percent: 90,92%
----------------------
05:46,058

Intellect
	 Rating: 129739
	 Multiplicative Factor: 8,15%
	 Eff: 129739
Stamina
	 Rating: 810776
	 Multiplicative Factor: 10,25%
	 Eff: 810776
Crit
	 Rating: 20913
	 Multiplicative Factor: 0%
	 Eff: 24413
	 DR Bracket: 0
	 Base: 5%
	 Effective Percent: 34,88%
	 Crit Inc Heal: 2,15
	 Crit Inc Damage: 2
Haste
	 Rating: 22327
	 Multiplicative Factor: 0%
	 Eff: 48496,59
	 DR Bracket: 1
	 Base: 30%
	 Effective Percent: 73,48%
Vers
	 Rating: 7269
	 Multiplicative Factor: 0%
	 Eff: 9609
	 DR Bracket: 0
	 Base: 3%
	 Effective Percent: 12,32%
Leech
	 Rating: 2040
	 Multiplicative Factor: 0%
	 Eff: 2040
	 DR Bracket: 0
	 Base: 0%
	 Effective Percent: 2%
Avoidance
	 Rating: 545
	 Multiplicative Factor: 0%
	 Eff: 545
	 DR Bracket: 0
	 Base: 0%
	 Effective Percent: 1%
Mastery
	 Rating: 14215
	 Multiplicative Factor: 0%
	 Eff: 21215
	 DR Bracket: 0
	 Base: 30%
	 Effective Percent: 90,92%
----------------------
05:52,046

Intellect
	 Rating: 129739
	 Multiplicative Factor: 8,15%
	 Eff: 129739
Stamina
	 Rating: 810776
	 Multiplicative Factor: 10,25%
	 Eff: 810776
Crit
	 Rating: 20913
	 Multiplicative Factor: 0%
	 Eff: 24413
	 DR Bracket: 0
	 Base: 5%
	 Effective Percent: 34,88%
	 Crit Inc Heal: 2,15
	 Crit Inc Damage: 2
Haste
	 Rating: 22327
	 Multiplicative Factor: 0%
	 Eff: 48496,59
	 DR Bracket: 1
	 Base: 30%
	 Effective Percent: 73,48%
Vers
	 Rating: 7269
	 Multiplicative Factor: 0%
	 Eff: 9609
	 DR Bracket: 0
	 Base: 3%
	 Effective Percent: 12,32%
Leech
	 Rating: 2040
	 Multiplicative Factor: 0%
	 Eff: 2040
	 DR Bracket: 0
	 Base: 0%
	 Effective Percent: 2%
Avoidance
	 Rating: 545
	 Multiplicative Factor: 0%
	 Eff: 545
	 DR Bracket: 0
	 Base: 0%
	 Effective Percent: 1%
Mastery
	 Rating: 14215
	 Multiplicative Factor: 0%
	 Eff: 21215
	 DR Bracket: 0
	 Base: 30%
	 Effective Percent: 90,92%
----------------------
06:04,961

Intellect
	 Rating: 129739
	 Multiplicative Factor: 8,15%
	 Eff: 129739
Stamina
	 Rating: 810776
	 Multiplicative Factor: 10,25%
	 Eff: 810776
Crit
	 Rating: 20913
	 Multiplicative Factor: 0%
	 Eff: 24413
	 DR Bracket: 0
	 Base: 5%
	 Effective Percent: 34,88%
	 Crit Inc Heal: 2,15
	 Crit Inc Damage: 2
Haste
	 Rating: 22327
	 Multiplicative Factor: 0%
	 Eff: 22074,3
	 DR Bracket: 1
	 Base: 0%
	 Effective Percent: 33,45%
Vers
	 Rating: 7269
	 Multiplicative Factor: 0%
	 Eff: 9609
	 DR Bracket: 0
	 Base: 3%
	 Effective Percent: 12,32%
Leech
	 Rating: 2040
	 Multiplicative Factor: 0%
	 Eff: 2040
	 DR Bracket: 0
	 Base: 0%
	 Effective Percent: 2%
Avoidance
	 Rating: 545
	 Multiplicative Factor: 0%
	 Eff: 545
	 DR Bracket: 0
	 Base: 0%
	 Effective Percent: 1%
Mastery
	 Rating: 14215
	 Multiplicative Factor: 0%
	 Eff: 21215
	 DR Bracket: 0
	 Base: 30%
	 Effective Percent: 90,92%
----------------------
06:11,729

Intellect
	 Rating: 129739
	 Multiplicative Factor: 8,15%
	 Eff: 129739
Stamina
	 Rating: 810776
	 Multiplicative Factor: 10,25%
	 Eff: 810776
Crit
	 Rating: 20913
	 Multiplicative Factor: 0%
	 Eff: 24413
	 DR Bracket: 0
	 Base: 5%
	 Effective Percent: 34,88%
	 Crit Inc Heal: 2,15
	 Crit Inc Damage: 2
Haste
	 Rating: 22327
	 Multiplicative Factor: 0%
	 Eff: 22074,3
	 DR Bracket: 1
	 Base: 0%
	 Effective Percent: 33,45%
Vers
	 Rating: 7269
	 Multiplicative Factor: 0%
	 Eff: 9609
	 DR Bracket: 0
	 Base: 3%
	 Effective Percent: 12,32%
Leech
	 Rating: 2040
	 Multiplicative Factor: 0%
	 Eff: 2040
	 DR Bracket: 0
	 Base: 0%
	 Effective Percent: 2%
Avoidance
	 Rating: 545
	 Multiplicative Factor: 0%
	 Eff: 545
	 DR Bracket: 0
	 Base: 0%
	 Effective Percent: 1%
Mastery
	 Rating: 14215
	 Multiplicative Factor: 0%
	 Eff: 21215
	 DR Bracket: 0
	 Base: 30%
	 Effective Percent: 90,92%
----------------------
06:17,743

Intellect
	 Rating: 129739
	 Multiplicative Factor: 8,15%
	 Eff: 129739
Stamina
	 Rating: 810776
	 Multiplicative Factor: 10,25%
	 Eff: 810776
Crit
	 Rating: 20913
	 Multiplicative Factor: 0%
	 Eff: 24413
	 DR Bracket: 0
	 Base: 5%
	 Effective Percent: 34,88%
	 Crit Inc Heal: 2,15
	 Crit Inc Damage: 2
Haste
	 Rating: 22327
	 Multiplicative Factor: 0%
	 Eff: 22074,3
	 DR Bracket: 1
	 Base: 0%
	 Effective Percent: 33,45%
Vers
	 Rating: 7269
	 Multiplicative Factor: 0%
	 Eff: 9609
	 DR Bracket: 0
	 Base: 3%
	 Effective Percent: 12,32%
Leech
	 Rating: 2040
	 Multiplicative Factor: 0%
	 Eff: 2040
	 DR Bracket: 0
	 Base: 0%
	 Effective Percent: 2%
Avoidance
	 Rating: 545
	 Multiplicative Factor: 0%
	 Eff: 545
	 DR Bracket: 0
	 Base: 0%
	 Effective Percent: 1%
Mastery
	 Rating: 14215
	 Multiplicative Factor: 0%
	 Eff: 21215
	 DR Bracket: 0
	 Base: 30%
	 Effective Percent: 90,92%
----------------------
06:36,470

Intellect
	 Rating: 129739
	 Multiplicative Factor: 8,15%
	 Eff: 129739
Stamina
	 Rating: 810776
	 Multiplicative Factor: 10,25%
	 Eff: 810776
Crit
	 Rating: 20913
	 Multiplicative Factor: 0%
	 Eff: 24413
	 DR Bracket: 0
	 Base: 5%
	 Effective Percent: 34,88%
	 Crit Inc Heal: 2,15
	 Crit Inc Damage: 2
Haste
	 Rating: 22327
	 Multiplicative Factor: 0%
	 Eff: 22074,3
	 DR Bracket: 1
	 Base: 0%
	 Effective Percent: 33,45%
Vers
	 Rating: 7269
	 Multiplicative Factor: 0%
	 Eff: 7269
	 DR Bracket: 0
	 Base: 0%
	 Effective Percent: 9,32%
Leech
	 Rating: 2040
	 Multiplicative Factor: 0%
	 Eff: 2040
	 DR Bracket: 0
	 Base: 0%
	 Effective Percent: 2%
Avoidance
	 Rating: 545
	 Multiplicative Factor: 0%
	 Eff: 545
	 DR Bracket: 0
	 Base: 0%
	 Effective Percent: 1%
Mastery
	 Rating: 14215
	 Multiplicative Factor: 0%
	 Eff: 21215
	 DR Bracket: 0
	 Base: 30%
	 Effective Percent: 90,92%
----------------------
06:36,470

Intellect
	 Rating: 129739
	 Multiplicative Factor: 8,15%
	 Eff: 129739
Stamina
	 Rating: 810776
	 Multiplicative Factor: 10,25%
	 Eff: 810776
Crit
	 Rating: 20913
	 Multiplicative Factor: 0%
	 Eff: 24413
	 DR Bracket: 0
	 Base: 5%
	 Effective Percent: 34,88%
	 Crit Inc Heal: 2,15
	 Crit Inc Damage: 2
Haste
	 Rating: 22327
	 Multiplicative Factor: 0%
	 Eff: 22074,3
	 DR Bracket: 1
	 Base: 0%
	 Effective Percent: 33,45%
Vers
	 Rating: 7269
	 Multiplicative Factor: 0%
	 Eff: 9609
	 DR Bracket: 0
	 Base: 3%
	 Effective Percent: 12,32%
Leech
	 Rating: 2040
	 Multiplicative Factor: 0%
	 Eff: 2040
	 DR Bracket: 0
	 Base: 0%
	 Effective Percent: 2%
Avoidance
	 Rating: 545
	 Multiplicative Factor: 0%
	 Eff: 545
	 DR Bracket: 0
	 Base: 0%
	 Effective Percent: 1%
Mastery
	 Rating: 14215
	 Multiplicative Factor: 0%
	 Eff: 21215
	 DR Bracket: 0
	 Base: 30%
	 Effective Percent: 90,92%
----------------------
06:38,608

Intellect
	 Rating: 129739
	 Multiplicative Factor: 8,15%
	 Eff: 129739
Stamina
	 Rating: 810776
	 Multiplicative Factor: 10,25%
	 Eff: 810776
Crit
	 Rating: 20913
	 Multiplicative Factor: 0%
	 Eff: 24413
	 DR Bracket: 0
	 Base: 5%
	 Effective Percent: 34,88%
	 Crit Inc Heal: 2,15
	 Crit Inc Damage: 2
Haste
	 Rating: 22327
	 Multiplicative Factor: 0%
	 Eff: 22074,3
	 DR Bracket: 1
	 Base: 0%
	 Effective Percent: 33,45%
Vers
	 Rating: 7269
	 Multiplicative Factor: 0%
	 Eff: 9609
	 DR Bracket: 0
	 Base: 3%
	 Effective Percent: 12,32%
Leech
	 Rating: 2040
	 Multiplicative Factor: 0%
	 Eff: 2040
	 DR Bracket: 0
	 Base: 0%
	 Effective Percent: 2%
Avoidance
	 Rating: 545
	 Multiplicative Factor: 0%
	 Eff: 545
	 DR Bracket: 0
	 Base: 0%
	 Effective Percent: 1%
Mastery
	 Rating: 14215
	 Multiplicative Factor: 0%
	 Eff: 19815
	 DR Bracket: 0
	 Base: 24%
	 Effective Percent: 84,92%
----------------------
06:38,608

Intellect
	 Rating: 129739
	 Multiplicative Factor: 8,15%
	 Eff: 129739
Stamina
	 Rating: 810776
	 Multiplicative Factor: 10,25%
	 Eff: 810776
Crit
	 Rating: 20913
	 Multiplicative Factor: 0%
	 Eff: 24413
	 DR Bracket: 0
	 Base: 5%
	 Effective Percent: 34,88%
	 Crit Inc Heal: 2,15
	 Crit Inc Damage: 2
Haste
	 Rating: 22327
	 Multiplicative Factor: 0%
	 Eff: 22074,3
	 DR Bracket: 1
	 Base: 0%
	 Effective Percent: 33,45%
Vers
	 Rating: 7269
	 Multiplicative Factor: 0%
	 Eff: 9609
	 DR Bracket: 0
	 Base: 3%
	 Effective Percent: 12,32%
Leech
	 Rating: 2040
	 Multiplicative Factor: 0%
	 Eff: 2040
	 DR Bracket: 0
	 Base: 0%
	 Effective Percent: 2%
Avoidance
	 Rating: 545
	 Multiplicative Factor: 0%
	 Eff: 545
	 DR Bracket: 0
	 Base: 0%
	 Effective Percent: 1%
Mastery
	 Rating: 14215
	 Multiplicative Factor: 0%
	 Eff: 21215
	 DR Bracket: 0
	 Base: 30%
	 Effective Percent: 90,92%
----------------------
06:49,807

Intellect
	 Rating: 129739
	 Multiplicative Factor: 8,15%
	 Eff: 129739
Stamina
	 Rating: 810776
	 Multiplicative Factor: 10,25%
	 Eff: 810776
Crit
	 Rating: 20913
	 Multiplicative Factor: 0%
	 Eff: 24413
	 DR Bracket: 0
	 Base: 5%
	 Effective Percent: 34,88%
	 Crit Inc Heal: 2,15
	 Crit Inc Damage: 2
Haste
	 Rating: 22327
	 Multiplicative Factor: 0%
	 Eff: 22074,3
	 DR Bracket: 1
	 Base: 0%
	 Effective Percent: 33,45%
Vers
	 Rating: 7269
	 Multiplicative Factor: 0%
	 Eff: 9609
	 DR Bracket: 0
	 Base: 3%
	 Effective Percent: 12,32%
Leech
	 Rating: 2040
	 Multiplicative Factor: 0%
	 Eff: 2040
	 DR Bracket: 0
	 Base: 0%
	 Effective Percent: 2%
Avoidance
	 Rating: 545
	 Multiplicative Factor: 0%
	 Eff: 545
	 DR Bracket: 0
	 Base: 0%
	 Effective Percent: 1%
Mastery
	 Rating: 14215
	 Multiplicative Factor: 0%
	 Eff: 21215
	 DR Bracket: 0
	 Base: 30%
	 Effective Percent: 90,92%
----------------------
06:55,791

Intellect
	 Rating: 129739
	 Multiplicative Factor: 8,15%
	 Eff: 129739
Stamina
	 Rating: 810776
	 Multiplicative Factor: 10,25%
	 Eff: 810776
Crit
	 Rating: 20913
	 Multiplicative Factor: 0%
	 Eff: 24413
	 DR Bracket: 0
	 Base: 5%
	 Effective Percent: 34,88%
	 Crit Inc Heal: 2,15
	 Crit Inc Damage: 2
Haste
	 Rating: 22327
	 Multiplicative Factor: 0%
	 Eff: 22074,3
	 DR Bracket: 1
	 Base: 0%
	 Effective Percent: 33,45%
Vers
	 Rating: 7269
	 Multiplicative Factor: 0%
	 Eff: 9609
	 DR Bracket: 0
	 Base: 3%
	 Effective Percent: 12,32%
Leech
	 Rating: 2040
	 Multiplicative Factor: 0%
	 Eff: 2040
	 DR Bracket: 0
	 Base: 0%
	 Effective Percent: 2%
Avoidance
	 Rating: 545
	 Multiplicative Factor: 0%
	 Eff: 545
	 DR Bracket: 0
	 Base: 0%
	 Effective Percent: 1%
Mastery
	 Rating: 14215
	 Multiplicative Factor: 0%
	 Eff: 21215
	 DR Bracket: 0
	 Base: 30%
	 Effective Percent: 90,92%
----------------------
07:07,516

Intellect
	 Rating: 129739
	 Multiplicative Factor: 8,15%
	 Eff: 129739
Stamina
	 Rating: 810776
	 Multiplicative Factor: 10,25%
	 Eff: 810776
Crit
	 Rating: 20913
	 Multiplicative Factor: 0%
	 Eff: 24413
	 DR Bracket: 0
	 Base: 5%
	 Effective Percent: 34,88%
	 Crit Inc Heal: 2,15
	 Crit Inc Damage: 2
Haste
	 Rating: 22327
	 Multiplicative Factor: 0%
	 Eff: 22074,3
	 DR Bracket: 1
	 Base: 0%
	 Effective Percent: 33,45%
Vers
	 Rating: 7269
	 Multiplicative Factor: 0%
	 Eff: 9609
	 DR Bracket: 0
	 Base: 3%
	 Effective Percent: 12,32%
Leech
	 Rating: 2040
	 Multiplicative Factor: 0%
	 Eff: 2040
	 DR Bracket: 0
	 Base: 0%
	 Effective Percent: 2%
Avoidance
	 Rating: 545
	 Multiplicative Factor: 0%
	 Eff: 545
	 DR Bracket: 0
	 Base: 0%
	 Effective Percent: 1%
Mastery
	 Rating: 14215
	 Multiplicative Factor: 0%
	 Eff: 19815
	 DR Bracket: 0
	 Base: 24%
	 Effective Percent: 84,92%
----------------------
07:07,516

Intellect
	 Rating: 129739
	 Multiplicative Factor: 8,15%
	 Eff: 129739
Stamina
	 Rating: 810776
	 Multiplicative Factor: 10,25%
	 Eff: 810776
Crit
	 Rating: 20913
	 Multiplicative Factor: 0%
	 Eff: 24413
	 DR Bracket: 0
	 Base: 5%
	 Effective Percent: 34,88%
	 Crit Inc Heal: 2,15
	 Crit Inc Damage: 2
Haste
	 Rating: 22327
	 Multiplicative Factor: 0%
	 Eff: 22074,3
	 DR Bracket: 1
	 Base: 0%
	 Effective Percent: 33,45%
Vers
	 Rating: 7269
	 Multiplicative Factor: 0%
	 Eff: 9609
	 DR Bracket: 0
	 Base: 3%
	 Effective Percent: 12,32%
Leech
	 Rating: 2040
	 Multiplicative Factor: 0%
	 Eff: 2040
	 DR Bracket: 0
	 Base: 0%
	 Effective Percent: 2%
Avoidance
	 Rating: 545
	 Multiplicative Factor: 0%
	 Eff: 545
	 DR Bracket: 0
	 Base: 0%
	 Effective Percent: 1%
Mastery
	 Rating: 14215
	 Multiplicative Factor: 0%
	 Eff: 21215
	 DR Bracket: 0
	 Base: 30%
	 Effective Percent: 90,92%
----------------------
07:08,664

Intellect
	 Rating: 129739
	 Multiplicative Factor: 8,15%
	 Eff: 129739
Stamina
	 Rating: 810776
	 Multiplicative Factor: 10,25%
	 Eff: 810776
Crit
	 Rating: 20913
	 Multiplicative Factor: 0%
	 Eff: 24413
	 DR Bracket: 0
	 Base: 5%
	 Effective Percent: 34,88%
	 Crit Inc Heal: 2,15
	 Crit Inc Damage: 2
Haste
	 Rating: 22327
	 Multiplicative Factor: 0%
	 Eff: 22074,3
	 DR Bracket: 1
	 Base: 0%
	 Effective Percent: 33,45%
Vers
	 Rating: 7269
	 Multiplicative Factor: 0%
	 Eff: 9609
	 DR Bracket: 0
	 Base: 3%
	 Effective Percent: 12,32%
Leech
	 Rating: 2040
	 Multiplicative Factor: 0%
	 Eff: 2040
	 DR Bracket: 0
	 Base: 0%
	 Effective Percent: 2%
Avoidance
	 Rating: 545
	 Multiplicative Factor: 0%
	 Eff: 545
	 DR Bracket: 0
	 Base: 0%
	 Effective Percent: 1%
Mastery
	 Rating: 14215
	 Multiplicative Factor: 0%
	 Eff: 22615
	 DR Bracket: 0
	 Base: 36%
	 Effective Percent: 96,92%
----------------------
07:08,664

Intellect
	 Rating: 129739
	 Multiplicative Factor: 8,15%
	 Eff: 129739
Stamina
	 Rating: 810776
	 Multiplicative Factor: 10,25%
	 Eff: 810776
Crit
	 Rating: 20913
	 Multiplicative Factor: 0%
	 Eff: 24413
	 DR Bracket: 0
	 Base: 5%
	 Effective Percent: 34,88%
	 Crit Inc Heal: 2,15
	 Crit Inc Damage: 2
Haste
	 Rating: 22327
	 Multiplicative Factor: 0%
	 Eff: 22074,3
	 DR Bracket: 1
	 Base: 0%
	 Effective Percent: 33,45%
Vers
	 Rating: 7269
	 Multiplicative Factor: 0%
	 Eff: 9609
	 DR Bracket: 0
	 Base: 3%
	 Effective Percent: 12,32%
Leech
	 Rating: 2040
	 Multiplicative Factor: 0%
	 Eff: 2040
	 DR Bracket: 0
	 Base: 0%
	 Effective Percent: 2%
Avoidance
	 Rating: 545
	 Multiplicative Factor: 0%
	 Eff: 545
	 DR Bracket: 0
	 Base: 0%
	 Effective Percent: 1%
Mastery
	 Rating: 14215
	 Multiplicative Factor: 0%
	 Eff: 21215
	 DR Bracket: 0
	 Base: 30%
	 Effective Percent: 90,92%
----------------------
07:13,711

Intellect
	 Rating: 129739
	 Multiplicative Factor: 8,15%
	 Eff: 129739
Stamina
	 Rating: 810776
	 Multiplicative Factor: 10,25%
	 Eff: 810776
Crit
	 Rating: 20913
	 Multiplicative Factor: 0%
	 Eff: 24413
	 DR Bracket: 0
	 Base: 5%
	 Effective Percent: 34,88%
	 Crit Inc Heal: 2,15
	 Crit Inc Damage: 2
Haste
	 Rating: 22327
	 Multiplicative Factor: 0%
	 Eff: 22074,3
	 DR Bracket: 1
	 Base: 0%
	 Effective Percent: 33,45%
Vers
	 Rating: 7269
	 Multiplicative Factor: 0%
	 Eff: 9609
	 DR Bracket: 0
	 Base: 3%
	 Effective Percent: 12,32%
Leech
	 Rating: 2040
	 Multiplicative Factor: 0%
	 Eff: 2040
	 DR Bracket: 0
	 Base: 0%
	 Effective Percent: 2%
Avoidance
	 Rating: 545
	 Multiplicative Factor: 0%
	 Eff: 545
	 DR Bracket: 0
	 Base: 0%
	 Effective Percent: 1%
Mastery
	 Rating: 14215
	 Multiplicative Factor: 0%
	 Eff: 21215
	 DR Bracket: 0
	 Base: 30%
	 Effective Percent: 90,92%
----------------------
07:28,722

Intellect
	 Rating: 129739
	 Multiplicative Factor: 8,15%
	 Eff: 129739
Stamina
	 Rating: 810776
	 Multiplicative Factor: 10,25%
	 Eff: 810776
Crit
	 Rating: 20913
	 Multiplicative Factor: 0%
	 Eff: 24413
	 DR Bracket: 0
	 Base: 5%
	 Effective Percent: 34,88%
	 Crit Inc Heal: 2,15
	 Crit Inc Damage: 2
Haste
	 Rating: 22327
	 Multiplicative Factor: 0%
	 Eff: 22074,3
	 DR Bracket: 1
	 Base: 0%
	 Effective Percent: 33,45%
Vers
	 Rating: 7269
	 Multiplicative Factor: 0%
	 Eff: 9609
	 DR Bracket: 0
	 Base: 3%
	 Effective Percent: 12,32%
Leech
	 Rating: 2040
	 Multiplicative Factor: 0%
	 Eff: 2040
	 DR Bracket: 0
	 Base: 0%
	 Effective Percent: 2%
Avoidance
	 Rating: 545
	 Multiplicative Factor: 0%
	 Eff: 545
	 DR Bracket: 0
	 Base: 0%
	 Effective Percent: 1%
Mastery
	 Rating: 14215
	 Multiplicative Factor: 0%
	 Eff: 21215
	 DR Bracket: 0
	 Base: 30%
	 Effective Percent: 90,92%
----------------------
08:10,310

Intellect
	 Rating: 129739
	 Multiplicative Factor: 8,15%
	 Eff: 129739
Stamina
	 Rating: 772168
	 Multiplicative Factor: 5%
	 Eff: 772167,619047619
Crit
	 Rating: 20913
	 Multiplicative Factor: 0%
	 Eff: 24413
	 DR Bracket: 0
	 Base: 5%
	 Effective Percent: 34,88%
	 Crit Inc Heal: 2,15
	 Crit Inc Damage: 2
Haste
	 Rating: 22327
	 Multiplicative Factor: 0%
	 Eff: 22074,3
	 DR Bracket: 1
	 Base: 0%
	 Effective Percent: 33,45%
Vers
	 Rating: 7269
	 Multiplicative Factor: 0%
	 Eff: 9609
	 DR Bracket: 0
	 Base: 3%
	 Effective Percent: 12,32%
Leech
	 Rating: 2040
	 Multiplicative Factor: 0%
	 Eff: 2040
	 DR Bracket: 0
	 Base: 0%
	 Effective Percent: 2%
Avoidance
	 Rating: 545
	 Multiplicative Factor: 0%
	 Eff: 545
	 DR Bracket: 0
	 Base: 0%
	 Effective Percent: 1%
Mastery
	 Rating: 14215
	 Multiplicative Factor: 0%
	 Eff: 21215
	 DR Bracket: 0
	 Base: 30%
	 Effective Percent: 90,92%
----------------------
08:10,311

Intellect
	 Rating: 129739
	 Multiplicative Factor: 8,15%
	 Eff: 129739
Stamina
	 Rating: 772168
	 Multiplicative Factor: 5%
	 Eff: 772167,619047619
Crit
	 Rating: 20913
	 Multiplicative Factor: 0%
	 Eff: 24413
	 DR Bracket: 0
	 Base: 5%
	 Effective Percent: 34,88%
	 Crit Inc Heal: 2,15
	 Crit Inc Damage: 2
Haste
	 Rating: 22327
	 Multiplicative Factor: 0%
	 Eff: 22074,3
	 DR Bracket: 1
	 Base: 0%
	 Effective Percent: 33,45%
Vers
	 Rating: 7269
	 Multiplicative Factor: 0%
	 Eff: 9609
	 DR Bracket: 0
	 Base: 3%
	 Effective Percent: 12,32%
Leech
	 Rating: 2040
	 Multiplicative Factor: 0%
	 Eff: 2040
	 DR Bracket: 0
	 Base: 0%
	 Effective Percent: 2%
Avoidance
	 Rating: 545
	 Multiplicative Factor: 0%
	 Eff: 545
	 DR Bracket: 0
	 Base: 0%
	 Effective Percent: 1%
Mastery
	 Rating: 14215
	 Multiplicative Factor: 0%
	 Eff: 19815
	 DR Bracket: 0
	 Base: 24%
	 Effective Percent: 84,92%
----------------------
08:10,311

Intellect
	 Rating: 125960
	 Multiplicative Factor: 5%
	 Eff: 125960,19417475727
Stamina
	 Rating: 772168
	 Multiplicative Factor: 5%
	 Eff: 772167,619047619
Crit
	 Rating: 20913
	 Multiplicative Factor: 0%
	 Eff: 24413
	 DR Bracket: 0
	 Base: 5%
	 Effective Percent: 34,88%
	 Crit Inc Heal: 2,15
	 Crit Inc Damage: 2
Haste
	 Rating: 22327
	 Multiplicative Factor: 0%
	 Eff: 22074,3
	 DR Bracket: 1
	 Base: 0%
	 Effective Percent: 33,45%
Vers
	 Rating: 7269
	 Multiplicative Factor: 0%
	 Eff: 9609
	 DR Bracket: 0
	 Base: 3%
	 Effective Percent: 12,32%
Leech
	 Rating: 2040
	 Multiplicative Factor: 0%
	 Eff: 2040
	 DR Bracket: 0
	 Base: 0%
	 Effective Percent: 2%
Avoidance
	 Rating: 545
	 Multiplicative Factor: 0%
	 Eff: 545
	 DR Bracket: 0
	 Base: 0%
	 Effective Percent: 1%
Mastery
	 Rating: 14215
	 Multiplicative Factor: 0%
	 Eff: 19815
	 DR Bracket: 0
	 Base: 24%
	 Effective Percent: 84,92%
----------------------
08:10,312

Intellect
	 Rating: 125960
	 Multiplicative Factor: 5%
	 Eff: 125960,19417475727
Stamina
	 Rating: 772168
	 Multiplicative Factor: 5%
	 Eff: 772167,619047619
Crit
	 Rating: 20913
	 Multiplicative Factor: 0%
	 Eff: 24413
	 DR Bracket: 0
	 Base: 5%
	 Effective Percent: 34,88%
	 Crit Inc Heal: 2,15
	 Crit Inc Damage: 2
Haste
	 Rating: 22327
	 Multiplicative Factor: 0%
	 Eff: 22074,3
	 DR Bracket: 1
	 Base: 0%
	 Effective Percent: 33,45%
Vers
	 Rating: 7269
	 Multiplicative Factor: 0%
	 Eff: 7269
	 DR Bracket: 0
	 Base: 0%
	 Effective Percent: 9,32%
Leech
	 Rating: 2040
	 Multiplicative Factor: 0%
	 Eff: 2040
	 DR Bracket: 0
	 Base: 0%
	 Effective Percent: 2%
Avoidance
	 Rating: 545
	 Multiplicative Factor: 0%
	 Eff: 545
	 DR Bracket: 0
	 Base: 0%
	 Effective Percent: 1%
Mastery
	 Rating: 14215
	 Multiplicative Factor: 0%
	 Eff: 19815
	 DR Bracket: 0
	 Base: 24%
	 Effective Percent: 84,92%
----------------------
08:14,138

Intellect
	 Rating: 125960
	 Multiplicative Factor: 5%
	 Eff: 125960,19417475727
Stamina
	 Rating: 810776
	 Multiplicative Factor: 10,25%
	 Eff: 810776
Crit
	 Rating: 20913
	 Multiplicative Factor: 0%
	 Eff: 24413
	 DR Bracket: 0
	 Base: 5%
	 Effective Percent: 34,88%
	 Crit Inc Heal: 2,15
	 Crit Inc Damage: 2
Haste
	 Rating: 22327
	 Multiplicative Factor: 0%
	 Eff: 22074,3
	 DR Bracket: 1
	 Base: 0%
	 Effective Percent: 33,45%
Vers
	 Rating: 7269
	 Multiplicative Factor: 0%
	 Eff: 7269
	 DR Bracket: 0
	 Base: 0%
	 Effective Percent: 9,32%
Leech
	 Rating: 2040
	 Multiplicative Factor: 0%
	 Eff: 2040
	 DR Bracket: 0
	 Base: 0%
	 Effective Percent: 2%
Avoidance
	 Rating: 545
	 Multiplicative Factor: 0%
	 Eff: 545
	 DR Bracket: 0
	 Base: 0%
	 Effective Percent: 1%
Mastery
	 Rating: 14215
	 Multiplicative Factor: 0%
	 Eff: 19815
	 DR Bracket: 0
	 Base: 24%
	 Effective Percent: 84,92%
