----------------------
00:00,157

Intellect
	 Rating: 129739
	 Multiplicative Factor: 8,15%
	 Eff: 129739
Stamina
	 Rating: 810777
	 Multiplicative Factor: 10,25%
	 Eff: 810777,1024999999
Crit
	 Rating: 20913
	 Multiplicative Factor: 0%
	 Eff: 24413,000000000004
	 DR Bracket: 0
	 Base: 5%
	 Effective Percent: 34,88%
	 Crit Inc Heal: 2,15
	 Crit Inc Damage: 2
Haste
	 Rating: 22327
	 Multiplicative Factor: 0%
	 Eff: 22074,3
	 DR Bracket: 1
	 Base: 0%
	 Effective Percent: 33,45%
Vers
	 Rating: 7269
	 Multiplicative Factor: 0%
	 Eff: 9609
	 DR Bracket: 0
	 Base: 3%
	 Effective Percent: 12,32%
Leech
	 Rating: 2040
	 Multiplicative Factor: 0%
	 Eff: 2040
	 DR Bracket: 0
	 Base: 0%
	 Effective Percent: 2%
Avoidance
	 Rating: 545
	 Multiplicative Factor: 0%
	 Eff: 545
	 DR Bracket: 0
	 Base: 0%
	 Effective Percent: 1%
Mastery
	 Rating: 14215
	 Multiplicative Factor: 0%
	 Eff: 21215
	 DR Bracket: 0
	 Base: 30%
	 Effective Percent: 90,92%
----------------------
00:05,318

Intellect
	 Rating: 129739
	 Multiplicative Factor: 8,15%
	 Eff: 129739
Stamina
	 Rating: 810777
	 Multiplicative Factor: 10,25%
	 Eff: 810777,1024999999
Crit
	 Rating: 20913
	 Multiplicative Factor: 0%
	 Eff: 24413,000000000004
	 DR Bracket: 0
	 Base: 5%
	 Effective Percent: 34,88%
	 Crit Inc Heal: 2,15
	 Crit Inc Damage: 2
Haste
	 Rating: 22327
	 Multiplicative Factor: 0%
	 Eff: 22074,3
	 DR Bracket: 1
	 Base: 0%
	 Effective Percent: 33,45%
Vers
	 Rating: 7269
	 Multiplicative Factor: 0%
	 Eff: 9609
	 DR Bracket: 0
	 Base: 3%
	 Effective Percent: 12,32%
Leech
	 Rating: 2040
	 Multiplicative Factor: 0%
	 Eff: 2040
	 DR Bracket: 0
	 Base: 0%
	 Effective Percent: 2%
Avoidance
	 Rating: 545
	 Multiplicative Factor: 0%
	 Eff: 545
	 DR Bracket: 0
	 Base: 0%
	 Effective Percent: 1%
Mastery
	 Rating: 14215
	 Multiplicative Factor: 0%
	 Eff: 21215
	 DR Bracket: 0
	 Base: 30%
	 Effective Percent: 90,92%
----------------------
00:10,345

Intellect
	 Rating: 129739
	 Multiplicative Factor: 8,15%
	 Eff: 129739
Stamina
	 Rating: 810777
	 Multiplicative Factor: 10,25%
	 Eff: 810777,1024999999
Crit
	 Rating: 20913
	 Multiplicative Factor: 0%
	 Eff: 24413,000000000004
	 DR Bracket: 0
	 Base: 5%
	 Effective Percent: 34,88%
	 Crit Inc Heal: 2,15
	 Crit Inc Damage: 2
Haste
	 Rating: 22327
	 Multiplicative Factor: 0%
	 Eff: 22074,3
	 DR Bracket: 1
	 Base: 0%
	 Effective Percent: 33,45%
Vers
	 Rating: 7269
	 Multiplicative Factor: 0%
	 Eff: 9609
	 DR Bracket: 0
	 Base: 3%
	 Effective Percent: 12,32%
Leech
	 Rating: 2040
	 Multiplicative Factor: 0%
	 Eff: 2040
	 DR Bracket: 0
	 Base: 0%
	 Effective Percent: 2%
Avoidance
	 Rating: 545
	 Multiplicative Factor: 0%
	 Eff: 545
	 DR Bracket: 0
	 Base: 0%
	 Effective Percent: 1%
Mastery
	 Rating: 14215
	 Multiplicative Factor: 0%
	 Eff: 21215
	 DR Bracket: 0
	 Base: 30%
	 Effective Percent: 90,92%
----------------------
00:15,377

Intellect
	 Rating: 129739
	 Multiplicative Factor: 8,15%
	 Eff: 129739
Stamina
	 Rating: 810777
	 Multiplicative Factor: 10,25%
	 Eff: 810777,1024999999
Crit
	 Rating: 20913
	 Multiplicative Factor: 0%
	 Eff: 24413,000000000004
	 DR Bracket: 0
	 Base: 5%
	 Effective Percent: 34,88%
	 Crit Inc Heal: 2,15
	 Crit Inc Damage: 2
Haste
	 Rating: 22327
	 Multiplicative Factor: 0%
	 Eff: 22074,3
	 DR Bracket: 1
	 Base: 0%
	 Effective Percent: 33,45%
Vers
	 Rating: 7269
	 Multiplicative Factor: 0%
	 Eff: 9609
	 DR Bracket: 0
	 Base: 3%
	 Effective Percent: 12,32%
Leech
	 Rating: 2040
	 Multiplicative Factor: 0%
	 Eff: 2040
	 DR Bracket: 0
	 Base: 0%
	 Effective Percent: 2%
Avoidance
	 Rating: 545
	 Multiplicative Factor: 0%
	 Eff: 545
	 DR Bracket: 0
	 Base: 0%
	 Effective Percent: 1%
Mastery
	 Rating: 14215
	 Multiplicative Factor: 0%
	 Eff: 21215
	 DR Bracket: 0
	 Base: 30%
	 Effective Percent: 90,92%
----------------------
00:20,379

Intellect
	 Rating: 129739
	 Multiplicative Factor: 8,15%
	 Eff: 129739
Stamina
	 Rating: 810777
	 Multiplicative Factor: 10,25%
	 Eff: 810777,1024999999
Crit
	 Rating: 20913
	 Multiplicative Factor: 0%
	 Eff: 24413,000000000004
	 DR Bracket: 0
	 Base: 5%
	 Effective Percent: 34,88%
	 Crit Inc Heal: 2,15
	 Crit Inc Damage: 2
Haste
	 Rating: 22327
	 Multiplicative Factor: 0%
	 Eff: 22074,3
	 DR Bracket: 1
	 Base: 0%
	 Effective Percent: 33,45%
Vers
	 Rating: 7269
	 Multiplicative Factor: 0%
	 Eff: 9609
	 DR Bracket: 0
	 Base: 3%
	 Effective Percent: 12,32%
Leech
	 Rating: 2040
	 Multiplicative Factor: 0%
	 Eff: 2040
	 DR Bracket: 0
	 Base: 0%
	 Effective Percent: 2%
Avoidance
	 Rating: 545
	 Multiplicative Factor: 0%
	 Eff: 545
	 DR Bracket: 0
	 Base: 0%
	 Effective Percent: 1%
Mastery
	 Rating: 14215
	 Multiplicative Factor: 0%
	 Eff: 21215
	 DR Bracket: 0
	 Base: 30%
	 Effective Percent: 90,92%
----------------------
00:25,477

Intellect
	 Rating: 129739
	 Multiplicative Factor: 8,15%
	 Eff: 129739
Stamina
	 Rating: 810777
	 Multiplicative Factor: 10,25%
	 Eff: 810777,1024999999
Crit
	 Rating: 20913
	 Multiplicative Factor: 0%
	 Eff: 24413,000000000004
	 DR Bracket: 0
	 Base: 5%
	 Effective Percent: 34,88%
	 Crit Inc Heal: 2,15
	 Crit Inc Damage: 2
Haste
	 Rating: 22327
	 Multiplicative Factor: 0%
	 Eff: 22074,3
	 DR Bracket: 1
	 Base: 0%
	 Effective Percent: 33,45%
Vers
	 Rating: 7269
	 Multiplicative Factor: 0%
	 Eff: 9609
	 DR Bracket: 0
	 Base: 3%
	 Effective Percent: 12,32%
Leech
	 Rating: 2040
	 Multiplicative Factor: 0%
	 Eff: 2040
	 DR Bracket: 0
	 Base: 0%
	 Effective Percent: 2%
Avoidance
	 Rating: 545
	 Multiplicative Factor: 0%
	 Eff: 545
	 DR Bracket: 0
	 Base: 0%
	 Effective Percent: 1%
Mastery
	 Rating: 14215
	 Multiplicative Factor: 0%
	 Eff: 21215
	 DR Bracket: 0
	 Base: 30%
	 Effective Percent: 90,92%
----------------------
00:30,586

Intellect
	 Rating: 129739
	 Multiplicative Factor: 8,15%
	 Eff: 129739
Stamina
	 Rating: 810777
	 Multiplicative Factor: 10,25%
	 Eff: 810777,1024999999
Crit
	 Rating: 20913
	 Multiplicative Factor: 0%
	 Eff: 24413,000000000004
	 DR Bracket: 0
	 Base: 5%
	 Effective Percent: 34,88%
	 Crit Inc Heal: 2,15
	 Crit Inc Damage: 2
Haste
	 Rating: 22327
	 Multiplicative Factor: 0%
	 Eff: 22074,3
	 DR Bracket: 1
	 Base: 0%
	 Effective Percent: 33,45%
Vers
	 Rating: 7269
	 Multiplicative Factor: 0%
	 Eff: 9609
	 DR Bracket: 0
	 Base: 3%
	 Effective Percent: 12,32%
Leech
	 Rating: 2040
	 Multiplicative Factor: 0%
	 Eff: 2040
	 DR Bracket: 0
	 Base: 0%
	 Effective Percent: 2%
Avoidance
	 Rating: 545
	 Multiplicative Factor: 0%
	 Eff: 545
	 DR Bracket: 0
	 Base: 0%
	 Effective Percent: 1%
Mastery
	 Rating: 14215
	 Multiplicative Factor: 0%
	 Eff: 21215
	 DR Bracket: 0
	 Base: 30%
	 Effective Percent: 90,92%
----------------------
00:35,636

Intellect
	 Rating: 129739
	 Multiplicative Factor: 8,15%
	 Eff: 129739
Stamina
	 Rating: 810777
	 Multiplicative Factor: 10,25%
	 Eff: 810777,1024999999
Crit
	 Rating: 20913
	 Multiplicative Factor: 0%
	 Eff: 24413,000000000004
	 DR Bracket: 0
	 Base: 5%
	 Effective Percent: 34,88%
	 Crit Inc Heal: 2,15
	 Crit Inc Damage: 2
Haste
	 Rating: 22327
	 Multiplicative Factor: 0%
	 Eff: 22074,3
	 DR Bracket: 1
	 Base: 0%
	 Effective Percent: 33,45%
Vers
	 Rating: 7269
	 Multiplicative Factor: 0%
	 Eff: 9609
	 DR Bracket: 0
	 Base: 3%
	 Effective Percent: 12,32%
Leech
	 Rating: 2040
	 Multiplicative Factor: 0%
	 Eff: 2040
	 DR Bracket: 0
	 Base: 0%
	 Effective Percent: 2%
Avoidance
	 Rating: 545
	 Multiplicative Factor: 0%
	 Eff: 545
	 DR Bracket: 0
	 Base: 0%
	 Effective Percent: 1%
Mastery
	 Rating: 14215
	 Multiplicative Factor: 0%
	 Eff: 21215
	 DR Bracket: 0
	 Base: 30%
	 Effective Percent: 90,92%
----------------------
00:40,684

Intellect
	 Rating: 129739
	 Multiplicative Factor: 8,15%
	 Eff: 129739
Stamina
	 Rating: 810777
	 Multiplicative Factor: 10,25%
	 Eff: 810777,1024999999
Crit
	 Rating: 20913
	 Multiplicative Factor: 0%
	 Eff: 24413,000000000004
	 DR Bracket: 0
	 Base: 5%
	 Effective Percent: 34,88%
	 Crit Inc Heal: 2,15
	 Crit Inc Damage: 2
Haste
	 Rating: 22327
	 Multiplicative Factor: 0%
	 Eff: 22074,3
	 DR Bracket: 1
	 Base: 0%
	 Effective Percent: 33,45%
Vers
	 Rating: 7269
	 Multiplicative Factor: 0%
	 Eff: 9609
	 DR Bracket: 0
	 Base: 3%
	 Effective Percent: 12,32%
Leech
	 Rating: 2040
	 Multiplicative Factor: 0%
	 Eff: 2040
	 DR Bracket: 0
	 Base: 0%
	 Effective Percent: 2%
Avoidance
	 Rating: 545
	 Multiplicative Factor: 0%
	 Eff: 545
	 DR Bracket: 0
	 Base: 0%
	 Effective Percent: 1%
Mastery
	 Rating: 14215
	 Multiplicative Factor: 0%
	 Eff: 21215
	 DR Bracket: 0
	 Base: 30%
	 Effective Percent: 90,92%
----------------------
00:45,847

Intellect
	 Rating: 129739
	 Multiplicative Factor: 8,15%
	 Eff: 129739
Stamina
	 Rating: 810777
	 Multiplicative Factor: 10,25%
	 Eff: 810777,1024999999
Crit
	 Rating: 20913
	 Multiplicative Factor: 0%
	 Eff: 24413,000000000004
	 DR Bracket: 0
	 Base: 5%
	 Effective Percent: 34,88%
	 Crit Inc Heal: 2,15
	 Crit Inc Damage: 2
Haste
	 Rating: 22327
	 Multiplicative Factor: 0%
	 Eff: 22074,3
	 DR Bracket: 1
	 Base: 0%
	 Effective Percent: 33,45%
Vers
	 Rating: 7269
	 Multiplicative Factor: 0%
	 Eff: 9609
	 DR Bracket: 0
	 Base: 3%
	 Effective Percent: 12,32%
Leech
	 Rating: 2040
	 Multiplicative Factor: 0%
	 Eff: 2040
	 DR Bracket: 0
	 Base: 0%
	 Effective Percent: 2%
Avoidance
	 Rating: 545
	 Multiplicative Factor: 0%
	 Eff: 545
	 DR Bracket: 0
	 Base: 0%
	 Effective Percent: 1%
Mastery
	 Rating: 14215
	 Multiplicative Factor: 0%
	 Eff: 21215
	 DR Bracket: 0
	 Base: 30%
	 Effective Percent: 90,92%
----------------------
00:50,852

Intellect
	 Rating: 129739
	 Multiplicative Factor: 8,15%
	 Eff: 129739
Stamina
	 Rating: 810777
	 Multiplicative Factor: 10,25%
	 Eff: 810777,1024999999
Crit
	 Rating: 20913
	 Multiplicative Factor: 0%
	 Eff: 24413,000000000004
	 DR Bracket: 0
	 Base: 5%
	 Effective Percent: 34,88%
	 Crit Inc Heal: 2,15
	 Crit Inc Damage: 2
Haste
	 Rating: 22327
	 Multiplicative Factor: 0%
	 Eff: 22074,3
	 DR Bracket: 1
	 Base: 0%
	 Effective Percent: 33,45%
Vers
	 Rating: 7269
	 Multiplicative Factor: 0%
	 Eff: 9609
	 DR Bracket: 0
	 Base: 3%
	 Effective Percent: 12,32%
Leech
	 Rating: 2040
	 Multiplicative Factor: 0%
	 Eff: 2040
	 DR Bracket: 0
	 Base: 0%
	 Effective Percent: 2%
Avoidance
	 Rating: 545
	 Multiplicative Factor: 0%
	 Eff: 545
	 DR Bracket: 0
	 Base: 0%
	 Effective Percent: 1%
Mastery
	 Rating: 14215
	 Multiplicative Factor: 0%
	 Eff: 21215
	 DR Bracket: 0
	 Base: 30%
	 Effective Percent: 90,92%
----------------------
00:55,874

Intellect
	 Rating: 129739
	 Multiplicative Factor: 8,15%
	 Eff: 129739
Stamina
	 Rating: 810777
	 Multiplicative Factor: 10,25%
	 Eff: 810777,1024999999
Crit
	 Rating: 20913
	 Multiplicative Factor: 0%
	 Eff: 24413,000000000004
	 DR Bracket: 0
	 Base: 5%
	 Effective Percent: 34,88%
	 Crit Inc Heal: 2,15
	 Crit Inc Damage: 2
Haste
	 Rating: 22327
	 Multiplicative Factor: 0%
	 Eff: 22074,3
	 DR Bracket: 1
	 Base: 0%
	 Effective Percent: 33,45%
Vers
	 Rating: 7269
	 Multiplicative Factor: 0%
	 Eff: 9609
	 DR Bracket: 0
	 Base: 3%
	 Effective Percent: 12,32%
Leech
	 Rating: 2040
	 Multiplicative Factor: 0%
	 Eff: 2040
	 DR Bracket: 0
	 Base: 0%
	 Effective Percent: 2%
Avoidance
	 Rating: 545
	 Multiplicative Factor: 0%
	 Eff: 545
	 DR Bracket: 0
	 Base: 0%
	 Effective Percent: 1%
Mastery
	 Rating: 14215
	 Multiplicative Factor: 0%
	 Eff: 21215
	 DR Bracket: 0
	 Base: 30%
	 Effective Percent: 90,92%
----------------------
01:00,933

Intellect
	 Rating: 129739
	 Multiplicative Factor: 8,15%
	 Eff: 129739
Stamina
	 Rating: 810777
	 Multiplicative Factor: 10,25%
	 Eff: 810777,1024999999
Crit
	 Rating: 20913
	 Multiplicative Factor: 0%
	 Eff: 24413,000000000004
	 DR Bracket: 0
	 Base: 5%
	 Effective Percent: 34,88%
	 Crit Inc Heal: 2,15
	 Crit Inc Damage: 2
Haste
	 Rating: 22327
	 Multiplicative Factor: 0%
	 Eff: 22074,3
	 DR Bracket: 1
	 Base: 0%
	 Effective Percent: 33,45%
Vers
	 Rating: 7269
	 Multiplicative Factor: 0%
	 Eff: 9609
	 DR Bracket: 0
	 Base: 3%
	 Effective Percent: 12,32%
Leech
	 Rating: 2040
	 Multiplicative Factor: 0%
	 Eff: 2040
	 DR Bracket: 0
	 Base: 0%
	 Effective Percent: 2%
Avoidance
	 Rating: 545
	 Multiplicative Factor: 0%
	 Eff: 545
	 DR Bracket: 0
	 Base: 0%
	 Effective Percent: 1%
Mastery
	 Rating: 14215
	 Multiplicative Factor: 0%
	 Eff: 21215
	 DR Bracket: 0
	 Base: 30%
	 Effective Percent: 90,92%
----------------------
01:06,033

Intellect
	 Rating: 129739
	 Multiplicative Factor: 8,15%
	 Eff: 129739
Stamina
	 Rating: 810777
	 Multiplicative Factor: 10,25%
	 Eff: 810777,1024999999
Crit
	 Rating: 20913
	 Multiplicative Factor: 0%
	 Eff: 24413,000000000004
	 DR Bracket: 0
	 Base: 5%
	 Effective Percent: 34,88%
	 Crit Inc Heal: 2,15
	 Crit Inc Damage: 2
Haste
	 Rating: 22327
	 Multiplicative Factor: 0%
	 Eff: 22074,3
	 DR Bracket: 1
	 Base: 0%
	 Effective Percent: 33,45%
Vers
	 Rating: 7269
	 Multiplicative Factor: 0%
	 Eff: 9609
	 DR Bracket: 0
	 Base: 3%
	 Effective Percent: 12,32%
Leech
	 Rating: 2040
	 Multiplicative Factor: 0%
	 Eff: 2040
	 DR Bracket: 0
	 Base: 0%
	 Effective Percent: 2%
Avoidance
	 Rating: 545
	 Multiplicative Factor: 0%
	 Eff: 545
	 DR Bracket: 0
	 Base: 0%
	 Effective Percent: 1%
Mastery
	 Rating: 14215
	 Multiplicative Factor: 0%
	 Eff: 21215
	 DR Bracket: 0
	 Base: 30%
	 Effective Percent: 90,92%
----------------------
01:11,325

Intellect
	 Rating: 129739
	 Multiplicative Factor: 8,15%
	 Eff: 129739
Stamina
	 Rating: 810777
	 Multiplicative Factor: 10,25%
	 Eff: 810777,1024999999
Crit
	 Rating: 20913
	 Multiplicative Factor: 0%
	 Eff: 24413,000000000004
	 DR Bracket: 0
	 Base: 5%
	 Effective Percent: 34,88%
	 Crit Inc Heal: 2,15
	 Crit Inc Damage: 2
Haste
	 Rating: 22327
	 Multiplicative Factor: 0%
	 Eff: 22074,3
	 DR Bracket: 1
	 Base: 0%
	 Effective Percent: 33,45%
Vers
	 Rating: 7269
	 Multiplicative Factor: 0%
	 Eff: 9609
	 DR Bracket: 0
	 Base: 3%
	 Effective Percent: 12,32%
Leech
	 Rating: 2040
	 Multiplicative Factor: 0%
	 Eff: 2040
	 DR Bracket: 0
	 Base: 0%
	 Effective Percent: 2%
Avoidance
	 Rating: 545
	 Multiplicative Factor: 0%
	 Eff: 545
	 DR Bracket: 0
	 Base: 0%
	 Effective Percent: 1%
Mastery
	 Rating: 14215
	 Multiplicative Factor: 0%
	 Eff: 21215
	 DR Bracket: 0
	 Base: 30%
	 Effective Percent: 90,92%
----------------------
01:16,486

Intellect
	 Rating: 129739
	 Multiplicative Factor: 8,15%
	 Eff: 129739
Stamina
	 Rating: 810777
	 Multiplicative Factor: 10,25%
	 Eff: 810777,1024999999
Crit
	 Rating: 20913
	 Multiplicative Factor: 0%
	 Eff: 24413,000000000004
	 DR Bracket: 0
	 Base: 5%
	 Effective Percent: 34,88%
	 Crit Inc Heal: 2,15
	 Crit Inc Damage: 2
Haste
	 Rating: 22327
	 Multiplicative Factor: 0%
	 Eff: 22074,3
	 DR Bracket: 1
	 Base: 0%
	 Effective Percent: 33,45%
Vers
	 Rating: 7269
	 Multiplicative Factor: 0%
	 Eff: 9609
	 DR Bracket: 0
	 Base: 3%
	 Effective Percent: 12,32%
Leech
	 Rating: 2040
	 Multiplicative Factor: 0%
	 Eff: 2040
	 DR Bracket: 0
	 Base: 0%
	 Effective Percent: 2%
Avoidance
	 Rating: 545
	 Multiplicative Factor: 0%
	 Eff: 545
	 DR Bracket: 0
	 Base: 0%
	 Effective Percent: 1%
Mastery
	 Rating: 14215
	 Multiplicative Factor: 0%
	 Eff: 21215
	 DR Bracket: 0
	 Base: 30%
	 Effective Percent: 90,92%
----------------------
01:21,499

Intellect
	 Rating: 129739
	 Multiplicative Factor: 8,15%
	 Eff: 129739
Stamina
	 Rating: 810777
	 Multiplicative Factor: 10,25%
	 Eff: 810777,1024999999
Crit
	 Rating: 20913
	 Multiplicative Factor: 0%
	 Eff: 24413,000000000004
	 DR Bracket: 0
	 Base: 5%
	 Effective Percent: 34,88%
	 Crit Inc Heal: 2,15
	 Crit Inc Damage: 2
Haste
	 Rating: 22327
	 Multiplicative Factor: 0%
	 Eff: 22074,3
	 DR Bracket: 1
	 Base: 0%
	 Effective Percent: 33,45%
Vers
	 Rating: 7269
	 Multiplicative Factor: 0%
	 Eff: 9609
	 DR Bracket: 0
	 Base: 3%
	 Effective Percent: 12,32%
Leech
	 Rating: 2040
	 Multiplicative Factor: 0%
	 Eff: 2040
	 DR Bracket: 0
	 Base: 0%
	 Effective Percent: 2%
Avoidance
	 Rating: 545
	 Multiplicative Factor: 0%
	 Eff: 545
	 DR Bracket: 0
	 Base: 0%
	 Effective Percent: 1%
Mastery
	 Rating: 14215
	 Multiplicative Factor: 0%
	 Eff: 21215
	 DR Bracket: 0
	 Base: 30%
	 Effective Percent: 90,92%
----------------------
01:26,539

Intellect
	 Rating: 129739
	 Multiplicative Factor: 8,15%
	 Eff: 129739
Stamina
	 Rating: 810777
	 Multiplicative Factor: 10,25%
	 Eff: 810777,1024999999
Crit
	 Rating: 20913
	 Multiplicative Factor: 0%
	 Eff: 24413,000000000004
	 DR Bracket: 0
	 Base: 5%
	 Effective Percent: 34,88%
	 Crit Inc Heal: 2,15
	 Crit Inc Damage: 2
Haste
	 Rating: 22327
	 Multiplicative Factor: 0%
	 Eff: 22074,3
	 DR Bracket: 1
	 Base: 0%
	 Effective Percent: 33,45%
Vers
	 Rating: 7269
	 Multiplicative Factor: 0%
	 Eff: 9609
	 DR Bracket: 0
	 Base: 3%
	 Effective Percent: 12,32%
Leech
	 Rating: 2040
	 Multiplicative Factor: 0%
	 Eff: 2040
	 DR Bracket: 0
	 Base: 0%
	 Effective Percent: 2%
Avoidance
	 Rating: 545
	 Multiplicative Factor: 0%
	 Eff: 545
	 DR Bracket: 0
	 Base: 0%
	 Effective Percent: 1%
Mastery
	 Rating: 14215
	 Multiplicative Factor: 0%
	 Eff: 21215
	 DR Bracket: 0
	 Base: 30%
	 Effective Percent: 90,92%
----------------------
01:31,587

Intellect
	 Rating: 129739
	 Multiplicative Factor: 8,15%
	 Eff: 129739
Stamina
	 Rating: 810777
	 Multiplicative Factor: 10,25%
	 Eff: 810777,1024999999
Crit
	 Rating: 20913
	 Multiplicative Factor: 0%
	 Eff: 24413,000000000004
	 DR Bracket: 0
	 Base: 5%
	 Effective Percent: 34,88%
	 Crit Inc Heal: 2,15
	 Crit Inc Damage: 2
Haste
	 Rating: 22327
	 Multiplicative Factor: 0%
	 Eff: 22074,3
	 DR Bracket: 1
	 Base: 0%
	 Effective Percent: 33,45%
Vers
	 Rating: 7269
	 Multiplicative Factor: 0%
	 Eff: 9609
	 DR Bracket: 0
	 Base: 3%
	 Effective Percent: 12,32%
Leech
	 Rating: 2040
	 Multiplicative Factor: 0%
	 Eff: 2040
	 DR Bracket: 0
	 Base: 0%
	 Effective Percent: 2%
Avoidance
	 Rating: 545
	 Multiplicative Factor: 0%
	 Eff: 545
	 DR Bracket: 0
	 Base: 0%
	 Effective Percent: 1%
Mastery
	 Rating: 14215
	 Multiplicative Factor: 0%
	 Eff: 21215
	 DR Bracket: 0
	 Base: 30%
	 Effective Percent: 90,92%
----------------------
01:36,714

Intellect
	 Rating: 129739
	 Multiplicative Factor: 8,15%
	 Eff: 129739
Stamina
	 Rating: 810777
	 Multiplicative Factor: 10,25%
	 Eff: 810777,1024999999
Crit
	 Rating: 20913
	 Multiplicative Factor: 0%
	 Eff: 24413,000000000004
	 DR Bracket: 0
	 Base: 5%
	 Effective Percent: 34,88%
	 Crit Inc Heal: 2,15
	 Crit Inc Damage: 2
Haste
	 Rating: 22327
	 Multiplicative Factor: 0%
	 Eff: 22074,3
	 DR Bracket: 1
	 Base: 0%
	 Effective Percent: 33,45%
Vers
	 Rating: 7269
	 Multiplicative Factor: 0%
	 Eff: 9609
	 DR Bracket: 0
	 Base: 3%
	 Effective Percent: 12,32%
Leech
	 Rating: 2040
	 Multiplicative Factor: 0%
	 Eff: 2040
	 DR Bracket: 0
	 Base: 0%
	 Effective Percent: 2%
Avoidance
	 Rating: 545
	 Multiplicative Factor: 0%
	 Eff: 545
	 DR Bracket: 0
	 Base: 0%
	 Effective Percent: 1%
Mastery
	 Rating: 14215
	 Multiplicative Factor: 0%
	 Eff: 21215
	 DR Bracket: 0
	 Base: 30%
	 Effective Percent: 90,92%
----------------------
01:41,717

Intellect
	 Rating: 129739
	 Multiplicative Factor: 8,15%
	 Eff: 129739
Stamina
	 Rating: 810777
	 Multiplicative Factor: 10,25%
	 Eff: 810777,1024999999
Crit
	 Rating: 20913
	 Multiplicative Factor: 0%
	 Eff: 24413,000000000004
	 DR Bracket: 0
	 Base: 5%
	 Effective Percent: 34,88%
	 Crit Inc Heal: 2,15
	 Crit Inc Damage: 2
Haste
	 Rating: 22327
	 Multiplicative Factor: 0%
	 Eff: 22074,3
	 DR Bracket: 1
	 Base: 0%
	 Effective Percent: 33,45%
Vers
	 Rating: 7269
	 Multiplicative Factor: 0%
	 Eff: 9609
	 DR Bracket: 0
	 Base: 3%
	 Effective Percent: 12,32%
Leech
	 Rating: 2040
	 Multiplicative Factor: 0%
	 Eff: 2040
	 DR Bracket: 0
	 Base: 0%
	 Effective Percent: 2%
Avoidance
	 Rating: 545
	 Multiplicative Factor: 0%
	 Eff: 545
	 DR Bracket: 0
	 Base: 0%
	 Effective Percent: 1%
Mastery
	 Rating: 14215
	 Multiplicative Factor: 0%
	 Eff: 21215
	 DR Bracket: 0
	 Base: 30%
	 Effective Percent: 90,92%
----------------------
01:46,775

Intellect
	 Rating: 129739
	 Multiplicative Factor: 8,15%
	 Eff: 129739
Stamina
	 Rating: 810777
	 Multiplicative Factor: 10,25%
	 Eff: 810777,1024999999
Crit
	 Rating: 20913
	 Multiplicative Factor: 0%
	 Eff: 24413,000000000004
	 DR Bracket: 0
	 Base: 5%
	 Effective Percent: 34,88%
	 Crit Inc Heal: 2,15
	 Crit Inc Damage: 2
Haste
	 Rating: 22327
	 Multiplicative Factor: 0%
	 Eff: 22074,3
	 DR Bracket: 1
	 Base: 0%
	 Effective Percent: 33,45%
Vers
	 Rating: 7269
	 Multiplicative Factor: 0%
	 Eff: 9609
	 DR Bracket: 0
	 Base: 3%
	 Effective Percent: 12,32%
Leech
	 Rating: 2040
	 Multiplicative Factor: 0%
	 Eff: 2040
	 DR Bracket: 0
	 Base: 0%
	 Effective Percent: 2%
Avoidance
	 Rating: 545
	 Multiplicative Factor: 0%
	 Eff: 545
	 DR Bracket: 0
	 Base: 0%
	 Effective Percent: 1%
Mastery
	 Rating: 14215
	 Multiplicative Factor: 0%
	 Eff: 21215
	 DR Bracket: 0
	 Base: 30%
	 Effective Percent: 90,92%
----------------------
01:51,850

Intellect
	 Rating: 129739
	 Multiplicative Factor: 8,15%
	 Eff: 129739
Stamina
	 Rating: 810777
	 Multiplicative Factor: 10,25%
	 Eff: 810777,1024999999
Crit
	 Rating: 20913
	 Multiplicative Factor: 0%
	 Eff: 24413,000000000004
	 DR Bracket: 0
	 Base: 5%
	 Effective Percent: 34,88%
	 Crit Inc Heal: 2,15
	 Crit Inc Damage: 2
Haste
	 Rating: 22327
	 Multiplicative Factor: 0%
	 Eff: 22074,3
	 DR Bracket: 1
	 Base: 0%
	 Effective Percent: 33,45%
Vers
	 Rating: 7269
	 Multiplicative Factor: 0%
	 Eff: 9609
	 DR Bracket: 0
	 Base: 3%
	 Effective Percent: 12,32%
Leech
	 Rating: 2040
	 Multiplicative Factor: 0%
	 Eff: 2040
	 DR Bracket: 0
	 Base: 0%
	 Effective Percent: 2%
Avoidance
	 Rating: 545
	 Multiplicative Factor: 0%
	 Eff: 545
	 DR Bracket: 0
	 Base: 0%
	 Effective Percent: 1%
Mastery
	 Rating: 14215
	 Multiplicative Factor: 0%
	 Eff: 21215
	 DR Bracket: 0
	 Base: 30%
	 Effective Percent: 90,92%
----------------------
01:56,889

Intellect
	 Rating: 129739
	 Multiplicative Factor: 8,15%
	 Eff: 129739
Stamina
	 Rating: 810777
	 Multiplicative Factor: 10,25%
	 Eff: 810777,1024999999
Crit
	 Rating: 20913
	 Multiplicative Factor: 0%
	 Eff: 24413,000000000004
	 DR Bracket: 0
	 Base: 5%
	 Effective Percent: 34,88%
	 Crit Inc Heal: 2,15
	 Crit Inc Damage: 2
Haste
	 Rating: 22327
	 Multiplicative Factor: 0%
	 Eff: 22074,3
	 DR Bracket: 1
	 Base: 0%
	 Effective Percent: 33,45%
Vers
	 Rating: 7269
	 Multiplicative Factor: 0%
	 Eff: 9609
	 DR Bracket: 0
	 Base: 3%
	 Effective Percent: 12,32%
Leech
	 Rating: 2040
	 Multiplicative Factor: 0%
	 Eff: 2040
	 DR Bracket: 0
	 Base: 0%
	 Effective Percent: 2%
Avoidance
	 Rating: 545
	 Multiplicative Factor: 0%
	 Eff: 545
	 DR Bracket: 0
	 Base: 0%
	 Effective Percent: 1%
Mastery
	 Rating: 14215
	 Multiplicative Factor: 0%
	 Eff: 21215
	 DR Bracket: 0
	 Base: 30%
	 Effective Percent: 90,92%
----------------------
02:01,919

Intellect
	 Rating: 129739
	 Multiplicative Factor: 8,15%
	 Eff: 129739
Stamina
	 Rating: 810777
	 Multiplicative Factor: 10,25%
	 Eff: 810777,1024999999
Crit
	 Rating: 20913
	 Multiplicative Factor: 0%
	 Eff: 24413,000000000004
	 DR Bracket: 0
	 Base: 5%
	 Effective Percent: 34,88%
	 Crit Inc Heal: 2,15
	 Crit Inc Damage: 2
Haste
	 Rating: 22327
	 Multiplicative Factor: 0%
	 Eff: 22074,3
	 DR Bracket: 1
	 Base: 0%
	 Effective Percent: 33,45%
Vers
	 Rating: 7269
	 Multiplicative Factor: 0%
	 Eff: 9609
	 DR Bracket: 0
	 Base: 3%
	 Effective Percent: 12,32%
Leech
	 Rating: 2040
	 Multiplicative Factor: 0%
	 Eff: 2040
	 DR Bracket: 0
	 Base: 0%
	 Effective Percent: 2%
Avoidance
	 Rating: 545
	 Multiplicative Factor: 0%
	 Eff: 545
	 DR Bracket: 0
	 Base: 0%
	 Effective Percent: 1%
Mastery
	 Rating: 14215
	 Multiplicative Factor: 0%
	 Eff: 21215
	 DR Bracket: 0
	 Base: 30%
	 Effective Percent: 90,92%
----------------------
02:07,059

Intellect
	 Rating: 129739
	 Multiplicative Factor: 8,15%
	 Eff: 129739
Stamina
	 Rating: 810777
	 Multiplicative Factor: 10,25%
	 Eff: 810777,1024999999
Crit
	 Rating: 20913
	 Multiplicative Factor: 0%
	 Eff: 24413,000000000004
	 DR Bracket: 0
	 Base: 5%
	 Effective Percent: 34,88%
	 Crit Inc Heal: 2,15
	 Crit Inc Damage: 2
Haste
	 Rating: 22327
	 Multiplicative Factor: 0%
	 Eff: 22074,3
	 DR Bracket: 1
	 Base: 0%
	 Effective Percent: 33,45%
Vers
	 Rating: 7269
	 Multiplicative Factor: 0%
	 Eff: 9609
	 DR Bracket: 0
	 Base: 3%
	 Effective Percent: 12,32%
Leech
	 Rating: 2040
	 Multiplicative Factor: 0%
	 Eff: 2040
	 DR Bracket: 0
	 Base: 0%
	 Effective Percent: 2%
Avoidance
	 Rating: 545
	 Multiplicative Factor: 0%
	 Eff: 545
	 DR Bracket: 0
	 Base: 0%
	 Effective Percent: 1%
Mastery
	 Rating: 14215
	 Multiplicative Factor: 0%
	 Eff: 21215
	 DR Bracket: 0
	 Base: 30%
	 Effective Percent: 90,92%
----------------------
02:12,103

Intellect
	 Rating: 129739
	 Multiplicative Factor: 8,15%
	 Eff: 129739
Stamina
	 Rating: 810777
	 Multiplicative Factor: 10,25%
	 Eff: 810777,1024999999
Crit
	 Rating: 20913
	 Multiplicative Factor: 0%
	 Eff: 24413,000000000004
	 DR Bracket: 0
	 Base: 5%
	 Effective Percent: 34,88%
	 Crit Inc Heal: 2,15
	 Crit Inc Damage: 2
Haste
	 Rating: 22327
	 Multiplicative Factor: 0%
	 Eff: 22074,3
	 DR Bracket: 1
	 Base: 0%
	 Effective Percent: 33,45%
Vers
	 Rating: 7269
	 Multiplicative Factor: 0%
	 Eff: 9609
	 DR Bracket: 0
	 Base: 3%
	 Effective Percent: 12,32%
Leech
	 Rating: 2040
	 Multiplicative Factor: 0%
	 Eff: 2040
	 DR Bracket: 0
	 Base: 0%
	 Effective Percent: 2%
Avoidance
	 Rating: 545
	 Multiplicative Factor: 0%
	 Eff: 545
	 DR Bracket: 0
	 Base: 0%
	 Effective Percent: 1%
Mastery
	 Rating: 14215
	 Multiplicative Factor: 0%
	 Eff: 21215
	 DR Bracket: 0
	 Base: 30%
	 Effective Percent: 90,92%
----------------------
02:17,149

Intellect
	 Rating: 129739
	 Multiplicative Factor: 8,15%
	 Eff: 129739
Stamina
	 Rating: 810777
	 Multiplicative Factor: 10,25%
	 Eff: 810777,1024999999
Crit
	 Rating: 20913
	 Multiplicative Factor: 0%
	 Eff: 24413,000000000004
	 DR Bracket: 0
	 Base: 5%
	 Effective Percent: 34,88%
	 Crit Inc Heal: 2,15
	 Crit Inc Damage: 2
Haste
	 Rating: 22327
	 Multiplicative Factor: 0%
	 Eff: 22074,3
	 DR Bracket: 1
	 Base: 0%
	 Effective Percent: 33,45%
Vers
	 Rating: 7269
	 Multiplicative Factor: 0%
	 Eff: 9609
	 DR Bracket: 0
	 Base: 3%
	 Effective Percent: 12,32%
Leech
	 Rating: 2040
	 Multiplicative Factor: 0%
	 Eff: 2040
	 DR Bracket: 0
	 Base: 0%
	 Effective Percent: 2%
Avoidance
	 Rating: 545
	 Multiplicative Factor: 0%
	 Eff: 545
	 DR Bracket: 0
	 Base: 0%
	 Effective Percent: 1%
Mastery
	 Rating: 14215
	 Multiplicative Factor: 0%
	 Eff: 21215
	 DR Bracket: 0
	 Base: 30%
	 Effective Percent: 90,92%
----------------------
02:22,244

Intellect
	 Rating: 129739
	 Multiplicative Factor: 8,15%
	 Eff: 129739
Stamina
	 Rating: 810777
	 Multiplicative Factor: 10,25%
	 Eff: 810777,1024999999
Crit
	 Rating: 20913
	 Multiplicative Factor: 0%
	 Eff: 24413,000000000004
	 DR Bracket: 0
	 Base: 5%
	 Effective Percent: 34,88%
	 Crit Inc Heal: 2,15
	 Crit Inc Damage: 2
Haste
	 Rating: 22327
	 Multiplicative Factor: 0%
	 Eff: 22074,3
	 DR Bracket: 1
	 Base: 0%
	 Effective Percent: 33,45%
Vers
	 Rating: 7269
	 Multiplicative Factor: 0%
	 Eff: 9609
	 DR Bracket: 0
	 Base: 3%
	 Effective Percent: 12,32%
Leech
	 Rating: 2040
	 Multiplicative Factor: 0%
	 Eff: 2040
	 DR Bracket: 0
	 Base: 0%
	 Effective Percent: 2%
Avoidance
	 Rating: 545
	 Multiplicative Factor: 0%
	 Eff: 545
	 DR Bracket: 0
	 Base: 0%
	 Effective Percent: 1%
Mastery
	 Rating: 14215
	 Multiplicative Factor: 0%
	 Eff: 21215
	 DR Bracket: 0
	 Base: 30%
	 Effective Percent: 90,92%
----------------------
02:27,338

Intellect
	 Rating: 129739
	 Multiplicative Factor: 8,15%
	 Eff: 129739
Stamina
	 Rating: 810777
	 Multiplicative Factor: 10,25%
	 Eff: 810777,1024999999
Crit
	 Rating: 20913
	 Multiplicative Factor: 0%
	 Eff: 24413,000000000004
	 DR Bracket: 0
	 Base: 5%
	 Effective Percent: 34,88%
	 Crit Inc Heal: 2,15
	 Crit Inc Damage: 2
Haste
	 Rating: 22327
	 Multiplicative Factor: 0%
	 Eff: 22074,3
	 DR Bracket: 1
	 Base: 0%
	 Effective Percent: 33,45%
Vers
	 Rating: 7269
	 Multiplicative Factor: 0%
	 Eff: 9609
	 DR Bracket: 0
	 Base: 3%
	 Effective Percent: 12,32%
Leech
	 Rating: 2040
	 Multiplicative Factor: 0%
	 Eff: 2040
	 DR Bracket: 0
	 Base: 0%
	 Effective Percent: 2%
Avoidance
	 Rating: 545
	 Multiplicative Factor: 0%
	 Eff: 545
	 DR Bracket: 0
	 Base: 0%
	 Effective Percent: 1%
Mastery
	 Rating: 14215
	 Multiplicative Factor: 0%
	 Eff: 21215
	 DR Bracket: 0
	 Base: 30%
	 Effective Percent: 90,92%
----------------------
02:32,827

Intellect
	 Rating: 129739
	 Multiplicative Factor: 8,15%
	 Eff: 129739
Stamina
	 Rating: 810777
	 Multiplicative Factor: 10,25%
	 Eff: 810777,1024999999
Crit
	 Rating: 20913
	 Multiplicative Factor: 0%
	 Eff: 24413,000000000004
	 DR Bracket: 0
	 Base: 5%
	 Effective Percent: 34,88%
	 Crit Inc Heal: 2,15
	 Crit Inc Damage: 2
Haste
	 Rating: 22327
	 Multiplicative Factor: 0%
	 Eff: 22074,3
	 DR Bracket: 1
	 Base: 0%
	 Effective Percent: 33,45%
Vers
	 Rating: 7269
	 Multiplicative Factor: 0%
	 Eff: 9609
	 DR Bracket: 0
	 Base: 3%
	 Effective Percent: 12,32%
Leech
	 Rating: 2040
	 Multiplicative Factor: 0%
	 Eff: 2040
	 DR Bracket: 0
	 Base: 0%
	 Effective Percent: 2%
Avoidance
	 Rating: 545
	 Multiplicative Factor: 0%
	 Eff: 545
	 DR Bracket: 0
	 Base: 0%
	 Effective Percent: 1%
Mastery
	 Rating: 14215
	 Multiplicative Factor: 0%
	 Eff: 21215
	 DR Bracket: 0
	 Base: 30%
	 Effective Percent: 90,92%
----------------------
02:49,835

Intellect
	 Rating: 129739
	 Multiplicative Factor: 8,15%
	 Eff: 129739
Stamina
	 Rating: 810777
	 Multiplicative Factor: 10,25%
	 Eff: 810777,1024999999
Crit
	 Rating: 20913
	 Multiplicative Factor: 0%
	 Eff: 24413,000000000004
	 DR Bracket: 0
	 Base: 5%
	 Effective Percent: 34,88%
	 Crit Inc Heal: 2,15
	 Crit Inc Damage: 2
Haste
	 Rating: 22327
	 Multiplicative Factor: 0%
	 Eff: 22074,3
	 DR Bracket: 1
	 Base: 0%
	 Effective Percent: 33,45%
Vers
	 Rating: 7269
	 Multiplicative Factor: 0%
	 Eff: 9609
	 DR Bracket: 0
	 Base: 3%
	 Effective Percent: 12,32%
Leech
	 Rating: 2040
	 Multiplicative Factor: 0%
	 Eff: 2040
	 DR Bracket: 0
	 Base: 0%
	 Effective Percent: 2%
Avoidance
	 Rating: 545
	 Multiplicative Factor: 0%
	 Eff: 545
	 DR Bracket: 0
	 Base: 0%
	 Effective Percent: 1%
Mastery
	 Rating: 14215
	 Multiplicative Factor: 0%
	 Eff: 21215
	 DR Bracket: 0
	 Base: 30%
	 Effective Percent: 90,92%
----------------------
02:54,857

Intellect
	 Rating: 129739
	 Multiplicative Factor: 8,15%
	 Eff: 129739
Stamina
	 Rating: 810777
	 Multiplicative Factor: 10,25%
	 Eff: 810777,1024999999
Crit
	 Rating: 20913
	 Multiplicative Factor: 0%
	 Eff: 24413,000000000004
	 DR Bracket: 0
	 Base: 5%
	 Effective Percent: 34,88%
	 Crit Inc Heal: 2,15
	 Crit Inc Damage: 2
Haste
	 Rating: 22327
	 Multiplicative Factor: 0%
	 Eff: 22074,3
	 DR Bracket: 1
	 Base: 0%
	 Effective Percent: 33,45%
Vers
	 Rating: 7269
	 Multiplicative Factor: 0%
	 Eff: 9609
	 DR Bracket: 0
	 Base: 3%
	 Effective Percent: 12,32%
Leech
	 Rating: 2040
	 Multiplicative Factor: 0%
	 Eff: 2040
	 DR Bracket: 0
	 Base: 0%
	 Effective Percent: 2%
Avoidance
	 Rating: 545
	 Multiplicative Factor: 0%
	 Eff: 545
	 DR Bracket: 0
	 Base: 0%
	 Effective Percent: 1%
Mastery
	 Rating: 14215
	 Multiplicative Factor: 0%
	 Eff: 21215
	 DR Bracket: 0
	 Base: 30%
	 Effective Percent: 90,92%
----------------------
02:59,857

Intellect
	 Rating: 129739
	 Multiplicative Factor: 8,15%
	 Eff: 129739
Stamina
	 Rating: 810777
	 Multiplicative Factor: 10,25%
	 Eff: 810777,1024999999
Crit
	 Rating: 20913
	 Multiplicative Factor: 0%
	 Eff: 24413,000000000004
	 DR Bracket: 0
	 Base: 5%
	 Effective Percent: 34,88%
	 Crit Inc Heal: 2,15
	 Crit Inc Damage: 2
Haste
	 Rating: 22327
	 Multiplicative Factor: 0%
	 Eff: 22074,3
	 DR Bracket: 1
	 Base: 0%
	 Effective Percent: 33,45%
Vers
	 Rating: 7269
	 Multiplicative Factor: 0%
	 Eff: 9609
	 DR Bracket: 0
	 Base: 3%
	 Effective Percent: 12,32%
Leech
	 Rating: 2040
	 Multiplicative Factor: 0%
	 Eff: 2040
	 DR Bracket: 0
	 Base: 0%
	 Effective Percent: 2%
Avoidance
	 Rating: 545
	 Multiplicative Factor: 0%
	 Eff: 545
	 DR Bracket: 0
	 Base: 0%
	 Effective Percent: 1%
Mastery
	 Rating: 14215
	 Multiplicative Factor: 0%
	 Eff: 21215
	 DR Bracket: 0
	 Base: 30%
	 Effective Percent: 90,92%
----------------------
03:04,892

Intellect
	 Rating: 129739
	 Multiplicative Factor: 8,15%
	 Eff: 129739
Stamina
	 Rating: 810777
	 Multiplicative Factor: 10,25%
	 Eff: 810777,1024999999
Crit
	 Rating: 20913
	 Multiplicative Factor: 0%
	 Eff: 24413,000000000004
	 DR Bracket: 0
	 Base: 5%
	 Effective Percent: 34,88%
	 Crit Inc Heal: 2,15
	 Crit Inc Damage: 2
Haste
	 Rating: 22327
	 Multiplicative Factor: 0%
	 Eff: 22074,3
	 DR Bracket: 1
	 Base: 0%
	 Effective Percent: 33,45%
Vers
	 Rating: 7269
	 Multiplicative Factor: 0%
	 Eff: 9609
	 DR Bracket: 0
	 Base: 3%
	 Effective Percent: 12,32%
Leech
	 Rating: 2040
	 Multiplicative Factor: 0%
	 Eff: 2040
	 DR Bracket: 0
	 Base: 0%
	 Effective Percent: 2%
Avoidance
	 Rating: 545
	 Multiplicative Factor: 0%
	 Eff: 545
	 DR Bracket: 0
	 Base: 0%
	 Effective Percent: 1%
Mastery
	 Rating: 14215
	 Multiplicative Factor: 0%
	 Eff: 21215
	 DR Bracket: 0
	 Base: 30%
	 Effective Percent: 90,92%
----------------------
03:09,893

Intellect
	 Rating: 129739
	 Multiplicative Factor: 8,15%
	 Eff: 129739
Stamina
	 Rating: 810777
	 Multiplicative Factor: 10,25%
	 Eff: 810777,1024999999
Crit
	 Rating: 20913
	 Multiplicative Factor: 0%
	 Eff: 24413,000000000004
	 DR Bracket: 0
	 Base: 5%
	 Effective Percent: 34,88%
	 Crit Inc Heal: 2,15
	 Crit Inc Damage: 2
Haste
	 Rating: 22327
	 Multiplicative Factor: 0%
	 Eff: 22074,3
	 DR Bracket: 1
	 Base: 0%
	 Effective Percent: 33,45%
Vers
	 Rating: 7269
	 Multiplicative Factor: 0%
	 Eff: 9609
	 DR Bracket: 0
	 Base: 3%
	 Effective Percent: 12,32%
Leech
	 Rating: 2040
	 Multiplicative Factor: 0%
	 Eff: 2040
	 DR Bracket: 0
	 Base: 0%
	 Effective Percent: 2%
Avoidance
	 Rating: 545
	 Multiplicative Factor: 0%
	 Eff: 545
	 DR Bracket: 0
	 Base: 0%
	 Effective Percent: 1%
Mastery
	 Rating: 14215
	 Multiplicative Factor: 0%
	 Eff: 21215
	 DR Bracket: 0
	 Base: 30%
	 Effective Percent: 90,92%
----------------------
03:14,911

Intellect
	 Rating: 129739
	 Multiplicative Factor: 8,15%
	 Eff: 129739
Stamina
	 Rating: 810777
	 Multiplicative Factor: 10,25%
	 Eff: 810777,1024999999
Crit
	 Rating: 20913
	 Multiplicative Factor: 0%
	 Eff: 24413,000000000004
	 DR Bracket: 0
	 Base: 5%
	 Effective Percent: 34,88%
	 Crit Inc Heal: 2,15
	 Crit Inc Damage: 2
Haste
	 Rating: 22327
	 Multiplicative Factor: 0%
	 Eff: 22074,3
	 DR Bracket: 1
	 Base: 0%
	 Effective Percent: 33,45%
Vers
	 Rating: 7269
	 Multiplicative Factor: 0%
	 Eff: 9609
	 DR Bracket: 0
	 Base: 3%
	 Effective Percent: 12,32%
Leech
	 Rating: 2040
	 Multiplicative Factor: 0%
	 Eff: 2040
	 DR Bracket: 0
	 Base: 0%
	 Effective Percent: 2%
Avoidance
	 Rating: 545
	 Multiplicative Factor: 0%
	 Eff: 545
	 DR Bracket: 0
	 Base: 0%
	 Effective Percent: 1%
Mastery
	 Rating: 14215
	 Multiplicative Factor: 0%
	 Eff: 21215
	 DR Bracket: 0
	 Base: 30%
	 Effective Percent: 90,92%
----------------------
03:19,995

Intellect
	 Rating: 129739
	 Multiplicative Factor: 8,15%
	 Eff: 129739
Stamina
	 Rating: 810777
	 Multiplicative Factor: 10,25%
	 Eff: 810777,1024999999
Crit
	 Rating: 20913
	 Multiplicative Factor: 0%
	 Eff: 24413,000000000004
	 DR Bracket: 0
	 Base: 5%
	 Effective Percent: 34,88%
	 Crit Inc Heal: 2,15
	 Crit Inc Damage: 2
Haste
	 Rating: 22327
	 Multiplicative Factor: 0%
	 Eff: 22074,3
	 DR Bracket: 1
	 Base: 0%
	 Effective Percent: 33,45%
Vers
	 Rating: 7269
	 Multiplicative Factor: 0%
	 Eff: 9609
	 DR Bracket: 0
	 Base: 3%
	 Effective Percent: 12,32%
Leech
	 Rating: 2040
	 Multiplicative Factor: 0%
	 Eff: 2040
	 DR Bracket: 0
	 Base: 0%
	 Effective Percent: 2%
Avoidance
	 Rating: 545
	 Multiplicative Factor: 0%
	 Eff: 545
	 DR Bracket: 0
	 Base: 0%
	 Effective Percent: 1%
Mastery
	 Rating: 14215
	 Multiplicative Factor: 0%
	 Eff: 21215
	 DR Bracket: 0
	 Base: 30%
	 Effective Percent: 90,92%
----------------------
03:25,306

Intellect
	 Rating: 129739
	 Multiplicative Factor: 8,15%
	 Eff: 129739
Stamina
	 Rating: 810777
	 Multiplicative Factor: 10,25%
	 Eff: 810777,1024999999
Crit
	 Rating: 20913
	 Multiplicative Factor: 0%
	 Eff: 24413,000000000004
	 DR Bracket: 0
	 Base: 5%
	 Effective Percent: 34,88%
	 Crit Inc Heal: 2,15
	 Crit Inc Damage: 2
Haste
	 Rating: 22327
	 Multiplicative Factor: 0%
	 Eff: 22074,3
	 DR Bracket: 1
	 Base: 0%
	 Effective Percent: 33,45%
Vers
	 Rating: 7269
	 Multiplicative Factor: 0%
	 Eff: 9609
	 DR Bracket: 0
	 Base: 3%
	 Effective Percent: 12,32%
Leech
	 Rating: 2040
	 Multiplicative Factor: 0%
	 Eff: 2040
	 DR Bracket: 0
	 Base: 0%
	 Effective Percent: 2%
Avoidance
	 Rating: 545
	 Multiplicative Factor: 0%
	 Eff: 545
	 DR Bracket: 0
	 Base: 0%
	 Effective Percent: 1%
Mastery
	 Rating: 14215
	 Multiplicative Factor: 0%
	 Eff: 21215
	 DR Bracket: 0
	 Base: 30%
	 Effective Percent: 90,92%
----------------------
03:30,321

Intellect
	 Rating: 129739
	 Multiplicative Factor: 8,15%
	 Eff: 129739
Stamina
	 Rating: 810777
	 Multiplicative Factor: 10,25%
	 Eff: 810777,1024999999
Crit
	 Rating: 20913
	 Multiplicative Factor: 0%
	 Eff: 24413,000000000004
	 DR Bracket: 0
	 Base: 5%
	 Effective Percent: 34,88%
	 Crit Inc Heal: 2,15
	 Crit Inc Damage: 2
Haste
	 Rating: 22327
	 Multiplicative Factor: 0%
	 Eff: 22074,3
	 DR Bracket: 1
	 Base: 0%
	 Effective Percent: 33,45%
Vers
	 Rating: 7269
	 Multiplicative Factor: 0%
	 Eff: 9609
	 DR Bracket: 0
	 Base: 3%
	 Effective Percent: 12,32%
Leech
	 Rating: 2040
	 Multiplicative Factor: 0%
	 Eff: 2040
	 DR Bracket: 0
	 Base: 0%
	 Effective Percent: 2%
Avoidance
	 Rating: 545
	 Multiplicative Factor: 0%
	 Eff: 545
	 DR Bracket: 0
	 Base: 0%
	 Effective Percent: 1%
Mastery
	 Rating: 14215
	 Multiplicative Factor: 0%
	 Eff: 21215
	 DR Bracket: 0
	 Base: 30%
	 Effective Percent: 90,92%
----------------------
03:35,570

Intellect
	 Rating: 129739
	 Multiplicative Factor: 8,15%
	 Eff: 129739
Stamina
	 Rating: 810777
	 Multiplicative Factor: 10,25%
	 Eff: 810777,1024999999
Crit
	 Rating: 20913
	 Multiplicative Factor: 0%
	 Eff: 24413,000000000004
	 DR Bracket: 0
	 Base: 5%
	 Effective Percent: 34,88%
	 Crit Inc Heal: 2,15
	 Crit Inc Damage: 2
Haste
	 Rating: 22327
	 Multiplicative Factor: 0%
	 Eff: 22074,3
	 DR Bracket: 1
	 Base: 0%
	 Effective Percent: 33,45%
Vers
	 Rating: 7269
	 Multiplicative Factor: 0%
	 Eff: 9609
	 DR Bracket: 0
	 Base: 3%
	 Effective Percent: 12,32%
Leech
	 Rating: 2040
	 Multiplicative Factor: 0%
	 Eff: 2040
	 DR Bracket: 0
	 Base: 0%
	 Effective Percent: 2%
Avoidance
	 Rating: 545
	 Multiplicative Factor: 0%
	 Eff: 545
	 DR Bracket: 0
	 Base: 0%
	 Effective Percent: 1%
Mastery
	 Rating: 14215
	 Multiplicative Factor: 0%
	 Eff: 21215
	 DR Bracket: 0
	 Base: 30%
	 Effective Percent: 90,92%
----------------------
03:40,711

Intellect
	 Rating: 129739
	 Multiplicative Factor: 8,15%
	 Eff: 129739
Stamina
	 Rating: 810777
	 Multiplicative Factor: 10,25%
	 Eff: 810777,1024999999
Crit
	 Rating: 20913
	 Multiplicative Factor: 0%
	 Eff: 24413,000000000004
	 DR Bracket: 0
	 Base: 5%
	 Effective Percent: 34,88%
	 Crit Inc Heal: 2,15
	 Crit Inc Damage: 2
Haste
	 Rating: 22327
	 Multiplicative Factor: 0%
	 Eff: 22074,3
	 DR Bracket: 1
	 Base: 0%
	 Effective Percent: 33,45%
Vers
	 Rating: 7269
	 Multiplicative Factor: 0%
	 Eff: 9609
	 DR Bracket: 0
	 Base: 3%
	 Effective Percent: 12,32%
Leech
	 Rating: 2040
	 Multiplicative Factor: 0%
	 Eff: 2040
	 DR Bracket: 0
	 Base: 0%
	 Effective Percent: 2%
Avoidance
	 Rating: 545
	 Multiplicative Factor: 0%
	 Eff: 545
	 DR Bracket: 0
	 Base: 0%
	 Effective Percent: 1%
Mastery
	 Rating: 14215
	 Multiplicative Factor: 0%
	 Eff: 21215
	 DR Bracket: 0
	 Base: 30%
	 Effective Percent: 90,92%
----------------------
03:45,760

Intellect
	 Rating: 129739
	 Multiplicative Factor: 8,15%
	 Eff: 129739
Stamina
	 Rating: 810777
	 Multiplicative Factor: 10,25%
	 Eff: 810777,1024999999
Crit
	 Rating: 20913
	 Multiplicative Factor: 0%
	 Eff: 24413,000000000004
	 DR Bracket: 0
	 Base: 5%
	 Effective Percent: 34,88%
	 Crit Inc Heal: 2,15
	 Crit Inc Damage: 2
Haste
	 Rating: 22327
	 Multiplicative Factor: 0%
	 Eff: 22074,3
	 DR Bracket: 1
	 Base: 0%
	 Effective Percent: 33,45%
Vers
	 Rating: 7269
	 Multiplicative Factor: 0%
	 Eff: 9609
	 DR Bracket: 0
	 Base: 3%
	 Effective Percent: 12,32%
Leech
	 Rating: 2040
	 Multiplicative Factor: 0%
	 Eff: 2040
	 DR Bracket: 0
	 Base: 0%
	 Effective Percent: 2%
Avoidance
	 Rating: 545
	 Multiplicative Factor: 0%
	 Eff: 545
	 DR Bracket: 0
	 Base: 0%
	 Effective Percent: 1%
Mastery
	 Rating: 14215
	 Multiplicative Factor: 0%
	 Eff: 21215
	 DR Bracket: 0
	 Base: 30%
	 Effective Percent: 90,92%
----------------------
03:50,857

Intellect
	 Rating: 129739
	 Multiplicative Factor: 8,15%
	 Eff: 129739
Stamina
	 Rating: 810777
	 Multiplicative Factor: 10,25%
	 Eff: 810777,1024999999
Crit
	 Rating: 20913
	 Multiplicative Factor: 0%
	 Eff: 24413,000000000004
	 DR Bracket: 0
	 Base: 5%
	 Effective Percent: 34,88%
	 Crit Inc Heal: 2,15
	 Crit Inc Damage: 2
Haste
	 Rating: 22327
	 Multiplicative Factor: 0%
	 Eff: 22074,3
	 DR Bracket: 1
	 Base: 0%
	 Effective Percent: 33,45%
Vers
	 Rating: 7269
	 Multiplicative Factor: 0%
	 Eff: 9609
	 DR Bracket: 0
	 Base: 3%
	 Effective Percent: 12,32%
Leech
	 Rating: 2040
	 Multiplicative Factor: 0%
	 Eff: 2040
	 DR Bracket: 0
	 Base: 0%
	 Effective Percent: 2%
Avoidance
	 Rating: 545
	 Multiplicative Factor: 0%
	 Eff: 545
	 DR Bracket: 0
	 Base: 0%
	 Effective Percent: 1%
Mastery
	 Rating: 14215
	 Multiplicative Factor: 0%
	 Eff: 21215
	 DR Bracket: 0
	 Base: 30%
	 Effective Percent: 90,92%
----------------------
03:56,122

Intellect
	 Rating: 129739
	 Multiplicative Factor: 8,15%
	 Eff: 129739
Stamina
	 Rating: 810777
	 Multiplicative Factor: 10,25%
	 Eff: 810777,1024999999
Crit
	 Rating: 20913
	 Multiplicative Factor: 0%
	 Eff: 24413,000000000004
	 DR Bracket: 0
	 Base: 5%
	 Effective Percent: 34,88%
	 Crit Inc Heal: 2,15
	 Crit Inc Damage: 2
Haste
	 Rating: 22327
	 Multiplicative Factor: 0%
	 Eff: 22074,3
	 DR Bracket: 1
	 Base: 0%
	 Effective Percent: 33,45%
Vers
	 Rating: 7269
	 Multiplicative Factor: 0%
	 Eff: 9609
	 DR Bracket: 0
	 Base: 3%
	 Effective Percent: 12,32%
Leech
	 Rating: 2040
	 Multiplicative Factor: 0%
	 Eff: 2040
	 DR Bracket: 0
	 Base: 0%
	 Effective Percent: 2%
Avoidance
	 Rating: 545
	 Multiplicative Factor: 0%
	 Eff: 545
	 DR Bracket: 0
	 Base: 0%
	 Effective Percent: 1%
Mastery
	 Rating: 14215
	 Multiplicative Factor: 0%
	 Eff: 21215
	 DR Bracket: 0
	 Base: 30%
	 Effective Percent: 90,92%
----------------------
04:01,160

Intellect
	 Rating: 129739
	 Multiplicative Factor: 8,15%
	 Eff: 129739
Stamina
	 Rating: 810777
	 Multiplicative Factor: 10,25%
	 Eff: 810777,1024999999
Crit
	 Rating: 20913
	 Multiplicative Factor: 0%
	 Eff: 24413,000000000004
	 DR Bracket: 0
	 Base: 5%
	 Effective Percent: 34,88%
	 Crit Inc Heal: 2,15
	 Crit Inc Damage: 2
Haste
	 Rating: 22327
	 Multiplicative Factor: 0%
	 Eff: 22074,3
	 DR Bracket: 1
	 Base: 0%
	 Effective Percent: 33,45%
Vers
	 Rating: 7269
	 Multiplicative Factor: 0%
	 Eff: 9609
	 DR Bracket: 0
	 Base: 3%
	 Effective Percent: 12,32%
Leech
	 Rating: 2040
	 Multiplicative Factor: 0%
	 Eff: 2040
	 DR Bracket: 0
	 Base: 0%
	 Effective Percent: 2%
Avoidance
	 Rating: 545
	 Multiplicative Factor: 0%
	 Eff: 545
	 DR Bracket: 0
	 Base: 0%
	 Effective Percent: 1%
Mastery
	 Rating: 14215
	 Multiplicative Factor: 0%
	 Eff: 21215
	 DR Bracket: 0
	 Base: 30%
	 Effective Percent: 90,92%
----------------------
04:08,881

Intellect
	 Rating: 129739
	 Multiplicative Factor: 8,15%
	 Eff: 129739
Stamina
	 Rating: 810777
	 Multiplicative Factor: 10,25%
	 Eff: 810777,1024999999
Crit
	 Rating: 20913
	 Multiplicative Factor: 0%
	 Eff: 24413,000000000004
	 DR Bracket: 0
	 Base: 5%
	 Effective Percent: 34,88%
	 Crit Inc Heal: 2,15
	 Crit Inc Damage: 2
Haste
	 Rating: 22327
	 Multiplicative Factor: 0%
	 Eff: 22074,3
	 DR Bracket: 1
	 Base: 0%
	 Effective Percent: 33,45%
Vers
	 Rating: 7269
	 Multiplicative Factor: 0%
	 Eff: 9609
	 DR Bracket: 0
	 Base: 3%
	 Effective Percent: 12,32%
Leech
	 Rating: 2040
	 Multiplicative Factor: 0%
	 Eff: 2040
	 DR Bracket: 0
	 Base: 0%
	 Effective Percent: 2%
Avoidance
	 Rating: 545
	 Multiplicative Factor: 0%
	 Eff: 545
	 DR Bracket: 0
	 Base: 0%
	 Effective Percent: 1%
Mastery
	 Rating: 14215
	 Multiplicative Factor: 0%
	 Eff: 21215
	 DR Bracket: 0
	 Base: 30%
	 Effective Percent: 90,92%
----------------------
04:13,924

Intellect
	 Rating: 129739
	 Multiplicative Factor: 8,15%
	 Eff: 129739
Stamina
	 Rating: 810777
	 Multiplicative Factor: 10,25%
	 Eff: 810777,1024999999
Crit
	 Rating: 20913
	 Multiplicative Factor: 0%
	 Eff: 24413,000000000004
	 DR Bracket: 0
	 Base: 5%
	 Effective Percent: 34,88%
	 Crit Inc Heal: 2,15
	 Crit Inc Damage: 2
Haste
	 Rating: 22327
	 Multiplicative Factor: 0%
	 Eff: 22074,3
	 DR Bracket: 1
	 Base: 0%
	 Effective Percent: 33,45%
Vers
	 Rating: 7269
	 Multiplicative Factor: 0%
	 Eff: 9609
	 DR Bracket: 0
	 Base: 3%
	 Effective Percent: 12,32%
Leech
	 Rating: 2040
	 Multiplicative Factor: 0%
	 Eff: 2040
	 DR Bracket: 0
	 Base: 0%
	 Effective Percent: 2%
Avoidance
	 Rating: 545
	 Multiplicative Factor: 0%
	 Eff: 545
	 DR Bracket: 0
	 Base: 0%
	 Effective Percent: 1%
Mastery
	 Rating: 14215
	 Multiplicative Factor: 0%
	 Eff: 21215
	 DR Bracket: 0
	 Base: 30%
	 Effective Percent: 90,92%
----------------------
04:19,023

Intellect
	 Rating: 129739
	 Multiplicative Factor: 8,15%
	 Eff: 129739
Stamina
	 Rating: 810777
	 Multiplicative Factor: 10,25%
	 Eff: 810777,1024999999
Crit
	 Rating: 20913
	 Multiplicative Factor: 0%
	 Eff: 24413,000000000004
	 DR Bracket: 0
	 Base: 5%
	 Effective Percent: 34,88%
	 Crit Inc Heal: 2,15
	 Crit Inc Damage: 2
Haste
	 Rating: 22327
	 Multiplicative Factor: 0%
	 Eff: 22074,3
	 DR Bracket: 1
	 Base: 0%
	 Effective Percent: 33,45%
Vers
	 Rating: 7269
	 Multiplicative Factor: 0%
	 Eff: 9609
	 DR Bracket: 0
	 Base: 3%
	 Effective Percent: 12,32%
Leech
	 Rating: 2040
	 Multiplicative Factor: 0%
	 Eff: 2040
	 DR Bracket: 0
	 Base: 0%
	 Effective Percent: 2%
Avoidance
	 Rating: 545
	 Multiplicative Factor: 0%
	 Eff: 545
	 DR Bracket: 0
	 Base: 0%
	 Effective Percent: 1%
Mastery
	 Rating: 14215
	 Multiplicative Factor: 0%
	 Eff: 21215
	 DR Bracket: 0
	 Base: 30%
	 Effective Percent: 90,92%
----------------------
04:24,255

Intellect
	 Rating: 129739
	 Multiplicative Factor: 8,15%
	 Eff: 129739
Stamina
	 Rating: 810777
	 Multiplicative Factor: 10,25%
	 Eff: 810777,1024999999
Crit
	 Rating: 20913
	 Multiplicative Factor: 0%
	 Eff: 24413,000000000004
	 DR Bracket: 0
	 Base: 5%
	 Effective Percent: 34,88%
	 Crit Inc Heal: 2,15
	 Crit Inc Damage: 2
Haste
	 Rating: 22327
	 Multiplicative Factor: 0%
	 Eff: 22074,3
	 DR Bracket: 1
	 Base: 0%
	 Effective Percent: 33,45%
Vers
	 Rating: 7269
	 Multiplicative Factor: 0%
	 Eff: 9609
	 DR Bracket: 0
	 Base: 3%
	 Effective Percent: 12,32%
Leech
	 Rating: 2040
	 Multiplicative Factor: 0%
	 Eff: 2040
	 DR Bracket: 0
	 Base: 0%
	 Effective Percent: 2%
Avoidance
	 Rating: 545
	 Multiplicative Factor: 0%
	 Eff: 545
	 DR Bracket: 0
	 Base: 0%
	 Effective Percent: 1%
Mastery
	 Rating: 14215
	 Multiplicative Factor: 0%
	 Eff: 21215
	 DR Bracket: 0
	 Base: 30%
	 Effective Percent: 90,92%
----------------------
04:29,375

Intellect
	 Rating: 129739
	 Multiplicative Factor: 8,15%
	 Eff: 129739
Stamina
	 Rating: 810777
	 Multiplicative Factor: 10,25%
	 Eff: 810777,1024999999
Crit
	 Rating: 20913
	 Multiplicative Factor: 0%
	 Eff: 24413,000000000004
	 DR Bracket: 0
	 Base: 5%
	 Effective Percent: 34,88%
	 Crit Inc Heal: 2,15
	 Crit Inc Damage: 2
Haste
	 Rating: 22327
	 Multiplicative Factor: 0%
	 Eff: 22074,3
	 DR Bracket: 1
	 Base: 0%
	 Effective Percent: 33,45%
Vers
	 Rating: 7269
	 Multiplicative Factor: 0%
	 Eff: 9609
	 DR Bracket: 0
	 Base: 3%
	 Effective Percent: 12,32%
Leech
	 Rating: 2040
	 Multiplicative Factor: 0%
	 Eff: 2040
	 DR Bracket: 0
	 Base: 0%
	 Effective Percent: 2%
Avoidance
	 Rating: 545
	 Multiplicative Factor: 0%
	 Eff: 545
	 DR Bracket: 0
	 Base: 0%
	 Effective Percent: 1%
Mastery
	 Rating: 14215
	 Multiplicative Factor: 0%
	 Eff: 21215
	 DR Bracket: 0
	 Base: 30%
	 Effective Percent: 90,92%
----------------------
04:34,396

Intellect
	 Rating: 129739
	 Multiplicative Factor: 8,15%
	 Eff: 129739
Stamina
	 Rating: 810777
	 Multiplicative Factor: 10,25%
	 Eff: 810777,1024999999
Crit
	 Rating: 20913
	 Multiplicative Factor: 0%
	 Eff: 24413,000000000004
	 DR Bracket: 0
	 Base: 5%
	 Effective Percent: 34,88%
	 Crit Inc Heal: 2,15
	 Crit Inc Damage: 2
Haste
	 Rating: 22327
	 Multiplicative Factor: 0%
	 Eff: 22074,3
	 DR Bracket: 1
	 Base: 0%
	 Effective Percent: 33,45%
Vers
	 Rating: 7269
	 Multiplicative Factor: 0%
	 Eff: 9609
	 DR Bracket: 0
	 Base: 3%
	 Effective Percent: 12,32%
Leech
	 Rating: 2040
	 Multiplicative Factor: 0%
	 Eff: 2040
	 DR Bracket: 0
	 Base: 0%
	 Effective Percent: 2%
Avoidance
	 Rating: 545
	 Multiplicative Factor: 0%
	 Eff: 545
	 DR Bracket: 0
	 Base: 0%
	 Effective Percent: 1%
Mastery
	 Rating: 14215
	 Multiplicative Factor: 0%
	 Eff: 21215
	 DR Bracket: 0
	 Base: 30%
	 Effective Percent: 90,92%
----------------------
04:39,399

Intellect
	 Rating: 129739
	 Multiplicative Factor: 8,15%
	 Eff: 129739
Stamina
	 Rating: 810777
	 Multiplicative Factor: 10,25%
	 Eff: 810777,1024999999
Crit
	 Rating: 20913
	 Multiplicative Factor: 0%
	 Eff: 24413,000000000004
	 DR Bracket: 0
	 Base: 5%
	 Effective Percent: 34,88%
	 Crit Inc Heal: 2,15
	 Crit Inc Damage: 2
Haste
	 Rating: 22327
	 Multiplicative Factor: 0%
	 Eff: 22074,3
	 DR Bracket: 1
	 Base: 0%
	 Effective Percent: 33,45%
Vers
	 Rating: 7269
	 Multiplicative Factor: 0%
	 Eff: 9609
	 DR Bracket: 0
	 Base: 3%
	 Effective Percent: 12,32%
Leech
	 Rating: 2040
	 Multiplicative Factor: 0%
	 Eff: 2040
	 DR Bracket: 0
	 Base: 0%
	 Effective Percent: 2%
Avoidance
	 Rating: 545
	 Multiplicative Factor: 0%
	 Eff: 545
	 DR Bracket: 0
	 Base: 0%
	 Effective Percent: 1%
Mastery
	 Rating: 14215
	 Multiplicative Factor: 0%
	 Eff: 21215
	 DR Bracket: 0
	 Base: 30%
	 Effective Percent: 90,92%
----------------------
04:44,647

Intellect
	 Rating: 129739
	 Multiplicative Factor: 8,15%
	 Eff: 129739
Stamina
	 Rating: 810777
	 Multiplicative Factor: 10,25%
	 Eff: 810777,1024999999
Crit
	 Rating: 20913
	 Multiplicative Factor: 0%
	 Eff: 24413,000000000004
	 DR Bracket: 0
	 Base: 5%
	 Effective Percent: 34,88%
	 Crit Inc Heal: 2,15
	 Crit Inc Damage: 2
Haste
	 Rating: 22327
	 Multiplicative Factor: 0%
	 Eff: 22074,3
	 DR Bracket: 1
	 Base: 0%
	 Effective Percent: 33,45%
Vers
	 Rating: 7269
	 Multiplicative Factor: 0%
	 Eff: 9609
	 DR Bracket: 0
	 Base: 3%
	 Effective Percent: 12,32%
Leech
	 Rating: 2040
	 Multiplicative Factor: 0%
	 Eff: 2040
	 DR Bracket: 0
	 Base: 0%
	 Effective Percent: 2%
Avoidance
	 Rating: 545
	 Multiplicative Factor: 0%
	 Eff: 545
	 DR Bracket: 0
	 Base: 0%
	 Effective Percent: 1%
Mastery
	 Rating: 14215
	 Multiplicative Factor: 0%
	 Eff: 21215
	 DR Bracket: 0
	 Base: 30%
	 Effective Percent: 90,92%
----------------------
04:49,768

Intellect
	 Rating: 129739
	 Multiplicative Factor: 8,15%
	 Eff: 129739
Stamina
	 Rating: 810777
	 Multiplicative Factor: 10,25%
	 Eff: 810777,1024999999
Crit
	 Rating: 20913
	 Multiplicative Factor: 0%
	 Eff: 24413,000000000004
	 DR Bracket: 0
	 Base: 5%
	 Effective Percent: 34,88%
	 Crit Inc Heal: 2,15
	 Crit Inc Damage: 2
Haste
	 Rating: 22327
	 Multiplicative Factor: 0%
	 Eff: 22074,3
	 DR Bracket: 1
	 Base: 0%
	 Effective Percent: 33,45%
Vers
	 Rating: 7269
	 Multiplicative Factor: 0%
	 Eff: 9609
	 DR Bracket: 0
	 Base: 3%
	 Effective Percent: 12,32%
Leech
	 Rating: 2040
	 Multiplicative Factor: 0%
	 Eff: 2040
	 DR Bracket: 0
	 Base: 0%
	 Effective Percent: 2%
Avoidance
	 Rating: 545
	 Multiplicative Factor: 0%
	 Eff: 545
	 DR Bracket: 0
	 Base: 0%
	 Effective Percent: 1%
Mastery
	 Rating: 14215
	 Multiplicative Factor: 0%
	 Eff: 21215
	 DR Bracket: 0
	 Base: 30%
	 Effective Percent: 90,92%
----------------------
04:54,812

Intellect
	 Rating: 129739
	 Multiplicative Factor: 8,15%
	 Eff: 129739
Stamina
	 Rating: 810777
	 Multiplicative Factor: 10,25%
	 Eff: 810777,1024999999
Crit
	 Rating: 20913
	 Multiplicative Factor: 0%
	 Eff: 24413,000000000004
	 DR Bracket: 0
	 Base: 5%
	 Effective Percent: 34,88%
	 Crit Inc Heal: 2,15
	 Crit Inc Damage: 2
Haste
	 Rating: 22327
	 Multiplicative Factor: 0%
	 Eff: 22074,3
	 DR Bracket: 1
	 Base: 0%
	 Effective Percent: 33,45%
Vers
	 Rating: 7269
	 Multiplicative Factor: 0%
	 Eff: 9609
	 DR Bracket: 0
	 Base: 3%
	 Effective Percent: 12,32%
Leech
	 Rating: 2040
	 Multiplicative Factor: 0%
	 Eff: 2040
	 DR Bracket: 0
	 Base: 0%
	 Effective Percent: 2%
Avoidance
	 Rating: 545
	 Multiplicative Factor: 0%
	 Eff: 545
	 DR Bracket: 0
	 Base: 0%
	 Effective Percent: 1%
Mastery
	 Rating: 14215
	 Multiplicative Factor: 0%
	 Eff: 21215
	 DR Bracket: 0
	 Base: 30%
	 Effective Percent: 90,92%
----------------------
04:59,875

Intellect
	 Rating: 129739
	 Multiplicative Factor: 8,15%
	 Eff: 129739
Stamina
	 Rating: 810777
	 Multiplicative Factor: 10,25%
	 Eff: 810777,1024999999
Crit
	 Rating: 20913
	 Multiplicative Factor: 0%
	 Eff: 24413,000000000004
	 DR Bracket: 0
	 Base: 5%
	 Effective Percent: 34,88%
	 Crit Inc Heal: 2,15
	 Crit Inc Damage: 2
Haste
	 Rating: 22327
	 Multiplicative Factor: 0%
	 Eff: 22074,3
	 DR Bracket: 1
	 Base: 0%
	 Effective Percent: 33,45%
Vers
	 Rating: 7269
	 Multiplicative Factor: 0%
	 Eff: 9609
	 DR Bracket: 0
	 Base: 3%
	 Effective Percent: 12,32%
Leech
	 Rating: 2040
	 Multiplicative Factor: 0%
	 Eff: 2040
	 DR Bracket: 0
	 Base: 0%
	 Effective Percent: 2%
Avoidance
	 Rating: 545
	 Multiplicative Factor: 0%
	 Eff: 545
	 DR Bracket: 0
	 Base: 0%
	 Effective Percent: 1%
Mastery
	 Rating: 14215
	 Multiplicative Factor: 0%
	 Eff: 21215
	 DR Bracket: 0
	 Base: 30%
	 Effective Percent: 90,92%
----------------------
05:04,900

Intellect
	 Rating: 129739
	 Multiplicative Factor: 8,15%
	 Eff: 129739
Stamina
	 Rating: 810777
	 Multiplicative Factor: 10,25%
	 Eff: 810777,1024999999
Crit
	 Rating: 20913
	 Multiplicative Factor: 0%
	 Eff: 24413,000000000004
	 DR Bracket: 0
	 Base: 5%
	 Effective Percent: 34,88%
	 Crit Inc Heal: 2,15
	 Crit Inc Damage: 2
Haste
	 Rating: 22327
	 Multiplicative Factor: 0%
	 Eff: 22074,3
	 DR Bracket: 1
	 Base: 0%
	 Effective Percent: 33,45%
Vers
	 Rating: 7269
	 Multiplicative Factor: 0%
	 Eff: 9609
	 DR Bracket: 0
	 Base: 3%
	 Effective Percent: 12,32%
Leech
	 Rating: 2040
	 Multiplicative Factor: 0%
	 Eff: 2040
	 DR Bracket: 0
	 Base: 0%
	 Effective Percent: 2%
Avoidance
	 Rating: 545
	 Multiplicative Factor: 0%
	 Eff: 545
	 DR Bracket: 0
	 Base: 0%
	 Effective Percent: 1%
Mastery
	 Rating: 14215
	 Multiplicative Factor: 0%
	 Eff: 21215
	 DR Bracket: 0
	 Base: 30%
	 Effective Percent: 90,92%
----------------------
05:09,914

Intellect
	 Rating: 129739
	 Multiplicative Factor: 8,15%
	 Eff: 129739
Stamina
	 Rating: 810777
	 Multiplicative Factor: 10,25%
	 Eff: 810777,1024999999
Crit
	 Rating: 20913
	 Multiplicative Factor: 0%
	 Eff: 24413,000000000004
	 DR Bracket: 0
	 Base: 5%
	 Effective Percent: 34,88%
	 Crit Inc Heal: 2,15
	 Crit Inc Damage: 2
Haste
	 Rating: 22327
	 Multiplicative Factor: 0%
	 Eff: 22074,3
	 DR Bracket: 1
	 Base: 0%
	 Effective Percent: 33,45%
Vers
	 Rating: 7269
	 Multiplicative Factor: 0%
	 Eff: 9609
	 DR Bracket: 0
	 Base: 3%
	 Effective Percent: 12,32%
Leech
	 Rating: 2040
	 Multiplicative Factor: 0%
	 Eff: 2040
	 DR Bracket: 0
	 Base: 0%
	 Effective Percent: 2%
Avoidance
	 Rating: 545
	 Multiplicative Factor: 0%
	 Eff: 545
	 DR Bracket: 0
	 Base: 0%
	 Effective Percent: 1%
Mastery
	 Rating: 14215
	 Multiplicative Factor: 0%
	 Eff: 21215
	 DR Bracket: 0
	 Base: 30%
	 Effective Percent: 90,92%
----------------------
05:15,063

Intellect
	 Rating: 129739
	 Multiplicative Factor: 8,15%
	 Eff: 129739
Stamina
	 Rating: 810777
	 Multiplicative Factor: 10,25%
	 Eff: 810777,1024999999
Crit
	 Rating: 20913
	 Multiplicative Factor: 0%
	 Eff: 24413,000000000004
	 DR Bracket: 0
	 Base: 5%
	 Effective Percent: 34,88%
	 Crit Inc Heal: 2,15
	 Crit Inc Damage: 2
Haste
	 Rating: 22327
	 Multiplicative Factor: 0%
	 Eff: 22074,3
	 DR Bracket: 1
	 Base: 0%
	 Effective Percent: 33,45%
Vers
	 Rating: 7269
	 Multiplicative Factor: 0%
	 Eff: 9609
	 DR Bracket: 0
	 Base: 3%
	 Effective Percent: 12,32%
Leech
	 Rating: 2040
	 Multiplicative Factor: 0%
	 Eff: 2040
	 DR Bracket: 0
	 Base: 0%
	 Effective Percent: 2%
Avoidance
	 Rating: 545
	 Multiplicative Factor: 0%
	 Eff: 545
	 DR Bracket: 0
	 Base: 0%
	 Effective Percent: 1%
Mastery
	 Rating: 14215
	 Multiplicative Factor: 0%
	 Eff: 21215
	 DR Bracket: 0
	 Base: 30%
	 Effective Percent: 90,92%
----------------------
05:20,395

Intellect
	 Rating: 129739
	 Multiplicative Factor: 8,15%
	 Eff: 129739
Stamina
	 Rating: 810777
	 Multiplicative Factor: 10,25%
	 Eff: 810777,1024999999
Crit
	 Rating: 20913
	 Multiplicative Factor: 0%
	 Eff: 24413,000000000004
	 DR Bracket: 0
	 Base: 5%
	 Effective Percent: 34,88%
	 Crit Inc Heal: 2,15
	 Crit Inc Damage: 2
Haste
	 Rating: 22327
	 Multiplicative Factor: 0%
	 Eff: 22074,3
	 DR Bracket: 1
	 Base: 0%
	 Effective Percent: 33,45%
Vers
	 Rating: 7269
	 Multiplicative Factor: 0%
	 Eff: 9609
	 DR Bracket: 0
	 Base: 3%
	 Effective Percent: 12,32%
Leech
	 Rating: 2040
	 Multiplicative Factor: 0%
	 Eff: 2040
	 DR Bracket: 0
	 Base: 0%
	 Effective Percent: 2%
Avoidance
	 Rating: 545
	 Multiplicative Factor: 0%
	 Eff: 545
	 DR Bracket: 0
	 Base: 0%
	 Effective Percent: 1%
Mastery
	 Rating: 14215
	 Multiplicative Factor: 0%
	 Eff: 21215
	 DR Bracket: 0
	 Base: 30%
	 Effective Percent: 90,92%
----------------------
05:25,552

Intellect
	 Rating: 129739
	 Multiplicative Factor: 8,15%
	 Eff: 129739
Stamina
	 Rating: 810777
	 Multiplicative Factor: 10,25%
	 Eff: 810777,1024999999
Crit
	 Rating: 20913
	 Multiplicative Factor: 0%
	 Eff: 24413,000000000004
	 DR Bracket: 0
	 Base: 5%
	 Effective Percent: 34,88%
	 Crit Inc Heal: 2,15
	 Crit Inc Damage: 2
Haste
	 Rating: 22327
	 Multiplicative Factor: 0%
	 Eff: 48496,59
	 DR Bracket: 1
	 Base: 30%
	 Effective Percent: 73,48%
Vers
	 Rating: 7269
	 Multiplicative Factor: 0%
	 Eff: 9609
	 DR Bracket: 0
	 Base: 3%
	 Effective Percent: 12,32%
Leech
	 Rating: 2040
	 Multiplicative Factor: 0%
	 Eff: 2040
	 DR Bracket: 0
	 Base: 0%
	 Effective Percent: 2%
Avoidance
	 Rating: 545
	 Multiplicative Factor: 0%
	 Eff: 545
	 DR Bracket: 0
	 Base: 0%
	 Effective Percent: 1%
Mastery
	 Rating: 14215
	 Multiplicative Factor: 0%
	 Eff: 21215
	 DR Bracket: 0
	 Base: 30%
	 Effective Percent: 90,92%
----------------------
05:30,769

Intellect
	 Rating: 129739
	 Multiplicative Factor: 8,15%
	 Eff: 129739
Stamina
	 Rating: 810777
	 Multiplicative Factor: 10,25%
	 Eff: 810777,1024999999
Crit
	 Rating: 20913
	 Multiplicative Factor: 0%
	 Eff: 24413,000000000004
	 DR Bracket: 0
	 Base: 5%
	 Effective Percent: 34,88%
	 Crit Inc Heal: 2,15
	 Crit Inc Damage: 2
Haste
	 Rating: 22327
	 Multiplicative Factor: 0%
	 Eff: 48496,59
	 DR Bracket: 1
	 Base: 30%
	 Effective Percent: 73,48%
Vers
	 Rating: 7269
	 Multiplicative Factor: 0%
	 Eff: 9609
	 DR Bracket: 0
	 Base: 3%
	 Effective Percent: 12,32%
Leech
	 Rating: 2040
	 Multiplicative Factor: 0%
	 Eff: 2040
	 DR Bracket: 0
	 Base: 0%
	 Effective Percent: 2%
Avoidance
	 Rating: 545
	 Multiplicative Factor: 0%
	 Eff: 545
	 DR Bracket: 0
	 Base: 0%
	 Effective Percent: 1%
Mastery
	 Rating: 14215
	 Multiplicative Factor: 0%
	 Eff: 21215
	 DR Bracket: 0
	 Base: 30%
	 Effective Percent: 90,92%
----------------------
05:35,783

Intellect
	 Rating: 129739
	 Multiplicative Factor: 8,15%
	 Eff: 129739
Stamina
	 Rating: 810777
	 Multiplicative Factor: 10,25%
	 Eff: 810777,1024999999
Crit
	 Rating: 20913
	 Multiplicative Factor: 0%
	 Eff: 24413,000000000004
	 DR Bracket: 0
	 Base: 5%
	 Effective Percent: 34,88%
	 Crit Inc Heal: 2,15
	 Crit Inc Damage: 2
Haste
	 Rating: 22327
	 Multiplicative Factor: 0%
	 Eff: 48496,59
	 DR Bracket: 1
	 Base: 30%
	 Effective Percent: 73,48%
Vers
	 Rating: 7269
	 Multiplicative Factor: 0%
	 Eff: 9609
	 DR Bracket: 0
	 Base: 3%
	 Effective Percent: 12,32%
Leech
	 Rating: 2040
	 Multiplicative Factor: 0%
	 Eff: 2040
	 DR Bracket: 0
	 Base: 0%
	 Effective Percent: 2%
Avoidance
	 Rating: 545
	 Multiplicative Factor: 0%
	 Eff: 545
	 DR Bracket: 0
	 Base: 0%
	 Effective Percent: 1%
Mastery
	 Rating: 14215
	 Multiplicative Factor: 0%
	 Eff: 21215
	 DR Bracket: 0
	 Base: 30%
	 Effective Percent: 90,92%
----------------------
05:40,881

Intellect
	 Rating: 129739
	 Multiplicative Factor: 8,15%
	 Eff: 129739
Stamina
	 Rating: 810777
	 Multiplicative Factor: 10,25%
	 Eff: 810777,1024999999
Crit
	 Rating: 20913
	 Multiplicative Factor: 0%
	 Eff: 24413,000000000004
	 DR Bracket: 0
	 Base: 5%
	 Effective Percent: 34,88%
	 Crit Inc Heal: 2,15
	 Crit Inc Damage: 2
Haste
	 Rating: 22327
	 Multiplicative Factor: 0%
	 Eff: 48496,59
	 DR Bracket: 1
	 Base: 30%
	 Effective Percent: 73,48%
Vers
	 Rating: 7269
	 Multiplicative Factor: 0%
	 Eff: 9609
	 DR Bracket: 0
	 Base: 3%
	 Effective Percent: 12,32%
Leech
	 Rating: 2040
	 Multiplicative Factor: 0%
	 Eff: 2040
	 DR Bracket: 0
	 Base: 0%
	 Effective Percent: 2%
Avoidance
	 Rating: 545
	 Multiplicative Factor: 0%
	 Eff: 545
	 DR Bracket: 0
	 Base: 0%
	 Effective Percent: 1%
Mastery
	 Rating: 14215
	 Multiplicative Factor: 0%
	 Eff: 21215
	 DR Bracket: 0
	 Base: 30%
	 Effective Percent: 90,92%
----------------------
05:45,882

Intellect
	 Rating: 129739
	 Multiplicative Factor: 8,15%
	 Eff: 129739
Stamina
	 Rating: 810777
	 Multiplicative Factor: 10,25%
	 Eff: 810777,1024999999
Crit
	 Rating: 20913
	 Multiplicative Factor: 0%
	 Eff: 24413,000000000004
	 DR Bracket: 0
	 Base: 5%
	 Effective Percent: 34,88%
	 Crit Inc Heal: 2,15
	 Crit Inc Damage: 2
Haste
	 Rating: 22327
	 Multiplicative Factor: 0%
	 Eff: 48496,59
	 DR Bracket: 1
	 Base: 30%
	 Effective Percent: 73,48%
Vers
	 Rating: 7269
	 Multiplicative Factor: 0%
	 Eff: 9609
	 DR Bracket: 0
	 Base: 3%
	 Effective Percent: 12,32%
Leech
	 Rating: 2040
	 Multiplicative Factor: 0%
	 Eff: 2040
	 DR Bracket: 0
	 Base: 0%
	 Effective Percent: 2%
Avoidance
	 Rating: 545
	 Multiplicative Factor: 0%
	 Eff: 545
	 DR Bracket: 0
	 Base: 0%
	 Effective Percent: 1%
Mastery
	 Rating: 14215
	 Multiplicative Factor: 0%
	 Eff: 21215
	 DR Bracket: 0
	 Base: 30%
	 Effective Percent: 90,92%
----------------------
05:50,892

Intellect
	 Rating: 129739
	 Multiplicative Factor: 8,15%
	 Eff: 129739
Stamina
	 Rating: 810777
	 Multiplicative Factor: 10,25%
	 Eff: 810777,1024999999
Crit
	 Rating: 20913
	 Multiplicative Factor: 0%
	 Eff: 24413,000000000004
	 DR Bracket: 0
	 Base: 5%
	 Effective Percent: 34,88%
	 Crit Inc Heal: 2,15
	 Crit Inc Damage: 2
Haste
	 Rating: 22327
	 Multiplicative Factor: 0%
	 Eff: 48496,59
	 DR Bracket: 1
	 Base: 30%
	 Effective Percent: 73,48%
Vers
	 Rating: 7269
	 Multiplicative Factor: 0%
	 Eff: 9609
	 DR Bracket: 0
	 Base: 3%
	 Effective Percent: 12,32%
Leech
	 Rating: 2040
	 Multiplicative Factor: 0%
	 Eff: 2040
	 DR Bracket: 0
	 Base: 0%
	 Effective Percent: 2%
Avoidance
	 Rating: 545
	 Multiplicative Factor: 0%
	 Eff: 545
	 DR Bracket: 0
	 Base: 0%
	 Effective Percent: 1%
Mastery
	 Rating: 14215
	 Multiplicative Factor: 0%
	 Eff: 21215
	 DR Bracket: 0
	 Base: 30%
	 Effective Percent: 90,92%
----------------------
05:56,065

Intellect
	 Rating: 129739
	 Multiplicative Factor: 8,15%
	 Eff: 129739
Stamina
	 Rating: 810777
	 Multiplicative Factor: 10,25%
	 Eff: 810777,1024999999
Crit
	 Rating: 20913
	 Multiplicative Factor: 0%
	 Eff: 24413,000000000004
	 DR Bracket: 0
	 Base: 5%
	 Effective Percent: 34,88%
	 Crit Inc Heal: 2,15
	 Crit Inc Damage: 2
Haste
	 Rating: 22327
	 Multiplicative Factor: 0%
	 Eff: 48496,59
	 DR Bracket: 1
	 Base: 30%
	 Effective Percent: 73,48%
Vers
	 Rating: 7269
	 Multiplicative Factor: 0%
	 Eff: 9609
	 DR Bracket: 0
	 Base: 3%
	 Effective Percent: 12,32%
Leech
	 Rating: 2040
	 Multiplicative Factor: 0%
	 Eff: 2040
	 DR Bracket: 0
	 Base: 0%
	 Effective Percent: 2%
Avoidance
	 Rating: 545
	 Multiplicative Factor: 0%
	 Eff: 545
	 DR Bracket: 0
	 Base: 0%
	 Effective Percent: 1%
Mastery
	 Rating: 14215
	 Multiplicative Factor: 0%
	 Eff: 21215
	 DR Bracket: 0
	 Base: 30%
	 Effective Percent: 90,92%
----------------------
06:01,153

Intellect
	 Rating: 129739
	 Multiplicative Factor: 8,15%
	 Eff: 129739
Stamina
	 Rating: 810777
	 Multiplicative Factor: 10,25%
	 Eff: 810777,1024999999
Crit
	 Rating: 20913
	 Multiplicative Factor: 0%
	 Eff: 24413,000000000004
	 DR Bracket: 0
	 Base: 5%
	 Effective Percent: 34,88%
	 Crit Inc Heal: 2,15
	 Crit Inc Damage: 2
Haste
	 Rating: 22327
	 Multiplicative Factor: 0%
	 Eff: 48496,59
	 DR Bracket: 1
	 Base: 30%
	 Effective Percent: 73,48%
Vers
	 Rating: 7269
	 Multiplicative Factor: 0%
	 Eff: 9609
	 DR Bracket: 0
	 Base: 3%
	 Effective Percent: 12,32%
Leech
	 Rating: 2040
	 Multiplicative Factor: 0%
	 Eff: 2040
	 DR Bracket: 0
	 Base: 0%
	 Effective Percent: 2%
Avoidance
	 Rating: 545
	 Multiplicative Factor: 0%
	 Eff: 545
	 DR Bracket: 0
	 Base: 0%
	 Effective Percent: 1%
Mastery
	 Rating: 14215
	 Multiplicative Factor: 0%
	 Eff: 21215
	 DR Bracket: 0
	 Base: 30%
	 Effective Percent: 90,92%
----------------------
06:06,455

Intellect
	 Rating: 129739
	 Multiplicative Factor: 8,15%
	 Eff: 129739
Stamina
	 Rating: 810777
	 Multiplicative Factor: 10,25%
	 Eff: 810777,1024999999
Crit
	 Rating: 20913
	 Multiplicative Factor: 0%
	 Eff: 24413,000000000004
	 DR Bracket: 0
	 Base: 5%
	 Effective Percent: 34,88%
	 Crit Inc Heal: 2,15
	 Crit Inc Damage: 2
Haste
	 Rating: 22327
	 Multiplicative Factor: 0%
	 Eff: 22074,3
	 DR Bracket: 1
	 Base: 0%
	 Effective Percent: 33,45%
Vers
	 Rating: 7269
	 Multiplicative Factor: 0%
	 Eff: 9609
	 DR Bracket: 0
	 Base: 3%
	 Effective Percent: 12,32%
Leech
	 Rating: 2040
	 Multiplicative Factor: 0%
	 Eff: 2040
	 DR Bracket: 0
	 Base: 0%
	 Effective Percent: 2%
Avoidance
	 Rating: 545
	 Multiplicative Factor: 0%
	 Eff: 545
	 DR Bracket: 0
	 Base: 0%
	 Effective Percent: 1%
Mastery
	 Rating: 14215
	 Multiplicative Factor: 0%
	 Eff: 21215
	 DR Bracket: 0
	 Base: 30%
	 Effective Percent: 90,92%
----------------------
06:11,498

Intellect
	 Rating: 129739
	 Multiplicative Factor: 8,15%
	 Eff: 129739
Stamina
	 Rating: 810777
	 Multiplicative Factor: 10,25%
	 Eff: 810777,1024999999
Crit
	 Rating: 20913
	 Multiplicative Factor: 0%
	 Eff: 24413,000000000004
	 DR Bracket: 0
	 Base: 5%
	 Effective Percent: 34,88%
	 Crit Inc Heal: 2,15
	 Crit Inc Damage: 2
Haste
	 Rating: 22327
	 Multiplicative Factor: 0%
	 Eff: 22074,3
	 DR Bracket: 1
	 Base: 0%
	 Effective Percent: 33,45%
Vers
	 Rating: 7269
	 Multiplicative Factor: 0%
	 Eff: 9609
	 DR Bracket: 0
	 Base: 3%
	 Effective Percent: 12,32%
Leech
	 Rating: 2040
	 Multiplicative Factor: 0%
	 Eff: 2040
	 DR Bracket: 0
	 Base: 0%
	 Effective Percent: 2%
Avoidance
	 Rating: 545
	 Multiplicative Factor: 0%
	 Eff: 545
	 DR Bracket: 0
	 Base: 0%
	 Effective Percent: 1%
Mastery
	 Rating: 14215
	 Multiplicative Factor: 0%
	 Eff: 21215
	 DR Bracket: 0
	 Base: 30%
	 Effective Percent: 90,92%
----------------------
06:16,576

Intellect
	 Rating: 129739
	 Multiplicative Factor: 8,15%
	 Eff: 129739
Stamina
	 Rating: 810777
	 Multiplicative Factor: 10,25%
	 Eff: 810777,1024999999
Crit
	 Rating: 20913
	 Multiplicative Factor: 0%
	 Eff: 24413,000000000004
	 DR Bracket: 0
	 Base: 5%
	 Effective Percent: 34,88%
	 Crit Inc Heal: 2,15
	 Crit Inc Damage: 2
Haste
	 Rating: 22327
	 Multiplicative Factor: 0%
	 Eff: 22074,3
	 DR Bracket: 1
	 Base: 0%
	 Effective Percent: 33,45%
Vers
	 Rating: 7269
	 Multiplicative Factor: 0%
	 Eff: 9609
	 DR Bracket: 0
	 Base: 3%
	 Effective Percent: 12,32%
Leech
	 Rating: 2040
	 Multiplicative Factor: 0%
	 Eff: 2040
	 DR Bracket: 0
	 Base: 0%
	 Effective Percent: 2%
Avoidance
	 Rating: 545
	 Multiplicative Factor: 0%
	 Eff: 545
	 DR Bracket: 0
	 Base: 0%
	 Effective Percent: 1%
Mastery
	 Rating: 14215
	 Multiplicative Factor: 0%
	 Eff: 21215
	 DR Bracket: 0
	 Base: 30%
	 Effective Percent: 90,92%
----------------------
06:21,908

Intellect
	 Rating: 129739
	 Multiplicative Factor: 8,15%
	 Eff: 129739
Stamina
	 Rating: 810777
	 Multiplicative Factor: 10,25%
	 Eff: 810777,1024999999
Crit
	 Rating: 20913
	 Multiplicative Factor: 0%
	 Eff: 24413,000000000004
	 DR Bracket: 0
	 Base: 5%
	 Effective Percent: 34,88%
	 Crit Inc Heal: 2,15
	 Crit Inc Damage: 2
Haste
	 Rating: 22327
	 Multiplicative Factor: 0%
	 Eff: 22074,3
	 DR Bracket: 1
	 Base: 0%
	 Effective Percent: 33,45%
Vers
	 Rating: 7269
	 Multiplicative Factor: 0%
	 Eff: 9609
	 DR Bracket: 0
	 Base: 3%
	 Effective Percent: 12,32%
Leech
	 Rating: 2040
	 Multiplicative Factor: 0%
	 Eff: 2040
	 DR Bracket: 0
	 Base: 0%
	 Effective Percent: 2%
Avoidance
	 Rating: 545
	 Multiplicative Factor: 0%
	 Eff: 545
	 DR Bracket: 0
	 Base: 0%
	 Effective Percent: 1%
Mastery
	 Rating: 14215
	 Multiplicative Factor: 0%
	 Eff: 21215
	 DR Bracket: 0
	 Base: 30%
	 Effective Percent: 90,92%
----------------------
06:26,913

Intellect
	 Rating: 129739
	 Multiplicative Factor: 8,15%
	 Eff: 129739
Stamina
	 Rating: 810777
	 Multiplicative Factor: 10,25%
	 Eff: 810777,1024999999
Crit
	 Rating: 20913
	 Multiplicative Factor: 0%
	 Eff: 24413,000000000004
	 DR Bracket: 0
	 Base: 5%
	 Effective Percent: 34,88%
	 Crit Inc Heal: 2,15
	 Crit Inc Damage: 2
Haste
	 Rating: 22327
	 Multiplicative Factor: 0%
	 Eff: 22074,3
	 DR Bracket: 1
	 Base: 0%
	 Effective Percent: 33,45%
Vers
	 Rating: 7269
	 Multiplicative Factor: 0%
	 Eff: 9609
	 DR Bracket: 0
	 Base: 3%
	 Effective Percent: 12,32%
Leech
	 Rating: 2040
	 Multiplicative Factor: 0%
	 Eff: 2040
	 DR Bracket: 0
	 Base: 0%
	 Effective Percent: 2%
Avoidance
	 Rating: 545
	 Multiplicative Factor: 0%
	 Eff: 545
	 DR Bracket: 0
	 Base: 0%
	 Effective Percent: 1%
Mastery
	 Rating: 14215
	 Multiplicative Factor: 0%
	 Eff: 21215
	 DR Bracket: 0
	 Base: 30%
	 Effective Percent: 90,92%
----------------------
06:32,216

Intellect
	 Rating: 129739
	 Multiplicative Factor: 8,15%
	 Eff: 129739
Stamina
	 Rating: 810777
	 Multiplicative Factor: 10,25%
	 Eff: 810777,1024999999
Crit
	 Rating: 20913
	 Multiplicative Factor: 0%
	 Eff: 24413,000000000004
	 DR Bracket: 0
	 Base: 5%
	 Effective Percent: 34,88%
	 Crit Inc Heal: 2,15
	 Crit Inc Damage: 2
Haste
	 Rating: 22327
	 Multiplicative Factor: 0%
	 Eff: 22074,3
	 DR Bracket: 1
	 Base: 0%
	 Effective Percent: 33,45%
Vers
	 Rating: 7269
	 Multiplicative Factor: 0%
	 Eff: 9609
	 DR Bracket: 0
	 Base: 3%
	 Effective Percent: 12,32%
Leech
	 Rating: 2040
	 Multiplicative Factor: 0%
	 Eff: 2040
	 DR Bracket: 0
	 Base: 0%
	 Effective Percent: 2%
Avoidance
	 Rating: 545
	 Multiplicative Factor: 0%
	 Eff: 545
	 DR Bracket: 0
	 Base: 0%
	 Effective Percent: 1%
Mastery
	 Rating: 14215
	 Multiplicative Factor: 0%
	 Eff: 21215
	 DR Bracket: 0
	 Base: 30%
	 Effective Percent: 90,92%
----------------------
06:37,229

Intellect
	 Rating: 129739
	 Multiplicative Factor: 8,15%
	 Eff: 129739
Stamina
	 Rating: 810777
	 Multiplicative Factor: 10,25%
	 Eff: 810777,1024999999
Crit
	 Rating: 20913
	 Multiplicative Factor: 0%
	 Eff: 24413,000000000004
	 DR Bracket: 0
	 Base: 5%
	 Effective Percent: 34,88%
	 Crit Inc Heal: 2,15
	 Crit Inc Damage: 2
Haste
	 Rating: 22327
	 Multiplicative Factor: 0%
	 Eff: 22074,3
	 DR Bracket: 1
	 Base: 0%
	 Effective Percent: 33,45%
Vers
	 Rating: 7269
	 Multiplicative Factor: 0%
	 Eff: 9609
	 DR Bracket: 0
	 Base: 3%
	 Effective Percent: 12,32%
Leech
	 Rating: 2040
	 Multiplicative Factor: 0%
	 Eff: 2040
	 DR Bracket: 0
	 Base: 0%
	 Effective Percent: 2%
Avoidance
	 Rating: 545
	 Multiplicative Factor: 0%
	 Eff: 545
	 DR Bracket: 0
	 Base: 0%
	 Effective Percent: 1%
Mastery
	 Rating: 14215
	 Multiplicative Factor: 0%
	 Eff: 21215
	 DR Bracket: 0
	 Base: 30%
	 Effective Percent: 90,92%
----------------------
06:42,230

Intellect
	 Rating: 129739
	 Multiplicative Factor: 8,15%
	 Eff: 129739
Stamina
	 Rating: 810777
	 Multiplicative Factor: 10,25%
	 Eff: 810777,1024999999
Crit
	 Rating: 20913
	 Multiplicative Factor: 0%
	 Eff: 24413,000000000004
	 DR Bracket: 0
	 Base: 5%
	 Effective Percent: 34,88%
	 Crit Inc Heal: 2,15
	 Crit Inc Damage: 2
Haste
	 Rating: 22327
	 Multiplicative Factor: 0%
	 Eff: 22074,3
	 DR Bracket: 1
	 Base: 0%
	 Effective Percent: 33,45%
Vers
	 Rating: 7269
	 Multiplicative Factor: 0%
	 Eff: 9609
	 DR Bracket: 0
	 Base: 3%
	 Effective Percent: 12,32%
Leech
	 Rating: 2040
	 Multiplicative Factor: 0%
	 Eff: 2040
	 DR Bracket: 0
	 Base: 0%
	 Effective Percent: 2%
Avoidance
	 Rating: 545
	 Multiplicative Factor: 0%
	 Eff: 545
	 DR Bracket: 0
	 Base: 0%
	 Effective Percent: 1%
Mastery
	 Rating: 14215
	 Multiplicative Factor: 0%
	 Eff: 21215
	 DR Bracket: 0
	 Base: 30%
	 Effective Percent: 90,92%
----------------------
06:47,277

Intellect
	 Rating: 129739
	 Multiplicative Factor: 8,15%
	 Eff: 129739
Stamina
	 Rating: 810777
	 Multiplicative Factor: 10,25%
	 Eff: 810777,1024999999
Crit
	 Rating: 20913
	 Multiplicative Factor: 0%
	 Eff: 24413,000000000004
	 DR Bracket: 0
	 Base: 5%
	 Effective Percent: 34,88%
	 Crit Inc Heal: 2,15
	 Crit Inc Damage: 2
Haste
	 Rating: 22327
	 Multiplicative Factor: 0%
	 Eff: 22074,3
	 DR Bracket: 1
	 Base: 0%
	 Effective Percent: 33,45%
Vers
	 Rating: 7269
	 Multiplicative Factor: 0%
	 Eff: 9609
	 DR Bracket: 0
	 Base: 3%
	 Effective Percent: 12,32%
Leech
	 Rating: 2040
	 Multiplicative Factor: 0%
	 Eff: 2040
	 DR Bracket: 0
	 Base: 0%
	 Effective Percent: 2%
Avoidance
	 Rating: 545
	 Multiplicative Factor: 0%
	 Eff: 545
	 DR Bracket: 0
	 Base: 0%
	 Effective Percent: 1%
Mastery
	 Rating: 14215
	 Multiplicative Factor: 0%
	 Eff: 21215
	 DR Bracket: 0
	 Base: 30%
	 Effective Percent: 90,92%
----------------------
06:52,302

Intellect
	 Rating: 129739
	 Multiplicative Factor: 8,15%
	 Eff: 129739
Stamina
	 Rating: 810777
	 Multiplicative Factor: 10,25%
	 Eff: 810777,1024999999
Crit
	 Rating: 20913
	 Multiplicative Factor: 0%
	 Eff: 24413,000000000004
	 DR Bracket: 0
	 Base: 5%
	 Effective Percent: 34,88%
	 Crit Inc Heal: 2,15
	 Crit Inc Damage: 2
Haste
	 Rating: 22327
	 Multiplicative Factor: 0%
	 Eff: 22074,3
	 DR Bracket: 1
	 Base: 0%
	 Effective Percent: 33,45%
Vers
	 Rating: 7269
	 Multiplicative Factor: 0%
	 Eff: 9609
	 DR Bracket: 0
	 Base: 3%
	 Effective Percent: 12,32%
Leech
	 Rating: 2040
	 Multiplicative Factor: 0%
	 Eff: 2040
	 DR Bracket: 0
	 Base: 0%
	 Effective Percent: 2%
Avoidance
	 Rating: 545
	 Multiplicative Factor: 0%
	 Eff: 545
	 DR Bracket: 0
	 Base: 0%
	 Effective Percent: 1%
Mastery
	 Rating: 14215
	 Multiplicative Factor: 0%
	 Eff: 21215
	 DR Bracket: 0
	 Base: 30%
	 Effective Percent: 90,92%
----------------------
06:57,303

Intellect
	 Rating: 129739
	 Multiplicative Factor: 8,15%
	 Eff: 129739
Stamina
	 Rating: 810777
	 Multiplicative Factor: 10,25%
	 Eff: 810777,1024999999
Crit
	 Rating: 20913
	 Multiplicative Factor: 0%
	 Eff: 24413,000000000004
	 DR Bracket: 0
	 Base: 5%
	 Effective Percent: 34,88%
	 Crit Inc Heal: 2,15
	 Crit Inc Damage: 2
Haste
	 Rating: 22327
	 Multiplicative Factor: 0%
	 Eff: 22074,3
	 DR Bracket: 1
	 Base: 0%
	 Effective Percent: 33,45%
Vers
	 Rating: 7269
	 Multiplicative Factor: 0%
	 Eff: 9609
	 DR Bracket: 0
	 Base: 3%
	 Effective Percent: 12,32%
Leech
	 Rating: 2040
	 Multiplicative Factor: 0%
	 Eff: 2040
	 DR Bracket: 0
	 Base: 0%
	 Effective Percent: 2%
Avoidance
	 Rating: 545
	 Multiplicative Factor: 0%
	 Eff: 545
	 DR Bracket: 0
	 Base: 0%
	 Effective Percent: 1%
Mastery
	 Rating: 14215
	 Multiplicative Factor: 0%
	 Eff: 21215
	 DR Bracket: 0
	 Base: 30%
	 Effective Percent: 90,92%
----------------------
07:02,304

Intellect
	 Rating: 129739
	 Multiplicative Factor: 8,15%
	 Eff: 129739
Stamina
	 Rating: 810777
	 Multiplicative Factor: 10,25%
	 Eff: 810777,1024999999
Crit
	 Rating: 20913
	 Multiplicative Factor: 0%
	 Eff: 24413,000000000004
	 DR Bracket: 0
	 Base: 5%
	 Effective Percent: 34,88%
	 Crit Inc Heal: 2,15
	 Crit Inc Damage: 2
Haste
	 Rating: 22327
	 Multiplicative Factor: 0%
	 Eff: 22074,3
	 DR Bracket: 1
	 Base: 0%
	 Effective Percent: 33,45%
Vers
	 Rating: 7269
	 Multiplicative Factor: 0%
	 Eff: 9609
	 DR Bracket: 0
	 Base: 3%
	 Effective Percent: 12,32%
Leech
	 Rating: 2040
	 Multiplicative Factor: 0%
	 Eff: 2040
	 DR Bracket: 0
	 Base: 0%
	 Effective Percent: 2%
Avoidance
	 Rating: 545
	 Multiplicative Factor: 0%
	 Eff: 545
	 DR Bracket: 0
	 Base: 0%
	 Effective Percent: 1%
Mastery
	 Rating: 14215
	 Multiplicative Factor: 0%
	 Eff: 21215
	 DR Bracket: 0
	 Base: 30%
	 Effective Percent: 90,92%
----------------------
07:07,436

Intellect
	 Rating: 129739
	 Multiplicative Factor: 8,15%
	 Eff: 129739
Stamina
	 Rating: 810777
	 Multiplicative Factor: 10,25%
	 Eff: 810777,1024999999
Crit
	 Rating: 20913
	 Multiplicative Factor: 0%
	 Eff: 24413,000000000004
	 DR Bracket: 0
	 Base: 5%
	 Effective Percent: 34,88%
	 Crit Inc Heal: 2,15
	 Crit Inc Damage: 2
Haste
	 Rating: 22327
	 Multiplicative Factor: 0%
	 Eff: 22074,3
	 DR Bracket: 1
	 Base: 0%
	 Effective Percent: 33,45%
Vers
	 Rating: 7269
	 Multiplicative Factor: 0%
	 Eff: 9609
	 DR Bracket: 0
	 Base: 3%
	 Effective Percent: 12,32%
Leech
	 Rating: 2040
	 Multiplicative Factor: 0%
	 Eff: 2040
	 DR Bracket: 0
	 Base: 0%
	 Effective Percent: 2%
Avoidance
	 Rating: 545
	 Multiplicative Factor: 0%
	 Eff: 545
	 DR Bracket: 0
	 Base: 0%
	 Effective Percent: 1%
Mastery
	 Rating: 14215
	 Multiplicative Factor: 0%
	 Eff: 21215
	 DR Bracket: 0
	 Base: 30%
	 Effective Percent: 90,92%
----------------------
07:12,445

Intellect
	 Rating: 129739
	 Multiplicative Factor: 8,15%
	 Eff: 129739
Stamina
	 Rating: 810777
	 Multiplicative Factor: 10,25%
	 Eff: 810777,1024999999
Crit
	 Rating: 20913
	 Multiplicative Factor: 0%
	 Eff: 24413,000000000004
	 DR Bracket: 0
	 Base: 5%
	 Effective Percent: 34,88%
	 Crit Inc Heal: 2,15
	 Crit Inc Damage: 2
Haste
	 Rating: 22327
	 Multiplicative Factor: 0%
	 Eff: 22074,3
	 DR Bracket: 1
	 Base: 0%
	 Effective Percent: 33,45%
Vers
	 Rating: 7269
	 Multiplicative Factor: 0%
	 Eff: 9609
	 DR Bracket: 0
	 Base: 3%
	 Effective Percent: 12,32%
Leech
	 Rating: 2040
	 Multiplicative Factor: 0%
	 Eff: 2040
	 DR Bracket: 0
	 Base: 0%
	 Effective Percent: 2%
Avoidance
	 Rating: 545
	 Multiplicative Factor: 0%
	 Eff: 545
	 DR Bracket: 0
	 Base: 0%
	 Effective Percent: 1%
Mastery
	 Rating: 14215
	 Multiplicative Factor: 0%
	 Eff: 21215
	 DR Bracket: 0
	 Base: 30%
	 Effective Percent: 90,92%
----------------------
07:17,512

Intellect
	 Rating: 129739
	 Multiplicative Factor: 8,15%
	 Eff: 129739
Stamina
	 Rating: 810777
	 Multiplicative Factor: 10,25%
	 Eff: 810777,1024999999
Crit
	 Rating: 20913
	 Multiplicative Factor: 0%
	 Eff: 24413,000000000004
	 DR Bracket: 0
	 Base: 5%
	 Effective Percent: 34,88%
	 Crit Inc Heal: 2,15
	 Crit Inc Damage: 2
Haste
	 Rating: 22327
	 Multiplicative Factor: 0%
	 Eff: 22074,3
	 DR Bracket: 1
	 Base: 0%
	 Effective Percent: 33,45%
Vers
	 Rating: 7269
	 Multiplicative Factor: 0%
	 Eff: 9609
	 DR Bracket: 0
	 Base: 3%
	 Effective Percent: 12,32%
Leech
	 Rating: 2040
	 Multiplicative Factor: 0%
	 Eff: 2040
	 DR Bracket: 0
	 Base: 0%
	 Effective Percent: 2%
Avoidance
	 Rating: 545
	 Multiplicative Factor: 0%
	 Eff: 545
	 DR Bracket: 0
	 Base: 0%
	 Effective Percent: 1%
Mastery
	 Rating: 14215
	 Multiplicative Factor: 0%
	 Eff: 21215
	 DR Bracket: 0
	 Base: 30%
	 Effective Percent: 90,92%
----------------------
07:22,722

Intellect
	 Rating: 129739
	 Multiplicative Factor: 8,15%
	 Eff: 129739
Stamina
	 Rating: 810777
	 Multiplicative Factor: 10,25%
	 Eff: 810777,1024999999
Crit
	 Rating: 20913
	 Multiplicative Factor: 0%
	 Eff: 24413,000000000004
	 DR Bracket: 0
	 Base: 5%
	 Effective Percent: 34,88%
	 Crit Inc Heal: 2,15
	 Crit Inc Damage: 2
Haste
	 Rating: 22327
	 Multiplicative Factor: 0%
	 Eff: 22074,3
	 DR Bracket: 1
	 Base: 0%
	 Effective Percent: 33,45%
Vers
	 Rating: 7269
	 Multiplicative Factor: 0%
	 Eff: 9609
	 DR Bracket: 0
	 Base: 3%
	 Effective Percent: 12,32%
Leech
	 Rating: 2040
	 Multiplicative Factor: 0%
	 Eff: 2040
	 DR Bracket: 0
	 Base: 0%
	 Effective Percent: 2%
Avoidance
	 Rating: 545
	 Multiplicative Factor: 0%
	 Eff: 545
	 DR Bracket: 0
	 Base: 0%
	 Effective Percent: 1%
Mastery
	 Rating: 14215
	 Multiplicative Factor: 0%
	 Eff: 21215
	 DR Bracket: 0
	 Base: 30%
	 Effective Percent: 90,92%
----------------------
07:27,744

Intellect
	 Rating: 129739
	 Multiplicative Factor: 8,15%
	 Eff: 129739
Stamina
	 Rating: 810777
	 Multiplicative Factor: 10,25%
	 Eff: 810777,1024999999
Crit
	 Rating: 20913
	 Multiplicative Factor: 0%
	 Eff: 24413,000000000004
	 DR Bracket: 0
	 Base: 5%
	 Effective Percent: 34,88%
	 Crit Inc Heal: 2,15
	 Crit Inc Damage: 2
Haste
	 Rating: 22327
	 Multiplicative Factor: 0%
	 Eff: 22074,3
	 DR Bracket: 1
	 Base: 0%
	 Effective Percent: 33,45%
Vers
	 Rating: 7269
	 Multiplicative Factor: 0%
	 Eff: 9609
	 DR Bracket: 0
	 Base: 3%
	 Effective Percent: 12,32%
Leech
	 Rating: 2040
	 Multiplicative Factor: 0%
	 Eff: 2040
	 DR Bracket: 0
	 Base: 0%
	 Effective Percent: 2%
Avoidance
	 Rating: 545
	 Multiplicative Factor: 0%
	 Eff: 545
	 DR Bracket: 0
	 Base: 0%
	 Effective Percent: 1%
Mastery
	 Rating: 14215
	 Multiplicative Factor: 0%
	 Eff: 21215
	 DR Bracket: 0
	 Base: 30%
	 Effective Percent: 90,92%
----------------------
07:32,892

Intellect
	 Rating: 129739
	 Multiplicative Factor: 8,15%
	 Eff: 129739
Stamina
	 Rating: 810777
	 Multiplicative Factor: 10,25%
	 Eff: 810777,1024999999
Crit
	 Rating: 20913
	 Multiplicative Factor: 0%
	 Eff: 24413,000000000004
	 DR Bracket: 0
	 Base: 5%
	 Effective Percent: 34,88%
	 Crit Inc Heal: 2,15
	 Crit Inc Damage: 2
Haste
	 Rating: 22327
	 Multiplicative Factor: 0%
	 Eff: 22074,3
	 DR Bracket: 1
	 Base: 0%
	 Effective Percent: 33,45%
Vers
	 Rating: 7269
	 Multiplicative Factor: 0%
	 Eff: 9609
	 DR Bracket: 0
	 Base: 3%
	 Effective Percent: 12,32%
Leech
	 Rating: 2040
	 Multiplicative Factor: 0%
	 Eff: 2040
	 DR Bracket: 0
	 Base: 0%
	 Effective Percent: 2%
Avoidance
	 Rating: 545
	 Multiplicative Factor: 0%
	 Eff: 545
	 DR Bracket: 0
	 Base: 0%
	 Effective Percent: 1%
Mastery
	 Rating: 14215
	 Multiplicative Factor: 0%
	 Eff: 21215
	 DR Bracket: 0
	 Base: 30%
	 Effective Percent: 90,92%
----------------------
07:38,015

Intellect
	 Rating: 129739
	 Multiplicative Factor: 8,15%
	 Eff: 129739
Stamina
	 Rating: 810777
	 Multiplicative Factor: 10,25%
	 Eff: 810777,1024999999
Crit
	 Rating: 20913
	 Multiplicative Factor: 0%
	 Eff: 24413,000000000004
	 DR Bracket: 0
	 Base: 5%
	 Effective Percent: 34,88%
	 Crit Inc Heal: 2,15
	 Crit Inc Damage: 2
Haste
	 Rating: 22327
	 Multiplicative Factor: 0%
	 Eff: 22074,3
	 DR Bracket: 1
	 Base: 0%
	 Effective Percent: 33,45%
Vers
	 Rating: 7269
	 Multiplicative Factor: 0%
	 Eff: 9609
	 DR Bracket: 0
	 Base: 3%
	 Effective Percent: 12,32%
Leech
	 Rating: 2040
	 Multiplicative Factor: 0%
	 Eff: 2040
	 DR Bracket: 0
	 Base: 0%
	 Effective Percent: 2%
Avoidance
	 Rating: 545
	 Multiplicative Factor: 0%
	 Eff: 545
	 DR Bracket: 0
	 Base: 0%
	 Effective Percent: 1%
Mastery
	 Rating: 14215
	 Multiplicative Factor: 0%
	 Eff: 21215
	 DR Bracket: 0
	 Base: 30%
	 Effective Percent: 90,92%
----------------------
07:43,389

Intellect
	 Rating: 129739
	 Multiplicative Factor: 8,15%
	 Eff: 129739
Stamina
	 Rating: 810777
	 Multiplicative Factor: 10,25%
	 Eff: 810777,1024999999
Crit
	 Rating: 20913
	 Multiplicative Factor: 0%
	 Eff: 24413,000000000004
	 DR Bracket: 0
	 Base: 5%
	 Effective Percent: 34,88%
	 Crit Inc Heal: 2,15
	 Crit Inc Damage: 2
Haste
	 Rating: 22327
	 Multiplicative Factor: 0%
	 Eff: 22074,3
	 DR Bracket: 1
	 Base: 0%
	 Effective Percent: 33,45%
Vers
	 Rating: 7269
	 Multiplicative Factor: 0%
	 Eff: 9609
	 DR Bracket: 0
	 Base: 3%
	 Effective Percent: 12,32%
Leech
	 Rating: 2040
	 Multiplicative Factor: 0%
	 Eff: 2040
	 DR Bracket: 0
	 Base: 0%
	 Effective Percent: 2%
Avoidance
	 Rating: 545
	 Multiplicative Factor: 0%
	 Eff: 545
	 DR Bracket: 0
	 Base: 0%
	 Effective Percent: 1%
Mastery
	 Rating: 14215
	 Multiplicative Factor: 0%
	 Eff: 21215
	 DR Bracket: 0
	 Base: 30%
	 Effective Percent: 90,92%
----------------------
07:48,416

Intellect
	 Rating: 129739
	 Multiplicative Factor: 8,15%
	 Eff: 129739
Stamina
	 Rating: 810777
	 Multiplicative Factor: 10,25%
	 Eff: 810777,1024999999
Crit
	 Rating: 20913
	 Multiplicative Factor: 0%
	 Eff: 24413,000000000004
	 DR Bracket: 0
	 Base: 5%
	 Effective Percent: 34,88%
	 Crit Inc Heal: 2,15
	 Crit Inc Damage: 2
Haste
	 Rating: 22327
	 Multiplicative Factor: 0%
	 Eff: 22074,3
	 DR Bracket: 1
	 Base: 0%
	 Effective Percent: 33,45%
Vers
	 Rating: 7269
	 Multiplicative Factor: 0%
	 Eff: 9609
	 DR Bracket: 0
	 Base: 3%
	 Effective Percent: 12,32%
Leech
	 Rating: 2040
	 Multiplicative Factor: 0%
	 Eff: 2040
	 DR Bracket: 0
	 Base: 0%
	 Effective Percent: 2%
Avoidance
	 Rating: 545
	 Multiplicative Factor: 0%
	 Eff: 545
	 DR Bracket: 0
	 Base: 0%
	 Effective Percent: 1%
Mastery
	 Rating: 14215
	 Multiplicative Factor: 0%
	 Eff: 21215
	 DR Bracket: 0
	 Base: 30%
	 Effective Percent: 90,92%
----------------------
07:53,625

Intellect
	 Rating: 129739
	 Multiplicative Factor: 8,15%
	 Eff: 129739
Stamina
	 Rating: 810777
	 Multiplicative Factor: 10,25%
	 Eff: 810777,1024999999
Crit
	 Rating: 20913
	 Multiplicative Factor: 0%
	 Eff: 24413,000000000004
	 DR Bracket: 0
	 Base: 5%
	 Effective Percent: 34,88%
	 Crit Inc Heal: 2,15
	 Crit Inc Damage: 2
Haste
	 Rating: 22327
	 Multiplicative Factor: 0%
	 Eff: 22074,3
	 DR Bracket: 1
	 Base: 0%
	 Effective Percent: 33,45%
Vers
	 Rating: 7269
	 Multiplicative Factor: 0%
	 Eff: 9609
	 DR Bracket: 0
	 Base: 3%
	 Effective Percent: 12,32%
Leech
	 Rating: 2040
	 Multiplicative Factor: 0%
	 Eff: 2040
	 DR Bracket: 0
	 Base: 0%
	 Effective Percent: 2%
Avoidance
	 Rating: 545
	 Multiplicative Factor: 0%
	 Eff: 545
	 DR Bracket: 0
	 Base: 0%
	 Effective Percent: 1%
Mastery
	 Rating: 14215
	 Multiplicative Factor: 0%
	 Eff: 21215
	 DR Bracket: 0
	 Base: 30%
	 Effective Percent: 90,92%
----------------------
07:58,765

Intellect
	 Rating: 129739
	 Multiplicative Factor: 8,15%
	 Eff: 129739
Stamina
	 Rating: 810777
	 Multiplicative Factor: 10,25%
	 Eff: 810777,1024999999
Crit
	 Rating: 20913
	 Multiplicative Factor: 0%
	 Eff: 24413,000000000004
	 DR Bracket: 0
	 Base: 5%
	 Effective Percent: 34,88%
	 Crit Inc Heal: 2,15
	 Crit Inc Damage: 2
Haste
	 Rating: 22327
	 Multiplicative Factor: 0%
	 Eff: 22074,3
	 DR Bracket: 1
	 Base: 0%
	 Effective Percent: 33,45%
Vers
	 Rating: 7269
	 Multiplicative Factor: 0%
	 Eff: 9609
	 DR Bracket: 0
	 Base: 3%
	 Effective Percent: 12,32%
Leech
	 Rating: 2040
	 Multiplicative Factor: 0%
	 Eff: 2040
	 DR Bracket: 0
	 Base: 0%
	 Effective Percent: 2%
Avoidance
	 Rating: 545
	 Multiplicative Factor: 0%
	 Eff: 545
	 DR Bracket: 0
	 Base: 0%
	 Effective Percent: 1%
Mastery
	 Rating: 14215
	 Multiplicative Factor: 0%
	 Eff: 21215
	 DR Bracket: 0
	 Base: 30%
	 Effective Percent: 90,92%
----------------------
08:03,813

Intellect
	 Rating: 129739
	 Multiplicative Factor: 8,15%
	 Eff: 129739
Stamina
	 Rating: 810777
	 Multiplicative Factor: 10,25%
	 Eff: 810777,1024999999
Crit
	 Rating: 20913
	 Multiplicative Factor: 0%
	 Eff: 24413,000000000004
	 DR Bracket: 0
	 Base: 5%
	 Effective Percent: 34,88%
	 Crit Inc Heal: 2,15
	 Crit Inc Damage: 2
Haste
	 Rating: 22327
	 Multiplicative Factor: 0%
	 Eff: 22074,3
	 DR Bracket: 1
	 Base: 0%
	 Effective Percent: 33,45%
Vers
	 Rating: 7269
	 Multiplicative Factor: 0%
	 Eff: 9609
	 DR Bracket: 0
	 Base: 3%
	 Effective Percent: 12,32%
Leech
	 Rating: 2040
	 Multiplicative Factor: 0%
	 Eff: 2040
	 DR Bracket: 0
	 Base: 0%
	 Effective Percent: 2%
Avoidance
	 Rating: 545
	 Multiplicative Factor: 0%
	 Eff: 545
	 DR Bracket: 0
	 Base: 0%
	 Effective Percent: 1%
Mastery
	 Rating: 14215
	 Multiplicative Factor: 0%
	 Eff: 21215
	 DR Bracket: 0
	 Base: 30%
	 Effective Percent: 90,92%
----------------------
08:08,853

Intellect
	 Rating: 129739
	 Multiplicative Factor: 8,15%
	 Eff: 129739
Stamina
	 Rating: 810777
	 Multiplicative Factor: 10,25%
	 Eff: 810777,1024999999
Crit
	 Rating: 20913
	 Multiplicative Factor: 0%
	 Eff: 24413,000000000004
	 DR Bracket: 0
	 Base: 5%
	 Effective Percent: 34,88%
	 Crit Inc Heal: 2,15
	 Crit Inc Damage: 2
Haste
	 Rating: 22327
	 Multiplicative Factor: 0%
	 Eff: 22074,3
	 DR Bracket: 1
	 Base: 0%
	 Effective Percent: 33,45%
Vers
	 Rating: 7269
	 Multiplicative Factor: 0%
	 Eff: 9609
	 DR Bracket: 0
	 Base: 3%
	 Effective Percent: 12,32%
Leech
	 Rating: 2040
	 Multiplicative Factor: 0%
	 Eff: 2040
	 DR Bracket: 0
	 Base: 0%
	 Effective Percent: 2%
Avoidance
	 Rating: 545
	 Multiplicative Factor: 0%
	 Eff: 545
	 DR Bracket: 0
	 Base: 0%
	 Effective Percent: 1%
Mastery
	 Rating: 14215
	 Multiplicative Factor: 0%
	 Eff: 21215
	 DR Bracket: 0
	 Base: 30%
	 Effective Percent: 90,92%
----------------------
08:14,048

Intellect
	 Rating: 125960
	 Multiplicative Factor: 5%
	 Eff: 125960,19417475727
Stamina
	 Rating: 772169
	 Multiplicative Factor: 5%
	 Eff: 772168,669047619
Crit
	 Rating: 20913
	 Multiplicative Factor: 0%
	 Eff: 24413,000000000004
	 DR Bracket: 0
	 Base: 5%
	 Effective Percent: 34,88%
	 Crit Inc Heal: 2,15
	 Crit Inc Damage: 2
Haste
	 Rating: 22327
	 Multiplicative Factor: 0%
	 Eff: 22074,3
	 DR Bracket: 1
	 Base: 0%
	 Effective Percent: 33,45%
Vers
	 Rating: 7269
	 Multiplicative Factor: 0%
	 Eff: 7268,999999999999
	 DR Bracket: 0
	 Base: 0%
	 Effective Percent: 9,32%
Leech
	 Rating: 2040
	 Multiplicative Factor: 0%
	 Eff: 2040
	 DR Bracket: 0
	 Base: 0%
	 Effective Percent: 2%
Avoidance
	 Rating: 545
	 Multiplicative Factor: 0%
	 Eff: 545
	 DR Bracket: 0
	 Base: 0%
	 Effective Percent: 1%
Mastery
	 Rating: 14215
	 Multiplicative Factor: 0%
	 Eff: 19815
	 DR Bracket: 0
	 Base: 24%
	 Effective Percent: 84,92%
----------------------
08:19,578

Intellect
	 Rating: 125960
	 Multiplicative Factor: 5%
	 Eff: 125960,19417475727
Stamina
	 Rating: 810777
	 Multiplicative Factor: 10,25%
	 Eff: 810777,1024999999
Crit
	 Rating: 20913
	 Multiplicative Factor: 0%
	 Eff: 24413,000000000004
	 DR Bracket: 0
	 Base: 5%
	 Effective Percent: 34,88%
	 Crit Inc Heal: 2,15
	 Crit Inc Damage: 2
Haste
	 Rating: 22327
	 Multiplicative Factor: 0%
	 Eff: 22074,3
	 DR Bracket: 1
	 Base: 0%
	 Effective Percent: 33,45%
Vers
	 Rating: 7269
	 Multiplicative Factor: 0%
	 Eff: 7268,999999999999
	 DR Bracket: 0
	 Base: 0%
	 Effective Percent: 9,32%
Leech
	 Rating: 2040
	 Multiplicative Factor: 0%
	 Eff: 2040
	 DR Bracket: 0
	 Base: 0%
	 Effective Percent: 2%
Avoidance
	 Rating: 545
	 Multiplicative Factor: 0%
	 Eff: 545
	 DR Bracket: 0
	 Base: 0%
	 Effective Percent: 1%
Mastery
	 Rating: 14215
	 Multiplicative Factor: 0%
	 Eff: 19815
	 DR Bracket: 0
	 Base: 24%
	 Effective Percent: 84,92%
----------------------
08:24,614

Intellect
	 Rating: 125960
	 Multiplicative Factor: 5%
	 Eff: 125960,19417475727
Stamina
	 Rating: 810777
	 Multiplicative Factor: 10,25%
	 Eff: 810777,1024999999
Crit
	 Rating: 20913
	 Multiplicative Factor: 0%
	 Eff: 24413,000000000004
	 DR Bracket: 0
	 Base: 5%
	 Effective Percent: 34,88%
	 Crit Inc Heal: 2,15
	 Crit Inc Damage: 2
Haste
	 Rating: 22327
	 Multiplicative Factor: 0%
	 Eff: 22074,3
	 DR Bracket: 1
	 Base: 0%
	 Effective Percent: 33,45%
Vers
	 Rating: 7269
	 Multiplicative Factor: 0%
	 Eff: 7268,999999999999
	 DR Bracket: 0
	 Base: 0%
	 Effective Percent: 9,32%
Leech
	 Rating: 2040
	 Multiplicative Factor: 0%
	 Eff: 2040
	 DR Bracket: 0
	 Base: 0%
	 Effective Percent: 2%
Avoidance
	 Rating: 545
	 Multiplicative Factor: 0%
	 Eff: 545
	 DR Bracket: 0
	 Base: 0%
	 Effective Percent: 1%
Mastery
	 Rating: 14215
	 Multiplicative Factor: 0%
	 Eff: 19815
	 DR Bracket: 0
	 Base: 24%
	 Effective Percent: 84,92%
----------------------
08:29,783

Intellect
	 Rating: 125960
	 Multiplicative Factor: 5%
	 Eff: 125960,19417475727
Stamina
	 Rating: 810777
	 Multiplicative Factor: 10,25%
	 Eff: 810777,1024999999
Crit
	 Rating: 20913
	 Multiplicative Factor: 0%
	 Eff: 24413,000000000004
	 DR Bracket: 0
	 Base: 5%
	 Effective Percent: 34,88%
	 Crit Inc Heal: 2,15
	 Crit Inc Damage: 2
Haste
	 Rating: 22327
	 Multiplicative Factor: 0%
	 Eff: 22074,3
	 DR Bracket: 1
	 Base: 0%
	 Effective Percent: 33,45%
Vers
	 Rating: 7269
	 Multiplicative Factor: 0%
	 Eff: 7268,999999999999
	 DR Bracket: 0
	 Base: 0%
	 Effective Percent: 9,32%
Leech
	 Rating: 2040
	 Multiplicative Factor: 0%
	 Eff: 2040
	 DR Bracket: 0
	 Base: 0%
	 Effective Percent: 2%
Avoidance
	 Rating: 545
	 Multiplicative Factor: 0%
	 Eff: 545
	 DR Bracket: 0
	 Base: 0%
	 Effective Percent: 1%
Mastery
	 Rating: 14215
	 Multiplicative Factor: 0%
	 Eff: 19815
	 DR Bracket: 0
	 Base: 24%
	 Effective Percent: 84,92%
