-----------
Ascendance
-----------
Acid Rain
-----------
Ancestral Awakening
	Eff: 246,09560130888713
-----------
Capacitor Totem
-----------
Chain Heal
	Eff: 6941,280473750015
-----------
Chain Lightning
-----------
Downpour
-----------
Earth Elemental
-----------
Earth Shield
	Eff: 1508,1935782612618
-----------
Earthbind Totem
-----------
Earthgrab Totem
-----------
Earthliving Weapon
	Eff: 955,0562534761707
-----------
Far Sight
-----------
Flame Shock
	Dmg: 326,40748096631154
-----------
Flametongue Attack
-----------
Flametongue Weapon
-----------
Frost Shock
-----------
Ghost Wolf
-----------
Greater Purge
-----------
Gust of Wind
-----------
Healing Rain
-----------
Healing Surge
	Eff: 1000,0584612048244
-----------
Healing Stream
-----------
Healing Stream Totem
-----------
Healing Tide
	Eff: 660,297572372836
-----------
Healing Tide Totem
-----------
Healing Wave
-----------
Hex
-----------
Hydrobubble
	Eff: 800,8835019550943
-----------
Lava Burst
	Dmg: 2239,561631795834
-----------
Lightning Bolt
	Dmg: 223,38863587076776
-----------
Lightning Shield
-----------
Nature's Guardian
-----------
Overflowing Shores
-----------
Poison Cleansing Totem
-----------
Primal Strike
-----------
Purge
-----------
Purify Spirit
-----------
Reactive Warding
-----------
Restorative Mists
	Eff: 3262,4893332971815
-----------
Riptide
	Eff: 2396,6961696469557
-----------
Skyfury
-----------
Spirit Link Totem
-----------
Spouting Spirits
	Eff: 472,7100183773738
-----------
Surging Totem
-----------
Tidewaters
-----------
Tremor Totem
-----------
Unleash Life
	Eff: 208,06295796947222
-----------
Water Shield
-----------
Water Walking
-----------
Whispering Waves
-----------
Wind Barrier
-----------
Wind Rush Totem
-----------
Leech
	Eff: 208,3250797430234
-----------
Blessing of Summer
-----------
Holy Bulwark
-----------
ZeroCIMDummy
-----------
Angered Earth
-----------
Tempered Potion
-----------
Melee
	Dmg: 30,412902783964455
-----------
Voidglass Shards
-----------
Ancestral Swiftness
-----------
Shattered Soul's Embrace
-----------
Gift of the Naaru
-----------
Cloudburst Totem
-----------
Ethereal Reconstitution
	Eff: 529,3378920809156
-----------
Ethereal Guard
	Eff: 1489,4135077448154
-----------
Stone Bulwark Totem
-----------
Totemic Recall
-----------
Earthen Wall Totem
-----------
Earthen Wall
-----------
Voidglass Barrier
	Eff: 1260,4770286163657
-----------
Stone Bulwark
-----------
Loom'ithar's Living Silk
	Eff: 2571,900238558592
-----------
Spirit Link
-----------
Totemic Projection
-----------
Cloudburst
-----------
Recall Cloudburst Totem
-----------
Spiritwalker's Grace
-----------
Astral Shift
-----------
Take Off
-----------
Whirling Surge
-----------
Surge Forward
-----------
Mana Tide
-----------
Healthstone
-----------
Invigorating Healing Potion
	Eff: 87,4271250674501
-----------
Reincarnation
