-----------
A Just Reward
-----------
Avenging Crusader
-----------
Avenging Wrath
-----------
Aura Mastery
-----------
Barrier of Faith
-----------
Beacon of Faith
-----------
Beacon of Light
-----------
Beacon of Virtue
-----------
Bestow Light
-----------
Blessing of Freedom
-----------
Blessing of Protection
-----------
Blinding Light
-----------
Cleanse
-----------
Consecration
-----------
Consecration Aura
-----------
Crusader Strike
-----------
Dawnlight
-----------
Divine Shield
-----------
DivineGuidance
-----------
Divine Toll
-----------
Eternal Flame
-----------
Eye for an Eye
-----------
Flash of Light
-----------
Forge's Reckoning
-----------
Golden Path
-----------
Greater Judgment
-----------
Hammer and Anvil
-----------
Hammer of Justice
-----------
Hammer of Wrath
-----------
Holy Light
-----------
Holy Prism
-----------
Holy Ritual
-----------
Holy Shock
-----------
Intercession
-----------
Judgment
-----------
Judgment of Light
-----------
Lay on Hands
	Eff: -1,862645149230957E-09
-----------
Lesser Weapon
-----------
Light of Dawn
-----------
Light of the Martyr
-----------
Merciful Auras
-----------
Overflowing Light
-----------
Pillar of Lights (Passive)
-----------
Pillar of Lights
-----------
Radiant Aura
-----------
Repentance
-----------
Resplendent Light
-----------
Rite of Adjuration
-----------
Sacred Word
-----------
Sacred Weapon
-----------
Saved by the Light
-----------
Seal of the Crusader
-----------
Selfless Healer
-----------
Shield of the Righteous
-----------
Shining Righteousness
-----------
Sun's Avatar
-----------
Sun Sear
-----------
Truth Prevails
-----------
Turn Evil
-----------
Tyr's Deliverance
-----------
Veneration
-----------
Word of Glory
-----------
Leech
-----------
Blessing of Summer
-----------
Holy Bulwark
-----------
ZeroCIMDummy
-----------
Lightforged Blessing
-----------
Lightbearer
-----------
Voidglass Barrier
-----------
Divine Protection
-----------
Melee
-----------
Authority of Fiery Resolve
-----------
Divine Steed
-----------
Ethereal Reconstitution
-----------
Ethereal Guard
-----------
Blessing of Autumn
-----------
Blessing of Winter
-----------
Blessing of Spring
-----------
Algari Mana Potion
-----------
Blessing of Sacrifice
