-----------
A Just Reward
-----------
Avenging Crusader
-----------
Avenging Wrath
-----------
Aura Mastery
-----------
Barrier of Faith
-----------
Beacon of Faith
-----------
Beacon of Light
	Eff: 2434,7548559397055
-----------
Beacon of Virtue
-----------
Bestow Light
	Eff: -1,063288293138612
-----------
Blessing of Freedom
-----------
Blessing of Protection
-----------
Blinding Light
-----------
Cleanse
-----------
Consecration
-----------
Consecration Aura
-----------
Crusader Strike
-----------
Dawnlight
	Eff: 4734,28150867378
-----------
Divine Shield
-----------
DivineGuidance
-----------
Divine Toll
-----------
Eternal Flame
	Eff: 3009,419690226974
-----------
Eye for an Eye
-----------
Flash of Light
	Eff: 1020,9390424284063
-----------
Forge's Reckoning
-----------
Golden Path
-----------
Greater Judgment
	Eff: 109,31812872274168
-----------
Hammer and Anvil
-----------
Hammer of Justice
-----------
Hammer of Wrath
-----------
Holy Light
-----------
Holy Prism
	Eff: 704,8677307383974
	Dmg: 275,0381192851346
-----------
Holy Ritual
	Eff: 28,710868624077655
-----------
Holy Shock
	Eff: 3372,711915307041
	Dmg: 8,776857857126743
-----------
Intercession
-----------
Judgment
	Dmg: 142,34096285677515
-----------
Judgment of Light
-----------
Lay on Hands
	Eff: -1,862645149230957E-09
-----------
Lesser Weapon
-----------
Light of Dawn
	Eff: 2318,8998453670574
-----------
Light of the Martyr
-----------
Merciful Auras
-----------
Overflowing Light
	Eff: 749,8853514164484
-----------
Pillar of Lights (Passive)
-----------
Pillar of Lights
-----------
Radiant Aura
-----------
Repentance
-----------
Resplendent Light
-----------
Rite of Adjuration
-----------
Sacred Word
-----------
Sacred Weapon
-----------
Saved by the Light
-----------
Seal of the Crusader
	Eff: 44,37553735704502
-----------
Selfless Healer
	Eff: 143,87370585003373
-----------
Shield of the Righteous
-----------
Shining Righteousness
-----------
Sun's Avatar
	Eff: 933,0797905608879
	Dmg: 28,214627856992593
-----------
Sun Sear
	Eff: 3209,231558939026
-----------
Truth Prevails
	Eff: 204,37081200224205
-----------
Turn Evil
-----------
Tyr's Deliverance
-----------
Veneration
-----------
Word of Glory
-----------
Leech
	Eff: 982,7878229064661
-----------
Blessing of Summer
	Eff: 3,5076893758268852
	Dmg: 446,1848607014872
-----------
Holy Bulwark
-----------
ZeroCIMDummy
-----------
Lightforged Blessing
-----------
Lightbearer
	Eff: -2,065853483820092
-----------
Voidglass Barrier
-----------
Divine Protection
-----------
Melee
	Dmg: 56,825561428355286
-----------
Authority of Fiery Resolve
	Eff: -12,402697593293851
-----------
Divine Steed
-----------
Ethereal Reconstitution
	Eff: 313,0324006734564
-----------
Ethereal Guard
	Eff: 1388,1477517728044
-----------
Blessing of Autumn
-----------
Blessing of Winter
-----------
Blessing of Spring
-----------
Algari Mana Potion
-----------
Blessing of Sacrifice
