-----------
A Just Reward
-----------
Avenging Crusader
-----------
Avenging Wrath
-----------
Aura Mastery
-----------
Barrier of Faith
-----------
Beacon of Faith
-----------
Beacon of Light
	Eff: 2671,503176232706
-----------
Beacon of Virtue
-----------
Bestow Light
	Eff: -0,8352488574455492
-----------
Blessing of Freedom
-----------
Blessing of Protection
-----------
Blinding Light
-----------
Cleanse
-----------
Consecration
-----------
Consecration Aura
-----------
Crusader Strike
-----------
Dawnlight
	Eff: 5650,153643646568
-----------
Divine Shield
-----------
DivineGuidance
-----------
Divine Toll
-----------
Eternal Flame
	Eff: 4313,670400122439
-----------
Eye for an Eye
-----------
Flash of Light
	Eff: 2238,3543643141165
-----------
Forge's Reckoning
-----------
Golden Path
-----------
Greater Judgment
	Eff: 216,85810314762784
-----------
Hammer and Anvil
-----------
Hammer of Justice
-----------
Hammer of Wrath
-----------
Holy Light
-----------
Holy Prism
-----------
Holy Ritual
-----------
Holy Shock
	Eff: 2743,425701809507
	Dmg: 8,574050807859749
-----------
Intercession
-----------
Judgment
	Dmg: 491,6234919070266
-----------
Judgment of Light
-----------
Lay on Hands
	Eff: -1,862645149230957E-09
-----------
Lesser Weapon
-----------
Light of Dawn
	Eff: 3330,02802163675
-----------
Light of the Martyr
-----------
Merciful Auras
-----------
Overflowing Light
	Eff: 593,1931873622489
-----------
Pillar of Lights (Passive)
-----------
Pillar of Lights
-----------
Radiant Aura
-----------
Repentance
-----------
Resplendent Light
-----------
Rite of Adjuration
-----------
Sacred Word
-----------
Sacred Weapon
-----------
Saved by the Light
-----------
Seal of the Crusader
	Eff: 66,8130628226354
-----------
Selfless Healer
	Eff: 258,62951422181504
-----------
Shield of the Righteous
-----------
Shining Righteousness
-----------
Sun's Avatar
	Eff: 266,62907496647426
	Dmg: 8,410409398071351
-----------
Sun Sear
	Eff: 2288,6198153819796
-----------
Truth Prevails
	Eff: 395,93121305361274
-----------
Turn Evil
-----------
Tyr's Deliverance
-----------
Veneration
-----------
Word of Glory
-----------
Leech
	Eff: 1116,4693187627943
-----------
Blessing of Summer
	Eff: 1,5543983096576994
	Dmg: 455,0974436904944
-----------
Holy Bulwark
-----------
ZeroCIMDummy
-----------
Lightforged Blessing
-----------
Lightbearer
	Eff: -1,6227976675138507
-----------
Voidglass Barrier
-----------
Divine Protection
-----------
Melee
	Dmg: 86,20112712815171
-----------
Authority of Fiery Resolve
	Eff: -10,182044089538977
-----------
Divine Steed
-----------
Ethereal Reconstitution
	Eff: 621,7240671529726
-----------
Ethereal Guard
	Eff: 2032,9424452736375
-----------
Blessing of Autumn
-----------
Blessing of Winter
-----------
Blessing of Spring
-----------
Algari Mana Potion
-----------
Blessing of Sacrifice
