-----------
A Just Reward
-----------
Avenging Crusader
-----------
Avenging Wrath
-----------
Aura Mastery
-----------
Barrier of Faith
-----------
Beacon of Faith
-----------
Beacon of Light
	Eff: 4020,856429775427
-----------
Beacon of Virtue
-----------
Bestow Light
	Eff: 38,31863117453031
-----------
Blessing of Freedom
-----------
Blessing of Protection
-----------
Blinding Light
-----------
Cleanse
-----------
Consecration
-----------
Consecration Aura
-----------
Crusader Strike
-----------
Dawnlight
	Eff: 6669,28326450358
-----------
Divine Shield
-----------
DivineGuidance
-----------
Divine Toll
-----------
Eternal Flame
	Eff: 4894,031128421684
-----------
Eye for an Eye
-----------
Flash of Light
	Eff: 1870,0738033465168
-----------
Forge's Reckoning
-----------
Golden Path
-----------
Greater Judgment
-----------
Hammer and Anvil
-----------
Hammer of Justice
-----------
Hammer of Wrath
-----------
Holy Light
-----------
Holy Prism
	Eff: 1239,686579270725
-----------
Holy Ritual
	Eff: 33,690738205033995
-----------
Holy Shock
	Eff: 5601,322715789698
-----------
Intercession
-----------
Judgment
-----------
Judgment of Light
-----------
Lay on Hands
	Eff: -1,862645149230957E-09
-----------
Lesser Weapon
-----------
Light of Dawn
	Eff: 4357,346312113787
-----------
Light of the Martyr
-----------
Merciful Auras
-----------
Overflowing Light
	Eff: 1214,02929060536
-----------
Pillar of Lights (Passive)
-----------
Pillar of Lights
-----------
Radiant Aura
-----------
Repentance
-----------
Resplendent Light
-----------
Rite of Adjuration
-----------
Sacred Word
-----------
Sacred Weapon
-----------
Saved by the Light
-----------
Seal of the Crusader
-----------
Selfless Healer
	Eff: 217,95037433087418
-----------
Shield of the Righteous
-----------
Shining Righteousness
-----------
Sun's Avatar
	Eff: 1686,1001369519083
-----------
Sun Sear
	Eff: 1516,8277886672367
-----------
Truth Prevails
	Eff: 340,00531954088365
-----------
Turn Evil
-----------
Tyr's Deliverance
-----------
Veneration
-----------
Word of Glory
-----------
Leech
	Eff: 1651,8744982082058
-----------
Blessing of Summer
	Dmg: 642,5856476001718
-----------
Holy Bulwark
-----------
ZeroCIMDummy
-----------
Lightforged Blessing
-----------
Lightbearer
-----------
Voidglass Barrier
-----------
Divine Protection
-----------
Melee
-----------
Authority of Fiery Resolve
-----------
Divine Steed
-----------
Ethereal Reconstitution
-----------
Ethereal Guard
-----------
Blessing of Autumn
-----------
Blessing of Winter
-----------
Blessing of Spring
-----------
Algari Mana Potion
-----------
Blessing of Sacrifice
