----------------------
00:00,827

Intellect
	 Rating: 143666
	 Multiplicative Factor: 12,48%
	 Eff: 143666
Stamina
	 Rating: 878116
	 Multiplicative Factor: 11,3%
	 Eff: 878115,9999999999
Crit
	 Rating: 21617
	 Multiplicative Factor: 0%
	 Eff: 27855,3
	 DR Bracket: 1
	 Base: 9%
	 Effective Percent: 39,79%
	 Crit Inc Heal: 2
	 Crit Inc Damage: 2
Haste
	 Rating: 18285
	 Multiplicative Factor: 0%
	 Eff: 18285
	 DR Bracket: 0
	 Base: 0%
	 Effective Percent: 27,7%
Vers
	 Rating: 10608
	 Multiplicative Factor: 0%
	 Eff: 10608
	 DR Bracket: 0
	 Base: 0%
	 Effective Percent: 13,6%
Leech
	 Rating: 3978
	 Multiplicative Factor: 0%
	 Eff: 3978
	 DR Bracket: 0
	 Base: 0%
	 Effective Percent: 3,9%
Avoidance
	 Rating: 0
	 Multiplicative Factor: 0%
	 Eff: 0
	 DR Bracket: 0
	 Base: 0%
	 Effective Percent: 0%
Mastery
	 Rating: 12252
	 Multiplicative Factor: 0%
	 Eff: 22052
	 DR Bracket: 0
	 Base: 21%
	 Effective Percent: 47,25%
----------------------
00:05,837

Intellect
	 Rating: 143666
	 Multiplicative Factor: 12,48%
	 Eff: 143666
Stamina
	 Rating: 878116
	 Multiplicative Factor: 11,3%
	 Eff: 878115,9999999999
Crit
	 Rating: 21617
	 Multiplicative Factor: 0%
	 Eff: 27855,3
	 DR Bracket: 1
	 Base: 9%
	 Effective Percent: 39,79%
	 Crit Inc Heal: 2
	 Crit Inc Damage: 2
Haste
	 Rating: 18285
	 Multiplicative Factor: 0%
	 Eff: 18285
	 DR Bracket: 0
	 Base: 0%
	 Effective Percent: 27,7%
Vers
	 Rating: 10608
	 Multiplicative Factor: 0%
	 Eff: 10608
	 DR Bracket: 0
	 Base: 0%
	 Effective Percent: 13,6%
Leech
	 Rating: 3978
	 Multiplicative Factor: 0%
	 Eff: 3978
	 DR Bracket: 0
	 Base: 0%
	 Effective Percent: 3,9%
Avoidance
	 Rating: 0
	 Multiplicative Factor: 0%
	 Eff: 0
	 DR Bracket: 0
	 Base: 0%
	 Effective Percent: 0%
Mastery
	 Rating: 12252
	 Multiplicative Factor: 0%
	 Eff: 22052
	 DR Bracket: 0
	 Base: 21%
	 Effective Percent: 47,25%
----------------------
00:10,883

Intellect
	 Rating: 143666
	 Multiplicative Factor: 12,48%
	 Eff: 143666
Stamina
	 Rating: 878116
	 Multiplicative Factor: 11,3%
	 Eff: 878115,9999999999
Crit
	 Rating: 21617
	 Multiplicative Factor: 0%
	 Eff: 38355,3
	 DR Bracket: 1
	 Base: 24%
	 Effective Percent: 54,79%
	 Crit Inc Heal: 2
	 Crit Inc Damage: 2
Haste
	 Rating: 18285
	 Multiplicative Factor: 0%
	 Eff: 30084,9
	 DR Bracket: 0
	 Base: 14%
	 Effective Percent: 45,58%
Vers
	 Rating: 10608
	 Multiplicative Factor: 0%
	 Eff: 10608
	 DR Bracket: 0
	 Base: 0%
	 Effective Percent: 13,6%
Leech
	 Rating: 3978
	 Multiplicative Factor: 0%
	 Eff: 3978
	 DR Bracket: 0
	 Base: 0%
	 Effective Percent: 3,9%
Avoidance
	 Rating: 0
	 Multiplicative Factor: 0%
	 Eff: 0
	 DR Bracket: 0
	 Base: 0%
	 Effective Percent: 0%
Mastery
	 Rating: 12252
	 Multiplicative Factor: 0%
	 Eff: 22052
	 DR Bracket: 0
	 Base: 21%
	 Effective Percent: 47,25%
----------------------
00:15,889

Intellect
	 Rating: 143666
	 Multiplicative Factor: 12,48%
	 Eff: 143666
Stamina
	 Rating: 878116
	 Multiplicative Factor: 11,3%
	 Eff: 878115,9999999999
Crit
	 Rating: 21617
	 Multiplicative Factor: 0%
	 Eff: 38355,3
	 DR Bracket: 1
	 Base: 24%
	 Effective Percent: 54,79%
	 Crit Inc Heal: 2
	 Crit Inc Damage: 2
Haste
	 Rating: 18285
	 Multiplicative Factor: 0%
	 Eff: 30927,75
	 DR Bracket: 0
	 Base: 15%
	 Effective Percent: 46,86%
Vers
	 Rating: 10608
	 Multiplicative Factor: 0%
	 Eff: 10608
	 DR Bracket: 0
	 Base: 0%
	 Effective Percent: 13,6%
Leech
	 Rating: 3978
	 Multiplicative Factor: 0%
	 Eff: 3978
	 DR Bracket: 0
	 Base: 0%
	 Effective Percent: 3,9%
Avoidance
	 Rating: 0
	 Multiplicative Factor: 0%
	 Eff: 0
	 DR Bracket: 0
	 Base: 0%
	 Effective Percent: 0%
Mastery
	 Rating: 12252
	 Multiplicative Factor: 0%
	 Eff: 22052
	 DR Bracket: 0
	 Base: 21%
	 Effective Percent: 47,25%
----------------------
00:20,962

Intellect
	 Rating: 143666
	 Multiplicative Factor: 12,48%
	 Eff: 143666
Stamina
	 Rating: 878116
	 Multiplicative Factor: 11,3%
	 Eff: 878115,9999999999
Crit
	 Rating: 27602
	 Multiplicative Factor: 0%
	 Eff: 43741,68901479505
	 DR Bracket: 1
	 Base: 24%
	 Effective Percent: 62,49%
	 Crit Inc Heal: 2
	 Crit Inc Damage: 2
Haste
	 Rating: 18285
	 Multiplicative Factor: 0%
	 Eff: 24184,95
	 DR Bracket: 0
	 Base: 7%
	 Effective Percent: 36,64%
Vers
	 Rating: 10608
	 Multiplicative Factor: 0%
	 Eff: 10608
	 DR Bracket: 0
	 Base: 0%
	 Effective Percent: 13,6%
Leech
	 Rating: 3978
	 Multiplicative Factor: 0%
	 Eff: 3978
	 DR Bracket: 0
	 Base: 0%
	 Effective Percent: 3,9%
Avoidance
	 Rating: 0
	 Multiplicative Factor: 0%
	 Eff: 0
	 DR Bracket: 0
	 Base: 0%
	 Effective Percent: 0%
Mastery
	 Rating: 12252
	 Multiplicative Factor: 0%
	 Eff: 22052
	 DR Bracket: 0
	 Base: 21%
	 Effective Percent: 47,25%
----------------------
00:25,982

Intellect
	 Rating: 143666
	 Multiplicative Factor: 12,48%
	 Eff: 143666
Stamina
	 Rating: 878116
	 Multiplicative Factor: 11,3%
	 Eff: 878115,9999999999
Crit
	 Rating: 27602
	 Multiplicative Factor: 0%
	 Eff: 43741,68901479505
	 DR Bracket: 1
	 Base: 24%
	 Effective Percent: 62,49%
	 Crit Inc Heal: 2
	 Crit Inc Damage: 2
Haste
	 Rating: 18285
	 Multiplicative Factor: 0%
	 Eff: 22499,25
	 DR Bracket: 0
	 Base: 5%
	 Effective Percent: 34,09%
Vers
	 Rating: 10608
	 Multiplicative Factor: 0%
	 Eff: 10608
	 DR Bracket: 0
	 Base: 0%
	 Effective Percent: 13,6%
Leech
	 Rating: 3978
	 Multiplicative Factor: 0%
	 Eff: 3978
	 DR Bracket: 0
	 Base: 0%
	 Effective Percent: 3,9%
Avoidance
	 Rating: 0
	 Multiplicative Factor: 0%
	 Eff: 0
	 DR Bracket: 0
	 Base: 0%
	 Effective Percent: 0%
Mastery
	 Rating: 12252
	 Multiplicative Factor: 0%
	 Eff: 22052
	 DR Bracket: 0
	 Base: 21%
	 Effective Percent: 47,25%
----------------------
00:30,983

Intellect
	 Rating: 143666
	 Multiplicative Factor: 12,48%
	 Eff: 143666
Stamina
	 Rating: 878116
	 Multiplicative Factor: 11,3%
	 Eff: 878115,9999999999
Crit
	 Rating: 27602
	 Multiplicative Factor: 0%
	 Eff: 33241,68901479505
	 DR Bracket: 1
	 Base: 9%
	 Effective Percent: 47,49%
	 Crit Inc Heal: 2
	 Crit Inc Damage: 2
Haste
	 Rating: 18285
	 Multiplicative Factor: 0%
	 Eff: 24184,95
	 DR Bracket: 0
	 Base: 7%
	 Effective Percent: 36,64%
Vers
	 Rating: 10608
	 Multiplicative Factor: 0%
	 Eff: 10608
	 DR Bracket: 0
	 Base: 0%
	 Effective Percent: 13,6%
Leech
	 Rating: 3978
	 Multiplicative Factor: 0%
	 Eff: 3978
	 DR Bracket: 0
	 Base: 0%
	 Effective Percent: 3,9%
Avoidance
	 Rating: 0
	 Multiplicative Factor: 0%
	 Eff: 0
	 DR Bracket: 0
	 Base: 0%
	 Effective Percent: 0%
Mastery
	 Rating: 12252
	 Multiplicative Factor: 0%
	 Eff: 22052
	 DR Bracket: 0
	 Base: 21%
	 Effective Percent: 47,25%
----------------------
00:36,004

Intellect
	 Rating: 143666
	 Multiplicative Factor: 12,48%
	 Eff: 143666
Stamina
	 Rating: 878116
	 Multiplicative Factor: 11,3%
	 Eff: 878115,9999999999
Crit
	 Rating: 33587
	 Multiplicative Factor: 0%
	 Eff: 38069,40269296897
	 DR Bracket: 2
	 Base: 9%
	 Effective Percent: 54,38%
	 Crit Inc Heal: 2
	 Crit Inc Damage: 2
Haste
	 Rating: 18285
	 Multiplicative Factor: 0%
	 Eff: 27556,35
	 DR Bracket: 0
	 Base: 11%
	 Effective Percent: 41,75%
Vers
	 Rating: 10608
	 Multiplicative Factor: 0%
	 Eff: 10608
	 DR Bracket: 0
	 Base: 0%
	 Effective Percent: 13,6%
Leech
	 Rating: 3978
	 Multiplicative Factor: 0%
	 Eff: 3978
	 DR Bracket: 0
	 Base: 0%
	 Effective Percent: 3,9%
Avoidance
	 Rating: 0
	 Multiplicative Factor: 0%
	 Eff: 0
	 DR Bracket: 0
	 Base: 0%
	 Effective Percent: 0%
Mastery
	 Rating: 12252
	 Multiplicative Factor: 0%
	 Eff: 22052
	 DR Bracket: 0
	 Base: 21%
	 Effective Percent: 47,25%
----------------------
00:41,013

Intellect
	 Rating: 143666
	 Multiplicative Factor: 12,48%
	 Eff: 143666
Stamina
	 Rating: 878116
	 Multiplicative Factor: 11,3%
	 Eff: 878115,9999999999
Crit
	 Rating: 27602
	 Multiplicative Factor: 0%
	 Eff: 33241,68901479505
	 DR Bracket: 1
	 Base: 9%
	 Effective Percent: 47,49%
	 Crit Inc Heal: 2
	 Crit Inc Damage: 2
Haste
	 Rating: 18285
	 Multiplicative Factor: 0%
	 Eff: 25870,65
	 DR Bracket: 0
	 Base: 9%
	 Effective Percent: 39,2%
Vers
	 Rating: 10608
	 Multiplicative Factor: 0%
	 Eff: 10608
	 DR Bracket: 0
	 Base: 0%
	 Effective Percent: 13,6%
Leech
	 Rating: 3978
	 Multiplicative Factor: 0%
	 Eff: 3978
	 DR Bracket: 0
	 Base: 0%
	 Effective Percent: 3,9%
Avoidance
	 Rating: 0
	 Multiplicative Factor: 0%
	 Eff: 0
	 DR Bracket: 0
	 Base: 0%
	 Effective Percent: 0%
Mastery
	 Rating: 12252
	 Multiplicative Factor: 0%
	 Eff: 22052
	 DR Bracket: 0
	 Base: 21%
	 Effective Percent: 47,25%
----------------------
00:46,204

Intellect
	 Rating: 143666
	 Multiplicative Factor: 12,48%
	 Eff: 143666
Stamina
	 Rating: 878116
	 Multiplicative Factor: 11,3%
	 Eff: 878115,9999999999
Crit
	 Rating: 21617
	 Multiplicative Factor: 0%
	 Eff: 27855,3
	 DR Bracket: 1
	 Base: 9%
	 Effective Percent: 39,79%
	 Crit Inc Heal: 2
	 Crit Inc Damage: 2
Haste
	 Rating: 18285
	 Multiplicative Factor: 0%
	 Eff: 25870,65
	 DR Bracket: 0
	 Base: 9%
	 Effective Percent: 39,2%
Vers
	 Rating: 10608
	 Multiplicative Factor: 0%
	 Eff: 10608
	 DR Bracket: 0
	 Base: 0%
	 Effective Percent: 13,6%
Leech
	 Rating: 3978
	 Multiplicative Factor: 0%
	 Eff: 3978
	 DR Bracket: 0
	 Base: 0%
	 Effective Percent: 3,9%
Avoidance
	 Rating: 0
	 Multiplicative Factor: 0%
	 Eff: 0
	 DR Bracket: 0
	 Base: 0%
	 Effective Percent: 0%
Mastery
	 Rating: 12252
	 Multiplicative Factor: 0%
	 Eff: 22052
	 DR Bracket: 0
	 Base: 21%
	 Effective Percent: 47,25%
----------------------
00:51,261

Intellect
	 Rating: 143666
	 Multiplicative Factor: 12,48%
	 Eff: 143666
Stamina
	 Rating: 878116
	 Multiplicative Factor: 11,3%
	 Eff: 878115,9999999999
Crit
	 Rating: 21617
	 Multiplicative Factor: 0%
	 Eff: 27855,3
	 DR Bracket: 1
	 Base: 9%
	 Effective Percent: 39,79%
	 Crit Inc Heal: 2
	 Crit Inc Damage: 2
Haste
	 Rating: 18285
	 Multiplicative Factor: 0%
	 Eff: 24184,95
	 DR Bracket: 0
	 Base: 7%
	 Effective Percent: 36,64%
Vers
	 Rating: 10608
	 Multiplicative Factor: 0%
	 Eff: 10608
	 DR Bracket: 0
	 Base: 0%
	 Effective Percent: 13,6%
Leech
	 Rating: 3978
	 Multiplicative Factor: 0%
	 Eff: 3978
	 DR Bracket: 0
	 Base: 0%
	 Effective Percent: 3,9%
Avoidance
	 Rating: 0
	 Multiplicative Factor: 0%
	 Eff: 0
	 DR Bracket: 0
	 Base: 0%
	 Effective Percent: 0%
Mastery
	 Rating: 12252
	 Multiplicative Factor: 0%
	 Eff: 22052
	 DR Bracket: 0
	 Base: 21%
	 Effective Percent: 47,25%
----------------------
00:56,362

Intellect
	 Rating: 143666
	 Multiplicative Factor: 12,48%
	 Eff: 143666
Stamina
	 Rating: 878116
	 Multiplicative Factor: 11,3%
	 Eff: 878115,9999999999
Crit
	 Rating: 21617
	 Multiplicative Factor: 0%
	 Eff: 27855,3
	 DR Bracket: 1
	 Base: 9%
	 Effective Percent: 39,79%
	 Crit Inc Heal: 2
	 Crit Inc Damage: 2
Haste
	 Rating: 18285
	 Multiplicative Factor: 0%
	 Eff: 22499,25
	 DR Bracket: 0
	 Base: 5%
	 Effective Percent: 34,09%
Vers
	 Rating: 10608
	 Multiplicative Factor: 0%
	 Eff: 10608
	 DR Bracket: 0
	 Base: 0%
	 Effective Percent: 13,6%
Leech
	 Rating: 3978
	 Multiplicative Factor: 0%
	 Eff: 3978
	 DR Bracket: 0
	 Base: 0%
	 Effective Percent: 3,9%
Avoidance
	 Rating: 0
	 Multiplicative Factor: 0%
	 Eff: 0
	 DR Bracket: 0
	 Base: 0%
	 Effective Percent: 0%
Mastery
	 Rating: 12252
	 Multiplicative Factor: 0%
	 Eff: 22052
	 DR Bracket: 0
	 Base: 21%
	 Effective Percent: 47,25%
----------------------
01:01,373

Intellect
	 Rating: 143666
	 Multiplicative Factor: 12,48%
	 Eff: 143666
Stamina
	 Rating: 878116
	 Multiplicative Factor: 11,3%
	 Eff: 878115,9999999999
Crit
	 Rating: 21617
	 Multiplicative Factor: 0%
	 Eff: 27855,3
	 DR Bracket: 1
	 Base: 9%
	 Effective Percent: 39,79%
	 Crit Inc Heal: 2
	 Crit Inc Damage: 2
Haste
	 Rating: 18285
	 Multiplicative Factor: 0%
	 Eff: 22499,25
	 DR Bracket: 0
	 Base: 5%
	 Effective Percent: 34,09%
Vers
	 Rating: 10608
	 Multiplicative Factor: 0%
	 Eff: 10608
	 DR Bracket: 0
	 Base: 0%
	 Effective Percent: 13,6%
Leech
	 Rating: 3978
	 Multiplicative Factor: 0%
	 Eff: 3978
	 DR Bracket: 0
	 Base: 0%
	 Effective Percent: 3,9%
Avoidance
	 Rating: 0
	 Multiplicative Factor: 0%
	 Eff: 0
	 DR Bracket: 0
	 Base: 0%
	 Effective Percent: 0%
Mastery
	 Rating: 12252
	 Multiplicative Factor: 0%
	 Eff: 22052
	 DR Bracket: 0
	 Base: 21%
	 Effective Percent: 47,25%
----------------------
01:06,415

Intellect
	 Rating: 143666
	 Multiplicative Factor: 12,48%
	 Eff: 143666
Stamina
	 Rating: 878116
	 Multiplicative Factor: 11,3%
	 Eff: 878115,9999999999
Crit
	 Rating: 21617
	 Multiplicative Factor: 0%
	 Eff: 38355,3
	 DR Bracket: 1
	 Base: 24%
	 Effective Percent: 54,79%
	 Crit Inc Heal: 2
	 Crit Inc Damage: 2
Haste
	 Rating: 18285
	 Multiplicative Factor: 0%
	 Eff: 25870,65
	 DR Bracket: 0
	 Base: 9%
	 Effective Percent: 39,2%
Vers
	 Rating: 10608
	 Multiplicative Factor: 0%
	 Eff: 10608
	 DR Bracket: 0
	 Base: 0%
	 Effective Percent: 13,6%
Leech
	 Rating: 3978
	 Multiplicative Factor: 0%
	 Eff: 3978
	 DR Bracket: 0
	 Base: 0%
	 Effective Percent: 3,9%
Avoidance
	 Rating: 0
	 Multiplicative Factor: 0%
	 Eff: 0
	 DR Bracket: 0
	 Base: 0%
	 Effective Percent: 0%
Mastery
	 Rating: 12252
	 Multiplicative Factor: 0%
	 Eff: 22052
	 DR Bracket: 0
	 Base: 21%
	 Effective Percent: 47,25%
----------------------
01:11,425

Intellect
	 Rating: 143666
	 Multiplicative Factor: 12,48%
	 Eff: 143666
Stamina
	 Rating: 878116
	 Multiplicative Factor: 11,3%
	 Eff: 878115,9999999999
Crit
	 Rating: 27602
	 Multiplicative Factor: 0%
	 Eff: 43741,68901479505
	 DR Bracket: 1
	 Base: 24%
	 Effective Percent: 62,49%
	 Crit Inc Heal: 2
	 Crit Inc Damage: 2
Haste
	 Rating: 18285
	 Multiplicative Factor: 0%
	 Eff: 27556,35
	 DR Bracket: 0
	 Base: 11%
	 Effective Percent: 41,75%
Vers
	 Rating: 10608
	 Multiplicative Factor: 0%
	 Eff: 10608
	 DR Bracket: 0
	 Base: 0%
	 Effective Percent: 13,6%
Leech
	 Rating: 3978
	 Multiplicative Factor: 0%
	 Eff: 3978
	 DR Bracket: 0
	 Base: 0%
	 Effective Percent: 3,9%
Avoidance
	 Rating: 0
	 Multiplicative Factor: 0%
	 Eff: 0
	 DR Bracket: 0
	 Base: 0%
	 Effective Percent: 0%
Mastery
	 Rating: 12252
	 Multiplicative Factor: 0%
	 Eff: 22052
	 DR Bracket: 0
	 Base: 21%
	 Effective Percent: 47,25%
----------------------
01:16,439

Intellect
	 Rating: 143666
	 Multiplicative Factor: 12,48%
	 Eff: 143666
Stamina
	 Rating: 878116
	 Multiplicative Factor: 11,3%
	 Eff: 878115,9999999999
Crit
	 Rating: 27602
	 Multiplicative Factor: 0%
	 Eff: 33241,68901479505
	 DR Bracket: 1
	 Base: 9%
	 Effective Percent: 47,49%
	 Crit Inc Heal: 2
	 Crit Inc Damage: 2
Haste
	 Rating: 18285
	 Multiplicative Factor: 0%
	 Eff: 27556,35
	 DR Bracket: 0
	 Base: 11%
	 Effective Percent: 41,75%
Vers
	 Rating: 10608
	 Multiplicative Factor: 0%
	 Eff: 10608
	 DR Bracket: 0
	 Base: 0%
	 Effective Percent: 13,6%
Leech
	 Rating: 3978
	 Multiplicative Factor: 0%
	 Eff: 3978
	 DR Bracket: 0
	 Base: 0%
	 Effective Percent: 3,9%
Avoidance
	 Rating: 0
	 Multiplicative Factor: 0%
	 Eff: 0
	 DR Bracket: 0
	 Base: 0%
	 Effective Percent: 0%
Mastery
	 Rating: 12252
	 Multiplicative Factor: 0%
	 Eff: 22052
	 DR Bracket: 0
	 Base: 21%
	 Effective Percent: 47,25%
----------------------
01:21,467

Intellect
	 Rating: 143666
	 Multiplicative Factor: 12,48%
	 Eff: 143666
Stamina
	 Rating: 878116
	 Multiplicative Factor: 11,3%
	 Eff: 878115,9999999999
Crit
	 Rating: 21617
	 Multiplicative Factor: 0%
	 Eff: 27855,3
	 DR Bracket: 1
	 Base: 9%
	 Effective Percent: 39,79%
	 Crit Inc Heal: 2
	 Crit Inc Damage: 2
Haste
	 Rating: 18285
	 Multiplicative Factor: 0%
	 Eff: 24184,95
	 DR Bracket: 0
	 Base: 7%
	 Effective Percent: 36,64%
Vers
	 Rating: 10608
	 Multiplicative Factor: 0%
	 Eff: 10608
	 DR Bracket: 0
	 Base: 0%
	 Effective Percent: 13,6%
Leech
	 Rating: 3978
	 Multiplicative Factor: 0%
	 Eff: 3978
	 DR Bracket: 0
	 Base: 0%
	 Effective Percent: 3,9%
Avoidance
	 Rating: 0
	 Multiplicative Factor: 0%
	 Eff: 0
	 DR Bracket: 0
	 Base: 0%
	 Effective Percent: 0%
Mastery
	 Rating: 12252
	 Multiplicative Factor: 0%
	 Eff: 22052
	 DR Bracket: 0
	 Base: 21%
	 Effective Percent: 47,25%
----------------------
01:26,830

Intellect
	 Rating: 143666
	 Multiplicative Factor: 12,48%
	 Eff: 143666
Stamina
	 Rating: 878116
	 Multiplicative Factor: 11,3%
	 Eff: 878115,9999999999
Crit
	 Rating: 21617
	 Multiplicative Factor: 0%
	 Eff: 27855,3
	 DR Bracket: 1
	 Base: 9%
	 Effective Percent: 39,79%
	 Crit Inc Heal: 2
	 Crit Inc Damage: 2
Haste
	 Rating: 18285
	 Multiplicative Factor: 0%
	 Eff: 22499,25
	 DR Bracket: 0
	 Base: 5%
	 Effective Percent: 34,09%
Vers
	 Rating: 10608
	 Multiplicative Factor: 0%
	 Eff: 10608
	 DR Bracket: 0
	 Base: 0%
	 Effective Percent: 13,6%
Leech
	 Rating: 3978
	 Multiplicative Factor: 0%
	 Eff: 3978
	 DR Bracket: 0
	 Base: 0%
	 Effective Percent: 3,9%
Avoidance
	 Rating: 0
	 Multiplicative Factor: 0%
	 Eff: 0
	 DR Bracket: 0
	 Base: 0%
	 Effective Percent: 0%
Mastery
	 Rating: 12252
	 Multiplicative Factor: 0%
	 Eff: 22052
	 DR Bracket: 0
	 Base: 21%
	 Effective Percent: 47,25%
----------------------
01:31,884

Intellect
	 Rating: 143666
	 Multiplicative Factor: 12,48%
	 Eff: 143666
Stamina
	 Rating: 878116
	 Multiplicative Factor: 11,3%
	 Eff: 878115,9999999999
Crit
	 Rating: 21617
	 Multiplicative Factor: 0%
	 Eff: 27855,3
	 DR Bracket: 1
	 Base: 9%
	 Effective Percent: 39,79%
	 Crit Inc Heal: 2
	 Crit Inc Damage: 2
Haste
	 Rating: 18285
	 Multiplicative Factor: 0%
	 Eff: 22499,25
	 DR Bracket: 0
	 Base: 5%
	 Effective Percent: 34,09%
Vers
	 Rating: 10608
	 Multiplicative Factor: 0%
	 Eff: 10608
	 DR Bracket: 0
	 Base: 0%
	 Effective Percent: 13,6%
Leech
	 Rating: 3978
	 Multiplicative Factor: 0%
	 Eff: 3978
	 DR Bracket: 0
	 Base: 0%
	 Effective Percent: 3,9%
Avoidance
	 Rating: 0
	 Multiplicative Factor: 0%
	 Eff: 0
	 DR Bracket: 0
	 Base: 0%
	 Effective Percent: 0%
Mastery
	 Rating: 12252
	 Multiplicative Factor: 0%
	 Eff: 22052
	 DR Bracket: 0
	 Base: 21%
	 Effective Percent: 47,25%
----------------------
01:36,887

Intellect
	 Rating: 143666
	 Multiplicative Factor: 12,48%
	 Eff: 143666
Stamina
	 Rating: 878116
	 Multiplicative Factor: 11,3%
	 Eff: 878115,9999999999
Crit
	 Rating: 21617
	 Multiplicative Factor: 0%
	 Eff: 27855,3
	 DR Bracket: 1
	 Base: 9%
	 Effective Percent: 39,79%
	 Crit Inc Heal: 2
	 Crit Inc Damage: 2
Haste
	 Rating: 18285
	 Multiplicative Factor: 0%
	 Eff: 22499,25
	 DR Bracket: 0
	 Base: 5%
	 Effective Percent: 34,09%
Vers
	 Rating: 10608
	 Multiplicative Factor: 0%
	 Eff: 10608
	 DR Bracket: 0
	 Base: 0%
	 Effective Percent: 13,6%
Leech
	 Rating: 3978
	 Multiplicative Factor: 0%
	 Eff: 3978
	 DR Bracket: 0
	 Base: 0%
	 Effective Percent: 3,9%
Avoidance
	 Rating: 0
	 Multiplicative Factor: 0%
	 Eff: 0
	 DR Bracket: 0
	 Base: 0%
	 Effective Percent: 0%
Mastery
	 Rating: 12252
	 Multiplicative Factor: 0%
	 Eff: 22052
	 DR Bracket: 0
	 Base: 21%
	 Effective Percent: 47,25%
----------------------
01:41,941

Intellect
	 Rating: 143666
	 Multiplicative Factor: 12,48%
	 Eff: 143666
Stamina
	 Rating: 878116
	 Multiplicative Factor: 11,3%
	 Eff: 878115,9999999999
Crit
	 Rating: 21617
	 Multiplicative Factor: 0%
	 Eff: 27855,3
	 DR Bracket: 1
	 Base: 9%
	 Effective Percent: 39,79%
	 Crit Inc Heal: 2
	 Crit Inc Damage: 2
Haste
	 Rating: 18285
	 Multiplicative Factor: 0%
	 Eff: 24184,95
	 DR Bracket: 0
	 Base: 7%
	 Effective Percent: 36,64%
Vers
	 Rating: 10608
	 Multiplicative Factor: 0%
	 Eff: 10608
	 DR Bracket: 0
	 Base: 0%
	 Effective Percent: 13,6%
Leech
	 Rating: 3978
	 Multiplicative Factor: 0%
	 Eff: 3978
	 DR Bracket: 0
	 Base: 0%
	 Effective Percent: 3,9%
Avoidance
	 Rating: 0
	 Multiplicative Factor: 0%
	 Eff: 0
	 DR Bracket: 0
	 Base: 0%
	 Effective Percent: 0%
Mastery
	 Rating: 12252
	 Multiplicative Factor: 0%
	 Eff: 22052
	 DR Bracket: 0
	 Base: 21%
	 Effective Percent: 47,25%
----------------------
01:46,989

Intellect
	 Rating: 143666
	 Multiplicative Factor: 12,48%
	 Eff: 143666
Stamina
	 Rating: 878116
	 Multiplicative Factor: 11,3%
	 Eff: 878115,9999999999
Crit
	 Rating: 27602
	 Multiplicative Factor: 0%
	 Eff: 33241,68901479505
	 DR Bracket: 1
	 Base: 9%
	 Effective Percent: 47,49%
	 Crit Inc Heal: 2
	 Crit Inc Damage: 2
Haste
	 Rating: 18285
	 Multiplicative Factor: 0%
	 Eff: 25870,65
	 DR Bracket: 0
	 Base: 9%
	 Effective Percent: 39,2%
Vers
	 Rating: 10608
	 Multiplicative Factor: 0%
	 Eff: 10608
	 DR Bracket: 0
	 Base: 0%
	 Effective Percent: 13,6%
Leech
	 Rating: 3978
	 Multiplicative Factor: 0%
	 Eff: 3978
	 DR Bracket: 0
	 Base: 0%
	 Effective Percent: 3,9%
Avoidance
	 Rating: 0
	 Multiplicative Factor: 0%
	 Eff: 0
	 DR Bracket: 0
	 Base: 0%
	 Effective Percent: 0%
Mastery
	 Rating: 12252
	 Multiplicative Factor: 0%
	 Eff: 22052
	 DR Bracket: 0
	 Base: 21%
	 Effective Percent: 47,25%
----------------------
01:52,256

Intellect
	 Rating: 143666
	 Multiplicative Factor: 12,48%
	 Eff: 143666
Stamina
	 Rating: 878116
	 Multiplicative Factor: 11,3%
	 Eff: 878115,9999999999
Crit
	 Rating: 27602
	 Multiplicative Factor: 0%
	 Eff: 33241,68901479505
	 DR Bracket: 1
	 Base: 9%
	 Effective Percent: 47,49%
	 Crit Inc Heal: 2
	 Crit Inc Damage: 2
Haste
	 Rating: 18285
	 Multiplicative Factor: 0%
	 Eff: 25870,65
	 DR Bracket: 0
	 Base: 9%
	 Effective Percent: 39,2%
Vers
	 Rating: 10608
	 Multiplicative Factor: 0%
	 Eff: 10608
	 DR Bracket: 0
	 Base: 0%
	 Effective Percent: 13,6%
Leech
	 Rating: 3978
	 Multiplicative Factor: 0%
	 Eff: 3978
	 DR Bracket: 0
	 Base: 0%
	 Effective Percent: 3,9%
Avoidance
	 Rating: 0
	 Multiplicative Factor: 0%
	 Eff: 0
	 DR Bracket: 0
	 Base: 0%
	 Effective Percent: 0%
Mastery
	 Rating: 12252
	 Multiplicative Factor: 0%
	 Eff: 22052
	 DR Bracket: 0
	 Base: 21%
	 Effective Percent: 47,25%
----------------------
01:57,383

Intellect
	 Rating: 143666
	 Multiplicative Factor: 12,48%
	 Eff: 143666
Stamina
	 Rating: 878116
	 Multiplicative Factor: 11,3%
	 Eff: 878115,9999999999
Crit
	 Rating: 21617
	 Multiplicative Factor: 0%
	 Eff: 27855,3
	 DR Bracket: 1
	 Base: 9%
	 Effective Percent: 39,79%
	 Crit Inc Heal: 2
	 Crit Inc Damage: 2
Haste
	 Rating: 18285
	 Multiplicative Factor: 0%
	 Eff: 22499,25
	 DR Bracket: 0
	 Base: 5%
	 Effective Percent: 34,09%
Vers
	 Rating: 10608
	 Multiplicative Factor: 0%
	 Eff: 10608
	 DR Bracket: 0
	 Base: 0%
	 Effective Percent: 13,6%
Leech
	 Rating: 3978
	 Multiplicative Factor: 0%
	 Eff: 3978
	 DR Bracket: 0
	 Base: 0%
	 Effective Percent: 3,9%
Avoidance
	 Rating: 0
	 Multiplicative Factor: 0%
	 Eff: 0
	 DR Bracket: 0
	 Base: 0%
	 Effective Percent: 0%
Mastery
	 Rating: 12252
	 Multiplicative Factor: 0%
	 Eff: 22052
	 DR Bracket: 0
	 Base: 21%
	 Effective Percent: 47,25%
----------------------
02:02,419

Intellect
	 Rating: 143666
	 Multiplicative Factor: 12,48%
	 Eff: 143666
Stamina
	 Rating: 878116
	 Multiplicative Factor: 11,3%
	 Eff: 878115,9999999999
Crit
	 Rating: 27602
	 Multiplicative Factor: 0%
	 Eff: 33241,68901479505
	 DR Bracket: 1
	 Base: 9%
	 Effective Percent: 47,49%
	 Crit Inc Heal: 2
	 Crit Inc Damage: 2
Haste
	 Rating: 18285
	 Multiplicative Factor: 0%
	 Eff: 22499,25
	 DR Bracket: 0
	 Base: 5%
	 Effective Percent: 34,09%
Vers
	 Rating: 10608
	 Multiplicative Factor: 0%
	 Eff: 10608
	 DR Bracket: 0
	 Base: 0%
	 Effective Percent: 13,6%
Leech
	 Rating: 3978
	 Multiplicative Factor: 0%
	 Eff: 3978
	 DR Bracket: 0
	 Base: 0%
	 Effective Percent: 3,9%
Avoidance
	 Rating: 0
	 Multiplicative Factor: 0%
	 Eff: 0
	 DR Bracket: 0
	 Base: 0%
	 Effective Percent: 0%
Mastery
	 Rating: 12252
	 Multiplicative Factor: 0%
	 Eff: 22052
	 DR Bracket: 0
	 Base: 21%
	 Effective Percent: 47,25%
----------------------
02:07,799

Intellect
	 Rating: 143666
	 Multiplicative Factor: 12,48%
	 Eff: 143666
Stamina
	 Rating: 878116
	 Multiplicative Factor: 11,3%
	 Eff: 878115,9999999999
Crit
	 Rating: 27602
	 Multiplicative Factor: 0%
	 Eff: 43741,68901479505
	 DR Bracket: 1
	 Base: 24%
	 Effective Percent: 62,49%
	 Crit Inc Heal: 2
	 Crit Inc Damage: 2
Haste
	 Rating: 18285
	 Multiplicative Factor: 0%
	 Eff: 24184,95
	 DR Bracket: 0
	 Base: 7%
	 Effective Percent: 36,64%
Vers
	 Rating: 10608
	 Multiplicative Factor: 0%
	 Eff: 10608
	 DR Bracket: 0
	 Base: 0%
	 Effective Percent: 13,6%
Leech
	 Rating: 3978
	 Multiplicative Factor: 0%
	 Eff: 3978
	 DR Bracket: 0
	 Base: 0%
	 Effective Percent: 3,9%
Avoidance
	 Rating: 0
	 Multiplicative Factor: 0%
	 Eff: 0
	 DR Bracket: 0
	 Base: 0%
	 Effective Percent: 0%
Mastery
	 Rating: 12252
	 Multiplicative Factor: 0%
	 Eff: 22052
	 DR Bracket: 0
	 Base: 21%
	 Effective Percent: 47,25%
----------------------
02:12,990

Intellect
	 Rating: 143666
	 Multiplicative Factor: 12,48%
	 Eff: 143666
Stamina
	 Rating: 878116
	 Multiplicative Factor: 11,3%
	 Eff: 878115,9999999999
Crit
	 Rating: 21617
	 Multiplicative Factor: 0%
	 Eff: 38355,3
	 DR Bracket: 1
	 Base: 24%
	 Effective Percent: 54,79%
	 Crit Inc Heal: 2
	 Crit Inc Damage: 2
Haste
	 Rating: 18285
	 Multiplicative Factor: 0%
	 Eff: 25870,65
	 DR Bracket: 0
	 Base: 9%
	 Effective Percent: 39,2%
Vers
	 Rating: 10608
	 Multiplicative Factor: 0%
	 Eff: 10608
	 DR Bracket: 0
	 Base: 0%
	 Effective Percent: 13,6%
Leech
	 Rating: 3978
	 Multiplicative Factor: 0%
	 Eff: 3978
	 DR Bracket: 0
	 Base: 0%
	 Effective Percent: 3,9%
Avoidance
	 Rating: 0
	 Multiplicative Factor: 0%
	 Eff: 0
	 DR Bracket: 0
	 Base: 0%
	 Effective Percent: 0%
Mastery
	 Rating: 12252
	 Multiplicative Factor: 0%
	 Eff: 22052
	 DR Bracket: 0
	 Base: 21%
	 Effective Percent: 47,25%
----------------------
02:18,053

Intellect
	 Rating: 143666
	 Multiplicative Factor: 12,48%
	 Eff: 143666
Stamina
	 Rating: 878116
	 Multiplicative Factor: 11,3%
	 Eff: 878115,9999999999
Crit
	 Rating: 27602
	 Multiplicative Factor: 0%
	 Eff: 33241,68901479505
	 DR Bracket: 1
	 Base: 9%
	 Effective Percent: 47,49%
	 Crit Inc Heal: 2
	 Crit Inc Damage: 2
Haste
	 Rating: 18285
	 Multiplicative Factor: 0%
	 Eff: 25870,65
	 DR Bracket: 0
	 Base: 9%
	 Effective Percent: 39,2%
Vers
	 Rating: 10608
	 Multiplicative Factor: 0%
	 Eff: 10608
	 DR Bracket: 0
	 Base: 0%
	 Effective Percent: 13,6%
Leech
	 Rating: 3978
	 Multiplicative Factor: 0%
	 Eff: 3978
	 DR Bracket: 0
	 Base: 0%
	 Effective Percent: 3,9%
Avoidance
	 Rating: 0
	 Multiplicative Factor: 0%
	 Eff: 0
	 DR Bracket: 0
	 Base: 0%
	 Effective Percent: 0%
Mastery
	 Rating: 12252
	 Multiplicative Factor: 0%
	 Eff: 22052
	 DR Bracket: 0
	 Base: 21%
	 Effective Percent: 47,25%
----------------------
02:23,139

Intellect
	 Rating: 143666
	 Multiplicative Factor: 12,48%
	 Eff: 143666
Stamina
	 Rating: 878116
	 Multiplicative Factor: 11,3%
	 Eff: 878115,9999999999
Crit
	 Rating: 27602
	 Multiplicative Factor: 0%
	 Eff: 43741,68901479505
	 DR Bracket: 1
	 Base: 24%
	 Effective Percent: 62,49%
	 Crit Inc Heal: 2
	 Crit Inc Damage: 2
Haste
	 Rating: 18285
	 Multiplicative Factor: 0%
	 Eff: 34299,15
	 DR Bracket: 0
	 Base: 19%
	 Effective Percent: 51,97%
Vers
	 Rating: 10608
	 Multiplicative Factor: 0%
	 Eff: 10608
	 DR Bracket: 0
	 Base: 0%
	 Effective Percent: 13,6%
Leech
	 Rating: 3978
	 Multiplicative Factor: 0%
	 Eff: 3978
	 DR Bracket: 0
	 Base: 0%
	 Effective Percent: 3,9%
Avoidance
	 Rating: 0
	 Multiplicative Factor: 0%
	 Eff: 0
	 DR Bracket: 0
	 Base: 0%
	 Effective Percent: 0%
Mastery
	 Rating: 12252
	 Multiplicative Factor: 0%
	 Eff: 22052
	 DR Bracket: 0
	 Base: 21%
	 Effective Percent: 47,25%
----------------------
02:28,166

Intellect
	 Rating: 143666
	 Multiplicative Factor: 12,48%
	 Eff: 143666
Stamina
	 Rating: 878116
	 Multiplicative Factor: 11,3%
	 Eff: 878115,9999999999
Crit
	 Rating: 27602
	 Multiplicative Factor: 0%
	 Eff: 43741,68901479505
	 DR Bracket: 1
	 Base: 24%
	 Effective Percent: 62,49%
	 Crit Inc Heal: 2
	 Crit Inc Damage: 2
Haste
	 Rating: 18285
	 Multiplicative Factor: 0%
	 Eff: 30927,75
	 DR Bracket: 0
	 Base: 15%
	 Effective Percent: 46,86%
Vers
	 Rating: 10608
	 Multiplicative Factor: 0%
	 Eff: 10608
	 DR Bracket: 0
	 Base: 0%
	 Effective Percent: 13,6%
Leech
	 Rating: 3978
	 Multiplicative Factor: 0%
	 Eff: 3978
	 DR Bracket: 0
	 Base: 0%
	 Effective Percent: 3,9%
Avoidance
	 Rating: 0
	 Multiplicative Factor: 0%
	 Eff: 0
	 DR Bracket: 0
	 Base: 0%
	 Effective Percent: 0%
Mastery
	 Rating: 12252
	 Multiplicative Factor: 0%
	 Eff: 22052
	 DR Bracket: 0
	 Base: 21%
	 Effective Percent: 47,25%
----------------------
02:33,251

Intellect
	 Rating: 143666
	 Multiplicative Factor: 12,48%
	 Eff: 143666
Stamina
	 Rating: 878116
	 Multiplicative Factor: 11,3%
	 Eff: 878115,9999999999
Crit
	 Rating: 27602
	 Multiplicative Factor: 0%
	 Eff: 43741,68901479505
	 DR Bracket: 1
	 Base: 24%
	 Effective Percent: 62,49%
	 Crit Inc Heal: 2
	 Crit Inc Damage: 2
Haste
	 Rating: 18285
	 Multiplicative Factor: 0%
	 Eff: 22499,25
	 DR Bracket: 0
	 Base: 5%
	 Effective Percent: 34,09%
Vers
	 Rating: 10608
	 Multiplicative Factor: 0%
	 Eff: 10608
	 DR Bracket: 0
	 Base: 0%
	 Effective Percent: 13,6%
Leech
	 Rating: 3978
	 Multiplicative Factor: 0%
	 Eff: 3978
	 DR Bracket: 0
	 Base: 0%
	 Effective Percent: 3,9%
Avoidance
	 Rating: 0
	 Multiplicative Factor: 0%
	 Eff: 0
	 DR Bracket: 0
	 Base: 0%
	 Effective Percent: 0%
Mastery
	 Rating: 12252
	 Multiplicative Factor: 0%
	 Eff: 22052
	 DR Bracket: 0
	 Base: 21%
	 Effective Percent: 47,25%
----------------------
02:38,287

Intellect
	 Rating: 143666
	 Multiplicative Factor: 12,48%
	 Eff: 143666
Stamina
	 Rating: 878116
	 Multiplicative Factor: 11,3%
	 Eff: 878115,9999999999
Crit
	 Rating: 21617
	 Multiplicative Factor: 0%
	 Eff: 38355,3
	 DR Bracket: 1
	 Base: 24%
	 Effective Percent: 54,79%
	 Crit Inc Heal: 2
	 Crit Inc Damage: 2
Haste
	 Rating: 18285
	 Multiplicative Factor: 0%
	 Eff: 22499,25
	 DR Bracket: 0
	 Base: 5%
	 Effective Percent: 34,09%
Vers
	 Rating: 10608
	 Multiplicative Factor: 0%
	 Eff: 10608
	 DR Bracket: 0
	 Base: 0%
	 Effective Percent: 13,6%
Leech
	 Rating: 3978
	 Multiplicative Factor: 0%
	 Eff: 3978
	 DR Bracket: 0
	 Base: 0%
	 Effective Percent: 3,9%
Avoidance
	 Rating: 0
	 Multiplicative Factor: 0%
	 Eff: 0
	 DR Bracket: 0
	 Base: 0%
	 Effective Percent: 0%
Mastery
	 Rating: 12252
	 Multiplicative Factor: 0%
	 Eff: 22052
	 DR Bracket: 0
	 Base: 21%
	 Effective Percent: 47,25%
----------------------
02:43,807

Intellect
	 Rating: 143666
	 Multiplicative Factor: 12,48%
	 Eff: 143665,99999999994
Stamina
	 Rating: 878116
	 Multiplicative Factor: 11,3%
	 Eff: 878115,9999999999
Crit
	 Rating: 21617
	 Multiplicative Factor: 0%
	 Eff: 27855,3
	 DR Bracket: 1
	 Base: 9%
	 Effective Percent: 39,79%
	 Crit Inc Heal: 2
	 Crit Inc Damage: 2
Haste
	 Rating: 18285
	 Multiplicative Factor: 0%
	 Eff: 22499,25
	 DR Bracket: 0
	 Base: 5%
	 Effective Percent: 34,09%
Vers
	 Rating: 10608
	 Multiplicative Factor: 0%
	 Eff: 10608
	 DR Bracket: 0
	 Base: 0%
	 Effective Percent: 13,6%
Leech
	 Rating: 3978
	 Multiplicative Factor: 0%
	 Eff: 3978
	 DR Bracket: 0
	 Base: 0%
	 Effective Percent: 3,9%
Avoidance
	 Rating: 0
	 Multiplicative Factor: 0%
	 Eff: 0
	 DR Bracket: 0
	 Base: 0%
	 Effective Percent: 0%
Mastery
	 Rating: 12252
	 Multiplicative Factor: 0%
	 Eff: 22052
	 DR Bracket: 0
	 Base: 21%
	 Effective Percent: 47,25%
----------------------
02:48,829

Intellect
	 Rating: 143666
	 Multiplicative Factor: 12,48%
	 Eff: 143665,99999999994
Stamina
	 Rating: 878116
	 Multiplicative Factor: 11,3%
	 Eff: 878115,9999999999
Crit
	 Rating: 21617
	 Multiplicative Factor: 0%
	 Eff: 27855,3
	 DR Bracket: 1
	 Base: 9%
	 Effective Percent: 39,79%
	 Crit Inc Heal: 2
	 Crit Inc Damage: 2
Haste
	 Rating: 18285
	 Multiplicative Factor: 0%
	 Eff: 22499,25
	 DR Bracket: 0
	 Base: 5%
	 Effective Percent: 34,09%
Vers
	 Rating: 10608
	 Multiplicative Factor: 0%
	 Eff: 10608
	 DR Bracket: 0
	 Base: 0%
	 Effective Percent: 13,6%
Leech
	 Rating: 3978
	 Multiplicative Factor: 0%
	 Eff: 3978
	 DR Bracket: 0
	 Base: 0%
	 Effective Percent: 3,9%
Avoidance
	 Rating: 0
	 Multiplicative Factor: 0%
	 Eff: 0
	 DR Bracket: 0
	 Base: 0%
	 Effective Percent: 0%
Mastery
	 Rating: 12252
	 Multiplicative Factor: 0%
	 Eff: 22052
	 DR Bracket: 0
	 Base: 21%
	 Effective Percent: 47,25%
----------------------
02:54,243

Intellect
	 Rating: 143666
	 Multiplicative Factor: 12,48%
	 Eff: 143665,99999999994
Stamina
	 Rating: 878116
	 Multiplicative Factor: 11,3%
	 Eff: 878115,9999999999
Crit
	 Rating: 21617
	 Multiplicative Factor: 0%
	 Eff: 27855,3
	 DR Bracket: 1
	 Base: 9%
	 Effective Percent: 39,79%
	 Crit Inc Heal: 2
	 Crit Inc Damage: 2
Haste
	 Rating: 18285
	 Multiplicative Factor: 0%
	 Eff: 25870,65
	 DR Bracket: 0
	 Base: 9%
	 Effective Percent: 39,2%
Vers
	 Rating: 10608
	 Multiplicative Factor: 0%
	 Eff: 10608
	 DR Bracket: 0
	 Base: 0%
	 Effective Percent: 13,6%
Leech
	 Rating: 3978
	 Multiplicative Factor: 0%
	 Eff: 3978
	 DR Bracket: 0
	 Base: 0%
	 Effective Percent: 3,9%
Avoidance
	 Rating: 0
	 Multiplicative Factor: 0%
	 Eff: 0
	 DR Bracket: 0
	 Base: 0%
	 Effective Percent: 0%
Mastery
	 Rating: 12252
	 Multiplicative Factor: 0%
	 Eff: 22052
	 DR Bracket: 0
	 Base: 21%
	 Effective Percent: 47,25%
----------------------
02:59,311

Intellect
	 Rating: 143666
	 Multiplicative Factor: 12,48%
	 Eff: 143665,99999999994
Stamina
	 Rating: 878116
	 Multiplicative Factor: 11,3%
	 Eff: 878115,9999999999
Crit
	 Rating: 21617
	 Multiplicative Factor: 0%
	 Eff: 27855,3
	 DR Bracket: 1
	 Base: 9%
	 Effective Percent: 39,79%
	 Crit Inc Heal: 2
	 Crit Inc Damage: 2
Haste
	 Rating: 18285
	 Multiplicative Factor: 0%
	 Eff: 27556,35
	 DR Bracket: 0
	 Base: 11%
	 Effective Percent: 41,75%
Vers
	 Rating: 10608
	 Multiplicative Factor: 0%
	 Eff: 10608
	 DR Bracket: 0
	 Base: 0%
	 Effective Percent: 13,6%
Leech
	 Rating: 3978
	 Multiplicative Factor: 0%
	 Eff: 3978
	 DR Bracket: 0
	 Base: 0%
	 Effective Percent: 3,9%
Avoidance
	 Rating: 0
	 Multiplicative Factor: 0%
	 Eff: 0
	 DR Bracket: 0
	 Base: 0%
	 Effective Percent: 0%
Mastery
	 Rating: 12252
	 Multiplicative Factor: 0%
	 Eff: 22052
	 DR Bracket: 0
	 Base: 21%
	 Effective Percent: 47,25%
----------------------
03:04,317

Intellect
	 Rating: 143666
	 Multiplicative Factor: 12,48%
	 Eff: 143665,99999999994
Stamina
	 Rating: 878116
	 Multiplicative Factor: 11,3%
	 Eff: 878115,9999999999
Crit
	 Rating: 21617
	 Multiplicative Factor: 0%
	 Eff: 27855,3
	 DR Bracket: 1
	 Base: 9%
	 Effective Percent: 39,79%
	 Crit Inc Heal: 2
	 Crit Inc Damage: 2
Haste
	 Rating: 18285
	 Multiplicative Factor: 0%
	 Eff: 25870,65
	 DR Bracket: 0
	 Base: 9%
	 Effective Percent: 39,2%
Vers
	 Rating: 10608
	 Multiplicative Factor: 0%
	 Eff: 10608
	 DR Bracket: 0
	 Base: 0%
	 Effective Percent: 13,6%
Leech
	 Rating: 3978
	 Multiplicative Factor: 0%
	 Eff: 3978
	 DR Bracket: 0
	 Base: 0%
	 Effective Percent: 3,9%
Avoidance
	 Rating: 0
	 Multiplicative Factor: 0%
	 Eff: 0
	 DR Bracket: 0
	 Base: 0%
	 Effective Percent: 0%
Mastery
	 Rating: 12252
	 Multiplicative Factor: 0%
	 Eff: 22052
	 DR Bracket: 0
	 Base: 21%
	 Effective Percent: 47,25%
----------------------
03:09,673

Intellect
	 Rating: 143666
	 Multiplicative Factor: 12,48%
	 Eff: 143665,99999999994
Stamina
	 Rating: 878116
	 Multiplicative Factor: 11,3%
	 Eff: 878115,9999999999
Crit
	 Rating: 21617
	 Multiplicative Factor: 0%
	 Eff: 38355,3
	 DR Bracket: 1
	 Base: 24%
	 Effective Percent: 54,79%
	 Crit Inc Heal: 2
	 Crit Inc Damage: 2
Haste
	 Rating: 18285
	 Multiplicative Factor: 0%
	 Eff: 25870,65
	 DR Bracket: 0
	 Base: 9%
	 Effective Percent: 39,2%
Vers
	 Rating: 10608
	 Multiplicative Factor: 0%
	 Eff: 10608
	 DR Bracket: 0
	 Base: 0%
	 Effective Percent: 13,6%
Leech
	 Rating: 3978
	 Multiplicative Factor: 0%
	 Eff: 3978
	 DR Bracket: 0
	 Base: 0%
	 Effective Percent: 3,9%
Avoidance
	 Rating: 0
	 Multiplicative Factor: 0%
	 Eff: 0
	 DR Bracket: 0
	 Base: 0%
	 Effective Percent: 0%
Mastery
	 Rating: 12252
	 Multiplicative Factor: 0%
	 Eff: 22052
	 DR Bracket: 0
	 Base: 21%
	 Effective Percent: 47,25%
----------------------
03:14,689

Intellect
	 Rating: 143666
	 Multiplicative Factor: 12,48%
	 Eff: 143665,99999999994
Stamina
	 Rating: 878116
	 Multiplicative Factor: 11,3%
	 Eff: 878115,9999999999
Crit
	 Rating: 21617
	 Multiplicative Factor: 0%
	 Eff: 38355,3
	 DR Bracket: 1
	 Base: 24%
	 Effective Percent: 54,79%
	 Crit Inc Heal: 2
	 Crit Inc Damage: 2
Haste
	 Rating: 18285
	 Multiplicative Factor: 0%
	 Eff: 24184,95
	 DR Bracket: 0
	 Base: 7%
	 Effective Percent: 36,64%
Vers
	 Rating: 10608
	 Multiplicative Factor: 0%
	 Eff: 10608
	 DR Bracket: 0
	 Base: 0%
	 Effective Percent: 13,6%
Leech
	 Rating: 3978
	 Multiplicative Factor: 0%
	 Eff: 3978
	 DR Bracket: 0
	 Base: 0%
	 Effective Percent: 3,9%
Avoidance
	 Rating: 0
	 Multiplicative Factor: 0%
	 Eff: 0
	 DR Bracket: 0
	 Base: 0%
	 Effective Percent: 0%
Mastery
	 Rating: 12252
	 Multiplicative Factor: 0%
	 Eff: 22052
	 DR Bracket: 0
	 Base: 21%
	 Effective Percent: 47,25%
----------------------
03:19,819

Intellect
	 Rating: 143666
	 Multiplicative Factor: 12,48%
	 Eff: 143665,99999999994
Stamina
	 Rating: 878116
	 Multiplicative Factor: 11,3%
	 Eff: 878115,9999999999
Crit
	 Rating: 27602
	 Multiplicative Factor: 0%
	 Eff: 33241,68901479505
	 DR Bracket: 1
	 Base: 9%
	 Effective Percent: 47,49%
	 Crit Inc Heal: 2
	 Crit Inc Damage: 2
Haste
	 Rating: 18285
	 Multiplicative Factor: 0%
	 Eff: 24184,95
	 DR Bracket: 0
	 Base: 7%
	 Effective Percent: 36,64%
Vers
	 Rating: 10608
	 Multiplicative Factor: 0%
	 Eff: 10608
	 DR Bracket: 0
	 Base: 0%
	 Effective Percent: 13,6%
Leech
	 Rating: 3978
	 Multiplicative Factor: 0%
	 Eff: 3978
	 DR Bracket: 0
	 Base: 0%
	 Effective Percent: 3,9%
Avoidance
	 Rating: 0
	 Multiplicative Factor: 0%
	 Eff: 0
	 DR Bracket: 0
	 Base: 0%
	 Effective Percent: 0%
Mastery
	 Rating: 12252
	 Multiplicative Factor: 0%
	 Eff: 22052
	 DR Bracket: 0
	 Base: 21%
	 Effective Percent: 47,25%
----------------------
03:24,848

Intellect
	 Rating: 143666
	 Multiplicative Factor: 12,48%
	 Eff: 143665,99999999994
Stamina
	 Rating: 878116
	 Multiplicative Factor: 11,3%
	 Eff: 878115,9999999999
Crit
	 Rating: 27602
	 Multiplicative Factor: 0%
	 Eff: 33241,68901479505
	 DR Bracket: 1
	 Base: 9%
	 Effective Percent: 47,49%
	 Crit Inc Heal: 2
	 Crit Inc Damage: 2
Haste
	 Rating: 18285
	 Multiplicative Factor: 0%
	 Eff: 25870,65
	 DR Bracket: 0
	 Base: 9%
	 Effective Percent: 39,2%
Vers
	 Rating: 10608
	 Multiplicative Factor: 0%
	 Eff: 10608
	 DR Bracket: 0
	 Base: 0%
	 Effective Percent: 13,6%
Leech
	 Rating: 3978
	 Multiplicative Factor: 0%
	 Eff: 3978
	 DR Bracket: 0
	 Base: 0%
	 Effective Percent: 3,9%
Avoidance
	 Rating: 0
	 Multiplicative Factor: 0%
	 Eff: 0
	 DR Bracket: 0
	 Base: 0%
	 Effective Percent: 0%
Mastery
	 Rating: 12252
	 Multiplicative Factor: 0%
	 Eff: 22052
	 DR Bracket: 0
	 Base: 21%
	 Effective Percent: 47,25%
----------------------
03:30,132

Intellect
	 Rating: 143666
	 Multiplicative Factor: 12,48%
	 Eff: 143665,99999999994
Stamina
	 Rating: 878116
	 Multiplicative Factor: 11,3%
	 Eff: 878115,9999999999
Crit
	 Rating: 21617
	 Multiplicative Factor: 0%
	 Eff: 27855,3
	 DR Bracket: 1
	 Base: 9%
	 Effective Percent: 39,79%
	 Crit Inc Heal: 2
	 Crit Inc Damage: 2
Haste
	 Rating: 18285
	 Multiplicative Factor: 0%
	 Eff: 27556,35
	 DR Bracket: 0
	 Base: 11%
	 Effective Percent: 41,75%
Vers
	 Rating: 10608
	 Multiplicative Factor: 0%
	 Eff: 10608
	 DR Bracket: 0
	 Base: 0%
	 Effective Percent: 13,6%
Leech
	 Rating: 3978
	 Multiplicative Factor: 0%
	 Eff: 3978
	 DR Bracket: 0
	 Base: 0%
	 Effective Percent: 3,9%
Avoidance
	 Rating: 0
	 Multiplicative Factor: 0%
	 Eff: 0
	 DR Bracket: 0
	 Base: 0%
	 Effective Percent: 0%
Mastery
	 Rating: 12252
	 Multiplicative Factor: 0%
	 Eff: 22052
	 DR Bracket: 0
	 Base: 21%
	 Effective Percent: 47,25%
----------------------
03:35,209

Intellect
	 Rating: 143666
	 Multiplicative Factor: 12,48%
	 Eff: 143665,99999999994
Stamina
	 Rating: 878116
	 Multiplicative Factor: 11,3%
	 Eff: 878115,9999999999
Crit
	 Rating: 21617
	 Multiplicative Factor: 0%
	 Eff: 27855,3
	 DR Bracket: 1
	 Base: 9%
	 Effective Percent: 39,79%
	 Crit Inc Heal: 2
	 Crit Inc Damage: 2
Haste
	 Rating: 18285
	 Multiplicative Factor: 0%
	 Eff: 24184,95
	 DR Bracket: 0
	 Base: 7%
	 Effective Percent: 36,64%
Vers
	 Rating: 10608
	 Multiplicative Factor: 0%
	 Eff: 10608
	 DR Bracket: 0
	 Base: 0%
	 Effective Percent: 13,6%
Leech
	 Rating: 3978
	 Multiplicative Factor: 0%
	 Eff: 3978
	 DR Bracket: 0
	 Base: 0%
	 Effective Percent: 3,9%
Avoidance
	 Rating: 0
	 Multiplicative Factor: 0%
	 Eff: 0
	 DR Bracket: 0
	 Base: 0%
	 Effective Percent: 0%
Mastery
	 Rating: 12252
	 Multiplicative Factor: 0%
	 Eff: 22052
	 DR Bracket: 0
	 Base: 21%
	 Effective Percent: 47,25%
----------------------
03:40,554

Intellect
	 Rating: 143666
	 Multiplicative Factor: 12,48%
	 Eff: 143665,99999999994
Stamina
	 Rating: 878116
	 Multiplicative Factor: 11,3%
	 Eff: 878115,9999999999
Crit
	 Rating: 21617
	 Multiplicative Factor: 0%
	 Eff: 27855,3
	 DR Bracket: 1
	 Base: 9%
	 Effective Percent: 39,79%
	 Crit Inc Heal: 2
	 Crit Inc Damage: 2
Haste
	 Rating: 18285
	 Multiplicative Factor: 0%
	 Eff: 22499,25
	 DR Bracket: 0
	 Base: 5%
	 Effective Percent: 34,09%
Vers
	 Rating: 10608
	 Multiplicative Factor: 0%
	 Eff: 10608
	 DR Bracket: 0
	 Base: 0%
	 Effective Percent: 13,6%
Leech
	 Rating: 3978
	 Multiplicative Factor: 0%
	 Eff: 3978
	 DR Bracket: 0
	 Base: 0%
	 Effective Percent: 3,9%
Avoidance
	 Rating: 0
	 Multiplicative Factor: 0%
	 Eff: 0
	 DR Bracket: 0
	 Base: 0%
	 Effective Percent: 0%
Mastery
	 Rating: 12252
	 Multiplicative Factor: 0%
	 Eff: 22052
	 DR Bracket: 0
	 Base: 21%
	 Effective Percent: 47,25%
----------------------
03:45,748

Intellect
	 Rating: 143666
	 Multiplicative Factor: 12,48%
	 Eff: 143665,99999999994
Stamina
	 Rating: 878116
	 Multiplicative Factor: 11,3%
	 Eff: 878115,9999999999
Crit
	 Rating: 21617
	 Multiplicative Factor: 0%
	 Eff: 27855,3
	 DR Bracket: 1
	 Base: 9%
	 Effective Percent: 39,79%
	 Crit Inc Heal: 2
	 Crit Inc Damage: 2
Haste
	 Rating: 18285
	 Multiplicative Factor: 0%
	 Eff: 22499,25
	 DR Bracket: 0
	 Base: 5%
	 Effective Percent: 34,09%
Vers
	 Rating: 10608
	 Multiplicative Factor: 0%
	 Eff: 10608
	 DR Bracket: 0
	 Base: 0%
	 Effective Percent: 13,6%
Leech
	 Rating: 3978
	 Multiplicative Factor: 0%
	 Eff: 3978
	 DR Bracket: 0
	 Base: 0%
	 Effective Percent: 3,9%
Avoidance
	 Rating: 0
	 Multiplicative Factor: 0%
	 Eff: 0
	 DR Bracket: 0
	 Base: 0%
	 Effective Percent: 0%
Mastery
	 Rating: 12252
	 Multiplicative Factor: 0%
	 Eff: 22052
	 DR Bracket: 0
	 Base: 21%
	 Effective Percent: 47,25%
----------------------
03:50,770

Intellect
	 Rating: 143666
	 Multiplicative Factor: 12,48%
	 Eff: 143665,99999999994
Stamina
	 Rating: 878116
	 Multiplicative Factor: 11,3%
	 Eff: 878115,9999999999
Crit
	 Rating: 21617
	 Multiplicative Factor: 0%
	 Eff: 27855,3
	 DR Bracket: 1
	 Base: 9%
	 Effective Percent: 39,79%
	 Crit Inc Heal: 2
	 Crit Inc Damage: 2
Haste
	 Rating: 18285
	 Multiplicative Factor: 0%
	 Eff: 22499,25
	 DR Bracket: 0
	 Base: 5%
	 Effective Percent: 34,09%
Vers
	 Rating: 10608
	 Multiplicative Factor: 0%
	 Eff: 10608
	 DR Bracket: 0
	 Base: 0%
	 Effective Percent: 13,6%
Leech
	 Rating: 3978
	 Multiplicative Factor: 0%
	 Eff: 3978
	 DR Bracket: 0
	 Base: 0%
	 Effective Percent: 3,9%
Avoidance
	 Rating: 0
	 Multiplicative Factor: 0%
	 Eff: 0
	 DR Bracket: 0
	 Base: 0%
	 Effective Percent: 0%
Mastery
	 Rating: 12252
	 Multiplicative Factor: 0%
	 Eff: 22052
	 DR Bracket: 0
	 Base: 21%
	 Effective Percent: 47,25%
----------------------
03:55,839

Intellect
	 Rating: 143666
	 Multiplicative Factor: 12,48%
	 Eff: 143665,99999999994
Stamina
	 Rating: 878116
	 Multiplicative Factor: 11,3%
	 Eff: 878115,9999999999
Crit
	 Rating: 21617
	 Multiplicative Factor: 0%
	 Eff: 27855,3
	 DR Bracket: 1
	 Base: 9%
	 Effective Percent: 39,79%
	 Crit Inc Heal: 2
	 Crit Inc Damage: 2
Haste
	 Rating: 18285
	 Multiplicative Factor: 0%
	 Eff: 24184,95
	 DR Bracket: 0
	 Base: 7%
	 Effective Percent: 36,64%
Vers
	 Rating: 10608
	 Multiplicative Factor: 0%
	 Eff: 10608
	 DR Bracket: 0
	 Base: 0%
	 Effective Percent: 13,6%
Leech
	 Rating: 3978
	 Multiplicative Factor: 0%
	 Eff: 3978
	 DR Bracket: 0
	 Base: 0%
	 Effective Percent: 3,9%
Avoidance
	 Rating: 0
	 Multiplicative Factor: 0%
	 Eff: 0
	 DR Bracket: 0
	 Base: 0%
	 Effective Percent: 0%
Mastery
	 Rating: 12252
	 Multiplicative Factor: 0%
	 Eff: 22052
	 DR Bracket: 0
	 Base: 21%
	 Effective Percent: 47,25%
----------------------
04:00,932

Intellect
	 Rating: 143666
	 Multiplicative Factor: 12,48%
	 Eff: 143665,99999999994
Stamina
	 Rating: 878116
	 Multiplicative Factor: 11,3%
	 Eff: 878115,9999999999
Crit
	 Rating: 21617
	 Multiplicative Factor: 0%
	 Eff: 27855,3
	 DR Bracket: 1
	 Base: 9%
	 Effective Percent: 39,79%
	 Crit Inc Heal: 2
	 Crit Inc Damage: 2
Haste
	 Rating: 18285
	 Multiplicative Factor: 0%
	 Eff: 25870,65
	 DR Bracket: 0
	 Base: 9%
	 Effective Percent: 39,2%
Vers
	 Rating: 10608
	 Multiplicative Factor: 0%
	 Eff: 10608
	 DR Bracket: 0
	 Base: 0%
	 Effective Percent: 13,6%
Leech
	 Rating: 3978
	 Multiplicative Factor: 0%
	 Eff: 3978
	 DR Bracket: 0
	 Base: 0%
	 Effective Percent: 3,9%
Avoidance
	 Rating: 0
	 Multiplicative Factor: 0%
	 Eff: 0
	 DR Bracket: 0
	 Base: 0%
	 Effective Percent: 0%
Mastery
	 Rating: 12252
	 Multiplicative Factor: 0%
	 Eff: 22052
	 DR Bracket: 0
	 Base: 21%
	 Effective Percent: 47,25%
----------------------
04:05,983

Intellect
	 Rating: 143666
	 Multiplicative Factor: 12,48%
	 Eff: 143665,99999999994
Stamina
	 Rating: 878116
	 Multiplicative Factor: 11,3%
	 Eff: 878115,9999999999
Crit
	 Rating: 27602
	 Multiplicative Factor: 0%
	 Eff: 33241,68901479505
	 DR Bracket: 1
	 Base: 9%
	 Effective Percent: 47,49%
	 Crit Inc Heal: 2
	 Crit Inc Damage: 2
Haste
	 Rating: 18285
	 Multiplicative Factor: 0%
	 Eff: 24184,95
	 DR Bracket: 0
	 Base: 7%
	 Effective Percent: 36,64%
Vers
	 Rating: 10608
	 Multiplicative Factor: 0%
	 Eff: 10608
	 DR Bracket: 0
	 Base: 0%
	 Effective Percent: 13,6%
Leech
	 Rating: 3978
	 Multiplicative Factor: 0%
	 Eff: 3978
	 DR Bracket: 0
	 Base: 0%
	 Effective Percent: 3,9%
Avoidance
	 Rating: 0
	 Multiplicative Factor: 0%
	 Eff: 0
	 DR Bracket: 0
	 Base: 0%
	 Effective Percent: 0%
Mastery
	 Rating: 12252
	 Multiplicative Factor: 0%
	 Eff: 22052
	 DR Bracket: 0
	 Base: 21%
	 Effective Percent: 47,25%
----------------------
04:11,006

Intellect
	 Rating: 143666
	 Multiplicative Factor: 12,48%
	 Eff: 143665,99999999994
Stamina
	 Rating: 878116
	 Multiplicative Factor: 11,3%
	 Eff: 878115,9999999999
Crit
	 Rating: 27602
	 Multiplicative Factor: 0%
	 Eff: 43741,68901479505
	 DR Bracket: 1
	 Base: 24%
	 Effective Percent: 62,49%
	 Crit Inc Heal: 2
	 Crit Inc Damage: 2
Haste
	 Rating: 18285
	 Multiplicative Factor: 0%
	 Eff: 24184,95
	 DR Bracket: 0
	 Base: 7%
	 Effective Percent: 36,64%
Vers
	 Rating: 10608
	 Multiplicative Factor: 0%
	 Eff: 10608
	 DR Bracket: 0
	 Base: 0%
	 Effective Percent: 13,6%
Leech
	 Rating: 3978
	 Multiplicative Factor: 0%
	 Eff: 3978
	 DR Bracket: 0
	 Base: 0%
	 Effective Percent: 3,9%
Avoidance
	 Rating: 0
	 Multiplicative Factor: 0%
	 Eff: 0
	 DR Bracket: 0
	 Base: 0%
	 Effective Percent: 0%
Mastery
	 Rating: 12252
	 Multiplicative Factor: 0%
	 Eff: 22052
	 DR Bracket: 0
	 Base: 21%
	 Effective Percent: 47,25%
----------------------
04:16,009

Intellect
	 Rating: 143666
	 Multiplicative Factor: 12,48%
	 Eff: 143665,99999999994
Stamina
	 Rating: 878116
	 Multiplicative Factor: 11,3%
	 Eff: 878115,9999999999
Crit
	 Rating: 21617
	 Multiplicative Factor: 0%
	 Eff: 38355,3
	 DR Bracket: 1
	 Base: 24%
	 Effective Percent: 54,79%
	 Crit Inc Heal: 2
	 Crit Inc Damage: 2
Haste
	 Rating: 18285
	 Multiplicative Factor: 0%
	 Eff: 24184,95
	 DR Bracket: 0
	 Base: 7%
	 Effective Percent: 36,64%
Vers
	 Rating: 10608
	 Multiplicative Factor: 0%
	 Eff: 10608
	 DR Bracket: 0
	 Base: 0%
	 Effective Percent: 13,6%
Leech
	 Rating: 3978
	 Multiplicative Factor: 0%
	 Eff: 3978
	 DR Bracket: 0
	 Base: 0%
	 Effective Percent: 3,9%
Avoidance
	 Rating: 0
	 Multiplicative Factor: 0%
	 Eff: 0
	 DR Bracket: 0
	 Base: 0%
	 Effective Percent: 0%
Mastery
	 Rating: 12252
	 Multiplicative Factor: 0%
	 Eff: 22052
	 DR Bracket: 0
	 Base: 21%
	 Effective Percent: 47,25%
----------------------
04:21,060

Intellect
	 Rating: 143666
	 Multiplicative Factor: 12,48%
	 Eff: 143665,99999999994
Stamina
	 Rating: 878116
	 Multiplicative Factor: 11,3%
	 Eff: 878115,9999999999
Crit
	 Rating: 21617
	 Multiplicative Factor: 0%
	 Eff: 38355,3
	 DR Bracket: 1
	 Base: 24%
	 Effective Percent: 54,79%
	 Crit Inc Heal: 2
	 Crit Inc Damage: 2
Haste
	 Rating: 18285
	 Multiplicative Factor: 0%
	 Eff: 24184,95
	 DR Bracket: 0
	 Base: 7%
	 Effective Percent: 36,64%
Vers
	 Rating: 10608
	 Multiplicative Factor: 0%
	 Eff: 10608
	 DR Bracket: 0
	 Base: 0%
	 Effective Percent: 13,6%
Leech
	 Rating: 3978
	 Multiplicative Factor: 0%
	 Eff: 3978
	 DR Bracket: 0
	 Base: 0%
	 Effective Percent: 3,9%
Avoidance
	 Rating: 0
	 Multiplicative Factor: 0%
	 Eff: 0
	 DR Bracket: 0
	 Base: 0%
	 Effective Percent: 0%
Mastery
	 Rating: 12252
	 Multiplicative Factor: 0%
	 Eff: 22052
	 DR Bracket: 0
	 Base: 21%
	 Effective Percent: 47,25%
----------------------
04:26,156

Intellect
	 Rating: 143666
	 Multiplicative Factor: 12,48%
	 Eff: 143665,99999999994
Stamina
	 Rating: 878116
	 Multiplicative Factor: 11,3%
	 Eff: 878115,9999999999
Crit
	 Rating: 27602
	 Multiplicative Factor: 0%
	 Eff: 33241,68901479505
	 DR Bracket: 1
	 Base: 9%
	 Effective Percent: 47,49%
	 Crit Inc Heal: 2
	 Crit Inc Damage: 2
Haste
	 Rating: 18285
	 Multiplicative Factor: 0%
	 Eff: 49470,45
	 DR Bracket: 0
	 Base: 37%
	 Effective Percent: 74,96%
Vers
	 Rating: 10608
	 Multiplicative Factor: 0%
	 Eff: 10608
	 DR Bracket: 0
	 Base: 0%
	 Effective Percent: 13,6%
Leech
	 Rating: 3978
	 Multiplicative Factor: 0%
	 Eff: 3978
	 DR Bracket: 0
	 Base: 0%
	 Effective Percent: 3,9%
Avoidance
	 Rating: 0
	 Multiplicative Factor: 0%
	 Eff: 0
	 DR Bracket: 0
	 Base: 0%
	 Effective Percent: 0%
Mastery
	 Rating: 12252
	 Multiplicative Factor: 0%
	 Eff: 22052
	 DR Bracket: 0
	 Base: 21%
	 Effective Percent: 47,25%
----------------------
04:31,203

Intellect
	 Rating: 143666
	 Multiplicative Factor: 12,48%
	 Eff: 143665,99999999994
Stamina
	 Rating: 878116
	 Multiplicative Factor: 11,3%
	 Eff: 878115,9999999999
Crit
	 Rating: 27602
	 Multiplicative Factor: 0%
	 Eff: 43741,68901479505
	 DR Bracket: 1
	 Base: 24%
	 Effective Percent: 62,49%
	 Crit Inc Heal: 2
	 Crit Inc Damage: 2
Haste
	 Rating: 18285
	 Multiplicative Factor: 0%
	 Eff: 57898,950000000004
	 DR Bracket: 0
	 Base: 47%
	 Effective Percent: 87,73%
Vers
	 Rating: 10608
	 Multiplicative Factor: 0%
	 Eff: 10608
	 DR Bracket: 0
	 Base: 0%
	 Effective Percent: 13,6%
Leech
	 Rating: 3978
	 Multiplicative Factor: 0%
	 Eff: 3978
	 DR Bracket: 0
	 Base: 0%
	 Effective Percent: 3,9%
Avoidance
	 Rating: 0
	 Multiplicative Factor: 0%
	 Eff: 0
	 DR Bracket: 0
	 Base: 0%
	 Effective Percent: 0%
Mastery
	 Rating: 12252
	 Multiplicative Factor: 0%
	 Eff: 22052
	 DR Bracket: 0
	 Base: 21%
	 Effective Percent: 47,25%
----------------------
04:36,215

Intellect
	 Rating: 143666
	 Multiplicative Factor: 12,48%
	 Eff: 143665,99999999994
Stamina
	 Rating: 878116
	 Multiplicative Factor: 11,3%
	 Eff: 878115,9999999999
Crit
	 Rating: 21617
	 Multiplicative Factor: 0%
	 Eff: 38355,3
	 DR Bracket: 1
	 Base: 24%
	 Effective Percent: 54,79%
	 Crit Inc Heal: 2
	 Crit Inc Damage: 2
Haste
	 Rating: 18285
	 Multiplicative Factor: 0%
	 Eff: 57898,950000000004
	 DR Bracket: 0
	 Base: 47%
	 Effective Percent: 87,73%
Vers
	 Rating: 10608
	 Multiplicative Factor: 0%
	 Eff: 10608
	 DR Bracket: 0
	 Base: 0%
	 Effective Percent: 13,6%
Leech
	 Rating: 3978
	 Multiplicative Factor: 0%
	 Eff: 3978
	 DR Bracket: 0
	 Base: 0%
	 Effective Percent: 3,9%
Avoidance
	 Rating: 0
	 Multiplicative Factor: 0%
	 Eff: 0
	 DR Bracket: 0
	 Base: 0%
	 Effective Percent: 0%
Mastery
	 Rating: 12252
	 Multiplicative Factor: 0%
	 Eff: 22052
	 DR Bracket: 0
	 Base: 21%
	 Effective Percent: 47,25%
----------------------
04:41,269

Intellect
	 Rating: 143666
	 Multiplicative Factor: 12,48%
	 Eff: 143665,99999999994
Stamina
	 Rating: 878116
	 Multiplicative Factor: 11,3%
	 Eff: 878115,9999999999
Crit
	 Rating: 21617
	 Multiplicative Factor: 0%
	 Eff: 38355,3
	 DR Bracket: 1
	 Base: 24%
	 Effective Percent: 54,79%
	 Crit Inc Heal: 2
	 Crit Inc Damage: 2
Haste
	 Rating: 18285
	 Multiplicative Factor: 0%
	 Eff: 49470,45
	 DR Bracket: 0
	 Base: 37%
	 Effective Percent: 74,96%
Vers
	 Rating: 10608
	 Multiplicative Factor: 0%
	 Eff: 10608
	 DR Bracket: 0
	 Base: 0%
	 Effective Percent: 13,6%
Leech
	 Rating: 3978
	 Multiplicative Factor: 0%
	 Eff: 3978
	 DR Bracket: 0
	 Base: 0%
	 Effective Percent: 3,9%
Avoidance
	 Rating: 0
	 Multiplicative Factor: 0%
	 Eff: 0
	 DR Bracket: 0
	 Base: 0%
	 Effective Percent: 0%
Mastery
	 Rating: 12252
	 Multiplicative Factor: 0%
	 Eff: 22052
	 DR Bracket: 0
	 Base: 21%
	 Effective Percent: 47,25%
----------------------
04:46,353

Intellect
	 Rating: 143666
	 Multiplicative Factor: 12,48%
	 Eff: 143665,99999999994
Stamina
	 Rating: 878116
	 Multiplicative Factor: 11,3%
	 Eff: 878115,9999999999
Crit
	 Rating: 21617
	 Multiplicative Factor: 0%
	 Eff: 38355,3
	 DR Bracket: 1
	 Base: 24%
	 Effective Percent: 54,79%
	 Crit Inc Heal: 2
	 Crit Inc Damage: 2
Haste
	 Rating: 18285
	 Multiplicative Factor: 0%
	 Eff: 47784,75
	 DR Bracket: 0
	 Base: 35%
	 Effective Percent: 72,4%
Vers
	 Rating: 10608
	 Multiplicative Factor: 0%
	 Eff: 10608
	 DR Bracket: 0
	 Base: 0%
	 Effective Percent: 13,6%
Leech
	 Rating: 3978
	 Multiplicative Factor: 0%
	 Eff: 3978
	 DR Bracket: 0
	 Base: 0%
	 Effective Percent: 3,9%
Avoidance
	 Rating: 0
	 Multiplicative Factor: 0%
	 Eff: 0
	 DR Bracket: 0
	 Base: 0%
	 Effective Percent: 0%
Mastery
	 Rating: 12252
	 Multiplicative Factor: 0%
	 Eff: 22052
	 DR Bracket: 0
	 Base: 21%
	 Effective Percent: 47,25%
----------------------
04:51,387

Intellect
	 Rating: 143666
	 Multiplicative Factor: 12,48%
	 Eff: 143665,99999999994
Stamina
	 Rating: 878116
	 Multiplicative Factor: 11,3%
	 Eff: 878115,9999999999
Crit
	 Rating: 21617
	 Multiplicative Factor: 0%
	 Eff: 27855,3
	 DR Bracket: 1
	 Base: 9%
	 Effective Percent: 39,79%
	 Crit Inc Heal: 2
	 Crit Inc Damage: 2
Haste
	 Rating: 18285
	 Multiplicative Factor: 0%
	 Eff: 49470,45
	 DR Bracket: 0
	 Base: 37%
	 Effective Percent: 74,96%
Vers
	 Rating: 10608
	 Multiplicative Factor: 0%
	 Eff: 10608
	 DR Bracket: 0
	 Base: 0%
	 Effective Percent: 13,6%
Leech
	 Rating: 3978
	 Multiplicative Factor: 0%
	 Eff: 3978
	 DR Bracket: 0
	 Base: 0%
	 Effective Percent: 3,9%
Avoidance
	 Rating: 0
	 Multiplicative Factor: 0%
	 Eff: 0
	 DR Bracket: 0
	 Base: 0%
	 Effective Percent: 0%
Mastery
	 Rating: 12252
	 Multiplicative Factor: 0%
	 Eff: 22052
	 DR Bracket: 0
	 Base: 21%
	 Effective Percent: 47,25%
----------------------
04:56,412

Intellect
	 Rating: 143666
	 Multiplicative Factor: 12,48%
	 Eff: 143665,99999999994
Stamina
	 Rating: 878116
	 Multiplicative Factor: 11,3%
	 Eff: 878115,9999999999
Crit
	 Rating: 21617
	 Multiplicative Factor: 0%
	 Eff: 27855,3
	 DR Bracket: 1
	 Base: 9%
	 Effective Percent: 39,79%
	 Crit Inc Heal: 2
	 Crit Inc Damage: 2
Haste
	 Rating: 18285
	 Multiplicative Factor: 0%
	 Eff: 52841,85
	 DR Bracket: 0
	 Base: 41%
	 Effective Percent: 80,06%
Vers
	 Rating: 10608
	 Multiplicative Factor: 0%
	 Eff: 10608
	 DR Bracket: 0
	 Base: 0%
	 Effective Percent: 13,6%
Leech
	 Rating: 3978
	 Multiplicative Factor: 0%
	 Eff: 3978
	 DR Bracket: 0
	 Base: 0%
	 Effective Percent: 3,9%
Avoidance
	 Rating: 0
	 Multiplicative Factor: 0%
	 Eff: 0
	 DR Bracket: 0
	 Base: 0%
	 Effective Percent: 0%
Mastery
	 Rating: 12252
	 Multiplicative Factor: 0%
	 Eff: 22052
	 DR Bracket: 0
	 Base: 21%
	 Effective Percent: 47,25%
----------------------
05:01,417

Intellect
	 Rating: 143666
	 Multiplicative Factor: 12,48%
	 Eff: 143665,99999999994
Stamina
	 Rating: 878116
	 Multiplicative Factor: 11,3%
	 Eff: 878115,9999999999
Crit
	 Rating: 21617
	 Multiplicative Factor: 0%
	 Eff: 27855,3
	 DR Bracket: 1
	 Base: 9%
	 Effective Percent: 39,79%
	 Crit Inc Heal: 2
	 Crit Inc Damage: 2
Haste
	 Rating: 18285
	 Multiplicative Factor: 0%
	 Eff: 52841,85
	 DR Bracket: 0
	 Base: 41%
	 Effective Percent: 80,06%
Vers
	 Rating: 10608
	 Multiplicative Factor: 0%
	 Eff: 10608
	 DR Bracket: 0
	 Base: 0%
	 Effective Percent: 13,6%
Leech
	 Rating: 3978
	 Multiplicative Factor: 0%
	 Eff: 3978
	 DR Bracket: 0
	 Base: 0%
	 Effective Percent: 3,9%
Avoidance
	 Rating: 0
	 Multiplicative Factor: 0%
	 Eff: 0
	 DR Bracket: 0
	 Base: 0%
	 Effective Percent: 0%
Mastery
	 Rating: 12252
	 Multiplicative Factor: 0%
	 Eff: 22052
	 DR Bracket: 0
	 Base: 21%
	 Effective Percent: 47,25%
----------------------
05:06,640

Intellect
	 Rating: 143666
	 Multiplicative Factor: 12,48%
	 Eff: 143665,99999999994
Stamina
	 Rating: 878116
	 Multiplicative Factor: 11,3%
	 Eff: 878115,9999999999
Crit
	 Rating: 21617
	 Multiplicative Factor: 0%
	 Eff: 27855,3
	 DR Bracket: 1
	 Base: 9%
	 Effective Percent: 39,79%
	 Crit Inc Heal: 2
	 Crit Inc Damage: 2
Haste
	 Rating: 18285
	 Multiplicative Factor: 0%
	 Eff: 24184,95
	 DR Bracket: 0
	 Base: 7%
	 Effective Percent: 36,64%
Vers
	 Rating: 10608
	 Multiplicative Factor: 0%
	 Eff: 10608
	 DR Bracket: 0
	 Base: 0%
	 Effective Percent: 13,6%
Leech
	 Rating: 3978
	 Multiplicative Factor: 0%
	 Eff: 3978
	 DR Bracket: 0
	 Base: 0%
	 Effective Percent: 3,9%
Avoidance
	 Rating: 0
	 Multiplicative Factor: 0%
	 Eff: 0
	 DR Bracket: 0
	 Base: 0%
	 Effective Percent: 0%
Mastery
	 Rating: 12252
	 Multiplicative Factor: 0%
	 Eff: 22052
	 DR Bracket: 0
	 Base: 21%
	 Effective Percent: 47,25%
----------------------
05:11,690

Intellect
	 Rating: 143666
	 Multiplicative Factor: 12,48%
	 Eff: 143665,99999999994
Stamina
	 Rating: 878116
	 Multiplicative Factor: 11,3%
	 Eff: 878115,9999999999
Crit
	 Rating: 27602
	 Multiplicative Factor: 0%
	 Eff: 43741,68901479505
	 DR Bracket: 1
	 Base: 24%
	 Effective Percent: 62,49%
	 Crit Inc Heal: 2
	 Crit Inc Damage: 2
Haste
	 Rating: 18285
	 Multiplicative Factor: 0%
	 Eff: 24184,95
	 DR Bracket: 0
	 Base: 7%
	 Effective Percent: 36,64%
Vers
	 Rating: 10608
	 Multiplicative Factor: 0%
	 Eff: 10608
	 DR Bracket: 0
	 Base: 0%
	 Effective Percent: 13,6%
Leech
	 Rating: 3978
	 Multiplicative Factor: 0%
	 Eff: 3978
	 DR Bracket: 0
	 Base: 0%
	 Effective Percent: 3,9%
Avoidance
	 Rating: 0
	 Multiplicative Factor: 0%
	 Eff: 0
	 DR Bracket: 0
	 Base: 0%
	 Effective Percent: 0%
Mastery
	 Rating: 12252
	 Multiplicative Factor: 0%
	 Eff: 22052
	 DR Bracket: 0
	 Base: 21%
	 Effective Percent: 47,25%
----------------------
05:16,709

Intellect
	 Rating: 143666
	 Multiplicative Factor: 12,48%
	 Eff: 143665,99999999994
Stamina
	 Rating: 878116
	 Multiplicative Factor: 11,3%
	 Eff: 878115,9999999999
Crit
	 Rating: 27602
	 Multiplicative Factor: 0%
	 Eff: 43741,68901479505
	 DR Bracket: 1
	 Base: 24%
	 Effective Percent: 62,49%
	 Crit Inc Heal: 2
	 Crit Inc Damage: 2
Haste
	 Rating: 18285
	 Multiplicative Factor: 0%
	 Eff: 24184,95
	 DR Bracket: 0
	 Base: 7%
	 Effective Percent: 36,64%
Vers
	 Rating: 10608
	 Multiplicative Factor: 0%
	 Eff: 10608
	 DR Bracket: 0
	 Base: 0%
	 Effective Percent: 13,6%
Leech
	 Rating: 3978
	 Multiplicative Factor: 0%
	 Eff: 3978
	 DR Bracket: 0
	 Base: 0%
	 Effective Percent: 3,9%
Avoidance
	 Rating: 0
	 Multiplicative Factor: 0%
	 Eff: 0
	 DR Bracket: 0
	 Base: 0%
	 Effective Percent: 0%
Mastery
	 Rating: 12252
	 Multiplicative Factor: 0%
	 Eff: 22052
	 DR Bracket: 0
	 Base: 21%
	 Effective Percent: 47,25%
----------------------
05:21,783

Intellect
	 Rating: 143666
	 Multiplicative Factor: 12,48%
	 Eff: 143665,99999999994
Stamina
	 Rating: 878116
	 Multiplicative Factor: 11,3%
	 Eff: 878115,9999999999
Crit
	 Rating: 33587
	 Multiplicative Factor: 0%
	 Eff: 48569,40269296897
	 DR Bracket: 2
	 Base: 24%
	 Effective Percent: 69,38%
	 Crit Inc Heal: 2
	 Crit Inc Damage: 2
Haste
	 Rating: 18285
	 Multiplicative Factor: 0%
	 Eff: 24184,95
	 DR Bracket: 0
	 Base: 7%
	 Effective Percent: 36,64%
Vers
	 Rating: 10608
	 Multiplicative Factor: 0%
	 Eff: 10608
	 DR Bracket: 0
	 Base: 0%
	 Effective Percent: 13,6%
Leech
	 Rating: 3978
	 Multiplicative Factor: 0%
	 Eff: 3978
	 DR Bracket: 0
	 Base: 0%
	 Effective Percent: 3,9%
Avoidance
	 Rating: 0
	 Multiplicative Factor: 0%
	 Eff: 0
	 DR Bracket: 0
	 Base: 0%
	 Effective Percent: 0%
Mastery
	 Rating: 12252
	 Multiplicative Factor: 0%
	 Eff: 22052
	 DR Bracket: 0
	 Base: 21%
	 Effective Percent: 47,25%
----------------------
05:26,839

Intellect
	 Rating: 143666
	 Multiplicative Factor: 12,48%
	 Eff: 143665,99999999994
Stamina
	 Rating: 878116
	 Multiplicative Factor: 11,3%
	 Eff: 878115,9999999999
Crit
	 Rating: 33587
	 Multiplicative Factor: 0%
	 Eff: 38069,40269296897
	 DR Bracket: 2
	 Base: 9%
	 Effective Percent: 54,38%
	 Crit Inc Heal: 2
	 Crit Inc Damage: 2
Haste
	 Rating: 18285
	 Multiplicative Factor: 0%
	 Eff: 24184,95
	 DR Bracket: 0
	 Base: 7%
	 Effective Percent: 36,64%
Vers
	 Rating: 10608
	 Multiplicative Factor: 0%
	 Eff: 10608
	 DR Bracket: 0
	 Base: 0%
	 Effective Percent: 13,6%
Leech
	 Rating: 3978
	 Multiplicative Factor: 0%
	 Eff: 3978
	 DR Bracket: 0
	 Base: 0%
	 Effective Percent: 3,9%
Avoidance
	 Rating: 0
	 Multiplicative Factor: 0%
	 Eff: 0
	 DR Bracket: 0
	 Base: 0%
	 Effective Percent: 0%
Mastery
	 Rating: 12252
	 Multiplicative Factor: 0%
	 Eff: 22052
	 DR Bracket: 0
	 Base: 21%
	 Effective Percent: 47,25%
----------------------
05:31,896

Intellect
	 Rating: 143666
	 Multiplicative Factor: 12,48%
	 Eff: 143665,99999999994
Stamina
	 Rating: 878116
	 Multiplicative Factor: 11,3%
	 Eff: 878115,9999999999
Crit
	 Rating: 21617
	 Multiplicative Factor: 0%
	 Eff: 27855,3
	 DR Bracket: 1
	 Base: 9%
	 Effective Percent: 39,79%
	 Crit Inc Heal: 2
	 Crit Inc Damage: 2
Haste
	 Rating: 18285
	 Multiplicative Factor: 0%
	 Eff: 24184,95
	 DR Bracket: 0
	 Base: 7%
	 Effective Percent: 36,64%
Vers
	 Rating: 10608
	 Multiplicative Factor: 0%
	 Eff: 10608
	 DR Bracket: 0
	 Base: 0%
	 Effective Percent: 13,6%
Leech
	 Rating: 3978
	 Multiplicative Factor: 0%
	 Eff: 3978
	 DR Bracket: 0
	 Base: 0%
	 Effective Percent: 3,9%
Avoidance
	 Rating: 0
	 Multiplicative Factor: 0%
	 Eff: 0
	 DR Bracket: 0
	 Base: 0%
	 Effective Percent: 0%
Mastery
	 Rating: 12252
	 Multiplicative Factor: 0%
	 Eff: 22052
	 DR Bracket: 0
	 Base: 21%
	 Effective Percent: 47,25%
----------------------
05:36,979

Intellect
	 Rating: 143666
	 Multiplicative Factor: 12,48%
	 Eff: 143665,99999999994
Stamina
	 Rating: 878116
	 Multiplicative Factor: 11,3%
	 Eff: 878115,9999999999
Crit
	 Rating: 21617
	 Multiplicative Factor: 0%
	 Eff: 27855,3
	 DR Bracket: 1
	 Base: 9%
	 Effective Percent: 39,79%
	 Crit Inc Heal: 2
	 Crit Inc Damage: 2
Haste
	 Rating: 18285
	 Multiplicative Factor: 0%
	 Eff: 27556,35
	 DR Bracket: 0
	 Base: 11%
	 Effective Percent: 41,75%
Vers
	 Rating: 10608
	 Multiplicative Factor: 0%
	 Eff: 10608
	 DR Bracket: 0
	 Base: 0%
	 Effective Percent: 13,6%
Leech
	 Rating: 3978
	 Multiplicative Factor: 0%
	 Eff: 3978
	 DR Bracket: 0
	 Base: 0%
	 Effective Percent: 3,9%
Avoidance
	 Rating: 0
	 Multiplicative Factor: 0%
	 Eff: 0
	 DR Bracket: 0
	 Base: 0%
	 Effective Percent: 0%
Mastery
	 Rating: 12252
	 Multiplicative Factor: 0%
	 Eff: 22052
	 DR Bracket: 0
	 Base: 21%
	 Effective Percent: 47,25%
----------------------
05:42,118

Intellect
	 Rating: 143666
	 Multiplicative Factor: 12,48%
	 Eff: 143665,99999999994
Stamina
	 Rating: 878116
	 Multiplicative Factor: 11,3%
	 Eff: 878115,9999999999
Crit
	 Rating: 21617
	 Multiplicative Factor: 0%
	 Eff: 27855,3
	 DR Bracket: 1
	 Base: 9%
	 Effective Percent: 39,79%
	 Crit Inc Heal: 2
	 Crit Inc Damage: 2
Haste
	 Rating: 18285
	 Multiplicative Factor: 0%
	 Eff: 25870,65
	 DR Bracket: 0
	 Base: 9%
	 Effective Percent: 39,2%
Vers
	 Rating: 10608
	 Multiplicative Factor: 0%
	 Eff: 10608
	 DR Bracket: 0
	 Base: 0%
	 Effective Percent: 13,6%
Leech
	 Rating: 3978
	 Multiplicative Factor: 0%
	 Eff: 3978
	 DR Bracket: 0
	 Base: 0%
	 Effective Percent: 3,9%
Avoidance
	 Rating: 0
	 Multiplicative Factor: 0%
	 Eff: 0
	 DR Bracket: 0
	 Base: 0%
	 Effective Percent: 0%
Mastery
	 Rating: 12252
	 Multiplicative Factor: 0%
	 Eff: 22052
	 DR Bracket: 0
	 Base: 21%
	 Effective Percent: 47,25%
----------------------
05:47,142

Intellect
	 Rating: 143666
	 Multiplicative Factor: 12,48%
	 Eff: 143665,99999999994
Stamina
	 Rating: 878116
	 Multiplicative Factor: 11,3%
	 Eff: 878115,9999999999
Crit
	 Rating: 21617
	 Multiplicative Factor: 0%
	 Eff: 27855,3
	 DR Bracket: 1
	 Base: 9%
	 Effective Percent: 39,79%
	 Crit Inc Heal: 2
	 Crit Inc Damage: 2
Haste
	 Rating: 18285
	 Multiplicative Factor: 0%
	 Eff: 24184,95
	 DR Bracket: 0
	 Base: 7%
	 Effective Percent: 36,64%
Vers
	 Rating: 10608
	 Multiplicative Factor: 0%
	 Eff: 10608
	 DR Bracket: 0
	 Base: 0%
	 Effective Percent: 13,6%
Leech
	 Rating: 3978
	 Multiplicative Factor: 0%
	 Eff: 3978
	 DR Bracket: 0
	 Base: 0%
	 Effective Percent: 3,9%
Avoidance
	 Rating: 0
	 Multiplicative Factor: 0%
	 Eff: 0
	 DR Bracket: 0
	 Base: 0%
	 Effective Percent: 0%
Mastery
	 Rating: 12252
	 Multiplicative Factor: 0%
	 Eff: 22052
	 DR Bracket: 0
	 Base: 21%
	 Effective Percent: 47,25%
----------------------
05:52,378

Intellect
	 Rating: 143666
	 Multiplicative Factor: 12,48%
	 Eff: 143665,99999999994
Stamina
	 Rating: 878116
	 Multiplicative Factor: 11,3%
	 Eff: 878115,9999999999
Crit
	 Rating: 21617
	 Multiplicative Factor: 0%
	 Eff: 27855,3
	 DR Bracket: 1
	 Base: 9%
	 Effective Percent: 39,79%
	 Crit Inc Heal: 2
	 Crit Inc Damage: 2
Haste
	 Rating: 18285
	 Multiplicative Factor: 0%
	 Eff: 22499,25
	 DR Bracket: 0
	 Base: 5%
	 Effective Percent: 34,09%
Vers
	 Rating: 10608
	 Multiplicative Factor: 0%
	 Eff: 10608
	 DR Bracket: 0
	 Base: 0%
	 Effective Percent: 13,6%
Leech
	 Rating: 3978
	 Multiplicative Factor: 0%
	 Eff: 3978
	 DR Bracket: 0
	 Base: 0%
	 Effective Percent: 3,9%
Avoidance
	 Rating: 0
	 Multiplicative Factor: 0%
	 Eff: 0
	 DR Bracket: 0
	 Base: 0%
	 Effective Percent: 0%
Mastery
	 Rating: 12252
	 Multiplicative Factor: 0%
	 Eff: 22052
	 DR Bracket: 0
	 Base: 21%
	 Effective Percent: 47,25%
----------------------
05:57,382

Intellect
	 Rating: 143666
	 Multiplicative Factor: 12,48%
	 Eff: 143665,99999999994
Stamina
	 Rating: 878116
	 Multiplicative Factor: 11,3%
	 Eff: 878115,9999999999
Crit
	 Rating: 21617
	 Multiplicative Factor: 0%
	 Eff: 27855,3
	 DR Bracket: 1
	 Base: 9%
	 Effective Percent: 39,79%
	 Crit Inc Heal: 2
	 Crit Inc Damage: 2
Haste
	 Rating: 18285
	 Multiplicative Factor: 0%
	 Eff: 19127,85
	 DR Bracket: 0
	 Base: 1%
	 Effective Percent: 28,98%
Vers
	 Rating: 10608
	 Multiplicative Factor: 0%
	 Eff: 10608
	 DR Bracket: 0
	 Base: 0%
	 Effective Percent: 13,6%
Leech
	 Rating: 3978
	 Multiplicative Factor: 0%
	 Eff: 3978
	 DR Bracket: 0
	 Base: 0%
	 Effective Percent: 3,9%
Avoidance
	 Rating: 0
	 Multiplicative Factor: 0%
	 Eff: 0
	 DR Bracket: 0
	 Base: 0%
	 Effective Percent: 0%
Mastery
	 Rating: 12252
	 Multiplicative Factor: 0%
	 Eff: 22052
	 DR Bracket: 0
	 Base: 21%
	 Effective Percent: 47,25%
----------------------
06:02,391

Intellect
	 Rating: 143666
	 Multiplicative Factor: 12,48%
	 Eff: 143665,99999999994
Stamina
	 Rating: 878116
	 Multiplicative Factor: 11,3%
	 Eff: 878115,9999999999
Crit
	 Rating: 27602
	 Multiplicative Factor: 0%
	 Eff: 33241,68901479505
	 DR Bracket: 1
	 Base: 9%
	 Effective Percent: 47,49%
	 Crit Inc Heal: 2
	 Crit Inc Damage: 2
Haste
	 Rating: 18285
	 Multiplicative Factor: 0%
	 Eff: 24184,95
	 DR Bracket: 0
	 Base: 7%
	 Effective Percent: 36,64%
Vers
	 Rating: 10608
	 Multiplicative Factor: 0%
	 Eff: 10608
	 DR Bracket: 0
	 Base: 0%
	 Effective Percent: 13,6%
Leech
	 Rating: 3978
	 Multiplicative Factor: 0%
	 Eff: 3978
	 DR Bracket: 0
	 Base: 0%
	 Effective Percent: 3,9%
Avoidance
	 Rating: 0
	 Multiplicative Factor: 0%
	 Eff: 0
	 DR Bracket: 0
	 Base: 0%
	 Effective Percent: 0%
Mastery
	 Rating: 12252
	 Multiplicative Factor: 0%
	 Eff: 22052
	 DR Bracket: 0
	 Base: 21%
	 Effective Percent: 47,25%
----------------------
06:07,395

Intellect
	 Rating: 143666
	 Multiplicative Factor: 12,48%
	 Eff: 143665,99999999994
Stamina
	 Rating: 878116
	 Multiplicative Factor: 11,3%
	 Eff: 878115,9999999999
Crit
	 Rating: 33587
	 Multiplicative Factor: 0%
	 Eff: 48569,40269296897
	 DR Bracket: 2
	 Base: 24%
	 Effective Percent: 69,38%
	 Crit Inc Heal: 2
	 Crit Inc Damage: 2
Haste
	 Rating: 18285
	 Multiplicative Factor: 0%
	 Eff: 26713,5
	 DR Bracket: 0
	 Base: 10%
	 Effective Percent: 40,48%
Vers
	 Rating: 10608
	 Multiplicative Factor: 0%
	 Eff: 10608
	 DR Bracket: 0
	 Base: 0%
	 Effective Percent: 13,6%
Leech
	 Rating: 3978
	 Multiplicative Factor: 0%
	 Eff: 3978
	 DR Bracket: 0
	 Base: 0%
	 Effective Percent: 3,9%
Avoidance
	 Rating: 0
	 Multiplicative Factor: 0%
	 Eff: 0
	 DR Bracket: 0
	 Base: 0%
	 Effective Percent: 0%
Mastery
	 Rating: 12252
	 Multiplicative Factor: 0%
	 Eff: 22052
	 DR Bracket: 0
	 Base: 21%
	 Effective Percent: 47,25%
----------------------
06:12,395

Intellect
	 Rating: 143666
	 Multiplicative Factor: 12,48%
	 Eff: 143665,99999999994
Stamina
	 Rating: 878116
	 Multiplicative Factor: 11,3%
	 Eff: 878115,9999999999
Crit
	 Rating: 27602
	 Multiplicative Factor: 0%
	 Eff: 43741,68901479505
	 DR Bracket: 1
	 Base: 24%
	 Effective Percent: 62,49%
	 Crit Inc Heal: 2
	 Crit Inc Damage: 2
Haste
	 Rating: 18285
	 Multiplicative Factor: 0%
	 Eff: 24184,95
	 DR Bracket: 0
	 Base: 7%
	 Effective Percent: 36,64%
Vers
	 Rating: 10608
	 Multiplicative Factor: 0%
	 Eff: 10608
	 DR Bracket: 0
	 Base: 0%
	 Effective Percent: 13,6%
Leech
	 Rating: 3978
	 Multiplicative Factor: 0%
	 Eff: 3978
	 DR Bracket: 0
	 Base: 0%
	 Effective Percent: 3,9%
Avoidance
	 Rating: 0
	 Multiplicative Factor: 0%
	 Eff: 0
	 DR Bracket: 0
	 Base: 0%
	 Effective Percent: 0%
Mastery
	 Rating: 12252
	 Multiplicative Factor: 0%
	 Eff: 22052
	 DR Bracket: 0
	 Base: 21%
	 Effective Percent: 47,25%
----------------------
06:17,574

Intellect
	 Rating: 143666
	 Multiplicative Factor: 12,48%
	 Eff: 143665,99999999994
Stamina
	 Rating: 878116
	 Multiplicative Factor: 11,3%
	 Eff: 878115,9999999999
Crit
	 Rating: 27602
	 Multiplicative Factor: 0%
	 Eff: 33241,68901479505
	 DR Bracket: 1
	 Base: 9%
	 Effective Percent: 47,49%
	 Crit Inc Heal: 2
	 Crit Inc Damage: 2
Haste
	 Rating: 18285
	 Multiplicative Factor: 0%
	 Eff: 24184,95
	 DR Bracket: 0
	 Base: 7%
	 Effective Percent: 36,64%
Vers
	 Rating: 10608
	 Multiplicative Factor: 0%
	 Eff: 10608
	 DR Bracket: 0
	 Base: 0%
	 Effective Percent: 13,6%
Leech
	 Rating: 3978
	 Multiplicative Factor: 0%
	 Eff: 3978
	 DR Bracket: 0
	 Base: 0%
	 Effective Percent: 3,9%
Avoidance
	 Rating: 0
	 Multiplicative Factor: 0%
	 Eff: 0
	 DR Bracket: 0
	 Base: 0%
	 Effective Percent: 0%
Mastery
	 Rating: 12252
	 Multiplicative Factor: 0%
	 Eff: 22052
	 DR Bracket: 0
	 Base: 21%
	 Effective Percent: 47,25%
----------------------
06:22,581

Intellect
	 Rating: 143666
	 Multiplicative Factor: 12,48%
	 Eff: 143665,99999999994
Stamina
	 Rating: 878116
	 Multiplicative Factor: 11,3%
	 Eff: 878115,9999999999
Crit
	 Rating: 27602
	 Multiplicative Factor: 0%
	 Eff: 33241,68901479505
	 DR Bracket: 1
	 Base: 9%
	 Effective Percent: 47,49%
	 Crit Inc Heal: 2
	 Crit Inc Damage: 2
Haste
	 Rating: 18285
	 Multiplicative Factor: 0%
	 Eff: 24184,95
	 DR Bracket: 0
	 Base: 7%
	 Effective Percent: 36,64%
Vers
	 Rating: 10608
	 Multiplicative Factor: 0%
	 Eff: 10608
	 DR Bracket: 0
	 Base: 0%
	 Effective Percent: 13,6%
Leech
	 Rating: 3978
	 Multiplicative Factor: 0%
	 Eff: 3978
	 DR Bracket: 0
	 Base: 0%
	 Effective Percent: 3,9%
Avoidance
	 Rating: 0
	 Multiplicative Factor: 0%
	 Eff: 0
	 DR Bracket: 0
	 Base: 0%
	 Effective Percent: 0%
Mastery
	 Rating: 12252
	 Multiplicative Factor: 0%
	 Eff: 22052
	 DR Bracket: 0
	 Base: 21%
	 Effective Percent: 47,25%
----------------------
06:27,607

Intellect
	 Rating: 143666
	 Multiplicative Factor: 12,48%
	 Eff: 143665,99999999994
Stamina
	 Rating: 878116
	 Multiplicative Factor: 11,3%
	 Eff: 878115,9999999999
Crit
	 Rating: 21617
	 Multiplicative Factor: 0%
	 Eff: 27855,3
	 DR Bracket: 1
	 Base: 9%
	 Effective Percent: 39,79%
	 Crit Inc Heal: 2
	 Crit Inc Damage: 2
Haste
	 Rating: 18285
	 Multiplicative Factor: 0%
	 Eff: 24184,95
	 DR Bracket: 0
	 Base: 7%
	 Effective Percent: 36,64%
Vers
	 Rating: 10608
	 Multiplicative Factor: 0%
	 Eff: 10608
	 DR Bracket: 0
	 Base: 0%
	 Effective Percent: 13,6%
Leech
	 Rating: 3978
	 Multiplicative Factor: 0%
	 Eff: 3978
	 DR Bracket: 0
	 Base: 0%
	 Effective Percent: 3,9%
Avoidance
	 Rating: 0
	 Multiplicative Factor: 0%
	 Eff: 0
	 DR Bracket: 0
	 Base: 0%
	 Effective Percent: 0%
Mastery
	 Rating: 12252
	 Multiplicative Factor: 0%
	 Eff: 22052
	 DR Bracket: 0
	 Base: 21%
	 Effective Percent: 47,25%
----------------------
06:32,614

Intellect
	 Rating: 143666
	 Multiplicative Factor: 12,48%
	 Eff: 143665,99999999994
Stamina
	 Rating: 878116
	 Multiplicative Factor: 11,3%
	 Eff: 878115,9999999999
Crit
	 Rating: 21617
	 Multiplicative Factor: 0%
	 Eff: 27855,3
	 DR Bracket: 1
	 Base: 9%
	 Effective Percent: 39,79%
	 Crit Inc Heal: 2
	 Crit Inc Damage: 2
Haste
	 Rating: 18285
	 Multiplicative Factor: 0%
	 Eff: 24184,95
	 DR Bracket: 0
	 Base: 7%
	 Effective Percent: 36,64%
Vers
	 Rating: 10608
	 Multiplicative Factor: 0%
	 Eff: 10608
	 DR Bracket: 0
	 Base: 0%
	 Effective Percent: 13,6%
Leech
	 Rating: 3978
	 Multiplicative Factor: 0%
	 Eff: 3978
	 DR Bracket: 0
	 Base: 0%
	 Effective Percent: 3,9%
Avoidance
	 Rating: 0
	 Multiplicative Factor: 0%
	 Eff: 0
	 DR Bracket: 0
	 Base: 0%
	 Effective Percent: 0%
Mastery
	 Rating: 12252
	 Multiplicative Factor: 0%
	 Eff: 22052
	 DR Bracket: 0
	 Base: 21%
	 Effective Percent: 47,25%
----------------------
06:37,735

Intellect
	 Rating: 143666
	 Multiplicative Factor: 12,48%
	 Eff: 143665,99999999994
Stamina
	 Rating: 878116
	 Multiplicative Factor: 11,3%
	 Eff: 878115,9999999999
Crit
	 Rating: 21617
	 Multiplicative Factor: 0%
	 Eff: 38355,3
	 DR Bracket: 1
	 Base: 24%
	 Effective Percent: 54,79%
	 Crit Inc Heal: 2
	 Crit Inc Damage: 2
Haste
	 Rating: 18285
	 Multiplicative Factor: 0%
	 Eff: 32613,45
	 DR Bracket: 0
	 Base: 17%
	 Effective Percent: 49,41%
Vers
	 Rating: 10608
	 Multiplicative Factor: 0%
	 Eff: 10608
	 DR Bracket: 0
	 Base: 0%
	 Effective Percent: 13,6%
Leech
	 Rating: 3978
	 Multiplicative Factor: 0%
	 Eff: 3978
	 DR Bracket: 0
	 Base: 0%
	 Effective Percent: 3,9%
Avoidance
	 Rating: 0
	 Multiplicative Factor: 0%
	 Eff: 0
	 DR Bracket: 0
	 Base: 0%
	 Effective Percent: 0%
Mastery
	 Rating: 12252
	 Multiplicative Factor: 0%
	 Eff: 22052
	 DR Bracket: 0
	 Base: 21%
	 Effective Percent: 47,25%
----------------------
06:42,751

Intellect
	 Rating: 143666
	 Multiplicative Factor: 12,48%
	 Eff: 143665,99999999994
Stamina
	 Rating: 878116
	 Multiplicative Factor: 11,3%
	 Eff: 878115,9999999999
Crit
	 Rating: 21617
	 Multiplicative Factor: 0%
	 Eff: 38355,3
	 DR Bracket: 1
	 Base: 24%
	 Effective Percent: 54,79%
	 Crit Inc Heal: 2
	 Crit Inc Damage: 2
Haste
	 Rating: 18285
	 Multiplicative Factor: 0%
	 Eff: 30927,75
	 DR Bracket: 0
	 Base: 15%
	 Effective Percent: 46,86%
Vers
	 Rating: 10608
	 Multiplicative Factor: 0%
	 Eff: 10608
	 DR Bracket: 0
	 Base: 0%
	 Effective Percent: 13,6%
Leech
	 Rating: 3978
	 Multiplicative Factor: 0%
	 Eff: 3978
	 DR Bracket: 0
	 Base: 0%
	 Effective Percent: 3,9%
Avoidance
	 Rating: 0
	 Multiplicative Factor: 0%
	 Eff: 0
	 DR Bracket: 0
	 Base: 0%
	 Effective Percent: 0%
Mastery
	 Rating: 12252
	 Multiplicative Factor: 0%
	 Eff: 22052
	 DR Bracket: 0
	 Base: 21%
	 Effective Percent: 47,25%
----------------------
06:47,765

Intellect
	 Rating: 143666
	 Multiplicative Factor: 12,48%
	 Eff: 143665,99999999994
Stamina
	 Rating: 878116
	 Multiplicative Factor: 11,3%
	 Eff: 878115,9999999999
Crit
	 Rating: 21617
	 Multiplicative Factor: 0%
	 Eff: 38355,3
	 DR Bracket: 1
	 Base: 24%
	 Effective Percent: 54,79%
	 Crit Inc Heal: 2
	 Crit Inc Damage: 2
Haste
	 Rating: 18285
	 Multiplicative Factor: 0%
	 Eff: 22499,25
	 DR Bracket: 0
	 Base: 5%
	 Effective Percent: 34,09%
Vers
	 Rating: 10608
	 Multiplicative Factor: 0%
	 Eff: 10608
	 DR Bracket: 0
	 Base: 0%
	 Effective Percent: 13,6%
Leech
	 Rating: 3978
	 Multiplicative Factor: 0%
	 Eff: 3978
	 DR Bracket: 0
	 Base: 0%
	 Effective Percent: 3,9%
Avoidance
	 Rating: 0
	 Multiplicative Factor: 0%
	 Eff: 0
	 DR Bracket: 0
	 Base: 0%
	 Effective Percent: 0%
Mastery
	 Rating: 12252
	 Multiplicative Factor: 0%
	 Eff: 22052
	 DR Bracket: 0
	 Base: 21%
	 Effective Percent: 47,25%
----------------------
06:52,971

Intellect
	 Rating: 143666
	 Multiplicative Factor: 12,48%
	 Eff: 143665,99999999994
Stamina
	 Rating: 878116
	 Multiplicative Factor: 11,3%
	 Eff: 878115,9999999999
Crit
	 Rating: 21617
	 Multiplicative Factor: 0%
	 Eff: 27855,3
	 DR Bracket: 1
	 Base: 9%
	 Effective Percent: 39,79%
	 Crit Inc Heal: 2
	 Crit Inc Damage: 2
Haste
	 Rating: 18285
	 Multiplicative Factor: 0%
	 Eff: 22499,25
	 DR Bracket: 0
	 Base: 5%
	 Effective Percent: 34,09%
Vers
	 Rating: 10608
	 Multiplicative Factor: 0%
	 Eff: 10608
	 DR Bracket: 0
	 Base: 0%
	 Effective Percent: 13,6%
Leech
	 Rating: 3978
	 Multiplicative Factor: 0%
	 Eff: 3978
	 DR Bracket: 0
	 Base: 0%
	 Effective Percent: 3,9%
Avoidance
	 Rating: 0
	 Multiplicative Factor: 0%
	 Eff: 0
	 DR Bracket: 0
	 Base: 0%
	 Effective Percent: 0%
Mastery
	 Rating: 12252
	 Multiplicative Factor: 0%
	 Eff: 22052
	 DR Bracket: 0
	 Base: 21%
	 Effective Percent: 47,25%
----------------------
06:58,007

Intellect
	 Rating: 143666
	 Multiplicative Factor: 12,48%
	 Eff: 143665,99999999994
Stamina
	 Rating: 878116
	 Multiplicative Factor: 11,3%
	 Eff: 878115,9999999999
Crit
	 Rating: 27602
	 Multiplicative Factor: 0%
	 Eff: 33241,68901479505
	 DR Bracket: 1
	 Base: 9%
	 Effective Percent: 47,49%
	 Crit Inc Heal: 2
	 Crit Inc Damage: 2
Haste
	 Rating: 18285
	 Multiplicative Factor: 0%
	 Eff: 25870,65
	 DR Bracket: 0
	 Base: 9%
	 Effective Percent: 39,2%
Vers
	 Rating: 10608
	 Multiplicative Factor: 0%
	 Eff: 10608
	 DR Bracket: 0
	 Base: 0%
	 Effective Percent: 13,6%
Leech
	 Rating: 3978
	 Multiplicative Factor: 0%
	 Eff: 3978
	 DR Bracket: 0
	 Base: 0%
	 Effective Percent: 3,9%
Avoidance
	 Rating: 0
	 Multiplicative Factor: 0%
	 Eff: 0
	 DR Bracket: 0
	 Base: 0%
	 Effective Percent: 0%
Mastery
	 Rating: 12252
	 Multiplicative Factor: 0%
	 Eff: 22052
	 DR Bracket: 0
	 Base: 21%
	 Effective Percent: 47,25%
----------------------
07:03,037

Intellect
	 Rating: 143666
	 Multiplicative Factor: 12,48%
	 Eff: 143665,99999999994
Stamina
	 Rating: 878116
	 Multiplicative Factor: 11,3%
	 Eff: 878115,9999999999
Crit
	 Rating: 27602
	 Multiplicative Factor: 0%
	 Eff: 43741,68901479505
	 DR Bracket: 1
	 Base: 24%
	 Effective Percent: 62,49%
	 Crit Inc Heal: 2
	 Crit Inc Damage: 2
Haste
	 Rating: 18285
	 Multiplicative Factor: 0%
	 Eff: 27556,35
	 DR Bracket: 0
	 Base: 11%
	 Effective Percent: 41,75%
Vers
	 Rating: 10608
	 Multiplicative Factor: 0%
	 Eff: 10608
	 DR Bracket: 0
	 Base: 0%
	 Effective Percent: 13,6%
Leech
	 Rating: 3978
	 Multiplicative Factor: 0%
	 Eff: 3978
	 DR Bracket: 0
	 Base: 0%
	 Effective Percent: 3,9%
Avoidance
	 Rating: 0
	 Multiplicative Factor: 0%
	 Eff: 0
	 DR Bracket: 0
	 Base: 0%
	 Effective Percent: 0%
Mastery
	 Rating: 12252
	 Multiplicative Factor: 0%
	 Eff: 22052
	 DR Bracket: 0
	 Base: 21%
	 Effective Percent: 47,25%
