-----------
A Just Reward
-----------
Avenging Crusader
-----------
Avenging Wrath
-----------
Aura Mastery
-----------
Barrier of Faith
-----------
Beacon of Faith
-----------
Beacon of Light
	Eff: 3222,900038517919
-----------
Beacon of Virtue
-----------
Bestow Light
	Eff: 29,717806010965433
-----------
Blessing of Freedom
-----------
Blessing of Protection
-----------
Blinding Light
-----------
Cleanse
-----------
Consecration
-----------
Consecration Aura
-----------
Crusader Strike
-----------
Dawnlight
	Eff: 5363,428536315884
-----------
Divine Shield
-----------
DivineGuidance
-----------
Divine Toll
-----------
Eternal Flame
	Eff: 4056,513772382253
-----------
Eye for an Eye
-----------
Flash of Light
	Eff: 1510,7954789131181
-----------
Forge's Reckoning
-----------
Golden Path
-----------
Greater Judgment
	Eff: 146,37014005677338
-----------
Hammer and Anvil
-----------
Hammer of Justice
-----------
Hammer of Wrath
-----------
Holy Light
-----------
Holy Prism
	Eff: 1065,9381651559088
	Dmg: 359,37934926059097
-----------
Holy Ritual
	Eff: 26,50234180145344
-----------
Holy Shock
	Eff: 4476,129313845939
	Dmg: 15,408365027513355
-----------
Intercession
-----------
Judgment
	Dmg: 331,8252733987756
-----------
Judgment of Light
-----------
Lay on Hands
	Eff: -1,862645149230957E-09
-----------
Lesser Weapon
-----------
Light of Dawn
	Eff: 3391,269299027328
-----------
Light of the Martyr
-----------
Merciful Auras
-----------
Overflowing Light
	Eff: 967,8445721000617
-----------
Pillar of Lights (Passive)
-----------
Pillar of Lights
-----------
Radiant Aura
-----------
Repentance
-----------
Resplendent Light
-----------
Rite of Adjuration
-----------
Sacred Word
-----------
Sacred Weapon
-----------
Saved by the Light
	Eff: 518,7248185801436
-----------
Seal of the Crusader
	Eff: 63,554109720367705
-----------
Selfless Healer
	Eff: 174,56405542934954
-----------
Shield of the Righteous
-----------
Shining Righteousness
-----------
Sun's Avatar
	Eff: 1314,221947730731
	Dmg: 37,33639554432011
-----------
Sun Sear
	Eff: 1212,4659135426673
-----------
Truth Prevails
	Eff: 266,1449562389025
-----------
Turn Evil
-----------
Tyr's Deliverance
-----------
Veneration
-----------
Word of Glory
-----------
Leech
	Eff: 1115,664135743754
-----------
Blessing of Summer
	Eff: 5,044022367546859
	Dmg: 509,77425650490113
-----------
Holy Bulwark
-----------
ZeroCIMDummy
-----------
Lightforged Blessing
-----------
Lightbearer
	Eff: -2,6477366348074156
-----------
Voidglass Barrier
	Eff: 1254,7060841699295
-----------
Divine Protection
-----------
Melee
	Dmg: 81,99647883341822
-----------
Authority of Fiery Resolve
	Eff: -16,612897400918882
-----------
Divine Steed
-----------
Ethereal Reconstitution
	Eff: 591,3981175311637
-----------
Ethereal Guard
	Eff: 1933,7812362467012
-----------
Blessing of Autumn
-----------
Blessing of Winter
-----------
Blessing of Spring
-----------
Algari Mana Potion
-----------
Blessing of Sacrifice
